Java HotSpot(TM) 64-Bit Server VM (25.333-b02) for bsd-amd64 JRE (1.8.0_333-b02), built on Apr 26 2022 06:41:53 by "java_re" with gcc 4.2.1 Compatible Apple LLVM 11.0.0 (clang-1100.0.33.17)
Memory: 4k page, physical 16777216k(617720k free)

/proc/meminfo:

CommandLine flags: -XX:-BytecodeVerificationLocal -XX:-BytecodeVerificationRemote -XX:InitialHeapSize=268435456 -XX:+ManagementServer -XX:MaxHeapSize=4294967296 -XX:+PrintGC -XX:+PrintGCApplicationStoppedTime -XX:+PrintGCDateStamps -XX:+PrintGCDetails -XX:+PrintGCTimeStamps -XX:+PrintHeapAtGC -XX:+PrintSafepointStatistics -XX:PrintSafepointStatisticsCount=1 -XX:TieredStopAtLevel=1 -XX:+UnlockExperimentalVMOptions -XX:+UseCGroupMemoryLimitForHeap -XX:+UseCompressedClassPointers -XX:+UseCompressedOops -XX:+UseParallelGC 
2022-06-28T09:54:35.507-0800: 0.292: Total time for which application threads were stopped: 0.0001103 seconds, Stopping threads took: 0.0000105 seconds
2022-06-28T09:54:35.508-0800: 0.293: Total time for which application threads were stopped: 0.0000894 seconds, Stopping threads took: 0.0000076 seconds
2022-06-28T09:54:36.512-0800: 1.297: Total time for which application threads were stopped: 0.0000700 seconds, Stopping threads took: 0.0000237 seconds
2022-06-28T09:54:40.580-0800: 5.365: Total time for which application threads were stopped: 0.0000995 seconds, Stopping threads took: 0.0000098 seconds
2022-06-28T09:54:40.582-0800: 5.367: Total time for which application threads were stopped: 0.0000729 seconds, Stopping threads took: 0.0000073 seconds
2022-06-28T09:54:40.663-0800: 5.448: Total time for which application threads were stopped: 0.0002133 seconds, Stopping threads took: 0.0000118 seconds
2022-06-28T09:54:40.708-0800: 5.493: Total tim/: 0.0000246 seconds
2022-06-28T09:54:40.875-0800: 5.660: Total time for which application threads were stopped: 0.0001514 seconds, Stopping threads took: 0.0000112 seconds
2022-06-28T09:54:41.880-0800: 6.665: Total time for which application threads were stopped: 0.0002624 seconds, Stopping threads took: 0.0000498 seconds
2022-06-28T09:54:44.628-0800: 9.412: Total time for which application threads were stopped: 0.0004258 seconds, Stopping threads took: 0.0000441 seconds
2022-06-28T09:54:44.846-0800: 9.631: Total time for which application threads were stopped: 0.0001505 seconds, Stopping threads took: 0.0000331 seconds
2022-06-28T09:54:45.354-0800: 10.139: Total time for which application threads were stopped: 0.0001477 seconds, Stopping threads took: 0.0000426 seconds
{Heap before GC invocations=1 (full 0):
 PSYoungGen      total 76288K, used 65536K [0x000000076ab00000, 0x0000000770000000, 0x00000007c0000000)
  eden space 65536K, 100% used [0x000000076ab00000,0x000000076eb00000,0x000000076eb00000)
  from space 10752K, 0% used [0x000000076f580000,0x000000076f580000,0x0000000770000000)
  to   space 10752K, 0% used [0x000000076eb00000,0x000000076eb00000,0x000000076f580000)
 ParOldGen       total 175104K, used 0K [0x00000006c0000000, 0x00000006cab00000, 0x000000076ab00000)
  object space 175104K, 0% used [0x00000006c0000000,0x00000006c0000000,0x00000006cab00000)
 Metaspace       used 13528K, capacity 14018K, committed 14208K, reserved 1060864K
  class space    used 1732K, capacity 1863K, committed 1920K, reserved 1048576K
2022-06-28T09:54:45.863-0800: 10.648: [GC (Allocation Failure) [PSYoungGen: 65536K->6676K(76288K)] 65536K->6692K(251392K), 0.0115210 secs] [Times: user=0.04 sys=0.01, real=0.01 secs] 
Heap after GC invocations=1 (full 0):
 PSYoungGen      total 76288K, used 6676K [0x000000076ab00000, 0x0000000770000000, 0x00000007c0000000)
  eden space 65536K, 0% used [0x000000076ab00000,0x000000076ab00000,0x000000076eb00000)
  from space 10752K, 62% used [0x000000076eb00000,0x000000076f1853c0,0x000000076f580000)
  to   space 10752K, 0% used [0x000000076f580000,0x000000076f580000,0x0000000770000000)
 ParOldGen       total 175104K, used 16K [0x00000006c0000000, 0x00000006cab00000, 0x000000076ab00000)
  object space 175104K, 0% used [0x00000006c0000000,0x00000006c0004000,0x00000006cab00000)
 Metaspace       used 13528K, capacity 14018K, committed 14208K, reserved 1060864K
  class space    used 1732K, capacity 1863K, committed 1920K, reserved 1048576K
}
2022-06-28T09:54:45.875-0800: 10.660: Total time for which application threads were stopped: 0.0122604 seconds, Stopping threads took: 0.0001854 seconds
2022-06-28T09:54:45.881-0800: 10.666: Total time for which application threads were stopped: 0.0001092 seconds, Stopping threads took: 0.0000272 seconds
2022-06-28T09:54:45.989-0800: 10.774: Total time for which application threads were stopped: 0.0002458 seconds, Stopping threads took: 0.0000250 seconds
2022-06-28T09:54:45.995-0800: 10.780: Total time for which application threads were stopped: 0.0001297 seconds, Stopping threads took: 0.0000119 seconds
2022-06-28T09:54:46.033-0800: 10.818: Total time for which application threads were stopped: 0.0001860 seconds, Stopping threads took: 0.0000252 seconds
2022-06-28T09:54:46.035-0800: 10.820: Total time for which application threads were stopped: 0.0001258 seconds, Stopping threads took: 0.0000107 seconds
2022-06-28T09:54:46.056-0800: 10.841: Total time for which application threads were stopped: 0.0000617 seconds, Stopping threads took: 0.0000117 seconds
2022-06-28T09:54:46.063-0800: 10.848: Total time for which application threads were stopped: 0.0000919 seconds, Stopping threads took: 0.0000119 seconds
2022-06-28T09:54:46.063-0800: 10.848: Total time for which application threads were stopped: 0.0000680 seconds, Stopping threads took: 0.0000078 seconds
2022-06-28T09:54:46.073-0800: 10.858: Total time for which application threads were stopped: 0.0000671 seconds, Stopping threads took: 0.0000113 seconds
2022-06-28T09:54:46.393-0800: 11.177: Total time for which application threads were stopped: 0.0001222 seconds, Stopping threads took: 0.0000238 seconds
2022-06-28T09:54:46.903-0800: 11.687: Total time for which application threads were stopped: 0.0001498 seconds, Stopping threads took: 0.0000302 seconds
2022-06-28T09:54:47.415-0800: 12.200: Total time for which application threads were stopped: 0.0001830 seconds, Stopping threads took: 0.0000726 seconds
2022-06-28T09:54:47.929-0800: 12.713: Total time for which application threads were stopped: 0.0002930 seconds, Stopping threads took: 0.0000696 seconds
2022-06-28T09:54:48.446-0800: 13.231: Total time for which application threads were stopped: 0.0001423 seconds, Stopping threads took: 0.0000535 seconds
2022-06-28T09:54:48.960-0800: 13.745: Total time for which application threads were stopped: 0.0001775 seconds, Stopping threads took: 0.0000679 seconds
2022-06-28T09:54:49.473-0800: 14.257: Total time for which application threads were stopped: 0.0002591 seconds, Stopping threads took: 0.0001336 seconds
2022-06-28T09:54:49.983-0800: 14.767: Total time for which application threads were stopped: 0.0001208 seconds, Stopping threads took: 0.0000221 seconds
2022-06-28T09:54:50.492-0800: 15.277: Total time for which application threads were stopped: 0.0001319 seconds, Stopping threads took: 0.0000260 seconds
2022-06-28T09:54:51.004-0800: 15.788: Total time for which application threads were stopped: 0.0002032 seconds, Stopping threads took: 0.0000758 seconds
2022-06-28T09:54:51.040-0800: 15.825: Total time for which application threads were stopped: 0.0001150 seconds, Stopping threads took: 0.0000254 seconds
2022-06-28T09:54:51.040-0800: 15.825: Total time for which application threads were stopped: 0.0001059 seconds, Stopping threads took: 0.0000412 seconds
2022-06-28T09:54:51.513-0800: 16.298: Total time for which application threads were stopped: 0.0002033 seconds, Stopping threads took: 0.0000236 seconds
2022-06-28T09:54:52.026-0800: 16.811: Total time for which application threads were stopped: 0.0001234 seconds, Stopping threads took: 0.0000246 seconds
2022-06-28T09:54:52.536-0800: 17.321: Total time for which application threads were stopped: 0.0001614 seconds, Stopping threads took: 0.0000242 seconds
2022-06-28T09:54:53.048-0800: 17.832: Total time for which application threads were stopped: 0.0001255 seconds, Stopping threads took: 0.0000251 seconds
2022-06-28T09:54:53.556-0800: 18.341: Total time for which application threads were stopped: 0.0001209 seconds, Stopping threads took: 0.0000324 seconds
2022-06-28T09:54:54.065-0800: 18.850: Total time for which application threads were stopped: 0.0001479 seconds, Stopping threads took: 0.0000148 seconds
2022-06-28T09:54:54.568-0800: 19.353: Total time for which application threads were stopped: 0.0000789 seconds, Stopping threads took: 0.0000126 seconds
2022-06-28T09:54:54.569-0800: 19.354: Total time for which application threads were stopped: 0.0000766 seconds, Stopping threads took: 0.0000119 seconds
2022-06-28T09:54:54.570-0800: 19.355: Total time for which application threads were stopped: 0.0000598 seconds, Stopping threads took: 0.0000204 seconds
Heap
 PSYoungGen      total 76288K, used 42916K [0x000000076ab00000, 0x0000000770000000, 0x00000007c0000000)
  eden space 65536K, 55% used [0x000000076ab00000,0x000000076ce64028,0x000000076eb00000)
  from space 10752K, 62% used [0x000000076eb00000,0x000000076f1853c0,0x000000076f580000)
  to   space 10752K, 0% used [0x000000076f580000,0x000000076f580000,0x0000000770000000)
 ParOldGen       total 175104K, used 16K [0x00000006c0000000, 0x00000006cab00000, 0x000000076ab00000)
  object space 175104K, 0% used [0x00000006c0000000,0x00000006c0004000,0x00000006cab00000)
 Metaspace       used 17152K, capacity 17822K, committed 18048K, reserved 1064960K
  class space    used 2211K, capacity 2389K, committed 2432K, reserved 1048576K
