Java HotSpot(TM) 64-Bit Server VM (25.221-b11) for windows-amd64 JRE (1.8.0_221-b11), built on Jul  4 2019 04:39:29 by "java_re" with MS VC++ 10.0 (VS2010)
Memory: 4k page, physical 16644816k(3574404k free), swap 41039712k(11202652k free)
CommandLine flags: -XX:-BytecodeVerificationLocal -XX:-BytecodeVerificationRemote -XX:InitialHeapSize=266317056 -XX:+ManagementServer -XX:MaxHeapSize=524288000 -XX:+PrintGC -XX:+PrintGCDetails -XX:+PrintGCTimeStamps -XX:TieredStopAtLevel=1 -XX:+UseCompressedClassPointers -XX:+UseCompressedOops -XX:-UseLargePagesIndividualAllocation -XX:+UseParallelGC 
3.099: [GC (Allocation Failure) [PSYoungGen: 65024K->8580K(75776K)] 65024K->8596K(249344K), 0.0131430 secs] [Times: user=0.06 sys=0.02, real=0.01 secs] 
3.916: [GC (Metadata GC Threshold) [PSYoungGen: 73475K->10736K(75776K)] 73491K->11001K(249344K), 0.0109275 secs] [Times: user=0.09 sys=0.01, real=0.01 secs] 
3.927: [Full GC (Metadata GC Threshold) [PSYoungGen: 10736K->0K(75776K)] [ParOldGen: 264K->10581K(111616K)] 11001K->10581K(187392K), [Metaspace: 20301K->20299K(1067008K)], 0.0397799 secs] [Times: user=0.19 sys=0.02, real=0.04 secs] 
4.749: [GC (Allocation Failure) [PSYoungGen: 65024K->8255K(75776K)] 75605K->18844K(187392K), 0.0054650 secs] [Times: user=0.00 sys=0.00, real=0.01 secs] 
4.875: [GC (Allocation Failure) [PSYoungGen: 73279K->4596K(104448K)] 83868K->15193K(216064K), 0.0048701 secs] [Times: user=0.00 sys=0.00, real=0.00 secs] 
4.911: [GC (Allocation Failure) [PSYoungGen: 98292K->4116K(104448K)] 108889K->14713K(216064K), 0.0044474 secs] [Times: user=0.00 sys=0.00, real=0.00 secs] 
4.939: [GC (Allocation Failure) [PSYoungGen: 97812K->4084K(157696K)] 108409K->14689K(269312K), 0.0035526 secs] [Times: user=0.00 sys=0.00, real=0.00 secs] 
4.994: [GC (Allocation Failure) [PSYoungGen: 148980K->4116K(157696K)] 159585K->14721K(269312K), 0.0036876 secs] [Times: user=0.11 sys=0.00, real=0.00 secs] 
5.033: [GC (Allocation Failure) [PSYoungGen: 149012K->32K(156672K)] 159617K->14681K(268288K), 0.0035146 secs] [Times: user=0.00 sys=0.00, real=0.00 secs] 
5.070: [GC (Allocation Failure) [PSYoungGen: 143904K->0K(157184K)] 158553K->14681K(268800K), 0.0013431 secs] [Times: user=0.00 sys=0.00, real=0.00 secs] 
5.106: [GC (Allocation Failure) [PSYoungGen: 143872K->0K(157184K)] 158553K->14681K(268800K), 0.0012317 secs] [Times: user=0.00 sys=0.00, real=0.00 secs] 
5.143: [GC (Allocation Failure) [PSYoungGen: 143872K->32K(157184K)] 158553K->14713K(268800K), 0.0014358 secs] [Times: user=0.00 sys=0.00, real=0.00 secs] 
5.183: [GC (Allocation Failure) [PSYoungGen: 143904K->64K(157184K)] 158585K->14745K(268800K), 0.0012101 secs] [Times: user=0.00 sys=0.01, real=0.00 secs] 
5.219: [GC (Allocation Failure) [PSYoungGen: 143936K->0K(144384K)] 158617K->14681K(256000K), 0.0011720 secs] [Times: user=0.00 sys=0.00, real=0.00 secs] 
5.259: [GC (Allocation Failure) [PSYoungGen: 143872K->256K(157184K)] 158553K->14945K(268800K), 0.0014093 secs] [Times: user=0.00 sys=0.00, real=0.00 secs] 
5.295: [GC (Allocation Failure) [PSYoungGen: 144640K->0K(156672K)] 159329K->14745K(268288K), 0.0014726 secs] [Times: user=0.00 sys=0.00, real=0.00 secs] 
5.333: [GC (Allocation Failure) [PSYoungGen: 144384K->0K(157184K)] 159129K->14745K(268800K), 0.0012298 secs] [Times: user=0.00 sys=0.00, real=0.00 secs] 
5.371: [GC (Allocation Failure) [PSYoungGen: 145408K->0K(157184K)] 160153K->14745K(268800K), 0.0015222 secs] [Times: user=0.00 sys=0.00, real=0.00 secs] 
5.409: [GC (Allocation Failure) [PSYoungGen: 145408K->0K(158208K)] 160153K->14745K(269824K), 0.0014435 secs] [Times: user=0.00 sys=0.00, real=0.00 secs] 
5.451: [GC (Allocation Failure) [PSYoungGen: 147456K->0K(158208K)] 162201K->14745K(269824K), 0.0015164 secs] [Times: user=0.00 sys=0.00, real=0.00 secs] 
5.491: [GC (Allocation Failure) [PSYoungGen: 147456K->0K(159232K)] 162201K->14745K(270848K), 0.0014908 secs] [Times: user=0.00 sys=0.00, real=0.00 secs] 
5.533: [GC (Allocation Failure) [PSYoungGen: 149504K->0K(159232K)] 164249K->14745K(270848K), 0.0015418 secs] [Times: user=0.00 sys=0.00, real=0.00 secs] 
5.574: [GC (Allocation Failure) [PSYoungGen: 149504K->0K(160256K)] 164249K->14745K(271872K), 0.0014814 secs] [Times: user=0.00 sys=0.00, real=0.00 secs] 
5.616: [GC (Allocation Failure) [PSYoungGen: 151552K->64K(160256K)] 166297K->14809K(271872K), 0.0012756 secs] [Times: user=0.00 sys=0.00, real=0.00 secs] 
5.657: [GC (Allocation Failure) [PSYoungGen: 151616K->32K(161280K)] 166361K->14777K(272896K), 0.0015758 secs] [Times: user=0.00 sys=0.00, real=0.00 secs] 
5.699: [GC (Allocation Failure) [PSYoungGen: 153632K->0K(161280K)] 168377K->14745K(272896K), 0.0013511 secs] [Times: user=0.00 sys=0.00, real=0.00 secs] 
5.739: [GC (Allocation Failure) [PSYoungGen: 153600K->224K(162304K)] 168345K->14969K(273920K), 0.0015276 secs] [Times: user=0.00 sys=0.00, real=0.00 secs] 
5.782: [GC (Allocation Failure) [PSYoungGen: 155872K->256K(162304K)] 170617K->15057K(273920K), 0.0018225 secs] [Times: user=0.00 sys=0.00, real=0.00 secs] 
5.826: [GC (Allocation Failure) [PSYoungGen: 155904K->32K(163328K)] 170705K->14897K(274944K), 0.0014428 secs] [Times: user=0.00 sys=0.00, real=0.00 secs] 
5.867: [GC (Allocation Failure) [PSYoungGen: 157728K->160K(163328K)] 172593K->15025K(274944K), 0.0016051 secs] [Times: user=0.00 sys=0.00, real=0.00 secs] 
5.908: [GC (Allocation Failure) [PSYoungGen: 157856K->32K(163840K)] 172721K->14929K(275456K), 0.0015702 secs] [Times: user=0.00 sys=0.00, real=0.00 secs] 
5.948: [GC (Allocation Failure) [PSYoungGen: 159264K->32K(164352K)] 174161K->14929K(275968K), 0.0012484 secs] [Times: user=0.00 sys=0.00, real=0.00 secs] 
5.989: [GC (Allocation Failure) [PSYoungGen: 159264K->32K(165376K)] 174161K->14929K(276992K), 0.0013553 secs] [Times: user=0.00 sys=0.00, real=0.00 secs] 
6.031: [GC (Allocation Failure) [PSYoungGen: 160800K->0K(165376K)] 175697K->14897K(276992K), 0.0013819 secs] [Times: user=0.00 sys=0.00, real=0.00 secs] 
6.073: [GC (Allocation Failure) [PSYoungGen: 160768K->0K(165376K)] 175665K->14897K(276992K), 0.0015174 secs] [Times: user=0.00 sys=0.00, real=0.00 secs] 
6.114: [GC (Allocation Failure) [PSYoungGen: 161280K->0K(165376K)] 176177K->14897K(276992K), 0.0015233 secs] [Times: user=0.00 sys=0.00, real=0.00 secs] 
6.155: [GC (Allocation Failure) [PSYoungGen: 161280K->32K(165888K)] 176177K->14929K(277504K), 0.0016589 secs] [Times: user=0.00 sys=0.00, real=0.00 secs] 
6.196: [GC (Allocation Failure) [PSYoungGen: 162336K->64K(165888K)] 177233K->14961K(277504K), 0.0012720 secs] [Times: user=0.00 sys=0.00, real=0.00 secs] 
6.240: [GC (Allocation Failure) [PSYoungGen: 162368K->0K(166400K)] 177265K->14897K(278016K), 0.0017238 secs] [Times: user=0.00 sys=0.00, real=0.00 secs] 
6.281: [GC (Allocation Failure) [PSYoungGen: 163328K->0K(166400K)] 178225K->14897K(278016K), 0.0015371 secs] [Times: user=0.00 sys=0.00, real=0.00 secs] 
6.321: [GC (Allocation Failure) [PSYoungGen: 163323K->0K(166912K)] 178221K->14897K(278528K), 0.0013507 secs] [Times: user=0.00 sys=0.00, real=0.00 secs] 
6.362: [GC (Allocation Failure) [PSYoungGen: 164352K->0K(166912K)] 179249K->14897K(278528K), 0.0014158 secs] [Times: user=0.00 sys=0.00, real=0.00 secs] 
6.403: [GC (Allocation Failure) [PSYoungGen: 164352K->32K(166912K)] 179249K->14929K(278528K), 0.0016312 secs] [Times: user=0.00 sys=0.00, real=0.00 secs] 
6.444: [GC (Allocation Failure) [PSYoungGen: 165406K->0K(167424K)] 180304K->14897K(279040K), 0.0012869 secs] [Times: user=0.00 sys=0.00, real=0.00 secs] 
6.485: [GC (Allocation Failure) [PSYoungGen: 165376K->32K(168448K)] 180273K->14929K(280064K), 0.0012182 secs] [Times: user=0.00 sys=0.00, real=0.00 secs] 
6.531: [GC (Allocation Failure) [PSYoungGen: 166432K->32K(168448K)] 181329K->14929K(280064K), 0.0011944 secs] [Times: user=0.00 sys=0.00, real=0.00 secs] 
6.572: [GC (Allocation Failure) [PSYoungGen: 166432K->0K(167424K)] 181329K->14897K(279040K), 0.0013729 secs] [Times: user=0.02 sys=0.00, real=0.00 secs] 
6.613: [GC (Allocation Failure) [PSYoungGen: 166400K->32K(167936K)] 181297K->14929K(279552K), 0.0012415 secs] [Times: user=0.00 sys=0.00, real=0.00 secs] 
6.654: [GC (Allocation Failure) [PSYoungGen: 166432K->0K(168960K)] 181329K->14897K(280576K), 0.0011904 secs] [Times: user=0.00 sys=0.00, real=0.00 secs] 
6.696: [GC (Allocation Failure) [PSYoungGen: 167424K->0K(168960K)] 182321K->14897K(280576K), 0.0012935 secs] [Times: user=0.00 sys=0.00, real=0.00 secs] 
6.738: [GC (Allocation Failure) [PSYoungGen: 167424K->32K(168960K)] 182321K->14929K(280576K), 0.0014509 secs] [Times: user=0.00 sys=0.00, real=0.00 secs] 
6.779: [GC (Allocation Failure) [PSYoungGen: 167456K->0K(167936K)] 182353K->14897K(279552K), 0.0012640 secs] [Times: user=0.00 sys=0.00, real=0.00 secs] 
6.818: [GC (Allocation Failure) [PSYoungGen: 167424K->0K(168448K)] 182321K->14897K(280064K), 0.0015778 secs] [Times: user=0.00 sys=0.00, real=0.00 secs] 
6.858: [GC (Allocation Failure) [PSYoungGen: 167424K->128K(168448K)] 182321K->15025K(280064K), 0.0013437 secs] [Times: user=0.00 sys=0.00, real=0.00 secs] 
6.897: [GC (Allocation Failure) [PSYoungGen: 167552K->0K(169472K)] 182449K->14913K(281088K), 0.0015303 secs] [Times: user=0.00 sys=0.00, real=0.00 secs] 
6.938: [GC (Allocation Failure) [PSYoungGen: 168448K->32K(169472K)] 183361K->14945K(281088K), 0.0012142 secs] [Times: user=0.00 sys=0.00, real=0.00 secs] 
6.978: [GC (Allocation Failure) [PSYoungGen: 168480K->0K(169472K)] 183393K->14913K(281088K), 0.0017632 secs] [Times: user=0.01 sys=0.00, real=0.00 secs] 
7.022: [GC (Allocation Failure) [PSYoungGen: 168448K->32K(169472K)] 183361K->14945K(281088K), 0.0015539 secs] [Times: user=0.00 sys=0.00, real=0.00 secs] 
7.063: [GC (Allocation Failure) [PSYoungGen: 168480K->0K(169472K)] 183393K->14913K(281088K), 0.0014508 secs] [Times: user=0.00 sys=0.00, real=0.00 secs] 
7.102: [GC (Allocation Failure) [PSYoungGen: 168448K->0K(169472K)] 183361K->14913K(281088K), 0.0014249 secs] [Times: user=0.00 sys=0.00, real=0.00 secs] 
7.145: [GC (Allocation Failure) [PSYoungGen: 168448K->32K(169472K)] 183361K->14945K(281088K), 0.0014206 secs] [Times: user=0.00 sys=0.00, real=0.00 secs] 
7.186: [GC (Allocation Failure) [PSYoungGen: 168992K->0K(169472K)] 183905K->14913K(281088K), 0.0013218 secs] [Times: user=0.00 sys=0.00, real=0.00 secs] 
7.226: [GC (Allocation Failure) [PSYoungGen: 168960K->0K(169984K)] 183873K->14913K(281600K), 0.0014477 secs] [Times: user=0.00 sys=0.00, real=0.00 secs] 
7.266: [GC (Allocation Failure) [PSYoungGen: 169472K->0K(169984K)] 184385K->14913K(281600K), 0.0013163 secs] [Times: user=0.00 sys=0.00, real=0.00 secs] 
7.307: [GC (Allocation Failure) [PSYoungGen: 169472K->0K(169984K)] 184385K->14913K(281600K), 0.0014539 secs] [Times: user=0.00 sys=0.02, real=0.00 secs] 
7.347: [GC (Allocation Failure) [PSYoungGen: 169472K->0K(169984K)] 184385K->14913K(281600K), 0.0015502 secs] [Times: user=0.00 sys=0.00, real=0.00 secs] 
7.389: [GC (Allocation Failure) [PSYoungGen: 169472K->0K(169984K)] 184385K->14913K(281600K), 0.0014177 secs] [Times: user=0.00 sys=0.00, real=0.00 secs] 
7.431: [GC (Allocation Failure) [PSYoungGen: 169472K->32K(169984K)] 184385K->14945K(281600K), 0.0011553 secs] [Times: user=0.00 sys=0.00, real=0.00 secs] 
7.471: [GC (Allocation Failure) [PSYoungGen: 169504K->32K(169984K)] 184417K->14945K(281600K), 0.0012725 secs] [Times: user=0.00 sys=0.00, real=0.00 secs] 
7.511: [GC (Allocation Failure) [PSYoungGen: 169504K->32K(169984K)] 184417K->14945K(281600K), 0.0014423 secs] [Times: user=0.00 sys=0.00, real=0.00 secs] 
7.558: [GC (Allocation Failure) [PSYoungGen: 169504K->0K(169984K)] 184417K->14913K(281600K), 0.0013946 secs] [Times: user=0.00 sys=0.00, real=0.00 secs] 
7.598: [GC (Allocation Failure) [PSYoungGen: 169472K->0K(169984K)] 184385K->14913K(281600K), 0.0016400 secs] [Times: user=0.00 sys=0.00, real=0.00 secs] 
7.639: [GC (Allocation Failure) [PSYoungGen: 169472K->0K(169984K)] 184385K->14913K(281600K), 0.0014213 secs] [Times: user=0.00 sys=0.00, real=0.00 secs] 
7.679: [GC (Allocation Failure) [PSYoungGen: 169472K->32K(169984K)] 184385K->14945K(281600K), 0.0013143 secs] [Times: user=0.00 sys=0.00, real=0.00 secs] 
7.719: [GC (Allocation Failure) [PSYoungGen: 169504K->0K(169984K)] 184417K->14913K(281600K), 0.0014481 secs] [Times: user=0.00 sys=0.00, real=0.00 secs] 
7.760: [GC (Allocation Failure) [PSYoungGen: 169472K->0K(169984K)] 184385K->14913K(281600K), 0.0012759 secs] [Times: user=0.00 sys=0.02, real=0.00 secs] 
7.800: [GC (Allocation Failure) [PSYoungGen: 169472K->32K(169984K)] 184385K->14945K(281600K), 0.0017325 secs] [Times: user=0.00 sys=0.00, real=0.00 secs] 
7.840: [GC (Allocation Failure) [PSYoungGen: 169504K->32K(169984K)] 184417K->14945K(281600K), 0.0012356 secs] [Times: user=0.00 sys=0.00, real=0.00 secs] 
7.880: [GC (Allocation Failure) [PSYoungGen: 169504K->64K(169984K)] 184417K->14977K(281600K), 0.0015421 secs] [Times: user=0.00 sys=0.00, real=0.00 secs] 
7.920: [GC (Allocation Failure) [PSYoungGen: 169536K->0K(169984K)] 184449K->14929K(281600K), 0.0015940 secs] [Times: user=0.00 sys=0.00, real=0.00 secs] 
7.961: [GC (Allocation Failure) [PSYoungGen: 169472K->32K(169984K)] 184401K->14961K(281600K), 0.0012693 secs] [Times: user=0.00 sys=0.00, real=0.00 secs] 
8.001: [GC (Allocation Failure) [PSYoungGen: 169504K->32K(169984K)] 184433K->14961K(281600K), 0.0013363 secs] [Times: user=0.00 sys=0.00, real=0.00 secs] 
8.042: [GC (Allocation Failure) [PSYoungGen: 169504K->0K(169984K)] 184433K->14929K(281600K), 0.0011820 secs] [Times: user=0.00 sys=0.00, real=0.00 secs] 
8.082: [GC (Allocation Failure) [PSYoungGen: 169472K->32K(169984K)] 184401K->14961K(281600K), 0.0012948 secs] [Times: user=0.00 sys=0.00, real=0.00 secs] 
8.123: [GC (Allocation Failure) [PSYoungGen: 169504K->32K(169984K)] 184433K->14961K(281600K), 0.0013772 secs] [Times: user=0.00 sys=0.00, real=0.00 secs] 
8.165: [GC (Allocation Failure) [PSYoungGen: 169504K->32K(169984K)] 184433K->14961K(281600K), 0.0014200 secs] [Times: user=0.01 sys=0.00, real=0.00 secs] 
8.207: [GC (Allocation Failure) [PSYoungGen: 169504K->0K(169984K)] 184433K->14929K(281600K), 0.0016402 secs] [Times: user=0.00 sys=0.00, real=0.00 secs] 
8.250: [GC (Allocation Failure) [PSYoungGen: 169472K->0K(169984K)] 184401K->14929K(281600K), 0.0014103 secs] [Times: user=0.00 sys=0.00, real=0.00 secs] 
8.292: [GC (Allocation Failure) [PSYoungGen: 169472K->0K(169984K)] 184401K->14929K(281600K), 0.0012984 secs] [Times: user=0.00 sys=0.00, real=0.00 secs] 
8.334: [GC (Allocation Failure) [PSYoungGen: 169472K->0K(169984K)] 184401K->14929K(281600K), 0.0016933 secs] [Times: user=0.00 sys=0.00, real=0.00 secs] 
8.376: [GC (Allocation Failure) [PSYoungGen: 169472K->0K(169984K)] 184401K->14929K(281600K), 0.0016808 secs] [Times: user=0.00 sys=0.00, real=0.00 secs] 
8.423: [GC (Allocation Failure) [PSYoungGen: 169472K->0K(169984K)] 184401K->14929K(281600K), 0.0011982 secs] [Times: user=0.00 sys=0.00, real=0.00 secs] 
8.465: [GC (Allocation Failure) [PSYoungGen: 169472K->0K(169984K)] 184401K->14929K(281600K), 0.0015182 secs] [Times: user=0.00 sys=0.00, real=0.00 secs] 
8.508: [GC (Allocation Failure) [PSYoungGen: 169472K->0K(169984K)] 184401K->14929K(281600K), 0.0014871 secs] [Times: user=0.00 sys=0.00, real=0.00 secs] 
8.551: [GC (Allocation Failure) [PSYoungGen: 169472K->0K(169984K)] 184401K->14929K(281600K), 0.0017433 secs] [Times: user=0.00 sys=0.00, real=0.00 secs] 
8.595: [GC (Allocation Failure) [PSYoungGen: 169472K->32K(169984K)] 184401K->14961K(281600K), 0.0017973 secs] [Times: user=0.00 sys=0.00, real=0.00 secs] 
8.639: [GC (Allocation Failure) [PSYoungGen: 169504K->0K(169984K)] 184433K->14929K(281600K), 0.0014826 secs] [Times: user=0.00 sys=0.00, real=0.00 secs] 
8.686: [GC (Allocation Failure) [PSYoungGen: 169472K->32K(169984K)] 184401K->14961K(281600K), 0.0015108 secs] [Times: user=0.00 sys=0.00, real=0.00 secs] 
8.727: [GC (Allocation Failure) [PSYoungGen: 169504K->32K(169984K)] 184433K->14961K(281600K), 0.0012373 secs] [Times: user=0.00 sys=0.00, real=0.00 secs] 
8.770: [GC (Allocation Failure) [PSYoungGen: 169504K->0K(169984K)] 184433K->14929K(281600K), 0.0015329 secs] [Times: user=0.00 sys=0.00, real=0.00 secs] 
8.811: [GC (Allocation Failure) [PSYoungGen: 169472K->0K(169984K)] 184401K->14929K(281600K), 0.0011962 secs] [Times: user=0.00 sys=0.00, real=0.00 secs] 
8.853: [GC (Allocation Failure) [PSYoungGen: 169472K->128K(169984K)] 184401K->15057K(281600K), 0.0013091 secs] [Times: user=0.00 sys=0.00, real=0.00 secs] 
8.893: [GC (Allocation Failure) [PSYoungGen: 169600K->0K(169984K)] 184529K->14961K(281600K), 0.0015389 secs] [Times: user=0.00 sys=0.00, real=0.00 secs] 
8.933: [GC (Allocation Failure) [PSYoungGen: 169472K->0K(169984K)] 184433K->14961K(281600K), 0.0015734 secs] [Times: user=0.00 sys=0.00, real=0.00 secs] 
8.976: [GC (Allocation Failure) [PSYoungGen: 169472K->32K(169984K)] 184433K->14993K(281600K), 0.0012184 secs] [Times: user=0.00 sys=0.00, real=0.00 secs] 
9.024: [GC (Allocation Failure) [PSYoungGen: 169504K->32K(169984K)] 184465K->14993K(281600K), 0.0015540 secs] [Times: user=0.00 sys=0.00, real=0.00 secs] 
9.068: [GC (Allocation Failure) [PSYoungGen: 169504K->0K(169984K)] 184465K->14961K(281600K), 0.0014864 secs] [Times: user=0.00 sys=0.00, real=0.00 secs] 
9.109: [GC (Allocation Failure) [PSYoungGen: 169472K->0K(169984K)] 184433K->14961K(281600K), 0.0011479 secs] [Times: user=0.00 sys=0.00, real=0.00 secs] 
9.151: [GC (Allocation Failure) [PSYoungGen: 169472K->0K(169984K)] 184433K->14961K(281600K), 0.0015524 secs] [Times: user=0.08 sys=0.00, real=0.00 secs] 
9.194: [GC (Allocation Failure) [PSYoungGen: 169472K->0K(169984K)] 184433K->14961K(281600K), 0.0012851 secs] [Times: user=0.00 sys=0.00, real=0.00 secs] 
9.234: [GC (Allocation Failure) [PSYoungGen: 169472K->32K(169984K)] 184433K->14993K(281600K), 0.0011225 secs] [Times: user=0.00 sys=0.00, real=0.00 secs] 
9.274: [GC (Allocation Failure) [PSYoungGen: 169503K->32K(169984K)] 184465K->14993K(281600K), 0.0015595 secs] [Times: user=0.00 sys=0.00, real=0.00 secs] 
9.315: [GC (Allocation Failure) [PSYoungGen: 169504K->0K(169984K)] 184465K->14961K(281600K), 0.0017424 secs] [Times: user=0.00 sys=0.00, real=0.00 secs] 
9.356: [GC (Allocation Failure) [PSYoungGen: 169472K->0K(169984K)] 184433K->14961K(281600K), 0.0016343 secs] [Times: user=0.00 sys=0.00, real=0.00 secs] 
9.399: [GC (Allocation Failure) [PSYoungGen: 169472K->0K(169984K)] 184433K->14961K(281600K), 0.0015045 secs] [Times: user=0.00 sys=0.00, real=0.00 secs] 
9.447: [GC (Allocation Failure) [PSYoungGen: 169472K->32K(169984K)] 184433K->14993K(281600K), 0.0011941 secs] [Times: user=0.00 sys=0.00, real=0.00 secs] 
9.490: [GC (Allocation Failure) [PSYoungGen: 169504K->0K(169984K)] 184465K->14961K(281600K), 0.0015421 secs] [Times: user=0.00 sys=0.00, real=0.00 secs] 
9.532: [GC (Allocation Failure) [PSYoungGen: 169472K->32K(169984K)] 184433K->14993K(281600K), 0.0012185 secs] [Times: user=0.00 sys=0.00, real=0.00 secs] 
9.574: [GC (Allocation Failure) [PSYoungGen: 169504K->0K(169984K)] 184465K->14961K(281600K), 0.0012059 secs] [Times: user=0.00 sys=0.00, real=0.00 secs] 
9.616: [GC (Allocation Failure) [PSYoungGen: 169472K->0K(169984K)] 184433K->14961K(281600K), 0.0013145 secs] [Times: user=0.00 sys=0.00, real=0.00 secs] 
9.658: [GC (Allocation Failure) [PSYoungGen: 169472K->0K(169984K)] 184433K->14961K(281600K), 0.0014798 secs] [Times: user=0.00 sys=0.00, real=0.00 secs] 
9.706: [GC (Allocation Failure) [PSYoungGen: 169472K->0K(169984K)] 184433K->14961K(281600K), 0.0011607 secs] [Times: user=0.00 sys=0.00, real=0.00 secs] 
9.746: [GC (Allocation Failure) [PSYoungGen: 169472K->32K(169984K)] 184433K->14993K(281600K), 0.0012763 secs] [Times: user=0.00 sys=0.00, real=0.00 secs] 
9.786: [GC (Allocation Failure) [PSYoungGen: 169504K->0K(169984K)] 184465K->14961K(281600K), 0.0011531 secs] [Times: user=0.00 sys=0.00, real=0.00 secs] 
9.826: [GC (Allocation Failure) [PSYoungGen: 169472K->32K(169984K)] 184433K->14993K(281600K), 0.0013984 secs] [Times: user=0.00 sys=0.00, real=0.00 secs] 
9.866: [GC (Allocation Failure) [PSYoungGen: 169504K->96K(169984K)] 184465K->15057K(281600K), 0.0016339 secs] [Times: user=0.00 sys=0.00, real=0.00 secs] 
9.906: [GC (Allocation Failure) [PSYoungGen: 169568K->0K(169984K)] 184529K->14985K(281600K), 0.0011342 secs] [Times: user=0.00 sys=0.00, real=0.00 secs] 
9.947: [GC (Allocation Failure) [PSYoungGen: 169472K->0K(169984K)] 184457K->14985K(281600K), 0.0014858 secs] [Times: user=0.00 sys=0.01, real=0.00 secs] 
9.987: [GC (Allocation Failure) [PSYoungGen: 169472K->0K(169984K)] 184457K->14985K(281600K), 0.0012832 secs] [Times: user=0.00 sys=0.00, real=0.00 secs] 
10.028: [GC (Allocation Failure) [PSYoungGen: 169472K->0K(169984K)] 184457K->14985K(281600K), 0.0012417 secs] [Times: user=0.00 sys=0.00, real=0.00 secs] 
10.068: [GC (Allocation Failure) [PSYoungGen: 169472K->32K(169984K)] 184457K->15017K(281600K), 0.0015011 secs] [Times: user=0.00 sys=0.00, real=0.00 secs] 
10.108: [GC (Allocation Failure) [PSYoungGen: 169504K->0K(169984K)] 184489K->14985K(281600K), 0.0014265 secs] [Times: user=0.00 sys=0.00, real=0.00 secs] 
10.150: [GC (Allocation Failure) [PSYoungGen: 169472K->0K(169984K)] 184457K->14985K(281600K), 0.0011947 secs] [Times: user=0.00 sys=0.02, real=0.00 secs] 
10.190: [GC (Allocation Failure) [PSYoungGen: 169472K->0K(169984K)] 184457K->14985K(281600K), 0.0014246 secs] [Times: user=0.00 sys=0.00, real=0.00 secs] 
10.230: [GC (Allocation Failure) [PSYoungGen: 169472K->32K(169984K)] 184457K->15017K(281600K), 0.0011771 secs] [Times: user=0.00 sys=0.00, real=0.00 secs] 
10.270: [GC (Allocation Failure) [PSYoungGen: 169504K->0K(169984K)] 184489K->14985K(281600K), 0.0014743 secs] [Times: user=0.00 sys=0.00, real=0.00 secs] 
10.310: [GC (Allocation Failure) [PSYoungGen: 169472K->0K(169984K)] 184457K->14985K(281600K), 0.0013451 secs] [Times: user=0.00 sys=0.00, real=0.00 secs] 
10.350: [GC (Allocation Failure) [PSYoungGen: 169472K->0K(169984K)] 184457K->14985K(281600K), 0.0012664 secs] [Times: user=0.00 sys=0.00, real=0.00 secs] 
10.391: [GC (Allocation Failure) [PSYoungGen: 169472K->0K(169984K)] 184457K->14985K(281600K), 0.0014465 secs] [Times: user=0.00 sys=0.00, real=0.00 secs] 
10.431: [GC (Allocation Failure) [PSYoungGen: 169472K->32K(169984K)] 184457K->15017K(281600K), 0.0014864 secs] [Times: user=0.01 sys=0.00, real=0.00 secs] 
10.472: [GC (Allocation Failure) [PSYoungGen: 169504K->0K(169984K)] 184489K->14985K(281600K), 0.0015406 secs] [Times: user=0.00 sys=0.00, real=0.00 secs] 
10.515: [GC (Allocation Failure) [PSYoungGen: 169472K->0K(169984K)] 184457K->14985K(281600K), 0.0015397 secs] [Times: user=0.00 sys=0.00, real=0.00 secs] 
10.558: [GC (Allocation Failure) [PSYoungGen: 169472K->32K(169984K)] 184457K->15017K(281600K), 0.0014798 secs] [Times: user=0.00 sys=0.00, real=0.00 secs] 
10.601: [GC (Allocation Failure) [PSYoungGen: 169504K->32K(169984K)] 184489K->15017K(281600K), 0.0012648 secs] [Times: user=0.00 sys=0.00, real=0.00 secs] 
10.643: [GC (Allocation Failure) [PSYoungGen: 169504K->0K(169984K)] 184489K->14985K(281600K), 0.0012420 secs] [Times: user=0.00 sys=0.00, real=0.00 secs] 
10.686: [GC (Allocation Failure) [PSYoungGen: 169472K->0K(169984K)] 184457K->14985K(281600K), 0.0013884 secs] [Times: user=0.00 sys=0.00, real=0.00 secs] 
10.728: [GC (Allocation Failure) [PSYoungGen: 169472K->0K(169984K)] 184457K->14985K(281600K), 0.0018227 secs] [Times: user=0.08 sys=0.01, real=0.00 secs] 
10.772: [GC (Allocation Failure) [PSYoungGen: 169472K->0K(169984K)] 184457K->14985K(281600K), 0.0014051 secs] [Times: user=0.00 sys=0.00, real=0.00 secs] 
10.815: [GC (Allocation Failure) [PSYoungGen: 169472K->0K(169984K)] 184457K->14985K(281600K), 0.0013217 secs] [Times: user=0.00 sys=0.00, real=0.00 secs] 
10.856: [GC (Allocation Failure) [PSYoungGen: 169472K->128K(169984K)] 184457K->15113K(281600K), 0.0011536 secs] [Times: user=0.00 sys=0.00, real=0.00 secs] 
10.898: [GC (Allocation Failure) [PSYoungGen: 169600K->0K(169984K)] 184585K->15017K(281600K), 0.0012330 secs] [Times: user=0.00 sys=0.00, real=0.00 secs] 
10.945: [GC (Allocation Failure) [PSYoungGen: 169472K->0K(169984K)] 184489K->15017K(281600K), 0.0012169 secs] [Times: user=0.00 sys=0.00, real=0.00 secs] 
10.986: [GC (Allocation Failure) [PSYoungGen: 169472K->0K(169984K)] 184489K->15017K(281600K), 0.0014535 secs] [Times: user=0.00 sys=0.00, real=0.00 secs] 
11.029: [GC (Allocation Failure) [PSYoungGen: 169472K->32K(169984K)] 184489K->15049K(281600K), 0.0013689 secs] [Times: user=0.00 sys=0.00, real=0.00 secs] 
11.070: [GC (Allocation Failure) [PSYoungGen: 169504K->64K(169984K)] 184521K->15081K(281600K), 0.0012417 secs] [Times: user=0.00 sys=0.00, real=0.00 secs] 
11.118: [GC (Allocation Failure) [PSYoungGen: 169536K->32K(169984K)] 184553K->15049K(281600K), 0.0014773 secs] [Times: user=0.00 sys=0.00, real=0.00 secs] 
11.159: [GC (Allocation Failure) [PSYoungGen: 169504K->32K(169984K)] 184521K->15049K(281600K), 0.0014134 secs] [Times: user=0.00 sys=0.00, real=0.00 secs] 
11.199: [GC (Allocation Failure) [PSYoungGen: 169504K->0K(169984K)] 184521K->15017K(281600K), 0.0013644 secs] [Times: user=0.00 sys=0.00, real=0.00 secs] 
11.240: [GC (Allocation Failure) [PSYoungGen: 169472K->32K(169984K)] 184489K->15049K(281600K), 0.0011712 secs] [Times: user=0.00 sys=0.00, real=0.00 secs] 
11.284: [GC (Allocation Failure) [PSYoungGen: 169504K->0K(169984K)] 184521K->15017K(281600K), 0.0015300 secs] [Times: user=0.00 sys=0.00, real=0.00 secs] 
11.325: [GC (Allocation Failure) [PSYoungGen: 169472K->0K(169984K)] 184489K->15017K(281600K), 0.0014962 secs] [Times: user=0.00 sys=0.00, real=0.00 secs] 
11.365: [GC (Allocation Failure) [PSYoungGen: 169472K->0K(169984K)] 184489K->15017K(281600K), 0.0014231 secs] [Times: user=0.00 sys=0.00, real=0.00 secs] 
11.411: [GC (Allocation Failure) [PSYoungGen: 169472K->32K(169984K)] 184489K->15049K(281600K), 0.0015191 secs] [Times: user=0.00 sys=0.00, real=0.00 secs] 
11.451: [GC (Allocation Failure) [PSYoungGen: 169504K->0K(169984K)] 184521K->15017K(281600K), 0.0013003 secs] [Times: user=0.00 sys=0.00, real=0.00 secs] 
11.492: [GC (Allocation Failure) [PSYoungGen: 169472K->0K(169984K)] 184489K->15017K(281600K), 0.0014075 secs] [Times: user=0.00 sys=0.00, real=0.00 secs] 
11.533: [GC (Allocation Failure) [PSYoungGen: 169472K->0K(169984K)] 184489K->15017K(281600K), 0.0012264 secs] [Times: user=0.00 sys=0.00, real=0.00 secs] 
11.575: [GC (Allocation Failure) [PSYoungGen: 169472K->0K(169984K)] 184489K->15017K(281600K), 0.0011555 secs] [Times: user=0.00 sys=0.00, real=0.00 secs] 
11.615: [GC (Allocation Failure) [PSYoungGen: 169472K->0K(169984K)] 184489K->15017K(281600K), 0.0015524 secs] [Times: user=0.00 sys=0.00, real=0.00 secs] 
11.655: [GC (Allocation Failure) [PSYoungGen: 169472K->0K(169984K)] 184489K->15017K(281600K), 0.0014288 secs] [Times: user=0.00 sys=0.00, real=0.00 secs] 
11.696: [GC (Allocation Failure) [PSYoungGen: 169472K->0K(169984K)] 184489K->15017K(281600K), 0.0012160 secs] [Times: user=0.00 sys=0.00, real=0.00 secs] 
11.736: [GC (Allocation Failure) [PSYoungGen: 169472K->0K(169984K)] 184489K->15017K(281600K), 0.0012651 secs] [Times: user=0.00 sys=0.00, real=0.00 secs] 
11.778: [GC (Allocation Failure) [PSYoungGen: 169472K->32K(169984K)] 184489K->15049K(281600K), 0.0015506 secs] [Times: user=0.00 sys=0.00, real=0.00 secs] 
11.818: [GC (Allocation Failure) [PSYoungGen: 169504K->0K(169984K)] 184521K->15017K(281600K), 0.0012607 secs] [Times: user=0.00 sys=0.00, real=0.00 secs] 
11.858: [GC (Allocation Failure) [PSYoungGen: 169472K->128K(169984K)] 184489K->15145K(281600K), 0.0011781 secs] [Times: user=0.00 sys=0.00, real=0.00 secs] 
11.898: [GC (Allocation Failure) [PSYoungGen: 169600K->32K(169984K)] 184617K->15081K(281600K), 0.0016602 secs] [Times: user=0.00 sys=0.00, real=0.00 secs] 
11.938: [GC (Allocation Failure) [PSYoungGen: 169504K->32K(169984K)] 184553K->15081K(281600K), 0.0011673 secs] [Times: user=0.00 sys=0.00, real=0.00 secs] 
11.978: [GC (Allocation Failure) [PSYoungGen: 169504K->0K(169984K)] 184553K->15049K(281600K), 0.0014058 secs] [Times: user=0.01 sys=0.00, real=0.00 secs] 
12.018: [GC (Allocation Failure) [PSYoungGen: 169472K->0K(169984K)] 184521K->15049K(281600K), 0.0015061 secs] [Times: user=0.00 sys=0.00, real=0.00 secs] 
12.059: [GC (Allocation Failure) [PSYoungGen: 169472K->0K(169984K)] 184521K->15049K(281600K), 0.0013654 secs] [Times: user=0.00 sys=0.00, real=0.00 secs] 
12.099: [GC (Allocation Failure) [PSYoungGen: 169472K->0K(169984K)] 184521K->15049K(281600K), 0.0017748 secs] [Times: user=0.00 sys=0.00, real=0.00 secs] 
12.140: [GC (Allocation Failure) [PSYoungGen: 169472K->0K(169984K)] 184521K->15049K(281600K), 0.0012752 secs] [Times: user=0.00 sys=0.00, real=0.00 secs] 
12.181: [GC (Allocation Failure) [PSYoungGen: 169472K->0K(169984K)] 184521K->15049K(281600K), 0.0015978 secs] [Times: user=0.02 sys=0.02, real=0.00 secs] 
12.222: [GC (Allocation Failure) [PSYoungGen: 169472K->32K(169984K)] 184521K->15081K(281600K), 0.0011568 secs] [Times: user=0.00 sys=0.00, real=0.00 secs] 
12.263: [GC (Allocation Failure) [PSYoungGen: 169504K->0K(169984K)] 184553K->15049K(281600K), 0.0013492 secs] [Times: user=0.00 sys=0.00, real=0.00 secs] 
12.303: [GC (Allocation Failure) [PSYoungGen: 169472K->0K(169984K)] 184521K->15049K(281600K), 0.0012220 secs] [Times: user=0.00 sys=0.00, real=0.00 secs] 
12.346: [GC (Allocation Failure) [PSYoungGen: 169472K->0K(169984K)] 184521K->15049K(281600K), 0.0012624 secs] [Times: user=0.00 sys=0.00, real=0.00 secs] 
12.388: [GC (Allocation Failure) [PSYoungGen: 169472K->32K(169984K)] 184521K->15081K(281600K), 0.0012293 secs] [Times: user=0.00 sys=0.00, real=0.00 secs] 
12.431: [GC (Allocation Failure) [PSYoungGen: 169504K->0K(169984K)] 184553K->15049K(281600K), 0.0011931 secs] [Times: user=0.00 sys=0.00, real=0.00 secs] 
12.472: [GC (Allocation Failure) [PSYoungGen: 169472K->0K(169984K)] 184521K->15049K(281600K), 0.0015061 secs] [Times: user=0.00 sys=0.00, real=0.00 secs] 
12.514: [GC (Allocation Failure) [PSYoungGen: 169472K->0K(169984K)] 184521K->15049K(281600K), 0.0014566 secs] [Times: user=0.00 sys=0.00, real=0.00 secs] 
12.556: [GC (Allocation Failure) [PSYoungGen: 169472K->0K(169984K)] 184521K->15049K(281600K), 0.0015790 secs] [Times: user=0.00 sys=0.00, real=0.00 secs] 
12.599: [GC (Allocation Failure) [PSYoungGen: 169472K->32K(169984K)] 184521K->15081K(281600K), 0.0013456 secs] [Times: user=0.00 sys=0.00, real=0.00 secs] 
12.648: [GC (Allocation Failure) [PSYoungGen: 169504K->0K(169984K)] 184553K->15049K(281600K), 0.0012208 secs] [Times: user=0.00 sys=0.00, real=0.00 secs] 
12.693: [GC (Allocation Failure) [PSYoungGen: 169472K->32K(169984K)] 184521K->15081K(281600K), 0.0011819 secs] [Times: user=0.00 sys=0.00, real=0.00 secs] 
12.739: [GC (Allocation Failure) [PSYoungGen: 169503K->32K(169984K)] 184553K->15081K(281600K), 0.0012224 secs] [Times: user=0.00 sys=0.00, real=0.00 secs] 
12.788: [GC (Allocation Failure) [PSYoungGen: 169504K->32K(169984K)] 184553K->15081K(281600K), 0.0013336 secs] [Times: user=0.00 sys=0.00, real=0.00 secs] 
12.833: [GC (Allocation Failure) [PSYoungGen: 169504K->32K(169984K)] 184553K->15081K(281600K), 0.0012860 secs] [Times: user=0.00 sys=0.00, real=0.00 secs] 
12.876: [GC (Allocation Failure) [PSYoungGen: 169504K->96K(169984K)] 184553K->15145K(281600K), 0.0013487 secs] [Times: user=0.00 sys=0.00, real=0.00 secs] 
12.924: [GC (Allocation Failure) [PSYoungGen: 169568K->32K(169984K)] 184617K->15113K(281600K), 0.0012908 secs] [Times: user=0.00 sys=0.00, real=0.00 secs] 
12.967: [GC (Allocation Failure) [PSYoungGen: 169504K->0K(169984K)] 184585K->15081K(281600K), 0.0012902 secs] [Times: user=0.00 sys=0.00, real=0.00 secs] 
13.018: [GC (Allocation Failure) [PSYoungGen: 169472K->0K(169984K)] 184553K->15081K(281600K), 0.0015852 secs] [Times: user=0.00 sys=0.00, real=0.00 secs] 
13.062: [GC (Allocation Failure) [PSYoungGen: 169472K->0K(169984K)] 184553K->15081K(281600K), 0.0016760 secs] [Times: user=0.00 sys=0.00, real=0.00 secs] 
13.105: [GC (Allocation Failure) [PSYoungGen: 169472K->0K(169984K)] 184553K->15081K(281600K), 0.0014142 secs] [Times: user=0.00 sys=0.00, real=0.00 secs] 
13.150: [GC (Allocation Failure) [PSYoungGen: 169472K->0K(169984K)] 184553K->15081K(281600K), 0.0012826 secs] [Times: user=0.02 sys=0.00, real=0.00 secs] 
13.193: [GC (Allocation Failure) [PSYoungGen: 169472K->32K(169984K)] 184553K->15113K(281600K), 0.0013048 secs] [Times: user=0.00 sys=0.00, real=0.00 secs] 
13.238: [GC (Allocation Failure) [PSYoungGen: 169504K->0K(169984K)] 184585K->15081K(281600K), 0.0014460 secs] [Times: user=0.00 sys=0.00, real=0.00 secs] 
13.281: [GC (Allocation Failure) [PSYoungGen: 169472K->0K(169984K)] 184553K->15081K(281600K), 0.0014708 secs] [Times: user=0.00 sys=0.00, real=0.00 secs] 
13.324: [GC (Allocation Failure) [PSYoungGen: 169472K->0K(169984K)] 184553K->15081K(281600K), 0.0013452 secs] [Times: user=0.00 sys=0.00, real=0.00 secs] 
13.368: [GC (Allocation Failure) [PSYoungGen: 169472K->32K(169984K)] 184553K->15113K(281600K), 0.0014493 secs] [Times: user=0.00 sys=0.00, real=0.00 secs] 
13.414: [GC (Allocation Failure) [PSYoungGen: 169504K->0K(169984K)] 184585K->15081K(281600K), 0.0014053 secs] [Times: user=0.00 sys=0.00, real=0.00 secs] 
13.458: [GC (Allocation Failure) [PSYoungGen: 169472K->32K(169984K)] 184553K->15113K(281600K), 0.0014114 secs] [Times: user=0.00 sys=0.00, real=0.00 secs] 
13.502: [GC (Allocation Failure) [PSYoungGen: 169504K->0K(169984K)] 184585K->15081K(281600K), 0.0014875 secs] [Times: user=0.00 sys=0.00, real=0.00 secs] 
13.556: [GC (Allocation Failure) [PSYoungGen: 169472K->0K(169984K)] 184553K->15081K(281600K), 0.0014007 secs] [Times: user=0.00 sys=0.00, real=0.00 secs] 
13.603: [GC (Allocation Failure) [PSYoungGen: 169472K->0K(169984K)] 184553K->15081K(281600K), 0.0014100 secs] [Times: user=0.01 sys=0.00, real=0.00 secs] 
13.652: [GC (Allocation Failure) [PSYoungGen: 169472K->0K(169984K)] 184553K->15081K(281600K), 0.0016559 secs] [Times: user=0.00 sys=0.00, real=0.00 secs] 
13.694: [GC (Allocation Failure) [PSYoungGen: 169472K->0K(169984K)] 184553K->15081K(281600K), 0.0014028 secs] [Times: user=0.00 sys=0.00, real=0.00 secs] 
13.737: [GC (Allocation Failure) [PSYoungGen: 169472K->0K(169984K)] 184553K->15081K(281600K), 0.0014733 secs] [Times: user=0.00 sys=0.00, real=0.00 secs] 
13.779: [GC (Allocation Failure) [PSYoungGen: 169472K->0K(169984K)] 184553K->15081K(281600K), 0.0015031 secs] [Times: user=0.00 sys=0.00, real=0.00 secs] 
13.822: [GC (Allocation Failure) [PSYoungGen: 169472K->0K(169984K)] 184553K->15081K(281600K), 0.0016220 secs] [Times: user=0.02 sys=0.00, real=0.00 secs] 
13.867: [GC (Allocation Failure) [PSYoungGen: 169472K->64K(169984K)] 184553K->15145K(281600K), 0.0014462 secs] [Times: user=0.00 sys=0.00, real=0.00 secs] 
13.909: [GC (Allocation Failure) [PSYoungGen: 169536K->0K(169984K)] 184617K->15097K(281600K), 0.0015497 secs] [Times: user=0.00 sys=0.00, real=0.00 secs] 
13.953: [GC (Allocation Failure) [PSYoungGen: 169472K->0K(169984K)] 184569K->15097K(281600K), 0.0012934 secs] [Times: user=0.00 sys=0.00, real=0.00 secs] 
13.996: [GC (Allocation Failure) [PSYoungGen: 169472K->32K(169984K)] 184569K->15129K(281600K), 0.0012492 secs] [Times: user=0.00 sys=0.00, real=0.00 secs] 
14.038: [GC (Allocation Failure) [PSYoungGen: 169504K->0K(169984K)] 184601K->15097K(281600K), 0.0014217 secs] [Times: user=0.00 sys=0.00, real=0.00 secs] 
14.083: [GC (Allocation Failure) [PSYoungGen: 169472K->0K(169984K)] 184569K->15097K(281600K), 0.0015705 secs] [Times: user=0.00 sys=0.00, real=0.00 secs] 
14.128: [GC (Allocation Failure) [PSYoungGen: 169472K->0K(169984K)] 184569K->15097K(281600K), 0.0015594 secs] [Times: user=0.00 sys=0.00, real=0.00 secs] 
14.174: [GC (Allocation Failure) [PSYoungGen: 169472K->0K(169984K)] 184569K->15097K(281600K), 0.0014920 secs] [Times: user=0.00 sys=0.00, real=0.00 secs] 
14.216: [GC (Allocation Failure) [PSYoungGen: 169472K->0K(169984K)] 184569K->15097K(281600K), 0.0013659 secs] [Times: user=0.00 sys=0.00, real=0.00 secs] 
14.258: [GC (Allocation Failure) [PSYoungGen: 169472K->32K(169984K)] 184569K->15129K(281600K), 0.0011891 secs] [Times: user=0.00 sys=0.00, real=0.00 secs] 
14.301: [GC (Allocation Failure) [PSYoungGen: 169504K->0K(169984K)] 184601K->15097K(281600K), 0.0015101 secs] [Times: user=0.00 sys=0.00, real=0.00 secs] 
14.343: [GC (Allocation Failure) [PSYoungGen: 169472K->0K(169984K)] 184569K->15097K(281600K), 0.0014949 secs] [Times: user=0.00 sys=0.00, real=0.00 secs] 
14.384: [GC (Allocation Failure) [PSYoungGen: 169472K->0K(169984K)] 184569K->15097K(281600K), 0.0011924 secs] [Times: user=0.00 sys=0.00, real=0.00 secs] 
14.426: [GC (Allocation Failure) [PSYoungGen: 169472K->32K(169984K)] 184569K->15129K(281600K), 0.0011608 secs] [Times: user=0.00 sys=0.00, real=0.00 secs] 
14.468: [GC (Allocation Failure) [PSYoungGen: 169504K->0K(169984K)] 184601K->15097K(281600K), 0.0014286 secs] [Times: user=0.00 sys=0.00, real=0.00 secs] 
14.513: [GC (Allocation Failure) [PSYoungGen: 169472K->0K(169984K)] 184569K->15097K(281600K), 0.0012156 secs] [Times: user=0.00 sys=0.00, real=0.00 secs] 
14.564: [GC (Allocation Failure) [PSYoungGen: 169472K->160K(169984K)] 184569K->15257K(281600K), 0.0011796 secs] [Times: user=0.00 sys=0.00, real=0.00 secs] 
14.607: [GC (Allocation Failure) [PSYoungGen: 169632K->0K(169984K)] 184729K->15129K(281600K), 0.0015969 secs] [Times: user=0.00 sys=0.00, real=0.00 secs] 
14.649: [GC (Allocation Failure) [PSYoungGen: 169472K->0K(169984K)] 184601K->15129K(281600K), 0.0012313 secs] [Times: user=0.00 sys=0.00, real=0.00 secs] 
14.691: [GC (Allocation Failure) [PSYoungGen: 169472K->32K(169984K)] 184601K->15161K(281600K), 0.0012504 secs] [Times: user=0.00 sys=0.00, real=0.00 secs] 
14.733: [GC (Allocation Failure) [PSYoungGen: 169504K->0K(169984K)] 184633K->15129K(281600K), 0.0013740 secs] [Times: user=0.00 sys=0.00, real=0.00 secs] 
14.775: [GC (Allocation Failure) [PSYoungGen: 169472K->0K(169984K)] 184601K->15129K(281600K), 0.0011589 secs] [Times: user=0.02 sys=0.00, real=0.00 secs] 
14.819: [GC (Allocation Failure) [PSYoungGen: 169472K->64K(169984K)] 184601K->15193K(281600K), 0.0014994 secs] [Times: user=0.00 sys=0.00, real=0.00 secs] 
14.862: [GC (Allocation Failure) [PSYoungGen: 169536K->128K(169984K)] 184665K->15257K(281600K), 0.0013694 secs] [Times: user=0.00 sys=0.00, real=0.00 secs] 
14.908: [GC (Allocation Failure) [PSYoungGen: 169600K->0K(169984K)] 184729K->15153K(281600K), 0.0015079 secs] [Times: user=0.00 sys=0.00, real=0.00 secs] 
14.975: [GC (Allocation Failure) [PSYoungGen: 169472K->32K(169984K)] 184625K->15185K(281600K), 0.0015669 secs] [Times: user=0.00 sys=0.00, real=0.00 secs] 
15.037: [GC (Allocation Failure) [PSYoungGen: 169504K->0K(169984K)] 184657K->15153K(281600K), 0.0013090 secs] [Times: user=0.00 sys=0.00, real=0.00 secs] 
15.098: [GC (Allocation Failure) [PSYoungGen: 169472K->0K(169984K)] 184625K->15153K(281600K), 0.0012548 secs] [Times: user=0.00 sys=0.00, real=0.00 secs] 
15.156: [GC (Allocation Failure) [PSYoungGen: 169472K->32K(169984K)] 184625K->15185K(281600K), 0.0013891 secs] [Times: user=0.00 sys=0.00, real=0.00 secs] 
15.226: [GC (Allocation Failure) [PSYoungGen: 169504K->0K(169984K)] 184657K->15153K(281600K), 0.0012608 secs] [Times: user=0.00 sys=0.00, real=0.00 secs] 
15.294: [GC (Allocation Failure) [PSYoungGen: 169472K->32K(169984K)] 184625K->15185K(281600K), 0.0014067 secs] [Times: user=0.00 sys=0.00, real=0.00 secs] 
15.347: [GC (Allocation Failure) [PSYoungGen: 169504K->0K(169984K)] 184657K->15153K(281600K), 0.0012053 secs] [Times: user=0.00 sys=0.00, real=0.00 secs] 
15.402: [GC (Allocation Failure) [PSYoungGen: 169472K->32K(169984K)] 184625K->15185K(281600K), 0.0014011 secs] [Times: user=0.00 sys=0.00, real=0.00 secs] 
15.466: [GC (Allocation Failure) [PSYoungGen: 169504K->0K(169984K)] 184657K->15153K(281600K), 0.0011256 secs] [Times: user=0.00 sys=0.00, real=0.00 secs] 
15.529: [GC (Allocation Failure) [PSYoungGen: 169472K->32K(169984K)] 184625K->15185K(281600K), 0.0012633 secs] [Times: user=0.00 sys=0.00, real=0.00 secs] 
15.592: [GC (Allocation Failure) [PSYoungGen: 169504K->32K(169984K)] 184657K->15185K(281600K), 0.0011713 secs] [Times: user=0.00 sys=0.00, real=0.00 secs] 
15.653: [GC (Allocation Failure) [PSYoungGen: 169504K->32K(169984K)] 184657K->15185K(281600K), 0.0012970 secs] [Times: user=0.00 sys=0.00, real=0.00 secs] 
15.708: [GC (Allocation Failure) [PSYoungGen: 169504K->32K(169984K)] 184657K->15185K(281600K), 0.0011715 secs] [Times: user=0.00 sys=0.00, real=0.00 secs] 
15.764: [GC (Allocation Failure) [PSYoungGen: 169504K->0K(169984K)] 184657K->15153K(281600K), 0.0014702 secs] [Times: user=0.00 sys=0.00, real=0.00 secs] 
15.822: [GC (Allocation Failure) [PSYoungGen: 169472K->64K(169984K)] 184625K->15217K(281600K), 0.0012566 secs] [Times: user=0.02 sys=0.00, real=0.00 secs] 
15.892: [GC (Allocation Failure) [PSYoungGen: 169536K->64K(169984K)] 184689K->15217K(281600K), 0.0017117 secs] [Times: user=0.00 sys=0.00, real=0.00 secs] 
15.969: [GC (Allocation Failure) [PSYoungGen: 169536K->0K(169984K)] 184689K->15169K(281600K), 0.0016382 secs] [Times: user=0.00 sys=0.00, real=0.00 secs] 
16.040: [GC (Allocation Failure) [PSYoungGen: 169472K->32K(169984K)] 184641K->15201K(281600K), 0.0014462 secs] [Times: user=0.02 sys=0.00, real=0.00 secs] 
16.109: [GC (Allocation Failure) [PSYoungGen: 169504K->0K(169984K)] 184673K->15169K(281600K), 0.0015844 secs] [Times: user=0.00 sys=0.00, real=0.00 secs] 
16.189: [GC (Allocation Failure) [PSYoungGen: 169472K->32K(169984K)] 184641K->15201K(281600K), 0.0013502 secs] [Times: user=0.00 sys=0.00, real=0.00 secs] 
16.265: [GC (Allocation Failure) [PSYoungGen: 169504K->32K(169984K)] 184673K->15201K(281600K), 0.0016006 secs] [Times: user=0.00 sys=0.00, real=0.00 secs] 
16.335: [GC (Allocation Failure) [PSYoungGen: 169504K->0K(169984K)] 184673K->15169K(281600K), 0.0014112 secs] [Times: user=0.00 sys=0.00, real=0.00 secs] 
16.405: [GC (Allocation Failure) [PSYoungGen: 169472K->32K(169984K)] 184641K->15201K(281600K), 0.0014141 secs] [Times: user=0.00 sys=0.00, real=0.00 secs] 
16.473: [GC (Allocation Failure) [PSYoungGen: 169504K->0K(169984K)] 184673K->15169K(281600K), 0.0014487 secs] [Times: user=0.00 sys=0.00, real=0.00 secs] 
16.541: [GC (Allocation Failure) [PSYoungGen: 169472K->32K(169984K)] 184641K->15201K(281600K), 0.0014786 secs] [Times: user=0.02 sys=0.00, real=0.00 secs] 
16.606: [GC (Allocation Failure) [PSYoungGen: 169504K->32K(169984K)] 184673K->15201K(281600K), 0.0011976 secs] [Times: user=0.00 sys=0.00, real=0.00 secs] 
16.655: [GC (Allocation Failure) [PSYoungGen: 169504K->0K(169984K)] 184673K->15169K(281600K), 0.0012881 secs] [Times: user=0.00 sys=0.00, real=0.00 secs] 
16.707: [GC (Allocation Failure) [PSYoungGen: 169472K->0K(169984K)] 184641K->15169K(281600K), 0.0012965 secs] [Times: user=0.00 sys=0.00, real=0.00 secs] 
16.763: [GC (Allocation Failure) [PSYoungGen: 169472K->0K(169984K)] 184641K->15169K(281600K), 0.0013917 secs] [Times: user=0.00 sys=0.00, real=0.00 secs] 
16.825: [GC (Allocation Failure) [PSYoungGen: 169472K->32K(169984K)] 184641K->15201K(281600K), 0.0012663 secs] [Times: user=0.00 sys=0.00, real=0.00 secs] 
16.887: [GC (Allocation Failure) [PSYoungGen: 169504K->64K(169984K)] 184673K->15233K(281600K), 0.0014322 secs] [Times: user=0.00 sys=0.00, real=0.00 secs] 
16.943: [GC (Allocation Failure) [PSYoungGen: 169536K->0K(169984K)] 184705K->15185K(281600K), 0.0012036 secs] [Times: user=0.00 sys=0.00, real=0.00 secs] 
17.001: [GC (Allocation Failure) [PSYoungGen: 169472K->0K(169984K)] 184657K->15185K(281600K), 0.0014338 secs] [Times: user=0.00 sys=0.00, real=0.00 secs] 
17.060: [GC (Allocation Failure) [PSYoungGen: 169472K->32K(169984K)] 184657K->15217K(281600K), 0.0012179 secs] [Times: user=0.00 sys=0.00, real=0.00 secs] 
17.125: [GC (Allocation Failure) [PSYoungGen: 169504K->0K(169984K)] 184689K->15185K(281600K), 0.0012753 secs] [Times: user=0.00 sys=0.00, real=0.00 secs] 
17.181: [GC (Allocation Failure) [PSYoungGen: 169472K->32K(169984K)] 184657K->15217K(281600K), 0.0014392 secs] [Times: user=0.00 sys=0.00, real=0.00 secs] 
17.232: [GC (Allocation Failure) [PSYoungGen: 169504K->0K(169984K)] 184689K->15185K(281600K), 0.0013511 secs] [Times: user=0.00 sys=0.00, real=0.00 secs] 
17.279: [GC (Allocation Failure) [PSYoungGen: 169472K->0K(169984K)] 184657K->15185K(281600K), 0.0013692 secs] [Times: user=0.00 sys=0.00, real=0.00 secs] 
17.344: [GC (Allocation Failure) [PSYoungGen: 169472K->32K(169984K)] 184657K->15217K(281600K), 0.0011360 secs] [Times: user=0.00 sys=0.00, real=0.00 secs] 
17.405: [GC (Allocation Failure) [PSYoungGen: 169504K->0K(169984K)] 184689K->15185K(281600K), 0.0012217 secs] [Times: user=0.00 sys=0.00, real=0.00 secs] 
17.464: [GC (Allocation Failure) [PSYoungGen: 169472K->0K(169984K)] 184657K->15185K(281600K), 0.0015443 secs] [Times: user=0.00 sys=0.00, real=0.00 secs] 
17.537: [GC (Allocation Failure) [PSYoungGen: 169472K->0K(169984K)] 184657K->15185K(281600K), 0.0012786 secs] [Times: user=0.00 sys=0.00, real=0.00 secs] 
17.607: [GC (Allocation Failure) [PSYoungGen: 169472K->0K(169984K)] 184657K->15185K(281600K), 0.0013756 secs] [Times: user=0.00 sys=0.00, real=0.00 secs] 
17.671: [GC (Allocation Failure) [PSYoungGen: 169472K->0K(169984K)] 184657K->15185K(281600K), 0.0012028 secs] [Times: user=0.00 sys=0.00, real=0.00 secs] 
17.723: [GC (Allocation Failure) [PSYoungGen: 169472K->32K(169984K)] 184657K->15217K(281600K), 0.0012331 secs] [Times: user=0.00 sys=0.00, real=0.00 secs] 
17.790: [GC (Allocation Failure) [PSYoungGen: 169504K->0K(169984K)] 184689K->15185K(281600K), 0.0012640 secs] [Times: user=0.00 sys=0.00, real=0.00 secs] 
17.854: [GC (Allocation Failure) [PSYoungGen: 169472K->96K(169984K)] 184657K->15281K(281600K), 0.0011658 secs] [Times: user=0.05 sys=0.00, real=0.00 secs] 
17.919: [GC (Allocation Failure) [PSYoungGen: 169568K->32K(169984K)] 184753K->15249K(281600K), 0.0013169 secs] [Times: user=0.00 sys=0.00, real=0.00 secs] 
17.981: [GC (Allocation Failure) [PSYoungGen: 169504K->32K(169984K)] 184721K->15249K(281600K), 0.0012421 secs] [Times: user=0.00 sys=0.00, real=0.00 secs] 
18.036: [GC (Allocation Failure) [PSYoungGen: 169504K->64K(169984K)] 184721K->15281K(281600K), 0.0013173 secs] [Times: user=0.00 sys=0.00, real=0.00 secs] 
18.094: [GC (Allocation Failure) [PSYoungGen: 169536K->0K(169984K)] 184753K->15217K(281600K), 0.0012262 secs] [Times: user=0.00 sys=0.00, real=0.00 secs] 
18.144: [GC (Allocation Failure) [PSYoungGen: 169472K->0K(169984K)] 184689K->15217K(281600K), 0.0012019 secs] [Times: user=0.00 sys=0.00, real=0.00 secs] 
18.200: [GC (Allocation Failure) [PSYoungGen: 169472K->32K(169984K)] 184689K->15249K(281600K), 0.0013641 secs] [Times: user=0.00 sys=0.00, real=0.00 secs] 
18.257: [GC (Allocation Failure) [PSYoungGen: 169504K->0K(169984K)] 184721K->15217K(281600K), 0.0011812 secs] [Times: user=0.00 sys=0.00, real=0.00 secs] 
18.308: [GC (Allocation Failure) [PSYoungGen: 169472K->0K(169984K)] 184689K->15217K(281600K), 0.0011201 secs] [Times: user=0.11 sys=0.00, real=0.00 secs] 
18.363: [GC (Allocation Failure) [PSYoungGen: 169472K->32K(169984K)] 184689K->15249K(281600K), 0.0011746 secs] [Times: user=0.00 sys=0.00, real=0.00 secs] 
18.417: [GC (Allocation Failure) [PSYoungGen: 169504K->0K(169984K)] 184721K->15217K(281600K), 0.0011946 secs] [Times: user=0.08 sys=0.02, real=0.00 secs] 
18.477: [GC (Allocation Failure) [PSYoungGen: 169472K->32K(169984K)] 184689K->15249K(281600K), 0.0012379 secs] [Times: user=0.00 sys=0.00, real=0.00 secs] 
18.530: [GC (Allocation Failure) [PSYoungGen: 169504K->32K(169984K)] 184721K->15249K(281600K), 0.0014256 secs] [Times: user=0.00 sys=0.00, real=0.00 secs] 
18.587: [GC (Allocation Failure) [PSYoungGen: 169504K->32K(169984K)] 184721K->15249K(281600K), 0.0014116 secs] [Times: user=0.00 sys=0.00, real=0.00 secs] 
18.652: [GC (Allocation Failure) [PSYoungGen: 169504K->32K(169984K)] 184721K->15249K(281600K), 0.0012162 secs] [Times: user=0.00 sys=0.00, real=0.00 secs] 
18.715: [GC (Allocation Failure) [PSYoungGen: 169504K->32K(169984K)] 184721K->15249K(281600K), 0.0012121 secs] [Times: user=0.00 sys=0.00, real=0.00 secs] 
18.782: [GC (Allocation Failure) [PSYoungGen: 169504K->32K(169984K)] 184721K->15249K(281600K), 0.0012984 secs] [Times: user=0.00 sys=0.00, real=0.00 secs] 
18.844: [GC (Allocation Failure) [PSYoungGen: 169504K->64K(169984K)] 184721K->15281K(281600K), 0.0013077 secs] [Times: user=0.00 sys=0.00, real=0.00 secs] 
18.901: [GC (Allocation Failure) [PSYoungGen: 169536K->0K(169984K)] 184753K->15241K(281600K), 0.0015613 secs] [Times: user=0.05 sys=0.02, real=0.00 secs] 
18.961: [GC (Allocation Failure) [PSYoungGen: 169472K->0K(169984K)] 184713K->15241K(281600K), 0.0012890 secs] [Times: user=0.00 sys=0.00, real=0.00 secs] 
19.035: [GC (Allocation Failure) [PSYoungGen: 169472K->32K(169984K)] 184713K->15273K(281600K), 0.0013604 secs] [Times: user=0.00 sys=0.00, real=0.00 secs] 
19.105: [GC (Allocation Failure) [PSYoungGen: 169504K->0K(169984K)] 184745K->15241K(281600K), 0.0016505 secs] [Times: user=0.00 sys=0.00, real=0.00 secs] 
19.172: [GC (Allocation Failure) [PSYoungGen: 169472K->32K(169984K)] 184713K->15273K(281600K), 0.0014725 secs] [Times: user=0.00 sys=0.00, real=0.00 secs] 
19.245: [GC (Allocation Failure) [PSYoungGen: 169504K->32K(169984K)] 184745K->15273K(281600K), 0.0013804 secs] [Times: user=0.08 sys=0.00, real=0.00 secs] 
19.320: [GC (Allocation Failure) [PSYoungGen: 169504K->0K(169984K)] 184745K->15241K(281600K), 0.0018452 secs] [Times: user=0.00 sys=0.00, real=0.00 secs] 
19.393: [GC (Allocation Failure) [PSYoungGen: 169472K->0K(169984K)] 184713K->15241K(281600K), 0.0016054 secs] [Times: user=0.00 sys=0.00, real=0.00 secs] 
19.455: [GC (Allocation Failure) [PSYoungGen: 169472K->32K(169984K)] 184713K->15273K(281600K), 0.0013091 secs] [Times: user=0.00 sys=0.00, real=0.00 secs] 
19.520: [GC (Allocation Failure) [PSYoungGen: 169504K->32K(169984K)] 184745K->15273K(281600K), 0.0015535 secs] [Times: user=0.00 sys=0.00, real=0.00 secs] 
19.592: [GC (Allocation Failure) [PSYoungGen: 169504K->32K(169984K)] 184745K->15273K(281600K), 0.0013944 secs] [Times: user=0.00 sys=0.00, real=0.00 secs] 
19.654: [GC (Allocation Failure) [PSYoungGen: 169504K->0K(169984K)] 184745K->15241K(281600K), 0.0013620 secs] [Times: user=0.00 sys=0.00, real=0.00 secs] 
19.724: [GC (Allocation Failure) [PSYoungGen: 169472K->32K(169984K)] 184713K->15273K(281600K), 0.0014446 secs] [Times: user=0.00 sys=0.00, real=0.00 secs] 
19.787: [GC (Allocation Failure) [PSYoungGen: 169504K->0K(169984K)] 184745K->15241K(281600K), 0.0015636 secs] [Times: user=0.00 sys=0.00, real=0.00 secs] 
19.859: [GC (Allocation Failure) [PSYoungGen: 169472K->128K(169984K)] 184713K->15369K(281600K), 0.0013698 secs] [Times: user=0.00 sys=0.00, real=0.00 secs] 
19.935: [GC (Allocation Failure) [PSYoungGen: 169600K->0K(169984K)] 184841K->15265K(281600K), 0.0013861 secs] [Times: user=0.00 sys=0.00, real=0.00 secs] 
20.000: [GC (Allocation Failure) [PSYoungGen: 169472K->0K(169984K)] 184737K->15265K(281600K), 0.0013520 secs] [Times: user=0.00 sys=0.00, real=0.00 secs] 
20.072: [GC (Allocation Failure) [PSYoungGen: 169472K->0K(169984K)] 184737K->15265K(281600K), 0.0016831 secs] [Times: user=0.02 sys=0.00, real=0.00 secs] 
20.137: [GC (Allocation Failure) [PSYoungGen: 169472K->32K(169984K)] 184737K->15297K(281600K), 0.0013914 secs] [Times: user=0.00 sys=0.00, real=0.00 secs] 
20.202: [GC (Allocation Failure) [PSYoungGen: 169504K->32K(169984K)] 184769K->15297K(281600K), 0.0014292 secs] [Times: user=0.00 sys=0.00, real=0.00 secs] 
20.312: [GC (Allocation Failure) [PSYoungGen: 169504K->32K(169984K)] 184769K->15297K(281600K), 0.0016223 secs] [Times: user=0.00 sys=0.00, real=0.00 secs] 
20.383: [GC (Allocation Failure) [PSYoungGen: 169504K->32K(169984K)] 184769K->15297K(281600K), 0.0014190 secs] [Times: user=0.00 sys=0.00, real=0.00 secs] 
20.459: [GC (Allocation Failure) [PSYoungGen: 169504K->0K(169984K)] 184769K->15265K(281600K), 0.0013484 secs] [Times: user=0.00 sys=0.00, real=0.00 secs] 
20.523: [GC (Allocation Failure) [PSYoungGen: 169472K->32K(169984K)] 184737K->15297K(281600K), 0.0013308 secs] [Times: user=0.00 sys=0.00, real=0.00 secs] 
20.598: [GC (Allocation Failure) [PSYoungGen: 169504K->0K(169984K)] 184769K->15265K(281600K), 0.0015398 secs] [Times: user=0.00 sys=0.00, real=0.00 secs] 
20.666: [GC (Allocation Failure) [PSYoungGen: 169472K->32K(169984K)] 184737K->15297K(281600K), 0.0014183 secs] [Times: user=0.11 sys=0.00, real=0.00 secs] 
20.736: [GC (Allocation Failure) [PSYoungGen: 169504K->32K(169984K)] 184769K->15297K(281600K), 0.0012125 secs] [Times: user=0.00 sys=0.00, real=0.00 secs] 
20.803: [GC (Allocation Failure) [PSYoungGen: 169504K->0K(169984K)] 184769K->15265K(281600K), 0.0014801 secs] [Times: user=0.00 sys=0.00, real=0.00 secs] 
20.863: [GC (Allocation Failure) [PSYoungGen: 169472K->96K(169984K)] 184737K->15361K(281600K), 0.0012342 secs] [Times: user=0.00 sys=0.00, real=0.00 secs] 
20.924: [GC (Allocation Failure) [PSYoungGen: 169568K->0K(169984K)] 184833K->15297K(281600K), 0.0012267 secs] [Times: user=0.00 sys=0.00, real=0.00 secs] 
20.993: [GC (Allocation Failure) [PSYoungGen: 169472K->0K(169984K)] 184769K->15297K(281600K), 0.0015542 secs] [Times: user=0.00 sys=0.00, real=0.00 secs] 
21.059: [GC (Allocation Failure) [PSYoungGen: 169472K->0K(169984K)] 184769K->15297K(281600K), 0.0014566 secs] [Times: user=0.00 sys=0.00, real=0.00 secs] 
21.124: [GC (Allocation Failure) [PSYoungGen: 169472K->32K(169984K)] 184769K->15329K(281600K), 0.0014740 secs] [Times: user=0.00 sys=0.00, real=0.00 secs] 
21.185: [GC (Allocation Failure) [PSYoungGen: 169504K->32K(169984K)] 184801K->15329K(281600K), 0.0012880 secs] [Times: user=0.00 sys=0.00, real=0.00 secs] 
21.249: [GC (Allocation Failure) [PSYoungGen: 169504K->32K(169984K)] 184801K->15329K(281600K), 0.0012456 secs] [Times: user=0.00 sys=0.00, real=0.00 secs] 
21.315: [GC (Allocation Failure) [PSYoungGen: 169504K->0K(169984K)] 184801K->15297K(281600K), 0.0015043 secs] [Times: user=0.00 sys=0.00, real=0.00 secs] 
21.381: [GC (Allocation Failure) [PSYoungGen: 169472K->0K(169984K)] 184769K->15297K(281600K), 0.0013167 secs] [Times: user=0.00 sys=0.00, real=0.00 secs] 
21.446: [GC (Allocation Failure) [PSYoungGen: 169472K->0K(169984K)] 184769K->15297K(281600K), 0.0014821 secs] [Times: user=0.00 sys=0.00, real=0.00 secs] 
21.510: [GC (Allocation Failure) [PSYoungGen: 169472K->0K(169984K)] 184769K->15297K(281600K), 0.0012794 secs] [Times: user=0.02 sys=0.01, real=0.00 secs] 
21.574: [GC (Allocation Failure) [PSYoungGen: 169472K->0K(169984K)] 184769K->15297K(281600K), 0.0013056 secs] [Times: user=0.00 sys=0.00, real=0.00 secs] 
21.637: [GC (Allocation Failure) [PSYoungGen: 169472K->32K(169984K)] 184769K->15329K(281600K), 0.0012164 secs] [Times: user=0.00 sys=0.00, real=0.00 secs] 
21.699: [GC (Allocation Failure) [PSYoungGen: 169504K->0K(169984K)] 184801K->15297K(281600K), 0.0014373 secs] [Times: user=0.00 sys=0.00, real=0.00 secs] 
21.758: [GC (Allocation Failure) [PSYoungGen: 169472K->0K(169984K)] 184769K->15297K(281600K), 0.0011998 secs] [Times: user=0.00 sys=0.00, real=0.00 secs] 
21.825: [GC (Allocation Failure) [PSYoungGen: 169472K->0K(169984K)] 184769K->15297K(281600K), 0.0013970 secs] [Times: user=0.00 sys=0.00, real=0.00 secs] 
21.889: [GC (Allocation Failure) [PSYoungGen: 169472K->96K(169984K)] 184769K->15393K(281600K), 0.0014894 secs] [Times: user=0.00 sys=0.00, real=0.00 secs] 
21.949: [GC (Allocation Failure) [PSYoungGen: 169568K->0K(169984K)] 184865K->15321K(281600K), 0.0015896 secs] [Times: user=0.00 sys=0.00, real=0.00 secs] 
22.015: [GC (Allocation Failure) [PSYoungGen: 169472K->32K(169984K)] 184793K->15353K(281600K), 0.0012116 secs] [Times: user=0.00 sys=0.00, real=0.00 secs] 
22.082: [GC (Allocation Failure) [PSYoungGen: 169504K->32K(169984K)] 184825K->15353K(281600K), 0.0015189 secs] [Times: user=0.00 sys=0.00, real=0.00 secs] 
22.151: [GC (Allocation Failure) [PSYoungGen: 169504K->0K(169984K)] 184825K->15321K(281600K), 0.0018109 secs] [Times: user=0.00 sys=0.00, real=0.00 secs] 
22.217: [GC (Allocation Failure) [PSYoungGen: 169472K->0K(169984K)] 184793K->15321K(281600K), 0.0013946 secs] [Times: user=0.00 sys=0.00, real=0.00 secs] 
22.275: [GC (Allocation Failure) [PSYoungGen: 169472K->32K(169984K)] 184793K->15353K(281600K), 0.0016183 secs] [Times: user=0.02 sys=0.00, real=0.00 secs] 
22.338: [GC (Allocation Failure) [PSYoungGen: 169504K->0K(169984K)] 184825K->15321K(281600K), 0.0012704 secs] [Times: user=0.09 sys=0.00, real=0.00 secs] 
22.411: [GC (Allocation Failure) [PSYoungGen: 169472K->0K(169984K)] 184793K->15321K(281600K), 0.0015340 secs] [Times: user=0.00 sys=0.00, real=0.00 secs] 
22.476: [GC (Allocation Failure) [PSYoungGen: 169472K->32K(169984K)] 184793K->15353K(281600K), 0.0016119 secs] [Times: user=0.00 sys=0.00, real=0.00 secs] 
22.549: [GC (Allocation Failure) [PSYoungGen: 169504K->32K(169984K)] 184825K->15353K(281600K), 0.0038104 secs] [Times: user=0.00 sys=0.00, real=0.00 secs] 
22.623: [GC (Allocation Failure) [PSYoungGen: 169504K->32K(169984K)] 184825K->15353K(281600K), 0.0013681 secs] [Times: user=0.00 sys=0.00, real=0.00 secs] 
22.694: [GC (Allocation Failure) [PSYoungGen: 169503K->32K(169984K)] 184825K->15353K(281600K), 0.0015202 secs] [Times: user=0.00 sys=0.00, real=0.00 secs] 
22.767: [GC (Allocation Failure) [PSYoungGen: 169504K->0K(169984K)] 184825K->15321K(281600K), 0.0013658 secs] [Times: user=0.00 sys=0.00, real=0.00 secs] 
22.843: [GC (Allocation Failure) [PSYoungGen: 169472K->32K(169984K)] 184793K->15353K(281600K), 0.0013243 secs] [Times: user=0.00 sys=0.00, real=0.00 secs] 
22.905: [GC (Allocation Failure) [PSYoungGen: 169504K->96K(169984K)] 184825K->15417K(281600K), 0.0014419 secs] [Times: user=0.00 sys=0.00, real=0.00 secs] 
22.963: [GC (Allocation Failure) [PSYoungGen: 169568K->0K(169984K)] 184889K->15353K(281600K), 0.0012616 secs] [Times: user=0.00 sys=0.00, real=0.00 secs] 
23.027: [GC (Allocation Failure) [PSYoungGen: 169465K->0K(169984K)] 184819K->15353K(281600K), 0.0013586 secs] [Times: user=0.00 sys=0.00, real=0.00 secs] 
23.098: [GC (Allocation Failure) [PSYoungGen: 169471K->0K(169984K)] 184825K->15353K(281600K), 0.0012824 secs] [Times: user=0.00 sys=0.00, real=0.00 secs] 
23.174: [GC (Allocation Failure) [PSYoungGen: 169472K->0K(169984K)] 184825K->15353K(281600K), 0.0016207 secs] [Times: user=0.00 sys=0.00, real=0.00 secs] 
23.289: [GC (Allocation Failure) [PSYoungGen: 169470K->0K(169984K)] 184824K->15353K(281600K), 0.0213487 secs] [Times: user=0.00 sys=0.00, real=0.02 secs] 
23.403: [GC (Allocation Failure) [PSYoungGen: 169472K->0K(169984K)] 184825K->15353K(281600K), 0.0018476 secs] [Times: user=0.00 sys=0.00, real=0.00 secs] 
23.486: [GC (Allocation Failure) [PSYoungGen: 169472K->0K(169984K)] 184825K->15353K(281600K), 0.0017737 secs] [Times: user=0.00 sys=0.00, real=0.00 secs] 
23.566: [GC (Allocation Failure) [PSYoungGen: 169472K->32K(169984K)] 184825K->15385K(281600K), 0.0015735 secs] [Times: user=0.00 sys=0.00, real=0.00 secs] 
23.645: [GC (Allocation Failure) [PSYoungGen: 169504K->0K(169984K)] 184857K->15353K(281600K), 0.0016414 secs] [Times: user=0.00 sys=0.00, real=0.00 secs] 
23.722: [GC (Allocation Failure) [PSYoungGen: 169472K->0K(169984K)] 184825K->15353K(281600K), 0.0019928 secs] [Times: user=0.00 sys=0.00, real=0.00 secs] 
23.799: [GC (Allocation Failure) [PSYoungGen: 169472K->0K(169984K)] 184825K->15353K(281600K), 0.0015467 secs] [Times: user=0.00 sys=0.00, real=0.00 secs] 
23.877: [GC (Allocation Failure) [PSYoungGen: 169472K->96K(169984K)] 184825K->15449K(281600K), 0.0014196 secs] [Times: user=0.00 sys=0.00, real=0.00 secs] 
23.953: [GC (Allocation Failure) [PSYoungGen: 169568K->0K(169984K)] 184921K->15377K(281600K), 0.0017331 secs] [Times: user=0.00 sys=0.00, real=0.00 secs] 
24.036: [GC (Allocation Failure) [PSYoungGen: 169472K->32K(169984K)] 184849K->15409K(281600K), 0.0017143 secs] [Times: user=0.00 sys=0.00, real=0.00 secs] 
24.114: [GC (Allocation Failure) [PSYoungGen: 169504K->0K(169984K)] 184881K->15377K(281600K), 0.0014179 secs] [Times: user=0.00 sys=0.00, real=0.00 secs] 
24.181: [GC (Allocation Failure) [PSYoungGen: 169472K->0K(169984K)] 184849K->15377K(281600K), 0.0016579 secs] [Times: user=0.00 sys=0.00, real=0.00 secs] 
24.257: [GC (Allocation Failure) [PSYoungGen: 169472K->0K(169984K)] 184849K->15377K(281600K), 0.0013542 secs] [Times: user=0.00 sys=0.00, real=0.00 secs] 
24.322: [GC (Allocation Failure) [PSYoungGen: 169472K->0K(169984K)] 184849K->15377K(281600K), 0.0014170 secs] [Times: user=0.09 sys=0.00, real=0.00 secs] 
24.399: [GC (Allocation Failure) [PSYoungGen: 169472K->0K(169984K)] 184849K->15377K(281600K), 0.0013228 secs] [Times: user=0.00 sys=0.00, real=0.00 secs] 
24.462: [GC (Allocation Failure) [PSYoungGen: 169472K->32K(169984K)] 184849K->15409K(281600K), 0.0013066 secs] [Times: user=0.00 sys=0.00, real=0.00 secs] 
24.531: [GC (Allocation Failure) [PSYoungGen: 169504K->64K(169984K)] 184881K->15441K(281600K), 0.0015128 secs] [Times: user=0.00 sys=0.00, real=0.00 secs] 
24.596: [GC (Allocation Failure) [PSYoungGen: 169536K->64K(169984K)] 184913K->15473K(281600K), 0.0014093 secs] [Times: user=0.00 sys=0.00, real=0.00 secs] 
24.663: [GC (Allocation Failure) [PSYoungGen: 169536K->32K(169984K)] 184945K->15449K(281600K), 0.0014110 secs] [Times: user=0.00 sys=0.00, real=0.00 secs] 
24.737: [GC (Allocation Failure) [PSYoungGen: 169504K->32K(169984K)] 184921K->15449K(281600K), 0.0015357 secs] [Times: user=0.00 sys=0.00, real=0.00 secs] 
24.796: [GC (Allocation Failure) [PSYoungGen: 169504K->32K(169984K)] 184921K->15449K(281600K), 0.0015099 secs] [Times: user=0.00 sys=0.00, real=0.00 secs] 
Heap
 PSYoungGen      total 169984K, used 168486K [0x00000000f5980000, 0x0000000100000000, 0x0000000100000000)
  eden space 169472K, 99% used [0x00000000f5980000,0x00000000ffe01950,0x00000000fff00000)
  from space 512K, 6% used [0x00000000fff80000,0x00000000fff88000,0x0000000100000000)
  to   space 512K, 0% used [0x00000000fff00000,0x00000000fff00000,0x00000000fff80000)
 ParOldGen       total 111616K, used 15417K [0x00000000e0c00000, 0x00000000e7900000, 0x00000000f5980000)
  object space 111616K, 13% used [0x00000000e0c00000,0x00000000e1b0e748,0x00000000e7900000)
 Metaspace       used 26947K, capacity 28778K, committed 29056K, reserved 1075200K
  class space    used 3616K, capacity 3941K, committed 3968K, reserved 1048576K
