[0.013s][info][gc,init] CardTable entry size: 512
[0.013s][info][gc     ] Using G1
[0.015s][info][gc,init] Version: 18.0.1.1+2-6 (release)
[0.015s][info][gc,init] CPUs: 8 total, 8 available
[0.015s][info][gc,init] Memory: 16384M
[0.015s][info][gc,init] Large Page Support: Disabled
[0.015s][info][gc,init] NUMA Support: Disabled
[0.015s][info][gc,init] Compressed Oops: Enabled (Zero based)
[0.015s][info][gc,init] Heap Region Size: 2M
[0.015s][info][gc,init] Heap Min Capacity: 8M
[0.015s][info][gc,init] Heap Initial Capacity: 256M
[0.015s][info][gc,init] Heap Max Capacity: 4G
[0.015s][info][gc,init] Pre-touch: Disabled
[0.015s][info][gc,init] Parallel Workers: 8
[0.015s][info][gc,init] Concurrent Workers: 2
[0.015s][info][gc,init] Concurrent Refinement Workers: 8
[0.015s][info][gc,init] Periodic GC: Disabled
[0.016s][info][gc,metaspace] CDS archive(s) mapped at: [0x0000000800000000-0x0000000800ba8000-0x0000000800ba8000), size 12222464, SharedBaseAddress: 0x0000000800000000, ArchiveRelocationMode: 0.
[0.016s][info][gc,metaspace] Compressed class space mapped at: 0x0000000800c00000-0x0000000840c00000, reserved size: 1073741824
[0.016s][info][gc,metaspace] Narrow klass base: 0x0000000800000000, Narrow klass shift: 0, Narrow klass range: 0x100000000
[5.596s][info][gc,start    ] GC(0) Pause Young (Normal) (G1 Evacuation Pause)
[5.596s][info][gc,task     ] GC(0) Using 6 workers of 8 for evacuation
[5.601s][info][gc,phases   ] GC(0)   Pre Evacuate Collection Set: 0.1ms
[5.601s][info][gc,phases   ] GC(0)   Merge Heap Roots: 0.1ms
[5.601s][info][gc,phases   ] GC(0)   Evacuate Collection Set: 3.3ms
[5.601s][info][gc,phases   ] GC(0)   Post Evacuate Collection Set: 0.6ms
[5.601s][info][gc,phases   ] GC(0)   Other: 0.6ms
[5.601s][info][gc,heap     ] GC(0) Eden regions: 11->0(13)
[5.601s][info][gc,heap     ] GC(0) Survivor regions: 0->2(2)
[5.601s][info][gc,heap     ] GC(0) Old regions: 0->2
[5.601s][info][gc,heap     ] GC(0) Archive regions: 2->2
[5.601s][info][gc,heap     ] GC(0) Humongous regions: 0->0
[5.601s][info][gc,metaspace] GC(0) Metaspace: 7695K(7936K)->7695K(7936K) NonClass: 6781K(6912K)->6781K(6912K) Class: 913K(1024K)->913K(1024K)
[5.601s][info][gc          ] GC(0) Pause Young (Normal) (G1 Evacuation Pause) 23M->7M(260M) 5.192ms
[5.601s][info][gc,cpu      ] GC(0) User=0.02s Sys=0.01s Real=0.00s
[5.932s][info][gc,start    ] GC(1) Pause Young (Normal) (G1 Evacuation Pause)
[5.932s][info][gc,task     ] GC(1) Using 6 workers of 8 for evacuation
[5.936s][info][gc,phases   ] GC(1)   Pre Evacuate Collection Set: 0.1ms
[5.936s][info][gc,phases   ] GC(1)   Merge Heap Roots: 0.2ms
[5.936s][info][gc,phases   ] GC(1)   Evacuate Collection Set: 3.5ms
[5.936s][info][gc,phases   ] GC(1)   Post Evacuate Collection Set: 0.6ms
[5.936s][info][gc,phases   ] GC(1)   Other: 0.1ms
[5.936s][info][gc,heap     ] GC(1) Eden regions: 13->0(75)
[5.936s][info][gc,heap     ] GC(1) Survivor regions: 2->1(2)
[5.936s][info][gc,heap     ] GC(1) Old regions: 2->3
[5.936s][info][gc,heap     ] GC(1) Archive regions: 2->2
[5.936s][info][gc,heap     ] GC(1) Humongous regions: 0->0
[5.936s][info][gc,metaspace] GC(1) Metaspace: 14300K(14592K)->14300K(14592K) NonClass: 12497K(12672K)->12497K(12672K) Class: 1803K(1920K)->1803K(1920K)
[5.936s][info][gc          ] GC(1) Pause Young (Normal) (G1 Evacuation Pause) 33M->9M(260M) 4.596ms
[5.936s][info][gc,cpu      ] GC(1) User=0.02s Sys=0.00s Real=0.01s
[6.631s][info][gc,start    ] GC(2) Pause Young (Concurrent Start) (Metadata GC Threshold)
[6.632s][info][gc,task     ] GC(2) Using 8 workers of 8 for evacuation
[6.637s][info][gc,phases   ] GC(2)   Pre Evacuate Collection Set: 0.2ms
[6.637s][info][gc,phases   ] GC(2)   Merge Heap Roots: 0.1ms
[6.637s][info][gc,phases   ] GC(2)   Evacuate Collection Set: 4.6ms
[6.637s][info][gc,phases   ] GC(2)   Post Evacuate Collection Set: 0.7ms
[6.637s][info][gc,phases   ] GC(2)   Other: 0.1ms
[6.637s][info][gc,heap     ] GC(2) Eden regions: 22->0(73)
[6.637s][info][gc,heap     ] GC(2) Survivor regions: 1->3(10)
[6.637s][info][gc,heap     ] GC(2) Old regions: 3->3
[6.637s][info][gc,heap     ] GC(2) Archive regions: 2->2
[6.637s][info][gc,heap     ] GC(2) Humongous regions: 0->0
[6.637s][info][gc,metaspace] GC(2) Metaspace: 21230K(21504K)->21230K(21504K) NonClass: 18523K(18688K)->18523K(18688K) Class: 2706K(2816K)->2706K(2816K)
[6.638s][info][gc          ] GC(2) Pause Young (Concurrent Start) (Metadata GC Threshold) 53M->13M(260M) 6.039ms
[6.638s][info][gc          ] GC(3) Concurrent Mark Cycle
[6.638s][info][gc,cpu      ] GC(2) User=0.03s Sys=0.00s Real=0.01s
[6.638s][info][gc,marking  ] GC(3) Concurrent Clear Claimed Marks
[6.638s][info][gc,marking  ] GC(3) Concurrent Clear Claimed Marks 0.049ms
[6.638s][info][gc,marking  ] GC(3) Concurrent Scan Root Regions
[6.642s][info][gc,marking  ] GC(3) Concurrent Scan Root Regions 3.880ms
[6.642s][info][gc,marking  ] GC(3) Concurrent Mark
[6.642s][info][gc,marking  ] GC(3) Concurrent Mark From Roots
[6.642s][info][gc,task     ] GC(3) Using 2 workers of 2 for marking
[6.647s][info][gc,marking  ] GC(3) Concurrent Mark From Roots 5.080ms
[6.647s][info][gc,marking  ] GC(3) Concurrent Preclean
[6.647s][info][gc,marking  ] GC(3) Concurrent Preclean 0.053ms
[6.647s][info][gc,start    ] GC(3) Pause Remark
[6.648s][info][gc          ] GC(3) Pause Remark 14M->14M(60M) 1.667ms
[6.649s][info][gc,cpu      ] GC(3) User=0.00s Sys=0.00s Real=0.00s
[6.649s][info][gc,marking  ] GC(3) Concurrent Mark 7.054ms
[6.649s][info][gc,marking  ] GC(3) Concurrent Rebuild Remembered Sets
[6.649s][info][gc,marking  ] GC(3) Concurrent Rebuild Remembered Sets 0.015ms
[6.649s][info][gc,start    ] GC(3) Pause Cleanup
[6.649s][info][gc          ] GC(3) Pause Cleanup 14M->14M(60M) 0.034ms
[6.649s][info][gc,cpu      ] GC(3) User=0.00s Sys=0.00s Real=0.00s
[6.649s][info][gc,marking  ] GC(3) Concurrent Cleanup for Next Mark
[6.649s][info][gc,marking  ] GC(3) Concurrent Cleanup for Next Mark 0.599ms
[6.650s][info][gc          ] GC(3) Concurrent Mark Cycle 11.997ms
[27.361s][info][gc,start    ] GC(4) Pause Young (Concurrent Start) (G1 Humongous Allocation)
[27.361s][info][gc,task     ] GC(4) Using 8 workers of 8 for evacuation
[27.373s][info][gc,phases   ] GC(4)   Pre Evacuate Collection Set: 0.3ms
[27.373s][info][gc,phases   ] GC(4)   Merge Heap Roots: 0.1ms
[27.373s][info][gc,phases   ] GC(4)   Evacuate Collection Set: 10.5ms
[27.373s][info][gc,phases   ] GC(4)   Post Evacuate Collection Set: 0.8ms
[27.373s][info][gc,phases   ] GC(4)   Other: 0.3ms
[27.373s][info][gc,heap     ] GC(4) Eden regions: 21->0(13)
[27.373s][info][gc,heap     ] GC(4) Survivor regions: 3->5(10)
[27.373s][info][gc,heap     ] GC(4) Old regions: 3->3
[27.373s][info][gc,heap     ] GC(4) Archive regions: 2->2
[27.373s][info][gc,heap     ] GC(4) Humongous regions: 0->0
[27.373s][info][gc,metaspace] GC(4) Metaspace: 28926K(29312K)->28926K(29312K) NonClass: 25387K(25600K)->25387K(25600K) Class: 3539K(3712K)->3539K(3712K)
[27.373s][info][gc          ] GC(4) Pause Young (Concurrent Start) (G1 Humongous Allocation) 55M->16M(68M) 12.284ms
[27.373s][info][gc          ] GC(5) Concurrent Undo Cycle
[27.373s][info][gc,cpu      ] GC(4) User=0.03s Sys=0.01s Real=0.02s
[27.373s][info][gc,marking  ] GC(5) Concurrent Cleanup for Next Mark
[27.373s][info][gc,marking  ] GC(5) Concurrent Cleanup for Next Mark 0.061ms
[27.373s][info][gc          ] GC(5) Concurrent Undo Cycle 0.132ms
[28.041s][info][gc,start    ] GC(6) Pause Young (Concurrent Start) (G1 Humongous Allocation)
[28.042s][info][gc,task     ] GC(6) Using 8 workers of 8 for evacuation
[28.057s][info][gc,phases   ] GC(6)   Pre Evacuate Collection Set: 0.6ms
[28.057s][info][gc,phases   ] GC(6)   Merge Heap Roots: 0.2ms
[28.057s][info][gc,phases   ] GC(6)   Evacuate Collection Set: 12.9ms
[28.057s][info][gc,phases   ] GC(6)   Post Evacuate Collection Set: 1.1ms
[28.057s][info][gc,phases   ] GC(6)   Other: 0.2ms
[28.057s][info][gc,heap     ] GC(6) Eden regions: 1->0(75)
[28.057s][info][gc,heap     ] GC(6) Survivor regions: 5->1(3)
[28.057s][info][gc,heap     ] GC(6) Old regions: 3->8
[28.057s][info][gc,heap     ] GC(6) Archive regions: 2->2
[28.057s][info][gc,heap     ] GC(6) Humongous regions: 96->0
[28.057s][info][gc,metaspace] GC(6) Metaspace: 29076K(29440K)->29076K(29440K) NonClass: 25519K(25728K)->25519K(25728K) Class: 3556K(3712K)->3556K(3712K)
[28.057s][info][gc          ] GC(6) Pause Young (Concurrent Start) (G1 Humongous Allocation) 210M->17M(254M) 15.558ms
[28.057s][info][gc,cpu      ] GC(6) User=0.07s Sys=0.01s Real=0.02s
[28.057s][info][gc          ] GC(7) Concurrent Undo Cycle
[28.057s][info][gc,marking  ] GC(7) Concurrent Cleanup for Next Mark
[28.057s][info][gc,marking  ] GC(7) Concurrent Cleanup for Next Mark 0.100ms
[28.057s][info][gc          ] GC(7) Concurrent Undo Cycle 0.227ms
[28.585s][info][gc,start    ] GC(8) Pause Young (Concurrent Start) (G1 Humongous Allocation)
[28.585s][info][gc,task     ] GC(8) Using 8 workers of 8 for evacuation
[28.589s][info][gc,phases   ] GC(8)   Pre Evacuate Collection Set: 0.4ms
[28.589s][info][gc,phases   ] GC(8)   Merge Heap Roots: 0.2ms
[28.589s][info][gc,phases   ] GC(8)   Evacuate Collection Set: 1.5ms
[28.589s][info][gc,phases   ] GC(8)   Post Evacuate Collection Set: 1.0ms
[28.589s][info][gc,phases   ] GC(8)   Other: 0.3ms
[28.589s][info][gc,heap     ] GC(8) Eden regions: 1->0(75)
[28.589s][info][gc,heap     ] GC(8) Survivor regions: 1->1(10)
[28.589s][info][gc,heap     ] GC(8) Old regions: 8->8
[28.589s][info][gc,heap     ] GC(8) Archive regions: 2->2
[28.589s][info][gc,heap     ] GC(8) Humongous regions: 96->0
[28.589s][info][gc,metaspace] GC(8) Metaspace: 29076K(29440K)->29076K(29440K) NonClass: 25519K(25728K)->25519K(25728K) Class: 3556K(3712K)->3556K(3712K)
[28.589s][info][gc          ] GC(8) Pause Young (Concurrent Start) (G1 Humongous Allocation) 210M->16M(254M) 4.102ms
[28.589s][info][gc,cpu      ] GC(8) User=0.01s Sys=0.00s Real=0.00s
[28.589s][info][gc          ] GC(9) Concurrent Undo Cycle
[28.590s][info][gc,marking  ] GC(9) Concurrent Cleanup for Next Mark
[28.590s][info][gc,marking  ] GC(9) Concurrent Cleanup for Next Mark 0.157ms
[28.590s][info][gc          ] GC(9) Concurrent Undo Cycle 0.489ms
[29.113s][info][gc,start    ] GC(10) Pause Young (Concurrent Start) (G1 Humongous Allocation)
[29.114s][info][gc,task     ] GC(10) Using 8 workers of 8 for evacuation
[29.117s][info][gc,phases   ] GC(10)   Pre Evacuate Collection Set: 0.4ms
[29.117s][info][gc,phases   ] GC(10)   Merge Heap Roots: 0.2ms
[29.117s][info][gc,phases   ] GC(10)   Evacuate Collection Set: 1.2ms
[29.117s][info][gc,phases   ] GC(10)   Post Evacuate Collection Set: 1.0ms
[29.117s][info][gc,phases   ] GC(10)   Other: 0.2ms
[29.117s][info][gc,heap     ] GC(10) Eden regions: 1->0(75)
[29.117s][info][gc,heap     ] GC(10) Survivor regions: 1->1(10)
[29.117s][info][gc,heap     ] GC(10) Old regions: 8->8
[29.117s][info][gc,heap     ] GC(10) Archive regions: 2->2
[29.117s][info][gc,heap     ] GC(10) Humongous regions: 96->0
[29.117s][info][gc,metaspace] GC(10) Metaspace: 29076K(29440K)->29076K(29440K) NonClass: 25519K(25728K)->25519K(25728K) Class: 3556K(3712K)->3556K(3712K)
[29.117s][info][gc          ] GC(10) Pause Young (Concurrent Start) (G1 Humongous Allocation) 210M->16M(254M) 3.666ms
[29.117s][info][gc,cpu      ] GC(10) User=0.01s Sys=0.01s Real=0.00s
[29.117s][info][gc          ] GC(11) Concurrent Undo Cycle
[29.117s][info][gc,marking  ] GC(11) Concurrent Cleanup for Next Mark
[29.118s][info][gc,marking  ] GC(11) Concurrent Cleanup for Next Mark 0.255ms
[29.118s][info][gc          ] GC(11) Concurrent Undo Cycle 0.716ms
[29.639s][info][gc,start    ] GC(12) Pause Young (Concurrent Start) (G1 Humongous Allocation)
[29.639s][info][gc,task     ] GC(12) Using 8 workers of 8 for evacuation
[29.642s][info][gc,phases   ] GC(12)   Pre Evacuate Collection Set: 0.5ms
[29.642s][info][gc,phases   ] GC(12)   Merge Heap Roots: 0.2ms
[29.642s][info][gc,phases   ] GC(12)   Evacuate Collection Set: 1.4ms
[29.642s][info][gc,phases   ] GC(12)   Post Evacuate Collection Set: 0.6ms
[29.642s][info][gc,phases   ] GC(12)   Other: 0.2ms
[29.642s][info][gc,heap     ] GC(12) Eden regions: 2->0(75)
[29.642s][info][gc,heap     ] GC(12) Survivor regions: 1->1(10)
[29.642s][info][gc,heap     ] GC(12) Old regions: 8->8
[29.642s][info][gc,heap     ] GC(12) Archive regions: 2->2
[29.642s][info][gc,heap     ] GC(12) Humongous regions: 96->0
[29.642s][info][gc,metaspace] GC(12) Metaspace: 29076K(29440K)->29076K(29440K) NonClass: 25519K(25728K)->25519K(25728K) Class: 3556K(3712K)->3556K(3712K)
[29.642s][info][gc          ] GC(12) Pause Young (Concurrent Start) (G1 Humongous Allocation) 210M->16M(254M) 3.367ms
[29.642s][info][gc,cpu      ] GC(12) User=0.01s Sys=0.00s Real=0.00s
[29.642s][info][gc          ] GC(13) Concurrent Undo Cycle
[29.642s][info][gc,marking  ] GC(13) Concurrent Cleanup for Next Mark
[29.642s][info][gc,marking  ] GC(13) Concurrent Cleanup for Next Mark 0.129ms
[29.642s][info][gc          ] GC(13) Concurrent Undo Cycle 0.298ms
[30.157s][info][gc,start    ] GC(14) Pause Young (Concurrent Start) (G1 Humongous Allocation)
[30.157s][info][gc,task     ] GC(14) Using 8 workers of 8 for evacuation
[30.158s][info][gc,phases   ] GC(14)   Pre Evacuate Collection Set: 0.1ms
[30.159s][info][gc,phases   ] GC(14)   Merge Heap Roots: 0.0ms
[30.159s][info][gc,phases   ] GC(14)   Evacuate Collection Set: 0.7ms
[30.159s][info][gc,phases   ] GC(14)   Post Evacuate Collection Set: 0.4ms
[30.159s][info][gc,phases   ] GC(14)   Other: 0.1ms
[30.159s][info][gc,heap     ] GC(14) Eden regions: 1->0(75)
[30.159s][info][gc,heap     ] GC(14) Survivor regions: 1->1(10)
[30.159s][info][gc,heap     ] GC(14) Old regions: 8->8
[30.159s][info][gc,heap     ] GC(14) Archive regions: 2->2
[30.159s][info][gc,heap     ] GC(14) Humongous regions: 96->0
[30.159s][info][gc,metaspace] GC(14) Metaspace: 29076K(29440K)->29076K(29440K) NonClass: 25519K(25728K)->25519K(25728K) Class: 3556K(3712K)->3556K(3712K)
[30.159s][info][gc          ] GC(14) Pause Young (Concurrent Start) (G1 Humongous Allocation) 209M->16M(254M) 1.604ms
[30.159s][info][gc          ] GC(15) Concurrent Undo Cycle
[30.159s][info][gc,cpu      ] GC(14) User=0.00s Sys=0.00s Real=0.00s
[30.159s][info][gc,marking  ] GC(15) Concurrent Cleanup for Next Mark
[30.159s][info][gc,marking  ] GC(15) Concurrent Cleanup for Next Mark 0.087ms
[30.159s][info][gc          ] GC(15) Concurrent Undo Cycle 0.166ms
[30.671s][info][gc,start    ] GC(16) Pause Young (Concurrent Start) (G1 Humongous Allocation)
[30.671s][info][gc,task     ] GC(16) Using 8 workers of 8 for evacuation
[30.672s][info][gc,phases   ] GC(16)   Pre Evacuate Collection Set: 0.1ms
[30.672s][info][gc,phases   ] GC(16)   Merge Heap Roots: 0.0ms
[30.672s][info][gc,phases   ] GC(16)   Evacuate Collection Set: 0.4ms
[30.672s][info][gc,phases   ] GC(16)   Post Evacuate Collection Set: 0.5ms
[30.672s][info][gc,phases   ] GC(16)   Other: 0.0ms
[30.672s][info][gc,heap     ] GC(16) Eden regions: 2->0(75)
[30.672s][info][gc,heap     ] GC(16) Survivor regions: 1->1(10)
[30.672s][info][gc,heap     ] GC(16) Old regions: 8->8
[30.672s][info][gc,heap     ] GC(16) Archive regions: 2->2
[30.672s][info][gc,heap     ] GC(16) Humongous regions: 96->0
[30.672s][info][gc,metaspace] GC(16) Metaspace: 29076K(29440K)->29076K(29440K) NonClass: 25519K(25728K)->25519K(25728K) Class: 3556K(3712K)->3556K(3712K)
[30.672s][info][gc          ] GC(16) Pause Young (Concurrent Start) (G1 Humongous Allocation) 211M->16M(254M) 1.330ms
[30.672s][info][gc,cpu      ] GC(16) User=0.00s Sys=0.00s Real=0.00s
[30.672s][info][gc          ] GC(17) Concurrent Undo Cycle
[30.672s][info][gc,marking  ] GC(17) Concurrent Cleanup for Next Mark
[30.672s][info][gc,marking  ] GC(17) Concurrent Cleanup for Next Mark 0.047ms
[30.672s][info][gc          ] GC(17) Concurrent Undo Cycle 0.113ms
[31.181s][info][gc,start    ] GC(18) Pause Young (Concurrent Start) (G1 Humongous Allocation)
[31.181s][info][gc,task     ] GC(18) Using 8 workers of 8 for evacuation
[31.182s][info][gc,phases   ] GC(18)   Pre Evacuate Collection Set: 0.2ms
[31.182s][info][gc,phases   ] GC(18)   Merge Heap Roots: 0.0ms
[31.182s][info][gc,phases   ] GC(18)   Evacuate Collection Set: 0.5ms
[31.182s][info][gc,phases   ] GC(18)   Post Evacuate Collection Set: 0.3ms
[31.182s][info][gc,phases   ] GC(18)   Other: 0.1ms
[31.182s][info][gc,heap     ] GC(18) Eden regions: 1->0(75)
[31.182s][info][gc,heap     ] GC(18) Survivor regions: 1->1(10)
[31.182s][info][gc,heap     ] GC(18) Old regions: 8->8
[31.183s][info][gc,heap     ] GC(18) Archive regions: 2->2
[31.183s][info][gc,heap     ] GC(18) Humongous regions: 96->0
[31.183s][info][gc,metaspace] GC(18) Metaspace: 29076K(29440K)->29076K(29440K) NonClass: 25519K(25728K)->25519K(25728K) Class: 3556K(3712K)->3556K(3712K)
[31.183s][info][gc          ] GC(18) Pause Young (Concurrent Start) (G1 Humongous Allocation) 209M->16M(254M) 1.463ms
[31.183s][info][gc,cpu      ] GC(18) User=0.00s Sys=0.00s Real=0.00s
[31.183s][info][gc          ] GC(19) Concurrent Undo Cycle
[31.183s][info][gc,marking  ] GC(19) Concurrent Cleanup for Next Mark
[31.183s][info][gc,marking  ] GC(19) Concurrent Cleanup for Next Mark 0.064ms
[31.183s][info][gc          ] GC(19) Concurrent Undo Cycle 0.135ms
[31.689s][info][gc,start    ] GC(20) Pause Young (Concurrent Start) (G1 Humongous Allocation)
[31.689s][info][gc,task     ] GC(20) Using 8 workers of 8 for evacuation
[31.690s][info][gc,phases   ] GC(20)   Pre Evacuate Collection Set: 0.1ms
[31.690s][info][gc,phases   ] GC(20)   Merge Heap Roots: 0.0ms
[31.690s][info][gc,phases   ] GC(20)   Evacuate Collection Set: 0.4ms
[31.690s][info][gc,phases   ] GC(20)   Post Evacuate Collection Set: 0.3ms
[31.690s][info][gc,phases   ] GC(20)   Other: 0.1ms
[31.690s][info][gc,heap     ] GC(20) Eden regions: 2->0(75)
[31.691s][info][gc,heap     ] GC(20) Survivor regions: 1->1(10)
[31.691s][info][gc,heap     ] GC(20) Old regions: 8->8
[31.691s][info][gc,heap     ] GC(20) Archive regions: 2->2
[31.691s][info][gc,heap     ] GC(20) Humongous regions: 96->0
[31.691s][info][gc,metaspace] GC(20) Metaspace: 29076K(29440K)->29076K(29440K) NonClass: 25519K(25728K)->25519K(25728K) Class: 3556K(3712K)->3556K(3712K)
[31.691s][info][gc          ] GC(20) Pause Young (Concurrent Start) (G1 Humongous Allocation) 210M->16M(254M) 1.209ms
[31.691s][info][gc,cpu      ] GC(20) User=0.00s Sys=0.00s Real=0.00s
[31.691s][info][gc          ] GC(21) Concurrent Undo Cycle
[31.691s][info][gc,marking  ] GC(21) Concurrent Cleanup for Next Mark
[31.691s][info][gc,marking  ] GC(21) Concurrent Cleanup for Next Mark 0.061ms
[31.691s][info][gc          ] GC(21) Concurrent Undo Cycle 0.138ms
[32.201s][info][gc,start    ] GC(22) Pause Young (Concurrent Start) (G1 Humongous Allocation)
[32.201s][info][gc,task     ] GC(22) Using 8 workers of 8 for evacuation
[32.202s][info][gc,phases   ] GC(22)   Pre Evacuate Collection Set: 0.2ms
[32.202s][info][gc,phases   ] GC(22)   Merge Heap Roots: 0.1ms
[32.202s][info][gc,phases   ] GC(22)   Evacuate Collection Set: 0.5ms
[32.202s][info][gc,phases   ] GC(22)   Post Evacuate Collection Set: 0.4ms
[32.202s][info][gc,phases   ] GC(22)   Other: 0.0ms
[32.202s][info][gc,heap     ] GC(22) Eden regions: 1->0(75)
[32.202s][info][gc,heap     ] GC(22) Survivor regions: 1->1(10)
[32.202s][info][gc,heap     ] GC(22) Old regions: 8->8
[32.203s][info][gc,heap     ] GC(22) Archive regions: 2->2
[32.203s][info][gc,heap     ] GC(22) Humongous regions: 96->0
[32.203s][info][gc,metaspace] GC(22) Metaspace: 29076K(29440K)->29076K(29440K) NonClass: 25519K(25728K)->25519K(25728K) Class: 3556K(3712K)->3556K(3712K)
[32.203s][info][gc          ] GC(22) Pause Young (Concurrent Start) (G1 Humongous Allocation) 209M->16M(254M) 1.502ms
[32.203s][info][gc,cpu      ] GC(22) User=0.01s Sys=0.00s Real=0.00s
[32.203s][info][gc          ] GC(23) Concurrent Undo Cycle
[32.203s][info][gc,marking  ] GC(23) Concurrent Cleanup for Next Mark
[32.203s][info][gc,marking  ] GC(23) Concurrent Cleanup for Next Mark 0.071ms
[32.203s][info][gc          ] GC(23) Concurrent Undo Cycle 0.119ms
[32.714s][info][gc,start    ] GC(24) Pause Young (Concurrent Start) (G1 Humongous Allocation)
[32.714s][info][gc,task     ] GC(24) Using 8 workers of 8 for evacuation
[32.717s][info][gc,phases   ] GC(24)   Pre Evacuate Collection Set: 0.5ms
[32.717s][info][gc,phases   ] GC(24)   Merge Heap Roots: 0.2ms
[32.718s][info][gc,phases   ] GC(24)   Evacuate Collection Set: 1.3ms
[32.718s][info][gc,phases   ] GC(24)   Post Evacuate Collection Set: 0.6ms
[32.718s][info][gc,phases   ] GC(24)   Other: 0.5ms
[32.718s][info][gc,heap     ] GC(24) Eden regions: 2->0(75)
[32.718s][info][gc,heap     ] GC(24) Survivor regions: 1->1(10)
[32.718s][info][gc,heap     ] GC(24) Old regions: 8->8
[32.718s][info][gc,heap     ] GC(24) Archive regions: 2->2
[32.718s][info][gc,heap     ] GC(24) Humongous regions: 96->0
[32.718s][info][gc,metaspace] GC(24) Metaspace: 29076K(29440K)->29076K(29440K) NonClass: 25519K(25728K)->25519K(25728K) Class: 3556K(3712K)->3556K(3712K)
[32.718s][info][gc          ] GC(24) Pause Young (Concurrent Start) (G1 Humongous Allocation) 211M->16M(254M) 3.819ms
[32.718s][info][gc,cpu      ] GC(24) User=0.00s Sys=0.00s Real=0.00s
[32.718s][info][gc          ] GC(25) Concurrent Undo Cycle
[32.718s][info][gc,marking  ] GC(25) Concurrent Cleanup for Next Mark
[32.718s][info][gc,marking  ] GC(25) Concurrent Cleanup for Next Mark 0.115ms
[32.718s][info][gc          ] GC(25) Concurrent Undo Cycle 0.242ms
[33.237s][info][gc,start    ] GC(26) Pause Young (Concurrent Start) (G1 Humongous Allocation)
[33.237s][info][gc,task     ] GC(26) Using 8 workers of 8 for evacuation
[33.239s][info][gc,phases   ] GC(26)   Pre Evacuate Collection Set: 0.2ms
[33.239s][info][gc,phases   ] GC(26)   Merge Heap Roots: 0.1ms
[33.239s][info][gc,phases   ] GC(26)   Evacuate Collection Set: 0.9ms
[33.239s][info][gc,phases   ] GC(26)   Post Evacuate Collection Set: 0.4ms
[33.239s][info][gc,phases   ] GC(26)   Other: 0.1ms
[33.239s][info][gc,heap     ] GC(26) Eden regions: 1->0(75)
[33.239s][info][gc,heap     ] GC(26) Survivor regions: 1->1(10)
[33.239s][info][gc,heap     ] GC(26) Old regions: 8->8
[33.239s][info][gc,heap     ] GC(26) Archive regions: 2->2
[33.239s][info][gc,heap     ] GC(26) Humongous regions: 96->0
[33.239s][info][gc,metaspace] GC(26) Metaspace: 29078K(29440K)->29078K(29440K) NonClass: 25521K(25728K)->25521K(25728K) Class: 3557K(3712K)->3557K(3712K)
[33.239s][info][gc          ] GC(26) Pause Young (Concurrent Start) (G1 Humongous Allocation) 209M->16M(254M) 1.994ms
[33.239s][info][gc,cpu      ] GC(26) User=0.00s Sys=0.00s Real=0.00s
[33.239s][info][gc          ] GC(27) Concurrent Undo Cycle
[33.239s][info][gc,marking  ] GC(27) Concurrent Cleanup for Next Mark
[33.239s][info][gc,marking  ] GC(27) Concurrent Cleanup for Next Mark 0.090ms
[33.239s][info][gc          ] GC(27) Concurrent Undo Cycle 0.219ms
[33.753s][info][gc,start    ] GC(28) Pause Young (Concurrent Start) (G1 Humongous Allocation)
[33.754s][info][gc,task     ] GC(28) Using 8 workers of 8 for evacuation
[33.756s][info][gc,phases   ] GC(28)   Pre Evacuate Collection Set: 0.3ms
[33.757s][info][gc,phases   ] GC(28)   Merge Heap Roots: 0.2ms
[33.757s][info][gc,phases   ] GC(28)   Evacuate Collection Set: 1.2ms
[33.757s][info][gc,phases   ] GC(28)   Post Evacuate Collection Set: 0.8ms
[33.757s][info][gc,phases   ] GC(28)   Other: 0.3ms
[33.757s][info][gc,heap     ] GC(28) Eden regions: 2->0(75)
[33.757s][info][gc,heap     ] GC(28) Survivor regions: 1->1(10)
[33.757s][info][gc,heap     ] GC(28) Old regions: 8->8
[33.757s][info][gc,heap     ] GC(28) Archive regions: 2->2
[33.757s][info][gc,heap     ] GC(28) Humongous regions: 96->0
[33.757s][info][gc,metaspace] GC(28) Metaspace: 29078K(29440K)->29078K(29440K) NonClass: 25521K(25728K)->25521K(25728K) Class: 3557K(3712K)->3557K(3712K)
[33.757s][info][gc          ] GC(28) Pause Young (Concurrent Start) (G1 Humongous Allocation) 211M->16M(254M) 3.461ms
[33.757s][info][gc,cpu      ] GC(28) User=0.00s Sys=0.00s Real=0.00s
[33.757s][info][gc          ] GC(29) Concurrent Undo Cycle
[33.757s][info][gc,marking  ] GC(29) Concurrent Cleanup for Next Mark
[33.757s][info][gc,marking  ] GC(29) Concurrent Cleanup for Next Mark 0.144ms
[33.757s][info][gc          ] GC(29) Concurrent Undo Cycle 0.328ms
[34.277s][info][gc,start    ] GC(30) Pause Young (Concurrent Start) (G1 Humongous Allocation)
[34.278s][info][gc,task     ] GC(30) Using 8 workers of 8 for evacuation
[34.281s][info][gc,phases   ] GC(30)   Pre Evacuate Collection Set: 0.4ms
[34.281s][info][gc,phases   ] GC(30)   Merge Heap Roots: 0.2ms
[34.281s][info][gc,phases   ] GC(30)   Evacuate Collection Set: 1.5ms
[34.281s][info][gc,phases   ] GC(30)   Post Evacuate Collection Set: 1.0ms
[34.281s][info][gc,phases   ] GC(30)   Other: 0.3ms
[34.281s][info][gc,heap     ] GC(30) Eden regions: 1->0(75)
[34.281s][info][gc,heap     ] GC(30) Survivor regions: 1->1(10)
[34.281s][info][gc,heap     ] GC(30) Old regions: 8->8
[34.281s][info][gc,heap     ] GC(30) Archive regions: 2->2
[34.281s][info][gc,heap     ] GC(30) Humongous regions: 96->0
[34.281s][info][gc,metaspace] GC(30) Metaspace: 29078K(29440K)->29078K(29440K) NonClass: 25521K(25728K)->25521K(25728K) Class: 3557K(3712K)->3557K(3712K)
[34.282s][info][gc          ] GC(30) Pause Young (Concurrent Start) (G1 Humongous Allocation) 209M->16M(254M) 4.260ms
[34.282s][info][gc,cpu      ] GC(30) User=0.01s Sys=0.01s Real=0.00s
[34.282s][info][gc          ] GC(31) Concurrent Undo Cycle
[34.282s][info][gc,marking  ] GC(31) Concurrent Cleanup for Next Mark
[34.282s][info][gc,marking  ] GC(31) Concurrent Cleanup for Next Mark 0.170ms
[34.282s][info][gc          ] GC(31) Concurrent Undo Cycle 0.345ms
[34.801s][info][gc,start    ] GC(32) Pause Young (Concurrent Start) (G1 Humongous Allocation)
[34.801s][info][gc,task     ] GC(32) Using 8 workers of 8 for evacuation
[34.805s][info][gc,phases   ] GC(32)   Pre Evacuate Collection Set: 0.4ms
[34.805s][info][gc,phases   ] GC(32)   Merge Heap Roots: 0.2ms
[34.805s][info][gc,phases   ] GC(32)   Evacuate Collection Set: 1.8ms
[34.805s][info][gc,phases   ] GC(32)   Post Evacuate Collection Set: 1.3ms
[34.805s][info][gc,phases   ] GC(32)   Other: 0.2ms
[34.805s][info][gc,heap     ] GC(32) Eden regions: 2->0(75)
[34.805s][info][gc,heap     ] GC(32) Survivor regions: 1->1(10)
[34.805s][info][gc,heap     ] GC(32) Old regions: 8->8
[34.805s][info][gc,heap     ] GC(32) Archive regions: 2->2
[34.805s][info][gc,heap     ] GC(32) Humongous regions: 96->0
[34.805s][info][gc,metaspace] GC(32) Metaspace: 29078K(29440K)->29078K(29440K) NonClass: 25521K(25728K)->25521K(25728K) Class: 3557K(3712K)->3557K(3712K)
[34.805s][info][gc          ] GC(32) Pause Young (Concurrent Start) (G1 Humongous Allocation) 210M->16M(254M) 4.357ms
[34.805s][info][gc          ] GC(33) Concurrent Undo Cycle
[34.805s][info][gc,cpu      ] GC(32) User=0.00s Sys=0.00s Real=0.01s
[34.805s][info][gc,marking  ] GC(33) Concurrent Cleanup for Next Mark
[34.805s][info][gc,marking  ] GC(33) Concurrent Cleanup for Next Mark 0.224ms
[34.806s][info][gc          ] GC(33) Concurrent Undo Cycle 0.499ms
[35.330s][info][gc,start    ] GC(34) Pause Young (Concurrent Start) (G1 Humongous Allocation)
[35.330s][info][gc,task     ] GC(34) Using 8 workers of 8 for evacuation
[35.331s][info][gc,phases   ] GC(34)   Pre Evacuate Collection Set: 0.2ms
[35.331s][info][gc,phases   ] GC(34)   Merge Heap Roots: 0.1ms
[35.331s][info][gc,phases   ] GC(34)   Evacuate Collection Set: 0.6ms
[35.331s][info][gc,phases   ] GC(34)   Post Evacuate Collection Set: 0.3ms
[35.332s][info][gc,phases   ] GC(34)   Other: 0.3ms
[35.332s][info][gc,heap     ] GC(34) Eden regions: 1->0(75)
[35.332s][info][gc,heap     ] GC(34) Survivor regions: 1->1(10)
[35.332s][info][gc,heap     ] GC(34) Old regions: 8->8
[35.332s][info][gc,heap     ] GC(34) Archive regions: 2->2
[35.332s][info][gc,heap     ] GC(34) Humongous regions: 96->0
[35.332s][info][gc,metaspace] GC(34) Metaspace: 29078K(29440K)->29078K(29440K) NonClass: 25521K(25728K)->25521K(25728K) Class: 3557K(3712K)->3557K(3712K)
[35.332s][info][gc          ] GC(34) Pause Young (Concurrent Start) (G1 Humongous Allocation) 209M->16M(254M) 1.823ms
[35.332s][info][gc,cpu      ] GC(34) User=0.00s Sys=0.00s Real=0.00s
[35.332s][info][gc          ] GC(35) Concurrent Undo Cycle
[35.332s][info][gc,marking  ] GC(35) Concurrent Cleanup for Next Mark
[35.332s][info][gc,marking  ] GC(35) Concurrent Cleanup for Next Mark 0.079ms
[35.332s][info][gc          ] GC(35) Concurrent Undo Cycle 0.156ms
[35.845s][info][gc,start    ] GC(36) Pause Young (Concurrent Start) (G1 Humongous Allocation)
[35.846s][info][gc,task     ] GC(36) Using 8 workers of 8 for evacuation
[35.848s][info][gc,phases   ] GC(36)   Pre Evacuate Collection Set: 0.2ms
[35.848s][info][gc,phases   ] GC(36)   Merge Heap Roots: 0.1ms
[35.848s][info][gc,phases   ] GC(36)   Evacuate Collection Set: 0.9ms
[35.848s][info][gc,phases   ] GC(36)   Post Evacuate Collection Set: 0.4ms
[35.848s][info][gc,phases   ] GC(36)   Other: 0.1ms
[35.848s][info][gc,heap     ] GC(36) Eden regions: 2->0(75)
[35.848s][info][gc,heap     ] GC(36) Survivor regions: 1->1(10)
[35.848s][info][gc,heap     ] GC(36) Old regions: 8->8
[35.848s][info][gc,heap     ] GC(36) Archive regions: 2->2
[35.848s][info][gc,heap     ] GC(36) Humongous regions: 96->0
[35.848s][info][gc,metaspace] GC(36) Metaspace: 29078K(29440K)->29078K(29440K) NonClass: 25521K(25728K)->25521K(25728K) Class: 3557K(3712K)->3557K(3712K)
[35.848s][info][gc          ] GC(36) Pause Young (Concurrent Start) (G1 Humongous Allocation) 210M->16M(254M) 2.731ms
[35.848s][info][gc,cpu      ] GC(36) User=0.01s Sys=0.00s Real=0.00s
[35.848s][info][gc          ] GC(37) Concurrent Undo Cycle
[35.848s][info][gc,marking  ] GC(37) Concurrent Cleanup for Next Mark
[35.848s][info][gc,marking  ] GC(37) Concurrent Cleanup for Next Mark 0.108ms
[35.848s][info][gc          ] GC(37) Concurrent Undo Cycle 0.216ms
[36.361s][info][gc,start    ] GC(38) Pause Young (Concurrent Start) (G1 Humongous Allocation)
[36.361s][info][gc,task     ] GC(38) Using 8 workers of 8 for evacuation
[36.363s][info][gc,phases   ] GC(38)   Pre Evacuate Collection Set: 0.2ms
[36.363s][info][gc,phases   ] GC(38)   Merge Heap Roots: 0.1ms
[36.363s][info][gc,phases   ] GC(38)   Evacuate Collection Set: 0.7ms
[36.363s][info][gc,phases   ] GC(38)   Post Evacuate Collection Set: 0.5ms
[36.363s][info][gc,phases   ] GC(38)   Other: 0.1ms
[36.363s][info][gc,heap     ] GC(38) Eden regions: 1->0(75)
[36.363s][info][gc,heap     ] GC(38) Survivor regions: 1->1(10)
[36.363s][info][gc,heap     ] GC(38) Old regions: 8->8
[36.363s][info][gc,heap     ] GC(38) Archive regions: 2->2
[36.363s][info][gc,heap     ] GC(38) Humongous regions: 96->0
[36.363s][info][gc,metaspace] GC(38) Metaspace: 29078K(29440K)->29078K(29440K) NonClass: 25521K(25728K)->25521K(25728K) Class: 3557K(3712K)->3557K(3712K)
[36.363s][info][gc          ] GC(38) Pause Young (Concurrent Start) (G1 Humongous Allocation) 210M->16M(254M) 1.897ms
[36.363s][info][gc,cpu      ] GC(38) User=0.00s Sys=0.00s Real=0.00s
[36.363s][info][gc          ] GC(39) Concurrent Undo Cycle
[36.363s][info][gc,marking  ] GC(39) Concurrent Cleanup for Next Mark
[36.363s][info][gc,marking  ] GC(39) Concurrent Cleanup for Next Mark 0.100ms
[36.363s][info][gc          ] GC(39) Concurrent Undo Cycle 0.181ms
[36.880s][info][gc,start    ] GC(40) Pause Young (Concurrent Start) (G1 Humongous Allocation)
[36.880s][info][gc,task     ] GC(40) Using 8 workers of 8 for evacuation
[36.882s][info][gc,phases   ] GC(40)   Pre Evacuate Collection Set: 0.2ms
[36.882s][info][gc,phases   ] GC(40)   Merge Heap Roots: 0.1ms
[36.882s][info][gc,phases   ] GC(40)   Evacuate Collection Set: 0.6ms
[36.882s][info][gc,phases   ] GC(40)   Post Evacuate Collection Set: 0.4ms
[36.882s][info][gc,phases   ] GC(40)   Other: 0.1ms
[36.882s][info][gc,heap     ] GC(40) Eden regions: 2->0(75)
[36.882s][info][gc,heap     ] GC(40) Survivor regions: 1->1(10)
[36.882s][info][gc,heap     ] GC(40) Old regions: 8->8
[36.882s][info][gc,heap     ] GC(40) Archive regions: 2->2
[36.882s][info][gc,heap     ] GC(40) Humongous regions: 96->0
[36.882s][info][gc,metaspace] GC(40) Metaspace: 29078K(29440K)->29078K(29440K) NonClass: 25521K(25728K)->25521K(25728K) Class: 3557K(3712K)->3557K(3712K)
[36.882s][info][gc          ] GC(40) Pause Young (Concurrent Start) (G1 Humongous Allocation) 210M->16M(254M) 1.863ms
[36.882s][info][gc,cpu      ] GC(40) User=0.00s Sys=0.00s Real=0.00s
[36.882s][info][gc          ] GC(41) Concurrent Undo Cycle
[36.882s][info][gc,marking  ] GC(41) Concurrent Cleanup for Next Mark
[36.882s][info][gc,marking  ] GC(41) Concurrent Cleanup for Next Mark 0.096ms
[36.882s][info][gc          ] GC(41) Concurrent Undo Cycle 0.259ms
[37.397s][info][gc,start    ] GC(42) Pause Young (Concurrent Start) (G1 Humongous Allocation)
[37.397s][info][gc,task     ] GC(42) Using 8 workers of 8 for evacuation
[37.398s][info][gc,phases   ] GC(42)   Pre Evacuate Collection Set: 0.2ms
[37.398s][info][gc,phases   ] GC(42)   Merge Heap Roots: 0.1ms
[37.398s][info][gc,phases   ] GC(42)   Evacuate Collection Set: 0.7ms
[37.398s][info][gc,phases   ] GC(42)   Post Evacuate Collection Set: 0.5ms
[37.398s][info][gc,phases   ] GC(42)   Other: 0.1ms
[37.398s][info][gc,heap     ] GC(42) Eden regions: 1->0(75)
[37.398s][info][gc,heap     ] GC(42) Survivor regions: 1->1(10)
[37.398s][info][gc,heap     ] GC(42) Old regions: 8->8
[37.399s][info][gc,heap     ] GC(42) Archive regions: 2->2
[37.399s][info][gc,heap     ] GC(42) Humongous regions: 96->0
[37.399s][info][gc,metaspace] GC(42) Metaspace: 29078K(29440K)->29078K(29440K) NonClass: 25521K(25728K)->25521K(25728K) Class: 3557K(3712K)->3557K(3712K)
[37.399s][info][gc          ] GC(42) Pause Young (Concurrent Start) (G1 Humongous Allocation) 210M->16M(254M) 1.992ms
[37.399s][info][gc,cpu      ] GC(42) User=0.01s Sys=0.00s Real=0.00s
[37.399s][info][gc          ] GC(43) Concurrent Undo Cycle
[37.399s][info][gc,marking  ] GC(43) Concurrent Cleanup for Next Mark
[37.399s][info][gc,marking  ] GC(43) Concurrent Cleanup for Next Mark 0.105ms
[37.399s][info][gc          ] GC(43) Concurrent Undo Cycle 0.218ms
[37.913s][info][gc,start    ] GC(44) Pause Young (Concurrent Start) (G1 Humongous Allocation)
[37.913s][info][gc,task     ] GC(44) Using 8 workers of 8 for evacuation
[37.914s][info][gc,phases   ] GC(44)   Pre Evacuate Collection Set: 0.1ms
[37.914s][info][gc,phases   ] GC(44)   Merge Heap Roots: 0.1ms
[37.914s][info][gc,phases   ] GC(44)   Evacuate Collection Set: 0.7ms
[37.914s][info][gc,phases   ] GC(44)   Post Evacuate Collection Set: 0.3ms
[37.914s][info][gc,phases   ] GC(44)   Other: 0.1ms
[37.914s][info][gc,heap     ] GC(44) Eden regions: 1->0(75)
[37.914s][info][gc,heap     ] GC(44) Survivor regions: 1->1(10)
[37.914s][info][gc,heap     ] GC(44) Old regions: 8->8
[37.914s][info][gc,heap     ] GC(44) Archive regions: 2->2
[37.914s][info][gc,heap     ] GC(44) Humongous regions: 96->0
[37.914s][info][gc,metaspace] GC(44) Metaspace: 29078K(29440K)->29078K(29440K) NonClass: 25521K(25728K)->25521K(25728K) Class: 3557K(3712K)->3557K(3712K)
[37.914s][info][gc          ] GC(44) Pause Young (Concurrent Start) (G1 Humongous Allocation) 210M->16M(254M) 1.463ms
[37.914s][info][gc,cpu      ] GC(44) User=0.00s Sys=0.00s Real=0.01s
[37.914s][info][gc          ] GC(45) Concurrent Undo Cycle
[37.914s][info][gc,marking  ] GC(45) Concurrent Cleanup for Next Mark
[37.915s][info][gc,marking  ] GC(45) Concurrent Cleanup for Next Mark 0.107ms
[37.915s][info][gc          ] GC(45) Concurrent Undo Cycle 0.207ms
[38.425s][info][gc,start    ] GC(46) Pause Young (Concurrent Start) (G1 Humongous Allocation)
[38.425s][info][gc,task     ] GC(46) Using 8 workers of 8 for evacuation
[38.428s][info][gc,phases   ] GC(46)   Pre Evacuate Collection Set: 0.5ms
[38.428s][info][gc,phases   ] GC(46)   Merge Heap Roots: 0.2ms
[38.428s][info][gc,phases   ] GC(46)   Evacuate Collection Set: 1.4ms
[38.428s][info][gc,phases   ] GC(46)   Post Evacuate Collection Set: 0.8ms
[38.428s][info][gc,phases   ] GC(46)   Other: 0.2ms
[38.428s][info][gc,heap     ] GC(46) Eden regions: 1->0(75)
[38.428s][info][gc,heap     ] GC(46) Survivor regions: 1->1(10)
[38.428s][info][gc,heap     ] GC(46) Old regions: 8->8
[38.428s][info][gc,heap     ] GC(46) Archive regions: 2->2
[38.428s][info][gc,heap     ] GC(46) Humongous regions: 96->0
[38.428s][info][gc,metaspace] GC(46) Metaspace: 29078K(29440K)->29078K(29440K) NonClass: 25521K(25728K)->25521K(25728K) Class: 3557K(3712K)->3557K(3712K)
[38.428s][info][gc          ] GC(46) Pause Young (Concurrent Start) (G1 Humongous Allocation) 210M->16M(254M) 3.658ms
[38.428s][info][gc,cpu      ] GC(46) User=0.01s Sys=0.00s Real=0.00s
[38.428s][info][gc          ] GC(47) Concurrent Undo Cycle
[38.429s][info][gc,marking  ] GC(47) Concurrent Cleanup for Next Mark
[38.429s][info][gc,marking  ] GC(47) Concurrent Cleanup for Next Mark 0.118ms
[38.429s][info][gc          ] GC(47) Concurrent Undo Cycle 0.298ms
[38.949s][info][gc,start    ] GC(48) Pause Young (Concurrent Start) (G1 Humongous Allocation)
[38.949s][info][gc,task     ] GC(48) Using 8 workers of 8 for evacuation
[38.952s][info][gc,phases   ] GC(48)   Pre Evacuate Collection Set: 0.4ms
[38.952s][info][gc,phases   ] GC(48)   Merge Heap Roots: 0.2ms
[38.952s][info][gc,phases   ] GC(48)   Evacuate Collection Set: 1.3ms
[38.952s][info][gc,phases   ] GC(48)   Post Evacuate Collection Set: 0.8ms
[38.952s][info][gc,phases   ] GC(48)   Other: 0.3ms
[38.952s][info][gc,heap     ] GC(48) Eden regions: 1->0(75)
[38.952s][info][gc,heap     ] GC(48) Survivor regions: 1->1(10)
[38.952s][info][gc,heap     ] GC(48) Old regions: 8->8
[38.952s][info][gc,heap     ] GC(48) Archive regions: 2->2
[38.952s][info][gc,heap     ] GC(48) Humongous regions: 96->0
[38.952s][info][gc,metaspace] GC(48) Metaspace: 29078K(29440K)->29078K(29440K) NonClass: 25521K(25728K)->25521K(25728K) Class: 3557K(3712K)->3557K(3712K)
[38.952s][info][gc          ] GC(48) Pause Young (Concurrent Start) (G1 Humongous Allocation) 210M->16M(254M) 3.565ms
[38.952s][info][gc,cpu      ] GC(48) User=0.00s Sys=0.01s Real=0.00s
[38.952s][info][gc          ] GC(49) Concurrent Undo Cycle
[38.952s][info][gc,marking  ] GC(49) Concurrent Cleanup for Next Mark
[38.953s][info][gc,marking  ] GC(49) Concurrent Cleanup for Next Mark 0.199ms
[38.953s][info][gc          ] GC(49) Concurrent Undo Cycle 0.454ms
[39.473s][info][gc,start    ] GC(50) Pause Young (Concurrent Start) (G1 Humongous Allocation)
[39.473s][info][gc,task     ] GC(50) Using 8 workers of 8 for evacuation
[39.475s][info][gc,phases   ] GC(50)   Pre Evacuate Collection Set: 0.3ms
[39.475s][info][gc,phases   ] GC(50)   Merge Heap Roots: 0.1ms
[39.475s][info][gc,phases   ] GC(50)   Evacuate Collection Set: 0.7ms
[39.475s][info][gc,phases   ] GC(50)   Post Evacuate Collection Set: 0.5ms
[39.475s][info][gc,phases   ] GC(50)   Other: 0.1ms
[39.475s][info][gc,heap     ] GC(50) Eden regions: 2->0(75)
[39.475s][info][gc,heap     ] GC(50) Survivor regions: 1->1(10)
[39.475s][info][gc,heap     ] GC(50) Old regions: 8->8
[39.475s][info][gc,heap     ] GC(50) Archive regions: 2->2
[39.475s][info][gc,heap     ] GC(50) Humongous regions: 96->0
[39.475s][info][gc,metaspace] GC(50) Metaspace: 29078K(29440K)->29078K(29440K) NonClass: 25521K(25728K)->25521K(25728K) Class: 3557K(3712K)->3557K(3712K)
[39.475s][info][gc          ] GC(50) Pause Young (Concurrent Start) (G1 Humongous Allocation) 210M->16M(254M) 2.112ms
[39.475s][info][gc,cpu      ] GC(50) User=0.01s Sys=0.00s Real=0.01s
[39.475s][info][gc          ] GC(51) Concurrent Undo Cycle
[39.475s][info][gc,marking  ] GC(51) Concurrent Cleanup for Next Mark
[39.475s][info][gc,marking  ] GC(51) Concurrent Cleanup for Next Mark 0.098ms
[39.476s][info][gc          ] GC(51) Concurrent Undo Cycle 0.256ms
[39.997s][info][gc,start    ] GC(52) Pause Young (Concurrent Start) (G1 Humongous Allocation)
[39.997s][info][gc,task     ] GC(52) Using 8 workers of 8 for evacuation
[40.000s][info][gc,phases   ] GC(52)   Pre Evacuate Collection Set: 0.5ms
[40.000s][info][gc,phases   ] GC(52)   Merge Heap Roots: 0.2ms
[40.000s][info][gc,phases   ] GC(52)   Evacuate Collection Set: 1.2ms
[40.000s][info][gc,phases   ] GC(52)   Post Evacuate Collection Set: 0.9ms
[40.000s][info][gc,phases   ] GC(52)   Other: 0.3ms
[40.001s][info][gc,heap     ] GC(52) Eden regions: 1->0(75)
[40.001s][info][gc,heap     ] GC(52) Survivor regions: 1->1(10)
[40.001s][info][gc,heap     ] GC(52) Old regions: 8->8
[40.001s][info][gc,heap     ] GC(52) Archive regions: 2->2
[40.001s][info][gc,heap     ] GC(52) Humongous regions: 96->0
[40.001s][info][gc,metaspace] GC(52) Metaspace: 29078K(29440K)->29078K(29440K) NonClass: 25521K(25728K)->25521K(25728K) Class: 3557K(3712K)->3557K(3712K)
[40.001s][info][gc          ] GC(52) Pause Young (Concurrent Start) (G1 Humongous Allocation) 209M->16M(254M) 3.599ms
[40.001s][info][gc,cpu      ] GC(52) User=0.01s Sys=0.00s Real=0.00s
[40.001s][info][gc          ] GC(53) Concurrent Undo Cycle
[40.001s][info][gc,marking  ] GC(53) Concurrent Cleanup for Next Mark
[40.001s][info][gc,marking  ] GC(53) Concurrent Cleanup for Next Mark 0.193ms
[40.001s][info][gc          ] GC(53) Concurrent Undo Cycle 0.449ms
[40.521s][info][gc,start    ] GC(54) Pause Young (Concurrent Start) (G1 Humongous Allocation)
[40.521s][info][gc,task     ] GC(54) Using 8 workers of 8 for evacuation
[40.524s][info][gc,phases   ] GC(54)   Pre Evacuate Collection Set: 0.4ms
[40.524s][info][gc,phases   ] GC(54)   Merge Heap Roots: 0.2ms
[40.524s][info][gc,phases   ] GC(54)   Evacuate Collection Set: 1.2ms
[40.524s][info][gc,phases   ] GC(54)   Post Evacuate Collection Set: 0.8ms
[40.524s][info][gc,phases   ] GC(54)   Other: 0.2ms
[40.524s][info][gc,heap     ] GC(54) Eden regions: 2->0(75)
[40.524s][info][gc,heap     ] GC(54) Survivor regions: 1->1(10)
[40.524s][info][gc,heap     ] GC(54) Old regions: 8->8
[40.524s][info][gc,heap     ] GC(54) Archive regions: 2->2
[40.524s][info][gc,heap     ] GC(54) Humongous regions: 96->0
[40.525s][info][gc,metaspace] GC(54) Metaspace: 29078K(29440K)->29078K(29440K) NonClass: 25521K(25728K)->25521K(25728K) Class: 3557K(3712K)->3557K(3712K)
[40.525s][info][gc          ] GC(54) Pause Young (Concurrent Start) (G1 Humongous Allocation) 210M->16M(254M) 3.445ms
[40.525s][info][gc,cpu      ] GC(54) User=0.01s Sys=0.00s Real=0.01s
[40.525s][info][gc          ] GC(55) Concurrent Undo Cycle
[40.525s][info][gc,marking  ] GC(55) Concurrent Cleanup for Next Mark
[40.525s][info][gc,marking  ] GC(55) Concurrent Cleanup for Next Mark 0.170ms
[40.525s][info][gc          ] GC(55) Concurrent Undo Cycle 0.417ms
[41.045s][info][gc,start    ] GC(56) Pause Young (Concurrent Start) (G1 Humongous Allocation)
[41.045s][info][gc,task     ] GC(56) Using 8 workers of 8 for evacuation
[41.047s][info][gc,phases   ] GC(56)   Pre Evacuate Collection Set: 0.4ms
[41.047s][info][gc,phases   ] GC(56)   Merge Heap Roots: 0.2ms
[41.047s][info][gc,phases   ] GC(56)   Evacuate Collection Set: 0.9ms
[41.047s][info][gc,phases   ] GC(56)   Post Evacuate Collection Set: 0.5ms
[41.047s][info][gc,phases   ] GC(56)   Other: 0.2ms
[41.047s][info][gc,heap     ] GC(56) Eden regions: 1->0(75)
[41.047s][info][gc,heap     ] GC(56) Survivor regions: 1->1(10)
[41.047s][info][gc,heap     ] GC(56) Old regions: 8->8
[41.047s][info][gc,heap     ] GC(56) Archive regions: 2->2
[41.048s][info][gc,heap     ] GC(56) Humongous regions: 96->0
[41.048s][info][gc,metaspace] GC(56) Metaspace: 29078K(29440K)->29078K(29440K) NonClass: 25521K(25728K)->25521K(25728K) Class: 3557K(3712K)->3557K(3712K)
[41.048s][info][gc          ] GC(56) Pause Young (Concurrent Start) (G1 Humongous Allocation) 209M->16M(254M) 2.705ms
[41.048s][info][gc,cpu      ] GC(56) User=0.00s Sys=0.00s Real=0.00s
[41.048s][info][gc          ] GC(57) Concurrent Undo Cycle
[41.048s][info][gc,marking  ] GC(57) Concurrent Cleanup for Next Mark
[41.048s][info][gc,marking  ] GC(57) Concurrent Cleanup for Next Mark 0.110ms
[41.048s][info][gc          ] GC(57) Concurrent Undo Cycle 0.224ms
[41.566s][info][gc,start    ] GC(58) Pause Young (Concurrent Start) (G1 Humongous Allocation)
[41.566s][info][gc,task     ] GC(58) Using 8 workers of 8 for evacuation
[41.567s][info][gc,phases   ] GC(58)   Pre Evacuate Collection Set: 0.1ms
[41.567s][info][gc,phases   ] GC(58)   Merge Heap Roots: 0.0ms
[41.567s][info][gc,phases   ] GC(58)   Evacuate Collection Set: 0.6ms
[41.567s][info][gc,phases   ] GC(58)   Post Evacuate Collection Set: 0.2ms
[41.567s][info][gc,phases   ] GC(58)   Other: 0.1ms
[41.567s][info][gc,heap     ] GC(58) Eden regions: 2->0(75)
[41.567s][info][gc,heap     ] GC(58) Survivor regions: 1->1(10)
[41.567s][info][gc,heap     ] GC(58) Old regions: 8->8
[41.567s][info][gc,heap     ] GC(58) Archive regions: 2->2
[41.567s][info][gc,heap     ] GC(58) Humongous regions: 96->0
[41.567s][info][gc,metaspace] GC(58) Metaspace: 29078K(29440K)->29078K(29440K) NonClass: 25521K(25728K)->25521K(25728K) Class: 3557K(3712K)->3557K(3712K)
[41.567s][info][gc          ] GC(58) Pause Young (Concurrent Start) (G1 Humongous Allocation) 211M->16M(254M) 1.303ms
[41.567s][info][gc          ] GC(59) Concurrent Undo Cycle
[41.567s][info][gc,cpu      ] GC(58) User=0.01s Sys=0.00s Real=0.00s
[41.567s][info][gc,marking  ] GC(59) Concurrent Cleanup for Next Mark
[41.567s][info][gc,marking  ] GC(59) Concurrent Cleanup for Next Mark 0.049ms
[41.567s][info][gc          ] GC(59) Concurrent Undo Cycle 0.150ms
[42.080s][info][gc,start    ] GC(60) Pause Young (Concurrent Start) (G1 Humongous Allocation)
[42.080s][info][gc,task     ] GC(60) Using 8 workers of 8 for evacuation
[42.082s][info][gc,phases   ] GC(60)   Pre Evacuate Collection Set: 0.4ms
[42.083s][info][gc,phases   ] GC(60)   Merge Heap Roots: 0.2ms
[42.083s][info][gc,phases   ] GC(60)   Evacuate Collection Set: 1.2ms
[42.083s][info][gc,phases   ] GC(60)   Post Evacuate Collection Set: 0.8ms
[42.083s][info][gc,phases   ] GC(60)   Other: 0.3ms
[42.083s][info][gc,heap     ] GC(60) Eden regions: 1->0(75)
[42.083s][info][gc,heap     ] GC(60) Survivor regions: 1->1(10)
[42.083s][info][gc,heap     ] GC(60) Old regions: 8->8
[42.083s][info][gc,heap     ] GC(60) Archive regions: 2->2
[42.083s][info][gc,heap     ] GC(60) Humongous regions: 96->0
[42.083s][info][gc,metaspace] GC(60) Metaspace: 29078K(29440K)->29078K(29440K) NonClass: 25521K(25728K)->25521K(25728K) Class: 3557K(3712K)->3557K(3712K)
[42.083s][info][gc          ] GC(60) Pause Young (Concurrent Start) (G1 Humongous Allocation) 209M->16M(254M) 3.418ms
[42.083s][info][gc,cpu      ] GC(60) User=0.00s Sys=0.01s Real=0.00s
[42.083s][info][gc          ] GC(61) Concurrent Undo Cycle
[42.083s][info][gc,marking  ] GC(61) Concurrent Cleanup for Next Mark
[42.083s][info][gc,marking  ] GC(61) Concurrent Cleanup for Next Mark 0.243ms
[42.084s][info][gc          ] GC(61) Concurrent Undo Cycle 0.503ms
[42.604s][info][gc,start    ] GC(62) Pause Young (Concurrent Start) (G1 Humongous Allocation)
[42.604s][info][gc,task     ] GC(62) Using 8 workers of 8 for evacuation
[42.605s][info][gc,phases   ] GC(62)   Pre Evacuate Collection Set: 0.1ms
[42.605s][info][gc,phases   ] GC(62)   Merge Heap Roots: 0.0ms
[42.605s][info][gc,phases   ] GC(62)   Evacuate Collection Set: 0.5ms
[42.605s][info][gc,phases   ] GC(62)   Post Evacuate Collection Set: 0.2ms
[42.605s][info][gc,phases   ] GC(62)   Other: 0.1ms
[42.605s][info][gc,heap     ] GC(62) Eden regions: 2->0(75)
[42.605s][info][gc,heap     ] GC(62) Survivor regions: 1->1(10)
[42.605s][info][gc,heap     ] GC(62) Old regions: 8->8
[42.605s][info][gc,heap     ] GC(62) Archive regions: 2->2
[42.605s][info][gc,heap     ] GC(62) Humongous regions: 96->0
[42.605s][info][gc,metaspace] GC(62) Metaspace: 29078K(29440K)->29078K(29440K) NonClass: 25521K(25728K)->25521K(25728K) Class: 3557K(3712K)->3557K(3712K)
[42.605s][info][gc          ] GC(62) Pause Young (Concurrent Start) (G1 Humongous Allocation) 210M->16M(254M) 1.092ms
[42.605s][info][gc          ] GC(63) Concurrent Undo Cycle
[42.605s][info][gc,cpu      ] GC(62) User=0.01s Sys=0.00s Real=0.00s
[42.605s][info][gc,marking  ] GC(63) Concurrent Cleanup for Next Mark
[42.605s][info][gc,marking  ] GC(63) Concurrent Cleanup for Next Mark 0.046ms
[42.605s][info][gc          ] GC(63) Concurrent Undo Cycle 0.096ms
[43.117s][info][gc,start    ] GC(64) Pause Young (Concurrent Start) (G1 Humongous Allocation)
[43.118s][info][gc,task     ] GC(64) Using 8 workers of 8 for evacuation
[43.121s][info][gc,phases   ] GC(64)   Pre Evacuate Collection Set: 0.4ms
[43.121s][info][gc,phases   ] GC(64)   Merge Heap Roots: 0.1ms
[43.121s][info][gc,phases   ] GC(64)   Evacuate Collection Set: 1.3ms
[43.121s][info][gc,phases   ] GC(64)   Post Evacuate Collection Set: 0.8ms
[43.121s][info][gc,phases   ] GC(64)   Other: 0.3ms
[43.121s][info][gc,heap     ] GC(64) Eden regions: 1->0(75)
[43.121s][info][gc,heap     ] GC(64) Survivor regions: 1->1(10)
[43.121s][info][gc,heap     ] GC(64) Old regions: 8->8
[43.121s][info][gc,heap     ] GC(64) Archive regions: 2->2
[43.121s][info][gc,heap     ] GC(64) Humongous regions: 96->0
[43.121s][info][gc,metaspace] GC(64) Metaspace: 29078K(29440K)->29078K(29440K) NonClass: 25521K(25728K)->25521K(25728K) Class: 3557K(3712K)->3557K(3712K)
[43.122s][info][gc          ] GC(64) Pause Young (Concurrent Start) (G1 Humongous Allocation) 209M->16M(254M) 4.343ms
[43.122s][info][gc,cpu      ] GC(64) User=0.01s Sys=0.00s Real=0.00s
[43.122s][info][gc          ] GC(65) Concurrent Undo Cycle
[43.122s][info][gc,marking  ] GC(65) Concurrent Cleanup for Next Mark
[43.122s][info][gc,marking  ] GC(65) Concurrent Cleanup for Next Mark 0.153ms
[43.122s][info][gc          ] GC(65) Concurrent Undo Cycle 0.406ms
[43.647s][info][gc,start    ] GC(66) Pause Young (Concurrent Start) (G1 Humongous Allocation)
[43.647s][info][gc,task     ] GC(66) Using 8 workers of 8 for evacuation
[43.648s][info][gc,phases   ] GC(66)   Pre Evacuate Collection Set: 0.1ms
[43.648s][info][gc,phases   ] GC(66)   Merge Heap Roots: 0.0ms
[43.648s][info][gc,phases   ] GC(66)   Evacuate Collection Set: 0.5ms
[43.648s][info][gc,phases   ] GC(66)   Post Evacuate Collection Set: 0.3ms
[43.648s][info][gc,phases   ] GC(66)   Other: 0.1ms
[43.648s][info][gc,heap     ] GC(66) Eden regions: 2->0(75)
[43.648s][info][gc,heap     ] GC(66) Survivor regions: 1->1(10)
[43.648s][info][gc,heap     ] GC(66) Old regions: 8->8
[43.648s][info][gc,heap     ] GC(66) Archive regions: 2->2
[43.648s][info][gc,heap     ] GC(66) Humongous regions: 96->0
[43.648s][info][gc,metaspace] GC(66) Metaspace: 29078K(29440K)->29078K(29440K) NonClass: 25521K(25728K)->25521K(25728K) Class: 3557K(3712K)->3557K(3712K)
[43.648s][info][gc          ] GC(66) Pause Young (Concurrent Start) (G1 Humongous Allocation) 210M->16M(254M) 1.364ms
[43.648s][info][gc          ] GC(67) Concurrent Undo Cycle
[43.648s][info][gc,cpu      ] GC(66) User=0.00s Sys=0.01s Real=0.00s
[43.648s][info][gc,marking  ] GC(67) Concurrent Cleanup for Next Mark
[43.648s][info][gc,marking  ] GC(67) Concurrent Cleanup for Next Mark 0.100ms
[43.648s][info][gc          ] GC(67) Concurrent Undo Cycle 0.161ms
[44.160s][info][gc,start    ] GC(68) Pause Young (Concurrent Start) (G1 Humongous Allocation)
[44.161s][info][gc,task     ] GC(68) Using 8 workers of 8 for evacuation
[44.162s][info][gc,phases   ] GC(68)   Pre Evacuate Collection Set: 0.2ms
[44.162s][info][gc,phases   ] GC(68)   Merge Heap Roots: 0.1ms
[44.162s][info][gc,phases   ] GC(68)   Evacuate Collection Set: 0.5ms
[44.162s][info][gc,phases   ] GC(68)   Post Evacuate Collection Set: 0.4ms
[44.162s][info][gc,phases   ] GC(68)   Other: 0.1ms
[44.162s][info][gc,heap     ] GC(68) Eden regions: 1->0(75)
[44.162s][info][gc,heap     ] GC(68) Survivor regions: 1->1(10)
[44.162s][info][gc,heap     ] GC(68) Old regions: 8->8
[44.162s][info][gc,heap     ] GC(68) Archive regions: 2->2
[44.162s][info][gc,heap     ] GC(68) Humongous regions: 96->0
[44.162s][info][gc,metaspace] GC(68) Metaspace: 29078K(29440K)->29078K(29440K) NonClass: 25521K(25728K)->25521K(25728K) Class: 3557K(3712K)->3557K(3712K)
[44.162s][info][gc          ] GC(68) Pause Young (Concurrent Start) (G1 Humongous Allocation) 210M->16M(254M) 1.555ms
[44.162s][info][gc,cpu      ] GC(68) User=0.00s Sys=0.00s Real=0.00s
[44.162s][info][gc          ] GC(69) Concurrent Undo Cycle
[44.162s][info][gc,marking  ] GC(69) Concurrent Cleanup for Next Mark
[44.162s][info][gc,marking  ] GC(69) Concurrent Cleanup for Next Mark 0.078ms
[44.162s][info][gc          ] GC(69) Concurrent Undo Cycle 0.160ms
[44.674s][info][gc,start    ] GC(70) Pause Young (Concurrent Start) (G1 Humongous Allocation)
[44.674s][info][gc,task     ] GC(70) Using 8 workers of 8 for evacuation
[44.675s][info][gc,phases   ] GC(70)   Pre Evacuate Collection Set: 0.2ms
[44.675s][info][gc,phases   ] GC(70)   Merge Heap Roots: 0.1ms
[44.675s][info][gc,phases   ] GC(70)   Evacuate Collection Set: 0.7ms
[44.675s][info][gc,phases   ] GC(70)   Post Evacuate Collection Set: 0.4ms
[44.675s][info][gc,phases   ] GC(70)   Other: 0.2ms
[44.675s][info][gc,heap     ] GC(70) Eden regions: 2->0(75)
[44.675s][info][gc,heap     ] GC(70) Survivor regions: 1->1(10)
[44.675s][info][gc,heap     ] GC(70) Old regions: 8->8
[44.675s][info][gc,heap     ] GC(70) Archive regions: 2->2
[44.675s][info][gc,heap     ] GC(70) Humongous regions: 96->0
[44.675s][info][gc,metaspace] GC(70) Metaspace: 29078K(29440K)->29078K(29440K) NonClass: 25521K(25728K)->25521K(25728K) Class: 3557K(3712K)->3557K(3712K)
[44.675s][info][gc          ] GC(70) Pause Young (Concurrent Start) (G1 Humongous Allocation) 210M->16M(254M) 1.896ms
[44.675s][info][gc,cpu      ] GC(70) User=0.00s Sys=0.00s Real=0.00s
[44.676s][info][gc          ] GC(71) Concurrent Undo Cycle
[44.676s][info][gc,marking  ] GC(71) Concurrent Cleanup for Next Mark
[44.676s][info][gc,marking  ] GC(71) Concurrent Cleanup for Next Mark 0.089ms
[44.676s][info][gc          ] GC(71) Concurrent Undo Cycle 0.191ms
[45.191s][info][gc,start    ] GC(72) Pause Young (Concurrent Start) (G1 Humongous Allocation)
[45.191s][info][gc,task     ] GC(72) Using 8 workers of 8 for evacuation
[45.194s][info][gc,phases   ] GC(72)   Pre Evacuate Collection Set: 0.4ms
[45.194s][info][gc,phases   ] GC(72)   Merge Heap Roots: 0.2ms
[45.194s][info][gc,phases   ] GC(72)   Evacuate Collection Set: 1.2ms
[45.194s][info][gc,phases   ] GC(72)   Post Evacuate Collection Set: 0.8ms
[45.194s][info][gc,phases   ] GC(72)   Other: 0.2ms
[45.194s][info][gc,heap     ] GC(72) Eden regions: 1->0(75)
[45.194s][info][gc,heap     ] GC(72) Survivor regions: 1->1(10)
[45.194s][info][gc,heap     ] GC(72) Old regions: 8->8
[45.194s][info][gc,heap     ] GC(72) Archive regions: 2->2
[45.194s][info][gc,heap     ] GC(72) Humongous regions: 96->0
[45.194s][info][gc,metaspace] GC(72) Metaspace: 29078K(29440K)->29078K(29440K) NonClass: 25521K(25728K)->25521K(25728K) Class: 3557K(3712K)->3557K(3712K)
[45.194s][info][gc          ] GC(72) Pause Young (Concurrent Start) (G1 Humongous Allocation) 209M->16M(254M) 3.421ms
[45.194s][info][gc,cpu      ] GC(72) User=0.00s Sys=0.00s Real=0.01s
[45.194s][info][gc          ] GC(73) Concurrent Undo Cycle
[45.195s][info][gc,marking  ] GC(73) Concurrent Cleanup for Next Mark
[45.195s][info][gc,marking  ] GC(73) Concurrent Cleanup for Next Mark 0.194ms
[45.195s][info][gc          ] GC(73) Concurrent Undo Cycle 0.388ms
[45.713s][info][gc,start    ] GC(74) Pause Young (Concurrent Start) (G1 Humongous Allocation)
[45.713s][info][gc,task     ] GC(74) Using 8 workers of 8 for evacuation
[45.716s][info][gc,phases   ] GC(74)   Pre Evacuate Collection Set: 0.4ms
[45.716s][info][gc,phases   ] GC(74)   Merge Heap Roots: 0.2ms
[45.716s][info][gc,phases   ] GC(74)   Evacuate Collection Set: 1.3ms
[45.716s][info][gc,phases   ] GC(74)   Post Evacuate Collection Set: 0.7ms
[45.716s][info][gc,phases   ] GC(74)   Other: 0.2ms
[45.716s][info][gc,heap     ] GC(74) Eden regions: 2->0(75)
[45.716s][info][gc,heap     ] GC(74) Survivor regions: 1->1(10)
[45.716s][info][gc,heap     ] GC(74) Old regions: 8->8
[45.716s][info][gc,heap     ] GC(74) Archive regions: 2->2
[45.716s][info][gc,heap     ] GC(74) Humongous regions: 96->0
[45.716s][info][gc,metaspace] GC(74) Metaspace: 29078K(29440K)->29078K(29440K) NonClass: 25521K(25728K)->25521K(25728K) Class: 3557K(3712K)->3557K(3712K)
[45.716s][info][gc          ] GC(74) Pause Young (Concurrent Start) (G1 Humongous Allocation) 210M->16M(254M) 3.464ms
[45.716s][info][gc,cpu      ] GC(74) User=0.01s Sys=0.00s Real=0.01s
[45.716s][info][gc          ] GC(75) Concurrent Undo Cycle
[45.717s][info][gc,marking  ] GC(75) Concurrent Cleanup for Next Mark
[45.717s][info][gc,marking  ] GC(75) Concurrent Cleanup for Next Mark 0.178ms
[45.717s][info][gc          ] GC(75) Concurrent Undo Cycle 0.436ms
[46.237s][info][gc,start    ] GC(76) Pause Young (Concurrent Start) (G1 Humongous Allocation)
[46.237s][info][gc,task     ] GC(76) Using 8 workers of 8 for evacuation
[46.239s][info][gc,phases   ] GC(76)   Pre Evacuate Collection Set: 0.4ms
[46.239s][info][gc,phases   ] GC(76)   Merge Heap Roots: 0.1ms
[46.239s][info][gc,phases   ] GC(76)   Evacuate Collection Set: 0.6ms
[46.239s][info][gc,phases   ] GC(76)   Post Evacuate Collection Set: 0.5ms
[46.239s][info][gc,phases   ] GC(76)   Other: 0.1ms
[46.239s][info][gc,heap     ] GC(76) Eden regions: 1->0(75)
[46.239s][info][gc,heap     ] GC(76) Survivor regions: 1->1(10)
[46.239s][info][gc,heap     ] GC(76) Old regions: 8->8
[46.239s][info][gc,heap     ] GC(76) Archive regions: 2->2
[46.239s][info][gc,heap     ] GC(76) Humongous regions: 96->0
[46.239s][info][gc,metaspace] GC(76) Metaspace: 29078K(29440K)->29078K(29440K) NonClass: 25521K(25728K)->25521K(25728K) Class: 3557K(3712K)->3557K(3712K)
[46.239s][info][gc          ] GC(76) Pause Young (Concurrent Start) (G1 Humongous Allocation) 209M->16M(254M) 2.069ms
[46.239s][info][gc,cpu      ] GC(76) User=0.00s Sys=0.00s Real=0.00s
[46.239s][info][gc          ] GC(77) Concurrent Undo Cycle
[46.239s][info][gc,marking  ] GC(77) Concurrent Cleanup for Next Mark
[46.239s][info][gc,marking  ] GC(77) Concurrent Cleanup for Next Mark 0.080ms
[46.239s][info][gc          ] GC(77) Concurrent Undo Cycle 0.175ms
[46.752s][info][gc,start    ] GC(78) Pause Young (Concurrent Start) (G1 Humongous Allocation)
[46.752s][info][gc,task     ] GC(78) Using 8 workers of 8 for evacuation
[46.754s][info][gc,phases   ] GC(78)   Pre Evacuate Collection Set: 0.3ms
[46.754s][info][gc,phases   ] GC(78)   Merge Heap Roots: 0.1ms
[46.754s][info][gc,phases   ] GC(78)   Evacuate Collection Set: 0.7ms
[46.754s][info][gc,phases   ] GC(78)   Post Evacuate Collection Set: 0.4ms
[46.754s][info][gc,phases   ] GC(78)   Other: 0.2ms
[46.754s][info][gc,heap     ] GC(78) Eden regions: 2->0(75)
[46.754s][info][gc,heap     ] GC(78) Survivor regions: 1->1(10)
[46.754s][info][gc,heap     ] GC(78) Old regions: 8->8
[46.754s][info][gc,heap     ] GC(78) Archive regions: 2->2
[46.754s][info][gc,heap     ] GC(78) Humongous regions: 96->0
[46.754s][info][gc,metaspace] GC(78) Metaspace: 29078K(29440K)->29078K(29440K) NonClass: 25521K(25728K)->25521K(25728K) Class: 3557K(3712K)->3557K(3712K)
[46.754s][info][gc          ] GC(78) Pause Young (Concurrent Start) (G1 Humongous Allocation) 210M->16M(254M) 2.117ms
[46.754s][info][gc,cpu      ] GC(78) User=0.01s Sys=0.00s Real=0.01s
[46.754s][info][gc          ] GC(79) Concurrent Undo Cycle
[46.754s][info][gc,marking  ] GC(79) Concurrent Cleanup for Next Mark
[46.754s][info][gc,marking  ] GC(79) Concurrent Cleanup for Next Mark 0.085ms
[46.754s][info][gc          ] GC(79) Concurrent Undo Cycle 0.181ms
[47.271s][info][gc,start    ] GC(80) Pause Young (Concurrent Start) (G1 Humongous Allocation)
[47.271s][info][gc,task     ] GC(80) Using 8 workers of 8 for evacuation
[47.272s][info][gc,phases   ] GC(80)   Pre Evacuate Collection Set: 0.1ms
[47.272s][info][gc,phases   ] GC(80)   Merge Heap Roots: 0.0ms
[47.272s][info][gc,phases   ] GC(80)   Evacuate Collection Set: 0.6ms
[47.272s][info][gc,phases   ] GC(80)   Post Evacuate Collection Set: 0.3ms
[47.272s][info][gc,phases   ] GC(80)   Other: 0.0ms
[47.272s][info][gc,heap     ] GC(80) Eden regions: 1->0(75)
[47.273s][info][gc,heap     ] GC(80) Survivor regions: 1->1(10)
[47.273s][info][gc,heap     ] GC(80) Old regions: 8->8
[47.273s][info][gc,heap     ] GC(80) Archive regions: 2->2
[47.273s][info][gc,heap     ] GC(80) Humongous regions: 96->0
[47.273s][info][gc,metaspace] GC(80) Metaspace: 29078K(29440K)->29078K(29440K) NonClass: 25521K(25728K)->25521K(25728K) Class: 3557K(3712K)->3557K(3712K)
[47.273s][info][gc          ] GC(80) Pause Young (Concurrent Start) (G1 Humongous Allocation) 209M->16M(254M) 1.223ms
[47.273s][info][gc          ] GC(81) Concurrent Undo Cycle
[47.273s][info][gc,cpu      ] GC(80) User=0.00s Sys=0.00s Real=0.00s
[47.273s][info][gc,marking  ] GC(81) Concurrent Cleanup for Next Mark
[47.273s][info][gc,marking  ] GC(81) Concurrent Cleanup for Next Mark 0.044ms
[47.273s][info][gc          ] GC(81) Concurrent Undo Cycle 0.091ms
[47.785s][info][gc,start    ] GC(82) Pause Young (Concurrent Start) (G1 Humongous Allocation)
[47.785s][info][gc,task     ] GC(82) Using 8 workers of 8 for evacuation
[47.788s][info][gc,phases   ] GC(82)   Pre Evacuate Collection Set: 0.3ms
[47.788s][info][gc,phases   ] GC(82)   Merge Heap Roots: 0.2ms
[47.788s][info][gc,phases   ] GC(82)   Evacuate Collection Set: 1.2ms
[47.788s][info][gc,phases   ] GC(82)   Post Evacuate Collection Set: 0.6ms
[47.788s][info][gc,phases   ] GC(82)   Other: 0.2ms
[47.788s][info][gc,heap     ] GC(82) Eden regions: 2->0(75)
[47.788s][info][gc,heap     ] GC(82) Survivor regions: 1->1(10)
[47.788s][info][gc,heap     ] GC(82) Old regions: 8->8
[47.788s][info][gc,heap     ] GC(82) Archive regions: 2->2
[47.788s][info][gc,heap     ] GC(82) Humongous regions: 96->0
[47.788s][info][gc,metaspace] GC(82) Metaspace: 29078K(29440K)->29078K(29440K) NonClass: 25521K(25728K)->25521K(25728K) Class: 3557K(3712K)->3557K(3712K)
[47.788s][info][gc          ] GC(82) Pause Young (Concurrent Start) (G1 Humongous Allocation) 210M->16M(254M) 3.106ms
[47.788s][info][gc,cpu      ] GC(82) User=0.01s Sys=0.00s Real=0.00s
[47.788s][info][gc          ] GC(83) Concurrent Undo Cycle
[47.788s][info][gc,marking  ] GC(83) Concurrent Cleanup for Next Mark
[47.788s][info][gc,marking  ] GC(83) Concurrent Cleanup for Next Mark 0.122ms
[47.789s][info][gc          ] GC(83) Concurrent Undo Cycle 0.318ms
[48.314s][info][gc,start    ] GC(84) Pause Young (Concurrent Start) (G1 Humongous Allocation)
[48.314s][info][gc,task     ] GC(84) Using 8 workers of 8 for evacuation
[48.316s][info][gc,phases   ] GC(84)   Pre Evacuate Collection Set: 0.4ms
[48.316s][info][gc,phases   ] GC(84)   Merge Heap Roots: 0.1ms
[48.316s][info][gc,phases   ] GC(84)   Evacuate Collection Set: 0.8ms
[48.316s][info][gc,phases   ] GC(84)   Post Evacuate Collection Set: 0.5ms
[48.316s][info][gc,phases   ] GC(84)   Other: 0.2ms
[48.316s][info][gc,heap     ] GC(84) Eden regions: 1->0(75)
[48.316s][info][gc,heap     ] GC(84) Survivor regions: 1->1(10)
[48.316s][info][gc,heap     ] GC(84) Old regions: 8->8
[48.316s][info][gc,heap     ] GC(84) Archive regions: 2->2
[48.316s][info][gc,heap     ] GC(84) Humongous regions: 96->0
[48.316s][info][gc,metaspace] GC(84) Metaspace: 29078K(29440K)->29078K(29440K) NonClass: 25521K(25728K)->25521K(25728K) Class: 3557K(3712K)->3557K(3712K)
[48.316s][info][gc          ] GC(84) Pause Young (Concurrent Start) (G1 Humongous Allocation) 209M->16M(254M) 2.476ms
[48.316s][info][gc,cpu      ] GC(84) User=0.00s Sys=0.00s Real=0.00s
[48.316s][info][gc          ] GC(85) Concurrent Undo Cycle
[48.316s][info][gc,marking  ] GC(85) Concurrent Cleanup for Next Mark
[48.316s][info][gc,marking  ] GC(85) Concurrent Cleanup for Next Mark 0.143ms
[48.317s][info][gc          ] GC(85) Concurrent Undo Cycle 0.368ms
[48.836s][info][gc,start    ] GC(86) Pause Young (Concurrent Start) (G1 Humongous Allocation)
[48.836s][info][gc,task     ] GC(86) Using 8 workers of 8 for evacuation
[48.838s][info][gc,phases   ] GC(86)   Pre Evacuate Collection Set: 0.1ms
[48.838s][info][gc,phases   ] GC(86)   Merge Heap Roots: 0.0ms
[48.838s][info][gc,phases   ] GC(86)   Evacuate Collection Set: 0.6ms
[48.838s][info][gc,phases   ] GC(86)   Post Evacuate Collection Set: 0.3ms
[48.838s][info][gc,phases   ] GC(86)   Other: 0.2ms
[48.838s][info][gc,heap     ] GC(86) Eden regions: 2->0(75)
[48.838s][info][gc,heap     ] GC(86) Survivor regions: 1->1(10)
[48.838s][info][gc,heap     ] GC(86) Old regions: 8->8
[48.838s][info][gc,heap     ] GC(86) Archive regions: 2->2
[48.838s][info][gc,heap     ] GC(86) Humongous regions: 96->0
[48.838s][info][gc,metaspace] GC(86) Metaspace: 29078K(29440K)->29078K(29440K) NonClass: 25521K(25728K)->25521K(25728K) Class: 3557K(3712K)->3557K(3712K)
[48.838s][info][gc          ] GC(86) Pause Young (Concurrent Start) (G1 Humongous Allocation) 210M->16M(254M) 1.585ms
[48.838s][info][gc          ] GC(87) Concurrent Undo Cycle
[48.838s][info][gc,cpu      ] GC(86) User=0.00s Sys=0.01s Real=0.00s
[48.838s][info][gc,marking  ] GC(87) Concurrent Cleanup for Next Mark
[48.838s][info][gc,marking  ] GC(87) Concurrent Cleanup for Next Mark 0.130ms
[48.838s][info][gc          ] GC(87) Concurrent Undo Cycle 0.266ms
[49.352s][info][gc,start    ] GC(88) Pause Young (Concurrent Start) (G1 Humongous Allocation)
[49.352s][info][gc,task     ] GC(88) Using 8 workers of 8 for evacuation
[49.355s][info][gc,phases   ] GC(88)   Pre Evacuate Collection Set: 0.5ms
[49.355s][info][gc,phases   ] GC(88)   Merge Heap Roots: 0.2ms
[49.355s][info][gc,phases   ] GC(88)   Evacuate Collection Set: 1.2ms
[49.355s][info][gc,phases   ] GC(88)   Post Evacuate Collection Set: 0.7ms
[49.355s][info][gc,phases   ] GC(88)   Other: 0.3ms
[49.355s][info][gc,heap     ] GC(88) Eden regions: 1->0(75)
[49.355s][info][gc,heap     ] GC(88) Survivor regions: 1->1(10)
[49.355s][info][gc,heap     ] GC(88) Old regions: 8->8
[49.355s][info][gc,heap     ] GC(88) Archive regions: 2->2
[49.355s][info][gc,heap     ] GC(88) Humongous regions: 96->0
[49.355s][info][gc,metaspace] GC(88) Metaspace: 29078K(29440K)->29078K(29440K) NonClass: 25521K(25728K)->25521K(25728K) Class: 3557K(3712K)->3557K(3712K)
[49.355s][info][gc          ] GC(88) Pause Young (Concurrent Start) (G1 Humongous Allocation) 210M->16M(254M) 3.484ms
[49.355s][info][gc,cpu      ] GC(88) User=0.00s Sys=0.00s Real=0.01s
[49.355s][info][gc          ] GC(89) Concurrent Undo Cycle
[49.356s][info][gc,marking  ] GC(89) Concurrent Cleanup for Next Mark
[49.356s][info][gc,marking  ] GC(89) Concurrent Cleanup for Next Mark 0.171ms
[49.356s][info][gc          ] GC(89) Concurrent Undo Cycle 0.351ms
[49.874s][info][gc,start    ] GC(90) Pause Young (Concurrent Start) (G1 Humongous Allocation)
[49.874s][info][gc,task     ] GC(90) Using 8 workers of 8 for evacuation
[49.876s][info][gc,phases   ] GC(90)   Pre Evacuate Collection Set: 0.1ms
[49.876s][info][gc,phases   ] GC(90)   Merge Heap Roots: 0.0ms
[49.876s][info][gc,phases   ] GC(90)   Evacuate Collection Set: 0.5ms
[49.876s][info][gc,phases   ] GC(90)   Post Evacuate Collection Set: 0.4ms
[49.876s][info][gc,phases   ] GC(90)   Other: 0.1ms
[49.876s][info][gc,heap     ] GC(90) Eden regions: 1->0(75)
[49.876s][info][gc,heap     ] GC(90) Survivor regions: 1->1(10)
[49.876s][info][gc,heap     ] GC(90) Old regions: 8->8
[49.876s][info][gc,heap     ] GC(90) Archive regions: 2->2
[49.876s][info][gc,heap     ] GC(90) Humongous regions: 96->0
[49.876s][info][gc,metaspace] GC(90) Metaspace: 29078K(29440K)->29078K(29440K) NonClass: 25521K(25728K)->25521K(25728K) Class: 3557K(3712K)->3557K(3712K)
[49.876s][info][gc          ] GC(90) Pause Young (Concurrent Start) (G1 Humongous Allocation) 210M->16M(254M) 1.375ms
[49.876s][info][gc,cpu      ] GC(90) User=0.01s Sys=0.00s Real=0.00s
[49.876s][info][gc          ] GC(91) Concurrent Undo Cycle
[49.876s][info][gc,marking  ] GC(91) Concurrent Cleanup for Next Mark
[49.876s][info][gc,marking  ] GC(91) Concurrent Cleanup for Next Mark 0.056ms
[49.876s][info][gc          ] GC(91) Concurrent Undo Cycle 0.129ms
[50.385s][info][gc,start    ] GC(92) Pause Young (Concurrent Start) (G1 Humongous Allocation)
[50.385s][info][gc,task     ] GC(92) Using 8 workers of 8 for evacuation
[50.388s][info][gc,phases   ] GC(92)   Pre Evacuate Collection Set: 0.4ms
[50.388s][info][gc,phases   ] GC(92)   Merge Heap Roots: 0.2ms
[50.388s][info][gc,phases   ] GC(92)   Evacuate Collection Set: 1.2ms
[50.388s][info][gc,phases   ] GC(92)   Post Evacuate Collection Set: 0.8ms
[50.388s][info][gc,phases   ] GC(92)   Other: 0.2ms
[50.388s][info][gc,heap     ] GC(92) Eden regions: 1->0(75)
[50.388s][info][gc,heap     ] GC(92) Survivor regions: 1->1(10)
[50.388s][info][gc,heap     ] GC(92) Old regions: 8->8
[50.388s][info][gc,heap     ] GC(92) Archive regions: 2->2
[50.388s][info][gc,heap     ] GC(92) Humongous regions: 96->0
[50.388s][info][gc,metaspace] GC(92) Metaspace: 29078K(29440K)->29078K(29440K) NonClass: 25521K(25728K)->25521K(25728K) Class: 3557K(3712K)->3557K(3712K)
[50.388s][info][gc          ] GC(92) Pause Young (Concurrent Start) (G1 Humongous Allocation) 210M->16M(254M) 3.328ms
[50.388s][info][gc,cpu      ] GC(92) User=0.01s Sys=0.01s Real=0.00s
[50.388s][info][gc          ] GC(93) Concurrent Undo Cycle
[50.389s][info][gc,marking  ] GC(93) Concurrent Cleanup for Next Mark
[50.389s][info][gc,marking  ] GC(93) Concurrent Cleanup for Next Mark 0.124ms
[50.389s][info][gc          ] GC(93) Concurrent Undo Cycle 0.254ms
[50.905s][info][gc,start    ] GC(94) Pause Young (Concurrent Start) (G1 Humongous Allocation)
[50.905s][info][gc,task     ] GC(94) Using 8 workers of 8 for evacuation
[50.908s][info][gc,phases   ] GC(94)   Pre Evacuate Collection Set: 0.4ms
[50.908s][info][gc,phases   ] GC(94)   Merge Heap Roots: 0.2ms
[50.908s][info][gc,phases   ] GC(94)   Evacuate Collection Set: 1.2ms
[50.908s][info][gc,phases   ] GC(94)   Post Evacuate Collection Set: 0.8ms
[50.908s][info][gc,phases   ] GC(94)   Other: 0.2ms
[50.908s][info][gc,heap     ] GC(94) Eden regions: 1->0(75)
[50.908s][info][gc,heap     ] GC(94) Survivor regions: 1->1(10)
[50.908s][info][gc,heap     ] GC(94) Old regions: 8->8
[50.908s][info][gc,heap     ] GC(94) Archive regions: 2->2
[50.908s][info][gc,heap     ] GC(94) Humongous regions: 96->0
[50.908s][info][gc,metaspace] GC(94) Metaspace: 29078K(29440K)->29078K(29440K) NonClass: 25521K(25728K)->25521K(25728K) Class: 3557K(3712K)->3557K(3712K)
[50.908s][info][gc          ] GC(94) Pause Young (Concurrent Start) (G1 Humongous Allocation) 210M->16M(254M) 3.441ms
[50.908s][info][gc,cpu      ] GC(94) User=0.00s Sys=0.00s Real=0.00s
[50.908s][info][gc          ] GC(95) Concurrent Undo Cycle
[50.909s][info][gc,marking  ] GC(95) Concurrent Cleanup for Next Mark
[50.909s][info][gc,marking  ] GC(95) Concurrent Cleanup for Next Mark 0.211ms
[50.909s][info][gc          ] GC(95) Concurrent Undo Cycle 0.443ms
[51.429s][info][gc,start    ] GC(96) Pause Young (Concurrent Start) (G1 Humongous Allocation)
[51.430s][info][gc,task     ] GC(96) Using 8 workers of 8 for evacuation
[51.433s][info][gc,phases   ] GC(96)   Pre Evacuate Collection Set: 0.4ms
[51.433s][info][gc,phases   ] GC(96)   Merge Heap Roots: 0.2ms
[51.433s][info][gc,phases   ] GC(96)   Evacuate Collection Set: 1.4ms
[51.433s][info][gc,phases   ] GC(96)   Post Evacuate Collection Set: 0.8ms
[51.433s][info][gc,phases   ] GC(96)   Other: 0.2ms
[51.433s][info][gc,heap     ] GC(96) Eden regions: 1->0(75)
[51.433s][info][gc,heap     ] GC(96) Survivor regions: 1->1(10)
[51.433s][info][gc,heap     ] GC(96) Old regions: 8->8
[51.433s][info][gc,heap     ] GC(96) Archive regions: 2->2
[51.433s][info][gc,heap     ] GC(96) Humongous regions: 96->0
[51.433s][info][gc,metaspace] GC(96) Metaspace: 29078K(29440K)->29078K(29440K) NonClass: 25521K(25728K)->25521K(25728K) Class: 3557K(3712K)->3557K(3712K)
[51.433s][info][gc          ] GC(96) Pause Young (Concurrent Start) (G1 Humongous Allocation) 210M->16M(254M) 3.514ms
[51.433s][info][gc,cpu      ] GC(96) User=0.01s Sys=0.00s Real=0.01s
[51.433s][info][gc          ] GC(97) Concurrent Undo Cycle
[51.433s][info][gc,marking  ] GC(97) Concurrent Cleanup for Next Mark
[51.433s][info][gc,marking  ] GC(97) Concurrent Cleanup for Next Mark 0.144ms
[51.433s][info][gc          ] GC(97) Concurrent Undo Cycle 0.297ms
[51.949s][info][gc,start    ] GC(98) Pause Young (Concurrent Start) (G1 Humongous Allocation)
[51.949s][info][gc,task     ] GC(98) Using 8 workers of 8 for evacuation
[51.952s][info][gc,phases   ] GC(98)   Pre Evacuate Collection Set: 0.4ms
[51.952s][info][gc,phases   ] GC(98)   Merge Heap Roots: 0.2ms
[51.952s][info][gc,phases   ] GC(98)   Evacuate Collection Set: 1.2ms
[51.952s][info][gc,phases   ] GC(98)   Post Evacuate Collection Set: 0.6ms
[51.952s][info][gc,phases   ] GC(98)   Other: 0.2ms
[51.952s][info][gc,heap     ] GC(98) Eden regions: 1->0(75)
[51.952s][info][gc,heap     ] GC(98) Survivor regions: 1->1(10)
[51.952s][info][gc,heap     ] GC(98) Old regions: 8->8
[51.952s][info][gc,heap     ] GC(98) Archive regions: 2->2
[51.952s][info][gc,heap     ] GC(98) Humongous regions: 96->0
[51.952s][info][gc,metaspace] GC(98) Metaspace: 29078K(29440K)->29078K(29440K) NonClass: 25521K(25728K)->25521K(25728K) Class: 3557K(3712K)->3557K(3712K)
[51.952s][info][gc          ] GC(98) Pause Young (Concurrent Start) (G1 Humongous Allocation) 210M->16M(254M) 3.095ms
[51.952s][info][gc,cpu      ] GC(98) User=0.01s Sys=0.00s Real=0.00s
[51.952s][info][gc          ] GC(99) Concurrent Undo Cycle
[51.952s][info][gc,marking  ] GC(99) Concurrent Cleanup for Next Mark
[51.953s][info][gc,marking  ] GC(99) Concurrent Cleanup for Next Mark 0.122ms
[51.953s][info][gc          ] GC(99) Concurrent Undo Cycle 0.239ms
[52.471s][info][gc,start    ] GC(100) Pause Young (Concurrent Start) (G1 Humongous Allocation)
[52.471s][info][gc,task     ] GC(100) Using 8 workers of 8 for evacuation
[52.473s][info][gc,phases   ] GC(100)   Pre Evacuate Collection Set: 0.2ms
[52.473s][info][gc,phases   ] GC(100)   Merge Heap Roots: 0.1ms
[52.473s][info][gc,phases   ] GC(100)   Evacuate Collection Set: 1.0ms
[52.473s][info][gc,phases   ] GC(100)   Post Evacuate Collection Set: 0.5ms
[52.473s][info][gc,phases   ] GC(100)   Other: 0.2ms
[52.473s][info][gc,heap     ] GC(100) Eden regions: 2->0(75)
[52.473s][info][gc,heap     ] GC(100) Survivor regions: 1->1(10)
[52.473s][info][gc,heap     ] GC(100) Old regions: 8->8
[52.473s][info][gc,heap     ] GC(100) Archive regions: 2->2
[52.473s][info][gc,heap     ] GC(100) Humongous regions: 96->0
[52.473s][info][gc,metaspace] GC(100) Metaspace: 29078K(29440K)->29078K(29440K) NonClass: 25521K(25728K)->25521K(25728K) Class: 3557K(3712K)->3557K(3712K)
[52.473s][info][gc          ] GC(100) Pause Young (Concurrent Start) (G1 Humongous Allocation) 210M->16M(254M) 2.324ms
[52.473s][info][gc,cpu      ] GC(100) User=0.00s Sys=0.00s Real=0.01s
[52.473s][info][gc          ] GC(101) Concurrent Undo Cycle
[52.473s][info][gc,marking  ] GC(101) Concurrent Cleanup for Next Mark
[52.473s][info][gc,marking  ] GC(101) Concurrent Cleanup for Next Mark 0.224ms
[52.474s][info][gc          ] GC(101) Concurrent Undo Cycle 0.404ms
[52.985s][info][gc,start    ] GC(102) Pause Young (Concurrent Start) (G1 Humongous Allocation)
[52.985s][info][gc,task     ] GC(102) Using 8 workers of 8 for evacuation
[52.988s][info][gc,phases   ] GC(102)   Pre Evacuate Collection Set: 0.4ms
[52.988s][info][gc,phases   ] GC(102)   Merge Heap Roots: 0.2ms
[52.988s][info][gc,phases   ] GC(102)   Evacuate Collection Set: 1.3ms
[52.988s][info][gc,phases   ] GC(102)   Post Evacuate Collection Set: 0.9ms
[52.988s][info][gc,phases   ] GC(102)   Other: 0.2ms
[52.988s][info][gc,heap     ] GC(102) Eden regions: 1->0(75)
[52.988s][info][gc,heap     ] GC(102) Survivor regions: 1->1(10)
[52.988s][info][gc,heap     ] GC(102) Old regions: 8->8
[52.988s][info][gc,heap     ] GC(102) Archive regions: 2->2
[52.988s][info][gc,heap     ] GC(102) Humongous regions: 96->0
[52.988s][info][gc,metaspace] GC(102) Metaspace: 29078K(29440K)->29078K(29440K) NonClass: 25521K(25728K)->25521K(25728K) Class: 3557K(3712K)->3557K(3712K)
[52.988s][info][gc          ] GC(102) Pause Young (Concurrent Start) (G1 Humongous Allocation) 209M->16M(254M) 3.676ms
[52.988s][info][gc,cpu      ] GC(102) User=0.01s Sys=0.01s Real=0.00s
[52.988s][info][gc          ] GC(103) Concurrent Undo Cycle
[52.988s][info][gc,marking  ] GC(103) Concurrent Cleanup for Next Mark
[52.988s][info][gc,marking  ] GC(103) Concurrent Cleanup for Next Mark 0.111ms
[52.989s][info][gc          ] GC(103) Concurrent Undo Cycle 0.255ms
[53.505s][info][gc,start    ] GC(104) Pause Young (Concurrent Start) (G1 Humongous Allocation)
[53.505s][info][gc,task     ] GC(104) Using 8 workers of 8 for evacuation
[53.507s][info][gc,phases   ] GC(104)   Pre Evacuate Collection Set: 0.3ms
[53.507s][info][gc,phases   ] GC(104)   Merge Heap Roots: 0.1ms
[53.507s][info][gc,phases   ] GC(104)   Evacuate Collection Set: 0.8ms
[53.507s][info][gc,phases   ] GC(104)   Post Evacuate Collection Set: 0.5ms
[53.507s][info][gc,phases   ] GC(104)   Other: 0.1ms
[53.507s][info][gc,heap     ] GC(104) Eden regions: 2->0(75)
[53.507s][info][gc,heap     ] GC(104) Survivor regions: 1->1(10)
[53.507s][info][gc,heap     ] GC(104) Old regions: 8->8
[53.507s][info][gc,heap     ] GC(104) Archive regions: 2->2
[53.507s][info][gc,heap     ] GC(104) Humongous regions: 96->0
[53.507s][info][gc,metaspace] GC(104) Metaspace: 29078K(29440K)->29078K(29440K) NonClass: 25521K(25728K)->25521K(25728K) Class: 3557K(3712K)->3557K(3712K)
[53.508s][info][gc          ] GC(104) Pause Young (Concurrent Start) (G1 Humongous Allocation) 210M->16M(254M) 2.515ms
[53.508s][info][gc,cpu      ] GC(104) User=0.00s Sys=0.00s Real=0.00s
[53.508s][info][gc          ] GC(105) Concurrent Undo Cycle
[53.508s][info][gc,marking  ] GC(105) Concurrent Cleanup for Next Mark
[53.508s][info][gc,marking  ] GC(105) Concurrent Cleanup for Next Mark 0.114ms
[53.508s][info][gc          ] GC(105) Concurrent Undo Cycle 0.272ms
[54.025s][info][gc,start    ] GC(106) Pause Young (Concurrent Start) (G1 Humongous Allocation)
[54.025s][info][gc,task     ] GC(106) Using 8 workers of 8 for evacuation
[54.027s][info][gc,phases   ] GC(106)   Pre Evacuate Collection Set: 0.4ms
[54.028s][info][gc,phases   ] GC(106)   Merge Heap Roots: 0.1ms
[54.028s][info][gc,phases   ] GC(106)   Evacuate Collection Set: 0.8ms
[54.028s][info][gc,phases   ] GC(106)   Post Evacuate Collection Set: 0.6ms
[54.028s][info][gc,phases   ] GC(106)   Other: 0.2ms
[54.028s][info][gc,heap     ] GC(106) Eden regions: 1->0(75)
[54.028s][info][gc,heap     ] GC(106) Survivor regions: 1->1(10)
[54.028s][info][gc,heap     ] GC(106) Old regions: 8->8
[54.028s][info][gc,heap     ] GC(106) Archive regions: 2->2
[54.028s][info][gc,heap     ] GC(106) Humongous regions: 96->0
[54.028s][info][gc,metaspace] GC(106) Metaspace: 29078K(29440K)->29078K(29440K) NonClass: 25521K(25728K)->25521K(25728K) Class: 3557K(3712K)->3557K(3712K)
[54.028s][info][gc          ] GC(106) Pause Young (Concurrent Start) (G1 Humongous Allocation) 209M->16M(254M) 2.689ms
[54.028s][info][gc,cpu      ] GC(106) User=0.00s Sys=0.00s Real=0.00s
[54.028s][info][gc          ] GC(107) Concurrent Undo Cycle
[54.028s][info][gc,marking  ] GC(107) Concurrent Cleanup for Next Mark
[54.028s][info][gc,marking  ] GC(107) Concurrent Cleanup for Next Mark 0.154ms
[54.028s][info][gc          ] GC(107) Concurrent Undo Cycle 0.340ms
[54.545s][info][gc,start    ] GC(108) Pause Young (Concurrent Start) (G1 Humongous Allocation)
[54.545s][info][gc,task     ] GC(108) Using 8 workers of 8 for evacuation
[54.548s][info][gc,phases   ] GC(108)   Pre Evacuate Collection Set: 0.4ms
[54.548s][info][gc,phases   ] GC(108)   Merge Heap Roots: 0.2ms
[54.549s][info][gc,phases   ] GC(108)   Evacuate Collection Set: 1.2ms
[54.549s][info][gc,phases   ] GC(108)   Post Evacuate Collection Set: 0.8ms
[54.549s][info][gc,phases   ] GC(108)   Other: 0.2ms
[54.549s][info][gc,heap     ] GC(108) Eden regions: 2->0(75)
[54.549s][info][gc,heap     ] GC(108) Survivor regions: 1->1(10)
[54.549s][info][gc,heap     ] GC(108) Old regions: 8->8
[54.549s][info][gc,heap     ] GC(108) Archive regions: 2->2
[54.549s][info][gc,heap     ] GC(108) Humongous regions: 96->0
[54.549s][info][gc,metaspace] GC(108) Metaspace: 29078K(29440K)->29078K(29440K) NonClass: 25521K(25728K)->25521K(25728K) Class: 3557K(3712K)->3557K(3712K)
[54.549s][info][gc          ] GC(108) Pause Young (Concurrent Start) (G1 Humongous Allocation) 210M->16M(254M) 3.614ms
[54.549s][info][gc,cpu      ] GC(108) User=0.00s Sys=0.01s Real=0.00s
[54.549s][info][gc          ] GC(109) Concurrent Undo Cycle
[54.549s][info][gc,marking  ] GC(109) Concurrent Cleanup for Next Mark
[54.549s][info][gc,marking  ] GC(109) Concurrent Cleanup for Next Mark 0.183ms
[54.549s][info][gc          ] GC(109) Concurrent Undo Cycle 0.488ms
[55.069s][info][gc,start    ] GC(110) Pause Young (Concurrent Start) (G1 Humongous Allocation)
[55.070s][info][gc,task     ] GC(110) Using 8 workers of 8 for evacuation
[55.073s][info][gc,phases   ] GC(110)   Pre Evacuate Collection Set: 0.4ms
[55.073s][info][gc,phases   ] GC(110)   Merge Heap Roots: 0.2ms
[55.073s][info][gc,phases   ] GC(110)   Evacuate Collection Set: 1.3ms
[55.073s][info][gc,phases   ] GC(110)   Post Evacuate Collection Set: 0.8ms
[55.073s][info][gc,phases   ] GC(110)   Other: 0.2ms
[55.073s][info][gc,heap     ] GC(110) Eden regions: 1->0(75)
[55.073s][info][gc,heap     ] GC(110) Survivor regions: 1->1(10)
[55.073s][info][gc,heap     ] GC(110) Old regions: 8->8
[55.073s][info][gc,heap     ] GC(110) Archive regions: 2->2
[55.073s][info][gc,heap     ] GC(110) Humongous regions: 96->0
[55.073s][info][gc,metaspace] GC(110) Metaspace: 29078K(29440K)->29078K(29440K) NonClass: 25521K(25728K)->25521K(25728K) Class: 3557K(3712K)->3557K(3712K)
[55.073s][info][gc          ] GC(110) Pause Young (Concurrent Start) (G1 Humongous Allocation) 209M->16M(254M) 3.667ms
[55.073s][info][gc,cpu      ] GC(110) User=0.01s Sys=0.00s Real=0.01s
[55.073s][info][gc          ] GC(111) Concurrent Undo Cycle
[55.073s][info][gc,marking  ] GC(111) Concurrent Cleanup for Next Mark
[55.074s][info][gc,marking  ] GC(111) Concurrent Cleanup for Next Mark 0.142ms
[55.074s][info][gc          ] GC(111) Concurrent Undo Cycle 0.277ms
[55.593s][info][gc,start    ] GC(112) Pause Young (Concurrent Start) (G1 Humongous Allocation)
[55.593s][info][gc,task     ] GC(112) Using 8 workers of 8 for evacuation
[55.596s][info][gc,phases   ] GC(112)   Pre Evacuate Collection Set: 0.4ms
[55.596s][info][gc,phases   ] GC(112)   Merge Heap Roots: 0.2ms
[55.596s][info][gc,phases   ] GC(112)   Evacuate Collection Set: 1.3ms
[55.596s][info][gc,phases   ] GC(112)   Post Evacuate Collection Set: 0.8ms
[55.597s][info][gc,phases   ] GC(112)   Other: 0.3ms
[55.597s][info][gc,heap     ] GC(112) Eden regions: 2->0(75)
[55.597s][info][gc,heap     ] GC(112) Survivor regions: 1->1(10)
[55.597s][info][gc,heap     ] GC(112) Old regions: 8->8
[55.597s][info][gc,heap     ] GC(112) Archive regions: 2->2
[55.597s][info][gc,heap     ] GC(112) Humongous regions: 96->0
[55.597s][info][gc,metaspace] GC(112) Metaspace: 29078K(29440K)->29078K(29440K) NonClass: 25521K(25728K)->25521K(25728K) Class: 3557K(3712K)->3557K(3712K)
[55.597s][info][gc          ] GC(112) Pause Young (Concurrent Start) (G1 Humongous Allocation) 210M->16M(254M) 3.662ms
[55.597s][info][gc,cpu      ] GC(112) User=0.01s Sys=0.01s Real=0.00s
[55.597s][info][gc          ] GC(113) Concurrent Undo Cycle
[55.597s][info][gc,marking  ] GC(113) Concurrent Cleanup for Next Mark
[55.597s][info][gc,marking  ] GC(113) Concurrent Cleanup for Next Mark 0.145ms
[55.597s][info][gc          ] GC(113) Concurrent Undo Cycle 0.293ms
[56.116s][info][gc,start    ] GC(114) Pause Young (Concurrent Start) (G1 Humongous Allocation)
[56.116s][info][gc,task     ] GC(114) Using 8 workers of 8 for evacuation
[56.118s][info][gc,phases   ] GC(114)   Pre Evacuate Collection Set: 0.3ms
[56.118s][info][gc,phases   ] GC(114)   Merge Heap Roots: 0.9ms
[56.118s][info][gc,phases   ] GC(114)   Evacuate Collection Set: 0.8ms
[56.118s][info][gc,phases   ] GC(114)   Post Evacuate Collection Set: 0.3ms
[56.118s][info][gc,phases   ] GC(114)   Other: 0.1ms
[56.118s][info][gc,heap     ] GC(114) Eden regions: 1->0(75)
[56.118s][info][gc,heap     ] GC(114) Survivor regions: 1->1(10)
[56.118s][info][gc,heap     ] GC(114) Old regions: 8->8
[56.118s][info][gc,heap     ] GC(114) Archive regions: 2->2
[56.118s][info][gc,heap     ] GC(114) Humongous regions: 96->0
[56.118s][info][gc,metaspace] GC(114) Metaspace: 29078K(29440K)->29078K(29440K) NonClass: 25521K(25728K)->25521K(25728K) Class: 3557K(3712K)->3557K(3712K)
[56.118s][info][gc          ] GC(114) Pause Young (Concurrent Start) (G1 Humongous Allocation) 209M->16M(254M) 2.664ms
[56.118s][info][gc          ] GC(115) Concurrent Undo Cycle
[56.118s][info][gc,cpu      ] GC(114) User=0.00s Sys=0.00s Real=0.00s
[56.118s][info][gc,marking  ] GC(115) Concurrent Cleanup for Next Mark
[56.119s][info][gc,marking  ] GC(115) Concurrent Cleanup for Next Mark 0.089ms
[56.119s][info][gc          ] GC(115) Concurrent Undo Cycle 0.182ms
[56.642s][info][gc,start    ] GC(116) Pause Young (Concurrent Start) (G1 Humongous Allocation)
[56.642s][info][gc,task     ] GC(116) Using 8 workers of 8 for evacuation
[56.643s][info][gc,phases   ] GC(116)   Pre Evacuate Collection Set: 0.1ms
[56.643s][info][gc,phases   ] GC(116)   Merge Heap Roots: 0.1ms
[56.643s][info][gc,phases   ] GC(116)   Evacuate Collection Set: 0.6ms
[56.643s][info][gc,phases   ] GC(116)   Post Evacuate Collection Set: 0.4ms
[56.643s][info][gc,phases   ] GC(116)   Other: 0.2ms
[56.643s][info][gc,heap     ] GC(116) Eden regions: 2->0(75)
[56.643s][info][gc,heap     ] GC(116) Survivor regions: 1->1(10)
[56.643s][info][gc,heap     ] GC(116) Old regions: 8->8
[56.643s][info][gc,heap     ] GC(116) Archive regions: 2->2
[56.643s][info][gc,heap     ] GC(116) Humongous regions: 96->0
[56.643s][info][gc,metaspace] GC(116) Metaspace: 29078K(29440K)->29078K(29440K) NonClass: 25521K(25728K)->25521K(25728K) Class: 3557K(3712K)->3557K(3712K)
[56.643s][info][gc          ] GC(116) Pause Young (Concurrent Start) (G1 Humongous Allocation) 210M->16M(254M) 1.791ms
[56.643s][info][gc          ] GC(117) Concurrent Undo Cycle
[56.643s][info][gc,cpu      ] GC(116) User=0.00s Sys=0.00s Real=0.01s
[56.643s][info][gc,marking  ] GC(117) Concurrent Cleanup for Next Mark
[56.644s][info][gc,marking  ] GC(117) Concurrent Cleanup for Next Mark 0.147ms
[56.644s][info][gc          ] GC(117) Concurrent Undo Cycle 0.209ms
[57.153s][info][gc,start    ] GC(118) Pause Young (Concurrent Start) (G1 Humongous Allocation)
[57.153s][info][gc,task     ] GC(118) Using 8 workers of 8 for evacuation
[57.154s][info][gc,phases   ] GC(118)   Pre Evacuate Collection Set: 0.1ms
[57.154s][info][gc,phases   ] GC(118)   Merge Heap Roots: 0.1ms
[57.154s][info][gc,phases   ] GC(118)   Evacuate Collection Set: 0.5ms
[57.154s][info][gc,phases   ] GC(118)   Post Evacuate Collection Set: 0.3ms
[57.155s][info][gc,phases   ] GC(118)   Other: 0.2ms
[57.155s][info][gc,heap     ] GC(118) Eden regions: 1->0(75)
[57.155s][info][gc,heap     ] GC(118) Survivor regions: 1->1(10)
[57.155s][info][gc,heap     ] GC(118) Old regions: 8->8
[57.155s][info][gc,heap     ] GC(118) Archive regions: 2->2
[57.155s][info][gc,heap     ] GC(118) Humongous regions: 96->0
[57.155s][info][gc,metaspace] GC(118) Metaspace: 29078K(29440K)->29078K(29440K) NonClass: 25521K(25728K)->25521K(25728K) Class: 3557K(3712K)->3557K(3712K)
[57.155s][info][gc          ] GC(118) Pause Young (Concurrent Start) (G1 Humongous Allocation) 209M->16M(254M) 1.532ms
[57.155s][info][gc,cpu      ] GC(118) User=0.00s Sys=0.00s Real=0.00s
[57.155s][info][gc          ] GC(119) Concurrent Undo Cycle
[57.155s][info][gc,marking  ] GC(119) Concurrent Cleanup for Next Mark
[57.155s][info][gc,marking  ] GC(119) Concurrent Cleanup for Next Mark 0.095ms
[57.155s][info][gc          ] GC(119) Concurrent Undo Cycle 0.183ms
[57.668s][info][gc,start    ] GC(120) Pause Young (Concurrent Start) (G1 Humongous Allocation)
[57.668s][info][gc,task     ] GC(120) Using 8 workers of 8 for evacuation
[57.670s][info][gc,phases   ] GC(120)   Pre Evacuate Collection Set: 0.1ms
[57.670s][info][gc,phases   ] GC(120)   Merge Heap Roots: 0.0ms
[57.670s][info][gc,phases   ] GC(120)   Evacuate Collection Set: 0.6ms
[57.670s][info][gc,phases   ] GC(120)   Post Evacuate Collection Set: 0.2ms
[57.670s][info][gc,phases   ] GC(120)   Other: 0.1ms
[57.670s][info][gc,heap     ] GC(120) Eden regions: 2->0(75)
[57.670s][info][gc,heap     ] GC(120) Survivor regions: 1->1(10)
[57.670s][info][gc,heap     ] GC(120) Old regions: 8->8
[57.670s][info][gc,heap     ] GC(120) Archive regions: 2->2
[57.670s][info][gc,heap     ] GC(120) Humongous regions: 96->0
[57.670s][info][gc,metaspace] GC(120) Metaspace: 29078K(29440K)->29078K(29440K) NonClass: 25521K(25728K)->25521K(25728K) Class: 3557K(3712K)->3557K(3712K)
[57.670s][info][gc          ] GC(120) Pause Young (Concurrent Start) (G1 Humongous Allocation) 210M->16M(254M) 1.346ms
[57.670s][info][gc          ] GC(121) Concurrent Undo Cycle
[57.670s][info][gc,cpu      ] GC(120) User=0.00s Sys=0.00s Real=0.00s
[57.670s][info][gc,marking  ] GC(121) Concurrent Cleanup for Next Mark
[57.670s][info][gc,marking  ] GC(121) Concurrent Cleanup for Next Mark 0.056ms
[57.670s][info][gc          ] GC(121) Concurrent Undo Cycle 0.113ms
[58.182s][info][gc,start    ] GC(122) Pause Young (Concurrent Start) (G1 Humongous Allocation)
[58.182s][info][gc,task     ] GC(122) Using 8 workers of 8 for evacuation
[58.184s][info][gc,phases   ] GC(122)   Pre Evacuate Collection Set: 0.4ms
[58.184s][info][gc,phases   ] GC(122)   Merge Heap Roots: 0.1ms
[58.184s][info][gc,phases   ] GC(122)   Evacuate Collection Set: 1.0ms
[58.184s][info][gc,phases   ] GC(122)   Post Evacuate Collection Set: 0.5ms
[58.184s][info][gc,phases   ] GC(122)   Other: 0.2ms
[58.184s][info][gc,heap     ] GC(122) Eden regions: 1->0(75)
[58.184s][info][gc,heap     ] GC(122) Survivor regions: 1->1(10)
[58.184s][info][gc,heap     ] GC(122) Old regions: 8->8
[58.184s][info][gc,heap     ] GC(122) Archive regions: 2->2
[58.184s][info][gc,heap     ] GC(122) Humongous regions: 96->0
[58.184s][info][gc,metaspace] GC(122) Metaspace: 29078K(29440K)->29078K(29440K) NonClass: 25521K(25728K)->25521K(25728K) Class: 3557K(3712K)->3557K(3712K)
[58.185s][info][gc          ] GC(122) Pause Young (Concurrent Start) (G1 Humongous Allocation) 209M->16M(254M) 2.979ms
[58.185s][info][gc          ] GC(123) Concurrent Undo Cycle
[58.185s][info][gc,cpu      ] GC(122) User=0.01s Sys=0.01s Real=0.01s
[58.185s][info][gc,marking  ] GC(123) Concurrent Cleanup for Next Mark
[58.185s][info][gc,marking  ] GC(123) Concurrent Cleanup for Next Mark 0.277ms
[58.185s][info][gc          ] GC(123) Concurrent Undo Cycle 0.516ms
[58.712s][info][gc,start    ] GC(124) Pause Young (Concurrent Start) (G1 Humongous Allocation)
[58.712s][info][gc,task     ] GC(124) Using 8 workers of 8 for evacuation
[58.748s][info][gc,phases   ] GC(124)   Pre Evacuate Collection Set: 5.1ms
[58.749s][info][gc,phases   ] GC(124)   Merge Heap Roots: 3.9ms
[58.749s][info][gc,phases   ] GC(124)   Evacuate Collection Set: 15.1ms
[58.749s][info][gc,phases   ] GC(124)   Post Evacuate Collection Set: 5.2ms
[58.749s][info][gc,phases   ] GC(124)   Other: 6.4ms
[58.750s][info][gc,heap     ] GC(124) Eden regions: 2->0(75)
[58.750s][info][gc,heap     ] GC(124) Survivor regions: 1->1(10)
[58.750s][info][gc,heap     ] GC(124) Old regions: 8->8
[58.750s][info][gc,heap     ] GC(124) Archive regions: 2->2
[58.750s][info][gc,heap     ] GC(124) Humongous regions: 96->0
[58.750s][info][gc,metaspace] GC(124) Metaspace: 29078K(29440K)->29078K(29440K) NonClass: 25521K(25728K)->25521K(25728K) Class: 3557K(3712K)->3557K(3712K)
[58.750s][info][gc          ] GC(124) Pause Young (Concurrent Start) (G1 Humongous Allocation) 210M->16M(254M) 37.659ms
[58.750s][info][gc,cpu      ] GC(124) User=0.00s Sys=0.00s Real=0.04s
[58.750s][info][gc          ] GC(125) Concurrent Undo Cycle
[58.751s][info][gc,marking  ] GC(125) Concurrent Cleanup for Next Mark
[58.754s][info][gc,marking  ] GC(125) Concurrent Cleanup for Next Mark 3.226ms
[58.754s][info][gc          ] GC(125) Concurrent Undo Cycle 3.411ms
[59.265s][info][gc,start    ] GC(126) Pause Young (Concurrent Start) (G1 Humongous Allocation)
[59.265s][info][gc,task     ] GC(126) Using 8 workers of 8 for evacuation
[59.266s][info][gc,phases   ] GC(126)   Pre Evacuate Collection Set: 0.1ms
[59.266s][info][gc,phases   ] GC(126)   Merge Heap Roots: 0.0ms
[59.266s][info][gc,phases   ] GC(126)   Evacuate Collection Set: 0.5ms
[59.266s][info][gc,phases   ] GC(126)   Post Evacuate Collection Set: 0.3ms
[59.266s][info][gc,phases   ] GC(126)   Other: 0.1ms
[59.266s][info][gc,heap     ] GC(126) Eden regions: 1->0(75)
[59.266s][info][gc,heap     ] GC(126) Survivor regions: 1->1(10)
[59.266s][info][gc,heap     ] GC(126) Old regions: 8->8
[59.266s][info][gc,heap     ] GC(126) Archive regions: 2->2
[59.266s][info][gc,heap     ] GC(126) Humongous regions: 96->0
[59.266s][info][gc,metaspace] GC(126) Metaspace: 29078K(29440K)->29078K(29440K) NonClass: 25521K(25728K)->25521K(25728K) Class: 3557K(3712K)->3557K(3712K)
[59.266s][info][gc          ] GC(126) Pause Young (Concurrent Start) (G1 Humongous Allocation) 209M->16M(254M) 1.296ms
[59.266s][info][gc          ] GC(127) Concurrent Undo Cycle
[59.266s][info][gc,cpu      ] GC(126) User=0.00s Sys=0.00s Real=0.00s
[59.266s][info][gc,marking  ] GC(127) Concurrent Cleanup for Next Mark
[59.266s][info][gc,marking  ] GC(127) Concurrent Cleanup for Next Mark 0.093ms
[59.266s][info][gc          ] GC(127) Concurrent Undo Cycle 0.153ms
[59.778s][info][gc,start    ] GC(128) Pause Young (Concurrent Start) (G1 Humongous Allocation)
[59.778s][info][gc,task     ] GC(128) Using 8 workers of 8 for evacuation
[59.780s][info][gc,phases   ] GC(128)   Pre Evacuate Collection Set: 0.1ms
[59.780s][info][gc,phases   ] GC(128)   Merge Heap Roots: 0.1ms
[59.780s][info][gc,phases   ] GC(128)   Evacuate Collection Set: 0.8ms
[59.780s][info][gc,phases   ] GC(128)   Post Evacuate Collection Set: 0.4ms
[59.780s][info][gc,phases   ] GC(128)   Other: 0.2ms
[59.780s][info][gc,heap     ] GC(128) Eden regions: 2->0(75)
[59.780s][info][gc,heap     ] GC(128) Survivor regions: 1->1(10)
[59.780s][info][gc,heap     ] GC(128) Old regions: 8->8
[59.780s][info][gc,heap     ] GC(128) Archive regions: 2->2
[59.780s][info][gc,heap     ] GC(128) Humongous regions: 96->0
[59.780s][info][gc,metaspace] GC(128) Metaspace: 29078K(29440K)->29078K(29440K) NonClass: 25521K(25728K)->25521K(25728K) Class: 3557K(3712K)->3557K(3712K)
[59.780s][info][gc          ] GC(128) Pause Young (Concurrent Start) (G1 Humongous Allocation) 210M->16M(254M) 2.041ms
[59.780s][info][gc          ] GC(129) Concurrent Undo Cycle
[59.780s][info][gc,cpu      ] GC(128) User=0.00s Sys=0.00s Real=0.00s
[59.780s][info][gc,marking  ] GC(129) Concurrent Cleanup for Next Mark
[59.781s][info][gc,marking  ] GC(129) Concurrent Cleanup for Next Mark 0.143ms
[59.781s][info][gc          ] GC(129) Concurrent Undo Cycle 0.217ms
[60.297s][info][gc,start    ] GC(130) Pause Young (Concurrent Start) (G1 Humongous Allocation)
[60.298s][info][gc,task     ] GC(130) Using 8 workers of 8 for evacuation
[60.299s][info][gc,phases   ] GC(130)   Pre Evacuate Collection Set: 0.3ms
[60.300s][info][gc,phases   ] GC(130)   Merge Heap Roots: 0.1ms
[60.300s][info][gc,phases   ] GC(130)   Evacuate Collection Set: 0.9ms
[60.300s][info][gc,phases   ] GC(130)   Post Evacuate Collection Set: 0.5ms
[60.300s][info][gc,phases   ] GC(130)   Other: 0.1ms
[60.300s][info][gc,heap     ] GC(130) Eden regions: 1->0(75)
[60.300s][info][gc,heap     ] GC(130) Survivor regions: 1->1(10)
[60.300s][info][gc,heap     ] GC(130) Old regions: 8->8
[60.300s][info][gc,heap     ] GC(130) Archive regions: 2->2
[60.300s][info][gc,heap     ] GC(130) Humongous regions: 96->0
[60.300s][info][gc,metaspace] GC(130) Metaspace: 29078K(29440K)->29078K(29440K) NonClass: 25521K(25728K)->25521K(25728K) Class: 3557K(3712K)->3557K(3712K)
[60.300s][info][gc          ] GC(130) Pause Young (Concurrent Start) (G1 Humongous Allocation) 209M->16M(254M) 2.474ms
[60.300s][info][gc,cpu      ] GC(130) User=0.00s Sys=0.01s Real=0.00s
[60.300s][info][gc          ] GC(131) Concurrent Undo Cycle
[60.300s][info][gc,marking  ] GC(131) Concurrent Cleanup for Next Mark
[60.300s][info][gc,marking  ] GC(131) Concurrent Cleanup for Next Mark 0.119ms
[60.300s][info][gc          ] GC(131) Concurrent Undo Cycle 0.265ms
[60.817s][info][gc,start    ] GC(132) Pause Young (Concurrent Start) (G1 Humongous Allocation)
[60.817s][info][gc,task     ] GC(132) Using 8 workers of 8 for evacuation
[60.820s][info][gc,phases   ] GC(132)   Pre Evacuate Collection Set: 0.4ms
[60.820s][info][gc,phases   ] GC(132)   Merge Heap Roots: 0.2ms
[60.820s][info][gc,phases   ] GC(132)   Evacuate Collection Set: 1.2ms
[60.820s][info][gc,phases   ] GC(132)   Post Evacuate Collection Set: 0.7ms
[60.820s][info][gc,phases   ] GC(132)   Other: 0.2ms
[60.820s][info][gc,heap     ] GC(132) Eden regions: 2->0(75)
[60.820s][info][gc,heap     ] GC(132) Survivor regions: 1->1(10)
[60.820s][info][gc,heap     ] GC(132) Old regions: 8->8
[60.820s][info][gc,heap     ] GC(132) Archive regions: 2->2
[60.820s][info][gc,heap     ] GC(132) Humongous regions: 96->0
[60.820s][info][gc,metaspace] GC(132) Metaspace: 29080K(29440K)->29080K(29440K) NonClass: 25522K(25728K)->25522K(25728K) Class: 3557K(3712K)->3557K(3712K)
[60.820s][info][gc          ] GC(132) Pause Young (Concurrent Start) (G1 Humongous Allocation) 210M->16M(254M) 3.305ms
[60.821s][info][gc,cpu      ] GC(132) User=0.00s Sys=0.00s Real=0.00s
[60.821s][info][gc          ] GC(133) Concurrent Undo Cycle
[60.821s][info][gc,marking  ] GC(133) Concurrent Cleanup for Next Mark
[60.821s][info][gc,marking  ] GC(133) Concurrent Cleanup for Next Mark 0.134ms
[60.821s][info][gc          ] GC(133) Concurrent Undo Cycle 0.336ms
[61.335s][info][gc,start    ] GC(134) Pause Young (Concurrent Start) (G1 Humongous Allocation)
[61.335s][info][gc,task     ] GC(134) Using 8 workers of 8 for evacuation
[61.337s][info][gc,phases   ] GC(134)   Pre Evacuate Collection Set: 0.1ms
[61.337s][info][gc,phases   ] GC(134)   Merge Heap Roots: 0.0ms
[61.338s][info][gc,phases   ] GC(134)   Evacuate Collection Set: 0.7ms
[61.338s][info][gc,phases   ] GC(134)   Post Evacuate Collection Set: 0.8ms
[61.338s][info][gc,phases   ] GC(134)   Other: 0.1ms
[61.338s][info][gc,heap     ] GC(134) Eden regions: 1->0(75)
[61.338s][info][gc,heap     ] GC(134) Survivor regions: 1->1(10)
[61.338s][info][gc,heap     ] GC(134) Old regions: 8->8
[61.338s][info][gc,heap     ] GC(134) Archive regions: 2->2
[61.338s][info][gc,heap     ] GC(134) Humongous regions: 96->0
[61.338s][info][gc,metaspace] GC(134) Metaspace: 29080K(29440K)->29080K(29440K) NonClass: 25522K(25728K)->25522K(25728K) Class: 3557K(3712K)->3557K(3712K)
[61.338s][info][gc          ] GC(134) Pause Young (Concurrent Start) (G1 Humongous Allocation) 209M->16M(254M) 2.391ms
[61.338s][info][gc          ] GC(135) Concurrent Undo Cycle
[61.338s][info][gc,cpu      ] GC(134) User=0.00s Sys=0.00s Real=0.00s
[61.338s][info][gc,marking  ] GC(135) Concurrent Cleanup for Next Mark
[61.338s][info][gc,marking  ] GC(135) Concurrent Cleanup for Next Mark 0.089ms
[61.338s][info][gc          ] GC(135) Concurrent Undo Cycle 0.377ms
[61.848s][info][gc,start    ] GC(136) Pause Young (Concurrent Start) (G1 Humongous Allocation)
[61.848s][info][gc,task     ] GC(136) Using 8 workers of 8 for evacuation
[61.849s][info][gc,phases   ] GC(136)   Pre Evacuate Collection Set: 0.1ms
[61.850s][info][gc,phases   ] GC(136)   Merge Heap Roots: 0.0ms
[61.850s][info][gc,phases   ] GC(136)   Evacuate Collection Set: 0.5ms
[61.850s][info][gc,phases   ] GC(136)   Post Evacuate Collection Set: 0.2ms
[61.850s][info][gc,phases   ] GC(136)   Other: 0.1ms
[61.850s][info][gc,heap     ] GC(136) Eden regions: 2->0(75)
[61.850s][info][gc,heap     ] GC(136) Survivor regions: 1->1(10)
[61.850s][info][gc,heap     ] GC(136) Old regions: 8->8
[61.850s][info][gc,heap     ] GC(136) Archive regions: 2->2
[61.850s][info][gc,heap     ] GC(136) Humongous regions: 96->0
[61.850s][info][gc,metaspace] GC(136) Metaspace: 29080K(29440K)->29080K(29440K) NonClass: 25522K(25728K)->25522K(25728K) Class: 3557K(3712K)->3557K(3712K)
[61.850s][info][gc          ] GC(136) Pause Young (Concurrent Start) (G1 Humongous Allocation) 210M->16M(254M) 1.341ms
[61.850s][info][gc          ] GC(137) Concurrent Undo Cycle
[61.850s][info][gc,cpu      ] GC(136) User=0.01s Sys=0.00s Real=0.00s
[61.850s][info][gc,marking  ] GC(137) Concurrent Cleanup for Next Mark
[61.850s][info][gc,marking  ] GC(137) Concurrent Cleanup for Next Mark 0.078ms
[61.850s][info][gc          ] GC(137) Concurrent Undo Cycle 0.157ms
[62.361s][info][gc,start    ] GC(138) Pause Young (Concurrent Start) (G1 Humongous Allocation)
[62.362s][info][gc,task     ] GC(138) Using 8 workers of 8 for evacuation
[62.363s][info][gc,phases   ] GC(138)   Pre Evacuate Collection Set: 0.1ms
[62.363s][info][gc,phases   ] GC(138)   Merge Heap Roots: 0.0ms
[62.363s][info][gc,phases   ] GC(138)   Evacuate Collection Set: 0.5ms
[62.363s][info][gc,phases   ] GC(138)   Post Evacuate Collection Set: 0.3ms
[62.363s][info][gc,phases   ] GC(138)   Other: 0.1ms
[62.363s][info][gc,heap     ] GC(138) Eden regions: 1->0(75)
[62.363s][info][gc,heap     ] GC(138) Survivor regions: 1->1(10)
[62.363s][info][gc,heap     ] GC(138) Old regions: 8->8
[62.363s][info][gc,heap     ] GC(138) Archive regions: 2->2
[62.363s][info][gc,heap     ] GC(138) Humongous regions: 96->0
[62.363s][info][gc,metaspace] GC(138) Metaspace: 29080K(29440K)->29080K(29440K) NonClass: 25522K(25728K)->25522K(25728K) Class: 3557K(3712K)->3557K(3712K)
[62.363s][info][gc          ] GC(138) Pause Young (Concurrent Start) (G1 Humongous Allocation) 210M->16M(254M) 2.315ms
[62.363s][info][gc          ] GC(139) Concurrent Undo Cycle
[62.363s][info][gc,cpu      ] GC(138) User=0.00s Sys=0.00s Real=0.01s
[62.363s][info][gc,marking  ] GC(139) Concurrent Cleanup for Next Mark
[62.363s][info][gc,marking  ] GC(139) Concurrent Cleanup for Next Mark 0.083ms
[62.363s][info][gc          ] GC(139) Concurrent Undo Cycle 0.148ms
[62.873s][info][gc,start    ] GC(140) Pause Young (Concurrent Start) (G1 Humongous Allocation)
[62.874s][info][gc,task     ] GC(140) Using 8 workers of 8 for evacuation
[62.876s][info][gc,phases   ] GC(140)   Pre Evacuate Collection Set: 0.3ms
[62.876s][info][gc,phases   ] GC(140)   Merge Heap Roots: 0.1ms
[62.876s][info][gc,phases   ] GC(140)   Evacuate Collection Set: 0.8ms
[62.876s][info][gc,phases   ] GC(140)   Post Evacuate Collection Set: 0.6ms
[62.876s][info][gc,phases   ] GC(140)   Other: 0.3ms
[62.876s][info][gc,heap     ] GC(140) Eden regions: 1->0(75)
[62.876s][info][gc,heap     ] GC(140) Survivor regions: 1->1(10)
[62.876s][info][gc,heap     ] GC(140) Old regions: 8->8
[62.876s][info][gc,heap     ] GC(140) Archive regions: 2->2
[62.876s][info][gc,heap     ] GC(140) Humongous regions: 96->0
[62.876s][info][gc,metaspace] GC(140) Metaspace: 29080K(29440K)->29080K(29440K) NonClass: 25522K(25728K)->25522K(25728K) Class: 3557K(3712K)->3557K(3712K)
[62.876s][info][gc          ] GC(140) Pause Young (Concurrent Start) (G1 Humongous Allocation) 210M->16M(254M) 2.945ms
[62.876s][info][gc,cpu      ] GC(140) User=0.00s Sys=0.00s Real=0.00s
[62.877s][info][gc          ] GC(141) Concurrent Undo Cycle
[62.877s][info][gc,marking  ] GC(141) Concurrent Cleanup for Next Mark
[62.878s][info][gc,marking  ] GC(141) Concurrent Cleanup for Next Mark 0.784ms
[62.878s][info][gc          ] GC(141) Concurrent Undo Cycle 1.233ms
[63.401s][info][gc,start    ] GC(142) Pause Young (Concurrent Start) (G1 Humongous Allocation)
[63.401s][info][gc,task     ] GC(142) Using 8 workers of 8 for evacuation
[63.404s][info][gc,phases   ] GC(142)   Pre Evacuate Collection Set: 0.4ms
[63.404s][info][gc,phases   ] GC(142)   Merge Heap Roots: 0.2ms
[63.404s][info][gc,phases   ] GC(142)   Evacuate Collection Set: 1.2ms
[63.404s][info][gc,phases   ] GC(142)   Post Evacuate Collection Set: 0.8ms
[63.404s][info][gc,phases   ] GC(142)   Other: 0.3ms
[63.405s][info][gc,heap     ] GC(142) Eden regions: 1->0(75)
[63.405s][info][gc,heap     ] GC(142) Survivor regions: 1->1(10)
[63.405s][info][gc,heap     ] GC(142) Old regions: 8->8
[63.405s][info][gc,heap     ] GC(142) Archive regions: 2->2
[63.405s][info][gc,heap     ] GC(142) Humongous regions: 96->0
[63.405s][info][gc,metaspace] GC(142) Metaspace: 29080K(29440K)->29080K(29440K) NonClass: 25522K(25728K)->25522K(25728K) Class: 3557K(3712K)->3557K(3712K)
[63.405s][info][gc          ] GC(142) Pause Young (Concurrent Start) (G1 Humongous Allocation) 210M->16M(254M) 3.615ms
[63.405s][info][gc,cpu      ] GC(142) User=0.01s Sys=0.00s Real=0.01s
[63.405s][info][gc          ] GC(143) Concurrent Undo Cycle
[63.405s][info][gc,marking  ] GC(143) Concurrent Cleanup for Next Mark
[63.405s][info][gc,marking  ] GC(143) Concurrent Cleanup for Next Mark 0.134ms
[63.405s][info][gc          ] GC(143) Concurrent Undo Cycle 0.326ms
[63.924s][info][gc,start    ] GC(144) Pause Young (Concurrent Start) (G1 Humongous Allocation)
[63.924s][info][gc,task     ] GC(144) Using 8 workers of 8 for evacuation
[63.925s][info][gc,phases   ] GC(144)   Pre Evacuate Collection Set: 0.1ms
[63.925s][info][gc,phases   ] GC(144)   Merge Heap Roots: 0.0ms
[63.925s][info][gc,phases   ] GC(144)   Evacuate Collection Set: 0.4ms
[63.925s][info][gc,phases   ] GC(144)   Post Evacuate Collection Set: 0.3ms
[63.925s][info][gc,phases   ] GC(144)   Other: 0.1ms
[63.925s][info][gc,heap     ] GC(144) Eden regions: 1->0(75)
[63.925s][info][gc,heap     ] GC(144) Survivor regions: 1->1(10)
[63.925s][info][gc,heap     ] GC(144) Old regions: 8->8
[63.925s][info][gc,heap     ] GC(144) Archive regions: 2->2
[63.925s][info][gc,heap     ] GC(144) Humongous regions: 96->0
[63.925s][info][gc,metaspace] GC(144) Metaspace: 29080K(29440K)->29080K(29440K) NonClass: 25522K(25728K)->25522K(25728K) Class: 3557K(3712K)->3557K(3712K)
[63.926s][info][gc          ] GC(144) Pause Young (Concurrent Start) (G1 Humongous Allocation) 210M->16M(254M) 1.129ms
[63.926s][info][gc,cpu      ] GC(144) User=0.01s Sys=0.00s Real=0.00s
[63.926s][info][gc          ] GC(145) Concurrent Undo Cycle
[63.926s][info][gc,marking  ] GC(145) Concurrent Cleanup for Next Mark
[63.926s][info][gc,marking  ] GC(145) Concurrent Cleanup for Next Mark 0.073ms
[63.926s][info][gc          ] GC(145) Concurrent Undo Cycle 0.159ms
[64.433s][info][gc,start    ] GC(146) Pause Young (Concurrent Start) (G1 Humongous Allocation)
[64.433s][info][gc,task     ] GC(146) Using 8 workers of 8 for evacuation
[64.436s][info][gc,phases   ] GC(146)   Pre Evacuate Collection Set: 0.4ms
[64.437s][info][gc,phases   ] GC(146)   Merge Heap Roots: 0.2ms
[64.437s][info][gc,phases   ] GC(146)   Evacuate Collection Set: 1.3ms
[64.437s][info][gc,phases   ] GC(146)   Post Evacuate Collection Set: 0.9ms
[64.437s][info][gc,phases   ] GC(146)   Other: 0.2ms
[64.437s][info][gc,heap     ] GC(146) Eden regions: 1->0(75)
[64.437s][info][gc,heap     ] GC(146) Survivor regions: 1->1(10)
[64.437s][info][gc,heap     ] GC(146) Old regions: 8->8
[64.437s][info][gc,heap     ] GC(146) Archive regions: 2->2
[64.437s][info][gc,heap     ] GC(146) Humongous regions: 96->0
[64.437s][info][gc,metaspace] GC(146) Metaspace: 29080K(29440K)->29080K(29440K) NonClass: 25522K(25728K)->25522K(25728K) Class: 3557K(3712K)->3557K(3712K)
[64.437s][info][gc          ] GC(146) Pause Young (Concurrent Start) (G1 Humongous Allocation) 210M->16M(254M) 3.718ms
[64.437s][info][gc,cpu      ] GC(146) User=0.01s Sys=0.01s Real=0.00s
[64.437s][info][gc          ] GC(147) Concurrent Undo Cycle
[64.437s][info][gc,marking  ] GC(147) Concurrent Cleanup for Next Mark
[64.437s][info][gc,marking  ] GC(147) Concurrent Cleanup for Next Mark 0.124ms
[64.437s][info][gc          ] GC(147) Concurrent Undo Cycle 0.338ms
[64.953s][info][gc,start    ] GC(148) Pause Young (Concurrent Start) (G1 Humongous Allocation)
[64.953s][info][gc,task     ] GC(148) Using 8 workers of 8 for evacuation
[64.956s][info][gc,phases   ] GC(148)   Pre Evacuate Collection Set: 0.4ms
[64.956s][info][gc,phases   ] GC(148)   Merge Heap Roots: 0.2ms
[64.956s][info][gc,phases   ] GC(148)   Evacuate Collection Set: 1.2ms
[64.956s][info][gc,phases   ] GC(148)   Post Evacuate Collection Set: 0.8ms
[64.957s][info][gc,phases   ] GC(148)   Other: 0.2ms
[64.957s][info][gc,heap     ] GC(148) Eden regions: 1->0(75)
[64.957s][info][gc,heap     ] GC(148) Survivor regions: 1->1(10)
[64.957s][info][gc,heap     ] GC(148) Old regions: 8->8
[64.957s][info][gc,heap     ] GC(148) Archive regions: 2->2
[64.957s][info][gc,heap     ] GC(148) Humongous regions: 96->0
[64.957s][info][gc,metaspace] GC(148) Metaspace: 29080K(29440K)->29080K(29440K) NonClass: 25522K(25728K)->25522K(25728K) Class: 3557K(3712K)->3557K(3712K)
[64.957s][info][gc          ] GC(148) Pause Young (Concurrent Start) (G1 Humongous Allocation) 210M->16M(254M) 3.609ms
[64.957s][info][gc,cpu      ] GC(148) User=0.00s Sys=0.00s Real=0.00s
[64.957s][info][gc          ] GC(149) Concurrent Undo Cycle
[64.957s][info][gc,marking  ] GC(149) Concurrent Cleanup for Next Mark
[64.957s][info][gc,marking  ] GC(149) Concurrent Cleanup for Next Mark 0.280ms
[64.957s][info][gc          ] GC(149) Concurrent Undo Cycle 0.549ms
[65.475s][info][gc,start    ] GC(150) Pause Young (Concurrent Start) (G1 Humongous Allocation)
[65.475s][info][gc,task     ] GC(150) Using 8 workers of 8 for evacuation
[65.478s][info][gc,phases   ] GC(150)   Pre Evacuate Collection Set: 0.3ms
[65.478s][info][gc,phases   ] GC(150)   Merge Heap Roots: 0.1ms
[65.478s][info][gc,phases   ] GC(150)   Evacuate Collection Set: 1.5ms
[65.478s][info][gc,phases   ] GC(150)   Post Evacuate Collection Set: 0.5ms
[65.478s][info][gc,phases   ] GC(150)   Other: 0.1ms
[65.478s][info][gc,heap     ] GC(150) Eden regions: 1->0(75)
[65.478s][info][gc,heap     ] GC(150) Survivor regions: 1->1(10)
[65.478s][info][gc,heap     ] GC(150) Old regions: 8->8
[65.478s][info][gc,heap     ] GC(150) Archive regions: 2->2
[65.478s][info][gc,heap     ] GC(150) Humongous regions: 96->0
[65.478s][info][gc,metaspace] GC(150) Metaspace: 29080K(29440K)->29080K(29440K) NonClass: 25522K(25728K)->25522K(25728K) Class: 3557K(3712K)->3557K(3712K)
[65.478s][info][gc          ] GC(150) Pause Young (Concurrent Start) (G1 Humongous Allocation) 210M->16M(254M) 3.137ms
[65.478s][info][gc,cpu      ] GC(150) User=0.00s Sys=0.01s Real=0.00s
[65.478s][info][gc          ] GC(151) Concurrent Undo Cycle
[65.478s][info][gc,marking  ] GC(151) Concurrent Cleanup for Next Mark
[65.479s][info][gc,marking  ] GC(151) Concurrent Cleanup for Next Mark 0.120ms
[65.479s][info][gc          ] GC(151) Concurrent Undo Cycle 0.266ms
[65.996s][info][gc,start    ] GC(152) Pause Young (Concurrent Start) (G1 Humongous Allocation)
[65.996s][info][gc,task     ] GC(152) Using 8 workers of 8 for evacuation
[65.998s][info][gc,phases   ] GC(152)   Pre Evacuate Collection Set: 0.3ms
[65.998s][info][gc,phases   ] GC(152)   Merge Heap Roots: 0.1ms
[65.998s][info][gc,phases   ] GC(152)   Evacuate Collection Set: 0.9ms
[65.998s][info][gc,phases   ] GC(152)   Post Evacuate Collection Set: 0.5ms
[65.998s][info][gc,phases   ] GC(152)   Other: 0.1ms
[65.998s][info][gc,heap     ] GC(152) Eden regions: 1->0(75)
[65.998s][info][gc,heap     ] GC(152) Survivor regions: 1->1(10)
[65.998s][info][gc,heap     ] GC(152) Old regions: 8->8
[65.998s][info][gc,heap     ] GC(152) Archive regions: 2->2
[65.998s][info][gc,heap     ] GC(152) Humongous regions: 96->0
[65.998s][info][gc,metaspace] GC(152) Metaspace: 29080K(29440K)->29080K(29440K) NonClass: 25522K(25728K)->25522K(25728K) Class: 3557K(3712K)->3557K(3712K)
[65.999s][info][gc          ] GC(152) Pause Young (Concurrent Start) (G1 Humongous Allocation) 210M->16M(254M) 2.536ms
[65.999s][info][gc,cpu      ] GC(152) User=0.00s Sys=0.00s Real=0.00s
[65.999s][info][gc          ] GC(153) Concurrent Undo Cycle
[65.999s][info][gc,marking  ] GC(153) Concurrent Cleanup for Next Mark
[65.999s][info][gc,marking  ] GC(153) Concurrent Cleanup for Next Mark 0.134ms
[65.999s][info][gc          ] GC(153) Concurrent Undo Cycle 0.266ms
[66.513s][info][gc,start    ] GC(154) Pause Young (Concurrent Start) (G1 Humongous Allocation)
[66.514s][info][gc,task     ] GC(154) Using 8 workers of 8 for evacuation
[66.516s][info][gc,phases   ] GC(154)   Pre Evacuate Collection Set: 0.4ms
[66.517s][info][gc,phases   ] GC(154)   Merge Heap Roots: 0.2ms
[66.517s][info][gc,phases   ] GC(154)   Evacuate Collection Set: 1.3ms
[66.517s][info][gc,phases   ] GC(154)   Post Evacuate Collection Set: 0.8ms
[66.517s][info][gc,phases   ] GC(154)   Other: 0.2ms
[66.517s][info][gc,heap     ] GC(154) Eden regions: 2->0(75)
[66.517s][info][gc,heap     ] GC(154) Survivor regions: 1->1(10)
[66.517s][info][gc,heap     ] GC(154) Old regions: 8->8
[66.517s][info][gc,heap     ] GC(154) Archive regions: 2->2
[66.517s][info][gc,heap     ] GC(154) Humongous regions: 96->0
[66.517s][info][gc,metaspace] GC(154) Metaspace: 29080K(29440K)->29080K(29440K) NonClass: 25522K(25728K)->25522K(25728K) Class: 3557K(3712K)->3557K(3712K)
[66.517s][info][gc          ] GC(154) Pause Young (Concurrent Start) (G1 Humongous Allocation) 210M->16M(254M) 3.629ms
[66.517s][info][gc,cpu      ] GC(154) User=0.00s Sys=0.00s Real=0.00s
[66.517s][info][gc          ] GC(155) Concurrent Undo Cycle
[66.517s][info][gc,marking  ] GC(155) Concurrent Cleanup for Next Mark
[66.518s][info][gc,marking  ] GC(155) Concurrent Cleanup for Next Mark 0.216ms
[66.518s][info][gc          ] GC(155) Concurrent Undo Cycle 0.515ms
[67.036s][info][gc,start    ] GC(156) Pause Young (Concurrent Start) (G1 Humongous Allocation)
[67.037s][info][gc,task     ] GC(156) Using 8 workers of 8 for evacuation
[67.039s][info][gc,phases   ] GC(156)   Pre Evacuate Collection Set: 0.4ms
[67.039s][info][gc,phases   ] GC(156)   Merge Heap Roots: 0.1ms
[67.039s][info][gc,phases   ] GC(156)   Evacuate Collection Set: 1.2ms
[67.039s][info][gc,phases   ] GC(156)   Post Evacuate Collection Set: 0.4ms
[67.039s][info][gc,phases   ] GC(156)   Other: 0.2ms
[67.039s][info][gc,heap     ] GC(156) Eden regions: 1->0(75)
[67.039s][info][gc,heap     ] GC(156) Survivor regions: 1->1(10)
[67.039s][info][gc,heap     ] GC(156) Old regions: 8->8
[67.039s][info][gc,heap     ] GC(156) Archive regions: 2->2
[67.039s][info][gc,heap     ] GC(156) Humongous regions: 96->0
[67.039s][info][gc,metaspace] GC(156) Metaspace: 29087K(29440K)->29087K(29440K) NonClass: 25529K(25728K)->25529K(25728K) Class: 3558K(3712K)->3558K(3712K)
[67.039s][info][gc          ] GC(156) Pause Young (Concurrent Start) (G1 Humongous Allocation) 210M->16M(254M) 2.701ms
[67.039s][info][gc,cpu      ] GC(156) User=0.00s Sys=0.00s Real=0.00s
[67.039s][info][gc          ] GC(157) Concurrent Undo Cycle
[67.039s][info][gc,marking  ] GC(157) Concurrent Cleanup for Next Mark
[67.039s][info][gc,marking  ] GC(157) Concurrent Cleanup for Next Mark 0.106ms
[67.039s][info][gc          ] GC(157) Concurrent Undo Cycle 0.205ms
[67.553s][info][gc,start    ] GC(158) Pause Young (Concurrent Start) (G1 Humongous Allocation)
[67.554s][info][gc,task     ] GC(158) Using 8 workers of 8 for evacuation
[67.557s][info][gc,phases   ] GC(158)   Pre Evacuate Collection Set: 0.3ms
[67.557s][info][gc,phases   ] GC(158)   Merge Heap Roots: 0.2ms
[67.557s][info][gc,phases   ] GC(158)   Evacuate Collection Set: 1.3ms
[67.557s][info][gc,phases   ] GC(158)   Post Evacuate Collection Set: 0.8ms
[67.557s][info][gc,phases   ] GC(158)   Other: 0.3ms
[67.557s][info][gc,heap     ] GC(158) Eden regions: 2->0(75)
[67.557s][info][gc,heap     ] GC(158) Survivor regions: 1->1(10)
[67.557s][info][gc,heap     ] GC(158) Old regions: 8->8
[67.557s][info][gc,heap     ] GC(158) Archive regions: 2->2
[67.557s][info][gc,heap     ] GC(158) Humongous regions: 96->0
[67.557s][info][gc,metaspace] GC(158) Metaspace: 29087K(29440K)->29087K(29440K) NonClass: 25529K(25728K)->25529K(25728K) Class: 3558K(3712K)->3558K(3712K)
[67.557s][info][gc          ] GC(158) Pause Young (Concurrent Start) (G1 Humongous Allocation) 210M->16M(254M) 3.599ms
[67.557s][info][gc,cpu      ] GC(158) User=0.00s Sys=0.00s Real=0.00s
[67.557s][info][gc          ] GC(159) Concurrent Undo Cycle
[67.557s][info][gc,marking  ] GC(159) Concurrent Cleanup for Next Mark
[67.558s][info][gc,marking  ] GC(159) Concurrent Cleanup for Next Mark 0.189ms
[67.558s][info][gc          ] GC(159) Concurrent Undo Cycle 0.424ms
[68.081s][info][gc,start    ] GC(160) Pause Young (Concurrent Start) (G1 Humongous Allocation)
[68.081s][info][gc,task     ] GC(160) Using 8 workers of 8 for evacuation
[68.084s][info][gc,phases   ] GC(160)   Pre Evacuate Collection Set: 0.4ms
[68.084s][info][gc,phases   ] GC(160)   Merge Heap Roots: 0.2ms
[68.084s][info][gc,phases   ] GC(160)   Evacuate Collection Set: 1.3ms
[68.084s][info][gc,phases   ] GC(160)   Post Evacuate Collection Set: 0.8ms
[68.084s][info][gc,phases   ] GC(160)   Other: 0.2ms
[68.084s][info][gc,heap     ] GC(160) Eden regions: 1->0(75)
[68.084s][info][gc,heap     ] GC(160) Survivor regions: 1->1(10)
[68.084s][info][gc,heap     ] GC(160) Old regions: 8->8
[68.084s][info][gc,heap     ] GC(160) Archive regions: 2->2
[68.084s][info][gc,heap     ] GC(160) Humongous regions: 96->0
[68.084s][info][gc,metaspace] GC(160) Metaspace: 29087K(29440K)->29087K(29440K) NonClass: 25529K(25728K)->25529K(25728K) Class: 3558K(3712K)->3558K(3712K)
[68.084s][info][gc          ] GC(160) Pause Young (Concurrent Start) (G1 Humongous Allocation) 209M->16M(254M) 3.618ms
[68.084s][info][gc,cpu      ] GC(160) User=0.00s Sys=0.01s Real=0.01s
[68.084s][info][gc          ] GC(161) Concurrent Undo Cycle
[68.084s][info][gc,marking  ] GC(161) Concurrent Cleanup for Next Mark
[68.085s][info][gc,marking  ] GC(161) Concurrent Cleanup for Next Mark 0.206ms
[68.085s][info][gc          ] GC(161) Concurrent Undo Cycle 0.478ms
[68.605s][info][gc,start    ] GC(162) Pause Young (Concurrent Start) (G1 Humongous Allocation)
[68.605s][info][gc,task     ] GC(162) Using 8 workers of 8 for evacuation
[68.608s][info][gc,phases   ] GC(162)   Pre Evacuate Collection Set: 0.4ms
[68.608s][info][gc,phases   ] GC(162)   Merge Heap Roots: 0.2ms
[68.608s][info][gc,phases   ] GC(162)   Evacuate Collection Set: 1.2ms
[68.608s][info][gc,phases   ] GC(162)   Post Evacuate Collection Set: 0.6ms
[68.608s][info][gc,phases   ] GC(162)   Other: 0.4ms
[68.608s][info][gc,heap     ] GC(162) Eden regions: 2->0(75)
[68.608s][info][gc,heap     ] GC(162) Survivor regions: 1->1(10)
[68.608s][info][gc,heap     ] GC(162) Old regions: 8->8
[68.608s][info][gc,heap     ] GC(162) Archive regions: 2->2
[68.609s][info][gc,heap     ] GC(162) Humongous regions: 96->0
[68.609s][info][gc,metaspace] GC(162) Metaspace: 29087K(29440K)->29087K(29440K) NonClass: 25529K(25728K)->25529K(25728K) Class: 3558K(3712K)->3558K(3712K)
[68.609s][info][gc          ] GC(162) Pause Young (Concurrent Start) (G1 Humongous Allocation) 210M->16M(254M) 3.649ms
[68.609s][info][gc,cpu      ] GC(162) User=0.01s Sys=0.00s Real=0.00s
[68.609s][info][gc          ] GC(163) Concurrent Undo Cycle
[68.609s][info][gc,marking  ] GC(163) Concurrent Cleanup for Next Mark
[68.609s][info][gc,marking  ] GC(163) Concurrent Cleanup for Next Mark 0.147ms
[68.609s][info][gc          ] GC(163) Concurrent Undo Cycle 0.323ms
[69.128s][info][gc,start    ] GC(164) Pause Young (Concurrent Start) (G1 Humongous Allocation)
[69.128s][info][gc,task     ] GC(164) Using 8 workers of 8 for evacuation
[69.130s][info][gc,phases   ] GC(164)   Pre Evacuate Collection Set: 0.3ms
[69.130s][info][gc,phases   ] GC(164)   Merge Heap Roots: 0.1ms
[69.130s][info][gc,phases   ] GC(164)   Evacuate Collection Set: 0.9ms
[69.130s][info][gc,phases   ] GC(164)   Post Evacuate Collection Set: 0.5ms
[69.130s][info][gc,phases   ] GC(164)   Other: 0.1ms
[69.130s][info][gc,heap     ] GC(164) Eden regions: 1->0(75)
[69.130s][info][gc,heap     ] GC(164) Survivor regions: 1->1(10)
[69.130s][info][gc,heap     ] GC(164) Old regions: 8->8
[69.130s][info][gc,heap     ] GC(164) Archive regions: 2->2
[69.131s][info][gc,heap     ] GC(164) Humongous regions: 96->0
[69.131s][info][gc,metaspace] GC(164) Metaspace: 29087K(29440K)->29087K(29440K) NonClass: 25529K(25728K)->25529K(25728K) Class: 3558K(3712K)->3558K(3712K)
[69.131s][info][gc          ] GC(164) Pause Young (Concurrent Start) (G1 Humongous Allocation) 209M->16M(254M) 2.291ms
[69.131s][info][gc,cpu      ] GC(164) User=0.01s Sys=0.00s Real=0.00s
[69.131s][info][gc          ] GC(165) Concurrent Undo Cycle
[69.131s][info][gc,marking  ] GC(165) Concurrent Cleanup for Next Mark
[69.131s][info][gc,marking  ] GC(165) Concurrent Cleanup for Next Mark 0.112ms
[69.131s][info][gc          ] GC(165) Concurrent Undo Cycle 0.252ms
[69.644s][info][gc,start    ] GC(166) Pause Young (Concurrent Start) (G1 Humongous Allocation)
[69.645s][info][gc,task     ] GC(166) Using 8 workers of 8 for evacuation
[69.646s][info][gc,phases   ] GC(166)   Pre Evacuate Collection Set: 0.1ms
[69.646s][info][gc,phases   ] GC(166)   Merge Heap Roots: 0.0ms
[69.646s][info][gc,phases   ] GC(166)   Evacuate Collection Set: 0.7ms
[69.646s][info][gc,phases   ] GC(166)   Post Evacuate Collection Set: 0.3ms
[69.646s][info][gc,phases   ] GC(166)   Other: 0.2ms
[69.646s][info][gc,heap     ] GC(166) Eden regions: 2->0(75)
[69.646s][info][gc,heap     ] GC(166) Survivor regions: 1->1(10)
[69.646s][info][gc,heap     ] GC(166) Old regions: 8->8
[69.646s][info][gc,heap     ] GC(166) Archive regions: 2->2
[69.646s][info][gc,heap     ] GC(166) Humongous regions: 96->0
[69.646s][info][gc,metaspace] GC(166) Metaspace: 29087K(29440K)->29087K(29440K) NonClass: 25529K(25728K)->25529K(25728K) Class: 3558K(3712K)->3558K(3712K)
[69.646s][info][gc          ] GC(166) Pause Young (Concurrent Start) (G1 Humongous Allocation) 210M->16M(254M) 1.806ms
[69.646s][info][gc,cpu      ] GC(166) User=0.00s Sys=0.01s Real=0.00s
[69.646s][info][gc          ] GC(167) Concurrent Undo Cycle
[69.646s][info][gc,marking  ] GC(167) Concurrent Cleanup for Next Mark
[69.647s][info][gc,marking  ] GC(167) Concurrent Cleanup for Next Mark 0.087ms
[69.647s][info][gc          ] GC(167) Concurrent Undo Cycle 0.195ms
[70.161s][info][gc,start    ] GC(168) Pause Young (Concurrent Start) (G1 Humongous Allocation)
[70.161s][info][gc,task     ] GC(168) Using 8 workers of 8 for evacuation
[70.164s][info][gc,phases   ] GC(168)   Pre Evacuate Collection Set: 0.4ms
[70.164s][info][gc,phases   ] GC(168)   Merge Heap Roots: 0.1ms
[70.164s][info][gc,phases   ] GC(168)   Evacuate Collection Set: 1.2ms
[70.164s][info][gc,phases   ] GC(168)   Post Evacuate Collection Set: 0.8ms
[70.164s][info][gc,phases   ] GC(168)   Other: 0.2ms
[70.164s][info][gc,heap     ] GC(168) Eden regions: 1->0(75)
[70.164s][info][gc,heap     ] GC(168) Survivor regions: 1->1(10)
[70.164s][info][gc,heap     ] GC(168) Old regions: 8->8
[70.164s][info][gc,heap     ] GC(168) Archive regions: 2->2
[70.164s][info][gc,heap     ] GC(168) Humongous regions: 96->0
[70.164s][info][gc,metaspace] GC(168) Metaspace: 29087K(29440K)->29087K(29440K) NonClass: 25529K(25728K)->25529K(25728K) Class: 3558K(3712K)->3558K(3712K)
[70.164s][info][gc          ] GC(168) Pause Young (Concurrent Start) (G1 Humongous Allocation) 209M->16M(254M) 3.424ms
[70.164s][info][gc,cpu      ] GC(168) User=0.00s Sys=0.00s Real=0.01s
[70.164s][info][gc          ] GC(169) Concurrent Undo Cycle
[70.165s][info][gc,marking  ] GC(169) Concurrent Cleanup for Next Mark
[70.165s][info][gc,marking  ] GC(169) Concurrent Cleanup for Next Mark 0.130ms
[70.165s][info][gc          ] GC(169) Concurrent Undo Cycle 0.333ms
[70.680s][info][gc,start    ] GC(170) Pause Young (Concurrent Start) (G1 Humongous Allocation)
[70.680s][info][gc,task     ] GC(170) Using 8 workers of 8 for evacuation
[70.682s][info][gc,phases   ] GC(170)   Pre Evacuate Collection Set: 0.3ms
[70.682s][info][gc,phases   ] GC(170)   Merge Heap Roots: 0.1ms
[70.682s][info][gc,phases   ] GC(170)   Evacuate Collection Set: 0.8ms
[70.682s][info][gc,phases   ] GC(170)   Post Evacuate Collection Set: 0.6ms
[70.682s][info][gc,phases   ] GC(170)   Other: 0.1ms
[70.682s][info][gc,heap     ] GC(170) Eden regions: 2->0(75)
[70.682s][info][gc,heap     ] GC(170) Survivor regions: 1->1(10)
[70.682s][info][gc,heap     ] GC(170) Old regions: 8->8
[70.682s][info][gc,heap     ] GC(170) Archive regions: 2->2
[70.682s][info][gc,heap     ] GC(170) Humongous regions: 96->0
[70.682s][info][gc,metaspace] GC(170) Metaspace: 29087K(29440K)->29087K(29440K) NonClass: 25529K(25728K)->25529K(25728K) Class: 3558K(3712K)->3558K(3712K)
[70.682s][info][gc          ] GC(170) Pause Young (Concurrent Start) (G1 Humongous Allocation) 210M->16M(254M) 2.385ms
[70.682s][info][gc,cpu      ] GC(170) User=0.00s Sys=0.00s Real=0.00s
[70.682s][info][gc          ] GC(171) Concurrent Undo Cycle
[70.682s][info][gc,marking  ] GC(171) Concurrent Cleanup for Next Mark
[70.682s][info][gc,marking  ] GC(171) Concurrent Cleanup for Next Mark 0.138ms
[70.682s][info][gc          ] GC(171) Concurrent Undo Cycle 0.274ms
[71.196s][info][gc,start    ] GC(172) Pause Young (Concurrent Start) (G1 Humongous Allocation)
[71.196s][info][gc,task     ] GC(172) Using 8 workers of 8 for evacuation
[71.199s][info][gc,phases   ] GC(172)   Pre Evacuate Collection Set: 0.3ms
[71.199s][info][gc,phases   ] GC(172)   Merge Heap Roots: 0.1ms
[71.199s][info][gc,phases   ] GC(172)   Evacuate Collection Set: 0.8ms
[71.199s][info][gc,phases   ] GC(172)   Post Evacuate Collection Set: 1.0ms
[71.199s][info][gc,phases   ] GC(172)   Other: 0.2ms
[71.199s][info][gc,heap     ] GC(172) Eden regions: 1->0(75)
[71.199s][info][gc,heap     ] GC(172) Survivor regions: 1->1(10)
[71.199s][info][gc,heap     ] GC(172) Old regions: 8->8
[71.199s][info][gc,heap     ] GC(172) Archive regions: 2->2
[71.199s][info][gc,heap     ] GC(172) Humongous regions: 96->0
[71.199s][info][gc,metaspace] GC(172) Metaspace: 29087K(29440K)->29087K(29440K) NonClass: 25529K(25728K)->25529K(25728K) Class: 3558K(3712K)->3558K(3712K)
[71.199s][info][gc          ] GC(172) Pause Young (Concurrent Start) (G1 Humongous Allocation) 209M->16M(254M) 3.241ms
[71.199s][info][gc          ] GC(173) Concurrent Undo Cycle
[71.199s][info][gc,cpu      ] GC(172) User=0.00s Sys=0.00s Real=0.00s
[71.200s][info][gc,marking  ] GC(173) Concurrent Cleanup for Next Mark
[71.201s][info][gc,marking  ] GC(173) Concurrent Cleanup for Next Mark 1.301ms
[71.201s][info][gc          ] GC(173) Concurrent Undo Cycle 1.535ms
[71.717s][info][gc,start    ] GC(174) Pause Young (Concurrent Start) (G1 Humongous Allocation)
[71.717s][info][gc,task     ] GC(174) Using 8 workers of 8 for evacuation
[71.720s][info][gc,phases   ] GC(174)   Pre Evacuate Collection Set: 0.2ms
[71.720s][info][gc,phases   ] GC(174)   Merge Heap Roots: 0.1ms
[71.720s][info][gc,phases   ] GC(174)   Evacuate Collection Set: 1.0ms
[71.720s][info][gc,phases   ] GC(174)   Post Evacuate Collection Set: 0.8ms
[71.720s][info][gc,phases   ] GC(174)   Other: 0.2ms
[71.720s][info][gc,heap     ] GC(174) Eden regions: 2->0(75)
[71.720s][info][gc,heap     ] GC(174) Survivor regions: 1->1(10)
[71.720s][info][gc,heap     ] GC(174) Old regions: 8->8
[71.720s][info][gc,heap     ] GC(174) Archive regions: 2->2
[71.720s][info][gc,heap     ] GC(174) Humongous regions: 96->0
[71.720s][info][gc,metaspace] GC(174) Metaspace: 29087K(29440K)->29087K(29440K) NonClass: 25529K(25728K)->25529K(25728K) Class: 3558K(3712K)->3558K(3712K)
[71.720s][info][gc          ] GC(174) Pause Young (Concurrent Start) (G1 Humongous Allocation) 210M->16M(254M) 2.937ms
[71.720s][info][gc,cpu      ] GC(174) User=0.00s Sys=0.00s Real=0.00s
[71.720s][info][gc          ] GC(175) Concurrent Undo Cycle
[71.720s][info][gc,marking  ] GC(175) Concurrent Cleanup for Next Mark
[71.720s][info][gc,marking  ] GC(175) Concurrent Cleanup for Next Mark 0.183ms
[71.720s][info][gc          ] GC(175) Concurrent Undo Cycle 0.393ms
[72.236s][info][gc,start    ] GC(176) Pause Young (Concurrent Start) (G1 Humongous Allocation)
[72.237s][info][gc,task     ] GC(176) Using 8 workers of 8 for evacuation
[72.239s][info][gc,phases   ] GC(176)   Pre Evacuate Collection Set: 0.3ms
[72.239s][info][gc,phases   ] GC(176)   Merge Heap Roots: 0.2ms
[72.239s][info][gc,phases   ] GC(176)   Evacuate Collection Set: 1.1ms
[72.239s][info][gc,phases   ] GC(176)   Post Evacuate Collection Set: 0.5ms
[72.239s][info][gc,phases   ] GC(176)   Other: 0.2ms
[72.239s][info][gc,heap     ] GC(176) Eden regions: 1->0(75)
[72.239s][info][gc,heap     ] GC(176) Survivor regions: 1->1(10)
[72.239s][info][gc,heap     ] GC(176) Old regions: 8->8
[72.239s][info][gc,heap     ] GC(176) Archive regions: 2->2
[72.239s][info][gc,heap     ] GC(176) Humongous regions: 96->0
[72.239s][info][gc,metaspace] GC(176) Metaspace: 29087K(29440K)->29087K(29440K) NonClass: 25529K(25728K)->25529K(25728K) Class: 3558K(3712K)->3558K(3712K)
[72.239s][info][gc          ] GC(176) Pause Young (Concurrent Start) (G1 Humongous Allocation) 209M->16M(254M) 2.826ms
[72.239s][info][gc,cpu      ] GC(176) User=0.00s Sys=0.00s Real=0.00s
[72.239s][info][gc          ] GC(177) Concurrent Undo Cycle
[72.239s][info][gc,marking  ] GC(177) Concurrent Cleanup for Next Mark
[72.240s][info][gc,marking  ] GC(177) Concurrent Cleanup for Next Mark 0.092ms
[72.240s][info][gc          ] GC(177) Concurrent Undo Cycle 0.226ms
[72.750s][info][gc,start    ] GC(178) Pause Young (Concurrent Start) (G1 Humongous Allocation)
[72.750s][info][gc,task     ] GC(178) Using 8 workers of 8 for evacuation
[72.751s][info][gc,phases   ] GC(178)   Pre Evacuate Collection Set: 0.1ms
[72.751s][info][gc,phases   ] GC(178)   Merge Heap Roots: 0.0ms
[72.751s][info][gc,phases   ] GC(178)   Evacuate Collection Set: 0.5ms
[72.751s][info][gc,phases   ] GC(178)   Post Evacuate Collection Set: 0.3ms
[72.751s][info][gc,phases   ] GC(178)   Other: 0.1ms
[72.751s][info][gc,heap     ] GC(178) Eden regions: 2->0(75)
[72.751s][info][gc,heap     ] GC(178) Survivor regions: 1->1(10)
[72.751s][info][gc,heap     ] GC(178) Old regions: 8->8
[72.751s][info][gc,heap     ] GC(178) Archive regions: 2->2
[72.751s][info][gc,heap     ] GC(178) Humongous regions: 96->0
[72.751s][info][gc,metaspace] GC(178) Metaspace: 29087K(29440K)->29087K(29440K) NonClass: 25529K(25728K)->25529K(25728K) Class: 3558K(3712K)->3558K(3712K)
[72.752s][info][gc          ] GC(178) Pause Young (Concurrent Start) (G1 Humongous Allocation) 210M->16M(254M) 1.190ms
[72.752s][info][gc          ] GC(179) Concurrent Undo Cycle
[72.752s][info][gc,cpu      ] GC(178) User=0.00s Sys=0.00s Real=0.00s
[72.752s][info][gc,marking  ] GC(179) Concurrent Cleanup for Next Mark
[72.752s][info][gc,marking  ] GC(179) Concurrent Cleanup for Next Mark 0.051ms
[72.752s][info][gc          ] GC(179) Concurrent Undo Cycle 0.122ms
[73.261s][info][gc,start    ] GC(180) Pause Young (Concurrent Start) (G1 Humongous Allocation)
[73.261s][info][gc,task     ] GC(180) Using 8 workers of 8 for evacuation
[73.262s][info][gc,phases   ] GC(180)   Pre Evacuate Collection Set: 0.1ms
[73.262s][info][gc,phases   ] GC(180)   Merge Heap Roots: 0.0ms
[73.262s][info][gc,phases   ] GC(180)   Evacuate Collection Set: 0.5ms
[73.262s][info][gc,phases   ] GC(180)   Post Evacuate Collection Set: 0.2ms
[73.262s][info][gc,phases   ] GC(180)   Other: 0.1ms
[73.262s][info][gc,heap     ] GC(180) Eden regions: 1->0(75)
[73.262s][info][gc,heap     ] GC(180) Survivor regions: 1->1(10)
[73.262s][info][gc,heap     ] GC(180) Old regions: 8->8
[73.262s][info][gc,heap     ] GC(180) Archive regions: 2->2
[73.262s][info][gc,heap     ] GC(180) Humongous regions: 96->0
[73.262s][info][gc,metaspace] GC(180) Metaspace: 29087K(29440K)->29087K(29440K) NonClass: 25529K(25728K)->25529K(25728K) Class: 3558K(3712K)->3558K(3712K)
[73.263s][info][gc          ] GC(180) Pause Young (Concurrent Start) (G1 Humongous Allocation) 209M->16M(254M) 1.309ms
[73.263s][info][gc          ] GC(181) Concurrent Undo Cycle
[73.263s][info][gc,cpu      ] GC(180) User=0.00s Sys=0.00s Real=0.00s
[73.263s][info][gc,marking  ] GC(181) Concurrent Cleanup for Next Mark
[73.263s][info][gc,marking  ] GC(181) Concurrent Cleanup for Next Mark 0.073ms
[73.263s][info][gc          ] GC(181) Concurrent Undo Cycle 0.138ms
[73.772s][info][gc,start    ] GC(182) Pause Young (Concurrent Start) (G1 Humongous Allocation)
[73.772s][info][gc,task     ] GC(182) Using 8 workers of 8 for evacuation
[73.775s][info][gc,phases   ] GC(182)   Pre Evacuate Collection Set: 0.4ms
[73.775s][info][gc,phases   ] GC(182)   Merge Heap Roots: 0.1ms
[73.775s][info][gc,phases   ] GC(182)   Evacuate Collection Set: 0.9ms
[73.775s][info][gc,phases   ] GC(182)   Post Evacuate Collection Set: 0.6ms
[73.775s][info][gc,phases   ] GC(182)   Other: 0.1ms
[73.775s][info][gc,heap     ] GC(182) Eden regions: 2->0(75)
[73.775s][info][gc,heap     ] GC(182) Survivor regions: 1->1(10)
[73.775s][info][gc,heap     ] GC(182) Old regions: 8->8
[73.775s][info][gc,heap     ] GC(182) Archive regions: 2->2
[73.775s][info][gc,heap     ] GC(182) Humongous regions: 96->0
[73.775s][info][gc,metaspace] GC(182) Metaspace: 29087K(29440K)->29087K(29440K) NonClass: 25529K(25728K)->25529K(25728K) Class: 3558K(3712K)->3558K(3712K)
[73.775s][info][gc          ] GC(182) Pause Young (Concurrent Start) (G1 Humongous Allocation) 210M->16M(254M) 2.587ms
[73.775s][info][gc,cpu      ] GC(182) User=0.00s Sys=0.00s Real=0.01s
[73.775s][info][gc          ] GC(183) Concurrent Undo Cycle
[73.775s][info][gc,marking  ] GC(183) Concurrent Cleanup for Next Mark
[73.775s][info][gc,marking  ] GC(183) Concurrent Cleanup for Next Mark 0.166ms
[73.775s][info][gc          ] GC(183) Concurrent Undo Cycle 0.424ms
[74.293s][info][gc,start    ] GC(184) Pause Young (Concurrent Start) (G1 Humongous Allocation)
[74.294s][info][gc,task     ] GC(184) Using 8 workers of 8 for evacuation
[74.297s][info][gc,phases   ] GC(184)   Pre Evacuate Collection Set: 0.5ms
[74.297s][info][gc,phases   ] GC(184)   Merge Heap Roots: 0.2ms
[74.297s][info][gc,phases   ] GC(184)   Evacuate Collection Set: 1.2ms
[74.297s][info][gc,phases   ] GC(184)   Post Evacuate Collection Set: 0.8ms
[74.297s][info][gc,phases   ] GC(184)   Other: 0.2ms
[74.297s][info][gc,heap     ] GC(184) Eden regions: 1->0(75)
[74.297s][info][gc,heap     ] GC(184) Survivor regions: 1->1(10)
[74.297s][info][gc,heap     ] GC(184) Old regions: 8->8
[74.297s][info][gc,heap     ] GC(184) Archive regions: 2->2
[74.297s][info][gc,heap     ] GC(184) Humongous regions: 96->0
[74.297s][info][gc,metaspace] GC(184) Metaspace: 29087K(29440K)->29087K(29440K) NonClass: 25529K(25728K)->25529K(25728K) Class: 3558K(3712K)->3558K(3712K)
[74.297s][info][gc          ] GC(184) Pause Young (Concurrent Start) (G1 Humongous Allocation) 209M->16M(254M) 3.656ms
[74.297s][info][gc          ] GC(185) Concurrent Undo Cycle
[74.297s][info][gc,cpu      ] GC(184) User=0.00s Sys=0.00s Real=0.00s
[74.297s][info][gc,marking  ] GC(185) Concurrent Cleanup for Next Mark
[74.298s][info][gc,marking  ] GC(185) Concurrent Cleanup for Next Mark 0.379ms
[74.298s][info][gc          ] GC(185) Concurrent Undo Cycle 0.566ms
[74.817s][info][gc,start    ] GC(186) Pause Young (Concurrent Start) (G1 Humongous Allocation)
[74.817s][info][gc,task     ] GC(186) Using 8 workers of 8 for evacuation
[74.820s][info][gc,phases   ] GC(186)   Pre Evacuate Collection Set: 0.4ms
[74.820s][info][gc,phases   ] GC(186)   Merge Heap Roots: 0.2ms
[74.820s][info][gc,phases   ] GC(186)   Evacuate Collection Set: 1.2ms
[74.820s][info][gc,phases   ] GC(186)   Post Evacuate Collection Set: 0.8ms
[74.820s][info][gc,phases   ] GC(186)   Other: 0.2ms
[74.820s][info][gc,heap     ] GC(186) Eden regions: 2->0(75)
[74.820s][info][gc,heap     ] GC(186) Survivor regions: 1->1(10)
[74.820s][info][gc,heap     ] GC(186) Old regions: 8->8
[74.820s][info][gc,heap     ] GC(186) Archive regions: 2->2
[74.820s][info][gc,heap     ] GC(186) Humongous regions: 96->0
[74.820s][info][gc,metaspace] GC(186) Metaspace: 29087K(29440K)->29087K(29440K) NonClass: 25529K(25728K)->25529K(25728K) Class: 3558K(3712K)->3558K(3712K)
[74.821s][info][gc          ] GC(186) Pause Young (Concurrent Start) (G1 Humongous Allocation) 210M->16M(254M) 3.381ms
[74.821s][info][gc,cpu      ] GC(186) User=0.01s Sys=0.01s Real=0.00s
[74.821s][info][gc          ] GC(187) Concurrent Undo Cycle
[74.821s][info][gc,marking  ] GC(187) Concurrent Cleanup for Next Mark
[74.821s][info][gc,marking  ] GC(187) Concurrent Cleanup for Next Mark 0.165ms
[74.821s][info][gc          ] GC(187) Concurrent Undo Cycle 0.341ms
[75.342s][info][gc,start    ] GC(188) Pause Young (Concurrent Start) (G1 Humongous Allocation)
[75.342s][info][gc,task     ] GC(188) Using 8 workers of 8 for evacuation
[75.345s][info][gc,phases   ] GC(188)   Pre Evacuate Collection Set: 0.5ms
[75.345s][info][gc,phases   ] GC(188)   Merge Heap Roots: 0.2ms
[75.345s][info][gc,phases   ] GC(188)   Evacuate Collection Set: 1.3ms
[75.345s][info][gc,phases   ] GC(188)   Post Evacuate Collection Set: 0.9ms
[75.345s][info][gc,phases   ] GC(188)   Other: 0.2ms
[75.345s][info][gc,heap     ] GC(188) Eden regions: 1->0(75)
[75.345s][info][gc,heap     ] GC(188) Survivor regions: 1->1(10)
[75.345s][info][gc,heap     ] GC(188) Old regions: 8->8
[75.345s][info][gc,heap     ] GC(188) Archive regions: 2->2
[75.345s][info][gc,heap     ] GC(188) Humongous regions: 96->0
[75.345s][info][gc,metaspace] GC(188) Metaspace: 29087K(29440K)->29087K(29440K) NonClass: 25529K(25728K)->25529K(25728K) Class: 3558K(3712K)->3558K(3712K)
[75.346s][info][gc          ] GC(188) Pause Young (Concurrent Start) (G1 Humongous Allocation) 209M->16M(254M) 3.663ms
[75.346s][info][gc,cpu      ] GC(188) User=0.00s Sys=0.00s Real=0.01s
[75.346s][info][gc          ] GC(189) Concurrent Undo Cycle
[75.346s][info][gc,marking  ] GC(189) Concurrent Cleanup for Next Mark
[75.346s][info][gc,marking  ] GC(189) Concurrent Cleanup for Next Mark 0.116ms
[75.346s][info][gc          ] GC(189) Concurrent Undo Cycle 0.276ms
[75.862s][info][gc,start    ] GC(190) Pause Young (Concurrent Start) (G1 Humongous Allocation)
[75.862s][info][gc,task     ] GC(190) Using 8 workers of 8 for evacuation
[75.865s][info][gc,phases   ] GC(190)   Pre Evacuate Collection Set: 0.3ms
[75.865s][info][gc,phases   ] GC(190)   Merge Heap Roots: 0.1ms
[75.865s][info][gc,phases   ] GC(190)   Evacuate Collection Set: 1.2ms
[75.865s][info][gc,phases   ] GC(190)   Post Evacuate Collection Set: 0.8ms
[75.865s][info][gc,phases   ] GC(190)   Other: 0.2ms
[75.865s][info][gc,heap     ] GC(190) Eden regions: 2->0(75)
[75.865s][info][gc,heap     ] GC(190) Survivor regions: 1->1(10)
[75.865s][info][gc,heap     ] GC(190) Old regions: 8->8
[75.865s][info][gc,heap     ] GC(190) Archive regions: 2->2
[75.865s][info][gc,heap     ] GC(190) Humongous regions: 96->0
[75.865s][info][gc,metaspace] GC(190) Metaspace: 29087K(29440K)->29087K(29440K) NonClass: 25529K(25728K)->25529K(25728K) Class: 3558K(3712K)->3558K(3712K)
[75.865s][info][gc          ] GC(190) Pause Young (Concurrent Start) (G1 Humongous Allocation) 211M->16M(254M) 3.318ms
[75.865s][info][gc,cpu      ] GC(190) User=0.01s Sys=0.00s Real=0.01s
[75.865s][info][gc          ] GC(191) Concurrent Undo Cycle
[75.865s][info][gc,marking  ] GC(191) Concurrent Cleanup for Next Mark
[75.865s][info][gc,marking  ] GC(191) Concurrent Cleanup for Next Mark 0.151ms
[75.865s][info][gc          ] GC(191) Concurrent Undo Cycle 0.324ms
[76.385s][info][gc,start    ] GC(192) Pause Young (Concurrent Start) (G1 Humongous Allocation)
[76.385s][info][gc,task     ] GC(192) Using 8 workers of 8 for evacuation
[76.389s][info][gc,phases   ] GC(192)   Pre Evacuate Collection Set: 0.5ms
[76.389s][info][gc,phases   ] GC(192)   Merge Heap Roots: 0.2ms
[76.389s][info][gc,phases   ] GC(192)   Evacuate Collection Set: 1.3ms
[76.389s][info][gc,phases   ] GC(192)   Post Evacuate Collection Set: 1.2ms
[76.389s][info][gc,phases   ] GC(192)   Other: 0.2ms
[76.389s][info][gc,heap     ] GC(192) Eden regions: 1->0(75)
[76.389s][info][gc,heap     ] GC(192) Survivor regions: 1->1(10)
[76.389s][info][gc,heap     ] GC(192) Old regions: 8->8
[76.389s][info][gc,heap     ] GC(192) Archive regions: 2->2
[76.389s][info][gc,heap     ] GC(192) Humongous regions: 96->0
[76.389s][info][gc,metaspace] GC(192) Metaspace: 29087K(29440K)->29087K(29440K) NonClass: 25529K(25728K)->25529K(25728K) Class: 3558K(3712K)->3558K(3712K)
[76.389s][info][gc          ] GC(192) Pause Young (Concurrent Start) (G1 Humongous Allocation) 210M->16M(254M) 3.902ms
[76.389s][info][gc,cpu      ] GC(192) User=0.00s Sys=0.00s Real=0.00s
[76.389s][info][gc          ] GC(193) Concurrent Undo Cycle
[76.389s][info][gc,marking  ] GC(193) Concurrent Cleanup for Next Mark
[76.389s][info][gc,marking  ] GC(193) Concurrent Cleanup for Next Mark 0.138ms
[76.389s][info][gc          ] GC(193) Concurrent Undo Cycle 0.354ms
[76.909s][info][gc,start    ] GC(194) Pause Young (Concurrent Start) (G1 Humongous Allocation)
[76.909s][info][gc,task     ] GC(194) Using 8 workers of 8 for evacuation
[76.911s][info][gc,phases   ] GC(194)   Pre Evacuate Collection Set: 0.4ms
[76.911s][info][gc,phases   ] GC(194)   Merge Heap Roots: 0.2ms
[76.911s][info][gc,phases   ] GC(194)   Evacuate Collection Set: 0.9ms
[76.911s][info][gc,phases   ] GC(194)   Post Evacuate Collection Set: 0.5ms
[76.911s][info][gc,phases   ] GC(194)   Other: 0.1ms
[76.911s][info][gc,heap     ] GC(194) Eden regions: 2->0(75)
[76.911s][info][gc,heap     ] GC(194) Survivor regions: 1->1(10)
[76.911s][info][gc,heap     ] GC(194) Old regions: 8->8
[76.911s][info][gc,heap     ] GC(194) Archive regions: 2->2
[76.911s][info][gc,heap     ] GC(194) Humongous regions: 96->0
[76.911s][info][gc,metaspace] GC(194) Metaspace: 29087K(29440K)->29087K(29440K) NonClass: 25529K(25728K)->25529K(25728K) Class: 3558K(3712K)->3558K(3712K)
[76.912s][info][gc          ] GC(194) Pause Young (Concurrent Start) (G1 Humongous Allocation) 210M->16M(254M) 2.562ms
[76.912s][info][gc,cpu      ] GC(194) User=0.00s Sys=0.00s Real=0.00s
[76.912s][info][gc          ] GC(195) Concurrent Undo Cycle
[76.912s][info][gc,marking  ] GC(195) Concurrent Cleanup for Next Mark
[76.912s][info][gc,marking  ] GC(195) Concurrent Cleanup for Next Mark 0.106ms
[76.912s][info][gc          ] GC(195) Concurrent Undo Cycle 0.233ms
[77.429s][info][gc,start    ] GC(196) Pause Young (Concurrent Start) (G1 Humongous Allocation)
[77.429s][info][gc,task     ] GC(196) Using 8 workers of 8 for evacuation
[77.432s][info][gc,phases   ] GC(196)   Pre Evacuate Collection Set: 0.3ms
[77.432s][info][gc,phases   ] GC(196)   Merge Heap Roots: 0.2ms
[77.432s][info][gc,phases   ] GC(196)   Evacuate Collection Set: 1.2ms
[77.432s][info][gc,phases   ] GC(196)   Post Evacuate Collection Set: 0.8ms
[77.432s][info][gc,phases   ] GC(196)   Other: 0.3ms
[77.432s][info][gc,heap     ] GC(196) Eden regions: 1->0(75)
[77.432s][info][gc,heap     ] GC(196) Survivor regions: 1->1(10)
[77.432s][info][gc,heap     ] GC(196) Old regions: 8->8
[77.432s][info][gc,heap     ] GC(196) Archive regions: 2->2
[77.432s][info][gc,heap     ] GC(196) Humongous regions: 96->0
[77.432s][info][gc,metaspace] GC(196) Metaspace: 29087K(29440K)->29087K(29440K) NonClass: 25529K(25728K)->25529K(25728K) Class: 3558K(3712K)->3558K(3712K)
[77.433s][info][gc          ] GC(196) Pause Young (Concurrent Start) (G1 Humongous Allocation) 210M->16M(254M) 3.358ms
[77.433s][info][gc,cpu      ] GC(196) User=0.01s Sys=0.00s Real=0.00s
[77.433s][info][gc          ] GC(197) Concurrent Undo Cycle
[77.433s][info][gc,marking  ] GC(197) Concurrent Cleanup for Next Mark
[77.433s][info][gc,marking  ] GC(197) Concurrent Cleanup for Next Mark 0.226ms
[77.433s][info][gc          ] GC(197) Concurrent Undo Cycle 0.421ms
[77.949s][info][gc,start    ] GC(198) Pause Young (Concurrent Start) (G1 Humongous Allocation)
[77.949s][info][gc,task     ] GC(198) Using 8 workers of 8 for evacuation
[77.950s][info][gc,phases   ] GC(198)   Pre Evacuate Collection Set: 0.1ms
[77.950s][info][gc,phases   ] GC(198)   Merge Heap Roots: 0.0ms
[77.950s][info][gc,phases   ] GC(198)   Evacuate Collection Set: 0.5ms
[77.950s][info][gc,phases   ] GC(198)   Post Evacuate Collection Set: 0.3ms
[77.950s][info][gc,phases   ] GC(198)   Other: 0.1ms
[77.950s][info][gc,heap     ] GC(198) Eden regions: 1->0(75)
[77.950s][info][gc,heap     ] GC(198) Survivor regions: 1->1(10)
[77.950s][info][gc,heap     ] GC(198) Old regions: 8->8
[77.950s][info][gc,heap     ] GC(198) Archive regions: 2->2
[77.950s][info][gc,heap     ] GC(198) Humongous regions: 96->0
[77.950s][info][gc,metaspace] GC(198) Metaspace: 29087K(29440K)->29087K(29440K) NonClass: 25529K(25728K)->25529K(25728K) Class: 3558K(3712K)->3558K(3712K)
[77.950s][info][gc          ] GC(198) Pause Young (Concurrent Start) (G1 Humongous Allocation) 210M->16M(254M) 1.273ms
[77.950s][info][gc          ] GC(199) Concurrent Undo Cycle
[77.950s][info][gc,cpu      ] GC(198) User=0.01s Sys=0.00s Real=0.00s
[77.950s][info][gc,marking  ] GC(199) Concurrent Cleanup for Next Mark
[77.950s][info][gc,marking  ] GC(199) Concurrent Cleanup for Next Mark 0.089ms
[77.950s][info][gc          ] GC(199) Concurrent Undo Cycle 0.192ms
[78.461s][info][gc,start    ] GC(200) Pause Young (Concurrent Start) (G1 Humongous Allocation)
[78.461s][info][gc,task     ] GC(200) Using 8 workers of 8 for evacuation
[78.463s][info][gc,phases   ] GC(200)   Pre Evacuate Collection Set: 0.3ms
[78.463s][info][gc,phases   ] GC(200)   Merge Heap Roots: 0.1ms
[78.463s][info][gc,phases   ] GC(200)   Evacuate Collection Set: 1.1ms
[78.463s][info][gc,phases   ] GC(200)   Post Evacuate Collection Set: 0.5ms
[78.463s][info][gc,phases   ] GC(200)   Other: 0.0ms
[78.463s][info][gc,heap     ] GC(200) Eden regions: 1->0(75)
[78.463s][info][gc,heap     ] GC(200) Survivor regions: 1->1(10)
[78.463s][info][gc,heap     ] GC(200) Old regions: 8->8
[78.463s][info][gc,heap     ] GC(200) Archive regions: 2->2
[78.463s][info][gc,heap     ] GC(200) Humongous regions: 96->0
[78.463s][info][gc,metaspace] GC(200) Metaspace: 29087K(29440K)->29087K(29440K) NonClass: 25529K(25728K)->25529K(25728K) Class: 3558K(3712K)->3558K(3712K)
[78.463s][info][gc          ] GC(200) Pause Young (Concurrent Start) (G1 Humongous Allocation) 210M->16M(254M) 2.365ms
[78.463s][info][gc          ] GC(201) Concurrent Undo Cycle
[78.463s][info][gc,cpu      ] GC(200) User=0.00s Sys=0.00s Real=0.01s
[78.463s][info][gc,marking  ] GC(201) Concurrent Cleanup for Next Mark
[78.463s][info][gc,marking  ] GC(201) Concurrent Cleanup for Next Mark 0.051ms
[78.463s][info][gc          ] GC(201) Concurrent Undo Cycle 0.097ms
[78.974s][info][gc,start    ] GC(202) Pause Young (Concurrent Start) (G1 Humongous Allocation)
[78.974s][info][gc,task     ] GC(202) Using 8 workers of 8 for evacuation
[78.976s][info][gc,phases   ] GC(202)   Pre Evacuate Collection Set: 0.1ms
[78.976s][info][gc,phases   ] GC(202)   Merge Heap Roots: 0.1ms
[78.976s][info][gc,phases   ] GC(202)   Evacuate Collection Set: 0.7ms
[78.976s][info][gc,phases   ] GC(202)   Post Evacuate Collection Set: 0.5ms
[78.976s][info][gc,phases   ] GC(202)   Other: 0.1ms
[78.976s][info][gc,heap     ] GC(202) Eden regions: 1->0(75)
[78.976s][info][gc,heap     ] GC(202) Survivor regions: 1->1(10)
[78.976s][info][gc,heap     ] GC(202) Old regions: 8->8
[78.976s][info][gc,heap     ] GC(202) Archive regions: 2->2
[78.976s][info][gc,heap     ] GC(202) Humongous regions: 96->0
[78.976s][info][gc,metaspace] GC(202) Metaspace: 29087K(29440K)->29087K(29440K) NonClass: 25529K(25728K)->25529K(25728K) Class: 3558K(3712K)->3558K(3712K)
[78.976s][info][gc          ] GC(202) Pause Young (Concurrent Start) (G1 Humongous Allocation) 210M->16M(254M) 1.875ms
[78.976s][info][gc          ] GC(203) Concurrent Undo Cycle
[78.976s][info][gc,cpu      ] GC(202) User=0.00s Sys=0.00s Real=0.00s
[78.976s][info][gc,marking  ] GC(203) Concurrent Cleanup for Next Mark
[78.976s][info][gc,marking  ] GC(203) Concurrent Cleanup for Next Mark 0.130ms
[78.976s][info][gc          ] GC(203) Concurrent Undo Cycle 0.235ms
[79.489s][info][gc,start    ] GC(204) Pause Young (Concurrent Start) (G1 Humongous Allocation)
[79.489s][info][gc,task     ] GC(204) Using 8 workers of 8 for evacuation
[79.492s][info][gc,phases   ] GC(204)   Pre Evacuate Collection Set: 0.4ms
[79.492s][info][gc,phases   ] GC(204)   Merge Heap Roots: 0.1ms
[79.492s][info][gc,phases   ] GC(204)   Evacuate Collection Set: 1.2ms
[79.492s][info][gc,phases   ] GC(204)   Post Evacuate Collection Set: 0.9ms
[79.492s][info][gc,phases   ] GC(204)   Other: 0.2ms
[79.492s][info][gc,heap     ] GC(204) Eden regions: 1->0(75)
[79.492s][info][gc,heap     ] GC(204) Survivor regions: 1->1(10)
[79.492s][info][gc,heap     ] GC(204) Old regions: 8->8
[79.492s][info][gc,heap     ] GC(204) Archive regions: 2->2
[79.492s][info][gc,heap     ] GC(204) Humongous regions: 96->0
[79.492s][info][gc,metaspace] GC(204) Metaspace: 29087K(29440K)->29087K(29440K) NonClass: 25529K(25728K)->25529K(25728K) Class: 3558K(3712K)->3558K(3712K)
[79.492s][info][gc          ] GC(204) Pause Young (Concurrent Start) (G1 Humongous Allocation) 210M->16M(254M) 3.408ms
[79.493s][info][gc,cpu      ] GC(204) User=0.01s Sys=0.01s Real=0.00s
[79.493s][info][gc          ] GC(205) Concurrent Undo Cycle
[79.493s][info][gc,marking  ] GC(205) Concurrent Cleanup for Next Mark
[79.493s][info][gc,marking  ] GC(205) Concurrent Cleanup for Next Mark 0.118ms
[79.493s][info][gc          ] GC(205) Concurrent Undo Cycle 0.310ms
[80.012s][info][gc,start    ] GC(206) Pause Young (Concurrent Start) (G1 Humongous Allocation)
[80.012s][info][gc,task     ] GC(206) Using 8 workers of 8 for evacuation
[80.015s][info][gc,phases   ] GC(206)   Pre Evacuate Collection Set: 0.4ms
[80.015s][info][gc,phases   ] GC(206)   Merge Heap Roots: 0.2ms
[80.015s][info][gc,phases   ] GC(206)   Evacuate Collection Set: 1.2ms
[80.015s][info][gc,phases   ] GC(206)   Post Evacuate Collection Set: 0.8ms
[80.015s][info][gc,phases   ] GC(206)   Other: 0.2ms
[80.015s][info][gc,heap     ] GC(206) Eden regions: 1->0(75)
[80.015s][info][gc,heap     ] GC(206) Survivor regions: 1->1(10)
[80.015s][info][gc,heap     ] GC(206) Old regions: 8->8
[80.015s][info][gc,heap     ] GC(206) Archive regions: 2->2
[80.016s][info][gc,heap     ] GC(206) Humongous regions: 96->0
[80.016s][info][gc,metaspace] GC(206) Metaspace: 29087K(29440K)->29087K(29440K) NonClass: 25529K(25728K)->25529K(25728K) Class: 3558K(3712K)->3558K(3712K)
[80.016s][info][gc          ] GC(206) Pause Young (Concurrent Start) (G1 Humongous Allocation) 210M->16M(254M) 3.359ms
[80.016s][info][gc,cpu      ] GC(206) User=0.01s Sys=0.00s Real=0.01s
[80.016s][info][gc          ] GC(207) Concurrent Undo Cycle
[80.016s][info][gc,marking  ] GC(207) Concurrent Cleanup for Next Mark
[80.016s][info][gc,marking  ] GC(207) Concurrent Cleanup for Next Mark 0.276ms
[80.016s][info][gc          ] GC(207) Concurrent Undo Cycle 0.576ms
[80.537s][info][gc,start    ] GC(208) Pause Young (Concurrent Start) (G1 Humongous Allocation)
[80.537s][info][gc,task     ] GC(208) Using 8 workers of 8 for evacuation
[80.539s][info][gc,phases   ] GC(208)   Pre Evacuate Collection Set: 0.4ms
[80.539s][info][gc,phases   ] GC(208)   Merge Heap Roots: 0.1ms
[80.539s][info][gc,phases   ] GC(208)   Evacuate Collection Set: 0.8ms
[80.539s][info][gc,phases   ] GC(208)   Post Evacuate Collection Set: 0.6ms
[80.539s][info][gc,phases   ] GC(208)   Other: 0.2ms
[80.539s][info][gc,heap     ] GC(208) Eden regions: 1->0(75)
[80.539s][info][gc,heap     ] GC(208) Survivor regions: 1->1(10)
[80.539s][info][gc,heap     ] GC(208) Old regions: 8->8
[80.539s][info][gc,heap     ] GC(208) Archive regions: 2->2
[80.539s][info][gc,heap     ] GC(208) Humongous regions: 96->0
[80.539s][info][gc,metaspace] GC(208) Metaspace: 29087K(29440K)->29087K(29440K) NonClass: 25529K(25728K)->25529K(25728K) Class: 3558K(3712K)->3558K(3712K)
[80.539s][info][gc          ] GC(208) Pause Young (Concurrent Start) (G1 Humongous Allocation) 210M->16M(254M) 2.505ms
[80.539s][info][gc,cpu      ] GC(208) User=0.00s Sys=0.00s Real=0.00s
[80.539s][info][gc          ] GC(209) Concurrent Undo Cycle
[80.539s][info][gc,marking  ] GC(209) Concurrent Cleanup for Next Mark
[80.540s][info][gc,marking  ] GC(209) Concurrent Cleanup for Next Mark 0.177ms
[80.540s][info][gc          ] GC(209) Concurrent Undo Cycle 0.345ms
[81.054s][info][gc,start    ] GC(210) Pause Young (Concurrent Start) (G1 Humongous Allocation)
[81.054s][info][gc,task     ] GC(210) Using 8 workers of 8 for evacuation
[81.057s][info][gc,phases   ] GC(210)   Pre Evacuate Collection Set: 0.4ms
[81.057s][info][gc,phases   ] GC(210)   Merge Heap Roots: 0.2ms
[81.057s][info][gc,phases   ] GC(210)   Evacuate Collection Set: 1.2ms
[81.057s][info][gc,phases   ] GC(210)   Post Evacuate Collection Set: 0.8ms
[81.057s][info][gc,phases   ] GC(210)   Other: 0.2ms
[81.057s][info][gc,heap     ] GC(210) Eden regions: 1->0(75)
[81.057s][info][gc,heap     ] GC(210) Survivor regions: 1->1(10)
[81.057s][info][gc,heap     ] GC(210) Old regions: 8->8
[81.057s][info][gc,heap     ] GC(210) Archive regions: 2->2
[81.057s][info][gc,heap     ] GC(210) Humongous regions: 96->0
[81.057s][info][gc,metaspace] GC(210) Metaspace: 29087K(29440K)->29087K(29440K) NonClass: 25529K(25728K)->25529K(25728K) Class: 3558K(3712K)->3558K(3712K)
[81.057s][info][gc          ] GC(210) Pause Young (Concurrent Start) (G1 Humongous Allocation) 210M->16M(254M) 3.398ms
[81.057s][info][gc,cpu      ] GC(210) User=0.01s Sys=0.00s Real=0.00s
[81.057s][info][gc          ] GC(211) Concurrent Undo Cycle
[81.058s][info][gc,marking  ] GC(211) Concurrent Cleanup for Next Mark
[81.058s][info][gc,marking  ] GC(211) Concurrent Cleanup for Next Mark 0.190ms
[81.058s][info][gc          ] GC(211) Concurrent Undo Cycle 0.377ms
[81.577s][info][gc,start    ] GC(212) Pause Young (Concurrent Start) (G1 Humongous Allocation)
[81.577s][info][gc,task     ] GC(212) Using 8 workers of 8 for evacuation
[81.578s][info][gc,phases   ] GC(212)   Pre Evacuate Collection Set: 0.2ms
[81.578s][info][gc,phases   ] GC(212)   Merge Heap Roots: 0.0ms
[81.578s][info][gc,phases   ] GC(212)   Evacuate Collection Set: 0.5ms
[81.578s][info][gc,phases   ] GC(212)   Post Evacuate Collection Set: 0.3ms
[81.578s][info][gc,phases   ] GC(212)   Other: 0.1ms
[81.578s][info][gc,heap     ] GC(212) Eden regions: 2->0(75)
[81.578s][info][gc,heap     ] GC(212) Survivor regions: 1->1(10)
[81.578s][info][gc,heap     ] GC(212) Old regions: 8->8
[81.578s][info][gc,heap     ] GC(212) Archive regions: 2->2
[81.578s][info][gc,heap     ] GC(212) Humongous regions: 96->0
[81.578s][info][gc,metaspace] GC(212) Metaspace: 29087K(29440K)->29087K(29440K) NonClass: 25529K(25728K)->25529K(25728K) Class: 3558K(3712K)->3558K(3712K)
[81.578s][info][gc          ] GC(212) Pause Young (Concurrent Start) (G1 Humongous Allocation) 210M->16M(254M) 1.354ms
[81.578s][info][gc          ] GC(213) Concurrent Undo Cycle
[81.578s][info][gc,cpu      ] GC(212) User=0.01s Sys=0.00s Real=0.00s
[81.578s][info][gc,marking  ] GC(213) Concurrent Cleanup for Next Mark
[81.578s][info][gc,marking  ] GC(213) Concurrent Cleanup for Next Mark 0.099ms
[81.578s][info][gc          ] GC(213) Concurrent Undo Cycle 0.162ms
[82.092s][info][gc,start    ] GC(214) Pause Young (Concurrent Start) (G1 Humongous Allocation)
[82.092s][info][gc,task     ] GC(214) Using 8 workers of 8 for evacuation
[82.094s][info][gc,phases   ] GC(214)   Pre Evacuate Collection Set: 0.5ms
[82.094s][info][gc,phases   ] GC(214)   Merge Heap Roots: 0.1ms
[82.094s][info][gc,phases   ] GC(214)   Evacuate Collection Set: 1.2ms
[82.094s][info][gc,phases   ] GC(214)   Post Evacuate Collection Set: 0.4ms
[82.094s][info][gc,phases   ] GC(214)   Other: 0.2ms
[82.094s][info][gc,heap     ] GC(214) Eden regions: 1->0(75)
[82.094s][info][gc,heap     ] GC(214) Survivor regions: 1->1(10)
[82.094s][info][gc,heap     ] GC(214) Old regions: 8->8
[82.094s][info][gc,heap     ] GC(214) Archive regions: 2->2
[82.094s][info][gc,heap     ] GC(214) Humongous regions: 96->0
[82.094s][info][gc,metaspace] GC(214) Metaspace: 29087K(29440K)->29087K(29440K) NonClass: 25529K(25728K)->25529K(25728K) Class: 3558K(3712K)->3558K(3712K)
[82.094s][info][gc          ] GC(214) Pause Young (Concurrent Start) (G1 Humongous Allocation) 209M->16M(254M) 2.771ms
[82.094s][info][gc          ] GC(215) Concurrent Undo Cycle
[82.094s][info][gc,cpu      ] GC(214) User=0.00s Sys=0.00s Real=0.01s
[82.095s][info][gc,marking  ] GC(215) Concurrent Cleanup for Next Mark
[82.095s][info][gc,marking  ] GC(215) Concurrent Cleanup for Next Mark 0.125ms
[82.095s][info][gc          ] GC(215) Concurrent Undo Cycle 0.243ms
[82.611s][info][gc,start    ] GC(216) Pause Young (Concurrent Start) (G1 Humongous Allocation)
[82.611s][info][gc,task     ] GC(216) Using 8 workers of 8 for evacuation
[82.615s][info][gc,phases   ] GC(216)   Pre Evacuate Collection Set: 0.4ms
[82.615s][info][gc,phases   ] GC(216)   Merge Heap Roots: 0.2ms
[82.615s][info][gc,phases   ] GC(216)   Evacuate Collection Set: 1.4ms
[82.615s][info][gc,phases   ] GC(216)   Post Evacuate Collection Set: 0.8ms
[82.615s][info][gc,phases   ] GC(216)   Other: 0.2ms
[82.615s][info][gc,heap     ] GC(216) Eden regions: 2->0(75)
[82.615s][info][gc,heap     ] GC(216) Survivor regions: 1->1(10)
[82.615s][info][gc,heap     ] GC(216) Old regions: 8->8
[82.615s][info][gc,heap     ] GC(216) Archive regions: 2->2
[82.615s][info][gc,heap     ] GC(216) Humongous regions: 96->0
[82.615s][info][gc,metaspace] GC(216) Metaspace: 29087K(29440K)->29087K(29440K) NonClass: 25529K(25728K)->25529K(25728K) Class: 3558K(3712K)->3558K(3712K)
[82.615s][info][gc          ] GC(216) Pause Young (Concurrent Start) (G1 Humongous Allocation) 210M->16M(254M) 3.675ms
[82.615s][info][gc,cpu      ] GC(216) User=0.01s Sys=0.01s Real=0.01s
[82.615s][info][gc          ] GC(217) Concurrent Undo Cycle
[82.615s][info][gc,marking  ] GC(217) Concurrent Cleanup for Next Mark
[82.615s][info][gc,marking  ] GC(217) Concurrent Cleanup for Next Mark 0.122ms
[82.615s][info][gc          ] GC(217) Concurrent Undo Cycle 0.315ms
[83.137s][info][gc,start    ] GC(218) Pause Young (Concurrent Start) (G1 Humongous Allocation)
[83.138s][info][gc,task     ] GC(218) Using 8 workers of 8 for evacuation
[83.141s][info][gc,phases   ] GC(218)   Pre Evacuate Collection Set: 0.3ms
[83.141s][info][gc,phases   ] GC(218)   Merge Heap Roots: 0.2ms
[83.141s][info][gc,phases   ] GC(218)   Evacuate Collection Set: 0.9ms
[83.141s][info][gc,phases   ] GC(218)   Post Evacuate Collection Set: 0.8ms
[83.141s][info][gc,phases   ] GC(218)   Other: 0.3ms
[83.141s][info][gc,heap     ] GC(218) Eden regions: 1->0(75)
[83.141s][info][gc,heap     ] GC(218) Survivor regions: 1->1(10)
[83.141s][info][gc,heap     ] GC(218) Old regions: 8->8
[83.141s][info][gc,heap     ] GC(218) Archive regions: 2->2
[83.141s][info][gc,heap     ] GC(218) Humongous regions: 96->0
[83.141s][info][gc,metaspace] GC(218) Metaspace: 29087K(29440K)->29087K(29440K) NonClass: 25529K(25728K)->25529K(25728K) Class: 3558K(3712K)->3558K(3712K)
[83.141s][info][gc          ] GC(218) Pause Young (Concurrent Start) (G1 Humongous Allocation) 209M->16M(254M) 3.939ms
[83.141s][info][gc,cpu      ] GC(218) User=0.00s Sys=0.00s Real=0.00s
[83.141s][info][gc          ] GC(219) Concurrent Undo Cycle
[83.142s][info][gc,marking  ] GC(219) Concurrent Cleanup for Next Mark
[83.142s][info][gc,marking  ] GC(219) Concurrent Cleanup for Next Mark 0.200ms
[83.142s][info][gc          ] GC(219) Concurrent Undo Cycle 0.723ms
[83.661s][info][gc,start    ] GC(220) Pause Young (Concurrent Start) (G1 Humongous Allocation)
[83.662s][info][gc,task     ] GC(220) Using 8 workers of 8 for evacuation
[83.666s][info][gc,phases   ] GC(220)   Pre Evacuate Collection Set: 0.4ms
[83.666s][info][gc,phases   ] GC(220)   Merge Heap Roots: 0.2ms
[83.666s][info][gc,phases   ] GC(220)   Evacuate Collection Set: 2.2ms
[83.666s][info][gc,phases   ] GC(220)   Post Evacuate Collection Set: 0.7ms
[83.666s][info][gc,phases   ] GC(220)   Other: 0.3ms
[83.666s][info][gc,heap     ] GC(220) Eden regions: 2->0(75)
[83.666s][info][gc,heap     ] GC(220) Survivor regions: 1->1(10)
[83.666s][info][gc,heap     ] GC(220) Old regions: 8->8
[83.666s][info][gc,heap     ] GC(220) Archive regions: 2->2
[83.666s][info][gc,heap     ] GC(220) Humongous regions: 96->0
[83.666s][info][gc,metaspace] GC(220) Metaspace: 29087K(29440K)->29087K(29440K) NonClass: 25529K(25728K)->25529K(25728K) Class: 3558K(3712K)->3558K(3712K)
[83.666s][info][gc          ] GC(220) Pause Young (Concurrent Start) (G1 Humongous Allocation) 210M->16M(254M) 4.513ms
[83.666s][info][gc,cpu      ] GC(220) User=0.00s Sys=0.01s Real=0.01s
[83.666s][info][gc          ] GC(221) Concurrent Undo Cycle
[83.666s][info][gc,marking  ] GC(221) Concurrent Cleanup for Next Mark
[83.666s][info][gc,marking  ] GC(221) Concurrent Cleanup for Next Mark 0.149ms
[83.666s][info][gc          ] GC(221) Concurrent Undo Cycle 0.326ms
[84.185s][info][gc,start    ] GC(222) Pause Young (Concurrent Start) (G1 Humongous Allocation)
[84.185s][info][gc,task     ] GC(222) Using 8 workers of 8 for evacuation
[84.187s][info][gc,phases   ] GC(222)   Pre Evacuate Collection Set: 0.2ms
[84.187s][info][gc,phases   ] GC(222)   Merge Heap Roots: 0.1ms
[84.187s][info][gc,phases   ] GC(222)   Evacuate Collection Set: 0.7ms
[84.187s][info][gc,phases   ] GC(222)   Post Evacuate Collection Set: 0.4ms
[84.187s][info][gc,phases   ] GC(222)   Other: 0.1ms
[84.187s][info][gc,heap     ] GC(222) Eden regions: 1->0(75)
[84.187s][info][gc,heap     ] GC(222) Survivor regions: 1->1(10)
[84.187s][info][gc,heap     ] GC(222) Old regions: 8->8
[84.187s][info][gc,heap     ] GC(222) Archive regions: 2->2
[84.187s][info][gc,heap     ] GC(222) Humongous regions: 96->0
[84.187s][info][gc,metaspace] GC(222) Metaspace: 29087K(29440K)->29087K(29440K) NonClass: 25529K(25728K)->25529K(25728K) Class: 3558K(3712K)->3558K(3712K)
[84.187s][info][gc          ] GC(222) Pause Young (Concurrent Start) (G1 Humongous Allocation) 209M->16M(254M) 2.028ms
[84.187s][info][gc,cpu      ] GC(222) User=0.00s Sys=0.00s Real=0.00s
[84.187s][info][gc          ] GC(223) Concurrent Undo Cycle
[84.187s][info][gc,marking  ] GC(223) Concurrent Cleanup for Next Mark
[84.187s][info][gc,marking  ] GC(223) Concurrent Cleanup for Next Mark 0.120ms
[84.187s][info][gc          ] GC(223) Concurrent Undo Cycle 0.249ms
[84.705s][info][gc,start    ] GC(224) Pause Young (Concurrent Start) (G1 Humongous Allocation)
[84.705s][info][gc,task     ] GC(224) Using 8 workers of 8 for evacuation
[84.708s][info][gc,phases   ] GC(224)   Pre Evacuate Collection Set: 0.4ms
[84.708s][info][gc,phases   ] GC(224)   Merge Heap Roots: 0.2ms
[84.708s][info][gc,phases   ] GC(224)   Evacuate Collection Set: 1.1ms
[84.708s][info][gc,phases   ] GC(224)   Post Evacuate Collection Set: 0.8ms
[84.708s][info][gc,phases   ] GC(224)   Other: 0.3ms
[84.708s][info][gc,heap     ] GC(224) Eden regions: 2->0(75)
[84.709s][info][gc,heap     ] GC(224) Survivor regions: 1->1(10)
[84.709s][info][gc,heap     ] GC(224) Old regions: 8->8
[84.709s][info][gc,heap     ] GC(224) Archive regions: 2->2
[84.709s][info][gc,heap     ] GC(224) Humongous regions: 96->0
[84.709s][info][gc,metaspace] GC(224) Metaspace: 29087K(29440K)->29087K(29440K) NonClass: 25529K(25728K)->25529K(25728K) Class: 3558K(3712K)->3558K(3712K)
[84.709s][info][gc          ] GC(224) Pause Young (Concurrent Start) (G1 Humongous Allocation) 210M->16M(254M) 3.540ms
[84.709s][info][gc,cpu      ] GC(224) User=0.00s Sys=0.00s Real=0.00s
[84.709s][info][gc          ] GC(225) Concurrent Undo Cycle
[84.709s][info][gc,marking  ] GC(225) Concurrent Cleanup for Next Mark
[84.709s][info][gc,marking  ] GC(225) Concurrent Cleanup for Next Mark 0.190ms
[84.709s][info][gc          ] GC(225) Concurrent Undo Cycle 0.409ms
[85.228s][info][gc,start    ] GC(226) Pause Young (Concurrent Start) (G1 Humongous Allocation)
[85.228s][info][gc,task     ] GC(226) Using 8 workers of 8 for evacuation
[85.231s][info][gc,phases   ] GC(226)   Pre Evacuate Collection Set: 0.3ms
[85.231s][info][gc,phases   ] GC(226)   Merge Heap Roots: 0.1ms
[85.231s][info][gc,phases   ] GC(226)   Evacuate Collection Set: 0.8ms
[85.231s][info][gc,phases   ] GC(226)   Post Evacuate Collection Set: 0.6ms
[85.231s][info][gc,phases   ] GC(226)   Other: 0.4ms
[85.231s][info][gc,heap     ] GC(226) Eden regions: 1->0(75)
[85.231s][info][gc,heap     ] GC(226) Survivor regions: 1->1(10)
[85.231s][info][gc,heap     ] GC(226) Old regions: 8->8
[85.231s][info][gc,heap     ] GC(226) Archive regions: 2->2
[85.231s][info][gc,heap     ] GC(226) Humongous regions: 96->0
[85.231s][info][gc,metaspace] GC(226) Metaspace: 29087K(29440K)->29087K(29440K) NonClass: 25529K(25728K)->25529K(25728K) Class: 3558K(3712K)->3558K(3712K)
[85.231s][info][gc          ] GC(226) Pause Young (Concurrent Start) (G1 Humongous Allocation) 209M->16M(254M) 3.114ms
[85.232s][info][gc,cpu      ] GC(226) User=0.00s Sys=0.00s Real=0.00s
[85.232s][info][gc          ] GC(227) Concurrent Undo Cycle
[85.232s][info][gc,marking  ] GC(227) Concurrent Cleanup for Next Mark
[85.232s][info][gc,marking  ] GC(227) Concurrent Cleanup for Next Mark 0.158ms
[85.232s][info][gc          ] GC(227) Concurrent Undo Cycle 0.550ms
[85.757s][info][gc,start    ] GC(228) Pause Young (Concurrent Start) (G1 Humongous Allocation)
[85.757s][info][gc,task     ] GC(228) Using 8 workers of 8 for evacuation
[85.759s][info][gc,phases   ] GC(228)   Pre Evacuate Collection Set: 0.4ms
[85.760s][info][gc,phases   ] GC(228)   Merge Heap Roots: 0.1ms
[85.760s][info][gc,phases   ] GC(228)   Evacuate Collection Set: 1.4ms
[85.760s][info][gc,phases   ] GC(228)   Post Evacuate Collection Set: 0.6ms
[85.760s][info][gc,phases   ] GC(228)   Other: 0.2ms
[85.760s][info][gc,heap     ] GC(228) Eden regions: 2->0(75)
[85.760s][info][gc,heap     ] GC(228) Survivor regions: 1->1(10)
[85.760s][info][gc,heap     ] GC(228) Old regions: 8->8
[85.760s][info][gc,heap     ] GC(228) Archive regions: 2->2
[85.760s][info][gc,heap     ] GC(228) Humongous regions: 96->0
[85.760s][info][gc,metaspace] GC(228) Metaspace: 29087K(29440K)->29087K(29440K) NonClass: 25529K(25728K)->25529K(25728K) Class: 3558K(3712K)->3558K(3712K)
[85.760s][info][gc          ] GC(228) Pause Young (Concurrent Start) (G1 Humongous Allocation) 210M->16M(254M) 3.268ms
[85.760s][info][gc,cpu      ] GC(228) User=0.01s Sys=0.00s Real=0.00s
[85.760s][info][gc          ] GC(229) Concurrent Undo Cycle
[85.760s][info][gc,marking  ] GC(229) Concurrent Cleanup for Next Mark
[85.760s][info][gc,marking  ] GC(229) Concurrent Cleanup for Next Mark 0.340ms
[85.761s][info][gc          ] GC(229) Concurrent Undo Cycle 0.597ms
[86.281s][info][gc,start    ] GC(230) Pause Young (Concurrent Start) (G1 Humongous Allocation)
[86.281s][info][gc,task     ] GC(230) Using 8 workers of 8 for evacuation
[86.283s][info][gc,phases   ] GC(230)   Pre Evacuate Collection Set: 0.1ms
[86.283s][info][gc,phases   ] GC(230)   Merge Heap Roots: 0.0ms
[86.283s][info][gc,phases   ] GC(230)   Evacuate Collection Set: 0.6ms
[86.283s][info][gc,phases   ] GC(230)   Post Evacuate Collection Set: 0.6ms
[86.283s][info][gc,phases   ] GC(230)   Other: 0.1ms
[86.283s][info][gc,heap     ] GC(230) Eden regions: 1->0(75)
[86.283s][info][gc,heap     ] GC(230) Survivor regions: 1->1(10)
[86.283s][info][gc,heap     ] GC(230) Old regions: 8->8
[86.283s][info][gc,heap     ] GC(230) Archive regions: 2->2
[86.283s][info][gc,heap     ] GC(230) Humongous regions: 96->0
[86.283s][info][gc,metaspace] GC(230) Metaspace: 29087K(29440K)->29087K(29440K) NonClass: 25529K(25728K)->25529K(25728K) Class: 3558K(3712K)->3558K(3712K)
[86.283s][info][gc          ] GC(230) Pause Young (Concurrent Start) (G1 Humongous Allocation) 209M->16M(254M) 1.695ms
[86.283s][info][gc,cpu      ] GC(230) User=0.00s Sys=0.00s Real=0.01s
[86.283s][info][gc          ] GC(231) Concurrent Undo Cycle
[86.283s][info][gc,marking  ] GC(231) Concurrent Cleanup for Next Mark
[86.283s][info][gc,marking  ] GC(231) Concurrent Cleanup for Next Mark 0.112ms
[86.283s][info][gc          ] GC(231) Concurrent Undo Cycle 0.212ms
[86.794s][info][gc,start    ] GC(232) Pause Young (Concurrent Start) (G1 Humongous Allocation)
[86.794s][info][gc,task     ] GC(232) Using 8 workers of 8 for evacuation
[86.795s][info][gc,phases   ] GC(232)   Pre Evacuate Collection Set: 0.1ms
[86.795s][info][gc,phases   ] GC(232)   Merge Heap Roots: 0.0ms
[86.795s][info][gc,phases   ] GC(232)   Evacuate Collection Set: 0.5ms
[86.795s][info][gc,phases   ] GC(232)   Post Evacuate Collection Set: 0.2ms
[86.795s][info][gc,phases   ] GC(232)   Other: 0.0ms
[86.795s][info][gc,heap     ] GC(232) Eden regions: 2->0(75)
[86.795s][info][gc,heap     ] GC(232) Survivor regions: 1->1(10)
[86.795s][info][gc,heap     ] GC(232) Old regions: 8->8
[86.795s][info][gc,heap     ] GC(232) Archive regions: 2->2
[86.795s][info][gc,heap     ] GC(232) Humongous regions: 96->0
[86.795s][info][gc,metaspace] GC(232) Metaspace: 29087K(29440K)->29087K(29440K) NonClass: 25529K(25728K)->25529K(25728K) Class: 3558K(3712K)->3558K(3712K)
[86.795s][info][gc          ] GC(232) Pause Young (Concurrent Start) (G1 Humongous Allocation) 210M->16M(254M) 0.995ms
[86.795s][info][gc          ] GC(233) Concurrent Undo Cycle
[86.795s][info][gc,cpu      ] GC(232) User=0.00s Sys=0.01s Real=0.00s
[86.795s][info][gc,marking  ] GC(233) Concurrent Cleanup for Next Mark
[86.795s][info][gc,marking  ] GC(233) Concurrent Cleanup for Next Mark 0.047ms
[86.795s][info][gc          ] GC(233) Concurrent Undo Cycle 0.106ms
[87.304s][info][gc,start    ] GC(234) Pause Young (Concurrent Start) (G1 Humongous Allocation)
[87.304s][info][gc,task     ] GC(234) Using 8 workers of 8 for evacuation
[87.305s][info][gc,phases   ] GC(234)   Pre Evacuate Collection Set: 0.1ms
[87.305s][info][gc,phases   ] GC(234)   Merge Heap Roots: 0.1ms
[87.305s][info][gc,phases   ] GC(234)   Evacuate Collection Set: 0.7ms
[87.305s][info][gc,phases   ] GC(234)   Post Evacuate Collection Set: 0.2ms
[87.305s][info][gc,phases   ] GC(234)   Other: 0.1ms
[87.305s][info][gc,heap     ] GC(234) Eden regions: 1->0(75)
[87.305s][info][gc,heap     ] GC(234) Survivor regions: 1->1(10)
[87.305s][info][gc,heap     ] GC(234) Old regions: 8->8
[87.305s][info][gc,heap     ] GC(234) Archive regions: 2->2
[87.305s][info][gc,heap     ] GC(234) Humongous regions: 96->0
[87.306s][info][gc,metaspace] GC(234) Metaspace: 29087K(29440K)->29087K(29440K) NonClass: 25529K(25728K)->25529K(25728K) Class: 3558K(3712K)->3558K(3712K)
[87.306s][info][gc          ] GC(234) Pause Young (Concurrent Start) (G1 Humongous Allocation) 209M->16M(254M) 1.510ms
[87.306s][info][gc,cpu      ] GC(234) User=0.00s Sys=0.00s Real=0.00s
[87.306s][info][gc          ] GC(235) Concurrent Undo Cycle
[87.306s][info][gc,marking  ] GC(235) Concurrent Cleanup for Next Mark
[87.306s][info][gc,marking  ] GC(235) Concurrent Cleanup for Next Mark 0.065ms
[87.306s][info][gc          ] GC(235) Concurrent Undo Cycle 0.159ms
[87.817s][info][gc,start    ] GC(236) Pause Young (Concurrent Start) (G1 Humongous Allocation)
[87.818s][info][gc,task     ] GC(236) Using 8 workers of 8 for evacuation
[87.820s][info][gc,phases   ] GC(236)   Pre Evacuate Collection Set: 0.4ms
[87.820s][info][gc,phases   ] GC(236)   Merge Heap Roots: 0.2ms
[87.820s][info][gc,phases   ] GC(236)   Evacuate Collection Set: 1.1ms
[87.820s][info][gc,phases   ] GC(236)   Post Evacuate Collection Set: 0.5ms
[87.820s][info][gc,phases   ] GC(236)   Other: 0.2ms
[87.820s][info][gc,heap     ] GC(236) Eden regions: 2->0(75)
[87.820s][info][gc,heap     ] GC(236) Survivor regions: 1->1(10)
[87.820s][info][gc,heap     ] GC(236) Old regions: 8->8
[87.820s][info][gc,heap     ] GC(236) Archive regions: 2->2
[87.820s][info][gc,heap     ] GC(236) Humongous regions: 96->0
[87.820s][info][gc,metaspace] GC(236) Metaspace: 29087K(29440K)->29087K(29440K) NonClass: 25529K(25728K)->25529K(25728K) Class: 3558K(3712K)->3558K(3712K)
[87.820s][info][gc          ] GC(236) Pause Young (Concurrent Start) (G1 Humongous Allocation) 210M->16M(254M) 2.916ms
[87.820s][info][gc,cpu      ] GC(236) User=0.01s Sys=0.00s Real=0.00s
[87.820s][info][gc          ] GC(237) Concurrent Undo Cycle
[87.820s][info][gc,marking  ] GC(237) Concurrent Cleanup for Next Mark
[87.821s][info][gc,marking  ] GC(237) Concurrent Cleanup for Next Mark 0.153ms
[87.821s][info][gc          ] GC(237) Concurrent Undo Cycle 0.340ms
[88.337s][info][gc,start    ] GC(238) Pause Young (Concurrent Start) (G1 Humongous Allocation)
[88.337s][info][gc,task     ] GC(238) Using 8 workers of 8 for evacuation
[88.338s][info][gc,phases   ] GC(238)   Pre Evacuate Collection Set: 0.2ms
[88.339s][info][gc,phases   ] GC(238)   Merge Heap Roots: 0.1ms
[88.339s][info][gc,phases   ] GC(238)   Evacuate Collection Set: 0.5ms
[88.339s][info][gc,phases   ] GC(238)   Post Evacuate Collection Set: 0.3ms
[88.339s][info][gc,phases   ] GC(238)   Other: 0.1ms
[88.339s][info][gc,heap     ] GC(238) Eden regions: 1->0(75)
[88.339s][info][gc,heap     ] GC(238) Survivor regions: 1->1(10)
[88.339s][info][gc,heap     ] GC(238) Old regions: 8->8
[88.339s][info][gc,heap     ] GC(238) Archive regions: 2->2
[88.339s][info][gc,heap     ] GC(238) Humongous regions: 96->0
[88.339s][info][gc,metaspace] GC(238) Metaspace: 29087K(29440K)->29087K(29440K) NonClass: 25529K(25728K)->25529K(25728K) Class: 3558K(3712K)->3558K(3712K)
[88.339s][info][gc          ] GC(238) Pause Young (Concurrent Start) (G1 Humongous Allocation) 209M->16M(254M) 1.376ms
[88.339s][info][gc,cpu      ] GC(238) User=0.01s Sys=0.00s Real=0.00s
[88.339s][info][gc          ] GC(239) Concurrent Undo Cycle
[88.339s][info][gc,marking  ] GC(239) Concurrent Cleanup for Next Mark
[88.339s][info][gc,marking  ] GC(239) Concurrent Cleanup for Next Mark 0.062ms
[88.339s][info][gc          ] GC(239) Concurrent Undo Cycle 0.120ms
[88.850s][info][gc,start    ] GC(240) Pause Young (Concurrent Start) (G1 Humongous Allocation)
[88.850s][info][gc,task     ] GC(240) Using 8 workers of 8 for evacuation
[88.851s][info][gc,phases   ] GC(240)   Pre Evacuate Collection Set: 0.1ms
[88.851s][info][gc,phases   ] GC(240)   Merge Heap Roots: 0.0ms
[88.851s][info][gc,phases   ] GC(240)   Evacuate Collection Set: 0.4ms
[88.851s][info][gc,phases   ] GC(240)   Post Evacuate Collection Set: 0.2ms
[88.851s][info][gc,phases   ] GC(240)   Other: 0.1ms
[88.851s][info][gc,heap     ] GC(240) Eden regions: 2->0(75)
[88.851s][info][gc,heap     ] GC(240) Survivor regions: 1->1(10)
[88.851s][info][gc,heap     ] GC(240) Old regions: 8->8
[88.851s][info][gc,heap     ] GC(240) Archive regions: 2->2
[88.851s][info][gc,heap     ] GC(240) Humongous regions: 96->0
[88.851s][info][gc,metaspace] GC(240) Metaspace: 29087K(29440K)->29087K(29440K) NonClass: 25529K(25728K)->25529K(25728K) Class: 3558K(3712K)->3558K(3712K)
[88.851s][info][gc          ] GC(240) Pause Young (Concurrent Start) (G1 Humongous Allocation) 210M->16M(254M) 1.151ms
[88.851s][info][gc,cpu      ] GC(240) User=0.00s Sys=0.00s Real=0.00s
[88.851s][info][gc          ] GC(241) Concurrent Undo Cycle
[88.851s][info][gc,marking  ] GC(241) Concurrent Cleanup for Next Mark
[88.851s][info][gc,marking  ] GC(241) Concurrent Cleanup for Next Mark 0.076ms
[88.851s][info][gc          ] GC(241) Concurrent Undo Cycle 0.143ms
[89.361s][info][gc,start    ] GC(242) Pause Young (Concurrent Start) (G1 Humongous Allocation)
[89.361s][info][gc,task     ] GC(242) Using 8 workers of 8 for evacuation
[89.363s][info][gc,phases   ] GC(242)   Pre Evacuate Collection Set: 0.2ms
[89.363s][info][gc,phases   ] GC(242)   Merge Heap Roots: 0.1ms
[89.363s][info][gc,phases   ] GC(242)   Evacuate Collection Set: 0.6ms
[89.363s][info][gc,phases   ] GC(242)   Post Evacuate Collection Set: 0.4ms
[89.363s][info][gc,phases   ] GC(242)   Other: 0.1ms
[89.363s][info][gc,heap     ] GC(242) Eden regions: 1->0(75)
[89.363s][info][gc,heap     ] GC(242) Survivor regions: 1->1(10)
[89.363s][info][gc,heap     ] GC(242) Old regions: 8->8
[89.363s][info][gc,heap     ] GC(242) Archive regions: 2->2
[89.363s][info][gc,heap     ] GC(242) Humongous regions: 96->0
[89.363s][info][gc,metaspace] GC(242) Metaspace: 29087K(29440K)->29087K(29440K) NonClass: 25529K(25728K)->25529K(25728K) Class: 3558K(3712K)->3558K(3712K)
[89.363s][info][gc          ] GC(242) Pause Young (Concurrent Start) (G1 Humongous Allocation) 210M->16M(254M) 1.752ms
[89.363s][info][gc,cpu      ] GC(242) User=0.00s Sys=0.01s Real=0.01s
[89.363s][info][gc          ] GC(243) Concurrent Undo Cycle
[89.363s][info][gc,marking  ] GC(243) Concurrent Cleanup for Next Mark
[89.363s][info][gc,marking  ] GC(243) Concurrent Cleanup for Next Mark 0.096ms
[89.363s][info][gc          ] GC(243) Concurrent Undo Cycle 0.193ms
[89.873s][info][gc,start    ] GC(244) Pause Young (Concurrent Start) (G1 Humongous Allocation)
[89.873s][info][gc,task     ] GC(244) Using 8 workers of 8 for evacuation
[89.876s][info][gc,phases   ] GC(244)   Pre Evacuate Collection Set: 0.4ms
[89.876s][info][gc,phases   ] GC(244)   Merge Heap Roots: 0.2ms
[89.876s][info][gc,phases   ] GC(244)   Evacuate Collection Set: 1.0ms
[89.876s][info][gc,phases   ] GC(244)   Post Evacuate Collection Set: 0.5ms
[89.876s][info][gc,phases   ] GC(244)   Other: 0.2ms
[89.876s][info][gc,heap     ] GC(244) Eden regions: 1->0(75)
[89.876s][info][gc,heap     ] GC(244) Survivor regions: 1->1(10)
[89.876s][info][gc,heap     ] GC(244) Old regions: 8->8
[89.876s][info][gc,heap     ] GC(244) Archive regions: 2->2
[89.876s][info][gc,heap     ] GC(244) Humongous regions: 96->0
[89.876s][info][gc,metaspace] GC(244) Metaspace: 29087K(29440K)->29087K(29440K) NonClass: 25529K(25728K)->25529K(25728K) Class: 3558K(3712K)->3558K(3712K)
[89.876s][info][gc          ] GC(244) Pause Young (Concurrent Start) (G1 Humongous Allocation) 210M->16M(254M) 2.851ms
[89.876s][info][gc,cpu      ] GC(244) User=0.00s Sys=0.00s Real=0.00s
[89.876s][info][gc          ] GC(245) Concurrent Undo Cycle
[89.876s][info][gc,marking  ] GC(245) Concurrent Cleanup for Next Mark
[89.876s][info][gc,marking  ] GC(245) Concurrent Cleanup for Next Mark 0.158ms
[89.876s][info][gc          ] GC(245) Concurrent Undo Cycle 0.307ms
[90.394s][info][gc,start    ] GC(246) Pause Young (Concurrent Start) (G1 Humongous Allocation)
[90.394s][info][gc,task     ] GC(246) Using 8 workers of 8 for evacuation
[90.397s][info][gc,phases   ] GC(246)   Pre Evacuate Collection Set: 0.4ms
[90.397s][info][gc,phases   ] GC(246)   Merge Heap Roots: 0.2ms
[90.397s][info][gc,phases   ] GC(246)   Evacuate Collection Set: 1.2ms
[90.397s][info][gc,phases   ] GC(246)   Post Evacuate Collection Set: 0.7ms
[90.397s][info][gc,phases   ] GC(246)   Other: 0.1ms
[90.397s][info][gc,heap     ] GC(246) Eden regions: 1->0(75)
[90.397s][info][gc,heap     ] GC(246) Survivor regions: 1->1(10)
[90.397s][info][gc,heap     ] GC(246) Old regions: 8->8
[90.397s][info][gc,heap     ] GC(246) Archive regions: 2->2
[90.397s][info][gc,heap     ] GC(246) Humongous regions: 96->0
[90.397s][info][gc,metaspace] GC(246) Metaspace: 29087K(29440K)->29087K(29440K) NonClass: 25529K(25728K)->25529K(25728K) Class: 3558K(3712K)->3558K(3712K)
[90.397s][info][gc          ] GC(246) Pause Young (Concurrent Start) (G1 Humongous Allocation) 210M->16M(254M) 3.192ms
[90.397s][info][gc,cpu      ] GC(246) User=0.01s Sys=0.00s Real=0.00s
[90.398s][info][gc          ] GC(247) Concurrent Undo Cycle
[90.398s][info][gc,marking  ] GC(247) Concurrent Cleanup for Next Mark
[90.398s][info][gc,marking  ] GC(247) Concurrent Cleanup for Next Mark 0.169ms
[90.398s][info][gc          ] GC(247) Concurrent Undo Cycle 0.365ms
[90.918s][info][gc,start    ] GC(248) Pause Young (Concurrent Start) (G1 Humongous Allocation)
[90.918s][info][gc,task     ] GC(248) Using 8 workers of 8 for evacuation
[90.921s][info][gc,phases   ] GC(248)   Pre Evacuate Collection Set: 0.4ms
[90.921s][info][gc,phases   ] GC(248)   Merge Heap Roots: 0.2ms
[90.921s][info][gc,phases   ] GC(248)   Evacuate Collection Set: 1.1ms
[90.921s][info][gc,phases   ] GC(248)   Post Evacuate Collection Set: 0.8ms
[90.921s][info][gc,phases   ] GC(248)   Other: 0.3ms
[90.921s][info][gc,heap     ] GC(248) Eden regions: 1->0(75)
[90.921s][info][gc,heap     ] GC(248) Survivor regions: 1->1(10)
[90.921s][info][gc,heap     ] GC(248) Old regions: 8->8
[90.921s][info][gc,heap     ] GC(248) Archive regions: 2->2
[90.921s][info][gc,heap     ] GC(248) Humongous regions: 96->0
[90.921s][info][gc,metaspace] GC(248) Metaspace: 29087K(29440K)->29087K(29440K) NonClass: 25529K(25728K)->25529K(25728K) Class: 3558K(3712K)->3558K(3712K)
[90.921s][info][gc          ] GC(248) Pause Young (Concurrent Start) (G1 Humongous Allocation) 210M->16M(254M) 3.768ms
[90.922s][info][gc,cpu      ] GC(248) User=0.01s Sys=0.01s Real=0.00s
[90.922s][info][gc          ] GC(249) Concurrent Undo Cycle
[90.922s][info][gc,marking  ] GC(249) Concurrent Cleanup for Next Mark
[90.922s][info][gc,marking  ] GC(249) Concurrent Cleanup for Next Mark 0.124ms
[90.922s][info][gc          ] GC(249) Concurrent Undo Cycle 0.376ms
[91.441s][info][gc,start    ] GC(250) Pause Young (Concurrent Start) (G1 Humongous Allocation)
[91.441s][info][gc,task     ] GC(250) Using 8 workers of 8 for evacuation
[91.443s][info][gc,phases   ] GC(250)   Pre Evacuate Collection Set: 0.2ms
[91.443s][info][gc,phases   ] GC(250)   Merge Heap Roots: 0.1ms
[91.443s][info][gc,phases   ] GC(250)   Evacuate Collection Set: 0.5ms
[91.443s][info][gc,phases   ] GC(250)   Post Evacuate Collection Set: 0.3ms
[91.443s][info][gc,phases   ] GC(250)   Other: 0.1ms
[91.443s][info][gc,heap     ] GC(250) Eden regions: 1->0(75)
[91.443s][info][gc,heap     ] GC(250) Survivor regions: 1->1(10)
[91.443s][info][gc,heap     ] GC(250) Old regions: 8->8
[91.443s][info][gc,heap     ] GC(250) Archive regions: 2->2
[91.443s][info][gc,heap     ] GC(250) Humongous regions: 96->0
[91.443s][info][gc,metaspace] GC(250) Metaspace: 29087K(29440K)->29087K(29440K) NonClass: 25529K(25728K)->25529K(25728K) Class: 3558K(3712K)->3558K(3712K)
[91.443s][info][gc          ] GC(250) Pause Young (Concurrent Start) (G1 Humongous Allocation) 210M->16M(254M) 1.436ms
[91.443s][info][gc,cpu      ] GC(250) User=0.00s Sys=0.00s Real=0.01s
[91.443s][info][gc          ] GC(251) Concurrent Undo Cycle
[91.443s][info][gc,marking  ] GC(251) Concurrent Cleanup for Next Mark
[91.443s][info][gc,marking  ] GC(251) Concurrent Cleanup for Next Mark 0.073ms
[91.443s][info][gc          ] GC(251) Concurrent Undo Cycle 0.146ms
[91.955s][info][gc,start    ] GC(252) Pause Young (Concurrent Start) (G1 Humongous Allocation)
[91.955s][info][gc,task     ] GC(252) Using 8 workers of 8 for evacuation
[91.963s][info][gc,phases   ] GC(252)   Pre Evacuate Collection Set: 0.5ms
[91.963s][info][gc,phases   ] GC(252)   Merge Heap Roots: 0.1ms
[91.963s][info][gc,phases   ] GC(252)   Evacuate Collection Set: 1.4ms
[91.963s][info][gc,phases   ] GC(252)   Post Evacuate Collection Set: 5.5ms
[91.963s][info][gc,phases   ] GC(252)   Other: 0.3ms
[91.963s][info][gc,heap     ] GC(252) Eden regions: 1->0(75)
[91.963s][info][gc,heap     ] GC(252) Survivor regions: 1->1(10)
[91.963s][info][gc,heap     ] GC(252) Old regions: 8->8
[91.963s][info][gc,heap     ] GC(252) Archive regions: 2->2
[91.963s][info][gc,heap     ] GC(252) Humongous regions: 96->0
[91.963s][info][gc,metaspace] GC(252) Metaspace: 29087K(29440K)->29087K(29440K) NonClass: 25529K(25728K)->25529K(25728K) Class: 3558K(3712K)->3558K(3712K)
[91.963s][info][gc          ] GC(252) Pause Young (Concurrent Start) (G1 Humongous Allocation) 210M->16M(254M) 8.298ms
[91.963s][info][gc,cpu      ] GC(252) User=0.00s Sys=0.00s Real=0.01s
[91.963s][info][gc          ] GC(253) Concurrent Undo Cycle
[91.963s][info][gc,marking  ] GC(253) Concurrent Cleanup for Next Mark
[91.963s][info][gc,marking  ] GC(253) Concurrent Cleanup for Next Mark 0.134ms
[91.963s][info][gc          ] GC(253) Concurrent Undo Cycle 0.308ms
[92.481s][info][gc,start    ] GC(254) Pause Young (Concurrent Start) (G1 Humongous Allocation)
[92.481s][info][gc,task     ] GC(254) Using 8 workers of 8 for evacuation
[92.484s][info][gc,phases   ] GC(254)   Pre Evacuate Collection Set: 0.4ms
[92.484s][info][gc,phases   ] GC(254)   Merge Heap Roots: 0.2ms
[92.484s][info][gc,phases   ] GC(254)   Evacuate Collection Set: 1.2ms
[92.484s][info][gc,phases   ] GC(254)   Post Evacuate Collection Set: 0.8ms
[92.484s][info][gc,phases   ] GC(254)   Other: 0.2ms
[92.485s][info][gc,heap     ] GC(254) Eden regions: 1->0(75)
[92.485s][info][gc,heap     ] GC(254) Survivor regions: 1->1(10)
[92.485s][info][gc,heap     ] GC(254) Old regions: 8->8
[92.485s][info][gc,heap     ] GC(254) Archive regions: 2->2
[92.485s][info][gc,heap     ] GC(254) Humongous regions: 96->0
[92.485s][info][gc,metaspace] GC(254) Metaspace: 29087K(29440K)->29087K(29440K) NonClass: 25529K(25728K)->25529K(25728K) Class: 3558K(3712K)->3558K(3712K)
[92.485s][info][gc          ] GC(254) Pause Young (Concurrent Start) (G1 Humongous Allocation) 210M->16M(254M) 3.559ms
[92.485s][info][gc,cpu      ] GC(254) User=0.00s Sys=0.00s Real=0.01s
[92.485s][info][gc          ] GC(255) Concurrent Undo Cycle
[92.485s][info][gc,marking  ] GC(255) Concurrent Cleanup for Next Mark
[92.486s][info][gc,marking  ] GC(255) Concurrent Cleanup for Next Mark 0.318ms
[92.486s][info][gc          ] GC(255) Concurrent Undo Cycle 0.787ms
[93.005s][info][gc,start    ] GC(256) Pause Young (Concurrent Start) (G1 Humongous Allocation)
[93.005s][info][gc,task     ] GC(256) Using 8 workers of 8 for evacuation
[93.008s][info][gc,phases   ] GC(256)   Pre Evacuate Collection Set: 0.3ms
[93.008s][info][gc,phases   ] GC(256)   Merge Heap Roots: 0.2ms
[93.009s][info][gc,phases   ] GC(256)   Evacuate Collection Set: 1.3ms
[93.009s][info][gc,phases   ] GC(256)   Post Evacuate Collection Set: 0.8ms
[93.009s][info][gc,phases   ] GC(256)   Other: 0.4ms
[93.009s][info][gc,heap     ] GC(256) Eden regions: 1->0(75)
[93.009s][info][gc,heap     ] GC(256) Survivor regions: 1->1(10)
[93.009s][info][gc,heap     ] GC(256) Old regions: 8->8
[93.009s][info][gc,heap     ] GC(256) Archive regions: 2->2
[93.009s][info][gc,heap     ] GC(256) Humongous regions: 96->0
[93.009s][info][gc,metaspace] GC(256) Metaspace: 29087K(29440K)->29087K(29440K) NonClass: 25529K(25728K)->25529K(25728K) Class: 3558K(3712K)->3558K(3712K)
[93.009s][info][gc          ] GC(256) Pause Young (Concurrent Start) (G1 Humongous Allocation) 210M->16M(254M) 3.855ms
[93.009s][info][gc,cpu      ] GC(256) User=0.01s Sys=0.00s Real=0.00s
[93.009s][info][gc          ] GC(257) Concurrent Undo Cycle
[93.009s][info][gc,marking  ] GC(257) Concurrent Cleanup for Next Mark
[93.009s][info][gc,marking  ] GC(257) Concurrent Cleanup for Next Mark 0.110ms
[93.009s][info][gc          ] GC(257) Concurrent Undo Cycle 0.295ms
[93.528s][info][gc,start    ] GC(258) Pause Young (Concurrent Start) (G1 Humongous Allocation)
[93.528s][info][gc,task     ] GC(258) Using 8 workers of 8 for evacuation
[93.543s][info][gc,phases   ] GC(258)   Pre Evacuate Collection Set: 0.4ms
[93.543s][info][gc,phases   ] GC(258)   Merge Heap Roots: 0.2ms
[93.543s][info][gc,phases   ] GC(258)   Evacuate Collection Set: 1.2ms
[93.543s][info][gc,phases   ] GC(258)   Post Evacuate Collection Set: 12.6ms
[93.543s][info][gc,phases   ] GC(258)   Other: 0.2ms
[93.543s][info][gc,heap     ] GC(258) Eden regions: 1->0(75)
[93.543s][info][gc,heap     ] GC(258) Survivor regions: 1->1(10)
[93.543s][info][gc,heap     ] GC(258) Old regions: 8->8
[93.543s][info][gc,heap     ] GC(258) Archive regions: 2->2
[93.543s][info][gc,heap     ] GC(258) Humongous regions: 96->0
[93.543s][info][gc,metaspace] GC(258) Metaspace: 29087K(29440K)->29087K(29440K) NonClass: 25529K(25728K)->25529K(25728K) Class: 3558K(3712K)->3558K(3712K)
[93.544s][info][gc          ] GC(258) Pause Young (Concurrent Start) (G1 Humongous Allocation) 210M->16M(254M) 15.327ms
[93.544s][info][gc,cpu      ] GC(258) User=0.00s Sys=0.01s Real=0.02s
[93.547s][info][gc          ] GC(259) Concurrent Undo Cycle
[93.547s][info][gc,marking  ] GC(259) Concurrent Cleanup for Next Mark
[93.553s][info][gc,marking  ] GC(259) Concurrent Cleanup for Next Mark 5.570ms
[93.553s][info][gc          ] GC(259) Concurrent Undo Cycle 5.943ms
[94.066s][info][gc,start    ] GC(260) Pause Young (Concurrent Start) (G1 Humongous Allocation)
[94.067s][info][gc,task     ] GC(260) Using 8 workers of 8 for evacuation
[94.069s][info][gc,phases   ] GC(260)   Pre Evacuate Collection Set: 0.4ms
[94.070s][info][gc,phases   ] GC(260)   Merge Heap Roots: 0.2ms
[94.070s][info][gc,phases   ] GC(260)   Evacuate Collection Set: 1.2ms
[94.070s][info][gc,phases   ] GC(260)   Post Evacuate Collection Set: 0.6ms
[94.070s][info][gc,phases   ] GC(260)   Other: 0.2ms
[94.070s][info][gc,heap     ] GC(260) Eden regions: 1->0(75)
[94.070s][info][gc,heap     ] GC(260) Survivor regions: 1->1(10)
[94.070s][info][gc,heap     ] GC(260) Old regions: 8->8
[94.070s][info][gc,heap     ] GC(260) Archive regions: 2->2
[94.070s][info][gc,heap     ] GC(260) Humongous regions: 96->0
[94.070s][info][gc,metaspace] GC(260) Metaspace: 29089K(29504K)->29089K(29504K) NonClass: 25530K(25728K)->25530K(25728K) Class: 3559K(3776K)->3559K(3776K)
[94.070s][info][gc          ] GC(260) Pause Young (Concurrent Start) (G1 Humongous Allocation) 210M->16M(254M) 3.357ms
[94.070s][info][gc,cpu      ] GC(260) User=0.01s Sys=0.00s Real=0.00s
[94.070s][info][gc          ] GC(261) Concurrent Undo Cycle
[94.070s][info][gc,marking  ] GC(261) Concurrent Cleanup for Next Mark
[94.070s][info][gc,marking  ] GC(261) Concurrent Cleanup for Next Mark 0.149ms
[94.070s][info][gc          ] GC(261) Concurrent Undo Cycle 0.318ms
[94.586s][info][gc,start    ] GC(262) Pause Young (Concurrent Start) (G1 Humongous Allocation)
[94.586s][info][gc,task     ] GC(262) Using 8 workers of 8 for evacuation
[94.588s][info][gc,phases   ] GC(262)   Pre Evacuate Collection Set: 0.3ms
[94.588s][info][gc,phases   ] GC(262)   Merge Heap Roots: 0.1ms
[94.588s][info][gc,phases   ] GC(262)   Evacuate Collection Set: 0.8ms
[94.588s][info][gc,phases   ] GC(262)   Post Evacuate Collection Set: 0.6ms
[94.589s][info][gc,phases   ] GC(262)   Other: 0.2ms
[94.589s][info][gc,heap     ] GC(262) Eden regions: 1->0(75)
[94.589s][info][gc,heap     ] GC(262) Survivor regions: 1->1(10)
[94.589s][info][gc,heap     ] GC(262) Old regions: 8->8
[94.589s][info][gc,heap     ] GC(262) Archive regions: 2->2
[94.589s][info][gc,heap     ] GC(262) Humongous regions: 96->0
[94.589s][info][gc,metaspace] GC(262) Metaspace: 29089K(29504K)->29089K(29504K) NonClass: 25530K(25728K)->25530K(25728K) Class: 3559K(3776K)->3559K(3776K)
[94.589s][info][gc          ] GC(262) Pause Young (Concurrent Start) (G1 Humongous Allocation) 210M->16M(254M) 2.425ms
[94.589s][info][gc,cpu      ] GC(262) User=0.01s Sys=0.01s Real=0.00s
[94.589s][info][gc          ] GC(263) Concurrent Undo Cycle
[94.589s][info][gc,marking  ] GC(263) Concurrent Cleanup for Next Mark
[94.589s][info][gc,marking  ] GC(263) Concurrent Cleanup for Next Mark 0.135ms
[94.589s][info][gc          ] GC(263) Concurrent Undo Cycle 0.373ms
[95.105s][info][gc,start    ] GC(264) Pause Young (Concurrent Start) (G1 Humongous Allocation)
[95.105s][info][gc,task     ] GC(264) Using 8 workers of 8 for evacuation
[95.108s][info][gc,phases   ] GC(264)   Pre Evacuate Collection Set: 0.4ms
[95.108s][info][gc,phases   ] GC(264)   Merge Heap Roots: 0.2ms
[95.108s][info][gc,phases   ] GC(264)   Evacuate Collection Set: 1.2ms
[95.108s][info][gc,phases   ] GC(264)   Post Evacuate Collection Set: 0.7ms
[95.108s][info][gc,phases   ] GC(264)   Other: 0.3ms
[95.108s][info][gc,heap     ] GC(264) Eden regions: 1->0(75)
[95.109s][info][gc,heap     ] GC(264) Survivor regions: 1->1(10)
[95.109s][info][gc,heap     ] GC(264) Old regions: 8->8
[95.109s][info][gc,heap     ] GC(264) Archive regions: 2->2
[95.109s][info][gc,heap     ] GC(264) Humongous regions: 96->0
[95.109s][info][gc,metaspace] GC(264) Metaspace: 29089K(29504K)->29089K(29504K) NonClass: 25530K(25728K)->25530K(25728K) Class: 3559K(3776K)->3559K(3776K)
[95.109s][info][gc          ] GC(264) Pause Young (Concurrent Start) (G1 Humongous Allocation) 210M->16M(254M) 3.638ms
[95.109s][info][gc,cpu      ] GC(264) User=0.01s Sys=0.00s Real=0.00s
[95.109s][info][gc          ] GC(265) Concurrent Undo Cycle
[95.109s][info][gc,marking  ] GC(265) Concurrent Cleanup for Next Mark
[95.109s][info][gc,marking  ] GC(265) Concurrent Cleanup for Next Mark 0.197ms
[95.109s][info][gc          ] GC(265) Concurrent Undo Cycle 0.488ms
[95.629s][info][gc,start    ] GC(266) Pause Young (Concurrent Start) (G1 Humongous Allocation)
[95.629s][info][gc,task     ] GC(266) Using 8 workers of 8 for evacuation
[95.630s][info][gc,phases   ] GC(266)   Pre Evacuate Collection Set: 0.1ms
[95.630s][info][gc,phases   ] GC(266)   Merge Heap Roots: 0.0ms
[95.630s][info][gc,phases   ] GC(266)   Evacuate Collection Set: 0.5ms
[95.630s][info][gc,phases   ] GC(266)   Post Evacuate Collection Set: 0.2ms
[95.630s][info][gc,phases   ] GC(266)   Other: 0.0ms
[95.630s][info][gc,heap     ] GC(266) Eden regions: 2->0(75)
[95.630s][info][gc,heap     ] GC(266) Survivor regions: 1->1(10)
[95.630s][info][gc,heap     ] GC(266) Old regions: 8->8
[95.630s][info][gc,heap     ] GC(266) Archive regions: 2->2
[95.630s][info][gc,heap     ] GC(266) Humongous regions: 96->0
[95.630s][info][gc,metaspace] GC(266) Metaspace: 29089K(29504K)->29089K(29504K) NonClass: 25530K(25728K)->25530K(25728K) Class: 3559K(3776K)->3559K(3776K)
[95.630s][info][gc          ] GC(266) Pause Young (Concurrent Start) (G1 Humongous Allocation) 210M->16M(254M) 1.152ms
[95.630s][info][gc,cpu      ] GC(266) User=0.00s Sys=0.00s Real=0.00s
[95.630s][info][gc          ] GC(267) Concurrent Undo Cycle
[95.630s][info][gc,marking  ] GC(267) Concurrent Cleanup for Next Mark
[95.630s][info][gc,marking  ] GC(267) Concurrent Cleanup for Next Mark 0.048ms
[95.630s][info][gc          ] GC(267) Concurrent Undo Cycle 0.095ms
[96.143s][info][gc,start    ] GC(268) Pause Young (Concurrent Start) (G1 Humongous Allocation)
[96.143s][info][gc,task     ] GC(268) Using 8 workers of 8 for evacuation
[96.148s][info][gc,phases   ] GC(268)   Pre Evacuate Collection Set: 0.6ms
[96.148s][info][gc,phases   ] GC(268)   Merge Heap Roots: 1.1ms
[96.148s][info][gc,phases   ] GC(268)   Evacuate Collection Set: 2.1ms
[96.148s][info][gc,phases   ] GC(268)   Post Evacuate Collection Set: 0.5ms
[96.148s][info][gc,phases   ] GC(268)   Other: 0.4ms
[96.148s][info][gc,heap     ] GC(268) Eden regions: 1->0(75)
[96.148s][info][gc,heap     ] GC(268) Survivor regions: 1->1(10)
[96.148s][info][gc,heap     ] GC(268) Old regions: 8->8
[96.148s][info][gc,heap     ] GC(268) Archive regions: 2->2
[96.148s][info][gc,heap     ] GC(268) Humongous regions: 96->0
[96.148s][info][gc,metaspace] GC(268) Metaspace: 29089K(29504K)->29089K(29504K) NonClass: 25530K(25728K)->25530K(25728K) Class: 3559K(3776K)->3559K(3776K)
[96.148s][info][gc          ] GC(268) Pause Young (Concurrent Start) (G1 Humongous Allocation) 209M->16M(254M) 5.132ms
[96.148s][info][gc          ] GC(269) Concurrent Undo Cycle
[96.148s][info][gc,cpu      ] GC(268) User=0.00s Sys=0.00s Real=0.00s
[96.148s][info][gc,marking  ] GC(269) Concurrent Cleanup for Next Mark
[96.151s][info][gc,marking  ] GC(269) Concurrent Cleanup for Next Mark 2.508ms
[96.151s][info][gc          ] GC(269) Concurrent Undo Cycle 2.766ms
[96.664s][info][gc,start    ] GC(270) Pause Young (Concurrent Start) (G1 Humongous Allocation)
[96.665s][info][gc,task     ] GC(270) Using 8 workers of 8 for evacuation
[96.666s][info][gc,phases   ] GC(270)   Pre Evacuate Collection Set: 0.1ms
[96.666s][info][gc,phases   ] GC(270)   Merge Heap Roots: 0.0ms
[96.666s][info][gc,phases   ] GC(270)   Evacuate Collection Set: 0.5ms
[96.666s][info][gc,phases   ] GC(270)   Post Evacuate Collection Set: 0.2ms
[96.666s][info][gc,phases   ] GC(270)   Other: 0.1ms
[96.666s][info][gc,heap     ] GC(270) Eden regions: 2->0(75)
[96.666s][info][gc,heap     ] GC(270) Survivor regions: 1->1(10)
[96.666s][info][gc,heap     ] GC(270) Old regions: 8->8
[96.666s][info][gc,heap     ] GC(270) Archive regions: 2->2
[96.666s][info][gc,heap     ] GC(270) Humongous regions: 96->0
[96.666s][info][gc,metaspace] GC(270) Metaspace: 29089K(29504K)->29089K(29504K) NonClass: 25530K(25728K)->25530K(25728K) Class: 3559K(3776K)->3559K(3776K)
[96.666s][info][gc          ] GC(270) Pause Young (Concurrent Start) (G1 Humongous Allocation) 210M->16M(254M) 1.646ms
[96.666s][info][gc,cpu      ] GC(270) User=0.01s Sys=0.00s Real=0.00s
[96.666s][info][gc          ] GC(271) Concurrent Undo Cycle
[96.666s][info][gc,marking  ] GC(271) Concurrent Cleanup for Next Mark
[96.666s][info][gc,marking  ] GC(271) Concurrent Cleanup for Next Mark 0.070ms
[96.666s][info][gc          ] GC(271) Concurrent Undo Cycle 0.145ms
[97.176s][info][gc,start    ] GC(272) Pause Young (Concurrent Start) (G1 Humongous Allocation)
[97.177s][info][gc,task     ] GC(272) Using 8 workers of 8 for evacuation
[97.178s][info][gc,phases   ] GC(272)   Pre Evacuate Collection Set: 0.3ms
[97.178s][info][gc,phases   ] GC(272)   Merge Heap Roots: 0.1ms
[97.178s][info][gc,phases   ] GC(272)   Evacuate Collection Set: 0.7ms
[97.178s][info][gc,phases   ] GC(272)   Post Evacuate Collection Set: 0.4ms
[97.178s][info][gc,phases   ] GC(272)   Other: 0.0ms
[97.178s][info][gc,heap     ] GC(272) Eden regions: 1->0(75)
[97.178s][info][gc,heap     ] GC(272) Survivor regions: 1->1(10)
[97.178s][info][gc,heap     ] GC(272) Old regions: 8->8
[97.178s][info][gc,heap     ] GC(272) Archive regions: 2->2
[97.178s][info][gc,heap     ] GC(272) Humongous regions: 96->0
[97.178s][info][gc,metaspace] GC(272) Metaspace: 29089K(29504K)->29089K(29504K) NonClass: 25530K(25728K)->25530K(25728K) Class: 3559K(3776K)->3559K(3776K)
[97.178s][info][gc          ] GC(272) Pause Young (Concurrent Start) (G1 Humongous Allocation) 209M->16M(254M) 1.746ms
[97.178s][info][gc          ] GC(273) Concurrent Undo Cycle
[97.178s][info][gc,cpu      ] GC(272) User=0.00s Sys=0.00s Real=0.00s
[97.178s][info][gc,marking  ] GC(273) Concurrent Cleanup for Next Mark
[97.178s][info][gc,marking  ] GC(273) Concurrent Cleanup for Next Mark 0.058ms
[97.178s][info][gc          ] GC(273) Concurrent Undo Cycle 0.138ms
[97.689s][info][gc,start    ] GC(274) Pause Young (Concurrent Start) (G1 Humongous Allocation)
[97.689s][info][gc,task     ] GC(274) Using 8 workers of 8 for evacuation
[97.692s][info][gc,phases   ] GC(274)   Pre Evacuate Collection Set: 0.4ms
[97.692s][info][gc,phases   ] GC(274)   Merge Heap Roots: 0.2ms
[97.692s][info][gc,phases   ] GC(274)   Evacuate Collection Set: 1.0ms
[97.692s][info][gc,phases   ] GC(274)   Post Evacuate Collection Set: 0.5ms
[97.692s][info][gc,phases   ] GC(274)   Other: 0.2ms
[97.692s][info][gc,heap     ] GC(274) Eden regions: 2->0(75)
[97.692s][info][gc,heap     ] GC(274) Survivor regions: 1->1(10)
[97.692s][info][gc,heap     ] GC(274) Old regions: 8->8
[97.692s][info][gc,heap     ] GC(274) Archive regions: 2->2
[97.692s][info][gc,heap     ] GC(274) Humongous regions: 96->0
[97.692s][info][gc,metaspace] GC(274) Metaspace: 29089K(29504K)->29089K(29504K) NonClass: 25530K(25728K)->25530K(25728K) Class: 3559K(3776K)->3559K(3776K)
[97.692s][info][gc          ] GC(274) Pause Young (Concurrent Start) (G1 Humongous Allocation) 210M->16M(254M) 2.837ms
[97.692s][info][gc,cpu      ] GC(274) User=0.00s Sys=0.00s Real=0.00s
[97.692s][info][gc          ] GC(275) Concurrent Undo Cycle
[97.692s][info][gc,marking  ] GC(275) Concurrent Cleanup for Next Mark
[97.692s][info][gc,marking  ] GC(275) Concurrent Cleanup for Next Mark 0.131ms
[97.692s][info][gc          ] GC(275) Concurrent Undo Cycle 0.322ms
[98.211s][info][gc,start    ] GC(276) Pause Young (Concurrent Start) (G1 Humongous Allocation)
[98.212s][info][gc,task     ] GC(276) Using 8 workers of 8 for evacuation
[98.215s][info][gc,phases   ] GC(276)   Pre Evacuate Collection Set: 0.5ms
[98.215s][info][gc,phases   ] GC(276)   Merge Heap Roots: 0.2ms
[98.215s][info][gc,phases   ] GC(276)   Evacuate Collection Set: 1.2ms
[98.215s][info][gc,phases   ] GC(276)   Post Evacuate Collection Set: 0.7ms
[98.215s][info][gc,phases   ] GC(276)   Other: 0.2ms
[98.215s][info][gc,heap     ] GC(276) Eden regions: 1->0(75)
[98.215s][info][gc,heap     ] GC(276) Survivor regions: 1->1(10)
[98.215s][info][gc,heap     ] GC(276) Old regions: 8->8
[98.215s][info][gc,heap     ] GC(276) Archive regions: 2->2
[98.215s][info][gc,heap     ] GC(276) Humongous regions: 96->0
[98.215s][info][gc,metaspace] GC(276) Metaspace: 29089K(29504K)->29089K(29504K) NonClass: 25530K(25728K)->25530K(25728K) Class: 3559K(3776K)->3559K(3776K)
[98.215s][info][gc          ] GC(276) Pause Young (Concurrent Start) (G1 Humongous Allocation) 209M->16M(254M) 3.442ms
[98.215s][info][gc,cpu      ] GC(276) User=0.00s Sys=0.00s Real=0.01s
[98.215s][info][gc          ] GC(277) Concurrent Undo Cycle
[98.215s][info][gc,marking  ] GC(277) Concurrent Cleanup for Next Mark
[98.215s][info][gc,marking  ] GC(277) Concurrent Cleanup for Next Mark 0.136ms
[98.215s][info][gc          ] GC(277) Concurrent Undo Cycle 0.290ms
[98.733s][info][gc,start    ] GC(278) Pause Young (Concurrent Start) (G1 Humongous Allocation)
[98.733s][info][gc,task     ] GC(278) Using 8 workers of 8 for evacuation
[98.736s][info][gc,phases   ] GC(278)   Pre Evacuate Collection Set: 0.4ms
[98.736s][info][gc,phases   ] GC(278)   Merge Heap Roots: 0.2ms
[98.736s][info][gc,phases   ] GC(278)   Evacuate Collection Set: 1.1ms
[98.736s][info][gc,phases   ] GC(278)   Post Evacuate Collection Set: 0.6ms
[98.736s][info][gc,phases   ] GC(278)   Other: 0.2ms
[98.736s][info][gc,heap     ] GC(278) Eden regions: 2->0(75)
[98.736s][info][gc,heap     ] GC(278) Survivor regions: 1->1(10)
[98.736s][info][gc,heap     ] GC(278) Old regions: 8->8
[98.736s][info][gc,heap     ] GC(278) Archive regions: 2->2
[98.736s][info][gc,heap     ] GC(278) Humongous regions: 96->0
[98.736s][info][gc,metaspace] GC(278) Metaspace: 29089K(29504K)->29089K(29504K) NonClass: 25530K(25728K)->25530K(25728K) Class: 3559K(3776K)->3559K(3776K)
[98.736s][info][gc          ] GC(278) Pause Young (Concurrent Start) (G1 Humongous Allocation) 210M->16M(254M) 2.845ms
[98.736s][info][gc,cpu      ] GC(278) User=0.01s Sys=0.01s Real=0.00s
[98.736s][info][gc          ] GC(279) Concurrent Undo Cycle
[98.736s][info][gc,marking  ] GC(279) Concurrent Cleanup for Next Mark
[98.736s][info][gc,marking  ] GC(279) Concurrent Cleanup for Next Mark 0.118ms
[98.736s][info][gc          ] GC(279) Concurrent Undo Cycle 0.315ms
[99.256s][info][gc,start    ] GC(280) Pause Young (Concurrent Start) (G1 Humongous Allocation)
[99.256s][info][gc,task     ] GC(280) Using 8 workers of 8 for evacuation
[99.259s][info][gc,phases   ] GC(280)   Pre Evacuate Collection Set: 0.4ms
[99.259s][info][gc,phases   ] GC(280)   Merge Heap Roots: 0.2ms
[99.259s][info][gc,phases   ] GC(280)   Evacuate Collection Set: 1.2ms
[99.259s][info][gc,phases   ] GC(280)   Post Evacuate Collection Set: 0.8ms
[99.259s][info][gc,phases   ] GC(280)   Other: 0.2ms
[99.259s][info][gc,heap     ] GC(280) Eden regions: 1->0(75)
[99.259s][info][gc,heap     ] GC(280) Survivor regions: 1->1(10)
[99.259s][info][gc,heap     ] GC(280) Old regions: 8->8
[99.259s][info][gc,heap     ] GC(280) Archive regions: 2->2
[99.259s][info][gc,heap     ] GC(280) Humongous regions: 96->0
[99.259s][info][gc,metaspace] GC(280) Metaspace: 29089K(29504K)->29089K(29504K) NonClass: 25530K(25728K)->25530K(25728K) Class: 3559K(3776K)->3559K(3776K)
[99.259s][info][gc          ] GC(280) Pause Young (Concurrent Start) (G1 Humongous Allocation) 209M->16M(254M) 3.362ms
[99.259s][info][gc,cpu      ] GC(280) User=0.01s Sys=0.00s Real=0.00s
[99.259s][info][gc          ] GC(281) Concurrent Undo Cycle
[99.259s][info][gc,marking  ] GC(281) Concurrent Cleanup for Next Mark
[99.260s][info][gc,marking  ] GC(281) Concurrent Cleanup for Next Mark 0.202ms
[99.260s][info][gc          ] GC(281) Concurrent Undo Cycle 0.396ms
[99.777s][info][gc,start    ] GC(282) Pause Young (Concurrent Start) (G1 Humongous Allocation)
[99.778s][info][gc,task     ] GC(282) Using 8 workers of 8 for evacuation
[99.780s][info][gc,phases   ] GC(282)   Pre Evacuate Collection Set: 0.4ms
[99.780s][info][gc,phases   ] GC(282)   Merge Heap Roots: 0.2ms
[99.780s][info][gc,phases   ] GC(282)   Evacuate Collection Set: 1.1ms
[99.780s][info][gc,phases   ] GC(282)   Post Evacuate Collection Set: 0.6ms
[99.780s][info][gc,phases   ] GC(282)   Other: 0.2ms
[99.780s][info][gc,heap     ] GC(282) Eden regions: 2->0(75)
[99.780s][info][gc,heap     ] GC(282) Survivor regions: 1->1(10)
[99.780s][info][gc,heap     ] GC(282) Old regions: 8->8
[99.780s][info][gc,heap     ] GC(282) Archive regions: 2->2
[99.780s][info][gc,heap     ] GC(282) Humongous regions: 96->0
[99.780s][info][gc,metaspace] GC(282) Metaspace: 29089K(29504K)->29089K(29504K) NonClass: 25530K(25728K)->25530K(25728K) Class: 3559K(3776K)->3559K(3776K)
[99.780s][info][gc          ] GC(282) Pause Young (Concurrent Start) (G1 Humongous Allocation) 210M->16M(254M) 3.056ms
[99.780s][info][gc,cpu      ] GC(282) User=0.00s Sys=0.01s Real=0.00s
[99.780s][info][gc          ] GC(283) Concurrent Undo Cycle
[99.781s][info][gc,marking  ] GC(283) Concurrent Cleanup for Next Mark
[99.781s][info][gc,marking  ] GC(283) Concurrent Cleanup for Next Mark 0.132ms
[99.781s][info][gc          ] GC(283) Concurrent Undo Cycle 0.302ms
[100.297s][info][gc,start    ] GC(284) Pause Young (Concurrent Start) (G1 Humongous Allocation)
[100.297s][info][gc,task     ] GC(284) Using 8 workers of 8 for evacuation
[100.299s][info][gc,phases   ] GC(284)   Pre Evacuate Collection Set: 0.1ms
[100.299s][info][gc,phases   ] GC(284)   Merge Heap Roots: 0.1ms
[100.299s][info][gc,phases   ] GC(284)   Evacuate Collection Set: 0.8ms
[100.299s][info][gc,phases   ] GC(284)   Post Evacuate Collection Set: 0.4ms
[100.299s][info][gc,phases   ] GC(284)   Other: 0.1ms
[100.299s][info][gc,heap     ] GC(284) Eden regions: 1->0(75)
[100.299s][info][gc,heap     ] GC(284) Survivor regions: 1->1(10)
[100.299s][info][gc,heap     ] GC(284) Old regions: 8->8
[100.299s][info][gc,heap     ] GC(284) Archive regions: 2->2
[100.299s][info][gc,heap     ] GC(284) Humongous regions: 96->0
[100.299s][info][gc,metaspace] GC(284) Metaspace: 29089K(29504K)->29089K(29504K) NonClass: 25530K(25728K)->25530K(25728K) Class: 3559K(3776K)->3559K(3776K)
[100.299s][info][gc          ] GC(284) Pause Young (Concurrent Start) (G1 Humongous Allocation) 209M->16M(254M) 2.011ms
[100.299s][info][gc          ] GC(285) Concurrent Undo Cycle
[100.299s][info][gc,cpu      ] GC(284) User=0.00s Sys=0.00s Real=0.00s
[100.299s][info][gc,marking  ] GC(285) Concurrent Cleanup for Next Mark
[100.299s][info][gc,marking  ] GC(285) Concurrent Cleanup for Next Mark 0.096ms
[100.299s][info][gc          ] GC(285) Concurrent Undo Cycle 0.188ms
[100.815s][info][gc,start    ] GC(286) Pause Young (Concurrent Start) (G1 Humongous Allocation)
[100.815s][info][gc,task     ] GC(286) Using 8 workers of 8 for evacuation
[100.816s][info][gc,phases   ] GC(286)   Pre Evacuate Collection Set: 0.2ms
[100.816s][info][gc,phases   ] GC(286)   Merge Heap Roots: 0.0ms
[100.816s][info][gc,phases   ] GC(286)   Evacuate Collection Set: 0.5ms
[100.816s][info][gc,phases   ] GC(286)   Post Evacuate Collection Set: 0.3ms
[100.816s][info][gc,phases   ] GC(286)   Other: 0.1ms
[100.816s][info][gc,heap     ] GC(286) Eden regions: 2->0(75)
[100.816s][info][gc,heap     ] GC(286) Survivor regions: 1->1(10)
[100.816s][info][gc,heap     ] GC(286) Old regions: 8->8
[100.816s][info][gc,heap     ] GC(286) Archive regions: 2->2
[100.816s][info][gc,heap     ] GC(286) Humongous regions: 96->0
[100.816s][info][gc,metaspace] GC(286) Metaspace: 29089K(29504K)->29089K(29504K) NonClass: 25530K(25728K)->25530K(25728K) Class: 3559K(3776K)->3559K(3776K)
[100.816s][info][gc          ] GC(286) Pause Young (Concurrent Start) (G1 Humongous Allocation) 210M->16M(254M) 1.416ms
[100.816s][info][gc,cpu      ] GC(286) User=0.01s Sys=0.00s Real=0.00s
[100.816s][info][gc          ] GC(287) Concurrent Undo Cycle
[100.817s][info][gc,marking  ] GC(287) Concurrent Cleanup for Next Mark
[100.817s][info][gc,marking  ] GC(287) Concurrent Cleanup for Next Mark 0.055ms
[100.817s][info][gc          ] GC(287) Concurrent Undo Cycle 0.154ms
[101.329s][info][gc,start    ] GC(288) Pause Young (Concurrent Start) (G1 Humongous Allocation)
[101.329s][info][gc,task     ] GC(288) Using 8 workers of 8 for evacuation
[101.332s][info][gc,phases   ] GC(288)   Pre Evacuate Collection Set: 0.4ms
[101.332s][info][gc,phases   ] GC(288)   Merge Heap Roots: 0.2ms
[101.332s][info][gc,phases   ] GC(288)   Evacuate Collection Set: 1.2ms
[101.332s][info][gc,phases   ] GC(288)   Post Evacuate Collection Set: 0.8ms
[101.332s][info][gc,phases   ] GC(288)   Other: 0.2ms
[101.332s][info][gc,heap     ] GC(288) Eden regions: 1->0(75)
[101.332s][info][gc,heap     ] GC(288) Survivor regions: 1->1(10)
[101.332s][info][gc,heap     ] GC(288) Old regions: 8->8
[101.332s][info][gc,heap     ] GC(288) Archive regions: 2->2
[101.332s][info][gc,heap     ] GC(288) Humongous regions: 96->0
[101.333s][info][gc,metaspace] GC(288) Metaspace: 29089K(29504K)->29089K(29504K) NonClass: 25530K(25728K)->25530K(25728K) Class: 3559K(3776K)->3559K(3776K)
[101.333s][info][gc          ] GC(288) Pause Young (Concurrent Start) (G1 Humongous Allocation) 209M->16M(254M) 3.366ms
[101.333s][info][gc,cpu      ] GC(288) User=0.00s Sys=0.00s Real=0.01s
[101.333s][info][gc          ] GC(289) Concurrent Undo Cycle
[101.333s][info][gc,marking  ] GC(289) Concurrent Cleanup for Next Mark
[101.333s][info][gc,marking  ] GC(289) Concurrent Cleanup for Next Mark 0.169ms
[101.333s][info][gc          ] GC(289) Concurrent Undo Cycle 0.351ms
[101.853s][info][gc,start    ] GC(290) Pause Young (Concurrent Start) (G1 Humongous Allocation)
[101.853s][info][gc,task     ] GC(290) Using 8 workers of 8 for evacuation
[101.856s][info][gc,phases   ] GC(290)   Pre Evacuate Collection Set: 0.4ms
[101.856s][info][gc,phases   ] GC(290)   Merge Heap Roots: 0.1ms
[101.856s][info][gc,phases   ] GC(290)   Evacuate Collection Set: 1.2ms
[101.856s][info][gc,phases   ] GC(290)   Post Evacuate Collection Set: 0.7ms
[101.856s][info][gc,phases   ] GC(290)   Other: 0.2ms
[101.856s][info][gc,heap     ] GC(290) Eden regions: 2->0(75)
[101.856s][info][gc,heap     ] GC(290) Survivor regions: 1->1(10)
[101.856s][info][gc,heap     ] GC(290) Old regions: 8->8
[101.856s][info][gc,heap     ] GC(290) Archive regions: 2->2
[101.856s][info][gc,heap     ] GC(290) Humongous regions: 96->0
[101.856s][info][gc,metaspace] GC(290) Metaspace: 29089K(29504K)->29089K(29504K) NonClass: 25530K(25728K)->25530K(25728K) Class: 3559K(3776K)->3559K(3776K)
[101.856s][info][gc          ] GC(290) Pause Young (Concurrent Start) (G1 Humongous Allocation) 210M->16M(254M) 3.090ms
[101.856s][info][gc,cpu      ] GC(290) User=0.01s Sys=0.01s Real=0.00s
[101.856s][info][gc          ] GC(291) Concurrent Undo Cycle
[101.857s][info][gc,marking  ] GC(291) Concurrent Cleanup for Next Mark
[101.857s][info][gc,marking  ] GC(291) Concurrent Cleanup for Next Mark 0.096ms
[101.857s][info][gc          ] GC(291) Concurrent Undo Cycle 0.224ms
[102.373s][info][gc,start    ] GC(292) Pause Young (Concurrent Start) (G1 Humongous Allocation)
[102.373s][info][gc,task     ] GC(292) Using 8 workers of 8 for evacuation
[102.377s][info][gc,phases   ] GC(292)   Pre Evacuate Collection Set: 0.4ms
[102.377s][info][gc,phases   ] GC(292)   Merge Heap Roots: 0.2ms
[102.377s][info][gc,phases   ] GC(292)   Evacuate Collection Set: 1.3ms
[102.377s][info][gc,phases   ] GC(292)   Post Evacuate Collection Set: 0.9ms
[102.377s][info][gc,phases   ] GC(292)   Other: 0.2ms
[102.377s][info][gc,heap     ] GC(292) Eden regions: 1->0(75)
[102.377s][info][gc,heap     ] GC(292) Survivor regions: 1->1(10)
[102.377s][info][gc,heap     ] GC(292) Old regions: 8->8
[102.377s][info][gc,heap     ] GC(292) Archive regions: 2->2
[102.377s][info][gc,heap     ] GC(292) Humongous regions: 96->0
[102.377s][info][gc,metaspace] GC(292) Metaspace: 29089K(29504K)->29089K(29504K) NonClass: 25530K(25728K)->25530K(25728K) Class: 3559K(3776K)->3559K(3776K)
[102.377s][info][gc          ] GC(292) Pause Young (Concurrent Start) (G1 Humongous Allocation) 210M->16M(254M) 3.672ms
[102.377s][info][gc,cpu      ] GC(292) User=0.01s Sys=0.00s Real=0.00s
[102.377s][info][gc          ] GC(293) Concurrent Undo Cycle
[102.377s][info][gc,marking  ] GC(293) Concurrent Cleanup for Next Mark
[102.377s][info][gc,marking  ] GC(293) Concurrent Cleanup for Next Mark 0.172ms
[102.377s][info][gc          ] GC(293) Concurrent Undo Cycle 0.408ms
[102.896s][info][gc,start    ] GC(294) Pause Young (Concurrent Start) (G1 Humongous Allocation)
[102.897s][info][gc,task     ] GC(294) Using 8 workers of 8 for evacuation
[102.898s][info][gc,phases   ] GC(294)   Pre Evacuate Collection Set: 0.1ms
[102.898s][info][gc,phases   ] GC(294)   Merge Heap Roots: 0.1ms
[102.898s][info][gc,phases   ] GC(294)   Evacuate Collection Set: 0.5ms
[102.898s][info][gc,phases   ] GC(294)   Post Evacuate Collection Set: 0.3ms
[102.898s][info][gc,phases   ] GC(294)   Other: 0.1ms
[102.898s][info][gc,heap     ] GC(294) Eden regions: 1->0(75)
[102.898s][info][gc,heap     ] GC(294) Survivor regions: 1->1(10)
[102.898s][info][gc,heap     ] GC(294) Old regions: 8->8
[102.898s][info][gc,heap     ] GC(294) Archive regions: 2->2
[102.898s][info][gc,heap     ] GC(294) Humongous regions: 96->0
[102.898s][info][gc,metaspace] GC(294) Metaspace: 29089K(29504K)->29089K(29504K) NonClass: 25530K(25728K)->25530K(25728K) Class: 3559K(3776K)->3559K(3776K)
[102.898s][info][gc          ] GC(294) Pause Young (Concurrent Start) (G1 Humongous Allocation) 210M->16M(254M) 1.316ms
[102.898s][info][gc,cpu      ] GC(294) User=0.00s Sys=0.00s Real=0.00s
[102.898s][info][gc          ] GC(295) Concurrent Undo Cycle
[102.898s][info][gc,marking  ] GC(295) Concurrent Cleanup for Next Mark
[102.898s][info][gc,marking  ] GC(295) Concurrent Cleanup for Next Mark 0.078ms
[102.898s][info][gc          ] GC(295) Concurrent Undo Cycle 0.150ms
[103.410s][info][gc,start    ] GC(296) Pause Young (Concurrent Start) (G1 Humongous Allocation)
[103.410s][info][gc,task     ] GC(296) Using 8 workers of 8 for evacuation
[103.413s][info][gc,phases   ] GC(296)   Pre Evacuate Collection Set: 0.4ms
[103.413s][info][gc,phases   ] GC(296)   Merge Heap Roots: 0.2ms
[103.413s][info][gc,phases   ] GC(296)   Evacuate Collection Set: 1.2ms
[103.413s][info][gc,phases   ] GC(296)   Post Evacuate Collection Set: 0.9ms
[103.413s][info][gc,phases   ] GC(296)   Other: 0.2ms
[103.413s][info][gc,heap     ] GC(296) Eden regions: 1->0(75)
[103.413s][info][gc,heap     ] GC(296) Survivor regions: 1->1(10)
[103.413s][info][gc,heap     ] GC(296) Old regions: 8->8
[103.413s][info][gc,heap     ] GC(296) Archive regions: 2->2
[103.413s][info][gc,heap     ] GC(296) Humongous regions: 96->0
[103.413s][info][gc,metaspace] GC(296) Metaspace: 29089K(29504K)->29089K(29504K) NonClass: 25530K(25728K)->25530K(25728K) Class: 3559K(3776K)->3559K(3776K)
[103.413s][info][gc          ] GC(296) Pause Young (Concurrent Start) (G1 Humongous Allocation) 210M->16M(254M) 3.436ms
[103.413s][info][gc,cpu      ] GC(296) User=0.00s Sys=0.01s Real=0.01s
[103.414s][info][gc          ] GC(297) Concurrent Undo Cycle
[103.414s][info][gc,marking  ] GC(297) Concurrent Cleanup for Next Mark
[103.414s][info][gc,marking  ] GC(297) Concurrent Cleanup for Next Mark 0.229ms
[103.414s][info][gc          ] GC(297) Concurrent Undo Cycle 0.474ms
[103.940s][info][gc,start    ] GC(298) Pause Young (Concurrent Start) (G1 Humongous Allocation)
[103.940s][info][gc,task     ] GC(298) Using 8 workers of 8 for evacuation
[103.941s][info][gc,phases   ] GC(298)   Pre Evacuate Collection Set: 0.1ms
[103.941s][info][gc,phases   ] GC(298)   Merge Heap Roots: 0.0ms
[103.941s][info][gc,phases   ] GC(298)   Evacuate Collection Set: 0.9ms
[103.941s][info][gc,phases   ] GC(298)   Post Evacuate Collection Set: 0.2ms
[103.941s][info][gc,phases   ] GC(298)   Other: 0.1ms
[103.941s][info][gc,heap     ] GC(298) Eden regions: 1->0(75)
[103.941s][info][gc,heap     ] GC(298) Survivor regions: 1->1(10)
[103.941s][info][gc,heap     ] GC(298) Old regions: 8->8
[103.941s][info][gc,heap     ] GC(298) Archive regions: 2->2
[103.941s][info][gc,heap     ] GC(298) Humongous regions: 96->0
[103.941s][info][gc,metaspace] GC(298) Metaspace: 29089K(29504K)->29089K(29504K) NonClass: 25530K(25728K)->25530K(25728K) Class: 3559K(3776K)->3559K(3776K)
[103.941s][info][gc          ] GC(298) Pause Young (Concurrent Start) (G1 Humongous Allocation) 210M->16M(254M) 1.633ms
[103.941s][info][gc,cpu      ] GC(298) User=0.00s Sys=0.00s Real=0.00s
[103.941s][info][gc          ] GC(299) Concurrent Undo Cycle
[103.942s][info][gc,marking  ] GC(299) Concurrent Cleanup for Next Mark
[103.942s][info][gc,marking  ] GC(299) Concurrent Cleanup for Next Mark 0.083ms
[103.942s][info][gc          ] GC(299) Concurrent Undo Cycle 0.185ms
[104.451s][info][gc,start    ] GC(300) Pause Young (Concurrent Start) (G1 Humongous Allocation)
[104.451s][info][gc,task     ] GC(300) Using 8 workers of 8 for evacuation
[104.453s][info][gc,phases   ] GC(300)   Pre Evacuate Collection Set: 0.2ms
[104.453s][info][gc,phases   ] GC(300)   Merge Heap Roots: 0.1ms
[104.453s][info][gc,phases   ] GC(300)   Evacuate Collection Set: 0.8ms
[104.453s][info][gc,phases   ] GC(300)   Post Evacuate Collection Set: 0.3ms
[104.453s][info][gc,phases   ] GC(300)   Other: 0.1ms
[104.453s][info][gc,heap     ] GC(300) Eden regions: 1->0(75)
[104.453s][info][gc,heap     ] GC(300) Survivor regions: 1->1(10)
[104.453s][info][gc,heap     ] GC(300) Old regions: 8->8
[104.453s][info][gc,heap     ] GC(300) Archive regions: 2->2
[104.453s][info][gc,heap     ] GC(300) Humongous regions: 96->0
[104.453s][info][gc,metaspace] GC(300) Metaspace: 29089K(29504K)->29089K(29504K) NonClass: 25530K(25728K)->25530K(25728K) Class: 3559K(3776K)->3559K(3776K)
[104.453s][info][gc          ] GC(300) Pause Young (Concurrent Start) (G1 Humongous Allocation) 210M->16M(254M) 1.833ms
[104.453s][info][gc          ] GC(301) Concurrent Undo Cycle
[104.453s][info][gc,cpu      ] GC(300) User=0.01s Sys=0.00s Real=0.01s
[104.453s][info][gc,marking  ] GC(301) Concurrent Cleanup for Next Mark
[104.453s][info][gc,marking  ] GC(301) Concurrent Cleanup for Next Mark 0.220ms
[104.453s][info][gc          ] GC(301) Concurrent Undo Cycle 0.297ms
[104.966s][info][gc,start    ] GC(302) Pause Young (Concurrent Start) (G1 Humongous Allocation)
[104.967s][info][gc,task     ] GC(302) Using 8 workers of 8 for evacuation
[104.970s][info][gc,phases   ] GC(302)   Pre Evacuate Collection Set: 1.7ms
[104.970s][info][gc,phases   ] GC(302)   Merge Heap Roots: 0.1ms
[104.970s][info][gc,phases   ] GC(302)   Evacuate Collection Set: 0.6ms
[104.970s][info][gc,phases   ] GC(302)   Post Evacuate Collection Set: 0.3ms
[104.970s][info][gc,phases   ] GC(302)   Other: 0.7ms
[104.970s][info][gc,heap     ] GC(302) Eden regions: 1->0(75)
[104.970s][info][gc,heap     ] GC(302) Survivor regions: 1->1(10)
[104.970s][info][gc,heap     ] GC(302) Old regions: 8->8
[104.970s][info][gc,heap     ] GC(302) Archive regions: 2->2
[104.970s][info][gc,heap     ] GC(302) Humongous regions: 96->0
[104.970s][info][gc,metaspace] GC(302) Metaspace: 29089K(29504K)->29089K(29504K) NonClass: 25530K(25728K)->25530K(25728K) Class: 3559K(3776K)->3559K(3776K)
[104.970s][info][gc          ] GC(302) Pause Young (Concurrent Start) (G1 Humongous Allocation) 210M->16M(254M) 3.949ms
[104.970s][info][gc          ] GC(303) Concurrent Undo Cycle
[104.970s][info][gc,cpu      ] GC(302) User=0.01s Sys=0.00s Real=0.00s
[104.970s][info][gc,marking  ] GC(303) Concurrent Cleanup for Next Mark
[104.971s][info][gc,marking  ] GC(303) Concurrent Cleanup for Next Mark 0.071ms
[104.971s][info][gc          ] GC(303) Concurrent Undo Cycle 0.147ms
[105.480s][info][gc,start    ] GC(304) Pause Young (Concurrent Start) (G1 Humongous Allocation)
[105.480s][info][gc,task     ] GC(304) Using 8 workers of 8 for evacuation
[105.483s][info][gc,phases   ] GC(304)   Pre Evacuate Collection Set: 0.4ms
[105.483s][info][gc,phases   ] GC(304)   Merge Heap Roots: 0.2ms
[105.483s][info][gc,phases   ] GC(304)   Evacuate Collection Set: 1.2ms
[105.483s][info][gc,phases   ] GC(304)   Post Evacuate Collection Set: 0.8ms
[105.483s][info][gc,phases   ] GC(304)   Other: 0.2ms
[105.483s][info][gc,heap     ] GC(304) Eden regions: 1->0(75)
[105.483s][info][gc,heap     ] GC(304) Survivor regions: 1->1(10)
[105.483s][info][gc,heap     ] GC(304) Old regions: 8->8
[105.483s][info][gc,heap     ] GC(304) Archive regions: 2->2
[105.483s][info][gc,heap     ] GC(304) Humongous regions: 96->0
[105.483s][info][gc,metaspace] GC(304) Metaspace: 29089K(29504K)->29089K(29504K) NonClass: 25530K(25728K)->25530K(25728K) Class: 3559K(3776K)->3559K(3776K)
[105.483s][info][gc          ] GC(304) Pause Young (Concurrent Start) (G1 Humongous Allocation) 210M->16M(254M) 3.471ms
[105.484s][info][gc,cpu      ] GC(304) User=0.00s Sys=0.01s Real=0.01s
[105.484s][info][gc          ] GC(305) Concurrent Undo Cycle
[105.484s][info][gc,marking  ] GC(305) Concurrent Cleanup for Next Mark
[105.484s][info][gc,marking  ] GC(305) Concurrent Cleanup for Next Mark 0.173ms
[105.484s][info][gc          ] GC(305) Concurrent Undo Cycle 0.371ms
[106.004s][info][gc,start    ] GC(306) Pause Young (Concurrent Start) (G1 Humongous Allocation)
[106.004s][info][gc,task     ] GC(306) Using 8 workers of 8 for evacuation
[106.005s][info][gc,phases   ] GC(306)   Pre Evacuate Collection Set: 0.2ms
[106.005s][info][gc,phases   ] GC(306)   Merge Heap Roots: 0.0ms
[106.005s][info][gc,phases   ] GC(306)   Evacuate Collection Set: 0.5ms
[106.006s][info][gc,phases   ] GC(306)   Post Evacuate Collection Set: 0.3ms
[106.006s][info][gc,phases   ] GC(306)   Other: 0.1ms
[106.006s][info][gc,heap     ] GC(306) Eden regions: 1->0(75)
[106.006s][info][gc,heap     ] GC(306) Survivor regions: 1->1(10)
[106.006s][info][gc,heap     ] GC(306) Old regions: 8->8
[106.006s][info][gc,heap     ] GC(306) Archive regions: 2->2
[106.006s][info][gc,heap     ] GC(306) Humongous regions: 96->0
[106.006s][info][gc,metaspace] GC(306) Metaspace: 29089K(29504K)->29089K(29504K) NonClass: 25530K(25728K)->25530K(25728K) Class: 3559K(3776K)->3559K(3776K)
[106.006s][info][gc          ] GC(306) Pause Young (Concurrent Start) (G1 Humongous Allocation) 210M->16M(254M) 1.413ms
[106.006s][info][gc          ] GC(307) Concurrent Undo Cycle
[106.006s][info][gc,cpu      ] GC(306) User=0.00s Sys=0.00s Real=0.00s
[106.006s][info][gc,marking  ] GC(307) Concurrent Cleanup for Next Mark
[106.006s][info][gc,marking  ] GC(307) Concurrent Cleanup for Next Mark 0.116ms
[106.006s][info][gc          ] GC(307) Concurrent Undo Cycle 0.201ms
[106.519s][info][gc,start    ] GC(308) Pause Young (Concurrent Start) (G1 Humongous Allocation)
[106.519s][info][gc,task     ] GC(308) Using 8 workers of 8 for evacuation
[106.521s][info][gc,phases   ] GC(308)   Pre Evacuate Collection Set: 0.3ms
[106.521s][info][gc,phases   ] GC(308)   Merge Heap Roots: 0.1ms
[106.521s][info][gc,phases   ] GC(308)   Evacuate Collection Set: 0.6ms
[106.521s][info][gc,phases   ] GC(308)   Post Evacuate Collection Set: 0.5ms
[106.521s][info][gc,phases   ] GC(308)   Other: 0.3ms
[106.521s][info][gc,heap     ] GC(308) Eden regions: 1->0(75)
[106.521s][info][gc,heap     ] GC(308) Survivor regions: 1->1(10)
[106.521s][info][gc,heap     ] GC(308) Old regions: 8->8
[106.521s][info][gc,heap     ] GC(308) Archive regions: 2->2
[106.521s][info][gc,heap     ] GC(308) Humongous regions: 96->0
[106.521s][info][gc,metaspace] GC(308) Metaspace: 29089K(29504K)->29089K(29504K) NonClass: 25530K(25728K)->25530K(25728K) Class: 3559K(3776K)->3559K(3776K)
[106.521s][info][gc          ] GC(308) Pause Young (Concurrent Start) (G1 Humongous Allocation) 210M->16M(254M) 2.334ms
[106.521s][info][gc,cpu      ] GC(308) User=0.00s Sys=0.00s Real=0.00s
[106.521s][info][gc          ] GC(309) Concurrent Undo Cycle
[106.521s][info][gc,marking  ] GC(309) Concurrent Cleanup for Next Mark
[106.521s][info][gc,marking  ] GC(309) Concurrent Cleanup for Next Mark 0.082ms
[106.521s][info][gc          ] GC(309) Concurrent Undo Cycle 0.210ms
[107.039s][info][gc,start    ] GC(310) Pause Young (Concurrent Start) (G1 Humongous Allocation)
[107.039s][info][gc,task     ] GC(310) Using 8 workers of 8 for evacuation
[107.041s][info][gc,phases   ] GC(310)   Pre Evacuate Collection Set: 0.3ms
[107.041s][info][gc,phases   ] GC(310)   Merge Heap Roots: 0.1ms
[107.041s][info][gc,phases   ] GC(310)   Evacuate Collection Set: 1.4ms
[107.042s][info][gc,phases   ] GC(310)   Post Evacuate Collection Set: 0.5ms
[107.042s][info][gc,phases   ] GC(310)   Other: 0.1ms
[107.042s][info][gc,heap     ] GC(310) Eden regions: 2->0(75)
[107.042s][info][gc,heap     ] GC(310) Survivor regions: 1->1(10)
[107.042s][info][gc,heap     ] GC(310) Old regions: 8->8
[107.042s][info][gc,heap     ] GC(310) Archive regions: 2->2
[107.042s][info][gc,heap     ] GC(310) Humongous regions: 96->0
[107.042s][info][gc,metaspace] GC(310) Metaspace: 29089K(29504K)->29089K(29504K) NonClass: 25530K(25728K)->25530K(25728K) Class: 3559K(3776K)->3559K(3776K)
[107.042s][info][gc          ] GC(310) Pause Young (Concurrent Start) (G1 Humongous Allocation) 210M->16M(254M) 2.875ms
[107.042s][info][gc,cpu      ] GC(310) User=0.01s Sys=0.00s Real=0.00s
[107.042s][info][gc          ] GC(311) Concurrent Undo Cycle
[107.042s][info][gc,marking  ] GC(311) Concurrent Cleanup for Next Mark
[107.042s][info][gc,marking  ] GC(311) Concurrent Cleanup for Next Mark 0.083ms
[107.042s][info][gc          ] GC(311) Concurrent Undo Cycle 0.186ms
[107.560s][info][gc,start    ] GC(312) Pause Young (Concurrent Start) (G1 Humongous Allocation)
[107.560s][info][gc,task     ] GC(312) Using 8 workers of 8 for evacuation
[107.561s][info][gc,phases   ] GC(312)   Pre Evacuate Collection Set: 0.3ms
[107.561s][info][gc,phases   ] GC(312)   Merge Heap Roots: 0.1ms
[107.561s][info][gc,phases   ] GC(312)   Evacuate Collection Set: 0.6ms
[107.561s][info][gc,phases   ] GC(312)   Post Evacuate Collection Set: 0.4ms
[107.561s][info][gc,phases   ] GC(312)   Other: 0.2ms
[107.562s][info][gc,heap     ] GC(312) Eden regions: 1->0(75)
[107.562s][info][gc,heap     ] GC(312) Survivor regions: 1->1(10)
[107.562s][info][gc,heap     ] GC(312) Old regions: 8->8
[107.562s][info][gc,heap     ] GC(312) Archive regions: 2->2
[107.562s][info][gc,heap     ] GC(312) Humongous regions: 96->0
[107.562s][info][gc,metaspace] GC(312) Metaspace: 29089K(29504K)->29089K(29504K) NonClass: 25530K(25728K)->25530K(25728K) Class: 3559K(3776K)->3559K(3776K)
[107.562s][info][gc          ] GC(312) Pause Young (Concurrent Start) (G1 Humongous Allocation) 210M->16M(254M) 1.847ms
[107.562s][info][gc,cpu      ] GC(312) User=0.00s Sys=0.00s Real=0.00s
[107.562s][info][gc          ] GC(313) Concurrent Undo Cycle
[107.562s][info][gc,marking  ] GC(313) Concurrent Cleanup for Next Mark
[107.562s][info][gc,marking  ] GC(313) Concurrent Cleanup for Next Mark 0.079ms
[107.562s][info][gc          ] GC(313) Concurrent Undo Cycle 0.174ms
[108.072s][info][gc,start    ] GC(314) Pause Young (Concurrent Start) (G1 Humongous Allocation)
[108.072s][info][gc,task     ] GC(314) Using 8 workers of 8 for evacuation
[108.074s][info][gc,phases   ] GC(314)   Pre Evacuate Collection Set: 0.3ms
[108.074s][info][gc,phases   ] GC(314)   Merge Heap Roots: 0.2ms
[108.074s][info][gc,phases   ] GC(314)   Evacuate Collection Set: 0.8ms
[108.074s][info][gc,phases   ] GC(314)   Post Evacuate Collection Set: 0.5ms
[108.074s][info][gc,phases   ] GC(314)   Other: 0.1ms
[108.074s][info][gc,heap     ] GC(314) Eden regions: 1->0(75)
[108.074s][info][gc,heap     ] GC(314) Survivor regions: 1->1(10)
[108.074s][info][gc,heap     ] GC(314) Old regions: 8->8
[108.074s][info][gc,heap     ] GC(314) Archive regions: 2->2
[108.074s][info][gc,heap     ] GC(314) Humongous regions: 96->0
[108.074s][info][gc,metaspace] GC(314) Metaspace: 29089K(29504K)->29089K(29504K) NonClass: 25530K(25728K)->25530K(25728K) Class: 3559K(3776K)->3559K(3776K)
[108.074s][info][gc          ] GC(314) Pause Young (Concurrent Start) (G1 Humongous Allocation) 210M->16M(254M) 2.458ms
[108.074s][info][gc,cpu      ] GC(314) User=0.01s Sys=0.00s Real=0.01s
[108.074s][info][gc          ] GC(315) Concurrent Undo Cycle
[108.074s][info][gc,marking  ] GC(315) Concurrent Cleanup for Next Mark
[108.075s][info][gc,marking  ] GC(315) Concurrent Cleanup for Next Mark 0.194ms
[108.075s][info][gc          ] GC(315) Concurrent Undo Cycle 0.448ms
[108.592s][info][gc,start    ] GC(316) Pause Young (Concurrent Start) (G1 Humongous Allocation)
[108.593s][info][gc,task     ] GC(316) Using 8 workers of 8 for evacuation
[108.595s][info][gc,phases   ] GC(316)   Pre Evacuate Collection Set: 0.2ms
[108.595s][info][gc,phases   ] GC(316)   Merge Heap Roots: 0.1ms
[108.595s][info][gc,phases   ] GC(316)   Evacuate Collection Set: 0.7ms
[108.595s][info][gc,phases   ] GC(316)   Post Evacuate Collection Set: 0.4ms
[108.595s][info][gc,phases   ] GC(316)   Other: 0.1ms
[108.595s][info][gc,heap     ] GC(316) Eden regions: 1->0(75)
[108.595s][info][gc,heap     ] GC(316) Survivor regions: 1->1(10)
[108.595s][info][gc,heap     ] GC(316) Old regions: 8->8
[108.595s][info][gc,heap     ] GC(316) Archive regions: 2->2
[108.595s][info][gc,heap     ] GC(316) Humongous regions: 96->0
[108.595s][info][gc,metaspace] GC(316) Metaspace: 29089K(29504K)->29089K(29504K) NonClass: 25530K(25728K)->25530K(25728K) Class: 3559K(3776K)->3559K(3776K)
[108.595s][info][gc          ] GC(316) Pause Young (Concurrent Start) (G1 Humongous Allocation) 210M->16M(254M) 2.822ms
[108.595s][info][gc          ] GC(317) Concurrent Undo Cycle
[108.595s][info][gc,cpu      ] GC(316) User=0.01s Sys=0.00s Real=0.00s
[108.595s][info][gc,marking  ] GC(317) Concurrent Cleanup for Next Mark
[108.595s][info][gc,marking  ] GC(317) Concurrent Cleanup for Next Mark 0.115ms
[108.595s][info][gc          ] GC(317) Concurrent Undo Cycle 0.213ms
[109.110s][info][gc,start    ] GC(318) Pause Young (Concurrent Start) (G1 Humongous Allocation)
[109.110s][info][gc,task     ] GC(318) Using 8 workers of 8 for evacuation
[109.111s][info][gc,phases   ] GC(318)   Pre Evacuate Collection Set: 0.1ms
[109.111s][info][gc,phases   ] GC(318)   Merge Heap Roots: 0.0ms
[109.111s][info][gc,phases   ] GC(318)   Evacuate Collection Set: 0.5ms
[109.111s][info][gc,phases   ] GC(318)   Post Evacuate Collection Set: 0.4ms
[109.111s][info][gc,phases   ] GC(318)   Other: 0.1ms
[109.111s][info][gc,heap     ] GC(318) Eden regions: 1->0(75)
[109.111s][info][gc,heap     ] GC(318) Survivor regions: 1->1(10)
[109.111s][info][gc,heap     ] GC(318) Old regions: 8->8
[109.111s][info][gc,heap     ] GC(318) Archive regions: 2->2
[109.111s][info][gc,heap     ] GC(318) Humongous regions: 96->0
[109.111s][info][gc,metaspace] GC(318) Metaspace: 29089K(29504K)->29089K(29504K) NonClass: 25530K(25728K)->25530K(25728K) Class: 3559K(3776K)->3559K(3776K)
[109.111s][info][gc          ] GC(318) Pause Young (Concurrent Start) (G1 Humongous Allocation) 210M->16M(254M) 1.388ms
[109.112s][info][gc,cpu      ] GC(318) User=0.00s Sys=0.00s Real=0.00s
[109.112s][info][gc          ] GC(319) Concurrent Undo Cycle
[109.112s][info][gc,marking  ] GC(319) Concurrent Cleanup for Next Mark
[109.112s][info][gc,marking  ] GC(319) Concurrent Cleanup for Next Mark 0.069ms
[109.112s][info][gc          ] GC(319) Concurrent Undo Cycle 0.143ms
[109.621s][info][gc,start    ] GC(320) Pause Young (Concurrent Start) (G1 Humongous Allocation)
[109.621s][info][gc,task     ] GC(320) Using 8 workers of 8 for evacuation
[109.622s][info][gc,phases   ] GC(320)   Pre Evacuate Collection Set: 0.2ms
[109.622s][info][gc,phases   ] GC(320)   Merge Heap Roots: 0.0ms
[109.622s][info][gc,phases   ] GC(320)   Evacuate Collection Set: 0.7ms
[109.622s][info][gc,phases   ] GC(320)   Post Evacuate Collection Set: 0.3ms
[109.622s][info][gc,phases   ] GC(320)   Other: 0.1ms
[109.622s][info][gc,heap     ] GC(320) Eden regions: 1->0(75)
[109.622s][info][gc,heap     ] GC(320) Survivor regions: 1->1(10)
[109.622s][info][gc,heap     ] GC(320) Old regions: 8->8
[109.622s][info][gc,heap     ] GC(320) Archive regions: 2->2
[109.622s][info][gc,heap     ] GC(320) Humongous regions: 96->0
[109.622s][info][gc,metaspace] GC(320) Metaspace: 29089K(29504K)->29089K(29504K) NonClass: 25530K(25728K)->25530K(25728K) Class: 3559K(3776K)->3559K(3776K)
[109.622s][info][gc          ] GC(320) Pause Young (Concurrent Start) (G1 Humongous Allocation) 210M->16M(254M) 1.584ms
[109.622s][info][gc,cpu      ] GC(320) User=0.00s Sys=0.01s Real=0.00s
[109.622s][info][gc          ] GC(321) Concurrent Undo Cycle
[109.622s][info][gc,marking  ] GC(321) Concurrent Cleanup for Next Mark
[109.622s][info][gc,marking  ] GC(321) Concurrent Cleanup for Next Mark 0.093ms
[109.623s][info][gc          ] GC(321) Concurrent Undo Cycle 0.256ms
[110.134s][info][gc,start    ] GC(322) Pause Young (Concurrent Start) (G1 Humongous Allocation)
[110.134s][info][gc,task     ] GC(322) Using 8 workers of 8 for evacuation
[110.137s][info][gc,phases   ] GC(322)   Pre Evacuate Collection Set: 0.4ms
[110.137s][info][gc,phases   ] GC(322)   Merge Heap Roots: 0.2ms
[110.137s][info][gc,phases   ] GC(322)   Evacuate Collection Set: 1.3ms
[110.137s][info][gc,phases   ] GC(322)   Post Evacuate Collection Set: 0.9ms
[110.137s][info][gc,phases   ] GC(322)   Other: 0.2ms
[110.137s][info][gc,heap     ] GC(322) Eden regions: 1->0(75)
[110.137s][info][gc,heap     ] GC(322) Survivor regions: 1->1(10)
[110.138s][info][gc,heap     ] GC(322) Old regions: 8->8
[110.138s][info][gc,heap     ] GC(322) Archive regions: 2->2
[110.138s][info][gc,heap     ] GC(322) Humongous regions: 96->0
[110.138s][info][gc,metaspace] GC(322) Metaspace: 29089K(29504K)->29089K(29504K) NonClass: 25530K(25728K)->25530K(25728K) Class: 3559K(3776K)->3559K(3776K)
[110.138s][info][gc          ] GC(322) Pause Young (Concurrent Start) (G1 Humongous Allocation) 210M->16M(254M) 3.751ms
[110.138s][info][gc,cpu      ] GC(322) User=0.01s Sys=0.00s Real=0.00s
[110.138s][info][gc          ] GC(323) Concurrent Undo Cycle
[110.138s][info][gc,marking  ] GC(323) Concurrent Cleanup for Next Mark
[110.139s][info][gc,marking  ] GC(323) Concurrent Cleanup for Next Mark 0.284ms
[110.139s][info][gc          ] GC(323) Concurrent Undo Cycle 0.655ms
[110.657s][info][gc,start    ] GC(324) Pause Young (Concurrent Start) (G1 Humongous Allocation)
[110.658s][info][gc,task     ] GC(324) Using 8 workers of 8 for evacuation
[110.660s][info][gc,phases   ] GC(324)   Pre Evacuate Collection Set: 0.4ms
[110.660s][info][gc,phases   ] GC(324)   Merge Heap Roots: 0.2ms
[110.660s][info][gc,phases   ] GC(324)   Evacuate Collection Set: 1.2ms
[110.660s][info][gc,phases   ] GC(324)   Post Evacuate Collection Set: 0.7ms
[110.660s][info][gc,phases   ] GC(324)   Other: 0.2ms
[110.660s][info][gc,heap     ] GC(324) Eden regions: 2->0(75)
[110.660s][info][gc,heap     ] GC(324) Survivor regions: 1->1(10)
[110.660s][info][gc,heap     ] GC(324) Old regions: 8->8
[110.661s][info][gc,heap     ] GC(324) Archive regions: 2->2
[110.661s][info][gc,heap     ] GC(324) Humongous regions: 96->0
[110.661s][info][gc,metaspace] GC(324) Metaspace: 29089K(29504K)->29089K(29504K) NonClass: 25530K(25728K)->25530K(25728K) Class: 3559K(3776K)->3559K(3776K)
[110.661s][info][gc          ] GC(324) Pause Young (Concurrent Start) (G1 Humongous Allocation) 210M->16M(254M) 3.153ms
[110.661s][info][gc,cpu      ] GC(324) User=0.00s Sys=0.00s Real=0.00s
[110.661s][info][gc          ] GC(325) Concurrent Undo Cycle
[110.661s][info][gc,marking  ] GC(325) Concurrent Cleanup for Next Mark
[110.661s][info][gc,marking  ] GC(325) Concurrent Cleanup for Next Mark 0.146ms
[110.661s][info][gc          ] GC(325) Concurrent Undo Cycle 0.329ms
[111.177s][info][gc,start    ] GC(326) Pause Young (Concurrent Start) (G1 Humongous Allocation)
[111.177s][info][gc,task     ] GC(326) Using 8 workers of 8 for evacuation
[111.178s][info][gc,phases   ] GC(326)   Pre Evacuate Collection Set: 0.2ms
[111.178s][info][gc,phases   ] GC(326)   Merge Heap Roots: 0.1ms
[111.178s][info][gc,phases   ] GC(326)   Evacuate Collection Set: 0.6ms
[111.178s][info][gc,phases   ] GC(326)   Post Evacuate Collection Set: 0.4ms
[111.178s][info][gc,phases   ] GC(326)   Other: 0.0ms
[111.178s][info][gc,heap     ] GC(326) Eden regions: 1->0(75)
[111.178s][info][gc,heap     ] GC(326) Survivor regions: 1->1(10)
[111.178s][info][gc,heap     ] GC(326) Old regions: 8->8
[111.178s][info][gc,heap     ] GC(326) Archive regions: 2->2
[111.178s][info][gc,heap     ] GC(326) Humongous regions: 96->0
[111.178s][info][gc,metaspace] GC(326) Metaspace: 29089K(29504K)->29089K(29504K) NonClass: 25530K(25728K)->25530K(25728K) Class: 3559K(3776K)->3559K(3776K)
[111.178s][info][gc          ] GC(326) Pause Young (Concurrent Start) (G1 Humongous Allocation) 209M->16M(254M) 1.572ms
[111.178s][info][gc,cpu      ] GC(326) User=0.00s Sys=0.01s Real=0.00s
[111.178s][info][gc          ] GC(327) Concurrent Undo Cycle
[111.179s][info][gc,marking  ] GC(327) Concurrent Cleanup for Next Mark
[111.179s][info][gc,marking  ] GC(327) Concurrent Cleanup for Next Mark 0.074ms
[111.179s][info][gc          ] GC(327) Concurrent Undo Cycle 0.149ms
[111.689s][info][gc,start    ] GC(328) Pause Young (Concurrent Start) (G1 Humongous Allocation)
[111.689s][info][gc,task     ] GC(328) Using 8 workers of 8 for evacuation
[111.692s][info][gc,phases   ] GC(328)   Pre Evacuate Collection Set: 0.4ms
[111.693s][info][gc,phases   ] GC(328)   Merge Heap Roots: 0.2ms
[111.693s][info][gc,phases   ] GC(328)   Evacuate Collection Set: 1.2ms
[111.693s][info][gc,phases   ] GC(328)   Post Evacuate Collection Set: 0.8ms
[111.693s][info][gc,phases   ] GC(328)   Other: 0.4ms
[111.693s][info][gc,heap     ] GC(328) Eden regions: 2->0(75)
[111.693s][info][gc,heap     ] GC(328) Survivor regions: 1->1(10)
[111.693s][info][gc,heap     ] GC(328) Old regions: 8->8
[111.693s][info][gc,heap     ] GC(328) Archive regions: 2->2
[111.693s][info][gc,heap     ] GC(328) Humongous regions: 96->0
[111.693s][info][gc,metaspace] GC(328) Metaspace: 29089K(29504K)->29089K(29504K) NonClass: 25530K(25728K)->25530K(25728K) Class: 3559K(3776K)->3559K(3776K)
[111.694s][info][gc          ] GC(328) Pause Young (Concurrent Start) (G1 Humongous Allocation) 210M->16M(254M) 4.255ms
[111.694s][info][gc          ] GC(329) Concurrent Undo Cycle
[111.694s][info][gc,cpu      ] GC(328) User=0.00s Sys=0.00s Real=0.01s
[111.694s][info][gc,marking  ] GC(329) Concurrent Cleanup for Next Mark
[111.694s][info][gc,marking  ] GC(329) Concurrent Cleanup for Next Mark 0.284ms
[111.694s][info][gc          ] GC(329) Concurrent Undo Cycle 0.423ms
[112.213s][info][gc,start    ] GC(330) Pause Young (Concurrent Start) (G1 Humongous Allocation)
[112.213s][info][gc,task     ] GC(330) Using 8 workers of 8 for evacuation
[112.216s][info][gc,phases   ] GC(330)   Pre Evacuate Collection Set: 0.4ms
[112.216s][info][gc,phases   ] GC(330)   Merge Heap Roots: 0.2ms
[112.216s][info][gc,phases   ] GC(330)   Evacuate Collection Set: 1.2ms
[112.216s][info][gc,phases   ] GC(330)   Post Evacuate Collection Set: 0.8ms
[112.216s][info][gc,phases   ] GC(330)   Other: 0.2ms
[112.216s][info][gc,heap     ] GC(330) Eden regions: 1->0(75)
[112.216s][info][gc,heap     ] GC(330) Survivor regions: 1->1(10)
[112.216s][info][gc,heap     ] GC(330) Old regions: 8->8
[112.217s][info][gc,heap     ] GC(330) Archive regions: 2->2
[112.217s][info][gc,heap     ] GC(330) Humongous regions: 96->0
[112.217s][info][gc,metaspace] GC(330) Metaspace: 29089K(29504K)->29089K(29504K) NonClass: 25530K(25728K)->25530K(25728K) Class: 3559K(3776K)->3559K(3776K)
[112.217s][info][gc          ] GC(330) Pause Young (Concurrent Start) (G1 Humongous Allocation) 209M->16M(254M) 3.546ms
[112.217s][info][gc,cpu      ] GC(330) User=0.01s Sys=0.00s Real=0.00s
[112.217s][info][gc          ] GC(331) Concurrent Undo Cycle
[112.217s][info][gc,marking  ] GC(331) Concurrent Cleanup for Next Mark
[112.217s][info][gc,marking  ] GC(331) Concurrent Cleanup for Next Mark 0.267ms
[112.218s][info][gc          ] GC(331) Concurrent Undo Cycle 0.715ms
[112.738s][info][gc,start    ] GC(332) Pause Young (Concurrent Start) (G1 Humongous Allocation)
[112.739s][info][gc,task     ] GC(332) Using 8 workers of 8 for evacuation
[112.742s][info][gc,phases   ] GC(332)   Pre Evacuate Collection Set: 0.5ms
[112.742s][info][gc,phases   ] GC(332)   Merge Heap Roots: 0.2ms
[112.742s][info][gc,phases   ] GC(332)   Evacuate Collection Set: 1.4ms
[112.742s][info][gc,phases   ] GC(332)   Post Evacuate Collection Set: 0.6ms
[112.742s][info][gc,phases   ] GC(332)   Other: 0.2ms
[112.742s][info][gc,heap     ] GC(332) Eden regions: 2->0(75)
[112.742s][info][gc,heap     ] GC(332) Survivor regions: 1->1(10)
[112.742s][info][gc,heap     ] GC(332) Old regions: 8->8
[112.742s][info][gc,heap     ] GC(332) Archive regions: 2->2
[112.742s][info][gc,heap     ] GC(332) Humongous regions: 96->0
[112.742s][info][gc,metaspace] GC(332) Metaspace: 29089K(29504K)->29089K(29504K) NonClass: 25530K(25728K)->25530K(25728K) Class: 3559K(3776K)->3559K(3776K)
[112.742s][info][gc          ] GC(332) Pause Young (Concurrent Start) (G1 Humongous Allocation) 210M->16M(254M) 3.537ms
[112.742s][info][gc,cpu      ] GC(332) User=0.00s Sys=0.00s Real=0.00s
[112.742s][info][gc          ] GC(333) Concurrent Undo Cycle
[112.742s][info][gc,marking  ] GC(333) Concurrent Cleanup for Next Mark
[112.743s][info][gc,marking  ] GC(333) Concurrent Cleanup for Next Mark 0.343ms
[112.743s][info][gc          ] GC(333) Concurrent Undo Cycle 0.614ms
[113.260s][info][gc,start    ] GC(334) Pause Young (Concurrent Start) (G1 Humongous Allocation)
[113.260s][info][gc,task     ] GC(334) Using 8 workers of 8 for evacuation
[113.263s][info][gc,phases   ] GC(334)   Pre Evacuate Collection Set: 0.5ms
[113.263s][info][gc,phases   ] GC(334)   Merge Heap Roots: 0.6ms
[113.263s][info][gc,phases   ] GC(334)   Evacuate Collection Set: 1.3ms
[113.263s][info][gc,phases   ] GC(334)   Post Evacuate Collection Set: 0.5ms
[113.263s][info][gc,phases   ] GC(334)   Other: 0.2ms
[113.263s][info][gc,heap     ] GC(334) Eden regions: 1->0(75)
[113.264s][info][gc,heap     ] GC(334) Survivor regions: 1->1(10)
[113.264s][info][gc,heap     ] GC(334) Old regions: 8->8
[113.264s][info][gc,heap     ] GC(334) Archive regions: 2->2
[113.264s][info][gc,heap     ] GC(334) Humongous regions: 96->0
[113.264s][info][gc,metaspace] GC(334) Metaspace: 29089K(29504K)->29089K(29504K) NonClass: 25530K(25728K)->25530K(25728K) Class: 3559K(3776K)->3559K(3776K)
[113.264s][info][gc          ] GC(334) Pause Young (Concurrent Start) (G1 Humongous Allocation) 209M->16M(254M) 3.672ms
[113.264s][info][gc,cpu      ] GC(334) User=0.00s Sys=0.00s Real=0.01s
[113.264s][info][gc          ] GC(335) Concurrent Undo Cycle
[113.264s][info][gc,marking  ] GC(335) Concurrent Cleanup for Next Mark
[113.264s][info][gc,marking  ] GC(335) Concurrent Cleanup for Next Mark 0.126ms
[113.264s][info][gc          ] GC(335) Concurrent Undo Cycle 0.309ms
[113.781s][info][gc,start    ] GC(336) Pause Young (Concurrent Start) (G1 Humongous Allocation)
[113.782s][info][gc,task     ] GC(336) Using 8 workers of 8 for evacuation
[113.784s][info][gc,phases   ] GC(336)   Pre Evacuate Collection Set: 0.4ms
[113.785s][info][gc,phases   ] GC(336)   Merge Heap Roots: 0.2ms
[113.785s][info][gc,phases   ] GC(336)   Evacuate Collection Set: 1.2ms
[113.785s][info][gc,phases   ] GC(336)   Post Evacuate Collection Set: 0.8ms
[113.785s][info][gc,phases   ] GC(336)   Other: 0.2ms
[113.785s][info][gc,heap     ] GC(336) Eden regions: 2->0(75)
[113.785s][info][gc,heap     ] GC(336) Survivor regions: 1->1(10)
[113.785s][info][gc,heap     ] GC(336) Old regions: 8->8
[113.785s][info][gc,heap     ] GC(336) Archive regions: 2->2
[113.785s][info][gc,heap     ] GC(336) Humongous regions: 96->0
[113.785s][info][gc,metaspace] GC(336) Metaspace: 29089K(29504K)->29089K(29504K) NonClass: 25530K(25728K)->25530K(25728K) Class: 3559K(3776K)->3559K(3776K)
[113.785s][info][gc          ] GC(336) Pause Young (Concurrent Start) (G1 Humongous Allocation) 210M->16M(254M) 3.520ms
[113.785s][info][gc,cpu      ] GC(336) User=0.00s Sys=0.01s Real=0.01s
[113.785s][info][gc          ] GC(337) Concurrent Undo Cycle
[113.785s][info][gc,marking  ] GC(337) Concurrent Cleanup for Next Mark
[113.786s][info][gc,marking  ] GC(337) Concurrent Cleanup for Next Mark 0.261ms
[113.786s][info][gc          ] GC(337) Concurrent Undo Cycle 0.548ms
[114.305s][info][gc,start    ] GC(338) Pause Young (Concurrent Start) (G1 Humongous Allocation)
[114.305s][info][gc,task     ] GC(338) Using 8 workers of 8 for evacuation
[114.308s][info][gc,phases   ] GC(338)   Pre Evacuate Collection Set: 0.5ms
[114.308s][info][gc,phases   ] GC(338)   Merge Heap Roots: 0.1ms
[114.308s][info][gc,phases   ] GC(338)   Evacuate Collection Set: 1.4ms
[114.308s][info][gc,phases   ] GC(338)   Post Evacuate Collection Set: 0.7ms
[114.308s][info][gc,phases   ] GC(338)   Other: 0.2ms
[114.308s][info][gc,heap     ] GC(338) Eden regions: 1->0(75)
[114.308s][info][gc,heap     ] GC(338) Survivor regions: 1->1(10)
[114.309s][info][gc,heap     ] GC(338) Old regions: 8->8
[114.309s][info][gc,heap     ] GC(338) Archive regions: 2->2
[114.309s][info][gc,heap     ] GC(338) Humongous regions: 96->0
[114.309s][info][gc,metaspace] GC(338) Metaspace: 29089K(29504K)->29089K(29504K) NonClass: 25530K(25728K)->25530K(25728K) Class: 3559K(3776K)->3559K(3776K)
[114.309s][info][gc          ] GC(338) Pause Young (Concurrent Start) (G1 Humongous Allocation) 209M->16M(254M) 3.475ms
[114.309s][info][gc          ] GC(339) Concurrent Undo Cycle
[114.309s][info][gc,cpu      ] GC(338) User=0.01s Sys=0.00s Real=0.00s
[114.309s][info][gc,marking  ] GC(339) Concurrent Cleanup for Next Mark
[114.309s][info][gc,marking  ] GC(339) Concurrent Cleanup for Next Mark 0.250ms
[114.309s][info][gc          ] GC(339) Concurrent Undo Cycle 0.388ms
[114.826s][info][gc,start    ] GC(340) Pause Young (Concurrent Start) (G1 Humongous Allocation)
[114.846s][info][gc,task     ] GC(340) Using 8 workers of 8 for evacuation
[114.848s][info][gc,phases   ] GC(340)   Pre Evacuate Collection Set: 0.3ms
[114.848s][info][gc,phases   ] GC(340)   Merge Heap Roots: 0.1ms
[114.848s][info][gc,phases   ] GC(340)   Evacuate Collection Set: 0.9ms
[114.848s][info][gc,phases   ] GC(340)   Post Evacuate Collection Set: 0.5ms
[114.848s][info][gc,phases   ] GC(340)   Other: 0.2ms
[114.849s][info][gc,heap     ] GC(340) Eden regions: 2->0(75)
[114.849s][info][gc,heap     ] GC(340) Survivor regions: 1->1(10)
[114.849s][info][gc,heap     ] GC(340) Old regions: 8->8
[114.849s][info][gc,heap     ] GC(340) Archive regions: 2->2
[114.849s][info][gc,heap     ] GC(340) Humongous regions: 96->0
[114.849s][info][gc,metaspace] GC(340) Metaspace: 29089K(29504K)->29089K(29504K) NonClass: 25530K(25728K)->25530K(25728K) Class: 3559K(3776K)->3559K(3776K)
[114.849s][info][gc          ] GC(340) Pause Young (Concurrent Start) (G1 Humongous Allocation) 210M->16M(254M) 22.638ms
[114.849s][info][gc,cpu      ] GC(340) User=0.01s Sys=0.00s Real=0.02s
[114.849s][info][gc          ] GC(341) Concurrent Undo Cycle
[114.849s][info][gc,marking  ] GC(341) Concurrent Cleanup for Next Mark
[114.849s][info][gc,marking  ] GC(341) Concurrent Cleanup for Next Mark 0.141ms
[114.849s][info][gc          ] GC(341) Concurrent Undo Cycle 0.322ms
[115.365s][info][gc,start    ] GC(342) Pause Young (Concurrent Start) (G1 Humongous Allocation)
[115.365s][info][gc,task     ] GC(342) Using 8 workers of 8 for evacuation
[115.366s][info][gc,phases   ] GC(342)   Pre Evacuate Collection Set: 0.1ms
[115.366s][info][gc,phases   ] GC(342)   Merge Heap Roots: 0.0ms
[115.366s][info][gc,phases   ] GC(342)   Evacuate Collection Set: 0.5ms
[115.366s][info][gc,phases   ] GC(342)   Post Evacuate Collection Set: 0.2ms
[115.366s][info][gc,phases   ] GC(342)   Other: 0.0ms
[115.366s][info][gc,heap     ] GC(342) Eden regions: 1->0(75)
[115.366s][info][gc,heap     ] GC(342) Survivor regions: 1->1(10)
[115.366s][info][gc,heap     ] GC(342) Old regions: 8->8
[115.366s][info][gc,heap     ] GC(342) Archive regions: 2->2
[115.366s][info][gc,heap     ] GC(342) Humongous regions: 96->0
[115.366s][info][gc,metaspace] GC(342) Metaspace: 29089K(29504K)->29089K(29504K) NonClass: 25530K(25728K)->25530K(25728K) Class: 3559K(3776K)->3559K(3776K)
[115.366s][info][gc          ] GC(342) Pause Young (Concurrent Start) (G1 Humongous Allocation) 210M->16M(254M) 1.144ms
[115.366s][info][gc,cpu      ] GC(342) User=0.00s Sys=0.00s Real=0.00s
[115.366s][info][gc          ] GC(343) Concurrent Undo Cycle
[115.366s][info][gc,marking  ] GC(343) Concurrent Cleanup for Next Mark
[115.366s][info][gc,marking  ] GC(343) Concurrent Cleanup for Next Mark 0.069ms
[115.366s][info][gc          ] GC(343) Concurrent Undo Cycle 0.129ms
[115.876s][info][gc,start    ] GC(344) Pause Young (Concurrent Start) (G1 Humongous Allocation)
[115.876s][info][gc,task     ] GC(344) Using 8 workers of 8 for evacuation
[115.877s][info][gc,phases   ] GC(344)   Pre Evacuate Collection Set: 0.2ms
[115.877s][info][gc,phases   ] GC(344)   Merge Heap Roots: 0.0ms
[115.877s][info][gc,phases   ] GC(344)   Evacuate Collection Set: 0.5ms
[115.877s][info][gc,phases   ] GC(344)   Post Evacuate Collection Set: 0.3ms
[115.877s][info][gc,phases   ] GC(344)   Other: 0.1ms
[115.877s][info][gc,heap     ] GC(344) Eden regions: 1->0(75)
[115.877s][info][gc,heap     ] GC(344) Survivor regions: 1->1(10)
[115.878s][info][gc,heap     ] GC(344) Old regions: 8->8
[115.878s][info][gc,heap     ] GC(344) Archive regions: 2->2
[115.878s][info][gc,heap     ] GC(344) Humongous regions: 96->0
[115.878s][info][gc,metaspace] GC(344) Metaspace: 29089K(29504K)->29089K(29504K) NonClass: 25530K(25728K)->25530K(25728K) Class: 3559K(3776K)->3559K(3776K)
[115.878s][info][gc          ] GC(344) Pause Young (Concurrent Start) (G1 Humongous Allocation) 210M->16M(254M) 1.353ms
[115.878s][info][gc          ] GC(345) Concurrent Undo Cycle
[115.878s][info][gc,cpu      ] GC(344) User=0.00s Sys=0.00s Real=0.00s
[115.878s][info][gc,marking  ] GC(345) Concurrent Cleanup for Next Mark
[115.878s][info][gc,marking  ] GC(345) Concurrent Cleanup for Next Mark 0.065ms
[115.878s][info][gc          ] GC(345) Concurrent Undo Cycle 0.135ms
[116.389s][info][gc,start    ] GC(346) Pause Young (Concurrent Start) (G1 Humongous Allocation)
[116.389s][info][gc,task     ] GC(346) Using 8 workers of 8 for evacuation
[116.392s][info][gc,phases   ] GC(346)   Pre Evacuate Collection Set: 0.5ms
[116.392s][info][gc,phases   ] GC(346)   Merge Heap Roots: 0.2ms
[116.392s][info][gc,phases   ] GC(346)   Evacuate Collection Set: 1.3ms
[116.392s][info][gc,phases   ] GC(346)   Post Evacuate Collection Set: 0.5ms
[116.392s][info][gc,phases   ] GC(346)   Other: 0.2ms
[116.392s][info][gc,heap     ] GC(346) Eden regions: 1->0(75)
[116.392s][info][gc,heap     ] GC(346) Survivor regions: 1->1(10)
[116.392s][info][gc,heap     ] GC(346) Old regions: 8->8
[116.392s][info][gc,heap     ] GC(346) Archive regions: 2->2
[116.392s][info][gc,heap     ] GC(346) Humongous regions: 96->0
[116.392s][info][gc,metaspace] GC(346) Metaspace: 29089K(29504K)->29089K(29504K) NonClass: 25530K(25728K)->25530K(25728K) Class: 3559K(3776K)->3559K(3776K)
[116.392s][info][gc          ] GC(346) Pause Young (Concurrent Start) (G1 Humongous Allocation) 210M->16M(254M) 3.214ms
[116.392s][info][gc,cpu      ] GC(346) User=0.00s Sys=0.00s Real=0.00s
[116.392s][info][gc          ] GC(347) Concurrent Undo Cycle
[116.392s][info][gc,marking  ] GC(347) Concurrent Cleanup for Next Mark
[116.392s][info][gc,marking  ] GC(347) Concurrent Cleanup for Next Mark 0.136ms
[116.392s][info][gc          ] GC(347) Concurrent Undo Cycle 0.331ms
[116.911s][info][gc,start    ] GC(348) Pause Young (Concurrent Start) (G1 Humongous Allocation)
[116.911s][info][gc,task     ] GC(348) Using 8 workers of 8 for evacuation
[116.913s][info][gc,phases   ] GC(348)   Pre Evacuate Collection Set: 0.4ms
[116.913s][info][gc,phases   ] GC(348)   Merge Heap Roots: 0.2ms
[116.913s][info][gc,phases   ] GC(348)   Evacuate Collection Set: 1.2ms
[116.913s][info][gc,phases   ] GC(348)   Post Evacuate Collection Set: 0.6ms
[116.913s][info][gc,phases   ] GC(348)   Other: 0.3ms
[116.914s][info][gc,heap     ] GC(348) Eden regions: 2->0(75)
[116.914s][info][gc,heap     ] GC(348) Survivor regions: 1->1(10)
[116.914s][info][gc,heap     ] GC(348) Old regions: 8->8
[116.914s][info][gc,heap     ] GC(348) Archive regions: 2->2
[116.914s][info][gc,heap     ] GC(348) Humongous regions: 96->0
[116.914s][info][gc,metaspace] GC(348) Metaspace: 29089K(29504K)->29089K(29504K) NonClass: 25530K(25728K)->25530K(25728K) Class: 3559K(3776K)->3559K(3776K)
[116.914s][info][gc          ] GC(348) Pause Young (Concurrent Start) (G1 Humongous Allocation) 210M->16M(254M) 3.168ms
[116.914s][info][gc,cpu      ] GC(348) User=0.01s Sys=0.01s Real=0.01s
[116.914s][info][gc          ] GC(349) Concurrent Undo Cycle
[116.914s][info][gc,marking  ] GC(349) Concurrent Cleanup for Next Mark
[116.914s][info][gc,marking  ] GC(349) Concurrent Cleanup for Next Mark 0.120ms
[116.914s][info][gc          ] GC(349) Concurrent Undo Cycle 0.252ms
[117.434s][info][gc,start    ] GC(350) Pause Young (Concurrent Start) (G1 Humongous Allocation)
[117.435s][info][gc,task     ] GC(350) Using 8 workers of 8 for evacuation
[117.437s][info][gc,phases   ] GC(350)   Pre Evacuate Collection Set: 0.4ms
[117.438s][info][gc,phases   ] GC(350)   Merge Heap Roots: 0.2ms
[117.438s][info][gc,phases   ] GC(350)   Evacuate Collection Set: 1.2ms
[117.438s][info][gc,phases   ] GC(350)   Post Evacuate Collection Set: 0.8ms
[117.438s][info][gc,phases   ] GC(350)   Other: 0.2ms
[117.438s][info][gc,heap     ] GC(350) Eden regions: 1->0(75)
[117.438s][info][gc,heap     ] GC(350) Survivor regions: 1->1(10)
[117.438s][info][gc,heap     ] GC(350) Old regions: 8->8
[117.438s][info][gc,heap     ] GC(350) Archive regions: 2->2
[117.438s][info][gc,heap     ] GC(350) Humongous regions: 96->0
[117.438s][info][gc,metaspace] GC(350) Metaspace: 29089K(29504K)->29089K(29504K) NonClass: 25530K(25728K)->25530K(25728K) Class: 3559K(3776K)->3559K(3776K)
[117.438s][info][gc          ] GC(350) Pause Young (Concurrent Start) (G1 Humongous Allocation) 210M->16M(254M) 3.497ms
[117.438s][info][gc,cpu      ] GC(350) User=0.01s Sys=0.00s Real=0.00s
[117.438s][info][gc          ] GC(351) Concurrent Undo Cycle
[117.438s][info][gc,marking  ] GC(351) Concurrent Cleanup for Next Mark
[117.438s][info][gc,marking  ] GC(351) Concurrent Cleanup for Next Mark 0.227ms
[117.439s][info][gc          ] GC(351) Concurrent Undo Cycle 0.521ms
[117.959s][info][gc,start    ] GC(352) Pause Young (Concurrent Start) (G1 Humongous Allocation)
[117.959s][info][gc,task     ] GC(352) Using 8 workers of 8 for evacuation
[117.961s][info][gc,phases   ] GC(352)   Pre Evacuate Collection Set: 0.1ms
[117.961s][info][gc,phases   ] GC(352)   Merge Heap Roots: 0.0ms
[117.961s][info][gc,phases   ] GC(352)   Evacuate Collection Set: 0.5ms
[117.961s][info][gc,phases   ] GC(352)   Post Evacuate Collection Set: 0.4ms
[117.961s][info][gc,phases   ] GC(352)   Other: 0.1ms
[117.961s][info][gc,heap     ] GC(352) Eden regions: 1->0(75)
[117.961s][info][gc,heap     ] GC(352) Survivor regions: 1->1(10)
[117.961s][info][gc,heap     ] GC(352) Old regions: 8->8
[117.961s][info][gc,heap     ] GC(352) Archive regions: 2->2
[117.961s][info][gc,heap     ] GC(352) Humongous regions: 96->0
[117.961s][info][gc,metaspace] GC(352) Metaspace: 29089K(29504K)->29089K(29504K) NonClass: 25530K(25728K)->25530K(25728K) Class: 3559K(3776K)->3559K(3776K)
[117.961s][info][gc          ] GC(352) Pause Young (Concurrent Start) (G1 Humongous Allocation) 210M->16M(254M) 1.378ms
[117.961s][info][gc          ] GC(353) Concurrent Undo Cycle
[117.961s][info][gc,cpu      ] GC(352) User=0.00s Sys=0.00s Real=0.00s
[117.961s][info][gc,marking  ] GC(353) Concurrent Cleanup for Next Mark
[117.961s][info][gc,marking  ] GC(353) Concurrent Cleanup for Next Mark 0.118ms
[117.961s][info][gc          ] GC(353) Concurrent Undo Cycle 0.228ms
[118.476s][info][gc,start    ] GC(354) Pause Young (Concurrent Start) (G1 Humongous Allocation)
[118.476s][info][gc,task     ] GC(354) Using 8 workers of 8 for evacuation
[118.477s][info][gc,phases   ] GC(354)   Pre Evacuate Collection Set: 0.1ms
[118.477s][info][gc,phases   ] GC(354)   Merge Heap Roots: 0.0ms
[118.477s][info][gc,phases   ] GC(354)   Evacuate Collection Set: 0.6ms
[118.477s][info][gc,phases   ] GC(354)   Post Evacuate Collection Set: 0.2ms
[118.477s][info][gc,phases   ] GC(354)   Other: 0.0ms
[118.477s][info][gc,heap     ] GC(354) Eden regions: 1->0(75)
[118.477s][info][gc,heap     ] GC(354) Survivor regions: 1->1(10)
[118.477s][info][gc,heap     ] GC(354) Old regions: 8->8
[118.477s][info][gc,heap     ] GC(354) Archive regions: 2->2
[118.477s][info][gc,heap     ] GC(354) Humongous regions: 96->0
[118.477s][info][gc,metaspace] GC(354) Metaspace: 29089K(29504K)->29089K(29504K) NonClass: 25530K(25728K)->25530K(25728K) Class: 3559K(3776K)->3559K(3776K)
[118.477s][info][gc          ] GC(354) Pause Young (Concurrent Start) (G1 Humongous Allocation) 210M->16M(254M) 1.240ms
[118.477s][info][gc          ] GC(355) Concurrent Undo Cycle
[118.477s][info][gc,cpu      ] GC(354) User=0.00s Sys=0.00s Real=0.00s
[118.477s][info][gc,marking  ] GC(355) Concurrent Cleanup for Next Mark
[118.477s][info][gc,marking  ] GC(355) Concurrent Cleanup for Next Mark 0.055ms
[118.477s][info][gc          ] GC(355) Concurrent Undo Cycle 0.125ms
[118.989s][info][gc,start    ] GC(356) Pause Young (Concurrent Start) (G1 Humongous Allocation)
[118.989s][info][gc,task     ] GC(356) Using 8 workers of 8 for evacuation
[118.991s][info][gc,phases   ] GC(356)   Pre Evacuate Collection Set: 0.4ms
[118.991s][info][gc,phases   ] GC(356)   Merge Heap Roots: 0.2ms
[118.991s][info][gc,phases   ] GC(356)   Evacuate Collection Set: 1.2ms
[118.991s][info][gc,phases   ] GC(356)   Post Evacuate Collection Set: 0.6ms
[118.991s][info][gc,phases   ] GC(356)   Other: 0.2ms
[118.991s][info][gc,heap     ] GC(356) Eden regions: 1->0(75)
[118.991s][info][gc,heap     ] GC(356) Survivor regions: 1->1(10)
[118.991s][info][gc,heap     ] GC(356) Old regions: 8->8
[118.991s][info][gc,heap     ] GC(356) Archive regions: 2->2
[118.991s][info][gc,heap     ] GC(356) Humongous regions: 96->0
[118.992s][info][gc,metaspace] GC(356) Metaspace: 29089K(29504K)->29089K(29504K) NonClass: 25530K(25728K)->25530K(25728K) Class: 3559K(3776K)->3559K(3776K)
[118.992s][info][gc          ] GC(356) Pause Young (Concurrent Start) (G1 Humongous Allocation) 210M->16M(254M) 3.074ms
[118.992s][info][gc,cpu      ] GC(356) User=0.01s Sys=0.00s Real=0.00s
[118.992s][info][gc          ] GC(357) Concurrent Undo Cycle
[118.992s][info][gc,marking  ] GC(357) Concurrent Cleanup for Next Mark
[118.992s][info][gc,marking  ] GC(357) Concurrent Cleanup for Next Mark 0.138ms
[118.992s][info][gc          ] GC(357) Concurrent Undo Cycle 0.300ms
[119.509s][info][gc,start    ] GC(358) Pause Young (Concurrent Start) (G1 Humongous Allocation)
[119.509s][info][gc,task     ] GC(358) Using 8 workers of 8 for evacuation
[119.510s][info][gc,phases   ] GC(358)   Pre Evacuate Collection Set: 0.1ms
[119.510s][info][gc,phases   ] GC(358)   Merge Heap Roots: 0.1ms
[119.510s][info][gc,phases   ] GC(358)   Evacuate Collection Set: 0.5ms
[119.510s][info][gc,phases   ] GC(358)   Post Evacuate Collection Set: 0.2ms
[119.510s][info][gc,phases   ] GC(358)   Other: 0.0ms
[119.510s][info][gc,heap     ] GC(358) Eden regions: 1->0(75)
[119.510s][info][gc,heap     ] GC(358) Survivor regions: 1->1(10)
[119.510s][info][gc,heap     ] GC(358) Old regions: 8->8
[119.510s][info][gc,heap     ] GC(358) Archive regions: 2->2
[119.510s][info][gc,heap     ] GC(358) Humongous regions: 96->0
[119.510s][info][gc,metaspace] GC(358) Metaspace: 29089K(29504K)->29089K(29504K) NonClass: 25530K(25728K)->25530K(25728K) Class: 3559K(3776K)->3559K(3776K)
[119.510s][info][gc          ] GC(358) Pause Young (Concurrent Start) (G1 Humongous Allocation) 210M->16M(254M) 1.322ms
[119.510s][info][gc          ] GC(359) Concurrent Undo Cycle
[119.510s][info][gc,cpu      ] GC(358) User=0.00s Sys=0.00s Real=0.00s
[119.510s][info][gc,marking  ] GC(359) Concurrent Cleanup for Next Mark
[119.511s][info][gc,marking  ] GC(359) Concurrent Cleanup for Next Mark 0.071ms
[119.511s][info][gc          ] GC(359) Concurrent Undo Cycle 0.125ms
[120.021s][info][gc,start    ] GC(360) Pause Young (Concurrent Start) (G1 Humongous Allocation)
[120.021s][info][gc,task     ] GC(360) Using 8 workers of 8 for evacuation
[120.024s][info][gc,phases   ] GC(360)   Pre Evacuate Collection Set: 0.4ms
[120.025s][info][gc,phases   ] GC(360)   Merge Heap Roots: 0.2ms
[120.025s][info][gc,phases   ] GC(360)   Evacuate Collection Set: 1.3ms
[120.025s][info][gc,phases   ] GC(360)   Post Evacuate Collection Set: 1.1ms
[120.025s][info][gc,phases   ] GC(360)   Other: 0.2ms
[120.025s][info][gc,heap     ] GC(360) Eden regions: 1->0(75)
[120.025s][info][gc,heap     ] GC(360) Survivor regions: 1->1(10)
[120.025s][info][gc,heap     ] GC(360) Old regions: 8->8
[120.025s][info][gc,heap     ] GC(360) Archive regions: 2->2
[120.025s][info][gc,heap     ] GC(360) Humongous regions: 96->0
[120.025s][info][gc,metaspace] GC(360) Metaspace: 29089K(29504K)->29089K(29504K) NonClass: 25530K(25728K)->25530K(25728K) Class: 3559K(3776K)->3559K(3776K)
[120.025s][info][gc          ] GC(360) Pause Young (Concurrent Start) (G1 Humongous Allocation) 210M->16M(254M) 4.424ms
[120.026s][info][gc          ] GC(361) Concurrent Undo Cycle
[120.026s][info][gc,cpu      ] GC(360) User=0.01s Sys=0.00s Real=0.01s
[120.026s][info][gc,marking  ] GC(361) Concurrent Cleanup for Next Mark
[120.026s][info][gc,marking  ] GC(361) Concurrent Cleanup for Next Mark 0.370ms
[120.026s][info][gc          ] GC(361) Concurrent Undo Cycle 0.609ms
[120.544s][info][gc,start    ] GC(362) Pause Young (Concurrent Start) (G1 Humongous Allocation)
[120.544s][info][gc,task     ] GC(362) Using 8 workers of 8 for evacuation
[120.546s][info][gc,phases   ] GC(362)   Pre Evacuate Collection Set: 0.1ms
[120.546s][info][gc,phases   ] GC(362)   Merge Heap Roots: 0.0ms
[120.546s][info][gc,phases   ] GC(362)   Evacuate Collection Set: 0.5ms
[120.546s][info][gc,phases   ] GC(362)   Post Evacuate Collection Set: 0.3ms
[120.546s][info][gc,phases   ] GC(362)   Other: 0.1ms
[120.546s][info][gc,heap     ] GC(362) Eden regions: 1->0(75)
[120.546s][info][gc,heap     ] GC(362) Survivor regions: 1->1(10)
[120.546s][info][gc,heap     ] GC(362) Old regions: 8->8
[120.546s][info][gc,heap     ] GC(362) Archive regions: 2->2
[120.546s][info][gc,heap     ] GC(362) Humongous regions: 96->0
[120.546s][info][gc,metaspace] GC(362) Metaspace: 29089K(29504K)->29089K(29504K) NonClass: 25530K(25728K)->25530K(25728K) Class: 3559K(3776K)->3559K(3776K)
[120.546s][info][gc          ] GC(362) Pause Young (Concurrent Start) (G1 Humongous Allocation) 210M->16M(254M) 1.646ms
[120.546s][info][gc          ] GC(363) Concurrent Undo Cycle
[120.546s][info][gc,cpu      ] GC(362) User=0.00s Sys=0.00s Real=0.00s
[120.546s][info][gc,marking  ] GC(363) Concurrent Cleanup for Next Mark
[120.546s][info][gc,marking  ] GC(363) Concurrent Cleanup for Next Mark 0.119ms
[120.546s][info][gc          ] GC(363) Concurrent Undo Cycle 0.208ms
[121.060s][info][gc,start    ] GC(364) Pause Young (Concurrent Start) (G1 Humongous Allocation)
[121.060s][info][gc,task     ] GC(364) Using 8 workers of 8 for evacuation
[121.061s][info][gc,phases   ] GC(364)   Pre Evacuate Collection Set: 0.1ms
[121.061s][info][gc,phases   ] GC(364)   Merge Heap Roots: 0.0ms
[121.061s][info][gc,phases   ] GC(364)   Evacuate Collection Set: 0.5ms
[121.061s][info][gc,phases   ] GC(364)   Post Evacuate Collection Set: 0.3ms
[121.061s][info][gc,phases   ] GC(364)   Other: 0.1ms
[121.061s][info][gc,heap     ] GC(364) Eden regions: 1->0(75)
[121.061s][info][gc,heap     ] GC(364) Survivor regions: 1->1(10)
[121.061s][info][gc,heap     ] GC(364) Old regions: 8->8
[121.061s][info][gc,heap     ] GC(364) Archive regions: 2->2
[121.061s][info][gc,heap     ] GC(364) Humongous regions: 96->0
[121.061s][info][gc,metaspace] GC(364) Metaspace: 29089K(29504K)->29089K(29504K) NonClass: 25530K(25728K)->25530K(25728K) Class: 3559K(3776K)->3559K(3776K)
[121.061s][info][gc          ] GC(364) Pause Young (Concurrent Start) (G1 Humongous Allocation) 210M->16M(254M) 1.422ms
[121.061s][info][gc          ] GC(365) Concurrent Undo Cycle
[121.061s][info][gc,cpu      ] GC(364) User=0.00s Sys=0.00s Real=0.00s
[121.061s][info][gc,marking  ] GC(365) Concurrent Cleanup for Next Mark
[121.061s][info][gc,marking  ] GC(365) Concurrent Cleanup for Next Mark 0.116ms
[121.061s][info][gc          ] GC(365) Concurrent Undo Cycle 0.224ms
[121.573s][info][gc,start    ] GC(366) Pause Young (Concurrent Start) (G1 Humongous Allocation)
[121.573s][info][gc,task     ] GC(366) Using 8 workers of 8 for evacuation
[121.574s][info][gc,phases   ] GC(366)   Pre Evacuate Collection Set: 0.1ms
[121.574s][info][gc,phases   ] GC(366)   Merge Heap Roots: 0.0ms
[121.574s][info][gc,phases   ] GC(366)   Evacuate Collection Set: 0.6ms
[121.574s][info][gc,phases   ] GC(366)   Post Evacuate Collection Set: 0.3ms
[121.574s][info][gc,phases   ] GC(366)   Other: 0.1ms
[121.574s][info][gc,heap     ] GC(366) Eden regions: 1->0(75)
[121.574s][info][gc,heap     ] GC(366) Survivor regions: 1->1(10)
[121.574s][info][gc,heap     ] GC(366) Old regions: 8->8
[121.574s][info][gc,heap     ] GC(366) Archive regions: 2->2
[121.574s][info][gc,heap     ] GC(366) Humongous regions: 96->0
[121.574s][info][gc,metaspace] GC(366) Metaspace: 29089K(29504K)->29089K(29504K) NonClass: 25530K(25728K)->25530K(25728K) Class: 3559K(3776K)->3559K(3776K)
[121.574s][info][gc          ] GC(366) Pause Young (Concurrent Start) (G1 Humongous Allocation) 210M->16M(254M) 1.471ms
[121.574s][info][gc          ] GC(367) Concurrent Undo Cycle
[121.574s][info][gc,cpu      ] GC(366) User=0.00s Sys=0.00s Real=0.00s
[121.574s][info][gc,marking  ] GC(367) Concurrent Cleanup for Next Mark
[121.574s][info][gc,marking  ] GC(367) Concurrent Cleanup for Next Mark 0.050ms
[121.574s][info][gc          ] GC(367) Concurrent Undo Cycle 0.098ms
[122.084s][info][gc,start    ] GC(368) Pause Young (Concurrent Start) (G1 Humongous Allocation)
[122.084s][info][gc,task     ] GC(368) Using 8 workers of 8 for evacuation
[122.086s][info][gc,phases   ] GC(368)   Pre Evacuate Collection Set: 0.2ms
[122.086s][info][gc,phases   ] GC(368)   Merge Heap Roots: 0.1ms
[122.086s][info][gc,phases   ] GC(368)   Evacuate Collection Set: 0.6ms
[122.086s][info][gc,phases   ] GC(368)   Post Evacuate Collection Set: 0.3ms
[122.086s][info][gc,phases   ] GC(368)   Other: 0.1ms
[122.086s][info][gc,heap     ] GC(368) Eden regions: 1->0(75)
[122.086s][info][gc,heap     ] GC(368) Survivor regions: 1->1(10)
[122.086s][info][gc,heap     ] GC(368) Old regions: 8->8
[122.086s][info][gc,heap     ] GC(368) Archive regions: 2->2
[122.086s][info][gc,heap     ] GC(368) Humongous regions: 96->0
[122.086s][info][gc,metaspace] GC(368) Metaspace: 29089K(29504K)->29089K(29504K) NonClass: 25530K(25728K)->25530K(25728K) Class: 3559K(3776K)->3559K(3776K)
[122.086s][info][gc          ] GC(368) Pause Young (Concurrent Start) (G1 Humongous Allocation) 210M->16M(254M) 1.626ms
[122.086s][info][gc          ] GC(369) Concurrent Undo Cycle
[122.086s][info][gc,cpu      ] GC(368) User=0.00s Sys=0.00s Real=0.00s
[122.086s][info][gc,marking  ] GC(369) Concurrent Cleanup for Next Mark
[122.086s][info][gc,marking  ] GC(369) Concurrent Cleanup for Next Mark 0.225ms
[122.086s][info][gc          ] GC(369) Concurrent Undo Cycle 0.339ms
[122.598s][info][gc,start    ] GC(370) Pause Young (Concurrent Start) (G1 Humongous Allocation)
[122.599s][info][gc,task     ] GC(370) Using 8 workers of 8 for evacuation
[122.601s][info][gc,phases   ] GC(370)   Pre Evacuate Collection Set: 0.4ms
[122.601s][info][gc,phases   ] GC(370)   Merge Heap Roots: 0.2ms
[122.601s][info][gc,phases   ] GC(370)   Evacuate Collection Set: 1.0ms
[122.601s][info][gc,phases   ] GC(370)   Post Evacuate Collection Set: 0.5ms
[122.601s][info][gc,phases   ] GC(370)   Other: 0.2ms
[122.601s][info][gc,heap     ] GC(370) Eden regions: 1->0(75)
[122.601s][info][gc,heap     ] GC(370) Survivor regions: 1->1(10)
[122.601s][info][gc,heap     ] GC(370) Old regions: 8->8
[122.601s][info][gc,heap     ] GC(370) Archive regions: 2->2
[122.601s][info][gc,heap     ] GC(370) Humongous regions: 96->0
[122.601s][info][gc,metaspace] GC(370) Metaspace: 29089K(29504K)->29089K(29504K) NonClass: 25530K(25728K)->25530K(25728K) Class: 3559K(3776K)->3559K(3776K)
[122.601s][info][gc          ] GC(370) Pause Young (Concurrent Start) (G1 Humongous Allocation) 210M->16M(254M) 2.736ms
[122.601s][info][gc,cpu      ] GC(370) User=0.01s Sys=0.01s Real=0.00s
[122.601s][info][gc          ] GC(371) Concurrent Undo Cycle
[122.601s][info][gc,marking  ] GC(371) Concurrent Cleanup for Next Mark
[122.601s][info][gc,marking  ] GC(371) Concurrent Cleanup for Next Mark 0.126ms
[122.601s][info][gc          ] GC(371) Concurrent Undo Cycle 0.276ms
[123.121s][info][gc,start    ] GC(372) Pause Young (Concurrent Start) (G1 Humongous Allocation)
[123.121s][info][gc,task     ] GC(372) Using 8 workers of 8 for evacuation
[123.122s][info][gc,phases   ] GC(372)   Pre Evacuate Collection Set: 0.2ms
[123.122s][info][gc,phases   ] GC(372)   Merge Heap Roots: 0.1ms
[123.122s][info][gc,phases   ] GC(372)   Evacuate Collection Set: 0.7ms
[123.122s][info][gc,phases   ] GC(372)   Post Evacuate Collection Set: 0.4ms
[123.122s][info][gc,phases   ] GC(372)   Other: 0.1ms
[123.122s][info][gc,heap     ] GC(372) Eden regions: 1->0(75)
[123.122s][info][gc,heap     ] GC(372) Survivor regions: 1->1(10)
[123.122s][info][gc,heap     ] GC(372) Old regions: 8->8
[123.122s][info][gc,heap     ] GC(372) Archive regions: 2->2
[123.122s][info][gc,heap     ] GC(372) Humongous regions: 96->0
[123.122s][info][gc,metaspace] GC(372) Metaspace: 29089K(29504K)->29089K(29504K) NonClass: 25530K(25728K)->25530K(25728K) Class: 3559K(3776K)->3559K(3776K)
[123.123s][info][gc          ] GC(372) Pause Young (Concurrent Start) (G1 Humongous Allocation) 210M->16M(254M) 1.830ms
[123.123s][info][gc,cpu      ] GC(372) User=0.01s Sys=0.00s Real=0.01s
[123.123s][info][gc          ] GC(373) Concurrent Undo Cycle
[123.123s][info][gc,marking  ] GC(373) Concurrent Cleanup for Next Mark
[123.123s][info][gc,marking  ] GC(373) Concurrent Cleanup for Next Mark 0.120ms
[123.123s][info][gc          ] GC(373) Concurrent Undo Cycle 0.242ms
[123.638s][info][gc,start    ] GC(374) Pause Young (Concurrent Start) (G1 Humongous Allocation)
[123.638s][info][gc,task     ] GC(374) Using 8 workers of 8 for evacuation
[123.639s][info][gc,phases   ] GC(374)   Pre Evacuate Collection Set: 0.1ms
[123.639s][info][gc,phases   ] GC(374)   Merge Heap Roots: 0.0ms
[123.639s][info][gc,phases   ] GC(374)   Evacuate Collection Set: 0.5ms
[123.639s][info][gc,phases   ] GC(374)   Post Evacuate Collection Set: 0.2ms
[123.639s][info][gc,phases   ] GC(374)   Other: 0.1ms
[123.639s][info][gc,heap     ] GC(374) Eden regions: 1->0(75)
[123.639s][info][gc,heap     ] GC(374) Survivor regions: 1->1(10)
[123.639s][info][gc,heap     ] GC(374) Old regions: 8->8
[123.639s][info][gc,heap     ] GC(374) Archive regions: 2->2
[123.639s][info][gc,heap     ] GC(374) Humongous regions: 96->0
[123.639s][info][gc,metaspace] GC(374) Metaspace: 29089K(29504K)->29089K(29504K) NonClass: 25530K(25728K)->25530K(25728K) Class: 3559K(3776K)->3559K(3776K)
[123.639s][info][gc          ] GC(374) Pause Young (Concurrent Start) (G1 Humongous Allocation) 210M->16M(254M) 1.118ms
[123.639s][info][gc,cpu      ] GC(374) User=0.00s Sys=0.00s Real=0.00s
[123.639s][info][gc          ] GC(375) Concurrent Undo Cycle
[123.639s][info][gc,marking  ] GC(375) Concurrent Cleanup for Next Mark
[123.639s][info][gc,marking  ] GC(375) Concurrent Cleanup for Next Mark 0.062ms
[123.639s][info][gc          ] GC(375) Concurrent Undo Cycle 0.126ms
[124.149s][info][gc,start    ] GC(376) Pause Young (Concurrent Start) (G1 Humongous Allocation)
[124.149s][info][gc,task     ] GC(376) Using 8 workers of 8 for evacuation
[124.151s][info][gc,phases   ] GC(376)   Pre Evacuate Collection Set: 0.3ms
[124.152s][info][gc,phases   ] GC(376)   Merge Heap Roots: 0.2ms
[124.152s][info][gc,phases   ] GC(376)   Evacuate Collection Set: 1.2ms
[124.152s][info][gc,phases   ] GC(376)   Post Evacuate Collection Set: 0.5ms
[124.152s][info][gc,phases   ] GC(376)   Other: 0.1ms
[124.152s][info][gc,heap     ] GC(376) Eden regions: 1->0(75)
[124.152s][info][gc,heap     ] GC(376) Survivor regions: 1->1(10)
[124.152s][info][gc,heap     ] GC(376) Old regions: 8->8
[124.152s][info][gc,heap     ] GC(376) Archive regions: 2->2
[124.152s][info][gc,heap     ] GC(376) Humongous regions: 96->0
[124.152s][info][gc,metaspace] GC(376) Metaspace: 29089K(29504K)->29089K(29504K) NonClass: 25530K(25728K)->25530K(25728K) Class: 3559K(3776K)->3559K(3776K)
[124.152s][info][gc          ] GC(376) Pause Young (Concurrent Start) (G1 Humongous Allocation) 210M->16M(254M) 2.657ms
[124.152s][info][gc,cpu      ] GC(376) User=0.01s Sys=0.00s Real=0.00s
[124.152s][info][gc          ] GC(377) Concurrent Undo Cycle
[124.152s][info][gc,marking  ] GC(377) Concurrent Cleanup for Next Mark
[124.152s][info][gc,marking  ] GC(377) Concurrent Cleanup for Next Mark 0.129ms
[124.152s][info][gc          ] GC(377) Concurrent Undo Cycle 0.238ms
[124.671s][info][gc,start    ] GC(378) Pause Young (Concurrent Start) (G1 Humongous Allocation)
[124.671s][info][gc,task     ] GC(378) Using 8 workers of 8 for evacuation
[124.672s][info][gc,phases   ] GC(378)   Pre Evacuate Collection Set: 0.1ms
[124.672s][info][gc,phases   ] GC(378)   Merge Heap Roots: 0.0ms
[124.672s][info][gc,phases   ] GC(378)   Evacuate Collection Set: 0.5ms
[124.672s][info][gc,phases   ] GC(378)   Post Evacuate Collection Set: 0.2ms
[124.672s][info][gc,phases   ] GC(378)   Other: 0.1ms
[124.672s][info][gc,heap     ] GC(378) Eden regions: 1->0(75)
[124.672s][info][gc,heap     ] GC(378) Survivor regions: 1->1(10)
[124.672s][info][gc,heap     ] GC(378) Old regions: 8->8
[124.672s][info][gc,heap     ] GC(378) Archive regions: 2->2
[124.672s][info][gc,heap     ] GC(378) Humongous regions: 96->0
[124.672s][info][gc,metaspace] GC(378) Metaspace: 29089K(29504K)->29089K(29504K) NonClass: 25530K(25728K)->25530K(25728K) Class: 3559K(3776K)->3559K(3776K)
[124.672s][info][gc          ] GC(378) Pause Young (Concurrent Start) (G1 Humongous Allocation) 210M->16M(254M) 1.222ms
[124.672s][info][gc,cpu      ] GC(378) User=0.00s Sys=0.00s Real=0.00s
[124.672s][info][gc          ] GC(379) Concurrent Undo Cycle
[124.672s][info][gc,marking  ] GC(379) Concurrent Cleanup for Next Mark
[124.672s][info][gc,marking  ] GC(379) Concurrent Cleanup for Next Mark 0.074ms
[124.672s][info][gc          ] GC(379) Concurrent Undo Cycle 0.182ms
[125.187s][info][gc,start    ] GC(380) Pause Young (Concurrent Start) (G1 Humongous Allocation)
[125.187s][info][gc,task     ] GC(380) Using 8 workers of 8 for evacuation
[125.188s][info][gc,phases   ] GC(380)   Pre Evacuate Collection Set: 0.1ms
[125.188s][info][gc,phases   ] GC(380)   Merge Heap Roots: 0.0ms
[125.188s][info][gc,phases   ] GC(380)   Evacuate Collection Set: 0.6ms
[125.188s][info][gc,phases   ] GC(380)   Post Evacuate Collection Set: 0.2ms
[125.188s][info][gc,phases   ] GC(380)   Other: 0.1ms
[125.188s][info][gc,heap     ] GC(380) Eden regions: 1->0(75)
[125.188s][info][gc,heap     ] GC(380) Survivor regions: 1->1(10)
[125.188s][info][gc,heap     ] GC(380) Old regions: 8->8
[125.188s][info][gc,heap     ] GC(380) Archive regions: 2->2
[125.188s][info][gc,heap     ] GC(380) Humongous regions: 96->0
[125.188s][info][gc,metaspace] GC(380) Metaspace: 29089K(29504K)->29089K(29504K) NonClass: 25530K(25728K)->25530K(25728K) Class: 3559K(3776K)->3559K(3776K)
[125.188s][info][gc          ] GC(380) Pause Young (Concurrent Start) (G1 Humongous Allocation) 210M->16M(254M) 1.223ms
[125.188s][info][gc,cpu      ] GC(380) User=0.01s Sys=0.00s Real=0.00s
[125.188s][info][gc          ] GC(381) Concurrent Undo Cycle
[125.188s][info][gc,marking  ] GC(381) Concurrent Cleanup for Next Mark
[125.188s][info][gc,marking  ] GC(381) Concurrent Cleanup for Next Mark 0.055ms
[125.188s][info][gc          ] GC(381) Concurrent Undo Cycle 0.106ms
[125.701s][info][gc,start    ] GC(382) Pause Young (Concurrent Start) (G1 Humongous Allocation)
[125.701s][info][gc,task     ] GC(382) Using 8 workers of 8 for evacuation
[125.704s][info][gc,phases   ] GC(382)   Pre Evacuate Collection Set: 0.5ms
[125.704s][info][gc,phases   ] GC(382)   Merge Heap Roots: 0.2ms
[125.704s][info][gc,phases   ] GC(382)   Evacuate Collection Set: 1.2ms
[125.704s][info][gc,phases   ] GC(382)   Post Evacuate Collection Set: 0.8ms
[125.704s][info][gc,phases   ] GC(382)   Other: 0.2ms
[125.704s][info][gc,heap     ] GC(382) Eden regions: 2->0(75)
[125.704s][info][gc,heap     ] GC(382) Survivor regions: 1->1(10)
[125.704s][info][gc,heap     ] GC(382) Old regions: 8->8
[125.704s][info][gc,heap     ] GC(382) Archive regions: 2->2
[125.704s][info][gc,heap     ] GC(382) Humongous regions: 96->0
[125.704s][info][gc,metaspace] GC(382) Metaspace: 29089K(29504K)->29089K(29504K) NonClass: 25530K(25728K)->25530K(25728K) Class: 3559K(3776K)->3559K(3776K)
[125.704s][info][gc          ] GC(382) Pause Young (Concurrent Start) (G1 Humongous Allocation) 210M->16M(254M) 3.437ms
[125.704s][info][gc,cpu      ] GC(382) User=0.00s Sys=0.00s Real=0.01s
[125.704s][info][gc          ] GC(383) Concurrent Undo Cycle
[125.704s][info][gc,marking  ] GC(383) Concurrent Cleanup for Next Mark
[125.704s][info][gc,marking  ] GC(383) Concurrent Cleanup for Next Mark 0.143ms
[125.704s][info][gc          ] GC(383) Concurrent Undo Cycle 0.380ms
[126.221s][info][gc,start    ] GC(384) Pause Young (Concurrent Start) (G1 Humongous Allocation)
[126.221s][info][gc,task     ] GC(384) Using 8 workers of 8 for evacuation
[126.223s][info][gc,phases   ] GC(384)   Pre Evacuate Collection Set: 0.4ms
[126.223s][info][gc,phases   ] GC(384)   Merge Heap Roots: 0.1ms
[126.223s][info][gc,phases   ] GC(384)   Evacuate Collection Set: 1.3ms
[126.223s][info][gc,phases   ] GC(384)   Post Evacuate Collection Set: 0.3ms
[126.223s][info][gc,phases   ] GC(384)   Other: 0.1ms
[126.223s][info][gc,heap     ] GC(384) Eden regions: 1->0(75)
[126.223s][info][gc,heap     ] GC(384) Survivor regions: 1->1(10)
[126.223s][info][gc,heap     ] GC(384) Old regions: 8->8
[126.223s][info][gc,heap     ] GC(384) Archive regions: 2->2
[126.223s][info][gc,heap     ] GC(384) Humongous regions: 96->0
[126.223s][info][gc,metaspace] GC(384) Metaspace: 29089K(29504K)->29089K(29504K) NonClass: 25530K(25728K)->25530K(25728K) Class: 3559K(3776K)->3559K(3776K)
[126.223s][info][gc          ] GC(384) Pause Young (Concurrent Start) (G1 Humongous Allocation) 209M->16M(254M) 2.465ms
[126.223s][info][gc,cpu      ] GC(384) User=0.00s Sys=0.00s Real=0.01s
[126.223s][info][gc          ] GC(385) Concurrent Undo Cycle
[126.223s][info][gc,marking  ] GC(385) Concurrent Cleanup for Next Mark
[126.223s][info][gc,marking  ] GC(385) Concurrent Cleanup for Next Mark 0.076ms
[126.223s][info][gc          ] GC(385) Concurrent Undo Cycle 0.145ms
[126.733s][info][gc,start    ] GC(386) Pause Young (Concurrent Start) (G1 Humongous Allocation)
[126.733s][info][gc,task     ] GC(386) Using 8 workers of 8 for evacuation
[126.734s][info][gc,phases   ] GC(386)   Pre Evacuate Collection Set: 0.1ms
[126.734s][info][gc,phases   ] GC(386)   Merge Heap Roots: 0.1ms
[126.734s][info][gc,phases   ] GC(386)   Evacuate Collection Set: 0.5ms
[126.734s][info][gc,phases   ] GC(386)   Post Evacuate Collection Set: 0.4ms
[126.734s][info][gc,phases   ] GC(386)   Other: 0.1ms
[126.734s][info][gc,heap     ] GC(386) Eden regions: 2->0(75)
[126.734s][info][gc,heap     ] GC(386) Survivor regions: 1->1(10)
[126.734s][info][gc,heap     ] GC(386) Old regions: 8->8
[126.734s][info][gc,heap     ] GC(386) Archive regions: 2->2
[126.734s][info][gc,heap     ] GC(386) Humongous regions: 96->0
[126.734s][info][gc,metaspace] GC(386) Metaspace: 29089K(29504K)->29089K(29504K) NonClass: 25530K(25728K)->25530K(25728K) Class: 3559K(3776K)->3559K(3776K)
[126.734s][info][gc          ] GC(386) Pause Young (Concurrent Start) (G1 Humongous Allocation) 210M->16M(254M) 1.336ms
[126.734s][info][gc,cpu      ] GC(386) User=0.00s Sys=0.00s Real=0.00s
[126.734s][info][gc          ] GC(387) Concurrent Undo Cycle
[126.735s][info][gc,marking  ] GC(387) Concurrent Cleanup for Next Mark
[126.735s][info][gc,marking  ] GC(387) Concurrent Cleanup for Next Mark 0.056ms
[126.735s][info][gc          ] GC(387) Concurrent Undo Cycle 0.115ms
[127.244s][info][gc,start    ] GC(388) Pause Young (Concurrent Start) (G1 Humongous Allocation)
[127.244s][info][gc,task     ] GC(388) Using 8 workers of 8 for evacuation
[127.246s][info][gc,phases   ] GC(388)   Pre Evacuate Collection Set: 0.1ms
[127.246s][info][gc,phases   ] GC(388)   Merge Heap Roots: 0.0ms
[127.246s][info][gc,phases   ] GC(388)   Evacuate Collection Set: 0.5ms
[127.246s][info][gc,phases   ] GC(388)   Post Evacuate Collection Set: 0.3ms
[127.246s][info][gc,phases   ] GC(388)   Other: 0.1ms
[127.246s][info][gc,heap     ] GC(388) Eden regions: 1->0(75)
[127.246s][info][gc,heap     ] GC(388) Survivor regions: 1->1(10)
[127.246s][info][gc,heap     ] GC(388) Old regions: 8->8
[127.246s][info][gc,heap     ] GC(388) Archive regions: 2->2
[127.246s][info][gc,heap     ] GC(388) Humongous regions: 96->0
[127.246s][info][gc,metaspace] GC(388) Metaspace: 29089K(29504K)->29089K(29504K) NonClass: 25530K(25728K)->25530K(25728K) Class: 3559K(3776K)->3559K(3776K)
[127.246s][info][gc          ] GC(388) Pause Young (Concurrent Start) (G1 Humongous Allocation) 210M->16M(254M) 1.422ms
[127.246s][info][gc,cpu      ] GC(388) User=0.00s Sys=0.00s Real=0.00s
[127.246s][info][gc          ] GC(389) Concurrent Undo Cycle
[127.246s][info][gc,marking  ] GC(389) Concurrent Cleanup for Next Mark
[127.246s][info][gc,marking  ] GC(389) Concurrent Cleanup for Next Mark 0.137ms
[127.246s][info][gc          ] GC(389) Concurrent Undo Cycle 0.287ms
[127.759s][info][gc,start    ] GC(390) Pause Young (Concurrent Start) (G1 Humongous Allocation)
[127.759s][info][gc,task     ] GC(390) Using 8 workers of 8 for evacuation
[127.760s][info][gc,phases   ] GC(390)   Pre Evacuate Collection Set: 0.2ms
[127.760s][info][gc,phases   ] GC(390)   Merge Heap Roots: 0.0ms
[127.760s][info][gc,phases   ] GC(390)   Evacuate Collection Set: 0.5ms
[127.760s][info][gc,phases   ] GC(390)   Post Evacuate Collection Set: 0.2ms
[127.760s][info][gc,phases   ] GC(390)   Other: 0.1ms
[127.760s][info][gc,heap     ] GC(390) Eden regions: 2->0(75)
[127.760s][info][gc,heap     ] GC(390) Survivor regions: 1->1(10)
[127.760s][info][gc,heap     ] GC(390) Old regions: 8->8
[127.760s][info][gc,heap     ] GC(390) Archive regions: 2->2
[127.760s][info][gc,heap     ] GC(390) Humongous regions: 96->0
[127.760s][info][gc,metaspace] GC(390) Metaspace: 29089K(29504K)->29089K(29504K) NonClass: 25530K(25728K)->25530K(25728K) Class: 3559K(3776K)->3559K(3776K)
[127.760s][info][gc          ] GC(390) Pause Young (Concurrent Start) (G1 Humongous Allocation) 211M->16M(254M) 1.262ms
[127.760s][info][gc,cpu      ] GC(390) User=0.00s Sys=0.00s Real=0.00s
[127.760s][info][gc          ] GC(391) Concurrent Undo Cycle
[127.760s][info][gc,marking  ] GC(391) Concurrent Cleanup for Next Mark
[127.760s][info][gc,marking  ] GC(391) Concurrent Cleanup for Next Mark 0.055ms
[127.760s][info][gc          ] GC(391) Concurrent Undo Cycle 0.109ms
[128.272s][info][gc,start    ] GC(392) Pause Young (Concurrent Start) (G1 Humongous Allocation)
[128.272s][info][gc,task     ] GC(392) Using 8 workers of 8 for evacuation
[128.275s][info][gc,phases   ] GC(392)   Pre Evacuate Collection Set: 0.3ms
[128.275s][info][gc,phases   ] GC(392)   Merge Heap Roots: 0.1ms
[128.275s][info][gc,phases   ] GC(392)   Evacuate Collection Set: 0.9ms
[128.275s][info][gc,phases   ] GC(392)   Post Evacuate Collection Set: 0.7ms
[128.275s][info][gc,phases   ] GC(392)   Other: 0.2ms
[128.275s][info][gc,heap     ] GC(392) Eden regions: 1->0(75)
[128.275s][info][gc,heap     ] GC(392) Survivor regions: 1->1(10)
[128.275s][info][gc,heap     ] GC(392) Old regions: 8->8
[128.275s][info][gc,heap     ] GC(392) Archive regions: 2->2
[128.275s][info][gc,heap     ] GC(392) Humongous regions: 96->0
[128.275s][info][gc,metaspace] GC(392) Metaspace: 29089K(29504K)->29089K(29504K) NonClass: 25530K(25728K)->25530K(25728K) Class: 3559K(3776K)->3559K(3776K)
[128.275s][info][gc          ] GC(392) Pause Young (Concurrent Start) (G1 Humongous Allocation) 209M->16M(254M) 2.671ms
[128.275s][info][gc,cpu      ] GC(392) User=0.01s Sys=0.00s Real=0.00s
[128.275s][info][gc          ] GC(393) Concurrent Undo Cycle
[128.275s][info][gc,marking  ] GC(393) Concurrent Cleanup for Next Mark
[128.275s][info][gc,marking  ] GC(393) Concurrent Cleanup for Next Mark 0.133ms
[128.275s][info][gc          ] GC(393) Concurrent Undo Cycle 0.299ms
[128.796s][info][gc,start    ] GC(394) Pause Young (Concurrent Start) (G1 Humongous Allocation)
[128.796s][info][gc,task     ] GC(394) Using 8 workers of 8 for evacuation
[128.800s][info][gc,phases   ] GC(394)   Pre Evacuate Collection Set: 3.1ms
[128.801s][info][gc,phases   ] GC(394)   Merge Heap Roots: 0.4ms
[128.801s][info][gc,phases   ] GC(394)   Evacuate Collection Set: 0.6ms
[128.801s][info][gc,phases   ] GC(394)   Post Evacuate Collection Set: 0.4ms
[128.801s][info][gc,phases   ] GC(394)   Other: 0.2ms
[128.801s][info][gc,heap     ] GC(394) Eden regions: 2->0(75)
[128.801s][info][gc,heap     ] GC(394) Survivor regions: 1->1(10)
[128.801s][info][gc,heap     ] GC(394) Old regions: 8->8
[128.801s][info][gc,heap     ] GC(394) Archive regions: 2->2
[128.801s][info][gc,heap     ] GC(394) Humongous regions: 96->0
[128.801s][info][gc,metaspace] GC(394) Metaspace: 29089K(29504K)->29089K(29504K) NonClass: 25530K(25728K)->25530K(25728K) Class: 3559K(3776K)->3559K(3776K)
[128.801s][info][gc          ] GC(394) Pause Young (Concurrent Start) (G1 Humongous Allocation) 210M->16M(254M) 5.001ms
[128.801s][info][gc,cpu      ] GC(394) User=0.01s Sys=0.00s Real=0.00s
[128.801s][info][gc          ] GC(395) Concurrent Undo Cycle
[128.801s][info][gc,marking  ] GC(395) Concurrent Cleanup for Next Mark
[128.801s][info][gc,marking  ] GC(395) Concurrent Cleanup for Next Mark 0.076ms
[128.801s][info][gc          ] GC(395) Concurrent Undo Cycle 0.169ms
[129.321s][info][gc,start    ] GC(396) Pause Young (Concurrent Start) (G1 Humongous Allocation)
[129.321s][info][gc,task     ] GC(396) Using 8 workers of 8 for evacuation
[129.322s][info][gc,phases   ] GC(396)   Pre Evacuate Collection Set: 0.2ms
[129.322s][info][gc,phases   ] GC(396)   Merge Heap Roots: 0.1ms
[129.322s][info][gc,phases   ] GC(396)   Evacuate Collection Set: 0.5ms
[129.322s][info][gc,phases   ] GC(396)   Post Evacuate Collection Set: 0.4ms
[129.322s][info][gc,phases   ] GC(396)   Other: 0.1ms
[129.322s][info][gc,heap     ] GC(396) Eden regions: 1->0(75)
[129.322s][info][gc,heap     ] GC(396) Survivor regions: 1->1(10)
[129.322s][info][gc,heap     ] GC(396) Old regions: 8->8
[129.322s][info][gc,heap     ] GC(396) Archive regions: 2->2
[129.322s][info][gc,heap     ] GC(396) Humongous regions: 96->0
[129.322s][info][gc,metaspace] GC(396) Metaspace: 29089K(29504K)->29089K(29504K) NonClass: 25530K(25728K)->25530K(25728K) Class: 3559K(3776K)->3559K(3776K)
[129.322s][info][gc          ] GC(396) Pause Young (Concurrent Start) (G1 Humongous Allocation) 209M->16M(254M) 1.466ms
[129.322s][info][gc,cpu      ] GC(396) User=0.00s Sys=0.00s Real=0.01s
[129.322s][info][gc          ] GC(397) Concurrent Undo Cycle
[129.322s][info][gc,marking  ] GC(397) Concurrent Cleanup for Next Mark
[129.322s][info][gc,marking  ] GC(397) Concurrent Cleanup for Next Mark 0.103ms
[129.322s][info][gc          ] GC(397) Concurrent Undo Cycle 0.202ms
[129.833s][info][gc,start    ] GC(398) Pause Young (Concurrent Start) (G1 Humongous Allocation)
[129.833s][info][gc,task     ] GC(398) Using 8 workers of 8 for evacuation
[129.834s][info][gc,phases   ] GC(398)   Pre Evacuate Collection Set: 0.1ms
[129.834s][info][gc,phases   ] GC(398)   Merge Heap Roots: 0.0ms
[129.834s][info][gc,phases   ] GC(398)   Evacuate Collection Set: 0.6ms
[129.834s][info][gc,phases   ] GC(398)   Post Evacuate Collection Set: 0.3ms
[129.834s][info][gc,phases   ] GC(398)   Other: 0.1ms
[129.834s][info][gc,heap     ] GC(398) Eden regions: 2->0(75)
[129.834s][info][gc,heap     ] GC(398) Survivor regions: 1->1(10)
[129.834s][info][gc,heap     ] GC(398) Old regions: 8->8
[129.834s][info][gc,heap     ] GC(398) Archive regions: 2->2
[129.834s][info][gc,heap     ] GC(398) Humongous regions: 96->0
[129.834s][info][gc,metaspace] GC(398) Metaspace: 29089K(29504K)->29089K(29504K) NonClass: 25530K(25728K)->25530K(25728K) Class: 3559K(3776K)->3559K(3776K)
[129.834s][info][gc          ] GC(398) Pause Young (Concurrent Start) (G1 Humongous Allocation) 210M->16M(254M) 1.438ms
[129.834s][info][gc          ] GC(399) Concurrent Undo Cycle
[129.834s][info][gc,cpu      ] GC(398) User=0.01s Sys=0.00s Real=0.00s
[129.835s][info][gc,marking  ] GC(399) Concurrent Cleanup for Next Mark
[129.835s][info][gc,marking  ] GC(399) Concurrent Cleanup for Next Mark 0.090ms
[129.835s][info][gc          ] GC(399) Concurrent Undo Cycle 0.310ms
[130.345s][info][gc,start    ] GC(400) Pause Young (Concurrent Start) (G1 Humongous Allocation)
[130.345s][info][gc,task     ] GC(400) Using 8 workers of 8 for evacuation
[130.347s][info][gc,phases   ] GC(400)   Pre Evacuate Collection Set: 0.2ms
[130.347s][info][gc,phases   ] GC(400)   Merge Heap Roots: 0.1ms
[130.347s][info][gc,phases   ] GC(400)   Evacuate Collection Set: 0.6ms
[130.347s][info][gc,phases   ] GC(400)   Post Evacuate Collection Set: 0.4ms
[130.347s][info][gc,phases   ] GC(400)   Other: 0.1ms
[130.347s][info][gc,heap     ] GC(400) Eden regions: 1->0(75)
[130.347s][info][gc,heap     ] GC(400) Survivor regions: 1->1(10)
[130.347s][info][gc,heap     ] GC(400) Old regions: 8->8
[130.347s][info][gc,heap     ] GC(400) Archive regions: 2->2
[130.347s][info][gc,heap     ] GC(400) Humongous regions: 96->0
[130.347s][info][gc,metaspace] GC(400) Metaspace: 29089K(29504K)->29089K(29504K) NonClass: 25530K(25728K)->25530K(25728K) Class: 3559K(3776K)->3559K(3776K)
[130.347s][info][gc          ] GC(400) Pause Young (Concurrent Start) (G1 Humongous Allocation) 210M->16M(254M) 1.846ms
[130.347s][info][gc,cpu      ] GC(400) User=0.01s Sys=0.00s Real=0.00s
[130.347s][info][gc          ] GC(401) Concurrent Undo Cycle
[130.347s][info][gc,marking  ] GC(401) Concurrent Cleanup for Next Mark
[130.347s][info][gc,marking  ] GC(401) Concurrent Cleanup for Next Mark 0.092ms
[130.347s][info][gc          ] GC(401) Concurrent Undo Cycle 0.227ms
[130.863s][info][gc,start    ] GC(402) Pause Young (Concurrent Start) (G1 Humongous Allocation)
[130.863s][info][gc,task     ] GC(402) Using 8 workers of 8 for evacuation
[130.864s][info][gc,phases   ] GC(402)   Pre Evacuate Collection Set: 0.1ms
[130.864s][info][gc,phases   ] GC(402)   Merge Heap Roots: 0.1ms
[130.864s][info][gc,phases   ] GC(402)   Evacuate Collection Set: 0.5ms
[130.864s][info][gc,phases   ] GC(402)   Post Evacuate Collection Set: 0.2ms
[130.864s][info][gc,phases   ] GC(402)   Other: 0.1ms
[130.864s][info][gc,heap     ] GC(402) Eden regions: 2->0(75)
[130.864s][info][gc,heap     ] GC(402) Survivor regions: 1->1(10)
[130.864s][info][gc,heap     ] GC(402) Old regions: 8->8
[130.864s][info][gc,heap     ] GC(402) Archive regions: 2->2
[130.864s][info][gc,heap     ] GC(402) Humongous regions: 96->0
[130.864s][info][gc,metaspace] GC(402) Metaspace: 29089K(29504K)->29089K(29504K) NonClass: 25530K(25728K)->25530K(25728K) Class: 3559K(3776K)->3559K(3776K)
[130.864s][info][gc          ] GC(402) Pause Young (Concurrent Start) (G1 Humongous Allocation) 210M->16M(254M) 1.220ms
[130.864s][info][gc          ] GC(403) Concurrent Undo Cycle
[130.864s][info][gc,cpu      ] GC(402) User=0.00s Sys=0.00s Real=0.00s
[130.864s][info][gc,marking  ] GC(403) Concurrent Cleanup for Next Mark
[130.864s][info][gc,marking  ] GC(403) Concurrent Cleanup for Next Mark 0.114ms
[130.864s][info][gc          ] GC(403) Concurrent Undo Cycle 0.189ms
[131.376s][info][gc,start    ] GC(404) Pause Young (Concurrent Start) (G1 Humongous Allocation)
[131.376s][info][gc,task     ] GC(404) Using 8 workers of 8 for evacuation
[131.379s][info][gc,phases   ] GC(404)   Pre Evacuate Collection Set: 0.4ms
[131.379s][info][gc,phases   ] GC(404)   Merge Heap Roots: 0.2ms
[131.379s][info][gc,phases   ] GC(404)   Evacuate Collection Set: 1.2ms
[131.379s][info][gc,phases   ] GC(404)   Post Evacuate Collection Set: 0.9ms
[131.379s][info][gc,phases   ] GC(404)   Other: 0.2ms
[131.379s][info][gc,heap     ] GC(404) Eden regions: 1->0(75)
[131.379s][info][gc,heap     ] GC(404) Survivor regions: 1->1(10)
[131.379s][info][gc,heap     ] GC(404) Old regions: 8->8
[131.379s][info][gc,heap     ] GC(404) Archive regions: 2->2
[131.379s][info][gc,heap     ] GC(404) Humongous regions: 96->0
[131.379s][info][gc,metaspace] GC(404) Metaspace: 29089K(29504K)->29089K(29504K) NonClass: 25530K(25728K)->25530K(25728K) Class: 3559K(3776K)->3559K(3776K)
[131.379s][info][gc          ] GC(404) Pause Young (Concurrent Start) (G1 Humongous Allocation) 210M->16M(254M) 3.477ms
[131.379s][info][gc,cpu      ] GC(404) User=0.01s Sys=0.00s Real=0.00s
[131.380s][info][gc          ] GC(405) Concurrent Undo Cycle
[131.380s][info][gc,marking  ] GC(405) Concurrent Cleanup for Next Mark
[131.380s][info][gc,marking  ] GC(405) Concurrent Cleanup for Next Mark 0.124ms
[131.380s][info][gc          ] GC(405) Concurrent Undo Cycle 0.333ms
[131.897s][info][gc,start    ] GC(406) Pause Young (Concurrent Start) (G1 Humongous Allocation)
[131.897s][info][gc,task     ] GC(406) Using 8 workers of 8 for evacuation
[131.898s][info][gc,phases   ] GC(406)   Pre Evacuate Collection Set: 0.3ms
[131.898s][info][gc,phases   ] GC(406)   Merge Heap Roots: 0.1ms
[131.898s][info][gc,phases   ] GC(406)   Evacuate Collection Set: 0.6ms
[131.898s][info][gc,phases   ] GC(406)   Post Evacuate Collection Set: 0.4ms
[131.898s][info][gc,phases   ] GC(406)   Other: 0.1ms
[131.898s][info][gc,heap     ] GC(406) Eden regions: 1->0(75)
[131.898s][info][gc,heap     ] GC(406) Survivor regions: 1->1(10)
[131.898s][info][gc,heap     ] GC(406) Old regions: 8->8
[131.898s][info][gc,heap     ] GC(406) Archive regions: 2->2
[131.898s][info][gc,heap     ] GC(406) Humongous regions: 96->0
[131.898s][info][gc,metaspace] GC(406) Metaspace: 29089K(29504K)->29089K(29504K) NonClass: 25530K(25728K)->25530K(25728K) Class: 3559K(3776K)->3559K(3776K)
[131.898s][info][gc          ] GC(406) Pause Young (Concurrent Start) (G1 Humongous Allocation) 210M->16M(254M) 1.571ms
[131.898s][info][gc,cpu      ] GC(406) User=0.00s Sys=0.00s Real=0.00s
[131.898s][info][gc          ] GC(407) Concurrent Undo Cycle
[131.899s][info][gc,marking  ] GC(407) Concurrent Cleanup for Next Mark
[131.899s][info][gc,marking  ] GC(407) Concurrent Cleanup for Next Mark 0.063ms
[131.899s][info][gc          ] GC(407) Concurrent Undo Cycle 0.141ms
[132.409s][info][gc,start    ] GC(408) Pause Young (Concurrent Start) (G1 Humongous Allocation)
[132.409s][info][gc,task     ] GC(408) Using 8 workers of 8 for evacuation
[132.410s][info][gc,phases   ] GC(408)   Pre Evacuate Collection Set: 0.3ms
[132.410s][info][gc,phases   ] GC(408)   Merge Heap Roots: 0.1ms
[132.410s][info][gc,phases   ] GC(408)   Evacuate Collection Set: 0.6ms
[132.410s][info][gc,phases   ] GC(408)   Post Evacuate Collection Set: 0.4ms
[132.410s][info][gc,phases   ] GC(408)   Other: 0.0ms
[132.410s][info][gc,heap     ] GC(408) Eden regions: 1->0(75)
[132.410s][info][gc,heap     ] GC(408) Survivor regions: 1->1(10)
[132.410s][info][gc,heap     ] GC(408) Old regions: 8->8
[132.410s][info][gc,heap     ] GC(408) Archive regions: 2->2
[132.410s][info][gc,heap     ] GC(408) Humongous regions: 96->0
[132.410s][info][gc,metaspace] GC(408) Metaspace: 29089K(29504K)->29089K(29504K) NonClass: 25530K(25728K)->25530K(25728K) Class: 3559K(3776K)->3559K(3776K)
[132.410s][info][gc          ] GC(408) Pause Young (Concurrent Start) (G1 Humongous Allocation) 210M->16M(254M) 1.547ms
[132.410s][info][gc,cpu      ] GC(408) User=0.00s Sys=0.01s Real=0.00s
[132.411s][info][gc          ] GC(409) Concurrent Undo Cycle
[132.411s][info][gc,marking  ] GC(409) Concurrent Cleanup for Next Mark
[132.411s][info][gc,marking  ] GC(409) Concurrent Cleanup for Next Mark 0.068ms
[132.411s][info][gc          ] GC(409) Concurrent Undo Cycle 0.134ms
[132.921s][info][gc,start    ] GC(410) Pause Young (Concurrent Start) (G1 Humongous Allocation)
[132.921s][info][gc,task     ] GC(410) Using 8 workers of 8 for evacuation
[132.924s][info][gc,phases   ] GC(410)   Pre Evacuate Collection Set: 0.4ms
[132.924s][info][gc,phases   ] GC(410)   Merge Heap Roots: 0.2ms
[132.924s][info][gc,phases   ] GC(410)   Evacuate Collection Set: 1.1ms
[132.924s][info][gc,phases   ] GC(410)   Post Evacuate Collection Set: 0.7ms
[132.924s][info][gc,phases   ] GC(410)   Other: 0.2ms
[132.924s][info][gc,heap     ] GC(410) Eden regions: 1->0(75)
[132.924s][info][gc,heap     ] GC(410) Survivor regions: 1->1(10)
[132.924s][info][gc,heap     ] GC(410) Old regions: 8->8
[132.924s][info][gc,heap     ] GC(410) Archive regions: 2->2
[132.924s][info][gc,heap     ] GC(410) Humongous regions: 96->0
[132.924s][info][gc,metaspace] GC(410) Metaspace: 29089K(29504K)->29089K(29504K) NonClass: 25530K(25728K)->25530K(25728K) Class: 3559K(3776K)->3559K(3776K)
[132.924s][info][gc          ] GC(410) Pause Young (Concurrent Start) (G1 Humongous Allocation) 210M->16M(254M) 2.982ms
[132.924s][info][gc,cpu      ] GC(410) User=0.00s Sys=0.00s Real=0.01s
[132.924s][info][gc          ] GC(411) Concurrent Undo Cycle
[132.924s][info][gc,marking  ] GC(411) Concurrent Cleanup for Next Mark
[132.924s][info][gc,marking  ] GC(411) Concurrent Cleanup for Next Mark 0.126ms
[132.924s][info][gc          ] GC(411) Concurrent Undo Cycle 0.247ms
[133.442s][info][gc,start    ] GC(412) Pause Young (Concurrent Start) (G1 Humongous Allocation)
[133.442s][info][gc,task     ] GC(412) Using 8 workers of 8 for evacuation
[133.444s][info][gc,phases   ] GC(412)   Pre Evacuate Collection Set: 0.5ms
[133.444s][info][gc,phases   ] GC(412)   Merge Heap Roots: 0.2ms
[133.444s][info][gc,phases   ] GC(412)   Evacuate Collection Set: 0.9ms
[133.444s][info][gc,phases   ] GC(412)   Post Evacuate Collection Set: 0.5ms
[133.444s][info][gc,phases   ] GC(412)   Other: 0.1ms
[133.444s][info][gc,heap     ] GC(412) Eden regions: 1->0(75)
[133.444s][info][gc,heap     ] GC(412) Survivor regions: 1->1(10)
[133.444s][info][gc,heap     ] GC(412) Old regions: 8->8
[133.444s][info][gc,heap     ] GC(412) Archive regions: 2->2
[133.444s][info][gc,heap     ] GC(412) Humongous regions: 96->0
[133.445s][info][gc,metaspace] GC(412) Metaspace: 29089K(29504K)->29089K(29504K) NonClass: 25530K(25728K)->25530K(25728K) Class: 3559K(3776K)->3559K(3776K)
[133.445s][info][gc          ] GC(412) Pause Young (Concurrent Start) (G1 Humongous Allocation) 210M->16M(254M) 2.695ms
[133.445s][info][gc,cpu      ] GC(412) User=0.00s Sys=0.00s Real=0.01s
[133.445s][info][gc          ] GC(413) Concurrent Undo Cycle
[133.445s][info][gc,marking  ] GC(413) Concurrent Cleanup for Next Mark
[133.445s][info][gc,marking  ] GC(413) Concurrent Cleanup for Next Mark 0.233ms
[133.445s][info][gc          ] GC(413) Concurrent Undo Cycle 0.418ms
[133.963s][info][gc,start    ] GC(414) Pause Young (Concurrent Start) (G1 Humongous Allocation)
[133.963s][info][gc,task     ] GC(414) Using 8 workers of 8 for evacuation
[133.965s][info][gc,phases   ] GC(414)   Pre Evacuate Collection Set: 0.3ms
[133.965s][info][gc,phases   ] GC(414)   Merge Heap Roots: 0.1ms
[133.965s][info][gc,phases   ] GC(414)   Evacuate Collection Set: 0.8ms
[133.965s][info][gc,phases   ] GC(414)   Post Evacuate Collection Set: 0.6ms
[133.965s][info][gc,phases   ] GC(414)   Other: 0.1ms
[133.965s][info][gc,heap     ] GC(414) Eden regions: 1->0(75)
[133.965s][info][gc,heap     ] GC(414) Survivor regions: 1->1(10)
[133.965s][info][gc,heap     ] GC(414) Old regions: 8->8
[133.965s][info][gc,heap     ] GC(414) Archive regions: 2->2
[133.965s][info][gc,heap     ] GC(414) Humongous regions: 96->0
[133.965s][info][gc,metaspace] GC(414) Metaspace: 29089K(29504K)->29089K(29504K) NonClass: 25530K(25728K)->25530K(25728K) Class: 3559K(3776K)->3559K(3776K)
[133.965s][info][gc          ] GC(414) Pause Young (Concurrent Start) (G1 Humongous Allocation) 210M->16M(254M) 2.325ms
[133.966s][info][gc,cpu      ] GC(414) User=0.00s Sys=0.00s Real=0.00s
[133.966s][info][gc          ] GC(415) Concurrent Undo Cycle
[133.966s][info][gc,marking  ] GC(415) Concurrent Cleanup for Next Mark
[133.966s][info][gc,marking  ] GC(415) Concurrent Cleanup for Next Mark 0.108ms
[133.966s][info][gc          ] GC(415) Concurrent Undo Cycle 0.258ms
[134.493s][info][gc,start    ] GC(416) Pause Young (Concurrent Start) (G1 Humongous Allocation)
[134.493s][info][gc,task     ] GC(416) Using 8 workers of 8 for evacuation
[134.496s][info][gc,phases   ] GC(416)   Pre Evacuate Collection Set: 0.4ms
[134.496s][info][gc,phases   ] GC(416)   Merge Heap Roots: 0.1ms
[134.496s][info][gc,phases   ] GC(416)   Evacuate Collection Set: 1.5ms
[134.496s][info][gc,phases   ] GC(416)   Post Evacuate Collection Set: 0.6ms
[134.496s][info][gc,phases   ] GC(416)   Other: 0.2ms
[134.496s][info][gc,heap     ] GC(416) Eden regions: 1->0(75)
[134.496s][info][gc,heap     ] GC(416) Survivor regions: 1->1(10)
[134.496s][info][gc,heap     ] GC(416) Old regions: 8->8
[134.496s][info][gc,heap     ] GC(416) Archive regions: 2->2
[134.497s][info][gc,heap     ] GC(416) Humongous regions: 96->0
[134.497s][info][gc,metaspace] GC(416) Metaspace: 29089K(29504K)->29089K(29504K) NonClass: 25530K(25728K)->25530K(25728K) Class: 3559K(3776K)->3559K(3776K)
[134.497s][info][gc          ] GC(416) Pause Young (Concurrent Start) (G1 Humongous Allocation) 210M->16M(254M) 3.463ms
[134.497s][info][gc,cpu      ] GC(416) User=0.00s Sys=0.00s Real=0.00s
[134.497s][info][gc          ] GC(417) Concurrent Undo Cycle
[134.497s][info][gc,marking  ] GC(417) Concurrent Cleanup for Next Mark
[134.497s][info][gc,marking  ] GC(417) Concurrent Cleanup for Next Mark 0.121ms
[134.497s][info][gc          ] GC(417) Concurrent Undo Cycle 0.315ms
[135.013s][info][gc,start    ] GC(418) Pause Young (Concurrent Start) (G1 Humongous Allocation)
[135.013s][info][gc,task     ] GC(418) Using 8 workers of 8 for evacuation
[135.016s][info][gc,phases   ] GC(418)   Pre Evacuate Collection Set: 0.4ms
[135.016s][info][gc,phases   ] GC(418)   Merge Heap Roots: 0.2ms
[135.016s][info][gc,phases   ] GC(418)   Evacuate Collection Set: 1.3ms
[135.016s][info][gc,phases   ] GC(418)   Post Evacuate Collection Set: 0.8ms
[135.016s][info][gc,phases   ] GC(418)   Other: 0.2ms
[135.016s][info][gc,heap     ] GC(418) Eden regions: 1->0(75)
[135.016s][info][gc,heap     ] GC(418) Survivor regions: 1->1(10)
[135.016s][info][gc,heap     ] GC(418) Old regions: 8->8
[135.016s][info][gc,heap     ] GC(418) Archive regions: 2->2
[135.016s][info][gc,heap     ] GC(418) Humongous regions: 96->0
[135.016s][info][gc,metaspace] GC(418) Metaspace: 29089K(29504K)->29089K(29504K) NonClass: 25530K(25728K)->25530K(25728K) Class: 3559K(3776K)->3559K(3776K)
[135.016s][info][gc          ] GC(418) Pause Young (Concurrent Start) (G1 Humongous Allocation) 210M->16M(254M) 3.292ms
[135.016s][info][gc,cpu      ] GC(418) User=0.01s Sys=0.00s Real=0.00s
[135.016s][info][gc          ] GC(419) Concurrent Undo Cycle
[135.017s][info][gc,marking  ] GC(419) Concurrent Cleanup for Next Mark
[135.017s][info][gc,marking  ] GC(419) Concurrent Cleanup for Next Mark 0.113ms
[135.017s][info][gc          ] GC(419) Concurrent Undo Cycle 0.256ms
[135.533s][info][gc,start    ] GC(420) Pause Young (Concurrent Start) (G1 Humongous Allocation)
[135.534s][info][gc,task     ] GC(420) Using 8 workers of 8 for evacuation
[135.536s][info][gc,phases   ] GC(420)   Pre Evacuate Collection Set: 0.4ms
[135.536s][info][gc,phases   ] GC(420)   Merge Heap Roots: 0.2ms
[135.536s][info][gc,phases   ] GC(420)   Evacuate Collection Set: 1.2ms
[135.536s][info][gc,phases   ] GC(420)   Post Evacuate Collection Set: 0.8ms
[135.536s][info][gc,phases   ] GC(420)   Other: 0.2ms
[135.536s][info][gc,heap     ] GC(420) Eden regions: 1->0(75)
[135.537s][info][gc,heap     ] GC(420) Survivor regions: 1->1(10)
[135.537s][info][gc,heap     ] GC(420) Old regions: 8->8
[135.537s][info][gc,heap     ] GC(420) Archive regions: 2->2
[135.537s][info][gc,heap     ] GC(420) Humongous regions: 96->0
[135.537s][info][gc,metaspace] GC(420) Metaspace: 29089K(29504K)->29089K(29504K) NonClass: 25530K(25728K)->25530K(25728K) Class: 3559K(3776K)->3559K(3776K)
[135.537s][info][gc          ] GC(420) Pause Young (Concurrent Start) (G1 Humongous Allocation) 210M->16M(254M) 3.281ms
[135.537s][info][gc,cpu      ] GC(420) User=0.00s Sys=0.00s Real=0.00s
[135.537s][info][gc          ] GC(421) Concurrent Undo Cycle
[135.537s][info][gc,marking  ] GC(421) Concurrent Cleanup for Next Mark
[135.537s][info][gc,marking  ] GC(421) Concurrent Cleanup for Next Mark 0.124ms
[135.537s][info][gc          ] GC(421) Concurrent Undo Cycle 0.282ms
[136.052s][info][gc,start    ] GC(422) Pause Young (Concurrent Start) (G1 Humongous Allocation)
[136.053s][info][gc,task     ] GC(422) Using 8 workers of 8 for evacuation
[136.054s][info][gc,phases   ] GC(422)   Pre Evacuate Collection Set: 0.3ms
[136.054s][info][gc,phases   ] GC(422)   Merge Heap Roots: 0.1ms
[136.054s][info][gc,phases   ] GC(422)   Evacuate Collection Set: 0.8ms
[136.054s][info][gc,phases   ] GC(422)   Post Evacuate Collection Set: 0.5ms
[136.054s][info][gc,phases   ] GC(422)   Other: 0.1ms
[136.054s][info][gc,heap     ] GC(422) Eden regions: 1->0(75)
[136.054s][info][gc,heap     ] GC(422) Survivor regions: 1->1(10)
[136.055s][info][gc,heap     ] GC(422) Old regions: 8->8
[136.055s][info][gc,heap     ] GC(422) Archive regions: 2->2
[136.055s][info][gc,heap     ] GC(422) Humongous regions: 96->0
[136.055s][info][gc,metaspace] GC(422) Metaspace: 29089K(29504K)->29089K(29504K) NonClass: 25530K(25728K)->25530K(25728K) Class: 3559K(3776K)->3559K(3776K)
[136.055s][info][gc          ] GC(422) Pause Young (Concurrent Start) (G1 Humongous Allocation) 210M->16M(254M) 2.167ms
[136.055s][info][gc,cpu      ] GC(422) User=0.01s Sys=0.00s Real=0.00s
[136.055s][info][gc          ] GC(423) Concurrent Undo Cycle
[136.055s][info][gc,marking  ] GC(423) Concurrent Cleanup for Next Mark
[136.055s][info][gc,marking  ] GC(423) Concurrent Cleanup for Next Mark 0.172ms
[136.055s][info][gc          ] GC(423) Concurrent Undo Cycle 0.345ms
[136.574s][info][gc,start    ] GC(424) Pause Young (Concurrent Start) (G1 Humongous Allocation)
[136.574s][info][gc,task     ] GC(424) Using 8 workers of 8 for evacuation
[136.576s][info][gc,phases   ] GC(424)   Pre Evacuate Collection Set: 0.3ms
[136.576s][info][gc,phases   ] GC(424)   Merge Heap Roots: 0.1ms
[136.576s][info][gc,phases   ] GC(424)   Evacuate Collection Set: 1.0ms
[136.576s][info][gc,phases   ] GC(424)   Post Evacuate Collection Set: 0.5ms
[136.576s][info][gc,phases   ] GC(424)   Other: 0.2ms
[136.576s][info][gc,heap     ] GC(424) Eden regions: 1->0(75)
[136.576s][info][gc,heap     ] GC(424) Survivor regions: 1->1(10)
[136.576s][info][gc,heap     ] GC(424) Old regions: 8->8
[136.576s][info][gc,heap     ] GC(424) Archive regions: 2->2
[136.576s][info][gc,heap     ] GC(424) Humongous regions: 96->0
[136.576s][info][gc,metaspace] GC(424) Metaspace: 29089K(29504K)->29089K(29504K) NonClass: 25530K(25728K)->25530K(25728K) Class: 3559K(3776K)->3559K(3776K)
[136.577s][info][gc          ] GC(424) Pause Young (Concurrent Start) (G1 Humongous Allocation) 210M->16M(254M) 2.515ms
[136.577s][info][gc,cpu      ] GC(424) User=0.01s Sys=0.00s Real=0.00s
[136.577s][info][gc          ] GC(425) Concurrent Undo Cycle
[136.577s][info][gc,marking  ] GC(425) Concurrent Cleanup for Next Mark
[136.577s][info][gc,marking  ] GC(425) Concurrent Cleanup for Next Mark 0.148ms
[136.577s][info][gc          ] GC(425) Concurrent Undo Cycle 0.283ms
[137.093s][info][gc,start    ] GC(426) Pause Young (Concurrent Start) (G1 Humongous Allocation)
[137.093s][info][gc,task     ] GC(426) Using 8 workers of 8 for evacuation
[137.094s][info][gc,phases   ] GC(426)   Pre Evacuate Collection Set: 0.2ms
[137.094s][info][gc,phases   ] GC(426)   Merge Heap Roots: 0.1ms
[137.094s][info][gc,phases   ] GC(426)   Evacuate Collection Set: 0.7ms
[137.094s][info][gc,phases   ] GC(426)   Post Evacuate Collection Set: 0.5ms
[137.094s][info][gc,phases   ] GC(426)   Other: 0.1ms
[137.094s][info][gc,heap     ] GC(426) Eden regions: 2->0(75)
[137.094s][info][gc,heap     ] GC(426) Survivor regions: 1->1(10)
[137.094s][info][gc,heap     ] GC(426) Old regions: 8->8
[137.094s][info][gc,heap     ] GC(426) Archive regions: 2->2
[137.094s][info][gc,heap     ] GC(426) Humongous regions: 96->0
[137.094s][info][gc,metaspace] GC(426) Metaspace: 29089K(29504K)->29089K(29504K) NonClass: 25530K(25728K)->25530K(25728K) Class: 3559K(3776K)->3559K(3776K)
[137.095s][info][gc          ] GC(426) Pause Young (Concurrent Start) (G1 Humongous Allocation) 210M->16M(254M) 1.963ms
[137.095s][info][gc,cpu      ] GC(426) User=0.00s Sys=0.00s Real=0.00s
[137.095s][info][gc          ] GC(427) Concurrent Undo Cycle
[137.095s][info][gc,marking  ] GC(427) Concurrent Cleanup for Next Mark
[137.095s][info][gc,marking  ] GC(427) Concurrent Cleanup for Next Mark 0.103ms
[137.095s][info][gc          ] GC(427) Concurrent Undo Cycle 0.214ms
[137.610s][info][gc,start    ] GC(428) Pause Young (Concurrent Start) (G1 Humongous Allocation)
[137.610s][info][gc,task     ] GC(428) Using 8 workers of 8 for evacuation
[137.611s][info][gc,phases   ] GC(428)   Pre Evacuate Collection Set: 0.2ms
[137.611s][info][gc,phases   ] GC(428)   Merge Heap Roots: 0.1ms
[137.611s][info][gc,phases   ] GC(428)   Evacuate Collection Set: 0.5ms
[137.611s][info][gc,phases   ] GC(428)   Post Evacuate Collection Set: 0.4ms
[137.611s][info][gc,phases   ] GC(428)   Other: 0.0ms
[137.611s][info][gc,heap     ] GC(428) Eden regions: 1->0(75)
[137.611s][info][gc,heap     ] GC(428) Survivor regions: 1->1(10)
[137.611s][info][gc,heap     ] GC(428) Old regions: 8->8
[137.611s][info][gc,heap     ] GC(428) Archive regions: 2->2
[137.611s][info][gc,heap     ] GC(428) Humongous regions: 96->0
[137.611s][info][gc,metaspace] GC(428) Metaspace: 29089K(29504K)->29089K(29504K) NonClass: 25530K(25728K)->25530K(25728K) Class: 3559K(3776K)->3559K(3776K)
[137.611s][info][gc          ] GC(428) Pause Young (Concurrent Start) (G1 Humongous Allocation) 210M->16M(254M) 1.349ms
[137.611s][info][gc,cpu      ] GC(428) User=0.00s Sys=0.00s Real=0.00s
[137.611s][info][gc          ] GC(429) Concurrent Undo Cycle
[137.611s][info][gc,marking  ] GC(429) Concurrent Cleanup for Next Mark
[137.611s][info][gc,marking  ] GC(429) Concurrent Cleanup for Next Mark 0.082ms
[137.611s][info][gc          ] GC(429) Concurrent Undo Cycle 0.145ms
[138.121s][info][gc,start    ] GC(430) Pause Young (Concurrent Start) (G1 Humongous Allocation)
[138.121s][info][gc,task     ] GC(430) Using 8 workers of 8 for evacuation
[138.124s][info][gc,phases   ] GC(430)   Pre Evacuate Collection Set: 0.5ms
[138.124s][info][gc,phases   ] GC(430)   Merge Heap Roots: 0.2ms
[138.124s][info][gc,phases   ] GC(430)   Evacuate Collection Set: 1.2ms
[138.124s][info][gc,phases   ] GC(430)   Post Evacuate Collection Set: 0.5ms
[138.124s][info][gc,phases   ] GC(430)   Other: 0.2ms
[138.124s][info][gc,heap     ] GC(430) Eden regions: 1->0(75)
[138.124s][info][gc,heap     ] GC(430) Survivor regions: 1->1(10)
[138.124s][info][gc,heap     ] GC(430) Old regions: 8->8
[138.124s][info][gc,heap     ] GC(430) Archive regions: 2->2
[138.124s][info][gc,heap     ] GC(430) Humongous regions: 96->0
[138.124s][info][gc,metaspace] GC(430) Metaspace: 29089K(29504K)->29089K(29504K) NonClass: 25530K(25728K)->25530K(25728K) Class: 3559K(3776K)->3559K(3776K)
[138.124s][info][gc          ] GC(430) Pause Young (Concurrent Start) (G1 Humongous Allocation) 210M->16M(254M) 2.994ms
[138.124s][info][gc,cpu      ] GC(430) User=0.00s Sys=0.00s Real=0.01s
[138.124s][info][gc          ] GC(431) Concurrent Undo Cycle
[138.124s][info][gc,marking  ] GC(431) Concurrent Cleanup for Next Mark
[138.124s][info][gc,marking  ] GC(431) Concurrent Cleanup for Next Mark 0.178ms
[138.124s][info][gc          ] GC(431) Concurrent Undo Cycle 0.344ms
[138.642s][info][gc,start    ] GC(432) Pause Young (Concurrent Start) (G1 Humongous Allocation)
[138.642s][info][gc,task     ] GC(432) Using 8 workers of 8 for evacuation
[138.645s][info][gc,phases   ] GC(432)   Pre Evacuate Collection Set: 0.7ms
[138.645s][info][gc,phases   ] GC(432)   Merge Heap Roots: 0.1ms
[138.645s][info][gc,phases   ] GC(432)   Evacuate Collection Set: 0.9ms
[138.645s][info][gc,phases   ] GC(432)   Post Evacuate Collection Set: 0.6ms
[138.645s][info][gc,phases   ] GC(432)   Other: 0.1ms
[138.645s][info][gc,heap     ] GC(432) Eden regions: 1->0(75)
[138.645s][info][gc,heap     ] GC(432) Survivor regions: 1->1(10)
[138.645s][info][gc,heap     ] GC(432) Old regions: 8->8
[138.645s][info][gc,heap     ] GC(432) Archive regions: 2->2
[138.645s][info][gc,heap     ] GC(432) Humongous regions: 96->0
[138.645s][info][gc,metaspace] GC(432) Metaspace: 29089K(29504K)->29089K(29504K) NonClass: 25530K(25728K)->25530K(25728K) Class: 3559K(3776K)->3559K(3776K)
[138.645s][info][gc          ] GC(432) Pause Young (Concurrent Start) (G1 Humongous Allocation) 210M->16M(254M) 3.284ms
[138.645s][info][gc,cpu      ] GC(432) User=0.00s Sys=0.01s Real=0.01s
[138.645s][info][gc          ] GC(433) Concurrent Undo Cycle
[138.645s][info][gc,marking  ] GC(433) Concurrent Cleanup for Next Mark
[138.646s][info][gc,marking  ] GC(433) Concurrent Cleanup for Next Mark 0.156ms
[138.646s][info][gc          ] GC(433) Concurrent Undo Cycle 0.331ms
[139.160s][info][gc,start    ] GC(434) Pause Young (Concurrent Start) (G1 Humongous Allocation)
[139.161s][info][gc,task     ] GC(434) Using 8 workers of 8 for evacuation
[139.162s][info][gc,phases   ] GC(434)   Pre Evacuate Collection Set: 0.1ms
[139.162s][info][gc,phases   ] GC(434)   Merge Heap Roots: 0.1ms
[139.162s][info][gc,phases   ] GC(434)   Evacuate Collection Set: 0.5ms
[139.162s][info][gc,phases   ] GC(434)   Post Evacuate Collection Set: 0.3ms
[139.162s][info][gc,phases   ] GC(434)   Other: 0.1ms
[139.162s][info][gc,heap     ] GC(434) Eden regions: 1->0(75)
[139.162s][info][gc,heap     ] GC(434) Survivor regions: 1->1(10)
[139.162s][info][gc,heap     ] GC(434) Old regions: 8->8
[139.162s][info][gc,heap     ] GC(434) Archive regions: 2->2
[139.162s][info][gc,heap     ] GC(434) Humongous regions: 96->0
[139.162s][info][gc,metaspace] GC(434) Metaspace: 29089K(29504K)->29089K(29504K) NonClass: 25530K(25728K)->25530K(25728K) Class: 3559K(3776K)->3559K(3776K)
[139.162s][info][gc          ] GC(434) Pause Young (Concurrent Start) (G1 Humongous Allocation) 210M->16M(254M) 1.303ms
[139.162s][info][gc          ] GC(435) Concurrent Undo Cycle
[139.162s][info][gc,cpu      ] GC(434) User=0.00s Sys=0.00s Real=0.00s
[139.162s][info][gc,marking  ] GC(435) Concurrent Cleanup for Next Mark
[139.162s][info][gc,marking  ] GC(435) Concurrent Cleanup for Next Mark 0.068ms
[139.162s][info][gc          ] GC(435) Concurrent Undo Cycle 0.142ms
[139.676s][info][gc,start    ] GC(436) Pause Young (Concurrent Start) (G1 Humongous Allocation)
[139.676s][info][gc,task     ] GC(436) Using 8 workers of 8 for evacuation
[139.677s][info][gc,phases   ] GC(436)   Pre Evacuate Collection Set: 0.1ms
[139.677s][info][gc,phases   ] GC(436)   Merge Heap Roots: 0.0ms
[139.677s][info][gc,phases   ] GC(436)   Evacuate Collection Set: 0.6ms
[139.677s][info][gc,phases   ] GC(436)   Post Evacuate Collection Set: 0.3ms
[139.677s][info][gc,phases   ] GC(436)   Other: 0.1ms
[139.677s][info][gc,heap     ] GC(436) Eden regions: 1->0(75)
[139.677s][info][gc,heap     ] GC(436) Survivor regions: 1->1(10)
[139.677s][info][gc,heap     ] GC(436) Old regions: 8->8
[139.677s][info][gc,heap     ] GC(436) Archive regions: 2->2
[139.677s][info][gc,heap     ] GC(436) Humongous regions: 96->0
[139.677s][info][gc,metaspace] GC(436) Metaspace: 29089K(29504K)->29089K(29504K) NonClass: 25530K(25728K)->25530K(25728K) Class: 3559K(3776K)->3559K(3776K)
[139.677s][info][gc          ] GC(436) Pause Young (Concurrent Start) (G1 Humongous Allocation) 210M->16M(254M) 1.295ms
[139.677s][info][gc,cpu      ] GC(436) User=0.00s Sys=0.00s Real=0.00s
[139.677s][info][gc          ] GC(437) Concurrent Undo Cycle
[139.677s][info][gc,marking  ] GC(437) Concurrent Cleanup for Next Mark
[139.677s][info][gc,marking  ] GC(437) Concurrent Cleanup for Next Mark 0.049ms
[139.677s][info][gc          ] GC(437) Concurrent Undo Cycle 0.116ms
[140.189s][info][gc,start    ] GC(438) Pause Young (Concurrent Start) (G1 Humongous Allocation)
[140.189s][info][gc,task     ] GC(438) Using 8 workers of 8 for evacuation
[140.191s][info][gc,phases   ] GC(438)   Pre Evacuate Collection Set: 0.4ms
[140.191s][info][gc,phases   ] GC(438)   Merge Heap Roots: 0.2ms
[140.192s][info][gc,phases   ] GC(438)   Evacuate Collection Set: 1.2ms
[140.192s][info][gc,phases   ] GC(438)   Post Evacuate Collection Set: 0.6ms
[140.192s][info][gc,phases   ] GC(438)   Other: 0.2ms
[140.192s][info][gc,heap     ] GC(438) Eden regions: 1->0(75)
[140.192s][info][gc,heap     ] GC(438) Survivor regions: 1->1(10)
[140.192s][info][gc,heap     ] GC(438) Old regions: 8->8
[140.192s][info][gc,heap     ] GC(438) Archive regions: 2->2
[140.192s][info][gc,heap     ] GC(438) Humongous regions: 96->0
[140.192s][info][gc,metaspace] GC(438) Metaspace: 29089K(29504K)->29089K(29504K) NonClass: 25530K(25728K)->25530K(25728K) Class: 3559K(3776K)->3559K(3776K)
[140.192s][info][gc          ] GC(438) Pause Young (Concurrent Start) (G1 Humongous Allocation) 210M->16M(254M) 3.089ms
[140.192s][info][gc,cpu      ] GC(438) User=0.01s Sys=0.00s Real=0.00s
[140.192s][info][gc          ] GC(439) Concurrent Undo Cycle
[140.192s][info][gc,marking  ] GC(439) Concurrent Cleanup for Next Mark
[140.192s][info][gc,marking  ] GC(439) Concurrent Cleanup for Next Mark 0.124ms
[140.192s][info][gc          ] GC(439) Concurrent Undo Cycle 0.276ms
[140.712s][info][gc,start    ] GC(440) Pause Young (Concurrent Start) (G1 Humongous Allocation)
[140.713s][info][gc,task     ] GC(440) Using 8 workers of 8 for evacuation
[140.715s][info][gc,phases   ] GC(440)   Pre Evacuate Collection Set: 0.4ms
[140.716s][info][gc,phases   ] GC(440)   Merge Heap Roots: 0.2ms
[140.716s][info][gc,phases   ] GC(440)   Evacuate Collection Set: 1.2ms
[140.716s][info][gc,phases   ] GC(440)   Post Evacuate Collection Set: 0.8ms
[140.716s][info][gc,phases   ] GC(440)   Other: 0.3ms
[140.716s][info][gc,heap     ] GC(440) Eden regions: 1->0(75)
[140.716s][info][gc,heap     ] GC(440) Survivor regions: 1->1(10)
[140.716s][info][gc,heap     ] GC(440) Old regions: 8->8
[140.716s][info][gc,heap     ] GC(440) Archive regions: 2->2
[140.716s][info][gc,heap     ] GC(440) Humongous regions: 96->0
[140.716s][info][gc,metaspace] GC(440) Metaspace: 29089K(29504K)->29089K(29504K) NonClass: 25530K(25728K)->25530K(25728K) Class: 3559K(3776K)->3559K(3776K)
[140.716s][info][gc          ] GC(440) Pause Young (Concurrent Start) (G1 Humongous Allocation) 210M->16M(254M) 3.525ms
[140.716s][info][gc,cpu      ] GC(440) User=0.00s Sys=0.01s Real=0.00s
[140.716s][info][gc          ] GC(441) Concurrent Undo Cycle
[140.716s][info][gc,marking  ] GC(441) Concurrent Cleanup for Next Mark
[140.716s][info][gc,marking  ] GC(441) Concurrent Cleanup for Next Mark 0.173ms
[140.716s][info][gc          ] GC(441) Concurrent Undo Cycle 0.406ms
[141.237s][info][gc,start    ] GC(442) Pause Young (Concurrent Start) (G1 Humongous Allocation)
[141.237s][info][gc,task     ] GC(442) Using 8 workers of 8 for evacuation
[141.240s][info][gc,phases   ] GC(442)   Pre Evacuate Collection Set: 0.5ms
[141.240s][info][gc,phases   ] GC(442)   Merge Heap Roots: 0.2ms
[141.240s][info][gc,phases   ] GC(442)   Evacuate Collection Set: 1.2ms
[141.241s][info][gc,phases   ] GC(442)   Post Evacuate Collection Set: 0.8ms
[141.241s][info][gc,phases   ] GC(442)   Other: 0.2ms
[141.241s][info][gc,heap     ] GC(442) Eden regions: 1->0(75)
[141.241s][info][gc,heap     ] GC(442) Survivor regions: 1->1(10)
[141.241s][info][gc,heap     ] GC(442) Old regions: 8->8
[141.241s][info][gc,heap     ] GC(442) Archive regions: 2->2
[141.241s][info][gc,heap     ] GC(442) Humongous regions: 96->0
[141.241s][info][gc,metaspace] GC(442) Metaspace: 29089K(29504K)->29089K(29504K) NonClass: 25530K(25728K)->25530K(25728K) Class: 3559K(3776K)->3559K(3776K)
[141.241s][info][gc          ] GC(442) Pause Young (Concurrent Start) (G1 Humongous Allocation) 210M->16M(254M) 3.510ms
[141.241s][info][gc,cpu      ] GC(442) User=0.01s Sys=0.00s Real=0.00s
[141.241s][info][gc          ] GC(443) Concurrent Undo Cycle
[141.241s][info][gc,marking  ] GC(443) Concurrent Cleanup for Next Mark
[141.241s][info][gc,marking  ] GC(443) Concurrent Cleanup for Next Mark 0.204ms
[141.241s][info][gc          ] GC(443) Concurrent Undo Cycle 0.445ms
[141.759s][info][gc,start    ] GC(444) Pause Young (Concurrent Start) (G1 Humongous Allocation)
[141.759s][info][gc,task     ] GC(444) Using 8 workers of 8 for evacuation
[141.762s][info][gc,phases   ] GC(444)   Pre Evacuate Collection Set: 0.5ms
[141.762s][info][gc,phases   ] GC(444)   Merge Heap Roots: 0.2ms
[141.762s][info][gc,phases   ] GC(444)   Evacuate Collection Set: 1.2ms
[141.762s][info][gc,phases   ] GC(444)   Post Evacuate Collection Set: 0.8ms
[141.762s][info][gc,phases   ] GC(444)   Other: 0.2ms
[141.762s][info][gc,heap     ] GC(444) Eden regions: 2->0(75)
[141.762s][info][gc,heap     ] GC(444) Survivor regions: 1->1(10)
[141.762s][info][gc,heap     ] GC(444) Old regions: 8->8
[141.762s][info][gc,heap     ] GC(444) Archive regions: 2->2
[141.762s][info][gc,heap     ] GC(444) Humongous regions: 96->0
[141.762s][info][gc,metaspace] GC(444) Metaspace: 29089K(29504K)->29089K(29504K) NonClass: 25530K(25728K)->25530K(25728K) Class: 3559K(3776K)->3559K(3776K)
[141.762s][info][gc          ] GC(444) Pause Young (Concurrent Start) (G1 Humongous Allocation) 210M->16M(254M) 3.338ms
[141.762s][info][gc,cpu      ] GC(444) User=0.01s Sys=0.01s Real=0.01s
[141.762s][info][gc          ] GC(445) Concurrent Undo Cycle
[141.763s][info][gc,marking  ] GC(445) Concurrent Cleanup for Next Mark
[141.763s][info][gc,marking  ] GC(445) Concurrent Cleanup for Next Mark 0.180ms
[141.763s][info][gc          ] GC(445) Concurrent Undo Cycle 0.372ms
[142.284s][info][gc,start    ] GC(446) Pause Young (Concurrent Start) (G1 Humongous Allocation)
[142.284s][info][gc,task     ] GC(446) Using 8 workers of 8 for evacuation
[142.286s][info][gc,phases   ] GC(446)   Pre Evacuate Collection Set: 0.4ms
[142.286s][info][gc,phases   ] GC(446)   Merge Heap Roots: 0.2ms
[142.286s][info][gc,phases   ] GC(446)   Evacuate Collection Set: 0.9ms
[142.286s][info][gc,phases   ] GC(446)   Post Evacuate Collection Set: 0.6ms
[142.286s][info][gc,phases   ] GC(446)   Other: 0.2ms
[142.286s][info][gc,heap     ] GC(446) Eden regions: 1->0(75)
[142.286s][info][gc,heap     ] GC(446) Survivor regions: 1->1(10)
[142.286s][info][gc,heap     ] GC(446) Old regions: 8->8
[142.286s][info][gc,heap     ] GC(446) Archive regions: 2->2
[142.286s][info][gc,heap     ] GC(446) Humongous regions: 96->0
[142.286s][info][gc,metaspace] GC(446) Metaspace: 29089K(29504K)->29089K(29504K) NonClass: 25530K(25728K)->25530K(25728K) Class: 3559K(3776K)->3559K(3776K)
[142.287s][info][gc          ] GC(446) Pause Young (Concurrent Start) (G1 Humongous Allocation) 209M->16M(254M) 2.706ms
[142.287s][info][gc,cpu      ] GC(446) User=0.00s Sys=0.00s Real=0.00s
[142.287s][info][gc          ] GC(447) Concurrent Undo Cycle
[142.287s][info][gc,marking  ] GC(447) Concurrent Cleanup for Next Mark
[142.287s][info][gc,marking  ] GC(447) Concurrent Cleanup for Next Mark 0.106ms
[142.287s][info][gc          ] GC(447) Concurrent Undo Cycle 0.229ms
[142.801s][info][gc,start    ] GC(448) Pause Young (Concurrent Start) (G1 Humongous Allocation)
[142.802s][info][gc,task     ] GC(448) Using 8 workers of 8 for evacuation
[142.804s][info][gc,phases   ] GC(448)   Pre Evacuate Collection Set: 0.4ms
[142.805s][info][gc,phases   ] GC(448)   Merge Heap Roots: 0.2ms
[142.805s][info][gc,phases   ] GC(448)   Evacuate Collection Set: 1.2ms
[142.805s][info][gc,phases   ] GC(448)   Post Evacuate Collection Set: 0.8ms
[142.805s][info][gc,phases   ] GC(448)   Other: 0.2ms
[142.805s][info][gc,heap     ] GC(448) Eden regions: 2->0(75)
[142.805s][info][gc,heap     ] GC(448) Survivor regions: 1->1(10)
[142.805s][info][gc,heap     ] GC(448) Old regions: 8->8
[142.805s][info][gc,heap     ] GC(448) Archive regions: 2->2
[142.805s][info][gc,heap     ] GC(448) Humongous regions: 96->0
[142.805s][info][gc,metaspace] GC(448) Metaspace: 29089K(29504K)->29089K(29504K) NonClass: 25530K(25728K)->25530K(25728K) Class: 3559K(3776K)->3559K(3776K)
[142.805s][info][gc          ] GC(448) Pause Young (Concurrent Start) (G1 Humongous Allocation) 210M->16M(254M) 3.419ms
[142.805s][info][gc,cpu      ] GC(448) User=0.01s Sys=0.00s Real=0.01s
[142.805s][info][gc          ] GC(449) Concurrent Undo Cycle
[142.805s][info][gc,marking  ] GC(449) Concurrent Cleanup for Next Mark
[142.805s][info][gc,marking  ] GC(449) Concurrent Cleanup for Next Mark 0.227ms
[142.805s][info][gc          ] GC(449) Concurrent Undo Cycle 0.454ms
[143.325s][info][gc,start    ] GC(450) Pause Young (Concurrent Start) (G1 Humongous Allocation)
[143.326s][info][gc,task     ] GC(450) Using 8 workers of 8 for evacuation
[143.327s][info][gc,phases   ] GC(450)   Pre Evacuate Collection Set: 0.3ms
[143.327s][info][gc,phases   ] GC(450)   Merge Heap Roots: 0.1ms
[143.328s][info][gc,phases   ] GC(450)   Evacuate Collection Set: 1.1ms
[143.328s][info][gc,phases   ] GC(450)   Post Evacuate Collection Set: 0.4ms
[143.328s][info][gc,phases   ] GC(450)   Other: 0.1ms
[143.328s][info][gc,heap     ] GC(450) Eden regions: 1->0(75)
[143.328s][info][gc,heap     ] GC(450) Survivor regions: 1->1(10)
[143.328s][info][gc,heap     ] GC(450) Old regions: 8->8
[143.328s][info][gc,heap     ] GC(450) Archive regions: 2->2
[143.328s][info][gc,heap     ] GC(450) Humongous regions: 96->0
[143.328s][info][gc,metaspace] GC(450) Metaspace: 29089K(29504K)->29089K(29504K) NonClass: 25530K(25728K)->25530K(25728K) Class: 3559K(3776K)->3559K(3776K)
[143.328s][info][gc          ] GC(450) Pause Young (Concurrent Start) (G1 Humongous Allocation) 209M->16M(254M) 2.330ms
[143.328s][info][gc,cpu      ] GC(450) User=0.01s Sys=0.01s Real=0.00s
[143.328s][info][gc          ] GC(451) Concurrent Undo Cycle
[143.328s][info][gc,marking  ] GC(451) Concurrent Cleanup for Next Mark
[143.328s][info][gc,marking  ] GC(451) Concurrent Cleanup for Next Mark 0.091ms
[143.328s][info][gc          ] GC(451) Concurrent Undo Cycle 0.209ms
[143.845s][info][gc,start    ] GC(452) Pause Young (Concurrent Start) (G1 Humongous Allocation)
[143.845s][info][gc,task     ] GC(452) Using 8 workers of 8 for evacuation
[143.847s][info][gc,phases   ] GC(452)   Pre Evacuate Collection Set: 0.2ms
[143.848s][info][gc,phases   ] GC(452)   Merge Heap Roots: 0.1ms
[143.848s][info][gc,phases   ] GC(452)   Evacuate Collection Set: 1.2ms
[143.848s][info][gc,phases   ] GC(452)   Post Evacuate Collection Set: 0.8ms
[143.848s][info][gc,phases   ] GC(452)   Other: 0.1ms
[143.848s][info][gc,heap     ] GC(452) Eden regions: 2->0(75)
[143.848s][info][gc,heap     ] GC(452) Survivor regions: 1->1(10)
[143.848s][info][gc,heap     ] GC(452) Old regions: 8->8
[143.848s][info][gc,heap     ] GC(452) Archive regions: 2->2
[143.848s][info][gc,heap     ] GC(452) Humongous regions: 96->0
[143.848s][info][gc,metaspace] GC(452) Metaspace: 29089K(29504K)->29089K(29504K) NonClass: 25530K(25728K)->25530K(25728K) Class: 3559K(3776K)->3559K(3776K)
[143.848s][info][gc          ] GC(452) Pause Young (Concurrent Start) (G1 Humongous Allocation) 210M->16M(254M) 3.033ms
[143.848s][info][gc,cpu      ] GC(452) User=0.01s Sys=0.00s Real=0.00s
[143.848s][info][gc          ] GC(453) Concurrent Undo Cycle
[143.848s][info][gc,marking  ] GC(453) Concurrent Cleanup for Next Mark
[143.848s][info][gc,marking  ] GC(453) Concurrent Cleanup for Next Mark 0.184ms
[143.848s][info][gc          ] GC(453) Concurrent Undo Cycle 0.408ms
[144.366s][info][gc,start    ] GC(454) Pause Young (Concurrent Start) (G1 Humongous Allocation)
[144.366s][info][gc,task     ] GC(454) Using 8 workers of 8 for evacuation
[144.369s][info][gc,phases   ] GC(454)   Pre Evacuate Collection Set: 0.4ms
[144.369s][info][gc,phases   ] GC(454)   Merge Heap Roots: 0.2ms
[144.369s][info][gc,phases   ] GC(454)   Evacuate Collection Set: 1.2ms
[144.369s][info][gc,phases   ] GC(454)   Post Evacuate Collection Set: 0.7ms
[144.369s][info][gc,phases   ] GC(454)   Other: 0.3ms
[144.369s][info][gc,heap     ] GC(454) Eden regions: 1->0(75)
[144.369s][info][gc,heap     ] GC(454) Survivor regions: 1->1(10)
[144.369s][info][gc,heap     ] GC(454) Old regions: 8->8
[144.369s][info][gc,heap     ] GC(454) Archive regions: 2->2
[144.369s][info][gc,heap     ] GC(454) Humongous regions: 96->0
[144.369s][info][gc,metaspace] GC(454) Metaspace: 29089K(29504K)->29089K(29504K) NonClass: 25530K(25728K)->25530K(25728K) Class: 3559K(3776K)->3559K(3776K)
[144.369s][info][gc          ] GC(454) Pause Young (Concurrent Start) (G1 Humongous Allocation) 210M->16M(254M) 3.434ms
[144.369s][info][gc,cpu      ] GC(454) User=0.01s Sys=0.00s Real=0.00s
[144.369s][info][gc          ] GC(455) Concurrent Undo Cycle
[144.369s][info][gc,marking  ] GC(455) Concurrent Cleanup for Next Mark
[144.369s][info][gc,marking  ] GC(455) Concurrent Cleanup for Next Mark 0.155ms
[144.370s][info][gc          ] GC(455) Concurrent Undo Cycle 0.440ms
[144.889s][info][gc,start    ] GC(456) Pause Young (Concurrent Start) (G1 Humongous Allocation)
[144.889s][info][gc,task     ] GC(456) Using 8 workers of 8 for evacuation
[144.892s][info][gc,phases   ] GC(456)   Pre Evacuate Collection Set: 0.5ms
[144.892s][info][gc,phases   ] GC(456)   Merge Heap Roots: 0.2ms
[144.892s][info][gc,phases   ] GC(456)   Evacuate Collection Set: 1.3ms
[144.892s][info][gc,phases   ] GC(456)   Post Evacuate Collection Set: 0.9ms
[144.892s][info][gc,phases   ] GC(456)   Other: 0.2ms
[144.892s][info][gc,heap     ] GC(456) Eden regions: 1->0(75)
[144.892s][info][gc,heap     ] GC(456) Survivor regions: 1->1(10)
[144.892s][info][gc,heap     ] GC(456) Old regions: 8->8
[144.892s][info][gc,heap     ] GC(456) Archive regions: 2->2
[144.892s][info][gc,heap     ] GC(456) Humongous regions: 96->0
[144.892s][info][gc,metaspace] GC(456) Metaspace: 29089K(29504K)->29089K(29504K) NonClass: 25530K(25728K)->25530K(25728K) Class: 3559K(3776K)->3559K(3776K)
[144.893s][info][gc          ] GC(456) Pause Young (Concurrent Start) (G1 Humongous Allocation) 210M->16M(254M) 3.844ms
[144.893s][info][gc          ] GC(457) Concurrent Undo Cycle
[144.893s][info][gc,cpu      ] GC(456) User=0.01s Sys=0.01s Real=0.01s
[144.893s][info][gc,marking  ] GC(457) Concurrent Cleanup for Next Mark
[144.893s][info][gc,marking  ] GC(457) Concurrent Cleanup for Next Mark 0.435ms
[144.893s][info][gc          ] GC(457) Concurrent Undo Cycle 0.636ms
[145.413s][info][gc,start    ] GC(458) Pause Young (Concurrent Start) (G1 Humongous Allocation)
[145.413s][info][gc,task     ] GC(458) Using 8 workers of 8 for evacuation
[145.416s][info][gc,phases   ] GC(458)   Pre Evacuate Collection Set: 0.4ms
[145.416s][info][gc,phases   ] GC(458)   Merge Heap Roots: 0.2ms
[145.416s][info][gc,phases   ] GC(458)   Evacuate Collection Set: 1.3ms
[145.416s][info][gc,phases   ] GC(458)   Post Evacuate Collection Set: 0.8ms
[145.416s][info][gc,phases   ] GC(458)   Other: 0.2ms
[145.416s][info][gc,heap     ] GC(458) Eden regions: 1->0(75)
[145.416s][info][gc,heap     ] GC(458) Survivor regions: 1->1(10)
[145.416s][info][gc,heap     ] GC(458) Old regions: 8->8
[145.416s][info][gc,heap     ] GC(458) Archive regions: 2->2
[145.416s][info][gc,heap     ] GC(458) Humongous regions: 96->0
[145.416s][info][gc,metaspace] GC(458) Metaspace: 29089K(29504K)->29089K(29504K) NonClass: 25530K(25728K)->25530K(25728K) Class: 3559K(3776K)->3559K(3776K)
[145.416s][info][gc          ] GC(458) Pause Young (Concurrent Start) (G1 Humongous Allocation) 210M->16M(254M) 3.442ms
[145.416s][info][gc,cpu      ] GC(458) User=0.00s Sys=0.00s Real=0.00s
[145.416s][info][gc          ] GC(459) Concurrent Undo Cycle
[145.416s][info][gc,marking  ] GC(459) Concurrent Cleanup for Next Mark
[145.416s][info][gc,marking  ] GC(459) Concurrent Cleanup for Next Mark 0.168ms
[145.416s][info][gc          ] GC(459) Concurrent Undo Cycle 0.338ms
[145.942s][info][gc,start    ] GC(460) Pause Young (Concurrent Start) (G1 Humongous Allocation)
[145.942s][info][gc,task     ] GC(460) Using 8 workers of 8 for evacuation
[145.943s][info][gc,phases   ] GC(460)   Pre Evacuate Collection Set: 0.2ms
[145.943s][info][gc,phases   ] GC(460)   Merge Heap Roots: 0.0ms
[145.943s][info][gc,phases   ] GC(460)   Evacuate Collection Set: 0.8ms
[145.943s][info][gc,phases   ] GC(460)   Post Evacuate Collection Set: 0.4ms
[145.943s][info][gc,phases   ] GC(460)   Other: 0.1ms
[145.943s][info][gc,heap     ] GC(460) Eden regions: 1->0(75)
[145.943s][info][gc,heap     ] GC(460) Survivor regions: 1->1(10)
[145.943s][info][gc,heap     ] GC(460) Old regions: 8->8
[145.943s][info][gc,heap     ] GC(460) Archive regions: 2->2
[145.943s][info][gc,heap     ] GC(460) Humongous regions: 96->0
[145.943s][info][gc,metaspace] GC(460) Metaspace: 29089K(29504K)->29089K(29504K) NonClass: 25530K(25728K)->25530K(25728K) Class: 3559K(3776K)->3559K(3776K)
[145.944s][info][gc          ] GC(460) Pause Young (Concurrent Start) (G1 Humongous Allocation) 210M->16M(254M) 1.881ms
[145.944s][info][gc,cpu      ] GC(460) User=0.01s Sys=0.00s Real=0.01s
[145.944s][info][gc          ] GC(461) Concurrent Undo Cycle
[145.944s][info][gc,marking  ] GC(461) Concurrent Cleanup for Next Mark
[145.944s][info][gc,marking  ] GC(461) Concurrent Cleanup for Next Mark 0.061ms
[145.944s][info][gc          ] GC(461) Concurrent Undo Cycle 0.141ms
[146.453s][info][gc,start    ] GC(462) Pause Young (Concurrent Start) (G1 Humongous Allocation)
[146.453s][info][gc,task     ] GC(462) Using 8 workers of 8 for evacuation
[146.454s][info][gc,phases   ] GC(462)   Pre Evacuate Collection Set: 0.1ms
[146.454s][info][gc,phases   ] GC(462)   Merge Heap Roots: 0.0ms
[146.454s][info][gc,phases   ] GC(462)   Evacuate Collection Set: 0.5ms
[146.454s][info][gc,phases   ] GC(462)   Post Evacuate Collection Set: 0.4ms
[146.454s][info][gc,phases   ] GC(462)   Other: 0.1ms
[146.454s][info][gc,heap     ] GC(462) Eden regions: 1->0(75)
[146.454s][info][gc,heap     ] GC(462) Survivor regions: 1->1(10)
[146.454s][info][gc,heap     ] GC(462) Old regions: 8->8
[146.454s][info][gc,heap     ] GC(462) Archive regions: 2->2
[146.454s][info][gc,heap     ] GC(462) Humongous regions: 96->0
[146.454s][info][gc,metaspace] GC(462) Metaspace: 29089K(29504K)->29089K(29504K) NonClass: 25530K(25728K)->25530K(25728K) Class: 3559K(3776K)->3559K(3776K)
[146.454s][info][gc          ] GC(462) Pause Young (Concurrent Start) (G1 Humongous Allocation) 210M->16M(254M) 1.381ms
[146.454s][info][gc          ] GC(463) Concurrent Undo Cycle
[146.454s][info][gc,cpu      ] GC(462) User=0.01s Sys=0.01s Real=0.00s
[146.454s][info][gc,marking  ] GC(463) Concurrent Cleanup for Next Mark
[146.455s][info][gc,marking  ] GC(463) Concurrent Cleanup for Next Mark 0.056ms
[146.455s][info][gc          ] GC(463) Concurrent Undo Cycle 0.121ms
[146.967s][info][gc,start    ] GC(464) Pause Young (Concurrent Start) (G1 Humongous Allocation)
[146.967s][info][gc,task     ] GC(464) Using 8 workers of 8 for evacuation
[146.970s][info][gc,phases   ] GC(464)   Pre Evacuate Collection Set: 0.3ms
[146.970s][info][gc,phases   ] GC(464)   Merge Heap Roots: 0.2ms
[146.970s][info][gc,phases   ] GC(464)   Evacuate Collection Set: 1.2ms
[146.970s][info][gc,phases   ] GC(464)   Post Evacuate Collection Set: 0.8ms
[146.970s][info][gc,phases   ] GC(464)   Other: 0.2ms
[146.970s][info][gc,heap     ] GC(464) Eden regions: 2->0(75)
[146.970s][info][gc,heap     ] GC(464) Survivor regions: 1->1(10)
[146.970s][info][gc,heap     ] GC(464) Old regions: 8->8
[146.970s][info][gc,heap     ] GC(464) Archive regions: 2->2
[146.970s][info][gc,heap     ] GC(464) Humongous regions: 96->0
[146.970s][info][gc,metaspace] GC(464) Metaspace: 29089K(29504K)->29089K(29504K) NonClass: 25530K(25728K)->25530K(25728K) Class: 3559K(3776K)->3559K(3776K)
[146.970s][info][gc          ] GC(464) Pause Young (Concurrent Start) (G1 Humongous Allocation) 210M->16M(254M) 3.404ms
[146.971s][info][gc,cpu      ] GC(464) User=0.00s Sys=0.00s Real=0.00s
[146.971s][info][gc          ] GC(465) Concurrent Undo Cycle
[146.971s][info][gc,marking  ] GC(465) Concurrent Cleanup for Next Mark
[146.971s][info][gc,marking  ] GC(465) Concurrent Cleanup for Next Mark 0.303ms
[146.971s][info][gc          ] GC(465) Concurrent Undo Cycle 0.647ms
[147.493s][info][gc,start    ] GC(466) Pause Young (Concurrent Start) (G1 Humongous Allocation)
[147.493s][info][gc,task     ] GC(466) Using 8 workers of 8 for evacuation
[147.494s][info][gc,phases   ] GC(466)   Pre Evacuate Collection Set: 0.2ms
[147.494s][info][gc,phases   ] GC(466)   Merge Heap Roots: 0.1ms
[147.494s][info][gc,phases   ] GC(466)   Evacuate Collection Set: 0.7ms
[147.494s][info][gc,phases   ] GC(466)   Post Evacuate Collection Set: 0.3ms
[147.494s][info][gc,phases   ] GC(466)   Other: 0.1ms
[147.494s][info][gc,heap     ] GC(466) Eden regions: 1->0(75)
[147.494s][info][gc,heap     ] GC(466) Survivor regions: 1->1(10)
[147.494s][info][gc,heap     ] GC(466) Old regions: 8->8
[147.494s][info][gc,heap     ] GC(466) Archive regions: 2->2
[147.494s][info][gc,heap     ] GC(466) Humongous regions: 96->0
[147.494s][info][gc,metaspace] GC(466) Metaspace: 29089K(29504K)->29089K(29504K) NonClass: 25530K(25728K)->25530K(25728K) Class: 3559K(3776K)->3559K(3776K)
[147.495s][info][gc          ] GC(466) Pause Young (Concurrent Start) (G1 Humongous Allocation) 210M->16M(254M) 1.684ms
[147.495s][info][gc,cpu      ] GC(466) User=0.00s Sys=0.00s Real=0.00s
[147.495s][info][gc          ] GC(467) Concurrent Undo Cycle
[147.495s][info][gc,marking  ] GC(467) Concurrent Cleanup for Next Mark
[147.495s][info][gc,marking  ] GC(467) Concurrent Cleanup for Next Mark 0.114ms
[147.495s][info][gc          ] GC(467) Concurrent Undo Cycle 0.214ms
[148.011s][info][gc,start    ] GC(468) Pause Young (Concurrent Start) (G1 Humongous Allocation)
[148.011s][info][gc,task     ] GC(468) Using 8 workers of 8 for evacuation
[148.015s][info][gc,phases   ] GC(468)   Pre Evacuate Collection Set: 1.1ms
[148.015s][info][gc,phases   ] GC(468)   Merge Heap Roots: 0.5ms
[148.015s][info][gc,phases   ] GC(468)   Evacuate Collection Set: 1.2ms
[148.015s][info][gc,phases   ] GC(468)   Post Evacuate Collection Set: 0.8ms
[148.015s][info][gc,phases   ] GC(468)   Other: 0.9ms
[148.015s][info][gc,heap     ] GC(468) Eden regions: 1->0(75)
[148.015s][info][gc,heap     ] GC(468) Survivor regions: 1->1(10)
[148.015s][info][gc,heap     ] GC(468) Old regions: 8->8
[148.015s][info][gc,heap     ] GC(468) Archive regions: 2->2
[148.015s][info][gc,heap     ] GC(468) Humongous regions: 96->0
[148.016s][info][gc,metaspace] GC(468) Metaspace: 29089K(29504K)->29089K(29504K) NonClass: 25530K(25728K)->25530K(25728K) Class: 3559K(3776K)->3559K(3776K)
[148.016s][info][gc          ] GC(468) Pause Young (Concurrent Start) (G1 Humongous Allocation) 210M->16M(254M) 4.835ms
[148.016s][info][gc          ] GC(469) Concurrent Undo Cycle
[148.016s][info][gc,cpu      ] GC(468) User=0.00s Sys=0.00s Real=0.01s
[148.016s][info][gc,marking  ] GC(469) Concurrent Cleanup for Next Mark
[148.016s][info][gc,marking  ] GC(469) Concurrent Cleanup for Next Mark 0.086ms
[148.016s][info][gc          ] GC(469) Concurrent Undo Cycle 0.160ms
[148.527s][info][gc,start    ] GC(470) Pause Young (Concurrent Start) (G1 Humongous Allocation)
[148.528s][info][gc,task     ] GC(470) Using 8 workers of 8 for evacuation
[148.529s][info][gc,phases   ] GC(470)   Pre Evacuate Collection Set: 0.1ms
[148.529s][info][gc,phases   ] GC(470)   Merge Heap Roots: 0.0ms
[148.529s][info][gc,phases   ] GC(470)   Evacuate Collection Set: 0.5ms
[148.529s][info][gc,phases   ] GC(470)   Post Evacuate Collection Set: 0.3ms
[148.529s][info][gc,phases   ] GC(470)   Other: 0.1ms
[148.529s][info][gc,heap     ] GC(470) Eden regions: 1->0(75)
[148.529s][info][gc,heap     ] GC(470) Survivor regions: 1->1(10)
[148.529s][info][gc,heap     ] GC(470) Old regions: 8->8
[148.529s][info][gc,heap     ] GC(470) Archive regions: 2->2
[148.529s][info][gc,heap     ] GC(470) Humongous regions: 96->0
[148.529s][info][gc,metaspace] GC(470) Metaspace: 29089K(29504K)->29089K(29504K) NonClass: 25530K(25728K)->25530K(25728K) Class: 3559K(3776K)->3559K(3776K)
[148.529s][info][gc          ] GC(470) Pause Young (Concurrent Start) (G1 Humongous Allocation) 210M->16M(254M) 1.780ms
[148.529s][info][gc,cpu      ] GC(470) User=0.01s Sys=0.00s Real=0.00s
[148.529s][info][gc          ] GC(471) Concurrent Undo Cycle
[148.529s][info][gc,marking  ] GC(471) Concurrent Cleanup for Next Mark
[148.529s][info][gc,marking  ] GC(471) Concurrent Cleanup for Next Mark 0.075ms
[148.529s][info][gc          ] GC(471) Concurrent Undo Cycle 0.155ms
[149.042s][info][gc,start    ] GC(472) Pause Young (Concurrent Start) (G1 Humongous Allocation)
[149.042s][info][gc,task     ] GC(472) Using 8 workers of 8 for evacuation
[149.043s][info][gc,phases   ] GC(472)   Pre Evacuate Collection Set: 0.1ms
[149.043s][info][gc,phases   ] GC(472)   Merge Heap Roots: 0.0ms
[149.043s][info][gc,phases   ] GC(472)   Evacuate Collection Set: 0.6ms
[149.043s][info][gc,phases   ] GC(472)   Post Evacuate Collection Set: 0.3ms
[149.043s][info][gc,phases   ] GC(472)   Other: 0.1ms
[149.043s][info][gc,heap     ] GC(472) Eden regions: 1->0(75)
[149.043s][info][gc,heap     ] GC(472) Survivor regions: 1->1(10)
[149.043s][info][gc,heap     ] GC(472) Old regions: 8->8
[149.043s][info][gc,heap     ] GC(472) Archive regions: 2->2
[149.043s][info][gc,heap     ] GC(472) Humongous regions: 96->0
[149.043s][info][gc,metaspace] GC(472) Metaspace: 29089K(29504K)->29089K(29504K) NonClass: 25530K(25728K)->25530K(25728K) Class: 3559K(3776K)->3559K(3776K)
[149.043s][info][gc          ] GC(472) Pause Young (Concurrent Start) (G1 Humongous Allocation) 210M->16M(254M) 1.515ms
[149.043s][info][gc          ] GC(473) Concurrent Undo Cycle
[149.043s][info][gc,cpu      ] GC(472) User=0.01s Sys=0.00s Real=0.01s
[149.043s][info][gc,marking  ] GC(473) Concurrent Cleanup for Next Mark
[149.043s][info][gc,marking  ] GC(473) Concurrent Cleanup for Next Mark 0.081ms
[149.043s][info][gc          ] GC(473) Concurrent Undo Cycle 0.164ms
[149.560s][info][gc,start    ] GC(474) Pause Young (Concurrent Start) (G1 Humongous Allocation)
[149.560s][info][gc,task     ] GC(474) Using 8 workers of 8 for evacuation
[149.561s][info][gc,phases   ] GC(474)   Pre Evacuate Collection Set: 0.1ms
[149.561s][info][gc,phases   ] GC(474)   Merge Heap Roots: 0.1ms
[149.561s][info][gc,phases   ] GC(474)   Evacuate Collection Set: 0.5ms
[149.561s][info][gc,phases   ] GC(474)   Post Evacuate Collection Set: 0.2ms
[149.561s][info][gc,phases   ] GC(474)   Other: 0.1ms
[149.561s][info][gc,heap     ] GC(474) Eden regions: 1->0(75)
[149.561s][info][gc,heap     ] GC(474) Survivor regions: 1->1(10)
[149.561s][info][gc,heap     ] GC(474) Old regions: 8->8
[149.561s][info][gc,heap     ] GC(474) Archive regions: 2->2
[149.561s][info][gc,heap     ] GC(474) Humongous regions: 96->0
[149.561s][info][gc,metaspace] GC(474) Metaspace: 29089K(29504K)->29089K(29504K) NonClass: 25530K(25728K)->25530K(25728K) Class: 3559K(3776K)->3559K(3776K)
[149.561s][info][gc          ] GC(474) Pause Young (Concurrent Start) (G1 Humongous Allocation) 210M->16M(254M) 1.205ms
[149.561s][info][gc,cpu      ] GC(474) User=0.00s Sys=0.00s Real=0.00s
[149.561s][info][gc          ] GC(475) Concurrent Undo Cycle
[149.561s][info][gc,marking  ] GC(475) Concurrent Cleanup for Next Mark
[149.561s][info][gc,marking  ] GC(475) Concurrent Cleanup for Next Mark 0.066ms
[149.561s][info][gc          ] GC(475) Concurrent Undo Cycle 0.203ms
[150.073s][info][gc,start    ] GC(476) Pause Young (Concurrent Start) (G1 Humongous Allocation)
[150.073s][info][gc,task     ] GC(476) Using 8 workers of 8 for evacuation
[150.074s][info][gc,phases   ] GC(476)   Pre Evacuate Collection Set: 0.1ms
[150.074s][info][gc,phases   ] GC(476)   Merge Heap Roots: 0.0ms
[150.074s][info][gc,phases   ] GC(476)   Evacuate Collection Set: 0.5ms
[150.074s][info][gc,phases   ] GC(476)   Post Evacuate Collection Set: 0.4ms
[150.074s][info][gc,phases   ] GC(476)   Other: 0.1ms
[150.074s][info][gc,heap     ] GC(476) Eden regions: 1->0(75)
[150.074s][info][gc,heap     ] GC(476) Survivor regions: 1->1(10)
[150.074s][info][gc,heap     ] GC(476) Old regions: 8->8
[150.074s][info][gc,heap     ] GC(476) Archive regions: 2->2
[150.074s][info][gc,heap     ] GC(476) Humongous regions: 96->0
[150.074s][info][gc,metaspace] GC(476) Metaspace: 29089K(29504K)->29089K(29504K) NonClass: 25530K(25728K)->25530K(25728K) Class: 3559K(3776K)->3559K(3776K)
[150.074s][info][gc          ] GC(476) Pause Young (Concurrent Start) (G1 Humongous Allocation) 210M->16M(254M) 1.303ms
[150.074s][info][gc          ] GC(477) Concurrent Undo Cycle
[150.074s][info][gc,cpu      ] GC(476) User=0.00s Sys=0.00s Real=0.00s
[150.074s][info][gc,marking  ] GC(477) Concurrent Cleanup for Next Mark
[150.074s][info][gc,marking  ] GC(477) Concurrent Cleanup for Next Mark 0.130ms
[150.074s][info][gc          ] GC(477) Concurrent Undo Cycle 0.192ms
[150.582s][info][gc,start    ] GC(478) Pause Young (Concurrent Start) (G1 Humongous Allocation)
[150.582s][info][gc,task     ] GC(478) Using 8 workers of 8 for evacuation
[150.583s][info][gc,phases   ] GC(478)   Pre Evacuate Collection Set: 0.2ms
[150.583s][info][gc,phases   ] GC(478)   Merge Heap Roots: 0.0ms
[150.583s][info][gc,phases   ] GC(478)   Evacuate Collection Set: 0.5ms
[150.583s][info][gc,phases   ] GC(478)   Post Evacuate Collection Set: 0.4ms
[150.583s][info][gc,phases   ] GC(478)   Other: 0.0ms
[150.584s][info][gc,heap     ] GC(478) Eden regions: 1->0(75)
[150.584s][info][gc,heap     ] GC(478) Survivor regions: 1->1(10)
[150.584s][info][gc,heap     ] GC(478) Old regions: 8->8
[150.584s][info][gc,heap     ] GC(478) Archive regions: 2->2
[150.584s][info][gc,heap     ] GC(478) Humongous regions: 96->0
[150.584s][info][gc,metaspace] GC(478) Metaspace: 29089K(29504K)->29089K(29504K) NonClass: 25530K(25728K)->25530K(25728K) Class: 3559K(3776K)->3559K(3776K)
[150.584s][info][gc          ] GC(478) Pause Young (Concurrent Start) (G1 Humongous Allocation) 210M->16M(254M) 1.317ms
[150.584s][info][gc,cpu      ] GC(478) User=0.00s Sys=0.00s Real=0.00s
[150.584s][info][gc          ] GC(479) Concurrent Undo Cycle
[150.584s][info][gc,marking  ] GC(479) Concurrent Cleanup for Next Mark
[150.584s][info][gc,marking  ] GC(479) Concurrent Cleanup for Next Mark 0.064ms
[150.584s][info][gc          ] GC(479) Concurrent Undo Cycle 0.139ms
[151.096s][info][gc,start    ] GC(480) Pause Young (Concurrent Start) (G1 Humongous Allocation)
[151.096s][info][gc,task     ] GC(480) Using 8 workers of 8 for evacuation
[151.099s][info][gc,phases   ] GC(480)   Pre Evacuate Collection Set: 0.4ms
[151.099s][info][gc,phases   ] GC(480)   Merge Heap Roots: 0.2ms
[151.100s][info][gc,phases   ] GC(480)   Evacuate Collection Set: 1.2ms
[151.100s][info][gc,phases   ] GC(480)   Post Evacuate Collection Set: 1.0ms
[151.100s][info][gc,phases   ] GC(480)   Other: 0.2ms
[151.100s][info][gc,heap     ] GC(480) Eden regions: 1->0(75)
[151.100s][info][gc,heap     ] GC(480) Survivor regions: 1->1(10)
[151.100s][info][gc,heap     ] GC(480) Old regions: 8->8
[151.100s][info][gc,heap     ] GC(480) Archive regions: 2->2
[151.100s][info][gc,heap     ] GC(480) Humongous regions: 96->0
[151.100s][info][gc,metaspace] GC(480) Metaspace: 29089K(29504K)->29089K(29504K) NonClass: 25530K(25728K)->25530K(25728K) Class: 3559K(3776K)->3559K(3776K)
[151.100s][info][gc          ] GC(480) Pause Young (Concurrent Start) (G1 Humongous Allocation) 210M->16M(254M) 3.836ms
[151.100s][info][gc,cpu      ] GC(480) User=0.00s Sys=0.00s Real=0.00s
[151.100s][info][gc          ] GC(481) Concurrent Undo Cycle
[151.100s][info][gc,marking  ] GC(481) Concurrent Cleanup for Next Mark
[151.100s][info][gc,marking  ] GC(481) Concurrent Cleanup for Next Mark 0.179ms
[151.100s][info][gc          ] GC(481) Concurrent Undo Cycle 0.490ms
[151.621s][info][gc,start    ] GC(482) Pause Young (Concurrent Start) (G1 Humongous Allocation)
[151.621s][info][gc,task     ] GC(482) Using 8 workers of 8 for evacuation
[151.624s][info][gc,phases   ] GC(482)   Pre Evacuate Collection Set: 0.4ms
[151.624s][info][gc,phases   ] GC(482)   Merge Heap Roots: 0.2ms
[151.624s][info][gc,phases   ] GC(482)   Evacuate Collection Set: 1.2ms
[151.624s][info][gc,phases   ] GC(482)   Post Evacuate Collection Set: 0.8ms
[151.624s][info][gc,phases   ] GC(482)   Other: 0.3ms
[151.624s][info][gc,heap     ] GC(482) Eden regions: 1->0(75)
[151.624s][info][gc,heap     ] GC(482) Survivor regions: 1->1(10)
[151.624s][info][gc,heap     ] GC(482) Old regions: 8->8
[151.624s][info][gc,heap     ] GC(482) Archive regions: 2->2
[151.624s][info][gc,heap     ] GC(482) Humongous regions: 96->0
[151.624s][info][gc,metaspace] GC(482) Metaspace: 29089K(29504K)->29089K(29504K) NonClass: 25530K(25728K)->25530K(25728K) Class: 3559K(3776K)->3559K(3776K)
[151.625s][info][gc          ] GC(482) Pause Young (Concurrent Start) (G1 Humongous Allocation) 210M->16M(254M) 3.597ms
[151.625s][info][gc,cpu      ] GC(482) User=0.01s Sys=0.00s Real=0.01s
[151.625s][info][gc          ] GC(483) Concurrent Undo Cycle
[151.625s][info][gc,marking  ] GC(483) Concurrent Cleanup for Next Mark
[151.625s][info][gc,marking  ] GC(483) Concurrent Cleanup for Next Mark 0.185ms
[151.625s][info][gc          ] GC(483) Concurrent Undo Cycle 0.475ms
[152.144s][info][gc,start    ] GC(484) Pause Young (Concurrent Start) (G1 Humongous Allocation)
[152.144s][info][gc,task     ] GC(484) Using 8 workers of 8 for evacuation
[152.147s][info][gc,phases   ] GC(484)   Pre Evacuate Collection Set: 0.2ms
[152.147s][info][gc,phases   ] GC(484)   Merge Heap Roots: 0.1ms
[152.147s][info][gc,phases   ] GC(484)   Evacuate Collection Set: 1.2ms
[152.147s][info][gc,phases   ] GC(484)   Post Evacuate Collection Set: 0.6ms
[152.147s][info][gc,phases   ] GC(484)   Other: 0.1ms
[152.147s][info][gc,heap     ] GC(484) Eden regions: 1->0(75)
[152.147s][info][gc,heap     ] GC(484) Survivor regions: 1->1(10)
[152.147s][info][gc,heap     ] GC(484) Old regions: 8->8
[152.147s][info][gc,heap     ] GC(484) Archive regions: 2->2
[152.147s][info][gc,heap     ] GC(484) Humongous regions: 96->0
[152.147s][info][gc,metaspace] GC(484) Metaspace: 29089K(29504K)->29089K(29504K) NonClass: 25530K(25728K)->25530K(25728K) Class: 3559K(3776K)->3559K(3776K)
[152.147s][info][gc          ] GC(484) Pause Young (Concurrent Start) (G1 Humongous Allocation) 210M->16M(254M) 2.483ms
[152.147s][info][gc,cpu      ] GC(484) User=0.00s Sys=0.00s Real=0.00s
[152.147s][info][gc          ] GC(485) Concurrent Undo Cycle
[152.147s][info][gc,marking  ] GC(485) Concurrent Cleanup for Next Mark
[152.147s][info][gc,marking  ] GC(485) Concurrent Cleanup for Next Mark 0.184ms
[152.147s][info][gc          ] GC(485) Concurrent Undo Cycle 0.305ms
[152.661s][info][gc,start    ] GC(486) Pause Young (Concurrent Start) (G1 Humongous Allocation)
[152.661s][info][gc,task     ] GC(486) Using 8 workers of 8 for evacuation
[152.664s][info][gc,phases   ] GC(486)   Pre Evacuate Collection Set: 0.5ms
[152.664s][info][gc,phases   ] GC(486)   Merge Heap Roots: 0.2ms
[152.665s][info][gc,phases   ] GC(486)   Evacuate Collection Set: 1.3ms
[152.665s][info][gc,phases   ] GC(486)   Post Evacuate Collection Set: 0.9ms
[152.665s][info][gc,phases   ] GC(486)   Other: 0.2ms
[152.665s][info][gc,heap     ] GC(486) Eden regions: 1->0(75)
[152.665s][info][gc,heap     ] GC(486) Survivor regions: 1->1(10)
[152.665s][info][gc,heap     ] GC(486) Old regions: 8->8
[152.665s][info][gc,heap     ] GC(486) Archive regions: 2->2
[152.665s][info][gc,heap     ] GC(486) Humongous regions: 96->0
[152.665s][info][gc,metaspace] GC(486) Metaspace: 29089K(29504K)->29089K(29504K) NonClass: 25530K(25728K)->25530K(25728K) Class: 3559K(3776K)->3559K(3776K)
[152.665s][info][gc          ] GC(486) Pause Young (Concurrent Start) (G1 Humongous Allocation) 210M->16M(254M) 3.702ms
[152.665s][info][gc,cpu      ] GC(486) User=0.00s Sys=0.01s Real=0.01s
[152.665s][info][gc          ] GC(487) Concurrent Undo Cycle
[152.665s][info][gc,marking  ] GC(487) Concurrent Cleanup for Next Mark
[152.665s][info][gc,marking  ] GC(487) Concurrent Cleanup for Next Mark 0.189ms
[152.665s][info][gc          ] GC(487) Concurrent Undo Cycle 0.420ms
[153.182s][info][gc,start    ] GC(488) Pause Young (Concurrent Start) (G1 Humongous Allocation)
[153.182s][info][gc,task     ] GC(488) Using 8 workers of 8 for evacuation
[153.185s][info][gc,phases   ] GC(488)   Pre Evacuate Collection Set: 0.3ms
[153.185s][info][gc,phases   ] GC(488)   Merge Heap Roots: 0.1ms
[153.185s][info][gc,phases   ] GC(488)   Evacuate Collection Set: 1.4ms
[153.185s][info][gc,phases   ] GC(488)   Post Evacuate Collection Set: 0.6ms
[153.185s][info][gc,phases   ] GC(488)   Other: 0.2ms
[153.185s][info][gc,heap     ] GC(488) Eden regions: 1->0(75)
[153.185s][info][gc,heap     ] GC(488) Survivor regions: 1->1(10)
[153.185s][info][gc,heap     ] GC(488) Old regions: 8->8
[153.185s][info][gc,heap     ] GC(488) Archive regions: 2->2
[153.185s][info][gc,heap     ] GC(488) Humongous regions: 96->0
[153.185s][info][gc,metaspace] GC(488) Metaspace: 29089K(29504K)->29089K(29504K) NonClass: 25530K(25728K)->25530K(25728K) Class: 3559K(3776K)->3559K(3776K)
[153.185s][info][gc          ] GC(488) Pause Young (Concurrent Start) (G1 Humongous Allocation) 210M->16M(254M) 3.207ms
[153.185s][info][gc,cpu      ] GC(488) User=0.01s Sys=0.00s Real=0.00s
[153.185s][info][gc          ] GC(489) Concurrent Undo Cycle
[153.185s][info][gc,marking  ] GC(489) Concurrent Cleanup for Next Mark
[153.186s][info][gc,marking  ] GC(489) Concurrent Cleanup for Next Mark 0.153ms
[153.186s][info][gc          ] GC(489) Concurrent Undo Cycle 0.328ms
[153.701s][info][gc,start    ] GC(490) Pause Young (Concurrent Start) (G1 Humongous Allocation)
[153.701s][info][gc,task     ] GC(490) Using 8 workers of 8 for evacuation
[153.702s][info][gc,phases   ] GC(490)   Pre Evacuate Collection Set: 0.2ms
[153.702s][info][gc,phases   ] GC(490)   Merge Heap Roots: 0.1ms
[153.702s][info][gc,phases   ] GC(490)   Evacuate Collection Set: 0.6ms
[153.702s][info][gc,phases   ] GC(490)   Post Evacuate Collection Set: 0.4ms
[153.702s][info][gc,phases   ] GC(490)   Other: 0.1ms
[153.702s][info][gc,heap     ] GC(490) Eden regions: 2->0(75)
[153.703s][info][gc,heap     ] GC(490) Survivor regions: 1->1(10)
[153.703s][info][gc,heap     ] GC(490) Old regions: 8->8
[153.703s][info][gc,heap     ] GC(490) Archive regions: 2->2
[153.703s][info][gc,heap     ] GC(490) Humongous regions: 96->0
[153.703s][info][gc,metaspace] GC(490) Metaspace: 29089K(29504K)->29089K(29504K) NonClass: 25530K(25728K)->25530K(25728K) Class: 3559K(3776K)->3559K(3776K)
[153.703s][info][gc          ] GC(490) Pause Young (Concurrent Start) (G1 Humongous Allocation) 210M->16M(254M) 1.691ms
[153.703s][info][gc          ] GC(491) Concurrent Undo Cycle
[153.703s][info][gc,cpu      ] GC(490) User=0.01s Sys=0.00s Real=0.01s
[153.703s][info][gc,marking  ] GC(491) Concurrent Cleanup for Next Mark
[153.703s][info][gc,marking  ] GC(491) Concurrent Cleanup for Next Mark 0.100ms
[153.703s][info][gc          ] GC(491) Concurrent Undo Cycle 0.201ms
[154.216s][info][gc,start    ] GC(492) Pause Young (Concurrent Start) (G1 Humongous Allocation)
[154.217s][info][gc,task     ] GC(492) Using 8 workers of 8 for evacuation
[154.219s][info][gc,phases   ] GC(492)   Pre Evacuate Collection Set: 0.4ms
[154.219s][info][gc,phases   ] GC(492)   Merge Heap Roots: 0.2ms
[154.220s][info][gc,phases   ] GC(492)   Evacuate Collection Set: 1.1ms
[154.220s][info][gc,phases   ] GC(492)   Post Evacuate Collection Set: 0.8ms
[154.220s][info][gc,phases   ] GC(492)   Other: 0.2ms
[154.220s][info][gc,heap     ] GC(492) Eden regions: 1->0(75)
[154.220s][info][gc,heap     ] GC(492) Survivor regions: 1->1(10)
[154.220s][info][gc,heap     ] GC(492) Old regions: 8->8
[154.220s][info][gc,heap     ] GC(492) Archive regions: 2->2
[154.220s][info][gc,heap     ] GC(492) Humongous regions: 96->0
[154.220s][info][gc,metaspace] GC(492) Metaspace: 29089K(29504K)->29089K(29504K) NonClass: 25530K(25728K)->25530K(25728K) Class: 3559K(3776K)->3559K(3776K)
[154.220s][info][gc          ] GC(492) Pause Young (Concurrent Start) (G1 Humongous Allocation) 210M->16M(254M) 3.410ms
[154.220s][info][gc,cpu      ] GC(492) User=0.00s Sys=0.00s Real=0.00s
[154.220s][info][gc          ] GC(493) Concurrent Undo Cycle
[154.220s][info][gc,marking  ] GC(493) Concurrent Cleanup for Next Mark
[154.220s][info][gc,marking  ] GC(493) Concurrent Cleanup for Next Mark 0.188ms
[154.220s][info][gc          ] GC(493) Concurrent Undo Cycle 0.479ms
[154.741s][info][gc,start    ] GC(494) Pause Young (Concurrent Start) (G1 Humongous Allocation)
[154.741s][info][gc,task     ] GC(494) Using 8 workers of 8 for evacuation
[154.742s][info][gc,phases   ] GC(494)   Pre Evacuate Collection Set: 0.1ms
[154.742s][info][gc,phases   ] GC(494)   Merge Heap Roots: 0.0ms
[154.742s][info][gc,phases   ] GC(494)   Evacuate Collection Set: 0.5ms
[154.742s][info][gc,phases   ] GC(494)   Post Evacuate Collection Set: 0.2ms
[154.742s][info][gc,phases   ] GC(494)   Other: 0.1ms
[154.742s][info][gc,heap     ] GC(494) Eden regions: 1->0(75)
[154.742s][info][gc,heap     ] GC(494) Survivor regions: 1->1(10)
[154.742s][info][gc,heap     ] GC(494) Old regions: 8->8
[154.742s][info][gc,heap     ] GC(494) Archive regions: 2->2
[154.742s][info][gc,heap     ] GC(494) Humongous regions: 96->0
[154.742s][info][gc,metaspace] GC(494) Metaspace: 29089K(29504K)->29089K(29504K) NonClass: 25530K(25728K)->25530K(25728K) Class: 3559K(3776K)->3559K(3776K)
[154.742s][info][gc          ] GC(494) Pause Young (Concurrent Start) (G1 Humongous Allocation) 210M->16M(254M) 1.259ms
[154.742s][info][gc,cpu      ] GC(494) User=0.00s Sys=0.00s Real=0.01s
[154.742s][info][gc          ] GC(495) Concurrent Undo Cycle
[154.742s][info][gc,marking  ] GC(495) Concurrent Cleanup for Next Mark
[154.742s][info][gc,marking  ] GC(495) Concurrent Cleanup for Next Mark 0.062ms
[154.742s][info][gc          ] GC(495) Concurrent Undo Cycle 0.162ms
[155.252s][info][gc,start    ] GC(496) Pause Young (Concurrent Start) (G1 Humongous Allocation)
[155.252s][info][gc,task     ] GC(496) Using 8 workers of 8 for evacuation
[155.254s][info][gc,phases   ] GC(496)   Pre Evacuate Collection Set: 0.4ms
[155.255s][info][gc,phases   ] GC(496)   Merge Heap Roots: 0.2ms
[155.255s][info][gc,phases   ] GC(496)   Evacuate Collection Set: 0.8ms
[155.255s][info][gc,phases   ] GC(496)   Post Evacuate Collection Set: 0.5ms
[155.255s][info][gc,phases   ] GC(496)   Other: 0.2ms
[155.255s][info][gc,heap     ] GC(496) Eden regions: 1->0(75)
[155.255s][info][gc,heap     ] GC(496) Survivor regions: 1->1(10)
[155.255s][info][gc,heap     ] GC(496) Old regions: 8->8
[155.255s][info][gc,heap     ] GC(496) Archive regions: 2->2
[155.255s][info][gc,heap     ] GC(496) Humongous regions: 96->0
[155.255s][info][gc,metaspace] GC(496) Metaspace: 29089K(29504K)->29089K(29504K) NonClass: 25530K(25728K)->25530K(25728K) Class: 3559K(3776K)->3559K(3776K)
[155.255s][info][gc          ] GC(496) Pause Young (Concurrent Start) (G1 Humongous Allocation) 210M->16M(254M) 2.703ms
[155.255s][info][gc,cpu      ] GC(496) User=0.01s Sys=0.00s Real=0.00s
[155.255s][info][gc          ] GC(497) Concurrent Undo Cycle
[155.255s][info][gc,marking  ] GC(497) Concurrent Cleanup for Next Mark
[155.255s][info][gc,marking  ] GC(497) Concurrent Cleanup for Next Mark 0.122ms
[155.255s][info][gc          ] GC(497) Concurrent Undo Cycle 0.281ms
[155.772s][info][gc,start    ] GC(498) Pause Young (Concurrent Start) (G1 Humongous Allocation)
[155.773s][info][gc,task     ] GC(498) Using 8 workers of 8 for evacuation
[155.775s][info][gc,phases   ] GC(498)   Pre Evacuate Collection Set: 0.2ms
[155.775s][info][gc,phases   ] GC(498)   Merge Heap Roots: 0.0ms
[155.775s][info][gc,phases   ] GC(498)   Evacuate Collection Set: 0.6ms
[155.775s][info][gc,phases   ] GC(498)   Post Evacuate Collection Set: 0.4ms
[155.775s][info][gc,phases   ] GC(498)   Other: 0.2ms
[155.775s][info][gc,heap     ] GC(498) Eden regions: 1->0(75)
[155.775s][info][gc,heap     ] GC(498) Survivor regions: 1->1(10)
[155.775s][info][gc,heap     ] GC(498) Old regions: 8->8
[155.775s][info][gc,heap     ] GC(498) Archive regions: 2->2
[155.775s][info][gc,heap     ] GC(498) Humongous regions: 96->0
[155.775s][info][gc,metaspace] GC(498) Metaspace: 29089K(29504K)->29089K(29504K) NonClass: 25530K(25728K)->25530K(25728K) Class: 3559K(3776K)->3559K(3776K)
[155.775s][info][gc          ] GC(498) Pause Young (Concurrent Start) (G1 Humongous Allocation) 210M->16M(254M) 2.482ms
[155.775s][info][gc          ] GC(499) Concurrent Undo Cycle
[155.775s][info][gc,cpu      ] GC(498) User=0.01s Sys=0.00s Real=0.00s
[155.775s][info][gc,marking  ] GC(499) Concurrent Cleanup for Next Mark
[155.775s][info][gc,marking  ] GC(499) Concurrent Cleanup for Next Mark 0.126ms
[155.775s][info][gc          ] GC(499) Concurrent Undo Cycle 0.218ms
[156.286s][info][gc,start    ] GC(500) Pause Young (Concurrent Start) (G1 Humongous Allocation)
[156.286s][info][gc,task     ] GC(500) Using 8 workers of 8 for evacuation
[156.289s][info][gc,phases   ] GC(500)   Pre Evacuate Collection Set: 0.5ms
[156.289s][info][gc,phases   ] GC(500)   Merge Heap Roots: 0.3ms
[156.289s][info][gc,phases   ] GC(500)   Evacuate Collection Set: 1.4ms
[156.289s][info][gc,phases   ] GC(500)   Post Evacuate Collection Set: 0.8ms
[156.289s][info][gc,phases   ] GC(500)   Other: 0.3ms
[156.289s][info][gc,heap     ] GC(500) Eden regions: 1->0(75)
[156.289s][info][gc,heap     ] GC(500) Survivor regions: 1->1(10)
[156.289s][info][gc,heap     ] GC(500) Old regions: 8->8
[156.289s][info][gc,heap     ] GC(500) Archive regions: 2->2
[156.289s][info][gc,heap     ] GC(500) Humongous regions: 96->0
[156.290s][info][gc,metaspace] GC(500) Metaspace: 29089K(29504K)->29089K(29504K) NonClass: 25530K(25728K)->25530K(25728K) Class: 3559K(3776K)->3559K(3776K)
[156.290s][info][gc          ] GC(500) Pause Young (Concurrent Start) (G1 Humongous Allocation) 210M->16M(254M) 3.956ms
[156.290s][info][gc,cpu      ] GC(500) User=0.00s Sys=0.00s Real=0.00s
[156.290s][info][gc          ] GC(501) Concurrent Undo Cycle
[156.290s][info][gc,marking  ] GC(501) Concurrent Cleanup for Next Mark
[156.290s][info][gc,marking  ] GC(501) Concurrent Cleanup for Next Mark 0.150ms
[156.290s][info][gc          ] GC(501) Concurrent Undo Cycle 0.336ms
[156.809s][info][gc,start    ] GC(502) Pause Young (Concurrent Start) (G1 Humongous Allocation)
[156.809s][info][gc,task     ] GC(502) Using 8 workers of 8 for evacuation
[156.812s][info][gc,phases   ] GC(502)   Pre Evacuate Collection Set: 0.4ms
[156.812s][info][gc,phases   ] GC(502)   Merge Heap Roots: 0.2ms
[156.812s][info][gc,phases   ] GC(502)   Evacuate Collection Set: 1.2ms
[156.812s][info][gc,phases   ] GC(502)   Post Evacuate Collection Set: 0.7ms
[156.812s][info][gc,phases   ] GC(502)   Other: 0.2ms
[156.812s][info][gc,heap     ] GC(502) Eden regions: 2->0(75)
[156.812s][info][gc,heap     ] GC(502) Survivor regions: 1->1(10)
[156.812s][info][gc,heap     ] GC(502) Old regions: 8->8
[156.812s][info][gc,heap     ] GC(502) Archive regions: 2->2
[156.812s][info][gc,heap     ] GC(502) Humongous regions: 96->0
[156.812s][info][gc,metaspace] GC(502) Metaspace: 29089K(29504K)->29089K(29504K) NonClass: 25530K(25728K)->25530K(25728K) Class: 3559K(3776K)->3559K(3776K)
[156.812s][info][gc          ] GC(502) Pause Young (Concurrent Start) (G1 Humongous Allocation) 210M->16M(254M) 3.376ms
[156.812s][info][gc,cpu      ] GC(502) User=0.01s Sys=0.01s Real=0.01s
[156.812s][info][gc          ] GC(503) Concurrent Undo Cycle
[156.812s][info][gc,marking  ] GC(503) Concurrent Cleanup for Next Mark
[156.813s][info][gc,marking  ] GC(503) Concurrent Cleanup for Next Mark 0.216ms
[156.813s][info][gc          ] GC(503) Concurrent Undo Cycle 0.435ms
[157.329s][info][gc,start    ] GC(504) Pause Young (Concurrent Start) (G1 Humongous Allocation)
[157.329s][info][gc,task     ] GC(504) Using 8 workers of 8 for evacuation
[157.330s][info][gc,phases   ] GC(504)   Pre Evacuate Collection Set: 0.1ms
[157.330s][info][gc,phases   ] GC(504)   Merge Heap Roots: 0.0ms
[157.330s][info][gc,phases   ] GC(504)   Evacuate Collection Set: 0.6ms
[157.330s][info][gc,phases   ] GC(504)   Post Evacuate Collection Set: 0.3ms
[157.330s][info][gc,phases   ] GC(504)   Other: 0.1ms
[157.330s][info][gc,heap     ] GC(504) Eden regions: 1->0(75)
[157.330s][info][gc,heap     ] GC(504) Survivor regions: 1->1(10)
[157.330s][info][gc,heap     ] GC(504) Old regions: 8->8
[157.330s][info][gc,heap     ] GC(504) Archive regions: 2->2
[157.330s][info][gc,heap     ] GC(504) Humongous regions: 96->0
[157.330s][info][gc,metaspace] GC(504) Metaspace: 29089K(29504K)->29089K(29504K) NonClass: 25530K(25728K)->25530K(25728K) Class: 3559K(3776K)->3559K(3776K)
[157.330s][info][gc          ] GC(504) Pause Young (Concurrent Start) (G1 Humongous Allocation) 209M->16M(254M) 1.633ms
[157.330s][info][gc          ] GC(505) Concurrent Undo Cycle
[157.330s][info][gc,cpu      ] GC(504) User=0.00s Sys=0.00s Real=0.00s
[157.330s][info][gc,marking  ] GC(505) Concurrent Cleanup for Next Mark
[157.330s][info][gc,marking  ] GC(505) Concurrent Cleanup for Next Mark 0.073ms
[157.330s][info][gc          ] GC(505) Concurrent Undo Cycle 0.136ms
[157.842s][info][gc,start    ] GC(506) Pause Young (Concurrent Start) (G1 Humongous Allocation)
[157.842s][info][gc,task     ] GC(506) Using 8 workers of 8 for evacuation
[157.843s][info][gc,phases   ] GC(506)   Pre Evacuate Collection Set: 0.1ms
[157.843s][info][gc,phases   ] GC(506)   Merge Heap Roots: 0.0ms
[157.843s][info][gc,phases   ] GC(506)   Evacuate Collection Set: 0.5ms
[157.843s][info][gc,phases   ] GC(506)   Post Evacuate Collection Set: 0.2ms
[157.843s][info][gc,phases   ] GC(506)   Other: 0.1ms
[157.843s][info][gc,heap     ] GC(506) Eden regions: 2->0(75)
[157.843s][info][gc,heap     ] GC(506) Survivor regions: 1->1(10)
[157.843s][info][gc,heap     ] GC(506) Old regions: 8->8
[157.843s][info][gc,heap     ] GC(506) Archive regions: 2->2
[157.843s][info][gc,heap     ] GC(506) Humongous regions: 96->0
[157.843s][info][gc,metaspace] GC(506) Metaspace: 29089K(29504K)->29089K(29504K) NonClass: 25530K(25728K)->25530K(25728K) Class: 3559K(3776K)->3559K(3776K)
[157.843s][info][gc          ] GC(506) Pause Young (Concurrent Start) (G1 Humongous Allocation) 210M->16M(254M) 1.306ms
[157.843s][info][gc          ] GC(507) Concurrent Undo Cycle
[157.843s][info][gc,cpu      ] GC(506) User=0.00s Sys=0.00s Real=0.01s
[157.843s][info][gc,marking  ] GC(507) Concurrent Cleanup for Next Mark
[157.843s][info][gc,marking  ] GC(507) Concurrent Cleanup for Next Mark 0.100ms
[157.843s][info][gc          ] GC(507) Concurrent Undo Cycle 0.207ms
[158.352s][info][gc,start    ] GC(508) Pause Young (Concurrent Start) (G1 Humongous Allocation)
[158.353s][info][gc,task     ] GC(508) Using 8 workers of 8 for evacuation
[158.354s][info][gc,phases   ] GC(508)   Pre Evacuate Collection Set: 0.1ms
[158.354s][info][gc,phases   ] GC(508)   Merge Heap Roots: 0.0ms
[158.354s][info][gc,phases   ] GC(508)   Evacuate Collection Set: 0.6ms
[158.354s][info][gc,phases   ] GC(508)   Post Evacuate Collection Set: 0.3ms
[158.354s][info][gc,phases   ] GC(508)   Other: 0.1ms
[158.354s][info][gc,heap     ] GC(508) Eden regions: 1->0(75)
[158.354s][info][gc,heap     ] GC(508) Survivor regions: 1->1(10)
[158.354s][info][gc,heap     ] GC(508) Old regions: 8->8
[158.354s][info][gc,heap     ] GC(508) Archive regions: 2->2
[158.354s][info][gc,heap     ] GC(508) Humongous regions: 96->0
[158.354s][info][gc,metaspace] GC(508) Metaspace: 29089K(29504K)->29089K(29504K) NonClass: 25530K(25728K)->25530K(25728K) Class: 3559K(3776K)->3559K(3776K)
[158.354s][info][gc          ] GC(508) Pause Young (Concurrent Start) (G1 Humongous Allocation) 210M->16M(254M) 1.441ms
[158.354s][info][gc          ] GC(509) Concurrent Undo Cycle
[158.354s][info][gc,cpu      ] GC(508) User=0.00s Sys=0.00s Real=0.00s
[158.354s][info][gc,marking  ] GC(509) Concurrent Cleanup for Next Mark
[158.354s][info][gc,marking  ] GC(509) Concurrent Cleanup for Next Mark 0.099ms
[158.354s][info][gc          ] GC(509) Concurrent Undo Cycle 0.160ms
[158.864s][info][gc,start    ] GC(510) Pause Young (Concurrent Start) (G1 Humongous Allocation)
[158.865s][info][gc,task     ] GC(510) Using 8 workers of 8 for evacuation
[158.867s][info][gc,phases   ] GC(510)   Pre Evacuate Collection Set: 0.4ms
[158.867s][info][gc,phases   ] GC(510)   Merge Heap Roots: 0.2ms
[158.867s][info][gc,phases   ] GC(510)   Evacuate Collection Set: 1.3ms
[158.867s][info][gc,phases   ] GC(510)   Post Evacuate Collection Set: 0.6ms
[158.867s][info][gc,phases   ] GC(510)   Other: 0.2ms
[158.867s][info][gc,heap     ] GC(510) Eden regions: 1->0(75)
[158.867s][info][gc,heap     ] GC(510) Survivor regions: 1->1(10)
[158.867s][info][gc,heap     ] GC(510) Old regions: 8->8
[158.867s][info][gc,heap     ] GC(510) Archive regions: 2->2
[158.867s][info][gc,heap     ] GC(510) Humongous regions: 96->0
[158.868s][info][gc,metaspace] GC(510) Metaspace: 29089K(29504K)->29089K(29504K) NonClass: 25530K(25728K)->25530K(25728K) Class: 3559K(3776K)->3559K(3776K)
[158.868s][info][gc          ] GC(510) Pause Young (Concurrent Start) (G1 Humongous Allocation) 210M->16M(254M) 3.091ms
[158.868s][info][gc,cpu      ] GC(510) User=0.01s Sys=0.01s Real=0.00s
[158.868s][info][gc          ] GC(511) Concurrent Undo Cycle
[158.868s][info][gc,marking  ] GC(511) Concurrent Cleanup for Next Mark
[158.868s][info][gc,marking  ] GC(511) Concurrent Cleanup for Next Mark 0.166ms
[158.868s][info][gc          ] GC(511) Concurrent Undo Cycle 0.375ms
[159.383s][info][gc,start    ] GC(512) Pause Young (Concurrent Start) (G1 Humongous Allocation)
[159.383s][info][gc,task     ] GC(512) Using 8 workers of 8 for evacuation
[159.402s][info][gc,phases   ] GC(512)   Pre Evacuate Collection Set: 0.2ms
[159.402s][info][gc,phases   ] GC(512)   Merge Heap Roots: 0.1ms
[159.403s][info][gc,phases   ] GC(512)   Evacuate Collection Set: 8.2ms
[159.403s][info][gc,phases   ] GC(512)   Post Evacuate Collection Set: 10.8ms
[159.403s][info][gc,phases   ] GC(512)   Other: 0.2ms
[159.403s][info][gc,heap     ] GC(512) Eden regions: 1->0(75)
[159.403s][info][gc,heap     ] GC(512) Survivor regions: 1->1(10)
[159.403s][info][gc,heap     ] GC(512) Old regions: 8->8
[159.403s][info][gc,heap     ] GC(512) Archive regions: 2->2
[159.403s][info][gc,heap     ] GC(512) Humongous regions: 96->0
[159.403s][info][gc,metaspace] GC(512) Metaspace: 29089K(29504K)->29089K(29504K) NonClass: 25530K(25728K)->25530K(25728K) Class: 3559K(3776K)->3559K(3776K)
[159.403s][info][gc          ] GC(512) Pause Young (Concurrent Start) (G1 Humongous Allocation) 210M->16M(254M) 20.063ms
[159.403s][info][gc,cpu      ] GC(512) User=0.01s Sys=0.00s Real=0.02s
[159.403s][info][gc          ] GC(513) Concurrent Undo Cycle
[159.403s][info][gc,marking  ] GC(513) Concurrent Cleanup for Next Mark
[159.404s][info][gc,marking  ] GC(513) Concurrent Cleanup for Next Mark 0.471ms
[159.404s][info][gc          ] GC(513) Concurrent Undo Cycle 0.633ms
[159.921s][info][gc,start    ] GC(514) Pause Young (Concurrent Start) (G1 Humongous Allocation)
[159.921s][info][gc,task     ] GC(514) Using 8 workers of 8 for evacuation
[159.923s][info][gc,phases   ] GC(514)   Pre Evacuate Collection Set: 0.1ms
[159.923s][info][gc,phases   ] GC(514)   Merge Heap Roots: 0.0ms
[159.923s][info][gc,phases   ] GC(514)   Evacuate Collection Set: 0.6ms
[159.923s][info][gc,phases   ] GC(514)   Post Evacuate Collection Set: 0.8ms
[159.923s][info][gc,phases   ] GC(514)   Other: 0.1ms
[159.923s][info][gc,heap     ] GC(514) Eden regions: 1->0(75)
[159.923s][info][gc,heap     ] GC(514) Survivor regions: 1->1(10)
[159.923s][info][gc,heap     ] GC(514) Old regions: 8->8
[159.923s][info][gc,heap     ] GC(514) Archive regions: 2->2
[159.923s][info][gc,heap     ] GC(514) Humongous regions: 96->0
[159.923s][info][gc,metaspace] GC(514) Metaspace: 29090K(29504K)->29090K(29504K) NonClass: 25530K(25728K)->25530K(25728K) Class: 3559K(3776K)->3559K(3776K)
[159.923s][info][gc          ] GC(514) Pause Young (Concurrent Start) (G1 Humongous Allocation) 210M->16M(254M) 2.152ms
[159.923s][info][gc          ] GC(515) Concurrent Undo Cycle
[159.923s][info][gc,cpu      ] GC(514) User=0.00s Sys=0.00s Real=0.01s
[159.923s][info][gc,marking  ] GC(515) Concurrent Cleanup for Next Mark
[159.924s][info][gc,marking  ] GC(515) Concurrent Cleanup for Next Mark 0.120ms
[159.924s][info][gc          ] GC(515) Concurrent Undo Cycle 0.187ms
[160.434s][info][gc,start    ] GC(516) Pause Young (Concurrent Start) (G1 Humongous Allocation)
[160.434s][info][gc,task     ] GC(516) Using 8 workers of 8 for evacuation
[160.435s][info][gc,phases   ] GC(516)   Pre Evacuate Collection Set: 0.1ms
[160.435s][info][gc,phases   ] GC(516)   Merge Heap Roots: 0.0ms
[160.435s][info][gc,phases   ] GC(516)   Evacuate Collection Set: 0.6ms
[160.435s][info][gc,phases   ] GC(516)   Post Evacuate Collection Set: 0.3ms
[160.436s][info][gc,phases   ] GC(516)   Other: 0.1ms
[160.436s][info][gc,heap     ] GC(516) Eden regions: 2->0(75)
[160.436s][info][gc,heap     ] GC(516) Survivor regions: 1->1(10)
[160.436s][info][gc,heap     ] GC(516) Old regions: 8->8
[160.436s][info][gc,heap     ] GC(516) Archive regions: 2->2
[160.436s][info][gc,heap     ] GC(516) Humongous regions: 96->0
[160.436s][info][gc,metaspace] GC(516) Metaspace: 29090K(29504K)->29090K(29504K) NonClass: 25530K(25728K)->25530K(25728K) Class: 3559K(3776K)->3559K(3776K)
[160.436s][info][gc          ] GC(516) Pause Young (Concurrent Start) (G1 Humongous Allocation) 210M->16M(254M) 1.465ms
[160.436s][info][gc          ] GC(517) Concurrent Undo Cycle
[160.436s][info][gc,cpu      ] GC(516) User=0.00s Sys=0.00s Real=0.00s
[160.436s][info][gc,marking  ] GC(517) Concurrent Cleanup for Next Mark
[160.436s][info][gc,marking  ] GC(517) Concurrent Cleanup for Next Mark 0.049ms
[160.436s][info][gc          ] GC(517) Concurrent Undo Cycle 0.114ms
[160.946s][info][gc,start    ] GC(518) Pause Young (Concurrent Start) (G1 Humongous Allocation)
[160.947s][info][gc,task     ] GC(518) Using 8 workers of 8 for evacuation
[160.949s][info][gc,phases   ] GC(518)   Pre Evacuate Collection Set: 0.5ms
[160.949s][info][gc,phases   ] GC(518)   Merge Heap Roots: 0.2ms
[160.949s][info][gc,phases   ] GC(518)   Evacuate Collection Set: 1.2ms
[160.949s][info][gc,phases   ] GC(518)   Post Evacuate Collection Set: 0.5ms
[160.949s][info][gc,phases   ] GC(518)   Other: 0.2ms
[160.949s][info][gc,heap     ] GC(518) Eden regions: 1->0(75)
[160.949s][info][gc,heap     ] GC(518) Survivor regions: 1->1(10)
[160.949s][info][gc,heap     ] GC(518) Old regions: 8->8
[160.949s][info][gc,heap     ] GC(518) Archive regions: 2->2
[160.949s][info][gc,heap     ] GC(518) Humongous regions: 96->0
[160.949s][info][gc,metaspace] GC(518) Metaspace: 29090K(29504K)->29090K(29504K) NonClass: 25530K(25728K)->25530K(25728K) Class: 3559K(3776K)->3559K(3776K)
[160.950s][info][gc          ] GC(518) Pause Young (Concurrent Start) (G1 Humongous Allocation) 210M->16M(254M) 3.120ms
[160.950s][info][gc,cpu      ] GC(518) User=0.01s Sys=0.00s Real=0.00s
[160.950s][info][gc          ] GC(519) Concurrent Undo Cycle
[160.950s][info][gc,marking  ] GC(519) Concurrent Cleanup for Next Mark
[160.950s][info][gc,marking  ] GC(519) Concurrent Cleanup for Next Mark 0.114ms
[160.950s][info][gc          ] GC(519) Concurrent Undo Cycle 0.303ms
[161.465s][info][gc,start    ] GC(520) Pause Young (Concurrent Start) (G1 Humongous Allocation)
[161.465s][info][gc,task     ] GC(520) Using 8 workers of 8 for evacuation
[161.468s][info][gc,phases   ] GC(520)   Pre Evacuate Collection Set: 0.2ms
[161.468s][info][gc,phases   ] GC(520)   Merge Heap Roots: 0.2ms
[161.468s][info][gc,phases   ] GC(520)   Evacuate Collection Set: 1.4ms
[161.468s][info][gc,phases   ] GC(520)   Post Evacuate Collection Set: 0.5ms
[161.468s][info][gc,phases   ] GC(520)   Other: 0.1ms
[161.468s][info][gc,heap     ] GC(520) Eden regions: 1->0(75)
[161.468s][info][gc,heap     ] GC(520) Survivor regions: 1->1(10)
[161.468s][info][gc,heap     ] GC(520) Old regions: 8->8
[161.468s][info][gc,heap     ] GC(520) Archive regions: 2->2
[161.468s][info][gc,heap     ] GC(520) Humongous regions: 96->0
[161.468s][info][gc,metaspace] GC(520) Metaspace: 29090K(29504K)->29090K(29504K) NonClass: 25530K(25728K)->25530K(25728K) Class: 3559K(3776K)->3559K(3776K)
[161.468s][info][gc          ] GC(520) Pause Young (Concurrent Start) (G1 Humongous Allocation) 210M->16M(254M) 2.934ms
[161.468s][info][gc,cpu      ] GC(520) User=0.01s Sys=0.00s Real=0.00s
[161.468s][info][gc          ] GC(521) Concurrent Undo Cycle
[161.468s][info][gc,marking  ] GC(521) Concurrent Cleanup for Next Mark
[161.468s][info][gc,marking  ] GC(521) Concurrent Cleanup for Next Mark 0.151ms
[161.468s][info][gc          ] GC(521) Concurrent Undo Cycle 0.296ms
[161.983s][info][gc,start    ] GC(522) Pause Young (Concurrent Start) (G1 Humongous Allocation)
[161.983s][info][gc,task     ] GC(522) Using 8 workers of 8 for evacuation
[161.986s][info][gc,phases   ] GC(522)   Pre Evacuate Collection Set: 0.6ms
[161.986s][info][gc,phases   ] GC(522)   Merge Heap Roots: 0.2ms
[161.986s][info][gc,phases   ] GC(522)   Evacuate Collection Set: 1.0ms
[161.986s][info][gc,phases   ] GC(522)   Post Evacuate Collection Set: 0.5ms
[161.986s][info][gc,phases   ] GC(522)   Other: 0.2ms
[161.986s][info][gc,heap     ] GC(522) Eden regions: 1->0(75)
[161.986s][info][gc,heap     ] GC(522) Survivor regions: 1->1(10)
[161.986s][info][gc,heap     ] GC(522) Old regions: 8->8
[161.986s][info][gc,heap     ] GC(522) Archive regions: 2->2
[161.986s][info][gc,heap     ] GC(522) Humongous regions: 96->0
[161.986s][info][gc,metaspace] GC(522) Metaspace: 29090K(29504K)->29090K(29504K) NonClass: 25530K(25728K)->25530K(25728K) Class: 3559K(3776K)->3559K(3776K)
[161.986s][info][gc          ] GC(522) Pause Young (Concurrent Start) (G1 Humongous Allocation) 210M->16M(254M) 3.096ms
[161.986s][info][gc,cpu      ] GC(522) User=0.01s Sys=0.00s Real=0.00s
[161.986s][info][gc          ] GC(523) Concurrent Undo Cycle
[161.986s][info][gc,marking  ] GC(523) Concurrent Cleanup for Next Mark
[161.986s][info][gc,marking  ] GC(523) Concurrent Cleanup for Next Mark 0.178ms
[161.986s][info][gc          ] GC(523) Concurrent Undo Cycle 0.376ms
[162.504s][info][gc,start    ] GC(524) Pause Young (Concurrent Start) (G1 Humongous Allocation)
[162.504s][info][gc,task     ] GC(524) Using 8 workers of 8 for evacuation
[162.505s][info][gc,phases   ] GC(524)   Pre Evacuate Collection Set: 0.2ms
[162.505s][info][gc,phases   ] GC(524)   Merge Heap Roots: 0.1ms
[162.505s][info][gc,phases   ] GC(524)   Evacuate Collection Set: 0.6ms
[162.505s][info][gc,phases   ] GC(524)   Post Evacuate Collection Set: 0.3ms
[162.505s][info][gc,phases   ] GC(524)   Other: 0.0ms
[162.505s][info][gc,heap     ] GC(524) Eden regions: 1->0(75)
[162.505s][info][gc,heap     ] GC(524) Survivor regions: 1->1(10)
[162.505s][info][gc,heap     ] GC(524) Old regions: 8->8
[162.505s][info][gc,heap     ] GC(524) Archive regions: 2->2
[162.505s][info][gc,heap     ] GC(524) Humongous regions: 96->0
[162.505s][info][gc,metaspace] GC(524) Metaspace: 29090K(29504K)->29090K(29504K) NonClass: 25530K(25728K)->25530K(25728K) Class: 3559K(3776K)->3559K(3776K)
[162.506s][info][gc          ] GC(524) Pause Young (Concurrent Start) (G1 Humongous Allocation) 210M->16M(254M) 1.570ms
[162.506s][info][gc          ] GC(525) Concurrent Undo Cycle
[162.506s][info][gc,cpu      ] GC(524) User=0.00s Sys=0.00s Real=0.00s
[162.506s][info][gc,marking  ] GC(525) Concurrent Cleanup for Next Mark
[162.506s][info][gc,marking  ] GC(525) Concurrent Cleanup for Next Mark 0.093ms
[162.506s][info][gc          ] GC(525) Concurrent Undo Cycle 0.292ms
[163.021s][info][gc,start    ] GC(526) Pause Young (Concurrent Start) (G1 Humongous Allocation)
[163.021s][info][gc,task     ] GC(526) Using 8 workers of 8 for evacuation
[163.022s][info][gc,phases   ] GC(526)   Pre Evacuate Collection Set: 0.3ms
[163.022s][info][gc,phases   ] GC(526)   Merge Heap Roots: 0.0ms
[163.022s][info][gc,phases   ] GC(526)   Evacuate Collection Set: 0.5ms
[163.022s][info][gc,phases   ] GC(526)   Post Evacuate Collection Set: 0.3ms
[163.022s][info][gc,phases   ] GC(526)   Other: 0.1ms
[163.022s][info][gc,heap     ] GC(526) Eden regions: 1->0(75)
[163.022s][info][gc,heap     ] GC(526) Survivor regions: 1->1(10)
[163.022s][info][gc,heap     ] GC(526) Old regions: 8->8
[163.022s][info][gc,heap     ] GC(526) Archive regions: 2->2
[163.022s][info][gc,heap     ] GC(526) Humongous regions: 96->0
[163.022s][info][gc,metaspace] GC(526) Metaspace: 29090K(29504K)->29090K(29504K) NonClass: 25530K(25728K)->25530K(25728K) Class: 3559K(3776K)->3559K(3776K)
[163.022s][info][gc          ] GC(526) Pause Young (Concurrent Start) (G1 Humongous Allocation) 210M->16M(254M) 1.724ms
[163.022s][info][gc          ] GC(527) Concurrent Undo Cycle
[163.022s][info][gc,cpu      ] GC(526) User=0.01s Sys=0.00s Real=0.01s
[163.022s][info][gc,marking  ] GC(527) Concurrent Cleanup for Next Mark
[163.022s][info][gc,marking  ] GC(527) Concurrent Cleanup for Next Mark 0.084ms
[163.022s][info][gc          ] GC(527) Concurrent Undo Cycle 0.158ms
[163.535s][info][gc,start    ] GC(528) Pause Young (Concurrent Start) (G1 Humongous Allocation)
[163.535s][info][gc,task     ] GC(528) Using 8 workers of 8 for evacuation
[163.537s][info][gc,phases   ] GC(528)   Pre Evacuate Collection Set: 0.5ms
[163.537s][info][gc,phases   ] GC(528)   Merge Heap Roots: 0.1ms
[163.537s][info][gc,phases   ] GC(528)   Evacuate Collection Set: 0.8ms
[163.537s][info][gc,phases   ] GC(528)   Post Evacuate Collection Set: 0.5ms
[163.537s][info][gc,phases   ] GC(528)   Other: 0.2ms
[163.537s][info][gc,heap     ] GC(528) Eden regions: 1->0(75)
[163.537s][info][gc,heap     ] GC(528) Survivor regions: 1->1(10)
[163.537s][info][gc,heap     ] GC(528) Old regions: 8->8
[163.537s][info][gc,heap     ] GC(528) Archive regions: 2->2
[163.537s][info][gc,heap     ] GC(528) Humongous regions: 96->0
[163.537s][info][gc,metaspace] GC(528) Metaspace: 29090K(29504K)->29090K(29504K) NonClass: 25530K(25728K)->25530K(25728K) Class: 3559K(3776K)->3559K(3776K)
[163.538s][info][gc          ] GC(528) Pause Young (Concurrent Start) (G1 Humongous Allocation) 210M->16M(254M) 2.621ms
[163.538s][info][gc,cpu      ] GC(528) User=0.01s Sys=0.00s Real=0.00s
[163.538s][info][gc          ] GC(529) Concurrent Undo Cycle
[163.538s][info][gc,marking  ] GC(529) Concurrent Cleanup for Next Mark
[163.538s][info][gc,marking  ] GC(529) Concurrent Cleanup for Next Mark 0.173ms
[163.538s][info][gc          ] GC(529) Concurrent Undo Cycle 0.377ms
[164.057s][info][gc,start    ] GC(530) Pause Young (Concurrent Start) (G1 Humongous Allocation)
[164.057s][info][gc,task     ] GC(530) Using 8 workers of 8 for evacuation
[164.059s][info][gc,phases   ] GC(530)   Pre Evacuate Collection Set: 0.1ms
[164.059s][info][gc,phases   ] GC(530)   Merge Heap Roots: 0.1ms
[164.059s][info][gc,phases   ] GC(530)   Evacuate Collection Set: 0.7ms
[164.059s][info][gc,phases   ] GC(530)   Post Evacuate Collection Set: 0.2ms
[164.059s][info][gc,phases   ] GC(530)   Other: 0.0ms
[164.059s][info][gc,heap     ] GC(530) Eden regions: 1->0(75)
[164.059s][info][gc,heap     ] GC(530) Survivor regions: 1->1(10)
[164.059s][info][gc,heap     ] GC(530) Old regions: 8->8
[164.059s][info][gc,heap     ] GC(530) Archive regions: 2->2
[164.059s][info][gc,heap     ] GC(530) Humongous regions: 96->0
[164.059s][info][gc,metaspace] GC(530) Metaspace: 29090K(29504K)->29090K(29504K) NonClass: 25530K(25728K)->25530K(25728K) Class: 3559K(3776K)->3559K(3776K)
[164.059s][info][gc          ] GC(530) Pause Young (Concurrent Start) (G1 Humongous Allocation) 210M->16M(254M) 1.465ms
[164.059s][info][gc          ] GC(531) Concurrent Undo Cycle
[164.059s][info][gc,cpu      ] GC(530) User=0.01s Sys=0.00s Real=0.00s
[164.059s][info][gc,marking  ] GC(531) Concurrent Cleanup for Next Mark
[164.059s][info][gc,marking  ] GC(531) Concurrent Cleanup for Next Mark 0.286ms
[164.059s][info][gc          ] GC(531) Concurrent Undo Cycle 0.441ms
[164.571s][info][gc,start    ] GC(532) Pause Young (Concurrent Start) (G1 Humongous Allocation)
[164.571s][info][gc,task     ] GC(532) Using 8 workers of 8 for evacuation
[164.574s][info][gc,phases   ] GC(532)   Pre Evacuate Collection Set: 0.4ms
[164.574s][info][gc,phases   ] GC(532)   Merge Heap Roots: 0.3ms
[164.574s][info][gc,phases   ] GC(532)   Evacuate Collection Set: 1.3ms
[164.574s][info][gc,phases   ] GC(532)   Post Evacuate Collection Set: 0.8ms
[164.574s][info][gc,phases   ] GC(532)   Other: 0.2ms
[164.574s][info][gc,heap     ] GC(532) Eden regions: 1->0(75)
[164.574s][info][gc,heap     ] GC(532) Survivor regions: 1->1(10)
[164.574s][info][gc,heap     ] GC(532) Old regions: 8->8
[164.574s][info][gc,heap     ] GC(532) Archive regions: 2->2
[164.574s][info][gc,heap     ] GC(532) Humongous regions: 96->0
[164.574s][info][gc,metaspace] GC(532) Metaspace: 29090K(29504K)->29090K(29504K) NonClass: 25530K(25728K)->25530K(25728K) Class: 3559K(3776K)->3559K(3776K)
[164.575s][info][gc          ] GC(532) Pause Young (Concurrent Start) (G1 Humongous Allocation) 210M->16M(254M) 3.724ms
[164.575s][info][gc,cpu      ] GC(532) User=0.00s Sys=0.00s Real=0.01s
[164.575s][info][gc          ] GC(533) Concurrent Undo Cycle
[164.575s][info][gc,marking  ] GC(533) Concurrent Cleanup for Next Mark
[164.575s][info][gc,marking  ] GC(533) Concurrent Cleanup for Next Mark 0.194ms
[164.575s][info][gc          ] GC(533) Concurrent Undo Cycle 0.472ms
[165.095s][info][gc,start    ] GC(534) Pause Young (Concurrent Start) (G1 Humongous Allocation)
[165.095s][info][gc,task     ] GC(534) Using 8 workers of 8 for evacuation
[165.098s][info][gc,phases   ] GC(534)   Pre Evacuate Collection Set: 0.4ms
[165.098s][info][gc,phases   ] GC(534)   Merge Heap Roots: 0.2ms
[165.098s][info][gc,phases   ] GC(534)   Evacuate Collection Set: 1.3ms
[165.098s][info][gc,phases   ] GC(534)   Post Evacuate Collection Set: 0.8ms
[165.098s][info][gc,phases   ] GC(534)   Other: 0.2ms
[165.098s][info][gc,heap     ] GC(534) Eden regions: 1->0(75)
[165.099s][info][gc,heap     ] GC(534) Survivor regions: 1->1(10)
[165.099s][info][gc,heap     ] GC(534) Old regions: 8->8
[165.099s][info][gc,heap     ] GC(534) Archive regions: 2->2
[165.099s][info][gc,heap     ] GC(534) Humongous regions: 96->0
[165.099s][info][gc,metaspace] GC(534) Metaspace: 29090K(29504K)->29090K(29504K) NonClass: 25530K(25728K)->25530K(25728K) Class: 3559K(3776K)->3559K(3776K)
[165.099s][info][gc          ] GC(534) Pause Young (Concurrent Start) (G1 Humongous Allocation) 210M->16M(254M) 3.548ms
[165.099s][info][gc,cpu      ] GC(534) User=0.01s Sys=0.00s Real=0.00s
[165.099s][info][gc          ] GC(535) Concurrent Undo Cycle
[165.099s][info][gc,marking  ] GC(535) Concurrent Cleanup for Next Mark
[165.099s][info][gc,marking  ] GC(535) Concurrent Cleanup for Next Mark 0.193ms
[165.099s][info][gc          ] GC(535) Concurrent Undo Cycle 0.518ms
[165.618s][info][gc,start    ] GC(536) Pause Young (Concurrent Start) (G1 Humongous Allocation)
[165.618s][info][gc,task     ] GC(536) Using 8 workers of 8 for evacuation
[165.621s][info][gc,phases   ] GC(536)   Pre Evacuate Collection Set: 0.4ms
[165.621s][info][gc,phases   ] GC(536)   Merge Heap Roots: 0.2ms
[165.621s][info][gc,phases   ] GC(536)   Evacuate Collection Set: 1.2ms
[165.621s][info][gc,phases   ] GC(536)   Post Evacuate Collection Set: 0.8ms
[165.621s][info][gc,phases   ] GC(536)   Other: 0.2ms
[165.621s][info][gc,heap     ] GC(536) Eden regions: 1->0(75)
[165.621s][info][gc,heap     ] GC(536) Survivor regions: 1->1(10)
[165.621s][info][gc,heap     ] GC(536) Old regions: 8->8
[165.621s][info][gc,heap     ] GC(536) Archive regions: 2->2
[165.621s][info][gc,heap     ] GC(536) Humongous regions: 96->0
[165.621s][info][gc,metaspace] GC(536) Metaspace: 29090K(29504K)->29090K(29504K) NonClass: 25530K(25728K)->25530K(25728K) Class: 3559K(3776K)->3559K(3776K)
[165.621s][info][gc          ] GC(536) Pause Young (Concurrent Start) (G1 Humongous Allocation) 210M->16M(254M) 3.439ms
[165.621s][info][gc,cpu      ] GC(536) User=0.01s Sys=0.01s Real=0.00s
[165.621s][info][gc          ] GC(537) Concurrent Undo Cycle
[165.622s][info][gc,marking  ] GC(537) Concurrent Cleanup for Next Mark
[165.622s][info][gc,marking  ] GC(537) Concurrent Cleanup for Next Mark 0.211ms
[165.622s][info][gc          ] GC(537) Concurrent Undo Cycle 0.562ms
[166.142s][info][gc,start    ] GC(538) Pause Young (Concurrent Start) (G1 Humongous Allocation)
[166.142s][info][gc,task     ] GC(538) Using 8 workers of 8 for evacuation
[166.143s][info][gc,phases   ] GC(538)   Pre Evacuate Collection Set: 0.2ms
[166.143s][info][gc,phases   ] GC(538)   Merge Heap Roots: 0.1ms
[166.143s][info][gc,phases   ] GC(538)   Evacuate Collection Set: 0.6ms
[166.143s][info][gc,phases   ] GC(538)   Post Evacuate Collection Set: 0.6ms
[166.143s][info][gc,phases   ] GC(538)   Other: 0.1ms
[166.143s][info][gc,heap     ] GC(538) Eden regions: 1->0(75)
[166.143s][info][gc,heap     ] GC(538) Survivor regions: 1->1(10)
[166.143s][info][gc,heap     ] GC(538) Old regions: 8->8
[166.143s][info][gc,heap     ] GC(538) Archive regions: 2->2
[166.143s][info][gc,heap     ] GC(538) Humongous regions: 96->0
[166.143s][info][gc,metaspace] GC(538) Metaspace: 29090K(29504K)->29090K(29504K) NonClass: 25530K(25728K)->25530K(25728K) Class: 3559K(3776K)->3559K(3776K)
[166.144s][info][gc          ] GC(538) Pause Young (Concurrent Start) (G1 Humongous Allocation) 210M->16M(254M) 1.985ms
[166.144s][info][gc,cpu      ] GC(538) User=0.00s Sys=0.00s Real=0.01s
[166.144s][info][gc          ] GC(539) Concurrent Undo Cycle
[166.144s][info][gc,marking  ] GC(539) Concurrent Cleanup for Next Mark
[166.144s][info][gc,marking  ] GC(539) Concurrent Cleanup for Next Mark 0.091ms
[166.144s][info][gc          ] GC(539) Concurrent Undo Cycle 0.216ms
[166.658s][info][gc,start    ] GC(540) Pause Young (Concurrent Start) (G1 Humongous Allocation)
[166.658s][info][gc,task     ] GC(540) Using 8 workers of 8 for evacuation
[166.659s][info][gc,phases   ] GC(540)   Pre Evacuate Collection Set: 0.1ms
[166.659s][info][gc,phases   ] GC(540)   Merge Heap Roots: 0.0ms
[166.659s][info][gc,phases   ] GC(540)   Evacuate Collection Set: 0.6ms
[166.659s][info][gc,phases   ] GC(540)   Post Evacuate Collection Set: 0.2ms
[166.659s][info][gc,phases   ] GC(540)   Other: 0.1ms
[166.659s][info][gc,heap     ] GC(540) Eden regions: 1->0(75)
[166.659s][info][gc,heap     ] GC(540) Survivor regions: 1->1(10)
[166.659s][info][gc,heap     ] GC(540) Old regions: 8->8
[166.659s][info][gc,heap     ] GC(540) Archive regions: 2->2
[166.659s][info][gc,heap     ] GC(540) Humongous regions: 96->0
[166.659s][info][gc,metaspace] GC(540) Metaspace: 29090K(29504K)->29090K(29504K) NonClass: 25530K(25728K)->25530K(25728K) Class: 3559K(3776K)->3559K(3776K)
[166.659s][info][gc          ] GC(540) Pause Young (Concurrent Start) (G1 Humongous Allocation) 210M->16M(254M) 1.215ms
[166.659s][info][gc          ] GC(541) Concurrent Undo Cycle
[166.659s][info][gc,cpu      ] GC(540) User=0.01s Sys=0.00s Real=0.00s
[166.659s][info][gc,marking  ] GC(541) Concurrent Cleanup for Next Mark
[166.659s][info][gc,marking  ] GC(541) Concurrent Cleanup for Next Mark 0.050ms
[166.659s][info][gc          ] GC(541) Concurrent Undo Cycle 0.129ms
[167.170s][info][gc,start    ] GC(542) Pause Young (Concurrent Start) (G1 Humongous Allocation)
[167.170s][info][gc,task     ] GC(542) Using 8 workers of 8 for evacuation
[167.172s][info][gc,phases   ] GC(542)   Pre Evacuate Collection Set: 0.3ms
[167.175s][info][gc,phases   ] GC(542)   Merge Heap Roots: 0.1ms
[167.175s][info][gc,phases   ] GC(542)   Evacuate Collection Set: 1.0ms
[167.175s][info][gc,phases   ] GC(542)   Post Evacuate Collection Set: 0.7ms
[167.175s][info][gc,phases   ] GC(542)   Other: 0.2ms
[167.175s][info][gc,heap     ] GC(542) Eden regions: 1->0(75)
[167.175s][info][gc,heap     ] GC(542) Survivor regions: 1->1(10)
[167.175s][info][gc,heap     ] GC(542) Old regions: 8->8
[167.175s][info][gc,heap     ] GC(542) Archive regions: 2->2
[167.175s][info][gc,heap     ] GC(542) Humongous regions: 96->0
[167.175s][info][gc,metaspace] GC(542) Metaspace: 29090K(29504K)->29090K(29504K) NonClass: 25530K(25728K)->25530K(25728K) Class: 3559K(3776K)->3559K(3776K)
[167.175s][info][gc          ] GC(542) Pause Young (Concurrent Start) (G1 Humongous Allocation) 210M->16M(254M) 5.148ms
[167.175s][info][gc,cpu      ] GC(542) User=0.01s Sys=0.00s Real=0.01s
[167.175s][info][gc          ] GC(543) Concurrent Undo Cycle
[167.175s][info][gc,marking  ] GC(543) Concurrent Cleanup for Next Mark
[167.175s][info][gc,marking  ] GC(543) Concurrent Cleanup for Next Mark 0.099ms
[167.175s][info][gc          ] GC(543) Concurrent Undo Cycle 0.235ms
[167.691s][info][gc,start    ] GC(544) Pause Young (Concurrent Start) (G1 Humongous Allocation)
[167.692s][info][gc,task     ] GC(544) Using 8 workers of 8 for evacuation
[167.693s][info][gc,phases   ] GC(544)   Pre Evacuate Collection Set: 0.1ms
[167.693s][info][gc,phases   ] GC(544)   Merge Heap Roots: 0.1ms
[167.693s][info][gc,phases   ] GC(544)   Evacuate Collection Set: 0.6ms
[167.693s][info][gc,phases   ] GC(544)   Post Evacuate Collection Set: 0.3ms
[167.693s][info][gc,phases   ] GC(544)   Other: 0.1ms
[167.693s][info][gc,heap     ] GC(544) Eden regions: 1->0(75)
[167.693s][info][gc,heap     ] GC(544) Survivor regions: 1->1(10)
[167.693s][info][gc,heap     ] GC(544) Old regions: 8->8
[167.693s][info][gc,heap     ] GC(544) Archive regions: 2->2
[167.693s][info][gc,heap     ] GC(544) Humongous regions: 96->0
[167.693s][info][gc,metaspace] GC(544) Metaspace: 29090K(29504K)->29090K(29504K) NonClass: 25530K(25728K)->25530K(25728K) Class: 3559K(3776K)->3559K(3776K)
[167.693s][info][gc          ] GC(544) Pause Young (Concurrent Start) (G1 Humongous Allocation) 210M->16M(254M) 1.458ms
[167.693s][info][gc,cpu      ] GC(544) User=0.00s Sys=0.00s Real=0.01s
[167.693s][info][gc          ] GC(545) Concurrent Undo Cycle
[167.693s][info][gc,marking  ] GC(545) Concurrent Cleanup for Next Mark
[167.693s][info][gc,marking  ] GC(545) Concurrent Cleanup for Next Mark 0.084ms
[167.693s][info][gc          ] GC(545) Concurrent Undo Cycle 0.206ms
[168.208s][info][gc,start    ] GC(546) Pause Young (Concurrent Start) (G1 Humongous Allocation)
[168.208s][info][gc,task     ] GC(546) Using 8 workers of 8 for evacuation
[168.211s][info][gc,phases   ] GC(546)   Pre Evacuate Collection Set: 0.4ms
[168.211s][info][gc,phases   ] GC(546)   Merge Heap Roots: 0.2ms
[168.211s][info][gc,phases   ] GC(546)   Evacuate Collection Set: 1.3ms
[168.211s][info][gc,phases   ] GC(546)   Post Evacuate Collection Set: 0.8ms
[168.211s][info][gc,phases   ] GC(546)   Other: 0.3ms
[168.211s][info][gc,heap     ] GC(546) Eden regions: 1->0(75)
[168.211s][info][gc,heap     ] GC(546) Survivor regions: 1->1(10)
[168.211s][info][gc,heap     ] GC(546) Old regions: 8->8
[168.211s][info][gc,heap     ] GC(546) Archive regions: 2->2
[168.211s][info][gc,heap     ] GC(546) Humongous regions: 96->0
[168.211s][info][gc,metaspace] GC(546) Metaspace: 29090K(29504K)->29090K(29504K) NonClass: 25530K(25728K)->25530K(25728K) Class: 3559K(3776K)->3559K(3776K)
[168.211s][info][gc          ] GC(546) Pause Young (Concurrent Start) (G1 Humongous Allocation) 210M->16M(254M) 3.687ms
[168.211s][info][gc,cpu      ] GC(546) User=0.01s Sys=0.00s Real=0.00s
[168.211s][info][gc          ] GC(547) Concurrent Undo Cycle
[168.212s][info][gc,marking  ] GC(547) Concurrent Cleanup for Next Mark
[168.212s][info][gc,marking  ] GC(547) Concurrent Cleanup for Next Mark 0.216ms
[168.212s][info][gc          ] GC(547) Concurrent Undo Cycle 0.481ms
[168.728s][info][gc,start    ] GC(548) Pause Young (Concurrent Start) (G1 Humongous Allocation)
[168.728s][info][gc,task     ] GC(548) Using 8 workers of 8 for evacuation
[168.729s][info][gc,phases   ] GC(548)   Pre Evacuate Collection Set: 0.1ms
[168.729s][info][gc,phases   ] GC(548)   Merge Heap Roots: 0.0ms
[168.729s][info][gc,phases   ] GC(548)   Evacuate Collection Set: 0.5ms
[168.729s][info][gc,phases   ] GC(548)   Post Evacuate Collection Set: 0.3ms
[168.729s][info][gc,phases   ] GC(548)   Other: 0.1ms
[168.729s][info][gc,heap     ] GC(548) Eden regions: 1->0(75)
[168.729s][info][gc,heap     ] GC(548) Survivor regions: 1->1(10)
[168.729s][info][gc,heap     ] GC(548) Old regions: 8->8
[168.729s][info][gc,heap     ] GC(548) Archive regions: 2->2
[168.729s][info][gc,heap     ] GC(548) Humongous regions: 96->0
[168.729s][info][gc,metaspace] GC(548) Metaspace: 29090K(29504K)->29090K(29504K) NonClass: 25530K(25728K)->25530K(25728K) Class: 3559K(3776K)->3559K(3776K)
[168.729s][info][gc          ] GC(548) Pause Young (Concurrent Start) (G1 Humongous Allocation) 210M->16M(254M) 1.338ms
[168.729s][info][gc          ] GC(549) Concurrent Undo Cycle
[168.729s][info][gc,cpu      ] GC(548) User=0.00s Sys=0.00s Real=0.00s
[168.729s][info][gc,marking  ] GC(549) Concurrent Cleanup for Next Mark
[168.729s][info][gc,marking  ] GC(549) Concurrent Cleanup for Next Mark 0.067ms
[168.729s][info][gc          ] GC(549) Concurrent Undo Cycle 0.143ms
[169.242s][info][gc,start    ] GC(550) Pause Young (Concurrent Start) (G1 Humongous Allocation)
[169.243s][info][gc,task     ] GC(550) Using 8 workers of 8 for evacuation
[169.245s][info][gc,phases   ] GC(550)   Pre Evacuate Collection Set: 0.4ms
[169.245s][info][gc,phases   ] GC(550)   Merge Heap Roots: 0.1ms
[169.246s][info][gc,phases   ] GC(550)   Evacuate Collection Set: 1.2ms
[169.246s][info][gc,phases   ] GC(550)   Post Evacuate Collection Set: 0.8ms
[169.246s][info][gc,phases   ] GC(550)   Other: 0.2ms
[169.246s][info][gc,heap     ] GC(550) Eden regions: 1->0(75)
[169.246s][info][gc,heap     ] GC(550) Survivor regions: 1->1(10)
[169.246s][info][gc,heap     ] GC(550) Old regions: 8->8
[169.246s][info][gc,heap     ] GC(550) Archive regions: 2->2
[169.246s][info][gc,heap     ] GC(550) Humongous regions: 96->0
[169.246s][info][gc,metaspace] GC(550) Metaspace: 29090K(29504K)->29090K(29504K) NonClass: 25530K(25728K)->25530K(25728K) Class: 3559K(3776K)->3559K(3776K)
[169.246s][info][gc          ] GC(550) Pause Young (Concurrent Start) (G1 Humongous Allocation) 210M->16M(254M) 4.130ms
[169.246s][info][gc,cpu      ] GC(550) User=0.00s Sys=0.01s Real=0.00s
[169.246s][info][gc          ] GC(551) Concurrent Undo Cycle
[169.246s][info][gc,marking  ] GC(551) Concurrent Cleanup for Next Mark
[169.246s][info][gc,marking  ] GC(551) Concurrent Cleanup for Next Mark 0.171ms
[169.246s][info][gc          ] GC(551) Concurrent Undo Cycle 0.409ms
[169.765s][info][gc,start    ] GC(552) Pause Young (Concurrent Start) (G1 Humongous Allocation)
[169.766s][info][gc,task     ] GC(552) Using 8 workers of 8 for evacuation
[169.768s][info][gc,phases   ] GC(552)   Pre Evacuate Collection Set: 0.4ms
[169.768s][info][gc,phases   ] GC(552)   Merge Heap Roots: 0.2ms
[169.768s][info][gc,phases   ] GC(552)   Evacuate Collection Set: 1.0ms
[169.768s][info][gc,phases   ] GC(552)   Post Evacuate Collection Set: 0.5ms
[169.768s][info][gc,phases   ] GC(552)   Other: 0.3ms
[169.768s][info][gc,heap     ] GC(552) Eden regions: 1->0(75)
[169.768s][info][gc,heap     ] GC(552) Survivor regions: 1->1(10)
[169.768s][info][gc,heap     ] GC(552) Old regions: 8->8
[169.768s][info][gc,heap     ] GC(552) Archive regions: 2->2
[169.768s][info][gc,heap     ] GC(552) Humongous regions: 96->0
[169.768s][info][gc,metaspace] GC(552) Metaspace: 29090K(29504K)->29090K(29504K) NonClass: 25530K(25728K)->25530K(25728K) Class: 3559K(3776K)->3559K(3776K)
[169.768s][info][gc          ] GC(552) Pause Young (Concurrent Start) (G1 Humongous Allocation) 210M->16M(254M) 2.903ms
[169.768s][info][gc,cpu      ] GC(552) User=0.01s Sys=0.00s Real=0.00s
[169.768s][info][gc          ] GC(553) Concurrent Undo Cycle
[169.769s][info][gc,marking  ] GC(553) Concurrent Cleanup for Next Mark
[169.769s][info][gc,marking  ] GC(553) Concurrent Cleanup for Next Mark 0.174ms
[169.769s][info][gc          ] GC(553) Concurrent Undo Cycle 0.363ms
[170.284s][info][gc,start    ] GC(554) Pause Young (Concurrent Start) (G1 Humongous Allocation)
[170.284s][info][gc,task     ] GC(554) Using 8 workers of 8 for evacuation
[170.285s][info][gc,phases   ] GC(554)   Pre Evacuate Collection Set: 0.1ms
[170.285s][info][gc,phases   ] GC(554)   Merge Heap Roots: 0.0ms
[170.285s][info][gc,phases   ] GC(554)   Evacuate Collection Set: 0.6ms
[170.285s][info][gc,phases   ] GC(554)   Post Evacuate Collection Set: 0.3ms
[170.285s][info][gc,phases   ] GC(554)   Other: 0.1ms
[170.285s][info][gc,heap     ] GC(554) Eden regions: 1->0(75)
[170.285s][info][gc,heap     ] GC(554) Survivor regions: 1->1(10)
[170.285s][info][gc,heap     ] GC(554) Old regions: 8->8
[170.285s][info][gc,heap     ] GC(554) Archive regions: 2->2
[170.285s][info][gc,heap     ] GC(554) Humongous regions: 96->0
[170.285s][info][gc,metaspace] GC(554) Metaspace: 29090K(29504K)->29090K(29504K) NonClass: 25530K(25728K)->25530K(25728K) Class: 3559K(3776K)->3559K(3776K)
[170.285s][info][gc          ] GC(554) Pause Young (Concurrent Start) (G1 Humongous Allocation) 210M->16M(254M) 1.427ms
[170.285s][info][gc          ] GC(555) Concurrent Undo Cycle
[170.285s][info][gc,cpu      ] GC(554) User=0.00s Sys=0.00s Real=0.00s
[170.285s][info][gc,marking  ] GC(555) Concurrent Cleanup for Next Mark
[170.285s][info][gc,marking  ] GC(555) Concurrent Cleanup for Next Mark 0.081ms
[170.285s][info][gc          ] GC(555) Concurrent Undo Cycle 0.158ms
[170.794s][info][gc,start    ] GC(556) Pause Young (Concurrent Start) (G1 Humongous Allocation)
[170.794s][info][gc,task     ] GC(556) Using 8 workers of 8 for evacuation
[170.796s][info][gc,phases   ] GC(556)   Pre Evacuate Collection Set: 0.3ms
[170.796s][info][gc,phases   ] GC(556)   Merge Heap Roots: 0.1ms
[170.796s][info][gc,phases   ] GC(556)   Evacuate Collection Set: 0.6ms
[170.796s][info][gc,phases   ] GC(556)   Post Evacuate Collection Set: 0.4ms
[170.796s][info][gc,phases   ] GC(556)   Other: 0.1ms
[170.796s][info][gc,heap     ] GC(556) Eden regions: 1->0(75)
[170.796s][info][gc,heap     ] GC(556) Survivor regions: 1->1(10)
[170.796s][info][gc,heap     ] GC(556) Old regions: 8->8
[170.796s][info][gc,heap     ] GC(556) Archive regions: 2->2
[170.796s][info][gc,heap     ] GC(556) Humongous regions: 96->0
[170.796s][info][gc,metaspace] GC(556) Metaspace: 29090K(29504K)->29090K(29504K) NonClass: 25530K(25728K)->25530K(25728K) Class: 3559K(3776K)->3559K(3776K)
[170.796s][info][gc          ] GC(556) Pause Young (Concurrent Start) (G1 Humongous Allocation) 210M->16M(254M) 1.819ms
[170.796s][info][gc,cpu      ] GC(556) User=0.00s Sys=0.00s Real=0.00s
[170.796s][info][gc          ] GC(557) Concurrent Undo Cycle
[170.796s][info][gc,marking  ] GC(557) Concurrent Cleanup for Next Mark
[170.796s][info][gc,marking  ] GC(557) Concurrent Cleanup for Next Mark 0.101ms
[170.796s][info][gc          ] GC(557) Concurrent Undo Cycle 0.193ms
[171.309s][info][gc,start    ] GC(558) Pause Young (Concurrent Start) (G1 Humongous Allocation)
[171.309s][info][gc,task     ] GC(558) Using 8 workers of 8 for evacuation
[171.310s][info][gc,phases   ] GC(558)   Pre Evacuate Collection Set: 0.2ms
[171.310s][info][gc,phases   ] GC(558)   Merge Heap Roots: 0.1ms
[171.310s][info][gc,phases   ] GC(558)   Evacuate Collection Set: 0.7ms
[171.310s][info][gc,phases   ] GC(558)   Post Evacuate Collection Set: 0.3ms
[171.310s][info][gc,phases   ] GC(558)   Other: 0.1ms
[171.310s][info][gc,heap     ] GC(558) Eden regions: 1->0(75)
[171.310s][info][gc,heap     ] GC(558) Survivor regions: 1->1(10)
[171.310s][info][gc,heap     ] GC(558) Old regions: 8->8
[171.310s][info][gc,heap     ] GC(558) Archive regions: 2->2
[171.310s][info][gc,heap     ] GC(558) Humongous regions: 96->0
[171.310s][info][gc,metaspace] GC(558) Metaspace: 29090K(29504K)->29090K(29504K) NonClass: 25530K(25728K)->25530K(25728K) Class: 3559K(3776K)->3559K(3776K)
[171.310s][info][gc          ] GC(558) Pause Young (Concurrent Start) (G1 Humongous Allocation) 210M->16M(254M) 1.666ms
[171.310s][info][gc,cpu      ] GC(558) User=0.01s Sys=0.00s Real=0.00s
[171.314s][info][gc          ] GC(559) Concurrent Undo Cycle
[171.314s][info][gc,marking  ] GC(559) Concurrent Cleanup for Next Mark
[171.317s][info][gc,marking  ] GC(559) Concurrent Cleanup for Next Mark 3.437ms
[171.317s][info][gc          ] GC(559) Concurrent Undo Cycle 3.649ms
[171.833s][info][gc,start    ] GC(560) Pause Young (Concurrent Start) (G1 Humongous Allocation)
[171.833s][info][gc,task     ] GC(560) Using 8 workers of 8 for evacuation
[171.835s][info][gc,phases   ] GC(560)   Pre Evacuate Collection Set: 0.3ms
[171.835s][info][gc,phases   ] GC(560)   Merge Heap Roots: 0.1ms
[171.835s][info][gc,phases   ] GC(560)   Evacuate Collection Set: 0.8ms
[171.835s][info][gc,phases   ] GC(560)   Post Evacuate Collection Set: 0.5ms
[171.835s][info][gc,phases   ] GC(560)   Other: 0.1ms
[171.835s][info][gc,heap     ] GC(560) Eden regions: 1->0(75)
[171.835s][info][gc,heap     ] GC(560) Survivor regions: 1->1(10)
[171.835s][info][gc,heap     ] GC(560) Old regions: 8->8
[171.836s][info][gc,heap     ] GC(560) Archive regions: 2->2
[171.836s][info][gc,heap     ] GC(560) Humongous regions: 96->0
[171.836s][info][gc,metaspace] GC(560) Metaspace: 29090K(29504K)->29090K(29504K) NonClass: 25530K(25728K)->25530K(25728K) Class: 3559K(3776K)->3559K(3776K)
[171.836s][info][gc          ] GC(560) Pause Young (Concurrent Start) (G1 Humongous Allocation) 210M->16M(254M) 2.391ms
[171.836s][info][gc,cpu      ] GC(560) User=0.01s Sys=0.01s Real=0.00s
[171.836s][info][gc          ] GC(561) Concurrent Undo Cycle
[171.836s][info][gc,marking  ] GC(561) Concurrent Cleanup for Next Mark
[171.836s][info][gc,marking  ] GC(561) Concurrent Cleanup for Next Mark 0.184ms
[171.836s][info][gc          ] GC(561) Concurrent Undo Cycle 0.329ms
[172.358s][info][gc,start    ] GC(562) Pause Young (Concurrent Start) (G1 Humongous Allocation)
[172.358s][info][gc,task     ] GC(562) Using 8 workers of 8 for evacuation
[172.360s][info][gc,phases   ] GC(562)   Pre Evacuate Collection Set: 0.4ms
[172.360s][info][gc,phases   ] GC(562)   Merge Heap Roots: 0.1ms
[172.360s][info][gc,phases   ] GC(562)   Evacuate Collection Set: 0.8ms
[172.360s][info][gc,phases   ] GC(562)   Post Evacuate Collection Set: 0.5ms
[172.360s][info][gc,phases   ] GC(562)   Other: 0.1ms
[172.360s][info][gc,heap     ] GC(562) Eden regions: 1->0(75)
[172.360s][info][gc,heap     ] GC(562) Survivor regions: 1->1(10)
[172.360s][info][gc,heap     ] GC(562) Old regions: 8->8
[172.360s][info][gc,heap     ] GC(562) Archive regions: 2->2
[172.360s][info][gc,heap     ] GC(562) Humongous regions: 96->0
[172.360s][info][gc,metaspace] GC(562) Metaspace: 29090K(29504K)->29090K(29504K) NonClass: 25530K(25728K)->25530K(25728K) Class: 3559K(3776K)->3559K(3776K)
[172.360s][info][gc          ] GC(562) Pause Young (Concurrent Start) (G1 Humongous Allocation) 210M->16M(254M) 2.318ms
[172.360s][info][gc,cpu      ] GC(562) User=0.00s Sys=0.00s Real=0.00s
[172.361s][info][gc          ] GC(563) Concurrent Undo Cycle
[172.361s][info][gc,marking  ] GC(563) Concurrent Cleanup for Next Mark
[172.368s][info][gc,marking  ] GC(563) Concurrent Cleanup for Next Mark 6.324ms
[172.368s][info][gc          ] GC(563) Concurrent Undo Cycle 6.669ms
[172.878s][info][gc,start    ] GC(564) Pause Young (Concurrent Start) (G1 Humongous Allocation)
[172.879s][info][gc,task     ] GC(564) Using 8 workers of 8 for evacuation
[172.881s][info][gc,phases   ] GC(564)   Pre Evacuate Collection Set: 0.4ms
[172.882s][info][gc,phases   ] GC(564)   Merge Heap Roots: 0.2ms
[172.882s][info][gc,phases   ] GC(564)   Evacuate Collection Set: 1.3ms
[172.882s][info][gc,phases   ] GC(564)   Post Evacuate Collection Set: 0.8ms
[172.882s][info][gc,phases   ] GC(564)   Other: 0.2ms
[172.882s][info][gc,heap     ] GC(564) Eden regions: 1->0(75)
[172.882s][info][gc,heap     ] GC(564) Survivor regions: 1->1(10)
[172.882s][info][gc,heap     ] GC(564) Old regions: 8->8
[172.882s][info][gc,heap     ] GC(564) Archive regions: 2->2
[172.882s][info][gc,heap     ] GC(564) Humongous regions: 96->0
[172.882s][info][gc,metaspace] GC(564) Metaspace: 29090K(29504K)->29090K(29504K) NonClass: 25530K(25728K)->25530K(25728K) Class: 3559K(3776K)->3559K(3776K)
[172.882s][info][gc          ] GC(564) Pause Young (Concurrent Start) (G1 Humongous Allocation) 210M->16M(254M) 3.898ms
[172.882s][info][gc,cpu      ] GC(564) User=0.00s Sys=0.00s Real=0.01s
[172.883s][info][gc          ] GC(565) Concurrent Undo Cycle
[172.883s][info][gc,marking  ] GC(565) Concurrent Cleanup for Next Mark
[172.883s][info][gc,marking  ] GC(565) Concurrent Cleanup for Next Mark 0.186ms
[172.883s][info][gc          ] GC(565) Concurrent Undo Cycle 0.507ms
[173.403s][info][gc,start    ] GC(566) Pause Young (Concurrent Start) (G1 Humongous Allocation)
[173.404s][info][gc,task     ] GC(566) Using 8 workers of 8 for evacuation
[173.407s][info][gc,phases   ] GC(566)   Pre Evacuate Collection Set: 0.5ms
[173.407s][info][gc,phases   ] GC(566)   Merge Heap Roots: 0.2ms
[173.407s][info][gc,phases   ] GC(566)   Evacuate Collection Set: 1.8ms
[173.407s][info][gc,phases   ] GC(566)   Post Evacuate Collection Set: 0.7ms
[173.407s][info][gc,phases   ] GC(566)   Other: 0.2ms
[173.407s][info][gc,heap     ] GC(566) Eden regions: 1->0(75)
[173.407s][info][gc,heap     ] GC(566) Survivor regions: 1->1(10)
[173.407s][info][gc,heap     ] GC(566) Old regions: 8->8
[173.407s][info][gc,heap     ] GC(566) Archive regions: 2->2
[173.407s][info][gc,heap     ] GC(566) Humongous regions: 96->0
[173.407s][info][gc,metaspace] GC(566) Metaspace: 29090K(29504K)->29090K(29504K) NonClass: 25530K(25728K)->25530K(25728K) Class: 3559K(3776K)->3559K(3776K)
[173.408s][info][gc          ] GC(566) Pause Young (Concurrent Start) (G1 Humongous Allocation) 210M->16M(254M) 4.152ms
[173.408s][info][gc,cpu      ] GC(566) User=0.01s Sys=0.01s Real=0.00s
[173.408s][info][gc          ] GC(567) Concurrent Undo Cycle
[173.408s][info][gc,marking  ] GC(567) Concurrent Cleanup for Next Mark
[173.408s][info][gc,marking  ] GC(567) Concurrent Cleanup for Next Mark 0.202ms
[173.408s][info][gc          ] GC(567) Concurrent Undo Cycle 0.387ms
[173.923s][info][gc,start    ] GC(568) Pause Young (Concurrent Start) (G1 Humongous Allocation)
[173.924s][info][gc,task     ] GC(568) Using 8 workers of 8 for evacuation
[173.926s][info][gc,phases   ] GC(568)   Pre Evacuate Collection Set: 0.4ms
[173.926s][info][gc,phases   ] GC(568)   Merge Heap Roots: 0.2ms
[173.926s][info][gc,phases   ] GC(568)   Evacuate Collection Set: 1.2ms
[173.926s][info][gc,phases   ] GC(568)   Post Evacuate Collection Set: 0.6ms
[173.926s][info][gc,phases   ] GC(568)   Other: 0.2ms
[173.926s][info][gc,heap     ] GC(568) Eden regions: 1->0(75)
[173.926s][info][gc,heap     ] GC(568) Survivor regions: 1->1(10)
[173.926s][info][gc,heap     ] GC(568) Old regions: 8->8
[173.926s][info][gc,heap     ] GC(568) Archive regions: 2->2
[173.926s][info][gc,heap     ] GC(568) Humongous regions: 96->0
[173.926s][info][gc,metaspace] GC(568) Metaspace: 29090K(29504K)->29090K(29504K) NonClass: 25530K(25728K)->25530K(25728K) Class: 3559K(3776K)->3559K(3776K)
[173.926s][info][gc          ] GC(568) Pause Young (Concurrent Start) (G1 Humongous Allocation) 210M->16M(254M) 3.049ms
[173.926s][info][gc,cpu      ] GC(568) User=0.01s Sys=0.00s Real=0.00s
[173.926s][info][gc          ] GC(569) Concurrent Undo Cycle
[173.927s][info][gc,marking  ] GC(569) Concurrent Cleanup for Next Mark
[173.927s][info][gc,marking  ] GC(569) Concurrent Cleanup for Next Mark 0.130ms
[173.927s][info][gc          ] GC(569) Concurrent Undo Cycle 0.270ms
[174.445s][info][gc,start    ] GC(570) Pause Young (Concurrent Start) (G1 Humongous Allocation)
[174.445s][info][gc,task     ] GC(570) Using 8 workers of 8 for evacuation
[174.448s][info][gc,phases   ] GC(570)   Pre Evacuate Collection Set: 0.4ms
[174.448s][info][gc,phases   ] GC(570)   Merge Heap Roots: 0.2ms
[174.448s][info][gc,phases   ] GC(570)   Evacuate Collection Set: 1.3ms
[174.448s][info][gc,phases   ] GC(570)   Post Evacuate Collection Set: 0.7ms
[174.448s][info][gc,phases   ] GC(570)   Other: 0.2ms
[174.448s][info][gc,heap     ] GC(570) Eden regions: 1->0(75)
[174.448s][info][gc,heap     ] GC(570) Survivor regions: 1->1(10)
[174.449s][info][gc,heap     ] GC(570) Old regions: 8->8
[174.449s][info][gc,heap     ] GC(570) Archive regions: 2->2
[174.449s][info][gc,heap     ] GC(570) Humongous regions: 96->0
[174.449s][info][gc,metaspace] GC(570) Metaspace: 29090K(29504K)->29090K(29504K) NonClass: 25530K(25728K)->25530K(25728K) Class: 3559K(3776K)->3559K(3776K)
[174.449s][info][gc          ] GC(570) Pause Young (Concurrent Start) (G1 Humongous Allocation) 210M->16M(254M) 3.497ms
[174.449s][info][gc,cpu      ] GC(570) User=0.01s Sys=0.01s Real=0.00s
[174.449s][info][gc          ] GC(571) Concurrent Undo Cycle
[174.449s][info][gc,marking  ] GC(571) Concurrent Cleanup for Next Mark
[174.449s][info][gc,marking  ] GC(571) Concurrent Cleanup for Next Mark 0.152ms
[174.449s][info][gc          ] GC(571) Concurrent Undo Cycle 0.365ms
[174.971s][info][gc,start    ] GC(572) Pause Young (Concurrent Start) (G1 Humongous Allocation)
[174.971s][info][gc,task     ] GC(572) Using 8 workers of 8 for evacuation
[174.974s][info][gc,phases   ] GC(572)   Pre Evacuate Collection Set: 0.5ms
[174.974s][info][gc,phases   ] GC(572)   Merge Heap Roots: 0.2ms
[174.974s][info][gc,phases   ] GC(572)   Evacuate Collection Set: 1.3ms
[174.974s][info][gc,phases   ] GC(572)   Post Evacuate Collection Set: 0.8ms
[174.974s][info][gc,phases   ] GC(572)   Other: 0.2ms
[174.974s][info][gc,heap     ] GC(572) Eden regions: 1->0(75)
[174.974s][info][gc,heap     ] GC(572) Survivor regions: 1->1(10)
[174.974s][info][gc,heap     ] GC(572) Old regions: 8->8
[174.974s][info][gc,heap     ] GC(572) Archive regions: 2->2
[174.974s][info][gc,heap     ] GC(572) Humongous regions: 96->0
[174.974s][info][gc,metaspace] GC(572) Metaspace: 29090K(29504K)->29090K(29504K) NonClass: 25530K(25728K)->25530K(25728K) Class: 3559K(3776K)->3559K(3776K)
[174.975s][info][gc          ] GC(572) Pause Young (Concurrent Start) (G1 Humongous Allocation) 210M->16M(254M) 3.729ms
[174.975s][info][gc,cpu      ] GC(572) User=0.00s Sys=0.00s Real=0.01s
[174.975s][info][gc          ] GC(573) Concurrent Undo Cycle
[174.975s][info][gc,marking  ] GC(573) Concurrent Cleanup for Next Mark
[174.975s][info][gc,marking  ] GC(573) Concurrent Cleanup for Next Mark 0.219ms
[174.975s][info][gc          ] GC(573) Concurrent Undo Cycle 0.563ms
[175.494s][info][gc,start    ] GC(574) Pause Young (Concurrent Start) (G1 Humongous Allocation)
[175.494s][info][gc,task     ] GC(574) Using 8 workers of 8 for evacuation
[175.496s][info][gc,phases   ] GC(574)   Pre Evacuate Collection Set: 0.1ms
[175.496s][info][gc,phases   ] GC(574)   Merge Heap Roots: 0.0ms
[175.496s][info][gc,phases   ] GC(574)   Evacuate Collection Set: 0.6ms
[175.496s][info][gc,phases   ] GC(574)   Post Evacuate Collection Set: 0.5ms
[175.496s][info][gc,phases   ] GC(574)   Other: 0.1ms
[175.496s][info][gc,heap     ] GC(574) Eden regions: 1->0(75)
[175.496s][info][gc,heap     ] GC(574) Survivor regions: 1->1(10)
[175.496s][info][gc,heap     ] GC(574) Old regions: 8->8
[175.496s][info][gc,heap     ] GC(574) Archive regions: 2->2
[175.496s][info][gc,heap     ] GC(574) Humongous regions: 96->0
[175.496s][info][gc,metaspace] GC(574) Metaspace: 29090K(29504K)->29090K(29504K) NonClass: 25530K(25728K)->25530K(25728K) Class: 3559K(3776K)->3559K(3776K)
[175.496s][info][gc          ] GC(574) Pause Young (Concurrent Start) (G1 Humongous Allocation) 210M->16M(254M) 1.722ms
[175.496s][info][gc,cpu      ] GC(574) User=0.01s Sys=0.00s Real=0.00s
[175.496s][info][gc          ] GC(575) Concurrent Undo Cycle
[175.496s][info][gc,marking  ] GC(575) Concurrent Cleanup for Next Mark
[175.496s][info][gc,marking  ] GC(575) Concurrent Cleanup for Next Mark 0.160ms
[175.496s][info][gc          ] GC(575) Concurrent Undo Cycle 0.308ms
[176.009s][info][gc,start    ] GC(576) Pause Young (Concurrent Start) (G1 Humongous Allocation)
[176.009s][info][gc,task     ] GC(576) Using 8 workers of 8 for evacuation
[176.010s][info][gc,phases   ] GC(576)   Pre Evacuate Collection Set: 0.2ms
[176.010s][info][gc,phases   ] GC(576)   Merge Heap Roots: 0.0ms
[176.010s][info][gc,phases   ] GC(576)   Evacuate Collection Set: 0.6ms
[176.010s][info][gc,phases   ] GC(576)   Post Evacuate Collection Set: 0.3ms
[176.010s][info][gc,phases   ] GC(576)   Other: 0.1ms
[176.010s][info][gc,heap     ] GC(576) Eden regions: 1->0(75)
[176.010s][info][gc,heap     ] GC(576) Survivor regions: 1->1(10)
[176.010s][info][gc,heap     ] GC(576) Old regions: 8->8
[176.010s][info][gc,heap     ] GC(576) Archive regions: 2->2
[176.010s][info][gc,heap     ] GC(576) Humongous regions: 96->0
[176.010s][info][gc,metaspace] GC(576) Metaspace: 29090K(29504K)->29090K(29504K) NonClass: 25530K(25728K)->25530K(25728K) Class: 3559K(3776K)->3559K(3776K)
[176.010s][info][gc          ] GC(576) Pause Young (Concurrent Start) (G1 Humongous Allocation) 210M->16M(254M) 1.562ms
[176.010s][info][gc,cpu      ] GC(576) User=0.01s Sys=0.01s Real=0.00s
[176.010s][info][gc          ] GC(577) Concurrent Undo Cycle
[176.010s][info][gc,marking  ] GC(577) Concurrent Cleanup for Next Mark
[176.010s][info][gc,marking  ] GC(577) Concurrent Cleanup for Next Mark 0.077ms
[176.010s][info][gc          ] GC(577) Concurrent Undo Cycle 0.167ms
[176.523s][info][gc,start    ] GC(578) Pause Young (Concurrent Start) (G1 Humongous Allocation)
[176.523s][info][gc,task     ] GC(578) Using 8 workers of 8 for evacuation
[176.524s][info][gc,phases   ] GC(578)   Pre Evacuate Collection Set: 0.1ms
[176.524s][info][gc,phases   ] GC(578)   Merge Heap Roots: 0.0ms
[176.524s][info][gc,phases   ] GC(578)   Evacuate Collection Set: 0.6ms
[176.524s][info][gc,phases   ] GC(578)   Post Evacuate Collection Set: 0.3ms
[176.524s][info][gc,phases   ] GC(578)   Other: 0.1ms
[176.524s][info][gc,heap     ] GC(578) Eden regions: 1->0(75)
[176.524s][info][gc,heap     ] GC(578) Survivor regions: 1->1(10)
[176.524s][info][gc,heap     ] GC(578) Old regions: 8->8
[176.524s][info][gc,heap     ] GC(578) Archive regions: 2->2
[176.524s][info][gc,heap     ] GC(578) Humongous regions: 96->0
[176.524s][info][gc,metaspace] GC(578) Metaspace: 29090K(29504K)->29090K(29504K) NonClass: 25530K(25728K)->25530K(25728K) Class: 3559K(3776K)->3559K(3776K)
[176.524s][info][gc          ] GC(578) Pause Young (Concurrent Start) (G1 Humongous Allocation) 210M->16M(254M) 1.439ms
[176.524s][info][gc          ] GC(579) Concurrent Undo Cycle
[176.524s][info][gc,cpu      ] GC(578) User=0.01s Sys=0.00s Real=0.00s
[176.524s][info][gc,marking  ] GC(579) Concurrent Cleanup for Next Mark
[176.524s][info][gc,marking  ] GC(579) Concurrent Cleanup for Next Mark 0.049ms
[176.524s][info][gc          ] GC(579) Concurrent Undo Cycle 0.102ms
[177.038s][info][gc,start    ] GC(580) Pause Young (Concurrent Start) (G1 Humongous Allocation)
[177.038s][info][gc,task     ] GC(580) Using 8 workers of 8 for evacuation
[177.038s][info][gc,phases   ] GC(580)   Pre Evacuate Collection Set: 0.1ms
[177.038s][info][gc,phases   ] GC(580)   Merge Heap Roots: 0.0ms
[177.038s][info][gc,phases   ] GC(580)   Evacuate Collection Set: 0.3ms
[177.038s][info][gc,phases   ] GC(580)   Post Evacuate Collection Set: 0.2ms
[177.038s][info][gc,phases   ] GC(580)   Other: 0.1ms
[177.038s][info][gc,heap     ] GC(580) Eden regions: 2->0(75)
[177.038s][info][gc,heap     ] GC(580) Survivor regions: 1->1(10)
[177.038s][info][gc,heap     ] GC(580) Old regions: 8->8
[177.038s][info][gc,heap     ] GC(580) Archive regions: 2->2
[177.038s][info][gc,heap     ] GC(580) Humongous regions: 96->0
[177.038s][info][gc,metaspace] GC(580) Metaspace: 29090K(29504K)->29090K(29504K) NonClass: 25530K(25728K)->25530K(25728K) Class: 3559K(3776K)->3559K(3776K)
[177.038s][info][gc          ] GC(580) Pause Young (Concurrent Start) (G1 Humongous Allocation) 210M->16M(254M) 0.988ms
[177.039s][info][gc          ] GC(581) Concurrent Undo Cycle
[177.039s][info][gc,cpu      ] GC(580) User=0.00s Sys=0.00s Real=0.00s
[177.039s][info][gc,marking  ] GC(581) Concurrent Cleanup for Next Mark
[177.039s][info][gc,marking  ] GC(581) Concurrent Cleanup for Next Mark 0.103ms
[177.039s][info][gc          ] GC(581) Concurrent Undo Cycle 0.168ms
[177.551s][info][gc,start    ] GC(582) Pause Young (Concurrent Start) (G1 Humongous Allocation)
[177.551s][info][gc,task     ] GC(582) Using 8 workers of 8 for evacuation
[177.552s][info][gc,phases   ] GC(582)   Pre Evacuate Collection Set: 0.1ms
[177.552s][info][gc,phases   ] GC(582)   Merge Heap Roots: 0.1ms
[177.552s][info][gc,phases   ] GC(582)   Evacuate Collection Set: 0.6ms
[177.552s][info][gc,phases   ] GC(582)   Post Evacuate Collection Set: 0.2ms
[177.552s][info][gc,phases   ] GC(582)   Other: 0.1ms
[177.552s][info][gc,heap     ] GC(582) Eden regions: 1->0(75)
[177.552s][info][gc,heap     ] GC(582) Survivor regions: 1->1(10)
[177.552s][info][gc,heap     ] GC(582) Old regions: 8->8
[177.552s][info][gc,heap     ] GC(582) Archive regions: 2->2
[177.552s][info][gc,heap     ] GC(582) Humongous regions: 96->0
[177.552s][info][gc,metaspace] GC(582) Metaspace: 29090K(29504K)->29090K(29504K) NonClass: 25530K(25728K)->25530K(25728K) Class: 3559K(3776K)->3559K(3776K)
[177.552s][info][gc          ] GC(582) Pause Young (Concurrent Start) (G1 Humongous Allocation) 210M->16M(254M) 1.454ms
[177.552s][info][gc          ] GC(583) Concurrent Undo Cycle
[177.552s][info][gc,cpu      ] GC(582) User=0.00s Sys=0.00s Real=0.01s
[177.552s][info][gc,marking  ] GC(583) Concurrent Cleanup for Next Mark
[177.552s][info][gc,marking  ] GC(583) Concurrent Cleanup for Next Mark 0.073ms
[177.552s][info][gc          ] GC(583) Concurrent Undo Cycle 0.132ms
[178.065s][info][gc,start    ] GC(584) Pause Young (Concurrent Start) (G1 Humongous Allocation)
[178.065s][info][gc,task     ] GC(584) Using 8 workers of 8 for evacuation
[178.066s][info][gc,phases   ] GC(584)   Pre Evacuate Collection Set: 0.1ms
[178.066s][info][gc,phases   ] GC(584)   Merge Heap Roots: 0.0ms
[178.066s][info][gc,phases   ] GC(584)   Evacuate Collection Set: 0.5ms
[178.066s][info][gc,phases   ] GC(584)   Post Evacuate Collection Set: 0.2ms
[178.066s][info][gc,phases   ] GC(584)   Other: 0.1ms
[178.066s][info][gc,heap     ] GC(584) Eden regions: 1->0(75)
[178.066s][info][gc,heap     ] GC(584) Survivor regions: 1->1(10)
[178.066s][info][gc,heap     ] GC(584) Old regions: 8->8
[178.066s][info][gc,heap     ] GC(584) Archive regions: 2->2
[178.066s][info][gc,heap     ] GC(584) Humongous regions: 96->0
[178.066s][info][gc,metaspace] GC(584) Metaspace: 29090K(29504K)->29090K(29504K) NonClass: 25530K(25728K)->25530K(25728K) Class: 3559K(3776K)->3559K(3776K)
[178.066s][info][gc          ] GC(584) Pause Young (Concurrent Start) (G1 Humongous Allocation) 210M->16M(254M) 1.195ms
[178.066s][info][gc          ] GC(585) Concurrent Undo Cycle
[178.066s][info][gc,cpu      ] GC(584) User=0.00s Sys=0.00s Real=0.00s
[178.067s][info][gc,marking  ] GC(585) Concurrent Cleanup for Next Mark
[178.067s][info][gc,marking  ] GC(585) Concurrent Cleanup for Next Mark 0.091ms
[178.067s][info][gc          ] GC(585) Concurrent Undo Cycle 0.189ms
[178.577s][info][gc,start    ] GC(586) Pause Young (Concurrent Start) (G1 Humongous Allocation)
[178.577s][info][gc,task     ] GC(586) Using 8 workers of 8 for evacuation
[178.580s][info][gc,phases   ] GC(586)   Pre Evacuate Collection Set: 0.5ms
[178.580s][info][gc,phases   ] GC(586)   Merge Heap Roots: 0.2ms
[178.580s][info][gc,phases   ] GC(586)   Evacuate Collection Set: 1.4ms
[178.580s][info][gc,phases   ] GC(586)   Post Evacuate Collection Set: 0.7ms
[178.580s][info][gc,phases   ] GC(586)   Other: 0.3ms
[178.581s][info][gc,heap     ] GC(586) Eden regions: 1->0(75)
[178.581s][info][gc,heap     ] GC(586) Survivor regions: 1->1(10)
[178.581s][info][gc,heap     ] GC(586) Old regions: 8->8
[178.581s][info][gc,heap     ] GC(586) Archive regions: 2->2
[178.581s][info][gc,heap     ] GC(586) Humongous regions: 96->0
[178.581s][info][gc,metaspace] GC(586) Metaspace: 29090K(29504K)->29090K(29504K) NonClass: 25530K(25728K)->25530K(25728K) Class: 3559K(3776K)->3559K(3776K)
[178.581s][info][gc          ] GC(586) Pause Young (Concurrent Start) (G1 Humongous Allocation) 210M->16M(254M) 4.062ms
[178.581s][info][gc,cpu      ] GC(586) User=0.00s Sys=0.01s Real=0.00s
[178.581s][info][gc          ] GC(587) Concurrent Undo Cycle
[178.581s][info][gc,marking  ] GC(587) Concurrent Cleanup for Next Mark
[178.581s][info][gc,marking  ] GC(587) Concurrent Cleanup for Next Mark 0.132ms
[178.581s][info][gc          ] GC(587) Concurrent Undo Cycle 0.313ms
[179.100s][info][gc,start    ] GC(588) Pause Young (Concurrent Start) (G1 Humongous Allocation)
[179.100s][info][gc,task     ] GC(588) Using 8 workers of 8 for evacuation
[179.103s][info][gc,phases   ] GC(588)   Pre Evacuate Collection Set: 0.4ms
[179.103s][info][gc,phases   ] GC(588)   Merge Heap Roots: 0.2ms
[179.103s][info][gc,phases   ] GC(588)   Evacuate Collection Set: 1.3ms
[179.103s][info][gc,phases   ] GC(588)   Post Evacuate Collection Set: 0.7ms
[179.103s][info][gc,phases   ] GC(588)   Other: 0.2ms
[179.103s][info][gc,heap     ] GC(588) Eden regions: 1->0(75)
[179.103s][info][gc,heap     ] GC(588) Survivor regions: 1->1(10)
[179.103s][info][gc,heap     ] GC(588) Old regions: 8->8
[179.103s][info][gc,heap     ] GC(588) Archive regions: 2->2
[179.103s][info][gc,heap     ] GC(588) Humongous regions: 96->0
[179.103s][info][gc,metaspace] GC(588) Metaspace: 29090K(29504K)->29090K(29504K) NonClass: 25530K(25728K)->25530K(25728K) Class: 3559K(3776K)->3559K(3776K)
[179.103s][info][gc          ] GC(588) Pause Young (Concurrent Start) (G1 Humongous Allocation) 210M->16M(254M) 3.493ms
[179.103s][info][gc,cpu      ] GC(588) User=0.01s Sys=0.00s Real=0.01s
[179.103s][info][gc          ] GC(589) Concurrent Undo Cycle
[179.104s][info][gc,marking  ] GC(589) Concurrent Cleanup for Next Mark
[179.104s][info][gc,marking  ] GC(589) Concurrent Cleanup for Next Mark 0.188ms
[179.104s][info][gc          ] GC(589) Concurrent Undo Cycle 0.389ms
[179.624s][info][gc,start    ] GC(590) Pause Young (Concurrent Start) (G1 Humongous Allocation)
[179.624s][info][gc,task     ] GC(590) Using 8 workers of 8 for evacuation
[179.626s][info][gc,phases   ] GC(590)   Pre Evacuate Collection Set: 0.1ms
[179.626s][info][gc,phases   ] GC(590)   Merge Heap Roots: 0.0ms
[179.626s][info][gc,phases   ] GC(590)   Evacuate Collection Set: 0.5ms
[179.626s][info][gc,phases   ] GC(590)   Post Evacuate Collection Set: 0.6ms
[179.626s][info][gc,phases   ] GC(590)   Other: 0.1ms
[179.626s][info][gc,heap     ] GC(590) Eden regions: 1->0(75)
[179.626s][info][gc,heap     ] GC(590) Survivor regions: 1->1(10)
[179.626s][info][gc,heap     ] GC(590) Old regions: 8->8
[179.626s][info][gc,heap     ] GC(590) Archive regions: 2->2
[179.626s][info][gc,heap     ] GC(590) Humongous regions: 96->0
[179.626s][info][gc,metaspace] GC(590) Metaspace: 29090K(29504K)->29090K(29504K) NonClass: 25530K(25728K)->25530K(25728K) Class: 3559K(3776K)->3559K(3776K)
[179.626s][info][gc          ] GC(590) Pause Young (Concurrent Start) (G1 Humongous Allocation) 210M->16M(254M) 1.638ms
[179.626s][info][gc          ] GC(591) Concurrent Undo Cycle
[179.626s][info][gc,cpu      ] GC(590) User=0.01s Sys=0.00s Real=0.00s
[179.626s][info][gc,marking  ] GC(591) Concurrent Cleanup for Next Mark
[179.626s][info][gc,marking  ] GC(591) Concurrent Cleanup for Next Mark 0.231ms
[179.626s][info][gc          ] GC(591) Concurrent Undo Cycle 0.379ms
[180.139s][info][gc,start    ] GC(592) Pause Young (Concurrent Start) (G1 Humongous Allocation)
[180.139s][info][gc,task     ] GC(592) Using 8 workers of 8 for evacuation
[180.142s][info][gc,phases   ] GC(592)   Pre Evacuate Collection Set: 0.4ms
[180.142s][info][gc,phases   ] GC(592)   Merge Heap Roots: 0.2ms
[180.142s][info][gc,phases   ] GC(592)   Evacuate Collection Set: 1.3ms
[180.142s][info][gc,phases   ] GC(592)   Post Evacuate Collection Set: 0.7ms
[180.142s][info][gc,phases   ] GC(592)   Other: 0.2ms
[180.142s][info][gc,heap     ] GC(592) Eden regions: 1->0(75)
[180.142s][info][gc,heap     ] GC(592) Survivor regions: 1->1(10)
[180.142s][info][gc,heap     ] GC(592) Old regions: 8->8
[180.142s][info][gc,heap     ] GC(592) Archive regions: 2->2
[180.142s][info][gc,heap     ] GC(592) Humongous regions: 96->0
[180.142s][info][gc,metaspace] GC(592) Metaspace: 29090K(29504K)->29090K(29504K) NonClass: 25530K(25728K)->25530K(25728K) Class: 3559K(3776K)->3559K(3776K)
[180.143s][info][gc          ] GC(592) Pause Young (Concurrent Start) (G1 Humongous Allocation) 210M->16M(254M) 3.355ms
[180.143s][info][gc          ] GC(593) Concurrent Undo Cycle
[180.143s][info][gc,cpu      ] GC(592) User=0.00s Sys=0.01s Real=0.01s
[180.143s][info][gc,marking  ] GC(593) Concurrent Cleanup for Next Mark
[180.143s][info][gc,marking  ] GC(593) Concurrent Cleanup for Next Mark 0.194ms
[180.143s][info][gc          ] GC(593) Concurrent Undo Cycle 0.362ms
[180.661s][info][gc,start    ] GC(594) Pause Young (Concurrent Start) (G1 Humongous Allocation)
[180.661s][info][gc,task     ] GC(594) Using 8 workers of 8 for evacuation
[180.664s][info][gc,phases   ] GC(594)   Pre Evacuate Collection Set: 0.4ms
[180.664s][info][gc,phases   ] GC(594)   Merge Heap Roots: 0.2ms
[180.664s][info][gc,phases   ] GC(594)   Evacuate Collection Set: 1.3ms
[180.664s][info][gc,phases   ] GC(594)   Post Evacuate Collection Set: 1.0ms
[180.664s][info][gc,phases   ] GC(594)   Other: 0.2ms
[180.664s][info][gc,heap     ] GC(594) Eden regions: 1->0(75)
[180.664s][info][gc,heap     ] GC(594) Survivor regions: 1->1(10)
[180.665s][info][gc,heap     ] GC(594) Old regions: 8->8
[180.665s][info][gc,heap     ] GC(594) Archive regions: 2->2
[180.665s][info][gc,heap     ] GC(594) Humongous regions: 96->0
[180.665s][info][gc,metaspace] GC(594) Metaspace: 29090K(29504K)->29090K(29504K) NonClass: 25530K(25728K)->25530K(25728K) Class: 3559K(3776K)->3559K(3776K)
[180.665s][info][gc          ] GC(594) Pause Young (Concurrent Start) (G1 Humongous Allocation) 210M->16M(254M) 3.814ms
[180.665s][info][gc,cpu      ] GC(594) User=0.00s Sys=0.00s Real=0.01s
[180.665s][info][gc          ] GC(595) Concurrent Undo Cycle
[180.665s][info][gc,marking  ] GC(595) Concurrent Cleanup for Next Mark
[180.665s][info][gc,marking  ] GC(595) Concurrent Cleanup for Next Mark 0.174ms
[180.665s][info][gc          ] GC(595) Concurrent Undo Cycle 0.389ms
[181.181s][info][gc,start    ] GC(596) Pause Young (Concurrent Start) (G1 Humongous Allocation)
[181.181s][info][gc,task     ] GC(596) Using 8 workers of 8 for evacuation
[181.183s][info][gc,phases   ] GC(596)   Pre Evacuate Collection Set: 0.2ms
[181.183s][info][gc,phases   ] GC(596)   Merge Heap Roots: 0.0ms
[181.183s][info][gc,phases   ] GC(596)   Evacuate Collection Set: 0.8ms
[181.183s][info][gc,phases   ] GC(596)   Post Evacuate Collection Set: 0.3ms
[181.183s][info][gc,phases   ] GC(596)   Other: 0.1ms
[181.183s][info][gc,heap     ] GC(596) Eden regions: 1->0(75)
[181.183s][info][gc,heap     ] GC(596) Survivor regions: 1->1(10)
[181.183s][info][gc,heap     ] GC(596) Old regions: 8->8
[181.183s][info][gc,heap     ] GC(596) Archive regions: 2->2
[181.183s][info][gc,heap     ] GC(596) Humongous regions: 96->0
[181.183s][info][gc,metaspace] GC(596) Metaspace: 29090K(29504K)->29090K(29504K) NonClass: 25530K(25728K)->25530K(25728K) Class: 3559K(3776K)->3559K(3776K)
[181.183s][info][gc          ] GC(596) Pause Young (Concurrent Start) (G1 Humongous Allocation) 210M->16M(254M) 1.923ms
[181.183s][info][gc,cpu      ] GC(596) User=0.00s Sys=0.00s Real=0.01s
[181.183s][info][gc          ] GC(597) Concurrent Undo Cycle
[181.183s][info][gc,marking  ] GC(597) Concurrent Cleanup for Next Mark
[181.183s][info][gc,marking  ] GC(597) Concurrent Cleanup for Next Mark 0.076ms
[181.184s][info][gc          ] GC(597) Concurrent Undo Cycle 0.219ms
[181.694s][info][gc,start    ] GC(598) Pause Young (Concurrent Start) (G1 Humongous Allocation)
[181.694s][info][gc,task     ] GC(598) Using 8 workers of 8 for evacuation
[181.696s][info][gc,phases   ] GC(598)   Pre Evacuate Collection Set: 0.2ms
[181.696s][info][gc,phases   ] GC(598)   Merge Heap Roots: 0.1ms
[181.696s][info][gc,phases   ] GC(598)   Evacuate Collection Set: 0.9ms
[181.696s][info][gc,phases   ] GC(598)   Post Evacuate Collection Set: 0.3ms
[181.696s][info][gc,phases   ] GC(598)   Other: 0.1ms
[181.696s][info][gc,heap     ] GC(598) Eden regions: 1->0(75)
[181.696s][info][gc,heap     ] GC(598) Survivor regions: 1->1(10)
[181.696s][info][gc,heap     ] GC(598) Old regions: 8->8
[181.696s][info][gc,heap     ] GC(598) Archive regions: 2->2
[181.696s][info][gc,heap     ] GC(598) Humongous regions: 96->0
[181.696s][info][gc,metaspace] GC(598) Metaspace: 29090K(29504K)->29090K(29504K) NonClass: 25530K(25728K)->25530K(25728K) Class: 3559K(3776K)->3559K(3776K)
[181.696s][info][gc          ] GC(598) Pause Young (Concurrent Start) (G1 Humongous Allocation) 210M->16M(254M) 1.901ms
[181.696s][info][gc          ] GC(599) Concurrent Undo Cycle
[181.696s][info][gc,cpu      ] GC(598) User=0.00s Sys=0.00s Real=0.00s
[181.696s][info][gc,marking  ] GC(599) Concurrent Cleanup for Next Mark
[181.696s][info][gc,marking  ] GC(599) Concurrent Cleanup for Next Mark 0.166ms
[181.697s][info][gc          ] GC(599) Concurrent Undo Cycle 0.307ms
[182.213s][info][gc,start    ] GC(600) Pause Young (Concurrent Start) (G1 Humongous Allocation)
[182.214s][info][gc,task     ] GC(600) Using 8 workers of 8 for evacuation
[182.218s][info][gc,phases   ] GC(600)   Pre Evacuate Collection Set: 0.5ms
[182.218s][info][gc,phases   ] GC(600)   Merge Heap Roots: 0.2ms
[182.218s][info][gc,phases   ] GC(600)   Evacuate Collection Set: 2.2ms
[182.219s][info][gc,phases   ] GC(600)   Post Evacuate Collection Set: 0.8ms
[182.219s][info][gc,phases   ] GC(600)   Other: 0.3ms
[182.219s][info][gc,heap     ] GC(600) Eden regions: 1->0(75)
[182.219s][info][gc,heap     ] GC(600) Survivor regions: 1->1(10)
[182.219s][info][gc,heap     ] GC(600) Old regions: 8->8
[182.219s][info][gc,heap     ] GC(600) Archive regions: 2->2
[182.219s][info][gc,heap     ] GC(600) Humongous regions: 96->0
[182.219s][info][gc,metaspace] GC(600) Metaspace: 29090K(29504K)->29090K(29504K) NonClass: 25530K(25728K)->25530K(25728K) Class: 3559K(3776K)->3559K(3776K)
[182.219s][info][gc          ] GC(600) Pause Young (Concurrent Start) (G1 Humongous Allocation) 210M->16M(254M) 5.303ms
[182.219s][info][gc          ] GC(601) Concurrent Undo Cycle
[182.219s][info][gc,cpu      ] GC(600) User=0.01s Sys=0.00s Real=0.00s
[182.219s][info][gc,marking  ] GC(601) Concurrent Cleanup for Next Mark
[182.219s][info][gc,marking  ] GC(601) Concurrent Cleanup for Next Mark 0.219ms
[182.219s][info][gc          ] GC(601) Concurrent Undo Cycle 0.384ms
[182.735s][info][gc,start    ] GC(602) Pause Young (Concurrent Start) (G1 Humongous Allocation)
[182.736s][info][gc,task     ] GC(602) Using 8 workers of 8 for evacuation
[182.737s][info][gc,phases   ] GC(602)   Pre Evacuate Collection Set: 0.1ms
[182.737s][info][gc,phases   ] GC(602)   Merge Heap Roots: 0.0ms
[182.738s][info][gc,phases   ] GC(602)   Evacuate Collection Set: 0.9ms
[182.738s][info][gc,phases   ] GC(602)   Post Evacuate Collection Set: 0.4ms
[182.738s][info][gc,phases   ] GC(602)   Other: 0.1ms
[182.738s][info][gc,heap     ] GC(602) Eden regions: 1->0(75)
[182.738s][info][gc,heap     ] GC(602) Survivor regions: 1->1(10)
[182.738s][info][gc,heap     ] GC(602) Old regions: 8->8
[182.738s][info][gc,heap     ] GC(602) Archive regions: 2->2
[182.738s][info][gc,heap     ] GC(602) Humongous regions: 96->0
[182.738s][info][gc,metaspace] GC(602) Metaspace: 29090K(29504K)->29090K(29504K) NonClass: 25530K(25728K)->25530K(25728K) Class: 3559K(3776K)->3559K(3776K)
[182.738s][info][gc          ] GC(602) Pause Young (Concurrent Start) (G1 Humongous Allocation) 210M->16M(254M) 2.798ms
[182.738s][info][gc          ] GC(603) Concurrent Undo Cycle
[182.738s][info][gc,cpu      ] GC(602) User=0.01s Sys=0.00s Real=0.00s
[182.738s][info][gc,marking  ] GC(603) Concurrent Cleanup for Next Mark
[182.738s][info][gc,marking  ] GC(603) Concurrent Cleanup for Next Mark 0.127ms
[182.738s][info][gc          ] GC(603) Concurrent Undo Cycle 0.212ms
[183.251s][info][gc,start    ] GC(604) Pause Young (Concurrent Start) (G1 Humongous Allocation)
[183.252s][info][gc,task     ] GC(604) Using 8 workers of 8 for evacuation
[183.254s][info][gc,phases   ] GC(604)   Pre Evacuate Collection Set: 0.3ms
[183.254s][info][gc,phases   ] GC(604)   Merge Heap Roots: 0.1ms
[183.254s][info][gc,phases   ] GC(604)   Evacuate Collection Set: 1.0ms
[183.254s][info][gc,phases   ] GC(604)   Post Evacuate Collection Set: 0.7ms
[183.254s][info][gc,phases   ] GC(604)   Other: 0.1ms
[183.254s][info][gc,heap     ] GC(604) Eden regions: 1->0(75)
[183.254s][info][gc,heap     ] GC(604) Survivor regions: 1->1(10)
[183.254s][info][gc,heap     ] GC(604) Old regions: 8->8
[183.254s][info][gc,heap     ] GC(604) Archive regions: 2->2
[183.254s][info][gc,heap     ] GC(604) Humongous regions: 96->0
[183.254s][info][gc,metaspace] GC(604) Metaspace: 29090K(29504K)->29090K(29504K) NonClass: 25530K(25728K)->25530K(25728K) Class: 3559K(3776K)->3559K(3776K)
[183.254s][info][gc          ] GC(604) Pause Young (Concurrent Start) (G1 Humongous Allocation) 210M->16M(254M) 2.619ms
[183.254s][info][gc,cpu      ] GC(604) User=0.00s Sys=0.00s Real=0.01s
[183.254s][info][gc          ] GC(605) Concurrent Undo Cycle
[183.254s][info][gc,marking  ] GC(605) Concurrent Cleanup for Next Mark
[183.254s][info][gc,marking  ] GC(605) Concurrent Cleanup for Next Mark 0.134ms
[183.254s][info][gc          ] GC(605) Concurrent Undo Cycle 0.351ms
[183.771s][info][gc,start    ] GC(606) Pause Young (Concurrent Start) (G1 Humongous Allocation)
[183.771s][info][gc,task     ] GC(606) Using 8 workers of 8 for evacuation
[183.773s][info][gc,phases   ] GC(606)   Pre Evacuate Collection Set: 0.2ms
[183.773s][info][gc,phases   ] GC(606)   Merge Heap Roots: 0.1ms
[183.773s][info][gc,phases   ] GC(606)   Evacuate Collection Set: 0.9ms
[183.773s][info][gc,phases   ] GC(606)   Post Evacuate Collection Set: 0.4ms
[183.773s][info][gc,phases   ] GC(606)   Other: 0.1ms
[183.773s][info][gc,heap     ] GC(606) Eden regions: 1->0(75)
[183.773s][info][gc,heap     ] GC(606) Survivor regions: 1->1(10)
[183.773s][info][gc,heap     ] GC(606) Old regions: 8->8
[183.773s][info][gc,heap     ] GC(606) Archive regions: 2->2
[183.773s][info][gc,heap     ] GC(606) Humongous regions: 96->0
[183.773s][info][gc,metaspace] GC(606) Metaspace: 29090K(29504K)->29090K(29504K) NonClass: 25530K(25728K)->25530K(25728K) Class: 3559K(3776K)->3559K(3776K)
[183.773s][info][gc          ] GC(606) Pause Young (Concurrent Start) (G1 Humongous Allocation) 210M->16M(254M) 2.274ms
[183.774s][info][gc,cpu      ] GC(606) User=0.00s Sys=0.00s Real=0.01s
[183.774s][info][gc          ] GC(607) Concurrent Undo Cycle
[183.774s][info][gc,marking  ] GC(607) Concurrent Cleanup for Next Mark
[183.774s][info][gc,marking  ] GC(607) Concurrent Cleanup for Next Mark 0.111ms
[183.774s][info][gc          ] GC(607) Concurrent Undo Cycle 0.262ms
[184.294s][info][gc,start    ] GC(608) Pause Young (Concurrent Start) (G1 Humongous Allocation)
[184.294s][info][gc,task     ] GC(608) Using 8 workers of 8 for evacuation
[184.295s][info][gc,phases   ] GC(608)   Pre Evacuate Collection Set: 0.2ms
[184.295s][info][gc,phases   ] GC(608)   Merge Heap Roots: 0.1ms
[184.295s][info][gc,phases   ] GC(608)   Evacuate Collection Set: 0.5ms
[184.295s][info][gc,phases   ] GC(608)   Post Evacuate Collection Set: 0.2ms
[184.295s][info][gc,phases   ] GC(608)   Other: 0.0ms
[184.295s][info][gc,heap     ] GC(608) Eden regions: 1->0(75)
[184.295s][info][gc,heap     ] GC(608) Survivor regions: 1->1(10)
[184.295s][info][gc,heap     ] GC(608) Old regions: 8->8
[184.295s][info][gc,heap     ] GC(608) Archive regions: 2->2
[184.295s][info][gc,heap     ] GC(608) Humongous regions: 96->0
[184.295s][info][gc,metaspace] GC(608) Metaspace: 29090K(29504K)->29090K(29504K) NonClass: 25530K(25728K)->25530K(25728K) Class: 3559K(3776K)->3559K(3776K)
[184.295s][info][gc          ] GC(608) Pause Young (Concurrent Start) (G1 Humongous Allocation) 210M->16M(254M) 1.279ms
[184.295s][info][gc          ] GC(609) Concurrent Undo Cycle
[184.295s][info][gc,cpu      ] GC(608) User=0.00s Sys=0.00s Real=0.00s
[184.295s][info][gc,marking  ] GC(609) Concurrent Cleanup for Next Mark
[184.295s][info][gc,marking  ] GC(609) Concurrent Cleanup for Next Mark 0.077ms
[184.295s][info][gc          ] GC(609) Concurrent Undo Cycle 0.127ms
[184.801s][info][gc,start    ] GC(610) Pause Young (Concurrent Start) (G1 Humongous Allocation)
[184.801s][info][gc,task     ] GC(610) Using 8 workers of 8 for evacuation
[184.802s][info][gc,phases   ] GC(610)   Pre Evacuate Collection Set: 0.1ms
[184.802s][info][gc,phases   ] GC(610)   Merge Heap Roots: 0.1ms
[184.802s][info][gc,phases   ] GC(610)   Evacuate Collection Set: 0.6ms
[184.802s][info][gc,phases   ] GC(610)   Post Evacuate Collection Set: 0.3ms
[184.802s][info][gc,phases   ] GC(610)   Other: 0.1ms
[184.802s][info][gc,heap     ] GC(610) Eden regions: 1->0(75)
[184.802s][info][gc,heap     ] GC(610) Survivor regions: 1->1(10)
[184.802s][info][gc,heap     ] GC(610) Old regions: 8->8
[184.802s][info][gc,heap     ] GC(610) Archive regions: 2->2
[184.803s][info][gc,heap     ] GC(610) Humongous regions: 96->0
[184.803s][info][gc,metaspace] GC(610) Metaspace: 29090K(29504K)->29090K(29504K) NonClass: 25530K(25728K)->25530K(25728K) Class: 3559K(3776K)->3559K(3776K)
[184.803s][info][gc          ] GC(610) Pause Young (Concurrent Start) (G1 Humongous Allocation) 210M->16M(254M) 1.284ms
[184.803s][info][gc          ] GC(611) Concurrent Undo Cycle
[184.803s][info][gc,cpu      ] GC(610) User=0.01s Sys=0.00s Real=0.01s
[184.803s][info][gc,marking  ] GC(611) Concurrent Cleanup for Next Mark
[184.803s][info][gc,marking  ] GC(611) Concurrent Cleanup for Next Mark 0.113ms
[184.803s][info][gc          ] GC(611) Concurrent Undo Cycle 0.248ms
[185.315s][info][gc,start    ] GC(612) Pause Young (Concurrent Start) (G1 Humongous Allocation)
[185.315s][info][gc,task     ] GC(612) Using 8 workers of 8 for evacuation
[185.317s][info][gc,phases   ] GC(612)   Pre Evacuate Collection Set: 0.1ms
[185.317s][info][gc,phases   ] GC(612)   Merge Heap Roots: 0.1ms
[185.317s][info][gc,phases   ] GC(612)   Evacuate Collection Set: 0.6ms
[185.317s][info][gc,phases   ] GC(612)   Post Evacuate Collection Set: 0.2ms
[185.317s][info][gc,phases   ] GC(612)   Other: 0.1ms
[185.317s][info][gc,heap     ] GC(612) Eden regions: 1->0(75)
[185.317s][info][gc,heap     ] GC(612) Survivor regions: 1->1(10)
[185.317s][info][gc,heap     ] GC(612) Old regions: 8->8
[185.317s][info][gc,heap     ] GC(612) Archive regions: 2->2
[185.317s][info][gc,heap     ] GC(612) Humongous regions: 96->0
[185.317s][info][gc,metaspace] GC(612) Metaspace: 29090K(29504K)->29090K(29504K) NonClass: 25530K(25728K)->25530K(25728K) Class: 3559K(3776K)->3559K(3776K)
[185.317s][info][gc          ] GC(612) Pause Young (Concurrent Start) (G1 Humongous Allocation) 210M->16M(254M) 1.364ms
[185.317s][info][gc          ] GC(613) Concurrent Undo Cycle
[185.317s][info][gc,cpu      ] GC(612) User=0.00s Sys=0.01s Real=0.00s
[185.317s][info][gc,marking  ] GC(613) Concurrent Cleanup for Next Mark
[185.317s][info][gc,marking  ] GC(613) Concurrent Cleanup for Next Mark 0.086ms
[185.317s][info][gc          ] GC(613) Concurrent Undo Cycle 0.169ms
[185.831s][info][gc,start    ] GC(614) Pause Young (Concurrent Start) (G1 Humongous Allocation)
[185.831s][info][gc,task     ] GC(614) Using 8 workers of 8 for evacuation
[185.833s][info][gc,phases   ] GC(614)   Pre Evacuate Collection Set: 0.2ms
[185.834s][info][gc,phases   ] GC(614)   Merge Heap Roots: 0.1ms
[185.834s][info][gc,phases   ] GC(614)   Evacuate Collection Set: 1.4ms
[185.834s][info][gc,phases   ] GC(614)   Post Evacuate Collection Set: 0.5ms
[185.834s][info][gc,phases   ] GC(614)   Other: 0.1ms
[185.834s][info][gc,heap     ] GC(614) Eden regions: 1->0(75)
[185.834s][info][gc,heap     ] GC(614) Survivor regions: 1->1(10)
[185.834s][info][gc,heap     ] GC(614) Old regions: 8->8
[185.834s][info][gc,heap     ] GC(614) Archive regions: 2->2
[185.834s][info][gc,heap     ] GC(614) Humongous regions: 96->0
[185.834s][info][gc,metaspace] GC(614) Metaspace: 29090K(29504K)->29090K(29504K) NonClass: 25530K(25728K)->25530K(25728K) Class: 3559K(3776K)->3559K(3776K)
[185.834s][info][gc          ] GC(614) Pause Young (Concurrent Start) (G1 Humongous Allocation) 210M->16M(254M) 2.704ms
[185.834s][info][gc,cpu      ] GC(614) User=0.00s Sys=0.00s Real=0.01s
[185.834s][info][gc          ] GC(615) Concurrent Undo Cycle
[185.834s][info][gc,marking  ] GC(615) Concurrent Cleanup for Next Mark
[185.834s][info][gc,marking  ] GC(615) Concurrent Cleanup for Next Mark 0.074ms
[185.834s][info][gc          ] GC(615) Concurrent Undo Cycle 0.155ms
[186.349s][info][gc,start    ] GC(616) Pause Young (Concurrent Start) (G1 Humongous Allocation)
[186.356s][info][gc,task     ] GC(616) Using 8 workers of 8 for evacuation
[186.359s][info][gc,phases   ] GC(616)   Pre Evacuate Collection Set: 0.5ms
[186.375s][info][gc,phases   ] GC(616)   Merge Heap Roots: 0.1ms
[186.376s][info][gc,phases   ] GC(616)   Evacuate Collection Set: 0.9ms
[186.376s][info][gc,phases   ] GC(616)   Post Evacuate Collection Set: 0.4ms
[186.376s][info][gc,phases   ] GC(616)   Other: 1.2ms
[186.376s][info][gc,heap     ] GC(616) Eden regions: 2->0(75)
[186.376s][info][gc,heap     ] GC(616) Survivor regions: 1->1(10)
[186.376s][info][gc,heap     ] GC(616) Old regions: 8->8
[186.376s][info][gc,heap     ] GC(616) Archive regions: 2->2
[186.376s][info][gc,heap     ] GC(616) Humongous regions: 96->0
[186.376s][info][gc,metaspace] GC(616) Metaspace: 29090K(29504K)->29090K(29504K) NonClass: 25530K(25728K)->25530K(25728K) Class: 3559K(3776K)->3559K(3776K)
[186.376s][info][gc          ] GC(616) Pause Young (Concurrent Start) (G1 Humongous Allocation) 210M->16M(254M) 26.712ms
[186.376s][info][gc,cpu      ] GC(616) User=0.00s Sys=0.00s Real=0.03s
[186.376s][info][gc          ] GC(617) Concurrent Undo Cycle
[186.376s][info][gc,marking  ] GC(617) Concurrent Cleanup for Next Mark
[186.377s][info][gc,marking  ] GC(617) Concurrent Cleanup for Next Mark 0.409ms
[186.377s][info][gc          ] GC(617) Concurrent Undo Cycle 0.593ms
[186.890s][info][gc,start    ] GC(618) Pause Young (Concurrent Start) (G1 Humongous Allocation)
[186.890s][info][gc,task     ] GC(618) Using 8 workers of 8 for evacuation
[186.892s][info][gc,phases   ] GC(618)   Pre Evacuate Collection Set: 0.2ms
[186.892s][info][gc,phases   ] GC(618)   Merge Heap Roots: 0.0ms
[186.892s][info][gc,phases   ] GC(618)   Evacuate Collection Set: 0.8ms
[186.892s][info][gc,phases   ] GC(618)   Post Evacuate Collection Set: 0.4ms
[186.892s][info][gc,phases   ] GC(618)   Other: 0.2ms
[186.892s][info][gc,heap     ] GC(618) Eden regions: 2->0(75)
[186.892s][info][gc,heap     ] GC(618) Survivor regions: 1->1(10)
[186.892s][info][gc,heap     ] GC(618) Old regions: 8->8
[186.892s][info][gc,heap     ] GC(618) Archive regions: 2->2
[186.892s][info][gc,heap     ] GC(618) Humongous regions: 96->0
[186.892s][info][gc,metaspace] GC(618) Metaspace: 29090K(29504K)->29090K(29504K) NonClass: 25530K(25728K)->25530K(25728K) Class: 3559K(3776K)->3559K(3776K)
[186.892s][info][gc          ] GC(618) Pause Young (Concurrent Start) (G1 Humongous Allocation) 210M->16M(254M) 2.150ms
[186.892s][info][gc,cpu      ] GC(618) User=0.00s Sys=0.00s Real=0.01s
[186.892s][info][gc          ] GC(619) Concurrent Undo Cycle
[186.892s][info][gc,marking  ] GC(619) Concurrent Cleanup for Next Mark
[186.892s][info][gc,marking  ] GC(619) Concurrent Cleanup for Next Mark 0.097ms
[186.893s][info][gc          ] GC(619) Concurrent Undo Cycle 0.188ms
[187.412s][info][gc,start    ] GC(620) Pause Young (Concurrent Start) (G1 Humongous Allocation)
[187.412s][info][gc,task     ] GC(620) Using 8 workers of 8 for evacuation
[187.414s][info][gc,phases   ] GC(620)   Pre Evacuate Collection Set: 0.1ms
[187.414s][info][gc,phases   ] GC(620)   Merge Heap Roots: 0.0ms
[187.414s][info][gc,phases   ] GC(620)   Evacuate Collection Set: 0.5ms
[187.414s][info][gc,phases   ] GC(620)   Post Evacuate Collection Set: 0.4ms
[187.414s][info][gc,phases   ] GC(620)   Other: 0.1ms
[187.414s][info][gc,heap     ] GC(620) Eden regions: 1->0(75)
[187.414s][info][gc,heap     ] GC(620) Survivor regions: 1->1(10)
[187.414s][info][gc,heap     ] GC(620) Old regions: 8->8
[187.414s][info][gc,heap     ] GC(620) Archive regions: 2->2
[187.414s][info][gc,heap     ] GC(620) Humongous regions: 96->0
[187.414s][info][gc,metaspace] GC(620) Metaspace: 29090K(29504K)->29090K(29504K) NonClass: 25530K(25728K)->25530K(25728K) Class: 3559K(3776K)->3559K(3776K)
[187.414s][info][gc          ] GC(620) Pause Young (Concurrent Start) (G1 Humongous Allocation) 210M->16M(254M) 1.384ms
[187.414s][info][gc          ] GC(621) Concurrent Undo Cycle
[187.414s][info][gc,cpu      ] GC(620) User=0.00s Sys=0.00s Real=0.00s
[187.414s][info][gc,marking  ] GC(621) Concurrent Cleanup for Next Mark
[187.414s][info][gc,marking  ] GC(621) Concurrent Cleanup for Next Mark 0.142ms
[187.414s][info][gc          ] GC(621) Concurrent Undo Cycle 0.207ms
[187.929s][info][gc,start    ] GC(622) Pause Young (Concurrent Start) (G1 Humongous Allocation)
[187.930s][info][gc,task     ] GC(622) Using 8 workers of 8 for evacuation
[187.931s][info][gc,phases   ] GC(622)   Pre Evacuate Collection Set: 0.3ms
[187.931s][info][gc,phases   ] GC(622)   Merge Heap Roots: 0.1ms
[187.931s][info][gc,phases   ] GC(622)   Evacuate Collection Set: 0.7ms
[187.931s][info][gc,phases   ] GC(622)   Post Evacuate Collection Set: 0.4ms
[187.931s][info][gc,phases   ] GC(622)   Other: 0.1ms
[187.931s][info][gc,heap     ] GC(622) Eden regions: 1->0(75)
[187.931s][info][gc,heap     ] GC(622) Survivor regions: 1->1(10)
[187.931s][info][gc,heap     ] GC(622) Old regions: 8->8
[187.931s][info][gc,heap     ] GC(622) Archive regions: 2->2
[187.931s][info][gc,heap     ] GC(622) Humongous regions: 96->0
[187.931s][info][gc,metaspace] GC(622) Metaspace: 29090K(29504K)->29090K(29504K) NonClass: 25530K(25728K)->25530K(25728K) Class: 3559K(3776K)->3559K(3776K)
[187.931s][info][gc          ] GC(622) Pause Young (Concurrent Start) (G1 Humongous Allocation) 210M->16M(254M) 2.226ms
[187.931s][info][gc          ] GC(623) Concurrent Undo Cycle
[187.931s][info][gc,cpu      ] GC(622) User=0.00s Sys=0.01s Real=0.01s
[187.931s][info][gc,marking  ] GC(623) Concurrent Cleanup for Next Mark
[187.932s][info][gc,marking  ] GC(623) Concurrent Cleanup for Next Mark 0.176ms
[187.932s][info][gc          ] GC(623) Concurrent Undo Cycle 0.412ms
[188.447s][info][gc,start    ] GC(624) Pause Young (Concurrent Start) (G1 Humongous Allocation)
[188.447s][info][gc,task     ] GC(624) Using 8 workers of 8 for evacuation
[188.450s][info][gc,phases   ] GC(624)   Pre Evacuate Collection Set: 0.3ms
[188.450s][info][gc,phases   ] GC(624)   Merge Heap Roots: 0.1ms
[188.450s][info][gc,phases   ] GC(624)   Evacuate Collection Set: 1.0ms
[188.450s][info][gc,phases   ] GC(624)   Post Evacuate Collection Set: 0.6ms
[188.450s][info][gc,phases   ] GC(624)   Other: 0.1ms
[188.450s][info][gc,heap     ] GC(624) Eden regions: 1->0(75)
[188.450s][info][gc,heap     ] GC(624) Survivor regions: 1->1(10)
[188.450s][info][gc,heap     ] GC(624) Old regions: 8->8
[188.450s][info][gc,heap     ] GC(624) Archive regions: 2->2
[188.450s][info][gc,heap     ] GC(624) Humongous regions: 96->0
[188.450s][info][gc,metaspace] GC(624) Metaspace: 29090K(29504K)->29090K(29504K) NonClass: 25530K(25728K)->25530K(25728K) Class: 3559K(3776K)->3559K(3776K)
[188.450s][info][gc          ] GC(624) Pause Young (Concurrent Start) (G1 Humongous Allocation) 210M->16M(254M) 2.557ms
[188.450s][info][gc,cpu      ] GC(624) User=0.00s Sys=0.00s Real=0.00s
[188.450s][info][gc          ] GC(625) Concurrent Undo Cycle
[188.450s][info][gc,marking  ] GC(625) Concurrent Cleanup for Next Mark
[188.450s][info][gc,marking  ] GC(625) Concurrent Cleanup for Next Mark 0.165ms
[188.450s][info][gc          ] GC(625) Concurrent Undo Cycle 0.387ms
[188.965s][info][gc,start    ] GC(626) Pause Young (Concurrent Start) (G1 Humongous Allocation)
[188.965s][info][gc,task     ] GC(626) Using 8 workers of 8 for evacuation
[188.967s][info][gc,phases   ] GC(626)   Pre Evacuate Collection Set: 0.3ms
[188.967s][info][gc,phases   ] GC(626)   Merge Heap Roots: 0.1ms
[188.967s][info][gc,phases   ] GC(626)   Evacuate Collection Set: 0.8ms
[188.967s][info][gc,phases   ] GC(626)   Post Evacuate Collection Set: 0.7ms
[188.967s][info][gc,phases   ] GC(626)   Other: 0.2ms
[188.967s][info][gc,heap     ] GC(626) Eden regions: 1->0(75)
[188.967s][info][gc,heap     ] GC(626) Survivor regions: 1->1(10)
[188.967s][info][gc,heap     ] GC(626) Old regions: 8->8
[188.967s][info][gc,heap     ] GC(626) Archive regions: 2->2
[188.967s][info][gc,heap     ] GC(626) Humongous regions: 96->0
[188.967s][info][gc,metaspace] GC(626) Metaspace: 29090K(29504K)->29090K(29504K) NonClass: 25530K(25728K)->25530K(25728K) Class: 3559K(3776K)->3559K(3776K)
[188.967s][info][gc          ] GC(626) Pause Young (Concurrent Start) (G1 Humongous Allocation) 210M->16M(254M) 2.477ms
[188.968s][info][gc,cpu      ] GC(626) User=0.01s Sys=0.00s Real=0.00s
[188.968s][info][gc          ] GC(627) Concurrent Undo Cycle
[188.968s][info][gc,marking  ] GC(627) Concurrent Cleanup for Next Mark
[188.968s][info][gc,marking  ] GC(627) Concurrent Cleanup for Next Mark 0.122ms
[188.968s][info][gc          ] GC(627) Concurrent Undo Cycle 0.295ms
[189.486s][info][gc,start    ] GC(628) Pause Young (Concurrent Start) (G1 Humongous Allocation)
[189.486s][info][gc,task     ] GC(628) Using 8 workers of 8 for evacuation
[189.487s][info][gc,phases   ] GC(628)   Pre Evacuate Collection Set: 0.1ms
[189.487s][info][gc,phases   ] GC(628)   Merge Heap Roots: 0.0ms
[189.487s][info][gc,phases   ] GC(628)   Evacuate Collection Set: 0.5ms
[189.487s][info][gc,phases   ] GC(628)   Post Evacuate Collection Set: 0.4ms
[189.487s][info][gc,phases   ] GC(628)   Other: 0.1ms
[189.487s][info][gc,heap     ] GC(628) Eden regions: 1->0(75)
[189.487s][info][gc,heap     ] GC(628) Survivor regions: 1->1(10)
[189.487s][info][gc,heap     ] GC(628) Old regions: 8->8
[189.487s][info][gc,heap     ] GC(628) Archive regions: 2->2
[189.487s][info][gc,heap     ] GC(628) Humongous regions: 96->0
[189.487s][info][gc,metaspace] GC(628) Metaspace: 29090K(29504K)->29090K(29504K) NonClass: 25530K(25728K)->25530K(25728K) Class: 3559K(3776K)->3559K(3776K)
[189.488s][info][gc          ] GC(628) Pause Young (Concurrent Start) (G1 Humongous Allocation) 210M->16M(254M) 1.557ms
[189.488s][info][gc          ] GC(629) Concurrent Undo Cycle
[189.488s][info][gc,cpu      ] GC(628) User=0.00s Sys=0.00s Real=0.00s
[189.488s][info][gc,marking  ] GC(629) Concurrent Cleanup for Next Mark
[189.488s][info][gc,marking  ] GC(629) Concurrent Cleanup for Next Mark 0.108ms
[189.488s][info][gc          ] GC(629) Concurrent Undo Cycle 0.197ms
[190.000s][info][gc,start    ] GC(630) Pause Young (Concurrent Start) (G1 Humongous Allocation)
[190.000s][info][gc,task     ] GC(630) Using 8 workers of 8 for evacuation
[190.003s][info][gc,phases   ] GC(630)   Pre Evacuate Collection Set: 0.4ms
[190.003s][info][gc,phases   ] GC(630)   Merge Heap Roots: 0.1ms
[190.003s][info][gc,phases   ] GC(630)   Evacuate Collection Set: 1.5ms
[190.003s][info][gc,phases   ] GC(630)   Post Evacuate Collection Set: 0.5ms
[190.003s][info][gc,phases   ] GC(630)   Other: 0.3ms
[190.003s][info][gc,heap     ] GC(630) Eden regions: 1->0(75)
[190.003s][info][gc,heap     ] GC(630) Survivor regions: 1->1(10)
[190.003s][info][gc,heap     ] GC(630) Old regions: 8->8
[190.003s][info][gc,heap     ] GC(630) Archive regions: 2->2
[190.003s][info][gc,heap     ] GC(630) Humongous regions: 96->0
[190.003s][info][gc,metaspace] GC(630) Metaspace: 29090K(29504K)->29090K(29504K) NonClass: 25530K(25728K)->25530K(25728K) Class: 3559K(3776K)->3559K(3776K)
[190.003s][info][gc          ] GC(630) Pause Young (Concurrent Start) (G1 Humongous Allocation) 210M->16M(254M) 3.397ms
[190.003s][info][gc,cpu      ] GC(630) User=0.01s Sys=0.00s Real=0.01s
[190.003s][info][gc          ] GC(631) Concurrent Undo Cycle
[190.003s][info][gc,marking  ] GC(631) Concurrent Cleanup for Next Mark
[190.004s][info][gc,marking  ] GC(631) Concurrent Cleanup for Next Mark 0.187ms
[190.004s][info][gc          ] GC(631) Concurrent Undo Cycle 0.405ms
[190.521s][info][gc,start    ] GC(632) Pause Young (Concurrent Start) (G1 Humongous Allocation)
[190.521s][info][gc,task     ] GC(632) Using 8 workers of 8 for evacuation
[190.524s][info][gc,phases   ] GC(632)   Pre Evacuate Collection Set: 0.3ms
[190.524s][info][gc,phases   ] GC(632)   Merge Heap Roots: 0.1ms
[190.524s][info][gc,phases   ] GC(632)   Evacuate Collection Set: 1.6ms
[190.524s][info][gc,phases   ] GC(632)   Post Evacuate Collection Set: 0.5ms
[190.524s][info][gc,phases   ] GC(632)   Other: 0.2ms
[190.524s][info][gc,heap     ] GC(632) Eden regions: 1->0(75)
[190.524s][info][gc,heap     ] GC(632) Survivor regions: 1->1(10)
[190.524s][info][gc,heap     ] GC(632) Old regions: 8->8
[190.524s][info][gc,heap     ] GC(632) Archive regions: 2->2
[190.524s][info][gc,heap     ] GC(632) Humongous regions: 96->0
[190.524s][info][gc,metaspace] GC(632) Metaspace: 29090K(29504K)->29090K(29504K) NonClass: 25530K(25728K)->25530K(25728K) Class: 3559K(3776K)->3559K(3776K)
[190.524s][info][gc          ] GC(632) Pause Young (Concurrent Start) (G1 Humongous Allocation) 210M->16M(254M) 3.060ms
[190.524s][info][gc,cpu      ] GC(632) User=0.01s Sys=0.00s Real=0.01s
[190.524s][info][gc          ] GC(633) Concurrent Undo Cycle
[190.524s][info][gc,marking  ] GC(633) Concurrent Cleanup for Next Mark
[190.524s][info][gc,marking  ] GC(633) Concurrent Cleanup for Next Mark 0.131ms
[190.524s][info][gc          ] GC(633) Concurrent Undo Cycle 0.299ms
[191.040s][info][gc,start    ] GC(634) Pause Young (Concurrent Start) (G1 Humongous Allocation)
[191.040s][info][gc,task     ] GC(634) Using 8 workers of 8 for evacuation
[191.041s][info][gc,phases   ] GC(634)   Pre Evacuate Collection Set: 0.1ms
[191.041s][info][gc,phases   ] GC(634)   Merge Heap Roots: 0.0ms
[191.041s][info][gc,phases   ] GC(634)   Evacuate Collection Set: 0.6ms
[191.041s][info][gc,phases   ] GC(634)   Post Evacuate Collection Set: 0.3ms
[191.041s][info][gc,phases   ] GC(634)   Other: 0.1ms
[191.041s][info][gc,heap     ] GC(634) Eden regions: 1->0(75)
[191.041s][info][gc,heap     ] GC(634) Survivor regions: 1->1(10)
[191.041s][info][gc,heap     ] GC(634) Old regions: 8->8
[191.041s][info][gc,heap     ] GC(634) Archive regions: 2->2
[191.041s][info][gc,heap     ] GC(634) Humongous regions: 96->0
[191.041s][info][gc,metaspace] GC(634) Metaspace: 29090K(29504K)->29090K(29504K) NonClass: 25530K(25728K)->25530K(25728K) Class: 3559K(3776K)->3559K(3776K)
[191.041s][info][gc          ] GC(634) Pause Young (Concurrent Start) (G1 Humongous Allocation) 210M->16M(254M) 1.359ms
[191.042s][info][gc          ] GC(635) Concurrent Undo Cycle
[191.042s][info][gc,cpu      ] GC(634) User=0.00s Sys=0.00s Real=0.01s
[191.042s][info][gc,marking  ] GC(635) Concurrent Cleanup for Next Mark
[191.042s][info][gc,marking  ] GC(635) Concurrent Cleanup for Next Mark 0.069ms
[191.042s][info][gc          ] GC(635) Concurrent Undo Cycle 0.130ms
[191.555s][info][gc,start    ] GC(636) Pause Young (Concurrent Start) (G1 Humongous Allocation)
[191.556s][info][gc,task     ] GC(636) Using 8 workers of 8 for evacuation
[191.558s][info][gc,phases   ] GC(636)   Pre Evacuate Collection Set: 0.4ms
[191.558s][info][gc,phases   ] GC(636)   Merge Heap Roots: 0.2ms
[191.558s][info][gc,phases   ] GC(636)   Evacuate Collection Set: 1.1ms
[191.558s][info][gc,phases   ] GC(636)   Post Evacuate Collection Set: 0.6ms
[191.558s][info][gc,phases   ] GC(636)   Other: 0.2ms
[191.558s][info][gc,heap     ] GC(636) Eden regions: 1->0(75)
[191.558s][info][gc,heap     ] GC(636) Survivor regions: 1->1(10)
[191.558s][info][gc,heap     ] GC(636) Old regions: 8->8
[191.558s][info][gc,heap     ] GC(636) Archive regions: 2->2
[191.558s][info][gc,heap     ] GC(636) Humongous regions: 96->0
[191.558s][info][gc,metaspace] GC(636) Metaspace: 29090K(29504K)->29090K(29504K) NonClass: 25530K(25728K)->25530K(25728K) Class: 3559K(3776K)->3559K(3776K)
[191.558s][info][gc          ] GC(636) Pause Young (Concurrent Start) (G1 Humongous Allocation) 210M->16M(254M) 3.007ms
[191.559s][info][gc,cpu      ] GC(636) User=0.01s Sys=0.01s Real=0.00s
[191.559s][info][gc          ] GC(637) Concurrent Undo Cycle
[191.559s][info][gc,marking  ] GC(637) Concurrent Cleanup for Next Mark
[191.559s][info][gc,marking  ] GC(637) Concurrent Cleanup for Next Mark 0.136ms
[191.559s][info][gc          ] GC(637) Concurrent Undo Cycle 0.335ms
[192.076s][info][gc,start    ] GC(638) Pause Young (Concurrent Start) (G1 Humongous Allocation)
[192.076s][info][gc,task     ] GC(638) Using 8 workers of 8 for evacuation
[192.077s][info][gc,phases   ] GC(638)   Pre Evacuate Collection Set: 0.1ms
[192.078s][info][gc,phases   ] GC(638)   Merge Heap Roots: 0.0ms
[192.078s][info][gc,phases   ] GC(638)   Evacuate Collection Set: 0.6ms
[192.078s][info][gc,phases   ] GC(638)   Post Evacuate Collection Set: 0.3ms
[192.078s][info][gc,phases   ] GC(638)   Other: 0.1ms
[192.078s][info][gc,heap     ] GC(638) Eden regions: 1->0(75)
[192.078s][info][gc,heap     ] GC(638) Survivor regions: 1->1(10)
[192.078s][info][gc,heap     ] GC(638) Old regions: 8->8
[192.078s][info][gc,heap     ] GC(638) Archive regions: 2->2
[192.078s][info][gc,heap     ] GC(638) Humongous regions: 96->0
[192.078s][info][gc,metaspace] GC(638) Metaspace: 29090K(29504K)->29090K(29504K) NonClass: 25530K(25728K)->25530K(25728K) Class: 3559K(3776K)->3559K(3776K)
[192.078s][info][gc          ] GC(638) Pause Young (Concurrent Start) (G1 Humongous Allocation) 210M->16M(254M) 1.416ms
[192.078s][info][gc          ] GC(639) Concurrent Undo Cycle
[192.078s][info][gc,cpu      ] GC(638) User=0.01s Sys=0.00s Real=0.00s
[192.078s][info][gc,marking  ] GC(639) Concurrent Cleanup for Next Mark
[192.078s][info][gc,marking  ] GC(639) Concurrent Cleanup for Next Mark 0.067ms
[192.078s][info][gc          ] GC(639) Concurrent Undo Cycle 0.133ms
[192.594s][info][gc,start    ] GC(640) Pause Young (Concurrent Start) (G1 Humongous Allocation)
[192.594s][info][gc,task     ] GC(640) Using 8 workers of 8 for evacuation
[192.595s][info][gc,phases   ] GC(640)   Pre Evacuate Collection Set: 0.1ms
[192.595s][info][gc,phases   ] GC(640)   Merge Heap Roots: 0.0ms
[192.595s][info][gc,phases   ] GC(640)   Evacuate Collection Set: 0.5ms
[192.595s][info][gc,phases   ] GC(640)   Post Evacuate Collection Set: 0.2ms
[192.595s][info][gc,phases   ] GC(640)   Other: 0.0ms
[192.595s][info][gc,heap     ] GC(640) Eden regions: 1->0(75)
[192.595s][info][gc,heap     ] GC(640) Survivor regions: 1->1(10)
[192.595s][info][gc,heap     ] GC(640) Old regions: 8->8
[192.595s][info][gc,heap     ] GC(640) Archive regions: 2->2
[192.595s][info][gc,heap     ] GC(640) Humongous regions: 96->0
[192.595s][info][gc,metaspace] GC(640) Metaspace: 29090K(29504K)->29090K(29504K) NonClass: 25530K(25728K)->25530K(25728K) Class: 3559K(3776K)->3559K(3776K)
[192.595s][info][gc          ] GC(640) Pause Young (Concurrent Start) (G1 Humongous Allocation) 210M->16M(254M) 1.197ms
[192.595s][info][gc          ] GC(641) Concurrent Undo Cycle
[192.595s][info][gc,cpu      ] GC(640) User=0.00s Sys=0.00s Real=0.00s
[192.596s][info][gc,marking  ] GC(641) Concurrent Cleanup for Next Mark
[192.596s][info][gc,marking  ] GC(641) Concurrent Cleanup for Next Mark 0.077ms
[192.596s][info][gc          ] GC(641) Concurrent Undo Cycle 0.154ms
[193.110s][info][gc,start    ] GC(642) Pause Young (Concurrent Start) (G1 Humongous Allocation)
[193.110s][info][gc,task     ] GC(642) Using 8 workers of 8 for evacuation
[193.113s][info][gc,phases   ] GC(642)   Pre Evacuate Collection Set: 0.4ms
[193.113s][info][gc,phases   ] GC(642)   Merge Heap Roots: 0.2ms
[193.113s][info][gc,phases   ] GC(642)   Evacuate Collection Set: 1.4ms
[193.113s][info][gc,phases   ] GC(642)   Post Evacuate Collection Set: 0.9ms
[193.113s][info][gc,phases   ] GC(642)   Other: 0.2ms
[193.113s][info][gc,heap     ] GC(642) Eden regions: 1->0(75)
[193.113s][info][gc,heap     ] GC(642) Survivor regions: 1->1(10)
[193.113s][info][gc,heap     ] GC(642) Old regions: 8->8
[193.113s][info][gc,heap     ] GC(642) Archive regions: 2->2
[193.113s][info][gc,heap     ] GC(642) Humongous regions: 96->0
[193.113s][info][gc,metaspace] GC(642) Metaspace: 29090K(29504K)->29090K(29504K) NonClass: 25530K(25728K)->25530K(25728K) Class: 3559K(3776K)->3559K(3776K)
[193.113s][info][gc          ] GC(642) Pause Young (Concurrent Start) (G1 Humongous Allocation) 210M->16M(254M) 3.700ms
[193.114s][info][gc,cpu      ] GC(642) User=0.01s Sys=0.00s Real=0.01s
[193.114s][info][gc          ] GC(643) Concurrent Undo Cycle
[193.114s][info][gc,marking  ] GC(643) Concurrent Cleanup for Next Mark
[193.114s][info][gc,marking  ] GC(643) Concurrent Cleanup for Next Mark 0.196ms
[193.114s][info][gc          ] GC(643) Concurrent Undo Cycle 0.458ms
[193.629s][info][gc,start    ] GC(644) Pause Young (Concurrent Start) (G1 Humongous Allocation)
[193.629s][info][gc,task     ] GC(644) Using 8 workers of 8 for evacuation
[193.630s][info][gc,phases   ] GC(644)   Pre Evacuate Collection Set: 0.1ms
[193.630s][info][gc,phases   ] GC(644)   Merge Heap Roots: 0.0ms
[193.630s][info][gc,phases   ] GC(644)   Evacuate Collection Set: 0.6ms
[193.630s][info][gc,phases   ] GC(644)   Post Evacuate Collection Set: 0.3ms
[193.630s][info][gc,phases   ] GC(644)   Other: 0.1ms
[193.630s][info][gc,heap     ] GC(644) Eden regions: 1->0(75)
[193.630s][info][gc,heap     ] GC(644) Survivor regions: 1->1(10)
[193.630s][info][gc,heap     ] GC(644) Old regions: 8->8
[193.630s][info][gc,heap     ] GC(644) Archive regions: 2->2
[193.630s][info][gc,heap     ] GC(644) Humongous regions: 96->0
[193.630s][info][gc,metaspace] GC(644) Metaspace: 29090K(29504K)->29090K(29504K) NonClass: 25530K(25728K)->25530K(25728K) Class: 3559K(3776K)->3559K(3776K)
[193.630s][info][gc          ] GC(644) Pause Young (Concurrent Start) (G1 Humongous Allocation) 210M->16M(254M) 1.354ms
[193.630s][info][gc          ] GC(645) Concurrent Undo Cycle
[193.630s][info][gc,cpu      ] GC(644) User=0.01s Sys=0.00s Real=0.00s
[193.630s][info][gc,marking  ] GC(645) Concurrent Cleanup for Next Mark
[193.630s][info][gc,marking  ] GC(645) Concurrent Cleanup for Next Mark 0.115ms
[193.630s][info][gc          ] GC(645) Concurrent Undo Cycle 0.190ms
[194.146s][info][gc,start    ] GC(646) Pause Young (Concurrent Start) (G1 Humongous Allocation)
[194.146s][info][gc,task     ] GC(646) Using 8 workers of 8 for evacuation
[194.147s][info][gc,phases   ] GC(646)   Pre Evacuate Collection Set: 0.2ms
[194.147s][info][gc,phases   ] GC(646)   Merge Heap Roots: 0.0ms
[194.147s][info][gc,phases   ] GC(646)   Evacuate Collection Set: 0.5ms
[194.147s][info][gc,phases   ] GC(646)   Post Evacuate Collection Set: 0.4ms
[194.147s][info][gc,phases   ] GC(646)   Other: 0.1ms
[194.147s][info][gc,heap     ] GC(646) Eden regions: 1->0(75)
[194.147s][info][gc,heap     ] GC(646) Survivor regions: 1->1(10)
[194.147s][info][gc,heap     ] GC(646) Old regions: 8->8
[194.147s][info][gc,heap     ] GC(646) Archive regions: 2->2
[194.147s][info][gc,heap     ] GC(646) Humongous regions: 96->0
[194.148s][info][gc,metaspace] GC(646) Metaspace: 29090K(29504K)->29090K(29504K) NonClass: 25530K(25728K)->25530K(25728K) Class: 3559K(3776K)->3559K(3776K)
[194.148s][info][gc          ] GC(646) Pause Young (Concurrent Start) (G1 Humongous Allocation) 210M->16M(254M) 1.442ms
[194.148s][info][gc          ] GC(647) Concurrent Undo Cycle
[194.148s][info][gc,cpu      ] GC(646) User=0.00s Sys=0.00s Real=0.00s
[194.148s][info][gc,marking  ] GC(647) Concurrent Cleanup for Next Mark
[194.148s][info][gc,marking  ] GC(647) Concurrent Cleanup for Next Mark 0.067ms
[194.148s][info][gc          ] GC(647) Concurrent Undo Cycle 0.119ms
[194.662s][info][gc,start    ] GC(648) Pause Young (Concurrent Start) (G1 Humongous Allocation)
[194.662s][info][gc,task     ] GC(648) Using 8 workers of 8 for evacuation
[194.663s][info][gc,phases   ] GC(648)   Pre Evacuate Collection Set: 0.1ms
[194.663s][info][gc,phases   ] GC(648)   Merge Heap Roots: 0.1ms
[194.663s][info][gc,phases   ] GC(648)   Evacuate Collection Set: 0.6ms
[194.663s][info][gc,phases   ] GC(648)   Post Evacuate Collection Set: 0.3ms
[194.663s][info][gc,phases   ] GC(648)   Other: 0.1ms
[194.663s][info][gc,heap     ] GC(648) Eden regions: 1->0(75)
[194.663s][info][gc,heap     ] GC(648) Survivor regions: 1->1(10)
[194.663s][info][gc,heap     ] GC(648) Old regions: 8->8
[194.663s][info][gc,heap     ] GC(648) Archive regions: 2->2
[194.663s][info][gc,heap     ] GC(648) Humongous regions: 96->0
[194.663s][info][gc,metaspace] GC(648) Metaspace: 29090K(29504K)->29090K(29504K) NonClass: 25530K(25728K)->25530K(25728K) Class: 3559K(3776K)->3559K(3776K)
[194.663s][info][gc          ] GC(648) Pause Young (Concurrent Start) (G1 Humongous Allocation) 210M->16M(254M) 1.410ms
[194.663s][info][gc,cpu      ] GC(648) User=0.00s Sys=0.00s Real=0.00s
[194.663s][info][gc          ] GC(649) Concurrent Undo Cycle
[194.663s][info][gc,marking  ] GC(649) Concurrent Cleanup for Next Mark
[194.663s][info][gc,marking  ] GC(649) Concurrent Cleanup for Next Mark 0.059ms
[194.663s][info][gc          ] GC(649) Concurrent Undo Cycle 0.128ms
[195.174s][info][gc,start    ] GC(650) Pause Young (Concurrent Start) (G1 Humongous Allocation)
[195.174s][info][gc,task     ] GC(650) Using 8 workers of 8 for evacuation
[195.177s][info][gc,phases   ] GC(650)   Pre Evacuate Collection Set: 0.4ms
[195.177s][info][gc,phases   ] GC(650)   Merge Heap Roots: 0.2ms
[195.177s][info][gc,phases   ] GC(650)   Evacuate Collection Set: 1.1ms
[195.177s][info][gc,phases   ] GC(650)   Post Evacuate Collection Set: 0.6ms
[195.177s][info][gc,phases   ] GC(650)   Other: 0.2ms
[195.177s][info][gc,heap     ] GC(650) Eden regions: 1->0(75)
[195.177s][info][gc,heap     ] GC(650) Survivor regions: 1->1(10)
[195.177s][info][gc,heap     ] GC(650) Old regions: 8->8
[195.177s][info][gc,heap     ] GC(650) Archive regions: 2->2
[195.177s][info][gc,heap     ] GC(650) Humongous regions: 96->0
[195.177s][info][gc,metaspace] GC(650) Metaspace: 29090K(29504K)->29090K(29504K) NonClass: 25530K(25728K)->25530K(25728K) Class: 3559K(3776K)->3559K(3776K)
[195.177s][info][gc          ] GC(650) Pause Young (Concurrent Start) (G1 Humongous Allocation) 210M->16M(254M) 2.980ms
[195.177s][info][gc,cpu      ] GC(650) User=0.01s Sys=0.00s Real=0.00s
[195.177s][info][gc          ] GC(651) Concurrent Undo Cycle
[195.177s][info][gc,marking  ] GC(651) Concurrent Cleanup for Next Mark
[195.177s][info][gc,marking  ] GC(651) Concurrent Cleanup for Next Mark 0.140ms
[195.177s][info][gc          ] GC(651) Concurrent Undo Cycle 0.288ms
[195.694s][info][gc,start    ] GC(652) Pause Young (Concurrent Start) (G1 Humongous Allocation)
[195.694s][info][gc,task     ] GC(652) Using 8 workers of 8 for evacuation
[195.695s][info][gc,phases   ] GC(652)   Pre Evacuate Collection Set: 0.2ms
[195.695s][info][gc,phases   ] GC(652)   Merge Heap Roots: 0.1ms
[195.695s][info][gc,phases   ] GC(652)   Evacuate Collection Set: 0.5ms
[195.695s][info][gc,phases   ] GC(652)   Post Evacuate Collection Set: 0.3ms
[195.695s][info][gc,phases   ] GC(652)   Other: 0.1ms
[195.695s][info][gc,heap     ] GC(652) Eden regions: 1->0(75)
[195.695s][info][gc,heap     ] GC(652) Survivor regions: 1->1(10)
[195.695s][info][gc,heap     ] GC(652) Old regions: 8->8
[195.695s][info][gc,heap     ] GC(652) Archive regions: 2->2
[195.695s][info][gc,heap     ] GC(652) Humongous regions: 96->0
[195.695s][info][gc,metaspace] GC(652) Metaspace: 29090K(29504K)->29090K(29504K) NonClass: 25530K(25728K)->25530K(25728K) Class: 3559K(3776K)->3559K(3776K)
[195.695s][info][gc          ] GC(652) Pause Young (Concurrent Start) (G1 Humongous Allocation) 210M->16M(254M) 1.414ms
[195.695s][info][gc          ] GC(653) Concurrent Undo Cycle
[195.695s][info][gc,cpu      ] GC(652) User=0.00s Sys=0.00s Real=0.00s
[195.695s][info][gc,marking  ] GC(653) Concurrent Cleanup for Next Mark
[195.695s][info][gc,marking  ] GC(653) Concurrent Cleanup for Next Mark 0.120ms
[195.695s][info][gc          ] GC(653) Concurrent Undo Cycle 0.208ms
[196.206s][info][gc,start    ] GC(654) Pause Young (Concurrent Start) (G1 Humongous Allocation)
[196.206s][info][gc,task     ] GC(654) Using 8 workers of 8 for evacuation
[196.207s][info][gc,phases   ] GC(654)   Pre Evacuate Collection Set: 0.1ms
[196.207s][info][gc,phases   ] GC(654)   Merge Heap Roots: 0.0ms
[196.207s][info][gc,phases   ] GC(654)   Evacuate Collection Set: 0.5ms
[196.207s][info][gc,phases   ] GC(654)   Post Evacuate Collection Set: 0.3ms
[196.207s][info][gc,phases   ] GC(654)   Other: 0.1ms
[196.207s][info][gc,heap     ] GC(654) Eden regions: 1->0(75)
[196.207s][info][gc,heap     ] GC(654) Survivor regions: 1->1(10)
[196.207s][info][gc,heap     ] GC(654) Old regions: 8->8
[196.207s][info][gc,heap     ] GC(654) Archive regions: 2->2
[196.207s][info][gc,heap     ] GC(654) Humongous regions: 96->0
[196.207s][info][gc,metaspace] GC(654) Metaspace: 29090K(29504K)->29090K(29504K) NonClass: 25530K(25728K)->25530K(25728K) Class: 3559K(3776K)->3559K(3776K)
[196.207s][info][gc          ] GC(654) Pause Young (Concurrent Start) (G1 Humongous Allocation) 210M->16M(254M) 1.336ms
[196.207s][info][gc          ] GC(655) Concurrent Undo Cycle
[196.207s][info][gc,cpu      ] GC(654) User=0.01s Sys=0.01s Real=0.00s
[196.207s][info][gc,marking  ] GC(655) Concurrent Cleanup for Next Mark
[196.207s][info][gc,marking  ] GC(655) Concurrent Cleanup for Next Mark 0.060ms
[196.207s][info][gc          ] GC(655) Concurrent Undo Cycle 0.127ms
[196.715s][info][gc,start    ] GC(656) Pause Young (Concurrent Start) (G1 Humongous Allocation)
[196.715s][info][gc,task     ] GC(656) Using 8 workers of 8 for evacuation
[196.716s][info][gc,phases   ] GC(656)   Pre Evacuate Collection Set: 0.1ms
[196.716s][info][gc,phases   ] GC(656)   Merge Heap Roots: 0.0ms
[196.716s][info][gc,phases   ] GC(656)   Evacuate Collection Set: 0.5ms
[196.716s][info][gc,phases   ] GC(656)   Post Evacuate Collection Set: 0.3ms
[196.716s][info][gc,phases   ] GC(656)   Other: 0.1ms
[196.716s][info][gc,heap     ] GC(656) Eden regions: 1->0(75)
[196.716s][info][gc,heap     ] GC(656) Survivor regions: 1->1(10)
[196.716s][info][gc,heap     ] GC(656) Old regions: 8->8
[196.716s][info][gc,heap     ] GC(656) Archive regions: 2->2
[196.716s][info][gc,heap     ] GC(656) Humongous regions: 96->0
[196.716s][info][gc,metaspace] GC(656) Metaspace: 29090K(29504K)->29090K(29504K) NonClass: 25530K(25728K)->25530K(25728K) Class: 3559K(3776K)->3559K(3776K)
[196.716s][info][gc          ] GC(656) Pause Young (Concurrent Start) (G1 Humongous Allocation) 210M->16M(254M) 1.364ms
[196.716s][info][gc          ] GC(657) Concurrent Undo Cycle
[196.716s][info][gc,marking  ] GC(657) Concurrent Cleanup for Next Mark
[196.716s][info][gc,cpu      ] GC(656) User=0.01s Sys=0.00s Real=0.00s
[196.716s][info][gc,marking  ] GC(657) Concurrent Cleanup for Next Mark 0.099ms
[196.716s][info][gc          ] GC(657) Concurrent Undo Cycle 0.170ms
[197.229s][info][gc,start    ] GC(658) Pause Young (Concurrent Start) (G1 Humongous Allocation)
[197.229s][info][gc,task     ] GC(658) Using 8 workers of 8 for evacuation
[197.232s][info][gc,phases   ] GC(658)   Pre Evacuate Collection Set: 0.4ms
[197.232s][info][gc,phases   ] GC(658)   Merge Heap Roots: 0.2ms
[197.232s][info][gc,phases   ] GC(658)   Evacuate Collection Set: 1.3ms
[197.232s][info][gc,phases   ] GC(658)   Post Evacuate Collection Set: 0.8ms
[197.232s][info][gc,phases   ] GC(658)   Other: 0.2ms
[197.232s][info][gc,heap     ] GC(658) Eden regions: 1->0(75)
[197.233s][info][gc,heap     ] GC(658) Survivor regions: 1->1(10)
[197.233s][info][gc,heap     ] GC(658) Old regions: 8->8
[197.233s][info][gc,heap     ] GC(658) Archive regions: 2->2
[197.233s][info][gc,heap     ] GC(658) Humongous regions: 96->0
[197.233s][info][gc,metaspace] GC(658) Metaspace: 29090K(29504K)->29090K(29504K) NonClass: 25530K(25728K)->25530K(25728K) Class: 3559K(3776K)->3559K(3776K)
[197.233s][info][gc          ] GC(658) Pause Young (Concurrent Start) (G1 Humongous Allocation) 210M->16M(254M) 3.571ms
[197.233s][info][gc,cpu      ] GC(658) User=0.00s Sys=0.00s Real=0.01s
[197.233s][info][gc          ] GC(659) Concurrent Undo Cycle
[197.233s][info][gc,marking  ] GC(659) Concurrent Cleanup for Next Mark
[197.233s][info][gc,marking  ] GC(659) Concurrent Cleanup for Next Mark 0.169ms
[197.233s][info][gc          ] GC(659) Concurrent Undo Cycle 0.413ms
[197.752s][info][gc,start    ] GC(660) Pause Young (Concurrent Start) (G1 Humongous Allocation)
[197.752s][info][gc,task     ] GC(660) Using 8 workers of 8 for evacuation
[197.753s][info][gc,phases   ] GC(660)   Pre Evacuate Collection Set: 0.1ms
[197.753s][info][gc,phases   ] GC(660)   Merge Heap Roots: 0.0ms
[197.753s][info][gc,phases   ] GC(660)   Evacuate Collection Set: 0.5ms
[197.753s][info][gc,phases   ] GC(660)   Post Evacuate Collection Set: 0.2ms
[197.753s][info][gc,phases   ] GC(660)   Other: 0.0ms
[197.753s][info][gc,heap     ] GC(660) Eden regions: 1->0(75)
[197.753s][info][gc,heap     ] GC(660) Survivor regions: 1->1(10)
[197.753s][info][gc,heap     ] GC(660) Old regions: 8->8
[197.753s][info][gc,heap     ] GC(660) Archive regions: 2->2
[197.753s][info][gc,heap     ] GC(660) Humongous regions: 96->0
[197.753s][info][gc,metaspace] GC(660) Metaspace: 29090K(29504K)->29090K(29504K) NonClass: 25530K(25728K)->25530K(25728K) Class: 3559K(3776K)->3559K(3776K)
[197.753s][info][gc          ] GC(660) Pause Young (Concurrent Start) (G1 Humongous Allocation) 210M->16M(254M) 1.142ms
[197.753s][info][gc          ] GC(661) Concurrent Undo Cycle
[197.753s][info][gc,cpu      ] GC(660) User=0.00s Sys=0.00s Real=0.00s
[197.753s][info][gc,marking  ] GC(661) Concurrent Cleanup for Next Mark
[197.753s][info][gc,marking  ] GC(661) Concurrent Cleanup for Next Mark 0.067ms
[197.753s][info][gc          ] GC(661) Concurrent Undo Cycle 0.128ms
[198.263s][info][gc,start    ] GC(662) Pause Young (Concurrent Start) (G1 Humongous Allocation)
[198.263s][info][gc,task     ] GC(662) Using 8 workers of 8 for evacuation
[198.264s][info][gc,phases   ] GC(662)   Pre Evacuate Collection Set: 0.1ms
[198.265s][info][gc,phases   ] GC(662)   Merge Heap Roots: 0.0ms
[198.265s][info][gc,phases   ] GC(662)   Evacuate Collection Set: 0.6ms
[198.265s][info][gc,phases   ] GC(662)   Post Evacuate Collection Set: 0.2ms
[198.265s][info][gc,phases   ] GC(662)   Other: 0.1ms
[198.265s][info][gc,heap     ] GC(662) Eden regions: 1->0(75)
[198.265s][info][gc,heap     ] GC(662) Survivor regions: 1->1(10)
[198.265s][info][gc,heap     ] GC(662) Old regions: 8->8
[198.265s][info][gc,heap     ] GC(662) Archive regions: 2->2
[198.265s][info][gc,heap     ] GC(662) Humongous regions: 96->0
[198.265s][info][gc,metaspace] GC(662) Metaspace: 29090K(29504K)->29090K(29504K) NonClass: 25530K(25728K)->25530K(25728K) Class: 3559K(3776K)->3559K(3776K)
[198.265s][info][gc          ] GC(662) Pause Young (Concurrent Start) (G1 Humongous Allocation) 210M->16M(254M) 1.426ms
[198.265s][info][gc          ] GC(663) Concurrent Undo Cycle
[198.265s][info][gc,cpu      ] GC(662) User=0.00s Sys=0.00s Real=0.00s
[198.265s][info][gc,marking  ] GC(663) Concurrent Cleanup for Next Mark
[198.265s][info][gc,marking  ] GC(663) Concurrent Cleanup for Next Mark 0.076ms
[198.265s][info][gc          ] GC(663) Concurrent Undo Cycle 0.148ms
[198.775s][info][gc,start    ] GC(664) Pause Young (Concurrent Start) (G1 Humongous Allocation)
[198.775s][info][gc,task     ] GC(664) Using 8 workers of 8 for evacuation
[198.776s][info][gc,phases   ] GC(664)   Pre Evacuate Collection Set: 0.1ms
[198.776s][info][gc,phases   ] GC(664)   Merge Heap Roots: 0.0ms
[198.776s][info][gc,phases   ] GC(664)   Evacuate Collection Set: 0.5ms
[198.776s][info][gc,phases   ] GC(664)   Post Evacuate Collection Set: 0.2ms
[198.776s][info][gc,phases   ] GC(664)   Other: 0.1ms
[198.776s][info][gc,heap     ] GC(664) Eden regions: 1->0(75)
[198.776s][info][gc,heap     ] GC(664) Survivor regions: 1->1(10)
[198.776s][info][gc,heap     ] GC(664) Old regions: 8->8
[198.776s][info][gc,heap     ] GC(664) Archive regions: 2->2
[198.776s][info][gc,heap     ] GC(664) Humongous regions: 96->0
[198.776s][info][gc,metaspace] GC(664) Metaspace: 29090K(29504K)->29090K(29504K) NonClass: 25530K(25728K)->25530K(25728K) Class: 3559K(3776K)->3559K(3776K)
[198.776s][info][gc          ] GC(664) Pause Young (Concurrent Start) (G1 Humongous Allocation) 210M->16M(254M) 1.147ms
[198.776s][info][gc          ] GC(665) Concurrent Undo Cycle
[198.776s][info][gc,cpu      ] GC(664) User=0.00s Sys=0.00s Real=0.00s
[198.776s][info][gc,marking  ] GC(665) Concurrent Cleanup for Next Mark
[198.776s][info][gc,marking  ] GC(665) Concurrent Cleanup for Next Mark 0.051ms
[198.776s][info][gc          ] GC(665) Concurrent Undo Cycle 0.104ms
[199.285s][info][gc,start    ] GC(666) Pause Young (Concurrent Start) (G1 Humongous Allocation)
[199.285s][info][gc,task     ] GC(666) Using 8 workers of 8 for evacuation
[199.286s][info][gc,phases   ] GC(666)   Pre Evacuate Collection Set: 0.1ms
[199.286s][info][gc,phases   ] GC(666)   Merge Heap Roots: 0.0ms
[199.286s][info][gc,phases   ] GC(666)   Evacuate Collection Set: 0.5ms
[199.286s][info][gc,phases   ] GC(666)   Post Evacuate Collection Set: 0.2ms
[199.286s][info][gc,phases   ] GC(666)   Other: 0.0ms
[199.286s][info][gc,heap     ] GC(666) Eden regions: 1->0(75)
[199.286s][info][gc,heap     ] GC(666) Survivor regions: 1->1(10)
[199.286s][info][gc,heap     ] GC(666) Old regions: 8->8
[199.286s][info][gc,heap     ] GC(666) Archive regions: 2->2
[199.286s][info][gc,heap     ] GC(666) Humongous regions: 96->0
[199.286s][info][gc,metaspace] GC(666) Metaspace: 29090K(29504K)->29090K(29504K) NonClass: 25530K(25728K)->25530K(25728K) Class: 3559K(3776K)->3559K(3776K)
[199.287s][info][gc          ] GC(666) Pause Young (Concurrent Start) (G1 Humongous Allocation) 210M->16M(254M) 1.117ms
[199.287s][info][gc,cpu      ] GC(666) User=0.00s Sys=0.00s Real=0.00s
[199.287s][info][gc          ] GC(667) Concurrent Undo Cycle
[199.287s][info][gc,marking  ] GC(667) Concurrent Cleanup for Next Mark
[199.287s][info][gc,marking  ] GC(667) Concurrent Cleanup for Next Mark 0.066ms
[199.287s][info][gc          ] GC(667) Concurrent Undo Cycle 0.120ms
[199.796s][info][gc,start    ] GC(668) Pause Young (Concurrent Start) (G1 Humongous Allocation)
[199.796s][info][gc,task     ] GC(668) Using 8 workers of 8 for evacuation
[199.797s][info][gc,phases   ] GC(668)   Pre Evacuate Collection Set: 0.1ms
[199.798s][info][gc,phases   ] GC(668)   Merge Heap Roots: 0.0ms
[199.798s][info][gc,phases   ] GC(668)   Evacuate Collection Set: 0.6ms
[199.798s][info][gc,phases   ] GC(668)   Post Evacuate Collection Set: 0.3ms
[199.798s][info][gc,phases   ] GC(668)   Other: 0.1ms
[199.798s][info][gc,heap     ] GC(668) Eden regions: 1->0(75)
[199.798s][info][gc,heap     ] GC(668) Survivor regions: 1->1(10)
[199.798s][info][gc,heap     ] GC(668) Old regions: 8->8
[199.798s][info][gc,heap     ] GC(668) Archive regions: 2->2
[199.798s][info][gc,heap     ] GC(668) Humongous regions: 96->0
[199.798s][info][gc,metaspace] GC(668) Metaspace: 29090K(29504K)->29090K(29504K) NonClass: 25530K(25728K)->25530K(25728K) Class: 3559K(3776K)->3559K(3776K)
[199.798s][info][gc          ] GC(668) Pause Young (Concurrent Start) (G1 Humongous Allocation) 210M->16M(254M) 1.420ms
[199.798s][info][gc          ] GC(669) Concurrent Undo Cycle
[199.798s][info][gc,cpu      ] GC(668) User=0.00s Sys=0.00s Real=0.00s
[199.798s][info][gc,marking  ] GC(669) Concurrent Cleanup for Next Mark
[199.798s][info][gc,marking  ] GC(669) Concurrent Cleanup for Next Mark 0.067ms
[199.798s][info][gc          ] GC(669) Concurrent Undo Cycle 0.153ms
[200.310s][info][gc,start    ] GC(670) Pause Young (Concurrent Start) (G1 Humongous Allocation)
[200.310s][info][gc,task     ] GC(670) Using 8 workers of 8 for evacuation
[200.311s][info][gc,phases   ] GC(670)   Pre Evacuate Collection Set: 0.1ms
[200.311s][info][gc,phases   ] GC(670)   Merge Heap Roots: 0.0ms
[200.311s][info][gc,phases   ] GC(670)   Evacuate Collection Set: 0.6ms
[200.311s][info][gc,phases   ] GC(670)   Post Evacuate Collection Set: 0.3ms
[200.311s][info][gc,phases   ] GC(670)   Other: 0.1ms
[200.311s][info][gc,heap     ] GC(670) Eden regions: 1->0(75)
[200.311s][info][gc,heap     ] GC(670) Survivor regions: 1->1(10)
[200.311s][info][gc,heap     ] GC(670) Old regions: 8->8
[200.311s][info][gc,heap     ] GC(670) Archive regions: 2->2
[200.311s][info][gc,heap     ] GC(670) Humongous regions: 96->0
[200.311s][info][gc,metaspace] GC(670) Metaspace: 29090K(29504K)->29090K(29504K) NonClass: 25530K(25728K)->25530K(25728K) Class: 3559K(3776K)->3559K(3776K)
[200.311s][info][gc          ] GC(670) Pause Young (Concurrent Start) (G1 Humongous Allocation) 210M->16M(254M) 1.298ms
[200.311s][info][gc          ] GC(671) Concurrent Undo Cycle
[200.311s][info][gc,cpu      ] GC(670) User=0.00s Sys=0.00s Real=0.00s
[200.311s][info][gc,marking  ] GC(671) Concurrent Cleanup for Next Mark
[200.311s][info][gc,marking  ] GC(671) Concurrent Cleanup for Next Mark 0.117ms
[200.311s][info][gc          ] GC(671) Concurrent Undo Cycle 0.200ms
[200.825s][info][gc,start    ] GC(672) Pause Young (Concurrent Start) (G1 Humongous Allocation)
[200.825s][info][gc,task     ] GC(672) Using 8 workers of 8 for evacuation
[200.826s][info][gc,phases   ] GC(672)   Pre Evacuate Collection Set: 0.2ms
[200.826s][info][gc,phases   ] GC(672)   Merge Heap Roots: 0.1ms
[200.826s][info][gc,phases   ] GC(672)   Evacuate Collection Set: 0.4ms
[200.826s][info][gc,phases   ] GC(672)   Post Evacuate Collection Set: 0.3ms
[200.826s][info][gc,phases   ] GC(672)   Other: 0.1ms
[200.826s][info][gc,heap     ] GC(672) Eden regions: 1->0(75)
[200.826s][info][gc,heap     ] GC(672) Survivor regions: 1->1(10)
[200.826s][info][gc,heap     ] GC(672) Old regions: 8->8
[200.826s][info][gc,heap     ] GC(672) Archive regions: 2->2
[200.826s][info][gc,heap     ] GC(672) Humongous regions: 96->0
[200.826s][info][gc,metaspace] GC(672) Metaspace: 29090K(29504K)->29090K(29504K) NonClass: 25530K(25728K)->25530K(25728K) Class: 3559K(3776K)->3559K(3776K)
[200.826s][info][gc          ] GC(672) Pause Young (Concurrent Start) (G1 Humongous Allocation) 210M->16M(254M) 1.235ms
[200.826s][info][gc,cpu      ] GC(672) User=0.01s Sys=0.00s Real=0.00s
[200.826s][info][gc          ] GC(673) Concurrent Undo Cycle
[200.826s][info][gc,marking  ] GC(673) Concurrent Cleanup for Next Mark
[200.826s][info][gc,marking  ] GC(673) Concurrent Cleanup for Next Mark 0.071ms
[200.826s][info][gc          ] GC(673) Concurrent Undo Cycle 0.149ms
[201.337s][info][gc,start    ] GC(674) Pause Young (Concurrent Start) (G1 Humongous Allocation)
[201.337s][info][gc,task     ] GC(674) Using 8 workers of 8 for evacuation
[201.338s][info][gc,phases   ] GC(674)   Pre Evacuate Collection Set: 0.1ms
[201.338s][info][gc,phases   ] GC(674)   Merge Heap Roots: 0.0ms
[201.338s][info][gc,phases   ] GC(674)   Evacuate Collection Set: 0.5ms
[201.338s][info][gc,phases   ] GC(674)   Post Evacuate Collection Set: 0.2ms
[201.338s][info][gc,phases   ] GC(674)   Other: 0.1ms
[201.338s][info][gc,heap     ] GC(674) Eden regions: 1->0(75)
[201.338s][info][gc,heap     ] GC(674) Survivor regions: 1->1(10)
[201.338s][info][gc,heap     ] GC(674) Old regions: 8->8
[201.338s][info][gc,heap     ] GC(674) Archive regions: 2->2
[201.338s][info][gc,heap     ] GC(674) Humongous regions: 96->0
[201.338s][info][gc,metaspace] GC(674) Metaspace: 29090K(29504K)->29090K(29504K) NonClass: 25530K(25728K)->25530K(25728K) Class: 3559K(3776K)->3559K(3776K)
[201.338s][info][gc          ] GC(674) Pause Young (Concurrent Start) (G1 Humongous Allocation) 210M->16M(254M) 1.233ms
[201.338s][info][gc          ] GC(675) Concurrent Undo Cycle
[201.338s][info][gc,cpu      ] GC(674) User=0.01s Sys=0.00s Real=0.00s
[201.338s][info][gc,marking  ] GC(675) Concurrent Cleanup for Next Mark
[201.338s][info][gc,marking  ] GC(675) Concurrent Cleanup for Next Mark 0.079ms
[201.338s][info][gc          ] GC(675) Concurrent Undo Cycle 0.148ms
[201.847s][info][gc,start    ] GC(676) Pause Young (Concurrent Start) (G1 Humongous Allocation)
[201.847s][info][gc,task     ] GC(676) Using 8 workers of 8 for evacuation
[201.848s][info][gc,phases   ] GC(676)   Pre Evacuate Collection Set: 0.1ms
[201.848s][info][gc,phases   ] GC(676)   Merge Heap Roots: 0.0ms
[201.848s][info][gc,phases   ] GC(676)   Evacuate Collection Set: 0.5ms
[201.848s][info][gc,phases   ] GC(676)   Post Evacuate Collection Set: 0.4ms
[201.848s][info][gc,phases   ] GC(676)   Other: 0.0ms
[201.848s][info][gc,heap     ] GC(676) Eden regions: 1->0(75)
[201.848s][info][gc,heap     ] GC(676) Survivor regions: 1->1(10)
[201.849s][info][gc,heap     ] GC(676) Old regions: 8->8
[201.849s][info][gc,heap     ] GC(676) Archive regions: 2->2
[201.849s][info][gc,heap     ] GC(676) Humongous regions: 96->0
[201.849s][info][gc,metaspace] GC(676) Metaspace: 29090K(29504K)->29090K(29504K) NonClass: 25530K(25728K)->25530K(25728K) Class: 3559K(3776K)->3559K(3776K)
[201.849s][info][gc          ] GC(676) Pause Young (Concurrent Start) (G1 Humongous Allocation) 210M->16M(254M) 1.323ms
[201.849s][info][gc,cpu      ] GC(676) User=0.00s Sys=0.00s Real=0.00s
[201.849s][info][gc          ] GC(677) Concurrent Undo Cycle
[201.849s][info][gc,marking  ] GC(677) Concurrent Cleanup for Next Mark
[201.849s][info][gc,marking  ] GC(677) Concurrent Cleanup for Next Mark 0.079ms
[201.849s][info][gc          ] GC(677) Concurrent Undo Cycle 0.255ms
[202.357s][info][gc,start    ] GC(678) Pause Young (Concurrent Start) (G1 Humongous Allocation)
[202.357s][info][gc,task     ] GC(678) Using 8 workers of 8 for evacuation
[202.358s][info][gc,phases   ] GC(678)   Pre Evacuate Collection Set: 0.1ms
[202.358s][info][gc,phases   ] GC(678)   Merge Heap Roots: 0.0ms
[202.358s][info][gc,phases   ] GC(678)   Evacuate Collection Set: 0.5ms
[202.358s][info][gc,phases   ] GC(678)   Post Evacuate Collection Set: 0.3ms
[202.358s][info][gc,phases   ] GC(678)   Other: 0.1ms
[202.358s][info][gc,heap     ] GC(678) Eden regions: 2->0(75)
[202.358s][info][gc,heap     ] GC(678) Survivor regions: 1->1(10)
[202.358s][info][gc,heap     ] GC(678) Old regions: 8->8
[202.358s][info][gc,heap     ] GC(678) Archive regions: 2->2
[202.358s][info][gc,heap     ] GC(678) Humongous regions: 96->0
[202.358s][info][gc,metaspace] GC(678) Metaspace: 29090K(29504K)->29090K(29504K) NonClass: 25530K(25728K)->25530K(25728K) Class: 3559K(3776K)->3559K(3776K)
[202.358s][info][gc          ] GC(678) Pause Young (Concurrent Start) (G1 Humongous Allocation) 210M->16M(254M) 1.309ms
[202.359s][info][gc,cpu      ] GC(678) User=0.00s Sys=0.00s Real=0.00s
[202.359s][info][gc          ] GC(679) Concurrent Undo Cycle
[202.359s][info][gc,marking  ] GC(679) Concurrent Cleanup for Next Mark
[202.359s][info][gc,marking  ] GC(679) Concurrent Cleanup for Next Mark 0.082ms
[202.359s][info][gc          ] GC(679) Concurrent Undo Cycle 0.179ms
[202.871s][info][gc,start    ] GC(680) Pause Young (Concurrent Start) (G1 Humongous Allocation)
[202.871s][info][gc,task     ] GC(680) Using 8 workers of 8 for evacuation
[202.875s][info][gc,phases   ] GC(680)   Pre Evacuate Collection Set: 0.5ms
[202.875s][info][gc,phases   ] GC(680)   Merge Heap Roots: 0.1ms
[202.875s][info][gc,phases   ] GC(680)   Evacuate Collection Set: 1.7ms
[202.875s][info][gc,phases   ] GC(680)   Post Evacuate Collection Set: 0.9ms
[202.875s][info][gc,phases   ] GC(680)   Other: 0.2ms
[202.875s][info][gc,heap     ] GC(680) Eden regions: 1->0(75)
[202.875s][info][gc,heap     ] GC(680) Survivor regions: 1->1(10)
[202.875s][info][gc,heap     ] GC(680) Old regions: 8->8
[202.875s][info][gc,heap     ] GC(680) Archive regions: 2->2
[202.875s][info][gc,heap     ] GC(680) Humongous regions: 96->0
[202.875s][info][gc,metaspace] GC(680) Metaspace: 29090K(29504K)->29090K(29504K) NonClass: 25530K(25728K)->25530K(25728K) Class: 3559K(3776K)->3559K(3776K)
[202.875s][info][gc          ] GC(680) Pause Young (Concurrent Start) (G1 Humongous Allocation) 209M->16M(254M) 4.043ms
[202.875s][info][gc          ] GC(681) Concurrent Undo Cycle
[202.875s][info][gc,cpu      ] GC(680) User=0.00s Sys=0.00s Real=0.01s
[202.875s][info][gc,marking  ] GC(681) Concurrent Cleanup for Next Mark
[202.875s][info][gc,marking  ] GC(681) Concurrent Cleanup for Next Mark 0.153ms
[202.875s][info][gc          ] GC(681) Concurrent Undo Cycle 0.253ms
[203.397s][info][gc,start    ] GC(682) Pause Young (Concurrent Start) (G1 Humongous Allocation)
[203.397s][info][gc,task     ] GC(682) Using 8 workers of 8 for evacuation
[203.398s][info][gc,phases   ] GC(682)   Pre Evacuate Collection Set: 0.2ms
[203.398s][info][gc,phases   ] GC(682)   Merge Heap Roots: 0.0ms
[203.398s][info][gc,phases   ] GC(682)   Evacuate Collection Set: 0.5ms
[203.398s][info][gc,phases   ] GC(682)   Post Evacuate Collection Set: 0.3ms
[203.398s][info][gc,phases   ] GC(682)   Other: 0.1ms
[203.398s][info][gc,heap     ] GC(682) Eden regions: 2->0(75)
[203.398s][info][gc,heap     ] GC(682) Survivor regions: 1->1(10)
[203.398s][info][gc,heap     ] GC(682) Old regions: 8->8
[203.398s][info][gc,heap     ] GC(682) Archive regions: 2->2
[203.398s][info][gc,heap     ] GC(682) Humongous regions: 96->0
[203.398s][info][gc,metaspace] GC(682) Metaspace: 29090K(29504K)->29090K(29504K) NonClass: 25530K(25728K)->25530K(25728K) Class: 3559K(3776K)->3559K(3776K)
[203.398s][info][gc          ] GC(682) Pause Young (Concurrent Start) (G1 Humongous Allocation) 210M->16M(254M) 1.261ms
[203.398s][info][gc          ] GC(683) Concurrent Undo Cycle
[203.398s][info][gc,cpu      ] GC(682) User=0.00s Sys=0.00s Real=0.00s
[203.398s][info][gc,marking  ] GC(683) Concurrent Cleanup for Next Mark
[203.398s][info][gc,marking  ] GC(683) Concurrent Cleanup for Next Mark 0.084ms
[203.398s][info][gc          ] GC(683) Concurrent Undo Cycle 0.203ms
[203.915s][info][gc,start    ] GC(684) Pause Young (Concurrent Start) (G1 Humongous Allocation)
[203.915s][info][gc,task     ] GC(684) Using 8 workers of 8 for evacuation
[203.918s][info][gc,phases   ] GC(684)   Pre Evacuate Collection Set: 0.4ms
[203.918s][info][gc,phases   ] GC(684)   Merge Heap Roots: 0.2ms
[203.918s][info][gc,phases   ] GC(684)   Evacuate Collection Set: 1.3ms
[203.918s][info][gc,phases   ] GC(684)   Post Evacuate Collection Set: 0.9ms
[203.918s][info][gc,phases   ] GC(684)   Other: 0.2ms
[203.918s][info][gc,heap     ] GC(684) Eden regions: 1->0(75)
[203.918s][info][gc,heap     ] GC(684) Survivor regions: 1->1(10)
[203.918s][info][gc,heap     ] GC(684) Old regions: 8->8
[203.918s][info][gc,heap     ] GC(684) Archive regions: 2->2
[203.918s][info][gc,heap     ] GC(684) Humongous regions: 96->0
[203.918s][info][gc,metaspace] GC(684) Metaspace: 29090K(29504K)->29090K(29504K) NonClass: 25530K(25728K)->25530K(25728K) Class: 3559K(3776K)->3559K(3776K)
[203.918s][info][gc          ] GC(684) Pause Young (Concurrent Start) (G1 Humongous Allocation) 210M->16M(254M) 3.653ms
[203.918s][info][gc,cpu      ] GC(684) User=0.01s Sys=0.00s Real=0.00s
[203.918s][info][gc          ] GC(685) Concurrent Undo Cycle
[203.918s][info][gc,marking  ] GC(685) Concurrent Cleanup for Next Mark
[203.919s][info][gc,marking  ] GC(685) Concurrent Cleanup for Next Mark 0.175ms
[203.919s][info][gc          ] GC(685) Concurrent Undo Cycle 0.395ms
[204.440s][info][gc,start    ] GC(686) Pause Young (Concurrent Start) (G1 Humongous Allocation)
[204.440s][info][gc,task     ] GC(686) Using 8 workers of 8 for evacuation
[204.443s][info][gc,phases   ] GC(686)   Pre Evacuate Collection Set: 0.4ms
[204.443s][info][gc,phases   ] GC(686)   Merge Heap Roots: 0.2ms
[204.443s][info][gc,phases   ] GC(686)   Evacuate Collection Set: 1.2ms
[204.443s][info][gc,phases   ] GC(686)   Post Evacuate Collection Set: 0.7ms
[204.443s][info][gc,phases   ] GC(686)   Other: 0.2ms
[204.443s][info][gc,heap     ] GC(686) Eden regions: 1->0(75)
[204.443s][info][gc,heap     ] GC(686) Survivor regions: 1->1(10)
[204.443s][info][gc,heap     ] GC(686) Old regions: 8->8
[204.443s][info][gc,heap     ] GC(686) Archive regions: 2->2
[204.443s][info][gc,heap     ] GC(686) Humongous regions: 96->0
[204.443s][info][gc,metaspace] GC(686) Metaspace: 29090K(29504K)->29090K(29504K) NonClass: 25530K(25728K)->25530K(25728K) Class: 3559K(3776K)->3559K(3776K)
[204.443s][info][gc          ] GC(686) Pause Young (Concurrent Start) (G1 Humongous Allocation) 210M->16M(254M) 3.414ms
[204.443s][info][gc,cpu      ] GC(686) User=0.00s Sys=0.00s Real=0.01s
[204.444s][info][gc          ] GC(687) Concurrent Undo Cycle
[204.444s][info][gc,marking  ] GC(687) Concurrent Cleanup for Next Mark
[204.444s][info][gc,marking  ] GC(687) Concurrent Cleanup for Next Mark 0.237ms
[204.444s][info][gc          ] GC(687) Concurrent Undo Cycle 0.500ms
[204.962s][info][gc,start    ] GC(688) Pause Young (Concurrent Start) (G1 Humongous Allocation)
[204.962s][info][gc,task     ] GC(688) Using 8 workers of 8 for evacuation
[204.963s][info][gc,phases   ] GC(688)   Pre Evacuate Collection Set: 0.1ms
[204.963s][info][gc,phases   ] GC(688)   Merge Heap Roots: 0.0ms
[204.963s][info][gc,phases   ] GC(688)   Evacuate Collection Set: 0.6ms
[204.963s][info][gc,phases   ] GC(688)   Post Evacuate Collection Set: 0.3ms
[204.963s][info][gc,phases   ] GC(688)   Other: 0.1ms
[204.963s][info][gc,heap     ] GC(688) Eden regions: 1->0(75)
[204.963s][info][gc,heap     ] GC(688) Survivor regions: 1->1(10)
[204.963s][info][gc,heap     ] GC(688) Old regions: 8->8
[204.963s][info][gc,heap     ] GC(688) Archive regions: 2->2
[204.963s][info][gc,heap     ] GC(688) Humongous regions: 96->0
[204.963s][info][gc,metaspace] GC(688) Metaspace: 29090K(29504K)->29090K(29504K) NonClass: 25530K(25728K)->25530K(25728K) Class: 3559K(3776K)->3559K(3776K)
[204.963s][info][gc          ] GC(688) Pause Young (Concurrent Start) (G1 Humongous Allocation) 210M->16M(254M) 1.418ms
[204.963s][info][gc          ] GC(689) Concurrent Undo Cycle
[204.963s][info][gc,cpu      ] GC(688) User=0.00s Sys=0.00s Real=0.00s
[204.964s][info][gc,marking  ] GC(689) Concurrent Cleanup for Next Mark
[204.964s][info][gc,marking  ] GC(689) Concurrent Cleanup for Next Mark 0.122ms
[204.964s][info][gc          ] GC(689) Concurrent Undo Cycle 0.216ms
[205.475s][info][gc,start    ] GC(690) Pause Young (Concurrent Start) (G1 Humongous Allocation)
[205.475s][info][gc,task     ] GC(690) Using 8 workers of 8 for evacuation
[205.477s][info][gc,phases   ] GC(690)   Pre Evacuate Collection Set: 0.2ms
[205.477s][info][gc,phases   ] GC(690)   Merge Heap Roots: 0.0ms
[205.477s][info][gc,phases   ] GC(690)   Evacuate Collection Set: 0.8ms
[205.477s][info][gc,phases   ] GC(690)   Post Evacuate Collection Set: 0.2ms
[205.477s][info][gc,phases   ] GC(690)   Other: 0.1ms
[205.477s][info][gc,heap     ] GC(690) Eden regions: 1->0(75)
[205.477s][info][gc,heap     ] GC(690) Survivor regions: 1->1(10)
[205.477s][info][gc,heap     ] GC(690) Old regions: 8->8
[205.477s][info][gc,heap     ] GC(690) Archive regions: 2->2
[205.477s][info][gc,heap     ] GC(690) Humongous regions: 96->0
[205.477s][info][gc,metaspace] GC(690) Metaspace: 29090K(29504K)->29090K(29504K) NonClass: 25530K(25728K)->25530K(25728K) Class: 3559K(3776K)->3559K(3776K)
[205.477s][info][gc          ] GC(690) Pause Young (Concurrent Start) (G1 Humongous Allocation) 210M->16M(254M) 1.504ms
[205.477s][info][gc          ] GC(691) Concurrent Undo Cycle
[205.477s][info][gc,cpu      ] GC(690) User=0.00s Sys=0.00s Real=0.00s
[205.477s][info][gc,marking  ] GC(691) Concurrent Cleanup for Next Mark
[205.477s][info][gc,marking  ] GC(691) Concurrent Cleanup for Next Mark 0.050ms
[205.477s][info][gc          ] GC(691) Concurrent Undo Cycle 0.113ms
[205.988s][info][gc,start    ] GC(692) Pause Young (Concurrent Start) (G1 Humongous Allocation)
[205.988s][info][gc,task     ] GC(692) Using 8 workers of 8 for evacuation
[205.991s][info][gc,phases   ] GC(692)   Pre Evacuate Collection Set: 0.4ms
[205.991s][info][gc,phases   ] GC(692)   Merge Heap Roots: 0.2ms
[205.991s][info][gc,phases   ] GC(692)   Evacuate Collection Set: 1.2ms
[205.991s][info][gc,phases   ] GC(692)   Post Evacuate Collection Set: 0.8ms
[205.991s][info][gc,phases   ] GC(692)   Other: 0.2ms
[205.991s][info][gc,heap     ] GC(692) Eden regions: 1->0(75)
[205.991s][info][gc,heap     ] GC(692) Survivor regions: 1->1(10)
[205.991s][info][gc,heap     ] GC(692) Old regions: 8->8
[205.991s][info][gc,heap     ] GC(692) Archive regions: 2->2
[205.991s][info][gc,heap     ] GC(692) Humongous regions: 96->0
[205.991s][info][gc,metaspace] GC(692) Metaspace: 29090K(29504K)->29090K(29504K) NonClass: 25530K(25728K)->25530K(25728K) Class: 3559K(3776K)->3559K(3776K)
[205.991s][info][gc          ] GC(692) Pause Young (Concurrent Start) (G1 Humongous Allocation) 210M->16M(254M) 3.559ms
[205.991s][info][gc,cpu      ] GC(692) User=0.01s Sys=0.01s Real=0.01s
[205.991s][info][gc          ] GC(693) Concurrent Undo Cycle
[205.991s][info][gc,marking  ] GC(693) Concurrent Cleanup for Next Mark
[205.992s][info][gc,marking  ] GC(693) Concurrent Cleanup for Next Mark 0.201ms
[205.992s][info][gc          ] GC(693) Concurrent Undo Cycle 0.486ms
[206.513s][info][gc,start    ] GC(694) Pause Young (Concurrent Start) (G1 Humongous Allocation)
[206.513s][info][gc,task     ] GC(694) Using 8 workers of 8 for evacuation
[206.517s][info][gc,phases   ] GC(694)   Pre Evacuate Collection Set: 0.3ms
[206.517s][info][gc,phases   ] GC(694)   Merge Heap Roots: 0.2ms
[206.517s][info][gc,phases   ] GC(694)   Evacuate Collection Set: 1.5ms
[206.517s][info][gc,phases   ] GC(694)   Post Evacuate Collection Set: 1.0ms
[206.517s][info][gc,phases   ] GC(694)   Other: 0.4ms
[206.517s][info][gc,heap     ] GC(694) Eden regions: 1->0(75)
[206.517s][info][gc,heap     ] GC(694) Survivor regions: 1->1(10)
[206.517s][info][gc,heap     ] GC(694) Old regions: 8->8
[206.517s][info][gc,heap     ] GC(694) Archive regions: 2->2
[206.517s][info][gc,heap     ] GC(694) Humongous regions: 96->0
[206.517s][info][gc,metaspace] GC(694) Metaspace: 29090K(29504K)->29090K(29504K) NonClass: 25530K(25728K)->25530K(25728K) Class: 3559K(3776K)->3559K(3776K)
[206.517s][info][gc          ] GC(694) Pause Young (Concurrent Start) (G1 Humongous Allocation) 210M->16M(254M) 4.282ms
[206.517s][info][gc,cpu      ] GC(694) User=0.01s Sys=0.00s Real=0.00s
[206.517s][info][gc          ] GC(695) Concurrent Undo Cycle
[206.518s][info][gc,marking  ] GC(695) Concurrent Cleanup for Next Mark
[206.518s][info][gc,marking  ] GC(695) Concurrent Cleanup for Next Mark 0.133ms
[206.518s][info][gc          ] GC(695) Concurrent Undo Cycle 0.349ms
[207.038s][info][gc,start    ] GC(696) Pause Young (Concurrent Start) (G1 Humongous Allocation)
[207.039s][info][gc,task     ] GC(696) Using 8 workers of 8 for evacuation
[207.041s][info][gc,phases   ] GC(696)   Pre Evacuate Collection Set: 0.4ms
[207.041s][info][gc,phases   ] GC(696)   Merge Heap Roots: 0.2ms
[207.042s][info][gc,phases   ] GC(696)   Evacuate Collection Set: 1.2ms
[207.042s][info][gc,phases   ] GC(696)   Post Evacuate Collection Set: 0.9ms
[207.042s][info][gc,phases   ] GC(696)   Other: 0.2ms
[207.042s][info][gc,heap     ] GC(696) Eden regions: 2->0(75)
[207.042s][info][gc,heap     ] GC(696) Survivor regions: 1->1(10)
[207.042s][info][gc,heap     ] GC(696) Old regions: 8->8
[207.042s][info][gc,heap     ] GC(696) Archive regions: 2->2
[207.042s][info][gc,heap     ] GC(696) Humongous regions: 96->0
[207.042s][info][gc,metaspace] GC(696) Metaspace: 29090K(29504K)->29090K(29504K) NonClass: 25530K(25728K)->25530K(25728K) Class: 3559K(3776K)->3559K(3776K)
[207.042s][info][gc          ] GC(696) Pause Young (Concurrent Start) (G1 Humongous Allocation) 210M->16M(254M) 3.604ms
[207.042s][info][gc,cpu      ] GC(696) User=0.00s Sys=0.01s Real=0.01s
[207.042s][info][gc          ] GC(697) Concurrent Undo Cycle
[207.042s][info][gc,marking  ] GC(697) Concurrent Cleanup for Next Mark
[207.042s][info][gc,marking  ] GC(697) Concurrent Cleanup for Next Mark 0.147ms
[207.042s][info][gc          ] GC(697) Concurrent Undo Cycle 0.286ms
[207.559s][info][gc,start    ] GC(698) Pause Young (Concurrent Start) (G1 Humongous Allocation)
[207.559s][info][gc,task     ] GC(698) Using 8 workers of 8 for evacuation
[207.562s][info][gc,phases   ] GC(698)   Pre Evacuate Collection Set: 0.4ms
[207.562s][info][gc,phases   ] GC(698)   Merge Heap Roots: 0.2ms
[207.562s][info][gc,phases   ] GC(698)   Evacuate Collection Set: 1.2ms
[207.562s][info][gc,phases   ] GC(698)   Post Evacuate Collection Set: 0.7ms
[207.562s][info][gc,phases   ] GC(698)   Other: 0.2ms
[207.562s][info][gc,heap     ] GC(698) Eden regions: 1->0(75)
[207.562s][info][gc,heap     ] GC(698) Survivor regions: 1->1(10)
[207.562s][info][gc,heap     ] GC(698) Old regions: 8->8
[207.562s][info][gc,heap     ] GC(698) Archive regions: 2->2
[207.562s][info][gc,heap     ] GC(698) Humongous regions: 96->0
[207.562s][info][gc,metaspace] GC(698) Metaspace: 29090K(29504K)->29090K(29504K) NonClass: 25530K(25728K)->25530K(25728K) Class: 3559K(3776K)->3559K(3776K)
[207.562s][info][gc          ] GC(698) Pause Young (Concurrent Start) (G1 Humongous Allocation) 210M->16M(254M) 3.438ms
[207.562s][info][gc,cpu      ] GC(698) User=0.01s Sys=0.00s Real=0.01s
[207.562s][info][gc          ] GC(699) Concurrent Undo Cycle
[207.562s][info][gc,marking  ] GC(699) Concurrent Cleanup for Next Mark
[207.563s][info][gc,marking  ] GC(699) Concurrent Cleanup for Next Mark 0.183ms
[207.563s][info][gc          ] GC(699) Concurrent Undo Cycle 0.407ms
[208.083s][info][gc,start    ] GC(700) Pause Young (Concurrent Start) (G1 Humongous Allocation)
[208.083s][info][gc,task     ] GC(700) Using 8 workers of 8 for evacuation
[208.086s][info][gc,phases   ] GC(700)   Pre Evacuate Collection Set: 0.5ms
[208.086s][info][gc,phases   ] GC(700)   Merge Heap Roots: 0.2ms
[208.086s][info][gc,phases   ] GC(700)   Evacuate Collection Set: 1.3ms
[208.086s][info][gc,phases   ] GC(700)   Post Evacuate Collection Set: 0.8ms
[208.086s][info][gc,phases   ] GC(700)   Other: 0.2ms
[208.086s][info][gc,heap     ] GC(700) Eden regions: 1->0(75)
[208.086s][info][gc,heap     ] GC(700) Survivor regions: 1->1(10)
[208.086s][info][gc,heap     ] GC(700) Old regions: 8->8
[208.086s][info][gc,heap     ] GC(700) Archive regions: 2->2
[208.086s][info][gc,heap     ] GC(700) Humongous regions: 96->0
[208.086s][info][gc,metaspace] GC(700) Metaspace: 29090K(29504K)->29090K(29504K) NonClass: 25530K(25728K)->25530K(25728K) Class: 3559K(3776K)->3559K(3776K)
[208.086s][info][gc          ] GC(700) Pause Young (Concurrent Start) (G1 Humongous Allocation) 210M->16M(254M) 3.667ms
[208.086s][info][gc,cpu      ] GC(700) User=0.00s Sys=0.00s Real=0.00s
[208.087s][info][gc          ] GC(701) Concurrent Undo Cycle
[208.087s][info][gc,marking  ] GC(701) Concurrent Cleanup for Next Mark
[208.087s][info][gc,marking  ] GC(701) Concurrent Cleanup for Next Mark 0.179ms
[208.087s][info][gc          ] GC(701) Concurrent Undo Cycle 0.441ms
[208.607s][info][gc,start    ] GC(702) Pause Young (Concurrent Start) (G1 Humongous Allocation)
[208.608s][info][gc,task     ] GC(702) Using 8 workers of 8 for evacuation
[208.610s][info][gc,phases   ] GC(702)   Pre Evacuate Collection Set: 0.4ms
[208.610s][info][gc,phases   ] GC(702)   Merge Heap Roots: 0.2ms
[208.610s][info][gc,phases   ] GC(702)   Evacuate Collection Set: 0.9ms
[208.610s][info][gc,phases   ] GC(702)   Post Evacuate Collection Set: 0.5ms
[208.610s][info][gc,phases   ] GC(702)   Other: 0.2ms
[208.610s][info][gc,heap     ] GC(702) Eden regions: 1->0(75)
[208.610s][info][gc,heap     ] GC(702) Survivor regions: 1->1(10)
[208.610s][info][gc,heap     ] GC(702) Old regions: 8->8
[208.610s][info][gc,heap     ] GC(702) Archive regions: 2->2
[208.610s][info][gc,heap     ] GC(702) Humongous regions: 96->0
[208.610s][info][gc,metaspace] GC(702) Metaspace: 29090K(29504K)->29090K(29504K) NonClass: 25530K(25728K)->25530K(25728K) Class: 3559K(3776K)->3559K(3776K)
[208.610s][info][gc          ] GC(702) Pause Young (Concurrent Start) (G1 Humongous Allocation) 210M->16M(254M) 2.661ms
[208.610s][info][gc,cpu      ] GC(702) User=0.01s Sys=0.00s Real=0.00s
[208.610s][info][gc          ] GC(703) Concurrent Undo Cycle
[208.610s][info][gc,marking  ] GC(703) Concurrent Cleanup for Next Mark
[208.610s][info][gc,marking  ] GC(703) Concurrent Cleanup for Next Mark 0.129ms
[208.610s][info][gc          ] GC(703) Concurrent Undo Cycle 0.276ms
[209.125s][info][gc,start    ] GC(704) Pause Young (Concurrent Start) (G1 Humongous Allocation)
[209.125s][info][gc,task     ] GC(704) Using 8 workers of 8 for evacuation
[209.128s][info][gc,phases   ] GC(704)   Pre Evacuate Collection Set: 0.4ms
[209.128s][info][gc,phases   ] GC(704)   Merge Heap Roots: 0.1ms
[209.128s][info][gc,phases   ] GC(704)   Evacuate Collection Set: 1.6ms
[209.128s][info][gc,phases   ] GC(704)   Post Evacuate Collection Set: 0.5ms
[209.128s][info][gc,phases   ] GC(704)   Other: 0.1ms
[209.128s][info][gc,heap     ] GC(704) Eden regions: 1->0(75)
[209.128s][info][gc,heap     ] GC(704) Survivor regions: 1->1(10)
[209.128s][info][gc,heap     ] GC(704) Old regions: 8->8
[209.128s][info][gc,heap     ] GC(704) Archive regions: 2->2
[209.128s][info][gc,heap     ] GC(704) Humongous regions: 96->0
[209.128s][info][gc,metaspace] GC(704) Metaspace: 29090K(29504K)->29090K(29504K) NonClass: 25530K(25728K)->25530K(25728K) Class: 3559K(3776K)->3559K(3776K)
[209.128s][info][gc          ] GC(704) Pause Young (Concurrent Start) (G1 Humongous Allocation) 210M->16M(254M) 3.270ms
[209.128s][info][gc,cpu      ] GC(704) User=0.01s Sys=0.00s Real=0.00s
[209.128s][info][gc          ] GC(705) Concurrent Undo Cycle
[209.128s][info][gc,marking  ] GC(705) Concurrent Cleanup for Next Mark
[209.128s][info][gc,marking  ] GC(705) Concurrent Cleanup for Next Mark 0.115ms
[209.128s][info][gc          ] GC(705) Concurrent Undo Cycle 0.327ms
[209.643s][info][gc,start    ] GC(706) Pause Young (Concurrent Start) (G1 Humongous Allocation)
[209.643s][info][gc,task     ] GC(706) Using 8 workers of 8 for evacuation
[209.645s][info][gc,phases   ] GC(706)   Pre Evacuate Collection Set: 0.3ms
[209.645s][info][gc,phases   ] GC(706)   Merge Heap Roots: 0.1ms
[209.645s][info][gc,phases   ] GC(706)   Evacuate Collection Set: 0.8ms
[209.645s][info][gc,phases   ] GC(706)   Post Evacuate Collection Set: 0.6ms
[209.645s][info][gc,phases   ] GC(706)   Other: 0.1ms
[209.645s][info][gc,heap     ] GC(706) Eden regions: 1->0(75)
[209.645s][info][gc,heap     ] GC(706) Survivor regions: 1->1(10)
[209.645s][info][gc,heap     ] GC(706) Old regions: 8->8
[209.645s][info][gc,heap     ] GC(706) Archive regions: 2->2
[209.645s][info][gc,heap     ] GC(706) Humongous regions: 96->0
[209.645s][info][gc,metaspace] GC(706) Metaspace: 29090K(29504K)->29090K(29504K) NonClass: 25530K(25728K)->25530K(25728K) Class: 3559K(3776K)->3559K(3776K)
[209.645s][info][gc          ] GC(706) Pause Young (Concurrent Start) (G1 Humongous Allocation) 210M->16M(254M) 2.384ms
[209.645s][info][gc,cpu      ] GC(706) User=0.01s Sys=0.01s Real=0.00s
[209.645s][info][gc          ] GC(707) Concurrent Undo Cycle
[209.646s][info][gc,marking  ] GC(707) Concurrent Cleanup for Next Mark
[209.646s][info][gc,marking  ] GC(707) Concurrent Cleanup for Next Mark 0.180ms
[209.646s][info][gc          ] GC(707) Concurrent Undo Cycle 0.369ms
[210.164s][info][gc,start    ] GC(708) Pause Young (Concurrent Start) (G1 Humongous Allocation)
[210.164s][info][gc,task     ] GC(708) Using 8 workers of 8 for evacuation
[210.167s][info][gc,phases   ] GC(708)   Pre Evacuate Collection Set: 0.4ms
[210.168s][info][gc,phases   ] GC(708)   Merge Heap Roots: 0.2ms
[210.168s][info][gc,phases   ] GC(708)   Evacuate Collection Set: 1.4ms
[210.168s][info][gc,phases   ] GC(708)   Post Evacuate Collection Set: 1.0ms
[210.168s][info][gc,phases   ] GC(708)   Other: 0.2ms
[210.168s][info][gc,heap     ] GC(708) Eden regions: 1->0(75)
[210.168s][info][gc,heap     ] GC(708) Survivor regions: 1->1(10)
[210.168s][info][gc,heap     ] GC(708) Old regions: 8->8
[210.168s][info][gc,heap     ] GC(708) Archive regions: 2->2
[210.169s][info][gc,heap     ] GC(708) Humongous regions: 96->0
[210.169s][info][gc,metaspace] GC(708) Metaspace: 29090K(29504K)->29090K(29504K) NonClass: 25530K(25728K)->25530K(25728K) Class: 3559K(3776K)->3559K(3776K)
[210.169s][info][gc          ] GC(708) Pause Young (Concurrent Start) (G1 Humongous Allocation) 210M->16M(254M) 4.601ms
[210.169s][info][gc,cpu      ] GC(708) User=0.01s Sys=0.00s Real=0.00s
[210.169s][info][gc          ] GC(709) Concurrent Undo Cycle
[210.169s][info][gc,marking  ] GC(709) Concurrent Cleanup for Next Mark
[210.169s][info][gc,marking  ] GC(709) Concurrent Cleanup for Next Mark 0.179ms
[210.169s][info][gc          ] GC(709) Concurrent Undo Cycle 0.481ms
[210.689s][info][gc,start    ] GC(710) Pause Young (Concurrent Start) (G1 Humongous Allocation)
[210.689s][info][gc,task     ] GC(710) Using 8 workers of 8 for evacuation
[210.691s][info][gc,phases   ] GC(710)   Pre Evacuate Collection Set: 0.3ms
[210.691s][info][gc,phases   ] GC(710)   Merge Heap Roots: 0.1ms
[210.691s][info][gc,phases   ] GC(710)   Evacuate Collection Set: 0.8ms
[210.691s][info][gc,phases   ] GC(710)   Post Evacuate Collection Set: 0.6ms
[210.691s][info][gc,phases   ] GC(710)   Other: 0.1ms
[210.691s][info][gc,heap     ] GC(710) Eden regions: 1->0(75)
[210.691s][info][gc,heap     ] GC(710) Survivor regions: 1->1(10)
[210.691s][info][gc,heap     ] GC(710) Old regions: 8->8
[210.691s][info][gc,heap     ] GC(710) Archive regions: 2->2
[210.691s][info][gc,heap     ] GC(710) Humongous regions: 96->0
[210.691s][info][gc,metaspace] GC(710) Metaspace: 29090K(29504K)->29090K(29504K) NonClass: 25530K(25728K)->25530K(25728K) Class: 3559K(3776K)->3559K(3776K)
[210.691s][info][gc          ] GC(710) Pause Young (Concurrent Start) (G1 Humongous Allocation) 210M->16M(254M) 2.387ms
[210.691s][info][gc,cpu      ] GC(710) User=0.00s Sys=0.00s Real=0.01s
[210.691s][info][gc          ] GC(711) Concurrent Undo Cycle
[210.691s][info][gc,marking  ] GC(711) Concurrent Cleanup for Next Mark
[210.691s][info][gc,marking  ] GC(711) Concurrent Cleanup for Next Mark 0.140ms
[210.692s][info][gc          ] GC(711) Concurrent Undo Cycle 0.279ms
[211.205s][info][gc,start    ] GC(712) Pause Young (Concurrent Start) (G1 Humongous Allocation)
[211.205s][info][gc,task     ] GC(712) Using 8 workers of 8 for evacuation
[211.206s][info][gc,phases   ] GC(712)   Pre Evacuate Collection Set: 0.2ms
[211.206s][info][gc,phases   ] GC(712)   Merge Heap Roots: 0.0ms
[211.206s][info][gc,phases   ] GC(712)   Evacuate Collection Set: 0.5ms
[211.206s][info][gc,phases   ] GC(712)   Post Evacuate Collection Set: 0.2ms
[211.207s][info][gc,phases   ] GC(712)   Other: 0.1ms
[211.207s][info][gc,heap     ] GC(712) Eden regions: 1->0(75)
[211.207s][info][gc,heap     ] GC(712) Survivor regions: 1->1(10)
[211.207s][info][gc,heap     ] GC(712) Old regions: 8->8
[211.207s][info][gc,heap     ] GC(712) Archive regions: 2->2
[211.207s][info][gc,heap     ] GC(712) Humongous regions: 96->0
[211.207s][info][gc,metaspace] GC(712) Metaspace: 29090K(29504K)->29090K(29504K) NonClass: 25530K(25728K)->25530K(25728K) Class: 3559K(3776K)->3559K(3776K)
[211.207s][info][gc          ] GC(712) Pause Young (Concurrent Start) (G1 Humongous Allocation) 210M->16M(254M) 1.326ms
[211.207s][info][gc          ] GC(713) Concurrent Undo Cycle
[211.207s][info][gc,cpu      ] GC(712) User=0.00s Sys=0.00s Real=0.00s
[211.207s][info][gc,marking  ] GC(713) Concurrent Cleanup for Next Mark
[211.207s][info][gc,marking  ] GC(713) Concurrent Cleanup for Next Mark 0.088ms
[211.207s][info][gc          ] GC(713) Concurrent Undo Cycle 0.168ms
[211.715s][info][gc,start    ] GC(714) Pause Young (Concurrent Start) (G1 Humongous Allocation)
[211.715s][info][gc,task     ] GC(714) Using 8 workers of 8 for evacuation
[211.716s][info][gc,phases   ] GC(714)   Pre Evacuate Collection Set: 0.2ms
[211.716s][info][gc,phases   ] GC(714)   Merge Heap Roots: 0.0ms
[211.716s][info][gc,phases   ] GC(714)   Evacuate Collection Set: 0.5ms
[211.716s][info][gc,phases   ] GC(714)   Post Evacuate Collection Set: 0.5ms
[211.716s][info][gc,phases   ] GC(714)   Other: 0.1ms
[211.716s][info][gc,heap     ] GC(714) Eden regions: 1->0(75)
[211.716s][info][gc,heap     ] GC(714) Survivor regions: 1->1(10)
[211.716s][info][gc,heap     ] GC(714) Old regions: 8->8
[211.716s][info][gc,heap     ] GC(714) Archive regions: 2->2
[211.716s][info][gc,heap     ] GC(714) Humongous regions: 96->0
[211.716s][info][gc,metaspace] GC(714) Metaspace: 29090K(29504K)->29090K(29504K) NonClass: 25530K(25728K)->25530K(25728K) Class: 3559K(3776K)->3559K(3776K)
[211.716s][info][gc          ] GC(714) Pause Young (Concurrent Start) (G1 Humongous Allocation) 210M->16M(254M) 1.585ms
[211.716s][info][gc,cpu      ] GC(714) User=0.00s Sys=0.00s Real=0.00s
[211.716s][info][gc          ] GC(715) Concurrent Undo Cycle
[211.716s][info][gc,marking  ] GC(715) Concurrent Cleanup for Next Mark
[211.716s][info][gc,marking  ] GC(715) Concurrent Cleanup for Next Mark 0.063ms
[211.716s][info][gc          ] GC(715) Concurrent Undo Cycle 0.146ms
[212.226s][info][gc,start    ] GC(716) Pause Young (Concurrent Start) (G1 Humongous Allocation)
[212.227s][info][gc,task     ] GC(716) Using 8 workers of 8 for evacuation
[212.229s][info][gc,phases   ] GC(716)   Pre Evacuate Collection Set: 0.4ms
[212.229s][info][gc,phases   ] GC(716)   Merge Heap Roots: 0.1ms
[212.229s][info][gc,phases   ] GC(716)   Evacuate Collection Set: 0.7ms
[212.229s][info][gc,phases   ] GC(716)   Post Evacuate Collection Set: 0.3ms
[212.229s][info][gc,phases   ] GC(716)   Other: 0.4ms
[212.229s][info][gc,heap     ] GC(716) Eden regions: 1->0(75)
[212.229s][info][gc,heap     ] GC(716) Survivor regions: 1->1(10)
[212.229s][info][gc,heap     ] GC(716) Old regions: 8->8
[212.229s][info][gc,heap     ] GC(716) Archive regions: 2->2
[212.229s][info][gc,heap     ] GC(716) Humongous regions: 96->0
[212.229s][info][gc,metaspace] GC(716) Metaspace: 29090K(29504K)->29090K(29504K) NonClass: 25530K(25728K)->25530K(25728K) Class: 3559K(3776K)->3559K(3776K)
[212.229s][info][gc          ] GC(716) Pause Young (Concurrent Start) (G1 Humongous Allocation) 210M->16M(254M) 2.404ms
[212.229s][info][gc          ] GC(717) Concurrent Undo Cycle
[212.229s][info][gc,cpu      ] GC(716) User=0.00s Sys=0.00s Real=0.00s
[212.229s][info][gc,marking  ] GC(717) Concurrent Cleanup for Next Mark
[212.229s][info][gc,marking  ] GC(717) Concurrent Cleanup for Next Mark 0.056ms
[212.229s][info][gc          ] GC(717) Concurrent Undo Cycle 0.109ms
[212.740s][info][gc,start    ] GC(718) Pause Young (Concurrent Start) (G1 Humongous Allocation)
[212.740s][info][gc,task     ] GC(718) Using 8 workers of 8 for evacuation
[212.741s][info][gc,phases   ] GC(718)   Pre Evacuate Collection Set: 0.1ms
[212.741s][info][gc,phases   ] GC(718)   Merge Heap Roots: 0.1ms
[212.741s][info][gc,phases   ] GC(718)   Evacuate Collection Set: 0.6ms
[212.741s][info][gc,phases   ] GC(718)   Post Evacuate Collection Set: 0.3ms
[212.741s][info][gc,phases   ] GC(718)   Other: 0.1ms
[212.741s][info][gc,heap     ] GC(718) Eden regions: 1->0(75)
[212.741s][info][gc,heap     ] GC(718) Survivor regions: 1->1(10)
[212.741s][info][gc,heap     ] GC(718) Old regions: 8->8
[212.741s][info][gc,heap     ] GC(718) Archive regions: 2->2
[212.741s][info][gc,heap     ] GC(718) Humongous regions: 96->0
[212.741s][info][gc,metaspace] GC(718) Metaspace: 29090K(29504K)->29090K(29504K) NonClass: 25530K(25728K)->25530K(25728K) Class: 3559K(3776K)->3559K(3776K)
[212.741s][info][gc          ] GC(718) Pause Young (Concurrent Start) (G1 Humongous Allocation) 210M->16M(254M) 1.554ms
[212.741s][info][gc          ] GC(719) Concurrent Undo Cycle
[212.741s][info][gc,cpu      ] GC(718) User=0.00s Sys=0.00s Real=0.01s
[212.741s][info][gc,marking  ] GC(719) Concurrent Cleanup for Next Mark
[212.742s][info][gc,marking  ] GC(719) Concurrent Cleanup for Next Mark 0.071ms
[212.742s][info][gc          ] GC(719) Concurrent Undo Cycle 0.155ms
[213.251s][info][gc,start    ] GC(720) Pause Young (Concurrent Start) (G1 Humongous Allocation)
[213.251s][info][gc,task     ] GC(720) Using 8 workers of 8 for evacuation
[213.252s][info][gc,phases   ] GC(720)   Pre Evacuate Collection Set: 0.1ms
[213.252s][info][gc,phases   ] GC(720)   Merge Heap Roots: 0.0ms
[213.252s][info][gc,phases   ] GC(720)   Evacuate Collection Set: 0.5ms
[213.252s][info][gc,phases   ] GC(720)   Post Evacuate Collection Set: 0.3ms
[213.252s][info][gc,phases   ] GC(720)   Other: 0.1ms
[213.252s][info][gc,heap     ] GC(720) Eden regions: 1->0(75)
[213.252s][info][gc,heap     ] GC(720) Survivor regions: 1->1(10)
[213.253s][info][gc,heap     ] GC(720) Old regions: 8->8
[213.253s][info][gc,heap     ] GC(720) Archive regions: 2->2
[213.253s][info][gc,heap     ] GC(720) Humongous regions: 96->0
[213.253s][info][gc,metaspace] GC(720) Metaspace: 29090K(29504K)->29090K(29504K) NonClass: 25530K(25728K)->25530K(25728K) Class: 3559K(3776K)->3559K(3776K)
[213.253s][info][gc          ] GC(720) Pause Young (Concurrent Start) (G1 Humongous Allocation) 210M->16M(254M) 1.285ms
[213.253s][info][gc          ] GC(721) Concurrent Undo Cycle
[213.253s][info][gc,cpu      ] GC(720) User=0.00s Sys=0.00s Real=0.00s
[213.253s][info][gc,marking  ] GC(721) Concurrent Cleanup for Next Mark
[213.253s][info][gc,marking  ] GC(721) Concurrent Cleanup for Next Mark 0.190ms
[213.253s][info][gc          ] GC(721) Concurrent Undo Cycle 0.361ms
[213.764s][info][gc,start    ] GC(722) Pause Young (Concurrent Start) (G1 Humongous Allocation)
[213.764s][info][gc,task     ] GC(722) Using 8 workers of 8 for evacuation
[213.767s][info][gc,phases   ] GC(722)   Pre Evacuate Collection Set: 0.2ms
[213.767s][info][gc,phases   ] GC(722)   Merge Heap Roots: 0.1ms
[213.767s][info][gc,phases   ] GC(722)   Evacuate Collection Set: 1.5ms
[213.767s][info][gc,phases   ] GC(722)   Post Evacuate Collection Set: 0.8ms
[213.767s][info][gc,phases   ] GC(722)   Other: 0.1ms
[213.767s][info][gc,heap     ] GC(722) Eden regions: 1->0(75)
[213.767s][info][gc,heap     ] GC(722) Survivor regions: 1->1(10)
[213.767s][info][gc,heap     ] GC(722) Old regions: 8->8
[213.767s][info][gc,heap     ] GC(722) Archive regions: 2->2
[213.767s][info][gc,heap     ] GC(722) Humongous regions: 96->0
[213.767s][info][gc,metaspace] GC(722) Metaspace: 29090K(29504K)->29090K(29504K) NonClass: 25530K(25728K)->25530K(25728K) Class: 3559K(3776K)->3559K(3776K)
[213.768s][info][gc          ] GC(722) Pause Young (Concurrent Start) (G1 Humongous Allocation) 210M->16M(254M) 3.298ms
[213.768s][info][gc          ] GC(723) Concurrent Undo Cycle
[213.768s][info][gc,cpu      ] GC(722) User=0.00s Sys=0.00s Real=0.00s
[213.768s][info][gc,marking  ] GC(723) Concurrent Cleanup for Next Mark
[213.768s][info][gc,marking  ] GC(723) Concurrent Cleanup for Next Mark 0.153ms
[213.768s][info][gc          ] GC(723) Concurrent Undo Cycle 0.314ms
[214.286s][info][gc,start    ] GC(724) Pause Young (Concurrent Start) (G1 Humongous Allocation)
[214.287s][info][gc,task     ] GC(724) Using 8 workers of 8 for evacuation
[214.289s][info][gc,phases   ] GC(724)   Pre Evacuate Collection Set: 0.3ms
[214.289s][info][gc,phases   ] GC(724)   Merge Heap Roots: 0.1ms
[214.289s][info][gc,phases   ] GC(724)   Evacuate Collection Set: 1.2ms
[214.289s][info][gc,phases   ] GC(724)   Post Evacuate Collection Set: 0.6ms
[214.289s][info][gc,phases   ] GC(724)   Other: 0.1ms
[214.289s][info][gc,heap     ] GC(724) Eden regions: 1->0(75)
[214.289s][info][gc,heap     ] GC(724) Survivor regions: 1->1(10)
[214.289s][info][gc,heap     ] GC(724) Old regions: 8->8
[214.289s][info][gc,heap     ] GC(724) Archive regions: 2->2
[214.289s][info][gc,heap     ] GC(724) Humongous regions: 96->0
[214.289s][info][gc,metaspace] GC(724) Metaspace: 29090K(29504K)->29090K(29504K) NonClass: 25530K(25728K)->25530K(25728K) Class: 3559K(3776K)->3559K(3776K)
[214.289s][info][gc          ] GC(724) Pause Young (Concurrent Start) (G1 Humongous Allocation) 210M->16M(254M) 2.758ms
[214.289s][info][gc          ] GC(725) Concurrent Undo Cycle
[214.289s][info][gc,cpu      ] GC(724) User=0.00s Sys=0.00s Real=0.00s
[214.289s][info][gc,marking  ] GC(725) Concurrent Cleanup for Next Mark
[214.289s][info][gc,marking  ] GC(725) Concurrent Cleanup for Next Mark 0.112ms
[214.289s][info][gc          ] GC(725) Concurrent Undo Cycle 0.242ms
[214.801s][info][gc,start    ] GC(726) Pause Young (Concurrent Start) (G1 Humongous Allocation)
[214.801s][info][gc,task     ] GC(726) Using 8 workers of 8 for evacuation
[214.803s][info][gc,phases   ] GC(726)   Pre Evacuate Collection Set: 0.4ms
[214.803s][info][gc,phases   ] GC(726)   Merge Heap Roots: 0.1ms
[214.803s][info][gc,phases   ] GC(726)   Evacuate Collection Set: 0.8ms
[214.803s][info][gc,phases   ] GC(726)   Post Evacuate Collection Set: 0.6ms
[214.803s][info][gc,phases   ] GC(726)   Other: 0.2ms
[214.803s][info][gc,heap     ] GC(726) Eden regions: 1->0(75)
[214.803s][info][gc,heap     ] GC(726) Survivor regions: 1->1(10)
[214.803s][info][gc,heap     ] GC(726) Old regions: 8->8
[214.803s][info][gc,heap     ] GC(726) Archive regions: 2->2
[214.803s][info][gc,heap     ] GC(726) Humongous regions: 96->0
[214.803s][info][gc,metaspace] GC(726) Metaspace: 29090K(29504K)->29090K(29504K) NonClass: 25530K(25728K)->25530K(25728K) Class: 3559K(3776K)->3559K(3776K)
[214.803s][info][gc          ] GC(726) Pause Young (Concurrent Start) (G1 Humongous Allocation) 210M->16M(254M) 2.682ms
[214.803s][info][gc,cpu      ] GC(726) User=0.00s Sys=0.00s Real=0.01s
[214.803s][info][gc          ] GC(727) Concurrent Undo Cycle
[214.804s][info][gc,marking  ] GC(727) Concurrent Cleanup for Next Mark
[214.804s][info][gc,marking  ] GC(727) Concurrent Cleanup for Next Mark 0.145ms
[214.804s][info][gc          ] GC(727) Concurrent Undo Cycle 0.311ms
[215.323s][info][gc,start    ] GC(728) Pause Young (Concurrent Start) (G1 Humongous Allocation)
[215.323s][info][gc,task     ] GC(728) Using 8 workers of 8 for evacuation
[215.326s][info][gc,phases   ] GC(728)   Pre Evacuate Collection Set: 0.4ms
[215.326s][info][gc,phases   ] GC(728)   Merge Heap Roots: 0.2ms
[215.326s][info][gc,phases   ] GC(728)   Evacuate Collection Set: 1.2ms
[215.326s][info][gc,phases   ] GC(728)   Post Evacuate Collection Set: 0.9ms
[215.326s][info][gc,phases   ] GC(728)   Other: 0.2ms
[215.326s][info][gc,heap     ] GC(728) Eden regions: 1->0(75)
[215.326s][info][gc,heap     ] GC(728) Survivor regions: 1->1(10)
[215.326s][info][gc,heap     ] GC(728) Old regions: 8->8
[215.326s][info][gc,heap     ] GC(728) Archive regions: 2->2
[215.326s][info][gc,heap     ] GC(728) Humongous regions: 96->0
[215.327s][info][gc,metaspace] GC(728) Metaspace: 29090K(29504K)->29090K(29504K) NonClass: 25530K(25728K)->25530K(25728K) Class: 3559K(3776K)->3559K(3776K)
[215.327s][info][gc          ] GC(728) Pause Young (Concurrent Start) (G1 Humongous Allocation) 210M->16M(254M) 3.515ms
[215.327s][info][gc,cpu      ] GC(728) User=0.01s Sys=0.01s Real=0.00s
[215.327s][info][gc          ] GC(729) Concurrent Undo Cycle
[215.327s][info][gc,marking  ] GC(729) Concurrent Cleanup for Next Mark
[215.327s][info][gc,marking  ] GC(729) Concurrent Cleanup for Next Mark 0.235ms
[215.327s][info][gc          ] GC(729) Concurrent Undo Cycle 0.432ms
[215.848s][info][gc,start    ] GC(730) Pause Young (Concurrent Start) (G1 Humongous Allocation)
[215.848s][info][gc,task     ] GC(730) Using 8 workers of 8 for evacuation
[215.851s][info][gc,phases   ] GC(730)   Pre Evacuate Collection Set: 0.4ms
[215.851s][info][gc,phases   ] GC(730)   Merge Heap Roots: 0.2ms
[215.851s][info][gc,phases   ] GC(730)   Evacuate Collection Set: 1.2ms
[215.851s][info][gc,phases   ] GC(730)   Post Evacuate Collection Set: 0.5ms
[215.851s][info][gc,phases   ] GC(730)   Other: 0.2ms
[215.851s][info][gc,heap     ] GC(730) Eden regions: 1->0(75)
[215.851s][info][gc,heap     ] GC(730) Survivor regions: 1->1(10)
[215.851s][info][gc,heap     ] GC(730) Old regions: 8->8
[215.851s][info][gc,heap     ] GC(730) Archive regions: 2->2
[215.851s][info][gc,heap     ] GC(730) Humongous regions: 96->0
[215.851s][info][gc,metaspace] GC(730) Metaspace: 29090K(29504K)->29090K(29504K) NonClass: 25530K(25728K)->25530K(25728K) Class: 3559K(3776K)->3559K(3776K)
[215.851s][info][gc          ] GC(730) Pause Young (Concurrent Start) (G1 Humongous Allocation) 210M->16M(254M) 3.029ms
[215.851s][info][gc,cpu      ] GC(730) User=0.01s Sys=0.00s Real=0.01s
[215.851s][info][gc          ] GC(731) Concurrent Undo Cycle
[215.851s][info][gc,marking  ] GC(731) Concurrent Cleanup for Next Mark
[215.852s][info][gc,marking  ] GC(731) Concurrent Cleanup for Next Mark 0.103ms
[215.852s][info][gc          ] GC(731) Concurrent Undo Cycle 0.217ms
[216.372s][info][gc,start    ] GC(732) Pause Young (Concurrent Start) (G1 Humongous Allocation)
[216.373s][info][gc,task     ] GC(732) Using 8 workers of 8 for evacuation
[216.373s][info][gc,phases   ] GC(732)   Pre Evacuate Collection Set: 0.1ms
[216.374s][info][gc,phases   ] GC(732)   Merge Heap Roots: 0.0ms
[216.374s][info][gc,phases   ] GC(732)   Evacuate Collection Set: 0.5ms
[216.374s][info][gc,phases   ] GC(732)   Post Evacuate Collection Set: 0.2ms
[216.374s][info][gc,phases   ] GC(732)   Other: 0.1ms
[216.374s][info][gc,heap     ] GC(732) Eden regions: 2->0(75)
[216.374s][info][gc,heap     ] GC(732) Survivor regions: 1->1(10)
[216.374s][info][gc,heap     ] GC(732) Old regions: 8->8
[216.374s][info][gc,heap     ] GC(732) Archive regions: 2->2
[216.374s][info][gc,heap     ] GC(732) Humongous regions: 96->0
[216.374s][info][gc,metaspace] GC(732) Metaspace: 29090K(29504K)->29090K(29504K) NonClass: 25530K(25728K)->25530K(25728K) Class: 3559K(3776K)->3559K(3776K)
[216.374s][info][gc          ] GC(732) Pause Young (Concurrent Start) (G1 Humongous Allocation) 210M->16M(254M) 1.337ms
[216.374s][info][gc          ] GC(733) Concurrent Undo Cycle
[216.374s][info][gc,cpu      ] GC(732) User=0.00s Sys=0.00s Real=0.00s
[216.374s][info][gc,marking  ] GC(733) Concurrent Cleanup for Next Mark
[216.374s][info][gc,marking  ] GC(733) Concurrent Cleanup for Next Mark 0.074ms
[216.374s][info][gc          ] GC(733) Concurrent Undo Cycle 0.135ms
[216.889s][info][gc,start    ] GC(734) Pause Young (Concurrent Start) (G1 Humongous Allocation)
[216.889s][info][gc,task     ] GC(734) Using 8 workers of 8 for evacuation
[216.890s][info][gc,phases   ] GC(734)   Pre Evacuate Collection Set: 0.1ms
[216.890s][info][gc,phases   ] GC(734)   Merge Heap Roots: 0.0ms
[216.890s][info][gc,phases   ] GC(734)   Evacuate Collection Set: 0.4ms
[216.890s][info][gc,phases   ] GC(734)   Post Evacuate Collection Set: 0.2ms
[216.890s][info][gc,phases   ] GC(734)   Other: 0.1ms
[216.890s][info][gc,heap     ] GC(734) Eden regions: 2->0(75)
[216.890s][info][gc,heap     ] GC(734) Survivor regions: 1->1(10)
[216.890s][info][gc,heap     ] GC(734) Old regions: 8->8
[216.890s][info][gc,heap     ] GC(734) Archive regions: 2->2
[216.890s][info][gc,heap     ] GC(734) Humongous regions: 96->0
[216.890s][info][gc,metaspace] GC(734) Metaspace: 29090K(29504K)->29090K(29504K) NonClass: 25530K(25728K)->25530K(25728K) Class: 3559K(3776K)->3559K(3776K)
[216.890s][info][gc          ] GC(734) Pause Young (Concurrent Start) (G1 Humongous Allocation) 210M->16M(254M) 1.068ms
[216.890s][info][gc          ] GC(735) Concurrent Undo Cycle
[216.890s][info][gc,cpu      ] GC(734) User=0.00s Sys=0.01s Real=0.00s
[216.890s][info][gc,marking  ] GC(735) Concurrent Cleanup for Next Mark
[216.890s][info][gc,marking  ] GC(735) Concurrent Cleanup for Next Mark 0.056ms
[216.890s][info][gc          ] GC(735) Concurrent Undo Cycle 0.116ms
[217.398s][info][gc,start    ] GC(736) Pause Young (Concurrent Start) (G1 Humongous Allocation)
[217.398s][info][gc,task     ] GC(736) Using 8 workers of 8 for evacuation
[217.399s][info][gc,phases   ] GC(736)   Pre Evacuate Collection Set: 0.1ms
[217.399s][info][gc,phases   ] GC(736)   Merge Heap Roots: 0.1ms
[217.399s][info][gc,phases   ] GC(736)   Evacuate Collection Set: 0.5ms
[217.399s][info][gc,phases   ] GC(736)   Post Evacuate Collection Set: 0.2ms
[217.399s][info][gc,phases   ] GC(736)   Other: 0.1ms
[217.399s][info][gc,heap     ] GC(736) Eden regions: 2->0(75)
[217.399s][info][gc,heap     ] GC(736) Survivor regions: 1->1(10)
[217.399s][info][gc,heap     ] GC(736) Old regions: 8->8
[217.399s][info][gc,heap     ] GC(736) Archive regions: 2->2
[217.399s][info][gc,heap     ] GC(736) Humongous regions: 96->0
[217.399s][info][gc,metaspace] GC(736) Metaspace: 29090K(29504K)->29090K(29504K) NonClass: 25530K(25728K)->25530K(25728K) Class: 3559K(3776K)->3559K(3776K)
[217.399s][info][gc          ] GC(736) Pause Young (Concurrent Start) (G1 Humongous Allocation) 210M->16M(254M) 1.176ms
[217.399s][info][gc          ] GC(737) Concurrent Undo Cycle
[217.399s][info][gc,cpu      ] GC(736) User=0.00s Sys=0.00s Real=0.00s
[217.399s][info][gc,marking  ] GC(737) Concurrent Cleanup for Next Mark
[217.399s][info][gc,marking  ] GC(737) Concurrent Cleanup for Next Mark 0.050ms
[217.399s][info][gc          ] GC(737) Concurrent Undo Cycle 0.099ms
[217.911s][info][gc,start    ] GC(738) Pause Young (Concurrent Start) (G1 Humongous Allocation)
[217.911s][info][gc,task     ] GC(738) Using 8 workers of 8 for evacuation
[217.913s][info][gc,phases   ] GC(738)   Pre Evacuate Collection Set: 0.4ms
[217.914s][info][gc,phases   ] GC(738)   Merge Heap Roots: 0.2ms
[217.914s][info][gc,phases   ] GC(738)   Evacuate Collection Set: 1.2ms
[217.914s][info][gc,phases   ] GC(738)   Post Evacuate Collection Set: 0.8ms
[217.914s][info][gc,phases   ] GC(738)   Other: 0.2ms
[217.914s][info][gc,heap     ] GC(738) Eden regions: 1->0(75)
[217.914s][info][gc,heap     ] GC(738) Survivor regions: 1->1(10)
[217.914s][info][gc,heap     ] GC(738) Old regions: 8->8
[217.914s][info][gc,heap     ] GC(738) Archive regions: 2->2
[217.914s][info][gc,heap     ] GC(738) Humongous regions: 96->0
[217.914s][info][gc,metaspace] GC(738) Metaspace: 29090K(29504K)->29090K(29504K) NonClass: 25530K(25728K)->25530K(25728K) Class: 3559K(3776K)->3559K(3776K)
[217.914s][info][gc          ] GC(738) Pause Young (Concurrent Start) (G1 Humongous Allocation) 209M->16M(254M) 3.409ms
[217.914s][info][gc,cpu      ] GC(738) User=0.01s Sys=0.00s Real=0.01s
[217.914s][info][gc          ] GC(739) Concurrent Undo Cycle
[217.914s][info][gc,marking  ] GC(739) Concurrent Cleanup for Next Mark
[217.914s][info][gc,marking  ] GC(739) Concurrent Cleanup for Next Mark 0.185ms
[217.914s][info][gc          ] GC(739) Concurrent Undo Cycle 0.376ms
[218.434s][info][gc,start    ] GC(740) Pause Young (Concurrent Start) (G1 Humongous Allocation)
[218.434s][info][gc,task     ] GC(740) Using 8 workers of 8 for evacuation
[218.437s][info][gc,phases   ] GC(740)   Pre Evacuate Collection Set: 0.4ms
[218.437s][info][gc,phases   ] GC(740)   Merge Heap Roots: 0.2ms
[218.437s][info][gc,phases   ] GC(740)   Evacuate Collection Set: 1.2ms
[218.437s][info][gc,phases   ] GC(740)   Post Evacuate Collection Set: 0.8ms
[218.437s][info][gc,phases   ] GC(740)   Other: 0.3ms
[218.437s][info][gc,heap     ] GC(740) Eden regions: 2->0(75)
[218.437s][info][gc,heap     ] GC(740) Survivor regions: 1->1(10)
[218.437s][info][gc,heap     ] GC(740) Old regions: 8->8
[218.437s][info][gc,heap     ] GC(740) Archive regions: 2->2
[218.437s][info][gc,heap     ] GC(740) Humongous regions: 96->0
[218.437s][info][gc,metaspace] GC(740) Metaspace: 29090K(29504K)->29090K(29504K) NonClass: 25530K(25728K)->25530K(25728K) Class: 3559K(3776K)->3559K(3776K)
[218.437s][info][gc          ] GC(740) Pause Young (Concurrent Start) (G1 Humongous Allocation) 210M->16M(254M) 3.535ms
[218.437s][info][gc,cpu      ] GC(740) User=0.01s Sys=0.00s Real=0.00s
[218.437s][info][gc          ] GC(741) Concurrent Undo Cycle
[218.438s][info][gc,marking  ] GC(741) Concurrent Cleanup for Next Mark
[218.438s][info][gc,marking  ] GC(741) Concurrent Cleanup for Next Mark 0.175ms
[218.438s][info][gc          ] GC(741) Concurrent Undo Cycle 0.374ms
[218.959s][info][gc,start    ] GC(742) Pause Young (Concurrent Start) (G1 Humongous Allocation)
[218.959s][info][gc,task     ] GC(742) Using 8 workers of 8 for evacuation
[218.960s][info][gc,phases   ] GC(742)   Pre Evacuate Collection Set: 0.2ms
[218.960s][info][gc,phases   ] GC(742)   Merge Heap Roots: 0.1ms
[218.960s][info][gc,phases   ] GC(742)   Evacuate Collection Set: 0.6ms
[218.960s][info][gc,phases   ] GC(742)   Post Evacuate Collection Set: 0.2ms
[218.960s][info][gc,phases   ] GC(742)   Other: 0.2ms
[218.961s][info][gc,heap     ] GC(742) Eden regions: 1->0(75)
[218.961s][info][gc,heap     ] GC(742) Survivor regions: 1->1(10)
[218.961s][info][gc,heap     ] GC(742) Old regions: 8->8
[218.961s][info][gc,heap     ] GC(742) Archive regions: 2->2
[218.961s][info][gc,heap     ] GC(742) Humongous regions: 96->0
[218.961s][info][gc,metaspace] GC(742) Metaspace: 29090K(29504K)->29090K(29504K) NonClass: 25530K(25728K)->25530K(25728K) Class: 3559K(3776K)->3559K(3776K)
[218.961s][info][gc          ] GC(742) Pause Young (Concurrent Start) (G1 Humongous Allocation) 210M->16M(254M) 1.593ms
[218.961s][info][gc          ] GC(743) Concurrent Undo Cycle
[218.961s][info][gc,cpu      ] GC(742) User=0.00s Sys=0.00s Real=0.00s
[218.961s][info][gc,marking  ] GC(743) Concurrent Cleanup for Next Mark
[218.961s][info][gc,marking  ] GC(743) Concurrent Cleanup for Next Mark 0.055ms
[218.961s][info][gc          ] GC(743) Concurrent Undo Cycle 0.119ms
[219.473s][info][gc,start    ] GC(744) Pause Young (Concurrent Start) (G1 Humongous Allocation)
[219.473s][info][gc,task     ] GC(744) Using 8 workers of 8 for evacuation
[219.476s][info][gc,phases   ] GC(744)   Pre Evacuate Collection Set: 0.4ms
[219.476s][info][gc,phases   ] GC(744)   Merge Heap Roots: 0.2ms
[219.476s][info][gc,phases   ] GC(744)   Evacuate Collection Set: 1.2ms
[219.476s][info][gc,phases   ] GC(744)   Post Evacuate Collection Set: 0.8ms
[219.476s][info][gc,phases   ] GC(744)   Other: 0.2ms
[219.476s][info][gc,heap     ] GC(744) Eden regions: 1->0(75)
[219.476s][info][gc,heap     ] GC(744) Survivor regions: 1->1(10)
[219.476s][info][gc,heap     ] GC(744) Old regions: 8->8
[219.476s][info][gc,heap     ] GC(744) Archive regions: 2->2
[219.476s][info][gc,heap     ] GC(744) Humongous regions: 96->0
[219.476s][info][gc,metaspace] GC(744) Metaspace: 29090K(29504K)->29090K(29504K) NonClass: 25530K(25728K)->25530K(25728K) Class: 3559K(3776K)->3559K(3776K)
[219.476s][info][gc          ] GC(744) Pause Young (Concurrent Start) (G1 Humongous Allocation) 210M->16M(254M) 3.436ms
[219.476s][info][gc,cpu      ] GC(744) User=0.01s Sys=0.00s Real=0.00s
[219.476s][info][gc          ] GC(745) Concurrent Undo Cycle
[219.477s][info][gc,marking  ] GC(745) Concurrent Cleanup for Next Mark
[219.477s][info][gc,marking  ] GC(745) Concurrent Cleanup for Next Mark 0.185ms
[219.477s][info][gc          ] GC(745) Concurrent Undo Cycle 0.380ms
[219.998s][info][gc,start    ] GC(746) Pause Young (Concurrent Start) (G1 Humongous Allocation)
[219.998s][info][gc,task     ] GC(746) Using 8 workers of 8 for evacuation
[219.999s][info][gc,phases   ] GC(746)   Pre Evacuate Collection Set: 0.1ms
[219.999s][info][gc,phases   ] GC(746)   Merge Heap Roots: 0.0ms
[219.999s][info][gc,phases   ] GC(746)   Evacuate Collection Set: 0.5ms
[219.999s][info][gc,phases   ] GC(746)   Post Evacuate Collection Set: 0.2ms
[219.999s][info][gc,phases   ] GC(746)   Other: 0.0ms
[219.999s][info][gc,heap     ] GC(746) Eden regions: 1->0(75)
[219.999s][info][gc,heap     ] GC(746) Survivor regions: 1->1(10)
[219.999s][info][gc,heap     ] GC(746) Old regions: 8->8
[219.999s][info][gc,heap     ] GC(746) Archive regions: 2->2
[219.999s][info][gc,heap     ] GC(746) Humongous regions: 96->0
[219.999s][info][gc,metaspace] GC(746) Metaspace: 29090K(29504K)->29090K(29504K) NonClass: 25530K(25728K)->25530K(25728K) Class: 3559K(3776K)->3559K(3776K)
[219.999s][info][gc          ] GC(746) Pause Young (Concurrent Start) (G1 Humongous Allocation) 210M->16M(254M) 1.067ms
[219.999s][info][gc          ] GC(747) Concurrent Undo Cycle
[219.999s][info][gc,cpu      ] GC(746) User=0.00s Sys=0.00s Real=0.00s
[219.999s][info][gc,marking  ] GC(747) Concurrent Cleanup for Next Mark
[219.999s][info][gc,marking  ] GC(747) Concurrent Cleanup for Next Mark 0.043ms
[219.999s][info][gc          ] GC(747) Concurrent Undo Cycle 0.092ms
[220.514s][info][gc,start    ] GC(748) Pause Young (Concurrent Start) (G1 Humongous Allocation)
[220.514s][info][gc,task     ] GC(748) Using 8 workers of 8 for evacuation
[220.516s][info][gc,phases   ] GC(748)   Pre Evacuate Collection Set: 0.2ms
[220.516s][info][gc,phases   ] GC(748)   Merge Heap Roots: 0.1ms
[220.516s][info][gc,phases   ] GC(748)   Evacuate Collection Set: 0.9ms
[220.516s][info][gc,phases   ] GC(748)   Post Evacuate Collection Set: 0.3ms
[220.516s][info][gc,phases   ] GC(748)   Other: 0.1ms
[220.516s][info][gc,heap     ] GC(748) Eden regions: 1->0(75)
[220.516s][info][gc,heap     ] GC(748) Survivor regions: 1->1(10)
[220.516s][info][gc,heap     ] GC(748) Old regions: 8->8
[220.516s][info][gc,heap     ] GC(748) Archive regions: 2->2
[220.516s][info][gc,heap     ] GC(748) Humongous regions: 96->0
[220.516s][info][gc,metaspace] GC(748) Metaspace: 29090K(29504K)->29090K(29504K) NonClass: 25530K(25728K)->25530K(25728K) Class: 3559K(3776K)->3559K(3776K)
[220.516s][info][gc          ] GC(748) Pause Young (Concurrent Start) (G1 Humongous Allocation) 210M->16M(254M) 1.939ms
[220.516s][info][gc          ] GC(749) Concurrent Undo Cycle
[220.516s][info][gc,cpu      ] GC(748) User=0.00s Sys=0.01s Real=0.00s
[220.516s][info][gc,marking  ] GC(749) Concurrent Cleanup for Next Mark
[220.516s][info][gc,marking  ] GC(749) Concurrent Cleanup for Next Mark 0.088ms
[220.516s][info][gc          ] GC(749) Concurrent Undo Cycle 0.179ms
[221.029s][info][gc,start    ] GC(750) Pause Young (Concurrent Start) (G1 Humongous Allocation)
[221.029s][info][gc,task     ] GC(750) Using 8 workers of 8 for evacuation
[221.031s][info][gc,phases   ] GC(750)   Pre Evacuate Collection Set: 0.4ms
[221.031s][info][gc,phases   ] GC(750)   Merge Heap Roots: 0.2ms
[221.031s][info][gc,phases   ] GC(750)   Evacuate Collection Set: 1.4ms
[221.032s][info][gc,phases   ] GC(750)   Post Evacuate Collection Set: 0.6ms
[221.032s][info][gc,phases   ] GC(750)   Other: 0.1ms
[221.032s][info][gc,heap     ] GC(750) Eden regions: 1->0(75)
[221.032s][info][gc,heap     ] GC(750) Survivor regions: 1->1(10)
[221.032s][info][gc,heap     ] GC(750) Old regions: 8->8
[221.032s][info][gc,heap     ] GC(750) Archive regions: 2->2
[221.032s][info][gc,heap     ] GC(750) Humongous regions: 96->0
[221.032s][info][gc,metaspace] GC(750) Metaspace: 29090K(29504K)->29090K(29504K) NonClass: 25530K(25728K)->25530K(25728K) Class: 3559K(3776K)->3559K(3776K)
[221.032s][info][gc          ] GC(750) Pause Young (Concurrent Start) (G1 Humongous Allocation) 210M->16M(254M) 3.178ms
[221.032s][info][gc,cpu      ] GC(750) User=0.01s Sys=0.00s Real=0.01s
[221.032s][info][gc          ] GC(751) Concurrent Undo Cycle
[221.032s][info][gc,marking  ] GC(751) Concurrent Cleanup for Next Mark
[221.032s][info][gc,marking  ] GC(751) Concurrent Cleanup for Next Mark 0.154ms
[221.032s][info][gc          ] GC(751) Concurrent Undo Cycle 0.316ms
[221.548s][info][gc,start    ] GC(752) Pause Young (Concurrent Start) (G1 Humongous Allocation)
[221.548s][info][gc,task     ] GC(752) Using 8 workers of 8 for evacuation
[221.549s][info][gc,phases   ] GC(752)   Pre Evacuate Collection Set: 0.1ms
[221.549s][info][gc,phases   ] GC(752)   Merge Heap Roots: 0.0ms
[221.549s][info][gc,phases   ] GC(752)   Evacuate Collection Set: 0.6ms
[221.549s][info][gc,phases   ] GC(752)   Post Evacuate Collection Set: 0.3ms
[221.549s][info][gc,phases   ] GC(752)   Other: 0.1ms
[221.549s][info][gc,heap     ] GC(752) Eden regions: 1->0(75)
[221.549s][info][gc,heap     ] GC(752) Survivor regions: 1->1(10)
[221.549s][info][gc,heap     ] GC(752) Old regions: 8->8
[221.549s][info][gc,heap     ] GC(752) Archive regions: 2->2
[221.549s][info][gc,heap     ] GC(752) Humongous regions: 96->0
[221.549s][info][gc,metaspace] GC(752) Metaspace: 29090K(29504K)->29090K(29504K) NonClass: 25530K(25728K)->25530K(25728K) Class: 3559K(3776K)->3559K(3776K)
[221.549s][info][gc          ] GC(752) Pause Young (Concurrent Start) (G1 Humongous Allocation) 210M->16M(254M) 1.282ms
[221.549s][info][gc,cpu      ] GC(752) User=0.01s Sys=0.00s Real=0.00s
[221.549s][info][gc          ] GC(753) Concurrent Undo Cycle
[221.549s][info][gc,marking  ] GC(753) Concurrent Cleanup for Next Mark
[221.549s][info][gc,marking  ] GC(753) Concurrent Cleanup for Next Mark 0.054ms
[221.549s][info][gc          ] GC(753) Concurrent Undo Cycle 0.120ms
[222.058s][info][gc,start    ] GC(754) Pause Young (Concurrent Start) (G1 Humongous Allocation)
[222.058s][info][gc,task     ] GC(754) Using 8 workers of 8 for evacuation
[222.059s][info][gc,phases   ] GC(754)   Pre Evacuate Collection Set: 0.1ms
[222.059s][info][gc,phases   ] GC(754)   Merge Heap Roots: 0.0ms
[222.059s][info][gc,phases   ] GC(754)   Evacuate Collection Set: 0.6ms
[222.059s][info][gc,phases   ] GC(754)   Post Evacuate Collection Set: 0.2ms
[222.059s][info][gc,phases   ] GC(754)   Other: 0.1ms
[222.059s][info][gc,heap     ] GC(754) Eden regions: 1->0(75)
[222.059s][info][gc,heap     ] GC(754) Survivor regions: 1->1(10)
[222.059s][info][gc,heap     ] GC(754) Old regions: 8->8
[222.059s][info][gc,heap     ] GC(754) Archive regions: 2->2
[222.059s][info][gc,heap     ] GC(754) Humongous regions: 96->0
[222.059s][info][gc,metaspace] GC(754) Metaspace: 29090K(29504K)->29090K(29504K) NonClass: 25530K(25728K)->25530K(25728K) Class: 3559K(3776K)->3559K(3776K)
[222.059s][info][gc          ] GC(754) Pause Young (Concurrent Start) (G1 Humongous Allocation) 210M->16M(254M) 1.470ms
[222.059s][info][gc          ] GC(755) Concurrent Undo Cycle
[222.059s][info][gc,cpu      ] GC(754) User=0.01s Sys=0.00s Real=0.00s
[222.059s][info][gc,marking  ] GC(755) Concurrent Cleanup for Next Mark
[222.060s][info][gc,marking  ] GC(755) Concurrent Cleanup for Next Mark 0.100ms
[222.060s][info][gc          ] GC(755) Concurrent Undo Cycle 0.167ms
[222.573s][info][gc,start    ] GC(756) Pause Young (Concurrent Start) (G1 Humongous Allocation)
[222.573s][info][gc,task     ] GC(756) Using 8 workers of 8 for evacuation
[222.574s][info][gc,phases   ] GC(756)   Pre Evacuate Collection Set: 0.1ms
[222.574s][info][gc,phases   ] GC(756)   Merge Heap Roots: 0.0ms
[222.574s][info][gc,phases   ] GC(756)   Evacuate Collection Set: 0.6ms
[222.574s][info][gc,phases   ] GC(756)   Post Evacuate Collection Set: 0.2ms
[222.574s][info][gc,phases   ] GC(756)   Other: 0.1ms
[222.574s][info][gc,heap     ] GC(756) Eden regions: 1->0(75)
[222.574s][info][gc,heap     ] GC(756) Survivor regions: 1->1(10)
[222.574s][info][gc,heap     ] GC(756) Old regions: 8->8
[222.574s][info][gc,heap     ] GC(756) Archive regions: 2->2
[222.574s][info][gc,heap     ] GC(756) Humongous regions: 96->0
[222.574s][info][gc,metaspace] GC(756) Metaspace: 29090K(29504K)->29090K(29504K) NonClass: 25530K(25728K)->25530K(25728K) Class: 3559K(3776K)->3559K(3776K)
[222.574s][info][gc          ] GC(756) Pause Young (Concurrent Start) (G1 Humongous Allocation) 210M->16M(254M) 1.220ms
[222.574s][info][gc          ] GC(757) Concurrent Undo Cycle
[222.574s][info][gc,cpu      ] GC(756) User=0.00s Sys=0.00s Real=0.00s
[222.574s][info][gc,marking  ] GC(757) Concurrent Cleanup for Next Mark
[222.574s][info][gc,marking  ] GC(757) Concurrent Cleanup for Next Mark 0.050ms
[222.574s][info][gc          ] GC(757) Concurrent Undo Cycle 0.098ms
[223.087s][info][gc,start    ] GC(758) Pause Young (Concurrent Start) (G1 Humongous Allocation)
[223.087s][info][gc,task     ] GC(758) Using 8 workers of 8 for evacuation
[223.090s][info][gc,phases   ] GC(758)   Pre Evacuate Collection Set: 0.4ms
[223.090s][info][gc,phases   ] GC(758)   Merge Heap Roots: 0.2ms
[223.090s][info][gc,phases   ] GC(758)   Evacuate Collection Set: 1.3ms
[223.090s][info][gc,phases   ] GC(758)   Post Evacuate Collection Set: 0.8ms
[223.090s][info][gc,phases   ] GC(758)   Other: 0.2ms
[223.090s][info][gc,heap     ] GC(758) Eden regions: 1->0(75)
[223.090s][info][gc,heap     ] GC(758) Survivor regions: 1->1(10)
[223.090s][info][gc,heap     ] GC(758) Old regions: 8->8
[223.090s][info][gc,heap     ] GC(758) Archive regions: 2->2
[223.090s][info][gc,heap     ] GC(758) Humongous regions: 96->0
[223.090s][info][gc,metaspace] GC(758) Metaspace: 29090K(29504K)->29090K(29504K) NonClass: 25530K(25728K)->25530K(25728K) Class: 3559K(3776K)->3559K(3776K)
[223.090s][info][gc          ] GC(758) Pause Young (Concurrent Start) (G1 Humongous Allocation) 210M->16M(254M) 3.566ms
[223.090s][info][gc,cpu      ] GC(758) User=0.00s Sys=0.01s Real=0.00s
[223.090s][info][gc          ] GC(759) Concurrent Undo Cycle
[223.091s][info][gc,marking  ] GC(759) Concurrent Cleanup for Next Mark
[223.091s][info][gc,marking  ] GC(759) Concurrent Cleanup for Next Mark 0.136ms
[223.091s][info][gc          ] GC(759) Concurrent Undo Cycle 0.303ms
[223.606s][info][gc,start    ] GC(760) Pause Young (Concurrent Start) (G1 Humongous Allocation)
[223.606s][info][gc,task     ] GC(760) Using 8 workers of 8 for evacuation
[223.607s][info][gc,phases   ] GC(760)   Pre Evacuate Collection Set: 0.1ms
[223.607s][info][gc,phases   ] GC(760)   Merge Heap Roots: 0.0ms
[223.607s][info][gc,phases   ] GC(760)   Evacuate Collection Set: 0.6ms
[223.607s][info][gc,phases   ] GC(760)   Post Evacuate Collection Set: 0.2ms
[223.607s][info][gc,phases   ] GC(760)   Other: 0.1ms
[223.607s][info][gc,heap     ] GC(760) Eden regions: 1->0(75)
[223.607s][info][gc,heap     ] GC(760) Survivor regions: 1->1(10)
[223.607s][info][gc,heap     ] GC(760) Old regions: 8->8
[223.607s][info][gc,heap     ] GC(760) Archive regions: 2->2
[223.607s][info][gc,heap     ] GC(760) Humongous regions: 96->0
[223.607s][info][gc,metaspace] GC(760) Metaspace: 29090K(29504K)->29090K(29504K) NonClass: 25530K(25728K)->25530K(25728K) Class: 3559K(3776K)->3559K(3776K)
[223.607s][info][gc          ] GC(760) Pause Young (Concurrent Start) (G1 Humongous Allocation) 210M->16M(254M) 1.303ms
[223.607s][info][gc          ] GC(761) Concurrent Undo Cycle
[223.607s][info][gc,cpu      ] GC(760) User=0.00s Sys=0.00s Real=0.00s
[223.607s][info][gc,marking  ] GC(761) Concurrent Cleanup for Next Mark
[223.607s][info][gc,marking  ] GC(761) Concurrent Cleanup for Next Mark 0.111ms
[223.607s][info][gc          ] GC(761) Concurrent Undo Cycle 0.220ms
[224.121s][info][gc,start    ] GC(762) Pause Young (Concurrent Start) (G1 Humongous Allocation)
[224.121s][info][gc,task     ] GC(762) Using 8 workers of 8 for evacuation
[224.122s][info][gc,phases   ] GC(762)   Pre Evacuate Collection Set: 0.1ms
[224.122s][info][gc,phases   ] GC(762)   Merge Heap Roots: 0.0ms
[224.122s][info][gc,phases   ] GC(762)   Evacuate Collection Set: 0.5ms
[224.122s][info][gc,phases   ] GC(762)   Post Evacuate Collection Set: 0.2ms
[224.122s][info][gc,phases   ] GC(762)   Other: 0.1ms
[224.122s][info][gc,heap     ] GC(762) Eden regions: 1->0(75)
[224.122s][info][gc,heap     ] GC(762) Survivor regions: 1->1(10)
[224.122s][info][gc,heap     ] GC(762) Old regions: 8->8
[224.122s][info][gc,heap     ] GC(762) Archive regions: 2->2
[224.122s][info][gc,heap     ] GC(762) Humongous regions: 96->0
[224.122s][info][gc,metaspace] GC(762) Metaspace: 29090K(29504K)->29090K(29504K) NonClass: 25530K(25728K)->25530K(25728K) Class: 3559K(3776K)->3559K(3776K)
[224.122s][info][gc          ] GC(762) Pause Young (Concurrent Start) (G1 Humongous Allocation) 210M->16M(254M) 1.292ms
[224.122s][info][gc          ] GC(763) Concurrent Undo Cycle
[224.122s][info][gc,cpu      ] GC(762) User=0.00s Sys=0.00s Real=0.01s
[224.122s][info][gc,marking  ] GC(763) Concurrent Cleanup for Next Mark
[224.122s][info][gc,marking  ] GC(763) Concurrent Cleanup for Next Mark 0.050ms
[224.122s][info][gc          ] GC(763) Concurrent Undo Cycle 0.099ms
[224.631s][info][gc,start    ] GC(764) Pause Young (Concurrent Start) (G1 Humongous Allocation)
[224.631s][info][gc,task     ] GC(764) Using 8 workers of 8 for evacuation
[224.632s][info][gc,phases   ] GC(764)   Pre Evacuate Collection Set: 0.2ms
[224.632s][info][gc,phases   ] GC(764)   Merge Heap Roots: 0.1ms
[224.632s][info][gc,phases   ] GC(764)   Evacuate Collection Set: 0.6ms
[224.632s][info][gc,phases   ] GC(764)   Post Evacuate Collection Set: 0.3ms
[224.632s][info][gc,phases   ] GC(764)   Other: 0.1ms
[224.632s][info][gc,heap     ] GC(764) Eden regions: 1->0(75)
[224.632s][info][gc,heap     ] GC(764) Survivor regions: 1->1(10)
[224.632s][info][gc,heap     ] GC(764) Old regions: 8->8
[224.632s][info][gc,heap     ] GC(764) Archive regions: 2->2
[224.632s][info][gc,heap     ] GC(764) Humongous regions: 96->0
[224.632s][info][gc,metaspace] GC(764) Metaspace: 29090K(29504K)->29090K(29504K) NonClass: 25530K(25728K)->25530K(25728K) Class: 3559K(3776K)->3559K(3776K)
[224.632s][info][gc          ] GC(764) Pause Young (Concurrent Start) (G1 Humongous Allocation) 210M->16M(254M) 1.464ms
[224.632s][info][gc,cpu      ] GC(764) User=0.00s Sys=0.00s Real=0.01s
[224.632s][info][gc          ] GC(765) Concurrent Undo Cycle
[224.632s][info][gc,marking  ] GC(765) Concurrent Cleanup for Next Mark
[224.633s][info][gc,marking  ] GC(765) Concurrent Cleanup for Next Mark 0.068ms
[224.633s][info][gc          ] GC(765) Concurrent Undo Cycle 0.127ms
[225.147s][info][gc,start    ] GC(766) Pause Young (Concurrent Start) (G1 Humongous Allocation)
[225.147s][info][gc,task     ] GC(766) Using 8 workers of 8 for evacuation
[225.150s][info][gc,phases   ] GC(766)   Pre Evacuate Collection Set: 0.2ms
[225.150s][info][gc,phases   ] GC(766)   Merge Heap Roots: 0.1ms
[225.150s][info][gc,phases   ] GC(766)   Evacuate Collection Set: 1.3ms
[225.150s][info][gc,phases   ] GC(766)   Post Evacuate Collection Set: 0.7ms
[225.150s][info][gc,phases   ] GC(766)   Other: 0.1ms
[225.150s][info][gc,heap     ] GC(766) Eden regions: 1->0(75)
[225.150s][info][gc,heap     ] GC(766) Survivor regions: 1->1(10)
[225.150s][info][gc,heap     ] GC(766) Old regions: 8->8
[225.150s][info][gc,heap     ] GC(766) Archive regions: 2->2
[225.150s][info][gc,heap     ] GC(766) Humongous regions: 96->0
[225.150s][info][gc,metaspace] GC(766) Metaspace: 29090K(29504K)->29090K(29504K) NonClass: 25530K(25728K)->25530K(25728K) Class: 3559K(3776K)->3559K(3776K)
[225.150s][info][gc          ] GC(766) Pause Young (Concurrent Start) (G1 Humongous Allocation) 210M->16M(254M) 2.865ms
[225.150s][info][gc,cpu      ] GC(766) User=0.01s Sys=0.00s Real=0.00s
[225.150s][info][gc          ] GC(767) Concurrent Undo Cycle
[225.150s][info][gc,marking  ] GC(767) Concurrent Cleanup for Next Mark
[225.150s][info][gc,marking  ] GC(767) Concurrent Cleanup for Next Mark 0.129ms
[225.150s][info][gc          ] GC(767) Concurrent Undo Cycle 0.346ms
[225.669s][info][gc,start    ] GC(768) Pause Young (Concurrent Start) (G1 Humongous Allocation)
[225.669s][info][gc,task     ] GC(768) Using 8 workers of 8 for evacuation
[225.670s][info][gc,phases   ] GC(768)   Pre Evacuate Collection Set: 0.2ms
[225.670s][info][gc,phases   ] GC(768)   Merge Heap Roots: 0.1ms
[225.670s][info][gc,phases   ] GC(768)   Evacuate Collection Set: 0.8ms
[225.670s][info][gc,phases   ] GC(768)   Post Evacuate Collection Set: 0.3ms
[225.670s][info][gc,phases   ] GC(768)   Other: 0.1ms
[225.670s][info][gc,heap     ] GC(768) Eden regions: 1->0(75)
[225.670s][info][gc,heap     ] GC(768) Survivor regions: 1->1(10)
[225.670s][info][gc,heap     ] GC(768) Old regions: 8->8
[225.670s][info][gc,heap     ] GC(768) Archive regions: 2->2
[225.670s][info][gc,heap     ] GC(768) Humongous regions: 96->0
[225.670s][info][gc,metaspace] GC(768) Metaspace: 29090K(29504K)->29090K(29504K) NonClass: 25530K(25728K)->25530K(25728K) Class: 3559K(3776K)->3559K(3776K)
[225.670s][info][gc          ] GC(768) Pause Young (Concurrent Start) (G1 Humongous Allocation) 210M->16M(254M) 1.754ms
[225.671s][info][gc,cpu      ] GC(768) User=0.00s Sys=0.00s Real=0.00s
[225.671s][info][gc          ] GC(769) Concurrent Undo Cycle
[225.671s][info][gc,marking  ] GC(769) Concurrent Cleanup for Next Mark
[225.671s][info][gc,marking  ] GC(769) Concurrent Cleanup for Next Mark 0.095ms
[225.671s][info][gc          ] GC(769) Concurrent Undo Cycle 0.192ms
[226.184s][info][gc,start    ] GC(770) Pause Young (Concurrent Start) (G1 Humongous Allocation)
[226.184s][info][gc,task     ] GC(770) Using 8 workers of 8 for evacuation
[226.185s][info][gc,phases   ] GC(770)   Pre Evacuate Collection Set: 0.2ms
[226.185s][info][gc,phases   ] GC(770)   Merge Heap Roots: 0.0ms
[226.185s][info][gc,phases   ] GC(770)   Evacuate Collection Set: 0.6ms
[226.185s][info][gc,phases   ] GC(770)   Post Evacuate Collection Set: 0.2ms
[226.185s][info][gc,phases   ] GC(770)   Other: 0.1ms
[226.185s][info][gc,heap     ] GC(770) Eden regions: 1->0(75)
[226.185s][info][gc,heap     ] GC(770) Survivor regions: 1->1(10)
[226.185s][info][gc,heap     ] GC(770) Old regions: 8->8
[226.185s][info][gc,heap     ] GC(770) Archive regions: 2->2
[226.185s][info][gc,heap     ] GC(770) Humongous regions: 96->0
[226.185s][info][gc,metaspace] GC(770) Metaspace: 29090K(29504K)->29090K(29504K) NonClass: 25530K(25728K)->25530K(25728K) Class: 3559K(3776K)->3559K(3776K)
[226.185s][info][gc          ] GC(770) Pause Young (Concurrent Start) (G1 Humongous Allocation) 210M->16M(254M) 1.413ms
[226.185s][info][gc          ] GC(771) Concurrent Undo Cycle
[226.185s][info][gc,cpu      ] GC(770) User=0.01s Sys=0.00s Real=0.00s
[226.185s][info][gc,marking  ] GC(771) Concurrent Cleanup for Next Mark
[226.185s][info][gc,marking  ] GC(771) Concurrent Cleanup for Next Mark 0.160ms
[226.185s][info][gc          ] GC(771) Concurrent Undo Cycle 0.223ms
[226.699s][info][gc,start    ] GC(772) Pause Young (Concurrent Start) (G1 Humongous Allocation)
[226.699s][info][gc,task     ] GC(772) Using 8 workers of 8 for evacuation
[226.701s][info][gc,phases   ] GC(772)   Pre Evacuate Collection Set: 0.2ms
[226.701s][info][gc,phases   ] GC(772)   Merge Heap Roots: 0.0ms
[226.701s][info][gc,phases   ] GC(772)   Evacuate Collection Set: 0.6ms
[226.701s][info][gc,phases   ] GC(772)   Post Evacuate Collection Set: 0.4ms
[226.701s][info][gc,phases   ] GC(772)   Other: 0.1ms
[226.701s][info][gc,heap     ] GC(772) Eden regions: 2->0(75)
[226.701s][info][gc,heap     ] GC(772) Survivor regions: 1->1(10)
[226.701s][info][gc,heap     ] GC(772) Old regions: 8->8
[226.701s][info][gc,heap     ] GC(772) Archive regions: 2->2
[226.701s][info][gc,heap     ] GC(772) Humongous regions: 96->0
[226.701s][info][gc,metaspace] GC(772) Metaspace: 29090K(29504K)->29090K(29504K) NonClass: 25530K(25728K)->25530K(25728K) Class: 3559K(3776K)->3559K(3776K)
[226.701s][info][gc          ] GC(772) Pause Young (Concurrent Start) (G1 Humongous Allocation) 210M->16M(254M) 1.710ms
[226.701s][info][gc          ] GC(773) Concurrent Undo Cycle
[226.701s][info][gc,cpu      ] GC(772) User=0.00s Sys=0.00s Real=0.00s
[226.701s][info][gc,marking  ] GC(773) Concurrent Cleanup for Next Mark
[226.701s][info][gc,marking  ] GC(773) Concurrent Cleanup for Next Mark 0.075ms
[226.701s][info][gc          ] GC(773) Concurrent Undo Cycle 0.150ms
[227.213s][info][gc,start    ] GC(774) Pause Young (Concurrent Start) (G1 Humongous Allocation)
[227.213s][info][gc,task     ] GC(774) Using 8 workers of 8 for evacuation
[227.216s][info][gc,phases   ] GC(774)   Pre Evacuate Collection Set: 0.4ms
[227.217s][info][gc,phases   ] GC(774)   Merge Heap Roots: 0.3ms
[227.217s][info][gc,phases   ] GC(774)   Evacuate Collection Set: 1.4ms
[227.217s][info][gc,phases   ] GC(774)   Post Evacuate Collection Set: 0.8ms
[227.217s][info][gc,phases   ] GC(774)   Other: 0.2ms
[227.217s][info][gc,heap     ] GC(774) Eden regions: 1->0(75)
[227.217s][info][gc,heap     ] GC(774) Survivor regions: 1->1(10)
[227.217s][info][gc,heap     ] GC(774) Old regions: 8->8
[227.217s][info][gc,heap     ] GC(774) Archive regions: 2->2
[227.217s][info][gc,heap     ] GC(774) Humongous regions: 96->0
[227.217s][info][gc,metaspace] GC(774) Metaspace: 29090K(29504K)->29090K(29504K) NonClass: 25530K(25728K)->25530K(25728K) Class: 3559K(3776K)->3559K(3776K)
[227.217s][info][gc          ] GC(774) Pause Young (Concurrent Start) (G1 Humongous Allocation) 210M->16M(254M) 3.899ms
[227.217s][info][gc,cpu      ] GC(774) User=0.00s Sys=0.00s Real=0.00s
[227.217s][info][gc          ] GC(775) Concurrent Undo Cycle
[227.217s][info][gc,marking  ] GC(775) Concurrent Cleanup for Next Mark
[227.218s][info][gc,marking  ] GC(775) Concurrent Cleanup for Next Mark 0.241ms
[227.218s][info][gc          ] GC(775) Concurrent Undo Cycle 0.481ms
[227.739s][info][gc,start    ] GC(776) Pause Young (Concurrent Start) (G1 Humongous Allocation)
[227.739s][info][gc,task     ] GC(776) Using 8 workers of 8 for evacuation
[227.742s][info][gc,phases   ] GC(776)   Pre Evacuate Collection Set: 0.3ms
[227.742s][info][gc,phases   ] GC(776)   Merge Heap Roots: 0.2ms
[227.742s][info][gc,phases   ] GC(776)   Evacuate Collection Set: 1.2ms
[227.742s][info][gc,phases   ] GC(776)   Post Evacuate Collection Set: 0.7ms
[227.742s][info][gc,phases   ] GC(776)   Other: 0.3ms
[227.742s][info][gc,heap     ] GC(776) Eden regions: 1->0(75)
[227.742s][info][gc,heap     ] GC(776) Survivor regions: 1->1(10)
[227.742s][info][gc,heap     ] GC(776) Old regions: 8->8
[227.742s][info][gc,heap     ] GC(776) Archive regions: 2->2
[227.742s][info][gc,heap     ] GC(776) Humongous regions: 96->0
[227.742s][info][gc,metaspace] GC(776) Metaspace: 29090K(29504K)->29090K(29504K) NonClass: 25530K(25728K)->25530K(25728K) Class: 3559K(3776K)->3559K(3776K)
[227.742s][info][gc          ] GC(776) Pause Young (Concurrent Start) (G1 Humongous Allocation) 210M->16M(254M) 3.370ms
[227.743s][info][gc,cpu      ] GC(776) User=0.01s Sys=0.00s Real=0.01s
[227.743s][info][gc          ] GC(777) Concurrent Undo Cycle
[227.743s][info][gc,marking  ] GC(777) Concurrent Cleanup for Next Mark
[227.743s][info][gc,marking  ] GC(777) Concurrent Cleanup for Next Mark 0.182ms
[227.743s][info][gc          ] GC(777) Concurrent Undo Cycle 0.366ms
[228.263s][info][gc,start    ] GC(778) Pause Young (Concurrent Start) (G1 Humongous Allocation)
[228.263s][info][gc,task     ] GC(778) Using 8 workers of 8 for evacuation
[228.264s][info][gc,phases   ] GC(778)   Pre Evacuate Collection Set: 0.1ms
[228.264s][info][gc,phases   ] GC(778)   Merge Heap Roots: 0.0ms
[228.264s][info][gc,phases   ] GC(778)   Evacuate Collection Set: 0.5ms
[228.264s][info][gc,phases   ] GC(778)   Post Evacuate Collection Set: 0.2ms
[228.264s][info][gc,phases   ] GC(778)   Other: 0.1ms
[228.264s][info][gc,heap     ] GC(778) Eden regions: 1->0(75)
[228.264s][info][gc,heap     ] GC(778) Survivor regions: 1->1(10)
[228.264s][info][gc,heap     ] GC(778) Old regions: 8->8
[228.264s][info][gc,heap     ] GC(778) Archive regions: 2->2
[228.264s][info][gc,heap     ] GC(778) Humongous regions: 96->0
[228.264s][info][gc,metaspace] GC(778) Metaspace: 29090K(29504K)->29090K(29504K) NonClass: 25530K(25728K)->25530K(25728K) Class: 3559K(3776K)->3559K(3776K)
[228.264s][info][gc          ] GC(778) Pause Young (Concurrent Start) (G1 Humongous Allocation) 210M->16M(254M) 1.151ms
[228.264s][info][gc          ] GC(779) Concurrent Undo Cycle
[228.264s][info][gc,cpu      ] GC(778) User=0.00s Sys=0.00s Real=0.00s
[228.264s][info][gc,marking  ] GC(779) Concurrent Cleanup for Next Mark
[228.264s][info][gc,marking  ] GC(779) Concurrent Cleanup for Next Mark 0.062ms
[228.264s][info][gc          ] GC(779) Concurrent Undo Cycle 0.124ms
[228.775s][info][gc,start    ] GC(780) Pause Young (Concurrent Start) (G1 Humongous Allocation)
[228.775s][info][gc,task     ] GC(780) Using 8 workers of 8 for evacuation
[228.777s][info][gc,phases   ] GC(780)   Pre Evacuate Collection Set: 0.2ms
[228.777s][info][gc,phases   ] GC(780)   Merge Heap Roots: 0.1ms
[228.777s][info][gc,phases   ] GC(780)   Evacuate Collection Set: 0.7ms
[228.777s][info][gc,phases   ] GC(780)   Post Evacuate Collection Set: 0.4ms
[228.777s][info][gc,phases   ] GC(780)   Other: 0.1ms
[228.777s][info][gc,heap     ] GC(780) Eden regions: 1->0(75)
[228.777s][info][gc,heap     ] GC(780) Survivor regions: 1->1(10)
[228.777s][info][gc,heap     ] GC(780) Old regions: 8->8
[228.777s][info][gc,heap     ] GC(780) Archive regions: 2->2
[228.777s][info][gc,heap     ] GC(780) Humongous regions: 96->0
[228.777s][info][gc,metaspace] GC(780) Metaspace: 29090K(29504K)->29090K(29504K) NonClass: 25530K(25728K)->25530K(25728K) Class: 3559K(3776K)->3559K(3776K)
[228.777s][info][gc          ] GC(780) Pause Young (Concurrent Start) (G1 Humongous Allocation) 210M->16M(254M) 1.886ms
[228.777s][info][gc,cpu      ] GC(780) User=0.00s Sys=0.00s Real=0.00s
[228.777s][info][gc          ] GC(781) Concurrent Undo Cycle
[228.777s][info][gc,marking  ] GC(781) Concurrent Cleanup for Next Mark
[228.778s][info][gc,marking  ] GC(781) Concurrent Cleanup for Next Mark 0.115ms
[228.778s][info][gc          ] GC(781) Concurrent Undo Cycle 0.257ms
[229.295s][info][gc,start    ] GC(782) Pause Young (Concurrent Start) (G1 Humongous Allocation)
[229.295s][info][gc,task     ] GC(782) Using 8 workers of 8 for evacuation
[229.298s][info][gc,phases   ] GC(782)   Pre Evacuate Collection Set: 0.4ms
[229.298s][info][gc,phases   ] GC(782)   Merge Heap Roots: 0.2ms
[229.298s][info][gc,phases   ] GC(782)   Evacuate Collection Set: 1.2ms
[229.298s][info][gc,phases   ] GC(782)   Post Evacuate Collection Set: 0.8ms
[229.298s][info][gc,phases   ] GC(782)   Other: 0.2ms
[229.298s][info][gc,heap     ] GC(782) Eden regions: 1->0(75)
[229.298s][info][gc,heap     ] GC(782) Survivor regions: 1->1(10)
[229.298s][info][gc,heap     ] GC(782) Old regions: 8->8
[229.298s][info][gc,heap     ] GC(782) Archive regions: 2->2
[229.298s][info][gc,heap     ] GC(782) Humongous regions: 96->0
[229.298s][info][gc,metaspace] GC(782) Metaspace: 29090K(29504K)->29090K(29504K) NonClass: 25530K(25728K)->25530K(25728K) Class: 3559K(3776K)->3559K(3776K)
[229.298s][info][gc          ] GC(782) Pause Young (Concurrent Start) (G1 Humongous Allocation) 210M->16M(254M) 3.420ms
[229.298s][info][gc,cpu      ] GC(782) User=0.00s Sys=0.01s Real=0.00s
[229.298s][info][gc          ] GC(783) Concurrent Undo Cycle
[229.299s][info][gc,marking  ] GC(783) Concurrent Cleanup for Next Mark
[229.299s][info][gc,marking  ] GC(783) Concurrent Cleanup for Next Mark 0.156ms
[229.299s][info][gc          ] GC(783) Concurrent Undo Cycle 0.348ms
[229.817s][info][gc,start    ] GC(784) Pause Young (Concurrent Start) (G1 Humongous Allocation)
[229.817s][info][gc,task     ] GC(784) Using 8 workers of 8 for evacuation
[229.820s][info][gc,phases   ] GC(784)   Pre Evacuate Collection Set: 0.4ms
[229.820s][info][gc,phases   ] GC(784)   Merge Heap Roots: 0.2ms
[229.820s][info][gc,phases   ] GC(784)   Evacuate Collection Set: 1.3ms
[229.820s][info][gc,phases   ] GC(784)   Post Evacuate Collection Set: 0.8ms
[229.820s][info][gc,phases   ] GC(784)   Other: 0.2ms
[229.820s][info][gc,heap     ] GC(784) Eden regions: 1->0(75)
[229.820s][info][gc,heap     ] GC(784) Survivor regions: 1->1(10)
[229.820s][info][gc,heap     ] GC(784) Old regions: 8->8
[229.820s][info][gc,heap     ] GC(784) Archive regions: 2->2
[229.820s][info][gc,heap     ] GC(784) Humongous regions: 96->0
[229.820s][info][gc,metaspace] GC(784) Metaspace: 29090K(29504K)->29090K(29504K) NonClass: 25530K(25728K)->25530K(25728K) Class: 3559K(3776K)->3559K(3776K)
[229.820s][info][gc          ] GC(784) Pause Young (Concurrent Start) (G1 Humongous Allocation) 210M->16M(254M) 3.507ms
[229.820s][info][gc,cpu      ] GC(784) User=0.01s Sys=0.00s Real=0.00s
[229.820s][info][gc          ] GC(785) Concurrent Undo Cycle
[229.820s][info][gc,marking  ] GC(785) Concurrent Cleanup for Next Mark
[229.821s][info][gc,marking  ] GC(785) Concurrent Cleanup for Next Mark 0.217ms
[229.821s][info][gc          ] GC(785) Concurrent Undo Cycle 0.504ms
[230.341s][info][gc,start    ] GC(786) Pause Young (Concurrent Start) (G1 Humongous Allocation)
[230.342s][info][gc,task     ] GC(786) Using 8 workers of 8 for evacuation
[230.345s][info][gc,phases   ] GC(786)   Pre Evacuate Collection Set: 0.4ms
[230.345s][info][gc,phases   ] GC(786)   Merge Heap Roots: 0.2ms
[230.345s][info][gc,phases   ] GC(786)   Evacuate Collection Set: 1.6ms
[230.345s][info][gc,phases   ] GC(786)   Post Evacuate Collection Set: 0.9ms
[230.345s][info][gc,phases   ] GC(786)   Other: 0.2ms
[230.345s][info][gc,heap     ] GC(786) Eden regions: 1->0(75)
[230.345s][info][gc,heap     ] GC(786) Survivor regions: 1->1(10)
[230.346s][info][gc,heap     ] GC(786) Old regions: 8->8
[230.346s][info][gc,heap     ] GC(786) Archive regions: 2->2
[230.346s][info][gc,heap     ] GC(786) Humongous regions: 96->0
[230.346s][info][gc,metaspace] GC(786) Metaspace: 29090K(29504K)->29090K(29504K) NonClass: 25530K(25728K)->25530K(25728K) Class: 3559K(3776K)->3559K(3776K)
[230.346s][info][gc          ] GC(786) Pause Young (Concurrent Start) (G1 Humongous Allocation) 210M->16M(254M) 4.302ms
[230.346s][info][gc          ] GC(787) Concurrent Undo Cycle
[230.346s][info][gc,cpu      ] GC(786) User=0.01s Sys=0.01s Real=0.00s
[230.346s][info][gc,marking  ] GC(787) Concurrent Cleanup for Next Mark
[230.346s][info][gc,marking  ] GC(787) Concurrent Cleanup for Next Mark 0.197ms
[230.346s][info][gc          ] GC(787) Concurrent Undo Cycle 0.356ms
[230.861s][info][gc,start    ] GC(788) Pause Young (Concurrent Start) (G1 Humongous Allocation)
[230.861s][info][gc,task     ] GC(788) Using 8 workers of 8 for evacuation
[230.863s][info][gc,phases   ] GC(788)   Pre Evacuate Collection Set: 0.3ms
[230.863s][info][gc,phases   ] GC(788)   Merge Heap Roots: 0.1ms
[230.863s][info][gc,phases   ] GC(788)   Evacuate Collection Set: 0.8ms
[230.863s][info][gc,phases   ] GC(788)   Post Evacuate Collection Set: 0.5ms
[230.863s][info][gc,phases   ] GC(788)   Other: 0.2ms
[230.863s][info][gc,heap     ] GC(788) Eden regions: 2->0(75)
[230.863s][info][gc,heap     ] GC(788) Survivor regions: 1->1(10)
[230.863s][info][gc,heap     ] GC(788) Old regions: 8->8
[230.863s][info][gc,heap     ] GC(788) Archive regions: 2->2
[230.863s][info][gc,heap     ] GC(788) Humongous regions: 96->0
[230.863s][info][gc,metaspace] GC(788) Metaspace: 29090K(29504K)->29090K(29504K) NonClass: 25530K(25728K)->25530K(25728K) Class: 3559K(3776K)->3559K(3776K)
[230.863s][info][gc          ] GC(788) Pause Young (Concurrent Start) (G1 Humongous Allocation) 210M->16M(254M) 2.366ms
[230.863s][info][gc,cpu      ] GC(788) User=0.00s Sys=0.00s Real=0.01s
[230.863s][info][gc          ] GC(789) Concurrent Undo Cycle
[230.863s][info][gc,marking  ] GC(789) Concurrent Cleanup for Next Mark
[230.863s][info][gc,marking  ] GC(789) Concurrent Cleanup for Next Mark 0.145ms
[230.863s][info][gc          ] GC(789) Concurrent Undo Cycle 0.309ms
[231.377s][info][gc,start    ] GC(790) Pause Young (Concurrent Start) (G1 Humongous Allocation)
[231.377s][info][gc,task     ] GC(790) Using 8 workers of 8 for evacuation
[231.379s][info][gc,phases   ] GC(790)   Pre Evacuate Collection Set: 0.3ms
[231.379s][info][gc,phases   ] GC(790)   Merge Heap Roots: 0.2ms
[231.379s][info][gc,phases   ] GC(790)   Evacuate Collection Set: 0.8ms
[231.379s][info][gc,phases   ] GC(790)   Post Evacuate Collection Set: 0.5ms
[231.379s][info][gc,phases   ] GC(790)   Other: 0.1ms
[231.379s][info][gc,heap     ] GC(790) Eden regions: 2->0(75)
[231.379s][info][gc,heap     ] GC(790) Survivor regions: 1->1(10)
[231.379s][info][gc,heap     ] GC(790) Old regions: 8->8
[231.379s][info][gc,heap     ] GC(790) Archive regions: 2->2
[231.379s][info][gc,heap     ] GC(790) Humongous regions: 96->0
[231.379s][info][gc,metaspace] GC(790) Metaspace: 29090K(29504K)->29090K(29504K) NonClass: 25530K(25728K)->25530K(25728K) Class: 3559K(3776K)->3559K(3776K)
[231.379s][info][gc          ] GC(790) Pause Young (Concurrent Start) (G1 Humongous Allocation) 210M->16M(254M) 2.331ms
[231.379s][info][gc,cpu      ] GC(790) User=0.00s Sys=0.00s Real=0.00s
[231.379s][info][gc          ] GC(791) Concurrent Undo Cycle
[231.379s][info][gc,marking  ] GC(791) Concurrent Cleanup for Next Mark
[231.379s][info][gc,marking  ] GC(791) Concurrent Cleanup for Next Mark 0.144ms
[231.380s][info][gc          ] GC(791) Concurrent Undo Cycle 0.306ms
[231.893s][info][gc,start    ] GC(792) Pause Young (Concurrent Start) (G1 Humongous Allocation)
[231.894s][info][gc,task     ] GC(792) Using 8 workers of 8 for evacuation
[231.896s][info][gc,phases   ] GC(792)   Pre Evacuate Collection Set: 0.3ms
[231.896s][info][gc,phases   ] GC(792)   Merge Heap Roots: 0.2ms
[231.896s][info][gc,phases   ] GC(792)   Evacuate Collection Set: 1.1ms
[231.896s][info][gc,phases   ] GC(792)   Post Evacuate Collection Set: 0.5ms
[231.896s][info][gc,phases   ] GC(792)   Other: 0.1ms
[231.896s][info][gc,heap     ] GC(792) Eden regions: 1->0(75)
[231.896s][info][gc,heap     ] GC(792) Survivor regions: 1->1(10)
[231.896s][info][gc,heap     ] GC(792) Old regions: 8->8
[231.896s][info][gc,heap     ] GC(792) Archive regions: 2->2
[231.896s][info][gc,heap     ] GC(792) Humongous regions: 96->0
[231.896s][info][gc,metaspace] GC(792) Metaspace: 29090K(29504K)->29090K(29504K) NonClass: 25530K(25728K)->25530K(25728K) Class: 3559K(3776K)->3559K(3776K)
[231.896s][info][gc          ] GC(792) Pause Young (Concurrent Start) (G1 Humongous Allocation) 209M->16M(254M) 2.689ms
[231.896s][info][gc,cpu      ] GC(792) User=0.01s Sys=0.01s Real=0.00s
[231.896s][info][gc          ] GC(793) Concurrent Undo Cycle
[231.896s][info][gc,marking  ] GC(793) Concurrent Cleanup for Next Mark
[231.896s][info][gc,marking  ] GC(793) Concurrent Cleanup for Next Mark 0.174ms
[231.896s][info][gc          ] GC(793) Concurrent Undo Cycle 0.333ms
[232.414s][info][gc,start    ] GC(794) Pause Young (Concurrent Start) (G1 Humongous Allocation)
[232.415s][info][gc,task     ] GC(794) Using 8 workers of 8 for evacuation
[232.417s][info][gc,phases   ] GC(794)   Pre Evacuate Collection Set: 0.4ms
[232.418s][info][gc,phases   ] GC(794)   Merge Heap Roots: 0.2ms
[232.418s][info][gc,phases   ] GC(794)   Evacuate Collection Set: 1.3ms
[232.418s][info][gc,phases   ] GC(794)   Post Evacuate Collection Set: 0.9ms
[232.418s][info][gc,phases   ] GC(794)   Other: 0.2ms
[232.418s][info][gc,heap     ] GC(794) Eden regions: 2->0(75)
[232.418s][info][gc,heap     ] GC(794) Survivor regions: 1->1(10)
[232.418s][info][gc,heap     ] GC(794) Old regions: 8->8
[232.418s][info][gc,heap     ] GC(794) Archive regions: 2->2
[232.418s][info][gc,heap     ] GC(794) Humongous regions: 96->0
[232.418s][info][gc,metaspace] GC(794) Metaspace: 29090K(29504K)->29090K(29504K) NonClass: 25530K(25728K)->25530K(25728K) Class: 3559K(3776K)->3559K(3776K)
[232.418s][info][gc          ] GC(794) Pause Young (Concurrent Start) (G1 Humongous Allocation) 210M->16M(254M) 3.571ms
[232.418s][info][gc,cpu      ] GC(794) User=0.01s Sys=0.00s Real=0.00s
[232.418s][info][gc          ] GC(795) Concurrent Undo Cycle
[232.418s][info][gc,marking  ] GC(795) Concurrent Cleanup for Next Mark
[232.418s][info][gc,marking  ] GC(795) Concurrent Cleanup for Next Mark 0.160ms
[232.418s][info][gc          ] GC(795) Concurrent Undo Cycle 0.351ms
[232.939s][info][gc,start    ] GC(796) Pause Young (Concurrent Start) (G1 Humongous Allocation)
[232.939s][info][gc,task     ] GC(796) Using 8 workers of 8 for evacuation
[232.942s][info][gc,phases   ] GC(796)   Pre Evacuate Collection Set: 0.5ms
[232.942s][info][gc,phases   ] GC(796)   Merge Heap Roots: 0.2ms
[232.942s][info][gc,phases   ] GC(796)   Evacuate Collection Set: 1.6ms
[232.942s][info][gc,phases   ] GC(796)   Post Evacuate Collection Set: 0.6ms
[232.942s][info][gc,phases   ] GC(796)   Other: 0.2ms
[232.942s][info][gc,heap     ] GC(796) Eden regions: 1->0(75)
[232.942s][info][gc,heap     ] GC(796) Survivor regions: 1->1(10)
[232.942s][info][gc,heap     ] GC(796) Old regions: 8->8
[232.942s][info][gc,heap     ] GC(796) Archive regions: 2->2
[232.942s][info][gc,heap     ] GC(796) Humongous regions: 96->0
[232.942s][info][gc,metaspace] GC(796) Metaspace: 29090K(29504K)->29090K(29504K) NonClass: 25530K(25728K)->25530K(25728K) Class: 3559K(3776K)->3559K(3776K)
[232.943s][info][gc          ] GC(796) Pause Young (Concurrent Start) (G1 Humongous Allocation) 209M->16M(254M) 3.461ms
[232.943s][info][gc,cpu      ] GC(796) User=0.00s Sys=0.00s Real=0.01s
[232.943s][info][gc          ] GC(797) Concurrent Undo Cycle
[232.943s][info][gc,marking  ] GC(797) Concurrent Cleanup for Next Mark
[232.943s][info][gc,marking  ] GC(797) Concurrent Cleanup for Next Mark 0.148ms
[232.943s][info][gc          ] GC(797) Concurrent Undo Cycle 0.308ms
[233.459s][info][gc,start    ] GC(798) Pause Young (Concurrent Start) (G1 Humongous Allocation)
[233.459s][info][gc,task     ] GC(798) Using 8 workers of 8 for evacuation
[233.462s][info][gc,phases   ] GC(798)   Pre Evacuate Collection Set: 0.5ms
[233.463s][info][gc,phases   ] GC(798)   Merge Heap Roots: 0.2ms
[233.463s][info][gc,phases   ] GC(798)   Evacuate Collection Set: 1.4ms
[233.463s][info][gc,phases   ] GC(798)   Post Evacuate Collection Set: 0.9ms
[233.463s][info][gc,phases   ] GC(798)   Other: 0.2ms
[233.463s][info][gc,heap     ] GC(798) Eden regions: 2->0(75)
[233.463s][info][gc,heap     ] GC(798) Survivor regions: 1->1(10)
[233.463s][info][gc,heap     ] GC(798) Old regions: 8->8
[233.463s][info][gc,heap     ] GC(798) Archive regions: 2->2
[233.463s][info][gc,heap     ] GC(798) Humongous regions: 96->0
[233.463s][info][gc,metaspace] GC(798) Metaspace: 29090K(29504K)->29090K(29504K) NonClass: 25530K(25728K)->25530K(25728K) Class: 3559K(3776K)->3559K(3776K)
[233.463s][info][gc          ] GC(798) Pause Young (Concurrent Start) (G1 Humongous Allocation) 210M->16M(254M) 4.344ms
[233.463s][info][gc,cpu      ] GC(798) User=0.01s Sys=0.00s Real=0.01s
[233.463s][info][gc          ] GC(799) Concurrent Undo Cycle
[233.463s][info][gc,marking  ] GC(799) Concurrent Cleanup for Next Mark
[233.463s][info][gc,marking  ] GC(799) Concurrent Cleanup for Next Mark 0.114ms
[233.464s][info][gc          ] GC(799) Concurrent Undo Cycle 0.298ms
[233.982s][info][gc,start    ] GC(800) Pause Young (Concurrent Start) (G1 Humongous Allocation)
[233.982s][info][gc,task     ] GC(800) Using 8 workers of 8 for evacuation
[233.985s][info][gc,phases   ] GC(800)   Pre Evacuate Collection Set: 0.4ms
[233.985s][info][gc,phases   ] GC(800)   Merge Heap Roots: 0.2ms
[233.985s][info][gc,phases   ] GC(800)   Evacuate Collection Set: 1.2ms
[233.985s][info][gc,phases   ] GC(800)   Post Evacuate Collection Set: 0.8ms
[233.985s][info][gc,phases   ] GC(800)   Other: 0.2ms
[233.985s][info][gc,heap     ] GC(800) Eden regions: 1->0(75)
[233.985s][info][gc,heap     ] GC(800) Survivor regions: 1->1(10)
[233.985s][info][gc,heap     ] GC(800) Old regions: 8->8
[233.985s][info][gc,heap     ] GC(800) Archive regions: 2->2
[233.985s][info][gc,heap     ] GC(800) Humongous regions: 96->0
[233.985s][info][gc,metaspace] GC(800) Metaspace: 29090K(29504K)->29090K(29504K) NonClass: 25530K(25728K)->25530K(25728K) Class: 3559K(3776K)->3559K(3776K)
[233.985s][info][gc          ] GC(800) Pause Young (Concurrent Start) (G1 Humongous Allocation) 209M->16M(254M) 3.560ms
[233.985s][info][gc,cpu      ] GC(800) User=0.01s Sys=0.00s Real=0.00s
[233.985s][info][gc          ] GC(801) Concurrent Undo Cycle
[233.986s][info][gc,marking  ] GC(801) Concurrent Cleanup for Next Mark
[233.986s][info][gc,marking  ] GC(801) Concurrent Cleanup for Next Mark 0.171ms
[233.986s][info][gc          ] GC(801) Concurrent Undo Cycle 0.433ms
[234.506s][info][gc,start    ] GC(802) Pause Young (Concurrent Start) (G1 Humongous Allocation)
[234.506s][info][gc,task     ] GC(802) Using 8 workers of 8 for evacuation
[234.509s][info][gc,phases   ] GC(802)   Pre Evacuate Collection Set: 0.4ms
[234.509s][info][gc,phases   ] GC(802)   Merge Heap Roots: 0.2ms
[234.509s][info][gc,phases   ] GC(802)   Evacuate Collection Set: 1.2ms
[234.509s][info][gc,phases   ] GC(802)   Post Evacuate Collection Set: 0.8ms
[234.509s][info][gc,phases   ] GC(802)   Other: 0.2ms
[234.509s][info][gc,heap     ] GC(802) Eden regions: 2->0(75)
[234.509s][info][gc,heap     ] GC(802) Survivor regions: 1->1(10)
[234.509s][info][gc,heap     ] GC(802) Old regions: 8->8
[234.509s][info][gc,heap     ] GC(802) Archive regions: 2->2
[234.509s][info][gc,heap     ] GC(802) Humongous regions: 96->0
[234.509s][info][gc,metaspace] GC(802) Metaspace: 29090K(29504K)->29090K(29504K) NonClass: 25530K(25728K)->25530K(25728K) Class: 3559K(3776K)->3559K(3776K)
[234.510s][info][gc          ] GC(802) Pause Young (Concurrent Start) (G1 Humongous Allocation) 210M->16M(254M) 3.511ms
[234.510s][info][gc,cpu      ] GC(802) User=0.00s Sys=0.01s Real=0.00s
[234.510s][info][gc          ] GC(803) Concurrent Undo Cycle
[234.510s][info][gc,marking  ] GC(803) Concurrent Cleanup for Next Mark
[234.510s][info][gc,marking  ] GC(803) Concurrent Cleanup for Next Mark 0.201ms
[234.510s][info][gc          ] GC(803) Concurrent Undo Cycle 0.463ms
[235.029s][info][gc,start    ] GC(804) Pause Young (Concurrent Start) (G1 Humongous Allocation)
[235.029s][info][gc,task     ] GC(804) Using 8 workers of 8 for evacuation
[235.030s][info][gc,phases   ] GC(804)   Pre Evacuate Collection Set: 0.1ms
[235.030s][info][gc,phases   ] GC(804)   Merge Heap Roots: 0.0ms
[235.030s][info][gc,phases   ] GC(804)   Evacuate Collection Set: 0.6ms
[235.030s][info][gc,phases   ] GC(804)   Post Evacuate Collection Set: 0.3ms
[235.030s][info][gc,phases   ] GC(804)   Other: 0.1ms
[235.030s][info][gc,heap     ] GC(804) Eden regions: 1->0(75)
[235.030s][info][gc,heap     ] GC(804) Survivor regions: 1->1(10)
[235.030s][info][gc,heap     ] GC(804) Old regions: 8->8
[235.030s][info][gc,heap     ] GC(804) Archive regions: 2->2
[235.030s][info][gc,heap     ] GC(804) Humongous regions: 96->0
[235.030s][info][gc,metaspace] GC(804) Metaspace: 29090K(29504K)->29090K(29504K) NonClass: 25530K(25728K)->25530K(25728K) Class: 3559K(3776K)->3559K(3776K)
[235.031s][info][gc          ] GC(804) Pause Young (Concurrent Start) (G1 Humongous Allocation) 210M->16M(254M) 1.346ms
[235.031s][info][gc          ] GC(805) Concurrent Undo Cycle
[235.031s][info][gc,cpu      ] GC(804) User=0.00s Sys=0.00s Real=0.00s
[235.031s][info][gc,marking  ] GC(805) Concurrent Cleanup for Next Mark
[235.031s][info][gc,marking  ] GC(805) Concurrent Cleanup for Next Mark 0.110ms
[235.031s][info][gc          ] GC(805) Concurrent Undo Cycle 0.230ms
[235.540s][info][gc,start    ] GC(806) Pause Young (Concurrent Start) (G1 Humongous Allocation)
[235.541s][info][gc,task     ] GC(806) Using 8 workers of 8 for evacuation
[235.542s][info][gc,phases   ] GC(806)   Pre Evacuate Collection Set: 0.1ms
[235.542s][info][gc,phases   ] GC(806)   Merge Heap Roots: 0.0ms
[235.542s][info][gc,phases   ] GC(806)   Evacuate Collection Set: 0.6ms
[235.542s][info][gc,phases   ] GC(806)   Post Evacuate Collection Set: 0.2ms
[235.542s][info][gc,phases   ] GC(806)   Other: 0.1ms
[235.542s][info][gc,heap     ] GC(806) Eden regions: 1->0(75)
[235.542s][info][gc,heap     ] GC(806) Survivor regions: 1->1(10)
[235.542s][info][gc,heap     ] GC(806) Old regions: 8->8
[235.542s][info][gc,heap     ] GC(806) Archive regions: 2->2
[235.542s][info][gc,heap     ] GC(806) Humongous regions: 96->0
[235.542s][info][gc,metaspace] GC(806) Metaspace: 29090K(29504K)->29090K(29504K) NonClass: 25530K(25728K)->25530K(25728K) Class: 3559K(3776K)->3559K(3776K)
[235.542s][info][gc          ] GC(806) Pause Young (Concurrent Start) (G1 Humongous Allocation) 210M->16M(254M) 1.278ms
[235.542s][info][gc          ] GC(807) Concurrent Undo Cycle
[235.542s][info][gc,cpu      ] GC(806) User=0.00s Sys=0.00s Real=0.01s
[235.542s][info][gc,marking  ] GC(807) Concurrent Cleanup for Next Mark
[235.542s][info][gc,marking  ] GC(807) Concurrent Cleanup for Next Mark 0.097ms
[235.542s][info][gc          ] GC(807) Concurrent Undo Cycle 0.166ms
[236.054s][info][gc,start    ] GC(808) Pause Young (Concurrent Start) (G1 Humongous Allocation)
[236.054s][info][gc,task     ] GC(808) Using 8 workers of 8 for evacuation
[236.055s][info][gc,phases   ] GC(808)   Pre Evacuate Collection Set: 0.1ms
[236.056s][info][gc,phases   ] GC(808)   Merge Heap Roots: 0.1ms
[236.056s][info][gc,phases   ] GC(808)   Evacuate Collection Set: 0.5ms
[236.056s][info][gc,phases   ] GC(808)   Post Evacuate Collection Set: 0.2ms
[236.056s][info][gc,phases   ] GC(808)   Other: 0.1ms
[236.056s][info][gc,heap     ] GC(808) Eden regions: 1->0(75)
[236.056s][info][gc,heap     ] GC(808) Survivor regions: 1->1(10)
[236.056s][info][gc,heap     ] GC(808) Old regions: 8->8
[236.056s][info][gc,heap     ] GC(808) Archive regions: 2->2
[236.056s][info][gc,heap     ] GC(808) Humongous regions: 96->0
[236.056s][info][gc,metaspace] GC(808) Metaspace: 29090K(29504K)->29090K(29504K) NonClass: 25530K(25728K)->25530K(25728K) Class: 3559K(3776K)->3559K(3776K)
[236.056s][info][gc          ] GC(808) Pause Young (Concurrent Start) (G1 Humongous Allocation) 210M->16M(254M) 1.334ms
[236.056s][info][gc          ] GC(809) Concurrent Undo Cycle
[236.056s][info][gc,cpu      ] GC(808) User=0.00s Sys=0.00s Real=0.00s
[236.056s][info][gc,marking  ] GC(809) Concurrent Cleanup for Next Mark
[236.056s][info][gc,marking  ] GC(809) Concurrent Cleanup for Next Mark 0.101ms
[236.056s][info][gc          ] GC(809) Concurrent Undo Cycle 0.173ms
[236.567s][info][gc,start    ] GC(810) Pause Young (Concurrent Start) (G1 Humongous Allocation)
[236.567s][info][gc,task     ] GC(810) Using 8 workers of 8 for evacuation
[236.570s][info][gc,phases   ] GC(810)   Pre Evacuate Collection Set: 0.4ms
[236.570s][info][gc,phases   ] GC(810)   Merge Heap Roots: 0.2ms
[236.570s][info][gc,phases   ] GC(810)   Evacuate Collection Set: 1.2ms
[236.570s][info][gc,phases   ] GC(810)   Post Evacuate Collection Set: 0.7ms
[236.570s][info][gc,phases   ] GC(810)   Other: 0.2ms
[236.570s][info][gc,heap     ] GC(810) Eden regions: 1->0(75)
[236.570s][info][gc,heap     ] GC(810) Survivor regions: 1->1(10)
[236.570s][info][gc,heap     ] GC(810) Old regions: 8->8
[236.570s][info][gc,heap     ] GC(810) Archive regions: 2->2
[236.570s][info][gc,heap     ] GC(810) Humongous regions: 96->0
[236.570s][info][gc,metaspace] GC(810) Metaspace: 29090K(29504K)->29090K(29504K) NonClass: 25530K(25728K)->25530K(25728K) Class: 3559K(3776K)->3559K(3776K)
[236.570s][info][gc          ] GC(810) Pause Young (Concurrent Start) (G1 Humongous Allocation) 210M->16M(254M) 3.516ms
[236.570s][info][gc,cpu      ] GC(810) User=0.01s Sys=0.01s Real=0.00s
[236.570s][info][gc          ] GC(811) Concurrent Undo Cycle
[236.570s][info][gc,marking  ] GC(811) Concurrent Cleanup for Next Mark
[236.571s][info][gc,marking  ] GC(811) Concurrent Cleanup for Next Mark 0.177ms
[236.571s][info][gc          ] GC(811) Concurrent Undo Cycle 0.374ms
[237.090s][info][gc,start    ] GC(812) Pause Young (Concurrent Start) (G1 Humongous Allocation)
[237.090s][info][gc,task     ] GC(812) Using 8 workers of 8 for evacuation
[237.091s][info][gc,phases   ] GC(812)   Pre Evacuate Collection Set: 0.1ms
[237.091s][info][gc,phases   ] GC(812)   Merge Heap Roots: 0.0ms
[237.091s][info][gc,phases   ] GC(812)   Evacuate Collection Set: 0.6ms
[237.091s][info][gc,phases   ] GC(812)   Post Evacuate Collection Set: 0.2ms
[237.091s][info][gc,phases   ] GC(812)   Other: 0.0ms
[237.091s][info][gc,heap     ] GC(812) Eden regions: 2->0(75)
[237.091s][info][gc,heap     ] GC(812) Survivor regions: 1->1(10)
[237.091s][info][gc,heap     ] GC(812) Old regions: 8->8
[237.091s][info][gc,heap     ] GC(812) Archive regions: 2->2
[237.091s][info][gc,heap     ] GC(812) Humongous regions: 96->0
[237.091s][info][gc,metaspace] GC(812) Metaspace: 29090K(29504K)->29090K(29504K) NonClass: 25530K(25728K)->25530K(25728K) Class: 3559K(3776K)->3559K(3776K)
[237.091s][info][gc          ] GC(812) Pause Young (Concurrent Start) (G1 Humongous Allocation) 210M->16M(254M) 1.177ms
[237.091s][info][gc          ] GC(813) Concurrent Undo Cycle
[237.091s][info][gc,cpu      ] GC(812) User=0.00s Sys=0.00s Real=0.01s
[237.091s][info][gc,marking  ] GC(813) Concurrent Cleanup for Next Mark
[237.091s][info][gc,marking  ] GC(813) Concurrent Cleanup for Next Mark 0.070ms
[237.091s][info][gc          ] GC(813) Concurrent Undo Cycle 0.141ms
[237.599s][info][gc,start    ] GC(814) Pause Young (Concurrent Start) (G1 Humongous Allocation)
[237.599s][info][gc,task     ] GC(814) Using 8 workers of 8 for evacuation
[237.600s][info][gc,phases   ] GC(814)   Pre Evacuate Collection Set: 0.1ms
[237.600s][info][gc,phases   ] GC(814)   Merge Heap Roots: 0.0ms
[237.600s][info][gc,phases   ] GC(814)   Evacuate Collection Set: 0.6ms
[237.600s][info][gc,phases   ] GC(814)   Post Evacuate Collection Set: 0.3ms
[237.600s][info][gc,phases   ] GC(814)   Other: 0.1ms
[237.600s][info][gc,heap     ] GC(814) Eden regions: 1->0(75)
[237.600s][info][gc,heap     ] GC(814) Survivor regions: 1->1(10)
[237.600s][info][gc,heap     ] GC(814) Old regions: 8->8
[237.600s][info][gc,heap     ] GC(814) Archive regions: 2->2
[237.600s][info][gc,heap     ] GC(814) Humongous regions: 96->0
[237.600s][info][gc,metaspace] GC(814) Metaspace: 29090K(29504K)->29090K(29504K) NonClass: 25530K(25728K)->25530K(25728K) Class: 3559K(3776K)->3559K(3776K)
[237.600s][info][gc          ] GC(814) Pause Young (Concurrent Start) (G1 Humongous Allocation) 210M->16M(254M) 1.488ms
[237.600s][info][gc          ] GC(815) Concurrent Undo Cycle
[237.600s][info][gc,cpu      ] GC(814) User=0.01s Sys=0.00s Real=0.00s
[237.600s][info][gc,marking  ] GC(815) Concurrent Cleanup for Next Mark
[237.600s][info][gc,marking  ] GC(815) Concurrent Cleanup for Next Mark 0.062ms
[237.600s][info][gc          ] GC(815) Concurrent Undo Cycle 0.126ms
[238.111s][info][gc,start    ] GC(816) Pause Young (Concurrent Start) (G1 Humongous Allocation)
[238.111s][info][gc,task     ] GC(816) Using 8 workers of 8 for evacuation
[238.112s][info][gc,phases   ] GC(816)   Pre Evacuate Collection Set: 0.1ms
[238.112s][info][gc,phases   ] GC(816)   Merge Heap Roots: 0.0ms
[238.112s][info][gc,phases   ] GC(816)   Evacuate Collection Set: 0.6ms
[238.112s][info][gc,phases   ] GC(816)   Post Evacuate Collection Set: 0.3ms
[238.112s][info][gc,phases   ] GC(816)   Other: 0.1ms
[238.112s][info][gc,heap     ] GC(816) Eden regions: 1->0(75)
[238.112s][info][gc,heap     ] GC(816) Survivor regions: 1->1(10)
[238.112s][info][gc,heap     ] GC(816) Old regions: 8->8
[238.113s][info][gc,heap     ] GC(816) Archive regions: 2->2
[238.113s][info][gc,heap     ] GC(816) Humongous regions: 96->0
[238.113s][info][gc,metaspace] GC(816) Metaspace: 29090K(29504K)->29090K(29504K) NonClass: 25530K(25728K)->25530K(25728K) Class: 3559K(3776K)->3559K(3776K)
[238.113s][info][gc          ] GC(816) Pause Young (Concurrent Start) (G1 Humongous Allocation) 210M->16M(254M) 1.444ms
[238.113s][info][gc          ] GC(817) Concurrent Undo Cycle
[238.113s][info][gc,cpu      ] GC(816) User=0.00s Sys=0.00s Real=0.00s
[238.113s][info][gc,marking  ] GC(817) Concurrent Cleanup for Next Mark
[238.113s][info][gc,marking  ] GC(817) Concurrent Cleanup for Next Mark 0.117ms
[238.113s][info][gc          ] GC(817) Concurrent Undo Cycle 0.191ms
[238.621s][info][gc,start    ] GC(818) Pause Young (Concurrent Start) (G1 Humongous Allocation)
[238.621s][info][gc,task     ] GC(818) Using 8 workers of 8 for evacuation
[238.624s][info][gc,phases   ] GC(818)   Pre Evacuate Collection Set: 0.4ms
[238.624s][info][gc,phases   ] GC(818)   Merge Heap Roots: 0.2ms
[238.624s][info][gc,phases   ] GC(818)   Evacuate Collection Set: 1.3ms
[238.624s][info][gc,phases   ] GC(818)   Post Evacuate Collection Set: 0.8ms
[238.624s][info][gc,phases   ] GC(818)   Other: 0.2ms
[238.624s][info][gc,heap     ] GC(818) Eden regions: 1->0(75)
[238.624s][info][gc,heap     ] GC(818) Survivor regions: 1->1(10)
[238.625s][info][gc,heap     ] GC(818) Old regions: 8->8
[238.625s][info][gc,heap     ] GC(818) Archive regions: 2->2
[238.625s][info][gc,heap     ] GC(818) Humongous regions: 96->0
[238.625s][info][gc,metaspace] GC(818) Metaspace: 29090K(29504K)->29090K(29504K) NonClass: 25530K(25728K)->25530K(25728K) Class: 3559K(3776K)->3559K(3776K)
[238.625s][info][gc          ] GC(818) Pause Young (Concurrent Start) (G1 Humongous Allocation) 210M->16M(254M) 3.462ms
[238.625s][info][gc,cpu      ] GC(818) User=0.00s Sys=0.01s Real=0.00s
[238.625s][info][gc          ] GC(819) Concurrent Undo Cycle
[238.625s][info][gc,marking  ] GC(819) Concurrent Cleanup for Next Mark
[238.625s][info][gc,marking  ] GC(819) Concurrent Cleanup for Next Mark 0.150ms
[238.625s][info][gc          ] GC(819) Concurrent Undo Cycle 0.336ms
[239.145s][info][gc,start    ] GC(820) Pause Young (Concurrent Start) (G1 Humongous Allocation)
[239.145s][info][gc,task     ] GC(820) Using 8 workers of 8 for evacuation
[239.147s][info][gc,phases   ] GC(820)   Pre Evacuate Collection Set: 0.3ms
[239.147s][info][gc,phases   ] GC(820)   Merge Heap Roots: 0.1ms
[239.147s][info][gc,phases   ] GC(820)   Evacuate Collection Set: 0.9ms
[239.147s][info][gc,phases   ] GC(820)   Post Evacuate Collection Set: 0.4ms
[239.148s][info][gc,phases   ] GC(820)   Other: 0.1ms
[239.148s][info][gc,heap     ] GC(820) Eden regions: 1->0(75)
[239.148s][info][gc,heap     ] GC(820) Survivor regions: 1->1(10)
[239.148s][info][gc,heap     ] GC(820) Old regions: 8->8
[239.148s][info][gc,heap     ] GC(820) Archive regions: 2->2
[239.148s][info][gc,heap     ] GC(820) Humongous regions: 96->0
[239.148s][info][gc,metaspace] GC(820) Metaspace: 29090K(29504K)->29090K(29504K) NonClass: 25530K(25728K)->25530K(25728K) Class: 3559K(3776K)->3559K(3776K)
[239.148s][info][gc          ] GC(820) Pause Young (Concurrent Start) (G1 Humongous Allocation) 210M->16M(254M) 2.556ms
[239.148s][info][gc          ] GC(821) Concurrent Undo Cycle
[239.148s][info][gc,cpu      ] GC(820) User=0.00s Sys=0.00s Real=0.00s
[239.148s][info][gc,marking  ] GC(821) Concurrent Cleanup for Next Mark
[239.148s][info][gc,marking  ] GC(821) Concurrent Cleanup for Next Mark 0.256ms
[239.148s][info][gc          ] GC(821) Concurrent Undo Cycle 0.450ms
[239.665s][info][gc,start    ] GC(822) Pause Young (Concurrent Start) (G1 Humongous Allocation)
[239.665s][info][gc,task     ] GC(822) Using 8 workers of 8 for evacuation
[239.667s][info][gc,phases   ] GC(822)   Pre Evacuate Collection Set: 0.1ms
[239.667s][info][gc,phases   ] GC(822)   Merge Heap Roots: 0.1ms
[239.667s][info][gc,phases   ] GC(822)   Evacuate Collection Set: 0.5ms
[239.667s][info][gc,phases   ] GC(822)   Post Evacuate Collection Set: 0.4ms
[239.667s][info][gc,phases   ] GC(822)   Other: 0.1ms
[239.667s][info][gc,heap     ] GC(822) Eden regions: 1->0(75)
[239.667s][info][gc,heap     ] GC(822) Survivor regions: 1->1(10)
[239.667s][info][gc,heap     ] GC(822) Old regions: 8->8
[239.667s][info][gc,heap     ] GC(822) Archive regions: 2->2
[239.667s][info][gc,heap     ] GC(822) Humongous regions: 96->0
[239.667s][info][gc,metaspace] GC(822) Metaspace: 29090K(29504K)->29090K(29504K) NonClass: 25530K(25728K)->25530K(25728K) Class: 3559K(3776K)->3559K(3776K)
[239.667s][info][gc          ] GC(822) Pause Young (Concurrent Start) (G1 Humongous Allocation) 210M->16M(254M) 1.476ms
[239.667s][info][gc          ] GC(823) Concurrent Undo Cycle
[239.667s][info][gc,cpu      ] GC(822) User=0.00s Sys=0.00s Real=0.00s
[239.667s][info][gc,marking  ] GC(823) Concurrent Cleanup for Next Mark
[239.667s][info][gc,marking  ] GC(823) Concurrent Cleanup for Next Mark 0.101ms
[239.667s][info][gc          ] GC(823) Concurrent Undo Cycle 0.250ms
[240.181s][info][gc,start    ] GC(824) Pause Young (Concurrent Start) (G1 Humongous Allocation)
[240.181s][info][gc,task     ] GC(824) Using 8 workers of 8 for evacuation
[240.183s][info][gc,phases   ] GC(824)   Pre Evacuate Collection Set: 0.2ms
[240.183s][info][gc,phases   ] GC(824)   Merge Heap Roots: 0.0ms
[240.183s][info][gc,phases   ] GC(824)   Evacuate Collection Set: 0.7ms
[240.183s][info][gc,phases   ] GC(824)   Post Evacuate Collection Set: 0.3ms
[240.183s][info][gc,phases   ] GC(824)   Other: 0.1ms
[240.183s][info][gc,heap     ] GC(824) Eden regions: 1->0(75)
[240.183s][info][gc,heap     ] GC(824) Survivor regions: 1->1(10)
[240.183s][info][gc,heap     ] GC(824) Old regions: 8->8
[240.183s][info][gc,heap     ] GC(824) Archive regions: 2->2
[240.183s][info][gc,heap     ] GC(824) Humongous regions: 96->0
[240.183s][info][gc,metaspace] GC(824) Metaspace: 29090K(29504K)->29090K(29504K) NonClass: 25530K(25728K)->25530K(25728K) Class: 3559K(3776K)->3559K(3776K)
[240.183s][info][gc          ] GC(824) Pause Young (Concurrent Start) (G1 Humongous Allocation) 210M->16M(254M) 1.649ms
[240.183s][info][gc          ] GC(825) Concurrent Undo Cycle
[240.183s][info][gc,cpu      ] GC(824) User=0.00s Sys=0.00s Real=0.00s
[240.183s][info][gc,marking  ] GC(825) Concurrent Cleanup for Next Mark
[240.183s][info][gc,marking  ] GC(825) Concurrent Cleanup for Next Mark 0.108ms
[240.183s][info][gc          ] GC(825) Concurrent Undo Cycle 0.183ms
[240.694s][info][gc,start    ] GC(826) Pause Young (Concurrent Start) (G1 Humongous Allocation)
[240.694s][info][gc,task     ] GC(826) Using 8 workers of 8 for evacuation
[240.695s][info][gc,phases   ] GC(826)   Pre Evacuate Collection Set: 0.1ms
[240.696s][info][gc,phases   ] GC(826)   Merge Heap Roots: 0.1ms
[240.696s][info][gc,phases   ] GC(826)   Evacuate Collection Set: 0.6ms
[240.696s][info][gc,phases   ] GC(826)   Post Evacuate Collection Set: 0.3ms
[240.696s][info][gc,phases   ] GC(826)   Other: 0.2ms
[240.696s][info][gc,heap     ] GC(826) Eden regions: 1->0(75)
[240.696s][info][gc,heap     ] GC(826) Survivor regions: 1->1(10)
[240.696s][info][gc,heap     ] GC(826) Old regions: 8->8
[240.696s][info][gc,heap     ] GC(826) Archive regions: 2->2
[240.696s][info][gc,heap     ] GC(826) Humongous regions: 96->0
[240.696s][info][gc,metaspace] GC(826) Metaspace: 29090K(29504K)->29090K(29504K) NonClass: 25530K(25728K)->25530K(25728K) Class: 3559K(3776K)->3559K(3776K)
[240.696s][info][gc          ] GC(826) Pause Young (Concurrent Start) (G1 Humongous Allocation) 210M->16M(254M) 1.535ms
[240.696s][info][gc          ] GC(827) Concurrent Undo Cycle
[240.696s][info][gc,cpu      ] GC(826) User=0.00s Sys=0.00s Real=0.00s
[240.696s][info][gc,marking  ] GC(827) Concurrent Cleanup for Next Mark
[240.696s][info][gc,marking  ] GC(827) Concurrent Cleanup for Next Mark 0.078ms
[240.696s][info][gc          ] GC(827) Concurrent Undo Cycle 0.163ms
[241.208s][info][gc,start    ] GC(828) Pause Young (Concurrent Start) (G1 Humongous Allocation)
[241.208s][info][gc,task     ] GC(828) Using 8 workers of 8 for evacuation
[241.209s][info][gc,phases   ] GC(828)   Pre Evacuate Collection Set: 0.1ms
[241.209s][info][gc,phases   ] GC(828)   Merge Heap Roots: 0.0ms
[241.209s][info][gc,phases   ] GC(828)   Evacuate Collection Set: 0.5ms
[241.209s][info][gc,phases   ] GC(828)   Post Evacuate Collection Set: 0.3ms
[241.209s][info][gc,phases   ] GC(828)   Other: 0.1ms
[241.209s][info][gc,heap     ] GC(828) Eden regions: 1->0(75)
[241.209s][info][gc,heap     ] GC(828) Survivor regions: 1->1(10)
[241.210s][info][gc,heap     ] GC(828) Old regions: 8->8
[241.210s][info][gc,heap     ] GC(828) Archive regions: 2->2
[241.210s][info][gc,heap     ] GC(828) Humongous regions: 96->0
[241.210s][info][gc,metaspace] GC(828) Metaspace: 29090K(29504K)->29090K(29504K) NonClass: 25530K(25728K)->25530K(25728K) Class: 3559K(3776K)->3559K(3776K)
[241.210s][info][gc          ] GC(828) Pause Young (Concurrent Start) (G1 Humongous Allocation) 210M->16M(254M) 1.400ms
[241.210s][info][gc,cpu      ] GC(828) User=0.01s Sys=0.00s Real=0.00s
[241.210s][info][gc          ] GC(829) Concurrent Undo Cycle
[241.210s][info][gc,marking  ] GC(829) Concurrent Cleanup for Next Mark
[241.210s][info][gc,marking  ] GC(829) Concurrent Cleanup for Next Mark 0.086ms
[241.210s][info][gc          ] GC(829) Concurrent Undo Cycle 0.181ms
[241.721s][info][gc,start    ] GC(830) Pause Young (Concurrent Start) (G1 Humongous Allocation)
[241.721s][info][gc,task     ] GC(830) Using 8 workers of 8 for evacuation
[241.723s][info][gc,phases   ] GC(830)   Pre Evacuate Collection Set: 0.5ms
[241.723s][info][gc,phases   ] GC(830)   Merge Heap Roots: 0.1ms
[241.723s][info][gc,phases   ] GC(830)   Evacuate Collection Set: 0.6ms
[241.723s][info][gc,phases   ] GC(830)   Post Evacuate Collection Set: 0.3ms
[241.723s][info][gc,phases   ] GC(830)   Other: 0.1ms
[241.723s][info][gc,heap     ] GC(830) Eden regions: 1->0(75)
[241.723s][info][gc,heap     ] GC(830) Survivor regions: 1->1(10)
[241.723s][info][gc,heap     ] GC(830) Old regions: 8->8
[241.723s][info][gc,heap     ] GC(830) Archive regions: 2->2
[241.723s][info][gc,heap     ] GC(830) Humongous regions: 96->0
[241.723s][info][gc,metaspace] GC(830) Metaspace: 29090K(29504K)->29090K(29504K) NonClass: 25530K(25728K)->25530K(25728K) Class: 3559K(3776K)->3559K(3776K)
[241.723s][info][gc          ] GC(830) Pause Young (Concurrent Start) (G1 Humongous Allocation) 210M->16M(254M) 1.872ms
[241.723s][info][gc,cpu      ] GC(830) User=0.00s Sys=0.00s Real=0.00s
[241.723s][info][gc          ] GC(831) Concurrent Undo Cycle
[241.723s][info][gc,marking  ] GC(831) Concurrent Cleanup for Next Mark
[241.723s][info][gc,marking  ] GC(831) Concurrent Cleanup for Next Mark 0.071ms
[241.723s][info][gc          ] GC(831) Concurrent Undo Cycle 0.154ms
[242.242s][info][gc,start    ] GC(832) Pause Young (Concurrent Start) (G1 Humongous Allocation)
[242.242s][info][gc,task     ] GC(832) Using 8 workers of 8 for evacuation
[242.243s][info][gc,phases   ] GC(832)   Pre Evacuate Collection Set: 0.2ms
[242.243s][info][gc,phases   ] GC(832)   Merge Heap Roots: 0.0ms
[242.243s][info][gc,phases   ] GC(832)   Evacuate Collection Set: 0.8ms
[242.243s][info][gc,phases   ] GC(832)   Post Evacuate Collection Set: 0.3ms
[242.243s][info][gc,phases   ] GC(832)   Other: 0.1ms
[242.243s][info][gc,heap     ] GC(832) Eden regions: 1->0(75)
[242.243s][info][gc,heap     ] GC(832) Survivor regions: 1->1(10)
[242.243s][info][gc,heap     ] GC(832) Old regions: 8->8
[242.243s][info][gc,heap     ] GC(832) Archive regions: 2->2
[242.243s][info][gc,heap     ] GC(832) Humongous regions: 96->0
[242.243s][info][gc,metaspace] GC(832) Metaspace: 29090K(29504K)->29090K(29504K) NonClass: 25530K(25728K)->25530K(25728K) Class: 3559K(3776K)->3559K(3776K)
[242.243s][info][gc          ] GC(832) Pause Young (Concurrent Start) (G1 Humongous Allocation) 210M->16M(254M) 1.762ms
[242.243s][info][gc,cpu      ] GC(832) User=0.00s Sys=0.00s Real=0.00s
[242.244s][info][gc          ] GC(833) Concurrent Undo Cycle
[242.244s][info][gc,marking  ] GC(833) Concurrent Cleanup for Next Mark
[242.244s][info][gc,marking  ] GC(833) Concurrent Cleanup for Next Mark 0.110ms
[242.244s][info][gc          ] GC(833) Concurrent Undo Cycle 0.324ms
[242.758s][info][gc,start    ] GC(834) Pause Young (Concurrent Start) (G1 Humongous Allocation)
[242.758s][info][gc,task     ] GC(834) Using 8 workers of 8 for evacuation
[242.760s][info][gc,phases   ] GC(834)   Pre Evacuate Collection Set: 0.2ms
[242.760s][info][gc,phases   ] GC(834)   Merge Heap Roots: 0.1ms
[242.760s][info][gc,phases   ] GC(834)   Evacuate Collection Set: 0.5ms
[242.760s][info][gc,phases   ] GC(834)   Post Evacuate Collection Set: 0.4ms
[242.760s][info][gc,phases   ] GC(834)   Other: 0.0ms
[242.760s][info][gc,heap     ] GC(834) Eden regions: 1->0(75)
[242.760s][info][gc,heap     ] GC(834) Survivor regions: 1->1(10)
[242.760s][info][gc,heap     ] GC(834) Old regions: 8->8
[242.760s][info][gc,heap     ] GC(834) Archive regions: 2->2
[242.760s][info][gc,heap     ] GC(834) Humongous regions: 96->0
[242.760s][info][gc,metaspace] GC(834) Metaspace: 29090K(29504K)->29090K(29504K) NonClass: 25530K(25728K)->25530K(25728K) Class: 3559K(3776K)->3559K(3776K)
[242.760s][info][gc          ] GC(834) Pause Young (Concurrent Start) (G1 Humongous Allocation) 210M->16M(254M) 1.455ms
[242.760s][info][gc,cpu      ] GC(834) User=0.00s Sys=0.00s Real=0.00s
[242.760s][info][gc          ] GC(835) Concurrent Undo Cycle
[242.760s][info][gc,marking  ] GC(835) Concurrent Cleanup for Next Mark
[242.760s][info][gc,marking  ] GC(835) Concurrent Cleanup for Next Mark 0.060ms
[242.760s][info][gc          ] GC(835) Concurrent Undo Cycle 0.128ms
[243.271s][info][gc,start    ] GC(836) Pause Young (Concurrent Start) (G1 Humongous Allocation)
[243.271s][info][gc,task     ] GC(836) Using 8 workers of 8 for evacuation
[243.272s][info][gc,phases   ] GC(836)   Pre Evacuate Collection Set: 0.1ms
[243.272s][info][gc,phases   ] GC(836)   Merge Heap Roots: 0.0ms
[243.272s][info][gc,phases   ] GC(836)   Evacuate Collection Set: 0.5ms
[243.272s][info][gc,phases   ] GC(836)   Post Evacuate Collection Set: 0.3ms
[243.272s][info][gc,phases   ] GC(836)   Other: 0.1ms
[243.272s][info][gc,heap     ] GC(836) Eden regions: 1->0(75)
[243.272s][info][gc,heap     ] GC(836) Survivor regions: 1->1(10)
[243.272s][info][gc,heap     ] GC(836) Old regions: 8->8
[243.272s][info][gc,heap     ] GC(836) Archive regions: 2->2
[243.272s][info][gc,heap     ] GC(836) Humongous regions: 96->0
[243.272s][info][gc,metaspace] GC(836) Metaspace: 29090K(29504K)->29090K(29504K) NonClass: 25530K(25728K)->25530K(25728K) Class: 3559K(3776K)->3559K(3776K)
[243.272s][info][gc          ] GC(836) Pause Young (Concurrent Start) (G1 Humongous Allocation) 210M->16M(254M) 1.284ms
[243.272s][info][gc          ] GC(837) Concurrent Undo Cycle
[243.272s][info][gc,cpu      ] GC(836) User=0.00s Sys=0.00s Real=0.01s
[243.272s][info][gc,marking  ] GC(837) Concurrent Cleanup for Next Mark
[243.272s][info][gc,marking  ] GC(837) Concurrent Cleanup for Next Mark 0.107ms
[243.272s][info][gc          ] GC(837) Concurrent Undo Cycle 0.186ms
[243.785s][info][gc,start    ] GC(838) Pause Young (Concurrent Start) (G1 Humongous Allocation)
[243.785s][info][gc,task     ] GC(838) Using 8 workers of 8 for evacuation
[243.787s][info][gc,phases   ] GC(838)   Pre Evacuate Collection Set: 0.3ms
[243.787s][info][gc,phases   ] GC(838)   Merge Heap Roots: 0.1ms
[243.787s][info][gc,phases   ] GC(838)   Evacuate Collection Set: 1.0ms
[243.787s][info][gc,phases   ] GC(838)   Post Evacuate Collection Set: 0.7ms
[243.787s][info][gc,phases   ] GC(838)   Other: 0.1ms
[243.787s][info][gc,heap     ] GC(838) Eden regions: 1->0(75)
[243.787s][info][gc,heap     ] GC(838) Survivor regions: 1->1(10)
[243.787s][info][gc,heap     ] GC(838) Old regions: 8->8
[243.787s][info][gc,heap     ] GC(838) Archive regions: 2->2
[243.787s][info][gc,heap     ] GC(838) Humongous regions: 96->0
[243.787s][info][gc,metaspace] GC(838) Metaspace: 29090K(29504K)->29090K(29504K) NonClass: 25530K(25728K)->25530K(25728K) Class: 3559K(3776K)->3559K(3776K)
[243.787s][info][gc          ] GC(838) Pause Young (Concurrent Start) (G1 Humongous Allocation) 210M->16M(254M) 2.750ms
[243.787s][info][gc          ] GC(839) Concurrent Undo Cycle
[243.787s][info][gc,cpu      ] GC(838) User=0.01s Sys=0.00s Real=0.00s
[243.788s][info][gc,marking  ] GC(839) Concurrent Cleanup for Next Mark
[243.788s][info][gc,marking  ] GC(839) Concurrent Cleanup for Next Mark 0.250ms
[243.788s][info][gc          ] GC(839) Concurrent Undo Cycle 0.365ms
[244.304s][info][gc,start    ] GC(840) Pause Young (Concurrent Start) (G1 Humongous Allocation)
[244.304s][info][gc,task     ] GC(840) Using 8 workers of 8 for evacuation
[244.305s][info][gc,phases   ] GC(840)   Pre Evacuate Collection Set: 0.1ms
[244.305s][info][gc,phases   ] GC(840)   Merge Heap Roots: 0.0ms
[244.305s][info][gc,phases   ] GC(840)   Evacuate Collection Set: 0.5ms
[244.305s][info][gc,phases   ] GC(840)   Post Evacuate Collection Set: 0.2ms
[244.305s][info][gc,phases   ] GC(840)   Other: 0.1ms
[244.306s][info][gc,heap     ] GC(840) Eden regions: 1->0(75)
[244.306s][info][gc,heap     ] GC(840) Survivor regions: 1->1(10)
[244.306s][info][gc,heap     ] GC(840) Old regions: 8->8
[244.306s][info][gc,heap     ] GC(840) Archive regions: 2->2
[244.306s][info][gc,heap     ] GC(840) Humongous regions: 96->0
[244.306s][info][gc,metaspace] GC(840) Metaspace: 29090K(29504K)->29090K(29504K) NonClass: 25530K(25728K)->25530K(25728K) Class: 3559K(3776K)->3559K(3776K)
[244.306s][info][gc          ] GC(840) Pause Young (Concurrent Start) (G1 Humongous Allocation) 210M->16M(254M) 1.257ms
[244.306s][info][gc          ] GC(841) Concurrent Undo Cycle
[244.306s][info][gc,cpu      ] GC(840) User=0.00s Sys=0.01s Real=0.00s
[244.306s][info][gc,marking  ] GC(841) Concurrent Cleanup for Next Mark
[244.306s][info][gc,marking  ] GC(841) Concurrent Cleanup for Next Mark 0.085ms
[244.306s][info][gc          ] GC(841) Concurrent Undo Cycle 0.149ms
[244.824s][info][gc,start    ] GC(842) Pause Young (Concurrent Start) (G1 Humongous Allocation)
[244.824s][info][gc,task     ] GC(842) Using 8 workers of 8 for evacuation
[244.825s][info][gc,phases   ] GC(842)   Pre Evacuate Collection Set: 0.2ms
[244.825s][info][gc,phases   ] GC(842)   Merge Heap Roots: 0.1ms
[244.825s][info][gc,phases   ] GC(842)   Evacuate Collection Set: 0.6ms
[244.825s][info][gc,phases   ] GC(842)   Post Evacuate Collection Set: 0.2ms
[244.825s][info][gc,phases   ] GC(842)   Other: 0.1ms
[244.825s][info][gc,heap     ] GC(842) Eden regions: 1->0(75)
[244.825s][info][gc,heap     ] GC(842) Survivor regions: 1->1(10)
[244.825s][info][gc,heap     ] GC(842) Old regions: 8->8
[244.825s][info][gc,heap     ] GC(842) Archive regions: 2->2
[244.825s][info][gc,heap     ] GC(842) Humongous regions: 96->0
[244.825s][info][gc,metaspace] GC(842) Metaspace: 29090K(29504K)->29090K(29504K) NonClass: 25530K(25728K)->25530K(25728K) Class: 3559K(3776K)->3559K(3776K)
[244.825s][info][gc          ] GC(842) Pause Young (Concurrent Start) (G1 Humongous Allocation) 210M->16M(254M) 1.411ms
[244.825s][info][gc,cpu      ] GC(842) User=0.00s Sys=0.00s Real=0.00s
[244.825s][info][gc          ] GC(843) Concurrent Undo Cycle
[244.826s][info][gc,marking  ] GC(843) Concurrent Cleanup for Next Mark
[244.826s][info][gc,marking  ] GC(843) Concurrent Cleanup for Next Mark 0.064ms
[244.826s][info][gc          ] GC(843) Concurrent Undo Cycle 0.127ms
[245.336s][info][gc,start    ] GC(844) Pause Young (Concurrent Start) (G1 Humongous Allocation)
[245.336s][info][gc,task     ] GC(844) Using 8 workers of 8 for evacuation
[245.339s][info][gc,phases   ] GC(844)   Pre Evacuate Collection Set: 0.6ms
[245.339s][info][gc,phases   ] GC(844)   Merge Heap Roots: 0.2ms
[245.339s][info][gc,phases   ] GC(844)   Evacuate Collection Set: 1.3ms
[245.339s][info][gc,phases   ] GC(844)   Post Evacuate Collection Set: 0.8ms
[245.340s][info][gc,phases   ] GC(844)   Other: 0.2ms
[245.340s][info][gc,heap     ] GC(844) Eden regions: 1->0(75)
[245.340s][info][gc,heap     ] GC(844) Survivor regions: 1->1(10)
[245.340s][info][gc,heap     ] GC(844) Old regions: 8->8
[245.340s][info][gc,heap     ] GC(844) Archive regions: 2->2
[245.340s][info][gc,heap     ] GC(844) Humongous regions: 96->0
[245.340s][info][gc,metaspace] GC(844) Metaspace: 29090K(29504K)->29090K(29504K) NonClass: 25530K(25728K)->25530K(25728K) Class: 3559K(3776K)->3559K(3776K)
[245.340s][info][gc          ] GC(844) Pause Young (Concurrent Start) (G1 Humongous Allocation) 210M->16M(254M) 4.028ms
[245.340s][info][gc,cpu      ] GC(844) User=0.00s Sys=0.00s Real=0.00s
[245.340s][info][gc          ] GC(845) Concurrent Undo Cycle
[245.340s][info][gc,marking  ] GC(845) Concurrent Cleanup for Next Mark
[245.340s][info][gc,marking  ] GC(845) Concurrent Cleanup for Next Mark 0.122ms
[245.340s][info][gc          ] GC(845) Concurrent Undo Cycle 0.351ms
[245.856s][info][gc,start    ] GC(846) Pause Young (Concurrent Start) (G1 Humongous Allocation)
[245.856s][info][gc,task     ] GC(846) Using 8 workers of 8 for evacuation
[245.858s][info][gc,phases   ] GC(846)   Pre Evacuate Collection Set: 0.5ms
[245.858s][info][gc,phases   ] GC(846)   Merge Heap Roots: 0.1ms
[245.859s][info][gc,phases   ] GC(846)   Evacuate Collection Set: 1.3ms
[245.859s][info][gc,phases   ] GC(846)   Post Evacuate Collection Set: 0.6ms
[245.859s][info][gc,phases   ] GC(846)   Other: 0.2ms
[245.859s][info][gc,heap     ] GC(846) Eden regions: 1->0(75)
[245.859s][info][gc,heap     ] GC(846) Survivor regions: 1->1(10)
[245.859s][info][gc,heap     ] GC(846) Old regions: 8->8
[245.859s][info][gc,heap     ] GC(846) Archive regions: 2->2
[245.859s][info][gc,heap     ] GC(846) Humongous regions: 96->0
[245.859s][info][gc,metaspace] GC(846) Metaspace: 29090K(29504K)->29090K(29504K) NonClass: 25530K(25728K)->25530K(25728K) Class: 3559K(3776K)->3559K(3776K)
[245.859s][info][gc          ] GC(846) Pause Young (Concurrent Start) (G1 Humongous Allocation) 210M->16M(254M) 3.127ms
[245.859s][info][gc,cpu      ] GC(846) User=0.01s Sys=0.00s Real=0.00s
[245.859s][info][gc          ] GC(847) Concurrent Undo Cycle
[245.859s][info][gc,marking  ] GC(847) Concurrent Cleanup for Next Mark
[245.859s][info][gc,marking  ] GC(847) Concurrent Cleanup for Next Mark 0.147ms
[245.859s][info][gc          ] GC(847) Concurrent Undo Cycle 0.318ms
[246.374s][info][gc,start    ] GC(848) Pause Young (Concurrent Start) (G1 Humongous Allocation)
[246.374s][info][gc,task     ] GC(848) Using 8 workers of 8 for evacuation
[246.375s][info][gc,phases   ] GC(848)   Pre Evacuate Collection Set: 0.2ms
[246.375s][info][gc,phases   ] GC(848)   Merge Heap Roots: 0.1ms
[246.375s][info][gc,phases   ] GC(848)   Evacuate Collection Set: 0.6ms
[246.375s][info][gc,phases   ] GC(848)   Post Evacuate Collection Set: 0.4ms
[246.375s][info][gc,phases   ] GC(848)   Other: 0.1ms
[246.375s][info][gc,heap     ] GC(848) Eden regions: 2->0(75)
[246.375s][info][gc,heap     ] GC(848) Survivor regions: 1->1(10)
[246.375s][info][gc,heap     ] GC(848) Old regions: 8->8
[246.375s][info][gc,heap     ] GC(848) Archive regions: 2->2
[246.375s][info][gc,heap     ] GC(848) Humongous regions: 96->0
[246.375s][info][gc,metaspace] GC(848) Metaspace: 29090K(29504K)->29090K(29504K) NonClass: 25530K(25728K)->25530K(25728K) Class: 3559K(3776K)->3559K(3776K)
[246.376s][info][gc          ] GC(848) Pause Young (Concurrent Start) (G1 Humongous Allocation) 210M->16M(254M) 1.718ms
[246.376s][info][gc,cpu      ] GC(848) User=0.00s Sys=0.00s Real=0.00s
[246.376s][info][gc          ] GC(849) Concurrent Undo Cycle
[246.376s][info][gc,marking  ] GC(849) Concurrent Cleanup for Next Mark
[246.376s][info][gc,marking  ] GC(849) Concurrent Cleanup for Next Mark 0.114ms
[246.376s][info][gc          ] GC(849) Concurrent Undo Cycle 0.258ms
[246.892s][info][gc,start    ] GC(850) Pause Young (Concurrent Start) (G1 Humongous Allocation)
[246.892s][info][gc,task     ] GC(850) Using 8 workers of 8 for evacuation
[246.894s][info][gc,phases   ] GC(850)   Pre Evacuate Collection Set: 0.2ms
[246.894s][info][gc,phases   ] GC(850)   Merge Heap Roots: 0.1ms
[246.894s][info][gc,phases   ] GC(850)   Evacuate Collection Set: 1.0ms
[246.894s][info][gc,phases   ] GC(850)   Post Evacuate Collection Set: 0.8ms
[246.894s][info][gc,phases   ] GC(850)   Other: 0.2ms
[246.894s][info][gc,heap     ] GC(850) Eden regions: 1->0(75)
[246.894s][info][gc,heap     ] GC(850) Survivor regions: 1->1(10)
[246.894s][info][gc,heap     ] GC(850) Old regions: 8->8
[246.894s][info][gc,heap     ] GC(850) Archive regions: 2->2
[246.894s][info][gc,heap     ] GC(850) Humongous regions: 96->0
[246.894s][info][gc,metaspace] GC(850) Metaspace: 29090K(29504K)->29090K(29504K) NonClass: 25530K(25728K)->25530K(25728K) Class: 3559K(3776K)->3559K(3776K)
[246.894s][info][gc          ] GC(850) Pause Young (Concurrent Start) (G1 Humongous Allocation) 210M->16M(254M) 2.787ms
[246.894s][info][gc,cpu      ] GC(850) User=0.00s Sys=0.00s Real=0.00s
[246.894s][info][gc          ] GC(851) Concurrent Undo Cycle
[246.895s][info][gc,marking  ] GC(851) Concurrent Cleanup for Next Mark
[246.895s][info][gc,marking  ] GC(851) Concurrent Cleanup for Next Mark 0.147ms
[246.895s][info][gc          ] GC(851) Concurrent Undo Cycle 0.325ms
[247.411s][info][gc,start    ] GC(852) Pause Young (Concurrent Start) (G1 Humongous Allocation)
[247.411s][info][gc,task     ] GC(852) Using 8 workers of 8 for evacuation
[247.414s][info][gc,phases   ] GC(852)   Pre Evacuate Collection Set: 0.4ms
[247.414s][info][gc,phases   ] GC(852)   Merge Heap Roots: 0.2ms
[247.414s][info][gc,phases   ] GC(852)   Evacuate Collection Set: 1.2ms
[247.414s][info][gc,phases   ] GC(852)   Post Evacuate Collection Set: 0.5ms
[247.414s][info][gc,phases   ] GC(852)   Other: 0.2ms
[247.414s][info][gc,heap     ] GC(852) Eden regions: 2->0(75)
[247.414s][info][gc,heap     ] GC(852) Survivor regions: 1->1(10)
[247.414s][info][gc,heap     ] GC(852) Old regions: 8->8
[247.414s][info][gc,heap     ] GC(852) Archive regions: 2->2
[247.414s][info][gc,heap     ] GC(852) Humongous regions: 96->0
[247.414s][info][gc,metaspace] GC(852) Metaspace: 29090K(29504K)->29090K(29504K) NonClass: 25530K(25728K)->25530K(25728K) Class: 3559K(3776K)->3559K(3776K)
[247.414s][info][gc          ] GC(852) Pause Young (Concurrent Start) (G1 Humongous Allocation) 210M->16M(254M) 3.036ms
[247.414s][info][gc,cpu      ] GC(852) User=0.00s Sys=0.00s Real=0.00s
[247.414s][info][gc          ] GC(853) Concurrent Undo Cycle
[247.414s][info][gc,marking  ] GC(853) Concurrent Cleanup for Next Mark
[247.414s][info][gc,marking  ] GC(853) Concurrent Cleanup for Next Mark 0.143ms
[247.414s][info][gc          ] GC(853) Concurrent Undo Cycle 0.321ms
[247.934s][info][gc,start    ] GC(854) Pause Young (Concurrent Start) (G1 Humongous Allocation)
[247.934s][info][gc,task     ] GC(854) Using 8 workers of 8 for evacuation
[247.937s][info][gc,phases   ] GC(854)   Pre Evacuate Collection Set: 0.4ms
[247.937s][info][gc,phases   ] GC(854)   Merge Heap Roots: 0.2ms
[247.937s][info][gc,phases   ] GC(854)   Evacuate Collection Set: 1.2ms
[247.937s][info][gc,phases   ] GC(854)   Post Evacuate Collection Set: 0.8ms
[247.937s][info][gc,phases   ] GC(854)   Other: 0.2ms
[247.937s][info][gc,heap     ] GC(854) Eden regions: 1->0(75)
[247.937s][info][gc,heap     ] GC(854) Survivor regions: 1->1(10)
[247.937s][info][gc,heap     ] GC(854) Old regions: 8->8
[247.937s][info][gc,heap     ] GC(854) Archive regions: 2->2
[247.937s][info][gc,heap     ] GC(854) Humongous regions: 96->0
[247.937s][info][gc,metaspace] GC(854) Metaspace: 29090K(29504K)->29090K(29504K) NonClass: 25530K(25728K)->25530K(25728K) Class: 3559K(3776K)->3559K(3776K)
[247.938s][info][gc          ] GC(854) Pause Young (Concurrent Start) (G1 Humongous Allocation) 209M->16M(254M) 3.364ms
[247.938s][info][gc,cpu      ] GC(854) User=0.01s Sys=0.00s Real=0.00s
[247.938s][info][gc          ] GC(855) Concurrent Undo Cycle
[247.938s][info][gc,marking  ] GC(855) Concurrent Cleanup for Next Mark
[247.938s][info][gc,marking  ] GC(855) Concurrent Cleanup for Next Mark 0.171ms
[247.938s][info][gc          ] GC(855) Concurrent Undo Cycle 0.434ms
[248.459s][info][gc,start    ] GC(856) Pause Young (Concurrent Start) (G1 Humongous Allocation)
[248.459s][info][gc,task     ] GC(856) Using 8 workers of 8 for evacuation
[248.462s][info][gc,phases   ] GC(856)   Pre Evacuate Collection Set: 0.4ms
[248.462s][info][gc,phases   ] GC(856)   Merge Heap Roots: 0.2ms
[248.462s][info][gc,phases   ] GC(856)   Evacuate Collection Set: 1.3ms
[248.462s][info][gc,phases   ] GC(856)   Post Evacuate Collection Set: 0.8ms
[248.462s][info][gc,phases   ] GC(856)   Other: 0.2ms
[248.462s][info][gc,heap     ] GC(856) Eden regions: 2->0(75)
[248.462s][info][gc,heap     ] GC(856) Survivor regions: 1->1(10)
[248.462s][info][gc,heap     ] GC(856) Old regions: 8->8
[248.462s][info][gc,heap     ] GC(856) Archive regions: 2->2
[248.462s][info][gc,heap     ] GC(856) Humongous regions: 96->0
[248.462s][info][gc,metaspace] GC(856) Metaspace: 29090K(29504K)->29090K(29504K) NonClass: 25530K(25728K)->25530K(25728K) Class: 3559K(3776K)->3559K(3776K)
[248.462s][info][gc          ] GC(856) Pause Young (Concurrent Start) (G1 Humongous Allocation) 210M->16M(254M) 3.595ms
[248.462s][info][gc,cpu      ] GC(856) User=0.00s Sys=0.00s Real=0.01s
[248.463s][info][gc          ] GC(857) Concurrent Undo Cycle
[248.463s][info][gc,marking  ] GC(857) Concurrent Cleanup for Next Mark
[248.463s][info][gc,marking  ] GC(857) Concurrent Cleanup for Next Mark 0.217ms
[248.463s][info][gc          ] GC(857) Concurrent Undo Cycle 0.457ms
[248.984s][info][gc,start    ] GC(858) Pause Young (Concurrent Start) (G1 Humongous Allocation)
[248.984s][info][gc,task     ] GC(858) Using 8 workers of 8 for evacuation
[248.987s][info][gc,phases   ] GC(858)   Pre Evacuate Collection Set: 0.4ms
[248.987s][info][gc,phases   ] GC(858)   Merge Heap Roots: 0.2ms
[248.987s][info][gc,phases   ] GC(858)   Evacuate Collection Set: 1.3ms
[248.987s][info][gc,phases   ] GC(858)   Post Evacuate Collection Set: 0.9ms
[248.987s][info][gc,phases   ] GC(858)   Other: 0.2ms
[248.987s][info][gc,heap     ] GC(858) Eden regions: 1->0(75)
[248.987s][info][gc,heap     ] GC(858) Survivor regions: 1->1(10)
[248.987s][info][gc,heap     ] GC(858) Old regions: 8->8
[248.987s][info][gc,heap     ] GC(858) Archive regions: 2->2
[248.987s][info][gc,heap     ] GC(858) Humongous regions: 96->0
[248.987s][info][gc,metaspace] GC(858) Metaspace: 29090K(29504K)->29090K(29504K) NonClass: 25530K(25728K)->25530K(25728K) Class: 3559K(3776K)->3559K(3776K)
[248.987s][info][gc          ] GC(858) Pause Young (Concurrent Start) (G1 Humongous Allocation) 209M->16M(254M) 3.507ms
[248.987s][info][gc,cpu      ] GC(858) User=0.01s Sys=0.01s Real=0.00s
[248.987s][info][gc          ] GC(859) Concurrent Undo Cycle
[248.987s][info][gc,marking  ] GC(859) Concurrent Cleanup for Next Mark
[248.987s][info][gc,marking  ] GC(859) Concurrent Cleanup for Next Mark 0.111ms
[248.987s][info][gc          ] GC(859) Concurrent Undo Cycle 0.260ms
[249.508s][info][gc,start    ] GC(860) Pause Young (Concurrent Start) (G1 Humongous Allocation)
[249.508s][info][gc,task     ] GC(860) Using 8 workers of 8 for evacuation
[249.511s][info][gc,phases   ] GC(860)   Pre Evacuate Collection Set: 0.5ms
[249.511s][info][gc,phases   ] GC(860)   Merge Heap Roots: 0.2ms
[249.511s][info][gc,phases   ] GC(860)   Evacuate Collection Set: 1.2ms
[249.511s][info][gc,phases   ] GC(860)   Post Evacuate Collection Set: 0.8ms
[249.511s][info][gc,phases   ] GC(860)   Other: 0.2ms
[249.511s][info][gc,heap     ] GC(860) Eden regions: 2->0(75)
[249.511s][info][gc,heap     ] GC(860) Survivor regions: 1->1(10)
[249.511s][info][gc,heap     ] GC(860) Old regions: 8->8
[249.511s][info][gc,heap     ] GC(860) Archive regions: 2->2
[249.511s][info][gc,heap     ] GC(860) Humongous regions: 96->0
[249.511s][info][gc,metaspace] GC(860) Metaspace: 29090K(29504K)->29090K(29504K) NonClass: 25530K(25728K)->25530K(25728K) Class: 3559K(3776K)->3559K(3776K)
[249.511s][info][gc          ] GC(860) Pause Young (Concurrent Start) (G1 Humongous Allocation) 210M->16M(254M) 3.420ms
[249.511s][info][gc,cpu      ] GC(860) User=0.01s Sys=0.00s Real=0.01s
[249.512s][info][gc          ] GC(861) Concurrent Undo Cycle
[249.512s][info][gc,marking  ] GC(861) Concurrent Cleanup for Next Mark
[249.512s][info][gc,marking  ] GC(861) Concurrent Cleanup for Next Mark 0.227ms
[249.512s][info][gc          ] GC(861) Concurrent Undo Cycle 0.466ms
[250.028s][info][gc,start    ] GC(862) Pause Young (Concurrent Start) (G1 Humongous Allocation)
[250.029s][info][gc,task     ] GC(862) Using 8 workers of 8 for evacuation
[250.032s][info][gc,phases   ] GC(862)   Pre Evacuate Collection Set: 0.4ms
[250.032s][info][gc,phases   ] GC(862)   Merge Heap Roots: 0.2ms
[250.032s][info][gc,phases   ] GC(862)   Evacuate Collection Set: 1.3ms
[250.032s][info][gc,phases   ] GC(862)   Post Evacuate Collection Set: 1.0ms
[250.032s][info][gc,phases   ] GC(862)   Other: 0.2ms
[250.032s][info][gc,heap     ] GC(862) Eden regions: 1->0(75)
[250.032s][info][gc,heap     ] GC(862) Survivor regions: 1->1(10)
[250.032s][info][gc,heap     ] GC(862) Old regions: 8->8
[250.032s][info][gc,heap     ] GC(862) Archive regions: 2->2
[250.032s][info][gc,heap     ] GC(862) Humongous regions: 96->0
[250.032s][info][gc,metaspace] GC(862) Metaspace: 29090K(29504K)->29090K(29504K) NonClass: 25530K(25728K)->25530K(25728K) Class: 3559K(3776K)->3559K(3776K)
[250.032s][info][gc          ] GC(862) Pause Young (Concurrent Start) (G1 Humongous Allocation) 209M->16M(254M) 3.663ms
[250.032s][info][gc,cpu      ] GC(862) User=0.00s Sys=0.01s Real=0.01s
[250.032s][info][gc          ] GC(863) Concurrent Undo Cycle
[250.032s][info][gc,marking  ] GC(863) Concurrent Cleanup for Next Mark
[250.032s][info][gc,marking  ] GC(863) Concurrent Cleanup for Next Mark 0.121ms
[250.032s][info][gc          ] GC(863) Concurrent Undo Cycle 0.322ms
[250.552s][info][gc,start    ] GC(864) Pause Young (Concurrent Start) (G1 Humongous Allocation)
[250.552s][info][gc,task     ] GC(864) Using 8 workers of 8 for evacuation
[250.554s][info][gc,phases   ] GC(864)   Pre Evacuate Collection Set: 0.3ms
[250.554s][info][gc,phases   ] GC(864)   Merge Heap Roots: 0.1ms
[250.554s][info][gc,phases   ] GC(864)   Evacuate Collection Set: 0.9ms
[250.554s][info][gc,phases   ] GC(864)   Post Evacuate Collection Set: 0.5ms
[250.554s][info][gc,phases   ] GC(864)   Other: 0.1ms
[250.554s][info][gc,heap     ] GC(864) Eden regions: 2->0(75)
[250.554s][info][gc,heap     ] GC(864) Survivor regions: 1->1(10)
[250.554s][info][gc,heap     ] GC(864) Old regions: 8->8
[250.554s][info][gc,heap     ] GC(864) Archive regions: 2->2
[250.554s][info][gc,heap     ] GC(864) Humongous regions: 96->0
[250.554s][info][gc,metaspace] GC(864) Metaspace: 29090K(29504K)->29090K(29504K) NonClass: 25530K(25728K)->25530K(25728K) Class: 3559K(3776K)->3559K(3776K)
[250.554s][info][gc          ] GC(864) Pause Young (Concurrent Start) (G1 Humongous Allocation) 210M->16M(254M) 2.446ms
[250.554s][info][gc,cpu      ] GC(864) User=0.00s Sys=0.00s Real=0.00s
[250.554s][info][gc          ] GC(865) Concurrent Undo Cycle
[250.554s][info][gc,marking  ] GC(865) Concurrent Cleanup for Next Mark
[250.554s][info][gc,marking  ] GC(865) Concurrent Cleanup for Next Mark 0.094ms
[250.554s][info][gc          ] GC(865) Concurrent Undo Cycle 0.224ms
[251.073s][info][gc,start    ] GC(866) Pause Young (Concurrent Start) (G1 Humongous Allocation)
[251.073s][info][gc,task     ] GC(866) Using 8 workers of 8 for evacuation
[251.074s][info][gc,phases   ] GC(866)   Pre Evacuate Collection Set: 0.1ms
[251.074s][info][gc,phases   ] GC(866)   Merge Heap Roots: 0.0ms
[251.074s][info][gc,phases   ] GC(866)   Evacuate Collection Set: 0.5ms
[251.074s][info][gc,phases   ] GC(866)   Post Evacuate Collection Set: 0.2ms
[251.074s][info][gc,phases   ] GC(866)   Other: 0.0ms
[251.074s][info][gc,heap     ] GC(866) Eden regions: 1->0(75)
[251.074s][info][gc,heap     ] GC(866) Survivor regions: 1->1(10)
[251.074s][info][gc,heap     ] GC(866) Old regions: 8->8
[251.074s][info][gc,heap     ] GC(866) Archive regions: 2->2
[251.074s][info][gc,heap     ] GC(866) Humongous regions: 96->0
[251.074s][info][gc,metaspace] GC(866) Metaspace: 29090K(29504K)->29090K(29504K) NonClass: 25530K(25728K)->25530K(25728K) Class: 3559K(3776K)->3559K(3776K)
[251.074s][info][gc          ] GC(866) Pause Young (Concurrent Start) (G1 Humongous Allocation) 210M->16M(254M) 1.141ms
[251.074s][info][gc          ] GC(867) Concurrent Undo Cycle
[251.074s][info][gc,cpu      ] GC(866) User=0.00s Sys=0.00s Real=0.00s
[251.074s][info][gc,marking  ] GC(867) Concurrent Cleanup for Next Mark
[251.074s][info][gc,marking  ] GC(867) Concurrent Cleanup for Next Mark 0.054ms
[251.074s][info][gc          ] GC(867) Concurrent Undo Cycle 0.118ms
[251.586s][info][gc,start    ] GC(868) Pause Young (Concurrent Start) (G1 Humongous Allocation)
[251.587s][info][gc,task     ] GC(868) Using 8 workers of 8 for evacuation
[251.589s][info][gc,phases   ] GC(868)   Pre Evacuate Collection Set: 0.4ms
[251.589s][info][gc,phases   ] GC(868)   Merge Heap Roots: 0.2ms
[251.589s][info][gc,phases   ] GC(868)   Evacuate Collection Set: 0.8ms
[251.589s][info][gc,phases   ] GC(868)   Post Evacuate Collection Set: 0.6ms
[251.589s][info][gc,phases   ] GC(868)   Other: 0.2ms
[251.589s][info][gc,heap     ] GC(868) Eden regions: 1->0(75)
[251.589s][info][gc,heap     ] GC(868) Survivor regions: 1->1(10)
[251.589s][info][gc,heap     ] GC(868) Old regions: 8->8
[251.589s][info][gc,heap     ] GC(868) Archive regions: 2->2
[251.589s][info][gc,heap     ] GC(868) Humongous regions: 96->0
[251.589s][info][gc,metaspace] GC(868) Metaspace: 29090K(29504K)->29090K(29504K) NonClass: 25530K(25728K)->25530K(25728K) Class: 3559K(3776K)->3559K(3776K)
[251.589s][info][gc          ] GC(868) Pause Young (Concurrent Start) (G1 Humongous Allocation) 210M->16M(254M) 2.579ms
[251.589s][info][gc          ] GC(869) Concurrent Undo Cycle
[251.589s][info][gc,cpu      ] GC(868) User=0.01s Sys=0.00s Real=0.00s
[251.589s][info][gc,marking  ] GC(869) Concurrent Cleanup for Next Mark
[251.589s][info][gc,marking  ] GC(869) Concurrent Cleanup for Next Mark 0.217ms
[251.589s][info][gc          ] GC(869) Concurrent Undo Cycle 0.467ms
[252.107s][info][gc,start    ] GC(870) Pause Young (Concurrent Start) (G1 Humongous Allocation)
[252.107s][info][gc,task     ] GC(870) Using 8 workers of 8 for evacuation
[252.108s][info][gc,phases   ] GC(870)   Pre Evacuate Collection Set: 0.1ms
[252.108s][info][gc,phases   ] GC(870)   Merge Heap Roots: 0.0ms
[252.108s][info][gc,phases   ] GC(870)   Evacuate Collection Set: 0.5ms
[252.108s][info][gc,phases   ] GC(870)   Post Evacuate Collection Set: 0.2ms
[252.108s][info][gc,phases   ] GC(870)   Other: 0.0ms
[252.108s][info][gc,heap     ] GC(870) Eden regions: 1->0(75)
[252.108s][info][gc,heap     ] GC(870) Survivor regions: 1->1(10)
[252.108s][info][gc,heap     ] GC(870) Old regions: 8->8
[252.108s][info][gc,heap     ] GC(870) Archive regions: 2->2
[252.108s][info][gc,heap     ] GC(870) Humongous regions: 96->0
[252.108s][info][gc,metaspace] GC(870) Metaspace: 29090K(29504K)->29090K(29504K) NonClass: 25530K(25728K)->25530K(25728K) Class: 3559K(3776K)->3559K(3776K)
[252.108s][info][gc          ] GC(870) Pause Young (Concurrent Start) (G1 Humongous Allocation) 210M->16M(254M) 1.052ms
[252.108s][info][gc          ] GC(871) Concurrent Undo Cycle
[252.108s][info][gc,cpu      ] GC(870) User=0.00s Sys=0.00s Real=0.00s
[252.108s][info][gc,marking  ] GC(871) Concurrent Cleanup for Next Mark
[252.108s][info][gc,marking  ] GC(871) Concurrent Cleanup for Next Mark 0.052ms
[252.108s][info][gc          ] GC(871) Concurrent Undo Cycle 0.097ms
[252.621s][info][gc,start    ] GC(872) Pause Young (Concurrent Start) (G1 Humongous Allocation)
[252.621s][info][gc,task     ] GC(872) Using 8 workers of 8 for evacuation
[252.623s][info][gc,phases   ] GC(872)   Pre Evacuate Collection Set: 0.6ms
[252.623s][info][gc,phases   ] GC(872)   Merge Heap Roots: 0.1ms
[252.623s][info][gc,phases   ] GC(872)   Evacuate Collection Set: 0.6ms
[252.623s][info][gc,phases   ] GC(872)   Post Evacuate Collection Set: 0.3ms
[252.623s][info][gc,phases   ] GC(872)   Other: 0.1ms
[252.623s][info][gc,heap     ] GC(872) Eden regions: 1->0(75)
[252.623s][info][gc,heap     ] GC(872) Survivor regions: 1->1(10)
[252.623s][info][gc,heap     ] GC(872) Old regions: 8->8
[252.623s][info][gc,heap     ] GC(872) Archive regions: 2->2
[252.623s][info][gc,heap     ] GC(872) Humongous regions: 96->0
[252.623s][info][gc,metaspace] GC(872) Metaspace: 29090K(29504K)->29090K(29504K) NonClass: 25530K(25728K)->25530K(25728K) Class: 3559K(3776K)->3559K(3776K)
[252.623s][info][gc          ] GC(872) Pause Young (Concurrent Start) (G1 Humongous Allocation) 210M->16M(254M) 1.957ms
[252.623s][info][gc          ] GC(873) Concurrent Undo Cycle
[252.623s][info][gc,cpu      ] GC(872) User=0.00s Sys=0.01s Real=0.00s
[252.623s][info][gc,marking  ] GC(873) Concurrent Cleanup for Next Mark
[252.623s][info][gc,marking  ] GC(873) Concurrent Cleanup for Next Mark 0.065ms
[252.623s][info][gc          ] GC(873) Concurrent Undo Cycle 0.133ms
[253.135s][info][gc,start    ] GC(874) Pause Young (Concurrent Start) (G1 Humongous Allocation)
[253.135s][info][gc,task     ] GC(874) Using 8 workers of 8 for evacuation
[253.139s][info][gc,phases   ] GC(874)   Pre Evacuate Collection Set: 0.5ms
[253.139s][info][gc,phases   ] GC(874)   Merge Heap Roots: 0.1ms
[253.139s][info][gc,phases   ] GC(874)   Evacuate Collection Set: 1.3ms
[253.139s][info][gc,phases   ] GC(874)   Post Evacuate Collection Set: 1.0ms
[253.139s][info][gc,phases   ] GC(874)   Other: 0.2ms
[253.139s][info][gc,heap     ] GC(874) Eden regions: 1->0(75)
[253.139s][info][gc,heap     ] GC(874) Survivor regions: 1->1(10)
[253.139s][info][gc,heap     ] GC(874) Old regions: 8->8
[253.139s][info][gc,heap     ] GC(874) Archive regions: 2->2
[253.139s][info][gc,heap     ] GC(874) Humongous regions: 96->0
[253.139s][info][gc,metaspace] GC(874) Metaspace: 29090K(29504K)->29090K(29504K) NonClass: 25530K(25728K)->25530K(25728K) Class: 3559K(3776K)->3559K(3776K)
[253.139s][info][gc          ] GC(874) Pause Young (Concurrent Start) (G1 Humongous Allocation) 210M->16M(254M) 3.827ms
[253.139s][info][gc,cpu      ] GC(874) User=0.01s Sys=0.00s Real=0.00s
[253.139s][info][gc          ] GC(875) Concurrent Undo Cycle
[253.139s][info][gc,marking  ] GC(875) Concurrent Cleanup for Next Mark
[253.140s][info][gc,marking  ] GC(875) Concurrent Cleanup for Next Mark 0.218ms
[253.140s][info][gc          ] GC(875) Concurrent Undo Cycle 0.528ms
[253.662s][info][gc,start    ] GC(876) Pause Young (Concurrent Start) (G1 Humongous Allocation)
[253.662s][info][gc,task     ] GC(876) Using 8 workers of 8 for evacuation
[253.665s][info][gc,phases   ] GC(876)   Pre Evacuate Collection Set: 0.4ms
[253.665s][info][gc,phases   ] GC(876)   Merge Heap Roots: 0.2ms
[253.665s][info][gc,phases   ] GC(876)   Evacuate Collection Set: 1.2ms
[253.665s][info][gc,phases   ] GC(876)   Post Evacuate Collection Set: 0.8ms
[253.665s][info][gc,phases   ] GC(876)   Other: 0.1ms
[253.665s][info][gc,heap     ] GC(876) Eden regions: 1->0(75)
[253.665s][info][gc,heap     ] GC(876) Survivor regions: 1->1(10)
[253.665s][info][gc,heap     ] GC(876) Old regions: 8->8
[253.665s][info][gc,heap     ] GC(876) Archive regions: 2->2
[253.665s][info][gc,heap     ] GC(876) Humongous regions: 96->0
[253.665s][info][gc,metaspace] GC(876) Metaspace: 29090K(29504K)->29090K(29504K) NonClass: 25530K(25728K)->25530K(25728K) Class: 3559K(3776K)->3559K(3776K)
[253.665s][info][gc          ] GC(876) Pause Young (Concurrent Start) (G1 Humongous Allocation) 210M->16M(254M) 3.254ms
[253.665s][info][gc,cpu      ] GC(876) User=0.00s Sys=0.00s Real=0.00s
[253.665s][info][gc          ] GC(877) Concurrent Undo Cycle
[253.665s][info][gc,marking  ] GC(877) Concurrent Cleanup for Next Mark
[253.665s][info][gc,marking  ] GC(877) Concurrent Cleanup for Next Mark 0.196ms
[253.665s][info][gc          ] GC(877) Concurrent Undo Cycle 0.353ms
[254.185s][info][gc,start    ] GC(878) Pause Young (Concurrent Start) (G1 Humongous Allocation)
[254.185s][info][gc,task     ] GC(878) Using 8 workers of 8 for evacuation
[254.187s][info][gc,phases   ] GC(878)   Pre Evacuate Collection Set: 0.2ms
[254.187s][info][gc,phases   ] GC(878)   Merge Heap Roots: 0.0ms
[254.187s][info][gc,phases   ] GC(878)   Evacuate Collection Set: 0.8ms
[254.187s][info][gc,phases   ] GC(878)   Post Evacuate Collection Set: 0.6ms
[254.187s][info][gc,phases   ] GC(878)   Other: 0.2ms
[254.187s][info][gc,heap     ] GC(878) Eden regions: 1->0(75)
[254.187s][info][gc,heap     ] GC(878) Survivor regions: 1->1(10)
[254.187s][info][gc,heap     ] GC(878) Old regions: 8->8
[254.187s][info][gc,heap     ] GC(878) Archive regions: 2->2
[254.187s][info][gc,heap     ] GC(878) Humongous regions: 96->0
[254.187s][info][gc,metaspace] GC(878) Metaspace: 29090K(29504K)->29090K(29504K) NonClass: 25530K(25728K)->25530K(25728K) Class: 3559K(3776K)->3559K(3776K)
[254.187s][info][gc          ] GC(878) Pause Young (Concurrent Start) (G1 Humongous Allocation) 210M->16M(254M) 2.245ms
[254.187s][info][gc,cpu      ] GC(878) User=0.00s Sys=0.01s Real=0.00s
[254.187s][info][gc          ] GC(879) Concurrent Undo Cycle
[254.187s][info][gc,marking  ] GC(879) Concurrent Cleanup for Next Mark
[254.187s][info][gc,marking  ] GC(879) Concurrent Cleanup for Next Mark 0.143ms
[254.187s][info][gc          ] GC(879) Concurrent Undo Cycle 0.311ms
[254.703s][info][gc,start    ] GC(880) Pause Young (Concurrent Start) (G1 Humongous Allocation)
[254.703s][info][gc,task     ] GC(880) Using 8 workers of 8 for evacuation
[254.705s][info][gc,phases   ] GC(880)   Pre Evacuate Collection Set: 0.4ms
[254.706s][info][gc,phases   ] GC(880)   Merge Heap Roots: 0.1ms
[254.706s][info][gc,phases   ] GC(880)   Evacuate Collection Set: 1.1ms
[254.706s][info][gc,phases   ] GC(880)   Post Evacuate Collection Set: 0.4ms
[254.706s][info][gc,phases   ] GC(880)   Other: 0.2ms
[254.706s][info][gc,heap     ] GC(880) Eden regions: 1->0(75)
[254.706s][info][gc,heap     ] GC(880) Survivor regions: 1->1(10)
[254.706s][info][gc,heap     ] GC(880) Old regions: 8->8
[254.706s][info][gc,heap     ] GC(880) Archive regions: 2->2
[254.706s][info][gc,heap     ] GC(880) Humongous regions: 96->0
[254.706s][info][gc,metaspace] GC(880) Metaspace: 29090K(29504K)->29090K(29504K) NonClass: 25530K(25728K)->25530K(25728K) Class: 3559K(3776K)->3559K(3776K)
[254.706s][info][gc          ] GC(880) Pause Young (Concurrent Start) (G1 Humongous Allocation) 210M->16M(254M) 2.594ms
[254.706s][info][gc          ] GC(881) Concurrent Undo Cycle
[254.706s][info][gc,cpu      ] GC(880) User=0.00s Sys=0.00s Real=0.00s
[254.706s][info][gc,marking  ] GC(881) Concurrent Cleanup for Next Mark
[254.706s][info][gc,marking  ] GC(881) Concurrent Cleanup for Next Mark 0.168ms
[254.706s][info][gc          ] GC(881) Concurrent Undo Cycle 0.293ms
[255.222s][info][gc,start    ] GC(882) Pause Young (Concurrent Start) (G1 Humongous Allocation)
[255.223s][info][gc,task     ] GC(882) Using 8 workers of 8 for evacuation
[255.224s][info][gc,phases   ] GC(882)   Pre Evacuate Collection Set: 0.3ms
[255.224s][info][gc,phases   ] GC(882)   Merge Heap Roots: 0.1ms
[255.224s][info][gc,phases   ] GC(882)   Evacuate Collection Set: 0.7ms
[255.224s][info][gc,phases   ] GC(882)   Post Evacuate Collection Set: 0.5ms
[255.225s][info][gc,phases   ] GC(882)   Other: 0.1ms
[255.225s][info][gc,heap     ] GC(882) Eden regions: 1->0(75)
[255.225s][info][gc,heap     ] GC(882) Survivor regions: 1->1(10)
[255.225s][info][gc,heap     ] GC(882) Old regions: 8->8
[255.225s][info][gc,heap     ] GC(882) Archive regions: 2->2
[255.225s][info][gc,heap     ] GC(882) Humongous regions: 96->0
[255.225s][info][gc,metaspace] GC(882) Metaspace: 29090K(29504K)->29090K(29504K) NonClass: 25530K(25728K)->25530K(25728K) Class: 3559K(3776K)->3559K(3776K)
[255.225s][info][gc          ] GC(882) Pause Young (Concurrent Start) (G1 Humongous Allocation) 210M->16M(254M) 2.182ms
[255.225s][info][gc,cpu      ] GC(882) User=0.01s Sys=0.00s Real=0.00s
[255.225s][info][gc          ] GC(883) Concurrent Undo Cycle
[255.225s][info][gc,marking  ] GC(883) Concurrent Cleanup for Next Mark
[255.225s][info][gc,marking  ] GC(883) Concurrent Cleanup for Next Mark 0.095ms
[255.225s][info][gc          ] GC(883) Concurrent Undo Cycle 0.200ms
[255.740s][info][gc,start    ] GC(884) Pause Young (Concurrent Start) (G1 Humongous Allocation)
[255.740s][info][gc,task     ] GC(884) Using 8 workers of 8 for evacuation
[255.741s][info][gc,phases   ] GC(884)   Pre Evacuate Collection Set: 0.1ms
[255.742s][info][gc,phases   ] GC(884)   Merge Heap Roots: 0.0ms
[255.742s][info][gc,phases   ] GC(884)   Evacuate Collection Set: 0.6ms
[255.742s][info][gc,phases   ] GC(884)   Post Evacuate Collection Set: 0.4ms
[255.742s][info][gc,phases   ] GC(884)   Other: 0.1ms
[255.742s][info][gc,heap     ] GC(884) Eden regions: 1->0(75)
[255.742s][info][gc,heap     ] GC(884) Survivor regions: 1->1(10)
[255.742s][info][gc,heap     ] GC(884) Old regions: 8->8
[255.742s][info][gc,heap     ] GC(884) Archive regions: 2->2
[255.742s][info][gc,heap     ] GC(884) Humongous regions: 96->0
[255.742s][info][gc,metaspace] GC(884) Metaspace: 29090K(29504K)->29090K(29504K) NonClass: 25530K(25728K)->25530K(25728K) Class: 3559K(3776K)->3559K(3776K)
[255.742s][info][gc          ] GC(884) Pause Young (Concurrent Start) (G1 Humongous Allocation) 210M->16M(254M) 1.477ms
[255.742s][info][gc          ] GC(885) Concurrent Undo Cycle
[255.742s][info][gc,cpu      ] GC(884) User=0.00s Sys=0.00s Real=0.01s
[255.742s][info][gc,marking  ] GC(885) Concurrent Cleanup for Next Mark
[255.742s][info][gc,marking  ] GC(885) Concurrent Cleanup for Next Mark 0.059ms
[255.742s][info][gc          ] GC(885) Concurrent Undo Cycle 0.130ms
[256.253s][info][gc,start    ] GC(886) Pause Young (Concurrent Start) (G1 Humongous Allocation)
[256.253s][info][gc,task     ] GC(886) Using 8 workers of 8 for evacuation
[256.255s][info][gc,phases   ] GC(886)   Pre Evacuate Collection Set: 0.2ms
[256.255s][info][gc,phases   ] GC(886)   Merge Heap Roots: 0.1ms
[256.255s][info][gc,phases   ] GC(886)   Evacuate Collection Set: 0.7ms
[256.255s][info][gc,phases   ] GC(886)   Post Evacuate Collection Set: 0.4ms
[256.255s][info][gc,phases   ] GC(886)   Other: 0.1ms
[256.255s][info][gc,heap     ] GC(886) Eden regions: 1->0(75)
[256.255s][info][gc,heap     ] GC(886) Survivor regions: 1->1(10)
[256.255s][info][gc,heap     ] GC(886) Old regions: 8->8
[256.255s][info][gc,heap     ] GC(886) Archive regions: 2->2
[256.255s][info][gc,heap     ] GC(886) Humongous regions: 96->0
[256.255s][info][gc,metaspace] GC(886) Metaspace: 29090K(29504K)->29090K(29504K) NonClass: 25530K(25728K)->25530K(25728K) Class: 3559K(3776K)->3559K(3776K)
[256.255s][info][gc          ] GC(886) Pause Young (Concurrent Start) (G1 Humongous Allocation) 210M->16M(254M) 2.026ms
[256.255s][info][gc,cpu      ] GC(886) User=0.01s Sys=0.00s Real=0.00s
[256.255s][info][gc          ] GC(887) Concurrent Undo Cycle
[256.255s][info][gc,marking  ] GC(887) Concurrent Cleanup for Next Mark
[256.256s][info][gc,marking  ] GC(887) Concurrent Cleanup for Next Mark 0.123ms
[256.256s][info][gc          ] GC(887) Concurrent Undo Cycle 0.297ms
[256.771s][info][gc,start    ] GC(888) Pause Young (Concurrent Start) (G1 Humongous Allocation)
[256.771s][info][gc,task     ] GC(888) Using 8 workers of 8 for evacuation
[256.772s][info][gc,phases   ] GC(888)   Pre Evacuate Collection Set: 0.1ms
[256.772s][info][gc,phases   ] GC(888)   Merge Heap Roots: 0.0ms
[256.772s][info][gc,phases   ] GC(888)   Evacuate Collection Set: 0.3ms
[256.772s][info][gc,phases   ] GC(888)   Post Evacuate Collection Set: 0.3ms
[256.772s][info][gc,phases   ] GC(888)   Other: 0.0ms
[256.772s][info][gc,heap     ] GC(888) Eden regions: 1->0(75)
[256.772s][info][gc,heap     ] GC(888) Survivor regions: 1->1(10)
[256.772s][info][gc,heap     ] GC(888) Old regions: 8->8
[256.772s][info][gc,heap     ] GC(888) Archive regions: 2->2
[256.772s][info][gc,heap     ] GC(888) Humongous regions: 96->0
[256.772s][info][gc,metaspace] GC(888) Metaspace: 29090K(29504K)->29090K(29504K) NonClass: 25530K(25728K)->25530K(25728K) Class: 3559K(3776K)->3559K(3776K)
[256.772s][info][gc          ] GC(888) Pause Young (Concurrent Start) (G1 Humongous Allocation) 210M->16M(254M) 1.115ms
[256.772s][info][gc,cpu      ] GC(888) User=0.00s Sys=0.00s Real=0.00s
[256.772s][info][gc          ] GC(889) Concurrent Undo Cycle
[256.772s][info][gc,marking  ] GC(889) Concurrent Cleanup for Next Mark
[256.772s][info][gc,marking  ] GC(889) Concurrent Cleanup for Next Mark 0.068ms
[256.772s][info][gc          ] GC(889) Concurrent Undo Cycle 0.135ms
[257.279s][info][gc,start    ] GC(890) Pause Young (Concurrent Start) (G1 Humongous Allocation)
[257.279s][info][gc,task     ] GC(890) Using 8 workers of 8 for evacuation
[257.282s][info][gc,phases   ] GC(890)   Pre Evacuate Collection Set: 0.5ms
[257.282s][info][gc,phases   ] GC(890)   Merge Heap Roots: 0.2ms
[257.282s][info][gc,phases   ] GC(890)   Evacuate Collection Set: 1.2ms
[257.282s][info][gc,phases   ] GC(890)   Post Evacuate Collection Set: 0.8ms
[257.282s][info][gc,phases   ] GC(890)   Other: 0.2ms
[257.282s][info][gc,heap     ] GC(890) Eden regions: 1->0(75)
[257.282s][info][gc,heap     ] GC(890) Survivor regions: 1->1(10)
[257.282s][info][gc,heap     ] GC(890) Old regions: 8->8
[257.282s][info][gc,heap     ] GC(890) Archive regions: 2->2
[257.282s][info][gc,heap     ] GC(890) Humongous regions: 96->0
[257.282s][info][gc,metaspace] GC(890) Metaspace: 29090K(29504K)->29090K(29504K) NonClass: 25530K(25728K)->25530K(25728K) Class: 3559K(3776K)->3559K(3776K)
[257.283s][info][gc          ] GC(890) Pause Young (Concurrent Start) (G1 Humongous Allocation) 210M->16M(254M) 3.523ms
[257.283s][info][gc,cpu      ] GC(890) User=0.01s Sys=0.00s Real=0.01s
[257.283s][info][gc          ] GC(891) Concurrent Undo Cycle
[257.283s][info][gc,marking  ] GC(891) Concurrent Cleanup for Next Mark
[257.283s][info][gc,marking  ] GC(891) Concurrent Cleanup for Next Mark 0.181ms
[257.283s][info][gc          ] GC(891) Concurrent Undo Cycle 0.443ms
[257.800s][info][gc,start    ] GC(892) Pause Young (Concurrent Start) (G1 Humongous Allocation)
[257.800s][info][gc,task     ] GC(892) Using 8 workers of 8 for evacuation
[257.801s][info][gc,phases   ] GC(892)   Pre Evacuate Collection Set: 0.2ms
[257.801s][info][gc,phases   ] GC(892)   Merge Heap Roots: 0.1ms
[257.801s][info][gc,phases   ] GC(892)   Evacuate Collection Set: 0.6ms
[257.801s][info][gc,phases   ] GC(892)   Post Evacuate Collection Set: 0.3ms
[257.802s][info][gc,phases   ] GC(892)   Other: 0.1ms
[257.802s][info][gc,heap     ] GC(892) Eden regions: 1->0(75)
[257.802s][info][gc,heap     ] GC(892) Survivor regions: 1->1(10)
[257.802s][info][gc,heap     ] GC(892) Old regions: 8->8
[257.802s][info][gc,heap     ] GC(892) Archive regions: 2->2
[257.802s][info][gc,heap     ] GC(892) Humongous regions: 96->0
[257.802s][info][gc,metaspace] GC(892) Metaspace: 29090K(29504K)->29090K(29504K) NonClass: 25530K(25728K)->25530K(25728K) Class: 3559K(3776K)->3559K(3776K)
[257.802s][info][gc          ] GC(892) Pause Young (Concurrent Start) (G1 Humongous Allocation) 210M->16M(254M) 1.638ms
[257.802s][info][gc,cpu      ] GC(892) User=0.00s Sys=0.00s Real=0.01s
[257.802s][info][gc          ] GC(893) Concurrent Undo Cycle
[257.802s][info][gc,marking  ] GC(893) Concurrent Cleanup for Next Mark
[257.802s][info][gc,marking  ] GC(893) Concurrent Cleanup for Next Mark 0.078ms
[257.802s][info][gc          ] GC(893) Concurrent Undo Cycle 0.203ms
[258.316s][info][gc,start    ] GC(894) Pause Young (Concurrent Start) (G1 Humongous Allocation)
[258.316s][info][gc,task     ] GC(894) Using 8 workers of 8 for evacuation
[258.317s][info][gc,phases   ] GC(894)   Pre Evacuate Collection Set: 0.1ms
[258.317s][info][gc,phases   ] GC(894)   Merge Heap Roots: 0.0ms
[258.317s][info][gc,phases   ] GC(894)   Evacuate Collection Set: 0.5ms
[258.317s][info][gc,phases   ] GC(894)   Post Evacuate Collection Set: 0.3ms
[258.317s][info][gc,phases   ] GC(894)   Other: 0.1ms
[258.317s][info][gc,heap     ] GC(894) Eden regions: 1->0(75)
[258.317s][info][gc,heap     ] GC(894) Survivor regions: 1->1(10)
[258.317s][info][gc,heap     ] GC(894) Old regions: 8->8
[258.317s][info][gc,heap     ] GC(894) Archive regions: 2->2
[258.317s][info][gc,heap     ] GC(894) Humongous regions: 96->0
[258.317s][info][gc,metaspace] GC(894) Metaspace: 29090K(29504K)->29090K(29504K) NonClass: 25530K(25728K)->25530K(25728K) Class: 3559K(3776K)->3559K(3776K)
[258.317s][info][gc          ] GC(894) Pause Young (Concurrent Start) (G1 Humongous Allocation) 210M->16M(254M) 1.452ms
[258.317s][info][gc          ] GC(895) Concurrent Undo Cycle
[258.317s][info][gc,cpu      ] GC(894) User=0.00s Sys=0.00s Real=0.00s
[258.317s][info][gc,marking  ] GC(895) Concurrent Cleanup for Next Mark
[258.317s][info][gc,marking  ] GC(895) Concurrent Cleanup for Next Mark 0.086ms
[258.317s][info][gc          ] GC(895) Concurrent Undo Cycle 0.165ms
[258.830s][info][gc,start    ] GC(896) Pause Young (Concurrent Start) (G1 Humongous Allocation)
[258.830s][info][gc,task     ] GC(896) Using 8 workers of 8 for evacuation
[258.830s][info][gc,phases   ] GC(896)   Pre Evacuate Collection Set: 0.1ms
[258.830s][info][gc,phases   ] GC(896)   Merge Heap Roots: 0.0ms
[258.831s][info][gc,phases   ] GC(896)   Evacuate Collection Set: 0.5ms
[258.831s][info][gc,phases   ] GC(896)   Post Evacuate Collection Set: 0.2ms
[258.831s][info][gc,phases   ] GC(896)   Other: 0.0ms
[258.831s][info][gc,heap     ] GC(896) Eden regions: 1->0(75)
[258.831s][info][gc,heap     ] GC(896) Survivor regions: 1->1(10)
[258.831s][info][gc,heap     ] GC(896) Old regions: 8->8
[258.831s][info][gc,heap     ] GC(896) Archive regions: 2->2
[258.831s][info][gc,heap     ] GC(896) Humongous regions: 96->0
[258.831s][info][gc,metaspace] GC(896) Metaspace: 29090K(29504K)->29090K(29504K) NonClass: 25530K(25728K)->25530K(25728K) Class: 3559K(3776K)->3559K(3776K)
[258.831s][info][gc          ] GC(896) Pause Young (Concurrent Start) (G1 Humongous Allocation) 210M->16M(254M) 1.182ms
[258.831s][info][gc          ] GC(897) Concurrent Undo Cycle
[258.831s][info][gc,cpu      ] GC(896) User=0.00s Sys=0.00s Real=0.01s
[258.831s][info][gc,marking  ] GC(897) Concurrent Cleanup for Next Mark
[258.831s][info][gc,marking  ] GC(897) Concurrent Cleanup for Next Mark 0.084ms
[258.831s][info][gc          ] GC(897) Concurrent Undo Cycle 0.143ms
[259.343s][info][gc,start    ] GC(898) Pause Young (Concurrent Start) (G1 Humongous Allocation)
[259.344s][info][gc,task     ] GC(898) Using 8 workers of 8 for evacuation
[259.346s][info][gc,phases   ] GC(898)   Pre Evacuate Collection Set: 0.3ms
[259.346s][info][gc,phases   ] GC(898)   Merge Heap Roots: 0.2ms
[259.346s][info][gc,phases   ] GC(898)   Evacuate Collection Set: 1.2ms
[259.347s][info][gc,phases   ] GC(898)   Post Evacuate Collection Set: 0.8ms
[259.347s][info][gc,phases   ] GC(898)   Other: 0.3ms
[259.347s][info][gc,heap     ] GC(898) Eden regions: 1->0(75)
[259.347s][info][gc,heap     ] GC(898) Survivor regions: 1->1(10)
[259.347s][info][gc,heap     ] GC(898) Old regions: 8->8
[259.347s][info][gc,heap     ] GC(898) Archive regions: 2->2
[259.347s][info][gc,heap     ] GC(898) Humongous regions: 96->0
[259.347s][info][gc,metaspace] GC(898) Metaspace: 29090K(29504K)->29090K(29504K) NonClass: 25530K(25728K)->25530K(25728K) Class: 3559K(3776K)->3559K(3776K)
[259.347s][info][gc          ] GC(898) Pause Young (Concurrent Start) (G1 Humongous Allocation) 210M->16M(254M) 3.431ms
[259.347s][info][gc,cpu      ] GC(898) User=0.00s Sys=0.00s Real=0.00s
[259.347s][info][gc          ] GC(899) Concurrent Undo Cycle
[259.347s][info][gc,marking  ] GC(899) Concurrent Cleanup for Next Mark
[259.347s][info][gc,marking  ] GC(899) Concurrent Cleanup for Next Mark 0.208ms
[259.347s][info][gc          ] GC(899) Concurrent Undo Cycle 0.464ms
[259.865s][info][gc,start    ] GC(900) Pause Young (Concurrent Start) (G1 Humongous Allocation)
[259.865s][info][gc,task     ] GC(900) Using 8 workers of 8 for evacuation
[259.868s][info][gc,phases   ] GC(900)   Pre Evacuate Collection Set: 0.4ms
[259.868s][info][gc,phases   ] GC(900)   Merge Heap Roots: 0.3ms
[259.868s][info][gc,phases   ] GC(900)   Evacuate Collection Set: 1.3ms
[259.868s][info][gc,phases   ] GC(900)   Post Evacuate Collection Set: 0.7ms
[259.868s][info][gc,phases   ] GC(900)   Other: 0.2ms
[259.868s][info][gc,heap     ] GC(900) Eden regions: 2->0(75)
[259.868s][info][gc,heap     ] GC(900) Survivor regions: 1->1(10)
[259.868s][info][gc,heap     ] GC(900) Old regions: 8->8
[259.868s][info][gc,heap     ] GC(900) Archive regions: 2->2
[259.868s][info][gc,heap     ] GC(900) Humongous regions: 96->0
[259.868s][info][gc,metaspace] GC(900) Metaspace: 29090K(29504K)->29090K(29504K) NonClass: 25530K(25728K)->25530K(25728K) Class: 3559K(3776K)->3559K(3776K)
[259.868s][info][gc          ] GC(900) Pause Young (Concurrent Start) (G1 Humongous Allocation) 210M->16M(254M) 3.362ms
[259.868s][info][gc          ] GC(901) Concurrent Undo Cycle
[259.868s][info][gc,cpu      ] GC(900) User=0.01s Sys=0.00s Real=0.00s
[259.868s][info][gc,marking  ] GC(901) Concurrent Cleanup for Next Mark
[259.869s][info][gc,marking  ] GC(901) Concurrent Cleanup for Next Mark 0.194ms
[259.869s][info][gc          ] GC(901) Concurrent Undo Cycle 0.354ms
[260.388s][info][gc,start    ] GC(902) Pause Young (Concurrent Start) (G1 Humongous Allocation)
[260.389s][info][gc,task     ] GC(902) Using 8 workers of 8 for evacuation
[260.392s][info][gc,phases   ] GC(902)   Pre Evacuate Collection Set: 0.4ms
[260.392s][info][gc,phases   ] GC(902)   Merge Heap Roots: 0.2ms
[260.392s][info][gc,phases   ] GC(902)   Evacuate Collection Set: 1.2ms
[260.392s][info][gc,phases   ] GC(902)   Post Evacuate Collection Set: 0.9ms
[260.392s][info][gc,phases   ] GC(902)   Other: 0.2ms
[260.392s][info][gc,heap     ] GC(902) Eden regions: 2->0(75)
[260.392s][info][gc,heap     ] GC(902) Survivor regions: 1->1(10)
[260.392s][info][gc,heap     ] GC(902) Old regions: 8->8
[260.392s][info][gc,heap     ] GC(902) Archive regions: 2->2
[260.392s][info][gc,heap     ] GC(902) Humongous regions: 96->0
[260.392s][info][gc,metaspace] GC(902) Metaspace: 29090K(29504K)->29090K(29504K) NonClass: 25530K(25728K)->25530K(25728K) Class: 3559K(3776K)->3559K(3776K)
[260.392s][info][gc          ] GC(902) Pause Young (Concurrent Start) (G1 Humongous Allocation) 210M->16M(254M) 3.527ms
[260.392s][info][gc,cpu      ] GC(902) User=0.01s Sys=0.01s Real=0.01s
[260.392s][info][gc          ] GC(903) Concurrent Undo Cycle
[260.392s][info][gc,marking  ] GC(903) Concurrent Cleanup for Next Mark
[260.393s][info][gc,marking  ] GC(903) Concurrent Cleanup for Next Mark 0.187ms
[260.393s][info][gc          ] GC(903) Concurrent Undo Cycle 0.563ms
[260.911s][info][gc,start    ] GC(904) Pause Young (Concurrent Start) (G1 Humongous Allocation)
[260.911s][info][gc,task     ] GC(904) Using 8 workers of 8 for evacuation
[260.912s][info][gc,phases   ] GC(904)   Pre Evacuate Collection Set: 0.2ms
[260.912s][info][gc,phases   ] GC(904)   Merge Heap Roots: 0.1ms
[260.912s][info][gc,phases   ] GC(904)   Evacuate Collection Set: 0.5ms
[260.912s][info][gc,phases   ] GC(904)   Post Evacuate Collection Set: 0.3ms
[260.912s][info][gc,phases   ] GC(904)   Other: 0.1ms
[260.912s][info][gc,heap     ] GC(904) Eden regions: 1->0(75)
[260.912s][info][gc,heap     ] GC(904) Survivor regions: 1->1(10)
[260.912s][info][gc,heap     ] GC(904) Old regions: 8->8
[260.912s][info][gc,heap     ] GC(904) Archive regions: 2->2
[260.912s][info][gc,heap     ] GC(904) Humongous regions: 96->0
[260.912s][info][gc,metaspace] GC(904) Metaspace: 29090K(29504K)->29090K(29504K) NonClass: 25530K(25728K)->25530K(25728K) Class: 3559K(3776K)->3559K(3776K)
[260.912s][info][gc          ] GC(904) Pause Young (Concurrent Start) (G1 Humongous Allocation) 209M->16M(254M) 1.499ms
[260.912s][info][gc,cpu      ] GC(904) User=0.01s Sys=0.00s Real=0.00s
[260.912s][info][gc          ] GC(905) Concurrent Undo Cycle
[260.912s][info][gc,marking  ] GC(905) Concurrent Cleanup for Next Mark
[260.913s][info][gc,marking  ] GC(905) Concurrent Cleanup for Next Mark 0.068ms
[260.913s][info][gc          ] GC(905) Concurrent Undo Cycle 0.153ms
[261.421s][info][gc,start    ] GC(906) Pause Young (Concurrent Start) (G1 Humongous Allocation)
[261.421s][info][gc,task     ] GC(906) Using 8 workers of 8 for evacuation
[261.422s][info][gc,phases   ] GC(906)   Pre Evacuate Collection Set: 0.3ms
[261.422s][info][gc,phases   ] GC(906)   Merge Heap Roots: 0.1ms
[261.422s][info][gc,phases   ] GC(906)   Evacuate Collection Set: 0.6ms
[261.422s][info][gc,phases   ] GC(906)   Post Evacuate Collection Set: 0.3ms
[261.422s][info][gc,phases   ] GC(906)   Other: 0.1ms
[261.422s][info][gc,heap     ] GC(906) Eden regions: 2->0(75)
[261.422s][info][gc,heap     ] GC(906) Survivor regions: 1->1(10)
[261.422s][info][gc,heap     ] GC(906) Old regions: 8->8
[261.422s][info][gc,heap     ] GC(906) Archive regions: 2->2
[261.422s][info][gc,heap     ] GC(906) Humongous regions: 96->0
[261.422s][info][gc,metaspace] GC(906) Metaspace: 29090K(29504K)->29090K(29504K) NonClass: 25530K(25728K)->25530K(25728K) Class: 3559K(3776K)->3559K(3776K)
[261.422s][info][gc          ] GC(906) Pause Young (Concurrent Start) (G1 Humongous Allocation) 210M->16M(254M) 1.615ms
[261.422s][info][gc,cpu      ] GC(906) User=0.01s Sys=0.00s Real=0.00s
[261.422s][info][gc          ] GC(907) Concurrent Undo Cycle
[261.422s][info][gc,marking  ] GC(907) Concurrent Cleanup for Next Mark
[261.423s][info][gc,marking  ] GC(907) Concurrent Cleanup for Next Mark 0.074ms
[261.423s][info][gc          ] GC(907) Concurrent Undo Cycle 0.161ms
[261.930s][info][gc,start    ] GC(908) Pause Young (Concurrent Start) (G1 Humongous Allocation)
[261.930s][info][gc,task     ] GC(908) Using 8 workers of 8 for evacuation
[261.932s][info][gc,phases   ] GC(908)   Pre Evacuate Collection Set: 0.3ms
[261.932s][info][gc,phases   ] GC(908)   Merge Heap Roots: 0.1ms
[261.932s][info][gc,phases   ] GC(908)   Evacuate Collection Set: 0.8ms
[261.932s][info][gc,phases   ] GC(908)   Post Evacuate Collection Set: 0.5ms
[261.932s][info][gc,phases   ] GC(908)   Other: 0.1ms
[261.932s][info][gc,heap     ] GC(908) Eden regions: 1->0(75)
[261.932s][info][gc,heap     ] GC(908) Survivor regions: 1->1(10)
[261.932s][info][gc,heap     ] GC(908) Old regions: 8->8
[261.932s][info][gc,heap     ] GC(908) Archive regions: 2->2
[261.932s][info][gc,heap     ] GC(908) Humongous regions: 96->0
[261.932s][info][gc,metaspace] GC(908) Metaspace: 29090K(29504K)->29090K(29504K) NonClass: 25530K(25728K)->25530K(25728K) Class: 3559K(3776K)->3559K(3776K)
[261.932s][info][gc          ] GC(908) Pause Young (Concurrent Start) (G1 Humongous Allocation) 209M->16M(254M) 2.237ms
[261.932s][info][gc,cpu      ] GC(908) User=0.00s Sys=0.00s Real=0.01s
[261.932s][info][gc          ] GC(909) Concurrent Undo Cycle
[261.932s][info][gc,marking  ] GC(909) Concurrent Cleanup for Next Mark
[261.932s][info][gc,marking  ] GC(909) Concurrent Cleanup for Next Mark 0.100ms
[261.932s][info][gc          ] GC(909) Concurrent Undo Cycle 0.220ms
[262.450s][info][gc,start    ] GC(910) Pause Young (Concurrent Start) (G1 Humongous Allocation)
[262.450s][info][gc,task     ] GC(910) Using 8 workers of 8 for evacuation
[262.453s][info][gc,phases   ] GC(910)   Pre Evacuate Collection Set: 0.5ms
[262.453s][info][gc,phases   ] GC(910)   Merge Heap Roots: 0.2ms
[262.453s][info][gc,phases   ] GC(910)   Evacuate Collection Set: 1.3ms
[262.453s][info][gc,phases   ] GC(910)   Post Evacuate Collection Set: 0.8ms
[262.453s][info][gc,phases   ] GC(910)   Other: 0.2ms
[262.453s][info][gc,heap     ] GC(910) Eden regions: 2->0(75)
[262.453s][info][gc,heap     ] GC(910) Survivor regions: 1->1(10)
[262.453s][info][gc,heap     ] GC(910) Old regions: 8->8
[262.453s][info][gc,heap     ] GC(910) Archive regions: 2->2
[262.453s][info][gc,heap     ] GC(910) Humongous regions: 96->0
[262.454s][info][gc,metaspace] GC(910) Metaspace: 29090K(29504K)->29090K(29504K) NonClass: 25530K(25728K)->25530K(25728K) Class: 3559K(3776K)->3559K(3776K)
[262.454s][info][gc          ] GC(910) Pause Young (Concurrent Start) (G1 Humongous Allocation) 210M->16M(254M) 3.479ms
[262.454s][info][gc,cpu      ] GC(910) User=0.01s Sys=0.00s Real=0.01s
[262.454s][info][gc          ] GC(911) Concurrent Undo Cycle
[262.454s][info][gc,marking  ] GC(911) Concurrent Cleanup for Next Mark
[262.454s][info][gc,marking  ] GC(911) Concurrent Cleanup for Next Mark 0.193ms
[262.454s][info][gc          ] GC(911) Concurrent Undo Cycle 0.388ms
[262.974s][info][gc,start    ] GC(912) Pause Young (Concurrent Start) (G1 Humongous Allocation)
[262.975s][info][gc,task     ] GC(912) Using 8 workers of 8 for evacuation
[262.977s][info][gc,phases   ] GC(912)   Pre Evacuate Collection Set: 0.4ms
[262.977s][info][gc,phases   ] GC(912)   Merge Heap Roots: 0.2ms
[262.977s][info][gc,phases   ] GC(912)   Evacuate Collection Set: 1.2ms
[262.977s][info][gc,phases   ] GC(912)   Post Evacuate Collection Set: 0.7ms
[262.977s][info][gc,phases   ] GC(912)   Other: 0.2ms
[262.978s][info][gc,heap     ] GC(912) Eden regions: 1->0(75)
[262.978s][info][gc,heap     ] GC(912) Survivor regions: 1->1(10)
[262.978s][info][gc,heap     ] GC(912) Old regions: 8->8
[262.978s][info][gc,heap     ] GC(912) Archive regions: 2->2
[262.978s][info][gc,heap     ] GC(912) Humongous regions: 96->0
[262.978s][info][gc,metaspace] GC(912) Metaspace: 29090K(29504K)->29090K(29504K) NonClass: 25530K(25728K)->25530K(25728K) Class: 3559K(3776K)->3559K(3776K)
[262.978s][info][gc          ] GC(912) Pause Young (Concurrent Start) (G1 Humongous Allocation) 209M->16M(254M) 3.376ms
[262.978s][info][gc,cpu      ] GC(912) User=0.00s Sys=0.00s Real=0.00s
[262.978s][info][gc          ] GC(913) Concurrent Undo Cycle
[262.978s][info][gc,marking  ] GC(913) Concurrent Cleanup for Next Mark
[262.978s][info][gc,marking  ] GC(913) Concurrent Cleanup for Next Mark 0.186ms
[262.978s][info][gc          ] GC(913) Concurrent Undo Cycle 0.435ms
[263.495s][info][gc,start    ] GC(914) Pause Young (Concurrent Start) (G1 Humongous Allocation)
[263.495s][info][gc,task     ] GC(914) Using 8 workers of 8 for evacuation
[263.496s][info][gc,phases   ] GC(914)   Pre Evacuate Collection Set: 0.2ms
[263.496s][info][gc,phases   ] GC(914)   Merge Heap Roots: 0.1ms
[263.496s][info][gc,phases   ] GC(914)   Evacuate Collection Set: 0.5ms
[263.496s][info][gc,phases   ] GC(914)   Post Evacuate Collection Set: 0.4ms
[263.496s][info][gc,phases   ] GC(914)   Other: 0.1ms
[263.496s][info][gc,heap     ] GC(914) Eden regions: 2->0(75)
[263.496s][info][gc,heap     ] GC(914) Survivor regions: 1->1(10)
[263.496s][info][gc,heap     ] GC(914) Old regions: 8->8
[263.496s][info][gc,heap     ] GC(914) Archive regions: 2->2
[263.496s][info][gc,heap     ] GC(914) Humongous regions: 96->0
[263.496s][info][gc,metaspace] GC(914) Metaspace: 29090K(29504K)->29090K(29504K) NonClass: 25530K(25728K)->25530K(25728K) Class: 3559K(3776K)->3559K(3776K)
[263.497s][info][gc          ] GC(914) Pause Young (Concurrent Start) (G1 Humongous Allocation) 210M->16M(254M) 1.912ms
[263.497s][info][gc,cpu      ] GC(914) User=0.00s Sys=0.00s Real=0.00s
[263.497s][info][gc          ] GC(915) Concurrent Undo Cycle
[263.497s][info][gc,marking  ] GC(915) Concurrent Cleanup for Next Mark
[263.497s][info][gc,marking  ] GC(915) Concurrent Cleanup for Next Mark 0.088ms
[263.497s][info][gc          ] GC(915) Concurrent Undo Cycle 0.221ms
[264.009s][info][gc,start    ] GC(916) Pause Young (Concurrent Start) (G1 Humongous Allocation)
[264.009s][info][gc,task     ] GC(916) Using 8 workers of 8 for evacuation
[264.012s][info][gc,phases   ] GC(916)   Pre Evacuate Collection Set: 0.4ms
[264.012s][info][gc,phases   ] GC(916)   Merge Heap Roots: 0.1ms
[264.012s][info][gc,phases   ] GC(916)   Evacuate Collection Set: 1.3ms
[264.012s][info][gc,phases   ] GC(916)   Post Evacuate Collection Set: 0.8ms
[264.012s][info][gc,phases   ] GC(916)   Other: 0.2ms
[264.013s][info][gc,heap     ] GC(916) Eden regions: 1->0(75)
[264.013s][info][gc,heap     ] GC(916) Survivor regions: 1->1(10)
[264.013s][info][gc,heap     ] GC(916) Old regions: 8->8
[264.013s][info][gc,heap     ] GC(916) Archive regions: 2->2
[264.013s][info][gc,heap     ] GC(916) Humongous regions: 96->0
[264.013s][info][gc,metaspace] GC(916) Metaspace: 29090K(29504K)->29090K(29504K) NonClass: 25530K(25728K)->25530K(25728K) Class: 3559K(3776K)->3559K(3776K)
[264.013s][info][gc          ] GC(916) Pause Young (Concurrent Start) (G1 Humongous Allocation) 209M->16M(254M) 3.524ms
[264.013s][info][gc,cpu      ] GC(916) User=0.00s Sys=0.00s Real=0.01s
[264.013s][info][gc          ] GC(917) Concurrent Undo Cycle
[264.013s][info][gc,marking  ] GC(917) Concurrent Cleanup for Next Mark
[264.013s][info][gc,marking  ] GC(917) Concurrent Cleanup for Next Mark 0.221ms
[264.013s][info][gc          ] GC(917) Concurrent Undo Cycle 0.518ms
[264.535s][info][gc,start    ] GC(918) Pause Young (Concurrent Start) (G1 Humongous Allocation)
[264.535s][info][gc,task     ] GC(918) Using 8 workers of 8 for evacuation
[264.538s][info][gc,phases   ] GC(918)   Pre Evacuate Collection Set: 0.4ms
[264.538s][info][gc,phases   ] GC(918)   Merge Heap Roots: 0.2ms
[264.538s][info][gc,phases   ] GC(918)   Evacuate Collection Set: 1.3ms
[264.538s][info][gc,phases   ] GC(918)   Post Evacuate Collection Set: 0.8ms
[264.538s][info][gc,phases   ] GC(918)   Other: 0.3ms
[264.538s][info][gc,heap     ] GC(918) Eden regions: 2->0(75)
[264.538s][info][gc,heap     ] GC(918) Survivor regions: 1->1(10)
[264.538s][info][gc,heap     ] GC(918) Old regions: 8->8
[264.538s][info][gc,heap     ] GC(918) Archive regions: 2->2
[264.538s][info][gc,heap     ] GC(918) Humongous regions: 96->0
[264.538s][info][gc,metaspace] GC(918) Metaspace: 29090K(29504K)->29090K(29504K) NonClass: 25530K(25728K)->25530K(25728K) Class: 3559K(3776K)->3559K(3776K)
[264.538s][info][gc          ] GC(918) Pause Young (Concurrent Start) (G1 Humongous Allocation) 210M->16M(254M) 3.681ms
[264.538s][info][gc,cpu      ] GC(918) User=0.00s Sys=0.01s Real=0.00s
[264.539s][info][gc          ] GC(919) Concurrent Undo Cycle
[264.539s][info][gc,marking  ] GC(919) Concurrent Cleanup for Next Mark
[264.539s][info][gc,marking  ] GC(919) Concurrent Cleanup for Next Mark 0.185ms
[264.539s][info][gc          ] GC(919) Concurrent Undo Cycle 0.459ms
[265.058s][info][gc,start    ] GC(920) Pause Young (Concurrent Start) (G1 Humongous Allocation)
[265.059s][info][gc,task     ] GC(920) Using 8 workers of 8 for evacuation
[265.062s][info][gc,phases   ] GC(920)   Pre Evacuate Collection Set: 0.5ms
[265.062s][info][gc,phases   ] GC(920)   Merge Heap Roots: 0.2ms
[265.062s][info][gc,phases   ] GC(920)   Evacuate Collection Set: 1.3ms
[265.062s][info][gc,phases   ] GC(920)   Post Evacuate Collection Set: 0.8ms
[265.062s][info][gc,phases   ] GC(920)   Other: 0.2ms
[265.062s][info][gc,heap     ] GC(920) Eden regions: 1->0(75)
[265.062s][info][gc,heap     ] GC(920) Survivor regions: 1->1(10)
[265.062s][info][gc,heap     ] GC(920) Old regions: 8->8
[265.062s][info][gc,heap     ] GC(920) Archive regions: 2->2
[265.062s][info][gc,heap     ] GC(920) Humongous regions: 96->0
[265.062s][info][gc,metaspace] GC(920) Metaspace: 29090K(29504K)->29090K(29504K) NonClass: 25530K(25728K)->25530K(25728K) Class: 3559K(3776K)->3559K(3776K)
[265.062s][info][gc          ] GC(920) Pause Young (Concurrent Start) (G1 Humongous Allocation) 209M->16M(254M) 3.771ms
[265.062s][info][gc,cpu      ] GC(920) User=0.01s Sys=0.00s Real=0.01s
[265.062s][info][gc          ] GC(921) Concurrent Undo Cycle
[265.062s][info][gc,marking  ] GC(921) Concurrent Cleanup for Next Mark
[265.063s][info][gc,marking  ] GC(921) Concurrent Cleanup for Next Mark 0.260ms
[265.063s][info][gc          ] GC(921) Concurrent Undo Cycle 0.561ms
[265.583s][info][gc,start    ] GC(922) Pause Young (Concurrent Start) (G1 Humongous Allocation)
[265.583s][info][gc,task     ] GC(922) Using 8 workers of 8 for evacuation
[265.586s][info][gc,phases   ] GC(922)   Pre Evacuate Collection Set: 0.4ms
[265.586s][info][gc,phases   ] GC(922)   Merge Heap Roots: 0.2ms
[265.586s][info][gc,phases   ] GC(922)   Evacuate Collection Set: 1.2ms
[265.586s][info][gc,phases   ] GC(922)   Post Evacuate Collection Set: 0.8ms
[265.586s][info][gc,phases   ] GC(922)   Other: 0.2ms
[265.587s][info][gc,heap     ] GC(922) Eden regions: 2->0(75)
[265.587s][info][gc,heap     ] GC(922) Survivor regions: 1->1(10)
[265.587s][info][gc,heap     ] GC(922) Old regions: 8->8
[265.587s][info][gc,heap     ] GC(922) Archive regions: 2->2
[265.587s][info][gc,heap     ] GC(922) Humongous regions: 96->0
[265.587s][info][gc,metaspace] GC(922) Metaspace: 29090K(29504K)->29090K(29504K) NonClass: 25530K(25728K)->25530K(25728K) Class: 3559K(3776K)->3559K(3776K)
[265.587s][info][gc          ] GC(922) Pause Young (Concurrent Start) (G1 Humongous Allocation) 210M->16M(254M) 3.676ms
[265.587s][info][gc,cpu      ] GC(922) User=0.00s Sys=0.01s Real=0.00s
[265.587s][info][gc          ] GC(923) Concurrent Undo Cycle
[265.587s][info][gc,marking  ] GC(923) Concurrent Cleanup for Next Mark
[265.587s][info][gc,marking  ] GC(923) Concurrent Cleanup for Next Mark 0.194ms
[265.587s][info][gc          ] GC(923) Concurrent Undo Cycle 0.475ms
[266.104s][info][gc,start    ] GC(924) Pause Young (Concurrent Start) (G1 Humongous Allocation)
[266.104s][info][gc,task     ] GC(924) Using 8 workers of 8 for evacuation
[266.106s][info][gc,phases   ] GC(924)   Pre Evacuate Collection Set: 0.3ms
[266.106s][info][gc,phases   ] GC(924)   Merge Heap Roots: 0.1ms
[266.106s][info][gc,phases   ] GC(924)   Evacuate Collection Set: 0.9ms
[266.106s][info][gc,phases   ] GC(924)   Post Evacuate Collection Set: 0.3ms
[266.106s][info][gc,phases   ] GC(924)   Other: 0.1ms
[266.106s][info][gc,heap     ] GC(924) Eden regions: 1->0(75)
[266.106s][info][gc,heap     ] GC(924) Survivor regions: 1->1(10)
[266.106s][info][gc,heap     ] GC(924) Old regions: 8->8
[266.106s][info][gc,heap     ] GC(924) Archive regions: 2->2
[266.106s][info][gc,heap     ] GC(924) Humongous regions: 96->0
[266.106s][info][gc,metaspace] GC(924) Metaspace: 29090K(29504K)->29090K(29504K) NonClass: 25530K(25728K)->25530K(25728K) Class: 3559K(3776K)->3559K(3776K)
[266.106s][info][gc          ] GC(924) Pause Young (Concurrent Start) (G1 Humongous Allocation) 210M->16M(254M) 2.039ms
[266.106s][info][gc          ] GC(925) Concurrent Undo Cycle
[266.106s][info][gc,cpu      ] GC(924) User=0.00s Sys=0.00s Real=0.00s
[266.106s][info][gc,marking  ] GC(925) Concurrent Cleanup for Next Mark
[266.106s][info][gc,marking  ] GC(925) Concurrent Cleanup for Next Mark 0.069ms
[266.106s][info][gc          ] GC(925) Concurrent Undo Cycle 0.147ms
[266.621s][info][gc,start    ] GC(926) Pause Young (Concurrent Start) (G1 Humongous Allocation)
[266.621s][info][gc,task     ] GC(926) Using 8 workers of 8 for evacuation
[266.624s][info][gc,phases   ] GC(926)   Pre Evacuate Collection Set: 0.4ms
[266.624s][info][gc,phases   ] GC(926)   Merge Heap Roots: 0.2ms
[266.624s][info][gc,phases   ] GC(926)   Evacuate Collection Set: 1.2ms
[266.624s][info][gc,phases   ] GC(926)   Post Evacuate Collection Set: 0.8ms
[266.624s][info][gc,phases   ] GC(926)   Other: 0.2ms
[266.624s][info][gc,heap     ] GC(926) Eden regions: 1->0(75)
[266.624s][info][gc,heap     ] GC(926) Survivor regions: 1->1(10)
[266.624s][info][gc,heap     ] GC(926) Old regions: 8->8
[266.624s][info][gc,heap     ] GC(926) Archive regions: 2->2
[266.624s][info][gc,heap     ] GC(926) Humongous regions: 96->0
[266.624s][info][gc,metaspace] GC(926) Metaspace: 29090K(29504K)->29090K(29504K) NonClass: 25530K(25728K)->25530K(25728K) Class: 3559K(3776K)->3559K(3776K)
[266.624s][info][gc          ] GC(926) Pause Young (Concurrent Start) (G1 Humongous Allocation) 210M->16M(254M) 3.544ms
[266.625s][info][gc,cpu      ] GC(926) User=0.00s Sys=0.00s Real=0.00s
[266.625s][info][gc          ] GC(927) Concurrent Undo Cycle
[266.625s][info][gc,marking  ] GC(927) Concurrent Cleanup for Next Mark
[266.625s][info][gc,marking  ] GC(927) Concurrent Cleanup for Next Mark 0.194ms
[266.625s][info][gc          ] GC(927) Concurrent Undo Cycle 0.455ms
[267.145s][info][gc,start    ] GC(928) Pause Young (Concurrent Start) (G1 Humongous Allocation)
[267.145s][info][gc,task     ] GC(928) Using 8 workers of 8 for evacuation
[267.148s][info][gc,phases   ] GC(928)   Pre Evacuate Collection Set: 0.4ms
[267.148s][info][gc,phases   ] GC(928)   Merge Heap Roots: 0.2ms
[267.148s][info][gc,phases   ] GC(928)   Evacuate Collection Set: 1.2ms
[267.148s][info][gc,phases   ] GC(928)   Post Evacuate Collection Set: 0.8ms
[267.148s][info][gc,phases   ] GC(928)   Other: 0.2ms
[267.148s][info][gc,heap     ] GC(928) Eden regions: 2->0(75)
[267.148s][info][gc,heap     ] GC(928) Survivor regions: 1->1(10)
[267.148s][info][gc,heap     ] GC(928) Old regions: 8->8
[267.148s][info][gc,heap     ] GC(928) Archive regions: 2->2
[267.148s][info][gc,heap     ] GC(928) Humongous regions: 96->0
[267.148s][info][gc,metaspace] GC(928) Metaspace: 29090K(29504K)->29090K(29504K) NonClass: 25530K(25728K)->25530K(25728K) Class: 3559K(3776K)->3559K(3776K)
[267.149s][info][gc          ] GC(928) Pause Young (Concurrent Start) (G1 Humongous Allocation) 210M->16M(254M) 3.511ms
[267.149s][info][gc,cpu      ] GC(928) User=0.01s Sys=0.01s Real=0.00s
[267.149s][info][gc          ] GC(929) Concurrent Undo Cycle
[267.149s][info][gc,marking  ] GC(929) Concurrent Cleanup for Next Mark
[267.149s][info][gc,marking  ] GC(929) Concurrent Cleanup for Next Mark 0.200ms
[267.149s][info][gc          ] GC(929) Concurrent Undo Cycle 0.482ms
[267.670s][info][gc,start    ] GC(930) Pause Young (Concurrent Start) (G1 Humongous Allocation)
[267.670s][info][gc,task     ] GC(930) Using 8 workers of 8 for evacuation
[267.673s][info][gc,phases   ] GC(930)   Pre Evacuate Collection Set: 0.4ms
[267.673s][info][gc,phases   ] GC(930)   Merge Heap Roots: 0.2ms
[267.673s][info][gc,phases   ] GC(930)   Evacuate Collection Set: 1.2ms
[267.674s][info][gc,phases   ] GC(930)   Post Evacuate Collection Set: 0.9ms
[267.674s][info][gc,phases   ] GC(930)   Other: 0.2ms
[267.674s][info][gc,heap     ] GC(930) Eden regions: 1->0(75)
[267.674s][info][gc,heap     ] GC(930) Survivor regions: 1->1(10)
[267.674s][info][gc,heap     ] GC(930) Old regions: 8->8
[267.674s][info][gc,heap     ] GC(930) Archive regions: 2->2
[267.674s][info][gc,heap     ] GC(930) Humongous regions: 96->0
[267.674s][info][gc,metaspace] GC(930) Metaspace: 29090K(29504K)->29090K(29504K) NonClass: 25530K(25728K)->25530K(25728K) Class: 3559K(3776K)->3559K(3776K)
[267.674s][info][gc          ] GC(930) Pause Young (Concurrent Start) (G1 Humongous Allocation) 210M->16M(254M) 3.659ms
[267.674s][info][gc,cpu      ] GC(930) User=0.01s Sys=0.00s Real=0.01s
[267.674s][info][gc          ] GC(931) Concurrent Undo Cycle
[267.674s][info][gc,marking  ] GC(931) Concurrent Cleanup for Next Mark
[267.674s][info][gc,marking  ] GC(931) Concurrent Cleanup for Next Mark 0.230ms
[267.675s][info][gc          ] GC(931) Concurrent Undo Cycle 0.541ms
[268.190s][info][gc,start    ] GC(932) Pause Young (Concurrent Start) (G1 Humongous Allocation)
[268.190s][info][gc,task     ] GC(932) Using 8 workers of 8 for evacuation
[268.193s][info][gc,phases   ] GC(932)   Pre Evacuate Collection Set: 0.3ms
[268.193s][info][gc,phases   ] GC(932)   Merge Heap Roots: 0.2ms
[268.193s][info][gc,phases   ] GC(932)   Evacuate Collection Set: 1.2ms
[268.193s][info][gc,phases   ] GC(932)   Post Evacuate Collection Set: 0.8ms
[268.193s][info][gc,phases   ] GC(932)   Other: 0.3ms
[268.193s][info][gc,heap     ] GC(932) Eden regions: 1->0(75)
[268.193s][info][gc,heap     ] GC(932) Survivor regions: 1->1(10)
[268.193s][info][gc,heap     ] GC(932) Old regions: 8->8
[268.193s][info][gc,heap     ] GC(932) Archive regions: 2->2
[268.193s][info][gc,heap     ] GC(932) Humongous regions: 96->0
[268.194s][info][gc,metaspace] GC(932) Metaspace: 29090K(29504K)->29090K(29504K) NonClass: 25530K(25728K)->25530K(25728K) Class: 3559K(3776K)->3559K(3776K)
[268.194s][info][gc          ] GC(932) Pause Young (Concurrent Start) (G1 Humongous Allocation) 210M->16M(254M) 3.519ms
[268.194s][info][gc,cpu      ] GC(932) User=0.00s Sys=0.01s Real=0.01s
[268.194s][info][gc          ] GC(933) Concurrent Undo Cycle
[268.194s][info][gc,marking  ] GC(933) Concurrent Cleanup for Next Mark
[268.194s][info][gc,marking  ] GC(933) Concurrent Cleanup for Next Mark 0.206ms
[268.194s][info][gc          ] GC(933) Concurrent Undo Cycle 0.481ms
[268.715s][info][gc,start    ] GC(934) Pause Young (Concurrent Start) (G1 Humongous Allocation)
[268.715s][info][gc,task     ] GC(934) Using 8 workers of 8 for evacuation
[268.718s][info][gc,phases   ] GC(934)   Pre Evacuate Collection Set: 0.4ms
[268.718s][info][gc,phases   ] GC(934)   Merge Heap Roots: 0.1ms
[268.718s][info][gc,phases   ] GC(934)   Evacuate Collection Set: 1.2ms
[268.718s][info][gc,phases   ] GC(934)   Post Evacuate Collection Set: 0.5ms
[268.718s][info][gc,phases   ] GC(934)   Other: 0.2ms
[268.718s][info][gc,heap     ] GC(934) Eden regions: 1->0(75)
[268.718s][info][gc,heap     ] GC(934) Survivor regions: 1->1(10)
[268.718s][info][gc,heap     ] GC(934) Old regions: 8->8
[268.718s][info][gc,heap     ] GC(934) Archive regions: 2->2
[268.718s][info][gc,heap     ] GC(934) Humongous regions: 96->0
[268.718s][info][gc,metaspace] GC(934) Metaspace: 29090K(29504K)->29090K(29504K) NonClass: 25530K(25728K)->25530K(25728K) Class: 3559K(3776K)->3559K(3776K)
[268.718s][info][gc          ] GC(934) Pause Young (Concurrent Start) (G1 Humongous Allocation) 210M->16M(254M) 2.872ms
[268.718s][info][gc,cpu      ] GC(934) User=0.01s Sys=0.00s Real=0.00s
[268.718s][info][gc          ] GC(935) Concurrent Undo Cycle
[268.718s][info][gc,marking  ] GC(935) Concurrent Cleanup for Next Mark
[268.718s][info][gc,marking  ] GC(935) Concurrent Cleanup for Next Mark 0.166ms
[268.718s][info][gc          ] GC(935) Concurrent Undo Cycle 0.372ms
[269.231s][info][gc,start    ] GC(936) Pause Young (Concurrent Start) (G1 Humongous Allocation)
[269.231s][info][gc,task     ] GC(936) Using 8 workers of 8 for evacuation
[269.232s][info][gc,phases   ] GC(936)   Pre Evacuate Collection Set: 0.1ms
[269.232s][info][gc,phases   ] GC(936)   Merge Heap Roots: 0.0ms
[269.232s][info][gc,phases   ] GC(936)   Evacuate Collection Set: 0.5ms
[269.232s][info][gc,phases   ] GC(936)   Post Evacuate Collection Set: 0.3ms
[269.232s][info][gc,phases   ] GC(936)   Other: 0.1ms
[269.232s][info][gc,heap     ] GC(936) Eden regions: 1->0(75)
[269.232s][info][gc,heap     ] GC(936) Survivor regions: 1->1(10)
[269.232s][info][gc,heap     ] GC(936) Old regions: 8->8
[269.232s][info][gc,heap     ] GC(936) Archive regions: 2->2
[269.232s][info][gc,heap     ] GC(936) Humongous regions: 96->0
[269.232s][info][gc,metaspace] GC(936) Metaspace: 29090K(29504K)->29090K(29504K) NonClass: 25530K(25728K)->25530K(25728K) Class: 3559K(3776K)->3559K(3776K)
[269.232s][info][gc          ] GC(936) Pause Young (Concurrent Start) (G1 Humongous Allocation) 210M->16M(254M) 1.408ms
[269.232s][info][gc          ] GC(937) Concurrent Undo Cycle
[269.232s][info][gc,cpu      ] GC(936) User=0.00s Sys=0.00s Real=0.00s
[269.232s][info][gc,marking  ] GC(937) Concurrent Cleanup for Next Mark
[269.232s][info][gc,marking  ] GC(937) Concurrent Cleanup for Next Mark 0.089ms
[269.232s][info][gc          ] GC(937) Concurrent Undo Cycle 0.168ms
[269.744s][info][gc,start    ] GC(938) Pause Young (Concurrent Start) (G1 Humongous Allocation)
[269.744s][info][gc,task     ] GC(938) Using 8 workers of 8 for evacuation
[269.745s][info][gc,phases   ] GC(938)   Pre Evacuate Collection Set: 0.1ms
[269.745s][info][gc,phases   ] GC(938)   Merge Heap Roots: 0.0ms
[269.745s][info][gc,phases   ] GC(938)   Evacuate Collection Set: 0.5ms
[269.745s][info][gc,phases   ] GC(938)   Post Evacuate Collection Set: 0.2ms
[269.745s][info][gc,phases   ] GC(938)   Other: 0.1ms
[269.745s][info][gc,heap     ] GC(938) Eden regions: 1->0(75)
[269.745s][info][gc,heap     ] GC(938) Survivor regions: 1->1(10)
[269.745s][info][gc,heap     ] GC(938) Old regions: 8->8
[269.745s][info][gc,heap     ] GC(938) Archive regions: 2->2
[269.745s][info][gc,heap     ] GC(938) Humongous regions: 96->0
[269.745s][info][gc,metaspace] GC(938) Metaspace: 29090K(29504K)->29090K(29504K) NonClass: 25530K(25728K)->25530K(25728K) Class: 3559K(3776K)->3559K(3776K)
[269.745s][info][gc          ] GC(938) Pause Young (Concurrent Start) (G1 Humongous Allocation) 210M->16M(254M) 1.143ms
[269.745s][info][gc,cpu      ] GC(938) User=0.00s Sys=0.00s Real=0.00s
[269.745s][info][gc          ] GC(939) Concurrent Undo Cycle
[269.745s][info][gc,marking  ] GC(939) Concurrent Cleanup for Next Mark
[269.745s][info][gc,marking  ] GC(939) Concurrent Cleanup for Next Mark 0.064ms
[269.745s][info][gc          ] GC(939) Concurrent Undo Cycle 0.127ms
[270.254s][info][gc,start    ] GC(940) Pause Young (Concurrent Start) (G1 Humongous Allocation)
[270.254s][info][gc,task     ] GC(940) Using 8 workers of 8 for evacuation
[270.257s][info][gc,phases   ] GC(940)   Pre Evacuate Collection Set: 0.4ms
[270.257s][info][gc,phases   ] GC(940)   Merge Heap Roots: 0.2ms
[270.257s][info][gc,phases   ] GC(940)   Evacuate Collection Set: 1.2ms
[270.257s][info][gc,phases   ] GC(940)   Post Evacuate Collection Set: 0.7ms
[270.257s][info][gc,phases   ] GC(940)   Other: 0.2ms
[270.257s][info][gc,heap     ] GC(940) Eden regions: 1->0(75)
[270.257s][info][gc,heap     ] GC(940) Survivor regions: 1->1(10)
[270.257s][info][gc,heap     ] GC(940) Old regions: 8->8
[270.257s][info][gc,heap     ] GC(940) Archive regions: 2->2
[270.257s][info][gc,heap     ] GC(940) Humongous regions: 96->0
[270.257s][info][gc,metaspace] GC(940) Metaspace: 29090K(29504K)->29090K(29504K) NonClass: 25530K(25728K)->25530K(25728K) Class: 3559K(3776K)->3559K(3776K)
[270.257s][info][gc          ] GC(940) Pause Young (Concurrent Start) (G1 Humongous Allocation) 210M->16M(254M) 3.421ms
[270.257s][info][gc,cpu      ] GC(940) User=0.01s Sys=0.01s Real=0.00s
[270.257s][info][gc          ] GC(941) Concurrent Undo Cycle
[270.258s][info][gc,marking  ] GC(941) Concurrent Cleanup for Next Mark
[270.258s][info][gc,marking  ] GC(941) Concurrent Cleanup for Next Mark 0.173ms
[270.258s][info][gc          ] GC(941) Concurrent Undo Cycle 0.408ms
[270.776s][info][gc,start    ] GC(942) Pause Young (Concurrent Start) (G1 Humongous Allocation)
[270.776s][info][gc,task     ] GC(942) Using 8 workers of 8 for evacuation
[270.779s][info][gc,phases   ] GC(942)   Pre Evacuate Collection Set: 0.4ms
[270.779s][info][gc,phases   ] GC(942)   Merge Heap Roots: 0.2ms
[270.779s][info][gc,phases   ] GC(942)   Evacuate Collection Set: 1.2ms
[270.779s][info][gc,phases   ] GC(942)   Post Evacuate Collection Set: 0.8ms
[270.779s][info][gc,phases   ] GC(942)   Other: 0.3ms
[270.779s][info][gc,heap     ] GC(942) Eden regions: 1->0(75)
[270.779s][info][gc,heap     ] GC(942) Survivor regions: 1->1(10)
[270.779s][info][gc,heap     ] GC(942) Old regions: 8->8
[270.779s][info][gc,heap     ] GC(942) Archive regions: 2->2
[270.779s][info][gc,heap     ] GC(942) Humongous regions: 96->0
[270.779s][info][gc,metaspace] GC(942) Metaspace: 29090K(29504K)->29090K(29504K) NonClass: 25530K(25728K)->25530K(25728K) Class: 3559K(3776K)->3559K(3776K)
[270.779s][info][gc          ] GC(942) Pause Young (Concurrent Start) (G1 Humongous Allocation) 210M->16M(254M) 3.565ms
[270.779s][info][gc,cpu      ] GC(942) User=0.01s Sys=0.00s Real=0.00s
[270.779s][info][gc          ] GC(943) Concurrent Undo Cycle
[270.779s][info][gc,marking  ] GC(943) Concurrent Cleanup for Next Mark
[270.780s][info][gc,marking  ] GC(943) Concurrent Cleanup for Next Mark 0.199ms
[270.780s][info][gc          ] GC(943) Concurrent Undo Cycle 0.463ms
[271.300s][info][gc,start    ] GC(944) Pause Young (Concurrent Start) (G1 Humongous Allocation)
[271.301s][info][gc,task     ] GC(944) Using 8 workers of 8 for evacuation
[271.303s][info][gc,phases   ] GC(944)   Pre Evacuate Collection Set: 0.4ms
[271.303s][info][gc,phases   ] GC(944)   Merge Heap Roots: 0.2ms
[271.303s][info][gc,phases   ] GC(944)   Evacuate Collection Set: 1.2ms
[271.303s][info][gc,phases   ] GC(944)   Post Evacuate Collection Set: 0.8ms
[271.304s][info][gc,phases   ] GC(944)   Other: 0.2ms
[271.304s][info][gc,heap     ] GC(944) Eden regions: 1->0(75)
[271.304s][info][gc,heap     ] GC(944) Survivor regions: 1->1(10)
[271.304s][info][gc,heap     ] GC(944) Old regions: 8->8
[271.304s][info][gc,heap     ] GC(944) Archive regions: 2->2
[271.304s][info][gc,heap     ] GC(944) Humongous regions: 96->0
[271.304s][info][gc,metaspace] GC(944) Metaspace: 29090K(29504K)->29090K(29504K) NonClass: 25530K(25728K)->25530K(25728K) Class: 3559K(3776K)->3559K(3776K)
[271.304s][info][gc          ] GC(944) Pause Young (Concurrent Start) (G1 Humongous Allocation) 210M->16M(254M) 3.482ms
[271.304s][info][gc,cpu      ] GC(944) User=0.00s Sys=0.01s Real=0.01s
[271.304s][info][gc          ] GC(945) Concurrent Undo Cycle
[271.304s][info][gc,marking  ] GC(945) Concurrent Cleanup for Next Mark
[271.304s][info][gc,marking  ] GC(945) Concurrent Cleanup for Next Mark 0.245ms
[271.305s][info][gc          ] GC(945) Concurrent Undo Cycle 0.736ms
[271.821s][info][gc,start    ] GC(946) Pause Young (Concurrent Start) (G1 Humongous Allocation)
[271.821s][info][gc,task     ] GC(946) Using 8 workers of 8 for evacuation
[271.824s][info][gc,phases   ] GC(946)   Pre Evacuate Collection Set: 0.4ms
[271.824s][info][gc,phases   ] GC(946)   Merge Heap Roots: 0.2ms
[271.824s][info][gc,phases   ] GC(946)   Evacuate Collection Set: 1.3ms
[271.824s][info][gc,phases   ] GC(946)   Post Evacuate Collection Set: 0.8ms
[271.824s][info][gc,phases   ] GC(946)   Other: 0.2ms
[271.824s][info][gc,heap     ] GC(946) Eden regions: 1->0(75)
[271.824s][info][gc,heap     ] GC(946) Survivor regions: 1->1(10)
[271.824s][info][gc,heap     ] GC(946) Old regions: 8->8
[271.824s][info][gc,heap     ] GC(946) Archive regions: 2->2
[271.824s][info][gc,heap     ] GC(946) Humongous regions: 96->0
[271.824s][info][gc,metaspace] GC(946) Metaspace: 29090K(29504K)->29090K(29504K) NonClass: 25530K(25728K)->25530K(25728K) Class: 3559K(3776K)->3559K(3776K)
[271.824s][info][gc          ] GC(946) Pause Young (Concurrent Start) (G1 Humongous Allocation) 210M->16M(254M) 3.415ms
[271.825s][info][gc,cpu      ] GC(946) User=0.01s Sys=0.00s Real=0.00s
[271.825s][info][gc          ] GC(947) Concurrent Undo Cycle
[271.825s][info][gc,marking  ] GC(947) Concurrent Cleanup for Next Mark
[271.825s][info][gc,marking  ] GC(947) Concurrent Cleanup for Next Mark 0.123ms
[271.825s][info][gc          ] GC(947) Concurrent Undo Cycle 0.391ms
[272.340s][info][gc,start    ] GC(948) Pause Young (Concurrent Start) (G1 Humongous Allocation)
[272.341s][info][gc,task     ] GC(948) Using 8 workers of 8 for evacuation
[272.343s][info][gc,phases   ] GC(948)   Pre Evacuate Collection Set: 0.4ms
[272.343s][info][gc,phases   ] GC(948)   Merge Heap Roots: 0.2ms
[272.344s][info][gc,phases   ] GC(948)   Evacuate Collection Set: 1.2ms
[272.344s][info][gc,phases   ] GC(948)   Post Evacuate Collection Set: 0.8ms
[272.344s][info][gc,phases   ] GC(948)   Other: 0.3ms
[272.344s][info][gc,heap     ] GC(948) Eden regions: 1->0(75)
[272.344s][info][gc,heap     ] GC(948) Survivor regions: 1->1(10)
[272.344s][info][gc,heap     ] GC(948) Old regions: 8->8
[272.344s][info][gc,heap     ] GC(948) Archive regions: 2->2
[272.344s][info][gc,heap     ] GC(948) Humongous regions: 96->0
[272.344s][info][gc,metaspace] GC(948) Metaspace: 29090K(29504K)->29090K(29504K) NonClass: 25530K(25728K)->25530K(25728K) Class: 3559K(3776K)->3559K(3776K)
[272.344s][info][gc          ] GC(948) Pause Young (Concurrent Start) (G1 Humongous Allocation) 210M->16M(254M) 3.506ms
[272.344s][info][gc,cpu      ] GC(948) User=0.01s Sys=0.00s Real=0.00s
[272.344s][info][gc          ] GC(949) Concurrent Undo Cycle
[272.344s][info][gc,marking  ] GC(949) Concurrent Cleanup for Next Mark
[272.344s][info][gc,marking  ] GC(949) Concurrent Cleanup for Next Mark 0.170ms
[272.344s][info][gc          ] GC(949) Concurrent Undo Cycle 0.400ms
[272.865s][info][gc,start    ] GC(950) Pause Young (Concurrent Start) (G1 Humongous Allocation)
[272.865s][info][gc,task     ] GC(950) Using 8 workers of 8 for evacuation
[272.868s][info][gc,phases   ] GC(950)   Pre Evacuate Collection Set: 0.5ms
[272.868s][info][gc,phases   ] GC(950)   Merge Heap Roots: 0.2ms
[272.868s][info][gc,phases   ] GC(950)   Evacuate Collection Set: 1.3ms
[272.868s][info][gc,phases   ] GC(950)   Post Evacuate Collection Set: 0.8ms
[272.869s][info][gc,phases   ] GC(950)   Other: 0.2ms
[272.869s][info][gc,heap     ] GC(950) Eden regions: 1->0(75)
[272.869s][info][gc,heap     ] GC(950) Survivor regions: 1->1(10)
[272.869s][info][gc,heap     ] GC(950) Old regions: 8->8
[272.869s][info][gc,heap     ] GC(950) Archive regions: 2->2
[272.869s][info][gc,heap     ] GC(950) Humongous regions: 96->0
[272.869s][info][gc,metaspace] GC(950) Metaspace: 29090K(29504K)->29090K(29504K) NonClass: 25530K(25728K)->25530K(25728K) Class: 3559K(3776K)->3559K(3776K)
[272.869s][info][gc          ] GC(950) Pause Young (Concurrent Start) (G1 Humongous Allocation) 210M->16M(254M) 3.588ms
[272.869s][info][gc,cpu      ] GC(950) User=0.00s Sys=0.00s Real=0.00s
[272.869s][info][gc          ] GC(951) Concurrent Undo Cycle
[272.869s][info][gc,marking  ] GC(951) Concurrent Cleanup for Next Mark
[272.869s][info][gc,marking  ] GC(951) Concurrent Cleanup for Next Mark 0.185ms
[272.869s][info][gc          ] GC(951) Concurrent Undo Cycle 0.473ms
[273.389s][info][gc,start    ] GC(952) Pause Young (Concurrent Start) (G1 Humongous Allocation)
[273.389s][info][gc,task     ] GC(952) Using 8 workers of 8 for evacuation
[273.392s][info][gc,phases   ] GC(952)   Pre Evacuate Collection Set: 0.4ms
[273.392s][info][gc,phases   ] GC(952)   Merge Heap Roots: 0.2ms
[273.392s][info][gc,phases   ] GC(952)   Evacuate Collection Set: 1.2ms
[273.392s][info][gc,phases   ] GC(952)   Post Evacuate Collection Set: 0.8ms
[273.392s][info][gc,phases   ] GC(952)   Other: 0.2ms
[273.392s][info][gc,heap     ] GC(952) Eden regions: 2->0(75)
[273.392s][info][gc,heap     ] GC(952) Survivor regions: 1->1(10)
[273.392s][info][gc,heap     ] GC(952) Old regions: 8->8
[273.392s][info][gc,heap     ] GC(952) Archive regions: 2->2
[273.392s][info][gc,heap     ] GC(952) Humongous regions: 96->0
[273.392s][info][gc,metaspace] GC(952) Metaspace: 29090K(29504K)->29090K(29504K) NonClass: 25530K(25728K)->25530K(25728K) Class: 3559K(3776K)->3559K(3776K)
[273.392s][info][gc          ] GC(952) Pause Young (Concurrent Start) (G1 Humongous Allocation) 210M->16M(254M) 3.586ms
[273.392s][info][gc,cpu      ] GC(952) User=0.01s Sys=0.00s Real=0.01s
[273.392s][info][gc          ] GC(953) Concurrent Undo Cycle
[273.393s][info][gc,marking  ] GC(953) Concurrent Cleanup for Next Mark
[273.393s][info][gc,marking  ] GC(953) Concurrent Cleanup for Next Mark 0.253ms
[273.393s][info][gc          ] GC(953) Concurrent Undo Cycle 0.823ms
[273.913s][info][gc,start    ] GC(954) Pause Young (Concurrent Start) (G1 Humongous Allocation)
[273.914s][info][gc,task     ] GC(954) Using 8 workers of 8 for evacuation
[273.916s][info][gc,phases   ] GC(954)   Pre Evacuate Collection Set: 0.4ms
[273.917s][info][gc,phases   ] GC(954)   Merge Heap Roots: 0.2ms
[273.917s][info][gc,phases   ] GC(954)   Evacuate Collection Set: 1.2ms
[273.917s][info][gc,phases   ] GC(954)   Post Evacuate Collection Set: 0.8ms
[273.917s][info][gc,phases   ] GC(954)   Other: 0.2ms
[273.917s][info][gc,heap     ] GC(954) Eden regions: 1->0(75)
[273.917s][info][gc,heap     ] GC(954) Survivor regions: 1->1(10)
[273.917s][info][gc,heap     ] GC(954) Old regions: 8->8
[273.917s][info][gc,heap     ] GC(954) Archive regions: 2->2
[273.917s][info][gc,heap     ] GC(954) Humongous regions: 96->0
[273.917s][info][gc,metaspace] GC(954) Metaspace: 29090K(29504K)->29090K(29504K) NonClass: 25530K(25728K)->25530K(25728K) Class: 3559K(3776K)->3559K(3776K)
[273.917s][info][gc          ] GC(954) Pause Young (Concurrent Start) (G1 Humongous Allocation) 209M->16M(254M) 3.605ms
[273.917s][info][gc,cpu      ] GC(954) User=0.00s Sys=0.01s Real=0.00s
[273.917s][info][gc          ] GC(955) Concurrent Undo Cycle
[273.917s][info][gc,marking  ] GC(955) Concurrent Cleanup for Next Mark
[273.917s][info][gc,marking  ] GC(955) Concurrent Cleanup for Next Mark 0.180ms
[273.918s][info][gc          ] GC(955) Concurrent Undo Cycle 0.455ms
[274.437s][info][gc,start    ] GC(956) Pause Young (Concurrent Start) (G1 Humongous Allocation)
[274.437s][info][gc,task     ] GC(956) Using 8 workers of 8 for evacuation
[274.440s][info][gc,phases   ] GC(956)   Pre Evacuate Collection Set: 0.5ms
[274.440s][info][gc,phases   ] GC(956)   Merge Heap Roots: 0.2ms
[274.440s][info][gc,phases   ] GC(956)   Evacuate Collection Set: 1.2ms
[274.440s][info][gc,phases   ] GC(956)   Post Evacuate Collection Set: 0.8ms
[274.440s][info][gc,phases   ] GC(956)   Other: 0.2ms
[274.440s][info][gc,heap     ] GC(956) Eden regions: 2->0(75)
[274.440s][info][gc,heap     ] GC(956) Survivor regions: 1->1(10)
[274.441s][info][gc,heap     ] GC(956) Old regions: 8->8
[274.441s][info][gc,heap     ] GC(956) Archive regions: 2->2
[274.441s][info][gc,heap     ] GC(956) Humongous regions: 96->0
[274.441s][info][gc,metaspace] GC(956) Metaspace: 29090K(29504K)->29090K(29504K) NonClass: 25530K(25728K)->25530K(25728K) Class: 3559K(3776K)->3559K(3776K)
[274.441s][info][gc          ] GC(956) Pause Young (Concurrent Start) (G1 Humongous Allocation) 210M->16M(254M) 3.597ms
[274.441s][info][gc,cpu      ] GC(956) User=0.01s Sys=0.00s Real=0.01s
[274.441s][info][gc          ] GC(957) Concurrent Undo Cycle
[274.441s][info][gc,marking  ] GC(957) Concurrent Cleanup for Next Mark
[274.441s][info][gc,marking  ] GC(957) Concurrent Cleanup for Next Mark 0.231ms
[274.441s][info][gc          ] GC(957) Concurrent Undo Cycle 0.495ms
[274.959s][info][gc,start    ] GC(958) Pause Young (Concurrent Start) (G1 Humongous Allocation)
[274.959s][info][gc,task     ] GC(958) Using 8 workers of 8 for evacuation
[274.961s][info][gc,phases   ] GC(958)   Pre Evacuate Collection Set: 0.2ms
[274.961s][info][gc,phases   ] GC(958)   Merge Heap Roots: 0.1ms
[274.961s][info][gc,phases   ] GC(958)   Evacuate Collection Set: 1.0ms
[274.961s][info][gc,phases   ] GC(958)   Post Evacuate Collection Set: 0.4ms
[274.961s][info][gc,phases   ] GC(958)   Other: 0.3ms
[274.961s][info][gc,heap     ] GC(958) Eden regions: 1->0(75)
[274.961s][info][gc,heap     ] GC(958) Survivor regions: 1->1(10)
[274.961s][info][gc,heap     ] GC(958) Old regions: 8->8
[274.961s][info][gc,heap     ] GC(958) Archive regions: 2->2
[274.961s][info][gc,heap     ] GC(958) Humongous regions: 96->0
[274.961s][info][gc,metaspace] GC(958) Metaspace: 29090K(29504K)->29090K(29504K) NonClass: 25530K(25728K)->25530K(25728K) Class: 3559K(3776K)->3559K(3776K)
[274.961s][info][gc          ] GC(958) Pause Young (Concurrent Start) (G1 Humongous Allocation) 209M->16M(254M) 2.500ms
[274.961s][info][gc,cpu      ] GC(958) User=0.00s Sys=0.01s Real=0.01s
[274.961s][info][gc          ] GC(959) Concurrent Undo Cycle
[274.961s][info][gc,marking  ] GC(959) Concurrent Cleanup for Next Mark
[274.962s][info][gc,marking  ] GC(959) Concurrent Cleanup for Next Mark 0.126ms
[274.962s][info][gc          ] GC(959) Concurrent Undo Cycle 0.276ms
[275.477s][info][gc,start    ] GC(960) Pause Young (Concurrent Start) (G1 Humongous Allocation)
[275.477s][info][gc,task     ] GC(960) Using 8 workers of 8 for evacuation
[275.480s][info][gc,phases   ] GC(960)   Pre Evacuate Collection Set: 0.4ms
[275.480s][info][gc,phases   ] GC(960)   Merge Heap Roots: 0.2ms
[275.480s][info][gc,phases   ] GC(960)   Evacuate Collection Set: 1.3ms
[275.480s][info][gc,phases   ] GC(960)   Post Evacuate Collection Set: 0.9ms
[275.480s][info][gc,phases   ] GC(960)   Other: 0.2ms
[275.480s][info][gc,heap     ] GC(960) Eden regions: 2->0(75)
[275.480s][info][gc,heap     ] GC(960) Survivor regions: 1->1(10)
[275.480s][info][gc,heap     ] GC(960) Old regions: 8->8
[275.480s][info][gc,heap     ] GC(960) Archive regions: 2->2
[275.480s][info][gc,heap     ] GC(960) Humongous regions: 96->0
[275.480s][info][gc,metaspace] GC(960) Metaspace: 29090K(29504K)->29090K(29504K) NonClass: 25530K(25728K)->25530K(25728K) Class: 3559K(3776K)->3559K(3776K)
[275.480s][info][gc          ] GC(960) Pause Young (Concurrent Start) (G1 Humongous Allocation) 210M->16M(254M) 3.744ms
[275.481s][info][gc,cpu      ] GC(960) User=0.01s Sys=0.00s Real=0.01s
[275.481s][info][gc          ] GC(961) Concurrent Undo Cycle
[275.481s][info][gc,marking  ] GC(961) Concurrent Cleanup for Next Mark
[275.481s][info][gc,marking  ] GC(961) Concurrent Cleanup for Next Mark 0.235ms
[275.481s][info][gc          ] GC(961) Concurrent Undo Cycle 0.568ms
[276.000s][info][gc,start    ] GC(962) Pause Young (Concurrent Start) (G1 Humongous Allocation)
[276.000s][info][gc,task     ] GC(962) Using 8 workers of 8 for evacuation
[276.003s][info][gc,phases   ] GC(962)   Pre Evacuate Collection Set: 0.3ms
[276.003s][info][gc,phases   ] GC(962)   Merge Heap Roots: 0.1ms
[276.003s][info][gc,phases   ] GC(962)   Evacuate Collection Set: 0.8ms
[276.003s][info][gc,phases   ] GC(962)   Post Evacuate Collection Set: 0.7ms
[276.003s][info][gc,phases   ] GC(962)   Other: 0.2ms
[276.003s][info][gc,heap     ] GC(962) Eden regions: 1->0(75)
[276.003s][info][gc,heap     ] GC(962) Survivor regions: 1->1(10)
[276.003s][info][gc,heap     ] GC(962) Old regions: 8->8
[276.003s][info][gc,heap     ] GC(962) Archive regions: 2->2
[276.003s][info][gc,heap     ] GC(962) Humongous regions: 96->0
[276.003s][info][gc,metaspace] GC(962) Metaspace: 29090K(29504K)->29090K(29504K) NonClass: 25530K(25728K)->25530K(25728K) Class: 3559K(3776K)->3559K(3776K)
[276.003s][info][gc          ] GC(962) Pause Young (Concurrent Start) (G1 Humongous Allocation) 209M->16M(254M) 2.648ms
[276.003s][info][gc,cpu      ] GC(962) User=0.00s Sys=0.00s Real=0.01s
[276.003s][info][gc          ] GC(963) Concurrent Undo Cycle
[276.003s][info][gc,marking  ] GC(963) Concurrent Cleanup for Next Mark
[276.003s][info][gc,marking  ] GC(963) Concurrent Cleanup for Next Mark 0.152ms
[276.003s][info][gc          ] GC(963) Concurrent Undo Cycle 0.434ms
[276.521s][info][gc,start    ] GC(964) Pause Young (Concurrent Start) (G1 Humongous Allocation)
[276.521s][info][gc,task     ] GC(964) Using 8 workers of 8 for evacuation
[276.524s][info][gc,phases   ] GC(964)   Pre Evacuate Collection Set: 0.5ms
[276.524s][info][gc,phases   ] GC(964)   Merge Heap Roots: 0.2ms
[276.524s][info][gc,phases   ] GC(964)   Evacuate Collection Set: 1.2ms
[276.524s][info][gc,phases   ] GC(964)   Post Evacuate Collection Set: 0.8ms
[276.524s][info][gc,phases   ] GC(964)   Other: 0.2ms
[276.524s][info][gc,heap     ] GC(964) Eden regions: 2->0(75)
[276.524s][info][gc,heap     ] GC(964) Survivor regions: 1->1(10)
[276.524s][info][gc,heap     ] GC(964) Old regions: 8->8
[276.524s][info][gc,heap     ] GC(964) Archive regions: 2->2
[276.524s][info][gc,heap     ] GC(964) Humongous regions: 96->0
[276.524s][info][gc,metaspace] GC(964) Metaspace: 29090K(29504K)->29090K(29504K) NonClass: 25530K(25728K)->25530K(25728K) Class: 3559K(3776K)->3559K(3776K)
[276.524s][info][gc          ] GC(964) Pause Young (Concurrent Start) (G1 Humongous Allocation) 210M->16M(254M) 3.567ms
[276.524s][info][gc,cpu      ] GC(964) User=0.00s Sys=0.01s Real=0.00s
[276.525s][info][gc          ] GC(965) Concurrent Undo Cycle
[276.525s][info][gc,marking  ] GC(965) Concurrent Cleanup for Next Mark
[276.525s][info][gc,marking  ] GC(965) Concurrent Cleanup for Next Mark 0.219ms
[276.525s][info][gc          ] GC(965) Concurrent Undo Cycle 0.505ms
[277.043s][info][gc,start    ] GC(966) Pause Young (Concurrent Start) (G1 Humongous Allocation)
[277.043s][info][gc,task     ] GC(966) Using 8 workers of 8 for evacuation
[277.045s][info][gc,phases   ] GC(966)   Pre Evacuate Collection Set: 0.2ms
[277.045s][info][gc,phases   ] GC(966)   Merge Heap Roots: 0.1ms
[277.045s][info][gc,phases   ] GC(966)   Evacuate Collection Set: 0.7ms
[277.045s][info][gc,phases   ] GC(966)   Post Evacuate Collection Set: 0.4ms
[277.045s][info][gc,phases   ] GC(966)   Other: 0.1ms
[277.045s][info][gc,heap     ] GC(966) Eden regions: 1->0(75)
[277.045s][info][gc,heap     ] GC(966) Survivor regions: 1->1(10)
[277.045s][info][gc,heap     ] GC(966) Old regions: 8->8
[277.045s][info][gc,heap     ] GC(966) Archive regions: 2->2
[277.045s][info][gc,heap     ] GC(966) Humongous regions: 96->0
[277.045s][info][gc,metaspace] GC(966) Metaspace: 29090K(29504K)->29090K(29504K) NonClass: 25530K(25728K)->25530K(25728K) Class: 3559K(3776K)->3559K(3776K)
[277.045s][info][gc          ] GC(966) Pause Young (Concurrent Start) (G1 Humongous Allocation) 210M->16M(254M) 1.827ms
[277.045s][info][gc,cpu      ] GC(966) User=0.00s Sys=0.00s Real=0.00s
[277.045s][info][gc          ] GC(967) Concurrent Undo Cycle
[277.045s][info][gc,marking  ] GC(967) Concurrent Cleanup for Next Mark
[277.045s][info][gc,marking  ] GC(967) Concurrent Cleanup for Next Mark 0.081ms
[277.045s][info][gc          ] GC(967) Concurrent Undo Cycle 0.227ms
[277.556s][info][gc,start    ] GC(968) Pause Young (Concurrent Start) (G1 Humongous Allocation)
[277.556s][info][gc,task     ] GC(968) Using 8 workers of 8 for evacuation
[277.557s][info][gc,phases   ] GC(968)   Pre Evacuate Collection Set: 0.2ms
[277.557s][info][gc,phases   ] GC(968)   Merge Heap Roots: 0.1ms
[277.557s][info][gc,phases   ] GC(968)   Evacuate Collection Set: 0.6ms
[277.557s][info][gc,phases   ] GC(968)   Post Evacuate Collection Set: 0.4ms
[277.557s][info][gc,phases   ] GC(968)   Other: 0.1ms
[277.557s][info][gc,heap     ] GC(968) Eden regions: 2->0(75)
[277.557s][info][gc,heap     ] GC(968) Survivor regions: 1->1(10)
[277.557s][info][gc,heap     ] GC(968) Old regions: 8->8
[277.557s][info][gc,heap     ] GC(968) Archive regions: 2->2
[277.557s][info][gc,heap     ] GC(968) Humongous regions: 96->0
[277.557s][info][gc,metaspace] GC(968) Metaspace: 29090K(29504K)->29090K(29504K) NonClass: 25530K(25728K)->25530K(25728K) Class: 3559K(3776K)->3559K(3776K)
[277.558s][info][gc          ] GC(968) Pause Young (Concurrent Start) (G1 Humongous Allocation) 210M->16M(254M) 1.754ms
[277.558s][info][gc,cpu      ] GC(968) User=0.00s Sys=0.00s Real=0.00s
[277.558s][info][gc          ] GC(969) Concurrent Undo Cycle
[277.558s][info][gc,marking  ] GC(969) Concurrent Cleanup for Next Mark
[277.558s][info][gc,marking  ] GC(969) Concurrent Cleanup for Next Mark 0.105ms
[277.558s][info][gc          ] GC(969) Concurrent Undo Cycle 0.224ms
[278.071s][info][gc,start    ] GC(970) Pause Young (Concurrent Start) (G1 Humongous Allocation)
[278.071s][info][gc,task     ] GC(970) Using 8 workers of 8 for evacuation
[278.074s][info][gc,phases   ] GC(970)   Pre Evacuate Collection Set: 0.4ms
[278.074s][info][gc,phases   ] GC(970)   Merge Heap Roots: 0.2ms
[278.074s][info][gc,phases   ] GC(970)   Evacuate Collection Set: 1.3ms
[278.074s][info][gc,phases   ] GC(970)   Post Evacuate Collection Set: 0.8ms
[278.074s][info][gc,phases   ] GC(970)   Other: 0.3ms
[278.074s][info][gc,heap     ] GC(970) Eden regions: 1->0(75)
[278.074s][info][gc,heap     ] GC(970) Survivor regions: 1->1(10)
[278.074s][info][gc,heap     ] GC(970) Old regions: 8->8
[278.074s][info][gc,heap     ] GC(970) Archive regions: 2->2
[278.074s][info][gc,heap     ] GC(970) Humongous regions: 96->0
[278.074s][info][gc,metaspace] GC(970) Metaspace: 29090K(29504K)->29090K(29504K) NonClass: 25530K(25728K)->25530K(25728K) Class: 3559K(3776K)->3559K(3776K)
[278.075s][info][gc          ] GC(970) Pause Young (Concurrent Start) (G1 Humongous Allocation) 209M->16M(254M) 3.705ms
[278.075s][info][gc,cpu      ] GC(970) User=0.01s Sys=0.01s Real=0.00s
[278.075s][info][gc          ] GC(971) Concurrent Undo Cycle
[278.075s][info][gc,marking  ] GC(971) Concurrent Cleanup for Next Mark
[278.075s][info][gc,marking  ] GC(971) Concurrent Cleanup for Next Mark 0.217ms
[278.075s][info][gc          ] GC(971) Concurrent Undo Cycle 0.433ms
[278.592s][info][gc,start    ] GC(972) Pause Young (Concurrent Start) (G1 Humongous Allocation)
[278.593s][info][gc,task     ] GC(972) Using 8 workers of 8 for evacuation
[278.595s][info][gc,phases   ] GC(972)   Pre Evacuate Collection Set: 0.4ms
[278.595s][info][gc,phases   ] GC(972)   Merge Heap Roots: 0.2ms
[278.595s][info][gc,phases   ] GC(972)   Evacuate Collection Set: 1.2ms
[278.595s][info][gc,phases   ] GC(972)   Post Evacuate Collection Set: 0.7ms
[278.595s][info][gc,phases   ] GC(972)   Other: 0.2ms
[278.596s][info][gc,heap     ] GC(972) Eden regions: 2->0(75)
[278.596s][info][gc,heap     ] GC(972) Survivor regions: 1->1(10)
[278.596s][info][gc,heap     ] GC(972) Old regions: 8->8
[278.596s][info][gc,heap     ] GC(972) Archive regions: 2->2
[278.596s][info][gc,heap     ] GC(972) Humongous regions: 96->0
[278.596s][info][gc,metaspace] GC(972) Metaspace: 29090K(29504K)->29090K(29504K) NonClass: 25530K(25728K)->25530K(25728K) Class: 3559K(3776K)->3559K(3776K)
[278.596s][info][gc          ] GC(972) Pause Young (Concurrent Start) (G1 Humongous Allocation) 210M->16M(254M) 3.245ms
[278.596s][info][gc,cpu      ] GC(972) User=0.01s Sys=0.00s Real=0.00s
[278.596s][info][gc          ] GC(973) Concurrent Undo Cycle
[278.596s][info][gc,marking  ] GC(973) Concurrent Cleanup for Next Mark
[278.596s][info][gc,marking  ] GC(973) Concurrent Cleanup for Next Mark 0.129ms
[278.596s][info][gc          ] GC(973) Concurrent Undo Cycle 0.282ms
[279.111s][info][gc,start    ] GC(974) Pause Young (Concurrent Start) (G1 Humongous Allocation)
[279.112s][info][gc,task     ] GC(974) Using 8 workers of 8 for evacuation
[279.114s][info][gc,phases   ] GC(974)   Pre Evacuate Collection Set: 0.4ms
[279.115s][info][gc,phases   ] GC(974)   Merge Heap Roots: 0.3ms
[279.115s][info][gc,phases   ] GC(974)   Evacuate Collection Set: 1.3ms
[279.115s][info][gc,phases   ] GC(974)   Post Evacuate Collection Set: 0.7ms
[279.115s][info][gc,phases   ] GC(974)   Other: 0.2ms
[279.115s][info][gc,heap     ] GC(974) Eden regions: 1->0(75)
[279.115s][info][gc,heap     ] GC(974) Survivor regions: 1->1(10)
[279.115s][info][gc,heap     ] GC(974) Old regions: 8->8
[279.115s][info][gc,heap     ] GC(974) Archive regions: 2->2
[279.115s][info][gc,heap     ] GC(974) Humongous regions: 96->0
[279.115s][info][gc,metaspace] GC(974) Metaspace: 29090K(29504K)->29090K(29504K) NonClass: 25530K(25728K)->25530K(25728K) Class: 3559K(3776K)->3559K(3776K)
[279.115s][info][gc          ] GC(974) Pause Young (Concurrent Start) (G1 Humongous Allocation) 210M->16M(254M) 3.586ms
[279.115s][info][gc,cpu      ] GC(974) User=0.00s Sys=0.00s Real=0.00s
[279.115s][info][gc          ] GC(975) Concurrent Undo Cycle
[279.115s][info][gc,marking  ] GC(975) Concurrent Cleanup for Next Mark
[279.116s][info][gc,marking  ] GC(975) Concurrent Cleanup for Next Mark 0.183ms
[279.116s][info][gc          ] GC(975) Concurrent Undo Cycle 0.494ms
[279.637s][info][gc,start    ] GC(976) Pause Young (Concurrent Start) (G1 Humongous Allocation)
[279.637s][info][gc,task     ] GC(976) Using 8 workers of 8 for evacuation
[279.641s][info][gc,phases   ] GC(976)   Pre Evacuate Collection Set: 1.4ms
[279.641s][info][gc,phases   ] GC(976)   Merge Heap Roots: 0.2ms
[279.641s][info][gc,phases   ] GC(976)   Evacuate Collection Set: 1.3ms
[279.641s][info][gc,phases   ] GC(976)   Post Evacuate Collection Set: 0.8ms
[279.641s][info][gc,phases   ] GC(976)   Other: 0.3ms
[279.641s][info][gc,heap     ] GC(976) Eden regions: 1->0(75)
[279.641s][info][gc,heap     ] GC(976) Survivor regions: 1->1(10)
[279.641s][info][gc,heap     ] GC(976) Old regions: 8->8
[279.641s][info][gc,heap     ] GC(976) Archive regions: 2->2
[279.641s][info][gc,heap     ] GC(976) Humongous regions: 96->0
[279.641s][info][gc,metaspace] GC(976) Metaspace: 29090K(29504K)->29090K(29504K) NonClass: 25530K(25728K)->25530K(25728K) Class: 3559K(3776K)->3559K(3776K)
[279.641s][info][gc          ] GC(976) Pause Young (Concurrent Start) (G1 Humongous Allocation) 210M->16M(254M) 4.624ms
[279.641s][info][gc,cpu      ] GC(976) User=0.01s Sys=0.00s Real=0.01s
[279.641s][info][gc          ] GC(977) Concurrent Undo Cycle
[279.641s][info][gc,marking  ] GC(977) Concurrent Cleanup for Next Mark
[279.642s][info][gc,marking  ] GC(977) Concurrent Cleanup for Next Mark 0.126ms
[279.642s][info][gc          ] GC(977) Concurrent Undo Cycle 0.262ms
[280.158s][info][gc,start    ] GC(978) Pause Young (Concurrent Start) (G1 Humongous Allocation)
[280.159s][info][gc,task     ] GC(978) Using 8 workers of 8 for evacuation
[280.160s][info][gc,phases   ] GC(978)   Pre Evacuate Collection Set: 0.2ms
[280.161s][info][gc,phases   ] GC(978)   Merge Heap Roots: 0.1ms
[280.161s][info][gc,phases   ] GC(978)   Evacuate Collection Set: 0.8ms
[280.161s][info][gc,phases   ] GC(978)   Post Evacuate Collection Set: 0.5ms
[280.161s][info][gc,phases   ] GC(978)   Other: 0.2ms
[280.161s][info][gc,heap     ] GC(978) Eden regions: 1->0(75)
[280.161s][info][gc,heap     ] GC(978) Survivor regions: 1->1(10)
[280.161s][info][gc,heap     ] GC(978) Old regions: 8->8
[280.161s][info][gc,heap     ] GC(978) Archive regions: 2->2
[280.161s][info][gc,heap     ] GC(978) Humongous regions: 96->0
[280.161s][info][gc,metaspace] GC(978) Metaspace: 29090K(29504K)->29090K(29504K) NonClass: 25530K(25728K)->25530K(25728K) Class: 3559K(3776K)->3559K(3776K)
[280.161s][info][gc          ] GC(978) Pause Young (Concurrent Start) (G1 Humongous Allocation) 210M->16M(254M) 2.478ms
[280.161s][info][gc,cpu      ] GC(978) User=0.01s Sys=0.00s Real=0.01s
[280.161s][info][gc          ] GC(979) Concurrent Undo Cycle
[280.161s][info][gc,marking  ] GC(979) Concurrent Cleanup for Next Mark
[280.161s][info][gc,marking  ] GC(979) Concurrent Cleanup for Next Mark 0.134ms
[280.161s][info][gc          ] GC(979) Concurrent Undo Cycle 0.334ms
[280.679s][info][gc,start    ] GC(980) Pause Young (Concurrent Start) (G1 Humongous Allocation)
[280.680s][info][gc,task     ] GC(980) Using 8 workers of 8 for evacuation
[280.680s][info][gc,phases   ] GC(980)   Pre Evacuate Collection Set: 0.1ms
[280.680s][info][gc,phases   ] GC(980)   Merge Heap Roots: 0.0ms
[280.680s][info][gc,phases   ] GC(980)   Evacuate Collection Set: 0.5ms
[280.680s][info][gc,phases   ] GC(980)   Post Evacuate Collection Set: 0.2ms
[280.681s][info][gc,phases   ] GC(980)   Other: 0.0ms
[280.681s][info][gc,heap     ] GC(980) Eden regions: 1->0(75)
[280.681s][info][gc,heap     ] GC(980) Survivor regions: 1->1(10)
[280.681s][info][gc,heap     ] GC(980) Old regions: 8->8
[280.681s][info][gc,heap     ] GC(980) Archive regions: 2->2
[280.681s][info][gc,heap     ] GC(980) Humongous regions: 96->0
[280.681s][info][gc,metaspace] GC(980) Metaspace: 29090K(29504K)->29090K(29504K) NonClass: 25530K(25728K)->25530K(25728K) Class: 3559K(3776K)->3559K(3776K)
[280.681s][info][gc          ] GC(980) Pause Young (Concurrent Start) (G1 Humongous Allocation) 210M->16M(254M) 1.147ms
[280.681s][info][gc,cpu      ] GC(980) User=0.00s Sys=0.00s Real=0.01s
[280.681s][info][gc          ] GC(981) Concurrent Undo Cycle
[280.681s][info][gc,marking  ] GC(981) Concurrent Cleanup for Next Mark
[280.681s][info][gc,marking  ] GC(981) Concurrent Cleanup for Next Mark 0.076ms
[280.681s][info][gc          ] GC(981) Concurrent Undo Cycle 0.219ms
[281.193s][info][gc,start    ] GC(982) Pause Young (Concurrent Start) (G1 Humongous Allocation)
[281.193s][info][gc,task     ] GC(982) Using 8 workers of 8 for evacuation
[281.196s][info][gc,phases   ] GC(982)   Pre Evacuate Collection Set: 0.5ms
[281.196s][info][gc,phases   ] GC(982)   Merge Heap Roots: 0.2ms
[281.196s][info][gc,phases   ] GC(982)   Evacuate Collection Set: 1.2ms
[281.196s][info][gc,phases   ] GC(982)   Post Evacuate Collection Set: 0.8ms
[281.196s][info][gc,phases   ] GC(982)   Other: 0.2ms
[281.196s][info][gc,heap     ] GC(982) Eden regions: 1->0(75)
[281.196s][info][gc,heap     ] GC(982) Survivor regions: 1->1(10)
[281.196s][info][gc,heap     ] GC(982) Old regions: 8->8
[281.196s][info][gc,heap     ] GC(982) Archive regions: 2->2
[281.196s][info][gc,heap     ] GC(982) Humongous regions: 96->0
[281.196s][info][gc,metaspace] GC(982) Metaspace: 29090K(29504K)->29090K(29504K) NonClass: 25530K(25728K)->25530K(25728K) Class: 3559K(3776K)->3559K(3776K)
[281.197s][info][gc          ] GC(982) Pause Young (Concurrent Start) (G1 Humongous Allocation) 210M->16M(254M) 3.579ms
[281.197s][info][gc,cpu      ] GC(982) User=0.01s Sys=0.00s Real=0.00s
[281.197s][info][gc          ] GC(983) Concurrent Undo Cycle
[281.197s][info][gc,marking  ] GC(983) Concurrent Cleanup for Next Mark
[281.197s][info][gc,marking  ] GC(983) Concurrent Cleanup for Next Mark 0.177ms
[281.197s][info][gc          ] GC(983) Concurrent Undo Cycle 0.468ms
[281.718s][info][gc,start    ] GC(984) Pause Young (Concurrent Start) (G1 Humongous Allocation)
[281.719s][info][gc,task     ] GC(984) Using 8 workers of 8 for evacuation
[281.722s][info][gc,phases   ] GC(984)   Pre Evacuate Collection Set: 0.4ms
[281.722s][info][gc,phases   ] GC(984)   Merge Heap Roots: 0.2ms
[281.722s][info][gc,phases   ] GC(984)   Evacuate Collection Set: 1.4ms
[281.722s][info][gc,phases   ] GC(984)   Post Evacuate Collection Set: 0.8ms
[281.722s][info][gc,phases   ] GC(984)   Other: 0.2ms
[281.722s][info][gc,heap     ] GC(984) Eden regions: 1->0(75)
[281.722s][info][gc,heap     ] GC(984) Survivor regions: 1->1(10)
[281.722s][info][gc,heap     ] GC(984) Old regions: 8->8
[281.722s][info][gc,heap     ] GC(984) Archive regions: 2->2
[281.722s][info][gc,heap     ] GC(984) Humongous regions: 96->0
[281.722s][info][gc,metaspace] GC(984) Metaspace: 29090K(29504K)->29090K(29504K) NonClass: 25530K(25728K)->25530K(25728K) Class: 3559K(3776K)->3559K(3776K)
[281.722s][info][gc          ] GC(984) Pause Young (Concurrent Start) (G1 Humongous Allocation) 210M->16M(254M) 3.597ms
[281.722s][info][gc,cpu      ] GC(984) User=0.00s Sys=0.00s Real=0.01s
[281.722s][info][gc          ] GC(985) Concurrent Undo Cycle
[281.722s][info][gc,marking  ] GC(985) Concurrent Cleanup for Next Mark
[281.723s][info][gc,marking  ] GC(985) Concurrent Cleanup for Next Mark 0.186ms
[281.723s][info][gc          ] GC(985) Concurrent Undo Cycle 0.440ms
[282.244s][info][gc,start    ] GC(986) Pause Young (Concurrent Start) (G1 Humongous Allocation)
[282.244s][info][gc,task     ] GC(986) Using 8 workers of 8 for evacuation
[282.245s][info][gc,phases   ] GC(986)   Pre Evacuate Collection Set: 0.2ms
[282.246s][info][gc,phases   ] GC(986)   Merge Heap Roots: 0.1ms
[282.246s][info][gc,phases   ] GC(986)   Evacuate Collection Set: 0.6ms
[282.246s][info][gc,phases   ] GC(986)   Post Evacuate Collection Set: 0.4ms
[282.246s][info][gc,phases   ] GC(986)   Other: 0.1ms
[282.246s][info][gc,heap     ] GC(986) Eden regions: 1->0(75)
[282.246s][info][gc,heap     ] GC(986) Survivor regions: 1->1(10)
[282.246s][info][gc,heap     ] GC(986) Old regions: 8->8
[282.246s][info][gc,heap     ] GC(986) Archive regions: 2->2
[282.246s][info][gc,heap     ] GC(986) Humongous regions: 96->0
[282.246s][info][gc,metaspace] GC(986) Metaspace: 29090K(29504K)->29090K(29504K) NonClass: 25530K(25728K)->25530K(25728K) Class: 3559K(3776K)->3559K(3776K)
[282.246s][info][gc          ] GC(986) Pause Young (Concurrent Start) (G1 Humongous Allocation) 210M->16M(254M) 2.148ms
[282.246s][info][gc          ] GC(987) Concurrent Undo Cycle
[282.246s][info][gc,cpu      ] GC(986) User=0.00s Sys=0.01s Real=0.00s
[282.246s][info][gc,marking  ] GC(987) Concurrent Cleanup for Next Mark
[282.246s][info][gc,marking  ] GC(987) Concurrent Cleanup for Next Mark 0.267ms
[282.247s][info][gc          ] GC(987) Concurrent Undo Cycle 0.458ms
[282.762s][info][gc,start    ] GC(988) Pause Young (Concurrent Start) (G1 Humongous Allocation)
[282.763s][info][gc,task     ] GC(988) Using 8 workers of 8 for evacuation
[282.764s][info][gc,phases   ] GC(988)   Pre Evacuate Collection Set: 0.2ms
[282.764s][info][gc,phases   ] GC(988)   Merge Heap Roots: 0.0ms
[282.764s][info][gc,phases   ] GC(988)   Evacuate Collection Set: 0.5ms
[282.764s][info][gc,phases   ] GC(988)   Post Evacuate Collection Set: 0.3ms
[282.764s][info][gc,phases   ] GC(988)   Other: 0.1ms
[282.764s][info][gc,heap     ] GC(988) Eden regions: 1->0(75)
[282.764s][info][gc,heap     ] GC(988) Survivor regions: 1->1(10)
[282.764s][info][gc,heap     ] GC(988) Old regions: 8->8
[282.764s][info][gc,heap     ] GC(988) Archive regions: 2->2
[282.764s][info][gc,heap     ] GC(988) Humongous regions: 96->0
[282.764s][info][gc,metaspace] GC(988) Metaspace: 29090K(29504K)->29090K(29504K) NonClass: 25530K(25728K)->25530K(25728K) Class: 3559K(3776K)->3559K(3776K)
[282.764s][info][gc          ] GC(988) Pause Young (Concurrent Start) (G1 Humongous Allocation) 210M->16M(254M) 1.445ms
[282.764s][info][gc          ] GC(989) Concurrent Undo Cycle
[282.764s][info][gc,cpu      ] GC(988) User=0.00s Sys=0.00s Real=0.00s
[282.764s][info][gc,marking  ] GC(989) Concurrent Cleanup for Next Mark
[282.764s][info][gc,marking  ] GC(989) Concurrent Cleanup for Next Mark 0.254ms
[282.764s][info][gc          ] GC(989) Concurrent Undo Cycle 0.376ms
[283.275s][info][gc,start    ] GC(990) Pause Young (Concurrent Start) (G1 Humongous Allocation)
[283.275s][info][gc,task     ] GC(990) Using 8 workers of 8 for evacuation
[283.277s][info][gc,phases   ] GC(990)   Pre Evacuate Collection Set: 0.4ms
[283.278s][info][gc,phases   ] GC(990)   Merge Heap Roots: 0.2ms
[283.278s][info][gc,phases   ] GC(990)   Evacuate Collection Set: 0.9ms
[283.278s][info][gc,phases   ] GC(990)   Post Evacuate Collection Set: 0.6ms
[283.278s][info][gc,phases   ] GC(990)   Other: 0.2ms
[283.278s][info][gc,heap     ] GC(990) Eden regions: 1->0(75)
[283.278s][info][gc,heap     ] GC(990) Survivor regions: 1->1(10)
[283.278s][info][gc,heap     ] GC(990) Old regions: 8->8
[283.278s][info][gc,heap     ] GC(990) Archive regions: 2->2
[283.278s][info][gc,heap     ] GC(990) Humongous regions: 96->0
[283.278s][info][gc,metaspace] GC(990) Metaspace: 29090K(29504K)->29090K(29504K) NonClass: 25530K(25728K)->25530K(25728K) Class: 3559K(3776K)->3559K(3776K)
[283.278s][info][gc          ] GC(990) Pause Young (Concurrent Start) (G1 Humongous Allocation) 210M->16M(254M) 2.870ms
[283.278s][info][gc,cpu      ] GC(990) User=0.00s Sys=0.00s Real=0.00s
[283.278s][info][gc          ] GC(991) Concurrent Undo Cycle
[283.278s][info][gc,marking  ] GC(991) Concurrent Cleanup for Next Mark
[283.278s][info][gc,marking  ] GC(991) Concurrent Cleanup for Next Mark 0.140ms
[283.278s][info][gc          ] GC(991) Concurrent Undo Cycle 0.325ms
[283.795s][info][gc,start    ] GC(992) Pause Young (Concurrent Start) (G1 Humongous Allocation)
[283.795s][info][gc,task     ] GC(992) Using 8 workers of 8 for evacuation
[283.797s][info][gc,phases   ] GC(992)   Pre Evacuate Collection Set: 0.2ms
[283.797s][info][gc,phases   ] GC(992)   Merge Heap Roots: 0.1ms
[283.797s][info][gc,phases   ] GC(992)   Evacuate Collection Set: 0.6ms
[283.797s][info][gc,phases   ] GC(992)   Post Evacuate Collection Set: 0.4ms
[283.797s][info][gc,phases   ] GC(992)   Other: 0.0ms
[283.797s][info][gc,heap     ] GC(992) Eden regions: 1->0(75)
[283.797s][info][gc,heap     ] GC(992) Survivor regions: 1->1(10)
[283.797s][info][gc,heap     ] GC(992) Old regions: 8->8
[283.797s][info][gc,heap     ] GC(992) Archive regions: 2->2
[283.797s][info][gc,heap     ] GC(992) Humongous regions: 96->0
[283.797s][info][gc,metaspace] GC(992) Metaspace: 29090K(29504K)->29090K(29504K) NonClass: 25530K(25728K)->25530K(25728K) Class: 3559K(3776K)->3559K(3776K)
[283.797s][info][gc          ] GC(992) Pause Young (Concurrent Start) (G1 Humongous Allocation) 210M->16M(254M) 1.553ms
[283.797s][info][gc,cpu      ] GC(992) User=0.00s Sys=0.00s Real=0.00s
[283.797s][info][gc          ] GC(993) Concurrent Undo Cycle
[283.797s][info][gc,marking  ] GC(993) Concurrent Cleanup for Next Mark
[283.797s][info][gc,marking  ] GC(993) Concurrent Cleanup for Next Mark 0.053ms
[283.797s][info][gc          ] GC(993) Concurrent Undo Cycle 0.109ms
[284.307s][info][gc,start    ] GC(994) Pause Young (Concurrent Start) (G1 Humongous Allocation)
[284.307s][info][gc,task     ] GC(994) Using 8 workers of 8 for evacuation
[284.309s][info][gc,phases   ] GC(994)   Pre Evacuate Collection Set: 0.2ms
[284.309s][info][gc,phases   ] GC(994)   Merge Heap Roots: 0.0ms
[284.309s][info][gc,phases   ] GC(994)   Evacuate Collection Set: 0.6ms
[284.309s][info][gc,phases   ] GC(994)   Post Evacuate Collection Set: 0.3ms
[284.309s][info][gc,phases   ] GC(994)   Other: 0.1ms
[284.309s][info][gc,heap     ] GC(994) Eden regions: 1->0(75)
[284.309s][info][gc,heap     ] GC(994) Survivor regions: 1->1(10)
[284.309s][info][gc,heap     ] GC(994) Old regions: 8->8
[284.309s][info][gc,heap     ] GC(994) Archive regions: 2->2
[284.309s][info][gc,heap     ] GC(994) Humongous regions: 96->0
[284.309s][info][gc,metaspace] GC(994) Metaspace: 29090K(29504K)->29090K(29504K) NonClass: 25530K(25728K)->25530K(25728K) Class: 3559K(3776K)->3559K(3776K)
[284.309s][info][gc          ] GC(994) Pause Young (Concurrent Start) (G1 Humongous Allocation) 210M->16M(254M) 1.467ms
[284.309s][info][gc          ] GC(995) Concurrent Undo Cycle
[284.309s][info][gc,cpu      ] GC(994) User=0.00s Sys=0.00s Real=0.00s
[284.309s][info][gc,marking  ] GC(995) Concurrent Cleanup for Next Mark
[284.309s][info][gc,marking  ] GC(995) Concurrent Cleanup for Next Mark 0.111ms
[284.309s][info][gc          ] GC(995) Concurrent Undo Cycle 0.199ms
[284.821s][info][gc,start    ] GC(996) Pause Young (Concurrent Start) (G1 Humongous Allocation)
[284.821s][info][gc,task     ] GC(996) Using 8 workers of 8 for evacuation
[284.822s][info][gc,phases   ] GC(996)   Pre Evacuate Collection Set: 0.1ms
[284.822s][info][gc,phases   ] GC(996)   Merge Heap Roots: 0.0ms
[284.822s][info][gc,phases   ] GC(996)   Evacuate Collection Set: 0.5ms
[284.822s][info][gc,phases   ] GC(996)   Post Evacuate Collection Set: 0.3ms
[284.822s][info][gc,phases   ] GC(996)   Other: 0.1ms
[284.822s][info][gc,heap     ] GC(996) Eden regions: 1->0(75)
[284.822s][info][gc,heap     ] GC(996) Survivor regions: 1->1(10)
[284.822s][info][gc,heap     ] GC(996) Old regions: 8->8
[284.822s][info][gc,heap     ] GC(996) Archive regions: 2->2
[284.822s][info][gc,heap     ] GC(996) Humongous regions: 96->0
[284.822s][info][gc,metaspace] GC(996) Metaspace: 29090K(29504K)->29090K(29504K) NonClass: 25530K(25728K)->25530K(25728K) Class: 3559K(3776K)->3559K(3776K)
[284.822s][info][gc          ] GC(996) Pause Young (Concurrent Start) (G1 Humongous Allocation) 210M->16M(254M) 1.201ms
[284.822s][info][gc,cpu      ] GC(996) User=0.00s Sys=0.00s Real=0.00s
[284.822s][info][gc          ] GC(997) Concurrent Undo Cycle
[284.822s][info][gc,marking  ] GC(997) Concurrent Cleanup for Next Mark
[284.822s][info][gc,marking  ] GC(997) Concurrent Cleanup for Next Mark 0.086ms
[284.822s][info][gc          ] GC(997) Concurrent Undo Cycle 0.258ms
[285.331s][info][gc,start    ] GC(998) Pause Young (Concurrent Start) (G1 Humongous Allocation)
[285.331s][info][gc,task     ] GC(998) Using 8 workers of 8 for evacuation
[285.332s][info][gc,phases   ] GC(998)   Pre Evacuate Collection Set: 0.1ms
[285.332s][info][gc,phases   ] GC(998)   Merge Heap Roots: 0.0ms
[285.332s][info][gc,phases   ] GC(998)   Evacuate Collection Set: 0.5ms
[285.332s][info][gc,phases   ] GC(998)   Post Evacuate Collection Set: 0.2ms
[285.332s][info][gc,phases   ] GC(998)   Other: 0.1ms
[285.332s][info][gc,heap     ] GC(998) Eden regions: 1->0(75)
[285.332s][info][gc,heap     ] GC(998) Survivor regions: 1->1(10)
[285.332s][info][gc,heap     ] GC(998) Old regions: 8->8
[285.332s][info][gc,heap     ] GC(998) Archive regions: 2->2
[285.332s][info][gc,heap     ] GC(998) Humongous regions: 96->0
[285.332s][info][gc,metaspace] GC(998) Metaspace: 29090K(29504K)->29090K(29504K) NonClass: 25530K(25728K)->25530K(25728K) Class: 3559K(3776K)->3559K(3776K)
[285.332s][info][gc          ] GC(998) Pause Young (Concurrent Start) (G1 Humongous Allocation) 210M->16M(254M) 1.194ms
[285.332s][info][gc          ] GC(999) Concurrent Undo Cycle
[285.332s][info][gc,cpu      ] GC(998) User=0.00s Sys=0.00s Real=0.00s
[285.332s][info][gc,marking  ] GC(999) Concurrent Cleanup for Next Mark
[285.332s][info][gc,marking  ] GC(999) Concurrent Cleanup for Next Mark 0.146ms
[285.332s][info][gc          ] GC(999) Concurrent Undo Cycle 0.212ms
[285.842s][info][gc,start    ] GC(1000) Pause Young (Concurrent Start) (G1 Humongous Allocation)
[285.842s][info][gc,task     ] GC(1000) Using 8 workers of 8 for evacuation
[285.843s][info][gc,phases   ] GC(1000)   Pre Evacuate Collection Set: 0.1ms
[285.843s][info][gc,phases   ] GC(1000)   Merge Heap Roots: 0.0ms
[285.843s][info][gc,phases   ] GC(1000)   Evacuate Collection Set: 0.5ms
[285.843s][info][gc,phases   ] GC(1000)   Post Evacuate Collection Set: 0.3ms
[285.843s][info][gc,phases   ] GC(1000)   Other: 0.1ms
[285.843s][info][gc,heap     ] GC(1000) Eden regions: 1->0(75)
[285.843s][info][gc,heap     ] GC(1000) Survivor regions: 1->1(10)
[285.843s][info][gc,heap     ] GC(1000) Old regions: 8->8
[285.843s][info][gc,heap     ] GC(1000) Archive regions: 2->2
[285.843s][info][gc,heap     ] GC(1000) Humongous regions: 96->0
[285.843s][info][gc,metaspace] GC(1000) Metaspace: 29090K(29504K)->29090K(29504K) NonClass: 25530K(25728K)->25530K(25728K) Class: 3559K(3776K)->3559K(3776K)
[285.843s][info][gc          ] GC(1000) Pause Young (Concurrent Start) (G1 Humongous Allocation) 210M->16M(254M) 1.308ms
[285.843s][info][gc,cpu      ] GC(1000) User=0.00s Sys=0.00s Real=0.00s
[285.843s][info][gc          ] GC(1001) Concurrent Undo Cycle
[285.843s][info][gc,marking  ] GC(1001) Concurrent Cleanup for Next Mark
[285.843s][info][gc,marking  ] GC(1001) Concurrent Cleanup for Next Mark 0.052ms
[285.843s][info][gc          ] GC(1001) Concurrent Undo Cycle 0.113ms
[286.352s][info][gc,start    ] GC(1002) Pause Young (Concurrent Start) (G1 Humongous Allocation)
[286.352s][info][gc,task     ] GC(1002) Using 8 workers of 8 for evacuation
[286.353s][info][gc,phases   ] GC(1002)   Pre Evacuate Collection Set: 0.1ms
[286.353s][info][gc,phases   ] GC(1002)   Merge Heap Roots: 0.0ms
[286.353s][info][gc,phases   ] GC(1002)   Evacuate Collection Set: 0.5ms
[286.353s][info][gc,phases   ] GC(1002)   Post Evacuate Collection Set: 0.2ms
[286.353s][info][gc,phases   ] GC(1002)   Other: 0.1ms
[286.353s][info][gc,heap     ] GC(1002) Eden regions: 2->0(75)
[286.353s][info][gc,heap     ] GC(1002) Survivor regions: 1->1(10)
[286.353s][info][gc,heap     ] GC(1002) Old regions: 8->8
[286.353s][info][gc,heap     ] GC(1002) Archive regions: 2->2
[286.353s][info][gc,heap     ] GC(1002) Humongous regions: 96->0
[286.353s][info][gc,metaspace] GC(1002) Metaspace: 29090K(29504K)->29090K(29504K) NonClass: 25530K(25728K)->25530K(25728K) Class: 3559K(3776K)->3559K(3776K)
[286.353s][info][gc          ] GC(1002) Pause Young (Concurrent Start) (G1 Humongous Allocation) 210M->16M(254M) 1.305ms
[286.354s][info][gc,cpu      ] GC(1002) User=0.00s Sys=0.00s Real=0.00s
[286.354s][info][gc          ] GC(1003) Concurrent Undo Cycle
[286.354s][info][gc,marking  ] GC(1003) Concurrent Cleanup for Next Mark
[286.354s][info][gc,marking  ] GC(1003) Concurrent Cleanup for Next Mark 0.103ms
[286.354s][info][gc          ] GC(1003) Concurrent Undo Cycle 0.219ms
[286.868s][info][gc,start    ] GC(1004) Pause Young (Concurrent Start) (G1 Humongous Allocation)
[286.868s][info][gc,task     ] GC(1004) Using 8 workers of 8 for evacuation
[286.871s][info][gc,phases   ] GC(1004)   Pre Evacuate Collection Set: 0.4ms
[286.871s][info][gc,phases   ] GC(1004)   Merge Heap Roots: 0.2ms
[286.871s][info][gc,phases   ] GC(1004)   Evacuate Collection Set: 1.2ms
[286.871s][info][gc,phases   ] GC(1004)   Post Evacuate Collection Set: 0.8ms
[286.871s][info][gc,phases   ] GC(1004)   Other: 0.2ms
[286.871s][info][gc,heap     ] GC(1004) Eden regions: 1->0(75)
[286.871s][info][gc,heap     ] GC(1004) Survivor regions: 1->1(10)
[286.872s][info][gc,heap     ] GC(1004) Old regions: 8->8
[286.872s][info][gc,heap     ] GC(1004) Archive regions: 2->2
[286.872s][info][gc,heap     ] GC(1004) Humongous regions: 96->0
[286.872s][info][gc,metaspace] GC(1004) Metaspace: 29090K(29504K)->29090K(29504K) NonClass: 25530K(25728K)->25530K(25728K) Class: 3559K(3776K)->3559K(3776K)
[286.872s][info][gc          ] GC(1004) Pause Young (Concurrent Start) (G1 Humongous Allocation) 210M->16M(254M) 3.601ms
[286.872s][info][gc,cpu      ] GC(1004) User=0.01s Sys=0.00s Real=0.01s
[286.872s][info][gc          ] GC(1005) Concurrent Undo Cycle
[286.872s][info][gc,marking  ] GC(1005) Concurrent Cleanup for Next Mark
[286.872s][info][gc,marking  ] GC(1005) Concurrent Cleanup for Next Mark 0.221ms
[286.872s][info][gc          ] GC(1005) Concurrent Undo Cycle 0.556ms
[287.393s][info][gc,start    ] GC(1006) Pause Young (Concurrent Start) (G1 Humongous Allocation)
[287.393s][info][gc,task     ] GC(1006) Using 8 workers of 8 for evacuation
[287.394s][info][gc,phases   ] GC(1006)   Pre Evacuate Collection Set: 0.1ms
[287.394s][info][gc,phases   ] GC(1006)   Merge Heap Roots: 0.0ms
[287.394s][info][gc,phases   ] GC(1006)   Evacuate Collection Set: 0.5ms
[287.394s][info][gc,phases   ] GC(1006)   Post Evacuate Collection Set: 0.2ms
[287.394s][info][gc,phases   ] GC(1006)   Other: 0.1ms
[287.394s][info][gc,heap     ] GC(1006) Eden regions: 2->0(75)
[287.394s][info][gc,heap     ] GC(1006) Survivor regions: 1->1(10)
[287.394s][info][gc,heap     ] GC(1006) Old regions: 8->8
[287.394s][info][gc,heap     ] GC(1006) Archive regions: 2->2
[287.394s][info][gc,heap     ] GC(1006) Humongous regions: 96->0
[287.394s][info][gc,metaspace] GC(1006) Metaspace: 29090K(29504K)->29090K(29504K) NonClass: 25530K(25728K)->25530K(25728K) Class: 3559K(3776K)->3559K(3776K)
[287.394s][info][gc          ] GC(1006) Pause Young (Concurrent Start) (G1 Humongous Allocation) 210M->16M(254M) 1.144ms
[287.394s][info][gc          ] GC(1007) Concurrent Undo Cycle
[287.394s][info][gc,cpu      ] GC(1006) User=0.00s Sys=0.01s Real=0.00s
[287.394s][info][gc,marking  ] GC(1007) Concurrent Cleanup for Next Mark
[287.394s][info][gc,marking  ] GC(1007) Concurrent Cleanup for Next Mark 0.058ms
[287.394s][info][gc          ] GC(1007) Concurrent Undo Cycle 0.126ms
[287.905s][info][gc,start    ] GC(1008) Pause Young (Concurrent Start) (G1 Humongous Allocation)
[287.905s][info][gc,task     ] GC(1008) Using 8 workers of 8 for evacuation
[287.906s][info][gc,phases   ] GC(1008)   Pre Evacuate Collection Set: 0.1ms
[287.906s][info][gc,phases   ] GC(1008)   Merge Heap Roots: 0.0ms
[287.906s][info][gc,phases   ] GC(1008)   Evacuate Collection Set: 0.6ms
[287.906s][info][gc,phases   ] GC(1008)   Post Evacuate Collection Set: 0.2ms
[287.906s][info][gc,phases   ] GC(1008)   Other: 0.1ms
[287.906s][info][gc,heap     ] GC(1008) Eden regions: 1->0(75)
[287.906s][info][gc,heap     ] GC(1008) Survivor regions: 1->1(10)
[287.906s][info][gc,heap     ] GC(1008) Old regions: 8->8
[287.906s][info][gc,heap     ] GC(1008) Archive regions: 2->2
[287.906s][info][gc,heap     ] GC(1008) Humongous regions: 96->0
[287.906s][info][gc,metaspace] GC(1008) Metaspace: 29090K(29504K)->29090K(29504K) NonClass: 25530K(25728K)->25530K(25728K) Class: 3559K(3776K)->3559K(3776K)
[287.906s][info][gc          ] GC(1008) Pause Young (Concurrent Start) (G1 Humongous Allocation) 209M->16M(254M) 1.291ms
[287.906s][info][gc          ] GC(1009) Concurrent Undo Cycle
[287.906s][info][gc,cpu      ] GC(1008) User=0.00s Sys=0.00s Real=0.00s
[287.906s][info][gc,marking  ] GC(1009) Concurrent Cleanup for Next Mark
[287.906s][info][gc,marking  ] GC(1009) Concurrent Cleanup for Next Mark 0.054ms
[287.906s][info][gc          ] GC(1009) Concurrent Undo Cycle 0.113ms
[288.421s][info][gc,start    ] GC(1010) Pause Young (Concurrent Start) (G1 Humongous Allocation)
[288.421s][info][gc,task     ] GC(1010) Using 8 workers of 8 for evacuation
[288.422s][info][gc,phases   ] GC(1010)   Pre Evacuate Collection Set: 0.1ms
[288.422s][info][gc,phases   ] GC(1010)   Merge Heap Roots: 0.0ms
[288.422s][info][gc,phases   ] GC(1010)   Evacuate Collection Set: 0.6ms
[288.422s][info][gc,phases   ] GC(1010)   Post Evacuate Collection Set: 0.3ms
[288.422s][info][gc,phases   ] GC(1010)   Other: 0.1ms
[288.422s][info][gc,heap     ] GC(1010) Eden regions: 2->0(75)
[288.422s][info][gc,heap     ] GC(1010) Survivor regions: 1->1(10)
[288.422s][info][gc,heap     ] GC(1010) Old regions: 8->8
[288.422s][info][gc,heap     ] GC(1010) Archive regions: 2->2
[288.422s][info][gc,heap     ] GC(1010) Humongous regions: 96->0
[288.422s][info][gc,metaspace] GC(1010) Metaspace: 29090K(29504K)->29090K(29504K) NonClass: 25530K(25728K)->25530K(25728K) Class: 3559K(3776K)->3559K(3776K)
[288.422s][info][gc          ] GC(1010) Pause Young (Concurrent Start) (G1 Humongous Allocation) 210M->16M(254M) 1.582ms
[288.422s][info][gc          ] GC(1011) Concurrent Undo Cycle
[288.422s][info][gc,cpu      ] GC(1010) User=0.00s Sys=0.00s Real=0.00s
[288.422s][info][gc,marking  ] GC(1011) Concurrent Cleanup for Next Mark
[288.422s][info][gc,marking  ] GC(1011) Concurrent Cleanup for Next Mark 0.288ms
[288.423s][info][gc          ] GC(1011) Concurrent Undo Cycle 0.401ms
[288.932s][info][gc,start    ] GC(1012) Pause Young (Concurrent Start) (G1 Humongous Allocation)
[288.932s][info][gc,task     ] GC(1012) Using 8 workers of 8 for evacuation
[288.933s][info][gc,phases   ] GC(1012)   Pre Evacuate Collection Set: 0.1ms
[288.933s][info][gc,phases   ] GC(1012)   Merge Heap Roots: 0.0ms
[288.933s][info][gc,phases   ] GC(1012)   Evacuate Collection Set: 0.5ms
[288.933s][info][gc,phases   ] GC(1012)   Post Evacuate Collection Set: 0.3ms
[288.933s][info][gc,phases   ] GC(1012)   Other: 0.1ms
[288.933s][info][gc,heap     ] GC(1012) Eden regions: 1->0(75)
[288.933s][info][gc,heap     ] GC(1012) Survivor regions: 1->1(10)
[288.933s][info][gc,heap     ] GC(1012) Old regions: 8->8
[288.933s][info][gc,heap     ] GC(1012) Archive regions: 2->2
[288.933s][info][gc,heap     ] GC(1012) Humongous regions: 96->0
[288.933s][info][gc,metaspace] GC(1012) Metaspace: 29090K(29504K)->29090K(29504K) NonClass: 25530K(25728K)->25530K(25728K) Class: 3559K(3776K)->3559K(3776K)
[288.933s][info][gc          ] GC(1012) Pause Young (Concurrent Start) (G1 Humongous Allocation) 209M->16M(254M) 1.371ms
[288.933s][info][gc,cpu      ] GC(1012) User=0.01s Sys=0.00s Real=0.00s
[288.933s][info][gc          ] GC(1013) Concurrent Undo Cycle
[288.934s][info][gc,marking  ] GC(1013) Concurrent Cleanup for Next Mark
[288.934s][info][gc,marking  ] GC(1013) Concurrent Cleanup for Next Mark 0.074ms
[288.934s][info][gc          ] GC(1013) Concurrent Undo Cycle 0.195ms
[289.447s][info][gc,start    ] GC(1014) Pause Young (Concurrent Start) (G1 Humongous Allocation)
[289.447s][info][gc,task     ] GC(1014) Using 8 workers of 8 for evacuation
[289.450s][info][gc,phases   ] GC(1014)   Pre Evacuate Collection Set: 0.4ms
[289.450s][info][gc,phases   ] GC(1014)   Merge Heap Roots: 0.2ms
[289.450s][info][gc,phases   ] GC(1014)   Evacuate Collection Set: 1.2ms
[289.450s][info][gc,phases   ] GC(1014)   Post Evacuate Collection Set: 0.8ms
[289.450s][info][gc,phases   ] GC(1014)   Other: 0.2ms
[289.450s][info][gc,heap     ] GC(1014) Eden regions: 2->0(75)
[289.450s][info][gc,heap     ] GC(1014) Survivor regions: 1->1(10)
[289.450s][info][gc,heap     ] GC(1014) Old regions: 8->8
[289.450s][info][gc,heap     ] GC(1014) Archive regions: 2->2
[289.450s][info][gc,heap     ] GC(1014) Humongous regions: 96->0
[289.450s][info][gc,metaspace] GC(1014) Metaspace: 29090K(29504K)->29090K(29504K) NonClass: 25530K(25728K)->25530K(25728K) Class: 3559K(3776K)->3559K(3776K)
[289.451s][info][gc          ] GC(1014) Pause Young (Concurrent Start) (G1 Humongous Allocation) 210M->16M(254M) 3.546ms
[289.451s][info][gc,cpu      ] GC(1014) User=0.00s Sys=0.00s Real=0.01s
[289.451s][info][gc          ] GC(1015) Concurrent Undo Cycle
[289.451s][info][gc,marking  ] GC(1015) Concurrent Cleanup for Next Mark
[289.451s][info][gc,marking  ] GC(1015) Concurrent Cleanup for Next Mark 0.194ms
[289.451s][info][gc          ] GC(1015) Concurrent Undo Cycle 0.489ms
[289.971s][info][gc,start    ] GC(1016) Pause Young (Concurrent Start) (G1 Humongous Allocation)
[289.971s][info][gc,task     ] GC(1016) Using 8 workers of 8 for evacuation
[289.974s][info][gc,phases   ] GC(1016)   Pre Evacuate Collection Set: 0.4ms
[289.974s][info][gc,phases   ] GC(1016)   Merge Heap Roots: 0.2ms
[289.974s][info][gc,phases   ] GC(1016)   Evacuate Collection Set: 1.2ms
[289.974s][info][gc,phases   ] GC(1016)   Post Evacuate Collection Set: 0.7ms
[289.974s][info][gc,phases   ] GC(1016)   Other: 0.3ms
[289.974s][info][gc,heap     ] GC(1016) Eden regions: 1->0(75)
[289.974s][info][gc,heap     ] GC(1016) Survivor regions: 1->1(10)
[289.974s][info][gc,heap     ] GC(1016) Old regions: 8->8
[289.974s][info][gc,heap     ] GC(1016) Archive regions: 2->2
[289.974s][info][gc,heap     ] GC(1016) Humongous regions: 96->0
[289.974s][info][gc,metaspace] GC(1016) Metaspace: 29090K(29504K)->29090K(29504K) NonClass: 25530K(25728K)->25530K(25728K) Class: 3559K(3776K)->3559K(3776K)
[289.974s][info][gc          ] GC(1016) Pause Young (Concurrent Start) (G1 Humongous Allocation) 209M->16M(254M) 3.525ms
[289.974s][info][gc,cpu      ] GC(1016) User=0.01s Sys=0.00s Real=0.00s
[289.975s][info][gc          ] GC(1017) Concurrent Undo Cycle
[289.975s][info][gc,marking  ] GC(1017) Concurrent Cleanup for Next Mark
[289.975s][info][gc,marking  ] GC(1017) Concurrent Cleanup for Next Mark 0.241ms
[289.975s][info][gc          ] GC(1017) Concurrent Undo Cycle 0.585ms
[290.495s][info][gc,start    ] GC(1018) Pause Young (Concurrent Start) (G1 Humongous Allocation)
[290.496s][info][gc,task     ] GC(1018) Using 8 workers of 8 for evacuation
[290.499s][info][gc,phases   ] GC(1018)   Pre Evacuate Collection Set: 0.3ms
[290.499s][info][gc,phases   ] GC(1018)   Merge Heap Roots: 0.1ms
[290.499s][info][gc,phases   ] GC(1018)   Evacuate Collection Set: 1.6ms
[290.499s][info][gc,phases   ] GC(1018)   Post Evacuate Collection Set: 0.6ms
[290.499s][info][gc,phases   ] GC(1018)   Other: 0.3ms
[290.499s][info][gc,heap     ] GC(1018) Eden regions: 2->0(75)
[290.499s][info][gc,heap     ] GC(1018) Survivor regions: 1->1(10)
[290.499s][info][gc,heap     ] GC(1018) Old regions: 8->8
[290.499s][info][gc,heap     ] GC(1018) Archive regions: 2->2
[290.499s][info][gc,heap     ] GC(1018) Humongous regions: 96->0
[290.499s][info][gc,metaspace] GC(1018) Metaspace: 29090K(29504K)->29090K(29504K) NonClass: 25530K(25728K)->25530K(25728K) Class: 3559K(3776K)->3559K(3776K)
[290.499s][info][gc          ] GC(1018) Pause Young (Concurrent Start) (G1 Humongous Allocation) 210M->16M(254M) 3.274ms
[290.499s][info][gc          ] GC(1019) Concurrent Undo Cycle
[290.499s][info][gc,cpu      ] GC(1018) User=0.01s Sys=0.00s Real=0.00s
[290.499s][info][gc,marking  ] GC(1019) Concurrent Cleanup for Next Mark
[290.499s][info][gc,marking  ] GC(1019) Concurrent Cleanup for Next Mark 0.096ms
[290.499s][info][gc          ] GC(1019) Concurrent Undo Cycle 0.195ms
[291.021s][info][gc,start    ] GC(1020) Pause Young (Concurrent Start) (G1 Humongous Allocation)
[291.021s][info][gc,task     ] GC(1020) Using 8 workers of 8 for evacuation
[291.024s][info][gc,phases   ] GC(1020)   Pre Evacuate Collection Set: 0.4ms
[291.024s][info][gc,phases   ] GC(1020)   Merge Heap Roots: 0.2ms
[291.024s][info][gc,phases   ] GC(1020)   Evacuate Collection Set: 1.2ms
[291.024s][info][gc,phases   ] GC(1020)   Post Evacuate Collection Set: 0.8ms
[291.024s][info][gc,phases   ] GC(1020)   Other: 0.2ms
[291.024s][info][gc,heap     ] GC(1020) Eden regions: 1->0(75)
[291.024s][info][gc,heap     ] GC(1020) Survivor regions: 1->1(10)
[291.024s][info][gc,heap     ] GC(1020) Old regions: 8->8
[291.024s][info][gc,heap     ] GC(1020) Archive regions: 2->2
[291.024s][info][gc,heap     ] GC(1020) Humongous regions: 96->0
[291.024s][info][gc,metaspace] GC(1020) Metaspace: 29090K(29504K)->29090K(29504K) NonClass: 25530K(25728K)->25530K(25728K) Class: 3559K(3776K)->3559K(3776K)
[291.024s][info][gc          ] GC(1020) Pause Young (Concurrent Start) (G1 Humongous Allocation) 209M->16M(254M) 3.314ms
[291.024s][info][gc,cpu      ] GC(1020) User=0.00s Sys=0.01s Real=0.00s
[291.024s][info][gc          ] GC(1021) Concurrent Undo Cycle
[291.024s][info][gc,marking  ] GC(1021) Concurrent Cleanup for Next Mark
[291.024s][info][gc,marking  ] GC(1021) Concurrent Cleanup for Next Mark 0.133ms
[291.025s][info][gc          ] GC(1021) Concurrent Undo Cycle 0.275ms
[291.542s][info][gc,start    ] GC(1022) Pause Young (Concurrent Start) (G1 Humongous Allocation)
[291.542s][info][gc,task     ] GC(1022) Using 8 workers of 8 for evacuation
[291.543s][info][gc,phases   ] GC(1022)   Pre Evacuate Collection Set: 0.1ms
[291.543s][info][gc,phases   ] GC(1022)   Merge Heap Roots: 0.0ms
[291.544s][info][gc,phases   ] GC(1022)   Evacuate Collection Set: 0.5ms
[291.544s][info][gc,phases   ] GC(1022)   Post Evacuate Collection Set: 0.3ms
[291.544s][info][gc,phases   ] GC(1022)   Other: 0.1ms
[291.544s][info][gc,heap     ] GC(1022) Eden regions: 2->0(75)
[291.544s][info][gc,heap     ] GC(1022) Survivor regions: 1->1(10)
[291.544s][info][gc,heap     ] GC(1022) Old regions: 8->8
[291.544s][info][gc,heap     ] GC(1022) Archive regions: 2->2
[291.544s][info][gc,heap     ] GC(1022) Humongous regions: 96->0
[291.544s][info][gc,metaspace] GC(1022) Metaspace: 29090K(29504K)->29090K(29504K) NonClass: 25530K(25728K)->25530K(25728K) Class: 3559K(3776K)->3559K(3776K)
[291.544s][info][gc          ] GC(1022) Pause Young (Concurrent Start) (G1 Humongous Allocation) 210M->16M(254M) 1.418ms
[291.544s][info][gc          ] GC(1023) Concurrent Undo Cycle
[291.544s][info][gc,cpu      ] GC(1022) User=0.00s Sys=0.00s Real=0.00s
[291.544s][info][gc,marking  ] GC(1023) Concurrent Cleanup for Next Mark
[291.544s][info][gc,marking  ] GC(1023) Concurrent Cleanup for Next Mark 0.081ms
[291.544s][info][gc          ] GC(1023) Concurrent Undo Cycle 0.170ms
[292.057s][info][gc,start    ] GC(1024) Pause Young (Concurrent Start) (G1 Humongous Allocation)
[292.057s][info][gc,task     ] GC(1024) Using 8 workers of 8 for evacuation
[292.059s][info][gc,phases   ] GC(1024)   Pre Evacuate Collection Set: 0.3ms
[292.059s][info][gc,phases   ] GC(1024)   Merge Heap Roots: 0.2ms
[292.060s][info][gc,phases   ] GC(1024)   Evacuate Collection Set: 1.0ms
[292.060s][info][gc,phases   ] GC(1024)   Post Evacuate Collection Set: 0.5ms
[292.060s][info][gc,phases   ] GC(1024)   Other: 0.2ms
[292.060s][info][gc,heap     ] GC(1024) Eden regions: 1->0(75)
[292.060s][info][gc,heap     ] GC(1024) Survivor regions: 1->1(10)
[292.060s][info][gc,heap     ] GC(1024) Old regions: 8->8
[292.060s][info][gc,heap     ] GC(1024) Archive regions: 2->2
[292.060s][info][gc,heap     ] GC(1024) Humongous regions: 96->0
[292.060s][info][gc,metaspace] GC(1024) Metaspace: 29090K(29504K)->29090K(29504K) NonClass: 25530K(25728K)->25530K(25728K) Class: 3559K(3776K)->3559K(3776K)
[292.060s][info][gc          ] GC(1024) Pause Young (Concurrent Start) (G1 Humongous Allocation) 209M->16M(254M) 2.809ms
[292.060s][info][gc,cpu      ] GC(1024) User=0.00s Sys=0.00s Real=0.00s
[292.060s][info][gc          ] GC(1025) Concurrent Undo Cycle
[292.060s][info][gc,marking  ] GC(1025) Concurrent Cleanup for Next Mark
[292.060s][info][gc,marking  ] GC(1025) Concurrent Cleanup for Next Mark 0.165ms
[292.060s][info][gc          ] GC(1025) Concurrent Undo Cycle 0.357ms
[292.581s][info][gc,start    ] GC(1026) Pause Young (Concurrent Start) (G1 Humongous Allocation)
[292.581s][info][gc,task     ] GC(1026) Using 8 workers of 8 for evacuation
[292.607s][info][gc,phases   ] GC(1026)   Pre Evacuate Collection Set: 0.7ms
[292.610s][info][gc,phases   ] GC(1026)   Merge Heap Roots: 2.9ms
[292.610s][info][gc,phases   ] GC(1026)   Evacuate Collection Set: 7.1ms
[292.610s][info][gc,phases   ] GC(1026)   Post Evacuate Collection Set: 12.4ms
[292.610s][info][gc,phases   ] GC(1026)   Other: 2.7ms
[292.610s][info][gc,heap     ] GC(1026) Eden regions: 2->0(75)
[292.610s][info][gc,heap     ] GC(1026) Survivor regions: 1->1(10)
[292.610s][info][gc,heap     ] GC(1026) Old regions: 8->8
[292.610s][info][gc,heap     ] GC(1026) Archive regions: 2->2
[292.610s][info][gc,heap     ] GC(1026) Humongous regions: 96->0
[292.610s][info][gc,metaspace] GC(1026) Metaspace: 29090K(29504K)->29090K(29504K) NonClass: 25530K(25728K)->25530K(25728K) Class: 3559K(3776K)->3559K(3776K)
[292.610s][info][gc          ] GC(1026) Pause Young (Concurrent Start) (G1 Humongous Allocation) 210M->16M(254M) 29.241ms
[292.610s][info][gc,cpu      ] GC(1026) User=0.00s Sys=0.00s Real=0.02s
[292.615s][info][gc          ] GC(1027) Concurrent Undo Cycle
[292.615s][info][gc,marking  ] GC(1027) Concurrent Cleanup for Next Mark
[292.622s][info][gc,marking  ] GC(1027) Concurrent Cleanup for Next Mark 7.518ms
[292.622s][info][gc          ] GC(1027) Concurrent Undo Cycle 7.714ms
[293.130s][info][gc,start    ] GC(1028) Pause Young (Concurrent Start) (G1 Humongous Allocation)
[293.130s][info][gc,task     ] GC(1028) Using 8 workers of 8 for evacuation
[293.131s][info][gc,phases   ] GC(1028)   Pre Evacuate Collection Set: 0.3ms
[293.131s][info][gc,phases   ] GC(1028)   Merge Heap Roots: 0.1ms
[293.131s][info][gc,phases   ] GC(1028)   Evacuate Collection Set: 0.5ms
[293.131s][info][gc,phases   ] GC(1028)   Post Evacuate Collection Set: 0.4ms
[293.131s][info][gc,phases   ] GC(1028)   Other: 0.0ms
[293.131s][info][gc,heap     ] GC(1028) Eden regions: 1->0(75)
[293.131s][info][gc,heap     ] GC(1028) Survivor regions: 1->1(10)
[293.131s][info][gc,heap     ] GC(1028) Old regions: 8->8
[293.131s][info][gc,heap     ] GC(1028) Archive regions: 2->2
[293.131s][info][gc,heap     ] GC(1028) Humongous regions: 96->0
[293.131s][info][gc,metaspace] GC(1028) Metaspace: 29090K(29504K)->29090K(29504K) NonClass: 25530K(25728K)->25530K(25728K) Class: 3559K(3776K)->3559K(3776K)
[293.131s][info][gc          ] GC(1028) Pause Young (Concurrent Start) (G1 Humongous Allocation) 210M->16M(254M) 1.516ms
[293.131s][info][gc,cpu      ] GC(1028) User=0.01s Sys=0.00s Real=0.01s
[293.131s][info][gc          ] GC(1029) Concurrent Undo Cycle
[293.131s][info][gc,marking  ] GC(1029) Concurrent Cleanup for Next Mark
[293.131s][info][gc,marking  ] GC(1029) Concurrent Cleanup for Next Mark 0.063ms
[293.131s][info][gc          ] GC(1029) Concurrent Undo Cycle 0.125ms
[293.646s][info][gc,start    ] GC(1030) Pause Young (Concurrent Start) (G1 Humongous Allocation)
[293.646s][info][gc,task     ] GC(1030) Using 8 workers of 8 for evacuation
[293.648s][info][gc,phases   ] GC(1030)   Pre Evacuate Collection Set: 0.2ms
[293.648s][info][gc,phases   ] GC(1030)   Merge Heap Roots: 0.2ms
[293.648s][info][gc,phases   ] GC(1030)   Evacuate Collection Set: 1.2ms
[293.648s][info][gc,phases   ] GC(1030)   Post Evacuate Collection Set: 0.6ms
[293.648s][info][gc,phases   ] GC(1030)   Other: 0.1ms
[293.649s][info][gc,heap     ] GC(1030) Eden regions: 2->0(75)
[293.649s][info][gc,heap     ] GC(1030) Survivor regions: 1->1(10)
[293.649s][info][gc,heap     ] GC(1030) Old regions: 8->8
[293.649s][info][gc,heap     ] GC(1030) Archive regions: 2->2
[293.649s][info][gc,heap     ] GC(1030) Humongous regions: 96->0
[293.649s][info][gc,metaspace] GC(1030) Metaspace: 29090K(29504K)->29090K(29504K) NonClass: 25530K(25728K)->25530K(25728K) Class: 3559K(3776K)->3559K(3776K)
[293.649s][info][gc          ] GC(1030) Pause Young (Concurrent Start) (G1 Humongous Allocation) 210M->16M(254M) 2.717ms
[293.649s][info][gc,cpu      ] GC(1030) User=0.00s Sys=0.00s Real=0.00s
[293.649s][info][gc          ] GC(1031) Concurrent Undo Cycle
[293.649s][info][gc,marking  ] GC(1031) Concurrent Cleanup for Next Mark
[293.649s][info][gc,marking  ] GC(1031) Concurrent Cleanup for Next Mark 0.103ms
[293.649s][info][gc          ] GC(1031) Concurrent Undo Cycle 0.259ms
[294.161s][info][gc,start    ] GC(1032) Pause Young (Concurrent Start) (G1 Humongous Allocation)
[294.161s][info][gc,task     ] GC(1032) Using 8 workers of 8 for evacuation
[294.163s][info][gc,phases   ] GC(1032)   Pre Evacuate Collection Set: 0.2ms
[294.163s][info][gc,phases   ] GC(1032)   Merge Heap Roots: 0.1ms
[294.163s][info][gc,phases   ] GC(1032)   Evacuate Collection Set: 0.9ms
[294.163s][info][gc,phases   ] GC(1032)   Post Evacuate Collection Set: 0.4ms
[294.163s][info][gc,phases   ] GC(1032)   Other: 0.2ms
[294.164s][info][gc,heap     ] GC(1032) Eden regions: 1->0(75)
[294.164s][info][gc,heap     ] GC(1032) Survivor regions: 1->1(10)
[294.164s][info][gc,heap     ] GC(1032) Old regions: 8->8
[294.164s][info][gc,heap     ] GC(1032) Archive regions: 2->2
[294.164s][info][gc,heap     ] GC(1032) Humongous regions: 96->0
[294.164s][info][gc,metaspace] GC(1032) Metaspace: 29090K(29504K)->29090K(29504K) NonClass: 25530K(25728K)->25530K(25728K) Class: 3559K(3776K)->3559K(3776K)
[294.164s][info][gc          ] GC(1032) Pause Young (Concurrent Start) (G1 Humongous Allocation) 210M->16M(254M) 2.521ms
[294.164s][info][gc,cpu      ] GC(1032) User=0.01s Sys=0.00s Real=0.00s
[294.164s][info][gc          ] GC(1033) Concurrent Undo Cycle
[294.164s][info][gc,marking  ] GC(1033) Concurrent Cleanup for Next Mark
[294.164s][info][gc,marking  ] GC(1033) Concurrent Cleanup for Next Mark 0.173ms
[294.164s][info][gc          ] GC(1033) Concurrent Undo Cycle 0.432ms
[294.686s][info][gc,start    ] GC(1034) Pause Young (Concurrent Start) (G1 Humongous Allocation)
[294.686s][info][gc,task     ] GC(1034) Using 8 workers of 8 for evacuation
[294.688s][info][gc,phases   ] GC(1034)   Pre Evacuate Collection Set: 0.2ms
[294.688s][info][gc,phases   ] GC(1034)   Merge Heap Roots: 0.1ms
[294.688s][info][gc,phases   ] GC(1034)   Evacuate Collection Set: 0.6ms
[294.688s][info][gc,phases   ] GC(1034)   Post Evacuate Collection Set: 0.4ms
[294.688s][info][gc,phases   ] GC(1034)   Other: 0.1ms
[294.688s][info][gc,heap     ] GC(1034) Eden regions: 1->0(75)
[294.688s][info][gc,heap     ] GC(1034) Survivor regions: 1->1(10)
[294.688s][info][gc,heap     ] GC(1034) Old regions: 8->8
[294.688s][info][gc,heap     ] GC(1034) Archive regions: 2->2
[294.688s][info][gc,heap     ] GC(1034) Humongous regions: 96->0
[294.688s][info][gc,metaspace] GC(1034) Metaspace: 29090K(29504K)->29090K(29504K) NonClass: 25530K(25728K)->25530K(25728K) Class: 3559K(3776K)->3559K(3776K)
[294.688s][info][gc          ] GC(1034) Pause Young (Concurrent Start) (G1 Humongous Allocation) 210M->16M(254M) 1.681ms
[294.688s][info][gc          ] GC(1035) Concurrent Undo Cycle
[294.688s][info][gc,cpu      ] GC(1034) User=0.01s Sys=0.00s Real=0.00s
[294.688s][info][gc,marking  ] GC(1035) Concurrent Cleanup for Next Mark
[294.688s][info][gc,marking  ] GC(1035) Concurrent Cleanup for Next Mark 0.119ms
[294.688s][info][gc          ] GC(1035) Concurrent Undo Cycle 0.220ms
[295.203s][info][gc,start    ] GC(1036) Pause Young (Concurrent Start) (G1 Humongous Allocation)
[295.203s][info][gc,task     ] GC(1036) Using 8 workers of 8 for evacuation
[295.204s][info][gc,phases   ] GC(1036)   Pre Evacuate Collection Set: 0.1ms
[295.204s][info][gc,phases   ] GC(1036)   Merge Heap Roots: 0.1ms
[295.204s][info][gc,phases   ] GC(1036)   Evacuate Collection Set: 0.5ms
[295.204s][info][gc,phases   ] GC(1036)   Post Evacuate Collection Set: 0.3ms
[295.204s][info][gc,phases   ] GC(1036)   Other: 0.1ms
[295.204s][info][gc,heap     ] GC(1036) Eden regions: 1->0(75)
[295.204s][info][gc,heap     ] GC(1036) Survivor regions: 1->1(10)
[295.204s][info][gc,heap     ] GC(1036) Old regions: 8->8
[295.205s][info][gc,heap     ] GC(1036) Archive regions: 2->2
[295.205s][info][gc,heap     ] GC(1036) Humongous regions: 96->0
[295.205s][info][gc,metaspace] GC(1036) Metaspace: 29090K(29504K)->29090K(29504K) NonClass: 25530K(25728K)->25530K(25728K) Class: 3559K(3776K)->3559K(3776K)
[295.205s][info][gc          ] GC(1036) Pause Young (Concurrent Start) (G1 Humongous Allocation) 210M->16M(254M) 1.848ms
[295.205s][info][gc          ] GC(1037) Concurrent Undo Cycle
[295.205s][info][gc,cpu      ] GC(1036) User=0.00s Sys=0.00s Real=0.00s
[295.205s][info][gc,marking  ] GC(1037) Concurrent Cleanup for Next Mark
[295.205s][info][gc,marking  ] GC(1037) Concurrent Cleanup for Next Mark 0.290ms
[295.205s][info][gc          ] GC(1037) Concurrent Undo Cycle 0.523ms
[295.719s][info][gc,start    ] GC(1038) Pause Young (Concurrent Start) (G1 Humongous Allocation)
[295.720s][info][gc,task     ] GC(1038) Using 8 workers of 8 for evacuation
[295.726s][info][gc,phases   ] GC(1038)   Pre Evacuate Collection Set: 0.4ms
[295.726s][info][gc,phases   ] GC(1038)   Merge Heap Roots: 0.1ms
[295.726s][info][gc,phases   ] GC(1038)   Evacuate Collection Set: 1.2ms
[295.726s][info][gc,phases   ] GC(1038)   Post Evacuate Collection Set: 4.3ms
[295.726s][info][gc,phases   ] GC(1038)   Other: 0.4ms
[295.726s][info][gc,heap     ] GC(1038) Eden regions: 1->0(75)
[295.726s][info][gc,heap     ] GC(1038) Survivor regions: 1->1(10)
[295.726s][info][gc,heap     ] GC(1038) Old regions: 8->8
[295.726s][info][gc,heap     ] GC(1038) Archive regions: 2->2
[295.726s][info][gc,heap     ] GC(1038) Humongous regions: 96->0
[295.726s][info][gc,metaspace] GC(1038) Metaspace: 29090K(29504K)->29090K(29504K) NonClass: 25530K(25728K)->25530K(25728K) Class: 3559K(3776K)->3559K(3776K)
[295.726s][info][gc          ] GC(1038) Pause Young (Concurrent Start) (G1 Humongous Allocation) 210M->16M(254M) 6.991ms
[295.726s][info][gc          ] GC(1039) Concurrent Undo Cycle
[295.726s][info][gc,cpu      ] GC(1038) User=0.00s Sys=0.00s Real=0.01s
[295.727s][info][gc,marking  ] GC(1039) Concurrent Cleanup for Next Mark
[295.727s][info][gc,marking  ] GC(1039) Concurrent Cleanup for Next Mark 0.146ms
[295.727s][info][gc          ] GC(1039) Concurrent Undo Cycle 0.234ms
[296.240s][info][gc,start    ] GC(1040) Pause Young (Concurrent Start) (G1 Humongous Allocation)
[296.240s][info][gc,task     ] GC(1040) Using 8 workers of 8 for evacuation
[296.243s][info][gc,phases   ] GC(1040)   Pre Evacuate Collection Set: 0.5ms
[296.243s][info][gc,phases   ] GC(1040)   Merge Heap Roots: 0.1ms
[296.243s][info][gc,phases   ] GC(1040)   Evacuate Collection Set: 1.3ms
[296.243s][info][gc,phases   ] GC(1040)   Post Evacuate Collection Set: 0.7ms
[296.243s][info][gc,phases   ] GC(1040)   Other: 0.3ms
[296.243s][info][gc,heap     ] GC(1040) Eden regions: 1->0(75)
[296.243s][info][gc,heap     ] GC(1040) Survivor regions: 1->1(10)
[296.243s][info][gc,heap     ] GC(1040) Old regions: 8->8
[296.243s][info][gc,heap     ] GC(1040) Archive regions: 2->2
[296.243s][info][gc,heap     ] GC(1040) Humongous regions: 96->0
[296.243s][info][gc,metaspace] GC(1040) Metaspace: 29090K(29504K)->29090K(29504K) NonClass: 25530K(25728K)->25530K(25728K) Class: 3559K(3776K)->3559K(3776K)
[296.243s][info][gc          ] GC(1040) Pause Young (Concurrent Start) (G1 Humongous Allocation) 210M->16M(254M) 3.599ms
[296.243s][info][gc,cpu      ] GC(1040) User=0.01s Sys=0.00s Real=0.01s
[296.243s][info][gc          ] GC(1041) Concurrent Undo Cycle
[296.243s][info][gc,marking  ] GC(1041) Concurrent Cleanup for Next Mark
[296.243s][info][gc,marking  ] GC(1041) Concurrent Cleanup for Next Mark 0.126ms
[296.243s][info][gc          ] GC(1041) Concurrent Undo Cycle 0.276ms
[296.758s][info][gc,start    ] GC(1042) Pause Young (Concurrent Start) (G1 Humongous Allocation)
[296.758s][info][gc,task     ] GC(1042) Using 8 workers of 8 for evacuation
[296.761s][info][gc,phases   ] GC(1042)   Pre Evacuate Collection Set: 0.4ms
[296.761s][info][gc,phases   ] GC(1042)   Merge Heap Roots: 0.2ms
[296.761s][info][gc,phases   ] GC(1042)   Evacuate Collection Set: 1.2ms
[296.761s][info][gc,phases   ] GC(1042)   Post Evacuate Collection Set: 0.7ms
[296.761s][info][gc,phases   ] GC(1042)   Other: 0.2ms
[296.761s][info][gc,heap     ] GC(1042) Eden regions: 1->0(75)
[296.761s][info][gc,heap     ] GC(1042) Survivor regions: 1->1(10)
[296.761s][info][gc,heap     ] GC(1042) Old regions: 8->8
[296.761s][info][gc,heap     ] GC(1042) Archive regions: 2->2
[296.761s][info][gc,heap     ] GC(1042) Humongous regions: 96->0
[296.761s][info][gc,metaspace] GC(1042) Metaspace: 29090K(29504K)->29090K(29504K) NonClass: 25530K(25728K)->25530K(25728K) Class: 3559K(3776K)->3559K(3776K)
[296.761s][info][gc          ] GC(1042) Pause Young (Concurrent Start) (G1 Humongous Allocation) 210M->16M(254M) 3.432ms
[296.761s][info][gc,cpu      ] GC(1042) User=0.01s Sys=0.01s Real=0.01s
[296.761s][info][gc          ] GC(1043) Concurrent Undo Cycle
[296.761s][info][gc,marking  ] GC(1043) Concurrent Cleanup for Next Mark
[296.762s][info][gc,marking  ] GC(1043) Concurrent Cleanup for Next Mark 0.175ms
[296.762s][info][gc          ] GC(1043) Concurrent Undo Cycle 0.465ms
[297.285s][info][gc,start    ] GC(1044) Pause Young (Concurrent Start) (G1 Humongous Allocation)
[297.285s][info][gc,task     ] GC(1044) Using 8 workers of 8 for evacuation
[297.288s][info][gc,phases   ] GC(1044)   Pre Evacuate Collection Set: 0.5ms
[297.288s][info][gc,phases   ] GC(1044)   Merge Heap Roots: 0.2ms
[297.288s][info][gc,phases   ] GC(1044)   Evacuate Collection Set: 1.2ms
[297.288s][info][gc,phases   ] GC(1044)   Post Evacuate Collection Set: 0.7ms
[297.288s][info][gc,phases   ] GC(1044)   Other: 0.2ms
[297.288s][info][gc,heap     ] GC(1044) Eden regions: 1->0(75)
[297.288s][info][gc,heap     ] GC(1044) Survivor regions: 1->1(10)
[297.288s][info][gc,heap     ] GC(1044) Old regions: 8->8
[297.288s][info][gc,heap     ] GC(1044) Archive regions: 2->2
[297.288s][info][gc,heap     ] GC(1044) Humongous regions: 96->0
[297.288s][info][gc,metaspace] GC(1044) Metaspace: 29090K(29504K)->29090K(29504K) NonClass: 25530K(25728K)->25530K(25728K) Class: 3559K(3776K)->3559K(3776K)
[297.288s][info][gc          ] GC(1044) Pause Young (Concurrent Start) (G1 Humongous Allocation) 210M->16M(254M) 3.500ms
[297.288s][info][gc,cpu      ] GC(1044) User=0.00s Sys=0.00s Real=0.00s
[297.288s][info][gc          ] GC(1045) Concurrent Undo Cycle
[297.289s][info][gc,marking  ] GC(1045) Concurrent Cleanup for Next Mark
[297.289s][info][gc,marking  ] GC(1045) Concurrent Cleanup for Next Mark 0.220ms
[297.289s][info][gc          ] GC(1045) Concurrent Undo Cycle 0.498ms
[297.809s][info][gc,start    ] GC(1046) Pause Young (Concurrent Start) (G1 Humongous Allocation)
[297.809s][info][gc,task     ] GC(1046) Using 8 workers of 8 for evacuation
[297.812s][info][gc,phases   ] GC(1046)   Pre Evacuate Collection Set: 0.4ms
[297.812s][info][gc,phases   ] GC(1046)   Merge Heap Roots: 0.2ms
[297.812s][info][gc,phases   ] GC(1046)   Evacuate Collection Set: 1.2ms
[297.812s][info][gc,phases   ] GC(1046)   Post Evacuate Collection Set: 0.8ms
[297.812s][info][gc,phases   ] GC(1046)   Other: 0.3ms
[297.812s][info][gc,heap     ] GC(1046) Eden regions: 1->0(75)
[297.812s][info][gc,heap     ] GC(1046) Survivor regions: 1->1(10)
[297.812s][info][gc,heap     ] GC(1046) Old regions: 8->8
[297.812s][info][gc,heap     ] GC(1046) Archive regions: 2->2
[297.812s][info][gc,heap     ] GC(1046) Humongous regions: 96->0
[297.812s][info][gc,metaspace] GC(1046) Metaspace: 29090K(29504K)->29090K(29504K) NonClass: 25530K(25728K)->25530K(25728K) Class: 3559K(3776K)->3559K(3776K)
[297.812s][info][gc          ] GC(1046) Pause Young (Concurrent Start) (G1 Humongous Allocation) 210M->16M(254M) 3.631ms
[297.813s][info][gc,cpu      ] GC(1046) User=0.00s Sys=0.01s Real=0.01s
[297.813s][info][gc          ] GC(1047) Concurrent Undo Cycle
[297.813s][info][gc,marking  ] GC(1047) Concurrent Cleanup for Next Mark
[297.813s][info][gc,marking  ] GC(1047) Concurrent Cleanup for Next Mark 0.179ms
[297.813s][info][gc          ] GC(1047) Concurrent Undo Cycle 0.446ms
[298.335s][info][gc,start    ] GC(1048) Pause Young (Concurrent Start) (G1 Humongous Allocation)
[298.335s][info][gc,task     ] GC(1048) Using 8 workers of 8 for evacuation
[298.336s][info][gc,phases   ] GC(1048)   Pre Evacuate Collection Set: 0.2ms
[298.336s][info][gc,phases   ] GC(1048)   Merge Heap Roots: 0.0ms
[298.336s][info][gc,phases   ] GC(1048)   Evacuate Collection Set: 0.5ms
[298.336s][info][gc,phases   ] GC(1048)   Post Evacuate Collection Set: 0.3ms
[298.336s][info][gc,phases   ] GC(1048)   Other: 0.1ms
[298.336s][info][gc,heap     ] GC(1048) Eden regions: 1->0(75)
[298.336s][info][gc,heap     ] GC(1048) Survivor regions: 1->1(10)
[298.336s][info][gc,heap     ] GC(1048) Old regions: 8->8
[298.336s][info][gc,heap     ] GC(1048) Archive regions: 2->2
[298.336s][info][gc,heap     ] GC(1048) Humongous regions: 96->0
[298.336s][info][gc,metaspace] GC(1048) Metaspace: 29090K(29504K)->29090K(29504K) NonClass: 25530K(25728K)->25530K(25728K) Class: 3559K(3776K)->3559K(3776K)
[298.336s][info][gc          ] GC(1048) Pause Young (Concurrent Start) (G1 Humongous Allocation) 210M->16M(254M) 1.310ms
[298.336s][info][gc,cpu      ] GC(1048) User=0.01s Sys=0.00s Real=0.00s
[298.336s][info][gc          ] GC(1049) Concurrent Undo Cycle
[298.337s][info][gc,marking  ] GC(1049) Concurrent Cleanup for Next Mark
[298.337s][info][gc,marking  ] GC(1049) Concurrent Cleanup for Next Mark 0.070ms
[298.337s][info][gc          ] GC(1049) Concurrent Undo Cycle 0.175ms
[298.846s][info][gc,start    ] GC(1050) Pause Young (Concurrent Start) (G1 Humongous Allocation)
[298.846s][info][gc,task     ] GC(1050) Using 8 workers of 8 for evacuation
[298.849s][info][gc,phases   ] GC(1050)   Pre Evacuate Collection Set: 0.4ms
[298.849s][info][gc,phases   ] GC(1050)   Merge Heap Roots: 0.2ms
[298.849s][info][gc,phases   ] GC(1050)   Evacuate Collection Set: 1.3ms
[298.849s][info][gc,phases   ] GC(1050)   Post Evacuate Collection Set: 0.9ms
[298.849s][info][gc,phases   ] GC(1050)   Other: 0.3ms
[298.849s][info][gc,heap     ] GC(1050) Eden regions: 1->0(75)
[298.849s][info][gc,heap     ] GC(1050) Survivor regions: 1->1(10)
[298.849s][info][gc,heap     ] GC(1050) Old regions: 8->8
[298.849s][info][gc,heap     ] GC(1050) Archive regions: 2->2
[298.849s][info][gc,heap     ] GC(1050) Humongous regions: 96->0
[298.850s][info][gc,metaspace] GC(1050) Metaspace: 29090K(29504K)->29090K(29504K) NonClass: 25530K(25728K)->25530K(25728K) Class: 3559K(3776K)->3559K(3776K)
[298.850s][info][gc          ] GC(1050) Pause Young (Concurrent Start) (G1 Humongous Allocation) 210M->16M(254M) 3.701ms
[298.850s][info][gc,cpu      ] GC(1050) User=0.01s Sys=0.00s Real=0.00s
[298.850s][info][gc          ] GC(1051) Concurrent Undo Cycle
[298.850s][info][gc,marking  ] GC(1051) Concurrent Cleanup for Next Mark
[298.850s][info][gc,marking  ] GC(1051) Concurrent Cleanup for Next Mark 0.176ms
[298.850s][info][gc          ] GC(1051) Concurrent Undo Cycle 0.450ms
[299.370s][info][gc,start    ] GC(1052) Pause Young (Concurrent Start) (G1 Humongous Allocation)
[299.370s][info][gc,task     ] GC(1052) Using 8 workers of 8 for evacuation
[299.373s][info][gc,phases   ] GC(1052)   Pre Evacuate Collection Set: 0.5ms
[299.373s][info][gc,phases   ] GC(1052)   Merge Heap Roots: 0.2ms
[299.373s][info][gc,phases   ] GC(1052)   Evacuate Collection Set: 1.2ms
[299.373s][info][gc,phases   ] GC(1052)   Post Evacuate Collection Set: 0.8ms
[299.373s][info][gc,phases   ] GC(1052)   Other: 0.3ms
[299.373s][info][gc,heap     ] GC(1052) Eden regions: 2->0(75)
[299.373s][info][gc,heap     ] GC(1052) Survivor regions: 1->1(10)
[299.373s][info][gc,heap     ] GC(1052) Old regions: 8->8
[299.373s][info][gc,heap     ] GC(1052) Archive regions: 2->2
[299.373s][info][gc,heap     ] GC(1052) Humongous regions: 96->0
[299.373s][info][gc,metaspace] GC(1052) Metaspace: 29090K(29504K)->29090K(29504K) NonClass: 25530K(25728K)->25530K(25728K) Class: 3559K(3776K)->3559K(3776K)
[299.373s][info][gc          ] GC(1052) Pause Young (Concurrent Start) (G1 Humongous Allocation) 210M->16M(254M) 3.536ms
[299.374s][info][gc,cpu      ] GC(1052) User=0.00s Sys=0.01s Real=0.01s
[299.374s][info][gc          ] GC(1053) Concurrent Undo Cycle
[299.374s][info][gc,marking  ] GC(1053) Concurrent Cleanup for Next Mark
[299.374s][info][gc,marking  ] GC(1053) Concurrent Cleanup for Next Mark 0.124ms
[299.374s][info][gc          ] GC(1053) Concurrent Undo Cycle 0.260ms
[299.892s][info][gc,start    ] GC(1054) Pause Young (Concurrent Start) (G1 Humongous Allocation)
[299.893s][info][gc,task     ] GC(1054) Using 8 workers of 8 for evacuation
[299.894s][info][gc,phases   ] GC(1054)   Pre Evacuate Collection Set: 0.3ms
[299.894s][info][gc,phases   ] GC(1054)   Merge Heap Roots: 0.2ms
[299.894s][info][gc,phases   ] GC(1054)   Evacuate Collection Set: 0.8ms
[299.894s][info][gc,phases   ] GC(1054)   Post Evacuate Collection Set: 0.3ms
[299.894s][info][gc,phases   ] GC(1054)   Other: 0.1ms
[299.894s][info][gc,heap     ] GC(1054) Eden regions: 1->0(75)
[299.894s][info][gc,heap     ] GC(1054) Survivor regions: 1->1(10)
[299.894s][info][gc,heap     ] GC(1054) Old regions: 8->8
[299.894s][info][gc,heap     ] GC(1054) Archive regions: 2->2
[299.894s][info][gc,heap     ] GC(1054) Humongous regions: 96->0
[299.894s][info][gc,metaspace] GC(1054) Metaspace: 29090K(29504K)->29090K(29504K) NonClass: 25530K(25728K)->25530K(25728K) Class: 3559K(3776K)->3559K(3776K)
[299.894s][info][gc          ] GC(1054) Pause Young (Concurrent Start) (G1 Humongous Allocation) 209M->16M(254M) 1.988ms
[299.894s][info][gc          ] GC(1055) Concurrent Undo Cycle
[299.894s][info][gc,cpu      ] GC(1054) User=0.00s Sys=0.00s Real=0.00s
[299.894s][info][gc,marking  ] GC(1055) Concurrent Cleanup for Next Mark
[299.894s][info][gc,marking  ] GC(1055) Concurrent Cleanup for Next Mark 0.064ms
[299.895s][info][gc          ] GC(1055) Concurrent Undo Cycle 0.125ms
[300.402s][info][gc,start    ] GC(1056) Pause Young (Concurrent Start) (G1 Humongous Allocation)
[300.402s][info][gc,task     ] GC(1056) Using 8 workers of 8 for evacuation
[300.404s][info][gc,phases   ] GC(1056)   Pre Evacuate Collection Set: 0.1ms
[300.404s][info][gc,phases   ] GC(1056)   Merge Heap Roots: 0.0ms
[300.404s][info][gc,phases   ] GC(1056)   Evacuate Collection Set: 0.5ms
[300.404s][info][gc,phases   ] GC(1056)   Post Evacuate Collection Set: 0.3ms
[300.404s][info][gc,phases   ] GC(1056)   Other: 0.1ms
[300.404s][info][gc,heap     ] GC(1056) Eden regions: 2->0(75)
[300.404s][info][gc,heap     ] GC(1056) Survivor regions: 1->1(10)
[300.404s][info][gc,heap     ] GC(1056) Old regions: 8->8
[300.404s][info][gc,heap     ] GC(1056) Archive regions: 2->2
[300.404s][info][gc,heap     ] GC(1056) Humongous regions: 96->0
[300.404s][info][gc,metaspace] GC(1056) Metaspace: 29090K(29504K)->29090K(29504K) NonClass: 25530K(25728K)->25530K(25728K) Class: 3559K(3776K)->3559K(3776K)
[300.404s][info][gc          ] GC(1056) Pause Young (Concurrent Start) (G1 Humongous Allocation) 210M->16M(254M) 1.298ms
[300.404s][info][gc          ] GC(1057) Concurrent Undo Cycle
[300.404s][info][gc,cpu      ] GC(1056) User=0.00s Sys=0.00s Real=0.00s
[300.404s][info][gc,marking  ] GC(1057) Concurrent Cleanup for Next Mark
[300.404s][info][gc,marking  ] GC(1057) Concurrent Cleanup for Next Mark 0.088ms
[300.404s][info][gc          ] GC(1057) Concurrent Undo Cycle 0.153ms
[300.916s][info][gc,start    ] GC(1058) Pause Young (Concurrent Start) (G1 Humongous Allocation)
[300.917s][info][gc,task     ] GC(1058) Using 8 workers of 8 for evacuation
[300.919s][info][gc,phases   ] GC(1058)   Pre Evacuate Collection Set: 0.4ms
[300.920s][info][gc,phases   ] GC(1058)   Merge Heap Roots: 0.2ms
[300.920s][info][gc,phases   ] GC(1058)   Evacuate Collection Set: 1.2ms
[300.920s][info][gc,phases   ] GC(1058)   Post Evacuate Collection Set: 0.8ms
[300.920s][info][gc,phases   ] GC(1058)   Other: 0.2ms
[300.920s][info][gc,heap     ] GC(1058) Eden regions: 1->0(75)
[300.920s][info][gc,heap     ] GC(1058) Survivor regions: 1->1(10)
[300.920s][info][gc,heap     ] GC(1058) Old regions: 8->8
[300.920s][info][gc,heap     ] GC(1058) Archive regions: 2->2
[300.920s][info][gc,heap     ] GC(1058) Humongous regions: 96->0
[300.920s][info][gc,metaspace] GC(1058) Metaspace: 29090K(29504K)->29090K(29504K) NonClass: 25530K(25728K)->25530K(25728K) Class: 3559K(3776K)->3559K(3776K)
[300.920s][info][gc          ] GC(1058) Pause Young (Concurrent Start) (G1 Humongous Allocation) 209M->16M(254M) 3.627ms
[300.920s][info][gc,cpu      ] GC(1058) User=0.01s Sys=0.00s Real=0.01s
[300.920s][info][gc          ] GC(1059) Concurrent Undo Cycle
[300.920s][info][gc,marking  ] GC(1059) Concurrent Cleanup for Next Mark
[300.920s][info][gc,marking  ] GC(1059) Concurrent Cleanup for Next Mark 0.179ms
[300.921s][info][gc          ] GC(1059) Concurrent Undo Cycle 0.461ms
[301.439s][info][gc,start    ] GC(1060) Pause Young (Concurrent Start) (G1 Humongous Allocation)
[301.439s][info][gc,task     ] GC(1060) Using 8 workers of 8 for evacuation
[301.442s][info][gc,phases   ] GC(1060)   Pre Evacuate Collection Set: 0.3ms
[301.442s][info][gc,phases   ] GC(1060)   Merge Heap Roots: 0.2ms
[301.442s][info][gc,phases   ] GC(1060)   Evacuate Collection Set: 1.2ms
[301.442s][info][gc,phases   ] GC(1060)   Post Evacuate Collection Set: 0.9ms
[301.442s][info][gc,phases   ] GC(1060)   Other: 0.2ms
[301.442s][info][gc,heap     ] GC(1060) Eden regions: 2->0(75)
[301.442s][info][gc,heap     ] GC(1060) Survivor regions: 1->1(10)
[301.442s][info][gc,heap     ] GC(1060) Old regions: 8->8
[301.442s][info][gc,heap     ] GC(1060) Archive regions: 2->2
[301.442s][info][gc,heap     ] GC(1060) Humongous regions: 96->0
[301.442s][info][gc,metaspace] GC(1060) Metaspace: 29090K(29504K)->29090K(29504K) NonClass: 25530K(25728K)->25530K(25728K) Class: 3559K(3776K)->3559K(3776K)
[301.442s][info][gc          ] GC(1060) Pause Young (Concurrent Start) (G1 Humongous Allocation) 210M->16M(254M) 3.587ms
[301.442s][info][gc,cpu      ] GC(1060) User=0.01s Sys=0.00s Real=0.01s
[301.442s][info][gc          ] GC(1061) Concurrent Undo Cycle
[301.442s][info][gc,marking  ] GC(1061) Concurrent Cleanup for Next Mark
[301.443s][info][gc,marking  ] GC(1061) Concurrent Cleanup for Next Mark 0.199ms
[301.443s][info][gc          ] GC(1061) Concurrent Undo Cycle 0.528ms
[301.962s][info][gc,start    ] GC(1062) Pause Young (Concurrent Start) (G1 Humongous Allocation)
[301.962s][info][gc,task     ] GC(1062) Using 8 workers of 8 for evacuation
[301.964s][info][gc,phases   ] GC(1062)   Pre Evacuate Collection Set: 0.3ms
[301.965s][info][gc,phases   ] GC(1062)   Merge Heap Roots: 0.1ms
[301.965s][info][gc,phases   ] GC(1062)   Evacuate Collection Set: 1.4ms
[301.965s][info][gc,phases   ] GC(1062)   Post Evacuate Collection Set: 0.7ms
[301.965s][info][gc,phases   ] GC(1062)   Other: 0.1ms
[301.965s][info][gc,heap     ] GC(1062) Eden regions: 1->0(75)
[301.965s][info][gc,heap     ] GC(1062) Survivor regions: 1->1(10)
[301.965s][info][gc,heap     ] GC(1062) Old regions: 8->8
[301.965s][info][gc,heap     ] GC(1062) Archive regions: 2->2
[301.965s][info][gc,heap     ] GC(1062) Humongous regions: 96->0
[301.965s][info][gc,metaspace] GC(1062) Metaspace: 29090K(29504K)->29090K(29504K) NonClass: 25530K(25728K)->25530K(25728K) Class: 3559K(3776K)->3559K(3776K)
[301.965s][info][gc          ] GC(1062) Pause Young (Concurrent Start) (G1 Humongous Allocation) 209M->16M(254M) 3.119ms
[301.965s][info][gc,cpu      ] GC(1062) User=0.01s Sys=0.00s Real=0.00s
[301.965s][info][gc          ] GC(1063) Concurrent Undo Cycle
[301.965s][info][gc,marking  ] GC(1063) Concurrent Cleanup for Next Mark
[301.965s][info][gc,marking  ] GC(1063) Concurrent Cleanup for Next Mark 0.225ms
[301.965s][info][gc          ] GC(1063) Concurrent Undo Cycle 0.432ms
[302.480s][info][gc,start    ] GC(1064) Pause Young (Concurrent Start) (G1 Humongous Allocation)
[302.480s][info][gc,task     ] GC(1064) Using 8 workers of 8 for evacuation
[302.483s][info][gc,phases   ] GC(1064)   Pre Evacuate Collection Set: 0.4ms
[302.483s][info][gc,phases   ] GC(1064)   Merge Heap Roots: 0.1ms
[302.483s][info][gc,phases   ] GC(1064)   Evacuate Collection Set: 1.2ms
[302.483s][info][gc,phases   ] GC(1064)   Post Evacuate Collection Set: 0.8ms
[302.483s][info][gc,phases   ] GC(1064)   Other: 0.3ms
[302.483s][info][gc,heap     ] GC(1064) Eden regions: 2->0(75)
[302.483s][info][gc,heap     ] GC(1064) Survivor regions: 1->1(10)
[302.483s][info][gc,heap     ] GC(1064) Old regions: 8->8
[302.483s][info][gc,heap     ] GC(1064) Archive regions: 2->2
[302.483s][info][gc,heap     ] GC(1064) Humongous regions: 96->0
[302.483s][info][gc,metaspace] GC(1064) Metaspace: 29090K(29504K)->29090K(29504K) NonClass: 25530K(25728K)->25530K(25728K) Class: 3559K(3776K)->3559K(3776K)
[302.483s][info][gc          ] GC(1064) Pause Young (Concurrent Start) (G1 Humongous Allocation) 210M->16M(254M) 3.513ms
[302.483s][info][gc,cpu      ] GC(1064) User=0.01s Sys=0.01s Real=0.01s
[302.483s][info][gc          ] GC(1065) Concurrent Undo Cycle
[302.484s][info][gc,marking  ] GC(1065) Concurrent Cleanup for Next Mark
[302.484s][info][gc,marking  ] GC(1065) Concurrent Cleanup for Next Mark 0.195ms
[302.484s][info][gc          ] GC(1065) Concurrent Undo Cycle 0.449ms
[303.002s][info][gc,start    ] GC(1066) Pause Young (Concurrent Start) (G1 Humongous Allocation)
[303.002s][info][gc,task     ] GC(1066) Using 8 workers of 8 for evacuation
[303.004s][info][gc,phases   ] GC(1066)   Pre Evacuate Collection Set: 0.2ms
[303.004s][info][gc,phases   ] GC(1066)   Merge Heap Roots: 0.1ms
[303.004s][info][gc,phases   ] GC(1066)   Evacuate Collection Set: 0.9ms
[303.004s][info][gc,phases   ] GC(1066)   Post Evacuate Collection Set: 0.4ms
[303.004s][info][gc,phases   ] GC(1066)   Other: 0.1ms
[303.004s][info][gc,heap     ] GC(1066) Eden regions: 1->0(75)
[303.004s][info][gc,heap     ] GC(1066) Survivor regions: 1->1(10)
[303.004s][info][gc,heap     ] GC(1066) Old regions: 8->8
[303.004s][info][gc,heap     ] GC(1066) Archive regions: 2->2
[303.004s][info][gc,heap     ] GC(1066) Humongous regions: 96->0
[303.004s][info][gc,metaspace] GC(1066) Metaspace: 29090K(29504K)->29090K(29504K) NonClass: 25530K(25728K)->25530K(25728K) Class: 3559K(3776K)->3559K(3776K)
[303.004s][info][gc          ] GC(1066) Pause Young (Concurrent Start) (G1 Humongous Allocation) 209M->16M(254M) 2.213ms
[303.004s][info][gc          ] GC(1067) Concurrent Undo Cycle
[303.004s][info][gc,cpu      ] GC(1066) User=0.00s Sys=0.00s Real=0.00s
[303.004s][info][gc,marking  ] GC(1067) Concurrent Cleanup for Next Mark
[303.005s][info][gc,marking  ] GC(1067) Concurrent Cleanup for Next Mark 0.122ms
[303.005s][info][gc          ] GC(1067) Concurrent Undo Cycle 0.234ms
[303.521s][info][gc,start    ] GC(1068) Pause Young (Concurrent Start) (G1 Humongous Allocation)
[303.521s][info][gc,task     ] GC(1068) Using 8 workers of 8 for evacuation
[303.522s][info][gc,phases   ] GC(1068)   Pre Evacuate Collection Set: 0.1ms
[303.523s][info][gc,phases   ] GC(1068)   Merge Heap Roots: 0.1ms
[303.523s][info][gc,phases   ] GC(1068)   Evacuate Collection Set: 0.6ms
[303.523s][info][gc,phases   ] GC(1068)   Post Evacuate Collection Set: 0.6ms
[303.523s][info][gc,phases   ] GC(1068)   Other: 0.2ms
[303.523s][info][gc,heap     ] GC(1068) Eden regions: 2->0(75)
[303.523s][info][gc,heap     ] GC(1068) Survivor regions: 1->1(10)
[303.523s][info][gc,heap     ] GC(1068) Old regions: 8->8
[303.523s][info][gc,heap     ] GC(1068) Archive regions: 2->2
[303.523s][info][gc,heap     ] GC(1068) Humongous regions: 96->0
[303.523s][info][gc,metaspace] GC(1068) Metaspace: 29090K(29504K)->29090K(29504K) NonClass: 25530K(25728K)->25530K(25728K) Class: 3559K(3776K)->3559K(3776K)
[303.523s][info][gc          ] GC(1068) Pause Young (Concurrent Start) (G1 Humongous Allocation) 210M->16M(254M) 2.343ms
[303.523s][info][gc          ] GC(1069) Concurrent Undo Cycle
[303.523s][info][gc,cpu      ] GC(1068) User=0.00s Sys=0.00s Real=0.00s
[303.523s][info][gc,marking  ] GC(1069) Concurrent Cleanup for Next Mark
[303.523s][info][gc,marking  ] GC(1069) Concurrent Cleanup for Next Mark 0.164ms
[303.523s][info][gc          ] GC(1069) Concurrent Undo Cycle 0.359ms
[304.036s][info][gc,start    ] GC(1070) Pause Young (Concurrent Start) (G1 Humongous Allocation)
[304.036s][info][gc,task     ] GC(1070) Using 8 workers of 8 for evacuation
[304.039s][info][gc,phases   ] GC(1070)   Pre Evacuate Collection Set: 0.3ms
[304.039s][info][gc,phases   ] GC(1070)   Merge Heap Roots: 0.1ms
[304.039s][info][gc,phases   ] GC(1070)   Evacuate Collection Set: 1.4ms
[304.039s][info][gc,phases   ] GC(1070)   Post Evacuate Collection Set: 0.7ms
[304.039s][info][gc,phases   ] GC(1070)   Other: 0.1ms
[304.039s][info][gc,heap     ] GC(1070) Eden regions: 1->0(75)
[304.039s][info][gc,heap     ] GC(1070) Survivor regions: 1->1(10)
[304.039s][info][gc,heap     ] GC(1070) Old regions: 8->8
[304.039s][info][gc,heap     ] GC(1070) Archive regions: 2->2
[304.039s][info][gc,heap     ] GC(1070) Humongous regions: 96->0
[304.039s][info][gc,metaspace] GC(1070) Metaspace: 29090K(29504K)->29090K(29504K) NonClass: 25530K(25728K)->25530K(25728K) Class: 3559K(3776K)->3559K(3776K)
[304.039s][info][gc          ] GC(1070) Pause Young (Concurrent Start) (G1 Humongous Allocation) 209M->16M(254M) 3.192ms
[304.039s][info][gc,cpu      ] GC(1070) User=0.01s Sys=0.00s Real=0.00s
[304.039s][info][gc          ] GC(1071) Concurrent Undo Cycle
[304.039s][info][gc,marking  ] GC(1071) Concurrent Cleanup for Next Mark
[304.039s][info][gc,marking  ] GC(1071) Concurrent Cleanup for Next Mark 0.129ms
[304.039s][info][gc          ] GC(1071) Concurrent Undo Cycle 0.297ms
[304.553s][info][gc,start    ] GC(1072) Pause Young (Concurrent Start) (G1 Humongous Allocation)
[304.553s][info][gc,task     ] GC(1072) Using 8 workers of 8 for evacuation
[304.555s][info][gc,phases   ] GC(1072)   Pre Evacuate Collection Set: 0.3ms
[304.555s][info][gc,phases   ] GC(1072)   Merge Heap Roots: 0.2ms
[304.555s][info][gc,phases   ] GC(1072)   Evacuate Collection Set: 0.8ms
[304.555s][info][gc,phases   ] GC(1072)   Post Evacuate Collection Set: 0.5ms
[304.555s][info][gc,phases   ] GC(1072)   Other: 0.1ms
[304.555s][info][gc,heap     ] GC(1072) Eden regions: 2->0(75)
[304.555s][info][gc,heap     ] GC(1072) Survivor regions: 1->1(10)
[304.555s][info][gc,heap     ] GC(1072) Old regions: 8->8
[304.556s][info][gc,heap     ] GC(1072) Archive regions: 2->2
[304.556s][info][gc,heap     ] GC(1072) Humongous regions: 96->0
[304.556s][info][gc,metaspace] GC(1072) Metaspace: 29090K(29504K)->29090K(29504K) NonClass: 25530K(25728K)->25530K(25728K) Class: 3559K(3776K)->3559K(3776K)
[304.556s][info][gc          ] GC(1072) Pause Young (Concurrent Start) (G1 Humongous Allocation) 210M->16M(254M) 2.447ms
[304.556s][info][gc,cpu      ] GC(1072) User=0.01s Sys=0.00s Real=0.00s
[304.556s][info][gc          ] GC(1073) Concurrent Undo Cycle
[304.556s][info][gc,marking  ] GC(1073) Concurrent Cleanup for Next Mark
[304.556s][info][gc,marking  ] GC(1073) Concurrent Cleanup for Next Mark 0.153ms
[304.556s][info][gc          ] GC(1073) Concurrent Undo Cycle 0.346ms
[305.073s][info][gc,start    ] GC(1074) Pause Young (Concurrent Start) (G1 Humongous Allocation)
[305.073s][info][gc,task     ] GC(1074) Using 8 workers of 8 for evacuation
[305.074s][info][gc,phases   ] GC(1074)   Pre Evacuate Collection Set: 0.1ms
[305.074s][info][gc,phases   ] GC(1074)   Merge Heap Roots: 0.0ms
[305.074s][info][gc,phases   ] GC(1074)   Evacuate Collection Set: 0.5ms
[305.074s][info][gc,phases   ] GC(1074)   Post Evacuate Collection Set: 0.3ms
[305.074s][info][gc,phases   ] GC(1074)   Other: 0.1ms
[305.074s][info][gc,heap     ] GC(1074) Eden regions: 1->0(75)
[305.074s][info][gc,heap     ] GC(1074) Survivor regions: 1->1(10)
[305.074s][info][gc,heap     ] GC(1074) Old regions: 8->8
[305.074s][info][gc,heap     ] GC(1074) Archive regions: 2->2
[305.074s][info][gc,heap     ] GC(1074) Humongous regions: 96->0
[305.074s][info][gc,metaspace] GC(1074) Metaspace: 29090K(29504K)->29090K(29504K) NonClass: 25530K(25728K)->25530K(25728K) Class: 3559K(3776K)->3559K(3776K)
[305.074s][info][gc          ] GC(1074) Pause Young (Concurrent Start) (G1 Humongous Allocation) 209M->16M(254M) 1.461ms
[305.074s][info][gc          ] GC(1075) Concurrent Undo Cycle
[305.074s][info][gc,cpu      ] GC(1074) User=0.01s Sys=0.00s Real=0.00s
[305.074s][info][gc,marking  ] GC(1075) Concurrent Cleanup for Next Mark
[305.075s][info][gc,marking  ] GC(1075) Concurrent Cleanup for Next Mark 0.328ms
[305.075s][info][gc          ] GC(1075) Concurrent Undo Cycle 0.581ms
[305.586s][info][gc,start    ] GC(1076) Pause Young (Concurrent Start) (G1 Humongous Allocation)
[305.586s][info][gc,task     ] GC(1076) Using 8 workers of 8 for evacuation
[305.587s][info][gc,phases   ] GC(1076)   Pre Evacuate Collection Set: 0.1ms
[305.587s][info][gc,phases   ] GC(1076)   Merge Heap Roots: 0.0ms
[305.587s][info][gc,phases   ] GC(1076)   Evacuate Collection Set: 0.5ms
[305.587s][info][gc,phases   ] GC(1076)   Post Evacuate Collection Set: 0.3ms
[305.587s][info][gc,phases   ] GC(1076)   Other: 0.1ms
[305.587s][info][gc,heap     ] GC(1076) Eden regions: 2->0(75)
[305.587s][info][gc,heap     ] GC(1076) Survivor regions: 1->1(10)
[305.587s][info][gc,heap     ] GC(1076) Old regions: 8->8
[305.587s][info][gc,heap     ] GC(1076) Archive regions: 2->2
[305.587s][info][gc,heap     ] GC(1076) Humongous regions: 96->0
[305.587s][info][gc,metaspace] GC(1076) Metaspace: 29090K(29504K)->29090K(29504K) NonClass: 25530K(25728K)->25530K(25728K) Class: 3559K(3776K)->3559K(3776K)
[305.587s][info][gc          ] GC(1076) Pause Young (Concurrent Start) (G1 Humongous Allocation) 210M->16M(254M) 1.313ms
[305.587s][info][gc          ] GC(1077) Concurrent Undo Cycle
[305.587s][info][gc,cpu      ] GC(1076) User=0.00s Sys=0.00s Real=0.00s
[305.587s][info][gc,marking  ] GC(1077) Concurrent Cleanup for Next Mark
[305.588s][info][gc,marking  ] GC(1077) Concurrent Cleanup for Next Mark 0.055ms
[305.588s][info][gc          ] GC(1077) Concurrent Undo Cycle 0.113ms
[306.097s][info][gc,start    ] GC(1078) Pause Young (Concurrent Start) (G1 Humongous Allocation)
[306.097s][info][gc,task     ] GC(1078) Using 8 workers of 8 for evacuation
[306.098s][info][gc,phases   ] GC(1078)   Pre Evacuate Collection Set: 0.1ms
[306.098s][info][gc,phases   ] GC(1078)   Merge Heap Roots: 0.0ms
[306.098s][info][gc,phases   ] GC(1078)   Evacuate Collection Set: 0.5ms
[306.098s][info][gc,phases   ] GC(1078)   Post Evacuate Collection Set: 0.2ms
[306.098s][info][gc,phases   ] GC(1078)   Other: 0.1ms
[306.098s][info][gc,heap     ] GC(1078) Eden regions: 1->0(75)
[306.098s][info][gc,heap     ] GC(1078) Survivor regions: 1->1(10)
[306.098s][info][gc,heap     ] GC(1078) Old regions: 8->8
[306.098s][info][gc,heap     ] GC(1078) Archive regions: 2->2
[306.098s][info][gc,heap     ] GC(1078) Humongous regions: 96->0
[306.098s][info][gc,metaspace] GC(1078) Metaspace: 29090K(29504K)->29090K(29504K) NonClass: 25530K(25728K)->25530K(25728K) Class: 3559K(3776K)->3559K(3776K)
[306.098s][info][gc          ] GC(1078) Pause Young (Concurrent Start) (G1 Humongous Allocation) 209M->16M(254M) 1.333ms
[306.098s][info][gc          ] GC(1079) Concurrent Undo Cycle
[306.098s][info][gc,cpu      ] GC(1078) User=0.01s Sys=0.00s Real=0.00s
[306.098s][info][gc,marking  ] GC(1079) Concurrent Cleanup for Next Mark
[306.098s][info][gc,marking  ] GC(1079) Concurrent Cleanup for Next Mark 0.087ms
[306.098s][info][gc          ] GC(1079) Concurrent Undo Cycle 0.181ms
[306.610s][info][gc,start    ] GC(1080) Pause Young (Concurrent Start) (G1 Humongous Allocation)
[306.610s][info][gc,task     ] GC(1080) Using 8 workers of 8 for evacuation
[306.611s][info][gc,phases   ] GC(1080)   Pre Evacuate Collection Set: 0.1ms
[306.611s][info][gc,phases   ] GC(1080)   Merge Heap Roots: 0.0ms
[306.611s][info][gc,phases   ] GC(1080)   Evacuate Collection Set: 0.6ms
[306.611s][info][gc,phases   ] GC(1080)   Post Evacuate Collection Set: 0.3ms
[306.611s][info][gc,phases   ] GC(1080)   Other: 0.1ms
[306.611s][info][gc,heap     ] GC(1080) Eden regions: 2->0(75)
[306.611s][info][gc,heap     ] GC(1080) Survivor regions: 1->1(10)
[306.611s][info][gc,heap     ] GC(1080) Old regions: 8->8
[306.611s][info][gc,heap     ] GC(1080) Archive regions: 2->2
[306.611s][info][gc,heap     ] GC(1080) Humongous regions: 96->0
[306.611s][info][gc,metaspace] GC(1080) Metaspace: 29090K(29504K)->29090K(29504K) NonClass: 25530K(25728K)->25530K(25728K) Class: 3559K(3776K)->3559K(3776K)
[306.611s][info][gc          ] GC(1080) Pause Young (Concurrent Start) (G1 Humongous Allocation) 210M->16M(254M) 1.459ms
[306.611s][info][gc          ] GC(1081) Concurrent Undo Cycle
[306.611s][info][gc,cpu      ] GC(1080) User=0.01s Sys=0.00s Real=0.01s
[306.611s][info][gc,marking  ] GC(1081) Concurrent Cleanup for Next Mark
[306.611s][info][gc,marking  ] GC(1081) Concurrent Cleanup for Next Mark 0.089ms
[306.611s][info][gc          ] GC(1081) Concurrent Undo Cycle 0.177ms
[307.121s][info][gc,start    ] GC(1082) Pause Young (Concurrent Start) (G1 Humongous Allocation)
[307.121s][info][gc,task     ] GC(1082) Using 8 workers of 8 for evacuation
[307.122s][info][gc,phases   ] GC(1082)   Pre Evacuate Collection Set: 0.1ms
[307.122s][info][gc,phases   ] GC(1082)   Merge Heap Roots: 0.1ms
[307.122s][info][gc,phases   ] GC(1082)   Evacuate Collection Set: 0.6ms
[307.122s][info][gc,phases   ] GC(1082)   Post Evacuate Collection Set: 0.2ms
[307.122s][info][gc,phases   ] GC(1082)   Other: 0.0ms
[307.122s][info][gc,heap     ] GC(1082) Eden regions: 1->0(75)
[307.122s][info][gc,heap     ] GC(1082) Survivor regions: 1->1(10)
[307.122s][info][gc,heap     ] GC(1082) Old regions: 8->8
[307.122s][info][gc,heap     ] GC(1082) Archive regions: 2->2
[307.122s][info][gc,heap     ] GC(1082) Humongous regions: 96->0
[307.122s][info][gc,metaspace] GC(1082) Metaspace: 29090K(29504K)->29090K(29504K) NonClass: 25530K(25728K)->25530K(25728K) Class: 3559K(3776K)->3559K(3776K)
[307.122s][info][gc          ] GC(1082) Pause Young (Concurrent Start) (G1 Humongous Allocation) 210M->16M(254M) 1.236ms
[307.122s][info][gc,cpu      ] GC(1082) User=0.00s Sys=0.01s Real=0.00s
[307.122s][info][gc          ] GC(1083) Concurrent Undo Cycle
[307.122s][info][gc,marking  ] GC(1083) Concurrent Cleanup for Next Mark
[307.122s][info][gc,marking  ] GC(1083) Concurrent Cleanup for Next Mark 0.056ms
[307.122s][info][gc          ] GC(1083) Concurrent Undo Cycle 0.133ms
[307.631s][info][gc,start    ] GC(1084) Pause Young (Concurrent Start) (G1 Humongous Allocation)
[307.631s][info][gc,task     ] GC(1084) Using 8 workers of 8 for evacuation
[307.633s][info][gc,phases   ] GC(1084)   Pre Evacuate Collection Set: 0.2ms
[307.633s][info][gc,phases   ] GC(1084)   Merge Heap Roots: 0.2ms
[307.633s][info][gc,phases   ] GC(1084)   Evacuate Collection Set: 1.3ms
[307.633s][info][gc,phases   ] GC(1084)   Post Evacuate Collection Set: 0.5ms
[307.633s][info][gc,phases   ] GC(1084)   Other: 0.1ms
[307.633s][info][gc,heap     ] GC(1084) Eden regions: 2->0(75)
[307.633s][info][gc,heap     ] GC(1084) Survivor regions: 1->1(10)
[307.633s][info][gc,heap     ] GC(1084) Old regions: 8->8
[307.633s][info][gc,heap     ] GC(1084) Archive regions: 2->2
[307.633s][info][gc,heap     ] GC(1084) Humongous regions: 96->0
[307.633s][info][gc,metaspace] GC(1084) Metaspace: 29090K(29504K)->29090K(29504K) NonClass: 25530K(25728K)->25530K(25728K) Class: 3559K(3776K)->3559K(3776K)
[307.633s][info][gc          ] GC(1084) Pause Young (Concurrent Start) (G1 Humongous Allocation) 210M->16M(254M) 2.615ms
[307.634s][info][gc          ] GC(1085) Concurrent Undo Cycle
[307.634s][info][gc,cpu      ] GC(1084) User=0.00s Sys=0.00s Real=0.00s
[307.634s][info][gc,marking  ] GC(1085) Concurrent Cleanup for Next Mark
[307.634s][info][gc,marking  ] GC(1085) Concurrent Cleanup for Next Mark 0.104ms
[307.634s][info][gc          ] GC(1085) Concurrent Undo Cycle 0.176ms
[308.154s][info][gc,start    ] GC(1086) Pause Young (Concurrent Start) (G1 Humongous Allocation)
[308.154s][info][gc,task     ] GC(1086) Using 8 workers of 8 for evacuation
[308.156s][info][gc,phases   ] GC(1086)   Pre Evacuate Collection Set: 0.1ms
[308.156s][info][gc,phases   ] GC(1086)   Merge Heap Roots: 0.0ms
[308.156s][info][gc,phases   ] GC(1086)   Evacuate Collection Set: 0.5ms
[308.156s][info][gc,phases   ] GC(1086)   Post Evacuate Collection Set: 0.3ms
[308.156s][info][gc,phases   ] GC(1086)   Other: 0.1ms
[308.156s][info][gc,heap     ] GC(1086) Eden regions: 1->0(75)
[308.156s][info][gc,heap     ] GC(1086) Survivor regions: 1->1(10)
[308.156s][info][gc,heap     ] GC(1086) Old regions: 8->8
[308.156s][info][gc,heap     ] GC(1086) Archive regions: 2->2
[308.156s][info][gc,heap     ] GC(1086) Humongous regions: 96->0
[308.156s][info][gc,metaspace] GC(1086) Metaspace: 29090K(29504K)->29090K(29504K) NonClass: 25530K(25728K)->25530K(25728K) Class: 3559K(3776K)->3559K(3776K)
[308.156s][info][gc          ] GC(1086) Pause Young (Concurrent Start) (G1 Humongous Allocation) 209M->16M(254M) 1.673ms
[308.156s][info][gc          ] GC(1087) Concurrent Undo Cycle
[308.156s][info][gc,cpu      ] GC(1086) User=0.00s Sys=0.00s Real=0.00s
[308.156s][info][gc,marking  ] GC(1087) Concurrent Cleanup for Next Mark
[308.156s][info][gc,marking  ] GC(1087) Concurrent Cleanup for Next Mark 0.110ms
[308.156s][info][gc          ] GC(1087) Concurrent Undo Cycle 0.214ms
[308.665s][info][gc,start    ] GC(1088) Pause Young (Concurrent Start) (G1 Humongous Allocation)
[308.665s][info][gc,task     ] GC(1088) Using 8 workers of 8 for evacuation
[308.666s][info][gc,phases   ] GC(1088)   Pre Evacuate Collection Set: 0.1ms
[308.666s][info][gc,phases   ] GC(1088)   Merge Heap Roots: 0.0ms
[308.666s][info][gc,phases   ] GC(1088)   Evacuate Collection Set: 0.5ms
[308.666s][info][gc,phases   ] GC(1088)   Post Evacuate Collection Set: 0.2ms
[308.666s][info][gc,phases   ] GC(1088)   Other: 0.0ms
[308.666s][info][gc,heap     ] GC(1088) Eden regions: 2->0(75)
[308.666s][info][gc,heap     ] GC(1088) Survivor regions: 1->1(10)
[308.666s][info][gc,heap     ] GC(1088) Old regions: 8->8
[308.666s][info][gc,heap     ] GC(1088) Archive regions: 2->2
[308.666s][info][gc,heap     ] GC(1088) Humongous regions: 96->0
[308.666s][info][gc,metaspace] GC(1088) Metaspace: 29090K(29504K)->29090K(29504K) NonClass: 25530K(25728K)->25530K(25728K) Class: 3559K(3776K)->3559K(3776K)
[308.666s][info][gc          ] GC(1088) Pause Young (Concurrent Start) (G1 Humongous Allocation) 210M->16M(254M) 1.149ms
[308.666s][info][gc,cpu      ] GC(1088) User=0.00s Sys=0.00s Real=0.00s
[308.666s][info][gc          ] GC(1089) Concurrent Undo Cycle
[308.666s][info][gc,marking  ] GC(1089) Concurrent Cleanup for Next Mark
[308.666s][info][gc,marking  ] GC(1089) Concurrent Cleanup for Next Mark 0.069ms
[308.666s][info][gc          ] GC(1089) Concurrent Undo Cycle 0.158ms
[309.176s][info][gc,start    ] GC(1090) Pause Young (Concurrent Start) (G1 Humongous Allocation)
[309.177s][info][gc,task     ] GC(1090) Using 8 workers of 8 for evacuation
[309.178s][info][gc,phases   ] GC(1090)   Pre Evacuate Collection Set: 0.2ms
[309.178s][info][gc,phases   ] GC(1090)   Merge Heap Roots: 0.0ms
[309.178s][info][gc,phases   ] GC(1090)   Evacuate Collection Set: 0.5ms
[309.178s][info][gc,phases   ] GC(1090)   Post Evacuate Collection Set: 0.3ms
[309.178s][info][gc,phases   ] GC(1090)   Other: 0.1ms
[309.178s][info][gc,heap     ] GC(1090) Eden regions: 1->0(75)
[309.178s][info][gc,heap     ] GC(1090) Survivor regions: 1->1(10)
[309.178s][info][gc,heap     ] GC(1090) Old regions: 8->8
[309.178s][info][gc,heap     ] GC(1090) Archive regions: 2->2
[309.178s][info][gc,heap     ] GC(1090) Humongous regions: 96->0
[309.178s][info][gc,metaspace] GC(1090) Metaspace: 29090K(29504K)->29090K(29504K) NonClass: 25530K(25728K)->25530K(25728K) Class: 3559K(3776K)->3559K(3776K)
[309.178s][info][gc          ] GC(1090) Pause Young (Concurrent Start) (G1 Humongous Allocation) 209M->16M(254M) 1.236ms
[309.178s][info][gc          ] GC(1091) Concurrent Undo Cycle
[309.178s][info][gc,cpu      ] GC(1090) User=0.00s Sys=0.00s Real=0.00s
[309.178s][info][gc,marking  ] GC(1091) Concurrent Cleanup for Next Mark
[309.178s][info][gc,marking  ] GC(1091) Concurrent Cleanup for Next Mark 0.072ms
[309.178s][info][gc          ] GC(1091) Concurrent Undo Cycle 0.140ms
[309.695s][info][gc,start    ] GC(1092) Pause Young (Concurrent Start) (G1 Humongous Allocation)
[309.695s][info][gc,task     ] GC(1092) Using 8 workers of 8 for evacuation
[309.697s][info][gc,phases   ] GC(1092)   Pre Evacuate Collection Set: 0.1ms
[309.697s][info][gc,phases   ] GC(1092)   Merge Heap Roots: 0.0ms
[309.697s][info][gc,phases   ] GC(1092)   Evacuate Collection Set: 0.7ms
[309.697s][info][gc,phases   ] GC(1092)   Post Evacuate Collection Set: 0.6ms
[309.697s][info][gc,phases   ] GC(1092)   Other: 0.1ms
[309.697s][info][gc,heap     ] GC(1092) Eden regions: 2->0(75)
[309.697s][info][gc,heap     ] GC(1092) Survivor regions: 1->1(10)
[309.697s][info][gc,heap     ] GC(1092) Old regions: 8->8
[309.697s][info][gc,heap     ] GC(1092) Archive regions: 2->2
[309.697s][info][gc,heap     ] GC(1092) Humongous regions: 96->0
[309.697s][info][gc,metaspace] GC(1092) Metaspace: 29090K(29504K)->29090K(29504K) NonClass: 25530K(25728K)->25530K(25728K) Class: 3559K(3776K)->3559K(3776K)
[309.697s][info][gc          ] GC(1092) Pause Young (Concurrent Start) (G1 Humongous Allocation) 210M->16M(254M) 1.815ms
[309.697s][info][gc          ] GC(1093) Concurrent Undo Cycle
[309.697s][info][gc,cpu      ] GC(1092) User=0.00s Sys=0.00s Real=0.00s
[309.697s][info][gc,marking  ] GC(1093) Concurrent Cleanup for Next Mark
[309.697s][info][gc,marking  ] GC(1093) Concurrent Cleanup for Next Mark 0.142ms
[309.697s][info][gc          ] GC(1093) Concurrent Undo Cycle 0.338ms
[310.206s][info][gc,start    ] GC(1094) Pause Young (Concurrent Start) (G1 Humongous Allocation)
[310.206s][info][gc,task     ] GC(1094) Using 8 workers of 8 for evacuation
[310.208s][info][gc,phases   ] GC(1094)   Pre Evacuate Collection Set: 0.1ms
[310.208s][info][gc,phases   ] GC(1094)   Merge Heap Roots: 0.1ms
[310.208s][info][gc,phases   ] GC(1094)   Evacuate Collection Set: 0.8ms
[310.208s][info][gc,phases   ] GC(1094)   Post Evacuate Collection Set: 0.6ms
[310.208s][info][gc,phases   ] GC(1094)   Other: 0.1ms
[310.208s][info][gc,heap     ] GC(1094) Eden regions: 1->0(75)
[310.208s][info][gc,heap     ] GC(1094) Survivor regions: 1->1(10)
[310.208s][info][gc,heap     ] GC(1094) Old regions: 8->8
[310.208s][info][gc,heap     ] GC(1094) Archive regions: 2->2
[310.208s][info][gc,heap     ] GC(1094) Humongous regions: 96->0
[310.208s][info][gc,metaspace] GC(1094) Metaspace: 29090K(29504K)->29090K(29504K) NonClass: 25530K(25728K)->25530K(25728K) Class: 3559K(3776K)->3559K(3776K)
[310.208s][info][gc          ] GC(1094) Pause Young (Concurrent Start) (G1 Humongous Allocation) 210M->16M(254M) 1.926ms
[310.208s][info][gc          ] GC(1095) Concurrent Undo Cycle
[310.208s][info][gc,cpu      ] GC(1094) User=0.01s Sys=0.00s Real=0.00s
[310.208s][info][gc,marking  ] GC(1095) Concurrent Cleanup for Next Mark
[310.208s][info][gc,marking  ] GC(1095) Concurrent Cleanup for Next Mark 0.422ms
[310.208s][info][gc          ] GC(1095) Concurrent Undo Cycle 0.601ms
[310.721s][info][gc,start    ] GC(1096) Pause Young (Concurrent Start) (G1 Humongous Allocation)
[310.721s][info][gc,task     ] GC(1096) Using 8 workers of 8 for evacuation
[310.722s][info][gc,phases   ] GC(1096)   Pre Evacuate Collection Set: 0.1ms
[310.722s][info][gc,phases   ] GC(1096)   Merge Heap Roots: 0.0ms
[310.722s][info][gc,phases   ] GC(1096)   Evacuate Collection Set: 0.5ms
[310.722s][info][gc,phases   ] GC(1096)   Post Evacuate Collection Set: 0.2ms
[310.722s][info][gc,phases   ] GC(1096)   Other: 0.1ms
[310.722s][info][gc,heap     ] GC(1096) Eden regions: 1->0(75)
[310.722s][info][gc,heap     ] GC(1096) Survivor regions: 1->1(10)
[310.723s][info][gc,heap     ] GC(1096) Old regions: 8->8
[310.723s][info][gc,heap     ] GC(1096) Archive regions: 2->2
[310.723s][info][gc,heap     ] GC(1096) Humongous regions: 96->0
[310.723s][info][gc,metaspace] GC(1096) Metaspace: 29090K(29504K)->29090K(29504K) NonClass: 25530K(25728K)->25530K(25728K) Class: 3559K(3776K)->3559K(3776K)
[310.723s][info][gc          ] GC(1096) Pause Young (Concurrent Start) (G1 Humongous Allocation) 210M->16M(254M) 1.202ms
[310.723s][info][gc          ] GC(1097) Concurrent Undo Cycle
[310.723s][info][gc,cpu      ] GC(1096) User=0.01s Sys=0.01s Real=0.00s
[310.723s][info][gc,marking  ] GC(1097) Concurrent Cleanup for Next Mark
[310.723s][info][gc,marking  ] GC(1097) Concurrent Cleanup for Next Mark 0.116ms
[310.723s][info][gc          ] GC(1097) Concurrent Undo Cycle 0.174ms
[311.238s][info][gc,start    ] GC(1098) Pause Young (Concurrent Start) (G1 Humongous Allocation)
[311.239s][info][gc,task     ] GC(1098) Using 8 workers of 8 for evacuation
[311.242s][info][gc,phases   ] GC(1098)   Pre Evacuate Collection Set: 0.5ms
[311.242s][info][gc,phases   ] GC(1098)   Merge Heap Roots: 0.2ms
[311.242s][info][gc,phases   ] GC(1098)   Evacuate Collection Set: 1.3ms
[311.242s][info][gc,phases   ] GC(1098)   Post Evacuate Collection Set: 1.0ms
[311.242s][info][gc,phases   ] GC(1098)   Other: 0.3ms
[311.242s][info][gc,heap     ] GC(1098) Eden regions: 1->0(75)
[311.242s][info][gc,heap     ] GC(1098) Survivor regions: 1->1(10)
[311.242s][info][gc,heap     ] GC(1098) Old regions: 8->8
[311.242s][info][gc,heap     ] GC(1098) Archive regions: 2->2
[311.242s][info][gc,heap     ] GC(1098) Humongous regions: 96->0
[311.242s][info][gc,metaspace] GC(1098) Metaspace: 29090K(29504K)->29090K(29504K) NonClass: 25530K(25728K)->25530K(25728K) Class: 3559K(3776K)->3559K(3776K)
[311.242s][info][gc          ] GC(1098) Pause Young (Concurrent Start) (G1 Humongous Allocation) 210M->16M(254M) 3.815ms
[311.242s][info][gc,cpu      ] GC(1098) User=0.00s Sys=0.00s Real=0.01s
[311.242s][info][gc          ] GC(1099) Concurrent Undo Cycle
[311.243s][info][gc,marking  ] GC(1099) Concurrent Cleanup for Next Mark
[311.243s][info][gc,marking  ] GC(1099) Concurrent Cleanup for Next Mark 0.214ms
[311.243s][info][gc          ] GC(1099) Concurrent Undo Cycle 0.481ms
[311.762s][info][gc,start    ] GC(1100) Pause Young (Concurrent Start) (G1 Humongous Allocation)
[311.762s][info][gc,task     ] GC(1100) Using 8 workers of 8 for evacuation
[311.764s][info][gc,phases   ] GC(1100)   Pre Evacuate Collection Set: 0.1ms
[311.764s][info][gc,phases   ] GC(1100)   Merge Heap Roots: 0.0ms
[311.764s][info][gc,phases   ] GC(1100)   Evacuate Collection Set: 0.6ms
[311.764s][info][gc,phases   ] GC(1100)   Post Evacuate Collection Set: 0.3ms
[311.764s][info][gc,phases   ] GC(1100)   Other: 0.1ms
[311.764s][info][gc,heap     ] GC(1100) Eden regions: 1->0(75)
[311.764s][info][gc,heap     ] GC(1100) Survivor regions: 1->1(10)
[311.764s][info][gc,heap     ] GC(1100) Old regions: 8->8
[311.764s][info][gc,heap     ] GC(1100) Archive regions: 2->2
[311.764s][info][gc,heap     ] GC(1100) Humongous regions: 96->0
[311.764s][info][gc,metaspace] GC(1100) Metaspace: 29090K(29504K)->29090K(29504K) NonClass: 25530K(25728K)->25530K(25728K) Class: 3559K(3776K)->3559K(3776K)
[311.764s][info][gc          ] GC(1100) Pause Young (Concurrent Start) (G1 Humongous Allocation) 210M->16M(254M) 1.274ms
[311.764s][info][gc          ] GC(1101) Concurrent Undo Cycle
[311.764s][info][gc,cpu      ] GC(1100) User=0.00s Sys=0.00s Real=0.00s
[311.764s][info][gc,marking  ] GC(1101) Concurrent Cleanup for Next Mark
[311.764s][info][gc,marking  ] GC(1101) Concurrent Cleanup for Next Mark 0.063ms
[311.764s][info][gc          ] GC(1101) Concurrent Undo Cycle 0.113ms
[312.277s][info][gc,start    ] GC(1102) Pause Young (Concurrent Start) (G1 Humongous Allocation)
[312.277s][info][gc,task     ] GC(1102) Using 8 workers of 8 for evacuation
[312.279s][info][gc,phases   ] GC(1102)   Pre Evacuate Collection Set: 0.1ms
[312.279s][info][gc,phases   ] GC(1102)   Merge Heap Roots: 0.0ms
[312.279s][info][gc,phases   ] GC(1102)   Evacuate Collection Set: 0.5ms
[312.279s][info][gc,phases   ] GC(1102)   Post Evacuate Collection Set: 0.3ms
[312.279s][info][gc,phases   ] GC(1102)   Other: 0.1ms
[312.279s][info][gc,heap     ] GC(1102) Eden regions: 1->0(75)
[312.279s][info][gc,heap     ] GC(1102) Survivor regions: 1->1(10)
[312.279s][info][gc,heap     ] GC(1102) Old regions: 8->8
[312.279s][info][gc,heap     ] GC(1102) Archive regions: 2->2
[312.279s][info][gc,heap     ] GC(1102) Humongous regions: 96->0
[312.279s][info][gc,metaspace] GC(1102) Metaspace: 29090K(29504K)->29090K(29504K) NonClass: 25530K(25728K)->25530K(25728K) Class: 3559K(3776K)->3559K(3776K)
[312.279s][info][gc          ] GC(1102) Pause Young (Concurrent Start) (G1 Humongous Allocation) 210M->16M(254M) 1.384ms
[312.279s][info][gc,cpu      ] GC(1102) User=0.00s Sys=0.00s Real=0.00s
[312.279s][info][gc          ] GC(1103) Concurrent Undo Cycle
[312.279s][info][gc,marking  ] GC(1103) Concurrent Cleanup for Next Mark
[312.279s][info][gc,marking  ] GC(1103) Concurrent Cleanup for Next Mark 0.115ms
[312.279s][info][gc          ] GC(1103) Concurrent Undo Cycle 0.295ms
[312.795s][info][gc,start    ] GC(1104) Pause Young (Concurrent Start) (G1 Humongous Allocation)
[312.795s][info][gc,task     ] GC(1104) Using 8 workers of 8 for evacuation
[312.796s][info][gc,phases   ] GC(1104)   Pre Evacuate Collection Set: 0.1ms
[312.796s][info][gc,phases   ] GC(1104)   Merge Heap Roots: 0.1ms
[312.796s][info][gc,phases   ] GC(1104)   Evacuate Collection Set: 0.5ms
[312.796s][info][gc,phases   ] GC(1104)   Post Evacuate Collection Set: 0.2ms
[312.796s][info][gc,phases   ] GC(1104)   Other: 0.1ms
[312.796s][info][gc,heap     ] GC(1104) Eden regions: 1->0(75)
[312.796s][info][gc,heap     ] GC(1104) Survivor regions: 1->1(10)
[312.796s][info][gc,heap     ] GC(1104) Old regions: 8->8
[312.796s][info][gc,heap     ] GC(1104) Archive regions: 2->2
[312.796s][info][gc,heap     ] GC(1104) Humongous regions: 96->0
[312.796s][info][gc,metaspace] GC(1104) Metaspace: 29090K(29504K)->29090K(29504K) NonClass: 25530K(25728K)->25530K(25728K) Class: 3559K(3776K)->3559K(3776K)
[312.796s][info][gc          ] GC(1104) Pause Young (Concurrent Start) (G1 Humongous Allocation) 210M->16M(254M) 1.235ms
[312.796s][info][gc,cpu      ] GC(1104) User=0.00s Sys=0.01s Real=0.00s
[312.796s][info][gc          ] GC(1105) Concurrent Undo Cycle
[312.796s][info][gc,marking  ] GC(1105) Concurrent Cleanup for Next Mark
[312.796s][info][gc,marking  ] GC(1105) Concurrent Cleanup for Next Mark 0.166ms
[312.796s][info][gc          ] GC(1105) Concurrent Undo Cycle 0.332ms
[313.308s][info][gc,start    ] GC(1106) Pause Young (Concurrent Start) (G1 Humongous Allocation)
[313.309s][info][gc,task     ] GC(1106) Using 8 workers of 8 for evacuation
[313.310s][info][gc,phases   ] GC(1106)   Pre Evacuate Collection Set: 0.2ms
[313.310s][info][gc,phases   ] GC(1106)   Merge Heap Roots: 0.1ms
[313.310s][info][gc,phases   ] GC(1106)   Evacuate Collection Set: 1.0ms
[313.310s][info][gc,phases   ] GC(1106)   Post Evacuate Collection Set: 0.4ms
[313.310s][info][gc,phases   ] GC(1106)   Other: 0.1ms
[313.310s][info][gc,heap     ] GC(1106) Eden regions: 1->0(75)
[313.310s][info][gc,heap     ] GC(1106) Survivor regions: 1->1(10)
[313.310s][info][gc,heap     ] GC(1106) Old regions: 8->8
[313.310s][info][gc,heap     ] GC(1106) Archive regions: 2->2
[313.310s][info][gc,heap     ] GC(1106) Humongous regions: 96->0
[313.310s][info][gc,metaspace] GC(1106) Metaspace: 29090K(29504K)->29090K(29504K) NonClass: 25530K(25728K)->25530K(25728K) Class: 3559K(3776K)->3559K(3776K)
[313.310s][info][gc          ] GC(1106) Pause Young (Concurrent Start) (G1 Humongous Allocation) 210M->16M(254M) 1.987ms
[313.310s][info][gc          ] GC(1107) Concurrent Undo Cycle
[313.310s][info][gc,cpu      ] GC(1106) User=0.00s Sys=0.00s Real=0.01s
[313.310s][info][gc,marking  ] GC(1107) Concurrent Cleanup for Next Mark
[313.311s][info][gc,marking  ] GC(1107) Concurrent Cleanup for Next Mark 0.074ms
[313.311s][info][gc          ] GC(1107) Concurrent Undo Cycle 0.142ms
[313.825s][info][gc,start    ] GC(1108) Pause Young (Concurrent Start) (G1 Humongous Allocation)
[313.825s][info][gc,task     ] GC(1108) Using 8 workers of 8 for evacuation
[313.827s][info][gc,phases   ] GC(1108)   Pre Evacuate Collection Set: 0.2ms
[313.827s][info][gc,phases   ] GC(1108)   Merge Heap Roots: 0.1ms
[313.827s][info][gc,phases   ] GC(1108)   Evacuate Collection Set: 0.7ms
[313.827s][info][gc,phases   ] GC(1108)   Post Evacuate Collection Set: 0.4ms
[313.827s][info][gc,phases   ] GC(1108)   Other: 0.1ms
[313.827s][info][gc,heap     ] GC(1108) Eden regions: 1->0(75)
[313.827s][info][gc,heap     ] GC(1108) Survivor regions: 1->1(10)
[313.827s][info][gc,heap     ] GC(1108) Old regions: 8->8
[313.827s][info][gc,heap     ] GC(1108) Archive regions: 2->2
[313.827s][info][gc,heap     ] GC(1108) Humongous regions: 96->0
[313.827s][info][gc,metaspace] GC(1108) Metaspace: 29090K(29504K)->29090K(29504K) NonClass: 25530K(25728K)->25530K(25728K) Class: 3559K(3776K)->3559K(3776K)
[313.827s][info][gc          ] GC(1108) Pause Young (Concurrent Start) (G1 Humongous Allocation) 210M->16M(254M) 1.925ms
[313.827s][info][gc,cpu      ] GC(1108) User=0.01s Sys=0.00s Real=0.00s
[313.827s][info][gc          ] GC(1109) Concurrent Undo Cycle
[313.827s][info][gc,marking  ] GC(1109) Concurrent Cleanup for Next Mark
[313.827s][info][gc,marking  ] GC(1109) Concurrent Cleanup for Next Mark 0.122ms
[313.827s][info][gc          ] GC(1109) Concurrent Undo Cycle 0.273ms
[314.342s][info][gc,start    ] GC(1110) Pause Young (Concurrent Start) (G1 Humongous Allocation)
[314.342s][info][gc,task     ] GC(1110) Using 8 workers of 8 for evacuation
[314.345s][info][gc,phases   ] GC(1110)   Pre Evacuate Collection Set: 0.4ms
[314.345s][info][gc,phases   ] GC(1110)   Merge Heap Roots: 0.1ms
[314.345s][info][gc,phases   ] GC(1110)   Evacuate Collection Set: 1.3ms
[314.345s][info][gc,phases   ] GC(1110)   Post Evacuate Collection Set: 0.7ms
[314.345s][info][gc,phases   ] GC(1110)   Other: 0.1ms
[314.345s][info][gc,heap     ] GC(1110) Eden regions: 1->0(75)
[314.345s][info][gc,heap     ] GC(1110) Survivor regions: 1->1(10)
[314.345s][info][gc,heap     ] GC(1110) Old regions: 8->8
[314.345s][info][gc,heap     ] GC(1110) Archive regions: 2->2
[314.345s][info][gc,heap     ] GC(1110) Humongous regions: 96->0
[314.345s][info][gc,metaspace] GC(1110) Metaspace: 29090K(29504K)->29090K(29504K) NonClass: 25530K(25728K)->25530K(25728K) Class: 3559K(3776K)->3559K(3776K)
[314.345s][info][gc          ] GC(1110) Pause Young (Concurrent Start) (G1 Humongous Allocation) 210M->16M(254M) 3.310ms
[314.345s][info][gc,cpu      ] GC(1110) User=0.00s Sys=0.00s Real=0.00s
[314.346s][info][gc          ] GC(1111) Concurrent Undo Cycle
[314.346s][info][gc,marking  ] GC(1111) Concurrent Cleanup for Next Mark
[314.346s][info][gc,marking  ] GC(1111) Concurrent Cleanup for Next Mark 0.134ms
[314.346s][info][gc          ] GC(1111) Concurrent Undo Cycle 0.255ms
[314.864s][info][gc,start    ] GC(1112) Pause Young (Concurrent Start) (G1 Humongous Allocation)
[314.864s][info][gc,task     ] GC(1112) Using 8 workers of 8 for evacuation
[314.867s][info][gc,phases   ] GC(1112)   Pre Evacuate Collection Set: 0.4ms
[314.867s][info][gc,phases   ] GC(1112)   Merge Heap Roots: 0.2ms
[314.867s][info][gc,phases   ] GC(1112)   Evacuate Collection Set: 1.3ms
[314.867s][info][gc,phases   ] GC(1112)   Post Evacuate Collection Set: 0.9ms
[314.867s][info][gc,phases   ] GC(1112)   Other: 0.2ms
[314.867s][info][gc,heap     ] GC(1112) Eden regions: 2->0(75)
[314.867s][info][gc,heap     ] GC(1112) Survivor regions: 1->1(10)
[314.867s][info][gc,heap     ] GC(1112) Old regions: 8->8
[314.867s][info][gc,heap     ] GC(1112) Archive regions: 2->2
[314.867s][info][gc,heap     ] GC(1112) Humongous regions: 96->0
[314.867s][info][gc,metaspace] GC(1112) Metaspace: 29090K(29504K)->29090K(29504K) NonClass: 25530K(25728K)->25530K(25728K) Class: 3559K(3776K)->3559K(3776K)
[314.867s][info][gc          ] GC(1112) Pause Young (Concurrent Start) (G1 Humongous Allocation) 210M->16M(254M) 3.672ms
[314.867s][info][gc,cpu      ] GC(1112) User=0.00s Sys=0.00s Real=0.00s
[314.867s][info][gc          ] GC(1113) Concurrent Undo Cycle
[314.868s][info][gc,marking  ] GC(1113) Concurrent Cleanup for Next Mark
[314.868s][info][gc,marking  ] GC(1113) Concurrent Cleanup for Next Mark 0.212ms
[314.868s][info][gc          ] GC(1113) Concurrent Undo Cycle 0.467ms
[315.385s][info][gc,start    ] GC(1114) Pause Young (Concurrent Start) (G1 Humongous Allocation)
[315.386s][info][gc,task     ] GC(1114) Using 8 workers of 8 for evacuation
[315.388s][info][gc,phases   ] GC(1114)   Pre Evacuate Collection Set: 0.5ms
[315.389s][info][gc,phases   ] GC(1114)   Merge Heap Roots: 0.2ms
[315.389s][info][gc,phases   ] GC(1114)   Evacuate Collection Set: 1.2ms
[315.389s][info][gc,phases   ] GC(1114)   Post Evacuate Collection Set: 0.9ms
[315.389s][info][gc,phases   ] GC(1114)   Other: 0.2ms
[315.389s][info][gc,heap     ] GC(1114) Eden regions: 2->0(75)
[315.389s][info][gc,heap     ] GC(1114) Survivor regions: 1->1(10)
[315.389s][info][gc,heap     ] GC(1114) Old regions: 8->8
[315.389s][info][gc,heap     ] GC(1114) Archive regions: 2->2
[315.389s][info][gc,heap     ] GC(1114) Humongous regions: 96->0
[315.389s][info][gc,metaspace] GC(1114) Metaspace: 29090K(29504K)->29090K(29504K) NonClass: 25530K(25728K)->25530K(25728K) Class: 3559K(3776K)->3559K(3776K)
[315.389s][info][gc          ] GC(1114) Pause Young (Concurrent Start) (G1 Humongous Allocation) 210M->16M(254M) 3.752ms
[315.389s][info][gc,cpu      ] GC(1114) User=0.01s Sys=0.00s Real=0.00s
[315.389s][info][gc          ] GC(1115) Concurrent Undo Cycle
[315.389s][info][gc,marking  ] GC(1115) Concurrent Cleanup for Next Mark
[315.390s][info][gc,marking  ] GC(1115) Concurrent Cleanup for Next Mark 0.199ms
[315.390s][info][gc          ] GC(1115) Concurrent Undo Cycle 0.429ms
[315.910s][info][gc,start    ] GC(1116) Pause Young (Concurrent Start) (G1 Humongous Allocation)
[315.910s][info][gc,task     ] GC(1116) Using 8 workers of 8 for evacuation
[315.913s][info][gc,phases   ] GC(1116)   Pre Evacuate Collection Set: 0.4ms
[315.913s][info][gc,phases   ] GC(1116)   Merge Heap Roots: 0.2ms
[315.913s][info][gc,phases   ] GC(1116)   Evacuate Collection Set: 1.2ms
[315.913s][info][gc,phases   ] GC(1116)   Post Evacuate Collection Set: 0.8ms
[315.913s][info][gc,phases   ] GC(1116)   Other: 0.2ms
[315.913s][info][gc,heap     ] GC(1116) Eden regions: 1->0(75)
[315.913s][info][gc,heap     ] GC(1116) Survivor regions: 1->1(10)
[315.913s][info][gc,heap     ] GC(1116) Old regions: 8->8
[315.913s][info][gc,heap     ] GC(1116) Archive regions: 2->2
[315.913s][info][gc,heap     ] GC(1116) Humongous regions: 96->0
[315.913s][info][gc,metaspace] GC(1116) Metaspace: 29090K(29504K)->29090K(29504K) NonClass: 25530K(25728K)->25530K(25728K) Class: 3559K(3776K)->3559K(3776K)
[315.913s][info][gc          ] GC(1116) Pause Young (Concurrent Start) (G1 Humongous Allocation) 209M->16M(254M) 3.445ms
[315.913s][info][gc,cpu      ] GC(1116) User=0.00s Sys=0.01s Real=0.00s
[315.913s][info][gc          ] GC(1117) Concurrent Undo Cycle
[315.914s][info][gc,marking  ] GC(1117) Concurrent Cleanup for Next Mark
[315.914s][info][gc,marking  ] GC(1117) Concurrent Cleanup for Next Mark 0.205ms
[315.914s][info][gc          ] GC(1117) Concurrent Undo Cycle 0.528ms
[316.433s][info][gc,start    ] GC(1118) Pause Young (Concurrent Start) (G1 Humongous Allocation)
[316.433s][info][gc,task     ] GC(1118) Using 8 workers of 8 for evacuation
[316.437s][info][gc,phases   ] GC(1118)   Pre Evacuate Collection Set: 0.3ms
[316.437s][info][gc,phases   ] GC(1118)   Merge Heap Roots: 0.1ms
[316.437s][info][gc,phases   ] GC(1118)   Evacuate Collection Set: 1.8ms
[316.437s][info][gc,phases   ] GC(1118)   Post Evacuate Collection Set: 0.8ms
[316.437s][info][gc,phases   ] GC(1118)   Other: 0.3ms
[316.437s][info][gc,heap     ] GC(1118) Eden regions: 2->0(75)
[316.437s][info][gc,heap     ] GC(1118) Survivor regions: 1->1(10)
[316.437s][info][gc,heap     ] GC(1118) Old regions: 8->8
[316.437s][info][gc,heap     ] GC(1118) Archive regions: 2->2
[316.437s][info][gc,heap     ] GC(1118) Humongous regions: 96->0
[316.438s][info][gc,metaspace] GC(1118) Metaspace: 29090K(29504K)->29090K(29504K) NonClass: 25530K(25728K)->25530K(25728K) Class: 3559K(3776K)->3559K(3776K)
[316.438s][info][gc          ] GC(1118) Pause Young (Concurrent Start) (G1 Humongous Allocation) 210M->16M(254M) 4.513ms
[316.438s][info][gc,cpu      ] GC(1118) User=0.00s Sys=0.00s Real=0.00s
[316.438s][info][gc          ] GC(1119) Concurrent Undo Cycle
[316.438s][info][gc,marking  ] GC(1119) Concurrent Cleanup for Next Mark
[316.439s][info][gc,marking  ] GC(1119) Concurrent Cleanup for Next Mark 0.705ms
[316.439s][info][gc          ] GC(1119) Concurrent Undo Cycle 1.066ms
[316.959s][info][gc,start    ] GC(1120) Pause Young (Concurrent Start) (G1 Humongous Allocation)
[316.959s][info][gc,task     ] GC(1120) Using 8 workers of 8 for evacuation
[316.962s][info][gc,phases   ] GC(1120)   Pre Evacuate Collection Set: 0.4ms
[316.962s][info][gc,phases   ] GC(1120)   Merge Heap Roots: 0.2ms
[316.962s][info][gc,phases   ] GC(1120)   Evacuate Collection Set: 1.2ms
[316.962s][info][gc,phases   ] GC(1120)   Post Evacuate Collection Set: 0.8ms
[316.962s][info][gc,phases   ] GC(1120)   Other: 0.2ms
[316.962s][info][gc,heap     ] GC(1120) Eden regions: 1->0(75)
[316.962s][info][gc,heap     ] GC(1120) Survivor regions: 1->1(10)
[316.962s][info][gc,heap     ] GC(1120) Old regions: 8->8
[316.962s][info][gc,heap     ] GC(1120) Archive regions: 2->2
[316.962s][info][gc,heap     ] GC(1120) Humongous regions: 96->0
[316.962s][info][gc,metaspace] GC(1120) Metaspace: 29090K(29504K)->29090K(29504K) NonClass: 25530K(25728K)->25530K(25728K) Class: 3559K(3776K)->3559K(3776K)
[316.962s][info][gc          ] GC(1120) Pause Young (Concurrent Start) (G1 Humongous Allocation) 210M->16M(254M) 3.404ms
[316.962s][info][gc,cpu      ] GC(1120) User=0.01s Sys=0.01s Real=0.01s
[316.962s][info][gc          ] GC(1121) Concurrent Undo Cycle
[316.962s][info][gc,marking  ] GC(1121) Concurrent Cleanup for Next Mark
[316.963s][info][gc,marking  ] GC(1121) Concurrent Cleanup for Next Mark 0.181ms
[316.963s][info][gc          ] GC(1121) Concurrent Undo Cycle 0.395ms
[317.482s][info][gc,start    ] GC(1122) Pause Young (Concurrent Start) (G1 Humongous Allocation)
[317.482s][info][gc,task     ] GC(1122) Using 8 workers of 8 for evacuation
[317.485s][info][gc,phases   ] GC(1122)   Pre Evacuate Collection Set: 0.4ms
[317.485s][info][gc,phases   ] GC(1122)   Merge Heap Roots: 0.2ms
[317.485s][info][gc,phases   ] GC(1122)   Evacuate Collection Set: 1.2ms
[317.485s][info][gc,phases   ] GC(1122)   Post Evacuate Collection Set: 1.0ms
[317.485s][info][gc,phases   ] GC(1122)   Other: 0.2ms
[317.485s][info][gc,heap     ] GC(1122) Eden regions: 2->0(75)
[317.486s][info][gc,heap     ] GC(1122) Survivor regions: 1->1(10)
[317.486s][info][gc,heap     ] GC(1122) Old regions: 8->8
[317.486s][info][gc,heap     ] GC(1122) Archive regions: 2->2
[317.486s][info][gc,heap     ] GC(1122) Humongous regions: 96->0
[317.486s][info][gc,metaspace] GC(1122) Metaspace: 29090K(29504K)->29090K(29504K) NonClass: 25530K(25728K)->25530K(25728K) Class: 3559K(3776K)->3559K(3776K)
[317.486s][info][gc          ] GC(1122) Pause Young (Concurrent Start) (G1 Humongous Allocation) 210M->16M(254M) 3.551ms
[317.486s][info][gc,cpu      ] GC(1122) User=0.00s Sys=0.00s Real=0.00s
[317.486s][info][gc          ] GC(1123) Concurrent Undo Cycle
[317.486s][info][gc,marking  ] GC(1123) Concurrent Cleanup for Next Mark
[317.486s][info][gc,marking  ] GC(1123) Concurrent Cleanup for Next Mark 0.183ms
[317.486s][info][gc          ] GC(1123) Concurrent Undo Cycle 0.490ms
[318.005s][info][gc,start    ] GC(1124) Pause Young (Concurrent Start) (G1 Humongous Allocation)
[318.005s][info][gc,task     ] GC(1124) Using 8 workers of 8 for evacuation
[318.007s][info][gc,phases   ] GC(1124)   Pre Evacuate Collection Set: 0.2ms
[318.007s][info][gc,phases   ] GC(1124)   Merge Heap Roots: 0.1ms
[318.007s][info][gc,phases   ] GC(1124)   Evacuate Collection Set: 0.9ms
[318.007s][info][gc,phases   ] GC(1124)   Post Evacuate Collection Set: 0.6ms
[318.007s][info][gc,phases   ] GC(1124)   Other: 0.2ms
[318.008s][info][gc,heap     ] GC(1124) Eden regions: 1->0(75)
[318.008s][info][gc,heap     ] GC(1124) Survivor regions: 1->1(10)
[318.008s][info][gc,heap     ] GC(1124) Old regions: 8->8
[318.008s][info][gc,heap     ] GC(1124) Archive regions: 2->2
[318.008s][info][gc,heap     ] GC(1124) Humongous regions: 96->0
[318.008s][info][gc,metaspace] GC(1124) Metaspace: 29090K(29504K)->29090K(29504K) NonClass: 25530K(25728K)->25530K(25728K) Class: 3559K(3776K)->3559K(3776K)
[318.008s][info][gc          ] GC(1124) Pause Young (Concurrent Start) (G1 Humongous Allocation) 209M->16M(254M) 2.474ms
[318.008s][info][gc,cpu      ] GC(1124) User=0.00s Sys=0.00s Real=0.00s
[318.008s][info][gc          ] GC(1125) Concurrent Undo Cycle
[318.008s][info][gc,marking  ] GC(1125) Concurrent Cleanup for Next Mark
[318.008s][info][gc,marking  ] GC(1125) Concurrent Cleanup for Next Mark 0.114ms
[318.008s][info][gc          ] GC(1125) Concurrent Undo Cycle 0.238ms
[318.526s][info][gc,start    ] GC(1126) Pause Young (Concurrent Start) (G1 Humongous Allocation)
[318.527s][info][gc,task     ] GC(1126) Using 8 workers of 8 for evacuation
[318.529s][info][gc,phases   ] GC(1126)   Pre Evacuate Collection Set: 0.5ms
[318.530s][info][gc,phases   ] GC(1126)   Merge Heap Roots: 0.2ms
[318.530s][info][gc,phases   ] GC(1126)   Evacuate Collection Set: 1.3ms
[318.530s][info][gc,phases   ] GC(1126)   Post Evacuate Collection Set: 0.8ms
[318.530s][info][gc,phases   ] GC(1126)   Other: 0.2ms
[318.530s][info][gc,heap     ] GC(1126) Eden regions: 2->0(75)
[318.530s][info][gc,heap     ] GC(1126) Survivor regions: 1->1(10)
[318.530s][info][gc,heap     ] GC(1126) Old regions: 8->8
[318.530s][info][gc,heap     ] GC(1126) Archive regions: 2->2
[318.530s][info][gc,heap     ] GC(1126) Humongous regions: 96->0
[318.530s][info][gc,metaspace] GC(1126) Metaspace: 29090K(29504K)->29090K(29504K) NonClass: 25530K(25728K)->25530K(25728K) Class: 3559K(3776K)->3559K(3776K)
[318.530s][info][gc          ] GC(1126) Pause Young (Concurrent Start) (G1 Humongous Allocation) 210M->16M(254M) 3.552ms
[318.530s][info][gc,cpu      ] GC(1126) User=0.00s Sys=0.01s Real=0.01s
[318.530s][info][gc          ] GC(1127) Concurrent Undo Cycle
[318.530s][info][gc,marking  ] GC(1127) Concurrent Cleanup for Next Mark
[318.530s][info][gc,marking  ] GC(1127) Concurrent Cleanup for Next Mark 0.151ms
[318.530s][info][gc          ] GC(1127) Concurrent Undo Cycle 0.411ms
[319.052s][info][gc,start    ] GC(1128) Pause Young (Concurrent Start) (G1 Humongous Allocation)
[319.052s][info][gc,task     ] GC(1128) Using 8 workers of 8 for evacuation
[319.056s][info][gc,phases   ] GC(1128)   Pre Evacuate Collection Set: 0.4ms
[319.056s][info][gc,phases   ] GC(1128)   Merge Heap Roots: 0.2ms
[319.056s][info][gc,phases   ] GC(1128)   Evacuate Collection Set: 2.1ms
[319.056s][info][gc,phases   ] GC(1128)   Post Evacuate Collection Set: 0.8ms
[319.056s][info][gc,phases   ] GC(1128)   Other: 0.2ms
[319.056s][info][gc,heap     ] GC(1128) Eden regions: 1->0(75)
[319.056s][info][gc,heap     ] GC(1128) Survivor regions: 1->1(10)
[319.056s][info][gc,heap     ] GC(1128) Old regions: 8->8
[319.056s][info][gc,heap     ] GC(1128) Archive regions: 2->2
[319.056s][info][gc,heap     ] GC(1128) Humongous regions: 96->0
[319.056s][info][gc,metaspace] GC(1128) Metaspace: 29090K(29504K)->29090K(29504K) NonClass: 25530K(25728K)->25530K(25728K) Class: 3559K(3776K)->3559K(3776K)
[319.056s][info][gc          ] GC(1128) Pause Young (Concurrent Start) (G1 Humongous Allocation) 209M->16M(254M) 4.437ms
[319.056s][info][gc          ] GC(1129) Concurrent Undo Cycle
[319.056s][info][gc,cpu      ] GC(1128) User=0.01s Sys=0.00s Real=0.00s
[319.056s][info][gc,marking  ] GC(1129) Concurrent Cleanup for Next Mark
[319.056s][info][gc,marking  ] GC(1129) Concurrent Cleanup for Next Mark 0.203ms
[319.056s][info][gc          ] GC(1129) Concurrent Undo Cycle 0.392ms
[319.571s][info][gc,start    ] GC(1130) Pause Young (Concurrent Start) (G1 Humongous Allocation)
[319.571s][info][gc,task     ] GC(1130) Using 8 workers of 8 for evacuation
[319.574s][info][gc,phases   ] GC(1130)   Pre Evacuate Collection Set: 0.4ms
[319.574s][info][gc,phases   ] GC(1130)   Merge Heap Roots: 0.2ms
[319.574s][info][gc,phases   ] GC(1130)   Evacuate Collection Set: 1.2ms
[319.574s][info][gc,phases   ] GC(1130)   Post Evacuate Collection Set: 0.9ms
[319.574s][info][gc,phases   ] GC(1130)   Other: 0.2ms
[319.574s][info][gc,heap     ] GC(1130) Eden regions: 2->0(75)
[319.574s][info][gc,heap     ] GC(1130) Survivor regions: 1->1(10)
[319.574s][info][gc,heap     ] GC(1130) Old regions: 8->8
[319.574s][info][gc,heap     ] GC(1130) Archive regions: 2->2
[319.574s][info][gc,heap     ] GC(1130) Humongous regions: 96->0
[319.575s][info][gc,metaspace] GC(1130) Metaspace: 29090K(29504K)->29090K(29504K) NonClass: 25530K(25728K)->25530K(25728K) Class: 3559K(3776K)->3559K(3776K)
[319.575s][info][gc          ] GC(1130) Pause Young (Concurrent Start) (G1 Humongous Allocation) 210M->16M(254M) 3.449ms
[319.575s][info][gc,cpu      ] GC(1130) User=0.01s Sys=0.01s Real=0.00s
[319.575s][info][gc          ] GC(1131) Concurrent Undo Cycle
[319.575s][info][gc,marking  ] GC(1131) Concurrent Cleanup for Next Mark
[319.575s][info][gc,marking  ] GC(1131) Concurrent Cleanup for Next Mark 0.213ms
[319.575s][info][gc          ] GC(1131) Concurrent Undo Cycle 0.407ms
[320.095s][info][gc,start    ] GC(1132) Pause Young (Concurrent Start) (G1 Humongous Allocation)
[320.095s][info][gc,task     ] GC(1132) Using 8 workers of 8 for evacuation
[320.098s][info][gc,phases   ] GC(1132)   Pre Evacuate Collection Set: 0.4ms
[320.098s][info][gc,phases   ] GC(1132)   Merge Heap Roots: 0.2ms
[320.098s][info][gc,phases   ] GC(1132)   Evacuate Collection Set: 1.2ms
[320.098s][info][gc,phases   ] GC(1132)   Post Evacuate Collection Set: 0.8ms
[320.098s][info][gc,phases   ] GC(1132)   Other: 0.2ms
[320.098s][info][gc,heap     ] GC(1132) Eden regions: 1->0(75)
[320.098s][info][gc,heap     ] GC(1132) Survivor regions: 1->1(10)
[320.098s][info][gc,heap     ] GC(1132) Old regions: 8->8
[320.098s][info][gc,heap     ] GC(1132) Archive regions: 2->2
[320.098s][info][gc,heap     ] GC(1132) Humongous regions: 96->0
[320.098s][info][gc,metaspace] GC(1132) Metaspace: 29090K(29504K)->29090K(29504K) NonClass: 25530K(25728K)->25530K(25728K) Class: 3559K(3776K)->3559K(3776K)
[320.098s][info][gc          ] GC(1132) Pause Young (Concurrent Start) (G1 Humongous Allocation) 209M->16M(254M) 3.462ms
[320.098s][info][gc,cpu      ] GC(1132) User=0.00s Sys=0.00s Real=0.00s
[320.099s][info][gc          ] GC(1133) Concurrent Undo Cycle
[320.099s][info][gc,marking  ] GC(1133) Concurrent Cleanup for Next Mark
[320.099s][info][gc,marking  ] GC(1133) Concurrent Cleanup for Next Mark 0.263ms
[320.099s][info][gc          ] GC(1133) Concurrent Undo Cycle 0.536ms
[320.620s][info][gc,start    ] GC(1134) Pause Young (Concurrent Start) (G1 Humongous Allocation)
[320.621s][info][gc,task     ] GC(1134) Using 8 workers of 8 for evacuation
[320.623s][info][gc,phases   ] GC(1134)   Pre Evacuate Collection Set: 0.4ms
[320.624s][info][gc,phases   ] GC(1134)   Merge Heap Roots: 0.2ms
[320.624s][info][gc,phases   ] GC(1134)   Evacuate Collection Set: 1.2ms
[320.624s][info][gc,phases   ] GC(1134)   Post Evacuate Collection Set: 0.8ms
[320.624s][info][gc,phases   ] GC(1134)   Other: 0.2ms
[320.624s][info][gc,heap     ] GC(1134) Eden regions: 2->0(75)
[320.624s][info][gc,heap     ] GC(1134) Survivor regions: 1->1(10)
[320.624s][info][gc,heap     ] GC(1134) Old regions: 8->8
[320.624s][info][gc,heap     ] GC(1134) Archive regions: 2->2
[320.624s][info][gc,heap     ] GC(1134) Humongous regions: 96->0
[320.624s][info][gc,metaspace] GC(1134) Metaspace: 29090K(29504K)->29090K(29504K) NonClass: 25530K(25728K)->25530K(25728K) Class: 3559K(3776K)->3559K(3776K)
[320.624s][info][gc          ] GC(1134) Pause Young (Concurrent Start) (G1 Humongous Allocation) 210M->16M(254M) 3.659ms
[320.624s][info][gc          ] GC(1135) Concurrent Undo Cycle
[320.624s][info][gc,cpu      ] GC(1134) User=0.01s Sys=0.00s Real=0.00s
[320.624s][info][gc,marking  ] GC(1135) Concurrent Cleanup for Next Mark
[320.624s][info][gc,marking  ] GC(1135) Concurrent Cleanup for Next Mark 0.277ms
[320.624s][info][gc          ] GC(1135) Concurrent Undo Cycle 0.400ms
[321.144s][info][gc,start    ] GC(1136) Pause Young (Concurrent Start) (G1 Humongous Allocation)
[321.144s][info][gc,task     ] GC(1136) Using 8 workers of 8 for evacuation
[321.147s][info][gc,phases   ] GC(1136)   Pre Evacuate Collection Set: 0.3ms
[321.147s][info][gc,phases   ] GC(1136)   Merge Heap Roots: 0.2ms
[321.147s][info][gc,phases   ] GC(1136)   Evacuate Collection Set: 1.0ms
[321.147s][info][gc,phases   ] GC(1136)   Post Evacuate Collection Set: 0.7ms
[321.147s][info][gc,phases   ] GC(1136)   Other: 0.2ms
[321.147s][info][gc,heap     ] GC(1136) Eden regions: 1->0(75)
[321.147s][info][gc,heap     ] GC(1136) Survivor regions: 1->1(10)
[321.147s][info][gc,heap     ] GC(1136) Old regions: 8->8
[321.147s][info][gc,heap     ] GC(1136) Archive regions: 2->2
[321.147s][info][gc,heap     ] GC(1136) Humongous regions: 96->0
[321.147s][info][gc,metaspace] GC(1136) Metaspace: 29090K(29504K)->29090K(29504K) NonClass: 25530K(25728K)->25530K(25728K) Class: 3559K(3776K)->3559K(3776K)
[321.147s][info][gc          ] GC(1136) Pause Young (Concurrent Start) (G1 Humongous Allocation) 209M->16M(254M) 2.782ms
[321.147s][info][gc,cpu      ] GC(1136) User=0.01s Sys=0.00s Real=0.00s
[321.147s][info][gc          ] GC(1137) Concurrent Undo Cycle
[321.147s][info][gc,marking  ] GC(1137) Concurrent Cleanup for Next Mark
[321.147s][info][gc,marking  ] GC(1137) Concurrent Cleanup for Next Mark 0.127ms
[321.147s][info][gc          ] GC(1137) Concurrent Undo Cycle 0.310ms
[321.666s][info][gc,start    ] GC(1138) Pause Young (Concurrent Start) (G1 Humongous Allocation)
[321.666s][info][gc,task     ] GC(1138) Using 8 workers of 8 for evacuation
[321.669s][info][gc,phases   ] GC(1138)   Pre Evacuate Collection Set: 0.4ms
[321.669s][info][gc,phases   ] GC(1138)   Merge Heap Roots: 0.2ms
[321.669s][info][gc,phases   ] GC(1138)   Evacuate Collection Set: 1.2ms
[321.669s][info][gc,phases   ] GC(1138)   Post Evacuate Collection Set: 0.6ms
[321.669s][info][gc,phases   ] GC(1138)   Other: 0.2ms
[321.669s][info][gc,heap     ] GC(1138) Eden regions: 2->0(75)
[321.669s][info][gc,heap     ] GC(1138) Survivor regions: 1->1(10)
[321.669s][info][gc,heap     ] GC(1138) Old regions: 8->8
[321.669s][info][gc,heap     ] GC(1138) Archive regions: 2->2
[321.669s][info][gc,heap     ] GC(1138) Humongous regions: 96->0
[321.669s][info][gc,metaspace] GC(1138) Metaspace: 29090K(29504K)->29090K(29504K) NonClass: 25530K(25728K)->25530K(25728K) Class: 3559K(3776K)->3559K(3776K)
[321.669s][info][gc          ] GC(1138) Pause Young (Concurrent Start) (G1 Humongous Allocation) 210M->16M(254M) 3.075ms
[321.669s][info][gc,cpu      ] GC(1138) User=0.01s Sys=0.00s Real=0.00s
[321.669s][info][gc          ] GC(1139) Concurrent Undo Cycle
[321.669s][info][gc,marking  ] GC(1139) Concurrent Cleanup for Next Mark
[321.670s][info][gc,marking  ] GC(1139) Concurrent Cleanup for Next Mark 0.136ms
[321.670s][info][gc          ] GC(1139) Concurrent Undo Cycle 0.365ms
[322.186s][info][gc,start    ] GC(1140) Pause Young (Concurrent Start) (G1 Humongous Allocation)
[322.186s][info][gc,task     ] GC(1140) Using 8 workers of 8 for evacuation
[322.189s][info][gc,phases   ] GC(1140)   Pre Evacuate Collection Set: 0.5ms
[322.189s][info][gc,phases   ] GC(1140)   Merge Heap Roots: 0.2ms
[322.189s][info][gc,phases   ] GC(1140)   Evacuate Collection Set: 1.2ms
[322.189s][info][gc,phases   ] GC(1140)   Post Evacuate Collection Set: 0.8ms
[322.189s][info][gc,phases   ] GC(1140)   Other: 0.2ms
[322.189s][info][gc,heap     ] GC(1140) Eden regions: 1->0(75)
[322.189s][info][gc,heap     ] GC(1140) Survivor regions: 1->1(10)
[322.189s][info][gc,heap     ] GC(1140) Old regions: 8->8
[322.189s][info][gc,heap     ] GC(1140) Archive regions: 2->2
[322.189s][info][gc,heap     ] GC(1140) Humongous regions: 96->0
[322.189s][info][gc,metaspace] GC(1140) Metaspace: 29090K(29504K)->29090K(29504K) NonClass: 25530K(25728K)->25530K(25728K) Class: 3559K(3776K)->3559K(3776K)
[322.189s][info][gc          ] GC(1140) Pause Young (Concurrent Start) (G1 Humongous Allocation) 209M->16M(254M) 3.383ms
[322.190s][info][gc,cpu      ] GC(1140) User=0.00s Sys=0.01s Real=0.00s
[322.190s][info][gc          ] GC(1141) Concurrent Undo Cycle
[322.190s][info][gc,marking  ] GC(1141) Concurrent Cleanup for Next Mark
[322.190s][info][gc,marking  ] GC(1141) Concurrent Cleanup for Next Mark 0.229ms
[322.190s][info][gc          ] GC(1141) Concurrent Undo Cycle 0.472ms
[322.709s][info][gc,start    ] GC(1142) Pause Young (Concurrent Start) (G1 Humongous Allocation)
[322.709s][info][gc,task     ] GC(1142) Using 8 workers of 8 for evacuation
[322.711s][info][gc,phases   ] GC(1142)   Pre Evacuate Collection Set: 0.1ms
[322.711s][info][gc,phases   ] GC(1142)   Merge Heap Roots: 0.1ms
[322.711s][info][gc,phases   ] GC(1142)   Evacuate Collection Set: 0.6ms
[322.711s][info][gc,phases   ] GC(1142)   Post Evacuate Collection Set: 0.2ms
[322.711s][info][gc,phases   ] GC(1142)   Other: 0.0ms
[322.711s][info][gc,heap     ] GC(1142) Eden regions: 2->0(75)
[322.711s][info][gc,heap     ] GC(1142) Survivor regions: 1->1(10)
[322.711s][info][gc,heap     ] GC(1142) Old regions: 8->8
[322.711s][info][gc,heap     ] GC(1142) Archive regions: 2->2
[322.711s][info][gc,heap     ] GC(1142) Humongous regions: 96->0
[322.711s][info][gc,metaspace] GC(1142) Metaspace: 29090K(29504K)->29090K(29504K) NonClass: 25530K(25728K)->25530K(25728K) Class: 3559K(3776K)->3559K(3776K)
[322.711s][info][gc          ] GC(1142) Pause Young (Concurrent Start) (G1 Humongous Allocation) 210M->16M(254M) 1.416ms
[322.711s][info][gc          ] GC(1143) Concurrent Undo Cycle
[322.711s][info][gc,cpu      ] GC(1142) User=0.00s Sys=0.00s Real=0.01s
[322.711s][info][gc,marking  ] GC(1143) Concurrent Cleanup for Next Mark
[322.711s][info][gc,marking  ] GC(1143) Concurrent Cleanup for Next Mark 0.066ms
[322.711s][info][gc          ] GC(1143) Concurrent Undo Cycle 0.131ms
[323.223s][info][gc,start    ] GC(1144) Pause Young (Concurrent Start) (G1 Humongous Allocation)
[323.223s][info][gc,task     ] GC(1144) Using 8 workers of 8 for evacuation
[323.225s][info][gc,phases   ] GC(1144)   Pre Evacuate Collection Set: 0.1ms
[323.225s][info][gc,phases   ] GC(1144)   Merge Heap Roots: 0.1ms
[323.225s][info][gc,phases   ] GC(1144)   Evacuate Collection Set: 0.7ms
[323.225s][info][gc,phases   ] GC(1144)   Post Evacuate Collection Set: 0.3ms
[323.225s][info][gc,phases   ] GC(1144)   Other: 0.1ms
[323.225s][info][gc,heap     ] GC(1144) Eden regions: 1->0(75)
[323.225s][info][gc,heap     ] GC(1144) Survivor regions: 1->1(10)
[323.225s][info][gc,heap     ] GC(1144) Old regions: 8->8
[323.225s][info][gc,heap     ] GC(1144) Archive regions: 2->2
[323.225s][info][gc,heap     ] GC(1144) Humongous regions: 96->0
[323.225s][info][gc,metaspace] GC(1144) Metaspace: 29090K(29504K)->29090K(29504K) NonClass: 25530K(25728K)->25530K(25728K) Class: 3559K(3776K)->3559K(3776K)
[323.225s][info][gc          ] GC(1144) Pause Young (Concurrent Start) (G1 Humongous Allocation) 209M->16M(254M) 1.756ms
[323.225s][info][gc          ] GC(1145) Concurrent Undo Cycle
[323.225s][info][gc,cpu      ] GC(1144) User=0.00s Sys=0.00s Real=0.00s
[323.225s][info][gc,marking  ] GC(1145) Concurrent Cleanup for Next Mark
[323.225s][info][gc,marking  ] GC(1145) Concurrent Cleanup for Next Mark 0.087ms
[323.225s][info][gc          ] GC(1145) Concurrent Undo Cycle 0.173ms
[323.735s][info][gc,start    ] GC(1146) Pause Young (Concurrent Start) (G1 Humongous Allocation)
[323.735s][info][gc,task     ] GC(1146) Using 8 workers of 8 for evacuation
[323.737s][info][gc,phases   ] GC(1146)   Pre Evacuate Collection Set: 0.1ms
[323.737s][info][gc,phases   ] GC(1146)   Merge Heap Roots: 0.0ms
[323.737s][info][gc,phases   ] GC(1146)   Evacuate Collection Set: 0.7ms
[323.737s][info][gc,phases   ] GC(1146)   Post Evacuate Collection Set: 0.3ms
[323.737s][info][gc,phases   ] GC(1146)   Other: 0.1ms
[323.737s][info][gc,heap     ] GC(1146) Eden regions: 2->0(75)
[323.737s][info][gc,heap     ] GC(1146) Survivor regions: 1->1(10)
[323.737s][info][gc,heap     ] GC(1146) Old regions: 8->8
[323.737s][info][gc,heap     ] GC(1146) Archive regions: 2->2
[323.737s][info][gc,heap     ] GC(1146) Humongous regions: 96->0
[323.737s][info][gc,metaspace] GC(1146) Metaspace: 29090K(29504K)->29090K(29504K) NonClass: 25530K(25728K)->25530K(25728K) Class: 3559K(3776K)->3559K(3776K)
[323.737s][info][gc          ] GC(1146) Pause Young (Concurrent Start) (G1 Humongous Allocation) 210M->16M(254M) 1.511ms
[323.737s][info][gc          ] GC(1147) Concurrent Undo Cycle
[323.737s][info][gc,cpu      ] GC(1146) User=0.00s Sys=0.00s Real=0.00s
[323.737s][info][gc,marking  ] GC(1147) Concurrent Cleanup for Next Mark
[323.737s][info][gc,marking  ] GC(1147) Concurrent Cleanup for Next Mark 0.077ms
[323.737s][info][gc          ] GC(1147) Concurrent Undo Cycle 0.161ms
[324.249s][info][gc,start    ] GC(1148) Pause Young (Concurrent Start) (G1 Humongous Allocation)
[324.250s][info][gc,task     ] GC(1148) Using 8 workers of 8 for evacuation
[324.252s][info][gc,phases   ] GC(1148)   Pre Evacuate Collection Set: 0.3ms
[324.252s][info][gc,phases   ] GC(1148)   Merge Heap Roots: 0.1ms
[324.252s][info][gc,phases   ] GC(1148)   Evacuate Collection Set: 0.9ms
[324.252s][info][gc,phases   ] GC(1148)   Post Evacuate Collection Set: 0.6ms
[324.252s][info][gc,phases   ] GC(1148)   Other: 0.3ms
[324.252s][info][gc,heap     ] GC(1148) Eden regions: 1->0(75)
[324.252s][info][gc,heap     ] GC(1148) Survivor regions: 1->1(10)
[324.252s][info][gc,heap     ] GC(1148) Old regions: 8->8
[324.252s][info][gc,heap     ] GC(1148) Archive regions: 2->2
[324.252s][info][gc,heap     ] GC(1148) Humongous regions: 96->0
[324.252s][info][gc,metaspace] GC(1148) Metaspace: 29090K(29504K)->29090K(29504K) NonClass: 25530K(25728K)->25530K(25728K) Class: 3559K(3776K)->3559K(3776K)
[324.252s][info][gc          ] GC(1148) Pause Young (Concurrent Start) (G1 Humongous Allocation) 210M->16M(254M) 2.996ms
[324.253s][info][gc,cpu      ] GC(1148) User=0.01s Sys=0.01s Real=0.01s
[324.253s][info][gc          ] GC(1149) Concurrent Undo Cycle
[324.253s][info][gc,marking  ] GC(1149) Concurrent Cleanup for Next Mark
[324.253s][info][gc,marking  ] GC(1149) Concurrent Cleanup for Next Mark 0.153ms
[324.253s][info][gc          ] GC(1149) Concurrent Undo Cycle 0.409ms
[324.771s][info][gc,start    ] GC(1150) Pause Young (Concurrent Start) (G1 Humongous Allocation)
[324.771s][info][gc,task     ] GC(1150) Using 8 workers of 8 for evacuation
[324.772s][info][gc,phases   ] GC(1150)   Pre Evacuate Collection Set: 0.1ms
[324.772s][info][gc,phases   ] GC(1150)   Merge Heap Roots: 0.0ms
[324.772s][info][gc,phases   ] GC(1150)   Evacuate Collection Set: 0.5ms
[324.772s][info][gc,phases   ] GC(1150)   Post Evacuate Collection Set: 0.3ms
[324.772s][info][gc,phases   ] GC(1150)   Other: 0.1ms
[324.772s][info][gc,heap     ] GC(1150) Eden regions: 1->0(75)
[324.772s][info][gc,heap     ] GC(1150) Survivor regions: 1->1(10)
[324.772s][info][gc,heap     ] GC(1150) Old regions: 8->8
[324.772s][info][gc,heap     ] GC(1150) Archive regions: 2->2
[324.772s][info][gc,heap     ] GC(1150) Humongous regions: 96->0
[324.772s][info][gc,metaspace] GC(1150) Metaspace: 29090K(29504K)->29090K(29504K) NonClass: 25530K(25728K)->25530K(25728K) Class: 3559K(3776K)->3559K(3776K)
[324.772s][info][gc          ] GC(1150) Pause Young (Concurrent Start) (G1 Humongous Allocation) 210M->16M(254M) 1.358ms
[324.772s][info][gc          ] GC(1151) Concurrent Undo Cycle
[324.772s][info][gc,cpu      ] GC(1150) User=0.00s Sys=0.00s Real=0.00s
[324.772s][info][gc,marking  ] GC(1151) Concurrent Cleanup for Next Mark
[324.772s][info][gc,marking  ] GC(1151) Concurrent Cleanup for Next Mark 0.112ms
[324.772s][info][gc          ] GC(1151) Concurrent Undo Cycle 0.219ms
[325.286s][info][gc,start    ] GC(1152) Pause Young (Concurrent Start) (G1 Humongous Allocation)
[325.286s][info][gc,task     ] GC(1152) Using 8 workers of 8 for evacuation
[325.287s][info][gc,phases   ] GC(1152)   Pre Evacuate Collection Set: 0.1ms
[325.287s][info][gc,phases   ] GC(1152)   Merge Heap Roots: 0.0ms
[325.287s][info][gc,phases   ] GC(1152)   Evacuate Collection Set: 0.5ms
[325.287s][info][gc,phases   ] GC(1152)   Post Evacuate Collection Set: 0.2ms
[325.287s][info][gc,phases   ] GC(1152)   Other: 0.0ms
[325.287s][info][gc,heap     ] GC(1152) Eden regions: 1->0(75)
[325.287s][info][gc,heap     ] GC(1152) Survivor regions: 1->1(10)
[325.287s][info][gc,heap     ] GC(1152) Old regions: 8->8
[325.287s][info][gc,heap     ] GC(1152) Archive regions: 2->2
[325.287s][info][gc,heap     ] GC(1152) Humongous regions: 96->0
[325.287s][info][gc,metaspace] GC(1152) Metaspace: 29090K(29504K)->29090K(29504K) NonClass: 25530K(25728K)->25530K(25728K) Class: 3559K(3776K)->3559K(3776K)
[325.287s][info][gc          ] GC(1152) Pause Young (Concurrent Start) (G1 Humongous Allocation) 210M->16M(254M) 0.989ms
[325.287s][info][gc,cpu      ] GC(1152) User=0.00s Sys=0.00s Real=0.00s
[325.287s][info][gc          ] GC(1153) Concurrent Undo Cycle
[325.287s][info][gc,marking  ] GC(1153) Concurrent Cleanup for Next Mark
[325.287s][info][gc,marking  ] GC(1153) Concurrent Cleanup for Next Mark 0.051ms
[325.287s][info][gc          ] GC(1153) Concurrent Undo Cycle 0.133ms
[325.797s][info][gc,start    ] GC(1154) Pause Young (Concurrent Start) (G1 Humongous Allocation)
[325.797s][info][gc,task     ] GC(1154) Using 8 workers of 8 for evacuation
[325.799s][info][gc,phases   ] GC(1154)   Pre Evacuate Collection Set: 0.2ms
[325.799s][info][gc,phases   ] GC(1154)   Merge Heap Roots: 0.1ms
[325.799s][info][gc,phases   ] GC(1154)   Evacuate Collection Set: 0.8ms
[325.799s][info][gc,phases   ] GC(1154)   Post Evacuate Collection Set: 0.6ms
[325.799s][info][gc,phases   ] GC(1154)   Other: 0.1ms
[325.799s][info][gc,heap     ] GC(1154) Eden regions: 1->0(75)
[325.799s][info][gc,heap     ] GC(1154) Survivor regions: 1->1(10)
[325.799s][info][gc,heap     ] GC(1154) Old regions: 8->8
[325.799s][info][gc,heap     ] GC(1154) Archive regions: 2->2
[325.799s][info][gc,heap     ] GC(1154) Humongous regions: 96->0
[325.799s][info][gc,metaspace] GC(1154) Metaspace: 29090K(29504K)->29090K(29504K) NonClass: 25530K(25728K)->25530K(25728K) Class: 3559K(3776K)->3559K(3776K)
[325.799s][info][gc          ] GC(1154) Pause Young (Concurrent Start) (G1 Humongous Allocation) 210M->16M(254M) 2.525ms
[325.799s][info][gc          ] GC(1155) Concurrent Undo Cycle
[325.799s][info][gc,cpu      ] GC(1154) User=0.01s Sys=0.00s Real=0.00s
[325.799s][info][gc,marking  ] GC(1155) Concurrent Cleanup for Next Mark
[325.799s][info][gc,marking  ] GC(1155) Concurrent Cleanup for Next Mark 0.215ms
[325.799s][info][gc          ] GC(1155) Concurrent Undo Cycle 0.367ms
[326.317s][info][gc,start    ] GC(1156) Pause Young (Concurrent Start) (G1 Humongous Allocation)
[326.318s][info][gc,task     ] GC(1156) Using 8 workers of 8 for evacuation
[326.321s][info][gc,phases   ] GC(1156)   Pre Evacuate Collection Set: 0.4ms
[326.321s][info][gc,phases   ] GC(1156)   Merge Heap Roots: 0.2ms
[326.321s][info][gc,phases   ] GC(1156)   Evacuate Collection Set: 1.3ms
[326.321s][info][gc,phases   ] GC(1156)   Post Evacuate Collection Set: 1.0ms
[326.321s][info][gc,phases   ] GC(1156)   Other: 0.2ms
[326.321s][info][gc,heap     ] GC(1156) Eden regions: 1->0(75)
[326.321s][info][gc,heap     ] GC(1156) Survivor regions: 1->1(10)
[326.321s][info][gc,heap     ] GC(1156) Old regions: 8->8
[326.321s][info][gc,heap     ] GC(1156) Archive regions: 2->2
[326.321s][info][gc,heap     ] GC(1156) Humongous regions: 96->0
[326.321s][info][gc,metaspace] GC(1156) Metaspace: 29090K(29504K)->29090K(29504K) NonClass: 25530K(25728K)->25530K(25728K) Class: 3559K(3776K)->3559K(3776K)
[326.321s][info][gc          ] GC(1156) Pause Young (Concurrent Start) (G1 Humongous Allocation) 210M->16M(254M) 3.798ms
[326.321s][info][gc,cpu      ] GC(1156) User=0.01s Sys=0.01s Real=0.01s
[326.321s][info][gc          ] GC(1157) Concurrent Undo Cycle
[326.321s][info][gc,marking  ] GC(1157) Concurrent Cleanup for Next Mark
[326.322s][info][gc,marking  ] GC(1157) Concurrent Cleanup for Next Mark 0.262ms
[326.322s][info][gc          ] GC(1157) Concurrent Undo Cycle 0.534ms
[326.839s][info][gc,start    ] GC(1158) Pause Young (Concurrent Start) (G1 Humongous Allocation)
[326.839s][info][gc,task     ] GC(1158) Using 8 workers of 8 for evacuation
[326.840s][info][gc,phases   ] GC(1158)   Pre Evacuate Collection Set: 0.1ms
[326.840s][info][gc,phases   ] GC(1158)   Merge Heap Roots: 0.0ms
[326.840s][info][gc,phases   ] GC(1158)   Evacuate Collection Set: 0.5ms
[326.840s][info][gc,phases   ] GC(1158)   Post Evacuate Collection Set: 0.2ms
[326.840s][info][gc,phases   ] GC(1158)   Other: 0.0ms
[326.840s][info][gc,heap     ] GC(1158) Eden regions: 1->0(75)
[326.840s][info][gc,heap     ] GC(1158) Survivor regions: 1->1(10)
[326.840s][info][gc,heap     ] GC(1158) Old regions: 8->8
[326.840s][info][gc,heap     ] GC(1158) Archive regions: 2->2
[326.840s][info][gc,heap     ] GC(1158) Humongous regions: 96->0
[326.840s][info][gc,metaspace] GC(1158) Metaspace: 29090K(29504K)->29090K(29504K) NonClass: 25530K(25728K)->25530K(25728K) Class: 3559K(3776K)->3559K(3776K)
[326.840s][info][gc          ] GC(1158) Pause Young (Concurrent Start) (G1 Humongous Allocation) 210M->16M(254M) 1.055ms
[326.840s][info][gc          ] GC(1159) Concurrent Undo Cycle
[326.840s][info][gc,cpu      ] GC(1158) User=0.01s Sys=0.00s Real=0.01s
[326.840s][info][gc,marking  ] GC(1159) Concurrent Cleanup for Next Mark
[326.840s][info][gc,marking  ] GC(1159) Concurrent Cleanup for Next Mark 0.046ms
[326.840s][info][gc          ] GC(1159) Concurrent Undo Cycle 0.101ms
[327.352s][info][gc,start    ] GC(1160) Pause Young (Concurrent Start) (G1 Humongous Allocation)
[327.352s][info][gc,task     ] GC(1160) Using 8 workers of 8 for evacuation
[327.355s][info][gc,phases   ] GC(1160)   Pre Evacuate Collection Set: 0.4ms
[327.355s][info][gc,phases   ] GC(1160)   Merge Heap Roots: 0.2ms
[327.355s][info][gc,phases   ] GC(1160)   Evacuate Collection Set: 1.3ms
[327.356s][info][gc,phases   ] GC(1160)   Post Evacuate Collection Set: 0.8ms
[327.356s][info][gc,phases   ] GC(1160)   Other: 0.2ms
[327.356s][info][gc,heap     ] GC(1160) Eden regions: 2->0(75)
[327.356s][info][gc,heap     ] GC(1160) Survivor regions: 1->1(10)
[327.356s][info][gc,heap     ] GC(1160) Old regions: 8->8
[327.356s][info][gc,heap     ] GC(1160) Archive regions: 2->2
[327.356s][info][gc,heap     ] GC(1160) Humongous regions: 96->0
[327.356s][info][gc,metaspace] GC(1160) Metaspace: 29090K(29504K)->29090K(29504K) NonClass: 25530K(25728K)->25530K(25728K) Class: 3559K(3776K)->3559K(3776K)
[327.356s][info][gc          ] GC(1160) Pause Young (Concurrent Start) (G1 Humongous Allocation) 210M->16M(254M) 3.648ms
[327.356s][info][gc,cpu      ] GC(1160) User=0.01s Sys=0.00s Real=0.00s
[327.356s][info][gc          ] GC(1161) Concurrent Undo Cycle
[327.356s][info][gc,marking  ] GC(1161) Concurrent Cleanup for Next Mark
[327.356s][info][gc,marking  ] GC(1161) Concurrent Cleanup for Next Mark 0.180ms
[327.356s][info][gc          ] GC(1161) Concurrent Undo Cycle 0.441ms
[327.876s][info][gc,start    ] GC(1162) Pause Young (Concurrent Start) (G1 Humongous Allocation)
[327.876s][info][gc,task     ] GC(1162) Using 8 workers of 8 for evacuation
[327.879s][info][gc,phases   ] GC(1162)   Pre Evacuate Collection Set: 0.5ms
[327.879s][info][gc,phases   ] GC(1162)   Merge Heap Roots: 0.2ms
[327.879s][info][gc,phases   ] GC(1162)   Evacuate Collection Set: 1.2ms
[327.879s][info][gc,phases   ] GC(1162)   Post Evacuate Collection Set: 0.8ms
[327.879s][info][gc,phases   ] GC(1162)   Other: 0.2ms
[327.879s][info][gc,heap     ] GC(1162) Eden regions: 1->0(75)
[327.879s][info][gc,heap     ] GC(1162) Survivor regions: 1->1(10)
[327.879s][info][gc,heap     ] GC(1162) Old regions: 8->8
[327.879s][info][gc,heap     ] GC(1162) Archive regions: 2->2
[327.879s][info][gc,heap     ] GC(1162) Humongous regions: 96->0
[327.879s][info][gc,metaspace] GC(1162) Metaspace: 29090K(29504K)->29090K(29504K) NonClass: 25530K(25728K)->25530K(25728K) Class: 3559K(3776K)->3559K(3776K)
[327.880s][info][gc          ] GC(1162) Pause Young (Concurrent Start) (G1 Humongous Allocation) 209M->16M(254M) 3.497ms
[327.880s][info][gc,cpu      ] GC(1162) User=0.00s Sys=0.01s Real=0.00s
[327.880s][info][gc          ] GC(1163) Concurrent Undo Cycle
[327.880s][info][gc,marking  ] GC(1163) Concurrent Cleanup for Next Mark
[327.880s][info][gc,marking  ] GC(1163) Concurrent Cleanup for Next Mark 0.128ms
[327.880s][info][gc          ] GC(1163) Concurrent Undo Cycle 0.350ms
[328.396s][info][gc,start    ] GC(1164) Pause Young (Concurrent Start) (G1 Humongous Allocation)
[328.396s][info][gc,task     ] GC(1164) Using 8 workers of 8 for evacuation
[328.397s][info][gc,phases   ] GC(1164)   Pre Evacuate Collection Set: 0.1ms
[328.397s][info][gc,phases   ] GC(1164)   Merge Heap Roots: 0.1ms
[328.397s][info][gc,phases   ] GC(1164)   Evacuate Collection Set: 0.6ms
[328.397s][info][gc,phases   ] GC(1164)   Post Evacuate Collection Set: 0.3ms
[328.397s][info][gc,phases   ] GC(1164)   Other: 0.1ms
[328.397s][info][gc,heap     ] GC(1164) Eden regions: 2->0(75)
[328.397s][info][gc,heap     ] GC(1164) Survivor regions: 1->1(10)
[328.397s][info][gc,heap     ] GC(1164) Old regions: 8->8
[328.397s][info][gc,heap     ] GC(1164) Archive regions: 2->2
[328.397s][info][gc,heap     ] GC(1164) Humongous regions: 96->0
[328.397s][info][gc,metaspace] GC(1164) Metaspace: 29090K(29504K)->29090K(29504K) NonClass: 25530K(25728K)->25530K(25728K) Class: 3559K(3776K)->3559K(3776K)
[328.397s][info][gc          ] GC(1164) Pause Young (Concurrent Start) (G1 Humongous Allocation) 210M->16M(254M) 1.640ms
[328.397s][info][gc          ] GC(1165) Concurrent Undo Cycle
[328.397s][info][gc,cpu      ] GC(1164) User=0.00s Sys=0.00s Real=0.00s
[328.397s][info][gc,marking  ] GC(1165) Concurrent Cleanup for Next Mark
[328.397s][info][gc,marking  ] GC(1165) Concurrent Cleanup for Next Mark 0.104ms
[328.398s][info][gc          ] GC(1165) Concurrent Undo Cycle 0.184ms
[328.911s][info][gc,start    ] GC(1166) Pause Young (Concurrent Start) (G1 Humongous Allocation)
[328.912s][info][gc,task     ] GC(1166) Using 8 workers of 8 for evacuation
[328.915s][info][gc,phases   ] GC(1166)   Pre Evacuate Collection Set: 0.4ms
[328.915s][info][gc,phases   ] GC(1166)   Merge Heap Roots: 0.2ms
[328.915s][info][gc,phases   ] GC(1166)   Evacuate Collection Set: 1.5ms
[328.915s][info][gc,phases   ] GC(1166)   Post Evacuate Collection Set: 1.0ms
[328.915s][info][gc,phases   ] GC(1166)   Other: 0.2ms
[328.915s][info][gc,heap     ] GC(1166) Eden regions: 1->0(75)
[328.915s][info][gc,heap     ] GC(1166) Survivor regions: 1->1(10)
[328.915s][info][gc,heap     ] GC(1166) Old regions: 8->8
[328.915s][info][gc,heap     ] GC(1166) Archive regions: 2->2
[328.915s][info][gc,heap     ] GC(1166) Humongous regions: 96->0
[328.915s][info][gc,metaspace] GC(1166) Metaspace: 29090K(29504K)->29090K(29504K) NonClass: 25530K(25728K)->25530K(25728K) Class: 3559K(3776K)->3559K(3776K)
[328.916s][info][gc          ] GC(1166) Pause Young (Concurrent Start) (G1 Humongous Allocation) 209M->16M(254M) 4.046ms
[328.916s][info][gc,cpu      ] GC(1166) User=0.01s Sys=0.00s Real=0.00s
[328.916s][info][gc          ] GC(1167) Concurrent Undo Cycle
[328.916s][info][gc,marking  ] GC(1167) Concurrent Cleanup for Next Mark
[328.916s][info][gc,marking  ] GC(1167) Concurrent Cleanup for Next Mark 0.158ms
[328.916s][info][gc          ] GC(1167) Concurrent Undo Cycle 0.370ms
[329.435s][info][gc,start    ] GC(1168) Pause Young (Concurrent Start) (G1 Humongous Allocation)
[329.435s][info][gc,task     ] GC(1168) Using 8 workers of 8 for evacuation
[329.438s][info][gc,phases   ] GC(1168)   Pre Evacuate Collection Set: 0.4ms
[329.438s][info][gc,phases   ] GC(1168)   Merge Heap Roots: 0.2ms
[329.438s][info][gc,phases   ] GC(1168)   Evacuate Collection Set: 1.2ms
[329.438s][info][gc,phases   ] GC(1168)   Post Evacuate Collection Set: 0.8ms
[329.438s][info][gc,phases   ] GC(1168)   Other: 0.2ms
[329.438s][info][gc,heap     ] GC(1168) Eden regions: 2->0(75)
[329.439s][info][gc,heap     ] GC(1168) Survivor regions: 1->1(10)
[329.439s][info][gc,heap     ] GC(1168) Old regions: 8->8
[329.439s][info][gc,heap     ] GC(1168) Archive regions: 2->2
[329.439s][info][gc,heap     ] GC(1168) Humongous regions: 96->0
[329.439s][info][gc,metaspace] GC(1168) Metaspace: 29090K(29504K)->29090K(29504K) NonClass: 25530K(25728K)->25530K(25728K) Class: 3559K(3776K)->3559K(3776K)
[329.439s][info][gc          ] GC(1168) Pause Young (Concurrent Start) (G1 Humongous Allocation) 210M->16M(254M) 3.498ms
[329.439s][info][gc,cpu      ] GC(1168) User=0.01s Sys=0.01s Real=0.00s
[329.439s][info][gc          ] GC(1169) Concurrent Undo Cycle
[329.439s][info][gc,marking  ] GC(1169) Concurrent Cleanup for Next Mark
[329.439s][info][gc,marking  ] GC(1169) Concurrent Cleanup for Next Mark 0.206ms
[329.439s][info][gc          ] GC(1169) Concurrent Undo Cycle 0.497ms
[329.956s][info][gc,start    ] GC(1170) Pause Young (Concurrent Start) (G1 Humongous Allocation)
[329.956s][info][gc,task     ] GC(1170) Using 8 workers of 8 for evacuation
[329.957s][info][gc,phases   ] GC(1170)   Pre Evacuate Collection Set: 0.2ms
[329.957s][info][gc,phases   ] GC(1170)   Merge Heap Roots: 0.0ms
[329.957s][info][gc,phases   ] GC(1170)   Evacuate Collection Set: 0.5ms
[329.957s][info][gc,phases   ] GC(1170)   Post Evacuate Collection Set: 0.2ms
[329.957s][info][gc,phases   ] GC(1170)   Other: 0.1ms
[329.957s][info][gc,heap     ] GC(1170) Eden regions: 1->0(75)
[329.957s][info][gc,heap     ] GC(1170) Survivor regions: 1->1(10)
[329.957s][info][gc,heap     ] GC(1170) Old regions: 8->8
[329.957s][info][gc,heap     ] GC(1170) Archive regions: 2->2
[329.957s][info][gc,heap     ] GC(1170) Humongous regions: 96->0
[329.957s][info][gc,metaspace] GC(1170) Metaspace: 29090K(29504K)->29090K(29504K) NonClass: 25530K(25728K)->25530K(25728K) Class: 3559K(3776K)->3559K(3776K)
[329.957s][info][gc          ] GC(1170) Pause Young (Concurrent Start) (G1 Humongous Allocation) 209M->16M(254M) 1.356ms
[329.957s][info][gc,cpu      ] GC(1170) User=0.01s Sys=0.00s Real=0.00s
[329.957s][info][gc          ] GC(1171) Concurrent Undo Cycle
[329.957s][info][gc,marking  ] GC(1171) Concurrent Cleanup for Next Mark
[329.957s][info][gc,marking  ] GC(1171) Concurrent Cleanup for Next Mark 0.059ms
[329.957s][info][gc          ] GC(1171) Concurrent Undo Cycle 0.139ms
[330.471s][info][gc,start    ] GC(1172) Pause Young (Concurrent Start) (G1 Humongous Allocation)
[330.471s][info][gc,task     ] GC(1172) Using 8 workers of 8 for evacuation
[330.473s][info][gc,phases   ] GC(1172)   Pre Evacuate Collection Set: 0.3ms
[330.473s][info][gc,phases   ] GC(1172)   Merge Heap Roots: 0.1ms
[330.473s][info][gc,phases   ] GC(1172)   Evacuate Collection Set: 1.4ms
[330.474s][info][gc,phases   ] GC(1172)   Post Evacuate Collection Set: 0.5ms
[330.474s][info][gc,phases   ] GC(1172)   Other: 0.2ms
[330.474s][info][gc,heap     ] GC(1172) Eden regions: 2->0(75)
[330.474s][info][gc,heap     ] GC(1172) Survivor regions: 1->1(10)
[330.474s][info][gc,heap     ] GC(1172) Old regions: 8->8
[330.474s][info][gc,heap     ] GC(1172) Archive regions: 2->2
[330.474s][info][gc,heap     ] GC(1172) Humongous regions: 96->0
[330.474s][info][gc,metaspace] GC(1172) Metaspace: 29090K(29504K)->29090K(29504K) NonClass: 25530K(25728K)->25530K(25728K) Class: 3559K(3776K)->3559K(3776K)
[330.474s][info][gc          ] GC(1172) Pause Young (Concurrent Start) (G1 Humongous Allocation) 210M->16M(254M) 3.034ms
[330.474s][info][gc,cpu      ] GC(1172) User=0.00s Sys=0.00s Real=0.00s
[330.474s][info][gc          ] GC(1173) Concurrent Undo Cycle
[330.474s][info][gc,marking  ] GC(1173) Concurrent Cleanup for Next Mark
[330.474s][info][gc,marking  ] GC(1173) Concurrent Cleanup for Next Mark 0.115ms
[330.474s][info][gc          ] GC(1173) Concurrent Undo Cycle 0.353ms
[330.991s][info][gc,start    ] GC(1174) Pause Young (Concurrent Start) (G1 Humongous Allocation)
[330.991s][info][gc,task     ] GC(1174) Using 8 workers of 8 for evacuation
[330.993s][info][gc,phases   ] GC(1174)   Pre Evacuate Collection Set: 0.2ms
[330.993s][info][gc,phases   ] GC(1174)   Merge Heap Roots: 0.1ms
[330.993s][info][gc,phases   ] GC(1174)   Evacuate Collection Set: 0.6ms
[330.993s][info][gc,phases   ] GC(1174)   Post Evacuate Collection Set: 0.3ms
[330.993s][info][gc,phases   ] GC(1174)   Other: 0.1ms
[330.993s][info][gc,heap     ] GC(1174) Eden regions: 1->0(75)
[330.993s][info][gc,heap     ] GC(1174) Survivor regions: 1->1(10)
[330.993s][info][gc,heap     ] GC(1174) Old regions: 8->8
[330.993s][info][gc,heap     ] GC(1174) Archive regions: 2->2
[330.993s][info][gc,heap     ] GC(1174) Humongous regions: 96->0
[330.993s][info][gc,metaspace] GC(1174) Metaspace: 29090K(29504K)->29090K(29504K) NonClass: 25530K(25728K)->25530K(25728K) Class: 3559K(3776K)->3559K(3776K)
[330.993s][info][gc          ] GC(1174) Pause Young (Concurrent Start) (G1 Humongous Allocation) 209M->16M(254M) 1.395ms
[330.993s][info][gc          ] GC(1175) Concurrent Undo Cycle
[330.993s][info][gc,cpu      ] GC(1174) User=0.01s Sys=0.00s Real=0.00s
[330.993s][info][gc,marking  ] GC(1175) Concurrent Cleanup for Next Mark
[330.993s][info][gc,marking  ] GC(1175) Concurrent Cleanup for Next Mark 0.106ms
[330.993s][info][gc          ] GC(1175) Concurrent Undo Cycle 0.172ms
[331.514s][info][gc,start    ] GC(1176) Pause Young (Concurrent Start) (G1 Humongous Allocation)
[331.514s][info][gc,task     ] GC(1176) Using 8 workers of 8 for evacuation
[331.517s][info][gc,phases   ] GC(1176)   Pre Evacuate Collection Set: 0.4ms
[331.517s][info][gc,phases   ] GC(1176)   Merge Heap Roots: 0.2ms
[331.517s][info][gc,phases   ] GC(1176)   Evacuate Collection Set: 1.2ms
[331.517s][info][gc,phases   ] GC(1176)   Post Evacuate Collection Set: 0.9ms
[331.517s][info][gc,phases   ] GC(1176)   Other: 0.2ms
[331.517s][info][gc,heap     ] GC(1176) Eden regions: 2->0(75)
[331.517s][info][gc,heap     ] GC(1176) Survivor regions: 1->1(10)
[331.517s][info][gc,heap     ] GC(1176) Old regions: 8->8
[331.517s][info][gc,heap     ] GC(1176) Archive regions: 2->2
[331.518s][info][gc,heap     ] GC(1176) Humongous regions: 96->0
[331.518s][info][gc,metaspace] GC(1176) Metaspace: 29090K(29504K)->29090K(29504K) NonClass: 25530K(25728K)->25530K(25728K) Class: 3559K(3776K)->3559K(3776K)
[331.518s][info][gc          ] GC(1176) Pause Young (Concurrent Start) (G1 Humongous Allocation) 210M->16M(254M) 4.175ms
[331.518s][info][gc,cpu      ] GC(1176) User=0.01s Sys=0.01s Real=0.00s
[331.518s][info][gc          ] GC(1177) Concurrent Undo Cycle
[331.518s][info][gc,marking  ] GC(1177) Concurrent Cleanup for Next Mark
[331.518s][info][gc,marking  ] GC(1177) Concurrent Cleanup for Next Mark 0.155ms
[331.519s][info][gc          ] GC(1177) Concurrent Undo Cycle 0.545ms
[332.034s][info][gc,start    ] GC(1178) Pause Young (Concurrent Start) (G1 Humongous Allocation)
[332.034s][info][gc,task     ] GC(1178) Using 8 workers of 8 for evacuation
[332.036s][info][gc,phases   ] GC(1178)   Pre Evacuate Collection Set: 0.2ms
[332.036s][info][gc,phases   ] GC(1178)   Merge Heap Roots: 0.1ms
[332.036s][info][gc,phases   ] GC(1178)   Evacuate Collection Set: 0.9ms
[332.036s][info][gc,phases   ] GC(1178)   Post Evacuate Collection Set: 0.4ms
[332.036s][info][gc,phases   ] GC(1178)   Other: 0.1ms
[332.036s][info][gc,heap     ] GC(1178) Eden regions: 1->0(75)
[332.036s][info][gc,heap     ] GC(1178) Survivor regions: 1->1(10)
[332.036s][info][gc,heap     ] GC(1178) Old regions: 8->8
[332.036s][info][gc,heap     ] GC(1178) Archive regions: 2->2
[332.036s][info][gc,heap     ] GC(1178) Humongous regions: 96->0
[332.036s][info][gc,metaspace] GC(1178) Metaspace: 29090K(29504K)->29090K(29504K) NonClass: 25530K(25728K)->25530K(25728K) Class: 3559K(3776K)->3559K(3776K)
[332.036s][info][gc          ] GC(1178) Pause Young (Concurrent Start) (G1 Humongous Allocation) 209M->16M(254M) 1.985ms
[332.036s][info][gc,cpu      ] GC(1178) User=0.00s Sys=0.00s Real=0.00s
[332.036s][info][gc          ] GC(1179) Concurrent Undo Cycle
[332.036s][info][gc,marking  ] GC(1179) Concurrent Cleanup for Next Mark
[332.036s][info][gc,marking  ] GC(1179) Concurrent Cleanup for Next Mark 0.101ms
[332.036s][info][gc          ] GC(1179) Concurrent Undo Cycle 0.231ms
[332.552s][info][gc,start    ] GC(1180) Pause Young (Concurrent Start) (G1 Humongous Allocation)
[332.552s][info][gc,task     ] GC(1180) Using 8 workers of 8 for evacuation
[332.554s][info][gc,phases   ] GC(1180)   Pre Evacuate Collection Set: 0.3ms
[332.554s][info][gc,phases   ] GC(1180)   Merge Heap Roots: 0.1ms
[332.554s][info][gc,phases   ] GC(1180)   Evacuate Collection Set: 0.9ms
[332.554s][info][gc,phases   ] GC(1180)   Post Evacuate Collection Set: 0.6ms
[332.554s][info][gc,phases   ] GC(1180)   Other: 0.1ms
[332.554s][info][gc,heap     ] GC(1180) Eden regions: 2->0(75)
[332.554s][info][gc,heap     ] GC(1180) Survivor regions: 1->1(10)
[332.554s][info][gc,heap     ] GC(1180) Old regions: 8->8
[332.554s][info][gc,heap     ] GC(1180) Archive regions: 2->2
[332.554s][info][gc,heap     ] GC(1180) Humongous regions: 96->0
[332.554s][info][gc,metaspace] GC(1180) Metaspace: 29090K(29504K)->29090K(29504K) NonClass: 25530K(25728K)->25530K(25728K) Class: 3559K(3776K)->3559K(3776K)
[332.554s][info][gc          ] GC(1180) Pause Young (Concurrent Start) (G1 Humongous Allocation) 210M->16M(254M) 2.363ms
[332.554s][info][gc,cpu      ] GC(1180) User=0.01s Sys=0.00s Real=0.00s
[332.554s][info][gc          ] GC(1181) Concurrent Undo Cycle
[332.554s][info][gc,marking  ] GC(1181) Concurrent Cleanup for Next Mark
[332.554s][info][gc,marking  ] GC(1181) Concurrent Cleanup for Next Mark 0.148ms
[332.554s][info][gc          ] GC(1181) Concurrent Undo Cycle 0.285ms
[333.071s][info][gc,start    ] GC(1182) Pause Young (Concurrent Start) (G1 Humongous Allocation)
[333.072s][info][gc,task     ] GC(1182) Using 8 workers of 8 for evacuation
[333.075s][info][gc,phases   ] GC(1182)   Pre Evacuate Collection Set: 0.4ms
[333.075s][info][gc,phases   ] GC(1182)   Merge Heap Roots: 0.2ms
[333.075s][info][gc,phases   ] GC(1182)   Evacuate Collection Set: 1.2ms
[333.075s][info][gc,phases   ] GC(1182)   Post Evacuate Collection Set: 0.8ms
[333.075s][info][gc,phases   ] GC(1182)   Other: 0.2ms
[333.075s][info][gc,heap     ] GC(1182) Eden regions: 1->0(75)
[333.075s][info][gc,heap     ] GC(1182) Survivor regions: 1->1(10)
[333.075s][info][gc,heap     ] GC(1182) Old regions: 8->8
[333.075s][info][gc,heap     ] GC(1182) Archive regions: 2->2
[333.075s][info][gc,heap     ] GC(1182) Humongous regions: 96->0
[333.075s][info][gc,metaspace] GC(1182) Metaspace: 29090K(29504K)->29090K(29504K) NonClass: 25530K(25728K)->25530K(25728K) Class: 3559K(3776K)->3559K(3776K)
[333.075s][info][gc          ] GC(1182) Pause Young (Concurrent Start) (G1 Humongous Allocation) 209M->16M(254M) 3.480ms
[333.075s][info][gc,cpu      ] GC(1182) User=0.01s Sys=0.01s Real=0.00s
[333.075s][info][gc          ] GC(1183) Concurrent Undo Cycle
[333.075s][info][gc,marking  ] GC(1183) Concurrent Cleanup for Next Mark
[333.075s][info][gc,marking  ] GC(1183) Concurrent Cleanup for Next Mark 0.177ms
[333.076s][info][gc          ] GC(1183) Concurrent Undo Cycle 0.451ms
[333.596s][info][gc,start    ] GC(1184) Pause Young (Concurrent Start) (G1 Humongous Allocation)
[333.596s][info][gc,task     ] GC(1184) Using 8 workers of 8 for evacuation
[333.599s][info][gc,phases   ] GC(1184)   Pre Evacuate Collection Set: 0.4ms
[333.599s][info][gc,phases   ] GC(1184)   Merge Heap Roots: 0.2ms
[333.599s][info][gc,phases   ] GC(1184)   Evacuate Collection Set: 1.4ms
[333.599s][info][gc,phases   ] GC(1184)   Post Evacuate Collection Set: 0.8ms
[333.599s][info][gc,phases   ] GC(1184)   Other: 0.2ms
[333.599s][info][gc,heap     ] GC(1184) Eden regions: 2->0(75)
[333.599s][info][gc,heap     ] GC(1184) Survivor regions: 1->1(10)
[333.599s][info][gc,heap     ] GC(1184) Old regions: 8->8
[333.599s][info][gc,heap     ] GC(1184) Archive regions: 2->2
[333.599s][info][gc,heap     ] GC(1184) Humongous regions: 96->0
[333.599s][info][gc,metaspace] GC(1184) Metaspace: 29090K(29504K)->29090K(29504K) NonClass: 25530K(25728K)->25530K(25728K) Class: 3559K(3776K)->3559K(3776K)
[333.600s][info][gc          ] GC(1184) Pause Young (Concurrent Start) (G1 Humongous Allocation) 210M->16M(254M) 3.576ms
[333.600s][info][gc,cpu      ] GC(1184) User=0.01s Sys=0.00s Real=0.01s
[333.600s][info][gc          ] GC(1185) Concurrent Undo Cycle
[333.600s][info][gc,marking  ] GC(1185) Concurrent Cleanup for Next Mark
[333.600s][info][gc,marking  ] GC(1185) Concurrent Cleanup for Next Mark 0.198ms
[333.600s][info][gc          ] GC(1185) Concurrent Undo Cycle 0.380ms
[334.121s][info][gc,start    ] GC(1186) Pause Young (Concurrent Start) (G1 Humongous Allocation)
[334.121s][info][gc,task     ] GC(1186) Using 8 workers of 8 for evacuation
[334.124s][info][gc,phases   ] GC(1186)   Pre Evacuate Collection Set: 0.4ms
[334.124s][info][gc,phases   ] GC(1186)   Merge Heap Roots: 0.2ms
[334.124s][info][gc,phases   ] GC(1186)   Evacuate Collection Set: 1.2ms
[334.124s][info][gc,phases   ] GC(1186)   Post Evacuate Collection Set: 0.7ms
[334.124s][info][gc,phases   ] GC(1186)   Other: 0.2ms
[334.124s][info][gc,heap     ] GC(1186) Eden regions: 1->0(75)
[334.124s][info][gc,heap     ] GC(1186) Survivor regions: 1->1(10)
[334.124s][info][gc,heap     ] GC(1186) Old regions: 8->8
[334.125s][info][gc,heap     ] GC(1186) Archive regions: 2->2
[334.125s][info][gc,heap     ] GC(1186) Humongous regions: 96->0
[334.125s][info][gc,metaspace] GC(1186) Metaspace: 29090K(29504K)->29090K(29504K) NonClass: 25530K(25728K)->25530K(25728K) Class: 3559K(3776K)->3559K(3776K)
[334.125s][info][gc          ] GC(1186) Pause Young (Concurrent Start) (G1 Humongous Allocation) 209M->16M(254M) 3.551ms
[334.125s][info][gc,cpu      ] GC(1186) User=0.00s Sys=0.01s Real=0.00s
[334.125s][info][gc          ] GC(1187) Concurrent Undo Cycle
[334.125s][info][gc,marking  ] GC(1187) Concurrent Cleanup for Next Mark
[334.125s][info][gc,marking  ] GC(1187) Concurrent Cleanup for Next Mark 0.117ms
[334.125s][info][gc          ] GC(1187) Concurrent Undo Cycle 0.226ms
[334.644s][info][gc,start    ] GC(1188) Pause Young (Concurrent Start) (G1 Humongous Allocation)
[334.644s][info][gc,task     ] GC(1188) Using 8 workers of 8 for evacuation
[334.646s][info][gc,phases   ] GC(1188)   Pre Evacuate Collection Set: 0.3ms
[334.646s][info][gc,phases   ] GC(1188)   Merge Heap Roots: 0.1ms
[334.646s][info][gc,phases   ] GC(1188)   Evacuate Collection Set: 0.8ms
[334.646s][info][gc,phases   ] GC(1188)   Post Evacuate Collection Set: 0.7ms
[334.646s][info][gc,phases   ] GC(1188)   Other: 0.2ms
[334.646s][info][gc,heap     ] GC(1188) Eden regions: 2->0(75)
[334.646s][info][gc,heap     ] GC(1188) Survivor regions: 1->1(10)
[334.646s][info][gc,heap     ] GC(1188) Old regions: 8->8
[334.646s][info][gc,heap     ] GC(1188) Archive regions: 2->2
[334.647s][info][gc,heap     ] GC(1188) Humongous regions: 96->0
[334.647s][info][gc,metaspace] GC(1188) Metaspace: 29090K(29504K)->29090K(29504K) NonClass: 25530K(25728K)->25530K(25728K) Class: 3559K(3776K)->3559K(3776K)
[334.647s][info][gc          ] GC(1188) Pause Young (Concurrent Start) (G1 Humongous Allocation) 210M->16M(254M) 2.760ms
[334.647s][info][gc,cpu      ] GC(1188) User=0.00s Sys=0.00s Real=0.00s
[334.647s][info][gc          ] GC(1189) Concurrent Undo Cycle
[334.647s][info][gc,marking  ] GC(1189) Concurrent Cleanup for Next Mark
[334.647s][info][gc,marking  ] GC(1189) Concurrent Cleanup for Next Mark 0.133ms
[334.647s][info][gc          ] GC(1189) Concurrent Undo Cycle 0.337ms
[335.162s][info][gc,start    ] GC(1190) Pause Young (Concurrent Start) (G1 Humongous Allocation)
[335.162s][info][gc,task     ] GC(1190) Using 8 workers of 8 for evacuation
[335.165s][info][gc,phases   ] GC(1190)   Pre Evacuate Collection Set: 0.5ms
[335.165s][info][gc,phases   ] GC(1190)   Merge Heap Roots: 0.2ms
[335.165s][info][gc,phases   ] GC(1190)   Evacuate Collection Set: 1.2ms
[335.165s][info][gc,phases   ] GC(1190)   Post Evacuate Collection Set: 0.8ms
[335.165s][info][gc,phases   ] GC(1190)   Other: 0.2ms
[335.165s][info][gc,heap     ] GC(1190) Eden regions: 1->0(75)
[335.165s][info][gc,heap     ] GC(1190) Survivor regions: 1->1(10)
[335.165s][info][gc,heap     ] GC(1190) Old regions: 8->8
[335.165s][info][gc,heap     ] GC(1190) Archive regions: 2->2
[335.165s][info][gc,heap     ] GC(1190) Humongous regions: 96->0
[335.165s][info][gc,metaspace] GC(1190) Metaspace: 29090K(29504K)->29090K(29504K) NonClass: 25530K(25728K)->25530K(25728K) Class: 3559K(3776K)->3559K(3776K)
[335.165s][info][gc          ] GC(1190) Pause Young (Concurrent Start) (G1 Humongous Allocation) 209M->16M(254M) 3.552ms
[335.165s][info][gc,cpu      ] GC(1190) User=0.01s Sys=0.00s Real=0.00s
[335.165s][info][gc          ] GC(1191) Concurrent Undo Cycle
[335.165s][info][gc,marking  ] GC(1191) Concurrent Cleanup for Next Mark
[335.166s][info][gc,marking  ] GC(1191) Concurrent Cleanup for Next Mark 0.249ms
[335.166s][info][gc          ] GC(1191) Concurrent Undo Cycle 0.488ms
[335.685s][info][gc,start    ] GC(1192) Pause Young (Concurrent Start) (G1 Humongous Allocation)
[335.685s][info][gc,task     ] GC(1192) Using 8 workers of 8 for evacuation
[335.688s][info][gc,phases   ] GC(1192)   Pre Evacuate Collection Set: 0.4ms
[335.688s][info][gc,phases   ] GC(1192)   Merge Heap Roots: 0.2ms
[335.688s][info][gc,phases   ] GC(1192)   Evacuate Collection Set: 1.3ms
[335.689s][info][gc,phases   ] GC(1192)   Post Evacuate Collection Set: 0.7ms
[335.689s][info][gc,phases   ] GC(1192)   Other: 0.2ms
[335.689s][info][gc,heap     ] GC(1192) Eden regions: 2->0(75)
[335.689s][info][gc,heap     ] GC(1192) Survivor regions: 1->1(10)
[335.689s][info][gc,heap     ] GC(1192) Old regions: 8->8
[335.689s][info][gc,heap     ] GC(1192) Archive regions: 2->2
[335.689s][info][gc,heap     ] GC(1192) Humongous regions: 96->0
[335.689s][info][gc,metaspace] GC(1192) Metaspace: 29090K(29504K)->29090K(29504K) NonClass: 25530K(25728K)->25530K(25728K) Class: 3559K(3776K)->3559K(3776K)
[335.689s][info][gc          ] GC(1192) Pause Young (Concurrent Start) (G1 Humongous Allocation) 210M->16M(254M) 3.531ms
[335.689s][info][gc,cpu      ] GC(1192) User=0.01s Sys=0.01s Real=0.00s
[335.689s][info][gc          ] GC(1193) Concurrent Undo Cycle
[335.689s][info][gc,marking  ] GC(1193) Concurrent Cleanup for Next Mark
[335.689s][info][gc,marking  ] GC(1193) Concurrent Cleanup for Next Mark 0.191ms
[335.689s][info][gc          ] GC(1193) Concurrent Undo Cycle 0.434ms
[336.209s][info][gc,start    ] GC(1194) Pause Young (Concurrent Start) (G1 Humongous Allocation)
[336.209s][info][gc,task     ] GC(1194) Using 8 workers of 8 for evacuation
[336.210s][info][gc,phases   ] GC(1194)   Pre Evacuate Collection Set: 0.3ms
[336.210s][info][gc,phases   ] GC(1194)   Merge Heap Roots: 0.1ms
[336.210s][info][gc,phases   ] GC(1194)   Evacuate Collection Set: 0.6ms
[336.210s][info][gc,phases   ] GC(1194)   Post Evacuate Collection Set: 0.2ms
[336.210s][info][gc,phases   ] GC(1194)   Other: -0.0ms
[336.210s][info][gc,heap     ] GC(1194) Eden regions: 1->0(75)
[336.210s][info][gc,heap     ] GC(1194) Survivor regions: 1->1(10)
[336.210s][info][gc,heap     ] GC(1194) Old regions: 8->8
[336.210s][info][gc,heap     ] GC(1194) Archive regions: 2->2
[336.210s][info][gc,heap     ] GC(1194) Humongous regions: 96->0
[336.210s][info][gc,metaspace] GC(1194) Metaspace: 29090K(29504K)->29090K(29504K) NonClass: 25530K(25728K)->25530K(25728K) Class: 3559K(3776K)->3559K(3776K)
[336.210s][info][gc          ] GC(1194) Pause Young (Concurrent Start) (G1 Humongous Allocation) 209M->16M(254M) 1.336ms
[336.210s][info][gc,cpu      ] GC(1194) User=0.00s Sys=0.00s Real=0.01s
[336.210s][info][gc          ] GC(1195) Concurrent Undo Cycle
[336.210s][info][gc,marking  ] GC(1195) Concurrent Cleanup for Next Mark
[336.210s][info][gc,marking  ] GC(1195) Concurrent Cleanup for Next Mark 0.049ms
[336.210s][info][gc          ] GC(1195) Concurrent Undo Cycle 0.096ms
[336.721s][info][gc,start    ] GC(1196) Pause Young (Concurrent Start) (G1 Humongous Allocation)
[336.721s][info][gc,task     ] GC(1196) Using 8 workers of 8 for evacuation
[336.724s][info][gc,phases   ] GC(1196)   Pre Evacuate Collection Set: 0.4ms
[336.724s][info][gc,phases   ] GC(1196)   Merge Heap Roots: 0.2ms
[336.724s][info][gc,phases   ] GC(1196)   Evacuate Collection Set: 1.2ms
[336.724s][info][gc,phases   ] GC(1196)   Post Evacuate Collection Set: 0.9ms
[336.724s][info][gc,phases   ] GC(1196)   Other: 0.2ms
[336.724s][info][gc,heap     ] GC(1196) Eden regions: 2->0(75)
[336.724s][info][gc,heap     ] GC(1196) Survivor regions: 1->1(10)
[336.724s][info][gc,heap     ] GC(1196) Old regions: 8->8
[336.724s][info][gc,heap     ] GC(1196) Archive regions: 2->2
[336.724s][info][gc,heap     ] GC(1196) Humongous regions: 96->0
[336.724s][info][gc,metaspace] GC(1196) Metaspace: 29090K(29504K)->29090K(29504K) NonClass: 25530K(25728K)->25530K(25728K) Class: 3559K(3776K)->3559K(3776K)
[336.724s][info][gc          ] GC(1196) Pause Young (Concurrent Start) (G1 Humongous Allocation) 210M->16M(254M) 3.493ms
[336.724s][info][gc,cpu      ] GC(1196) User=0.00s Sys=0.00s Real=0.00s
[336.724s][info][gc          ] GC(1197) Concurrent Undo Cycle
[336.725s][info][gc,marking  ] GC(1197) Concurrent Cleanup for Next Mark
[336.725s][info][gc,marking  ] GC(1197) Concurrent Cleanup for Next Mark 0.193ms
[336.725s][info][gc          ] GC(1197) Concurrent Undo Cycle 0.433ms
[337.246s][info][gc,start    ] GC(1198) Pause Young (Concurrent Start) (G1 Humongous Allocation)
[337.246s][info][gc,task     ] GC(1198) Using 8 workers of 8 for evacuation
[337.249s][info][gc,phases   ] GC(1198)   Pre Evacuate Collection Set: 0.4ms
[337.249s][info][gc,phases   ] GC(1198)   Merge Heap Roots: 0.2ms
[337.249s][info][gc,phases   ] GC(1198)   Evacuate Collection Set: 1.3ms
[337.249s][info][gc,phases   ] GC(1198)   Post Evacuate Collection Set: 0.8ms
[337.249s][info][gc,phases   ] GC(1198)   Other: 0.2ms
[337.249s][info][gc,heap     ] GC(1198) Eden regions: 1->0(75)
[337.249s][info][gc,heap     ] GC(1198) Survivor regions: 1->1(10)
[337.249s][info][gc,heap     ] GC(1198) Old regions: 8->8
[337.249s][info][gc,heap     ] GC(1198) Archive regions: 2->2
[337.249s][info][gc,heap     ] GC(1198) Humongous regions: 96->0
[337.249s][info][gc,metaspace] GC(1198) Metaspace: 29090K(29504K)->29090K(29504K) NonClass: 25530K(25728K)->25530K(25728K) Class: 3559K(3776K)->3559K(3776K)
[337.249s][info][gc          ] GC(1198) Pause Young (Concurrent Start) (G1 Humongous Allocation) 209M->16M(254M) 3.454ms
[337.250s][info][gc,cpu      ] GC(1198) User=0.01s Sys=0.01s Real=0.01s
[337.250s][info][gc          ] GC(1199) Concurrent Undo Cycle
[337.250s][info][gc,marking  ] GC(1199) Concurrent Cleanup for Next Mark
[337.250s][info][gc,marking  ] GC(1199) Concurrent Cleanup for Next Mark 0.211ms
[337.250s][info][gc          ] GC(1199) Concurrent Undo Cycle 0.473ms
[337.771s][info][gc,start    ] GC(1200) Pause Young (Concurrent Start) (G1 Humongous Allocation)
[337.771s][info][gc,task     ] GC(1200) Using 8 workers of 8 for evacuation
[337.774s][info][gc,phases   ] GC(1200)   Pre Evacuate Collection Set: 0.5ms
[337.774s][info][gc,phases   ] GC(1200)   Merge Heap Roots: 0.2ms
[337.774s][info][gc,phases   ] GC(1200)   Evacuate Collection Set: 1.2ms
[337.774s][info][gc,phases   ] GC(1200)   Post Evacuate Collection Set: 0.8ms
[337.774s][info][gc,phases   ] GC(1200)   Other: 0.2ms
[337.774s][info][gc,heap     ] GC(1200) Eden regions: 2->0(75)
[337.774s][info][gc,heap     ] GC(1200) Survivor regions: 1->1(10)
[337.774s][info][gc,heap     ] GC(1200) Old regions: 8->8
[337.774s][info][gc,heap     ] GC(1200) Archive regions: 2->2
[337.774s][info][gc,heap     ] GC(1200) Humongous regions: 96->0
[337.774s][info][gc,metaspace] GC(1200) Metaspace: 29090K(29504K)->29090K(29504K) NonClass: 25530K(25728K)->25530K(25728K) Class: 3559K(3776K)->3559K(3776K)
[337.774s][info][gc          ] GC(1200) Pause Young (Concurrent Start) (G1 Humongous Allocation) 210M->16M(254M) 3.415ms
[337.774s][info][gc,cpu      ] GC(1200) User=0.00s Sys=0.00s Real=0.00s
[337.775s][info][gc          ] GC(1201) Concurrent Undo Cycle
[337.775s][info][gc,marking  ] GC(1201) Concurrent Cleanup for Next Mark
[337.775s][info][gc,marking  ] GC(1201) Concurrent Cleanup for Next Mark 0.291ms
[337.775s][info][gc          ] GC(1201) Concurrent Undo Cycle 0.630ms
[338.295s][info][gc,start    ] GC(1202) Pause Young (Concurrent Start) (G1 Humongous Allocation)
[338.295s][info][gc,task     ] GC(1202) Using 8 workers of 8 for evacuation
[338.299s][info][gc,phases   ] GC(1202)   Pre Evacuate Collection Set: 0.4ms
[338.299s][info][gc,phases   ] GC(1202)   Merge Heap Roots: 0.2ms
[338.299s][info][gc,phases   ] GC(1202)   Evacuate Collection Set: 2.0ms
[338.299s][info][gc,phases   ] GC(1202)   Post Evacuate Collection Set: 0.9ms
[338.299s][info][gc,phases   ] GC(1202)   Other: 0.2ms
[338.299s][info][gc,heap     ] GC(1202) Eden regions: 1->0(75)
[338.299s][info][gc,heap     ] GC(1202) Survivor regions: 1->1(10)
[338.299s][info][gc,heap     ] GC(1202) Old regions: 8->8
[338.299s][info][gc,heap     ] GC(1202) Archive regions: 2->2
[338.299s][info][gc,heap     ] GC(1202) Humongous regions: 96->0
[338.299s][info][gc,metaspace] GC(1202) Metaspace: 29090K(29504K)->29090K(29504K) NonClass: 25530K(25728K)->25530K(25728K) Class: 3559K(3776K)->3559K(3776K)
[338.299s][info][gc          ] GC(1202) Pause Young (Concurrent Start) (G1 Humongous Allocation) 210M->16M(254M) 4.464ms
[338.299s][info][gc,cpu      ] GC(1202) User=0.01s Sys=0.01s Real=0.00s
[338.300s][info][gc          ] GC(1203) Concurrent Undo Cycle
[338.300s][info][gc,marking  ] GC(1203) Concurrent Cleanup for Next Mark
[338.300s][info][gc,marking  ] GC(1203) Concurrent Cleanup for Next Mark 0.232ms
[338.300s][info][gc          ] GC(1203) Concurrent Undo Cycle 0.507ms
[338.821s][info][gc,start    ] GC(1204) Pause Young (Concurrent Start) (G1 Humongous Allocation)
[338.821s][info][gc,task     ] GC(1204) Using 8 workers of 8 for evacuation
[338.824s][info][gc,phases   ] GC(1204)   Pre Evacuate Collection Set: 0.4ms
[338.824s][info][gc,phases   ] GC(1204)   Merge Heap Roots: 0.2ms
[338.824s][info][gc,phases   ] GC(1204)   Evacuate Collection Set: 1.3ms
[338.824s][info][gc,phases   ] GC(1204)   Post Evacuate Collection Set: 0.9ms
[338.824s][info][gc,phases   ] GC(1204)   Other: 0.2ms
[338.824s][info][gc,heap     ] GC(1204) Eden regions: 1->0(75)
[338.824s][info][gc,heap     ] GC(1204) Survivor regions: 1->1(10)
[338.824s][info][gc,heap     ] GC(1204) Old regions: 8->8
[338.824s][info][gc,heap     ] GC(1204) Archive regions: 2->2
[338.824s][info][gc,heap     ] GC(1204) Humongous regions: 96->0
[338.824s][info][gc,metaspace] GC(1204) Metaspace: 29090K(29504K)->29090K(29504K) NonClass: 25530K(25728K)->25530K(25728K) Class: 3559K(3776K)->3559K(3776K)
[338.825s][info][gc          ] GC(1204) Pause Young (Concurrent Start) (G1 Humongous Allocation) 210M->16M(254M) 3.651ms
[338.825s][info][gc,cpu      ] GC(1204) User=0.01s Sys=0.00s Real=0.00s
[338.825s][info][gc          ] GC(1205) Concurrent Undo Cycle
[338.825s][info][gc,marking  ] GC(1205) Concurrent Cleanup for Next Mark
[338.825s][info][gc,marking  ] GC(1205) Concurrent Cleanup for Next Mark 0.119ms
[338.825s][info][gc          ] GC(1205) Concurrent Undo Cycle 0.252ms
[339.345s][info][gc,start    ] GC(1206) Pause Young (Concurrent Start) (G1 Humongous Allocation)
[339.345s][info][gc,task     ] GC(1206) Using 8 workers of 8 for evacuation
[339.348s][info][gc,phases   ] GC(1206)   Pre Evacuate Collection Set: 0.3ms
[339.348s][info][gc,phases   ] GC(1206)   Merge Heap Roots: 0.1ms
[339.348s][info][gc,phases   ] GC(1206)   Evacuate Collection Set: 1.3ms
[339.348s][info][gc,phases   ] GC(1206)   Post Evacuate Collection Set: 0.7ms
[339.348s][info][gc,phases   ] GC(1206)   Other: 0.1ms
[339.348s][info][gc,heap     ] GC(1206) Eden regions: 1->0(75)
[339.348s][info][gc,heap     ] GC(1206) Survivor regions: 1->1(10)
[339.348s][info][gc,heap     ] GC(1206) Old regions: 8->8
[339.348s][info][gc,heap     ] GC(1206) Archive regions: 2->2
[339.348s][info][gc,heap     ] GC(1206) Humongous regions: 96->0
[339.348s][info][gc,metaspace] GC(1206) Metaspace: 29090K(29504K)->29090K(29504K) NonClass: 25530K(25728K)->25530K(25728K) Class: 3559K(3776K)->3559K(3776K)
[339.348s][info][gc          ] GC(1206) Pause Young (Concurrent Start) (G1 Humongous Allocation) 210M->16M(254M) 3.166ms
[339.348s][info][gc          ] GC(1207) Concurrent Undo Cycle
[339.348s][info][gc,cpu      ] GC(1206) User=0.00s Sys=0.01s Real=0.00s
[339.348s][info][gc,marking  ] GC(1207) Concurrent Cleanup for Next Mark
[339.348s][info][gc,marking  ] GC(1207) Concurrent Cleanup for Next Mark 0.219ms
[339.348s][info][gc          ] GC(1207) Concurrent Undo Cycle 0.345ms
[339.867s][info][gc,start    ] GC(1208) Pause Young (Concurrent Start) (G1 Humongous Allocation)
[339.867s][info][gc,task     ] GC(1208) Using 8 workers of 8 for evacuation
[339.870s][info][gc,phases   ] GC(1208)   Pre Evacuate Collection Set: 0.4ms
[339.870s][info][gc,phases   ] GC(1208)   Merge Heap Roots: 0.2ms
[339.870s][info][gc,phases   ] GC(1208)   Evacuate Collection Set: 1.2ms
[339.870s][info][gc,phases   ] GC(1208)   Post Evacuate Collection Set: 0.7ms
[339.870s][info][gc,phases   ] GC(1208)   Other: 0.3ms
[339.870s][info][gc,heap     ] GC(1208) Eden regions: 1->0(75)
[339.870s][info][gc,heap     ] GC(1208) Survivor regions: 1->1(10)
[339.870s][info][gc,heap     ] GC(1208) Old regions: 8->8
[339.870s][info][gc,heap     ] GC(1208) Archive regions: 2->2
[339.870s][info][gc,heap     ] GC(1208) Humongous regions: 96->0
[339.870s][info][gc,metaspace] GC(1208) Metaspace: 29090K(29504K)->29090K(29504K) NonClass: 25530K(25728K)->25530K(25728K) Class: 3559K(3776K)->3559K(3776K)
[339.870s][info][gc          ] GC(1208) Pause Young (Concurrent Start) (G1 Humongous Allocation) 210M->16M(254M) 3.374ms
[339.870s][info][gc,cpu      ] GC(1208) User=0.00s Sys=0.00s Real=0.01s
[339.870s][info][gc          ] GC(1209) Concurrent Undo Cycle
[339.871s][info][gc,marking  ] GC(1209) Concurrent Cleanup for Next Mark
[339.871s][info][gc,marking  ] GC(1209) Concurrent Cleanup for Next Mark 0.175ms
[339.871s][info][gc          ] GC(1209) Concurrent Undo Cycle 0.363ms
[340.389s][info][gc,start    ] GC(1210) Pause Young (Concurrent Start) (G1 Humongous Allocation)
[340.389s][info][gc,task     ] GC(1210) Using 8 workers of 8 for evacuation
[340.390s][info][gc,phases   ] GC(1210)   Pre Evacuate Collection Set: 0.1ms
[340.390s][info][gc,phases   ] GC(1210)   Merge Heap Roots: 0.0ms
[340.390s][info][gc,phases   ] GC(1210)   Evacuate Collection Set: 0.5ms
[340.390s][info][gc,phases   ] GC(1210)   Post Evacuate Collection Set: 0.3ms
[340.390s][info][gc,phases   ] GC(1210)   Other: 0.1ms
[340.390s][info][gc,heap     ] GC(1210) Eden regions: 2->0(75)
[340.390s][info][gc,heap     ] GC(1210) Survivor regions: 1->1(10)
[340.390s][info][gc,heap     ] GC(1210) Old regions: 8->8
[340.390s][info][gc,heap     ] GC(1210) Archive regions: 2->2
[340.390s][info][gc,heap     ] GC(1210) Humongous regions: 96->0
[340.390s][info][gc,metaspace] GC(1210) Metaspace: 29090K(29504K)->29090K(29504K) NonClass: 25530K(25728K)->25530K(25728K) Class: 3559K(3776K)->3559K(3776K)
[340.390s][info][gc          ] GC(1210) Pause Young (Concurrent Start) (G1 Humongous Allocation) 210M->16M(254M) 1.272ms
[340.390s][info][gc          ] GC(1211) Concurrent Undo Cycle
[340.390s][info][gc,cpu      ] GC(1210) User=0.00s Sys=0.00s Real=0.01s
[340.390s][info][gc,marking  ] GC(1211) Concurrent Cleanup for Next Mark
[340.390s][info][gc,marking  ] GC(1211) Concurrent Cleanup for Next Mark 0.069ms
[340.390s][info][gc          ] GC(1211) Concurrent Undo Cycle 0.141ms
[340.903s][info][gc,start    ] GC(1212) Pause Young (Concurrent Start) (G1 Humongous Allocation)
[340.904s][info][gc,task     ] GC(1212) Using 8 workers of 8 for evacuation
[340.907s][info][gc,phases   ] GC(1212)   Pre Evacuate Collection Set: 0.4ms
[340.907s][info][gc,phases   ] GC(1212)   Merge Heap Roots: 0.2ms
[340.907s][info][gc,phases   ] GC(1212)   Evacuate Collection Set: 1.4ms
[340.907s][info][gc,phases   ] GC(1212)   Post Evacuate Collection Set: 0.7ms
[340.907s][info][gc,phases   ] GC(1212)   Other: 0.2ms
[340.907s][info][gc,heap     ] GC(1212) Eden regions: 1->0(75)
[340.907s][info][gc,heap     ] GC(1212) Survivor regions: 1->1(10)
[340.907s][info][gc,heap     ] GC(1212) Old regions: 8->8
[340.907s][info][gc,heap     ] GC(1212) Archive regions: 2->2
[340.907s][info][gc,heap     ] GC(1212) Humongous regions: 96->0
[340.907s][info][gc,metaspace] GC(1212) Metaspace: 29090K(29504K)->29090K(29504K) NonClass: 25530K(25728K)->25530K(25728K) Class: 3559K(3776K)->3559K(3776K)
[340.907s][info][gc          ] GC(1212) Pause Young (Concurrent Start) (G1 Humongous Allocation) 209M->16M(254M) 3.562ms
[340.907s][info][gc,cpu      ] GC(1212) User=0.01s Sys=0.00s Real=0.00s
[340.907s][info][gc          ] GC(1213) Concurrent Undo Cycle
[340.907s][info][gc,marking  ] GC(1213) Concurrent Cleanup for Next Mark
[340.907s][info][gc,marking  ] GC(1213) Concurrent Cleanup for Next Mark 0.205ms
[340.908s][info][gc          ] GC(1213) Concurrent Undo Cycle 0.477ms
[341.423s][info][gc,start    ] GC(1214) Pause Young (Concurrent Start) (G1 Humongous Allocation)
[341.424s][info][gc,task     ] GC(1214) Using 8 workers of 8 for evacuation
[341.426s][info][gc,phases   ] GC(1214)   Pre Evacuate Collection Set: 0.3ms
[341.427s][info][gc,phases   ] GC(1214)   Merge Heap Roots: 0.2ms
[341.427s][info][gc,phases   ] GC(1214)   Evacuate Collection Set: 1.2ms
[341.427s][info][gc,phases   ] GC(1214)   Post Evacuate Collection Set: 0.8ms
[341.427s][info][gc,phases   ] GC(1214)   Other: 0.3ms
[341.427s][info][gc,heap     ] GC(1214) Eden regions: 2->0(75)
[341.427s][info][gc,heap     ] GC(1214) Survivor regions: 1->1(10)
[341.427s][info][gc,heap     ] GC(1214) Old regions: 8->8
[341.427s][info][gc,heap     ] GC(1214) Archive regions: 2->2
[341.427s][info][gc,heap     ] GC(1214) Humongous regions: 96->0
[341.427s][info][gc,metaspace] GC(1214) Metaspace: 29090K(29504K)->29090K(29504K) NonClass: 25530K(25728K)->25530K(25728K) Class: 3559K(3776K)->3559K(3776K)
[341.427s][info][gc          ] GC(1214) Pause Young (Concurrent Start) (G1 Humongous Allocation) 210M->16M(254M) 3.413ms
[341.427s][info][gc,cpu      ] GC(1214) User=0.00s Sys=0.00s Real=0.00s
[341.427s][info][gc          ] GC(1215) Concurrent Undo Cycle
[341.427s][info][gc,marking  ] GC(1215) Concurrent Cleanup for Next Mark
[341.427s][info][gc,marking  ] GC(1215) Concurrent Cleanup for Next Mark 0.152ms
[341.427s][info][gc          ] GC(1215) Concurrent Undo Cycle 0.283ms
[341.947s][info][gc,start    ] GC(1216) Pause Young (Concurrent Start) (G1 Humongous Allocation)
[341.947s][info][gc,task     ] GC(1216) Using 8 workers of 8 for evacuation
[341.948s][info][gc,phases   ] GC(1216)   Pre Evacuate Collection Set: 0.3ms
[341.948s][info][gc,phases   ] GC(1216)   Merge Heap Roots: 0.1ms
[341.948s][info][gc,phases   ] GC(1216)   Evacuate Collection Set: 0.5ms
[341.948s][info][gc,phases   ] GC(1216)   Post Evacuate Collection Set: 0.4ms
[341.948s][info][gc,phases   ] GC(1216)   Other: 0.1ms
[341.948s][info][gc,heap     ] GC(1216) Eden regions: 1->0(75)
[341.948s][info][gc,heap     ] GC(1216) Survivor regions: 1->1(10)
[341.948s][info][gc,heap     ] GC(1216) Old regions: 8->8
[341.948s][info][gc,heap     ] GC(1216) Archive regions: 2->2
[341.948s][info][gc,heap     ] GC(1216) Humongous regions: 96->0
[341.948s][info][gc,metaspace] GC(1216) Metaspace: 29090K(29504K)->29090K(29504K) NonClass: 25530K(25728K)->25530K(25728K) Class: 3559K(3776K)->3559K(3776K)
[341.949s][info][gc          ] GC(1216) Pause Young (Concurrent Start) (G1 Humongous Allocation) 209M->16M(254M) 1.632ms
[341.949s][info][gc,cpu      ] GC(1216) User=0.00s Sys=0.00s Real=0.00s
[341.949s][info][gc          ] GC(1217) Concurrent Undo Cycle
[341.949s][info][gc,marking  ] GC(1217) Concurrent Cleanup for Next Mark
[341.949s][info][gc,marking  ] GC(1217) Concurrent Cleanup for Next Mark 0.056ms
[341.949s][info][gc          ] GC(1217) Concurrent Undo Cycle 0.109ms
[342.455s][info][gc,start    ] GC(1218) Pause Young (Concurrent Start) (G1 Humongous Allocation)
[342.455s][info][gc,task     ] GC(1218) Using 8 workers of 8 for evacuation
[342.456s][info][gc,phases   ] GC(1218)   Pre Evacuate Collection Set: 0.1ms
[342.456s][info][gc,phases   ] GC(1218)   Merge Heap Roots: 0.0ms
[342.456s][info][gc,phases   ] GC(1218)   Evacuate Collection Set: 0.5ms
[342.456s][info][gc,phases   ] GC(1218)   Post Evacuate Collection Set: 0.2ms
[342.456s][info][gc,phases   ] GC(1218)   Other: 0.0ms
[342.456s][info][gc,heap     ] GC(1218) Eden regions: 2->0(75)
[342.456s][info][gc,heap     ] GC(1218) Survivor regions: 1->1(10)
[342.456s][info][gc,heap     ] GC(1218) Old regions: 8->8
[342.456s][info][gc,heap     ] GC(1218) Archive regions: 2->2
[342.456s][info][gc,heap     ] GC(1218) Humongous regions: 96->0
[342.456s][info][gc,metaspace] GC(1218) Metaspace: 29090K(29504K)->29090K(29504K) NonClass: 25530K(25728K)->25530K(25728K) Class: 3559K(3776K)->3559K(3776K)
[342.456s][info][gc          ] GC(1218) Pause Young (Concurrent Start) (G1 Humongous Allocation) 210M->16M(254M) 1.126ms
[342.456s][info][gc,cpu      ] GC(1218) User=0.00s Sys=0.00s Real=0.00s
[342.456s][info][gc          ] GC(1219) Concurrent Undo Cycle
[342.457s][info][gc,marking  ] GC(1219) Concurrent Cleanup for Next Mark
[342.457s][info][gc,marking  ] GC(1219) Concurrent Cleanup for Next Mark 0.058ms
[342.457s][info][gc          ] GC(1219) Concurrent Undo Cycle 0.119ms
[342.967s][info][gc,start    ] GC(1220) Pause Young (Concurrent Start) (G1 Humongous Allocation)
[342.967s][info][gc,task     ] GC(1220) Using 8 workers of 8 for evacuation
[342.968s][info][gc,phases   ] GC(1220)   Pre Evacuate Collection Set: 0.1ms
[342.968s][info][gc,phases   ] GC(1220)   Merge Heap Roots: 0.0ms
[342.968s][info][gc,phases   ] GC(1220)   Evacuate Collection Set: 0.6ms
[342.968s][info][gc,phases   ] GC(1220)   Post Evacuate Collection Set: 0.3ms
[342.968s][info][gc,phases   ] GC(1220)   Other: 0.1ms
[342.968s][info][gc,heap     ] GC(1220) Eden regions: 1->0(75)
[342.968s][info][gc,heap     ] GC(1220) Survivor regions: 1->1(10)
[342.968s][info][gc,heap     ] GC(1220) Old regions: 8->8
[342.968s][info][gc,heap     ] GC(1220) Archive regions: 2->2
[342.968s][info][gc,heap     ] GC(1220) Humongous regions: 96->0
[342.968s][info][gc,metaspace] GC(1220) Metaspace: 29090K(29504K)->29090K(29504K) NonClass: 25530K(25728K)->25530K(25728K) Class: 3559K(3776K)->3559K(3776K)
[342.968s][info][gc          ] GC(1220) Pause Young (Concurrent Start) (G1 Humongous Allocation) 209M->16M(254M) 1.375ms
[342.968s][info][gc,cpu      ] GC(1220) User=0.00s Sys=0.00s Real=0.00s
[342.969s][info][gc          ] GC(1221) Concurrent Undo Cycle
[342.969s][info][gc,marking  ] GC(1221) Concurrent Cleanup for Next Mark
[342.969s][info][gc,marking  ] GC(1221) Concurrent Cleanup for Next Mark 0.095ms
[342.969s][info][gc          ] GC(1221) Concurrent Undo Cycle 0.208ms
[343.490s][info][gc,start    ] GC(1222) Pause Young (Concurrent Start) (G1 Humongous Allocation)
[343.490s][info][gc,task     ] GC(1222) Using 8 workers of 8 for evacuation
[343.491s][info][gc,phases   ] GC(1222)   Pre Evacuate Collection Set: 0.1ms
[343.491s][info][gc,phases   ] GC(1222)   Merge Heap Roots: 0.0ms
[343.491s][info][gc,phases   ] GC(1222)   Evacuate Collection Set: 0.5ms
[343.491s][info][gc,phases   ] GC(1222)   Post Evacuate Collection Set: 0.2ms
[343.491s][info][gc,phases   ] GC(1222)   Other: 0.1ms
[343.491s][info][gc,heap     ] GC(1222) Eden regions: 2->0(75)
[343.491s][info][gc,heap     ] GC(1222) Survivor regions: 1->1(10)
[343.491s][info][gc,heap     ] GC(1222) Old regions: 8->8
[343.491s][info][gc,heap     ] GC(1222) Archive regions: 2->2
[343.491s][info][gc,heap     ] GC(1222) Humongous regions: 96->0
[343.491s][info][gc,metaspace] GC(1222) Metaspace: 29090K(29504K)->29090K(29504K) NonClass: 25530K(25728K)->25530K(25728K) Class: 3559K(3776K)->3559K(3776K)
[343.491s][info][gc          ] GC(1222) Pause Young (Concurrent Start) (G1 Humongous Allocation) 210M->16M(254M) 1.126ms
[343.491s][info][gc,cpu      ] GC(1222) User=0.00s Sys=0.01s Real=0.00s
[343.491s][info][gc          ] GC(1223) Concurrent Undo Cycle
[343.491s][info][gc,marking  ] GC(1223) Concurrent Cleanup for Next Mark
[343.492s][info][gc,marking  ] GC(1223) Concurrent Cleanup for Next Mark 0.094ms
[343.492s][info][gc          ] GC(1223) Concurrent Undo Cycle 0.186ms
[344.007s][info][gc,start    ] GC(1224) Pause Young (Concurrent Start) (G1 Humongous Allocation)
[344.007s][info][gc,task     ] GC(1224) Using 8 workers of 8 for evacuation
[344.008s][info][gc,phases   ] GC(1224)   Pre Evacuate Collection Set: 0.1ms
[344.008s][info][gc,phases   ] GC(1224)   Merge Heap Roots: 0.0ms
[344.008s][info][gc,phases   ] GC(1224)   Evacuate Collection Set: 0.5ms
[344.008s][info][gc,phases   ] GC(1224)   Post Evacuate Collection Set: 0.3ms
[344.008s][info][gc,phases   ] GC(1224)   Other: 0.1ms
[344.008s][info][gc,heap     ] GC(1224) Eden regions: 1->0(75)
[344.008s][info][gc,heap     ] GC(1224) Survivor regions: 1->1(10)
[344.008s][info][gc,heap     ] GC(1224) Old regions: 8->8
[344.008s][info][gc,heap     ] GC(1224) Archive regions: 2->2
[344.008s][info][gc,heap     ] GC(1224) Humongous regions: 96->0
[344.008s][info][gc,metaspace] GC(1224) Metaspace: 29090K(29504K)->29090K(29504K) NonClass: 25530K(25728K)->25530K(25728K) Class: 3559K(3776K)->3559K(3776K)
[344.008s][info][gc          ] GC(1224) Pause Young (Concurrent Start) (G1 Humongous Allocation) 209M->16M(254M) 1.318ms
[344.008s][info][gc,cpu      ] GC(1224) User=0.00s Sys=0.00s Real=0.00s
[344.008s][info][gc          ] GC(1225) Concurrent Undo Cycle
[344.008s][info][gc,marking  ] GC(1225) Concurrent Cleanup for Next Mark
[344.008s][info][gc,marking  ] GC(1225) Concurrent Cleanup for Next Mark 0.122ms
[344.008s][info][gc          ] GC(1225) Concurrent Undo Cycle 0.234ms
[344.521s][info][gc,start    ] GC(1226) Pause Young (Concurrent Start) (G1 Humongous Allocation)
[344.521s][info][gc,task     ] GC(1226) Using 8 workers of 8 for evacuation
[344.522s][info][gc,phases   ] GC(1226)   Pre Evacuate Collection Set: 0.1ms
[344.522s][info][gc,phases   ] GC(1226)   Merge Heap Roots: 0.0ms
[344.522s][info][gc,phases   ] GC(1226)   Evacuate Collection Set: 0.5ms
[344.522s][info][gc,phases   ] GC(1226)   Post Evacuate Collection Set: 0.3ms
[344.522s][info][gc,phases   ] GC(1226)   Other: 0.0ms
[344.522s][info][gc,heap     ] GC(1226) Eden regions: 2->0(75)
[344.522s][info][gc,heap     ] GC(1226) Survivor regions: 1->1(10)
[344.522s][info][gc,heap     ] GC(1226) Old regions: 8->8
[344.522s][info][gc,heap     ] GC(1226) Archive regions: 2->2
[344.522s][info][gc,heap     ] GC(1226) Humongous regions: 96->0
[344.522s][info][gc,metaspace] GC(1226) Metaspace: 29090K(29504K)->29090K(29504K) NonClass: 25530K(25728K)->25530K(25728K) Class: 3559K(3776K)->3559K(3776K)
[344.522s][info][gc          ] GC(1226) Pause Young (Concurrent Start) (G1 Humongous Allocation) 210M->16M(254M) 1.172ms
[344.522s][info][gc,cpu      ] GC(1226) User=0.00s Sys=0.00s Real=0.00s
[344.522s][info][gc          ] GC(1227) Concurrent Undo Cycle
[344.522s][info][gc,marking  ] GC(1227) Concurrent Cleanup for Next Mark
[344.522s][info][gc,marking  ] GC(1227) Concurrent Cleanup for Next Mark 0.060ms
[344.522s][info][gc          ] GC(1227) Concurrent Undo Cycle 0.144ms
[345.032s][info][gc,start    ] GC(1228) Pause Young (Concurrent Start) (G1 Humongous Allocation)
[345.032s][info][gc,task     ] GC(1228) Using 8 workers of 8 for evacuation
[345.035s][info][gc,phases   ] GC(1228)   Pre Evacuate Collection Set: 0.4ms
[345.035s][info][gc,phases   ] GC(1228)   Merge Heap Roots: 0.2ms
[345.035s][info][gc,phases   ] GC(1228)   Evacuate Collection Set: 1.3ms
[345.035s][info][gc,phases   ] GC(1228)   Post Evacuate Collection Set: 0.8ms
[345.035s][info][gc,phases   ] GC(1228)   Other: 0.2ms
[345.035s][info][gc,heap     ] GC(1228) Eden regions: 1->0(75)
[345.035s][info][gc,heap     ] GC(1228) Survivor regions: 1->1(10)
[345.035s][info][gc,heap     ] GC(1228) Old regions: 8->8
[345.035s][info][gc,heap     ] GC(1228) Archive regions: 2->2
[345.035s][info][gc,heap     ] GC(1228) Humongous regions: 96->0
[345.035s][info][gc,metaspace] GC(1228) Metaspace: 29090K(29504K)->29090K(29504K) NonClass: 25530K(25728K)->25530K(25728K) Class: 3559K(3776K)->3559K(3776K)
[345.035s][info][gc          ] GC(1228) Pause Young (Concurrent Start) (G1 Humongous Allocation) 209M->16M(254M) 3.574ms
[345.035s][info][gc,cpu      ] GC(1228) User=0.01s Sys=0.00s Real=0.00s
[345.035s][info][gc          ] GC(1229) Concurrent Undo Cycle
[345.036s][info][gc,marking  ] GC(1229) Concurrent Cleanup for Next Mark
[345.036s][info][gc,marking  ] GC(1229) Concurrent Cleanup for Next Mark 0.253ms
[345.036s][info][gc          ] GC(1229) Concurrent Undo Cycle 0.571ms
[345.556s][info][gc,start    ] GC(1230) Pause Young (Concurrent Start) (G1 Humongous Allocation)
[345.556s][info][gc,task     ] GC(1230) Using 8 workers of 8 for evacuation
[345.559s][info][gc,phases   ] GC(1230)   Pre Evacuate Collection Set: 0.5ms
[345.559s][info][gc,phases   ] GC(1230)   Merge Heap Roots: 0.2ms
[345.559s][info][gc,phases   ] GC(1230)   Evacuate Collection Set: 1.3ms
[345.559s][info][gc,phases   ] GC(1230)   Post Evacuate Collection Set: 0.8ms
[345.559s][info][gc,phases   ] GC(1230)   Other: 0.2ms
[345.559s][info][gc,heap     ] GC(1230) Eden regions: 2->0(75)
[345.559s][info][gc,heap     ] GC(1230) Survivor regions: 1->1(10)
[345.559s][info][gc,heap     ] GC(1230) Old regions: 8->8
[345.559s][info][gc,heap     ] GC(1230) Archive regions: 2->2
[345.559s][info][gc,heap     ] GC(1230) Humongous regions: 96->0
[345.559s][info][gc,metaspace] GC(1230) Metaspace: 29090K(29504K)->29090K(29504K) NonClass: 25530K(25728K)->25530K(25728K) Class: 3559K(3776K)->3559K(3776K)
[345.560s][info][gc          ] GC(1230) Pause Young (Concurrent Start) (G1 Humongous Allocation) 210M->16M(254M) 3.381ms
[345.560s][info][gc,cpu      ] GC(1230) User=0.01s Sys=0.01s Real=0.01s
[345.560s][info][gc          ] GC(1231) Concurrent Undo Cycle
[345.560s][info][gc,marking  ] GC(1231) Concurrent Cleanup for Next Mark
[345.560s][info][gc,marking  ] GC(1231) Concurrent Cleanup for Next Mark 0.105ms
[345.560s][info][gc          ] GC(1231) Concurrent Undo Cycle 0.228ms
[346.077s][info][gc,start    ] GC(1232) Pause Young (Concurrent Start) (G1 Humongous Allocation)
[346.077s][info][gc,task     ] GC(1232) Using 8 workers of 8 for evacuation
[346.080s][info][gc,phases   ] GC(1232)   Pre Evacuate Collection Set: 0.4ms
[346.080s][info][gc,phases   ] GC(1232)   Merge Heap Roots: 0.2ms
[346.080s][info][gc,phases   ] GC(1232)   Evacuate Collection Set: 1.3ms
[346.080s][info][gc,phases   ] GC(1232)   Post Evacuate Collection Set: 0.7ms
[346.080s][info][gc,phases   ] GC(1232)   Other: 0.2ms
[346.080s][info][gc,heap     ] GC(1232) Eden regions: 1->0(75)
[346.080s][info][gc,heap     ] GC(1232) Survivor regions: 1->1(10)
[346.080s][info][gc,heap     ] GC(1232) Old regions: 8->8
[346.080s][info][gc,heap     ] GC(1232) Archive regions: 2->2
[346.080s][info][gc,heap     ] GC(1232) Humongous regions: 96->0
[346.080s][info][gc,metaspace] GC(1232) Metaspace: 29090K(29504K)->29090K(29504K) NonClass: 25530K(25728K)->25530K(25728K) Class: 3559K(3776K)->3559K(3776K)
[346.080s][info][gc          ] GC(1232) Pause Young (Concurrent Start) (G1 Humongous Allocation) 209M->16M(254M) 3.485ms
[346.080s][info][gc,cpu      ] GC(1232) User=0.00s Sys=0.00s Real=0.01s
[346.080s][info][gc          ] GC(1233) Concurrent Undo Cycle
[346.081s][info][gc,marking  ] GC(1233) Concurrent Cleanup for Next Mark
[346.081s][info][gc,marking  ] GC(1233) Concurrent Cleanup for Next Mark 0.175ms
[346.081s][info][gc          ] GC(1233) Concurrent Undo Cycle 0.401ms
[346.601s][info][gc,start    ] GC(1234) Pause Young (Concurrent Start) (G1 Humongous Allocation)
[346.601s][info][gc,task     ] GC(1234) Using 8 workers of 8 for evacuation
[346.604s][info][gc,phases   ] GC(1234)   Pre Evacuate Collection Set: 0.4ms
[346.604s][info][gc,phases   ] GC(1234)   Merge Heap Roots: 0.2ms
[346.604s][info][gc,phases   ] GC(1234)   Evacuate Collection Set: 1.2ms
[346.605s][info][gc,phases   ] GC(1234)   Post Evacuate Collection Set: 0.8ms
[346.605s][info][gc,phases   ] GC(1234)   Other: 0.2ms
[346.605s][info][gc,heap     ] GC(1234) Eden regions: 2->0(75)
[346.605s][info][gc,heap     ] GC(1234) Survivor regions: 1->1(10)
[346.605s][info][gc,heap     ] GC(1234) Old regions: 8->8
[346.605s][info][gc,heap     ] GC(1234) Archive regions: 2->2
[346.605s][info][gc,heap     ] GC(1234) Humongous regions: 96->0
[346.605s][info][gc,metaspace] GC(1234) Metaspace: 29090K(29504K)->29090K(29504K) NonClass: 25530K(25728K)->25530K(25728K) Class: 3559K(3776K)->3559K(3776K)
[346.605s][info][gc          ] GC(1234) Pause Young (Concurrent Start) (G1 Humongous Allocation) 210M->16M(254M) 3.489ms
[346.605s][info][gc,cpu      ] GC(1234) User=0.01s Sys=0.00s Real=0.00s
[346.605s][info][gc          ] GC(1235) Concurrent Undo Cycle
[346.605s][info][gc,marking  ] GC(1235) Concurrent Cleanup for Next Mark
[346.605s][info][gc,marking  ] GC(1235) Concurrent Cleanup for Next Mark 0.224ms
[346.605s][info][gc          ] GC(1235) Concurrent Undo Cycle 0.470ms
[347.121s][info][gc,start    ] GC(1236) Pause Young (Concurrent Start) (G1 Humongous Allocation)
[347.121s][info][gc,task     ] GC(1236) Using 8 workers of 8 for evacuation
[347.125s][info][gc,phases   ] GC(1236)   Pre Evacuate Collection Set: 0.4ms
[347.125s][info][gc,phases   ] GC(1236)   Merge Heap Roots: 0.2ms
[347.125s][info][gc,phases   ] GC(1236)   Evacuate Collection Set: 2.0ms
[347.125s][info][gc,phases   ] GC(1236)   Post Evacuate Collection Set: 0.8ms
[347.125s][info][gc,phases   ] GC(1236)   Other: 0.3ms
[347.125s][info][gc,heap     ] GC(1236) Eden regions: 1->0(75)
[347.125s][info][gc,heap     ] GC(1236) Survivor regions: 1->1(10)
[347.125s][info][gc,heap     ] GC(1236) Old regions: 8->8
[347.125s][info][gc,heap     ] GC(1236) Archive regions: 2->2
[347.125s][info][gc,heap     ] GC(1236) Humongous regions: 96->0
[347.125s][info][gc,metaspace] GC(1236) Metaspace: 29090K(29504K)->29090K(29504K) NonClass: 25530K(25728K)->25530K(25728K) Class: 3559K(3776K)->3559K(3776K)
[347.125s][info][gc          ] GC(1236) Pause Young (Concurrent Start) (G1 Humongous Allocation) 210M->16M(254M) 4.264ms
[347.125s][info][gc,cpu      ] GC(1236) User=0.01s Sys=0.00s Real=0.00s
[347.125s][info][gc          ] GC(1237) Concurrent Undo Cycle
[347.125s][info][gc,marking  ] GC(1237) Concurrent Cleanup for Next Mark
[347.126s][info][gc,marking  ] GC(1237) Concurrent Cleanup for Next Mark 0.168ms
[347.126s][info][gc          ] GC(1237) Concurrent Undo Cycle 0.369ms
[347.647s][info][gc,start    ] GC(1238) Pause Young (Concurrent Start) (G1 Humongous Allocation)
[347.647s][info][gc,task     ] GC(1238) Using 8 workers of 8 for evacuation
[347.649s][info][gc,phases   ] GC(1238)   Pre Evacuate Collection Set: 0.4ms
[347.649s][info][gc,phases   ] GC(1238)   Merge Heap Roots: 0.2ms
[347.649s][info][gc,phases   ] GC(1238)   Evacuate Collection Set: 0.9ms
[347.649s][info][gc,phases   ] GC(1238)   Post Evacuate Collection Set: 0.5ms
[347.649s][info][gc,phases   ] GC(1238)   Other: 0.2ms
[347.649s][info][gc,heap     ] GC(1238) Eden regions: 2->0(75)
[347.649s][info][gc,heap     ] GC(1238) Survivor regions: 1->1(10)
[347.649s][info][gc,heap     ] GC(1238) Old regions: 8->8
[347.649s][info][gc,heap     ] GC(1238) Archive regions: 2->2
[347.649s][info][gc,heap     ] GC(1238) Humongous regions: 96->0
[347.649s][info][gc,metaspace] GC(1238) Metaspace: 29090K(29504K)->29090K(29504K) NonClass: 25530K(25728K)->25530K(25728K) Class: 3559K(3776K)->3559K(3776K)
[347.649s][info][gc          ] GC(1238) Pause Young (Concurrent Start) (G1 Humongous Allocation) 210M->16M(254M) 2.714ms
[347.649s][info][gc          ] GC(1239) Concurrent Undo Cycle
[347.649s][info][gc,cpu      ] GC(1238) User=0.00s Sys=0.00s Real=0.00s
[347.649s][info][gc,marking  ] GC(1239) Concurrent Cleanup for Next Mark
[347.650s][info][gc,marking  ] GC(1239) Concurrent Cleanup for Next Mark 0.194ms
[347.650s][info][gc          ] GC(1239) Concurrent Undo Cycle 0.366ms
[348.168s][info][gc,start    ] GC(1240) Pause Young (Concurrent Start) (G1 Humongous Allocation)
[348.168s][info][gc,task     ] GC(1240) Using 8 workers of 8 for evacuation
[348.172s][info][gc,phases   ] GC(1240)   Pre Evacuate Collection Set: 0.5ms
[348.172s][info][gc,phases   ] GC(1240)   Merge Heap Roots: 0.1ms
[348.172s][info][gc,phases   ] GC(1240)   Evacuate Collection Set: 1.4ms
[348.172s][info][gc,phases   ] GC(1240)   Post Evacuate Collection Set: 0.9ms
[348.172s][info][gc,phases   ] GC(1240)   Other: 0.2ms
[348.172s][info][gc,heap     ] GC(1240) Eden regions: 1->0(75)
[348.172s][info][gc,heap     ] GC(1240) Survivor regions: 1->1(10)
[348.172s][info][gc,heap     ] GC(1240) Old regions: 8->8
[348.172s][info][gc,heap     ] GC(1240) Archive regions: 2->2
[348.172s][info][gc,heap     ] GC(1240) Humongous regions: 96->0
[348.172s][info][gc,metaspace] GC(1240) Metaspace: 29090K(29504K)->29090K(29504K) NonClass: 25530K(25728K)->25530K(25728K) Class: 3559K(3776K)->3559K(3776K)
[348.172s][info][gc          ] GC(1240) Pause Young (Concurrent Start) (G1 Humongous Allocation) 209M->16M(254M) 3.731ms
[348.172s][info][gc,cpu      ] GC(1240) User=0.01s Sys=0.01s Real=0.01s
[348.172s][info][gc          ] GC(1241) Concurrent Undo Cycle
[348.172s][info][gc,marking  ] GC(1241) Concurrent Cleanup for Next Mark
[348.172s][info][gc,marking  ] GC(1241) Concurrent Cleanup for Next Mark 0.158ms
[348.172s][info][gc          ] GC(1241) Concurrent Undo Cycle 0.389ms
[348.693s][info][gc,start    ] GC(1242) Pause Young (Concurrent Start) (G1 Humongous Allocation)
[348.693s][info][gc,task     ] GC(1242) Using 8 workers of 8 for evacuation
[348.696s][info][gc,phases   ] GC(1242)   Pre Evacuate Collection Set: 0.4ms
[348.696s][info][gc,phases   ] GC(1242)   Merge Heap Roots: 0.2ms
[348.696s][info][gc,phases   ] GC(1242)   Evacuate Collection Set: 1.3ms
[348.696s][info][gc,phases   ] GC(1242)   Post Evacuate Collection Set: 0.7ms
[348.696s][info][gc,phases   ] GC(1242)   Other: 0.2ms
[348.696s][info][gc,heap     ] GC(1242) Eden regions: 2->0(75)
[348.696s][info][gc,heap     ] GC(1242) Survivor regions: 1->1(10)
[348.696s][info][gc,heap     ] GC(1242) Old regions: 8->8
[348.696s][info][gc,heap     ] GC(1242) Archive regions: 2->2
[348.696s][info][gc,heap     ] GC(1242) Humongous regions: 96->0
[348.696s][info][gc,metaspace] GC(1242) Metaspace: 29090K(29504K)->29090K(29504K) NonClass: 25530K(25728K)->25530K(25728K) Class: 3559K(3776K)->3559K(3776K)
[348.697s][info][gc          ] GC(1242) Pause Young (Concurrent Start) (G1 Humongous Allocation) 210M->16M(254M) 3.455ms
[348.697s][info][gc,cpu      ] GC(1242) User=0.01s Sys=0.00s Real=0.00s
[348.697s][info][gc          ] GC(1243) Concurrent Undo Cycle
[348.697s][info][gc,marking  ] GC(1243) Concurrent Cleanup for Next Mark
[348.697s][info][gc,marking  ] GC(1243) Concurrent Cleanup for Next Mark 0.243ms
[348.697s][info][gc          ] GC(1243) Concurrent Undo Cycle 0.490ms
[349.219s][info][gc,start    ] GC(1244) Pause Young (Concurrent Start) (G1 Humongous Allocation)
[349.220s][info][gc,task     ] GC(1244) Using 8 workers of 8 for evacuation
[349.223s][info][gc,phases   ] GC(1244)   Pre Evacuate Collection Set: 0.5ms
[349.223s][info][gc,phases   ] GC(1244)   Merge Heap Roots: 0.2ms
[349.223s][info][gc,phases   ] GC(1244)   Evacuate Collection Set: 1.3ms
[349.223s][info][gc,phases   ] GC(1244)   Post Evacuate Collection Set: 0.9ms
[349.223s][info][gc,phases   ] GC(1244)   Other: 0.2ms
[349.223s][info][gc,heap     ] GC(1244) Eden regions: 1->0(75)
[349.223s][info][gc,heap     ] GC(1244) Survivor regions: 1->1(10)
[349.223s][info][gc,heap     ] GC(1244) Old regions: 8->8
[349.223s][info][gc,heap     ] GC(1244) Archive regions: 2->2
[349.223s][info][gc,heap     ] GC(1244) Humongous regions: 96->0
[349.223s][info][gc,metaspace] GC(1244) Metaspace: 29090K(29504K)->29090K(29504K) NonClass: 25530K(25728K)->25530K(25728K) Class: 3559K(3776K)->3559K(3776K)
[349.223s][info][gc          ] GC(1244) Pause Young (Concurrent Start) (G1 Humongous Allocation) 209M->16M(254M) 3.607ms
[349.223s][info][gc,cpu      ] GC(1244) User=0.00s Sys=0.01s Real=0.00s
[349.223s][info][gc          ] GC(1245) Concurrent Undo Cycle
[349.223s][info][gc,marking  ] GC(1245) Concurrent Cleanup for Next Mark
[349.223s][info][gc,marking  ] GC(1245) Concurrent Cleanup for Next Mark 0.164ms
[349.224s][info][gc          ] GC(1245) Concurrent Undo Cycle 0.378ms
[349.743s][info][gc,start    ] GC(1246) Pause Young (Concurrent Start) (G1 Humongous Allocation)
[349.743s][info][gc,task     ] GC(1246) Using 8 workers of 8 for evacuation
[349.747s][info][gc,phases   ] GC(1246)   Pre Evacuate Collection Set: 0.4ms
[349.747s][info][gc,phases   ] GC(1246)   Merge Heap Roots: 0.2ms
[349.747s][info][gc,phases   ] GC(1246)   Evacuate Collection Set: 1.5ms
[349.747s][info][gc,phases   ] GC(1246)   Post Evacuate Collection Set: 0.9ms
[349.747s][info][gc,phases   ] GC(1246)   Other: 0.2ms
[349.747s][info][gc,heap     ] GC(1246) Eden regions: 2->0(75)
[349.747s][info][gc,heap     ] GC(1246) Survivor regions: 1->1(10)
[349.747s][info][gc,heap     ] GC(1246) Old regions: 8->8
[349.747s][info][gc,heap     ] GC(1246) Archive regions: 2->2
[349.747s][info][gc,heap     ] GC(1246) Humongous regions: 96->0
[349.747s][info][gc,metaspace] GC(1246) Metaspace: 29090K(29504K)->29090K(29504K) NonClass: 25530K(25728K)->25530K(25728K) Class: 3559K(3776K)->3559K(3776K)
[349.747s][info][gc          ] GC(1246) Pause Young (Concurrent Start) (G1 Humongous Allocation) 210M->16M(254M) 3.781ms
[349.747s][info][gc,cpu      ] GC(1246) User=0.01s Sys=0.00s Real=0.00s
[349.747s][info][gc          ] GC(1247) Concurrent Undo Cycle
[349.747s][info][gc,marking  ] GC(1247) Concurrent Cleanup for Next Mark
[349.748s][info][gc,marking  ] GC(1247) Concurrent Cleanup for Next Mark 0.384ms
[349.748s][info][gc          ] GC(1247) Concurrent Undo Cycle 0.898ms
[350.269s][info][gc,start    ] GC(1248) Pause Young (Concurrent Start) (G1 Humongous Allocation)
[350.269s][info][gc,task     ] GC(1248) Using 8 workers of 8 for evacuation
[350.270s][info][gc,phases   ] GC(1248)   Pre Evacuate Collection Set: 0.1ms
[350.270s][info][gc,phases   ] GC(1248)   Merge Heap Roots: 0.0ms
[350.270s][info][gc,phases   ] GC(1248)   Evacuate Collection Set: 0.5ms
[350.270s][info][gc,phases   ] GC(1248)   Post Evacuate Collection Set: 0.2ms
[350.270s][info][gc,phases   ] GC(1248)   Other: 0.0ms
[350.270s][info][gc,heap     ] GC(1248) Eden regions: 1->0(75)
[350.270s][info][gc,heap     ] GC(1248) Survivor regions: 1->1(10)
[350.270s][info][gc,heap     ] GC(1248) Old regions: 8->8
[350.270s][info][gc,heap     ] GC(1248) Archive regions: 2->2
[350.270s][info][gc,heap     ] GC(1248) Humongous regions: 96->0
[350.270s][info][gc,metaspace] GC(1248) Metaspace: 29090K(29504K)->29090K(29504K) NonClass: 25530K(25728K)->25530K(25728K) Class: 3559K(3776K)->3559K(3776K)
[350.270s][info][gc          ] GC(1248) Pause Young (Concurrent Start) (G1 Humongous Allocation) 209M->16M(254M) 1.161ms
[350.270s][info][gc,cpu      ] GC(1248) User=0.00s Sys=0.00s Real=0.01s
[350.270s][info][gc          ] GC(1249) Concurrent Undo Cycle
[350.270s][info][gc,marking  ] GC(1249) Concurrent Cleanup for Next Mark
[350.270s][info][gc,marking  ] GC(1249) Concurrent Cleanup for Next Mark 0.060ms
[350.270s][info][gc          ] GC(1249) Concurrent Undo Cycle 0.139ms
[350.780s][info][gc,start    ] GC(1250) Pause Young (Concurrent Start) (G1 Humongous Allocation)
[350.780s][info][gc,task     ] GC(1250) Using 8 workers of 8 for evacuation
[350.783s][info][gc,phases   ] GC(1250)   Pre Evacuate Collection Set: 0.4ms
[350.783s][info][gc,phases   ] GC(1250)   Merge Heap Roots: 0.2ms
[350.783s][info][gc,phases   ] GC(1250)   Evacuate Collection Set: 1.2ms
[350.783s][info][gc,phases   ] GC(1250)   Post Evacuate Collection Set: 0.8ms
[350.783s][info][gc,phases   ] GC(1250)   Other: 0.3ms
[350.783s][info][gc,heap     ] GC(1250) Eden regions: 2->0(75)
[350.783s][info][gc,heap     ] GC(1250) Survivor regions: 1->1(10)
[350.783s][info][gc,heap     ] GC(1250) Old regions: 8->8
[350.783s][info][gc,heap     ] GC(1250) Archive regions: 2->2
[350.783s][info][gc,heap     ] GC(1250) Humongous regions: 96->0
[350.783s][info][gc,metaspace] GC(1250) Metaspace: 29090K(29504K)->29090K(29504K) NonClass: 25530K(25728K)->25530K(25728K) Class: 3559K(3776K)->3559K(3776K)
[350.783s][info][gc          ] GC(1250) Pause Young (Concurrent Start) (G1 Humongous Allocation) 210M->16M(254M) 3.632ms
[350.783s][info][gc,cpu      ] GC(1250) User=0.00s Sys=0.01s Real=0.00s
[350.783s][info][gc          ] GC(1251) Concurrent Undo Cycle
[350.783s][info][gc,marking  ] GC(1251) Concurrent Cleanup for Next Mark
[350.784s][info][gc,marking  ] GC(1251) Concurrent Cleanup for Next Mark 0.163ms
[350.784s][info][gc          ] GC(1251) Concurrent Undo Cycle 0.414ms
[351.308s][info][gc,start    ] GC(1252) Pause Young (Concurrent Start) (G1 Humongous Allocation)
[351.308s][info][gc,task     ] GC(1252) Using 8 workers of 8 for evacuation
[351.329s][info][gc,phases   ] GC(1252)   Pre Evacuate Collection Set: 0.5ms
[351.329s][info][gc,phases   ] GC(1252)   Merge Heap Roots: 6.0ms
[351.329s][info][gc,phases   ] GC(1252)   Evacuate Collection Set: 11.5ms
[351.329s][info][gc,phases   ] GC(1252)   Post Evacuate Collection Set: 0.3ms
[351.330s][info][gc,phases   ] GC(1252)   Other: 3.4ms
[351.330s][info][gc,heap     ] GC(1252) Eden regions: 1->0(75)
[351.330s][info][gc,heap     ] GC(1252) Survivor regions: 1->1(10)
[351.330s][info][gc,heap     ] GC(1252) Old regions: 8->8
[351.330s][info][gc,heap     ] GC(1252) Archive regions: 2->2
[351.330s][info][gc,heap     ] GC(1252) Humongous regions: 96->0
[351.330s][info][gc,metaspace] GC(1252) Metaspace: 29090K(29504K)->29090K(29504K) NonClass: 25530K(25728K)->25530K(25728K) Class: 3559K(3776K)->3559K(3776K)
[351.330s][info][gc          ] GC(1252) Pause Young (Concurrent Start) (G1 Humongous Allocation) 209M->16M(254M) 21.971ms
[351.330s][info][gc          ] GC(1253) Concurrent Undo Cycle
[351.330s][info][gc,cpu      ] GC(1252) User=0.00s Sys=0.00s Real=0.03s
[351.330s][info][gc,marking  ] GC(1253) Concurrent Cleanup for Next Mark
[351.330s][info][gc,marking  ] GC(1253) Concurrent Cleanup for Next Mark 0.062ms
[351.330s][info][gc          ] GC(1253) Concurrent Undo Cycle 0.140ms
[351.844s][info][gc,start    ] GC(1254) Pause Young (Concurrent Start) (G1 Humongous Allocation)
[351.844s][info][gc,task     ] GC(1254) Using 8 workers of 8 for evacuation
[351.845s][info][gc,phases   ] GC(1254)   Pre Evacuate Collection Set: 0.1ms
[351.845s][info][gc,phases   ] GC(1254)   Merge Heap Roots: 0.0ms
[351.845s][info][gc,phases   ] GC(1254)   Evacuate Collection Set: 0.5ms
[351.845s][info][gc,phases   ] GC(1254)   Post Evacuate Collection Set: 0.3ms
[351.845s][info][gc,phases   ] GC(1254)   Other: 0.1ms
[351.845s][info][gc,heap     ] GC(1254) Eden regions: 2->0(75)
[351.845s][info][gc,heap     ] GC(1254) Survivor regions: 1->1(10)
[351.845s][info][gc,heap     ] GC(1254) Old regions: 8->8
[351.845s][info][gc,heap     ] GC(1254) Archive regions: 2->2
[351.845s][info][gc,heap     ] GC(1254) Humongous regions: 96->0
[351.845s][info][gc,metaspace] GC(1254) Metaspace: 29090K(29504K)->29090K(29504K) NonClass: 25530K(25728K)->25530K(25728K) Class: 3559K(3776K)->3559K(3776K)
[351.845s][info][gc          ] GC(1254) Pause Young (Concurrent Start) (G1 Humongous Allocation) 210M->16M(254M) 1.282ms
[351.845s][info][gc,cpu      ] GC(1254) User=0.00s Sys=0.00s Real=0.00s
[351.845s][info][gc          ] GC(1255) Concurrent Undo Cycle
[351.845s][info][gc,marking  ] GC(1255) Concurrent Cleanup for Next Mark
[351.845s][info][gc,marking  ] GC(1255) Concurrent Cleanup for Next Mark 0.060ms
[351.845s][info][gc          ] GC(1255) Concurrent Undo Cycle 0.123ms
[352.354s][info][gc,start    ] GC(1256) Pause Young (Concurrent Start) (G1 Humongous Allocation)
[352.354s][info][gc,task     ] GC(1256) Using 8 workers of 8 for evacuation
[352.355s][info][gc,phases   ] GC(1256)   Pre Evacuate Collection Set: 0.3ms
[352.355s][info][gc,phases   ] GC(1256)   Merge Heap Roots: 0.1ms
[352.355s][info][gc,phases   ] GC(1256)   Evacuate Collection Set: 0.6ms
[352.355s][info][gc,phases   ] GC(1256)   Post Evacuate Collection Set: 0.4ms
[352.355s][info][gc,phases   ] GC(1256)   Other: -0.0ms
[352.355s][info][gc,heap     ] GC(1256) Eden regions: 2->0(75)
[352.355s][info][gc,heap     ] GC(1256) Survivor regions: 1->1(10)
[352.355s][info][gc,heap     ] GC(1256) Old regions: 8->8
[352.355s][info][gc,heap     ] GC(1256) Archive regions: 2->2
[352.355s][info][gc,heap     ] GC(1256) Humongous regions: 96->0
[352.355s][info][gc,metaspace] GC(1256) Metaspace: 29090K(29504K)->29090K(29504K) NonClass: 25530K(25728K)->25530K(25728K) Class: 3559K(3776K)->3559K(3776K)
[352.356s][info][gc          ] GC(1256) Pause Young (Concurrent Start) (G1 Humongous Allocation) 210M->16M(254M) 1.504ms
[352.356s][info][gc,cpu      ] GC(1256) User=0.00s Sys=0.00s Real=0.00s
[352.356s][info][gc          ] GC(1257) Concurrent Undo Cycle
[352.356s][info][gc,marking  ] GC(1257) Concurrent Cleanup for Next Mark
[352.356s][info][gc,marking  ] GC(1257) Concurrent Cleanup for Next Mark 0.078ms
[352.356s][info][gc          ] GC(1257) Concurrent Undo Cycle 0.149ms
[352.862s][info][gc,start    ] GC(1258) Pause Young (Concurrent Start) (G1 Humongous Allocation)
[352.862s][info][gc,task     ] GC(1258) Using 8 workers of 8 for evacuation
[352.863s][info][gc,phases   ] GC(1258)   Pre Evacuate Collection Set: 0.1ms
[352.863s][info][gc,phases   ] GC(1258)   Merge Heap Roots: 0.1ms
[352.863s][info][gc,phases   ] GC(1258)   Evacuate Collection Set: 0.5ms
[352.863s][info][gc,phases   ] GC(1258)   Post Evacuate Collection Set: 0.3ms
[352.863s][info][gc,phases   ] GC(1258)   Other: 0.1ms
[352.863s][info][gc,heap     ] GC(1258) Eden regions: 1->0(75)
[352.863s][info][gc,heap     ] GC(1258) Survivor regions: 1->1(10)
[352.863s][info][gc,heap     ] GC(1258) Old regions: 8->8
[352.863s][info][gc,heap     ] GC(1258) Archive regions: 2->2
[352.863s][info][gc,heap     ] GC(1258) Humongous regions: 96->0
[352.863s][info][gc,metaspace] GC(1258) Metaspace: 29090K(29504K)->29090K(29504K) NonClass: 25530K(25728K)->25530K(25728K) Class: 3559K(3776K)->3559K(3776K)
[352.863s][info][gc          ] GC(1258) Pause Young (Concurrent Start) (G1 Humongous Allocation) 209M->16M(254M) 1.505ms
[352.863s][info][gc,cpu      ] GC(1258) User=0.00s Sys=0.00s Real=0.00s
[352.863s][info][gc          ] GC(1259) Concurrent Undo Cycle
[352.864s][info][gc,marking  ] GC(1259) Concurrent Cleanup for Next Mark
[352.864s][info][gc,marking  ] GC(1259) Concurrent Cleanup for Next Mark 0.106ms
[352.864s][info][gc          ] GC(1259) Concurrent Undo Cycle 0.215ms
[353.375s][info][gc,start    ] GC(1260) Pause Young (Concurrent Start) (G1 Humongous Allocation)
[353.375s][info][gc,task     ] GC(1260) Using 8 workers of 8 for evacuation
[353.376s][info][gc,phases   ] GC(1260)   Pre Evacuate Collection Set: 0.1ms
[353.376s][info][gc,phases   ] GC(1260)   Merge Heap Roots: 0.0ms
[353.376s][info][gc,phases   ] GC(1260)   Evacuate Collection Set: 0.8ms
[353.376s][info][gc,phases   ] GC(1260)   Post Evacuate Collection Set: 0.4ms
[353.376s][info][gc,phases   ] GC(1260)   Other: 0.1ms
[353.376s][info][gc,heap     ] GC(1260) Eden regions: 2->0(75)
[353.376s][info][gc,heap     ] GC(1260) Survivor regions: 1->1(10)
[353.376s][info][gc,heap     ] GC(1260) Old regions: 8->8
[353.376s][info][gc,heap     ] GC(1260) Archive regions: 2->2
[353.376s][info][gc,heap     ] GC(1260) Humongous regions: 96->0
[353.376s][info][gc,metaspace] GC(1260) Metaspace: 29090K(29504K)->29090K(29504K) NonClass: 25530K(25728K)->25530K(25728K) Class: 3559K(3776K)->3559K(3776K)
[353.377s][info][gc          ] GC(1260) Pause Young (Concurrent Start) (G1 Humongous Allocation) 210M->16M(254M) 1.791ms
[353.377s][info][gc,cpu      ] GC(1260) User=0.00s Sys=0.00s Real=0.00s
[353.377s][info][gc          ] GC(1261) Concurrent Undo Cycle
[353.377s][info][gc,marking  ] GC(1261) Concurrent Cleanup for Next Mark
[353.377s][info][gc,marking  ] GC(1261) Concurrent Cleanup for Next Mark 0.115ms
[353.377s][info][gc          ] GC(1261) Concurrent Undo Cycle 0.230ms
[353.890s][info][gc,start    ] GC(1262) Pause Young (Concurrent Start) (G1 Humongous Allocation)
[353.890s][info][gc,task     ] GC(1262) Using 8 workers of 8 for evacuation
[353.892s][info][gc,phases   ] GC(1262)   Pre Evacuate Collection Set: 0.4ms
[353.893s][info][gc,phases   ] GC(1262)   Merge Heap Roots: 0.2ms
[353.893s][info][gc,phases   ] GC(1262)   Evacuate Collection Set: 1.2ms
[353.893s][info][gc,phases   ] GC(1262)   Post Evacuate Collection Set: 0.7ms
[353.893s][info][gc,phases   ] GC(1262)   Other: 0.3ms
[353.893s][info][gc,heap     ] GC(1262) Eden regions: 1->0(75)
[353.893s][info][gc,heap     ] GC(1262) Survivor regions: 1->1(10)
[353.893s][info][gc,heap     ] GC(1262) Old regions: 8->8
[353.893s][info][gc,heap     ] GC(1262) Archive regions: 2->2
[353.893s][info][gc,heap     ] GC(1262) Humongous regions: 96->0
[353.893s][info][gc,metaspace] GC(1262) Metaspace: 29090K(29504K)->29090K(29504K) NonClass: 25530K(25728K)->25530K(25728K) Class: 3559K(3776K)->3559K(3776K)
[353.893s][info][gc          ] GC(1262) Pause Young (Concurrent Start) (G1 Humongous Allocation) 209M->16M(254M) 3.435ms
[353.893s][info][gc,cpu      ] GC(1262) User=0.01s Sys=0.01s Real=0.00s
[353.893s][info][gc          ] GC(1263) Concurrent Undo Cycle
[353.893s][info][gc,marking  ] GC(1263) Concurrent Cleanup for Next Mark
[353.893s][info][gc,marking  ] GC(1263) Concurrent Cleanup for Next Mark 0.209ms
[353.894s][info][gc          ] GC(1263) Concurrent Undo Cycle 0.533ms
[354.413s][info][gc,start    ] GC(1264) Pause Young (Concurrent Start) (G1 Humongous Allocation)
[354.414s][info][gc,task     ] GC(1264) Using 8 workers of 8 for evacuation
[354.416s][info][gc,phases   ] GC(1264)   Pre Evacuate Collection Set: 0.4ms
[354.416s][info][gc,phases   ] GC(1264)   Merge Heap Roots: 0.2ms
[354.416s][info][gc,phases   ] GC(1264)   Evacuate Collection Set: 1.1ms
[354.416s][info][gc,phases   ] GC(1264)   Post Evacuate Collection Set: 0.8ms
[354.417s][info][gc,phases   ] GC(1264)   Other: 0.2ms
[354.417s][info][gc,heap     ] GC(1264) Eden regions: 2->0(75)
[354.417s][info][gc,heap     ] GC(1264) Survivor regions: 1->1(10)
[354.417s][info][gc,heap     ] GC(1264) Old regions: 8->8
[354.417s][info][gc,heap     ] GC(1264) Archive regions: 2->2
[354.417s][info][gc,heap     ] GC(1264) Humongous regions: 96->0
[354.417s][info][gc,metaspace] GC(1264) Metaspace: 29090K(29504K)->29090K(29504K) NonClass: 25530K(25728K)->25530K(25728K) Class: 3559K(3776K)->3559K(3776K)
[354.417s][info][gc          ] GC(1264) Pause Young (Concurrent Start) (G1 Humongous Allocation) 210M->16M(254M) 3.502ms
[354.417s][info][gc,cpu      ] GC(1264) User=0.00s Sys=0.00s Real=0.00s
[354.417s][info][gc          ] GC(1265) Concurrent Undo Cycle
[354.417s][info][gc,marking  ] GC(1265) Concurrent Cleanup for Next Mark
[354.417s][info][gc,marking  ] GC(1265) Concurrent Cleanup for Next Mark 0.263ms
[354.417s][info][gc          ] GC(1265) Concurrent Undo Cycle 0.481ms
[354.935s][info][gc,start    ] GC(1266) Pause Young (Concurrent Start) (G1 Humongous Allocation)
[354.935s][info][gc,task     ] GC(1266) Using 8 workers of 8 for evacuation
[354.936s][info][gc,phases   ] GC(1266)   Pre Evacuate Collection Set: 0.2ms
[354.936s][info][gc,phases   ] GC(1266)   Merge Heap Roots: 0.0ms
[354.936s][info][gc,phases   ] GC(1266)   Evacuate Collection Set: 0.5ms
[354.936s][info][gc,phases   ] GC(1266)   Post Evacuate Collection Set: 0.3ms
[354.936s][info][gc,phases   ] GC(1266)   Other: 0.1ms
[354.936s][info][gc,heap     ] GC(1266) Eden regions: 1->0(75)
[354.936s][info][gc,heap     ] GC(1266) Survivor regions: 1->1(10)
[354.936s][info][gc,heap     ] GC(1266) Old regions: 8->8
[354.936s][info][gc,heap     ] GC(1266) Archive regions: 2->2
[354.936s][info][gc,heap     ] GC(1266) Humongous regions: 96->0
[354.936s][info][gc,metaspace] GC(1266) Metaspace: 29090K(29504K)->29090K(29504K) NonClass: 25530K(25728K)->25530K(25728K) Class: 3559K(3776K)->3559K(3776K)
[354.936s][info][gc          ] GC(1266) Pause Young (Concurrent Start) (G1 Humongous Allocation) 209M->16M(254M) 1.354ms
[354.936s][info][gc,cpu      ] GC(1266) User=0.00s Sys=0.00s Real=0.00s
[354.936s][info][gc          ] GC(1267) Concurrent Undo Cycle
[354.936s][info][gc,marking  ] GC(1267) Concurrent Cleanup for Next Mark
[354.936s][info][gc,marking  ] GC(1267) Concurrent Cleanup for Next Mark 0.046ms
[354.936s][info][gc          ] GC(1267) Concurrent Undo Cycle 0.131ms
[355.456s][info][gc,start    ] GC(1268) Pause Young (Concurrent Start) (G1 Humongous Allocation)
[355.456s][info][gc,task     ] GC(1268) Using 8 workers of 8 for evacuation
[355.457s][info][gc,phases   ] GC(1268)   Pre Evacuate Collection Set: 0.1ms
[355.457s][info][gc,phases   ] GC(1268)   Merge Heap Roots: 0.0ms
[355.457s][info][gc,phases   ] GC(1268)   Evacuate Collection Set: 0.5ms
[355.457s][info][gc,phases   ] GC(1268)   Post Evacuate Collection Set: 0.3ms
[355.457s][info][gc,phases   ] GC(1268)   Other: 0.2ms
[355.457s][info][gc,heap     ] GC(1268) Eden regions: 2->0(75)
[355.457s][info][gc,heap     ] GC(1268) Survivor regions: 1->1(10)
[355.457s][info][gc,heap     ] GC(1268) Old regions: 8->8
[355.457s][info][gc,heap     ] GC(1268) Archive regions: 2->2
[355.457s][info][gc,heap     ] GC(1268) Humongous regions: 96->0
[355.457s][info][gc,metaspace] GC(1268) Metaspace: 29090K(29504K)->29090K(29504K) NonClass: 25530K(25728K)->25530K(25728K) Class: 3559K(3776K)->3559K(3776K)
[355.457s][info][gc          ] GC(1268) Pause Young (Concurrent Start) (G1 Humongous Allocation) 210M->16M(254M) 1.404ms
[355.457s][info][gc,cpu      ] GC(1268) User=0.00s Sys=0.00s Real=0.00s
[355.457s][info][gc          ] GC(1269) Concurrent Undo Cycle
[355.457s][info][gc,marking  ] GC(1269) Concurrent Cleanup for Next Mark
[355.457s][info][gc,marking  ] GC(1269) Concurrent Cleanup for Next Mark 0.191ms
[355.457s][info][gc          ] GC(1269) Concurrent Undo Cycle 0.370ms
[355.976s][info][gc,start    ] GC(1270) Pause Young (Concurrent Start) (G1 Humongous Allocation)
[355.976s][info][gc,task     ] GC(1270) Using 8 workers of 8 for evacuation
[355.979s][info][gc,phases   ] GC(1270)   Pre Evacuate Collection Set: 0.4ms
[355.979s][info][gc,phases   ] GC(1270)   Merge Heap Roots: 0.2ms
[355.979s][info][gc,phases   ] GC(1270)   Evacuate Collection Set: 1.3ms
[355.979s][info][gc,phases   ] GC(1270)   Post Evacuate Collection Set: 0.8ms
[355.979s][info][gc,phases   ] GC(1270)   Other: 0.4ms
[355.979s][info][gc,heap     ] GC(1270) Eden regions: 1->0(75)
[355.979s][info][gc,heap     ] GC(1270) Survivor regions: 1->1(10)
[355.980s][info][gc,heap     ] GC(1270) Old regions: 8->8
[355.980s][info][gc,heap     ] GC(1270) Archive regions: 2->2
[355.980s][info][gc,heap     ] GC(1270) Humongous regions: 96->0
[355.980s][info][gc,metaspace] GC(1270) Metaspace: 29090K(29504K)->29090K(29504K) NonClass: 25530K(25728K)->25530K(25728K) Class: 3559K(3776K)->3559K(3776K)
[355.980s][info][gc          ] GC(1270) Pause Young (Concurrent Start) (G1 Humongous Allocation) 209M->16M(254M) 3.772ms
[355.980s][info][gc,cpu      ] GC(1270) User=0.01s Sys=0.00s Real=0.01s
[355.980s][info][gc          ] GC(1271) Concurrent Undo Cycle
[355.980s][info][gc,marking  ] GC(1271) Concurrent Cleanup for Next Mark
[355.980s][info][gc,marking  ] GC(1271) Concurrent Cleanup for Next Mark 0.114ms
[355.980s][info][gc          ] GC(1271) Concurrent Undo Cycle 0.232ms
[356.500s][info][gc,start    ] GC(1272) Pause Young (Concurrent Start) (G1 Humongous Allocation)
[356.500s][info][gc,task     ] GC(1272) Using 8 workers of 8 for evacuation
[356.503s][info][gc,phases   ] GC(1272)   Pre Evacuate Collection Set: 0.4ms
[356.503s][info][gc,phases   ] GC(1272)   Merge Heap Roots: 0.1ms
[356.503s][info][gc,phases   ] GC(1272)   Evacuate Collection Set: 1.2ms
[356.503s][info][gc,phases   ] GC(1272)   Post Evacuate Collection Set: 0.5ms
[356.503s][info][gc,phases   ] GC(1272)   Other: 0.2ms
[356.503s][info][gc,heap     ] GC(1272) Eden regions: 2->0(75)
[356.503s][info][gc,heap     ] GC(1272) Survivor regions: 1->1(10)
[356.503s][info][gc,heap     ] GC(1272) Old regions: 8->8
[356.503s][info][gc,heap     ] GC(1272) Archive regions: 2->2
[356.503s][info][gc,heap     ] GC(1272) Humongous regions: 96->0
[356.503s][info][gc,metaspace] GC(1272) Metaspace: 29090K(29504K)->29090K(29504K) NonClass: 25530K(25728K)->25530K(25728K) Class: 3559K(3776K)->3559K(3776K)
[356.503s][info][gc          ] GC(1272) Pause Young (Concurrent Start) (G1 Humongous Allocation) 210M->16M(254M) 3.074ms
[356.503s][info][gc,cpu      ] GC(1272) User=0.00s Sys=0.00s Real=0.00s
[356.503s][info][gc          ] GC(1273) Concurrent Undo Cycle
[356.503s][info][gc,marking  ] GC(1273) Concurrent Cleanup for Next Mark
[356.504s][info][gc,marking  ] GC(1273) Concurrent Cleanup for Next Mark 0.138ms
[356.504s][info][gc          ] GC(1273) Concurrent Undo Cycle 0.332ms
[357.021s][info][gc,start    ] GC(1274) Pause Young (Concurrent Start) (G1 Humongous Allocation)
[357.021s][info][gc,task     ] GC(1274) Using 8 workers of 8 for evacuation
[357.022s][info][gc,phases   ] GC(1274)   Pre Evacuate Collection Set: 0.2ms
[357.022s][info][gc,phases   ] GC(1274)   Merge Heap Roots: 0.0ms
[357.022s][info][gc,phases   ] GC(1274)   Evacuate Collection Set: 0.4ms
[357.022s][info][gc,phases   ] GC(1274)   Post Evacuate Collection Set: 0.3ms
[357.022s][info][gc,phases   ] GC(1274)   Other: 0.1ms
[357.022s][info][gc,heap     ] GC(1274) Eden regions: 1->0(75)
[357.022s][info][gc,heap     ] GC(1274) Survivor regions: 1->1(10)
[357.022s][info][gc,heap     ] GC(1274) Old regions: 8->8
[357.022s][info][gc,heap     ] GC(1274) Archive regions: 2->2
[357.022s][info][gc,heap     ] GC(1274) Humongous regions: 96->0
[357.022s][info][gc,metaspace] GC(1274) Metaspace: 29090K(29504K)->29090K(29504K) NonClass: 25530K(25728K)->25530K(25728K) Class: 3559K(3776K)->3559K(3776K)
[357.022s][info][gc          ] GC(1274) Pause Young (Concurrent Start) (G1 Humongous Allocation) 210M->16M(254M) 1.193ms
[357.022s][info][gc,cpu      ] GC(1274) User=0.00s Sys=0.00s Real=0.00s
[357.022s][info][gc          ] GC(1275) Concurrent Undo Cycle
[357.022s][info][gc,marking  ] GC(1275) Concurrent Cleanup for Next Mark
[357.022s][info][gc,marking  ] GC(1275) Concurrent Cleanup for Next Mark 0.069ms
[357.022s][info][gc          ] GC(1275) Concurrent Undo Cycle 0.155ms
[357.533s][info][gc,start    ] GC(1276) Pause Young (Concurrent Start) (G1 Humongous Allocation)
[357.534s][info][gc,task     ] GC(1276) Using 8 workers of 8 for evacuation
[357.535s][info][gc,phases   ] GC(1276)   Pre Evacuate Collection Set: 0.1ms
[357.535s][info][gc,phases   ] GC(1276)   Merge Heap Roots: 0.0ms
[357.535s][info][gc,phases   ] GC(1276)   Evacuate Collection Set: 0.5ms
[357.535s][info][gc,phases   ] GC(1276)   Post Evacuate Collection Set: 0.3ms
[357.535s][info][gc,phases   ] GC(1276)   Other: 0.0ms
[357.535s][info][gc,heap     ] GC(1276) Eden regions: 2->0(75)
[357.535s][info][gc,heap     ] GC(1276) Survivor regions: 1->1(10)
[357.535s][info][gc,heap     ] GC(1276) Old regions: 8->8
[357.535s][info][gc,heap     ] GC(1276) Archive regions: 2->2
[357.535s][info][gc,heap     ] GC(1276) Humongous regions: 96->0
[357.535s][info][gc,metaspace] GC(1276) Metaspace: 29090K(29504K)->29090K(29504K) NonClass: 25530K(25728K)->25530K(25728K) Class: 3559K(3776K)->3559K(3776K)
[357.535s][info][gc          ] GC(1276) Pause Young (Concurrent Start) (G1 Humongous Allocation) 210M->16M(254M) 1.244ms
[357.535s][info][gc,cpu      ] GC(1276) User=0.00s Sys=0.00s Real=0.00s
[357.535s][info][gc          ] GC(1277) Concurrent Undo Cycle
[357.535s][info][gc,marking  ] GC(1277) Concurrent Cleanup for Next Mark
[357.535s][info][gc,marking  ] GC(1277) Concurrent Cleanup for Next Mark 0.045ms
[357.535s][info][gc          ] GC(1277) Concurrent Undo Cycle 0.087ms
[358.047s][info][gc,start    ] GC(1278) Pause Young (Concurrent Start) (G1 Humongous Allocation)
[358.047s][info][gc,task     ] GC(1278) Using 8 workers of 8 for evacuation
[358.048s][info][gc,phases   ] GC(1278)   Pre Evacuate Collection Set: 0.1ms
[358.048s][info][gc,phases   ] GC(1278)   Merge Heap Roots: 0.0ms
[358.048s][info][gc,phases   ] GC(1278)   Evacuate Collection Set: 0.4ms
[358.048s][info][gc,phases   ] GC(1278)   Post Evacuate Collection Set: 0.3ms
[358.048s][info][gc,phases   ] GC(1278)   Other: 0.1ms
[358.048s][info][gc,heap     ] GC(1278) Eden regions: 1->0(75)
[358.048s][info][gc,heap     ] GC(1278) Survivor regions: 1->1(10)
[358.048s][info][gc,heap     ] GC(1278) Old regions: 8->8
[358.048s][info][gc,heap     ] GC(1278) Archive regions: 2->2
[358.048s][info][gc,heap     ] GC(1278) Humongous regions: 96->0
[358.048s][info][gc,metaspace] GC(1278) Metaspace: 29090K(29504K)->29090K(29504K) NonClass: 25530K(25728K)->25530K(25728K) Class: 3559K(3776K)->3559K(3776K)
[358.048s][info][gc          ] GC(1278) Pause Young (Concurrent Start) (G1 Humongous Allocation) 209M->16M(254M) 1.162ms
[358.048s][info][gc,cpu      ] GC(1278) User=0.00s Sys=0.00s Real=0.00s
[358.048s][info][gc          ] GC(1279) Concurrent Undo Cycle
[358.048s][info][gc,marking  ] GC(1279) Concurrent Cleanup for Next Mark
[358.048s][info][gc,marking  ] GC(1279) Concurrent Cleanup for Next Mark 0.093ms
[358.048s][info][gc          ] GC(1279) Concurrent Undo Cycle 0.170ms
[358.559s][info][gc,start    ] GC(1280) Pause Young (Concurrent Start) (G1 Humongous Allocation)
[358.560s][info][gc,task     ] GC(1280) Using 8 workers of 8 for evacuation
[358.563s][info][gc,phases   ] GC(1280)   Pre Evacuate Collection Set: 0.4ms
[358.563s][info][gc,phases   ] GC(1280)   Merge Heap Roots: 0.2ms
[358.563s][info][gc,phases   ] GC(1280)   Evacuate Collection Set: 1.3ms
[358.563s][info][gc,phases   ] GC(1280)   Post Evacuate Collection Set: 0.8ms
[358.563s][info][gc,phases   ] GC(1280)   Other: 0.2ms
[358.563s][info][gc,heap     ] GC(1280) Eden regions: 2->0(75)
[358.563s][info][gc,heap     ] GC(1280) Survivor regions: 1->1(10)
[358.563s][info][gc,heap     ] GC(1280) Old regions: 8->8
[358.563s][info][gc,heap     ] GC(1280) Archive regions: 2->2
[358.563s][info][gc,heap     ] GC(1280) Humongous regions: 96->0
[358.563s][info][gc,metaspace] GC(1280) Metaspace: 29090K(29504K)->29090K(29504K) NonClass: 25530K(25728K)->25530K(25728K) Class: 3559K(3776K)->3559K(3776K)
[358.563s][info][gc          ] GC(1280) Pause Young (Concurrent Start) (G1 Humongous Allocation) 210M->16M(254M) 3.487ms
[358.563s][info][gc,cpu      ] GC(1280) User=0.01s Sys=0.00s Real=0.00s
[358.563s][info][gc          ] GC(1281) Concurrent Undo Cycle
[358.563s][info][gc,marking  ] GC(1281) Concurrent Cleanup for Next Mark
[358.563s][info][gc,marking  ] GC(1281) Concurrent Cleanup for Next Mark 0.162ms
[358.563s][info][gc          ] GC(1281) Concurrent Undo Cycle 0.346ms
[359.084s][info][gc,start    ] GC(1282) Pause Young (Concurrent Start) (G1 Humongous Allocation)
[359.084s][info][gc,task     ] GC(1282) Using 8 workers of 8 for evacuation
[359.087s][info][gc,phases   ] GC(1282)   Pre Evacuate Collection Set: 0.4ms
[359.087s][info][gc,phases   ] GC(1282)   Merge Heap Roots: 0.2ms
[359.087s][info][gc,phases   ] GC(1282)   Evacuate Collection Set: 1.3ms
[359.087s][info][gc,phases   ] GC(1282)   Post Evacuate Collection Set: 0.8ms
[359.087s][info][gc,phases   ] GC(1282)   Other: 0.2ms
[359.087s][info][gc,heap     ] GC(1282) Eden regions: 1->0(75)
[359.087s][info][gc,heap     ] GC(1282) Survivor regions: 1->1(10)
[359.087s][info][gc,heap     ] GC(1282) Old regions: 8->8
[359.087s][info][gc,heap     ] GC(1282) Archive regions: 2->2
[359.087s][info][gc,heap     ] GC(1282) Humongous regions: 96->0
[359.087s][info][gc,metaspace] GC(1282) Metaspace: 29090K(29504K)->29090K(29504K) NonClass: 25530K(25728K)->25530K(25728K) Class: 3559K(3776K)->3559K(3776K)
[359.087s][info][gc          ] GC(1282) Pause Young (Concurrent Start) (G1 Humongous Allocation) 209M->16M(254M) 3.545ms
[359.087s][info][gc,cpu      ] GC(1282) User=0.01s Sys=0.01s Real=0.00s
[359.088s][info][gc          ] GC(1283) Concurrent Undo Cycle
[359.088s][info][gc,marking  ] GC(1283) Concurrent Cleanup for Next Mark
[359.088s][info][gc,marking  ] GC(1283) Concurrent Cleanup for Next Mark 0.170ms
[359.088s][info][gc          ] GC(1283) Concurrent Undo Cycle 0.369ms
[359.608s][info][gc,start    ] GC(1284) Pause Young (Concurrent Start) (G1 Humongous Allocation)
[359.609s][info][gc,task     ] GC(1284) Using 8 workers of 8 for evacuation
[359.612s][info][gc,phases   ] GC(1284)   Pre Evacuate Collection Set: 0.5ms
[359.612s][info][gc,phases   ] GC(1284)   Merge Heap Roots: 0.2ms
[359.612s][info][gc,phases   ] GC(1284)   Evacuate Collection Set: 1.3ms
[359.612s][info][gc,phases   ] GC(1284)   Post Evacuate Collection Set: 0.8ms
[359.612s][info][gc,phases   ] GC(1284)   Other: 0.2ms
[359.612s][info][gc,heap     ] GC(1284) Eden regions: 2->0(75)
[359.612s][info][gc,heap     ] GC(1284) Survivor regions: 1->1(10)
[359.612s][info][gc,heap     ] GC(1284) Old regions: 8->8
[359.612s][info][gc,heap     ] GC(1284) Archive regions: 2->2
[359.612s][info][gc,heap     ] GC(1284) Humongous regions: 96->0
[359.612s][info][gc,metaspace] GC(1284) Metaspace: 29090K(29504K)->29090K(29504K) NonClass: 25530K(25728K)->25530K(25728K) Class: 3559K(3776K)->3559K(3776K)
[359.612s][info][gc          ] GC(1284) Pause Young (Concurrent Start) (G1 Humongous Allocation) 210M->16M(254M) 3.584ms
[359.612s][info][gc,cpu      ] GC(1284) User=0.00s Sys=0.00s Real=0.01s
[359.612s][info][gc          ] GC(1285) Concurrent Undo Cycle
[359.612s][info][gc,marking  ] GC(1285) Concurrent Cleanup for Next Mark
[359.613s][info][gc,marking  ] GC(1285) Concurrent Cleanup for Next Mark 0.236ms
[359.613s][info][gc          ] GC(1285) Concurrent Undo Cycle 0.502ms
[360.132s][info][gc,start    ] GC(1286) Pause Young (Concurrent Start) (G1 Humongous Allocation)
[360.132s][info][gc,task     ] GC(1286) Using 8 workers of 8 for evacuation
[360.135s][info][gc,phases   ] GC(1286)   Pre Evacuate Collection Set: 0.6ms
[360.135s][info][gc,phases   ] GC(1286)   Merge Heap Roots: 0.2ms
[360.135s][info][gc,phases   ] GC(1286)   Evacuate Collection Set: 1.3ms
[360.135s][info][gc,phases   ] GC(1286)   Post Evacuate Collection Set: 0.8ms
[360.135s][info][gc,phases   ] GC(1286)   Other: 0.2ms
[360.135s][info][gc,heap     ] GC(1286) Eden regions: 1->0(75)
[360.135s][info][gc,heap     ] GC(1286) Survivor regions: 1->1(10)
[360.135s][info][gc,heap     ] GC(1286) Old regions: 8->8
[360.135s][info][gc,heap     ] GC(1286) Archive regions: 2->2
[360.135s][info][gc,heap     ] GC(1286) Humongous regions: 96->0
[360.135s][info][gc,metaspace] GC(1286) Metaspace: 29090K(29504K)->29090K(29504K) NonClass: 25530K(25728K)->25530K(25728K) Class: 3559K(3776K)->3559K(3776K)
[360.135s][info][gc          ] GC(1286) Pause Young (Concurrent Start) (G1 Humongous Allocation) 209M->16M(254M) 3.687ms
[360.136s][info][gc,cpu      ] GC(1286) User=0.01s Sys=0.01s Real=0.00s
[360.136s][info][gc          ] GC(1287) Concurrent Undo Cycle
[360.136s][info][gc,marking  ] GC(1287) Concurrent Cleanup for Next Mark
[360.136s][info][gc,marking  ] GC(1287) Concurrent Cleanup for Next Mark 0.206ms
[360.136s][info][gc          ] GC(1287) Concurrent Undo Cycle 0.398ms
[360.653s][info][gc,start    ] GC(1288) Pause Young (Concurrent Start) (G1 Humongous Allocation)
[360.654s][info][gc,task     ] GC(1288) Using 8 workers of 8 for evacuation
[360.655s][info][gc,phases   ] GC(1288)   Pre Evacuate Collection Set: 0.3ms
[360.656s][info][gc,phases   ] GC(1288)   Merge Heap Roots: 0.1ms
[360.656s][info][gc,phases   ] GC(1288)   Evacuate Collection Set: 0.9ms
[360.656s][info][gc,phases   ] GC(1288)   Post Evacuate Collection Set: 0.5ms
[360.656s][info][gc,phases   ] GC(1288)   Other: 0.1ms
[360.656s][info][gc,heap     ] GC(1288) Eden regions: 2->0(75)
[360.656s][info][gc,heap     ] GC(1288) Survivor regions: 1->1(10)
[360.656s][info][gc,heap     ] GC(1288) Old regions: 8->8
[360.656s][info][gc,heap     ] GC(1288) Archive regions: 2->2
[360.656s][info][gc,heap     ] GC(1288) Humongous regions: 96->0
[360.656s][info][gc,metaspace] GC(1288) Metaspace: 29090K(29504K)->29090K(29504K) NonClass: 25530K(25728K)->25530K(25728K) Class: 3559K(3776K)->3559K(3776K)
[360.656s][info][gc          ] GC(1288) Pause Young (Concurrent Start) (G1 Humongous Allocation) 210M->16M(254M) 2.324ms
[360.656s][info][gc,cpu      ] GC(1288) User=0.01s Sys=0.00s Real=0.00s
[360.656s][info][gc          ] GC(1289) Concurrent Undo Cycle
[360.656s][info][gc,marking  ] GC(1289) Concurrent Cleanup for Next Mark
[360.656s][info][gc,marking  ] GC(1289) Concurrent Cleanup for Next Mark 0.141ms
[360.656s][info][gc          ] GC(1289) Concurrent Undo Cycle 0.259ms
[361.173s][info][gc,start    ] GC(1290) Pause Young (Concurrent Start) (G1 Humongous Allocation)
[361.173s][info][gc,task     ] GC(1290) Using 8 workers of 8 for evacuation
[361.176s][info][gc,phases   ] GC(1290)   Pre Evacuate Collection Set: 0.4ms
[361.176s][info][gc,phases   ] GC(1290)   Merge Heap Roots: 0.2ms
[361.176s][info][gc,phases   ] GC(1290)   Evacuate Collection Set: 1.3ms
[361.176s][info][gc,phases   ] GC(1290)   Post Evacuate Collection Set: 0.8ms
[361.177s][info][gc,phases   ] GC(1290)   Other: 0.3ms
[361.177s][info][gc,heap     ] GC(1290) Eden regions: 1->0(75)
[361.177s][info][gc,heap     ] GC(1290) Survivor regions: 1->1(10)
[361.177s][info][gc,heap     ] GC(1290) Old regions: 8->8
[361.177s][info][gc,heap     ] GC(1290) Archive regions: 2->2
[361.177s][info][gc,heap     ] GC(1290) Humongous regions: 96->0
[361.177s][info][gc,metaspace] GC(1290) Metaspace: 29090K(29504K)->29090K(29504K) NonClass: 25530K(25728K)->25530K(25728K) Class: 3559K(3776K)->3559K(3776K)
[361.177s][info][gc          ] GC(1290) Pause Young (Concurrent Start) (G1 Humongous Allocation) 209M->16M(254M) 3.583ms
[361.177s][info][gc,cpu      ] GC(1290) User=0.01s Sys=0.00s Real=0.00s
[361.177s][info][gc          ] GC(1291) Concurrent Undo Cycle
[361.177s][info][gc,marking  ] GC(1291) Concurrent Cleanup for Next Mark
[361.177s][info][gc,marking  ] GC(1291) Concurrent Cleanup for Next Mark 0.244ms
[361.177s][info][gc          ] GC(1291) Concurrent Undo Cycle 0.442ms
[361.695s][info][gc,start    ] GC(1292) Pause Young (Concurrent Start) (G1 Humongous Allocation)
[361.695s][info][gc,task     ] GC(1292) Using 8 workers of 8 for evacuation
[361.696s][info][gc,phases   ] GC(1292)   Pre Evacuate Collection Set: 0.2ms
[361.696s][info][gc,phases   ] GC(1292)   Merge Heap Roots: 0.0ms
[361.696s][info][gc,phases   ] GC(1292)   Evacuate Collection Set: 0.6ms
[361.696s][info][gc,phases   ] GC(1292)   Post Evacuate Collection Set: 0.3ms
[361.696s][info][gc,phases   ] GC(1292)   Other: 0.1ms
[361.696s][info][gc,heap     ] GC(1292) Eden regions: 2->0(75)
[361.696s][info][gc,heap     ] GC(1292) Survivor regions: 1->1(10)
[361.696s][info][gc,heap     ] GC(1292) Old regions: 8->8
[361.696s][info][gc,heap     ] GC(1292) Archive regions: 2->2
[361.696s][info][gc,heap     ] GC(1292) Humongous regions: 96->0
[361.696s][info][gc,metaspace] GC(1292) Metaspace: 29090K(29504K)->29090K(29504K) NonClass: 25530K(25728K)->25530K(25728K) Class: 3559K(3776K)->3559K(3776K)
[361.696s][info][gc          ] GC(1292) Pause Young (Concurrent Start) (G1 Humongous Allocation) 210M->16M(254M) 1.444ms
[361.696s][info][gc          ] GC(1293) Concurrent Undo Cycle
[361.696s][info][gc,cpu      ] GC(1292) User=0.00s Sys=0.01s Real=0.00s
[361.696s][info][gc,marking  ] GC(1293) Concurrent Cleanup for Next Mark
[361.697s][info][gc,marking  ] GC(1293) Concurrent Cleanup for Next Mark 0.059ms
[361.697s][info][gc          ] GC(1293) Concurrent Undo Cycle 0.105ms
[362.204s][info][gc,start    ] GC(1294) Pause Young (Concurrent Start) (G1 Humongous Allocation)
[362.204s][info][gc,task     ] GC(1294) Using 8 workers of 8 for evacuation
[362.205s][info][gc,phases   ] GC(1294)   Pre Evacuate Collection Set: 0.1ms
[362.205s][info][gc,phases   ] GC(1294)   Merge Heap Roots: 0.0ms
[362.205s][info][gc,phases   ] GC(1294)   Evacuate Collection Set: 0.5ms
[362.205s][info][gc,phases   ] GC(1294)   Post Evacuate Collection Set: 0.2ms
[362.205s][info][gc,phases   ] GC(1294)   Other: 0.1ms
[362.205s][info][gc,heap     ] GC(1294) Eden regions: 1->0(75)
[362.205s][info][gc,heap     ] GC(1294) Survivor regions: 1->1(10)
[362.205s][info][gc,heap     ] GC(1294) Old regions: 8->8
[362.205s][info][gc,heap     ] GC(1294) Archive regions: 2->2
[362.205s][info][gc,heap     ] GC(1294) Humongous regions: 96->0
[362.205s][info][gc,metaspace] GC(1294) Metaspace: 29090K(29504K)->29090K(29504K) NonClass: 25530K(25728K)->25530K(25728K) Class: 3559K(3776K)->3559K(3776K)
[362.205s][info][gc          ] GC(1294) Pause Young (Concurrent Start) (G1 Humongous Allocation) 209M->16M(254M) 1.136ms
[362.205s][info][gc          ] GC(1295) Concurrent Undo Cycle
[362.205s][info][gc,cpu      ] GC(1294) User=0.00s Sys=0.00s Real=0.00s
[362.205s][info][gc,marking  ] GC(1295) Concurrent Cleanup for Next Mark
[362.205s][info][gc,marking  ] GC(1295) Concurrent Cleanup for Next Mark 0.049ms
[362.205s][info][gc          ] GC(1295) Concurrent Undo Cycle 0.094ms
[362.716s][info][gc,start    ] GC(1296) Pause Young (Concurrent Start) (G1 Humongous Allocation)
[362.716s][info][gc,task     ] GC(1296) Using 8 workers of 8 for evacuation
[362.718s][info][gc,phases   ] GC(1296)   Pre Evacuate Collection Set: 0.2ms
[362.718s][info][gc,phases   ] GC(1296)   Merge Heap Roots: 0.0ms
[362.718s][info][gc,phases   ] GC(1296)   Evacuate Collection Set: 0.7ms
[362.718s][info][gc,phases   ] GC(1296)   Post Evacuate Collection Set: 0.7ms
[362.718s][info][gc,phases   ] GC(1296)   Other: 0.2ms
[362.718s][info][gc,heap     ] GC(1296) Eden regions: 2->0(75)
[362.718s][info][gc,heap     ] GC(1296) Survivor regions: 1->1(10)
[362.718s][info][gc,heap     ] GC(1296) Old regions: 8->8
[362.718s][info][gc,heap     ] GC(1296) Archive regions: 2->2
[362.718s][info][gc,heap     ] GC(1296) Humongous regions: 96->0
[362.718s][info][gc,metaspace] GC(1296) Metaspace: 29090K(29504K)->29090K(29504K) NonClass: 25530K(25728K)->25530K(25728K) Class: 3559K(3776K)->3559K(3776K)
[362.718s][info][gc          ] GC(1296) Pause Young (Concurrent Start) (G1 Humongous Allocation) 210M->16M(254M) 2.529ms
[362.719s][info][gc          ] GC(1297) Concurrent Undo Cycle
[362.719s][info][gc,cpu      ] GC(1296) User=0.00s Sys=0.00s Real=0.00s
[362.719s][info][gc,marking  ] GC(1297) Concurrent Cleanup for Next Mark
[362.719s][info][gc,marking  ] GC(1297) Concurrent Cleanup for Next Mark 0.185ms
[362.719s][info][gc          ] GC(1297) Concurrent Undo Cycle 0.324ms
[363.236s][info][gc,start    ] GC(1298) Pause Young (Concurrent Start) (G1 Humongous Allocation)
[363.236s][info][gc,task     ] GC(1298) Using 8 workers of 8 for evacuation
[363.238s][info][gc,phases   ] GC(1298)   Pre Evacuate Collection Set: 0.3ms
[363.238s][info][gc,phases   ] GC(1298)   Merge Heap Roots: 0.1ms
[363.238s][info][gc,phases   ] GC(1298)   Evacuate Collection Set: 0.9ms
[363.238s][info][gc,phases   ] GC(1298)   Post Evacuate Collection Set: 0.3ms
[363.238s][info][gc,phases   ] GC(1298)   Other: 0.1ms
[363.238s][info][gc,heap     ] GC(1298) Eden regions: 1->0(75)
[363.238s][info][gc,heap     ] GC(1298) Survivor regions: 1->1(10)
[363.238s][info][gc,heap     ] GC(1298) Old regions: 8->8
[363.238s][info][gc,heap     ] GC(1298) Archive regions: 2->2
[363.238s][info][gc,heap     ] GC(1298) Humongous regions: 96->0
[363.238s][info][gc,metaspace] GC(1298) Metaspace: 29090K(29504K)->29090K(29504K) NonClass: 25530K(25728K)->25530K(25728K) Class: 3559K(3776K)->3559K(3776K)
[363.238s][info][gc          ] GC(1298) Pause Young (Concurrent Start) (G1 Humongous Allocation) 209M->16M(254M) 2.005ms
[363.238s][info][gc          ] GC(1299) Concurrent Undo Cycle
[363.238s][info][gc,cpu      ] GC(1298) User=0.00s Sys=0.00s Real=0.00s
[363.238s][info][gc,marking  ] GC(1299) Concurrent Cleanup for Next Mark
[363.238s][info][gc,marking  ] GC(1299) Concurrent Cleanup for Next Mark 0.047ms
[363.238s][info][gc          ] GC(1299) Concurrent Undo Cycle 0.099ms
[363.760s][info][gc,start    ] GC(1300) Pause Young (Concurrent Start) (G1 Humongous Allocation)
[363.761s][info][gc,task     ] GC(1300) Using 8 workers of 8 for evacuation
[363.763s][info][gc,phases   ] GC(1300)   Pre Evacuate Collection Set: 0.3ms
[363.763s][info][gc,phases   ] GC(1300)   Merge Heap Roots: 0.1ms
[363.763s][info][gc,phases   ] GC(1300)   Evacuate Collection Set: 0.8ms
[363.763s][info][gc,phases   ] GC(1300)   Post Evacuate Collection Set: 0.5ms
[363.763s][info][gc,phases   ] GC(1300)   Other: 0.1ms
[363.763s][info][gc,heap     ] GC(1300) Eden regions: 2->0(75)
[363.763s][info][gc,heap     ] GC(1300) Survivor regions: 1->1(10)
[363.763s][info][gc,heap     ] GC(1300) Old regions: 8->8
[363.763s][info][gc,heap     ] GC(1300) Archive regions: 2->2
[363.763s][info][gc,heap     ] GC(1300) Humongous regions: 96->0
[363.763s][info][gc,metaspace] GC(1300) Metaspace: 29090K(29504K)->29090K(29504K) NonClass: 25530K(25728K)->25530K(25728K) Class: 3559K(3776K)->3559K(3776K)
[363.763s][info][gc          ] GC(1300) Pause Young (Concurrent Start) (G1 Humongous Allocation) 210M->16M(254M) 3.258ms
[363.764s][info][gc,cpu      ] GC(1300) User=0.00s Sys=0.00s Real=0.00s
[363.764s][info][gc          ] GC(1301) Concurrent Undo Cycle
[363.764s][info][gc,marking  ] GC(1301) Concurrent Cleanup for Next Mark
[363.764s][info][gc,marking  ] GC(1301) Concurrent Cleanup for Next Mark 0.104ms
[363.764s][info][gc          ] GC(1301) Concurrent Undo Cycle 0.267ms
[364.276s][info][gc,start    ] GC(1302) Pause Young (Concurrent Start) (G1 Humongous Allocation)
[364.276s][info][gc,task     ] GC(1302) Using 8 workers of 8 for evacuation
[364.277s][info][gc,phases   ] GC(1302)   Pre Evacuate Collection Set: 0.2ms
[364.277s][info][gc,phases   ] GC(1302)   Merge Heap Roots: 0.0ms
[364.277s][info][gc,phases   ] GC(1302)   Evacuate Collection Set: 0.5ms
[364.277s][info][gc,phases   ] GC(1302)   Post Evacuate Collection Set: 0.2ms
[364.277s][info][gc,phases   ] GC(1302)   Other: 0.1ms
[364.277s][info][gc,heap     ] GC(1302) Eden regions: 1->0(75)
[364.277s][info][gc,heap     ] GC(1302) Survivor regions: 1->1(10)
[364.278s][info][gc,heap     ] GC(1302) Old regions: 8->8
[364.278s][info][gc,heap     ] GC(1302) Archive regions: 2->2
[364.278s][info][gc,heap     ] GC(1302) Humongous regions: 96->0
[364.278s][info][gc,metaspace] GC(1302) Metaspace: 29090K(29504K)->29090K(29504K) NonClass: 25530K(25728K)->25530K(25728K) Class: 3559K(3776K)->3559K(3776K)
[364.278s][info][gc          ] GC(1302) Pause Young (Concurrent Start) (G1 Humongous Allocation) 209M->16M(254M) 1.173ms
[364.278s][info][gc          ] GC(1303) Concurrent Undo Cycle
[364.278s][info][gc,cpu      ] GC(1302) User=0.01s Sys=0.01s Real=0.00s
[364.278s][info][gc,marking  ] GC(1303) Concurrent Cleanup for Next Mark
[364.278s][info][gc,marking  ] GC(1303) Concurrent Cleanup for Next Mark 0.050ms
[364.278s][info][gc          ] GC(1303) Concurrent Undo Cycle 0.110ms
[364.799s][info][gc,start    ] GC(1304) Pause Young (Concurrent Start) (G1 Humongous Allocation)
[364.799s][info][gc,task     ] GC(1304) Using 8 workers of 8 for evacuation
[364.801s][info][gc,phases   ] GC(1304)   Pre Evacuate Collection Set: 0.2ms
[364.801s][info][gc,phases   ] GC(1304)   Merge Heap Roots: 0.0ms
[364.801s][info][gc,phases   ] GC(1304)   Evacuate Collection Set: 0.7ms
[364.801s][info][gc,phases   ] GC(1304)   Post Evacuate Collection Set: 0.4ms
[364.801s][info][gc,phases   ] GC(1304)   Other: 0.1ms
[364.801s][info][gc,heap     ] GC(1304) Eden regions: 2->0(75)
[364.801s][info][gc,heap     ] GC(1304) Survivor regions: 1->1(10)
[364.801s][info][gc,heap     ] GC(1304) Old regions: 8->8
[364.801s][info][gc,heap     ] GC(1304) Archive regions: 2->2
[364.801s][info][gc,heap     ] GC(1304) Humongous regions: 96->0
[364.801s][info][gc,metaspace] GC(1304) Metaspace: 29090K(29504K)->29090K(29504K) NonClass: 25530K(25728K)->25530K(25728K) Class: 3559K(3776K)->3559K(3776K)
[364.801s][info][gc          ] GC(1304) Pause Young (Concurrent Start) (G1 Humongous Allocation) 210M->16M(254M) 1.989ms
[364.801s][info][gc          ] GC(1305) Concurrent Undo Cycle
[364.801s][info][gc,cpu      ] GC(1304) User=0.00s Sys=0.00s Real=0.00s
[364.801s][info][gc,marking  ] GC(1305) Concurrent Cleanup for Next Mark
[364.801s][info][gc,marking  ] GC(1305) Concurrent Cleanup for Next Mark 0.135ms
[364.802s][info][gc          ] GC(1305) Concurrent Undo Cycle 0.315ms
[365.317s][info][gc,start    ] GC(1306) Pause Young (Concurrent Start) (G1 Humongous Allocation)
[365.317s][info][gc,task     ] GC(1306) Using 8 workers of 8 for evacuation
[365.319s][info][gc,phases   ] GC(1306)   Pre Evacuate Collection Set: 0.4ms
[365.319s][info][gc,phases   ] GC(1306)   Merge Heap Roots: 0.2ms
[365.319s][info][gc,phases   ] GC(1306)   Evacuate Collection Set: 1.0ms
[365.319s][info][gc,phases   ] GC(1306)   Post Evacuate Collection Set: 0.6ms
[365.319s][info][gc,phases   ] GC(1306)   Other: 0.2ms
[365.319s][info][gc,heap     ] GC(1306) Eden regions: 1->0(75)
[365.319s][info][gc,heap     ] GC(1306) Survivor regions: 1->1(10)
[365.319s][info][gc,heap     ] GC(1306) Old regions: 8->8
[365.319s][info][gc,heap     ] GC(1306) Archive regions: 2->2
[365.319s][info][gc,heap     ] GC(1306) Humongous regions: 96->0
[365.319s][info][gc,metaspace] GC(1306) Metaspace: 29090K(29504K)->29090K(29504K) NonClass: 25530K(25728K)->25530K(25728K) Class: 3559K(3776K)->3559K(3776K)
[365.319s][info][gc          ] GC(1306) Pause Young (Concurrent Start) (G1 Humongous Allocation) 209M->16M(254M) 2.911ms
[365.320s][info][gc,cpu      ] GC(1306) User=0.00s Sys=0.00s Real=0.01s
[365.320s][info][gc          ] GC(1307) Concurrent Undo Cycle
[365.320s][info][gc,marking  ] GC(1307) Concurrent Cleanup for Next Mark
[365.320s][info][gc,marking  ] GC(1307) Concurrent Cleanup for Next Mark 0.195ms
[365.320s][info][gc          ] GC(1307) Concurrent Undo Cycle 0.423ms
[365.836s][info][gc,start    ] GC(1308) Pause Young (Concurrent Start) (G1 Humongous Allocation)
[365.836s][info][gc,task     ] GC(1308) Using 8 workers of 8 for evacuation
[365.839s][info][gc,phases   ] GC(1308)   Pre Evacuate Collection Set: 0.5ms
[365.839s][info][gc,phases   ] GC(1308)   Merge Heap Roots: 0.2ms
[365.839s][info][gc,phases   ] GC(1308)   Evacuate Collection Set: 1.3ms
[365.839s][info][gc,phases   ] GC(1308)   Post Evacuate Collection Set: 0.7ms
[365.839s][info][gc,phases   ] GC(1308)   Other: 0.2ms
[365.839s][info][gc,heap     ] GC(1308) Eden regions: 2->0(75)
[365.839s][info][gc,heap     ] GC(1308) Survivor regions: 1->1(10)
[365.839s][info][gc,heap     ] GC(1308) Old regions: 8->8
[365.839s][info][gc,heap     ] GC(1308) Archive regions: 2->2
[365.839s][info][gc,heap     ] GC(1308) Humongous regions: 96->0
[365.839s][info][gc,metaspace] GC(1308) Metaspace: 29090K(29504K)->29090K(29504K) NonClass: 25530K(25728K)->25530K(25728K) Class: 3559K(3776K)->3559K(3776K)
[365.839s][info][gc          ] GC(1308) Pause Young (Concurrent Start) (G1 Humongous Allocation) 210M->16M(254M) 3.618ms
[365.839s][info][gc,cpu      ] GC(1308) User=0.01s Sys=0.01s Real=0.01s
[365.839s][info][gc          ] GC(1309) Concurrent Undo Cycle
[365.839s][info][gc,marking  ] GC(1309) Concurrent Cleanup for Next Mark
[365.840s][info][gc,marking  ] GC(1309) Concurrent Cleanup for Next Mark 0.190ms
[365.840s][info][gc          ] GC(1309) Concurrent Undo Cycle 0.527ms
[366.359s][info][gc,start    ] GC(1310) Pause Young (Concurrent Start) (G1 Humongous Allocation)
[366.359s][info][gc,task     ] GC(1310) Using 8 workers of 8 for evacuation
[366.361s][info][gc,phases   ] GC(1310)   Pre Evacuate Collection Set: 0.3ms
[366.362s][info][gc,phases   ] GC(1310)   Merge Heap Roots: 0.1ms
[366.362s][info][gc,phases   ] GC(1310)   Evacuate Collection Set: 1.1ms
[366.362s][info][gc,phases   ] GC(1310)   Post Evacuate Collection Set: 0.5ms
[366.362s][info][gc,phases   ] GC(1310)   Other: 0.2ms
[366.362s][info][gc,heap     ] GC(1310) Eden regions: 1->0(75)
[366.362s][info][gc,heap     ] GC(1310) Survivor regions: 1->1(10)
[366.362s][info][gc,heap     ] GC(1310) Old regions: 8->8
[366.362s][info][gc,heap     ] GC(1310) Archive regions: 2->2
[366.362s][info][gc,heap     ] GC(1310) Humongous regions: 96->0
[366.362s][info][gc,metaspace] GC(1310) Metaspace: 29090K(29504K)->29090K(29504K) NonClass: 25530K(25728K)->25530K(25728K) Class: 3559K(3776K)->3559K(3776K)
[366.362s][info][gc          ] GC(1310) Pause Young (Concurrent Start) (G1 Humongous Allocation) 210M->16M(254M) 2.873ms
[366.362s][info][gc,cpu      ] GC(1310) User=0.01s Sys=0.00s Real=0.01s
[366.362s][info][gc          ] GC(1311) Concurrent Undo Cycle
[366.362s][info][gc,marking  ] GC(1311) Concurrent Cleanup for Next Mark
[366.362s][info][gc,marking  ] GC(1311) Concurrent Cleanup for Next Mark 0.190ms
[366.363s][info][gc          ] GC(1311) Concurrent Undo Cycle 0.463ms
[366.889s][info][gc,start    ] GC(1312) Pause Young (Concurrent Start) (G1 Humongous Allocation)
[366.890s][info][gc,task     ] GC(1312) Using 8 workers of 8 for evacuation
[366.893s][info][gc,phases   ] GC(1312)   Pre Evacuate Collection Set: 0.4ms
[366.893s][info][gc,phases   ] GC(1312)   Merge Heap Roots: 0.2ms
[366.893s][info][gc,phases   ] GC(1312)   Evacuate Collection Set: 1.4ms
[366.893s][info][gc,phases   ] GC(1312)   Post Evacuate Collection Set: 0.9ms
[366.893s][info][gc,phases   ] GC(1312)   Other: 0.2ms
[366.893s][info][gc,heap     ] GC(1312) Eden regions: 2->0(75)
[366.893s][info][gc,heap     ] GC(1312) Survivor regions: 1->1(10)
[366.893s][info][gc,heap     ] GC(1312) Old regions: 8->8
[366.893s][info][gc,heap     ] GC(1312) Archive regions: 2->2
[366.893s][info][gc,heap     ] GC(1312) Humongous regions: 96->0
[366.893s][info][gc,metaspace] GC(1312) Metaspace: 29090K(29504K)->29090K(29504K) NonClass: 25530K(25728K)->25530K(25728K) Class: 3559K(3776K)->3559K(3776K)
[366.893s][info][gc          ] GC(1312) Pause Young (Concurrent Start) (G1 Humongous Allocation) 210M->16M(254M) 3.842ms
[366.893s][info][gc,cpu      ] GC(1312) User=0.01s Sys=0.00s Real=0.00s
[366.893s][info][gc          ] GC(1313) Concurrent Undo Cycle
[366.894s][info][gc,marking  ] GC(1313) Concurrent Cleanup for Next Mark
[366.894s][info][gc,marking  ] GC(1313) Concurrent Cleanup for Next Mark 0.237ms
[366.894s][info][gc          ] GC(1313) Concurrent Undo Cycle 0.510ms
[367.412s][info][gc,start    ] GC(1314) Pause Young (Concurrent Start) (G1 Humongous Allocation)
[367.412s][info][gc,task     ] GC(1314) Using 8 workers of 8 for evacuation
[367.413s][info][gc,phases   ] GC(1314)   Pre Evacuate Collection Set: 0.1ms
[367.413s][info][gc,phases   ] GC(1314)   Merge Heap Roots: 0.0ms
[367.413s][info][gc,phases   ] GC(1314)   Evacuate Collection Set: 0.6ms
[367.413s][info][gc,phases   ] GC(1314)   Post Evacuate Collection Set: 0.3ms
[367.413s][info][gc,phases   ] GC(1314)   Other: 0.1ms
[367.413s][info][gc,heap     ] GC(1314) Eden regions: 2->0(75)
[367.413s][info][gc,heap     ] GC(1314) Survivor regions: 1->1(10)
[367.413s][info][gc,heap     ] GC(1314) Old regions: 8->8
[367.413s][info][gc,heap     ] GC(1314) Archive regions: 2->2
[367.413s][info][gc,heap     ] GC(1314) Humongous regions: 96->0
[367.413s][info][gc,metaspace] GC(1314) Metaspace: 29090K(29504K)->29090K(29504K) NonClass: 25530K(25728K)->25530K(25728K) Class: 3559K(3776K)->3559K(3776K)
[367.413s][info][gc          ] GC(1314) Pause Young (Concurrent Start) (G1 Humongous Allocation) 210M->16M(254M) 1.430ms
[367.413s][info][gc          ] GC(1315) Concurrent Undo Cycle
[367.413s][info][gc,cpu      ] GC(1314) User=0.00s Sys=0.00s Real=0.00s
[367.413s][info][gc,marking  ] GC(1315) Concurrent Cleanup for Next Mark
[367.413s][info][gc,marking  ] GC(1315) Concurrent Cleanup for Next Mark 0.053ms
[367.414s][info][gc          ] GC(1315) Concurrent Undo Cycle 0.124ms
[367.926s][info][gc,start    ] GC(1316) Pause Young (Concurrent Start) (G1 Humongous Allocation)
[367.926s][info][gc,task     ] GC(1316) Using 8 workers of 8 for evacuation
[367.929s][info][gc,phases   ] GC(1316)   Pre Evacuate Collection Set: 0.5ms
[367.929s][info][gc,phases   ] GC(1316)   Merge Heap Roots: 0.2ms
[367.929s][info][gc,phases   ] GC(1316)   Evacuate Collection Set: 1.6ms
[367.929s][info][gc,phases   ] GC(1316)   Post Evacuate Collection Set: 0.7ms
[367.929s][info][gc,phases   ] GC(1316)   Other: 0.2ms
[367.929s][info][gc,heap     ] GC(1316) Eden regions: 1->0(75)
[367.929s][info][gc,heap     ] GC(1316) Survivor regions: 1->1(10)
[367.929s][info][gc,heap     ] GC(1316) Old regions: 8->8
[367.929s][info][gc,heap     ] GC(1316) Archive regions: 2->2
[367.929s][info][gc,heap     ] GC(1316) Humongous regions: 96->0
[367.929s][info][gc,metaspace] GC(1316) Metaspace: 29090K(29504K)->29090K(29504K) NonClass: 25530K(25728K)->25530K(25728K) Class: 3559K(3776K)->3559K(3776K)
[367.929s][info][gc          ] GC(1316) Pause Young (Concurrent Start) (G1 Humongous Allocation) 209M->16M(254M) 3.746ms
[367.929s][info][gc,cpu      ] GC(1316) User=0.00s Sys=0.00s Real=0.01s
[367.929s][info][gc          ] GC(1317) Concurrent Undo Cycle
[367.929s][info][gc,marking  ] GC(1317) Concurrent Cleanup for Next Mark
[367.930s][info][gc,marking  ] GC(1317) Concurrent Cleanup for Next Mark 0.151ms
[367.930s][info][gc          ] GC(1317) Concurrent Undo Cycle 0.371ms
[368.452s][info][gc,start    ] GC(1318) Pause Young (Concurrent Start) (G1 Humongous Allocation)
[368.452s][info][gc,task     ] GC(1318) Using 8 workers of 8 for evacuation
[368.454s][info][gc,phases   ] GC(1318)   Pre Evacuate Collection Set: 0.1ms
[368.454s][info][gc,phases   ] GC(1318)   Merge Heap Roots: 0.0ms
[368.454s][info][gc,phases   ] GC(1318)   Evacuate Collection Set: 0.6ms
[368.454s][info][gc,phases   ] GC(1318)   Post Evacuate Collection Set: 0.3ms
[368.454s][info][gc,phases   ] GC(1318)   Other: 0.1ms
[368.454s][info][gc,heap     ] GC(1318) Eden regions: 2->0(75)
[368.454s][info][gc,heap     ] GC(1318) Survivor regions: 1->1(10)
[368.454s][info][gc,heap     ] GC(1318) Old regions: 8->8
[368.454s][info][gc,heap     ] GC(1318) Archive regions: 2->2
[368.454s][info][gc,heap     ] GC(1318) Humongous regions: 96->0
[368.454s][info][gc,metaspace] GC(1318) Metaspace: 29090K(29504K)->29090K(29504K) NonClass: 25530K(25728K)->25530K(25728K) Class: 3559K(3776K)->3559K(3776K)
[368.454s][info][gc          ] GC(1318) Pause Young (Concurrent Start) (G1 Humongous Allocation) 210M->16M(254M) 1.512ms
[368.454s][info][gc          ] GC(1319) Concurrent Undo Cycle
[368.454s][info][gc,cpu      ] GC(1318) User=0.00s Sys=0.00s Real=0.00s
[368.454s][info][gc,marking  ] GC(1319) Concurrent Cleanup for Next Mark
[368.454s][info][gc,marking  ] GC(1319) Concurrent Cleanup for Next Mark 0.167ms
[368.454s][info][gc          ] GC(1319) Concurrent Undo Cycle 0.337ms
[368.966s][info][gc,start    ] GC(1320) Pause Young (Concurrent Start) (G1 Humongous Allocation)
[368.966s][info][gc,task     ] GC(1320) Using 8 workers of 8 for evacuation
[368.968s][info][gc,phases   ] GC(1320)   Pre Evacuate Collection Set: 0.3ms
[368.968s][info][gc,phases   ] GC(1320)   Merge Heap Roots: 0.3ms
[368.968s][info][gc,phases   ] GC(1320)   Evacuate Collection Set: 0.7ms
[368.968s][info][gc,phases   ] GC(1320)   Post Evacuate Collection Set: 0.3ms
[368.971s][info][gc,phases   ] GC(1320)   Other: 0.1ms
[368.971s][info][gc,heap     ] GC(1320) Eden regions: 1->0(75)
[368.971s][info][gc,heap     ] GC(1320) Survivor regions: 1->1(10)
[368.971s][info][gc,heap     ] GC(1320) Old regions: 8->8
[368.971s][info][gc,heap     ] GC(1320) Archive regions: 2->2
[368.971s][info][gc,heap     ] GC(1320) Humongous regions: 96->0
[368.971s][info][gc,metaspace] GC(1320) Metaspace: 29090K(29504K)->29090K(29504K) NonClass: 25530K(25728K)->25530K(25728K) Class: 3559K(3776K)->3559K(3776K)
[368.971s][info][gc          ] GC(1320) Pause Young (Concurrent Start) (G1 Humongous Allocation) 209M->16M(254M) 5.516ms
[368.971s][info][gc          ] GC(1321) Concurrent Undo Cycle
[368.971s][info][gc,cpu      ] GC(1320) User=0.00s Sys=0.00s Real=0.01s
[368.971s][info][gc,marking  ] GC(1321) Concurrent Cleanup for Next Mark
[368.971s][info][gc,marking  ] GC(1321) Concurrent Cleanup for Next Mark 0.093ms
[368.971s][info][gc          ] GC(1321) Concurrent Undo Cycle 0.163ms
[369.482s][info][gc,start    ] GC(1322) Pause Young (Concurrent Start) (G1 Humongous Allocation)
[369.483s][info][gc,task     ] GC(1322) Using 8 workers of 8 for evacuation
[369.485s][info][gc,phases   ] GC(1322)   Pre Evacuate Collection Set: 0.2ms
[369.485s][info][gc,phases   ] GC(1322)   Merge Heap Roots: 0.1ms
[369.485s][info][gc,phases   ] GC(1322)   Evacuate Collection Set: 1.2ms
[369.485s][info][gc,phases   ] GC(1322)   Post Evacuate Collection Set: 0.5ms
[369.485s][info][gc,phases   ] GC(1322)   Other: 0.2ms
[369.485s][info][gc,heap     ] GC(1322) Eden regions: 2->0(75)
[369.485s][info][gc,heap     ] GC(1322) Survivor regions: 1->1(10)
[369.485s][info][gc,heap     ] GC(1322) Old regions: 8->8
[369.485s][info][gc,heap     ] GC(1322) Archive regions: 2->2
[369.485s][info][gc,heap     ] GC(1322) Humongous regions: 96->0
[369.485s][info][gc,metaspace] GC(1322) Metaspace: 29090K(29504K)->29090K(29504K) NonClass: 25530K(25728K)->25530K(25728K) Class: 3559K(3776K)->3559K(3776K)
[369.485s][info][gc          ] GC(1322) Pause Young (Concurrent Start) (G1 Humongous Allocation) 210M->16M(254M) 3.156ms
[369.485s][info][gc,cpu      ] GC(1322) User=0.00s Sys=0.00s Real=0.00s
[369.486s][info][gc          ] GC(1323) Concurrent Undo Cycle
[369.486s][info][gc,marking  ] GC(1323) Concurrent Cleanup for Next Mark
[369.486s][info][gc,marking  ] GC(1323) Concurrent Cleanup for Next Mark 0.147ms
[369.486s][info][gc          ] GC(1323) Concurrent Undo Cycle 0.343ms
[370.000s][info][gc,start    ] GC(1324) Pause Young (Concurrent Start) (G1 Humongous Allocation)
[370.000s][info][gc,task     ] GC(1324) Using 8 workers of 8 for evacuation
[370.003s][info][gc,phases   ] GC(1324)   Pre Evacuate Collection Set: 0.6ms
[370.004s][info][gc,phases   ] GC(1324)   Merge Heap Roots: 0.2ms
[370.004s][info][gc,phases   ] GC(1324)   Evacuate Collection Set: 1.3ms
[370.004s][info][gc,phases   ] GC(1324)   Post Evacuate Collection Set: 0.8ms
[370.004s][info][gc,phases   ] GC(1324)   Other: 0.4ms
[370.004s][info][gc,heap     ] GC(1324) Eden regions: 1->0(75)
[370.004s][info][gc,heap     ] GC(1324) Survivor regions: 1->1(10)
[370.004s][info][gc,heap     ] GC(1324) Old regions: 8->8
[370.004s][info][gc,heap     ] GC(1324) Archive regions: 2->2
[370.004s][info][gc,heap     ] GC(1324) Humongous regions: 96->0
[370.004s][info][gc,metaspace] GC(1324) Metaspace: 29090K(29504K)->29090K(29504K) NonClass: 25530K(25728K)->25530K(25728K) Class: 3559K(3776K)->3559K(3776K)
[370.004s][info][gc          ] GC(1324) Pause Young (Concurrent Start) (G1 Humongous Allocation) 209M->16M(254M) 4.070ms
[370.004s][info][gc,cpu      ] GC(1324) User=0.01s Sys=0.00s Real=0.00s
[370.004s][info][gc          ] GC(1325) Concurrent Undo Cycle
[370.004s][info][gc,marking  ] GC(1325) Concurrent Cleanup for Next Mark
[370.005s][info][gc,marking  ] GC(1325) Concurrent Cleanup for Next Mark 0.255ms
[370.005s][info][gc          ] GC(1325) Concurrent Undo Cycle 0.512ms
[370.522s][info][gc,start    ] GC(1326) Pause Young (Concurrent Start) (G1 Humongous Allocation)
[370.522s][info][gc,task     ] GC(1326) Using 8 workers of 8 for evacuation
[370.525s][info][gc,phases   ] GC(1326)   Pre Evacuate Collection Set: 0.4ms
[370.525s][info][gc,phases   ] GC(1326)   Merge Heap Roots: 0.2ms
[370.525s][info][gc,phases   ] GC(1326)   Evacuate Collection Set: 1.2ms
[370.525s][info][gc,phases   ] GC(1326)   Post Evacuate Collection Set: 0.7ms
[370.525s][info][gc,phases   ] GC(1326)   Other: 0.2ms
[370.525s][info][gc,heap     ] GC(1326) Eden regions: 2->0(75)
[370.525s][info][gc,heap     ] GC(1326) Survivor regions: 1->1(10)
[370.525s][info][gc,heap     ] GC(1326) Old regions: 8->8
[370.525s][info][gc,heap     ] GC(1326) Archive regions: 2->2
[370.525s][info][gc,heap     ] GC(1326) Humongous regions: 96->0
[370.525s][info][gc,metaspace] GC(1326) Metaspace: 29090K(29504K)->29090K(29504K) NonClass: 25530K(25728K)->25530K(25728K) Class: 3559K(3776K)->3559K(3776K)
[370.525s][info][gc          ] GC(1326) Pause Young (Concurrent Start) (G1 Humongous Allocation) 210M->16M(254M) 3.412ms
[370.525s][info][gc,cpu      ] GC(1326) User=0.00s Sys=0.00s Real=0.00s
[370.525s][info][gc          ] GC(1327) Concurrent Undo Cycle
[370.526s][info][gc,marking  ] GC(1327) Concurrent Cleanup for Next Mark
[370.526s][info][gc,marking  ] GC(1327) Concurrent Cleanup for Next Mark 0.253ms
[370.526s][info][gc          ] GC(1327) Concurrent Undo Cycle 0.530ms
[371.043s][info][gc,start    ] GC(1328) Pause Young (Concurrent Start) (G1 Humongous Allocation)
[371.043s][info][gc,task     ] GC(1328) Using 8 workers of 8 for evacuation
[371.046s][info][gc,phases   ] GC(1328)   Pre Evacuate Collection Set: 0.4ms
[371.046s][info][gc,phases   ] GC(1328)   Merge Heap Roots: 0.2ms
[371.046s][info][gc,phases   ] GC(1328)   Evacuate Collection Set: 1.2ms
[371.046s][info][gc,phases   ] GC(1328)   Post Evacuate Collection Set: 0.9ms
[371.046s][info][gc,phases   ] GC(1328)   Other: 0.3ms
[371.046s][info][gc,heap     ] GC(1328) Eden regions: 1->0(75)
[371.046s][info][gc,heap     ] GC(1328) Survivor regions: 1->1(10)
[371.046s][info][gc,heap     ] GC(1328) Old regions: 8->8
[371.046s][info][gc,heap     ] GC(1328) Archive regions: 2->2
[371.046s][info][gc,heap     ] GC(1328) Humongous regions: 96->0
[371.046s][info][gc,metaspace] GC(1328) Metaspace: 29090K(29504K)->29090K(29504K) NonClass: 25530K(25728K)->25530K(25728K) Class: 3559K(3776K)->3559K(3776K)
[371.046s][info][gc          ] GC(1328) Pause Young (Concurrent Start) (G1 Humongous Allocation) 209M->16M(254M) 3.683ms
[371.047s][info][gc,cpu      ] GC(1328) User=0.01s Sys=0.00s Real=0.00s
[371.047s][info][gc          ] GC(1329) Concurrent Undo Cycle
[371.047s][info][gc,marking  ] GC(1329) Concurrent Cleanup for Next Mark
[371.047s][info][gc,marking  ] GC(1329) Concurrent Cleanup for Next Mark 0.271ms
[371.047s][info][gc          ] GC(1329) Concurrent Undo Cycle 0.758ms
[371.568s][info][gc,start    ] GC(1330) Pause Young (Concurrent Start) (G1 Humongous Allocation)
[371.568s][info][gc,task     ] GC(1330) Using 8 workers of 8 for evacuation
[371.569s][info][gc,phases   ] GC(1330)   Pre Evacuate Collection Set: 0.2ms
[371.569s][info][gc,phases   ] GC(1330)   Merge Heap Roots: 0.1ms
[371.569s][info][gc,phases   ] GC(1330)   Evacuate Collection Set: 0.5ms
[371.569s][info][gc,phases   ] GC(1330)   Post Evacuate Collection Set: 0.3ms
[371.569s][info][gc,phases   ] GC(1330)   Other: 0.1ms
[371.569s][info][gc,heap     ] GC(1330) Eden regions: 2->0(75)
[371.569s][info][gc,heap     ] GC(1330) Survivor regions: 1->1(10)
[371.569s][info][gc,heap     ] GC(1330) Old regions: 8->8
[371.569s][info][gc,heap     ] GC(1330) Archive regions: 2->2
[371.569s][info][gc,heap     ] GC(1330) Humongous regions: 96->0
[371.569s][info][gc,metaspace] GC(1330) Metaspace: 29090K(29504K)->29090K(29504K) NonClass: 25530K(25728K)->25530K(25728K) Class: 3559K(3776K)->3559K(3776K)
[371.569s][info][gc          ] GC(1330) Pause Young (Concurrent Start) (G1 Humongous Allocation) 210M->16M(254M) 1.568ms
[371.569s][info][gc,cpu      ] GC(1330) User=0.01s Sys=0.00s Real=0.01s
[371.569s][info][gc          ] GC(1331) Concurrent Undo Cycle
[371.569s][info][gc,marking  ] GC(1331) Concurrent Cleanup for Next Mark
[371.569s][info][gc,marking  ] GC(1331) Concurrent Cleanup for Next Mark 0.087ms
[371.569s][info][gc          ] GC(1331) Concurrent Undo Cycle 0.189ms
[372.080s][info][gc,start    ] GC(1332) Pause Young (Concurrent Start) (G1 Humongous Allocation)
[372.080s][info][gc,task     ] GC(1332) Using 8 workers of 8 for evacuation
[372.081s][info][gc,phases   ] GC(1332)   Pre Evacuate Collection Set: 0.2ms
[372.081s][info][gc,phases   ] GC(1332)   Merge Heap Roots: 0.1ms
[372.081s][info][gc,phases   ] GC(1332)   Evacuate Collection Set: 0.7ms
[372.081s][info][gc,phases   ] GC(1332)   Post Evacuate Collection Set: 0.4ms
[372.081s][info][gc,phases   ] GC(1332)   Other: 0.1ms
[372.081s][info][gc,heap     ] GC(1332) Eden regions: 1->0(75)
[372.081s][info][gc,heap     ] GC(1332) Survivor regions: 1->1(10)
[372.081s][info][gc,heap     ] GC(1332) Old regions: 8->8
[372.081s][info][gc,heap     ] GC(1332) Archive regions: 2->2
[372.081s][info][gc,heap     ] GC(1332) Humongous regions: 96->0
[372.081s][info][gc,metaspace] GC(1332) Metaspace: 29090K(29504K)->29090K(29504K) NonClass: 25530K(25728K)->25530K(25728K) Class: 3559K(3776K)->3559K(3776K)
[372.082s][info][gc          ] GC(1332) Pause Young (Concurrent Start) (G1 Humongous Allocation) 209M->16M(254M) 1.876ms
[372.082s][info][gc,cpu      ] GC(1332) User=0.00s Sys=0.00s Real=0.00s
[372.082s][info][gc          ] GC(1333) Concurrent Undo Cycle
[372.082s][info][gc,marking  ] GC(1333) Concurrent Cleanup for Next Mark
[372.082s][info][gc,marking  ] GC(1333) Concurrent Cleanup for Next Mark 0.103ms
[372.082s][info][gc          ] GC(1333) Concurrent Undo Cycle 0.222ms
[372.594s][info][gc,start    ] GC(1334) Pause Young (Concurrent Start) (G1 Humongous Allocation)
[372.594s][info][gc,task     ] GC(1334) Using 8 workers of 8 for evacuation
[372.595s][info][gc,phases   ] GC(1334)   Pre Evacuate Collection Set: 0.1ms
[372.595s][info][gc,phases   ] GC(1334)   Merge Heap Roots: 0.0ms
[372.595s][info][gc,phases   ] GC(1334)   Evacuate Collection Set: 0.5ms
[372.595s][info][gc,phases   ] GC(1334)   Post Evacuate Collection Set: 0.2ms
[372.595s][info][gc,phases   ] GC(1334)   Other: 0.0ms
[372.595s][info][gc,heap     ] GC(1334) Eden regions: 2->0(75)
[372.595s][info][gc,heap     ] GC(1334) Survivor regions: 1->1(10)
[372.595s][info][gc,heap     ] GC(1334) Old regions: 8->8
[372.595s][info][gc,heap     ] GC(1334) Archive regions: 2->2
[372.595s][info][gc,heap     ] GC(1334) Humongous regions: 96->0
[372.595s][info][gc,metaspace] GC(1334) Metaspace: 29090K(29504K)->29090K(29504K) NonClass: 25530K(25728K)->25530K(25728K) Class: 3559K(3776K)->3559K(3776K)
[372.595s][info][gc          ] GC(1334) Pause Young (Concurrent Start) (G1 Humongous Allocation) 210M->16M(254M) 1.094ms
[372.595s][info][gc,cpu      ] GC(1334) User=0.01s Sys=0.00s Real=0.00s
[372.595s][info][gc          ] GC(1335) Concurrent Undo Cycle
[372.595s][info][gc,marking  ] GC(1335) Concurrent Cleanup for Next Mark
[372.595s][info][gc,marking  ] GC(1335) Concurrent Cleanup for Next Mark 0.056ms
[372.595s][info][gc          ] GC(1335) Concurrent Undo Cycle 0.154ms
[373.105s][info][gc,start    ] GC(1336) Pause Young (Concurrent Start) (G1 Humongous Allocation)
[373.105s][info][gc,task     ] GC(1336) Using 8 workers of 8 for evacuation
[373.108s][info][gc,phases   ] GC(1336)   Pre Evacuate Collection Set: 0.4ms
[373.109s][info][gc,phases   ] GC(1336)   Merge Heap Roots: 0.2ms
[373.109s][info][gc,phases   ] GC(1336)   Evacuate Collection Set: 1.3ms
[373.109s][info][gc,phases   ] GC(1336)   Post Evacuate Collection Set: 0.8ms
[373.109s][info][gc,phases   ] GC(1336)   Other: 0.3ms
[373.109s][info][gc,heap     ] GC(1336) Eden regions: 1->0(75)
[373.109s][info][gc,heap     ] GC(1336) Survivor regions: 1->1(10)
[373.109s][info][gc,heap     ] GC(1336) Old regions: 8->8
[373.109s][info][gc,heap     ] GC(1336) Archive regions: 2->2
[373.109s][info][gc,heap     ] GC(1336) Humongous regions: 96->0
[373.109s][info][gc,metaspace] GC(1336) Metaspace: 29090K(29504K)->29090K(29504K) NonClass: 25530K(25728K)->25530K(25728K) Class: 3559K(3776K)->3559K(3776K)
[373.109s][info][gc          ] GC(1336) Pause Young (Concurrent Start) (G1 Humongous Allocation) 209M->16M(254M) 3.642ms
[373.109s][info][gc,cpu      ] GC(1336) User=0.01s Sys=0.00s Real=0.00s
[373.109s][info][gc          ] GC(1337) Concurrent Undo Cycle
[373.109s][info][gc,marking  ] GC(1337) Concurrent Cleanup for Next Mark
[373.109s][info][gc,marking  ] GC(1337) Concurrent Cleanup for Next Mark 0.196ms
[373.109s][info][gc          ] GC(1337) Concurrent Undo Cycle 0.390ms
[373.629s][info][gc,start    ] GC(1338) Pause Young (Concurrent Start) (G1 Humongous Allocation)
[373.629s][info][gc,task     ] GC(1338) Using 8 workers of 8 for evacuation
[373.632s][info][gc,phases   ] GC(1338)   Pre Evacuate Collection Set: 0.5ms
[373.632s][info][gc,phases   ] GC(1338)   Merge Heap Roots: 0.2ms
[373.632s][info][gc,phases   ] GC(1338)   Evacuate Collection Set: 1.2ms
[373.632s][info][gc,phases   ] GC(1338)   Post Evacuate Collection Set: 0.7ms
[373.632s][info][gc,phases   ] GC(1338)   Other: 0.2ms
[373.632s][info][gc,heap     ] GC(1338) Eden regions: 2->0(75)
[373.632s][info][gc,heap     ] GC(1338) Survivor regions: 1->1(10)
[373.632s][info][gc,heap     ] GC(1338) Old regions: 8->8
[373.632s][info][gc,heap     ] GC(1338) Archive regions: 2->2
[373.632s][info][gc,heap     ] GC(1338) Humongous regions: 96->0
[373.632s][info][gc,metaspace] GC(1338) Metaspace: 29090K(29504K)->29090K(29504K) NonClass: 25530K(25728K)->25530K(25728K) Class: 3559K(3776K)->3559K(3776K)
[373.632s][info][gc          ] GC(1338) Pause Young (Concurrent Start) (G1 Humongous Allocation) 210M->16M(254M) 3.368ms
[373.632s][info][gc,cpu      ] GC(1338) User=0.00s Sys=0.00s Real=0.01s
[373.632s][info][gc          ] GC(1339) Concurrent Undo Cycle
[373.632s][info][gc,marking  ] GC(1339) Concurrent Cleanup for Next Mark
[373.632s][info][gc,marking  ] GC(1339) Concurrent Cleanup for Next Mark 0.120ms
[373.633s][info][gc          ] GC(1339) Concurrent Undo Cycle 0.266ms
[374.152s][info][gc,start    ] GC(1340) Pause Young (Concurrent Start) (G1 Humongous Allocation)
[374.152s][info][gc,task     ] GC(1340) Using 8 workers of 8 for evacuation
[374.153s][info][gc,phases   ] GC(1340)   Pre Evacuate Collection Set: 0.1ms
[374.153s][info][gc,phases   ] GC(1340)   Merge Heap Roots: 0.0ms
[374.153s][info][gc,phases   ] GC(1340)   Evacuate Collection Set: 0.6ms
[374.153s][info][gc,phases   ] GC(1340)   Post Evacuate Collection Set: 0.3ms
[374.153s][info][gc,phases   ] GC(1340)   Other: 0.1ms
[374.153s][info][gc,heap     ] GC(1340) Eden regions: 1->0(75)
[374.153s][info][gc,heap     ] GC(1340) Survivor regions: 1->1(10)
[374.153s][info][gc,heap     ] GC(1340) Old regions: 8->8
[374.153s][info][gc,heap     ] GC(1340) Archive regions: 2->2
[374.153s][info][gc,heap     ] GC(1340) Humongous regions: 96->0
[374.153s][info][gc,metaspace] GC(1340) Metaspace: 29090K(29504K)->29090K(29504K) NonClass: 25530K(25728K)->25530K(25728K) Class: 3559K(3776K)->3559K(3776K)
[374.153s][info][gc          ] GC(1340) Pause Young (Concurrent Start) (G1 Humongous Allocation) 209M->16M(254M) 1.418ms
[374.153s][info][gc,cpu      ] GC(1340) User=0.00s Sys=0.00s Real=0.00s
[374.153s][info][gc          ] GC(1341) Concurrent Undo Cycle
[374.153s][info][gc,marking  ] GC(1341) Concurrent Cleanup for Next Mark
[374.153s][info][gc,marking  ] GC(1341) Concurrent Cleanup for Next Mark 0.058ms
[374.153s][info][gc          ] GC(1341) Concurrent Undo Cycle 0.110ms
[374.662s][info][gc,start    ] GC(1342) Pause Young (Concurrent Start) (G1 Humongous Allocation)
[374.662s][info][gc,task     ] GC(1342) Using 8 workers of 8 for evacuation
[374.665s][info][gc,phases   ] GC(1342)   Pre Evacuate Collection Set: 0.4ms
[374.665s][info][gc,phases   ] GC(1342)   Merge Heap Roots: 0.2ms
[374.665s][info][gc,phases   ] GC(1342)   Evacuate Collection Set: 1.2ms
[374.665s][info][gc,phases   ] GC(1342)   Post Evacuate Collection Set: 0.7ms
[374.665s][info][gc,phases   ] GC(1342)   Other: 0.2ms
[374.665s][info][gc,heap     ] GC(1342) Eden regions: 2->0(75)
[374.666s][info][gc,heap     ] GC(1342) Survivor regions: 1->1(10)
[374.666s][info][gc,heap     ] GC(1342) Old regions: 8->8
[374.666s][info][gc,heap     ] GC(1342) Archive regions: 2->2
[374.666s][info][gc,heap     ] GC(1342) Humongous regions: 96->0
[374.666s][info][gc,metaspace] GC(1342) Metaspace: 29090K(29504K)->29090K(29504K) NonClass: 25530K(25728K)->25530K(25728K) Class: 3559K(3776K)->3559K(3776K)
[374.666s][info][gc          ] GC(1342) Pause Young (Concurrent Start) (G1 Humongous Allocation) 210M->16M(254M) 3.526ms
[374.666s][info][gc,cpu      ] GC(1342) User=0.00s Sys=0.00s Real=0.00s
[374.666s][info][gc          ] GC(1343) Concurrent Undo Cycle
[374.666s][info][gc,marking  ] GC(1343) Concurrent Cleanup for Next Mark
[374.666s][info][gc,marking  ] GC(1343) Concurrent Cleanup for Next Mark 0.234ms
[374.666s][info][gc          ] GC(1343) Concurrent Undo Cycle 0.502ms
[375.185s][info][gc,start    ] GC(1344) Pause Young (Concurrent Start) (G1 Humongous Allocation)
[375.185s][info][gc,task     ] GC(1344) Using 8 workers of 8 for evacuation
[375.188s][info][gc,phases   ] GC(1344)   Pre Evacuate Collection Set: 0.5ms
[375.188s][info][gc,phases   ] GC(1344)   Merge Heap Roots: 0.1ms
[375.188s][info][gc,phases   ] GC(1344)   Evacuate Collection Set: 0.9ms
[375.188s][info][gc,phases   ] GC(1344)   Post Evacuate Collection Set: 0.6ms
[375.188s][info][gc,phases   ] GC(1344)   Other: 0.2ms
[375.188s][info][gc,heap     ] GC(1344) Eden regions: 1->0(75)
[375.188s][info][gc,heap     ] GC(1344) Survivor regions: 1->1(10)
[375.188s][info][gc,heap     ] GC(1344) Old regions: 8->8
[375.188s][info][gc,heap     ] GC(1344) Archive regions: 2->2
[375.188s][info][gc,heap     ] GC(1344) Humongous regions: 96->0
[375.188s][info][gc,metaspace] GC(1344) Metaspace: 29090K(29504K)->29090K(29504K) NonClass: 25530K(25728K)->25530K(25728K) Class: 3559K(3776K)->3559K(3776K)
[375.188s][info][gc          ] GC(1344) Pause Young (Concurrent Start) (G1 Humongous Allocation) 209M->16M(254M) 2.815ms
[375.188s][info][gc,cpu      ] GC(1344) User=0.00s Sys=0.00s Real=0.00s
[375.188s][info][gc          ] GC(1345) Concurrent Undo Cycle
[375.188s][info][gc,marking  ] GC(1345) Concurrent Cleanup for Next Mark
[375.188s][info][gc,marking  ] GC(1345) Concurrent Cleanup for Next Mark 0.137ms
[375.188s][info][gc          ] GC(1345) Concurrent Undo Cycle 0.311ms
[375.707s][info][gc,start    ] GC(1346) Pause Young (Concurrent Start) (G1 Humongous Allocation)
[375.707s][info][gc,task     ] GC(1346) Using 8 workers of 8 for evacuation
[375.710s][info][gc,phases   ] GC(1346)   Pre Evacuate Collection Set: 0.4ms
[375.710s][info][gc,phases   ] GC(1346)   Merge Heap Roots: 0.2ms
[375.710s][info][gc,phases   ] GC(1346)   Evacuate Collection Set: 1.2ms
[375.710s][info][gc,phases   ] GC(1346)   Post Evacuate Collection Set: 1.0ms
[375.711s][info][gc,phases   ] GC(1346)   Other: 0.2ms
[375.711s][info][gc,heap     ] GC(1346) Eden regions: 2->0(75)
[375.711s][info][gc,heap     ] GC(1346) Survivor regions: 1->1(10)
[375.711s][info][gc,heap     ] GC(1346) Old regions: 8->8
[375.711s][info][gc,heap     ] GC(1346) Archive regions: 2->2
[375.711s][info][gc,heap     ] GC(1346) Humongous regions: 96->0
[375.711s][info][gc,metaspace] GC(1346) Metaspace: 29090K(29504K)->29090K(29504K) NonClass: 25530K(25728K)->25530K(25728K) Class: 3559K(3776K)->3559K(3776K)
[375.711s][info][gc          ] GC(1346) Pause Young (Concurrent Start) (G1 Humongous Allocation) 210M->16M(254M) 3.662ms
[375.711s][info][gc,cpu      ] GC(1346) User=0.01s Sys=0.00s Real=0.01s
[375.711s][info][gc          ] GC(1347) Concurrent Undo Cycle
[375.711s][info][gc,marking  ] GC(1347) Concurrent Cleanup for Next Mark
[375.711s][info][gc,marking  ] GC(1347) Concurrent Cleanup for Next Mark 0.280ms
[375.711s][info][gc          ] GC(1347) Concurrent Undo Cycle 0.554ms
[376.228s][info][gc,start    ] GC(1348) Pause Young (Concurrent Start) (G1 Humongous Allocation)
[376.228s][info][gc,task     ] GC(1348) Using 8 workers of 8 for evacuation
[376.229s][info][gc,phases   ] GC(1348)   Pre Evacuate Collection Set: 0.1ms
[376.229s][info][gc,phases   ] GC(1348)   Merge Heap Roots: 0.0ms
[376.229s][info][gc,phases   ] GC(1348)   Evacuate Collection Set: 0.5ms
[376.229s][info][gc,phases   ] GC(1348)   Post Evacuate Collection Set: 0.2ms
[376.229s][info][gc,phases   ] GC(1348)   Other: 0.0ms
[376.229s][info][gc,heap     ] GC(1348) Eden regions: 1->0(75)
[376.229s][info][gc,heap     ] GC(1348) Survivor regions: 1->1(10)
[376.229s][info][gc,heap     ] GC(1348) Old regions: 8->8
[376.229s][info][gc,heap     ] GC(1348) Archive regions: 2->2
[376.229s][info][gc,heap     ] GC(1348) Humongous regions: 96->0
[376.229s][info][gc,metaspace] GC(1348) Metaspace: 29090K(29504K)->29090K(29504K) NonClass: 25530K(25728K)->25530K(25728K) Class: 3559K(3776K)->3559K(3776K)
[376.229s][info][gc          ] GC(1348) Pause Young (Concurrent Start) (G1 Humongous Allocation) 209M->16M(254M) 1.072ms
[376.229s][info][gc          ] GC(1349) Concurrent Undo Cycle
[376.229s][info][gc,cpu      ] GC(1348) User=0.01s Sys=0.00s Real=0.01s
[376.229s][info][gc,marking  ] GC(1349) Concurrent Cleanup for Next Mark
[376.230s][info][gc,marking  ] GC(1349) Concurrent Cleanup for Next Mark 0.052ms
[376.230s][info][gc          ] GC(1349) Concurrent Undo Cycle 0.110ms
[376.739s][info][gc,start    ] GC(1350) Pause Young (Concurrent Start) (G1 Humongous Allocation)
[376.739s][info][gc,task     ] GC(1350) Using 8 workers of 8 for evacuation
[376.740s][info][gc,phases   ] GC(1350)   Pre Evacuate Collection Set: 0.1ms
[376.740s][info][gc,phases   ] GC(1350)   Merge Heap Roots: 0.0ms
[376.740s][info][gc,phases   ] GC(1350)   Evacuate Collection Set: 0.5ms
[376.740s][info][gc,phases   ] GC(1350)   Post Evacuate Collection Set: 0.2ms
[376.740s][info][gc,phases   ] GC(1350)   Other: 0.0ms
[376.740s][info][gc,heap     ] GC(1350) Eden regions: 2->0(75)
[376.740s][info][gc,heap     ] GC(1350) Survivor regions: 1->1(10)
[376.740s][info][gc,heap     ] GC(1350) Old regions: 8->8
[376.740s][info][gc,heap     ] GC(1350) Archive regions: 2->2
[376.740s][info][gc,heap     ] GC(1350) Humongous regions: 96->0
[376.740s][info][gc,metaspace] GC(1350) Metaspace: 29090K(29504K)->29090K(29504K) NonClass: 25530K(25728K)->25530K(25728K) Class: 3559K(3776K)->3559K(3776K)
[376.740s][info][gc          ] GC(1350) Pause Young (Concurrent Start) (G1 Humongous Allocation) 210M->16M(254M) 1.028ms
[376.740s][info][gc          ] GC(1351) Concurrent Undo Cycle
[376.740s][info][gc,cpu      ] GC(1350) User=0.01s Sys=0.00s Real=0.00s
[376.740s][info][gc,marking  ] GC(1351) Concurrent Cleanup for Next Mark
[376.740s][info][gc,marking  ] GC(1351) Concurrent Cleanup for Next Mark 0.046ms
[376.740s][info][gc          ] GC(1351) Concurrent Undo Cycle 0.113ms
[377.249s][info][gc,start    ] GC(1352) Pause Young (Concurrent Start) (G1 Humongous Allocation)
[377.249s][info][gc,task     ] GC(1352) Using 8 workers of 8 for evacuation
[377.251s][info][gc,phases   ] GC(1352)   Pre Evacuate Collection Set: 0.3ms
[377.251s][info][gc,phases   ] GC(1352)   Merge Heap Roots: 0.1ms
[377.251s][info][gc,phases   ] GC(1352)   Evacuate Collection Set: 0.8ms
[377.251s][info][gc,phases   ] GC(1352)   Post Evacuate Collection Set: 0.5ms
[377.251s][info][gc,phases   ] GC(1352)   Other: 0.2ms
[377.251s][info][gc,heap     ] GC(1352) Eden regions: 1->0(75)
[377.251s][info][gc,heap     ] GC(1352) Survivor regions: 1->1(10)
[377.251s][info][gc,heap     ] GC(1352) Old regions: 8->8
[377.251s][info][gc,heap     ] GC(1352) Archive regions: 2->2
[377.252s][info][gc,heap     ] GC(1352) Humongous regions: 96->0
[377.252s][info][gc,metaspace] GC(1352) Metaspace: 29090K(29504K)->29090K(29504K) NonClass: 25530K(25728K)->25530K(25728K) Class: 3559K(3776K)->3559K(3776K)
[377.252s][info][gc          ] GC(1352) Pause Young (Concurrent Start) (G1 Humongous Allocation) 209M->16M(254M) 2.512ms
[377.252s][info][gc,cpu      ] GC(1352) User=0.01s Sys=0.00s Real=0.00s
[377.252s][info][gc          ] GC(1353) Concurrent Undo Cycle
[377.252s][info][gc,marking  ] GC(1353) Concurrent Cleanup for Next Mark
[377.252s][info][gc,marking  ] GC(1353) Concurrent Cleanup for Next Mark 0.131ms
[377.252s][info][gc          ] GC(1353) Concurrent Undo Cycle 0.421ms
[377.771s][info][gc,start    ] GC(1354) Pause Young (Concurrent Start) (G1 Humongous Allocation)
[377.771s][info][gc,task     ] GC(1354) Using 8 workers of 8 for evacuation
[377.772s][info][gc,phases   ] GC(1354)   Pre Evacuate Collection Set: 0.1ms
[377.772s][info][gc,phases   ] GC(1354)   Merge Heap Roots: 0.0ms
[377.772s][info][gc,phases   ] GC(1354)   Evacuate Collection Set: 0.5ms
[377.772s][info][gc,phases   ] GC(1354)   Post Evacuate Collection Set: 0.3ms
[377.772s][info][gc,phases   ] GC(1354)   Other: 0.1ms
[377.772s][info][gc,heap     ] GC(1354) Eden regions: 2->0(75)
[377.772s][info][gc,heap     ] GC(1354) Survivor regions: 1->1(10)
[377.772s][info][gc,heap     ] GC(1354) Old regions: 8->8
[377.772s][info][gc,heap     ] GC(1354) Archive regions: 2->2
[377.772s][info][gc,heap     ] GC(1354) Humongous regions: 96->0
[377.772s][info][gc,metaspace] GC(1354) Metaspace: 29090K(29504K)->29090K(29504K) NonClass: 25530K(25728K)->25530K(25728K) Class: 3559K(3776K)->3559K(3776K)
[377.772s][info][gc          ] GC(1354) Pause Young (Concurrent Start) (G1 Humongous Allocation) 210M->16M(254M) 1.190ms
[377.772s][info][gc,cpu      ] GC(1354) User=0.00s Sys=0.01s Real=0.00s
[377.772s][info][gc          ] GC(1355) Concurrent Undo Cycle
[377.772s][info][gc,marking  ] GC(1355) Concurrent Cleanup for Next Mark
[377.772s][info][gc,marking  ] GC(1355) Concurrent Cleanup for Next Mark 0.063ms
[377.772s][info][gc          ] GC(1355) Concurrent Undo Cycle 0.144ms
[378.286s][info][gc,start    ] GC(1356) Pause Young (Concurrent Start) (G1 Humongous Allocation)
[378.287s][info][gc,task     ] GC(1356) Using 8 workers of 8 for evacuation
[378.289s][info][gc,phases   ] GC(1356)   Pre Evacuate Collection Set: 0.3ms
[378.291s][info][gc,phases   ] GC(1356)   Merge Heap Roots: 0.1ms
[378.291s][info][gc,phases   ] GC(1356)   Evacuate Collection Set: 1.4ms
[378.291s][info][gc,phases   ] GC(1356)   Post Evacuate Collection Set: 0.5ms
[378.291s][info][gc,phases   ] GC(1356)   Other: 0.1ms
[378.291s][info][gc,heap     ] GC(1356) Eden regions: 1->0(75)
[378.291s][info][gc,heap     ] GC(1356) Survivor regions: 1->1(10)
[378.291s][info][gc,heap     ] GC(1356) Old regions: 8->8
[378.291s][info][gc,heap     ] GC(1356) Archive regions: 2->2
[378.291s][info][gc,heap     ] GC(1356) Humongous regions: 96->0
[378.291s][info][gc,metaspace] GC(1356) Metaspace: 29090K(29504K)->29090K(29504K) NonClass: 25530K(25728K)->25530K(25728K) Class: 3559K(3776K)->3559K(3776K)
[378.291s][info][gc          ] GC(1356) Pause Young (Concurrent Start) (G1 Humongous Allocation) 209M->16M(254M) 4.437ms
[378.291s][info][gc,cpu      ] GC(1356) User=0.01s Sys=0.00s Real=0.01s
[378.291s][info][gc          ] GC(1357) Concurrent Undo Cycle
[378.291s][info][gc,marking  ] GC(1357) Concurrent Cleanup for Next Mark
[378.291s][info][gc,marking  ] GC(1357) Concurrent Cleanup for Next Mark 0.103ms
[378.291s][info][gc          ] GC(1357) Concurrent Undo Cycle 0.286ms
[378.808s][info][gc,start    ] GC(1358) Pause Young (Concurrent Start) (G1 Humongous Allocation)
[378.809s][info][gc,task     ] GC(1358) Using 8 workers of 8 for evacuation
[378.811s][info][gc,phases   ] GC(1358)   Pre Evacuate Collection Set: 0.4ms
[378.811s][info][gc,phases   ] GC(1358)   Merge Heap Roots: 0.2ms
[378.811s][info][gc,phases   ] GC(1358)   Evacuate Collection Set: 1.2ms
[378.811s][info][gc,phases   ] GC(1358)   Post Evacuate Collection Set: 0.8ms
[378.812s][info][gc,phases   ] GC(1358)   Other: 0.2ms
[378.812s][info][gc,heap     ] GC(1358) Eden regions: 2->0(75)
[378.812s][info][gc,heap     ] GC(1358) Survivor regions: 1->1(10)
[378.812s][info][gc,heap     ] GC(1358) Old regions: 8->8
[378.812s][info][gc,heap     ] GC(1358) Archive regions: 2->2
[378.812s][info][gc,heap     ] GC(1358) Humongous regions: 96->0
[378.812s][info][gc,metaspace] GC(1358) Metaspace: 29090K(29504K)->29090K(29504K) NonClass: 25530K(25728K)->25530K(25728K) Class: 3559K(3776K)->3559K(3776K)
[378.812s][info][gc          ] GC(1358) Pause Young (Concurrent Start) (G1 Humongous Allocation) 210M->16M(254M) 3.314ms
[378.812s][info][gc,cpu      ] GC(1358) User=0.01s Sys=0.00s Real=0.01s
[378.812s][info][gc          ] GC(1359) Concurrent Undo Cycle
[378.812s][info][gc,marking  ] GC(1359) Concurrent Cleanup for Next Mark
[378.812s][info][gc,marking  ] GC(1359) Concurrent Cleanup for Next Mark 0.120ms
[378.812s][info][gc          ] GC(1359) Concurrent Undo Cycle 0.234ms
[379.332s][info][gc,start    ] GC(1360) Pause Young (Concurrent Start) (G1 Humongous Allocation)
[379.332s][info][gc,task     ] GC(1360) Using 8 workers of 8 for evacuation
[379.334s][info][gc,phases   ] GC(1360)   Pre Evacuate Collection Set: 0.5ms
[379.334s][info][gc,phases   ] GC(1360)   Merge Heap Roots: 0.1ms
[379.334s][info][gc,phases   ] GC(1360)   Evacuate Collection Set: 0.7ms
[379.334s][info][gc,phases   ] GC(1360)   Post Evacuate Collection Set: 0.3ms
[379.334s][info][gc,phases   ] GC(1360)   Other: 0.3ms
[379.334s][info][gc,heap     ] GC(1360) Eden regions: 1->0(75)
[379.334s][info][gc,heap     ] GC(1360) Survivor regions: 1->1(10)
[379.334s][info][gc,heap     ] GC(1360) Old regions: 8->8
[379.334s][info][gc,heap     ] GC(1360) Archive regions: 2->2
[379.334s][info][gc,heap     ] GC(1360) Humongous regions: 96->0
[379.334s][info][gc,metaspace] GC(1360) Metaspace: 29090K(29504K)->29090K(29504K) NonClass: 25530K(25728K)->25530K(25728K) Class: 3559K(3776K)->3559K(3776K)
[379.334s][info][gc          ] GC(1360) Pause Young (Concurrent Start) (G1 Humongous Allocation) 209M->16M(254M) 2.688ms
[379.334s][info][gc          ] GC(1361) Concurrent Undo Cycle
[379.334s][info][gc,cpu      ] GC(1360) User=0.01s Sys=0.00s Real=0.00s
[379.334s][info][gc,marking  ] GC(1361) Concurrent Cleanup for Next Mark
[379.334s][info][gc,marking  ] GC(1361) Concurrent Cleanup for Next Mark 0.066ms
[379.334s][info][gc          ] GC(1361) Concurrent Undo Cycle 0.128ms
[379.852s][info][gc,start    ] GC(1362) Pause Young (Concurrent Start) (G1 Humongous Allocation)
[379.852s][info][gc,task     ] GC(1362) Using 8 workers of 8 for evacuation
[379.855s][info][gc,phases   ] GC(1362)   Pre Evacuate Collection Set: 1.0ms
[379.855s][info][gc,phases   ] GC(1362)   Merge Heap Roots: 0.5ms
[379.855s][info][gc,phases   ] GC(1362)   Evacuate Collection Set: 1.0ms
[379.855s][info][gc,phases   ] GC(1362)   Post Evacuate Collection Set: 0.4ms
[379.855s][info][gc,phases   ] GC(1362)   Other: 0.4ms
[379.855s][info][gc,heap     ] GC(1362) Eden regions: 2->0(75)
[379.855s][info][gc,heap     ] GC(1362) Survivor regions: 1->1(10)
[379.855s][info][gc,heap     ] GC(1362) Old regions: 8->8
[379.855s][info][gc,heap     ] GC(1362) Archive regions: 2->2
[379.855s][info][gc,heap     ] GC(1362) Humongous regions: 96->0
[379.855s][info][gc,metaspace] GC(1362) Metaspace: 29090K(29504K)->29090K(29504K) NonClass: 25530K(25728K)->25530K(25728K) Class: 3559K(3776K)->3559K(3776K)
[379.855s][info][gc          ] GC(1362) Pause Young (Concurrent Start) (G1 Humongous Allocation) 210M->16M(254M) 3.758ms
[379.855s][info][gc          ] GC(1363) Concurrent Undo Cycle
[379.855s][info][gc,cpu      ] GC(1362) User=0.00s Sys=0.01s Real=0.00s
[379.855s][info][gc,marking  ] GC(1363) Concurrent Cleanup for Next Mark
[379.856s][info][gc,marking  ] GC(1363) Concurrent Cleanup for Next Mark 0.120ms
[379.856s][info][gc          ] GC(1363) Concurrent Undo Cycle 0.201ms
[380.367s][info][gc,start    ] GC(1364) Pause Young (Concurrent Start) (G1 Humongous Allocation)
[380.367s][info][gc,task     ] GC(1364) Using 8 workers of 8 for evacuation
[380.370s][info][gc,phases   ] GC(1364)   Pre Evacuate Collection Set: 0.4ms
[380.371s][info][gc,phases   ] GC(1364)   Merge Heap Roots: 0.2ms
[380.371s][info][gc,phases   ] GC(1364)   Evacuate Collection Set: 1.5ms
[380.371s][info][gc,phases   ] GC(1364)   Post Evacuate Collection Set: 0.7ms
[380.371s][info][gc,phases   ] GC(1364)   Other: 0.2ms
[380.371s][info][gc,heap     ] GC(1364) Eden regions: 1->0(75)
[380.371s][info][gc,heap     ] GC(1364) Survivor regions: 1->1(10)
[380.371s][info][gc,heap     ] GC(1364) Old regions: 8->8
[380.371s][info][gc,heap     ] GC(1364) Archive regions: 2->2
[380.371s][info][gc,heap     ] GC(1364) Humongous regions: 96->0
[380.371s][info][gc,metaspace] GC(1364) Metaspace: 29090K(29504K)->29090K(29504K) NonClass: 25530K(25728K)->25530K(25728K) Class: 3559K(3776K)->3559K(3776K)
[380.371s][info][gc          ] GC(1364) Pause Young (Concurrent Start) (G1 Humongous Allocation) 210M->16M(254M) 3.619ms
[380.371s][info][gc          ] GC(1365) Concurrent Undo Cycle
[380.371s][info][gc,cpu      ] GC(1364) User=0.00s Sys=0.00s Real=0.01s
[380.371s][info][gc,marking  ] GC(1365) Concurrent Cleanup for Next Mark
[380.371s][info][gc,marking  ] GC(1365) Concurrent Cleanup for Next Mark 0.186ms
[380.371s][info][gc          ] GC(1365) Concurrent Undo Cycle 0.316ms
[380.887s][info][gc,start    ] GC(1366) Pause Young (Concurrent Start) (G1 Humongous Allocation)
[380.887s][info][gc,task     ] GC(1366) Using 8 workers of 8 for evacuation
[380.889s][info][gc,phases   ] GC(1366)   Pre Evacuate Collection Set: 0.1ms
[380.889s][info][gc,phases   ] GC(1366)   Merge Heap Roots: 0.1ms
[380.889s][info][gc,phases   ] GC(1366)   Evacuate Collection Set: 0.7ms
[380.889s][info][gc,phases   ] GC(1366)   Post Evacuate Collection Set: 0.2ms
[380.889s][info][gc,phases   ] GC(1366)   Other: 0.1ms
[380.889s][info][gc,heap     ] GC(1366) Eden regions: 1->0(75)
[380.889s][info][gc,heap     ] GC(1366) Survivor regions: 1->1(10)
[380.889s][info][gc,heap     ] GC(1366) Old regions: 8->8
[380.889s][info][gc,heap     ] GC(1366) Archive regions: 2->2
[380.889s][info][gc,heap     ] GC(1366) Humongous regions: 96->0
[380.889s][info][gc,metaspace] GC(1366) Metaspace: 29090K(29504K)->29090K(29504K) NonClass: 25530K(25728K)->25530K(25728K) Class: 3559K(3776K)->3559K(3776K)
[380.889s][info][gc          ] GC(1366) Pause Young (Concurrent Start) (G1 Humongous Allocation) 210M->16M(254M) 1.291ms
[380.889s][info][gc          ] GC(1367) Concurrent Undo Cycle
[380.889s][info][gc,cpu      ] GC(1366) User=0.00s Sys=0.00s Real=0.00s
[380.889s][info][gc,marking  ] GC(1367) Concurrent Cleanup for Next Mark
[380.889s][info][gc,marking  ] GC(1367) Concurrent Cleanup for Next Mark 0.051ms
[380.889s][info][gc          ] GC(1367) Concurrent Undo Cycle 0.097ms
[381.399s][info][gc,start    ] GC(1368) Pause Young (Concurrent Start) (G1 Humongous Allocation)
[381.399s][info][gc,task     ] GC(1368) Using 8 workers of 8 for evacuation
[381.400s][info][gc,phases   ] GC(1368)   Pre Evacuate Collection Set: 0.2ms
[381.400s][info][gc,phases   ] GC(1368)   Merge Heap Roots: 0.1ms
[381.400s][info][gc,phases   ] GC(1368)   Evacuate Collection Set: 0.8ms
[381.400s][info][gc,phases   ] GC(1368)   Post Evacuate Collection Set: 0.3ms
[381.400s][info][gc,phases   ] GC(1368)   Other: 0.1ms
[381.400s][info][gc,heap     ] GC(1368) Eden regions: 1->0(75)
[381.400s][info][gc,heap     ] GC(1368) Survivor regions: 1->1(10)
[381.400s][info][gc,heap     ] GC(1368) Old regions: 8->8
[381.400s][info][gc,heap     ] GC(1368) Archive regions: 2->2
[381.400s][info][gc,heap     ] GC(1368) Humongous regions: 96->0
[381.400s][info][gc,metaspace] GC(1368) Metaspace: 29090K(29504K)->29090K(29504K) NonClass: 25530K(25728K)->25530K(25728K) Class: 3559K(3776K)->3559K(3776K)
[381.400s][info][gc          ] GC(1368) Pause Young (Concurrent Start) (G1 Humongous Allocation) 210M->16M(254M) 1.793ms
[381.400s][info][gc          ] GC(1369) Concurrent Undo Cycle
[381.400s][info][gc,cpu      ] GC(1368) User=0.00s Sys=0.00s Real=0.01s
[381.401s][info][gc,marking  ] GC(1369) Concurrent Cleanup for Next Mark
[381.401s][info][gc,marking  ] GC(1369) Concurrent Cleanup for Next Mark 0.086ms
[381.401s][info][gc          ] GC(1369) Concurrent Undo Cycle 0.176ms
[381.915s][info][gc,start    ] GC(1370) Pause Young (Concurrent Start) (G1 Humongous Allocation)
[381.915s][info][gc,task     ] GC(1370) Using 8 workers of 8 for evacuation
[381.918s][info][gc,phases   ] GC(1370)   Pre Evacuate Collection Set: 0.5ms
[381.918s][info][gc,phases   ] GC(1370)   Merge Heap Roots: 0.2ms
[381.918s][info][gc,phases   ] GC(1370)   Evacuate Collection Set: 1.2ms
[381.918s][info][gc,phases   ] GC(1370)   Post Evacuate Collection Set: 0.8ms
[381.918s][info][gc,phases   ] GC(1370)   Other: 0.2ms
[381.918s][info][gc,heap     ] GC(1370) Eden regions: 1->0(75)
[381.918s][info][gc,heap     ] GC(1370) Survivor regions: 1->1(10)
[381.918s][info][gc,heap     ] GC(1370) Old regions: 8->8
[381.918s][info][gc,heap     ] GC(1370) Archive regions: 2->2
[381.918s][info][gc,heap     ] GC(1370) Humongous regions: 96->0
[381.918s][info][gc,metaspace] GC(1370) Metaspace: 29090K(29504K)->29090K(29504K) NonClass: 25530K(25728K)->25530K(25728K) Class: 3559K(3776K)->3559K(3776K)
[381.918s][info][gc          ] GC(1370) Pause Young (Concurrent Start) (G1 Humongous Allocation) 210M->16M(254M) 3.459ms
[381.918s][info][gc,cpu      ] GC(1370) User=0.01s Sys=0.01s Real=0.00s
[381.918s][info][gc          ] GC(1371) Concurrent Undo Cycle
[381.918s][info][gc,marking  ] GC(1371) Concurrent Cleanup for Next Mark
[381.919s][info][gc,marking  ] GC(1371) Concurrent Cleanup for Next Mark 0.237ms
[381.919s][info][gc          ] GC(1371) Concurrent Undo Cycle 0.491ms
[382.434s][info][gc,start    ] GC(1372) Pause Young (Concurrent Start) (G1 Humongous Allocation)
[382.435s][info][gc,task     ] GC(1372) Using 8 workers of 8 for evacuation
[382.436s][info][gc,phases   ] GC(1372)   Pre Evacuate Collection Set: 0.2ms
[382.436s][info][gc,phases   ] GC(1372)   Merge Heap Roots: 0.1ms
[382.437s][info][gc,phases   ] GC(1372)   Evacuate Collection Set: 0.7ms
[382.437s][info][gc,phases   ] GC(1372)   Post Evacuate Collection Set: 0.6ms
[382.437s][info][gc,phases   ] GC(1372)   Other: 0.1ms
[382.437s][info][gc,heap     ] GC(1372) Eden regions: 2->0(75)
[382.437s][info][gc,heap     ] GC(1372) Survivor regions: 1->1(10)
[382.437s][info][gc,heap     ] GC(1372) Old regions: 8->8
[382.437s][info][gc,heap     ] GC(1372) Archive regions: 2->2
[382.437s][info][gc,heap     ] GC(1372) Humongous regions: 96->0
[382.437s][info][gc,metaspace] GC(1372) Metaspace: 29090K(29504K)->29090K(29504K) NonClass: 25530K(25728K)->25530K(25728K) Class: 3559K(3776K)->3559K(3776K)
[382.437s][info][gc          ] GC(1372) Pause Young (Concurrent Start) (G1 Humongous Allocation) 210M->16M(254M) 2.266ms
[382.437s][info][gc,cpu      ] GC(1372) User=0.00s Sys=0.00s Real=0.00s
[382.437s][info][gc          ] GC(1373) Concurrent Undo Cycle
[382.437s][info][gc,marking  ] GC(1373) Concurrent Cleanup for Next Mark
[382.437s][info][gc,marking  ] GC(1373) Concurrent Cleanup for Next Mark 0.100ms
[382.437s][info][gc          ] GC(1373) Concurrent Undo Cycle 0.252ms
[382.955s][info][gc,start    ] GC(1374) Pause Young (Concurrent Start) (G1 Humongous Allocation)
[382.955s][info][gc,task     ] GC(1374) Using 8 workers of 8 for evacuation
[382.958s][info][gc,phases   ] GC(1374)   Pre Evacuate Collection Set: 0.4ms
[382.958s][info][gc,phases   ] GC(1374)   Merge Heap Roots: 0.2ms
[382.958s][info][gc,phases   ] GC(1374)   Evacuate Collection Set: 1.2ms
[382.958s][info][gc,phases   ] GC(1374)   Post Evacuate Collection Set: 0.7ms
[382.958s][info][gc,phases   ] GC(1374)   Other: 0.2ms
[382.958s][info][gc,heap     ] GC(1374) Eden regions: 1->0(75)
[382.958s][info][gc,heap     ] GC(1374) Survivor regions: 1->1(10)
[382.958s][info][gc,heap     ] GC(1374) Old regions: 8->8
[382.958s][info][gc,heap     ] GC(1374) Archive regions: 2->2
[382.958s][info][gc,heap     ] GC(1374) Humongous regions: 96->0
[382.958s][info][gc,metaspace] GC(1374) Metaspace: 29090K(29504K)->29090K(29504K) NonClass: 25530K(25728K)->25530K(25728K) Class: 3559K(3776K)->3559K(3776K)
[382.958s][info][gc          ] GC(1374) Pause Young (Concurrent Start) (G1 Humongous Allocation) 209M->16M(254M) 3.351ms
[382.958s][info][gc,cpu      ] GC(1374) User=0.01s Sys=0.00s Real=0.00s
[382.958s][info][gc          ] GC(1375) Concurrent Undo Cycle
[382.958s][info][gc,marking  ] GC(1375) Concurrent Cleanup for Next Mark
[382.959s][info][gc,marking  ] GC(1375) Concurrent Cleanup for Next Mark 0.194ms
[382.959s][info][gc          ] GC(1375) Concurrent Undo Cycle 0.451ms
[383.482s][info][gc,start    ] GC(1376) Pause Young (Concurrent Start) (G1 Humongous Allocation)
[383.482s][info][gc,task     ] GC(1376) Using 8 workers of 8 for evacuation
[383.485s][info][gc,phases   ] GC(1376)   Pre Evacuate Collection Set: 0.5ms
[383.485s][info][gc,phases   ] GC(1376)   Merge Heap Roots: 0.2ms
[383.485s][info][gc,phases   ] GC(1376)   Evacuate Collection Set: 1.2ms
[383.485s][info][gc,phases   ] GC(1376)   Post Evacuate Collection Set: 0.8ms
[383.485s][info][gc,phases   ] GC(1376)   Other: 0.3ms
[383.485s][info][gc,heap     ] GC(1376) Eden regions: 2->0(75)
[383.485s][info][gc,heap     ] GC(1376) Survivor regions: 1->1(10)
[383.485s][info][gc,heap     ] GC(1376) Old regions: 8->8
[383.485s][info][gc,heap     ] GC(1376) Archive regions: 2->2
[383.485s][info][gc,heap     ] GC(1376) Humongous regions: 96->0
[383.485s][info][gc,metaspace] GC(1376) Metaspace: 29090K(29504K)->29090K(29504K) NonClass: 25530K(25728K)->25530K(25728K) Class: 3559K(3776K)->3559K(3776K)
[383.485s][info][gc          ] GC(1376) Pause Young (Concurrent Start) (G1 Humongous Allocation) 210M->16M(254M) 3.512ms
[383.485s][info][gc,cpu      ] GC(1376) User=0.00s Sys=0.00s Real=0.00s
[383.485s][info][gc          ] GC(1377) Concurrent Undo Cycle
[383.485s][info][gc,marking  ] GC(1377) Concurrent Cleanup for Next Mark
[383.486s][info][gc,marking  ] GC(1377) Concurrent Cleanup for Next Mark 0.136ms
[383.486s][info][gc          ] GC(1377) Concurrent Undo Cycle 0.340ms
[384.003s][info][gc,start    ] GC(1378) Pause Young (Concurrent Start) (G1 Humongous Allocation)
[384.003s][info][gc,task     ] GC(1378) Using 8 workers of 8 for evacuation
[384.005s][info][gc,phases   ] GC(1378)   Pre Evacuate Collection Set: 0.1ms
[384.005s][info][gc,phases   ] GC(1378)   Merge Heap Roots: 0.1ms
[384.005s][info][gc,phases   ] GC(1378)   Evacuate Collection Set: 1.1ms
[384.005s][info][gc,phases   ] GC(1378)   Post Evacuate Collection Set: 0.9ms
[384.005s][info][gc,phases   ] GC(1378)   Other: 0.2ms
[384.005s][info][gc,heap     ] GC(1378) Eden regions: 1->0(75)
[384.005s][info][gc,heap     ] GC(1378) Survivor regions: 1->1(10)
[384.005s][info][gc,heap     ] GC(1378) Old regions: 8->8
[384.005s][info][gc,heap     ] GC(1378) Archive regions: 2->2
[384.005s][info][gc,heap     ] GC(1378) Humongous regions: 96->0
[384.005s][info][gc,metaspace] GC(1378) Metaspace: 29090K(29504K)->29090K(29504K) NonClass: 25530K(25728K)->25530K(25728K) Class: 3559K(3776K)->3559K(3776K)
[384.005s][info][gc          ] GC(1378) Pause Young (Concurrent Start) (G1 Humongous Allocation) 209M->16M(254M) 2.751ms
[384.005s][info][gc          ] GC(1379) Concurrent Undo Cycle
[384.005s][info][gc,cpu      ] GC(1378) User=0.00s Sys=0.00s Real=0.00s
[384.005s][info][gc,marking  ] GC(1379) Concurrent Cleanup for Next Mark
[384.006s][info][gc,marking  ] GC(1379) Concurrent Cleanup for Next Mark 0.174ms
[384.006s][info][gc          ] GC(1379) Concurrent Undo Cycle 0.247ms
[384.515s][info][gc,start    ] GC(1380) Pause Young (Concurrent Start) (G1 Humongous Allocation)
[384.515s][info][gc,task     ] GC(1380) Using 8 workers of 8 for evacuation
[384.518s][info][gc,phases   ] GC(1380)   Pre Evacuate Collection Set: 0.4ms
[384.518s][info][gc,phases   ] GC(1380)   Merge Heap Roots: 0.2ms
[384.518s][info][gc,phases   ] GC(1380)   Evacuate Collection Set: 1.3ms
[384.518s][info][gc,phases   ] GC(1380)   Post Evacuate Collection Set: 0.8ms
[384.518s][info][gc,phases   ] GC(1380)   Other: 0.2ms
[384.518s][info][gc,heap     ] GC(1380) Eden regions: 2->0(75)
[384.518s][info][gc,heap     ] GC(1380) Survivor regions: 1->1(10)
[384.519s][info][gc,heap     ] GC(1380) Old regions: 8->8
[384.519s][info][gc,heap     ] GC(1380) Archive regions: 2->2
[384.519s][info][gc,heap     ] GC(1380) Humongous regions: 96->0
[384.519s][info][gc,metaspace] GC(1380) Metaspace: 29090K(29504K)->29090K(29504K) NonClass: 25530K(25728K)->25530K(25728K) Class: 3559K(3776K)->3559K(3776K)
[384.519s][info][gc          ] GC(1380) Pause Young (Concurrent Start) (G1 Humongous Allocation) 210M->16M(254M) 3.522ms
[384.519s][info][gc,cpu      ] GC(1380) User=0.01s Sys=0.01s Real=0.00s
[384.519s][info][gc          ] GC(1381) Concurrent Undo Cycle
[384.519s][info][gc,marking  ] GC(1381) Concurrent Cleanup for Next Mark
[384.519s][info][gc,marking  ] GC(1381) Concurrent Cleanup for Next Mark 0.256ms
[384.519s][info][gc          ] GC(1381) Concurrent Undo Cycle 0.530ms
[385.036s][info][gc,start    ] GC(1382) Pause Young (Concurrent Start) (G1 Humongous Allocation)
[385.036s][info][gc,task     ] GC(1382) Using 8 workers of 8 for evacuation
[385.039s][info][gc,phases   ] GC(1382)   Pre Evacuate Collection Set: 0.4ms
[385.039s][info][gc,phases   ] GC(1382)   Merge Heap Roots: 0.2ms
[385.039s][info][gc,phases   ] GC(1382)   Evacuate Collection Set: 1.3ms
[385.039s][info][gc,phases   ] GC(1382)   Post Evacuate Collection Set: 0.8ms
[385.039s][info][gc,phases   ] GC(1382)   Other: 0.3ms
[385.039s][info][gc,heap     ] GC(1382) Eden regions: 1->0(75)
[385.039s][info][gc,heap     ] GC(1382) Survivor regions: 1->1(10)
[385.039s][info][gc,heap     ] GC(1382) Old regions: 8->8
[385.039s][info][gc,heap     ] GC(1382) Archive regions: 2->2
[385.039s][info][gc,heap     ] GC(1382) Humongous regions: 96->0
[385.039s][info][gc,metaspace] GC(1382) Metaspace: 29090K(29504K)->29090K(29504K) NonClass: 25530K(25728K)->25530K(25728K) Class: 3559K(3776K)->3559K(3776K)
[385.039s][info][gc          ] GC(1382) Pause Young (Concurrent Start) (G1 Humongous Allocation) 209M->16M(254M) 3.693ms
[385.039s][info][gc,cpu      ] GC(1382) User=0.01s Sys=0.00s Real=0.01s
[385.039s][info][gc          ] GC(1383) Concurrent Undo Cycle
[385.039s][info][gc,marking  ] GC(1383) Concurrent Cleanup for Next Mark
[385.040s][info][gc,marking  ] GC(1383) Concurrent Cleanup for Next Mark 0.235ms
[385.040s][info][gc          ] GC(1383) Concurrent Undo Cycle 0.505ms
[385.555s][info][gc,start    ] GC(1384) Pause Young (Concurrent Start) (G1 Humongous Allocation)
[385.555s][info][gc,task     ] GC(1384) Using 8 workers of 8 for evacuation
[385.557s][info][gc,phases   ] GC(1384)   Pre Evacuate Collection Set: 0.3ms
[385.557s][info][gc,phases   ] GC(1384)   Merge Heap Roots: 0.2ms
[385.557s][info][gc,phases   ] GC(1384)   Evacuate Collection Set: 0.8ms
[385.557s][info][gc,phases   ] GC(1384)   Post Evacuate Collection Set: 0.7ms
[385.557s][info][gc,phases   ] GC(1384)   Other: 0.1ms
[385.557s][info][gc,heap     ] GC(1384) Eden regions: 2->0(75)
[385.557s][info][gc,heap     ] GC(1384) Survivor regions: 1->1(10)
[385.557s][info][gc,heap     ] GC(1384) Old regions: 8->8
[385.557s][info][gc,heap     ] GC(1384) Archive regions: 2->2
[385.557s][info][gc,heap     ] GC(1384) Humongous regions: 96->0
[385.557s][info][gc,metaspace] GC(1384) Metaspace: 29090K(29504K)->29090K(29504K) NonClass: 25530K(25728K)->25530K(25728K) Class: 3559K(3776K)->3559K(3776K)
[385.558s][info][gc          ] GC(1384) Pause Young (Concurrent Start) (G1 Humongous Allocation) 210M->16M(254M) 2.700ms
[385.558s][info][gc          ] GC(1385) Concurrent Undo Cycle
[385.558s][info][gc,cpu      ] GC(1384) User=0.00s Sys=0.00s Real=0.00s
[385.558s][info][gc,marking  ] GC(1385) Concurrent Cleanup for Next Mark
[385.558s][info][gc,marking  ] GC(1385) Concurrent Cleanup for Next Mark 0.154ms
[385.558s][info][gc          ] GC(1385) Concurrent Undo Cycle 0.296ms
[386.076s][info][gc,start    ] GC(1386) Pause Young (Concurrent Start) (G1 Humongous Allocation)
[386.077s][info][gc,task     ] GC(1386) Using 8 workers of 8 for evacuation
[386.077s][info][gc,phases   ] GC(1386)   Pre Evacuate Collection Set: 0.1ms
[386.077s][info][gc,phases   ] GC(1386)   Merge Heap Roots: 0.0ms
[386.077s][info][gc,phases   ] GC(1386)   Evacuate Collection Set: 0.5ms
[386.077s][info][gc,phases   ] GC(1386)   Post Evacuate Collection Set: 0.2ms
[386.077s][info][gc,phases   ] GC(1386)   Other: 0.1ms
[386.077s][info][gc,heap     ] GC(1386) Eden regions: 1->0(75)
[386.077s][info][gc,heap     ] GC(1386) Survivor regions: 1->1(10)
[386.078s][info][gc,heap     ] GC(1386) Old regions: 8->8
[386.078s][info][gc,heap     ] GC(1386) Archive regions: 2->2
[386.078s][info][gc,heap     ] GC(1386) Humongous regions: 96->0
[386.078s][info][gc,metaspace] GC(1386) Metaspace: 29090K(29504K)->29090K(29504K) NonClass: 25530K(25728K)->25530K(25728K) Class: 3559K(3776K)->3559K(3776K)
[386.078s][info][gc          ] GC(1386) Pause Young (Concurrent Start) (G1 Humongous Allocation) 209M->16M(254M) 1.134ms
[386.078s][info][gc          ] GC(1387) Concurrent Undo Cycle
[386.078s][info][gc,cpu      ] GC(1386) User=0.01s Sys=0.00s Real=0.00s
[386.078s][info][gc,marking  ] GC(1387) Concurrent Cleanup for Next Mark
[386.078s][info][gc,marking  ] GC(1387) Concurrent Cleanup for Next Mark 0.056ms
[386.078s][info][gc          ] GC(1387) Concurrent Undo Cycle 0.108ms
[386.586s][info][gc,start    ] GC(1388) Pause Young (Concurrent Start) (G1 Humongous Allocation)
[386.587s][info][gc,task     ] GC(1388) Using 8 workers of 8 for evacuation
[386.587s][info][gc,phases   ] GC(1388)   Pre Evacuate Collection Set: 0.1ms
[386.587s][info][gc,phases   ] GC(1388)   Merge Heap Roots: 0.0ms
[386.588s][info][gc,phases   ] GC(1388)   Evacuate Collection Set: 0.5ms
[386.588s][info][gc,phases   ] GC(1388)   Post Evacuate Collection Set: 0.2ms
[386.588s][info][gc,phases   ] GC(1388)   Other: 0.0ms
[386.588s][info][gc,heap     ] GC(1388) Eden regions: 2->0(75)
[386.588s][info][gc,heap     ] GC(1388) Survivor regions: 1->1(10)
[386.588s][info][gc,heap     ] GC(1388) Old regions: 8->8
[386.588s][info][gc,heap     ] GC(1388) Archive regions: 2->2
[386.588s][info][gc,heap     ] GC(1388) Humongous regions: 96->0
[386.588s][info][gc,metaspace] GC(1388) Metaspace: 29090K(29504K)->29090K(29504K) NonClass: 25530K(25728K)->25530K(25728K) Class: 3559K(3776K)->3559K(3776K)
[386.588s][info][gc          ] GC(1388) Pause Young (Concurrent Start) (G1 Humongous Allocation) 210M->16M(254M) 1.147ms
[386.588s][info][gc,cpu      ] GC(1388) User=0.01s Sys=0.00s Real=0.00s
[386.588s][info][gc          ] GC(1389) Concurrent Undo Cycle
[386.588s][info][gc,marking  ] GC(1389) Concurrent Cleanup for Next Mark
[386.588s][info][gc,marking  ] GC(1389) Concurrent Cleanup for Next Mark 0.049ms
[386.588s][info][gc          ] GC(1389) Concurrent Undo Cycle 0.129ms
[387.099s][info][gc,start    ] GC(1390) Pause Young (Concurrent Start) (G1 Humongous Allocation)
[387.099s][info][gc,task     ] GC(1390) Using 8 workers of 8 for evacuation
[387.101s][info][gc,phases   ] GC(1390)   Pre Evacuate Collection Set: 0.3ms
[387.101s][info][gc,phases   ] GC(1390)   Merge Heap Roots: 0.1ms
[387.101s][info][gc,phases   ] GC(1390)   Evacuate Collection Set: 1.0ms
[387.101s][info][gc,phases   ] GC(1390)   Post Evacuate Collection Set: 0.5ms
[387.101s][info][gc,phases   ] GC(1390)   Other: 0.2ms
[387.101s][info][gc,heap     ] GC(1390) Eden regions: 1->0(75)
[387.101s][info][gc,heap     ] GC(1390) Survivor regions: 1->1(10)
[387.101s][info][gc,heap     ] GC(1390) Old regions: 8->8
[387.101s][info][gc,heap     ] GC(1390) Archive regions: 2->2
[387.101s][info][gc,heap     ] GC(1390) Humongous regions: 96->0
[387.101s][info][gc,metaspace] GC(1390) Metaspace: 29090K(29504K)->29090K(29504K) NonClass: 25530K(25728K)->25530K(25728K) Class: 3559K(3776K)->3559K(3776K)
[387.102s][info][gc          ] GC(1390) Pause Young (Concurrent Start) (G1 Humongous Allocation) 210M->16M(254M) 2.727ms
[387.102s][info][gc          ] GC(1391) Concurrent Undo Cycle
[387.102s][info][gc,cpu      ] GC(1390) User=0.01s Sys=0.00s Real=0.01s
[387.102s][info][gc,marking  ] GC(1391) Concurrent Cleanup for Next Mark
[387.102s][info][gc,marking  ] GC(1391) Concurrent Cleanup for Next Mark 0.174ms
[387.102s][info][gc          ] GC(1391) Concurrent Undo Cycle 0.338ms
[387.617s][info][gc,start    ] GC(1392) Pause Young (Concurrent Start) (G1 Humongous Allocation)
[387.617s][info][gc,task     ] GC(1392) Using 8 workers of 8 for evacuation
[387.618s][info][gc,phases   ] GC(1392)   Pre Evacuate Collection Set: 0.2ms
[387.618s][info][gc,phases   ] GC(1392)   Merge Heap Roots: 0.0ms
[387.618s][info][gc,phases   ] GC(1392)   Evacuate Collection Set: 0.5ms
[387.618s][info][gc,phases   ] GC(1392)   Post Evacuate Collection Set: 0.3ms
[387.618s][info][gc,phases   ] GC(1392)   Other: 0.1ms
[387.618s][info][gc,heap     ] GC(1392) Eden regions: 2->0(75)
[387.618s][info][gc,heap     ] GC(1392) Survivor regions: 1->1(10)
[387.618s][info][gc,heap     ] GC(1392) Old regions: 8->8
[387.618s][info][gc,heap     ] GC(1392) Archive regions: 2->2
[387.618s][info][gc,heap     ] GC(1392) Humongous regions: 96->0
[387.618s][info][gc,metaspace] GC(1392) Metaspace: 29090K(29504K)->29090K(29504K) NonClass: 25530K(25728K)->25530K(25728K) Class: 3559K(3776K)->3559K(3776K)
[387.618s][info][gc          ] GC(1392) Pause Young (Concurrent Start) (G1 Humongous Allocation) 210M->16M(254M) 1.398ms
[387.618s][info][gc          ] GC(1393) Concurrent Undo Cycle
[387.618s][info][gc,cpu      ] GC(1392) User=0.00s Sys=0.00s Real=0.00s
[387.618s][info][gc,marking  ] GC(1393) Concurrent Cleanup for Next Mark
[387.618s][info][gc,marking  ] GC(1393) Concurrent Cleanup for Next Mark 0.073ms
[387.618s][info][gc          ] GC(1393) Concurrent Undo Cycle 0.157ms
[388.132s][info][gc,start    ] GC(1394) Pause Young (Concurrent Start) (G1 Humongous Allocation)
[388.132s][info][gc,task     ] GC(1394) Using 8 workers of 8 for evacuation
[388.134s][info][gc,phases   ] GC(1394)   Pre Evacuate Collection Set: 0.3ms
[388.134s][info][gc,phases   ] GC(1394)   Merge Heap Roots: 0.0ms
[388.134s][info][gc,phases   ] GC(1394)   Evacuate Collection Set: 0.5ms
[388.134s][info][gc,phases   ] GC(1394)   Post Evacuate Collection Set: 0.3ms
[388.134s][info][gc,phases   ] GC(1394)   Other: 0.0ms
[388.134s][info][gc,heap     ] GC(1394) Eden regions: 1->0(75)
[388.134s][info][gc,heap     ] GC(1394) Survivor regions: 1->1(10)
[388.134s][info][gc,heap     ] GC(1394) Old regions: 8->8
[388.134s][info][gc,heap     ] GC(1394) Archive regions: 2->2
[388.134s][info][gc,heap     ] GC(1394) Humongous regions: 96->0
[388.134s][info][gc,metaspace] GC(1394) Metaspace: 29090K(29504K)->29090K(29504K) NonClass: 25530K(25728K)->25530K(25728K) Class: 3559K(3776K)->3559K(3776K)
[388.134s][info][gc          ] GC(1394) Pause Young (Concurrent Start) (G1 Humongous Allocation) 209M->16M(254M) 1.808ms
[388.134s][info][gc,cpu      ] GC(1394) User=0.00s Sys=0.00s Real=0.00s
[388.134s][info][gc          ] GC(1395) Concurrent Undo Cycle
[388.134s][info][gc,marking  ] GC(1395) Concurrent Cleanup for Next Mark
[388.134s][info][gc,marking  ] GC(1395) Concurrent Cleanup for Next Mark 0.073ms
[388.134s][info][gc          ] GC(1395) Concurrent Undo Cycle 0.144ms
[388.646s][info][gc,start    ] GC(1396) Pause Young (Concurrent Start) (G1 Humongous Allocation)
[388.646s][info][gc,task     ] GC(1396) Using 8 workers of 8 for evacuation
[388.647s][info][gc,phases   ] GC(1396)   Pre Evacuate Collection Set: 0.1ms
[388.647s][info][gc,phases   ] GC(1396)   Merge Heap Roots: 0.0ms
[388.647s][info][gc,phases   ] GC(1396)   Evacuate Collection Set: 0.6ms
[388.647s][info][gc,phases   ] GC(1396)   Post Evacuate Collection Set: 0.4ms
[388.647s][info][gc,phases   ] GC(1396)   Other: 0.1ms
[388.647s][info][gc,heap     ] GC(1396) Eden regions: 2->0(75)
[388.647s][info][gc,heap     ] GC(1396) Survivor regions: 1->1(10)
[388.647s][info][gc,heap     ] GC(1396) Old regions: 8->8
[388.647s][info][gc,heap     ] GC(1396) Archive regions: 2->2
[388.647s][info][gc,heap     ] GC(1396) Humongous regions: 96->0
[388.647s][info][gc,metaspace] GC(1396) Metaspace: 29090K(29504K)->29090K(29504K) NonClass: 25530K(25728K)->25530K(25728K) Class: 3559K(3776K)->3559K(3776K)
[388.647s][info][gc          ] GC(1396) Pause Young (Concurrent Start) (G1 Humongous Allocation) 210M->16M(254M) 1.621ms
[388.647s][info][gc          ] GC(1397) Concurrent Undo Cycle
[388.647s][info][gc,cpu      ] GC(1396) User=0.00s Sys=0.00s Real=0.00s
[388.647s][info][gc,marking  ] GC(1397) Concurrent Cleanup for Next Mark
[388.647s][info][gc,marking  ] GC(1397) Concurrent Cleanup for Next Mark 0.146ms
[388.647s][info][gc          ] GC(1397) Concurrent Undo Cycle 0.204ms
[389.160s][info][gc,start    ] GC(1398) Pause Young (Concurrent Start) (G1 Humongous Allocation)
[389.161s][info][gc,task     ] GC(1398) Using 8 workers of 8 for evacuation
[389.163s][info][gc,phases   ] GC(1398)   Pre Evacuate Collection Set: 0.4ms
[389.163s][info][gc,phases   ] GC(1398)   Merge Heap Roots: 0.2ms
[389.163s][info][gc,phases   ] GC(1398)   Evacuate Collection Set: 1.3ms
[389.163s][info][gc,phases   ] GC(1398)   Post Evacuate Collection Set: 0.6ms
[389.163s][info][gc,phases   ] GC(1398)   Other: 0.2ms
[389.163s][info][gc,heap     ] GC(1398) Eden regions: 1->0(75)
[389.163s][info][gc,heap     ] GC(1398) Survivor regions: 1->1(10)
[389.163s][info][gc,heap     ] GC(1398) Old regions: 8->8
[389.163s][info][gc,heap     ] GC(1398) Archive regions: 2->2
[389.163s][info][gc,heap     ] GC(1398) Humongous regions: 96->0
[389.163s][info][gc,metaspace] GC(1398) Metaspace: 29090K(29504K)->29090K(29504K) NonClass: 25530K(25728K)->25530K(25728K) Class: 3559K(3776K)->3559K(3776K)
[389.163s][info][gc          ] GC(1398) Pause Young (Concurrent Start) (G1 Humongous Allocation) 209M->16M(254M) 3.104ms
[389.164s][info][gc,cpu      ] GC(1398) User=0.01s Sys=0.00s Real=0.00s
[389.164s][info][gc          ] GC(1399) Concurrent Undo Cycle
[389.164s][info][gc,marking  ] GC(1399) Concurrent Cleanup for Next Mark
[389.164s][info][gc,marking  ] GC(1399) Concurrent Cleanup for Next Mark 0.181ms
[389.164s][info][gc          ] GC(1399) Concurrent Undo Cycle 0.367ms
[389.682s][info][gc,start    ] GC(1400) Pause Young (Concurrent Start) (G1 Humongous Allocation)
[389.682s][info][gc,task     ] GC(1400) Using 8 workers of 8 for evacuation
[389.685s][info][gc,phases   ] GC(1400)   Pre Evacuate Collection Set: 0.4ms
[389.685s][info][gc,phases   ] GC(1400)   Merge Heap Roots: 0.2ms
[389.686s][info][gc,phases   ] GC(1400)   Evacuate Collection Set: 1.3ms
[389.686s][info][gc,phases   ] GC(1400)   Post Evacuate Collection Set: 0.8ms
[389.686s][info][gc,phases   ] GC(1400)   Other: 0.2ms
[389.686s][info][gc,heap     ] GC(1400) Eden regions: 2->0(75)
[389.686s][info][gc,heap     ] GC(1400) Survivor regions: 1->1(10)
[389.686s][info][gc,heap     ] GC(1400) Old regions: 8->8
[389.686s][info][gc,heap     ] GC(1400) Archive regions: 2->2
[389.686s][info][gc,heap     ] GC(1400) Humongous regions: 96->0
[389.686s][info][gc,metaspace] GC(1400) Metaspace: 29090K(29504K)->29090K(29504K) NonClass: 25530K(25728K)->25530K(25728K) Class: 3559K(3776K)->3559K(3776K)
[389.686s][info][gc          ] GC(1400) Pause Young (Concurrent Start) (G1 Humongous Allocation) 210M->16M(254M) 3.640ms
[389.686s][info][gc,cpu      ] GC(1400) User=0.01s Sys=0.00s Real=0.00s
[389.686s][info][gc          ] GC(1401) Concurrent Undo Cycle
[389.686s][info][gc,marking  ] GC(1401) Concurrent Cleanup for Next Mark
[389.686s][info][gc,marking  ] GC(1401) Concurrent Cleanup for Next Mark 0.210ms
[389.686s][info][gc          ] GC(1401) Concurrent Undo Cycle 0.458ms
[390.202s][info][gc,start    ] GC(1402) Pause Young (Concurrent Start) (G1 Humongous Allocation)
[390.202s][info][gc,task     ] GC(1402) Using 8 workers of 8 for evacuation
[390.204s][info][gc,phases   ] GC(1402)   Pre Evacuate Collection Set: 0.3ms
[390.204s][info][gc,phases   ] GC(1402)   Merge Heap Roots: 0.1ms
[390.204s][info][gc,phases   ] GC(1402)   Evacuate Collection Set: 0.8ms
[390.204s][info][gc,phases   ] GC(1402)   Post Evacuate Collection Set: 0.5ms
[390.204s][info][gc,phases   ] GC(1402)   Other: 0.1ms
[390.204s][info][gc,heap     ] GC(1402) Eden regions: 1->0(75)
[390.204s][info][gc,heap     ] GC(1402) Survivor regions: 1->1(10)
[390.204s][info][gc,heap     ] GC(1402) Old regions: 8->8
[390.204s][info][gc,heap     ] GC(1402) Archive regions: 2->2
[390.204s][info][gc,heap     ] GC(1402) Humongous regions: 96->0
[390.204s][info][gc,metaspace] GC(1402) Metaspace: 29090K(29504K)->29090K(29504K) NonClass: 25530K(25728K)->25530K(25728K) Class: 3559K(3776K)->3559K(3776K)
[390.204s][info][gc          ] GC(1402) Pause Young (Concurrent Start) (G1 Humongous Allocation) 209M->16M(254M) 2.354ms
[390.204s][info][gc,cpu      ] GC(1402) User=0.01s Sys=0.00s Real=0.00s
[390.204s][info][gc          ] GC(1403) Concurrent Undo Cycle
[390.204s][info][gc,marking  ] GC(1403) Concurrent Cleanup for Next Mark
[390.204s][info][gc,marking  ] GC(1403) Concurrent Cleanup for Next Mark 0.137ms
[390.204s][info][gc          ] GC(1403) Concurrent Undo Cycle 0.333ms
[390.721s][info][gc,start    ] GC(1404) Pause Young (Concurrent Start) (G1 Humongous Allocation)
[390.721s][info][gc,task     ] GC(1404) Using 8 workers of 8 for evacuation
[390.724s][info][gc,phases   ] GC(1404)   Pre Evacuate Collection Set: 0.5ms
[390.724s][info][gc,phases   ] GC(1404)   Merge Heap Roots: 0.2ms
[390.724s][info][gc,phases   ] GC(1404)   Evacuate Collection Set: 1.2ms
[390.724s][info][gc,phases   ] GC(1404)   Post Evacuate Collection Set: 0.9ms
[390.724s][info][gc,phases   ] GC(1404)   Other: 0.3ms
[390.724s][info][gc,heap     ] GC(1404) Eden regions: 2->0(75)
[390.724s][info][gc,heap     ] GC(1404) Survivor regions: 1->1(10)
[390.724s][info][gc,heap     ] GC(1404) Old regions: 8->8
[390.725s][info][gc,heap     ] GC(1404) Archive regions: 2->2
[390.725s][info][gc,heap     ] GC(1404) Humongous regions: 96->0
[390.725s][info][gc,metaspace] GC(1404) Metaspace: 29090K(29504K)->29090K(29504K) NonClass: 25530K(25728K)->25530K(25728K) Class: 3559K(3776K)->3559K(3776K)
[390.725s][info][gc          ] GC(1404) Pause Young (Concurrent Start) (G1 Humongous Allocation) 210M->16M(254M) 3.731ms
[390.725s][info][gc,cpu      ] GC(1404) User=0.01s Sys=0.00s Real=0.00s
[390.725s][info][gc          ] GC(1405) Concurrent Undo Cycle
[390.725s][info][gc,marking  ] GC(1405) Concurrent Cleanup for Next Mark
[390.725s][info][gc,marking  ] GC(1405) Concurrent Cleanup for Next Mark 0.235ms
[390.725s][info][gc          ] GC(1405) Concurrent Undo Cycle 0.462ms
[391.244s][info][gc,start    ] GC(1406) Pause Young (Concurrent Start) (G1 Humongous Allocation)
[391.244s][info][gc,task     ] GC(1406) Using 8 workers of 8 for evacuation
[391.247s][info][gc,phases   ] GC(1406)   Pre Evacuate Collection Set: 0.3ms
[391.247s][info][gc,phases   ] GC(1406)   Merge Heap Roots: 0.2ms
[391.247s][info][gc,phases   ] GC(1406)   Evacuate Collection Set: 1.2ms
[391.247s][info][gc,phases   ] GC(1406)   Post Evacuate Collection Set: 0.7ms
[391.247s][info][gc,phases   ] GC(1406)   Other: 0.3ms
[391.247s][info][gc,heap     ] GC(1406) Eden regions: 1->0(75)
[391.247s][info][gc,heap     ] GC(1406) Survivor regions: 1->1(10)
[391.247s][info][gc,heap     ] GC(1406) Old regions: 8->8
[391.247s][info][gc,heap     ] GC(1406) Archive regions: 2->2
[391.247s][info][gc,heap     ] GC(1406) Humongous regions: 96->0
[391.247s][info][gc,metaspace] GC(1406) Metaspace: 29090K(29504K)->29090K(29504K) NonClass: 25530K(25728K)->25530K(25728K) Class: 3559K(3776K)->3559K(3776K)
[391.247s][info][gc          ] GC(1406) Pause Young (Concurrent Start) (G1 Humongous Allocation) 209M->16M(254M) 3.399ms
[391.247s][info][gc,cpu      ] GC(1406) User=0.00s Sys=0.00s Real=0.00s
[391.247s][info][gc          ] GC(1407) Concurrent Undo Cycle
[391.248s][info][gc,marking  ] GC(1407) Concurrent Cleanup for Next Mark
[391.248s][info][gc,marking  ] GC(1407) Concurrent Cleanup for Next Mark 0.198ms
[391.248s][info][gc          ] GC(1407) Concurrent Undo Cycle 0.466ms
[391.766s][info][gc,start    ] GC(1408) Pause Young (Concurrent Start) (G1 Humongous Allocation)
[391.766s][info][gc,task     ] GC(1408) Using 8 workers of 8 for evacuation
[391.770s][info][gc,phases   ] GC(1408)   Pre Evacuate Collection Set: 0.4ms
[391.770s][info][gc,phases   ] GC(1408)   Merge Heap Roots: 0.1ms
[391.770s][info][gc,phases   ] GC(1408)   Evacuate Collection Set: 1.2ms
[391.770s][info][gc,phases   ] GC(1408)   Post Evacuate Collection Set: 1.1ms
[391.770s][info][gc,phases   ] GC(1408)   Other: 0.3ms
[391.770s][info][gc,heap     ] GC(1408) Eden regions: 2->0(75)
[391.770s][info][gc,heap     ] GC(1408) Survivor regions: 1->1(10)
[391.770s][info][gc,heap     ] GC(1408) Old regions: 8->8
[391.770s][info][gc,heap     ] GC(1408) Archive regions: 2->2
[391.770s][info][gc,heap     ] GC(1408) Humongous regions: 96->0
[391.770s][info][gc,metaspace] GC(1408) Metaspace: 29090K(29504K)->29090K(29504K) NonClass: 25530K(25728K)->25530K(25728K) Class: 3559K(3776K)->3559K(3776K)
[391.770s][info][gc          ] GC(1408) Pause Young (Concurrent Start) (G1 Humongous Allocation) 210M->16M(254M) 4.175ms
[391.770s][info][gc          ] GC(1409) Concurrent Undo Cycle
[391.770s][info][gc,cpu      ] GC(1408) User=0.00s Sys=0.01s Real=0.01s
[391.771s][info][gc,marking  ] GC(1409) Concurrent Cleanup for Next Mark
[391.771s][info][gc,marking  ] GC(1409) Concurrent Cleanup for Next Mark 0.235ms
[391.771s][info][gc          ] GC(1409) Concurrent Undo Cycle 0.432ms
[392.295s][info][gc,start    ] GC(1410) Pause Young (Concurrent Start) (G1 Humongous Allocation)
[392.295s][info][gc,task     ] GC(1410) Using 8 workers of 8 for evacuation
[392.297s][info][gc,phases   ] GC(1410)   Pre Evacuate Collection Set: 0.2ms
[392.297s][info][gc,phases   ] GC(1410)   Merge Heap Roots: 0.2ms
[392.297s][info][gc,phases   ] GC(1410)   Evacuate Collection Set: 0.7ms
[392.297s][info][gc,phases   ] GC(1410)   Post Evacuate Collection Set: 0.5ms
[392.297s][info][gc,phases   ] GC(1410)   Other: 0.1ms
[392.297s][info][gc,heap     ] GC(1410) Eden regions: 1->0(75)
[392.297s][info][gc,heap     ] GC(1410) Survivor regions: 1->1(10)
[392.297s][info][gc,heap     ] GC(1410) Old regions: 8->8
[392.297s][info][gc,heap     ] GC(1410) Archive regions: 2->2
[392.297s][info][gc,heap     ] GC(1410) Humongous regions: 96->0
[392.297s][info][gc,metaspace] GC(1410) Metaspace: 29090K(29504K)->29090K(29504K) NonClass: 25530K(25728K)->25530K(25728K) Class: 3559K(3776K)->3559K(3776K)
[392.297s][info][gc          ] GC(1410) Pause Young (Concurrent Start) (G1 Humongous Allocation) 209M->16M(254M) 2.091ms
[392.297s][info][gc,cpu      ] GC(1410) User=0.00s Sys=0.00s Real=0.00s
[392.297s][info][gc          ] GC(1411) Concurrent Undo Cycle
[392.297s][info][gc,marking  ] GC(1411) Concurrent Cleanup for Next Mark
[392.298s][info][gc,marking  ] GC(1411) Concurrent Cleanup for Next Mark 0.072ms
[392.298s][info][gc          ] GC(1411) Concurrent Undo Cycle 0.190ms
[392.808s][info][gc,start    ] GC(1412) Pause Young (Concurrent Start) (G1 Humongous Allocation)
[392.808s][info][gc,task     ] GC(1412) Using 8 workers of 8 for evacuation
[392.811s][info][gc,phases   ] GC(1412)   Pre Evacuate Collection Set: 0.4ms
[392.811s][info][gc,phases   ] GC(1412)   Merge Heap Roots: 0.2ms
[392.811s][info][gc,phases   ] GC(1412)   Evacuate Collection Set: 1.2ms
[392.811s][info][gc,phases   ] GC(1412)   Post Evacuate Collection Set: 0.8ms
[392.811s][info][gc,phases   ] GC(1412)   Other: 0.2ms
[392.811s][info][gc,heap     ] GC(1412) Eden regions: 2->0(75)
[392.811s][info][gc,heap     ] GC(1412) Survivor regions: 1->1(10)
[392.811s][info][gc,heap     ] GC(1412) Old regions: 8->8
[392.811s][info][gc,heap     ] GC(1412) Archive regions: 2->2
[392.811s][info][gc,heap     ] GC(1412) Humongous regions: 96->0
[392.811s][info][gc,metaspace] GC(1412) Metaspace: 29090K(29504K)->29090K(29504K) NonClass: 25530K(25728K)->25530K(25728K) Class: 3559K(3776K)->3559K(3776K)
[392.811s][info][gc          ] GC(1412) Pause Young (Concurrent Start) (G1 Humongous Allocation) 210M->16M(254M) 3.506ms
[392.811s][info][gc,cpu      ] GC(1412) User=0.00s Sys=0.00s Real=0.01s
[392.811s][info][gc          ] GC(1413) Concurrent Undo Cycle
[392.811s][info][gc,marking  ] GC(1413) Concurrent Cleanup for Next Mark
[392.811s][info][gc,marking  ] GC(1413) Concurrent Cleanup for Next Mark 0.177ms
[392.812s][info][gc          ] GC(1413) Concurrent Undo Cycle 0.390ms
[393.332s][info][gc,start    ] GC(1414) Pause Young (Concurrent Start) (G1 Humongous Allocation)
[393.333s][info][gc,task     ] GC(1414) Using 8 workers of 8 for evacuation
[393.335s][info][gc,phases   ] GC(1414)   Pre Evacuate Collection Set: 0.4ms
[393.336s][info][gc,phases   ] GC(1414)   Merge Heap Roots: 0.2ms
[393.336s][info][gc,phases   ] GC(1414)   Evacuate Collection Set: 1.2ms
[393.336s][info][gc,phases   ] GC(1414)   Post Evacuate Collection Set: 0.8ms
[393.336s][info][gc,phases   ] GC(1414)   Other: 0.2ms
[393.336s][info][gc,heap     ] GC(1414) Eden regions: 1->0(75)
[393.336s][info][gc,heap     ] GC(1414) Survivor regions: 1->1(10)
[393.336s][info][gc,heap     ] GC(1414) Old regions: 8->8
[393.336s][info][gc,heap     ] GC(1414) Archive regions: 2->2
[393.336s][info][gc,heap     ] GC(1414) Humongous regions: 96->0
[393.336s][info][gc,metaspace] GC(1414) Metaspace: 29090K(29504K)->29090K(29504K) NonClass: 25530K(25728K)->25530K(25728K) Class: 3559K(3776K)->3559K(3776K)
[393.336s][info][gc          ] GC(1414) Pause Young (Concurrent Start) (G1 Humongous Allocation) 209M->16M(254M) 3.527ms
[393.336s][info][gc,cpu      ] GC(1414) User=0.00s Sys=0.00s Real=0.00s
[393.336s][info][gc          ] GC(1415) Concurrent Undo Cycle
[393.336s][info][gc,marking  ] GC(1415) Concurrent Cleanup for Next Mark
[393.337s][info][gc,marking  ] GC(1415) Concurrent Cleanup for Next Mark 0.248ms
[393.337s][info][gc          ] GC(1415) Concurrent Undo Cycle 0.521ms
[393.858s][info][gc,start    ] GC(1416) Pause Young (Concurrent Start) (G1 Humongous Allocation)
[393.858s][info][gc,task     ] GC(1416) Using 8 workers of 8 for evacuation
[393.861s][info][gc,phases   ] GC(1416)   Pre Evacuate Collection Set: 0.5ms
[393.861s][info][gc,phases   ] GC(1416)   Merge Heap Roots: 0.1ms
[393.861s][info][gc,phases   ] GC(1416)   Evacuate Collection Set: 1.3ms
[393.861s][info][gc,phases   ] GC(1416)   Post Evacuate Collection Set: 0.9ms
[393.861s][info][gc,phases   ] GC(1416)   Other: 0.3ms
[393.861s][info][gc,heap     ] GC(1416) Eden regions: 2->0(75)
[393.861s][info][gc,heap     ] GC(1416) Survivor regions: 1->1(10)
[393.861s][info][gc,heap     ] GC(1416) Old regions: 8->8
[393.861s][info][gc,heap     ] GC(1416) Archive regions: 2->2
[393.861s][info][gc,heap     ] GC(1416) Humongous regions: 96->0
[393.861s][info][gc,metaspace] GC(1416) Metaspace: 29090K(29504K)->29090K(29504K) NonClass: 25530K(25728K)->25530K(25728K) Class: 3559K(3776K)->3559K(3776K)
[393.862s][info][gc          ] GC(1416) Pause Young (Concurrent Start) (G1 Humongous Allocation) 210M->16M(254M) 3.969ms
[393.862s][info][gc,cpu      ] GC(1416) User=0.01s Sys=0.00s Real=0.01s
[393.862s][info][gc          ] GC(1417) Concurrent Undo Cycle
[393.862s][info][gc,marking  ] GC(1417) Concurrent Cleanup for Next Mark
[393.862s][info][gc,marking  ] GC(1417) Concurrent Cleanup for Next Mark 0.139ms
[393.862s][info][gc          ] GC(1417) Concurrent Undo Cycle 0.270ms
[394.381s][info][gc,start    ] GC(1418) Pause Young (Concurrent Start) (G1 Humongous Allocation)
[394.382s][info][gc,task     ] GC(1418) Using 8 workers of 8 for evacuation
[394.385s][info][gc,phases   ] GC(1418)   Pre Evacuate Collection Set: 0.4ms
[394.385s][info][gc,phases   ] GC(1418)   Merge Heap Roots: 0.2ms
[394.385s][info][gc,phases   ] GC(1418)   Evacuate Collection Set: 1.2ms
[394.385s][info][gc,phases   ] GC(1418)   Post Evacuate Collection Set: 0.9ms
[394.385s][info][gc,phases   ] GC(1418)   Other: 0.2ms
[394.385s][info][gc,heap     ] GC(1418) Eden regions: 1->0(75)
[394.385s][info][gc,heap     ] GC(1418) Survivor regions: 1->1(10)
[394.385s][info][gc,heap     ] GC(1418) Old regions: 8->8
[394.385s][info][gc,heap     ] GC(1418) Archive regions: 2->2
[394.385s][info][gc,heap     ] GC(1418) Humongous regions: 96->0
[394.385s][info][gc,metaspace] GC(1418) Metaspace: 29090K(29504K)->29090K(29504K) NonClass: 25530K(25728K)->25530K(25728K) Class: 3559K(3776K)->3559K(3776K)
[394.385s][info][gc          ] GC(1418) Pause Young (Concurrent Start) (G1 Humongous Allocation) 210M->16M(254M) 3.626ms
[394.385s][info][gc,cpu      ] GC(1418) User=0.01s Sys=0.00s Real=0.00s
[394.385s][info][gc          ] GC(1419) Concurrent Undo Cycle
[394.385s][info][gc,marking  ] GC(1419) Concurrent Cleanup for Next Mark
[394.386s][info][gc,marking  ] GC(1419) Concurrent Cleanup for Next Mark 0.313ms
[394.386s][info][gc          ] GC(1419) Concurrent Undo Cycle 0.601ms
[394.905s][info][gc,start    ] GC(1420) Pause Young (Concurrent Start) (G1 Humongous Allocation)
[394.905s][info][gc,task     ] GC(1420) Using 8 workers of 8 for evacuation
[394.907s][info][gc,phases   ] GC(1420)   Pre Evacuate Collection Set: 0.3ms
[394.908s][info][gc,phases   ] GC(1420)   Merge Heap Roots: 0.1ms
[394.908s][info][gc,phases   ] GC(1420)   Evacuate Collection Set: 1.0ms
[394.908s][info][gc,phases   ] GC(1420)   Post Evacuate Collection Set: 0.6ms
[394.908s][info][gc,phases   ] GC(1420)   Other: 0.1ms
[394.908s][info][gc,heap     ] GC(1420) Eden regions: 1->0(75)
[394.908s][info][gc,heap     ] GC(1420) Survivor regions: 1->1(10)
[394.908s][info][gc,heap     ] GC(1420) Old regions: 8->8
[394.908s][info][gc,heap     ] GC(1420) Archive regions: 2->2
[394.908s][info][gc,heap     ] GC(1420) Humongous regions: 96->0
[394.908s][info][gc,metaspace] GC(1420) Metaspace: 29090K(29504K)->29090K(29504K) NonClass: 25530K(25728K)->25530K(25728K) Class: 3559K(3776K)->3559K(3776K)
[394.908s][info][gc          ] GC(1420) Pause Young (Concurrent Start) (G1 Humongous Allocation) 210M->16M(254M) 2.559ms
[394.908s][info][gc,cpu      ] GC(1420) User=0.00s Sys=0.00s Real=0.00s
[394.908s][info][gc          ] GC(1421) Concurrent Undo Cycle
[394.908s][info][gc,marking  ] GC(1421) Concurrent Cleanup for Next Mark
[394.908s][info][gc,marking  ] GC(1421) Concurrent Cleanup for Next Mark 0.151ms
[394.908s][info][gc          ] GC(1421) Concurrent Undo Cycle 0.400ms
[395.476s][info][gc,start    ] GC(1422) Pause Young (Concurrent Start) (G1 Humongous Allocation)
[395.490s][info][gc,task     ] GC(1422) Using 8 workers of 8 for evacuation
[395.505s][info][gc,phases   ] GC(1422)   Pre Evacuate Collection Set: 7.9ms
[395.505s][info][gc,phases   ] GC(1422)   Merge Heap Roots: 1.3ms
[395.505s][info][gc,phases   ] GC(1422)   Evacuate Collection Set: 2.6ms
[395.505s][info][gc,phases   ] GC(1422)   Post Evacuate Collection Set: 1.2ms
[395.505s][info][gc,phases   ] GC(1422)   Other: 2.0ms
[395.505s][info][gc,heap     ] GC(1422) Eden regions: 1->0(75)
[395.505s][info][gc,heap     ] GC(1422) Survivor regions: 1->1(10)
[395.505s][info][gc,heap     ] GC(1422) Old regions: 8->8
[395.505s][info][gc,heap     ] GC(1422) Archive regions: 2->2
[395.505s][info][gc,heap     ] GC(1422) Humongous regions: 96->0
[395.505s][info][gc,metaspace] GC(1422) Metaspace: 29090K(29504K)->29090K(29504K) NonClass: 25530K(25728K)->25530K(25728K) Class: 3559K(3776K)->3559K(3776K)
[395.505s][info][gc          ] GC(1422) Pause Young (Concurrent Start) (G1 Humongous Allocation) 210M->16M(254M) 29.661ms
[395.505s][info][gc,cpu      ] GC(1422) User=0.00s Sys=0.00s Real=0.03s
[395.506s][info][gc          ] GC(1423) Concurrent Undo Cycle
[395.506s][info][gc,marking  ] GC(1423) Concurrent Cleanup for Next Mark
[395.515s][info][gc,marking  ] GC(1423) Concurrent Cleanup for Next Mark 9.034ms
[395.515s][info][gc          ] GC(1423) Concurrent Undo Cycle 9.401ms
[396.029s][info][gc,start    ] GC(1424) Pause Young (Concurrent Start) (G1 Humongous Allocation)
[396.029s][info][gc,task     ] GC(1424) Using 8 workers of 8 for evacuation
[396.031s][info][gc,phases   ] GC(1424)   Pre Evacuate Collection Set: 0.1ms
[396.031s][info][gc,phases   ] GC(1424)   Merge Heap Roots: 0.0ms
[396.031s][info][gc,phases   ] GC(1424)   Evacuate Collection Set: 1.0ms
[396.031s][info][gc,phases   ] GC(1424)   Post Evacuate Collection Set: 0.2ms
[396.031s][info][gc,phases   ] GC(1424)   Other: 0.1ms
[396.031s][info][gc,heap     ] GC(1424) Eden regions: 1->0(75)
[396.031s][info][gc,heap     ] GC(1424) Survivor regions: 1->1(10)
[396.031s][info][gc,heap     ] GC(1424) Old regions: 8->8
[396.031s][info][gc,heap     ] GC(1424) Archive regions: 2->2
[396.031s][info][gc,heap     ] GC(1424) Humongous regions: 96->0
[396.031s][info][gc,metaspace] GC(1424) Metaspace: 29090K(29504K)->29090K(29504K) NonClass: 25530K(25728K)->25530K(25728K) Class: 3559K(3776K)->3559K(3776K)
[396.031s][info][gc          ] GC(1424) Pause Young (Concurrent Start) (G1 Humongous Allocation) 210M->16M(254M) 1.678ms
[396.031s][info][gc          ] GC(1425) Concurrent Undo Cycle
[396.031s][info][gc,cpu      ] GC(1424) User=0.00s Sys=0.01s Real=0.00s
[396.031s][info][gc,marking  ] GC(1425) Concurrent Cleanup for Next Mark
[396.031s][info][gc,marking  ] GC(1425) Concurrent Cleanup for Next Mark 0.044ms
[396.031s][info][gc          ] GC(1425) Concurrent Undo Cycle 0.097ms
[396.544s][info][gc,start    ] GC(1426) Pause Young (Concurrent Start) (G1 Humongous Allocation)
[396.544s][info][gc,task     ] GC(1426) Using 8 workers of 8 for evacuation
[396.547s][info][gc,phases   ] GC(1426)   Pre Evacuate Collection Set: 0.4ms
[396.547s][info][gc,phases   ] GC(1426)   Merge Heap Roots: 0.2ms
[396.547s][info][gc,phases   ] GC(1426)   Evacuate Collection Set: 1.2ms
[396.547s][info][gc,phases   ] GC(1426)   Post Evacuate Collection Set: 0.8ms
[396.547s][info][gc,phases   ] GC(1426)   Other: 0.3ms
[396.547s][info][gc,heap     ] GC(1426) Eden regions: 2->0(75)
[396.547s][info][gc,heap     ] GC(1426) Survivor regions: 1->1(10)
[396.547s][info][gc,heap     ] GC(1426) Old regions: 8->8
[396.547s][info][gc,heap     ] GC(1426) Archive regions: 2->2
[396.547s][info][gc,heap     ] GC(1426) Humongous regions: 96->0
[396.547s][info][gc,metaspace] GC(1426) Metaspace: 29090K(29504K)->29090K(29504K) NonClass: 25530K(25728K)->25530K(25728K) Class: 3559K(3776K)->3559K(3776K)
[396.548s][info][gc          ] GC(1426) Pause Young (Concurrent Start) (G1 Humongous Allocation) 210M->16M(254M) 3.588ms
[396.548s][info][gc,cpu      ] GC(1426) User=0.01s Sys=0.00s Real=0.00s
[396.548s][info][gc          ] GC(1427) Concurrent Undo Cycle
[396.548s][info][gc,marking  ] GC(1427) Concurrent Cleanup for Next Mark
[396.548s][info][gc,marking  ] GC(1427) Concurrent Cleanup for Next Mark 0.132ms
[396.548s][info][gc          ] GC(1427) Concurrent Undo Cycle 0.372ms
[397.066s][info][gc,start    ] GC(1428) Pause Young (Concurrent Start) (G1 Humongous Allocation)
[397.066s][info][gc,task     ] GC(1428) Using 8 workers of 8 for evacuation
[397.069s][info][gc,phases   ] GC(1428)   Pre Evacuate Collection Set: 0.5ms
[397.069s][info][gc,phases   ] GC(1428)   Merge Heap Roots: 0.2ms
[397.069s][info][gc,phases   ] GC(1428)   Evacuate Collection Set: 1.3ms
[397.069s][info][gc,phases   ] GC(1428)   Post Evacuate Collection Set: 0.8ms
[397.069s][info][gc,phases   ] GC(1428)   Other: 0.2ms
[397.069s][info][gc,heap     ] GC(1428) Eden regions: 1->0(75)
[397.069s][info][gc,heap     ] GC(1428) Survivor regions: 1->1(10)
[397.069s][info][gc,heap     ] GC(1428) Old regions: 8->8
[397.069s][info][gc,heap     ] GC(1428) Archive regions: 2->2
[397.069s][info][gc,heap     ] GC(1428) Humongous regions: 96->0
[397.069s][info][gc,metaspace] GC(1428) Metaspace: 29090K(29504K)->29090K(29504K) NonClass: 25530K(25728K)->25530K(25728K) Class: 3559K(3776K)->3559K(3776K)
[397.069s][info][gc          ] GC(1428) Pause Young (Concurrent Start) (G1 Humongous Allocation) 210M->16M(254M) 3.715ms
[397.069s][info][gc,cpu      ] GC(1428) User=0.01s Sys=0.00s Real=0.01s
[397.069s][info][gc          ] GC(1429) Concurrent Undo Cycle
[397.069s][info][gc,marking  ] GC(1429) Concurrent Cleanup for Next Mark
[397.070s][info][gc,marking  ] GC(1429) Concurrent Cleanup for Next Mark 0.167ms
[397.070s][info][gc          ] GC(1429) Concurrent Undo Cycle 0.448ms
[397.590s][info][gc,start    ] GC(1430) Pause Young (Concurrent Start) (G1 Humongous Allocation)
[397.590s][info][gc,task     ] GC(1430) Using 8 workers of 8 for evacuation
[397.593s][info][gc,phases   ] GC(1430)   Pre Evacuate Collection Set: 0.5ms
[397.593s][info][gc,phases   ] GC(1430)   Merge Heap Roots: 0.2ms
[397.593s][info][gc,phases   ] GC(1430)   Evacuate Collection Set: 1.2ms
[397.593s][info][gc,phases   ] GC(1430)   Post Evacuate Collection Set: 0.8ms
[397.593s][info][gc,phases   ] GC(1430)   Other: 0.2ms
[397.593s][info][gc,heap     ] GC(1430) Eden regions: 2->0(75)
[397.593s][info][gc,heap     ] GC(1430) Survivor regions: 1->1(10)
[397.593s][info][gc,heap     ] GC(1430) Old regions: 8->8
[397.593s][info][gc,heap     ] GC(1430) Archive regions: 2->2
[397.593s][info][gc,heap     ] GC(1430) Humongous regions: 96->0
[397.593s][info][gc,metaspace] GC(1430) Metaspace: 29090K(29504K)->29090K(29504K) NonClass: 25530K(25728K)->25530K(25728K) Class: 3559K(3776K)->3559K(3776K)
[397.593s][info][gc          ] GC(1430) Pause Young (Concurrent Start) (G1 Humongous Allocation) 210M->16M(254M) 3.591ms
[397.593s][info][gc,cpu      ] GC(1430) User=0.00s Sys=0.00s Real=0.00s
[397.593s][info][gc          ] GC(1431) Concurrent Undo Cycle
[397.594s][info][gc,marking  ] GC(1431) Concurrent Cleanup for Next Mark
[397.594s][info][gc,marking  ] GC(1431) Concurrent Cleanup for Next Mark 0.137ms
[397.594s][info][gc          ] GC(1431) Concurrent Undo Cycle 0.625ms
[398.112s][info][gc,start    ] GC(1432) Pause Young (Concurrent Start) (G1 Humongous Allocation)
[398.113s][info][gc,task     ] GC(1432) Using 8 workers of 8 for evacuation
[398.116s][info][gc,phases   ] GC(1432)   Pre Evacuate Collection Set: 0.5ms
[398.116s][info][gc,phases   ] GC(1432)   Merge Heap Roots: 0.2ms
[398.116s][info][gc,phases   ] GC(1432)   Evacuate Collection Set: 1.3ms
[398.116s][info][gc,phases   ] GC(1432)   Post Evacuate Collection Set: 0.8ms
[398.116s][info][gc,phases   ] GC(1432)   Other: 0.2ms
[398.116s][info][gc,heap     ] GC(1432) Eden regions: 1->0(75)
[398.116s][info][gc,heap     ] GC(1432) Survivor regions: 1->1(10)
[398.116s][info][gc,heap     ] GC(1432) Old regions: 8->8
[398.116s][info][gc,heap     ] GC(1432) Archive regions: 2->2
[398.116s][info][gc,heap     ] GC(1432) Humongous regions: 96->0
[398.116s][info][gc,metaspace] GC(1432) Metaspace: 29090K(29504K)->29090K(29504K) NonClass: 25530K(25728K)->25530K(25728K) Class: 3559K(3776K)->3559K(3776K)
[398.116s][info][gc          ] GC(1432) Pause Young (Concurrent Start) (G1 Humongous Allocation) 209M->16M(254M) 3.721ms
[398.116s][info][gc,cpu      ] GC(1432) User=0.00s Sys=0.00s Real=0.00s
[398.116s][info][gc          ] GC(1433) Concurrent Undo Cycle
[398.116s][info][gc,marking  ] GC(1433) Concurrent Cleanup for Next Mark
[398.117s][info][gc,marking  ] GC(1433) Concurrent Cleanup for Next Mark 0.197ms
[398.117s][info][gc          ] GC(1433) Concurrent Undo Cycle 0.399ms
[398.637s][info][gc,start    ] GC(1434) Pause Young (Concurrent Start) (G1 Humongous Allocation)
[398.638s][info][gc,task     ] GC(1434) Using 8 workers of 8 for evacuation
[398.641s][info][gc,phases   ] GC(1434)   Pre Evacuate Collection Set: 0.4ms
[398.658s][info][gc,phases   ] GC(1434)   Merge Heap Roots: 0.2ms
[398.658s][info][gc,phases   ] GC(1434)   Evacuate Collection Set: 1.2ms
[398.658s][info][gc,phases   ] GC(1434)   Post Evacuate Collection Set: 0.7ms
[398.658s][info][gc,phases   ] GC(1434)   Other: 0.3ms
[398.658s][info][gc,heap     ] GC(1434) Eden regions: 2->0(75)
[398.658s][info][gc,heap     ] GC(1434) Survivor regions: 1->1(10)
[398.658s][info][gc,heap     ] GC(1434) Old regions: 8->8
[398.658s][info][gc,heap     ] GC(1434) Archive regions: 2->2
[398.658s][info][gc,heap     ] GC(1434) Humongous regions: 96->0
[398.658s][info][gc,metaspace] GC(1434) Metaspace: 29090K(29504K)->29090K(29504K) NonClass: 25530K(25728K)->25530K(25728K) Class: 3559K(3776K)->3559K(3776K)
[398.659s][info][gc          ] GC(1434) Pause Young (Concurrent Start) (G1 Humongous Allocation) 210M->16M(254M) 21.863ms
[398.659s][info][gc          ] GC(1435) Concurrent Undo Cycle
[398.659s][info][gc,cpu      ] GC(1434) User=0.01s Sys=0.00s Real=0.02s
[398.659s][info][gc,marking  ] GC(1435) Concurrent Cleanup for Next Mark
[398.659s][info][gc,marking  ] GC(1435) Concurrent Cleanup for Next Mark 0.341ms
[398.659s][info][gc          ] GC(1435) Concurrent Undo Cycle 0.661ms
[399.179s][info][gc,start    ] GC(1436) Pause Young (Concurrent Start) (G1 Humongous Allocation)
[399.179s][info][gc,task     ] GC(1436) Using 8 workers of 8 for evacuation
[399.181s][info][gc,phases   ] GC(1436)   Pre Evacuate Collection Set: 0.3ms
[399.181s][info][gc,phases   ] GC(1436)   Merge Heap Roots: 0.1ms
[399.181s][info][gc,phases   ] GC(1436)   Evacuate Collection Set: 0.8ms
[399.181s][info][gc,phases   ] GC(1436)   Post Evacuate Collection Set: 0.6ms
[399.181s][info][gc,phases   ] GC(1436)   Other: 0.2ms
[399.181s][info][gc,heap     ] GC(1436) Eden regions: 1->0(75)
[399.181s][info][gc,heap     ] GC(1436) Survivor regions: 1->1(10)
[399.181s][info][gc,heap     ] GC(1436) Old regions: 8->8
[399.181s][info][gc,heap     ] GC(1436) Archive regions: 2->2
[399.181s][info][gc,heap     ] GC(1436) Humongous regions: 96->0
[399.181s][info][gc,metaspace] GC(1436) Metaspace: 29090K(29504K)->29090K(29504K) NonClass: 25530K(25728K)->25530K(25728K) Class: 3559K(3776K)->3559K(3776K)
[399.181s][info][gc          ] GC(1436) Pause Young (Concurrent Start) (G1 Humongous Allocation) 209M->16M(254M) 2.542ms
[399.182s][info][gc,cpu      ] GC(1436) User=0.01s Sys=0.00s Real=0.00s
[399.182s][info][gc          ] GC(1437) Concurrent Undo Cycle
[399.182s][info][gc,marking  ] GC(1437) Concurrent Cleanup for Next Mark
[399.182s][info][gc,marking  ] GC(1437) Concurrent Cleanup for Next Mark 0.126ms
[399.182s][info][gc          ] GC(1437) Concurrent Undo Cycle 0.255ms
[399.700s][info][gc,start    ] GC(1438) Pause Young (Concurrent Start) (G1 Humongous Allocation)
[399.701s][info][gc,task     ] GC(1438) Using 8 workers of 8 for evacuation
[399.704s][info][gc,phases   ] GC(1438)   Pre Evacuate Collection Set: 0.4ms
[399.704s][info][gc,phases   ] GC(1438)   Merge Heap Roots: 0.2ms
[399.704s][info][gc,phases   ] GC(1438)   Evacuate Collection Set: 1.2ms
[399.704s][info][gc,phases   ] GC(1438)   Post Evacuate Collection Set: 0.9ms
[399.704s][info][gc,phases   ] GC(1438)   Other: 0.2ms
[399.704s][info][gc,heap     ] GC(1438) Eden regions: 2->0(75)
[399.704s][info][gc,heap     ] GC(1438) Survivor regions: 1->1(10)
[399.704s][info][gc,heap     ] GC(1438) Old regions: 8->8
[399.704s][info][gc,heap     ] GC(1438) Archive regions: 2->2
[399.704s][info][gc,heap     ] GC(1438) Humongous regions: 96->0
[399.704s][info][gc,metaspace] GC(1438) Metaspace: 29090K(29504K)->29090K(29504K) NonClass: 25530K(25728K)->25530K(25728K) Class: 3559K(3776K)->3559K(3776K)
[399.704s][info][gc          ] GC(1438) Pause Young (Concurrent Start) (G1 Humongous Allocation) 210M->16M(254M) 3.601ms
[399.704s][info][gc,cpu      ] GC(1438) User=0.01s Sys=0.01s Real=0.00s
[399.704s][info][gc          ] GC(1439) Concurrent Undo Cycle
[399.704s][info][gc,marking  ] GC(1439) Concurrent Cleanup for Next Mark
[399.704s][info][gc,marking  ] GC(1439) Concurrent Cleanup for Next Mark 0.176ms
[399.705s][info][gc          ] GC(1439) Concurrent Undo Cycle 0.389ms
[400.226s][info][gc,start    ] GC(1440) Pause Young (Concurrent Start) (G1 Humongous Allocation)
[400.227s][info][gc,task     ] GC(1440) Using 8 workers of 8 for evacuation
[400.230s][info][gc,phases   ] GC(1440)   Pre Evacuate Collection Set: 0.4ms
[400.230s][info][gc,phases   ] GC(1440)   Merge Heap Roots: 0.2ms
[400.230s][info][gc,phases   ] GC(1440)   Evacuate Collection Set: 1.2ms
[400.230s][info][gc,phases   ] GC(1440)   Post Evacuate Collection Set: 0.9ms
[400.230s][info][gc,phases   ] GC(1440)   Other: 0.3ms
[400.230s][info][gc,heap     ] GC(1440) Eden regions: 1->0(75)
[400.230s][info][gc,heap     ] GC(1440) Survivor regions: 1->1(10)
[400.230s][info][gc,heap     ] GC(1440) Old regions: 8->8
[400.230s][info][gc,heap     ] GC(1440) Archive regions: 2->2
[400.230s][info][gc,heap     ] GC(1440) Humongous regions: 96->0
[400.230s][info][gc,metaspace] GC(1440) Metaspace: 29090K(29504K)->29090K(29504K) NonClass: 25530K(25728K)->25530K(25728K) Class: 3559K(3776K)->3559K(3776K)
[400.230s][info][gc          ] GC(1440) Pause Young (Concurrent Start) (G1 Humongous Allocation) 209M->16M(254M) 3.744ms
[400.230s][info][gc,cpu      ] GC(1440) User=0.00s Sys=0.00s Real=0.01s
[400.230s][info][gc          ] GC(1441) Concurrent Undo Cycle
[400.230s][info][gc,marking  ] GC(1441) Concurrent Cleanup for Next Mark
[400.231s][info][gc,marking  ] GC(1441) Concurrent Cleanup for Next Mark 0.188ms
[400.231s][info][gc          ] GC(1441) Concurrent Undo Cycle 0.400ms
[400.752s][info][gc,start    ] GC(1442) Pause Young (Concurrent Start) (G1 Humongous Allocation)
[400.752s][info][gc,task     ] GC(1442) Using 8 workers of 8 for evacuation
[400.755s][info][gc,phases   ] GC(1442)   Pre Evacuate Collection Set: 0.5ms
[400.755s][info][gc,phases   ] GC(1442)   Merge Heap Roots: 0.2ms
[400.755s][info][gc,phases   ] GC(1442)   Evacuate Collection Set: 1.2ms
[400.755s][info][gc,phases   ] GC(1442)   Post Evacuate Collection Set: 0.6ms
[400.755s][info][gc,phases   ] GC(1442)   Other: 0.2ms
[400.755s][info][gc,heap     ] GC(1442) Eden regions: 2->0(75)
[400.755s][info][gc,heap     ] GC(1442) Survivor regions: 1->1(10)
[400.755s][info][gc,heap     ] GC(1442) Old regions: 8->8
[400.756s][info][gc,heap     ] GC(1442) Archive regions: 2->2
[400.756s][info][gc,heap     ] GC(1442) Humongous regions: 96->0
[400.756s][info][gc,metaspace] GC(1442) Metaspace: 29090K(29504K)->29090K(29504K) NonClass: 25530K(25728K)->25530K(25728K) Class: 3559K(3776K)->3559K(3776K)
[400.756s][info][gc          ] GC(1442) Pause Young (Concurrent Start) (G1 Humongous Allocation) 210M->16M(254M) 3.408ms
[400.756s][info][gc,cpu      ] GC(1442) User=0.01s Sys=0.01s Real=0.00s
[400.756s][info][gc          ] GC(1443) Concurrent Undo Cycle
[400.756s][info][gc,marking  ] GC(1443) Concurrent Cleanup for Next Mark
[400.756s][info][gc,marking  ] GC(1443) Concurrent Cleanup for Next Mark 0.119ms
[400.756s][info][gc          ] GC(1443) Concurrent Undo Cycle 0.262ms
[401.273s][info][gc,start    ] GC(1444) Pause Young (Concurrent Start) (G1 Humongous Allocation)
[401.273s][info][gc,task     ] GC(1444) Using 8 workers of 8 for evacuation
[401.276s][info][gc,phases   ] GC(1444)   Pre Evacuate Collection Set: 0.3ms
[401.276s][info][gc,phases   ] GC(1444)   Merge Heap Roots: 0.1ms
[401.276s][info][gc,phases   ] GC(1444)   Evacuate Collection Set: 1.5ms
[401.276s][info][gc,phases   ] GC(1444)   Post Evacuate Collection Set: 0.6ms
[401.276s][info][gc,phases   ] GC(1444)   Other: 0.2ms
[401.276s][info][gc,heap     ] GC(1444) Eden regions: 1->0(75)
[401.276s][info][gc,heap     ] GC(1444) Survivor regions: 1->1(10)
[401.276s][info][gc,heap     ] GC(1444) Old regions: 8->8
[401.276s][info][gc,heap     ] GC(1444) Archive regions: 2->2
[401.276s][info][gc,heap     ] GC(1444) Humongous regions: 96->0
[401.276s][info][gc,metaspace] GC(1444) Metaspace: 29090K(29504K)->29090K(29504K) NonClass: 25530K(25728K)->25530K(25728K) Class: 3559K(3776K)->3559K(3776K)
[401.276s][info][gc          ] GC(1444) Pause Young (Concurrent Start) (G1 Humongous Allocation) 209M->16M(254M) 3.314ms
[401.276s][info][gc,cpu      ] GC(1444) User=0.01s Sys=0.00s Real=0.00s
[401.276s][info][gc          ] GC(1445) Concurrent Undo Cycle
[401.276s][info][gc,marking  ] GC(1445) Concurrent Cleanup for Next Mark
[401.277s][info][gc,marking  ] GC(1445) Concurrent Cleanup for Next Mark 0.122ms
[401.277s][info][gc          ] GC(1445) Concurrent Undo Cycle 0.260ms
[401.794s][info][gc,start    ] GC(1446) Pause Young (Concurrent Start) (G1 Humongous Allocation)
[401.794s][info][gc,task     ] GC(1446) Using 8 workers of 8 for evacuation
[401.797s][info][gc,phases   ] GC(1446)   Pre Evacuate Collection Set: 0.4ms
[401.797s][info][gc,phases   ] GC(1446)   Merge Heap Roots: 0.2ms
[401.797s][info][gc,phases   ] GC(1446)   Evacuate Collection Set: 1.3ms
[401.797s][info][gc,phases   ] GC(1446)   Post Evacuate Collection Set: 0.8ms
[401.797s][info][gc,phases   ] GC(1446)   Other: 0.4ms
[401.797s][info][gc,heap     ] GC(1446) Eden regions: 2->0(75)
[401.797s][info][gc,heap     ] GC(1446) Survivor regions: 1->1(10)
[401.797s][info][gc,heap     ] GC(1446) Old regions: 8->8
[401.797s][info][gc,heap     ] GC(1446) Archive regions: 2->2
[401.797s][info][gc,heap     ] GC(1446) Humongous regions: 96->0
[401.797s][info][gc,metaspace] GC(1446) Metaspace: 29090K(29504K)->29090K(29504K) NonClass: 25530K(25728K)->25530K(25728K) Class: 3559K(3776K)->3559K(3776K)
[401.798s][info][gc          ] GC(1446) Pause Young (Concurrent Start) (G1 Humongous Allocation) 210M->16M(254M) 3.644ms
[401.798s][info][gc,cpu      ] GC(1446) User=0.01s Sys=0.00s Real=0.00s
[401.798s][info][gc          ] GC(1447) Concurrent Undo Cycle
[401.798s][info][gc,marking  ] GC(1447) Concurrent Cleanup for Next Mark
[401.798s][info][gc,marking  ] GC(1447) Concurrent Cleanup for Next Mark 0.181ms
[401.798s][info][gc          ] GC(1447) Concurrent Undo Cycle 0.417ms
[402.318s][info][gc,start    ] GC(1448) Pause Young (Concurrent Start) (G1 Humongous Allocation)
[402.318s][info][gc,task     ] GC(1448) Using 8 workers of 8 for evacuation
[402.321s][info][gc,phases   ] GC(1448)   Pre Evacuate Collection Set: 0.4ms
[402.321s][info][gc,phases   ] GC(1448)   Merge Heap Roots: 0.2ms
[402.321s][info][gc,phases   ] GC(1448)   Evacuate Collection Set: 1.3ms
[402.321s][info][gc,phases   ] GC(1448)   Post Evacuate Collection Set: 0.8ms
[402.321s][info][gc,phases   ] GC(1448)   Other: 0.2ms
[402.321s][info][gc,heap     ] GC(1448) Eden regions: 1->0(75)
[402.321s][info][gc,heap     ] GC(1448) Survivor regions: 1->1(10)
[402.321s][info][gc,heap     ] GC(1448) Old regions: 8->8
[402.321s][info][gc,heap     ] GC(1448) Archive regions: 2->2
[402.321s][info][gc,heap     ] GC(1448) Humongous regions: 96->0
[402.321s][info][gc,metaspace] GC(1448) Metaspace: 29090K(29504K)->29090K(29504K) NonClass: 25530K(25728K)->25530K(25728K) Class: 3559K(3776K)->3559K(3776K)
[402.321s][info][gc          ] GC(1448) Pause Young (Concurrent Start) (G1 Humongous Allocation) 209M->16M(254M) 3.534ms
[402.321s][info][gc,cpu      ] GC(1448) User=0.00s Sys=0.01s Real=0.01s
[402.321s][info][gc          ] GC(1449) Concurrent Undo Cycle
[402.321s][info][gc,marking  ] GC(1449) Concurrent Cleanup for Next Mark
[402.322s][info][gc,marking  ] GC(1449) Concurrent Cleanup for Next Mark 0.233ms
[402.322s][info][gc          ] GC(1449) Concurrent Undo Cycle 0.488ms
[402.841s][info][gc,start    ] GC(1450) Pause Young (Concurrent Start) (G1 Humongous Allocation)
[402.841s][info][gc,task     ] GC(1450) Using 8 workers of 8 for evacuation
[402.844s][info][gc,phases   ] GC(1450)   Pre Evacuate Collection Set: 0.4ms
[402.844s][info][gc,phases   ] GC(1450)   Merge Heap Roots: 0.2ms
[402.844s][info][gc,phases   ] GC(1450)   Evacuate Collection Set: 1.3ms
[402.844s][info][gc,phases   ] GC(1450)   Post Evacuate Collection Set: 0.9ms
[402.844s][info][gc,phases   ] GC(1450)   Other: 0.2ms
[402.844s][info][gc,heap     ] GC(1450) Eden regions: 2->0(75)
[402.844s][info][gc,heap     ] GC(1450) Survivor regions: 1->1(10)
[402.844s][info][gc,heap     ] GC(1450) Old regions: 8->8
[402.844s][info][gc,heap     ] GC(1450) Archive regions: 2->2
[402.844s][info][gc,heap     ] GC(1450) Humongous regions: 96->0
[402.844s][info][gc,metaspace] GC(1450) Metaspace: 29090K(29504K)->29090K(29504K) NonClass: 25530K(25728K)->25530K(25728K) Class: 3559K(3776K)->3559K(3776K)
[402.845s][info][gc          ] GC(1450) Pause Young (Concurrent Start) (G1 Humongous Allocation) 210M->16M(254M) 3.554ms
[402.845s][info][gc,cpu      ] GC(1450) User=0.00s Sys=0.00s Real=0.00s
[402.845s][info][gc          ] GC(1451) Concurrent Undo Cycle
[402.845s][info][gc,marking  ] GC(1451) Concurrent Cleanup for Next Mark
[402.845s][info][gc,marking  ] GC(1451) Concurrent Cleanup for Next Mark 0.122ms
[402.845s][info][gc          ] GC(1451) Concurrent Undo Cycle 0.428ms
[403.364s][info][gc,start    ] GC(1452) Pause Young (Concurrent Start) (G1 Humongous Allocation)
[403.364s][info][gc,task     ] GC(1452) Using 8 workers of 8 for evacuation
[403.366s][info][gc,phases   ] GC(1452)   Pre Evacuate Collection Set: 0.1ms
[403.366s][info][gc,phases   ] GC(1452)   Merge Heap Roots: 0.0ms
[403.366s][info][gc,phases   ] GC(1452)   Evacuate Collection Set: 0.6ms
[403.366s][info][gc,phases   ] GC(1452)   Post Evacuate Collection Set: 0.4ms
[403.366s][info][gc,phases   ] GC(1452)   Other: 0.0ms
[403.366s][info][gc,heap     ] GC(1452) Eden regions: 1->0(75)
[403.366s][info][gc,heap     ] GC(1452) Survivor regions: 1->1(10)
[403.366s][info][gc,heap     ] GC(1452) Old regions: 8->8
[403.366s][info][gc,heap     ] GC(1452) Archive regions: 2->2
[403.366s][info][gc,heap     ] GC(1452) Humongous regions: 96->0
[403.366s][info][gc,metaspace] GC(1452) Metaspace: 29090K(29504K)->29090K(29504K) NonClass: 25530K(25728K)->25530K(25728K) Class: 3559K(3776K)->3559K(3776K)
[403.366s][info][gc          ] GC(1452) Pause Young (Concurrent Start) (G1 Humongous Allocation) 210M->16M(254M) 1.544ms
[403.366s][info][gc          ] GC(1453) Concurrent Undo Cycle
[403.366s][info][gc,cpu      ] GC(1452) User=0.00s Sys=0.00s Real=0.00s
[403.366s][info][gc,marking  ] GC(1453) Concurrent Cleanup for Next Mark
[403.366s][info][gc,marking  ] GC(1453) Concurrent Cleanup for Next Mark 0.301ms
[403.366s][info][gc          ] GC(1453) Concurrent Undo Cycle 0.388ms
[403.875s][info][gc,start    ] GC(1454) Pause Young (Concurrent Start) (G1 Humongous Allocation)
[403.875s][info][gc,task     ] GC(1454) Using 8 workers of 8 for evacuation
[403.878s][info][gc,phases   ] GC(1454)   Pre Evacuate Collection Set: 0.4ms
[403.878s][info][gc,phases   ] GC(1454)   Merge Heap Roots: 0.2ms
[403.878s][info][gc,phases   ] GC(1454)   Evacuate Collection Set: 1.3ms
[403.878s][info][gc,phases   ] GC(1454)   Post Evacuate Collection Set: 0.6ms
[403.878s][info][gc,phases   ] GC(1454)   Other: 0.2ms
[403.878s][info][gc,heap     ] GC(1454) Eden regions: 1->0(75)
[403.878s][info][gc,heap     ] GC(1454) Survivor regions: 1->1(10)
[403.878s][info][gc,heap     ] GC(1454) Old regions: 8->8
[403.878s][info][gc,heap     ] GC(1454) Archive regions: 2->2
[403.878s][info][gc,heap     ] GC(1454) Humongous regions: 96->0
[403.878s][info][gc,metaspace] GC(1454) Metaspace: 29090K(29504K)->29090K(29504K) NonClass: 25530K(25728K)->25530K(25728K) Class: 3559K(3776K)->3559K(3776K)
[403.878s][info][gc          ] GC(1454) Pause Young (Concurrent Start) (G1 Humongous Allocation) 210M->16M(254M) 3.221ms
[403.879s][info][gc,cpu      ] GC(1454) User=0.01s Sys=0.01s Real=0.00s
[403.879s][info][gc          ] GC(1455) Concurrent Undo Cycle
[403.879s][info][gc,marking  ] GC(1455) Concurrent Cleanup for Next Mark
[403.879s][info][gc,marking  ] GC(1455) Concurrent Cleanup for Next Mark 0.119ms
[403.879s][info][gc          ] GC(1455) Concurrent Undo Cycle 0.282ms
[404.396s][info][gc,start    ] GC(1456) Pause Young (Concurrent Start) (G1 Humongous Allocation)
[404.396s][info][gc,task     ] GC(1456) Using 8 workers of 8 for evacuation
[404.397s][info][gc,phases   ] GC(1456)   Pre Evacuate Collection Set: 0.2ms
[404.397s][info][gc,phases   ] GC(1456)   Merge Heap Roots: 0.0ms
[404.397s][info][gc,phases   ] GC(1456)   Evacuate Collection Set: 0.5ms
[404.397s][info][gc,phases   ] GC(1456)   Post Evacuate Collection Set: 0.3ms
[404.397s][info][gc,phases   ] GC(1456)   Other: 0.1ms
[404.397s][info][gc,heap     ] GC(1456) Eden regions: 1->0(75)
[404.397s][info][gc,heap     ] GC(1456) Survivor regions: 1->1(10)
[404.397s][info][gc,heap     ] GC(1456) Old regions: 8->8
[404.397s][info][gc,heap     ] GC(1456) Archive regions: 2->2
[404.397s][info][gc,heap     ] GC(1456) Humongous regions: 96->0
[404.397s][info][gc,metaspace] GC(1456) Metaspace: 29090K(29504K)->29090K(29504K) NonClass: 25530K(25728K)->25530K(25728K) Class: 3559K(3776K)->3559K(3776K)
[404.397s][info][gc          ] GC(1456) Pause Young (Concurrent Start) (G1 Humongous Allocation) 210M->16M(254M) 1.234ms
[404.397s][info][gc,cpu      ] GC(1456) User=0.00s Sys=0.00s Real=0.00s
[404.397s][info][gc          ] GC(1457) Concurrent Undo Cycle
[404.397s][info][gc,marking  ] GC(1457) Concurrent Cleanup for Next Mark
[404.397s][info][gc,marking  ] GC(1457) Concurrent Cleanup for Next Mark 0.075ms
[404.397s][info][gc          ] GC(1457) Concurrent Undo Cycle 0.172ms
[404.905s][info][gc,start    ] GC(1458) Pause Young (Concurrent Start) (G1 Humongous Allocation)
[404.905s][info][gc,task     ] GC(1458) Using 8 workers of 8 for evacuation
[404.906s][info][gc,phases   ] GC(1458)   Pre Evacuate Collection Set: 0.1ms
[404.907s][info][gc,phases   ] GC(1458)   Merge Heap Roots: 0.1ms
[404.907s][info][gc,phases   ] GC(1458)   Evacuate Collection Set: 0.6ms
[404.907s][info][gc,phases   ] GC(1458)   Post Evacuate Collection Set: 0.5ms
[404.907s][info][gc,phases   ] GC(1458)   Other: 0.1ms
[404.907s][info][gc,heap     ] GC(1458) Eden regions: 1->0(75)
[404.907s][info][gc,heap     ] GC(1458) Survivor regions: 1->1(10)
[404.907s][info][gc,heap     ] GC(1458) Old regions: 8->8
[404.907s][info][gc,heap     ] GC(1458) Archive regions: 2->2
[404.907s][info][gc,heap     ] GC(1458) Humongous regions: 96->0
[404.907s][info][gc,metaspace] GC(1458) Metaspace: 29090K(29504K)->29090K(29504K) NonClass: 25530K(25728K)->25530K(25728K) Class: 3559K(3776K)->3559K(3776K)
[404.907s][info][gc          ] GC(1458) Pause Young (Concurrent Start) (G1 Humongous Allocation) 210M->16M(254M) 1.706ms
[404.907s][info][gc,cpu      ] GC(1458) User=0.00s Sys=0.00s Real=0.00s
[404.907s][info][gc          ] GC(1459) Concurrent Undo Cycle
[404.907s][info][gc,marking  ] GC(1459) Concurrent Cleanup for Next Mark
[404.907s][info][gc,marking  ] GC(1459) Concurrent Cleanup for Next Mark 0.072ms
[404.907s][info][gc          ] GC(1459) Concurrent Undo Cycle 0.159ms
[405.421s][info][gc,start    ] GC(1460) Pause Young (Concurrent Start) (G1 Humongous Allocation)
[405.421s][info][gc,task     ] GC(1460) Using 8 workers of 8 for evacuation
[405.423s][info][gc,phases   ] GC(1460)   Pre Evacuate Collection Set: 0.2ms
[405.423s][info][gc,phases   ] GC(1460)   Merge Heap Roots: 0.0ms
[405.423s][info][gc,phases   ] GC(1460)   Evacuate Collection Set: 0.5ms
[405.423s][info][gc,phases   ] GC(1460)   Post Evacuate Collection Set: 0.7ms
[405.423s][info][gc,phases   ] GC(1460)   Other: 0.1ms
[405.423s][info][gc,heap     ] GC(1460) Eden regions: 1->0(75)
[405.423s][info][gc,heap     ] GC(1460) Survivor regions: 1->1(10)
[405.423s][info][gc,heap     ] GC(1460) Old regions: 8->8
[405.423s][info][gc,heap     ] GC(1460) Archive regions: 2->2
[405.423s][info][gc,heap     ] GC(1460) Humongous regions: 96->0
[405.423s][info][gc,metaspace] GC(1460) Metaspace: 29090K(29504K)->29090K(29504K) NonClass: 25530K(25728K)->25530K(25728K) Class: 3559K(3776K)->3559K(3776K)
[405.423s][info][gc          ] GC(1460) Pause Young (Concurrent Start) (G1 Humongous Allocation) 210M->16M(254M) 1.824ms
[405.423s][info][gc          ] GC(1461) Concurrent Undo Cycle
[405.423s][info][gc,cpu      ] GC(1460) User=0.00s Sys=0.00s Real=0.00s
[405.423s][info][gc,marking  ] GC(1461) Concurrent Cleanup for Next Mark
[405.424s][info][gc,marking  ] GC(1461) Concurrent Cleanup for Next Mark 0.443ms
[405.424s][info][gc          ] GC(1461) Concurrent Undo Cycle 1.175ms
[405.934s][info][gc,start    ] GC(1462) Pause Young (Concurrent Start) (G1 Humongous Allocation)
[405.934s][info][gc,task     ] GC(1462) Using 8 workers of 8 for evacuation
[405.936s][info][gc,phases   ] GC(1462)   Pre Evacuate Collection Set: 0.2ms
[405.936s][info][gc,phases   ] GC(1462)   Merge Heap Roots: 0.1ms
[405.936s][info][gc,phases   ] GC(1462)   Evacuate Collection Set: 1.3ms
[405.936s][info][gc,phases   ] GC(1462)   Post Evacuate Collection Set: 0.4ms
[405.936s][info][gc,phases   ] GC(1462)   Other: 0.1ms
[405.936s][info][gc,heap     ] GC(1462) Eden regions: 1->0(75)
[405.936s][info][gc,heap     ] GC(1462) Survivor regions: 1->1(10)
[405.936s][info][gc,heap     ] GC(1462) Old regions: 8->8
[405.936s][info][gc,heap     ] GC(1462) Archive regions: 2->2
[405.936s][info][gc,heap     ] GC(1462) Humongous regions: 96->0
[405.936s][info][gc,metaspace] GC(1462) Metaspace: 29090K(29504K)->29090K(29504K) NonClass: 25530K(25728K)->25530K(25728K) Class: 3559K(3776K)->3559K(3776K)
[405.936s][info][gc          ] GC(1462) Pause Young (Concurrent Start) (G1 Humongous Allocation) 210M->16M(254M) 2.740ms
[405.936s][info][gc          ] GC(1463) Concurrent Undo Cycle
[405.936s][info][gc,cpu      ] GC(1462) User=0.01s Sys=0.00s Real=0.00s
[405.936s][info][gc,marking  ] GC(1463) Concurrent Cleanup for Next Mark
[405.937s][info][gc,marking  ] GC(1463) Concurrent Cleanup for Next Mark 0.130ms
[405.937s][info][gc          ] GC(1463) Concurrent Undo Cycle 0.285ms
[406.452s][info][gc,start    ] GC(1464) Pause Young (Concurrent Start) (G1 Humongous Allocation)
[406.452s][info][gc,task     ] GC(1464) Using 8 workers of 8 for evacuation
[406.454s][info][gc,phases   ] GC(1464)   Pre Evacuate Collection Set: 0.1ms
[406.454s][info][gc,phases   ] GC(1464)   Merge Heap Roots: 0.1ms
[406.454s][info][gc,phases   ] GC(1464)   Evacuate Collection Set: 0.7ms
[406.454s][info][gc,phases   ] GC(1464)   Post Evacuate Collection Set: 0.6ms
[406.454s][info][gc,phases   ] GC(1464)   Other: 0.1ms
[406.454s][info][gc,heap     ] GC(1464) Eden regions: 1->0(75)
[406.454s][info][gc,heap     ] GC(1464) Survivor regions: 1->1(10)
[406.454s][info][gc,heap     ] GC(1464) Old regions: 8->8
[406.454s][info][gc,heap     ] GC(1464) Archive regions: 2->2
[406.454s][info][gc,heap     ] GC(1464) Humongous regions: 96->0
[406.454s][info][gc,metaspace] GC(1464) Metaspace: 29090K(29504K)->29090K(29504K) NonClass: 25530K(25728K)->25530K(25728K) Class: 3559K(3776K)->3559K(3776K)
[406.454s][info][gc          ] GC(1464) Pause Young (Concurrent Start) (G1 Humongous Allocation) 210M->16M(254M) 2.128ms
[406.454s][info][gc          ] GC(1465) Concurrent Undo Cycle
[406.454s][info][gc,cpu      ] GC(1464) User=0.00s Sys=0.00s Real=0.00s
[406.454s][info][gc,marking  ] GC(1465) Concurrent Cleanup for Next Mark
[406.454s][info][gc,marking  ] GC(1465) Concurrent Cleanup for Next Mark 0.103ms
[406.455s][info][gc          ] GC(1465) Concurrent Undo Cycle 0.185ms
[406.965s][info][gc,start    ] GC(1466) Pause Young (Concurrent Start) (G1 Humongous Allocation)
[406.965s][info][gc,task     ] GC(1466) Using 8 workers of 8 for evacuation
[406.966s][info][gc,phases   ] GC(1466)   Pre Evacuate Collection Set: 0.1ms
[406.966s][info][gc,phases   ] GC(1466)   Merge Heap Roots: 0.0ms
[406.966s][info][gc,phases   ] GC(1466)   Evacuate Collection Set: 0.6ms
[406.966s][info][gc,phases   ] GC(1466)   Post Evacuate Collection Set: 0.2ms
[406.966s][info][gc,phases   ] GC(1466)   Other: 0.1ms
[406.966s][info][gc,heap     ] GC(1466) Eden regions: 2->0(75)
[406.966s][info][gc,heap     ] GC(1466) Survivor regions: 1->1(10)
[406.967s][info][gc,heap     ] GC(1466) Old regions: 8->8
[406.967s][info][gc,heap     ] GC(1466) Archive regions: 2->2
[406.967s][info][gc,heap     ] GC(1466) Humongous regions: 96->0
[406.967s][info][gc,metaspace] GC(1466) Metaspace: 29090K(29504K)->29090K(29504K) NonClass: 25530K(25728K)->25530K(25728K) Class: 3559K(3776K)->3559K(3776K)
[406.967s][info][gc          ] GC(1466) Pause Young (Concurrent Start) (G1 Humongous Allocation) 210M->16M(254M) 1.886ms
[406.967s][info][gc          ] GC(1467) Concurrent Undo Cycle
[406.967s][info][gc,cpu      ] GC(1466) User=0.00s Sys=0.00s Real=0.00s
[406.967s][info][gc,marking  ] GC(1467) Concurrent Cleanup for Next Mark
[406.967s][info][gc,marking  ] GC(1467) Concurrent Cleanup for Next Mark 0.088ms
[406.967s][info][gc          ] GC(1467) Concurrent Undo Cycle 0.173ms
[407.478s][info][gc,start    ] GC(1468) Pause Young (Concurrent Start) (G1 Humongous Allocation)
[407.478s][info][gc,task     ] GC(1468) Using 8 workers of 8 for evacuation
[407.479s][info][gc,phases   ] GC(1468)   Pre Evacuate Collection Set: 0.2ms
[407.479s][info][gc,phases   ] GC(1468)   Merge Heap Roots: 0.1ms
[407.480s][info][gc,phases   ] GC(1468)   Evacuate Collection Set: 0.6ms
[407.480s][info][gc,phases   ] GC(1468)   Post Evacuate Collection Set: 0.4ms
[407.480s][info][gc,phases   ] GC(1468)   Other: 0.1ms
[407.480s][info][gc,heap     ] GC(1468) Eden regions: 1->0(75)
[407.480s][info][gc,heap     ] GC(1468) Survivor regions: 1->1(10)
[407.480s][info][gc,heap     ] GC(1468) Old regions: 8->8
[407.480s][info][gc,heap     ] GC(1468) Archive regions: 2->2
[407.480s][info][gc,heap     ] GC(1468) Humongous regions: 96->0
[407.480s][info][gc,metaspace] GC(1468) Metaspace: 29090K(29504K)->29090K(29504K) NonClass: 25530K(25728K)->25530K(25728K) Class: 3559K(3776K)->3559K(3776K)
[407.480s][info][gc          ] GC(1468) Pause Young (Concurrent Start) (G1 Humongous Allocation) 210M->16M(254M) 2.003ms
[407.480s][info][gc          ] GC(1469) Concurrent Undo Cycle
[407.480s][info][gc,cpu      ] GC(1468) User=0.01s Sys=0.00s Real=0.01s
[407.480s][info][gc,marking  ] GC(1469) Concurrent Cleanup for Next Mark
[407.480s][info][gc,marking  ] GC(1469) Concurrent Cleanup for Next Mark 0.181ms
[407.480s][info][gc          ] GC(1469) Concurrent Undo Cycle 0.309ms
[407.993s][info][gc,start    ] GC(1470) Pause Young (Concurrent Start) (G1 Humongous Allocation)
[407.993s][info][gc,task     ] GC(1470) Using 8 workers of 8 for evacuation
[407.993s][info][gc,phases   ] GC(1470)   Pre Evacuate Collection Set: 0.1ms
[407.993s][info][gc,phases   ] GC(1470)   Merge Heap Roots: 0.0ms
[407.993s][info][gc,phases   ] GC(1470)   Evacuate Collection Set: 0.4ms
[407.993s][info][gc,phases   ] GC(1470)   Post Evacuate Collection Set: 0.2ms
[407.994s][info][gc,phases   ] GC(1470)   Other: 0.0ms
[407.994s][info][gc,heap     ] GC(1470) Eden regions: 1->0(75)
[407.994s][info][gc,heap     ] GC(1470) Survivor regions: 1->1(10)
[407.994s][info][gc,heap     ] GC(1470) Old regions: 8->8
[407.994s][info][gc,heap     ] GC(1470) Archive regions: 2->2
[407.994s][info][gc,heap     ] GC(1470) Humongous regions: 96->0
[407.994s][info][gc,metaspace] GC(1470) Metaspace: 29090K(29504K)->29090K(29504K) NonClass: 25530K(25728K)->25530K(25728K) Class: 3559K(3776K)->3559K(3776K)
[407.994s][info][gc          ] GC(1470) Pause Young (Concurrent Start) (G1 Humongous Allocation) 210M->16M(254M) 1.031ms
[407.994s][info][gc          ] GC(1471) Concurrent Undo Cycle
[407.994s][info][gc,cpu      ] GC(1470) User=0.00s Sys=0.00s Real=0.00s
[407.994s][info][gc,marking  ] GC(1471) Concurrent Cleanup for Next Mark
[407.994s][info][gc,marking  ] GC(1471) Concurrent Cleanup for Next Mark 0.088ms
[407.994s][info][gc          ] GC(1471) Concurrent Undo Cycle 0.157ms
[408.504s][info][gc,start    ] GC(1472) Pause Young (Concurrent Start) (G1 Humongous Allocation)
[408.504s][info][gc,task     ] GC(1472) Using 8 workers of 8 for evacuation
[408.505s][info][gc,phases   ] GC(1472)   Pre Evacuate Collection Set: 0.2ms
[408.506s][info][gc,phases   ] GC(1472)   Merge Heap Roots: 0.0ms
[408.506s][info][gc,phases   ] GC(1472)   Evacuate Collection Set: 0.8ms
[408.506s][info][gc,phases   ] GC(1472)   Post Evacuate Collection Set: 0.3ms
[408.506s][info][gc,phases   ] GC(1472)   Other: 0.1ms
[408.506s][info][gc,heap     ] GC(1472) Eden regions: 1->0(75)
[408.506s][info][gc,heap     ] GC(1472) Survivor regions: 1->1(10)
[408.506s][info][gc,heap     ] GC(1472) Old regions: 8->8
[408.506s][info][gc,heap     ] GC(1472) Archive regions: 2->2
[408.506s][info][gc,heap     ] GC(1472) Humongous regions: 96->0
[408.506s][info][gc,metaspace] GC(1472) Metaspace: 29090K(29504K)->29090K(29504K) NonClass: 25530K(25728K)->25530K(25728K) Class: 3559K(3776K)->3559K(3776K)
[408.506s][info][gc          ] GC(1472) Pause Young (Concurrent Start) (G1 Humongous Allocation) 210M->16M(254M) 1.796ms
[408.506s][info][gc,cpu      ] GC(1472) User=0.00s Sys=0.00s Real=0.00s
[408.506s][info][gc          ] GC(1473) Concurrent Undo Cycle
[408.506s][info][gc,marking  ] GC(1473) Concurrent Cleanup for Next Mark
[408.506s][info][gc,marking  ] GC(1473) Concurrent Cleanup for Next Mark 0.077ms
[408.506s][info][gc          ] GC(1473) Concurrent Undo Cycle 0.148ms
[409.020s][info][gc,start    ] GC(1474) Pause Young (Concurrent Start) (G1 Humongous Allocation)
[409.020s][info][gc,task     ] GC(1474) Using 8 workers of 8 for evacuation
[409.021s][info][gc,phases   ] GC(1474)   Pre Evacuate Collection Set: 0.2ms
[409.021s][info][gc,phases   ] GC(1474)   Merge Heap Roots: 0.1ms
[409.021s][info][gc,phases   ] GC(1474)   Evacuate Collection Set: 0.5ms
[409.021s][info][gc,phases   ] GC(1474)   Post Evacuate Collection Set: 0.3ms
[409.021s][info][gc,phases   ] GC(1474)   Other: 0.1ms
[409.021s][info][gc,heap     ] GC(1474) Eden regions: 1->0(75)
[409.021s][info][gc,heap     ] GC(1474) Survivor regions: 1->1(10)
[409.021s][info][gc,heap     ] GC(1474) Old regions: 8->8
[409.021s][info][gc,heap     ] GC(1474) Archive regions: 2->2
[409.021s][info][gc,heap     ] GC(1474) Humongous regions: 96->0
[409.021s][info][gc,metaspace] GC(1474) Metaspace: 29090K(29504K)->29090K(29504K) NonClass: 25530K(25728K)->25530K(25728K) Class: 3559K(3776K)->3559K(3776K)
[409.021s][info][gc          ] GC(1474) Pause Young (Concurrent Start) (G1 Humongous Allocation) 210M->16M(254M) 1.290ms
[409.021s][info][gc          ] GC(1475) Concurrent Undo Cycle
[409.021s][info][gc,cpu      ] GC(1474) User=0.00s Sys=0.01s Real=0.00s
[409.021s][info][gc,marking  ] GC(1475) Concurrent Cleanup for Next Mark
[409.021s][info][gc,marking  ] GC(1475) Concurrent Cleanup for Next Mark 0.050ms
[409.021s][info][gc          ] GC(1475) Concurrent Undo Cycle 0.104ms
[409.531s][info][gc,start    ] GC(1476) Pause Young (Concurrent Start) (G1 Humongous Allocation)
[409.531s][info][gc,task     ] GC(1476) Using 8 workers of 8 for evacuation
[409.533s][info][gc,phases   ] GC(1476)   Pre Evacuate Collection Set: 0.1ms
[409.533s][info][gc,phases   ] GC(1476)   Merge Heap Roots: 0.1ms
[409.533s][info][gc,phases   ] GC(1476)   Evacuate Collection Set: 0.8ms
[409.533s][info][gc,phases   ] GC(1476)   Post Evacuate Collection Set: 0.2ms
[409.533s][info][gc,phases   ] GC(1476)   Other: 0.2ms
[409.533s][info][gc,heap     ] GC(1476) Eden regions: 1->0(75)
[409.533s][info][gc,heap     ] GC(1476) Survivor regions: 1->1(10)
[409.533s][info][gc,heap     ] GC(1476) Old regions: 8->8
[409.533s][info][gc,heap     ] GC(1476) Archive regions: 2->2
[409.533s][info][gc,heap     ] GC(1476) Humongous regions: 96->0
[409.533s][info][gc,metaspace] GC(1476) Metaspace: 29090K(29504K)->29090K(29504K) NonClass: 25530K(25728K)->25530K(25728K) Class: 3559K(3776K)->3559K(3776K)
[409.533s][info][gc          ] GC(1476) Pause Young (Concurrent Start) (G1 Humongous Allocation) 210M->16M(254M) 1.788ms
[409.533s][info][gc,cpu      ] GC(1476) User=0.00s Sys=0.00s Real=0.00s
[409.533s][info][gc          ] GC(1477) Concurrent Undo Cycle
[409.533s][info][gc,marking  ] GC(1477) Concurrent Cleanup for Next Mark
[409.533s][info][gc,marking  ] GC(1477) Concurrent Cleanup for Next Mark 0.072ms
[409.533s][info][gc          ] GC(1477) Concurrent Undo Cycle 0.164ms
[410.045s][info][gc,start    ] GC(1478) Pause Young (Concurrent Start) (G1 Humongous Allocation)
[410.045s][info][gc,task     ] GC(1478) Using 8 workers of 8 for evacuation
[410.046s][info][gc,phases   ] GC(1478)   Pre Evacuate Collection Set: 0.1ms
[410.046s][info][gc,phases   ] GC(1478)   Merge Heap Roots: 0.0ms
[410.046s][info][gc,phases   ] GC(1478)   Evacuate Collection Set: 0.5ms
[410.046s][info][gc,phases   ] GC(1478)   Post Evacuate Collection Set: 0.2ms
[410.046s][info][gc,phases   ] GC(1478)   Other: 0.1ms
[410.046s][info][gc,heap     ] GC(1478) Eden regions: 1->0(75)
[410.046s][info][gc,heap     ] GC(1478) Survivor regions: 1->1(10)
[410.046s][info][gc,heap     ] GC(1478) Old regions: 8->8
[410.046s][info][gc,heap     ] GC(1478) Archive regions: 2->2
[410.046s][info][gc,heap     ] GC(1478) Humongous regions: 96->0
[410.046s][info][gc,metaspace] GC(1478) Metaspace: 29090K(29504K)->29090K(29504K) NonClass: 25530K(25728K)->25530K(25728K) Class: 3559K(3776K)->3559K(3776K)
[410.046s][info][gc          ] GC(1478) Pause Young (Concurrent Start) (G1 Humongous Allocation) 210M->16M(254M) 1.209ms
[410.046s][info][gc          ] GC(1479) Concurrent Undo Cycle
[410.046s][info][gc,cpu      ] GC(1478) User=0.01s Sys=0.00s Real=0.00s
[410.046s][info][gc,marking  ] GC(1479) Concurrent Cleanup for Next Mark
[410.046s][info][gc,marking  ] GC(1479) Concurrent Cleanup for Next Mark 0.102ms
[410.046s][info][gc          ] GC(1479) Concurrent Undo Cycle 0.153ms
[410.555s][info][gc,start    ] GC(1480) Pause Young (Concurrent Start) (G1 Humongous Allocation)
[410.556s][info][gc,task     ] GC(1480) Using 8 workers of 8 for evacuation
[410.557s][info][gc,phases   ] GC(1480)   Pre Evacuate Collection Set: 0.1ms
[410.557s][info][gc,phases   ] GC(1480)   Merge Heap Roots: 0.0ms
[410.557s][info][gc,phases   ] GC(1480)   Evacuate Collection Set: 0.6ms
[410.557s][info][gc,phases   ] GC(1480)   Post Evacuate Collection Set: 0.4ms
[410.557s][info][gc,phases   ] GC(1480)   Other: 0.1ms
[410.557s][info][gc,heap     ] GC(1480) Eden regions: 1->0(75)
[410.557s][info][gc,heap     ] GC(1480) Survivor regions: 1->1(10)
[410.557s][info][gc,heap     ] GC(1480) Old regions: 8->8
[410.557s][info][gc,heap     ] GC(1480) Archive regions: 2->2
[410.557s][info][gc,heap     ] GC(1480) Humongous regions: 96->0
[410.557s][info][gc,metaspace] GC(1480) Metaspace: 29090K(29504K)->29090K(29504K) NonClass: 25530K(25728K)->25530K(25728K) Class: 3559K(3776K)->3559K(3776K)
[410.557s][info][gc          ] GC(1480) Pause Young (Concurrent Start) (G1 Humongous Allocation) 210M->16M(254M) 1.498ms
[410.557s][info][gc,cpu      ] GC(1480) User=0.00s Sys=0.00s Real=0.00s
[410.557s][info][gc          ] GC(1481) Concurrent Undo Cycle
[410.557s][info][gc,marking  ] GC(1481) Concurrent Cleanup for Next Mark
[410.557s][info][gc,marking  ] GC(1481) Concurrent Cleanup for Next Mark 0.055ms
[410.557s][info][gc          ] GC(1481) Concurrent Undo Cycle 0.206ms
[411.066s][info][gc,start    ] GC(1482) Pause Young (Concurrent Start) (G1 Humongous Allocation)
[411.066s][info][gc,task     ] GC(1482) Using 8 workers of 8 for evacuation
[411.067s][info][gc,phases   ] GC(1482)   Pre Evacuate Collection Set: 0.1ms
[411.067s][info][gc,phases   ] GC(1482)   Merge Heap Roots: 0.0ms
[411.067s][info][gc,phases   ] GC(1482)   Evacuate Collection Set: 0.5ms
[411.067s][info][gc,phases   ] GC(1482)   Post Evacuate Collection Set: 0.4ms
[411.067s][info][gc,phases   ] GC(1482)   Other: 0.1ms
[411.067s][info][gc,heap     ] GC(1482) Eden regions: 1->0(75)
[411.067s][info][gc,heap     ] GC(1482) Survivor regions: 1->1(10)
[411.067s][info][gc,heap     ] GC(1482) Old regions: 8->8
[411.067s][info][gc,heap     ] GC(1482) Archive regions: 2->2
[411.067s][info][gc,heap     ] GC(1482) Humongous regions: 96->0
[411.067s][info][gc,metaspace] GC(1482) Metaspace: 29090K(29504K)->29090K(29504K) NonClass: 25530K(25728K)->25530K(25728K) Class: 3559K(3776K)->3559K(3776K)
[411.067s][info][gc          ] GC(1482) Pause Young (Concurrent Start) (G1 Humongous Allocation) 210M->16M(254M) 1.439ms
[411.067s][info][gc          ] GC(1483) Concurrent Undo Cycle
[411.067s][info][gc,cpu      ] GC(1482) User=0.01s Sys=0.00s Real=0.00s
[411.067s][info][gc,marking  ] GC(1483) Concurrent Cleanup for Next Mark
[411.067s][info][gc,marking  ] GC(1483) Concurrent Cleanup for Next Mark 0.077ms
[411.068s][info][gc          ] GC(1483) Concurrent Undo Cycle 0.138ms
[411.583s][info][gc,start    ] GC(1484) Pause Young (Concurrent Start) (G1 Humongous Allocation)
[411.583s][info][gc,task     ] GC(1484) Using 8 workers of 8 for evacuation
[411.585s][info][gc,phases   ] GC(1484)   Pre Evacuate Collection Set: 0.3ms
[411.585s][info][gc,phases   ] GC(1484)   Merge Heap Roots: 0.2ms
[411.585s][info][gc,phases   ] GC(1484)   Evacuate Collection Set: 0.6ms
[411.585s][info][gc,phases   ] GC(1484)   Post Evacuate Collection Set: 0.3ms
[411.585s][info][gc,phases   ] GC(1484)   Other: 0.2ms
[411.585s][info][gc,heap     ] GC(1484) Eden regions: 2->0(75)
[411.585s][info][gc,heap     ] GC(1484) Survivor regions: 1->1(10)
[411.585s][info][gc,heap     ] GC(1484) Old regions: 8->8
[411.585s][info][gc,heap     ] GC(1484) Archive regions: 2->2
[411.585s][info][gc,heap     ] GC(1484) Humongous regions: 96->0
[411.585s][info][gc,metaspace] GC(1484) Metaspace: 29090K(29504K)->29090K(29504K) NonClass: 25530K(25728K)->25530K(25728K) Class: 3559K(3776K)->3559K(3776K)
[411.585s][info][gc          ] GC(1484) Pause Young (Concurrent Start) (G1 Humongous Allocation) 210M->16M(254M) 1.849ms
[411.585s][info][gc          ] GC(1485) Concurrent Undo Cycle
[411.585s][info][gc,cpu      ] GC(1484) User=0.00s Sys=0.00s Real=0.00s
[411.585s][info][gc,marking  ] GC(1485) Concurrent Cleanup for Next Mark
[411.585s][info][gc,marking  ] GC(1485) Concurrent Cleanup for Next Mark 0.143ms
[411.585s][info][gc          ] GC(1485) Concurrent Undo Cycle 0.213ms
[412.098s][info][gc,start    ] GC(1486) Pause Young (Concurrent Start) (G1 Humongous Allocation)
[412.098s][info][gc,task     ] GC(1486) Using 8 workers of 8 for evacuation
[412.100s][info][gc,phases   ] GC(1486)   Pre Evacuate Collection Set: 0.3ms
[412.100s][info][gc,phases   ] GC(1486)   Merge Heap Roots: 0.1ms
[412.100s][info][gc,phases   ] GC(1486)   Evacuate Collection Set: 1.2ms
[412.100s][info][gc,phases   ] GC(1486)   Post Evacuate Collection Set: 0.5ms
[412.100s][info][gc,phases   ] GC(1486)   Other: 0.1ms
[412.100s][info][gc,heap     ] GC(1486) Eden regions: 1->0(75)
[412.100s][info][gc,heap     ] GC(1486) Survivor regions: 1->1(10)
[412.100s][info][gc,heap     ] GC(1486) Old regions: 8->8
[412.100s][info][gc,heap     ] GC(1486) Archive regions: 2->2
[412.100s][info][gc,heap     ] GC(1486) Humongous regions: 96->0
[412.100s][info][gc,metaspace] GC(1486) Metaspace: 29090K(29504K)->29090K(29504K) NonClass: 25530K(25728K)->25530K(25728K) Class: 3559K(3776K)->3559K(3776K)
[412.100s][info][gc          ] GC(1486) Pause Young (Concurrent Start) (G1 Humongous Allocation) 209M->16M(254M) 2.607ms
[412.101s][info][gc,cpu      ] GC(1486) User=0.00s Sys=0.01s Real=0.01s
[412.101s][info][gc          ] GC(1487) Concurrent Undo Cycle
[412.101s][info][gc,marking  ] GC(1487) Concurrent Cleanup for Next Mark
[412.101s][info][gc,marking  ] GC(1487) Concurrent Cleanup for Next Mark 0.108ms
[412.101s][info][gc          ] GC(1487) Concurrent Undo Cycle 0.223ms
[412.614s][info][gc,start    ] GC(1488) Pause Young (Concurrent Start) (G1 Humongous Allocation)
[412.615s][info][gc,task     ] GC(1488) Using 8 workers of 8 for evacuation
[412.616s][info][gc,phases   ] GC(1488)   Pre Evacuate Collection Set: 0.1ms
[412.616s][info][gc,phases   ] GC(1488)   Merge Heap Roots: 0.0ms
[412.616s][info][gc,phases   ] GC(1488)   Evacuate Collection Set: 0.6ms
[412.616s][info][gc,phases   ] GC(1488)   Post Evacuate Collection Set: 0.3ms
[412.616s][info][gc,phases   ] GC(1488)   Other: 0.1ms
[412.616s][info][gc,heap     ] GC(1488) Eden regions: 2->0(75)
[412.616s][info][gc,heap     ] GC(1488) Survivor regions: 1->1(10)
[412.616s][info][gc,heap     ] GC(1488) Old regions: 8->8
[412.616s][info][gc,heap     ] GC(1488) Archive regions: 2->2
[412.616s][info][gc,heap     ] GC(1488) Humongous regions: 96->0
[412.616s][info][gc,metaspace] GC(1488) Metaspace: 29090K(29504K)->29090K(29504K) NonClass: 25530K(25728K)->25530K(25728K) Class: 3559K(3776K)->3559K(3776K)
[412.616s][info][gc          ] GC(1488) Pause Young (Concurrent Start) (G1 Humongous Allocation) 210M->16M(254M) 2.186ms
[412.616s][info][gc          ] GC(1489) Concurrent Undo Cycle
[412.616s][info][gc,cpu      ] GC(1488) User=0.01s Sys=0.00s Real=0.00s
[412.616s][info][gc,marking  ] GC(1489) Concurrent Cleanup for Next Mark
[412.616s][info][gc,marking  ] GC(1489) Concurrent Cleanup for Next Mark 0.116ms
[412.617s][info][gc          ] GC(1489) Concurrent Undo Cycle 0.188ms
[413.126s][info][gc,start    ] GC(1490) Pause Young (Concurrent Start) (G1 Humongous Allocation)
[413.126s][info][gc,task     ] GC(1490) Using 8 workers of 8 for evacuation
[413.127s][info][gc,phases   ] GC(1490)   Pre Evacuate Collection Set: 0.1ms
[413.127s][info][gc,phases   ] GC(1490)   Merge Heap Roots: 0.0ms
[413.127s][info][gc,phases   ] GC(1490)   Evacuate Collection Set: 0.6ms
[413.127s][info][gc,phases   ] GC(1490)   Post Evacuate Collection Set: 0.3ms
[413.127s][info][gc,phases   ] GC(1490)   Other: 0.1ms
[413.127s][info][gc,heap     ] GC(1490) Eden regions: 1->0(75)
[413.127s][info][gc,heap     ] GC(1490) Survivor regions: 1->1(10)
[413.127s][info][gc,heap     ] GC(1490) Old regions: 8->8
[413.127s][info][gc,heap     ] GC(1490) Archive regions: 2->2
[413.127s][info][gc,heap     ] GC(1490) Humongous regions: 96->0
[413.127s][info][gc,metaspace] GC(1490) Metaspace: 29090K(29504K)->29090K(29504K) NonClass: 25530K(25728K)->25530K(25728K) Class: 3559K(3776K)->3559K(3776K)
[413.127s][info][gc          ] GC(1490) Pause Young (Concurrent Start) (G1 Humongous Allocation) 209M->16M(254M) 1.274ms
[413.127s][info][gc          ] GC(1491) Concurrent Undo Cycle
[413.127s][info][gc,cpu      ] GC(1490) User=0.00s Sys=0.00s Real=0.00s
[413.127s][info][gc,marking  ] GC(1491) Concurrent Cleanup for Next Mark
[413.127s][info][gc,marking  ] GC(1491) Concurrent Cleanup for Next Mark 0.061ms
[413.128s][info][gc          ] GC(1491) Concurrent Undo Cycle 0.128ms
[413.638s][info][gc,start    ] GC(1492) Pause Young (Concurrent Start) (G1 Humongous Allocation)
[413.638s][info][gc,task     ] GC(1492) Using 8 workers of 8 for evacuation
[413.641s][info][gc,phases   ] GC(1492)   Pre Evacuate Collection Set: 0.4ms
[413.654s][info][gc,phases   ] GC(1492)   Merge Heap Roots: 0.2ms
[413.654s][info][gc,phases   ] GC(1492)   Evacuate Collection Set: 1.3ms
[413.654s][info][gc,phases   ] GC(1492)   Post Evacuate Collection Set: 0.7ms
[413.654s][info][gc,phases   ] GC(1492)   Other: 0.2ms
[413.654s][info][gc,heap     ] GC(1492) Eden regions: 2->0(75)
[413.654s][info][gc,heap     ] GC(1492) Survivor regions: 1->1(10)
[413.654s][info][gc,heap     ] GC(1492) Old regions: 8->8
[413.654s][info][gc,heap     ] GC(1492) Archive regions: 2->2
[413.654s][info][gc,heap     ] GC(1492) Humongous regions: 96->0
[413.654s][info][gc,metaspace] GC(1492) Metaspace: 29090K(29504K)->29090K(29504K) NonClass: 25530K(25728K)->25530K(25728K) Class: 3559K(3776K)->3559K(3776K)
[413.654s][info][gc          ] GC(1492) Pause Young (Concurrent Start) (G1 Humongous Allocation) 210M->16M(254M) 15.781ms
[413.654s][info][gc,cpu      ] GC(1492) User=0.00s Sys=0.00s Real=0.02s
[413.654s][info][gc          ] GC(1493) Concurrent Undo Cycle
[413.654s][info][gc,marking  ] GC(1493) Concurrent Cleanup for Next Mark
[413.654s][info][gc,marking  ] GC(1493) Concurrent Cleanup for Next Mark 0.146ms
[413.654s][info][gc          ] GC(1493) Concurrent Undo Cycle 0.288ms
[414.171s][info][gc,start    ] GC(1494) Pause Young (Concurrent Start) (G1 Humongous Allocation)
[414.171s][info][gc,task     ] GC(1494) Using 8 workers of 8 for evacuation
[414.172s][info][gc,phases   ] GC(1494)   Pre Evacuate Collection Set: 0.1ms
[414.172s][info][gc,phases   ] GC(1494)   Merge Heap Roots: 0.0ms
[414.172s][info][gc,phases   ] GC(1494)   Evacuate Collection Set: 0.6ms
[414.172s][info][gc,phases   ] GC(1494)   Post Evacuate Collection Set: 0.3ms
[414.172s][info][gc,phases   ] GC(1494)   Other: 0.1ms
[414.172s][info][gc,heap     ] GC(1494) Eden regions: 1->0(75)
[414.172s][info][gc,heap     ] GC(1494) Survivor regions: 1->1(10)
[414.172s][info][gc,heap     ] GC(1494) Old regions: 8->8
[414.172s][info][gc,heap     ] GC(1494) Archive regions: 2->2
[414.172s][info][gc,heap     ] GC(1494) Humongous regions: 96->0
[414.172s][info][gc,metaspace] GC(1494) Metaspace: 29090K(29504K)->29090K(29504K) NonClass: 25530K(25728K)->25530K(25728K) Class: 3559K(3776K)->3559K(3776K)
[414.172s][info][gc          ] GC(1494) Pause Young (Concurrent Start) (G1 Humongous Allocation) 209M->16M(254M) 1.463ms
[414.172s][info][gc          ] GC(1495) Concurrent Undo Cycle
[414.172s][info][gc,cpu      ] GC(1494) User=0.01s Sys=0.00s Real=0.00s
[414.172s][info][gc,marking  ] GC(1495) Concurrent Cleanup for Next Mark
[414.172s][info][gc,marking  ] GC(1495) Concurrent Cleanup for Next Mark 0.081ms
[414.172s][info][gc          ] GC(1495) Concurrent Undo Cycle 0.136ms
[414.685s][info][gc,start    ] GC(1496) Pause Young (Concurrent Start) (G1 Humongous Allocation)
[414.685s][info][gc,task     ] GC(1496) Using 8 workers of 8 for evacuation
[414.687s][info][gc,phases   ] GC(1496)   Pre Evacuate Collection Set: 0.1ms
[414.687s][info][gc,phases   ] GC(1496)   Merge Heap Roots: 0.0ms
[414.687s][info][gc,phases   ] GC(1496)   Evacuate Collection Set: 0.5ms
[414.687s][info][gc,phases   ] GC(1496)   Post Evacuate Collection Set: 0.4ms
[414.687s][info][gc,phases   ] GC(1496)   Other: 0.1ms
[414.687s][info][gc,heap     ] GC(1496) Eden regions: 2->0(75)
[414.687s][info][gc,heap     ] GC(1496) Survivor regions: 1->1(10)
[414.687s][info][gc,heap     ] GC(1496) Old regions: 8->8
[414.687s][info][gc,heap     ] GC(1496) Archive regions: 2->2
[414.687s][info][gc,heap     ] GC(1496) Humongous regions: 96->0
[414.687s][info][gc,metaspace] GC(1496) Metaspace: 29090K(29504K)->29090K(29504K) NonClass: 25530K(25728K)->25530K(25728K) Class: 3559K(3776K)->3559K(3776K)
[414.687s][info][gc          ] GC(1496) Pause Young (Concurrent Start) (G1 Humongous Allocation) 210M->16M(254M) 1.583ms
[414.687s][info][gc          ] GC(1497) Concurrent Undo Cycle
[414.687s][info][gc,cpu      ] GC(1496) User=0.01s Sys=0.01s Real=0.00s
[414.687s][info][gc,marking  ] GC(1497) Concurrent Cleanup for Next Mark
[414.687s][info][gc,marking  ] GC(1497) Concurrent Cleanup for Next Mark 0.194ms
[414.687s][info][gc          ] GC(1497) Concurrent Undo Cycle 0.347ms
[415.197s][info][gc,start    ] GC(1498) Pause Young (Concurrent Start) (G1 Humongous Allocation)
[415.197s][info][gc,task     ] GC(1498) Using 8 workers of 8 for evacuation
[415.201s][info][gc,phases   ] GC(1498)   Pre Evacuate Collection Set: 0.2ms
[415.201s][info][gc,phases   ] GC(1498)   Merge Heap Roots: 0.1ms
[415.201s][info][gc,phases   ] GC(1498)   Evacuate Collection Set: 3.3ms
[415.201s][info][gc,phases   ] GC(1498)   Post Evacuate Collection Set: 0.3ms
[415.201s][info][gc,phases   ] GC(1498)   Other: 0.1ms
[415.201s][info][gc,heap     ] GC(1498) Eden regions: 1->0(75)
[415.201s][info][gc,heap     ] GC(1498) Survivor regions: 1->1(10)
[415.201s][info][gc,heap     ] GC(1498) Old regions: 8->8
[415.201s][info][gc,heap     ] GC(1498) Archive regions: 2->2
[415.201s][info][gc,heap     ] GC(1498) Humongous regions: 96->0
[415.201s][info][gc,metaspace] GC(1498) Metaspace: 29090K(29504K)->29090K(29504K) NonClass: 25530K(25728K)->25530K(25728K) Class: 3559K(3776K)->3559K(3776K)
[415.201s][info][gc          ] GC(1498) Pause Young (Concurrent Start) (G1 Humongous Allocation) 209M->16M(254M) 4.564ms
[415.202s][info][gc          ] GC(1499) Concurrent Undo Cycle
[415.202s][info][gc,cpu      ] GC(1498) User=0.00s Sys=0.00s Real=0.01s
[415.202s][info][gc,marking  ] GC(1499) Concurrent Cleanup for Next Mark
[415.202s][info][gc,marking  ] GC(1499) Concurrent Cleanup for Next Mark 0.161ms
[415.202s][info][gc          ] GC(1499) Concurrent Undo Cycle 0.264ms
[415.717s][info][gc,start    ] GC(1500) Pause Young (Concurrent Start) (G1 Humongous Allocation)
[415.717s][info][gc,task     ] GC(1500) Using 8 workers of 8 for evacuation
[415.718s][info][gc,phases   ] GC(1500)   Pre Evacuate Collection Set: 0.1ms
[415.718s][info][gc,phases   ] GC(1500)   Merge Heap Roots: 0.0ms
[415.718s][info][gc,phases   ] GC(1500)   Evacuate Collection Set: 0.6ms
[415.718s][info][gc,phases   ] GC(1500)   Post Evacuate Collection Set: 0.3ms
[415.718s][info][gc,phases   ] GC(1500)   Other: 0.1ms
[415.718s][info][gc,heap     ] GC(1500) Eden regions: 2->0(75)
[415.718s][info][gc,heap     ] GC(1500) Survivor regions: 1->1(10)
[415.718s][info][gc,heap     ] GC(1500) Old regions: 8->8
[415.718s][info][gc,heap     ] GC(1500) Archive regions: 2->2
[415.718s][info][gc,heap     ] GC(1500) Humongous regions: 96->0
[415.718s][info][gc,metaspace] GC(1500) Metaspace: 29090K(29504K)->29090K(29504K) NonClass: 25530K(25728K)->25530K(25728K) Class: 3559K(3776K)->3559K(3776K)
[415.718s][info][gc          ] GC(1500) Pause Young (Concurrent Start) (G1 Humongous Allocation) 210M->16M(254M) 1.439ms
[415.718s][info][gc,cpu      ] GC(1500) User=0.00s Sys=0.00s Real=0.00s
[415.718s][info][gc          ] GC(1501) Concurrent Undo Cycle
[415.718s][info][gc,marking  ] GC(1501) Concurrent Cleanup for Next Mark
[415.719s][info][gc,marking  ] GC(1501) Concurrent Cleanup for Next Mark 0.077ms
[415.719s][info][gc          ] GC(1501) Concurrent Undo Cycle 0.174ms
[416.232s][info][gc,start    ] GC(1502) Pause Young (Concurrent Start) (G1 Humongous Allocation)
[416.232s][info][gc,task     ] GC(1502) Using 8 workers of 8 for evacuation
[416.235s][info][gc,phases   ] GC(1502)   Pre Evacuate Collection Set: 0.4ms
[416.235s][info][gc,phases   ] GC(1502)   Merge Heap Roots: 0.2ms
[416.235s][info][gc,phases   ] GC(1502)   Evacuate Collection Set: 1.3ms
[416.235s][info][gc,phases   ] GC(1502)   Post Evacuate Collection Set: 0.8ms
[416.235s][info][gc,phases   ] GC(1502)   Other: 0.2ms
[416.236s][info][gc,heap     ] GC(1502) Eden regions: 1->0(75)
[416.236s][info][gc,heap     ] GC(1502) Survivor regions: 1->1(10)
[416.236s][info][gc,heap     ] GC(1502) Old regions: 8->8
[416.236s][info][gc,heap     ] GC(1502) Archive regions: 2->2
[416.236s][info][gc,heap     ] GC(1502) Humongous regions: 96->0
[416.236s][info][gc,metaspace] GC(1502) Metaspace: 29090K(29504K)->29090K(29504K) NonClass: 25530K(25728K)->25530K(25728K) Class: 3559K(3776K)->3559K(3776K)
[416.236s][info][gc          ] GC(1502) Pause Young (Concurrent Start) (G1 Humongous Allocation) 209M->16M(254M) 3.656ms
[416.236s][info][gc,cpu      ] GC(1502) User=0.01s Sys=0.00s Real=0.00s
[416.236s][info][gc          ] GC(1503) Concurrent Undo Cycle
[416.236s][info][gc,marking  ] GC(1503) Concurrent Cleanup for Next Mark
[416.236s][info][gc,marking  ] GC(1503) Concurrent Cleanup for Next Mark 0.246ms
[416.236s][info][gc          ] GC(1503) Concurrent Undo Cycle 0.544ms
[416.754s][info][gc,start    ] GC(1504) Pause Young (Concurrent Start) (G1 Humongous Allocation)
[416.754s][info][gc,task     ] GC(1504) Using 8 workers of 8 for evacuation
[416.757s][info][gc,phases   ] GC(1504)   Pre Evacuate Collection Set: 0.4ms
[416.757s][info][gc,phases   ] GC(1504)   Merge Heap Roots: 0.2ms
[416.757s][info][gc,phases   ] GC(1504)   Evacuate Collection Set: 1.2ms
[416.757s][info][gc,phases   ] GC(1504)   Post Evacuate Collection Set: 0.7ms
[416.757s][info][gc,phases   ] GC(1504)   Other: 0.2ms
[416.757s][info][gc,heap     ] GC(1504) Eden regions: 2->0(75)
[416.757s][info][gc,heap     ] GC(1504) Survivor regions: 1->1(10)
[416.757s][info][gc,heap     ] GC(1504) Old regions: 8->8
[416.757s][info][gc,heap     ] GC(1504) Archive regions: 2->2
[416.757s][info][gc,heap     ] GC(1504) Humongous regions: 96->0
[416.758s][info][gc,metaspace] GC(1504) Metaspace: 29090K(29504K)->29090K(29504K) NonClass: 25530K(25728K)->25530K(25728K) Class: 3559K(3776K)->3559K(3776K)
[416.758s][info][gc          ] GC(1504) Pause Young (Concurrent Start) (G1 Humongous Allocation) 210M->16M(254M) 3.463ms
[416.758s][info][gc,cpu      ] GC(1504) User=0.00s Sys=0.00s Real=0.00s
[416.758s][info][gc          ] GC(1505) Concurrent Undo Cycle
[416.758s][info][gc,marking  ] GC(1505) Concurrent Cleanup for Next Mark
[416.758s][info][gc,marking  ] GC(1505) Concurrent Cleanup for Next Mark 0.182ms
[416.758s][info][gc          ] GC(1505) Concurrent Undo Cycle 0.460ms
[417.279s][info][gc,start    ] GC(1506) Pause Young (Concurrent Start) (G1 Humongous Allocation)
[417.279s][info][gc,task     ] GC(1506) Using 8 workers of 8 for evacuation
[417.281s][info][gc,phases   ] GC(1506)   Pre Evacuate Collection Set: 0.4ms
[417.282s][info][gc,phases   ] GC(1506)   Merge Heap Roots: 0.2ms
[417.282s][info][gc,phases   ] GC(1506)   Evacuate Collection Set: 1.2ms
[417.282s][info][gc,phases   ] GC(1506)   Post Evacuate Collection Set: 0.8ms
[417.282s][info][gc,phases   ] GC(1506)   Other: 0.2ms
[417.282s][info][gc,heap     ] GC(1506) Eden regions: 1->0(75)
[417.282s][info][gc,heap     ] GC(1506) Survivor regions: 1->1(10)
[417.282s][info][gc,heap     ] GC(1506) Old regions: 8->8
[417.282s][info][gc,heap     ] GC(1506) Archive regions: 2->2
[417.282s][info][gc,heap     ] GC(1506) Humongous regions: 96->0
[417.282s][info][gc,metaspace] GC(1506) Metaspace: 29090K(29504K)->29090K(29504K) NonClass: 25530K(25728K)->25530K(25728K) Class: 3559K(3776K)->3559K(3776K)
[417.282s][info][gc          ] GC(1506) Pause Young (Concurrent Start) (G1 Humongous Allocation) 209M->16M(254M) 3.285ms
[417.282s][info][gc,cpu      ] GC(1506) User=0.01s Sys=0.00s Real=0.01s
[417.282s][info][gc          ] GC(1507) Concurrent Undo Cycle
[417.282s][info][gc,marking  ] GC(1507) Concurrent Cleanup for Next Mark
[417.282s][info][gc,marking  ] GC(1507) Concurrent Cleanup for Next Mark 0.175ms
[417.282s][info][gc          ] GC(1507) Concurrent Undo Cycle 0.350ms
[417.800s][info][gc,start    ] GC(1508) Pause Young (Concurrent Start) (G1 Humongous Allocation)
[417.801s][info][gc,task     ] GC(1508) Using 8 workers of 8 for evacuation
[417.804s][info][gc,phases   ] GC(1508)   Pre Evacuate Collection Set: 0.5ms
[417.804s][info][gc,phases   ] GC(1508)   Merge Heap Roots: 0.2ms
[417.804s][info][gc,phases   ] GC(1508)   Evacuate Collection Set: 1.3ms
[417.804s][info][gc,phases   ] GC(1508)   Post Evacuate Collection Set: 0.8ms
[417.804s][info][gc,phases   ] GC(1508)   Other: 0.2ms
[417.804s][info][gc,heap     ] GC(1508) Eden regions: 2->0(75)
[417.804s][info][gc,heap     ] GC(1508) Survivor regions: 1->1(10)
[417.804s][info][gc,heap     ] GC(1508) Old regions: 8->8
[417.804s][info][gc,heap     ] GC(1508) Archive regions: 2->2
[417.804s][info][gc,heap     ] GC(1508) Humongous regions: 96->0
[417.804s][info][gc,metaspace] GC(1508) Metaspace: 29090K(29504K)->29090K(29504K) NonClass: 25530K(25728K)->25530K(25728K) Class: 3559K(3776K)->3559K(3776K)
[417.804s][info][gc          ] GC(1508) Pause Young (Concurrent Start) (G1 Humongous Allocation) 210M->16M(254M) 3.703ms
[417.804s][info][gc,cpu      ] GC(1508) User=0.01s Sys=0.01s Real=0.00s
[417.804s][info][gc          ] GC(1509) Concurrent Undo Cycle
[417.804s][info][gc,marking  ] GC(1509) Concurrent Cleanup for Next Mark
[417.804s][info][gc,marking  ] GC(1509) Concurrent Cleanup for Next Mark 0.179ms
[417.805s][info][gc          ] GC(1509) Concurrent Undo Cycle 0.393ms
[418.321s][info][gc,start    ] GC(1510) Pause Young (Concurrent Start) (G1 Humongous Allocation)
[418.321s][info][gc,task     ] GC(1510) Using 8 workers of 8 for evacuation
[418.322s][info][gc,phases   ] GC(1510)   Pre Evacuate Collection Set: 0.2ms
[418.322s][info][gc,phases   ] GC(1510)   Merge Heap Roots: 0.0ms
[418.322s][info][gc,phases   ] GC(1510)   Evacuate Collection Set: 0.5ms
[418.322s][info][gc,phases   ] GC(1510)   Post Evacuate Collection Set: 0.2ms
[418.322s][info][gc,phases   ] GC(1510)   Other: 0.1ms
[418.322s][info][gc,heap     ] GC(1510) Eden regions: 1->0(75)
[418.322s][info][gc,heap     ] GC(1510) Survivor regions: 1->1(10)
[418.322s][info][gc,heap     ] GC(1510) Old regions: 8->8
[418.322s][info][gc,heap     ] GC(1510) Archive regions: 2->2
[418.322s][info][gc,heap     ] GC(1510) Humongous regions: 96->0
[418.322s][info][gc,metaspace] GC(1510) Metaspace: 29090K(29504K)->29090K(29504K) NonClass: 25530K(25728K)->25530K(25728K) Class: 3559K(3776K)->3559K(3776K)
[418.322s][info][gc          ] GC(1510) Pause Young (Concurrent Start) (G1 Humongous Allocation) 209M->16M(254M) 1.354ms
[418.322s][info][gc,cpu      ] GC(1510) User=0.01s Sys=0.00s Real=0.00s
[418.322s][info][gc          ] GC(1511) Concurrent Undo Cycle
[418.322s][info][gc,marking  ] GC(1511) Concurrent Cleanup for Next Mark
[418.322s][info][gc,marking  ] GC(1511) Concurrent Cleanup for Next Mark 0.069ms
[418.322s][info][gc          ] GC(1511) Concurrent Undo Cycle 0.125ms
[418.832s][info][gc,start    ] GC(1512) Pause Young (Concurrent Start) (G1 Humongous Allocation)
[418.832s][info][gc,task     ] GC(1512) Using 8 workers of 8 for evacuation
[418.833s][info][gc,phases   ] GC(1512)   Pre Evacuate Collection Set: 0.1ms
[418.833s][info][gc,phases   ] GC(1512)   Merge Heap Roots: 0.0ms
[418.833s][info][gc,phases   ] GC(1512)   Evacuate Collection Set: 0.5ms
[418.833s][info][gc,phases   ] GC(1512)   Post Evacuate Collection Set: 0.3ms
[418.833s][info][gc,phases   ] GC(1512)   Other: 0.1ms
[418.833s][info][gc,heap     ] GC(1512) Eden regions: 2->0(75)
[418.833s][info][gc,heap     ] GC(1512) Survivor regions: 1->1(10)
[418.833s][info][gc,heap     ] GC(1512) Old regions: 8->8
[418.833s][info][gc,heap     ] GC(1512) Archive regions: 2->2
[418.833s][info][gc,heap     ] GC(1512) Humongous regions: 96->0
[418.833s][info][gc,metaspace] GC(1512) Metaspace: 29090K(29504K)->29090K(29504K) NonClass: 25530K(25728K)->25530K(25728K) Class: 3559K(3776K)->3559K(3776K)
[418.833s][info][gc          ] GC(1512) Pause Young (Concurrent Start) (G1 Humongous Allocation) 210M->16M(254M) 1.229ms
[418.833s][info][gc          ] GC(1513) Concurrent Undo Cycle
[418.833s][info][gc,cpu      ] GC(1512) User=0.01s Sys=0.00s Real=0.00s
[418.833s][info][gc,marking  ] GC(1513) Concurrent Cleanup for Next Mark
[418.833s][info][gc,marking  ] GC(1513) Concurrent Cleanup for Next Mark 0.073ms
[418.833s][info][gc          ] GC(1513) Concurrent Undo Cycle 0.135ms
[419.343s][info][gc,start    ] GC(1514) Pause Young (Concurrent Start) (G1 Humongous Allocation)
[419.343s][info][gc,task     ] GC(1514) Using 8 workers of 8 for evacuation
[419.344s][info][gc,phases   ] GC(1514)   Pre Evacuate Collection Set: 0.1ms
[419.344s][info][gc,phases   ] GC(1514)   Merge Heap Roots: 0.0ms
[419.344s][info][gc,phases   ] GC(1514)   Evacuate Collection Set: 0.5ms
[419.344s][info][gc,phases   ] GC(1514)   Post Evacuate Collection Set: 0.2ms
[419.344s][info][gc,phases   ] GC(1514)   Other: 0.1ms
[419.344s][info][gc,heap     ] GC(1514) Eden regions: 1->0(75)
[419.344s][info][gc,heap     ] GC(1514) Survivor regions: 1->1(10)
[419.344s][info][gc,heap     ] GC(1514) Old regions: 8->8
[419.344s][info][gc,heap     ] GC(1514) Archive regions: 2->2
[419.344s][info][gc,heap     ] GC(1514) Humongous regions: 96->0
[419.344s][info][gc,metaspace] GC(1514) Metaspace: 29090K(29504K)->29090K(29504K) NonClass: 25530K(25728K)->25530K(25728K) Class: 3559K(3776K)->3559K(3776K)
[419.344s][info][gc          ] GC(1514) Pause Young (Concurrent Start) (G1 Humongous Allocation) 210M->16M(254M) 1.311ms
[419.344s][info][gc          ] GC(1515) Concurrent Undo Cycle
[419.344s][info][gc,cpu      ] GC(1514) User=0.01s Sys=0.00s Real=0.00s
[419.344s][info][gc,marking  ] GC(1515) Concurrent Cleanup for Next Mark
[419.344s][info][gc,marking  ] GC(1515) Concurrent Cleanup for Next Mark 0.062ms
[419.344s][info][gc          ] GC(1515) Concurrent Undo Cycle 0.115ms
[419.856s][info][gc,start    ] GC(1516) Pause Young (Concurrent Start) (G1 Humongous Allocation)
[419.856s][info][gc,task     ] GC(1516) Using 8 workers of 8 for evacuation
[419.859s][info][gc,phases   ] GC(1516)   Pre Evacuate Collection Set: 0.4ms
[419.859s][info][gc,phases   ] GC(1516)   Merge Heap Roots: 0.2ms
[419.860s][info][gc,phases   ] GC(1516)   Evacuate Collection Set: 1.5ms
[419.860s][info][gc,phases   ] GC(1516)   Post Evacuate Collection Set: 1.0ms
[419.860s][info][gc,phases   ] GC(1516)   Other: 0.2ms
[419.860s][info][gc,heap     ] GC(1516) Eden regions: 1->0(75)
[419.860s][info][gc,heap     ] GC(1516) Survivor regions: 1->1(10)
[419.860s][info][gc,heap     ] GC(1516) Old regions: 8->8
[419.860s][info][gc,heap     ] GC(1516) Archive regions: 2->2
[419.860s][info][gc,heap     ] GC(1516) Humongous regions: 96->0
[419.860s][info][gc,metaspace] GC(1516) Metaspace: 29090K(29504K)->29090K(29504K) NonClass: 25530K(25728K)->25530K(25728K) Class: 3559K(3776K)->3559K(3776K)
[419.860s][info][gc          ] GC(1516) Pause Young (Concurrent Start) (G1 Humongous Allocation) 210M->16M(254M) 3.968ms
[419.860s][info][gc,cpu      ] GC(1516) User=0.01s Sys=0.01s Real=0.01s
[419.860s][info][gc          ] GC(1517) Concurrent Undo Cycle
[419.860s][info][gc,marking  ] GC(1517) Concurrent Cleanup for Next Mark
[419.860s][info][gc,marking  ] GC(1517) Concurrent Cleanup for Next Mark 0.177ms
[419.860s][info][gc          ] GC(1517) Concurrent Undo Cycle 0.424ms
[420.380s][info][gc,start    ] GC(1518) Pause Young (Concurrent Start) (G1 Humongous Allocation)
[420.380s][info][gc,task     ] GC(1518) Using 8 workers of 8 for evacuation
[420.383s][info][gc,phases   ] GC(1518)   Pre Evacuate Collection Set: 0.6ms
[420.383s][info][gc,phases   ] GC(1518)   Merge Heap Roots: 0.2ms
[420.383s][info][gc,phases   ] GC(1518)   Evacuate Collection Set: 1.2ms
[420.383s][info][gc,phases   ] GC(1518)   Post Evacuate Collection Set: 0.9ms
[420.384s][info][gc,phases   ] GC(1518)   Other: 0.3ms
[420.384s][info][gc,heap     ] GC(1518) Eden regions: 1->0(75)
[420.384s][info][gc,heap     ] GC(1518) Survivor regions: 1->1(10)
[420.384s][info][gc,heap     ] GC(1518) Old regions: 8->8
[420.384s][info][gc,heap     ] GC(1518) Archive regions: 2->2
[420.384s][info][gc,heap     ] GC(1518) Humongous regions: 96->0
[420.384s][info][gc,metaspace] GC(1518) Metaspace: 29090K(29504K)->29090K(29504K) NonClass: 25530K(25728K)->25530K(25728K) Class: 3559K(3776K)->3559K(3776K)
[420.384s][info][gc          ] GC(1518) Pause Young (Concurrent Start) (G1 Humongous Allocation) 210M->16M(254M) 3.867ms
[420.384s][info][gc,cpu      ] GC(1518) User=0.00s Sys=0.00s Real=0.00s
[420.384s][info][gc          ] GC(1519) Concurrent Undo Cycle
[420.384s][info][gc,marking  ] GC(1519) Concurrent Cleanup for Next Mark
[420.384s][info][gc,marking  ] GC(1519) Concurrent Cleanup for Next Mark 0.156ms
[420.384s][info][gc          ] GC(1519) Concurrent Undo Cycle 0.332ms
[420.902s][info][gc,start    ] GC(1520) Pause Young (Concurrent Start) (G1 Humongous Allocation)
[420.902s][info][gc,task     ] GC(1520) Using 8 workers of 8 for evacuation
[420.904s][info][gc,phases   ] GC(1520)   Pre Evacuate Collection Set: 0.3ms
[420.904s][info][gc,phases   ] GC(1520)   Merge Heap Roots: 0.1ms
[420.904s][info][gc,phases   ] GC(1520)   Evacuate Collection Set: 0.8ms
[420.904s][info][gc,phases   ] GC(1520)   Post Evacuate Collection Set: 0.5ms
[420.904s][info][gc,phases   ] GC(1520)   Other: 0.2ms
[420.904s][info][gc,heap     ] GC(1520) Eden regions: 1->0(75)
[420.904s][info][gc,heap     ] GC(1520) Survivor regions: 1->1(10)
[420.904s][info][gc,heap     ] GC(1520) Old regions: 8->8
[420.904s][info][gc,heap     ] GC(1520) Archive regions: 2->2
[420.904s][info][gc,heap     ] GC(1520) Humongous regions: 96->0
[420.904s][info][gc,metaspace] GC(1520) Metaspace: 29090K(29504K)->29090K(29504K) NonClass: 25530K(25728K)->25530K(25728K) Class: 3559K(3776K)->3559K(3776K)
[420.904s][info][gc          ] GC(1520) Pause Young (Concurrent Start) (G1 Humongous Allocation) 210M->16M(254M) 2.387ms
[420.905s][info][gc,cpu      ] GC(1520) User=0.00s Sys=0.00s Real=0.00s
[420.905s][info][gc          ] GC(1521) Concurrent Undo Cycle
[420.905s][info][gc,marking  ] GC(1521) Concurrent Cleanup for Next Mark
[420.905s][info][gc,marking  ] GC(1521) Concurrent Cleanup for Next Mark 0.131ms
[420.905s][info][gc          ] GC(1521) Concurrent Undo Cycle 0.259ms
[421.421s][info][gc,start    ] GC(1522) Pause Young (Concurrent Start) (G1 Humongous Allocation)
[421.421s][info][gc,task     ] GC(1522) Using 8 workers of 8 for evacuation
[421.424s][info][gc,phases   ] GC(1522)   Pre Evacuate Collection Set: 0.4ms
[421.424s][info][gc,phases   ] GC(1522)   Merge Heap Roots: 0.2ms
[421.424s][info][gc,phases   ] GC(1522)   Evacuate Collection Set: 1.2ms
[421.424s][info][gc,phases   ] GC(1522)   Post Evacuate Collection Set: 0.8ms
[421.424s][info][gc,phases   ] GC(1522)   Other: 0.3ms
[421.424s][info][gc,heap     ] GC(1522) Eden regions: 1->0(75)
[421.424s][info][gc,heap     ] GC(1522) Survivor regions: 1->1(10)
[421.424s][info][gc,heap     ] GC(1522) Old regions: 8->8
[421.424s][info][gc,heap     ] GC(1522) Archive regions: 2->2
[421.424s][info][gc,heap     ] GC(1522) Humongous regions: 96->0
[421.424s][info][gc,metaspace] GC(1522) Metaspace: 29090K(29504K)->29090K(29504K) NonClass: 25530K(25728K)->25530K(25728K) Class: 3559K(3776K)->3559K(3776K)
[421.424s][info][gc          ] GC(1522) Pause Young (Concurrent Start) (G1 Humongous Allocation) 210M->16M(254M) 3.601ms
[421.424s][info][gc,cpu      ] GC(1522) User=0.00s Sys=0.00s Real=0.00s
[421.425s][info][gc          ] GC(1523) Concurrent Undo Cycle
[421.425s][info][gc,marking  ] GC(1523) Concurrent Cleanup for Next Mark
[421.425s][info][gc,marking  ] GC(1523) Concurrent Cleanup for Next Mark 0.200ms
[421.425s][info][gc          ] GC(1523) Concurrent Undo Cycle 0.471ms
[421.943s][info][gc,start    ] GC(1524) Pause Young (Concurrent Start) (G1 Humongous Allocation)
[421.943s][info][gc,task     ] GC(1524) Using 8 workers of 8 for evacuation
[421.945s][info][gc,phases   ] GC(1524)   Pre Evacuate Collection Set: 0.4ms
[421.945s][info][gc,phases   ] GC(1524)   Merge Heap Roots: 0.1ms
[421.945s][info][gc,phases   ] GC(1524)   Evacuate Collection Set: 1.0ms
[421.946s][info][gc,phases   ] GC(1524)   Post Evacuate Collection Set: 0.6ms
[421.946s][info][gc,phases   ] GC(1524)   Other: 0.2ms
[421.946s][info][gc,heap     ] GC(1524) Eden regions: 1->0(75)
[421.946s][info][gc,heap     ] GC(1524) Survivor regions: 1->1(10)
[421.946s][info][gc,heap     ] GC(1524) Old regions: 8->8
[421.946s][info][gc,heap     ] GC(1524) Archive regions: 2->2
[421.946s][info][gc,heap     ] GC(1524) Humongous regions: 96->0
[421.946s][info][gc,metaspace] GC(1524) Metaspace: 29090K(29504K)->29090K(29504K) NonClass: 25530K(25728K)->25530K(25728K) Class: 3559K(3776K)->3559K(3776K)
[421.946s][info][gc          ] GC(1524) Pause Young (Concurrent Start) (G1 Humongous Allocation) 210M->16M(254M) 2.874ms
[421.946s][info][gc,cpu      ] GC(1524) User=0.01s Sys=0.00s Real=0.00s
[421.946s][info][gc          ] GC(1525) Concurrent Undo Cycle
[421.946s][info][gc,marking  ] GC(1525) Concurrent Cleanup for Next Mark
[421.946s][info][gc,marking  ] GC(1525) Concurrent Cleanup for Next Mark 0.128ms
[421.946s][info][gc          ] GC(1525) Concurrent Undo Cycle 0.279ms
[422.465s][info][gc,start    ] GC(1526) Pause Young (Concurrent Start) (G1 Humongous Allocation)
[422.465s][info][gc,task     ] GC(1526) Using 8 workers of 8 for evacuation
[422.468s][info][gc,phases   ] GC(1526)   Pre Evacuate Collection Set: 0.4ms
[422.468s][info][gc,phases   ] GC(1526)   Merge Heap Roots: 0.2ms
[422.468s][info][gc,phases   ] GC(1526)   Evacuate Collection Set: 1.4ms
[422.468s][info][gc,phases   ] GC(1526)   Post Evacuate Collection Set: 0.8ms
[422.468s][info][gc,phases   ] GC(1526)   Other: 0.3ms
[422.468s][info][gc,heap     ] GC(1526) Eden regions: 1->0(75)
[422.468s][info][gc,heap     ] GC(1526) Survivor regions: 1->1(10)
[422.468s][info][gc,heap     ] GC(1526) Old regions: 8->8
[422.468s][info][gc,heap     ] GC(1526) Archive regions: 2->2
[422.468s][info][gc,heap     ] GC(1526) Humongous regions: 96->0
[422.468s][info][gc,metaspace] GC(1526) Metaspace: 29090K(29504K)->29090K(29504K) NonClass: 25530K(25728K)->25530K(25728K) Class: 3559K(3776K)->3559K(3776K)
[422.468s][info][gc          ] GC(1526) Pause Young (Concurrent Start) (G1 Humongous Allocation) 210M->16M(254M) 3.799ms
[422.468s][info][gc,cpu      ] GC(1526) User=0.01s Sys=0.01s Real=0.00s
[422.469s][info][gc          ] GC(1527) Concurrent Undo Cycle
[422.469s][info][gc,marking  ] GC(1527) Concurrent Cleanup for Next Mark
[422.469s][info][gc,marking  ] GC(1527) Concurrent Cleanup for Next Mark 0.252ms
[422.469s][info][gc          ] GC(1527) Concurrent Undo Cycle 0.497ms
[422.990s][info][gc,start    ] GC(1528) Pause Young (Concurrent Start) (G1 Humongous Allocation)
[422.990s][info][gc,task     ] GC(1528) Using 8 workers of 8 for evacuation
[422.993s][info][gc,phases   ] GC(1528)   Pre Evacuate Collection Set: 0.5ms
[422.993s][info][gc,phases   ] GC(1528)   Merge Heap Roots: 0.2ms
[422.993s][info][gc,phases   ] GC(1528)   Evacuate Collection Set: 1.3ms
[422.993s][info][gc,phases   ] GC(1528)   Post Evacuate Collection Set: 0.8ms
[422.993s][info][gc,phases   ] GC(1528)   Other: 0.2ms
[422.993s][info][gc,heap     ] GC(1528) Eden regions: 1->0(75)
[422.993s][info][gc,heap     ] GC(1528) Survivor regions: 1->1(10)
[422.993s][info][gc,heap     ] GC(1528) Old regions: 8->8
[422.993s][info][gc,heap     ] GC(1528) Archive regions: 2->2
[422.993s][info][gc,heap     ] GC(1528) Humongous regions: 96->0
[422.993s][info][gc,metaspace] GC(1528) Metaspace: 29090K(29504K)->29090K(29504K) NonClass: 25530K(25728K)->25530K(25728K) Class: 3559K(3776K)->3559K(3776K)
[422.993s][info][gc          ] GC(1528) Pause Young (Concurrent Start) (G1 Humongous Allocation) 210M->16M(254M) 3.529ms
[422.993s][info][gc,cpu      ] GC(1528) User=0.00s Sys=0.00s Real=0.00s
[422.993s][info][gc          ] GC(1529) Concurrent Undo Cycle
[422.993s][info][gc,marking  ] GC(1529) Concurrent Cleanup for Next Mark
[422.994s][info][gc,marking  ] GC(1529) Concurrent Cleanup for Next Mark 0.281ms
[422.994s][info][gc          ] GC(1529) Concurrent Undo Cycle 0.499ms
[423.513s][info][gc,start    ] GC(1530) Pause Young (Concurrent Start) (G1 Humongous Allocation)
[423.513s][info][gc,task     ] GC(1530) Using 8 workers of 8 for evacuation
[423.514s][info][gc,phases   ] GC(1530)   Pre Evacuate Collection Set: 0.2ms
[423.514s][info][gc,phases   ] GC(1530)   Merge Heap Roots: 0.1ms
[423.515s][info][gc,phases   ] GC(1530)   Evacuate Collection Set: 1.0ms
[423.515s][info][gc,phases   ] GC(1530)   Post Evacuate Collection Set: 0.4ms
[423.515s][info][gc,phases   ] GC(1530)   Other: 0.3ms
[423.515s][info][gc,heap     ] GC(1530) Eden regions: 1->0(75)
[423.515s][info][gc,heap     ] GC(1530) Survivor regions: 1->1(10)
[423.515s][info][gc,heap     ] GC(1530) Old regions: 8->8
[423.515s][info][gc,heap     ] GC(1530) Archive regions: 2->2
[423.515s][info][gc,heap     ] GC(1530) Humongous regions: 96->0
[423.515s][info][gc,metaspace] GC(1530) Metaspace: 29090K(29504K)->29090K(29504K) NonClass: 25530K(25728K)->25530K(25728K) Class: 3559K(3776K)->3559K(3776K)
[423.515s][info][gc          ] GC(1530) Pause Young (Concurrent Start) (G1 Humongous Allocation) 210M->16M(254M) 2.195ms
[423.515s][info][gc,cpu      ] GC(1530) User=0.00s Sys=0.00s Real=0.00s
[423.515s][info][gc          ] GC(1531) Concurrent Undo Cycle
[423.515s][info][gc,marking  ] GC(1531) Concurrent Cleanup for Next Mark
[423.515s][info][gc,marking  ] GC(1531) Concurrent Cleanup for Next Mark 0.120ms
[423.515s][info][gc          ] GC(1531) Concurrent Undo Cycle 0.241ms
[424.029s][info][gc,start    ] GC(1532) Pause Young (Concurrent Start) (G1 Humongous Allocation)
[424.029s][info][gc,task     ] GC(1532) Using 8 workers of 8 for evacuation
[424.032s][info][gc,phases   ] GC(1532)   Pre Evacuate Collection Set: 0.4ms
[424.033s][info][gc,phases   ] GC(1532)   Merge Heap Roots: 0.2ms
[424.033s][info][gc,phases   ] GC(1532)   Evacuate Collection Set: 1.3ms
[424.033s][info][gc,phases   ] GC(1532)   Post Evacuate Collection Set: 0.8ms
[424.033s][info][gc,phases   ] GC(1532)   Other: 0.2ms
[424.033s][info][gc,heap     ] GC(1532) Eden regions: 1->0(75)
[424.033s][info][gc,heap     ] GC(1532) Survivor regions: 1->1(10)
[424.033s][info][gc,heap     ] GC(1532) Old regions: 8->8
[424.033s][info][gc,heap     ] GC(1532) Archive regions: 2->2
[424.033s][info][gc,heap     ] GC(1532) Humongous regions: 96->0
[424.033s][info][gc,metaspace] GC(1532) Metaspace: 29090K(29504K)->29090K(29504K) NonClass: 25530K(25728K)->25530K(25728K) Class: 3559K(3776K)->3559K(3776K)
[424.033s][info][gc          ] GC(1532) Pause Young (Concurrent Start) (G1 Humongous Allocation) 210M->16M(254M) 3.802ms
[424.033s][info][gc,cpu      ] GC(1532) User=0.01s Sys=0.00s Real=0.00s
[424.033s][info][gc          ] GC(1533) Concurrent Undo Cycle
[424.033s][info][gc,marking  ] GC(1533) Concurrent Cleanup for Next Mark
[424.033s][info][gc,marking  ] GC(1533) Concurrent Cleanup for Next Mark 0.148ms
[424.033s][info][gc          ] GC(1533) Concurrent Undo Cycle 0.273ms
[424.550s][info][gc,start    ] GC(1534) Pause Young (Concurrent Start) (G1 Humongous Allocation)
[424.550s][info][gc,task     ] GC(1534) Using 8 workers of 8 for evacuation
[424.552s][info][gc,phases   ] GC(1534)   Pre Evacuate Collection Set: 0.4ms
[424.552s][info][gc,phases   ] GC(1534)   Merge Heap Roots: 0.1ms
[424.552s][info][gc,phases   ] GC(1534)   Evacuate Collection Set: 0.8ms
[424.552s][info][gc,phases   ] GC(1534)   Post Evacuate Collection Set: 0.7ms
[424.552s][info][gc,phases   ] GC(1534)   Other: 0.3ms
[424.552s][info][gc,heap     ] GC(1534) Eden regions: 1->0(75)
[424.552s][info][gc,heap     ] GC(1534) Survivor regions: 1->1(10)
[424.552s][info][gc,heap     ] GC(1534) Old regions: 8->8
[424.552s][info][gc,heap     ] GC(1534) Archive regions: 2->2
[424.552s][info][gc,heap     ] GC(1534) Humongous regions: 96->0
[424.552s][info][gc,metaspace] GC(1534) Metaspace: 29090K(29504K)->29090K(29504K) NonClass: 25530K(25728K)->25530K(25728K) Class: 3559K(3776K)->3559K(3776K)
[424.552s][info][gc          ] GC(1534) Pause Young (Concurrent Start) (G1 Humongous Allocation) 210M->16M(254M) 2.771ms
[424.552s][info][gc,cpu      ] GC(1534) User=0.00s Sys=0.00s Real=0.00s
[424.552s][info][gc          ] GC(1535) Concurrent Undo Cycle
[424.552s][info][gc,marking  ] GC(1535) Concurrent Cleanup for Next Mark
[424.553s][info][gc,marking  ] GC(1535) Concurrent Cleanup for Next Mark 0.143ms
[424.553s][info][gc          ] GC(1535) Concurrent Undo Cycle 0.396ms
[425.071s][info][gc,start    ] GC(1536) Pause Young (Concurrent Start) (G1 Humongous Allocation)
[425.071s][info][gc,task     ] GC(1536) Using 8 workers of 8 for evacuation
[425.074s][info][gc,phases   ] GC(1536)   Pre Evacuate Collection Set: 0.4ms
[425.074s][info][gc,phases   ] GC(1536)   Merge Heap Roots: 0.2ms
[425.074s][info][gc,phases   ] GC(1536)   Evacuate Collection Set: 1.3ms
[425.074s][info][gc,phases   ] GC(1536)   Post Evacuate Collection Set: 0.8ms
[425.074s][info][gc,phases   ] GC(1536)   Other: 0.2ms
[425.074s][info][gc,heap     ] GC(1536) Eden regions: 1->0(75)
[425.074s][info][gc,heap     ] GC(1536) Survivor regions: 1->1(10)
[425.074s][info][gc,heap     ] GC(1536) Old regions: 8->8
[425.074s][info][gc,heap     ] GC(1536) Archive regions: 2->2
[425.074s][info][gc,heap     ] GC(1536) Humongous regions: 96->0
[425.075s][info][gc,metaspace] GC(1536) Metaspace: 29090K(29504K)->29090K(29504K) NonClass: 25530K(25728K)->25530K(25728K) Class: 3559K(3776K)->3559K(3776K)
[425.075s][info][gc          ] GC(1536) Pause Young (Concurrent Start) (G1 Humongous Allocation) 210M->16M(254M) 3.813ms
[425.075s][info][gc,cpu      ] GC(1536) User=0.00s Sys=0.01s Real=0.00s
[425.075s][info][gc          ] GC(1537) Concurrent Undo Cycle
[425.075s][info][gc,marking  ] GC(1537) Concurrent Cleanup for Next Mark
[425.075s][info][gc,marking  ] GC(1537) Concurrent Cleanup for Next Mark 0.232ms
[425.075s][info][gc          ] GC(1537) Concurrent Undo Cycle 0.587ms
[425.593s][info][gc,start    ] GC(1538) Pause Young (Concurrent Start) (G1 Humongous Allocation)
[425.593s][info][gc,task     ] GC(1538) Using 8 workers of 8 for evacuation
[425.596s][info][gc,phases   ] GC(1538)   Pre Evacuate Collection Set: 0.4ms
[425.596s][info][gc,phases   ] GC(1538)   Merge Heap Roots: 0.2ms
[425.596s][info][gc,phases   ] GC(1538)   Evacuate Collection Set: 1.2ms
[425.596s][info][gc,phases   ] GC(1538)   Post Evacuate Collection Set: 0.8ms
[425.596s][info][gc,phases   ] GC(1538)   Other: 0.2ms
[425.596s][info][gc,heap     ] GC(1538) Eden regions: 1->0(75)
[425.596s][info][gc,heap     ] GC(1538) Survivor regions: 1->1(10)
[425.596s][info][gc,heap     ] GC(1538) Old regions: 8->8
[425.596s][info][gc,heap     ] GC(1538) Archive regions: 2->2
[425.596s][info][gc,heap     ] GC(1538) Humongous regions: 96->0
[425.596s][info][gc,metaspace] GC(1538) Metaspace: 29090K(29504K)->29090K(29504K) NonClass: 25530K(25728K)->25530K(25728K) Class: 3559K(3776K)->3559K(3776K)
[425.597s][info][gc          ] GC(1538) Pause Young (Concurrent Start) (G1 Humongous Allocation) 210M->16M(254M) 3.602ms
[425.597s][info][gc,cpu      ] GC(1538) User=0.00s Sys=0.00s Real=0.00s
[425.597s][info][gc          ] GC(1539) Concurrent Undo Cycle
[425.597s][info][gc,marking  ] GC(1539) Concurrent Cleanup for Next Mark
[425.597s][info][gc,marking  ] GC(1539) Concurrent Cleanup for Next Mark 0.171ms
[425.597s][info][gc          ] GC(1539) Concurrent Undo Cycle 0.488ms
[426.123s][info][gc,start    ] GC(1540) Pause Young (Concurrent Start) (G1 Humongous Allocation)
[426.123s][info][gc,task     ] GC(1540) Using 8 workers of 8 for evacuation
[426.126s][info][gc,phases   ] GC(1540)   Pre Evacuate Collection Set: 0.1ms
[426.126s][info][gc,phases   ] GC(1540)   Merge Heap Roots: 0.1ms
[426.126s][info][gc,phases   ] GC(1540)   Evacuate Collection Set: 0.6ms
[426.126s][info][gc,phases   ] GC(1540)   Post Evacuate Collection Set: 2.3ms
[426.126s][info][gc,phases   ] GC(1540)   Other: 0.2ms
[426.126s][info][gc,heap     ] GC(1540) Eden regions: 1->0(75)
[426.126s][info][gc,heap     ] GC(1540) Survivor regions: 1->1(10)
[426.126s][info][gc,heap     ] GC(1540) Old regions: 8->8
[426.126s][info][gc,heap     ] GC(1540) Archive regions: 2->2
[426.126s][info][gc,heap     ] GC(1540) Humongous regions: 96->0
[426.126s][info][gc,metaspace] GC(1540) Metaspace: 29090K(29504K)->29090K(29504K) NonClass: 25530K(25728K)->25530K(25728K) Class: 3559K(3776K)->3559K(3776K)
[426.126s][info][gc          ] GC(1540) Pause Young (Concurrent Start) (G1 Humongous Allocation) 210M->16M(254M) 3.779ms
[426.127s][info][gc,cpu      ] GC(1540) User=0.01s Sys=0.00s Real=0.00s
[426.127s][info][gc          ] GC(1541) Concurrent Undo Cycle
[426.127s][info][gc,marking  ] GC(1541) Concurrent Cleanup for Next Mark
[426.127s][info][gc,marking  ] GC(1541) Concurrent Cleanup for Next Mark 0.069ms
[426.127s][info][gc          ] GC(1541) Concurrent Undo Cycle 0.147ms
[426.643s][info][gc,start    ] GC(1542) Pause Young (Concurrent Start) (G1 Humongous Allocation)
[426.644s][info][gc,task     ] GC(1542) Using 8 workers of 8 for evacuation
[426.650s][info][gc,phases   ] GC(1542)   Pre Evacuate Collection Set: 0.4ms
[426.650s][info][gc,phases   ] GC(1542)   Merge Heap Roots: 0.2ms
[426.650s][info][gc,phases   ] GC(1542)   Evacuate Collection Set: 2.2ms
[426.651s][info][gc,phases   ] GC(1542)   Post Evacuate Collection Set: 3.7ms
[426.651s][info][gc,phases   ] GC(1542)   Other: 0.4ms
[426.651s][info][gc,heap     ] GC(1542) Eden regions: 2->0(75)
[426.651s][info][gc,heap     ] GC(1542) Survivor regions: 1->1(10)
[426.651s][info][gc,heap     ] GC(1542) Old regions: 8->8
[426.651s][info][gc,heap     ] GC(1542) Archive regions: 2->2
[426.651s][info][gc,heap     ] GC(1542) Humongous regions: 96->0
[426.651s][info][gc,metaspace] GC(1542) Metaspace: 29090K(29504K)->29090K(29504K) NonClass: 25530K(25728K)->25530K(25728K) Class: 3559K(3776K)->3559K(3776K)
[426.651s][info][gc          ] GC(1542) Pause Young (Concurrent Start) (G1 Humongous Allocation) 210M->16M(254M) 7.649ms
[426.651s][info][gc          ] GC(1543) Concurrent Undo Cycle
[426.651s][info][gc,cpu      ] GC(1542) User=0.00s Sys=0.00s Real=0.01s
[426.651s][info][gc,marking  ] GC(1543) Concurrent Cleanup for Next Mark
[426.651s][info][gc,marking  ] GC(1543) Concurrent Cleanup for Next Mark 0.376ms
[426.651s][info][gc          ] GC(1543) Concurrent Undo Cycle 0.582ms
[427.166s][info][gc,start    ] GC(1544) Pause Young (Concurrent Start) (G1 Humongous Allocation)
[427.166s][info][gc,task     ] GC(1544) Using 8 workers of 8 for evacuation
[427.168s][info][gc,phases   ] GC(1544)   Pre Evacuate Collection Set: 0.3ms
[427.168s][info][gc,phases   ] GC(1544)   Merge Heap Roots: 0.1ms
[427.169s][info][gc,phases   ] GC(1544)   Evacuate Collection Set: 1.4ms
[427.169s][info][gc,phases   ] GC(1544)   Post Evacuate Collection Set: 0.6ms
[427.169s][info][gc,phases   ] GC(1544)   Other: 0.2ms
[427.169s][info][gc,heap     ] GC(1544) Eden regions: 1->0(75)
[427.169s][info][gc,heap     ] GC(1544) Survivor regions: 1->1(10)
[427.169s][info][gc,heap     ] GC(1544) Old regions: 8->8
[427.169s][info][gc,heap     ] GC(1544) Archive regions: 2->2
[427.169s][info][gc,heap     ] GC(1544) Humongous regions: 96->0
[427.169s][info][gc,metaspace] GC(1544) Metaspace: 29090K(29504K)->29090K(29504K) NonClass: 25530K(25728K)->25530K(25728K) Class: 3559K(3776K)->3559K(3776K)
[427.169s][info][gc          ] GC(1544) Pause Young (Concurrent Start) (G1 Humongous Allocation) 210M->16M(254M) 3.054ms
[427.169s][info][gc,cpu      ] GC(1544) User=0.01s Sys=0.00s Real=0.01s
[427.169s][info][gc          ] GC(1545) Concurrent Undo Cycle
[427.169s][info][gc,marking  ] GC(1545) Concurrent Cleanup for Next Mark
[427.169s][info][gc,marking  ] GC(1545) Concurrent Cleanup for Next Mark 0.138ms
[427.169s][info][gc          ] GC(1545) Concurrent Undo Cycle 0.293ms
[427.683s][info][gc,start    ] GC(1546) Pause Young (Concurrent Start) (G1 Humongous Allocation)
[427.683s][info][gc,task     ] GC(1546) Using 8 workers of 8 for evacuation
[427.684s][info][gc,phases   ] GC(1546)   Pre Evacuate Collection Set: 0.1ms
[427.684s][info][gc,phases   ] GC(1546)   Merge Heap Roots: 0.0ms
[427.684s][info][gc,phases   ] GC(1546)   Evacuate Collection Set: 0.5ms
[427.684s][info][gc,phases   ] GC(1546)   Post Evacuate Collection Set: 0.2ms
[427.684s][info][gc,phases   ] GC(1546)   Other: 0.1ms
[427.684s][info][gc,heap     ] GC(1546) Eden regions: 2->0(75)
[427.684s][info][gc,heap     ] GC(1546) Survivor regions: 1->1(10)
[427.684s][info][gc,heap     ] GC(1546) Old regions: 8->8
[427.684s][info][gc,heap     ] GC(1546) Archive regions: 2->2
[427.684s][info][gc,heap     ] GC(1546) Humongous regions: 96->0
[427.684s][info][gc,metaspace] GC(1546) Metaspace: 29090K(29504K)->29090K(29504K) NonClass: 25530K(25728K)->25530K(25728K) Class: 3559K(3776K)->3559K(3776K)
[427.684s][info][gc          ] GC(1546) Pause Young (Concurrent Start) (G1 Humongous Allocation) 210M->16M(254M) 1.120ms
[427.684s][info][gc          ] GC(1547) Concurrent Undo Cycle
[427.684s][info][gc,cpu      ] GC(1546) User=0.01s Sys=0.00s Real=0.00s
[427.684s][info][gc,marking  ] GC(1547) Concurrent Cleanup for Next Mark
[427.684s][info][gc,marking  ] GC(1547) Concurrent Cleanup for Next Mark 0.048ms
[427.684s][info][gc          ] GC(1547) Concurrent Undo Cycle 0.117ms
[428.194s][info][gc,start    ] GC(1548) Pause Young (Concurrent Start) (G1 Humongous Allocation)
[428.194s][info][gc,task     ] GC(1548) Using 8 workers of 8 for evacuation
[428.197s][info][gc,phases   ] GC(1548)   Pre Evacuate Collection Set: 0.2ms
[428.197s][info][gc,phases   ] GC(1548)   Merge Heap Roots: 0.1ms
[428.197s][info][gc,phases   ] GC(1548)   Evacuate Collection Set: 1.2ms
[428.197s][info][gc,phases   ] GC(1548)   Post Evacuate Collection Set: 0.5ms
[428.197s][info][gc,phases   ] GC(1548)   Other: 0.1ms
[428.197s][info][gc,heap     ] GC(1548) Eden regions: 1->0(75)
[428.197s][info][gc,heap     ] GC(1548) Survivor regions: 1->1(10)
[428.197s][info][gc,heap     ] GC(1548) Old regions: 8->8
[428.197s][info][gc,heap     ] GC(1548) Archive regions: 2->2
[428.197s][info][gc,heap     ] GC(1548) Humongous regions: 96->0
[428.197s][info][gc,metaspace] GC(1548) Metaspace: 29090K(29504K)->29090K(29504K) NonClass: 25530K(25728K)->25530K(25728K) Class: 3559K(3776K)->3559K(3776K)
[428.197s][info][gc          ] GC(1548) Pause Young (Concurrent Start) (G1 Humongous Allocation) 209M->16M(254M) 2.526ms
[428.197s][info][gc,cpu      ] GC(1548) User=0.00s Sys=0.00s Real=0.00s
[428.197s][info][gc          ] GC(1549) Concurrent Undo Cycle
[428.197s][info][gc,marking  ] GC(1549) Concurrent Cleanup for Next Mark
[428.198s][info][gc,marking  ] GC(1549) Concurrent Cleanup for Next Mark 0.363ms
[428.198s][info][gc          ] GC(1549) Concurrent Undo Cycle 0.527ms
[428.716s][info][gc,start    ] GC(1550) Pause Young (Concurrent Start) (G1 Humongous Allocation)
[428.717s][info][gc,task     ] GC(1550) Using 8 workers of 8 for evacuation
[428.719s][info][gc,phases   ] GC(1550)   Pre Evacuate Collection Set: 0.3ms
[428.720s][info][gc,phases   ] GC(1550)   Merge Heap Roots: 0.2ms
[428.720s][info][gc,phases   ] GC(1550)   Evacuate Collection Set: 1.2ms
[428.720s][info][gc,phases   ] GC(1550)   Post Evacuate Collection Set: 0.8ms
[428.720s][info][gc,phases   ] GC(1550)   Other: 0.2ms
[428.720s][info][gc,heap     ] GC(1550) Eden regions: 2->0(75)
[428.720s][info][gc,heap     ] GC(1550) Survivor regions: 1->1(10)
[428.720s][info][gc,heap     ] GC(1550) Old regions: 8->8
[428.720s][info][gc,heap     ] GC(1550) Archive regions: 2->2
[428.720s][info][gc,heap     ] GC(1550) Humongous regions: 96->0
[428.720s][info][gc,metaspace] GC(1550) Metaspace: 29090K(29504K)->29090K(29504K) NonClass: 25530K(25728K)->25530K(25728K) Class: 3559K(3776K)->3559K(3776K)
[428.720s][info][gc          ] GC(1550) Pause Young (Concurrent Start) (G1 Humongous Allocation) 210M->16M(254M) 3.496ms
[428.720s][info][gc,cpu      ] GC(1550) User=0.00s Sys=0.00s Real=0.01s
[428.720s][info][gc          ] GC(1551) Concurrent Undo Cycle
[428.720s][info][gc,marking  ] GC(1551) Concurrent Cleanup for Next Mark
[428.720s][info][gc,marking  ] GC(1551) Concurrent Cleanup for Next Mark 0.173ms
[428.720s][info][gc          ] GC(1551) Concurrent Undo Cycle 0.413ms
[429.240s][info][gc,start    ] GC(1552) Pause Young (Concurrent Start) (G1 Humongous Allocation)
[429.240s][info][gc,task     ] GC(1552) Using 8 workers of 8 for evacuation
[429.241s][info][gc,phases   ] GC(1552)   Pre Evacuate Collection Set: 0.2ms
[429.241s][info][gc,phases   ] GC(1552)   Merge Heap Roots: 0.0ms
[429.241s][info][gc,phases   ] GC(1552)   Evacuate Collection Set: 0.5ms
[429.241s][info][gc,phases   ] GC(1552)   Post Evacuate Collection Set: 0.2ms
[429.241s][info][gc,phases   ] GC(1552)   Other: 0.1ms
[429.241s][info][gc,heap     ] GC(1552) Eden regions: 1->0(75)
[429.241s][info][gc,heap     ] GC(1552) Survivor regions: 1->1(10)
[429.241s][info][gc,heap     ] GC(1552) Old regions: 8->8
[429.241s][info][gc,heap     ] GC(1552) Archive regions: 2->2
[429.241s][info][gc,heap     ] GC(1552) Humongous regions: 96->0
[429.241s][info][gc,metaspace] GC(1552) Metaspace: 29090K(29504K)->29090K(29504K) NonClass: 25530K(25728K)->25530K(25728K) Class: 3559K(3776K)->3559K(3776K)
[429.241s][info][gc          ] GC(1552) Pause Young (Concurrent Start) (G1 Humongous Allocation) 209M->16M(254M) 1.281ms
[429.241s][info][gc,cpu      ] GC(1552) User=0.00s Sys=0.00s Real=0.00s
[429.241s][info][gc          ] GC(1553) Concurrent Undo Cycle
[429.241s][info][gc,marking  ] GC(1553) Concurrent Cleanup for Next Mark
[429.241s][info][gc,marking  ] GC(1553) Concurrent Cleanup for Next Mark 0.077ms
[429.241s][info][gc          ] GC(1553) Concurrent Undo Cycle 0.138ms
[429.753s][info][gc,start    ] GC(1554) Pause Young (Concurrent Start) (G1 Humongous Allocation)
[429.753s][info][gc,task     ] GC(1554) Using 8 workers of 8 for evacuation
[429.756s][info][gc,phases   ] GC(1554)   Pre Evacuate Collection Set: 0.4ms
[429.756s][info][gc,phases   ] GC(1554)   Merge Heap Roots: 0.2ms
[429.756s][info][gc,phases   ] GC(1554)   Evacuate Collection Set: 1.2ms
[429.756s][info][gc,phases   ] GC(1554)   Post Evacuate Collection Set: 0.8ms
[429.756s][info][gc,phases   ] GC(1554)   Other: 0.3ms
[429.756s][info][gc,heap     ] GC(1554) Eden regions: 2->0(75)
[429.756s][info][gc,heap     ] GC(1554) Survivor regions: 1->1(10)
[429.756s][info][gc,heap     ] GC(1554) Old regions: 8->8
[429.756s][info][gc,heap     ] GC(1554) Archive regions: 2->2
[429.756s][info][gc,heap     ] GC(1554) Humongous regions: 96->0
[429.756s][info][gc,metaspace] GC(1554) Metaspace: 29090K(29504K)->29090K(29504K) NonClass: 25530K(25728K)->25530K(25728K) Class: 3559K(3776K)->3559K(3776K)
[429.756s][info][gc          ] GC(1554) Pause Young (Concurrent Start) (G1 Humongous Allocation) 210M->16M(254M) 3.569ms
[429.757s][info][gc,cpu      ] GC(1554) User=0.01s Sys=0.00s Real=0.00s
[429.757s][info][gc          ] GC(1555) Concurrent Undo Cycle
[429.757s][info][gc,marking  ] GC(1555) Concurrent Cleanup for Next Mark
[429.757s][info][gc,marking  ] GC(1555) Concurrent Cleanup for Next Mark 0.199ms
[429.757s][info][gc          ] GC(1555) Concurrent Undo Cycle 0.487ms
[430.278s][info][gc,start    ] GC(1556) Pause Young (Concurrent Start) (G1 Humongous Allocation)
[430.278s][info][gc,task     ] GC(1556) Using 8 workers of 8 for evacuation
[430.281s][info][gc,phases   ] GC(1556)   Pre Evacuate Collection Set: 0.4ms
[430.281s][info][gc,phases   ] GC(1556)   Merge Heap Roots: 0.2ms
[430.281s][info][gc,phases   ] GC(1556)   Evacuate Collection Set: 1.3ms
[430.281s][info][gc,phases   ] GC(1556)   Post Evacuate Collection Set: 0.7ms
[430.281s][info][gc,phases   ] GC(1556)   Other: 0.2ms
[430.281s][info][gc,heap     ] GC(1556) Eden regions: 1->0(75)
[430.281s][info][gc,heap     ] GC(1556) Survivor regions: 1->1(10)
[430.281s][info][gc,heap     ] GC(1556) Old regions: 8->8
[430.281s][info][gc,heap     ] GC(1556) Archive regions: 2->2
[430.281s][info][gc,heap     ] GC(1556) Humongous regions: 96->0
[430.281s][info][gc,metaspace] GC(1556) Metaspace: 29090K(29504K)->29090K(29504K) NonClass: 25530K(25728K)->25530K(25728K) Class: 3559K(3776K)->3559K(3776K)
[430.282s][info][gc          ] GC(1556) Pause Young (Concurrent Start) (G1 Humongous Allocation) 209M->16M(254M) 3.526ms
[430.282s][info][gc,cpu      ] GC(1556) User=0.00s Sys=0.00s Real=0.01s
[430.282s][info][gc          ] GC(1557) Concurrent Undo Cycle
[430.282s][info][gc,marking  ] GC(1557) Concurrent Cleanup for Next Mark
[430.282s][info][gc,marking  ] GC(1557) Concurrent Cleanup for Next Mark 0.329ms
[430.282s][info][gc          ] GC(1557) Concurrent Undo Cycle 0.638ms
[430.799s][info][gc,start    ] GC(1558) Pause Young (Concurrent Start) (G1 Humongous Allocation)
[430.800s][info][gc,task     ] GC(1558) Using 8 workers of 8 for evacuation
[430.801s][info][gc,phases   ] GC(1558)   Pre Evacuate Collection Set: 0.2ms
[430.801s][info][gc,phases   ] GC(1558)   Merge Heap Roots: 0.1ms
[430.801s][info][gc,phases   ] GC(1558)   Evacuate Collection Set: 0.6ms
[430.801s][info][gc,phases   ] GC(1558)   Post Evacuate Collection Set: 0.5ms
[430.801s][info][gc,phases   ] GC(1558)   Other: 0.1ms
[430.801s][info][gc,heap     ] GC(1558) Eden regions: 2->0(75)
[430.801s][info][gc,heap     ] GC(1558) Survivor regions: 1->1(10)
[430.802s][info][gc,heap     ] GC(1558) Old regions: 8->8
[430.802s][info][gc,heap     ] GC(1558) Archive regions: 2->2
[430.802s][info][gc,heap     ] GC(1558) Humongous regions: 96->0
[430.802s][info][gc,metaspace] GC(1558) Metaspace: 29090K(29504K)->29090K(29504K) NonClass: 25530K(25728K)->25530K(25728K) Class: 3559K(3776K)->3559K(3776K)
[430.802s][info][gc          ] GC(1558) Pause Young (Concurrent Start) (G1 Humongous Allocation) 210M->16M(254M) 2.302ms
[430.802s][info][gc,cpu      ] GC(1558) User=0.00s Sys=0.00s Real=0.00s
[430.802s][info][gc          ] GC(1559) Concurrent Undo Cycle
[430.802s][info][gc,marking  ] GC(1559) Concurrent Cleanup for Next Mark
[430.802s][info][gc,marking  ] GC(1559) Concurrent Cleanup for Next Mark 0.141ms
[430.802s][info][gc          ] GC(1559) Concurrent Undo Cycle 0.340ms
[431.318s][info][gc,start    ] GC(1560) Pause Young (Concurrent Start) (G1 Humongous Allocation)
[431.318s][info][gc,task     ] GC(1560) Using 8 workers of 8 for evacuation
[431.321s][info][gc,phases   ] GC(1560)   Pre Evacuate Collection Set: 0.5ms
[431.321s][info][gc,phases   ] GC(1560)   Merge Heap Roots: 0.2ms
[431.321s][info][gc,phases   ] GC(1560)   Evacuate Collection Set: 1.2ms
[431.321s][info][gc,phases   ] GC(1560)   Post Evacuate Collection Set: 0.8ms
[431.321s][info][gc,phases   ] GC(1560)   Other: 0.2ms
[431.321s][info][gc,heap     ] GC(1560) Eden regions: 1->0(75)
[431.321s][info][gc,heap     ] GC(1560) Survivor regions: 1->1(10)
[431.321s][info][gc,heap     ] GC(1560) Old regions: 8->8
[431.321s][info][gc,heap     ] GC(1560) Archive regions: 2->2
[431.321s][info][gc,heap     ] GC(1560) Humongous regions: 96->0
[431.321s][info][gc,metaspace] GC(1560) Metaspace: 29090K(29504K)->29090K(29504K) NonClass: 25530K(25728K)->25530K(25728K) Class: 3559K(3776K)->3559K(3776K)
[431.321s][info][gc          ] GC(1560) Pause Young (Concurrent Start) (G1 Humongous Allocation) 209M->16M(254M) 3.615ms
[431.321s][info][gc,cpu      ] GC(1560) User=0.01s Sys=0.01s Real=0.01s
[431.321s][info][gc          ] GC(1561) Concurrent Undo Cycle
[431.321s][info][gc,marking  ] GC(1561) Concurrent Cleanup for Next Mark
[431.322s][info][gc,marking  ] GC(1561) Concurrent Cleanup for Next Mark 0.202ms
[431.322s][info][gc          ] GC(1561) Concurrent Undo Cycle 0.408ms
[431.838s][info][gc,start    ] GC(1562) Pause Young (Concurrent Start) (G1 Humongous Allocation)
[431.838s][info][gc,task     ] GC(1562) Using 8 workers of 8 for evacuation
[431.841s][info][gc,phases   ] GC(1562)   Pre Evacuate Collection Set: 0.5ms
[431.841s][info][gc,phases   ] GC(1562)   Merge Heap Roots: 0.1ms
[431.841s][info][gc,phases   ] GC(1562)   Evacuate Collection Set: 1.4ms
[431.841s][info][gc,phases   ] GC(1562)   Post Evacuate Collection Set: 0.7ms
[431.841s][info][gc,phases   ] GC(1562)   Other: 0.3ms
[431.841s][info][gc,heap     ] GC(1562) Eden regions: 2->0(75)
[431.841s][info][gc,heap     ] GC(1562) Survivor regions: 1->1(10)
[431.841s][info][gc,heap     ] GC(1562) Old regions: 8->8
[431.841s][info][gc,heap     ] GC(1562) Archive regions: 2->2
[431.841s][info][gc,heap     ] GC(1562) Humongous regions: 96->0
[431.841s][info][gc,metaspace] GC(1562) Metaspace: 29090K(29504K)->29090K(29504K) NonClass: 25530K(25728K)->25530K(25728K) Class: 3559K(3776K)->3559K(3776K)
[431.841s][info][gc          ] GC(1562) Pause Young (Concurrent Start) (G1 Humongous Allocation) 210M->16M(254M) 3.701ms
[431.841s][info][gc          ] GC(1563) Concurrent Undo Cycle
[431.841s][info][gc,cpu      ] GC(1562) User=0.00s Sys=0.00s Real=0.01s
[431.841s][info][gc,marking  ] GC(1563) Concurrent Cleanup for Next Mark
[431.842s][info][gc,marking  ] GC(1563) Concurrent Cleanup for Next Mark 0.232ms
[431.842s][info][gc          ] GC(1563) Concurrent Undo Cycle 0.376ms
[432.356s][info][gc,start    ] GC(1564) Pause Young (Concurrent Start) (G1 Humongous Allocation)
[432.356s][info][gc,task     ] GC(1564) Using 8 workers of 8 for evacuation
[432.357s][info][gc,phases   ] GC(1564)   Pre Evacuate Collection Set: 0.1ms
[432.357s][info][gc,phases   ] GC(1564)   Merge Heap Roots: 0.0ms
[432.357s][info][gc,phases   ] GC(1564)   Evacuate Collection Set: 0.5ms
[432.357s][info][gc,phases   ] GC(1564)   Post Evacuate Collection Set: 0.3ms
[432.357s][info][gc,phases   ] GC(1564)   Other: 0.1ms
[432.357s][info][gc,heap     ] GC(1564) Eden regions: 1->0(75)
[432.357s][info][gc,heap     ] GC(1564) Survivor regions: 1->1(10)
[432.357s][info][gc,heap     ] GC(1564) Old regions: 8->8
[432.357s][info][gc,heap     ] GC(1564) Archive regions: 2->2
[432.357s][info][gc,heap     ] GC(1564) Humongous regions: 96->0
[432.357s][info][gc,metaspace] GC(1564) Metaspace: 29090K(29504K)->29090K(29504K) NonClass: 25530K(25728K)->25530K(25728K) Class: 3559K(3776K)->3559K(3776K)
[432.357s][info][gc          ] GC(1564) Pause Young (Concurrent Start) (G1 Humongous Allocation) 210M->16M(254M) 1.221ms
[432.357s][info][gc,cpu      ] GC(1564) User=0.00s Sys=0.00s Real=0.00s
[432.357s][info][gc          ] GC(1565) Concurrent Undo Cycle
[432.358s][info][gc,marking  ] GC(1565) Concurrent Cleanup for Next Mark
[432.358s][info][gc,marking  ] GC(1565) Concurrent Cleanup for Next Mark 0.076ms
[432.358s][info][gc          ] GC(1565) Concurrent Undo Cycle 0.183ms
[432.868s][info][gc,start    ] GC(1566) Pause Young (Concurrent Start) (G1 Humongous Allocation)
[432.869s][info][gc,task     ] GC(1566) Using 8 workers of 8 for evacuation
[432.872s][info][gc,phases   ] GC(1566)   Pre Evacuate Collection Set: 0.5ms
[432.872s][info][gc,phases   ] GC(1566)   Merge Heap Roots: 0.2ms
[432.872s][info][gc,phases   ] GC(1566)   Evacuate Collection Set: 1.2ms
[432.872s][info][gc,phases   ] GC(1566)   Post Evacuate Collection Set: 0.8ms
[432.872s][info][gc,phases   ] GC(1566)   Other: 0.2ms
[432.872s][info][gc,heap     ] GC(1566) Eden regions: 1->0(75)
[432.872s][info][gc,heap     ] GC(1566) Survivor regions: 1->1(10)
[432.872s][info][gc,heap     ] GC(1566) Old regions: 8->8
[432.872s][info][gc,heap     ] GC(1566) Archive regions: 2->2
[432.872s][info][gc,heap     ] GC(1566) Humongous regions: 96->0
[432.872s][info][gc,metaspace] GC(1566) Metaspace: 29090K(29504K)->29090K(29504K) NonClass: 25530K(25728K)->25530K(25728K) Class: 3559K(3776K)->3559K(3776K)
[432.872s][info][gc          ] GC(1566) Pause Young (Concurrent Start) (G1 Humongous Allocation) 210M->16M(254M) 3.636ms
[432.872s][info][gc,cpu      ] GC(1566) User=0.00s Sys=0.00s Real=0.00s
[432.872s][info][gc          ] GC(1567) Concurrent Undo Cycle
[432.872s][info][gc,marking  ] GC(1567) Concurrent Cleanup for Next Mark
[432.873s][info][gc,marking  ] GC(1567) Concurrent Cleanup for Next Mark 0.186ms
[432.873s][info][gc          ] GC(1567) Concurrent Undo Cycle 0.396ms
[433.393s][info][gc,start    ] GC(1568) Pause Young (Concurrent Start) (G1 Humongous Allocation)
[433.393s][info][gc,task     ] GC(1568) Using 8 workers of 8 for evacuation
[433.394s][info][gc,phases   ] GC(1568)   Pre Evacuate Collection Set: 0.1ms
[433.394s][info][gc,phases   ] GC(1568)   Merge Heap Roots: 0.1ms
[433.394s][info][gc,phases   ] GC(1568)   Evacuate Collection Set: 0.6ms
[433.394s][info][gc,phases   ] GC(1568)   Post Evacuate Collection Set: 0.4ms
[433.394s][info][gc,phases   ] GC(1568)   Other: 0.1ms
[433.394s][info][gc,heap     ] GC(1568) Eden regions: 1->0(75)
[433.394s][info][gc,heap     ] GC(1568) Survivor regions: 1->1(10)
[433.394s][info][gc,heap     ] GC(1568) Old regions: 8->8
[433.394s][info][gc,heap     ] GC(1568) Archive regions: 2->2
[433.394s][info][gc,heap     ] GC(1568) Humongous regions: 96->0
[433.394s][info][gc,metaspace] GC(1568) Metaspace: 29090K(29504K)->29090K(29504K) NonClass: 25530K(25728K)->25530K(25728K) Class: 3559K(3776K)->3559K(3776K)
[433.394s][info][gc          ] GC(1568) Pause Young (Concurrent Start) (G1 Humongous Allocation) 210M->16M(254M) 1.656ms
[433.394s][info][gc          ] GC(1569) Concurrent Undo Cycle
[433.394s][info][gc,cpu      ] GC(1568) User=0.00s Sys=0.00s Real=0.00s
[433.395s][info][gc,marking  ] GC(1569) Concurrent Cleanup for Next Mark
[433.395s][info][gc,marking  ] GC(1569) Concurrent Cleanup for Next Mark 0.163ms
[433.395s][info][gc          ] GC(1569) Concurrent Undo Cycle 0.281ms
[433.909s][info][gc,start    ] GC(1570) Pause Young (Concurrent Start) (G1 Humongous Allocation)
[433.909s][info][gc,task     ] GC(1570) Using 8 workers of 8 for evacuation
[433.912s][info][gc,phases   ] GC(1570)   Pre Evacuate Collection Set: 0.4ms
[433.912s][info][gc,phases   ] GC(1570)   Merge Heap Roots: 0.1ms
[433.912s][info][gc,phases   ] GC(1570)   Evacuate Collection Set: 1.3ms
[433.912s][info][gc,phases   ] GC(1570)   Post Evacuate Collection Set: 0.4ms
[433.912s][info][gc,phases   ] GC(1570)   Other: 0.2ms
[433.912s][info][gc,heap     ] GC(1570) Eden regions: 1->0(75)
[433.912s][info][gc,heap     ] GC(1570) Survivor regions: 1->1(10)
[433.912s][info][gc,heap     ] GC(1570) Old regions: 8->8
[433.912s][info][gc,heap     ] GC(1570) Archive regions: 2->2
[433.912s][info][gc,heap     ] GC(1570) Humongous regions: 96->0
[433.912s][info][gc,metaspace] GC(1570) Metaspace: 29090K(29504K)->29090K(29504K) NonClass: 25530K(25728K)->25530K(25728K) Class: 3559K(3776K)->3559K(3776K)
[433.912s][info][gc          ] GC(1570) Pause Young (Concurrent Start) (G1 Humongous Allocation) 210M->16M(254M) 2.993ms
[433.912s][info][gc,cpu      ] GC(1570) User=0.01s Sys=0.00s Real=0.00s
[433.912s][info][gc          ] GC(1571) Concurrent Undo Cycle
[433.912s][info][gc,marking  ] GC(1571) Concurrent Cleanup for Next Mark
[433.913s][info][gc,marking  ] GC(1571) Concurrent Cleanup for Next Mark 0.110ms
[433.913s][info][gc          ] GC(1571) Concurrent Undo Cycle 0.250ms
[434.430s][info][gc,start    ] GC(1572) Pause Young (Concurrent Start) (G1 Humongous Allocation)
[434.430s][info][gc,task     ] GC(1572) Using 8 workers of 8 for evacuation
[434.431s][info][gc,phases   ] GC(1572)   Pre Evacuate Collection Set: 0.1ms
[434.431s][info][gc,phases   ] GC(1572)   Merge Heap Roots: 0.0ms
[434.431s][info][gc,phases   ] GC(1572)   Evacuate Collection Set: 0.5ms
[434.431s][info][gc,phases   ] GC(1572)   Post Evacuate Collection Set: 0.2ms
[434.431s][info][gc,phases   ] GC(1572)   Other: 0.1ms
[434.431s][info][gc,heap     ] GC(1572) Eden regions: 1->0(75)
[434.431s][info][gc,heap     ] GC(1572) Survivor regions: 1->1(10)
[434.431s][info][gc,heap     ] GC(1572) Old regions: 8->8
[434.431s][info][gc,heap     ] GC(1572) Archive regions: 2->2
[434.431s][info][gc,heap     ] GC(1572) Humongous regions: 96->0
[434.431s][info][gc,metaspace] GC(1572) Metaspace: 29090K(29504K)->29090K(29504K) NonClass: 25530K(25728K)->25530K(25728K) Class: 3559K(3776K)->3559K(3776K)
[434.431s][info][gc          ] GC(1572) Pause Young (Concurrent Start) (G1 Humongous Allocation) 210M->16M(254M) 1.215ms
[434.431s][info][gc          ] GC(1573) Concurrent Undo Cycle
[434.431s][info][gc,cpu      ] GC(1572) User=0.00s Sys=0.00s Real=0.00s
[434.431s][info][gc,marking  ] GC(1573) Concurrent Cleanup for Next Mark
[434.431s][info][gc,marking  ] GC(1573) Concurrent Cleanup for Next Mark 0.126ms
[434.431s][info][gc          ] GC(1573) Concurrent Undo Cycle 0.210ms
[434.943s][info][gc,start    ] GC(1574) Pause Young (Concurrent Start) (G1 Humongous Allocation)
[434.943s][info][gc,task     ] GC(1574) Using 8 workers of 8 for evacuation
[434.945s][info][gc,phases   ] GC(1574)   Pre Evacuate Collection Set: 0.2ms
[434.945s][info][gc,phases   ] GC(1574)   Merge Heap Roots: 0.1ms
[434.945s][info][gc,phases   ] GC(1574)   Evacuate Collection Set: 1.1ms
[434.945s][info][gc,phases   ] GC(1574)   Post Evacuate Collection Set: 0.7ms
[434.945s][info][gc,phases   ] GC(1574)   Other: 0.1ms
[434.945s][info][gc,heap     ] GC(1574) Eden regions: 1->0(75)
[434.945s][info][gc,heap     ] GC(1574) Survivor regions: 1->1(10)
[434.945s][info][gc,heap     ] GC(1574) Old regions: 8->8
[434.945s][info][gc,heap     ] GC(1574) Archive regions: 2->2
[434.945s][info][gc,heap     ] GC(1574) Humongous regions: 96->0
[434.945s][info][gc,metaspace] GC(1574) Metaspace: 29090K(29504K)->29090K(29504K) NonClass: 25530K(25728K)->25530K(25728K) Class: 3559K(3776K)->3559K(3776K)
[434.945s][info][gc          ] GC(1574) Pause Young (Concurrent Start) (G1 Humongous Allocation) 210M->16M(254M) 2.802ms
[434.946s][info][gc          ] GC(1575) Concurrent Undo Cycle
[434.946s][info][gc,cpu      ] GC(1574) User=0.01s Sys=0.00s Real=0.00s
[434.946s][info][gc,marking  ] GC(1575) Concurrent Cleanup for Next Mark
[434.946s][info][gc,marking  ] GC(1575) Concurrent Cleanup for Next Mark 0.210ms
[434.946s][info][gc          ] GC(1575) Concurrent Undo Cycle 0.388ms
[435.458s][info][gc,start    ] GC(1576) Pause Young (Concurrent Start) (G1 Humongous Allocation)
[435.470s][info][gc,task     ] GC(1576) Using 8 workers of 8 for evacuation
[435.473s][info][gc,phases   ] GC(1576)   Pre Evacuate Collection Set: 0.5ms
[435.473s][info][gc,phases   ] GC(1576)   Merge Heap Roots: 0.1ms
[435.473s][info][gc,phases   ] GC(1576)   Evacuate Collection Set: 1.3ms
[435.473s][info][gc,phases   ] GC(1576)   Post Evacuate Collection Set: 0.7ms
[435.473s][info][gc,phases   ] GC(1576)   Other: 0.2ms
[435.473s][info][gc,heap     ] GC(1576) Eden regions: 1->0(75)
[435.473s][info][gc,heap     ] GC(1576) Survivor regions: 1->1(10)
[435.473s][info][gc,heap     ] GC(1576) Old regions: 8->8
[435.473s][info][gc,heap     ] GC(1576) Archive regions: 2->2
[435.473s][info][gc,heap     ] GC(1576) Humongous regions: 96->0
[435.473s][info][gc,metaspace] GC(1576) Metaspace: 29090K(29504K)->29090K(29504K) NonClass: 25530K(25728K)->25530K(25728K) Class: 3559K(3776K)->3559K(3776K)
[435.473s][info][gc          ] GC(1576) Pause Young (Concurrent Start) (G1 Humongous Allocation) 210M->16M(254M) 14.779ms
[435.473s][info][gc          ] GC(1577) Concurrent Undo Cycle
[435.473s][info][gc,cpu      ] GC(1576) User=0.00s Sys=0.00s Real=0.01s
[435.473s][info][gc,marking  ] GC(1577) Concurrent Cleanup for Next Mark
[435.474s][info][gc,marking  ] GC(1577) Concurrent Cleanup for Next Mark 0.318ms
[435.474s][info][gc          ] GC(1577) Concurrent Undo Cycle 0.473ms
[435.990s][info][gc,start    ] GC(1578) Pause Young (Concurrent Start) (G1 Humongous Allocation)
[435.990s][info][gc,task     ] GC(1578) Using 8 workers of 8 for evacuation
[435.993s][info][gc,phases   ] GC(1578)   Pre Evacuate Collection Set: 0.4ms
[435.993s][info][gc,phases   ] GC(1578)   Merge Heap Roots: 0.2ms
[435.993s][info][gc,phases   ] GC(1578)   Evacuate Collection Set: 1.2ms
[435.993s][info][gc,phases   ] GC(1578)   Post Evacuate Collection Set: 0.8ms
[435.994s][info][gc,phases   ] GC(1578)   Other: 0.2ms
[435.994s][info][gc,heap     ] GC(1578) Eden regions: 1->0(75)
[435.994s][info][gc,heap     ] GC(1578) Survivor regions: 1->1(10)
[435.994s][info][gc,heap     ] GC(1578) Old regions: 8->8
[435.994s][info][gc,heap     ] GC(1578) Archive regions: 2->2
[435.994s][info][gc,heap     ] GC(1578) Humongous regions: 96->0
[435.994s][info][gc,metaspace] GC(1578) Metaspace: 29090K(29504K)->29090K(29504K) NonClass: 25530K(25728K)->25530K(25728K) Class: 3559K(3776K)->3559K(3776K)
[435.994s][info][gc          ] GC(1578) Pause Young (Concurrent Start) (G1 Humongous Allocation) 210M->16M(254M) 3.609ms
[435.994s][info][gc,cpu      ] GC(1578) User=0.01s Sys=0.00s Real=0.00s
[435.994s][info][gc          ] GC(1579) Concurrent Undo Cycle
[435.994s][info][gc,marking  ] GC(1579) Concurrent Cleanup for Next Mark
[435.994s][info][gc,marking  ] GC(1579) Concurrent Cleanup for Next Mark 0.204ms
[435.994s][info][gc          ] GC(1579) Concurrent Undo Cycle 0.490ms
[436.513s][info][gc,start    ] GC(1580) Pause Young (Concurrent Start) (G1 Humongous Allocation)
[436.513s][info][gc,task     ] GC(1580) Using 8 workers of 8 for evacuation
[436.516s][info][gc,phases   ] GC(1580)   Pre Evacuate Collection Set: 0.4ms
[436.516s][info][gc,phases   ] GC(1580)   Merge Heap Roots: 0.1ms
[436.516s][info][gc,phases   ] GC(1580)   Evacuate Collection Set: 1.2ms
[436.516s][info][gc,phases   ] GC(1580)   Post Evacuate Collection Set: 0.7ms
[436.516s][info][gc,phases   ] GC(1580)   Other: 0.3ms
[436.516s][info][gc,heap     ] GC(1580) Eden regions: 1->0(75)
[436.516s][info][gc,heap     ] GC(1580) Survivor regions: 1->1(10)
[436.516s][info][gc,heap     ] GC(1580) Old regions: 8->8
[436.516s][info][gc,heap     ] GC(1580) Archive regions: 2->2
[436.516s][info][gc,heap     ] GC(1580) Humongous regions: 96->0
[436.516s][info][gc,metaspace] GC(1580) Metaspace: 29090K(29504K)->29090K(29504K) NonClass: 25530K(25728K)->25530K(25728K) Class: 3559K(3776K)->3559K(3776K)
[436.516s][info][gc          ] GC(1580) Pause Young (Concurrent Start) (G1 Humongous Allocation) 210M->16M(254M) 3.516ms
[436.517s][info][gc,cpu      ] GC(1580) User=0.01s Sys=0.01s Real=0.00s
[436.517s][info][gc          ] GC(1581) Concurrent Undo Cycle
[436.517s][info][gc,marking  ] GC(1581) Concurrent Cleanup for Next Mark
[436.517s][info][gc,marking  ] GC(1581) Concurrent Cleanup for Next Mark 0.261ms
[436.517s][info][gc          ] GC(1581) Concurrent Undo Cycle 0.520ms
[437.037s][info][gc,start    ] GC(1582) Pause Young (Concurrent Start) (G1 Humongous Allocation)
[437.037s][info][gc,task     ] GC(1582) Using 8 workers of 8 for evacuation
[437.040s][info][gc,phases   ] GC(1582)   Pre Evacuate Collection Set: 0.4ms
[437.040s][info][gc,phases   ] GC(1582)   Merge Heap Roots: 0.2ms
[437.040s][info][gc,phases   ] GC(1582)   Evacuate Collection Set: 1.2ms
[437.040s][info][gc,phases   ] GC(1582)   Post Evacuate Collection Set: 0.8ms
[437.040s][info][gc,phases   ] GC(1582)   Other: 0.2ms
[437.040s][info][gc,heap     ] GC(1582) Eden regions: 2->0(75)
[437.040s][info][gc,heap     ] GC(1582) Survivor regions: 1->1(10)
[437.040s][info][gc,heap     ] GC(1582) Old regions: 8->8
[437.040s][info][gc,heap     ] GC(1582) Archive regions: 2->2
[437.040s][info][gc,heap     ] GC(1582) Humongous regions: 96->0
[437.040s][info][gc,metaspace] GC(1582) Metaspace: 29090K(29504K)->29090K(29504K) NonClass: 25530K(25728K)->25530K(25728K) Class: 3559K(3776K)->3559K(3776K)
[437.041s][info][gc          ] GC(1582) Pause Young (Concurrent Start) (G1 Humongous Allocation) 210M->16M(254M) 3.512ms
[437.041s][info][gc,cpu      ] GC(1582) User=0.00s Sys=0.00s Real=0.01s
[437.041s][info][gc          ] GC(1583) Concurrent Undo Cycle
[437.041s][info][gc,marking  ] GC(1583) Concurrent Cleanup for Next Mark
[437.041s][info][gc,marking  ] GC(1583) Concurrent Cleanup for Next Mark 0.214ms
[437.041s][info][gc          ] GC(1583) Concurrent Undo Cycle 0.501ms
[437.556s][info][gc,start    ] GC(1584) Pause Young (Concurrent Start) (G1 Humongous Allocation)
[437.556s][info][gc,task     ] GC(1584) Using 8 workers of 8 for evacuation
[437.559s][info][gc,phases   ] GC(1584)   Pre Evacuate Collection Set: 0.4ms
[437.559s][info][gc,phases   ] GC(1584)   Merge Heap Roots: 0.2ms
[437.559s][info][gc,phases   ] GC(1584)   Evacuate Collection Set: 1.3ms
[437.559s][info][gc,phases   ] GC(1584)   Post Evacuate Collection Set: 0.8ms
[437.559s][info][gc,phases   ] GC(1584)   Other: 0.2ms
[437.559s][info][gc,heap     ] GC(1584) Eden regions: 1->0(75)
[437.559s][info][gc,heap     ] GC(1584) Survivor regions: 1->1(10)
[437.559s][info][gc,heap     ] GC(1584) Old regions: 8->8
[437.560s][info][gc,heap     ] GC(1584) Archive regions: 2->2
[437.560s][info][gc,heap     ] GC(1584) Humongous regions: 96->0
[437.560s][info][gc,metaspace] GC(1584) Metaspace: 29090K(29504K)->29090K(29504K) NonClass: 25530K(25728K)->25530K(25728K) Class: 3559K(3776K)->3559K(3776K)
[437.560s][info][gc          ] GC(1584) Pause Young (Concurrent Start) (G1 Humongous Allocation) 210M->16M(254M) 3.615ms
[437.560s][info][gc,cpu      ] GC(1584) User=0.01s Sys=0.01s Real=0.01s
[437.560s][info][gc          ] GC(1585) Concurrent Undo Cycle
[437.560s][info][gc,marking  ] GC(1585) Concurrent Cleanup for Next Mark
[437.560s][info][gc,marking  ] GC(1585) Concurrent Cleanup for Next Mark 0.202ms
[437.560s][info][gc          ] GC(1585) Concurrent Undo Cycle 0.484ms
[438.081s][info][gc,start    ] GC(1586) Pause Young (Concurrent Start) (G1 Humongous Allocation)
[438.081s][info][gc,task     ] GC(1586) Using 8 workers of 8 for evacuation
[438.086s][info][gc,phases   ] GC(1586)   Pre Evacuate Collection Set: 0.6ms
[438.086s][info][gc,phases   ] GC(1586)   Merge Heap Roots: 0.2ms
[438.086s][info][gc,phases   ] GC(1586)   Evacuate Collection Set: 2.2ms
[438.086s][info][gc,phases   ] GC(1586)   Post Evacuate Collection Set: 0.9ms
[438.086s][info][gc,phases   ] GC(1586)   Other: 0.7ms
[438.086s][info][gc,heap     ] GC(1586) Eden regions: 1->0(75)
[438.086s][info][gc,heap     ] GC(1586) Survivor regions: 1->1(10)
[438.086s][info][gc,heap     ] GC(1586) Old regions: 8->8
[438.086s][info][gc,heap     ] GC(1586) Archive regions: 2->2
[438.086s][info][gc,heap     ] GC(1586) Humongous regions: 96->0
[438.086s][info][gc,metaspace] GC(1586) Metaspace: 29090K(29504K)->29090K(29504K) NonClass: 25530K(25728K)->25530K(25728K) Class: 3559K(3776K)->3559K(3776K)
[438.086s][info][gc          ] GC(1586) Pause Young (Concurrent Start) (G1 Humongous Allocation) 210M->16M(254M) 5.516ms
[438.086s][info][gc          ] GC(1587) Concurrent Undo Cycle
[438.086s][info][gc,cpu      ] GC(1586) User=0.01s Sys=0.00s Real=0.00s
[438.086s][info][gc,marking  ] GC(1587) Concurrent Cleanup for Next Mark
[438.087s][info][gc,marking  ] GC(1587) Concurrent Cleanup for Next Mark 0.254ms
[438.087s][info][gc          ] GC(1587) Concurrent Undo Cycle 0.373ms
[438.603s][info][gc,start    ] GC(1588) Pause Young (Concurrent Start) (G1 Humongous Allocation)
[438.603s][info][gc,task     ] GC(1588) Using 8 workers of 8 for evacuation
[438.606s][info][gc,phases   ] GC(1588)   Pre Evacuate Collection Set: 0.5ms
[438.606s][info][gc,phases   ] GC(1588)   Merge Heap Roots: 0.2ms
[438.606s][info][gc,phases   ] GC(1588)   Evacuate Collection Set: 1.2ms
[438.606s][info][gc,phases   ] GC(1588)   Post Evacuate Collection Set: 0.8ms
[438.606s][info][gc,phases   ] GC(1588)   Other: 0.2ms
[438.606s][info][gc,heap     ] GC(1588) Eden regions: 1->0(75)
[438.606s][info][gc,heap     ] GC(1588) Survivor regions: 1->1(10)
[438.606s][info][gc,heap     ] GC(1588) Old regions: 8->8
[438.606s][info][gc,heap     ] GC(1588) Archive regions: 2->2
[438.606s][info][gc,heap     ] GC(1588) Humongous regions: 96->0
[438.607s][info][gc,metaspace] GC(1588) Metaspace: 29090K(29504K)->29090K(29504K) NonClass: 25530K(25728K)->25530K(25728K) Class: 3559K(3776K)->3559K(3776K)
[438.607s][info][gc          ] GC(1588) Pause Young (Concurrent Start) (G1 Humongous Allocation) 210M->16M(254M) 3.553ms
[438.607s][info][gc,cpu      ] GC(1588) User=0.00s Sys=0.01s Real=0.00s
[438.607s][info][gc          ] GC(1589) Concurrent Undo Cycle
[438.607s][info][gc,marking  ] GC(1589) Concurrent Cleanup for Next Mark
[438.607s][info][gc,marking  ] GC(1589) Concurrent Cleanup for Next Mark 0.190ms
[438.607s][info][gc          ] GC(1589) Concurrent Undo Cycle 0.400ms
[439.127s][info][gc,start    ] GC(1590) Pause Young (Concurrent Start) (G1 Humongous Allocation)
[439.127s][info][gc,task     ] GC(1590) Using 8 workers of 8 for evacuation
[439.130s][info][gc,phases   ] GC(1590)   Pre Evacuate Collection Set: 0.5ms
[439.130s][info][gc,phases   ] GC(1590)   Merge Heap Roots: 0.1ms
[439.130s][info][gc,phases   ] GC(1590)   Evacuate Collection Set: 1.3ms
[439.130s][info][gc,phases   ] GC(1590)   Post Evacuate Collection Set: 0.6ms
[439.130s][info][gc,phases   ] GC(1590)   Other: 0.1ms
[439.130s][info][gc,heap     ] GC(1590) Eden regions: 1->0(75)
[439.130s][info][gc,heap     ] GC(1590) Survivor regions: 1->1(10)
[439.130s][info][gc,heap     ] GC(1590) Old regions: 8->8
[439.130s][info][gc,heap     ] GC(1590) Archive regions: 2->2
[439.130s][info][gc,heap     ] GC(1590) Humongous regions: 96->0
[439.130s][info][gc,metaspace] GC(1590) Metaspace: 29090K(29504K)->29090K(29504K) NonClass: 25530K(25728K)->25530K(25728K) Class: 3559K(3776K)->3559K(3776K)
[439.130s][info][gc          ] GC(1590) Pause Young (Concurrent Start) (G1 Humongous Allocation) 210M->16M(254M) 3.342ms
[439.130s][info][gc,cpu      ] GC(1590) User=0.01s Sys=0.00s Real=0.01s
[439.130s][info][gc          ] GC(1591) Concurrent Undo Cycle
[439.130s][info][gc,marking  ] GC(1591) Concurrent Cleanup for Next Mark
[439.130s][info][gc,marking  ] GC(1591) Concurrent Cleanup for Next Mark 0.150ms
[439.131s][info][gc          ] GC(1591) Concurrent Undo Cycle 0.337ms
[439.650s][info][gc,start    ] GC(1592) Pause Young (Concurrent Start) (G1 Humongous Allocation)
[439.650s][info][gc,task     ] GC(1592) Using 8 workers of 8 for evacuation
[439.653s][info][gc,phases   ] GC(1592)   Pre Evacuate Collection Set: 0.4ms
[439.653s][info][gc,phases   ] GC(1592)   Merge Heap Roots: 0.2ms
[439.653s][info][gc,phases   ] GC(1592)   Evacuate Collection Set: 1.3ms
[439.653s][info][gc,phases   ] GC(1592)   Post Evacuate Collection Set: 0.8ms
[439.653s][info][gc,phases   ] GC(1592)   Other: 0.2ms
[439.653s][info][gc,heap     ] GC(1592) Eden regions: 1->0(75)
[439.653s][info][gc,heap     ] GC(1592) Survivor regions: 1->1(10)
[439.653s][info][gc,heap     ] GC(1592) Old regions: 8->8
[439.653s][info][gc,heap     ] GC(1592) Archive regions: 2->2
[439.653s][info][gc,heap     ] GC(1592) Humongous regions: 96->0
[439.653s][info][gc,metaspace] GC(1592) Metaspace: 29090K(29504K)->29090K(29504K) NonClass: 25530K(25728K)->25530K(25728K) Class: 3559K(3776K)->3559K(3776K)
[439.653s][info][gc          ] GC(1592) Pause Young (Concurrent Start) (G1 Humongous Allocation) 210M->16M(254M) 3.631ms
[439.654s][info][gc,cpu      ] GC(1592) User=0.01s Sys=0.00s Real=0.00s
[439.654s][info][gc          ] GC(1593) Concurrent Undo Cycle
[439.654s][info][gc,marking  ] GC(1593) Concurrent Cleanup for Next Mark
[439.654s][info][gc,marking  ] GC(1593) Concurrent Cleanup for Next Mark 0.205ms
[439.654s][info][gc          ] GC(1593) Concurrent Undo Cycle 0.490ms
[440.174s][info][gc,start    ] GC(1594) Pause Young (Concurrent Start) (G1 Humongous Allocation)
[440.174s][info][gc,task     ] GC(1594) Using 8 workers of 8 for evacuation
[440.176s][info][gc,phases   ] GC(1594)   Pre Evacuate Collection Set: 0.4ms
[440.176s][info][gc,phases   ] GC(1594)   Merge Heap Roots: 0.1ms
[440.176s][info][gc,phases   ] GC(1594)   Evacuate Collection Set: 0.9ms
[440.176s][info][gc,phases   ] GC(1594)   Post Evacuate Collection Set: 0.6ms
[440.176s][info][gc,phases   ] GC(1594)   Other: 0.2ms
[440.176s][info][gc,heap     ] GC(1594) Eden regions: 1->0(75)
[440.176s][info][gc,heap     ] GC(1594) Survivor regions: 1->1(10)
[440.176s][info][gc,heap     ] GC(1594) Old regions: 8->8
[440.176s][info][gc,heap     ] GC(1594) Archive regions: 2->2
[440.176s][info][gc,heap     ] GC(1594) Humongous regions: 96->0
[440.177s][info][gc,metaspace] GC(1594) Metaspace: 29090K(29504K)->29090K(29504K) NonClass: 25530K(25728K)->25530K(25728K) Class: 3559K(3776K)->3559K(3776K)
[440.177s][info][gc          ] GC(1594) Pause Young (Concurrent Start) (G1 Humongous Allocation) 210M->16M(254M) 2.619ms
[440.177s][info][gc,cpu      ] GC(1594) User=0.00s Sys=0.00s Real=0.00s
[440.177s][info][gc          ] GC(1595) Concurrent Undo Cycle
[440.177s][info][gc,marking  ] GC(1595) Concurrent Cleanup for Next Mark
[440.177s][info][gc,marking  ] GC(1595) Concurrent Cleanup for Next Mark 0.163ms
[440.177s][info][gc          ] GC(1595) Concurrent Undo Cycle 0.346ms
[440.693s][info][gc,start    ] GC(1596) Pause Young (Concurrent Start) (G1 Humongous Allocation)
[440.693s][info][gc,task     ] GC(1596) Using 8 workers of 8 for evacuation
[440.695s][info][gc,phases   ] GC(1596)   Pre Evacuate Collection Set: 0.4ms
[440.695s][info][gc,phases   ] GC(1596)   Merge Heap Roots: 0.2ms
[440.695s][info][gc,phases   ] GC(1596)   Evacuate Collection Set: 1.0ms
[440.695s][info][gc,phases   ] GC(1596)   Post Evacuate Collection Set: 0.5ms
[440.695s][info][gc,phases   ] GC(1596)   Other: 0.2ms
[440.696s][info][gc,heap     ] GC(1596) Eden regions: 2->0(75)
[440.696s][info][gc,heap     ] GC(1596) Survivor regions: 1->1(10)
[440.696s][info][gc,heap     ] GC(1596) Old regions: 8->8
[440.696s][info][gc,heap     ] GC(1596) Archive regions: 2->2
[440.696s][info][gc,heap     ] GC(1596) Humongous regions: 96->0
[440.696s][info][gc,metaspace] GC(1596) Metaspace: 29090K(29504K)->29090K(29504K) NonClass: 25530K(25728K)->25530K(25728K) Class: 3559K(3776K)->3559K(3776K)
[440.696s][info][gc          ] GC(1596) Pause Young (Concurrent Start) (G1 Humongous Allocation) 210M->16M(254M) 2.897ms
[440.696s][info][gc,cpu      ] GC(1596) User=0.01s Sys=0.00s Real=0.00s
[440.696s][info][gc          ] GC(1597) Concurrent Undo Cycle
[440.696s][info][gc,marking  ] GC(1597) Concurrent Cleanup for Next Mark
[440.696s][info][gc,marking  ] GC(1597) Concurrent Cleanup for Next Mark 0.133ms
[440.696s][info][gc          ] GC(1597) Concurrent Undo Cycle 0.309ms
[441.213s][info][gc,start    ] GC(1598) Pause Young (Concurrent Start) (G1 Humongous Allocation)
[441.213s][info][gc,task     ] GC(1598) Using 8 workers of 8 for evacuation
[441.216s][info][gc,phases   ] GC(1598)   Pre Evacuate Collection Set: 0.4ms
[441.216s][info][gc,phases   ] GC(1598)   Merge Heap Roots: 0.2ms
[441.216s][info][gc,phases   ] GC(1598)   Evacuate Collection Set: 1.3ms
[441.216s][info][gc,phases   ] GC(1598)   Post Evacuate Collection Set: 1.2ms
[441.216s][info][gc,phases   ] GC(1598)   Other: 0.2ms
[441.216s][info][gc,heap     ] GC(1598) Eden regions: 1->0(75)
[441.216s][info][gc,heap     ] GC(1598) Survivor regions: 1->1(10)
[441.216s][info][gc,heap     ] GC(1598) Old regions: 8->8
[441.216s][info][gc,heap     ] GC(1598) Archive regions: 2->2
[441.216s][info][gc,heap     ] GC(1598) Humongous regions: 96->0
[441.216s][info][gc,metaspace] GC(1598) Metaspace: 29090K(29504K)->29090K(29504K) NonClass: 25530K(25728K)->25530K(25728K) Class: 3559K(3776K)->3559K(3776K)
[441.216s][info][gc          ] GC(1598) Pause Young (Concurrent Start) (G1 Humongous Allocation) 209M->16M(254M) 3.894ms
[441.216s][info][gc,cpu      ] GC(1598) User=0.01s Sys=0.01s Real=0.00s
[441.217s][info][gc          ] GC(1599) Concurrent Undo Cycle
[441.217s][info][gc,marking  ] GC(1599) Concurrent Cleanup for Next Mark
[441.217s][info][gc,marking  ] GC(1599) Concurrent Cleanup for Next Mark 0.137ms
[441.217s][info][gc          ] GC(1599) Concurrent Undo Cycle 0.280ms
[441.731s][info][gc,start    ] GC(1600) Pause Young (Concurrent Start) (G1 Humongous Allocation)
[441.732s][info][gc,task     ] GC(1600) Using 8 workers of 8 for evacuation
[441.734s][info][gc,phases   ] GC(1600)   Pre Evacuate Collection Set: 0.4ms
[441.734s][info][gc,phases   ] GC(1600)   Merge Heap Roots: 0.1ms
[441.734s][info][gc,phases   ] GC(1600)   Evacuate Collection Set: 0.8ms
[441.734s][info][gc,phases   ] GC(1600)   Post Evacuate Collection Set: 0.5ms
[441.734s][info][gc,phases   ] GC(1600)   Other: 0.2ms
[441.734s][info][gc,heap     ] GC(1600) Eden regions: 2->0(75)
[441.734s][info][gc,heap     ] GC(1600) Survivor regions: 1->1(10)
[441.734s][info][gc,heap     ] GC(1600) Old regions: 8->8
[441.734s][info][gc,heap     ] GC(1600) Archive regions: 2->2
[441.734s][info][gc,heap     ] GC(1600) Humongous regions: 96->0
[441.734s][info][gc,metaspace] GC(1600) Metaspace: 29090K(29504K)->29090K(29504K) NonClass: 25530K(25728K)->25530K(25728K) Class: 3559K(3776K)->3559K(3776K)
[441.734s][info][gc          ] GC(1600) Pause Young (Concurrent Start) (G1 Humongous Allocation) 210M->16M(254M) 2.763ms
[441.734s][info][gc,cpu      ] GC(1600) User=0.00s Sys=0.00s Real=0.00s
[441.734s][info][gc          ] GC(1601) Concurrent Undo Cycle
[441.734s][info][gc,marking  ] GC(1601) Concurrent Cleanup for Next Mark
[441.734s][info][gc,marking  ] GC(1601) Concurrent Cleanup for Next Mark 0.218ms
[441.734s][info][gc          ] GC(1601) Concurrent Undo Cycle 0.416ms
[442.252s][info][gc,start    ] GC(1602) Pause Young (Concurrent Start) (G1 Humongous Allocation)
[442.252s][info][gc,task     ] GC(1602) Using 8 workers of 8 for evacuation
[442.255s][info][gc,phases   ] GC(1602)   Pre Evacuate Collection Set: 0.5ms
[442.255s][info][gc,phases   ] GC(1602)   Merge Heap Roots: 0.2ms
[442.255s][info][gc,phases   ] GC(1602)   Evacuate Collection Set: 1.0ms
[442.255s][info][gc,phases   ] GC(1602)   Post Evacuate Collection Set: 0.7ms
[442.255s][info][gc,phases   ] GC(1602)   Other: 0.3ms
[442.255s][info][gc,heap     ] GC(1602) Eden regions: 1->0(75)
[442.255s][info][gc,heap     ] GC(1602) Survivor regions: 1->1(10)
[442.256s][info][gc,heap     ] GC(1602) Old regions: 8->8
[442.256s][info][gc,heap     ] GC(1602) Archive regions: 2->2
[442.256s][info][gc,heap     ] GC(1602) Humongous regions: 96->0
[442.256s][info][gc,metaspace] GC(1602) Metaspace: 29090K(29504K)->29090K(29504K) NonClass: 25530K(25728K)->25530K(25728K) Class: 3559K(3776K)->3559K(3776K)
[442.256s][info][gc          ] GC(1602) Pause Young (Concurrent Start) (G1 Humongous Allocation) 209M->16M(254M) 3.692ms
[442.256s][info][gc          ] GC(1603) Concurrent Undo Cycle
[442.256s][info][gc,cpu      ] GC(1602) User=0.01s Sys=0.00s Real=0.00s
[442.256s][info][gc,marking  ] GC(1603) Concurrent Cleanup for Next Mark
[442.256s][info][gc,marking  ] GC(1603) Concurrent Cleanup for Next Mark 0.322ms
[442.256s][info][gc          ] GC(1603) Concurrent Undo Cycle 0.478ms
[442.777s][info][gc,start    ] GC(1604) Pause Young (Concurrent Start) (G1 Humongous Allocation)
[442.783s][info][gc,task     ] GC(1604) Using 8 workers of 8 for evacuation
[442.786s][info][gc,phases   ] GC(1604)   Pre Evacuate Collection Set: 0.4ms
[442.786s][info][gc,phases   ] GC(1604)   Merge Heap Roots: 0.2ms
[442.786s][info][gc,phases   ] GC(1604)   Evacuate Collection Set: 1.3ms
[442.786s][info][gc,phases   ] GC(1604)   Post Evacuate Collection Set: 0.8ms
[442.786s][info][gc,phases   ] GC(1604)   Other: 0.3ms
[442.786s][info][gc,heap     ] GC(1604) Eden regions: 2->0(75)
[442.786s][info][gc,heap     ] GC(1604) Survivor regions: 1->1(10)
[442.786s][info][gc,heap     ] GC(1604) Old regions: 8->8
[442.786s][info][gc,heap     ] GC(1604) Archive regions: 2->2
[442.786s][info][gc,heap     ] GC(1604) Humongous regions: 96->0
[442.786s][info][gc,metaspace] GC(1604) Metaspace: 29090K(29504K)->29090K(29504K) NonClass: 25530K(25728K)->25530K(25728K) Class: 3559K(3776K)->3559K(3776K)
[442.787s][info][gc          ] GC(1604) Pause Young (Concurrent Start) (G1 Humongous Allocation) 210M->16M(254M) 9.888ms
[442.787s][info][gc,cpu      ] GC(1604) User=0.00s Sys=0.01s Real=0.01s
[442.787s][info][gc          ] GC(1605) Concurrent Undo Cycle
[442.787s][info][gc,marking  ] GC(1605) Concurrent Cleanup for Next Mark
[442.787s][info][gc,marking  ] GC(1605) Concurrent Cleanup for Next Mark 0.161ms
[442.787s][info][gc          ] GC(1605) Concurrent Undo Cycle 0.390ms
[443.307s][info][gc,start    ] GC(1606) Pause Young (Concurrent Start) (G1 Humongous Allocation)
[443.309s][info][gc,task     ] GC(1606) Using 8 workers of 8 for evacuation
[443.312s][info][gc,phases   ] GC(1606)   Pre Evacuate Collection Set: 0.5ms
[443.312s][info][gc,phases   ] GC(1606)   Merge Heap Roots: 0.2ms
[443.312s][info][gc,phases   ] GC(1606)   Evacuate Collection Set: 1.2ms
[443.312s][info][gc,phases   ] GC(1606)   Post Evacuate Collection Set: 0.8ms
[443.312s][info][gc,phases   ] GC(1606)   Other: 0.3ms
[443.312s][info][gc,heap     ] GC(1606) Eden regions: 1->0(75)
[443.312s][info][gc,heap     ] GC(1606) Survivor regions: 1->1(10)
[443.312s][info][gc,heap     ] GC(1606) Old regions: 8->8
[443.312s][info][gc,heap     ] GC(1606) Archive regions: 2->2
[443.312s][info][gc,heap     ] GC(1606) Humongous regions: 96->0
[443.312s][info][gc,metaspace] GC(1606) Metaspace: 29090K(29504K)->29090K(29504K) NonClass: 25530K(25728K)->25530K(25728K) Class: 3559K(3776K)->3559K(3776K)
[443.312s][info][gc          ] GC(1606) Pause Young (Concurrent Start) (G1 Humongous Allocation) 209M->16M(254M) 4.994ms
[443.312s][info][gc,cpu      ] GC(1606) User=0.01s Sys=0.00s Real=0.01s
[443.313s][info][gc          ] GC(1607) Concurrent Undo Cycle
[443.313s][info][gc,marking  ] GC(1607) Concurrent Cleanup for Next Mark
[443.313s][info][gc,marking  ] GC(1607) Concurrent Cleanup for Next Mark 0.186ms
[443.313s][info][gc          ] GC(1607) Concurrent Undo Cycle 0.465ms
[443.830s][info][gc,start    ] GC(1608) Pause Young (Concurrent Start) (G1 Humongous Allocation)
[443.830s][info][gc,task     ] GC(1608) Using 8 workers of 8 for evacuation
[443.832s][info][gc,phases   ] GC(1608)   Pre Evacuate Collection Set: 0.3ms
[443.832s][info][gc,phases   ] GC(1608)   Merge Heap Roots: 0.0ms
[443.832s][info][gc,phases   ] GC(1608)   Evacuate Collection Set: 0.5ms
[443.832s][info][gc,phases   ] GC(1608)   Post Evacuate Collection Set: 0.4ms
[443.832s][info][gc,phases   ] GC(1608)   Other: 0.0ms
[443.832s][info][gc,heap     ] GC(1608) Eden regions: 2->0(75)
[443.832s][info][gc,heap     ] GC(1608) Survivor regions: 1->1(10)
[443.832s][info][gc,heap     ] GC(1608) Old regions: 8->8
[443.832s][info][gc,heap     ] GC(1608) Archive regions: 2->2
[443.832s][info][gc,heap     ] GC(1608) Humongous regions: 96->0
[443.832s][info][gc,metaspace] GC(1608) Metaspace: 29090K(29504K)->29090K(29504K) NonClass: 25530K(25728K)->25530K(25728K) Class: 3559K(3776K)->3559K(3776K)
[443.832s][info][gc          ] GC(1608) Pause Young (Concurrent Start) (G1 Humongous Allocation) 210M->16M(254M) 1.488ms
[443.832s][info][gc,cpu      ] GC(1608) User=0.00s Sys=0.00s Real=0.00s
[443.832s][info][gc          ] GC(1609) Concurrent Undo Cycle
[443.832s][info][gc,marking  ] GC(1609) Concurrent Cleanup for Next Mark
[443.832s][info][gc,marking  ] GC(1609) Concurrent Cleanup for Next Mark 0.056ms
[443.832s][info][gc          ] GC(1609) Concurrent Undo Cycle 0.111ms
[444.344s][info][gc,start    ] GC(1610) Pause Young (Concurrent Start) (G1 Humongous Allocation)
[444.344s][info][gc,task     ] GC(1610) Using 8 workers of 8 for evacuation
[444.346s][info][gc,phases   ] GC(1610)   Pre Evacuate Collection Set: 0.3ms
[444.346s][info][gc,phases   ] GC(1610)   Merge Heap Roots: 0.1ms
[444.346s][info][gc,phases   ] GC(1610)   Evacuate Collection Set: 0.8ms
[444.346s][info][gc,phases   ] GC(1610)   Post Evacuate Collection Set: 0.5ms
[444.346s][info][gc,phases   ] GC(1610)   Other: 0.1ms
[444.346s][info][gc,heap     ] GC(1610) Eden regions: 1->0(75)
[444.346s][info][gc,heap     ] GC(1610) Survivor regions: 1->1(10)
[444.346s][info][gc,heap     ] GC(1610) Old regions: 8->8
[444.346s][info][gc,heap     ] GC(1610) Archive regions: 2->2
[444.346s][info][gc,heap     ] GC(1610) Humongous regions: 96->0
[444.346s][info][gc,metaspace] GC(1610) Metaspace: 29090K(29504K)->29090K(29504K) NonClass: 25530K(25728K)->25530K(25728K) Class: 3559K(3776K)->3559K(3776K)
[444.346s][info][gc          ] GC(1610) Pause Young (Concurrent Start) (G1 Humongous Allocation) 209M->16M(254M) 2.267ms
[444.346s][info][gc,cpu      ] GC(1610) User=0.01s Sys=0.00s Real=0.00s
[444.346s][info][gc          ] GC(1611) Concurrent Undo Cycle
[444.346s][info][gc,marking  ] GC(1611) Concurrent Cleanup for Next Mark
[444.346s][info][gc,marking  ] GC(1611) Concurrent Cleanup for Next Mark 0.108ms
[444.347s][info][gc          ] GC(1611) Concurrent Undo Cycle 0.291ms
[444.872s][info][gc,start    ] GC(1612) Pause Young (Concurrent Start) (G1 Humongous Allocation)
[444.872s][info][gc,task     ] GC(1612) Using 8 workers of 8 for evacuation
[444.873s][info][gc,phases   ] GC(1612)   Pre Evacuate Collection Set: 0.1ms
[444.873s][info][gc,phases   ] GC(1612)   Merge Heap Roots: 0.0ms
[444.873s][info][gc,phases   ] GC(1612)   Evacuate Collection Set: 0.7ms
[444.873s][info][gc,phases   ] GC(1612)   Post Evacuate Collection Set: 0.5ms
[444.873s][info][gc,phases   ] GC(1612)   Other: 0.1ms
[444.873s][info][gc,heap     ] GC(1612) Eden regions: 2->0(75)
[444.873s][info][gc,heap     ] GC(1612) Survivor regions: 1->1(10)
[444.873s][info][gc,heap     ] GC(1612) Old regions: 8->8
[444.873s][info][gc,heap     ] GC(1612) Archive regions: 2->2
[444.873s][info][gc,heap     ] GC(1612) Humongous regions: 96->0
[444.873s][info][gc,metaspace] GC(1612) Metaspace: 29090K(29504K)->29090K(29504K) NonClass: 25530K(25728K)->25530K(25728K) Class: 3559K(3776K)->3559K(3776K)
[444.873s][info][gc          ] GC(1612) Pause Young (Concurrent Start) (G1 Humongous Allocation) 211M->16M(254M) 1.821ms
[444.873s][info][gc          ] GC(1613) Concurrent Undo Cycle
[444.873s][info][gc,cpu      ] GC(1612) User=0.00s Sys=0.00s Real=0.00s
[444.874s][info][gc,marking  ] GC(1613) Concurrent Cleanup for Next Mark
[444.874s][info][gc,marking  ] GC(1613) Concurrent Cleanup for Next Mark 0.165ms
[444.874s][info][gc          ] GC(1613) Concurrent Undo Cycle 0.286ms
[445.388s][info][gc,start    ] GC(1614) Pause Young (Concurrent Start) (G1 Humongous Allocation)
[445.388s][info][gc,task     ] GC(1614) Using 8 workers of 8 for evacuation
[445.389s][info][gc,phases   ] GC(1614)   Pre Evacuate Collection Set: 0.1ms
[445.389s][info][gc,phases   ] GC(1614)   Merge Heap Roots: 0.0ms
[445.389s][info][gc,phases   ] GC(1614)   Evacuate Collection Set: 0.7ms
[445.389s][info][gc,phases   ] GC(1614)   Post Evacuate Collection Set: 0.2ms
[445.389s][info][gc,phases   ] GC(1614)   Other: 0.1ms
[445.389s][info][gc,heap     ] GC(1614) Eden regions: 1->0(75)
[445.390s][info][gc,heap     ] GC(1614) Survivor regions: 1->1(10)
[445.390s][info][gc,heap     ] GC(1614) Old regions: 8->8
[445.390s][info][gc,heap     ] GC(1614) Archive regions: 2->2
[445.390s][info][gc,heap     ] GC(1614) Humongous regions: 96->0
[445.390s][info][gc,metaspace] GC(1614) Metaspace: 29090K(29504K)->29090K(29504K) NonClass: 25530K(25728K)->25530K(25728K) Class: 3559K(3776K)->3559K(3776K)
[445.390s][info][gc          ] GC(1614) Pause Young (Concurrent Start) (G1 Humongous Allocation) 210M->16M(254M) 1.440ms
[445.390s][info][gc          ] GC(1615) Concurrent Undo Cycle
[445.390s][info][gc,cpu      ] GC(1614) User=0.00s Sys=0.00s Real=0.01s
[445.390s][info][gc,marking  ] GC(1615) Concurrent Cleanup for Next Mark
[445.390s][info][gc,marking  ] GC(1615) Concurrent Cleanup for Next Mark 0.057ms
[445.390s][info][gc          ] GC(1615) Concurrent Undo Cycle 0.125ms
[445.899s][info][gc,start    ] GC(1616) Pause Young (Concurrent Start) (G1 Humongous Allocation)
[445.899s][info][gc,task     ] GC(1616) Using 8 workers of 8 for evacuation
[445.901s][info][gc,phases   ] GC(1616)   Pre Evacuate Collection Set: 0.3ms
[445.901s][info][gc,phases   ] GC(1616)   Merge Heap Roots: 0.1ms
[445.901s][info][gc,phases   ] GC(1616)   Evacuate Collection Set: 0.8ms
[445.901s][info][gc,phases   ] GC(1616)   Post Evacuate Collection Set: 0.5ms
[445.901s][info][gc,phases   ] GC(1616)   Other: 0.1ms
[445.901s][info][gc,heap     ] GC(1616) Eden regions: 1->0(75)
[445.901s][info][gc,heap     ] GC(1616) Survivor regions: 1->1(10)
[445.901s][info][gc,heap     ] GC(1616) Old regions: 8->8
[445.901s][info][gc,heap     ] GC(1616) Archive regions: 2->2
[445.901s][info][gc,heap     ] GC(1616) Humongous regions: 96->0
[445.901s][info][gc,metaspace] GC(1616) Metaspace: 29090K(29504K)->29090K(29504K) NonClass: 25530K(25728K)->25530K(25728K) Class: 3559K(3776K)->3559K(3776K)
[445.901s][info][gc          ] GC(1616) Pause Young (Concurrent Start) (G1 Humongous Allocation) 210M->16M(254M) 2.667ms
[445.901s][info][gc,cpu      ] GC(1616) User=0.01s Sys=0.00s Real=0.00s
[445.901s][info][gc          ] GC(1617) Concurrent Undo Cycle
[445.902s][info][gc,marking  ] GC(1617) Concurrent Cleanup for Next Mark
[445.902s][info][gc,marking  ] GC(1617) Concurrent Cleanup for Next Mark 0.125ms
[445.902s][info][gc          ] GC(1617) Concurrent Undo Cycle 0.320ms
[446.416s][info][gc,start    ] GC(1618) Pause Young (Concurrent Start) (G1 Humongous Allocation)
[446.417s][info][gc,task     ] GC(1618) Using 8 workers of 8 for evacuation
[446.419s][info][gc,phases   ] GC(1618)   Pre Evacuate Collection Set: 0.3ms
[446.419s][info][gc,phases   ] GC(1618)   Merge Heap Roots: 0.1ms
[446.419s][info][gc,phases   ] GC(1618)   Evacuate Collection Set: 0.8ms
[446.419s][info][gc,phases   ] GC(1618)   Post Evacuate Collection Set: 0.7ms
[446.419s][info][gc,phases   ] GC(1618)   Other: 0.2ms
[446.419s][info][gc,heap     ] GC(1618) Eden regions: 1->0(75)
[446.419s][info][gc,heap     ] GC(1618) Survivor regions: 1->1(10)
[446.419s][info][gc,heap     ] GC(1618) Old regions: 8->8
[446.419s][info][gc,heap     ] GC(1618) Archive regions: 2->2
[446.419s][info][gc,heap     ] GC(1618) Humongous regions: 96->0
[446.419s][info][gc,metaspace] GC(1618) Metaspace: 29090K(29504K)->29090K(29504K) NonClass: 25530K(25728K)->25530K(25728K) Class: 3559K(3776K)->3559K(3776K)
[446.419s][info][gc          ] GC(1618) Pause Young (Concurrent Start) (G1 Humongous Allocation) 210M->16M(254M) 2.630ms
[446.419s][info][gc,cpu      ] GC(1618) User=0.00s Sys=0.00s Real=0.01s
[446.419s][info][gc          ] GC(1619) Concurrent Undo Cycle
[446.419s][info][gc,marking  ] GC(1619) Concurrent Cleanup for Next Mark
[446.419s][info][gc,marking  ] GC(1619) Concurrent Cleanup for Next Mark 0.126ms
[446.419s][info][gc          ] GC(1619) Concurrent Undo Cycle 0.363ms
[446.936s][info][gc,start    ] GC(1620) Pause Young (Concurrent Start) (G1 Humongous Allocation)
[446.937s][info][gc,task     ] GC(1620) Using 8 workers of 8 for evacuation
[446.938s][info][gc,phases   ] GC(1620)   Pre Evacuate Collection Set: 0.2ms
[446.938s][info][gc,phases   ] GC(1620)   Merge Heap Roots: 0.1ms
[446.939s][info][gc,phases   ] GC(1620)   Evacuate Collection Set: 0.8ms
[446.939s][info][gc,phases   ] GC(1620)   Post Evacuate Collection Set: 0.6ms
[446.939s][info][gc,phases   ] GC(1620)   Other: 0.2ms
[446.939s][info][gc,heap     ] GC(1620) Eden regions: 2->0(75)
[446.939s][info][gc,heap     ] GC(1620) Survivor regions: 1->1(10)
[446.939s][info][gc,heap     ] GC(1620) Old regions: 8->8
[446.939s][info][gc,heap     ] GC(1620) Archive regions: 2->2
[446.939s][info][gc,heap     ] GC(1620) Humongous regions: 96->0
[446.939s][info][gc,metaspace] GC(1620) Metaspace: 29090K(29504K)->29090K(29504K) NonClass: 25530K(25728K)->25530K(25728K) Class: 3559K(3776K)->3559K(3776K)
[446.939s][info][gc          ] GC(1620) Pause Young (Concurrent Start) (G1 Humongous Allocation) 210M->16M(254M) 2.535ms
[446.939s][info][gc          ] GC(1621) Concurrent Undo Cycle
[446.939s][info][gc,cpu      ] GC(1620) User=0.00s Sys=0.00s Real=0.01s
[446.939s][info][gc,marking  ] GC(1621) Concurrent Cleanup for Next Mark
[446.940s][info][gc,marking  ] GC(1621) Concurrent Cleanup for Next Mark 0.177ms
[446.940s][info][gc          ] GC(1621) Concurrent Undo Cycle 0.434ms
[447.457s][info][gc,start    ] GC(1622) Pause Young (Concurrent Start) (G1 Humongous Allocation)
[447.457s][info][gc,task     ] GC(1622) Using 8 workers of 8 for evacuation
[447.461s][info][gc,phases   ] GC(1622)   Pre Evacuate Collection Set: 0.4ms
[447.462s][info][gc,phases   ] GC(1622)   Merge Heap Roots: 0.1ms
[447.462s][info][gc,phases   ] GC(1622)   Evacuate Collection Set: 2.5ms
[447.462s][info][gc,phases   ] GC(1622)   Post Evacuate Collection Set: 0.9ms
[447.462s][info][gc,phases   ] GC(1622)   Other: 0.2ms
[447.462s][info][gc,heap     ] GC(1622) Eden regions: 1->0(75)
[447.462s][info][gc,heap     ] GC(1622) Survivor regions: 1->1(10)
[447.462s][info][gc,heap     ] GC(1622) Old regions: 8->8
[447.462s][info][gc,heap     ] GC(1622) Archive regions: 2->2
[447.462s][info][gc,heap     ] GC(1622) Humongous regions: 96->0
[447.462s][info][gc,metaspace] GC(1622) Metaspace: 29090K(29504K)->29090K(29504K) NonClass: 25530K(25728K)->25530K(25728K) Class: 3559K(3776K)->3559K(3776K)
[447.462s][info][gc          ] GC(1622) Pause Young (Concurrent Start) (G1 Humongous Allocation) 210M->16M(254M) 4.808ms
[447.462s][info][gc,cpu      ] GC(1622) User=0.01s Sys=0.01s Real=0.01s
[447.462s][info][gc          ] GC(1623) Concurrent Undo Cycle
[447.462s][info][gc,marking  ] GC(1623) Concurrent Cleanup for Next Mark
[447.462s][info][gc,marking  ] GC(1623) Concurrent Cleanup for Next Mark 0.154ms
[447.462s][info][gc          ] GC(1623) Concurrent Undo Cycle 0.356ms
[447.980s][info][gc,start    ] GC(1624) Pause Young (Concurrent Start) (G1 Humongous Allocation)
[447.980s][info][gc,task     ] GC(1624) Using 8 workers of 8 for evacuation
[447.983s][info][gc,phases   ] GC(1624)   Pre Evacuate Collection Set: 0.5ms
[447.983s][info][gc,phases   ] GC(1624)   Merge Heap Roots: 0.2ms
[447.983s][info][gc,phases   ] GC(1624)   Evacuate Collection Set: 1.2ms
[447.983s][info][gc,phases   ] GC(1624)   Post Evacuate Collection Set: 0.8ms
[447.984s][info][gc,phases   ] GC(1624)   Other: 0.2ms
[447.984s][info][gc,heap     ] GC(1624) Eden regions: 1->0(75)
[447.984s][info][gc,heap     ] GC(1624) Survivor regions: 1->1(10)
[447.984s][info][gc,heap     ] GC(1624) Old regions: 8->8
[447.984s][info][gc,heap     ] GC(1624) Archive regions: 2->2
[447.984s][info][gc,heap     ] GC(1624) Humongous regions: 96->0
[447.984s][info][gc,metaspace] GC(1624) Metaspace: 29090K(29504K)->29090K(29504K) NonClass: 25530K(25728K)->25530K(25728K) Class: 3559K(3776K)->3559K(3776K)
[447.984s][info][gc          ] GC(1624) Pause Young (Concurrent Start) (G1 Humongous Allocation) 210M->16M(254M) 3.554ms
[447.984s][info][gc,cpu      ] GC(1624) User=0.01s Sys=0.00s Real=0.00s
[447.984s][info][gc          ] GC(1625) Concurrent Undo Cycle
[447.984s][info][gc,marking  ] GC(1625) Concurrent Cleanup for Next Mark
[447.984s][info][gc,marking  ] GC(1625) Concurrent Cleanup for Next Mark 0.176ms
[447.984s][info][gc          ] GC(1625) Concurrent Undo Cycle 0.444ms
[448.503s][info][gc,start    ] GC(1626) Pause Young (Concurrent Start) (G1 Humongous Allocation)
[448.503s][info][gc,task     ] GC(1626) Using 8 workers of 8 for evacuation
[448.505s][info][gc,phases   ] GC(1626)   Pre Evacuate Collection Set: 0.4ms
[448.506s][info][gc,phases   ] GC(1626)   Merge Heap Roots: 0.2ms
[448.506s][info][gc,phases   ] GC(1626)   Evacuate Collection Set: 1.1ms
[448.506s][info][gc,phases   ] GC(1626)   Post Evacuate Collection Set: 0.5ms
[448.506s][info][gc,phases   ] GC(1626)   Other: 0.2ms
[448.506s][info][gc,heap     ] GC(1626) Eden regions: 1->0(75)
[448.506s][info][gc,heap     ] GC(1626) Survivor regions: 1->1(10)
[448.506s][info][gc,heap     ] GC(1626) Old regions: 8->8
[448.506s][info][gc,heap     ] GC(1626) Archive regions: 2->2
[448.506s][info][gc,heap     ] GC(1626) Humongous regions: 96->0
[448.506s][info][gc,metaspace] GC(1626) Metaspace: 29090K(29504K)->29090K(29504K) NonClass: 25530K(25728K)->25530K(25728K) Class: 3559K(3776K)->3559K(3776K)
[448.506s][info][gc          ] GC(1626) Pause Young (Concurrent Start) (G1 Humongous Allocation) 210M->16M(254M) 2.867ms
[448.506s][info][gc,cpu      ] GC(1626) User=0.01s Sys=0.00s Real=0.00s
[448.506s][info][gc          ] GC(1627) Concurrent Undo Cycle
[448.506s][info][gc,marking  ] GC(1627) Concurrent Cleanup for Next Mark
[448.506s][info][gc,marking  ] GC(1627) Concurrent Cleanup for Next Mark 0.144ms
[448.506s][info][gc          ] GC(1627) Concurrent Undo Cycle 0.326ms
[449.021s][info][gc,start    ] GC(1628) Pause Young (Concurrent Start) (G1 Humongous Allocation)
[449.021s][info][gc,task     ] GC(1628) Using 8 workers of 8 for evacuation
[449.022s][info][gc,phases   ] GC(1628)   Pre Evacuate Collection Set: 0.2ms
[449.023s][info][gc,phases   ] GC(1628)   Merge Heap Roots: 0.1ms
[449.023s][info][gc,phases   ] GC(1628)   Evacuate Collection Set: 0.7ms
[449.023s][info][gc,phases   ] GC(1628)   Post Evacuate Collection Set: 0.5ms
[449.023s][info][gc,phases   ] GC(1628)   Other: 0.2ms
[449.023s][info][gc,heap     ] GC(1628) Eden regions: 1->0(75)
[449.023s][info][gc,heap     ] GC(1628) Survivor regions: 1->1(10)
[449.023s][info][gc,heap     ] GC(1628) Old regions: 8->8
[449.023s][info][gc,heap     ] GC(1628) Archive regions: 2->2
[449.023s][info][gc,heap     ] GC(1628) Humongous regions: 96->0
[449.023s][info][gc,metaspace] GC(1628) Metaspace: 29090K(29504K)->29090K(29504K) NonClass: 25530K(25728K)->25530K(25728K) Class: 3559K(3776K)->3559K(3776K)
[449.023s][info][gc          ] GC(1628) Pause Young (Concurrent Start) (G1 Humongous Allocation) 210M->16M(254M) 2.034ms
[449.023s][info][gc,cpu      ] GC(1628) User=0.01s Sys=0.01s Real=0.00s
[449.023s][info][gc          ] GC(1629) Concurrent Undo Cycle
[449.023s][info][gc,marking  ] GC(1629) Concurrent Cleanup for Next Mark
[449.023s][info][gc,marking  ] GC(1629) Concurrent Cleanup for Next Mark 0.085ms
[449.023s][info][gc          ] GC(1629) Concurrent Undo Cycle 0.182ms
[449.536s][info][gc,start    ] GC(1630) Pause Young (Concurrent Start) (G1 Humongous Allocation)
[449.537s][info][gc,task     ] GC(1630) Using 8 workers of 8 for evacuation
[449.540s][info][gc,phases   ] GC(1630)   Pre Evacuate Collection Set: 0.4ms
[449.540s][info][gc,phases   ] GC(1630)   Merge Heap Roots: 0.2ms
[449.540s][info][gc,phases   ] GC(1630)   Evacuate Collection Set: 1.3ms
[449.540s][info][gc,phases   ] GC(1630)   Post Evacuate Collection Set: 0.7ms
[449.540s][info][gc,phases   ] GC(1630)   Other: 0.2ms
[449.540s][info][gc,heap     ] GC(1630) Eden regions: 1->0(75)
[449.540s][info][gc,heap     ] GC(1630) Survivor regions: 1->1(10)
[449.540s][info][gc,heap     ] GC(1630) Old regions: 8->8
[449.540s][info][gc,heap     ] GC(1630) Archive regions: 2->2
[449.540s][info][gc,heap     ] GC(1630) Humongous regions: 96->0
[449.540s][info][gc,metaspace] GC(1630) Metaspace: 29090K(29504K)->29090K(29504K) NonClass: 25530K(25728K)->25530K(25728K) Class: 3559K(3776K)->3559K(3776K)
[449.540s][info][gc          ] GC(1630) Pause Young (Concurrent Start) (G1 Humongous Allocation) 210M->16M(254M) 3.683ms
[449.540s][info][gc,cpu      ] GC(1630) User=0.01s Sys=0.00s Real=0.01s
[449.540s][info][gc          ] GC(1631) Concurrent Undo Cycle
[449.541s][info][gc,marking  ] GC(1631) Concurrent Cleanup for Next Mark
[449.541s][info][gc,marking  ] GC(1631) Concurrent Cleanup for Next Mark 0.268ms
[449.541s][info][gc          ] GC(1631) Concurrent Undo Cycle 0.555ms
[450.057s][info][gc,start    ] GC(1632) Pause Young (Concurrent Start) (G1 Humongous Allocation)
[450.057s][info][gc,task     ] GC(1632) Using 8 workers of 8 for evacuation
[450.060s][info][gc,phases   ] GC(1632)   Pre Evacuate Collection Set: 0.4ms
[450.060s][info][gc,phases   ] GC(1632)   Merge Heap Roots: 0.2ms
[450.060s][info][gc,phases   ] GC(1632)   Evacuate Collection Set: 1.9ms
[450.060s][info][gc,phases   ] GC(1632)   Post Evacuate Collection Set: 0.5ms
[450.060s][info][gc,phases   ] GC(1632)   Other: 0.2ms
[450.061s][info][gc,heap     ] GC(1632) Eden regions: 1->0(75)
[450.061s][info][gc,heap     ] GC(1632) Survivor regions: 1->1(10)
[450.061s][info][gc,heap     ] GC(1632) Old regions: 8->8
[450.061s][info][gc,heap     ] GC(1632) Archive regions: 2->2
[450.061s][info][gc,heap     ] GC(1632) Humongous regions: 96->0
[450.061s][info][gc,metaspace] GC(1632) Metaspace: 29090K(29504K)->29090K(29504K) NonClass: 25530K(25728K)->25530K(25728K) Class: 3559K(3776K)->3559K(3776K)
[450.061s][info][gc          ] GC(1632) Pause Young (Concurrent Start) (G1 Humongous Allocation) 210M->16M(254M) 3.796ms
[450.061s][info][gc,cpu      ] GC(1632) User=0.01s Sys=0.00s Real=0.01s
[450.061s][info][gc          ] GC(1633) Concurrent Undo Cycle
[450.061s][info][gc,marking  ] GC(1633) Concurrent Cleanup for Next Mark
[450.061s][info][gc,marking  ] GC(1633) Concurrent Cleanup for Next Mark 0.130ms
[450.061s][info][gc          ] GC(1633) Concurrent Undo Cycle 0.284ms
[450.582s][info][gc,start    ] GC(1634) Pause Young (Concurrent Start) (G1 Humongous Allocation)
[450.582s][info][gc,task     ] GC(1634) Using 8 workers of 8 for evacuation
[450.584s][info][gc,phases   ] GC(1634)   Pre Evacuate Collection Set: 0.4ms
[450.584s][info][gc,phases   ] GC(1634)   Merge Heap Roots: 0.2ms
[450.584s][info][gc,phases   ] GC(1634)   Evacuate Collection Set: 1.1ms
[450.584s][info][gc,phases   ] GC(1634)   Post Evacuate Collection Set: 0.5ms
[450.584s][info][gc,phases   ] GC(1634)   Other: 0.2ms
[450.584s][info][gc,heap     ] GC(1634) Eden regions: 1->0(75)
[450.584s][info][gc,heap     ] GC(1634) Survivor regions: 1->1(10)
[450.584s][info][gc,heap     ] GC(1634) Old regions: 8->8
[450.585s][info][gc,heap     ] GC(1634) Archive regions: 2->2
[450.585s][info][gc,heap     ] GC(1634) Humongous regions: 96->0
[450.585s][info][gc,metaspace] GC(1634) Metaspace: 29090K(29504K)->29090K(29504K) NonClass: 25530K(25728K)->25530K(25728K) Class: 3559K(3776K)->3559K(3776K)
[450.585s][info][gc          ] GC(1634) Pause Young (Concurrent Start) (G1 Humongous Allocation) 210M->16M(254M) 2.836ms
[450.585s][info][gc,cpu      ] GC(1634) User=0.00s Sys=0.00s Real=0.00s
[450.585s][info][gc          ] GC(1635) Concurrent Undo Cycle
[450.585s][info][gc,marking  ] GC(1635) Concurrent Cleanup for Next Mark
[450.585s][info][gc,marking  ] GC(1635) Concurrent Cleanup for Next Mark 0.152ms
[450.585s][info][gc          ] GC(1635) Concurrent Undo Cycle 0.327ms
[451.102s][info][gc,start    ] GC(1636) Pause Young (Concurrent Start) (G1 Humongous Allocation)
[451.102s][info][gc,task     ] GC(1636) Using 8 workers of 8 for evacuation
[451.105s][info][gc,phases   ] GC(1636)   Pre Evacuate Collection Set: 0.3ms
[451.105s][info][gc,phases   ] GC(1636)   Merge Heap Roots: 0.1ms
[451.105s][info][gc,phases   ] GC(1636)   Evacuate Collection Set: 0.9ms
[451.105s][info][gc,phases   ] GC(1636)   Post Evacuate Collection Set: 0.5ms
[451.105s][info][gc,phases   ] GC(1636)   Other: 0.2ms
[451.105s][info][gc,heap     ] GC(1636) Eden regions: 1->0(75)
[451.105s][info][gc,heap     ] GC(1636) Survivor regions: 1->1(10)
[451.105s][info][gc,heap     ] GC(1636) Old regions: 8->8
[451.105s][info][gc,heap     ] GC(1636) Archive regions: 2->2
[451.105s][info][gc,heap     ] GC(1636) Humongous regions: 96->0
[451.105s][info][gc,metaspace] GC(1636) Metaspace: 29090K(29504K)->29090K(29504K) NonClass: 25530K(25728K)->25530K(25728K) Class: 3559K(3776K)->3559K(3776K)
[451.105s][info][gc          ] GC(1636) Pause Young (Concurrent Start) (G1 Humongous Allocation) 210M->16M(254M) 2.606ms
[451.105s][info][gc,cpu      ] GC(1636) User=0.00s Sys=0.00s Real=0.00s
[451.105s][info][gc          ] GC(1637) Concurrent Undo Cycle
[451.105s][info][gc,marking  ] GC(1637) Concurrent Cleanup for Next Mark
[451.105s][info][gc,marking  ] GC(1637) Concurrent Cleanup for Next Mark 0.134ms
[451.105s][info][gc          ] GC(1637) Concurrent Undo Cycle 0.279ms
[451.624s][info][gc,start    ] GC(1638) Pause Young (Concurrent Start) (G1 Humongous Allocation)
[451.624s][info][gc,task     ] GC(1638) Using 8 workers of 8 for evacuation
[451.627s][info][gc,phases   ] GC(1638)   Pre Evacuate Collection Set: 0.4ms
[451.627s][info][gc,phases   ] GC(1638)   Merge Heap Roots: 0.2ms
[451.627s][info][gc,phases   ] GC(1638)   Evacuate Collection Set: 1.2ms
[451.627s][info][gc,phases   ] GC(1638)   Post Evacuate Collection Set: 0.8ms
[451.627s][info][gc,phases   ] GC(1638)   Other: 0.2ms
[451.627s][info][gc,heap     ] GC(1638) Eden regions: 1->0(75)
[451.627s][info][gc,heap     ] GC(1638) Survivor regions: 1->1(10)
[451.627s][info][gc,heap     ] GC(1638) Old regions: 8->8
[451.627s][info][gc,heap     ] GC(1638) Archive regions: 2->2
[451.627s][info][gc,heap     ] GC(1638) Humongous regions: 96->0
[451.627s][info][gc,metaspace] GC(1638) Metaspace: 29090K(29504K)->29090K(29504K) NonClass: 25530K(25728K)->25530K(25728K) Class: 3559K(3776K)->3559K(3776K)
[451.627s][info][gc          ] GC(1638) Pause Young (Concurrent Start) (G1 Humongous Allocation) 210M->16M(254M) 3.509ms
[451.627s][info][gc,cpu      ] GC(1638) User=0.00s Sys=0.00s Real=0.00s
[451.627s][info][gc          ] GC(1639) Concurrent Undo Cycle
[451.628s][info][gc,marking  ] GC(1639) Concurrent Cleanup for Next Mark
[451.628s][info][gc,marking  ] GC(1639) Concurrent Cleanup for Next Mark 0.198ms
[451.628s][info][gc          ] GC(1639) Concurrent Undo Cycle 0.502ms
[452.146s][info][gc,start    ] GC(1640) Pause Young (Concurrent Start) (G1 Humongous Allocation)
[452.146s][info][gc,task     ] GC(1640) Using 8 workers of 8 for evacuation
[452.148s][info][gc,phases   ] GC(1640)   Pre Evacuate Collection Set: 0.1ms
[452.148s][info][gc,phases   ] GC(1640)   Merge Heap Roots: 0.0ms
[452.148s][info][gc,phases   ] GC(1640)   Evacuate Collection Set: 0.6ms
[452.148s][info][gc,phases   ] GC(1640)   Post Evacuate Collection Set: 0.3ms
[452.148s][info][gc,phases   ] GC(1640)   Other: 0.1ms
[452.148s][info][gc,heap     ] GC(1640) Eden regions: 1->0(75)
[452.148s][info][gc,heap     ] GC(1640) Survivor regions: 1->1(10)
[452.148s][info][gc,heap     ] GC(1640) Old regions: 8->8
[452.148s][info][gc,heap     ] GC(1640) Archive regions: 2->2
[452.148s][info][gc,heap     ] GC(1640) Humongous regions: 96->0
[452.148s][info][gc,metaspace] GC(1640) Metaspace: 29090K(29504K)->29090K(29504K) NonClass: 25530K(25728K)->25530K(25728K) Class: 3559K(3776K)->3559K(3776K)
[452.148s][info][gc          ] GC(1640) Pause Young (Concurrent Start) (G1 Humongous Allocation) 210M->16M(254M) 1.421ms
[452.148s][info][gc,cpu      ] GC(1640) User=0.00s Sys=0.00s Real=0.00s
[452.148s][info][gc          ] GC(1641) Concurrent Undo Cycle
[452.148s][info][gc,marking  ] GC(1641) Concurrent Cleanup for Next Mark
[452.148s][info][gc,marking  ] GC(1641) Concurrent Cleanup for Next Mark 0.062ms
[452.148s][info][gc          ] GC(1641) Concurrent Undo Cycle 0.131ms
[452.661s][info][gc,start    ] GC(1642) Pause Young (Concurrent Start) (G1 Humongous Allocation)
[452.661s][info][gc,task     ] GC(1642) Using 8 workers of 8 for evacuation
[452.664s][info][gc,phases   ] GC(1642)   Pre Evacuate Collection Set: 0.4ms
[452.664s][info][gc,phases   ] GC(1642)   Merge Heap Roots: 0.1ms
[452.664s][info][gc,phases   ] GC(1642)   Evacuate Collection Set: 1.5ms
[452.664s][info][gc,phases   ] GC(1642)   Post Evacuate Collection Set: 0.8ms
[452.664s][info][gc,phases   ] GC(1642)   Other: 0.1ms
[452.664s][info][gc,heap     ] GC(1642) Eden regions: 1->0(75)
[452.664s][info][gc,heap     ] GC(1642) Survivor regions: 1->1(10)
[452.664s][info][gc,heap     ] GC(1642) Old regions: 8->8
[452.664s][info][gc,heap     ] GC(1642) Archive regions: 2->2
[452.664s][info][gc,heap     ] GC(1642) Humongous regions: 96->0
[452.664s][info][gc,metaspace] GC(1642) Metaspace: 29090K(29504K)->29090K(29504K) NonClass: 25530K(25728K)->25530K(25728K) Class: 3559K(3776K)->3559K(3776K)
[452.665s][info][gc          ] GC(1642) Pause Young (Concurrent Start) (G1 Humongous Allocation) 210M->16M(254M) 3.631ms
[452.665s][info][gc,cpu      ] GC(1642) User=0.01s Sys=0.00s Real=0.00s
[452.665s][info][gc          ] GC(1643) Concurrent Undo Cycle
[452.665s][info][gc,marking  ] GC(1643) Concurrent Cleanup for Next Mark
[452.665s][info][gc,marking  ] GC(1643) Concurrent Cleanup for Next Mark 0.149ms
[452.665s][info][gc          ] GC(1643) Concurrent Undo Cycle 0.372ms
[453.179s][info][gc,start    ] GC(1644) Pause Young (Concurrent Start) (G1 Humongous Allocation)
[453.179s][info][gc,task     ] GC(1644) Using 8 workers of 8 for evacuation
[453.180s][info][gc,phases   ] GC(1644)   Pre Evacuate Collection Set: 0.1ms
[453.180s][info][gc,phases   ] GC(1644)   Merge Heap Roots: 0.0ms
[453.180s][info][gc,phases   ] GC(1644)   Evacuate Collection Set: 0.5ms
[453.180s][info][gc,phases   ] GC(1644)   Post Evacuate Collection Set: 0.2ms
[453.180s][info][gc,phases   ] GC(1644)   Other: 0.1ms
[453.180s][info][gc,heap     ] GC(1644) Eden regions: 1->0(75)
[453.180s][info][gc,heap     ] GC(1644) Survivor regions: 1->1(10)
[453.180s][info][gc,heap     ] GC(1644) Old regions: 8->8
[453.180s][info][gc,heap     ] GC(1644) Archive regions: 2->2
[453.180s][info][gc,heap     ] GC(1644) Humongous regions: 96->0
[453.180s][info][gc,metaspace] GC(1644) Metaspace: 29090K(29504K)->29090K(29504K) NonClass: 25530K(25728K)->25530K(25728K) Class: 3559K(3776K)->3559K(3776K)
[453.180s][info][gc          ] GC(1644) Pause Young (Concurrent Start) (G1 Humongous Allocation) 210M->16M(254M) 1.109ms
[453.180s][info][gc,cpu      ] GC(1644) User=0.00s Sys=0.00s Real=0.00s
[453.180s][info][gc          ] GC(1645) Concurrent Undo Cycle
[453.180s][info][gc,marking  ] GC(1645) Concurrent Cleanup for Next Mark
[453.181s][info][gc,marking  ] GC(1645) Concurrent Cleanup for Next Mark 0.068ms
[453.181s][info][gc          ] GC(1645) Concurrent Undo Cycle 0.150ms
[453.694s][info][gc,start    ] GC(1646) Pause Young (Concurrent Start) (G1 Humongous Allocation)
[453.694s][info][gc,task     ] GC(1646) Using 8 workers of 8 for evacuation
[453.696s][info][gc,phases   ] GC(1646)   Pre Evacuate Collection Set: 0.3ms
[453.696s][info][gc,phases   ] GC(1646)   Merge Heap Roots: 0.1ms
[453.696s][info][gc,phases   ] GC(1646)   Evacuate Collection Set: 1.1ms
[453.696s][info][gc,phases   ] GC(1646)   Post Evacuate Collection Set: 0.7ms
[453.696s][info][gc,phases   ] GC(1646)   Other: 0.1ms
[453.696s][info][gc,heap     ] GC(1646) Eden regions: 1->0(75)
[453.696s][info][gc,heap     ] GC(1646) Survivor regions: 1->1(10)
[453.696s][info][gc,heap     ] GC(1646) Old regions: 8->8
[453.696s][info][gc,heap     ] GC(1646) Archive regions: 2->2
[453.696s][info][gc,heap     ] GC(1646) Humongous regions: 96->0
[453.696s][info][gc,metaspace] GC(1646) Metaspace: 29090K(29504K)->29090K(29504K) NonClass: 25530K(25728K)->25530K(25728K) Class: 3559K(3776K)->3559K(3776K)
[453.696s][info][gc          ] GC(1646) Pause Young (Concurrent Start) (G1 Humongous Allocation) 210M->16M(254M) 2.666ms
[453.696s][info][gc,cpu      ] GC(1646) User=0.01s Sys=0.00s Real=0.00s
[453.696s][info][gc          ] GC(1647) Concurrent Undo Cycle
[453.697s][info][gc,marking  ] GC(1647) Concurrent Cleanup for Next Mark
[453.697s][info][gc,marking  ] GC(1647) Concurrent Cleanup for Next Mark 0.214ms
[453.697s][info][gc          ] GC(1647) Concurrent Undo Cycle 0.482ms
[454.211s][info][gc,start    ] GC(1648) Pause Young (Concurrent Start) (G1 Humongous Allocation)
[454.211s][info][gc,task     ] GC(1648) Using 8 workers of 8 for evacuation
[454.214s][info][gc,phases   ] GC(1648)   Pre Evacuate Collection Set: 0.3ms
[454.214s][info][gc,phases   ] GC(1648)   Merge Heap Roots: 0.2ms
[454.214s][info][gc,phases   ] GC(1648)   Evacuate Collection Set: 1.3ms
[454.214s][info][gc,phases   ] GC(1648)   Post Evacuate Collection Set: 0.7ms
[454.214s][info][gc,phases   ] GC(1648)   Other: 0.3ms
[454.214s][info][gc,heap     ] GC(1648) Eden regions: 1->0(75)
[454.214s][info][gc,heap     ] GC(1648) Survivor regions: 1->1(10)
[454.214s][info][gc,heap     ] GC(1648) Old regions: 8->8
[454.214s][info][gc,heap     ] GC(1648) Archive regions: 2->2
[454.214s][info][gc,heap     ] GC(1648) Humongous regions: 96->0
[454.215s][info][gc,metaspace] GC(1648) Metaspace: 29090K(29504K)->29090K(29504K) NonClass: 25530K(25728K)->25530K(25728K) Class: 3559K(3776K)->3559K(3776K)
[454.215s][info][gc          ] GC(1648) Pause Young (Concurrent Start) (G1 Humongous Allocation) 209M->16M(254M) 3.512ms
[454.215s][info][gc,cpu      ] GC(1648) User=0.01s Sys=0.01s Real=0.00s
[454.215s][info][gc          ] GC(1649) Concurrent Undo Cycle
[454.215s][info][gc,marking  ] GC(1649) Concurrent Cleanup for Next Mark
[454.215s][info][gc,marking  ] GC(1649) Concurrent Cleanup for Next Mark 0.239ms
[454.215s][info][gc          ] GC(1649) Concurrent Undo Cycle 0.511ms
[454.733s][info][gc,start    ] GC(1650) Pause Young (Concurrent Start) (G1 Humongous Allocation)
[454.733s][info][gc,task     ] GC(1650) Using 8 workers of 8 for evacuation
[454.734s][info][gc,phases   ] GC(1650)   Pre Evacuate Collection Set: 0.1ms
[454.735s][info][gc,phases   ] GC(1650)   Merge Heap Roots: 0.0ms
[454.735s][info][gc,phases   ] GC(1650)   Evacuate Collection Set: 0.5ms
[454.735s][info][gc,phases   ] GC(1650)   Post Evacuate Collection Set: 0.2ms
[454.735s][info][gc,phases   ] GC(1650)   Other: 0.1ms
[454.735s][info][gc,heap     ] GC(1650) Eden regions: 2->0(75)
[454.735s][info][gc,heap     ] GC(1650) Survivor regions: 1->1(10)
[454.735s][info][gc,heap     ] GC(1650) Old regions: 8->8
[454.735s][info][gc,heap     ] GC(1650) Archive regions: 2->2
[454.735s][info][gc,heap     ] GC(1650) Humongous regions: 96->0
[454.735s][info][gc,metaspace] GC(1650) Metaspace: 29090K(29504K)->29090K(29504K) NonClass: 25530K(25728K)->25530K(25728K) Class: 3559K(3776K)->3559K(3776K)
[454.735s][info][gc          ] GC(1650) Pause Young (Concurrent Start) (G1 Humongous Allocation) 210M->16M(254M) 1.247ms
[454.735s][info][gc          ] GC(1651) Concurrent Undo Cycle
[454.735s][info][gc,cpu      ] GC(1650) User=0.00s Sys=0.00s Real=0.00s
[454.735s][info][gc,marking  ] GC(1651) Concurrent Cleanup for Next Mark
[454.735s][info][gc,marking  ] GC(1651) Concurrent Cleanup for Next Mark 0.086ms
[454.735s][info][gc          ] GC(1651) Concurrent Undo Cycle 0.155ms
[455.246s][info][gc,start    ] GC(1652) Pause Young (Concurrent Start) (G1 Humongous Allocation)
[455.246s][info][gc,task     ] GC(1652) Using 8 workers of 8 for evacuation
[455.247s][info][gc,phases   ] GC(1652)   Pre Evacuate Collection Set: 0.1ms
[455.247s][info][gc,phases   ] GC(1652)   Merge Heap Roots: 0.0ms
[455.247s][info][gc,phases   ] GC(1652)   Evacuate Collection Set: 0.5ms
[455.247s][info][gc,phases   ] GC(1652)   Post Evacuate Collection Set: 0.2ms
[455.247s][info][gc,phases   ] GC(1652)   Other: 0.1ms
[455.247s][info][gc,heap     ] GC(1652) Eden regions: 1->0(75)
[455.247s][info][gc,heap     ] GC(1652) Survivor regions: 1->1(10)
[455.247s][info][gc,heap     ] GC(1652) Old regions: 8->8
[455.247s][info][gc,heap     ] GC(1652) Archive regions: 2->2
[455.247s][info][gc,heap     ] GC(1652) Humongous regions: 96->0
[455.247s][info][gc,metaspace] GC(1652) Metaspace: 29090K(29504K)->29090K(29504K) NonClass: 25530K(25728K)->25530K(25728K) Class: 3559K(3776K)->3559K(3776K)
[455.247s][info][gc          ] GC(1652) Pause Young (Concurrent Start) (G1 Humongous Allocation) 209M->16M(254M) 1.151ms
[455.247s][info][gc,cpu      ] GC(1652) User=0.00s Sys=0.00s Real=0.00s
[455.247s][info][gc          ] GC(1653) Concurrent Undo Cycle
[455.247s][info][gc,marking  ] GC(1653) Concurrent Cleanup for Next Mark
[455.247s][info][gc,marking  ] GC(1653) Concurrent Cleanup for Next Mark 0.060ms
[455.247s][info][gc          ] GC(1653) Concurrent Undo Cycle 0.131ms
[455.758s][info][gc,start    ] GC(1654) Pause Young (Concurrent Start) (G1 Humongous Allocation)
[455.758s][info][gc,task     ] GC(1654) Using 8 workers of 8 for evacuation
[455.761s][info][gc,phases   ] GC(1654)   Pre Evacuate Collection Set: 0.4ms
[455.761s][info][gc,phases   ] GC(1654)   Merge Heap Roots: 0.2ms
[455.761s][info][gc,phases   ] GC(1654)   Evacuate Collection Set: 1.3ms
[455.761s][info][gc,phases   ] GC(1654)   Post Evacuate Collection Set: 0.8ms
[455.761s][info][gc,phases   ] GC(1654)   Other: 0.2ms
[455.761s][info][gc,heap     ] GC(1654) Eden regions: 2->0(75)
[455.761s][info][gc,heap     ] GC(1654) Survivor regions: 1->1(10)
[455.761s][info][gc,heap     ] GC(1654) Old regions: 8->8
[455.761s][info][gc,heap     ] GC(1654) Archive regions: 2->2
[455.761s][info][gc,heap     ] GC(1654) Humongous regions: 96->0
[455.761s][info][gc,metaspace] GC(1654) Metaspace: 29090K(29504K)->29090K(29504K) NonClass: 25530K(25728K)->25530K(25728K) Class: 3559K(3776K)->3559K(3776K)
[455.761s][info][gc          ] GC(1654) Pause Young (Concurrent Start) (G1 Humongous Allocation) 210M->16M(254M) 3.721ms
[455.761s][info][gc,cpu      ] GC(1654) User=0.01s Sys=0.00s Real=0.01s
[455.762s][info][gc          ] GC(1655) Concurrent Undo Cycle
[455.762s][info][gc,marking  ] GC(1655) Concurrent Cleanup for Next Mark
[455.762s][info][gc,marking  ] GC(1655) Concurrent Cleanup for Next Mark 0.266ms
[455.762s][info][gc          ] GC(1655) Concurrent Undo Cycle 0.529ms
[456.280s][info][gc,start    ] GC(1656) Pause Young (Concurrent Start) (G1 Humongous Allocation)
[456.281s][info][gc,task     ] GC(1656) Using 8 workers of 8 for evacuation
[456.283s][info][gc,phases   ] GC(1656)   Pre Evacuate Collection Set: 0.5ms
[456.284s][info][gc,phases   ] GC(1656)   Merge Heap Roots: 0.2ms
[456.284s][info][gc,phases   ] GC(1656)   Evacuate Collection Set: 1.2ms
[456.284s][info][gc,phases   ] GC(1656)   Post Evacuate Collection Set: 0.8ms
[456.284s][info][gc,phases   ] GC(1656)   Other: 0.2ms
[456.284s][info][gc,heap     ] GC(1656) Eden regions: 1->0(75)
[456.284s][info][gc,heap     ] GC(1656) Survivor regions: 1->1(10)
[456.284s][info][gc,heap     ] GC(1656) Old regions: 8->8
[456.284s][info][gc,heap     ] GC(1656) Archive regions: 2->2
[456.284s][info][gc,heap     ] GC(1656) Humongous regions: 96->0
[456.284s][info][gc,metaspace] GC(1656) Metaspace: 29090K(29504K)->29090K(29504K) NonClass: 25530K(25728K)->25530K(25728K) Class: 3559K(3776K)->3559K(3776K)
[456.284s][info][gc          ] GC(1656) Pause Young (Concurrent Start) (G1 Humongous Allocation) 209M->16M(254M) 3.695ms
[456.284s][info][gc,cpu      ] GC(1656) User=0.01s Sys=0.00s Real=0.00s
[456.284s][info][gc          ] GC(1657) Concurrent Undo Cycle
[456.284s][info][gc,marking  ] GC(1657) Concurrent Cleanup for Next Mark
[456.284s][info][gc,marking  ] GC(1657) Concurrent Cleanup for Next Mark 0.133ms
[456.284s][info][gc          ] GC(1657) Concurrent Undo Cycle 0.281ms
[456.804s][info][gc,start    ] GC(1658) Pause Young (Concurrent Start) (G1 Humongous Allocation)
[456.804s][info][gc,task     ] GC(1658) Using 8 workers of 8 for evacuation
[456.807s][info][gc,phases   ] GC(1658)   Pre Evacuate Collection Set: 0.4ms
[456.807s][info][gc,phases   ] GC(1658)   Merge Heap Roots: 0.2ms
[456.807s][info][gc,phases   ] GC(1658)   Evacuate Collection Set: 1.2ms
[456.807s][info][gc,phases   ] GC(1658)   Post Evacuate Collection Set: 0.8ms
[456.807s][info][gc,phases   ] GC(1658)   Other: 0.2ms
[456.807s][info][gc,heap     ] GC(1658) Eden regions: 2->0(75)
[456.807s][info][gc,heap     ] GC(1658) Survivor regions: 1->1(10)
[456.807s][info][gc,heap     ] GC(1658) Old regions: 8->8
[456.807s][info][gc,heap     ] GC(1658) Archive regions: 2->2
[456.807s][info][gc,heap     ] GC(1658) Humongous regions: 96->0
[456.807s][info][gc,metaspace] GC(1658) Metaspace: 29090K(29504K)->29090K(29504K) NonClass: 25530K(25728K)->25530K(25728K) Class: 3559K(3776K)->3559K(3776K)
[456.808s][info][gc          ] GC(1658) Pause Young (Concurrent Start) (G1 Humongous Allocation) 210M->16M(254M) 3.563ms
[456.808s][info][gc,cpu      ] GC(1658) User=0.00s Sys=0.00s Real=0.00s
[456.808s][info][gc          ] GC(1659) Concurrent Undo Cycle
[456.808s][info][gc,marking  ] GC(1659) Concurrent Cleanup for Next Mark
[456.808s][info][gc,marking  ] GC(1659) Concurrent Cleanup for Next Mark 0.207ms
[456.808s][info][gc          ] GC(1659) Concurrent Undo Cycle 0.495ms
[457.325s][info][gc,start    ] GC(1660) Pause Young (Concurrent Start) (G1 Humongous Allocation)
[457.325s][info][gc,task     ] GC(1660) Using 8 workers of 8 for evacuation
[457.327s][info][gc,phases   ] GC(1660)   Pre Evacuate Collection Set: 0.2ms
[457.327s][info][gc,phases   ] GC(1660)   Merge Heap Roots: 0.1ms
[457.327s][info][gc,phases   ] GC(1660)   Evacuate Collection Set: 0.8ms
[457.327s][info][gc,phases   ] GC(1660)   Post Evacuate Collection Set: 0.3ms
[457.327s][info][gc,phases   ] GC(1660)   Other: 0.2ms
[457.327s][info][gc,heap     ] GC(1660) Eden regions: 1->0(75)
[457.327s][info][gc,heap     ] GC(1660) Survivor regions: 1->1(10)
[457.327s][info][gc,heap     ] GC(1660) Old regions: 8->8
[457.327s][info][gc,heap     ] GC(1660) Archive regions: 2->2
[457.327s][info][gc,heap     ] GC(1660) Humongous regions: 96->0
[457.327s][info][gc,metaspace] GC(1660) Metaspace: 29090K(29504K)->29090K(29504K) NonClass: 25530K(25728K)->25530K(25728K) Class: 3559K(3776K)->3559K(3776K)
[457.328s][info][gc          ] GC(1660) Pause Young (Concurrent Start) (G1 Humongous Allocation) 209M->16M(254M) 2.227ms
[457.328s][info][gc,cpu      ] GC(1660) User=0.00s Sys=0.00s Real=0.00s
[457.328s][info][gc          ] GC(1661) Concurrent Undo Cycle
[457.328s][info][gc,marking  ] GC(1661) Concurrent Cleanup for Next Mark
[457.328s][info][gc,marking  ] GC(1661) Concurrent Cleanup for Next Mark 0.147ms
[457.328s][info][gc          ] GC(1661) Concurrent Undo Cycle 0.299ms
[457.843s][info][gc,start    ] GC(1662) Pause Young (Concurrent Start) (G1 Humongous Allocation)
[457.843s][info][gc,task     ] GC(1662) Using 8 workers of 8 for evacuation
[457.844s][info][gc,phases   ] GC(1662)   Pre Evacuate Collection Set: 0.1ms
[457.844s][info][gc,phases   ] GC(1662)   Merge Heap Roots: 0.0ms
[457.844s][info][gc,phases   ] GC(1662)   Evacuate Collection Set: 0.5ms
[457.844s][info][gc,phases   ] GC(1662)   Post Evacuate Collection Set: 0.2ms
[457.844s][info][gc,phases   ] GC(1662)   Other: 0.0ms
[457.844s][info][gc,heap     ] GC(1662) Eden regions: 2->0(75)
[457.844s][info][gc,heap     ] GC(1662) Survivor regions: 1->1(10)
[457.844s][info][gc,heap     ] GC(1662) Old regions: 8->8
[457.844s][info][gc,heap     ] GC(1662) Archive regions: 2->2
[457.844s][info][gc,heap     ] GC(1662) Humongous regions: 96->0
[457.844s][info][gc,metaspace] GC(1662) Metaspace: 29090K(29504K)->29090K(29504K) NonClass: 25530K(25728K)->25530K(25728K) Class: 3559K(3776K)->3559K(3776K)
[457.844s][info][gc          ] GC(1662) Pause Young (Concurrent Start) (G1 Humongous Allocation) 210M->16M(254M) 1.157ms
[457.844s][info][gc,cpu      ] GC(1662) User=0.00s Sys=0.00s Real=0.00s
[457.844s][info][gc          ] GC(1663) Concurrent Undo Cycle
[457.844s][info][gc,marking  ] GC(1663) Concurrent Cleanup for Next Mark
[457.844s][info][gc,marking  ] GC(1663) Concurrent Cleanup for Next Mark 0.061ms
[457.844s][info][gc          ] GC(1663) Concurrent Undo Cycle 0.131ms
[458.355s][info][gc,start    ] GC(1664) Pause Young (Concurrent Start) (G1 Humongous Allocation)
[458.355s][info][gc,task     ] GC(1664) Using 8 workers of 8 for evacuation
[458.356s][info][gc,phases   ] GC(1664)   Pre Evacuate Collection Set: 0.1ms
[458.356s][info][gc,phases   ] GC(1664)   Merge Heap Roots: 0.0ms
[458.356s][info][gc,phases   ] GC(1664)   Evacuate Collection Set: 0.5ms
[458.356s][info][gc,phases   ] GC(1664)   Post Evacuate Collection Set: 0.2ms
[458.356s][info][gc,phases   ] GC(1664)   Other: 0.1ms
[458.356s][info][gc,heap     ] GC(1664) Eden regions: 1->0(75)
[458.356s][info][gc,heap     ] GC(1664) Survivor regions: 1->1(10)
[458.356s][info][gc,heap     ] GC(1664) Old regions: 8->8
[458.356s][info][gc,heap     ] GC(1664) Archive regions: 2->2
[458.356s][info][gc,heap     ] GC(1664) Humongous regions: 96->0
[458.356s][info][gc,metaspace] GC(1664) Metaspace: 29090K(29504K)->29090K(29504K) NonClass: 25530K(25728K)->25530K(25728K) Class: 3559K(3776K)->3559K(3776K)
[458.356s][info][gc          ] GC(1664) Pause Young (Concurrent Start) (G1 Humongous Allocation) 210M->16M(254M) 1.200ms
[458.356s][info][gc,cpu      ] GC(1664) User=0.00s Sys=0.00s Real=0.00s
[458.356s][info][gc          ] GC(1665) Concurrent Undo Cycle
[458.356s][info][gc,marking  ] GC(1665) Concurrent Cleanup for Next Mark
[458.356s][info][gc,marking  ] GC(1665) Concurrent Cleanup for Next Mark 0.083ms
[458.356s][info][gc          ] GC(1665) Concurrent Undo Cycle 0.176ms
[458.867s][info][gc,start    ] GC(1666) Pause Young (Concurrent Start) (G1 Humongous Allocation)
[458.867s][info][gc,task     ] GC(1666) Using 8 workers of 8 for evacuation
[458.868s][info][gc,phases   ] GC(1666)   Pre Evacuate Collection Set: 0.1ms
[458.869s][info][gc,phases   ] GC(1666)   Merge Heap Roots: 0.0ms
[458.869s][info][gc,phases   ] GC(1666)   Evacuate Collection Set: 0.5ms
[458.869s][info][gc,phases   ] GC(1666)   Post Evacuate Collection Set: 0.4ms
[458.869s][info][gc,phases   ] GC(1666)   Other: 0.1ms
[458.869s][info][gc,heap     ] GC(1666) Eden regions: 1->0(75)
[458.869s][info][gc,heap     ] GC(1666) Survivor regions: 1->1(10)
[458.869s][info][gc,heap     ] GC(1666) Old regions: 8->8
[458.869s][info][gc,heap     ] GC(1666) Archive regions: 2->2
[458.869s][info][gc,heap     ] GC(1666) Humongous regions: 96->0
[458.869s][info][gc,metaspace] GC(1666) Metaspace: 29090K(29504K)->29090K(29504K) NonClass: 25530K(25728K)->25530K(25728K) Class: 3559K(3776K)->3559K(3776K)
[458.869s][info][gc          ] GC(1666) Pause Young (Concurrent Start) (G1 Humongous Allocation) 210M->16M(254M) 1.389ms
[458.869s][info][gc          ] GC(1667) Concurrent Undo Cycle
[458.869s][info][gc,cpu      ] GC(1666) User=0.00s Sys=0.00s Real=0.01s
[458.869s][info][gc,marking  ] GC(1667) Concurrent Cleanup for Next Mark
[458.869s][info][gc,marking  ] GC(1667) Concurrent Cleanup for Next Mark 0.137ms
[458.869s][info][gc          ] GC(1667) Concurrent Undo Cycle 0.212ms
[459.383s][info][gc,start    ] GC(1668) Pause Young (Concurrent Start) (G1 Humongous Allocation)
[459.383s][info][gc,task     ] GC(1668) Using 8 workers of 8 for evacuation
[459.386s][info][gc,phases   ] GC(1668)   Pre Evacuate Collection Set: 0.4ms
[459.386s][info][gc,phases   ] GC(1668)   Merge Heap Roots: 0.1ms
[459.386s][info][gc,phases   ] GC(1668)   Evacuate Collection Set: 1.2ms
[459.386s][info][gc,phases   ] GC(1668)   Post Evacuate Collection Set: 0.8ms
[459.386s][info][gc,phases   ] GC(1668)   Other: 0.2ms
[459.386s][info][gc,heap     ] GC(1668) Eden regions: 1->0(75)
[459.386s][info][gc,heap     ] GC(1668) Survivor regions: 1->1(10)
[459.386s][info][gc,heap     ] GC(1668) Old regions: 8->8
[459.386s][info][gc,heap     ] GC(1668) Archive regions: 2->2
[459.386s][info][gc,heap     ] GC(1668) Humongous regions: 96->0
[459.387s][info][gc,metaspace] GC(1668) Metaspace: 29090K(29504K)->29090K(29504K) NonClass: 25530K(25728K)->25530K(25728K) Class: 3559K(3776K)->3559K(3776K)
[459.387s][info][gc          ] GC(1668) Pause Young (Concurrent Start) (G1 Humongous Allocation) 210M->16M(254M) 3.456ms
[459.387s][info][gc,cpu      ] GC(1668) User=0.01s Sys=0.00s Real=0.00s
[459.387s][info][gc          ] GC(1669) Concurrent Undo Cycle
[459.387s][info][gc,marking  ] GC(1669) Concurrent Cleanup for Next Mark
[459.387s][info][gc,marking  ] GC(1669) Concurrent Cleanup for Next Mark 0.196ms
[459.387s][info][gc          ] GC(1669) Concurrent Undo Cycle 0.480ms
[459.905s][info][gc,start    ] GC(1670) Pause Young (Concurrent Start) (G1 Humongous Allocation)
[459.905s][info][gc,task     ] GC(1670) Using 8 workers of 8 for evacuation
[459.908s][info][gc,phases   ] GC(1670)   Pre Evacuate Collection Set: 0.4ms
[459.908s][info][gc,phases   ] GC(1670)   Merge Heap Roots: 0.2ms
[459.908s][info][gc,phases   ] GC(1670)   Evacuate Collection Set: 1.4ms
[459.908s][info][gc,phases   ] GC(1670)   Post Evacuate Collection Set: 1.0ms
[459.908s][info][gc,phases   ] GC(1670)   Other: 0.2ms
[459.908s][info][gc,heap     ] GC(1670) Eden regions: 1->0(75)
[459.908s][info][gc,heap     ] GC(1670) Survivor regions: 1->1(10)
[459.908s][info][gc,heap     ] GC(1670) Old regions: 8->8
[459.908s][info][gc,heap     ] GC(1670) Archive regions: 2->2
[459.909s][info][gc,heap     ] GC(1670) Humongous regions: 96->0
[459.909s][info][gc,metaspace] GC(1670) Metaspace: 29090K(29504K)->29090K(29504K) NonClass: 25530K(25728K)->25530K(25728K) Class: 3559K(3776K)->3559K(3776K)
[459.909s][info][gc          ] GC(1670) Pause Young (Concurrent Start) (G1 Humongous Allocation) 210M->16M(254M) 3.956ms
[459.909s][info][gc          ] GC(1671) Concurrent Undo Cycle
[459.909s][info][gc,cpu      ] GC(1670) User=0.01s Sys=0.00s Real=0.01s
[459.909s][info][gc,marking  ] GC(1671) Concurrent Cleanup for Next Mark
[459.909s][info][gc,marking  ] GC(1671) Concurrent Cleanup for Next Mark 0.203ms
[459.909s][info][gc          ] GC(1671) Concurrent Undo Cycle 0.317ms
[460.430s][info][gc,start    ] GC(1672) Pause Young (Concurrent Start) (G1 Humongous Allocation)
[460.430s][info][gc,task     ] GC(1672) Using 8 workers of 8 for evacuation
[460.434s][info][gc,phases   ] GC(1672)   Pre Evacuate Collection Set: 0.4ms
[460.434s][info][gc,phases   ] GC(1672)   Merge Heap Roots: 0.3ms
[460.434s][info][gc,phases   ] GC(1672)   Evacuate Collection Set: 2.0ms
[460.434s][info][gc,phases   ] GC(1672)   Post Evacuate Collection Set: 0.9ms
[460.434s][info][gc,phases   ] GC(1672)   Other: 0.2ms
[460.434s][info][gc,heap     ] GC(1672) Eden regions: 1->0(75)
[460.434s][info][gc,heap     ] GC(1672) Survivor regions: 1->1(10)
[460.434s][info][gc,heap     ] GC(1672) Old regions: 8->8
[460.434s][info][gc,heap     ] GC(1672) Archive regions: 2->2
[460.434s][info][gc,heap     ] GC(1672) Humongous regions: 96->0
[460.434s][info][gc,metaspace] GC(1672) Metaspace: 29090K(29504K)->29090K(29504K) NonClass: 25530K(25728K)->25530K(25728K) Class: 3559K(3776K)->3559K(3776K)
[460.434s][info][gc          ] GC(1672) Pause Young (Concurrent Start) (G1 Humongous Allocation) 210M->16M(254M) 4.517ms
[460.434s][info][gc,cpu      ] GC(1672) User=0.00s Sys=0.00s Real=0.00s
[460.435s][info][gc          ] GC(1673) Concurrent Undo Cycle
[460.435s][info][gc,marking  ] GC(1673) Concurrent Cleanup for Next Mark
[460.435s][info][gc,marking  ] GC(1673) Concurrent Cleanup for Next Mark 0.138ms
[460.435s][info][gc          ] GC(1673) Concurrent Undo Cycle 0.323ms
[460.955s][info][gc,start    ] GC(1674) Pause Young (Concurrent Start) (G1 Humongous Allocation)
[460.955s][info][gc,task     ] GC(1674) Using 8 workers of 8 for evacuation
[460.958s][info][gc,phases   ] GC(1674)   Pre Evacuate Collection Set: 0.5ms
[460.958s][info][gc,phases   ] GC(1674)   Merge Heap Roots: 0.2ms
[460.958s][info][gc,phases   ] GC(1674)   Evacuate Collection Set: 2.0ms
[460.958s][info][gc,phases   ] GC(1674)   Post Evacuate Collection Set: 0.5ms
[460.959s][info][gc,phases   ] GC(1674)   Other: 0.3ms
[460.959s][info][gc,heap     ] GC(1674) Eden regions: 1->0(75)
[460.959s][info][gc,heap     ] GC(1674) Survivor regions: 1->1(10)
[460.959s][info][gc,heap     ] GC(1674) Old regions: 8->8
[460.959s][info][gc,heap     ] GC(1674) Archive regions: 2->2
[460.959s][info][gc,heap     ] GC(1674) Humongous regions: 96->0
[460.959s][info][gc,metaspace] GC(1674) Metaspace: 29090K(29504K)->29090K(29504K) NonClass: 25530K(25728K)->25530K(25728K) Class: 3559K(3776K)->3559K(3776K)
[460.959s][info][gc          ] GC(1674) Pause Young (Concurrent Start) (G1 Humongous Allocation) 210M->16M(254M) 4.140ms
[460.959s][info][gc,cpu      ] GC(1674) User=0.01s Sys=0.00s Real=0.01s
[460.959s][info][gc          ] GC(1675) Concurrent Undo Cycle
[460.959s][info][gc,marking  ] GC(1675) Concurrent Cleanup for Next Mark
[460.959s][info][gc,marking  ] GC(1675) Concurrent Cleanup for Next Mark 0.143ms
[460.959s][info][gc          ] GC(1675) Concurrent Undo Cycle 0.331ms
[461.482s][info][gc,start    ] GC(1676) Pause Young (Concurrent Start) (G1 Humongous Allocation)
[461.482s][info][gc,task     ] GC(1676) Using 8 workers of 8 for evacuation
[461.485s][info][gc,phases   ] GC(1676)   Pre Evacuate Collection Set: 0.4ms
[461.485s][info][gc,phases   ] GC(1676)   Merge Heap Roots: 0.2ms
[461.485s][info][gc,phases   ] GC(1676)   Evacuate Collection Set: 1.2ms
[461.485s][info][gc,phases   ] GC(1676)   Post Evacuate Collection Set: 0.8ms
[461.485s][info][gc,phases   ] GC(1676)   Other: 0.2ms
[461.485s][info][gc,heap     ] GC(1676) Eden regions: 1->0(75)
[461.485s][info][gc,heap     ] GC(1676) Survivor regions: 1->1(10)
[461.485s][info][gc,heap     ] GC(1676) Old regions: 8->8
[461.486s][info][gc,heap     ] GC(1676) Archive regions: 2->2
[461.486s][info][gc,heap     ] GC(1676) Humongous regions: 96->0
[461.486s][info][gc,metaspace] GC(1676) Metaspace: 29090K(29504K)->29090K(29504K) NonClass: 25530K(25728K)->25530K(25728K) Class: 3559K(3776K)->3559K(3776K)
[461.486s][info][gc          ] GC(1676) Pause Young (Concurrent Start) (G1 Humongous Allocation) 210M->16M(254M) 3.515ms
[461.486s][info][gc,cpu      ] GC(1676) User=0.00s Sys=0.00s Real=0.00s
[461.486s][info][gc          ] GC(1677) Concurrent Undo Cycle
[461.486s][info][gc,marking  ] GC(1677) Concurrent Cleanup for Next Mark
[461.486s][info][gc,marking  ] GC(1677) Concurrent Cleanup for Next Mark 0.208ms
[461.486s][info][gc          ] GC(1677) Concurrent Undo Cycle 0.611ms
[462.003s][info][gc,start    ] GC(1678) Pause Young (Concurrent Start) (G1 Humongous Allocation)
[462.004s][info][gc,task     ] GC(1678) Using 8 workers of 8 for evacuation
[462.005s][info][gc,phases   ] GC(1678)   Pre Evacuate Collection Set: 0.2ms
[462.005s][info][gc,phases   ] GC(1678)   Merge Heap Roots: 0.1ms
[462.005s][info][gc,phases   ] GC(1678)   Evacuate Collection Set: 0.7ms
[462.005s][info][gc,phases   ] GC(1678)   Post Evacuate Collection Set: 0.4ms
[462.005s][info][gc,phases   ] GC(1678)   Other: 0.1ms
[462.005s][info][gc,heap     ] GC(1678) Eden regions: 1->0(75)
[462.005s][info][gc,heap     ] GC(1678) Survivor regions: 1->1(10)
[462.005s][info][gc,heap     ] GC(1678) Old regions: 8->8
[462.005s][info][gc,heap     ] GC(1678) Archive regions: 2->2
[462.005s][info][gc,heap     ] GC(1678) Humongous regions: 96->0
[462.005s][info][gc,metaspace] GC(1678) Metaspace: 29090K(29504K)->29090K(29504K) NonClass: 25530K(25728K)->25530K(25728K) Class: 3559K(3776K)->3559K(3776K)
[462.005s][info][gc          ] GC(1678) Pause Young (Concurrent Start) (G1 Humongous Allocation) 210M->16M(254M) 1.883ms
[462.005s][info][gc,cpu      ] GC(1678) User=0.00s Sys=0.01s Real=0.00s
[462.005s][info][gc          ] GC(1679) Concurrent Undo Cycle
[462.005s][info][gc,marking  ] GC(1679) Concurrent Cleanup for Next Mark
[462.006s][info][gc,marking  ] GC(1679) Concurrent Cleanup for Next Mark 0.093ms
[462.006s][info][gc          ] GC(1679) Concurrent Undo Cycle 0.220ms
[462.522s][info][gc,start    ] GC(1680) Pause Young (Concurrent Start) (G1 Humongous Allocation)
[462.522s][info][gc,task     ] GC(1680) Using 8 workers of 8 for evacuation
[462.525s][info][gc,phases   ] GC(1680)   Pre Evacuate Collection Set: 0.9ms
[462.525s][info][gc,phases   ] GC(1680)   Merge Heap Roots: 0.4ms
[462.525s][info][gc,phases   ] GC(1680)   Evacuate Collection Set: 1.1ms
[462.525s][info][gc,phases   ] GC(1680)   Post Evacuate Collection Set: 0.4ms
[462.525s][info][gc,phases   ] GC(1680)   Other: 0.4ms
[462.525s][info][gc,heap     ] GC(1680) Eden regions: 1->0(75)
[462.525s][info][gc,heap     ] GC(1680) Survivor regions: 1->1(10)
[462.525s][info][gc,heap     ] GC(1680) Old regions: 8->8
[462.525s][info][gc,heap     ] GC(1680) Archive regions: 2->2
[462.525s][info][gc,heap     ] GC(1680) Humongous regions: 96->0
[462.525s][info][gc,metaspace] GC(1680) Metaspace: 29090K(29504K)->29090K(29504K) NonClass: 25530K(25728K)->25530K(25728K) Class: 3559K(3776K)->3559K(3776K)
[462.525s][info][gc          ] GC(1680) Pause Young (Concurrent Start) (G1 Humongous Allocation) 210M->16M(254M) 3.626ms
[462.525s][info][gc,cpu      ] GC(1680) User=0.01s Sys=0.00s Real=0.00s
[462.525s][info][gc          ] GC(1681) Concurrent Undo Cycle
[462.526s][info][gc,marking  ] GC(1681) Concurrent Cleanup for Next Mark
[462.526s][info][gc,marking  ] GC(1681) Concurrent Cleanup for Next Mark 0.569ms
[462.526s][info][gc          ] GC(1681) Concurrent Undo Cycle 0.725ms
[463.038s][info][gc,start    ] GC(1682) Pause Young (Concurrent Start) (G1 Humongous Allocation)
[463.038s][info][gc,task     ] GC(1682) Using 8 workers of 8 for evacuation
[463.040s][info][gc,phases   ] GC(1682)   Pre Evacuate Collection Set: 0.2ms
[463.040s][info][gc,phases   ] GC(1682)   Merge Heap Roots: 0.1ms
[463.040s][info][gc,phases   ] GC(1682)   Evacuate Collection Set: 0.5ms
[463.040s][info][gc,phases   ] GC(1682)   Post Evacuate Collection Set: 0.4ms
[463.040s][info][gc,phases   ] GC(1682)   Other: 0.1ms
[463.040s][info][gc,heap     ] GC(1682) Eden regions: 1->0(75)
[463.040s][info][gc,heap     ] GC(1682) Survivor regions: 1->1(10)
[463.040s][info][gc,heap     ] GC(1682) Old regions: 8->8
[463.040s][info][gc,heap     ] GC(1682) Archive regions: 2->2
[463.040s][info][gc,heap     ] GC(1682) Humongous regions: 96->0
[463.040s][info][gc,metaspace] GC(1682) Metaspace: 29090K(29504K)->29090K(29504K) NonClass: 25530K(25728K)->25530K(25728K) Class: 3559K(3776K)->3559K(3776K)
[463.040s][info][gc          ] GC(1682) Pause Young (Concurrent Start) (G1 Humongous Allocation) 210M->16M(254M) 1.609ms
[463.040s][info][gc,cpu      ] GC(1682) User=0.00s Sys=0.00s Real=0.00s
[463.040s][info][gc          ] GC(1683) Concurrent Undo Cycle
[463.040s][info][gc,marking  ] GC(1683) Concurrent Cleanup for Next Mark
[463.040s][info][gc,marking  ] GC(1683) Concurrent Cleanup for Next Mark 0.074ms
[463.040s][info][gc          ] GC(1683) Concurrent Undo Cycle 0.151ms
[463.551s][info][gc,start    ] GC(1684) Pause Young (Concurrent Start) (G1 Humongous Allocation)
[463.552s][info][gc,task     ] GC(1684) Using 8 workers of 8 for evacuation
[463.553s][info][gc,phases   ] GC(1684)   Pre Evacuate Collection Set: 0.3ms
[463.553s][info][gc,phases   ] GC(1684)   Merge Heap Roots: 0.1ms
[463.553s][info][gc,phases   ] GC(1684)   Evacuate Collection Set: 0.5ms
[463.553s][info][gc,phases   ] GC(1684)   Post Evacuate Collection Set: 0.4ms
[463.553s][info][gc,phases   ] GC(1684)   Other: -0.0ms
[463.553s][info][gc,heap     ] GC(1684) Eden regions: 1->0(75)
[463.553s][info][gc,heap     ] GC(1684) Survivor regions: 1->1(10)
[463.553s][info][gc,heap     ] GC(1684) Old regions: 8->8
[463.553s][info][gc,heap     ] GC(1684) Archive regions: 2->2
[463.553s][info][gc,heap     ] GC(1684) Humongous regions: 96->0
[463.553s][info][gc,metaspace] GC(1684) Metaspace: 29090K(29504K)->29090K(29504K) NonClass: 25530K(25728K)->25530K(25728K) Class: 3559K(3776K)->3559K(3776K)
[463.553s][info][gc          ] GC(1684) Pause Young (Concurrent Start) (G1 Humongous Allocation) 210M->16M(254M) 1.482ms
[463.553s][info][gc,cpu      ] GC(1684) User=0.00s Sys=0.00s Real=0.00s
[463.553s][info][gc          ] GC(1685) Concurrent Undo Cycle
[463.553s][info][gc,marking  ] GC(1685) Concurrent Cleanup for Next Mark
[463.553s][info][gc,marking  ] GC(1685) Concurrent Cleanup for Next Mark 0.081ms
[463.553s][info][gc          ] GC(1685) Concurrent Undo Cycle 0.176ms
[464.063s][info][gc,start    ] GC(1686) Pause Young (Concurrent Start) (G1 Humongous Allocation)
[464.063s][info][gc,task     ] GC(1686) Using 8 workers of 8 for evacuation
[464.066s][info][gc,phases   ] GC(1686)   Pre Evacuate Collection Set: 0.4ms
[464.066s][info][gc,phases   ] GC(1686)   Merge Heap Roots: 0.2ms
[464.066s][info][gc,phases   ] GC(1686)   Evacuate Collection Set: 1.2ms
[464.066s][info][gc,phases   ] GC(1686)   Post Evacuate Collection Set: 0.8ms
[464.066s][info][gc,phases   ] GC(1686)   Other: 0.3ms
[464.066s][info][gc,heap     ] GC(1686) Eden regions: 1->0(75)
[464.066s][info][gc,heap     ] GC(1686) Survivor regions: 1->1(10)
[464.066s][info][gc,heap     ] GC(1686) Old regions: 8->8
[464.066s][info][gc,heap     ] GC(1686) Archive regions: 2->2
[464.066s][info][gc,heap     ] GC(1686) Humongous regions: 96->0
[464.066s][info][gc,metaspace] GC(1686) Metaspace: 29090K(29504K)->29090K(29504K) NonClass: 25530K(25728K)->25530K(25728K) Class: 3559K(3776K)->3559K(3776K)
[464.066s][info][gc          ] GC(1686) Pause Young (Concurrent Start) (G1 Humongous Allocation) 210M->16M(254M) 3.625ms
[464.066s][info][gc,cpu      ] GC(1686) User=0.00s Sys=0.00s Real=0.00s
[464.067s][info][gc          ] GC(1687) Concurrent Undo Cycle
[464.067s][info][gc,marking  ] GC(1687) Concurrent Cleanup for Next Mark
[464.067s][info][gc,marking  ] GC(1687) Concurrent Cleanup for Next Mark 0.186ms
[464.067s][info][gc          ] GC(1687) Concurrent Undo Cycle 0.455ms
[464.585s][info][gc,start    ] GC(1688) Pause Young (Concurrent Start) (G1 Humongous Allocation)
[464.585s][info][gc,task     ] GC(1688) Using 8 workers of 8 for evacuation
[464.586s][info][gc,phases   ] GC(1688)   Pre Evacuate Collection Set: 0.1ms
[464.586s][info][gc,phases   ] GC(1688)   Merge Heap Roots: 0.0ms
[464.586s][info][gc,phases   ] GC(1688)   Evacuate Collection Set: 0.5ms
[464.586s][info][gc,phases   ] GC(1688)   Post Evacuate Collection Set: 0.2ms
[464.586s][info][gc,phases   ] GC(1688)   Other: 0.1ms
[464.586s][info][gc,heap     ] GC(1688) Eden regions: 1->0(75)
[464.586s][info][gc,heap     ] GC(1688) Survivor regions: 1->1(10)
[464.586s][info][gc,heap     ] GC(1688) Old regions: 8->8
[464.586s][info][gc,heap     ] GC(1688) Archive regions: 2->2
[464.586s][info][gc,heap     ] GC(1688) Humongous regions: 96->0
[464.586s][info][gc,metaspace] GC(1688) Metaspace: 29090K(29504K)->29090K(29504K) NonClass: 25530K(25728K)->25530K(25728K) Class: 3559K(3776K)->3559K(3776K)
[464.586s][info][gc          ] GC(1688) Pause Young (Concurrent Start) (G1 Humongous Allocation) 210M->16M(254M) 1.223ms
[464.586s][info][gc          ] GC(1689) Concurrent Undo Cycle
[464.586s][info][gc,cpu      ] GC(1688) User=0.00s Sys=0.01s Real=0.00s
[464.586s][info][gc,marking  ] GC(1689) Concurrent Cleanup for Next Mark
[464.586s][info][gc,marking  ] GC(1689) Concurrent Cleanup for Next Mark 0.137ms
[464.586s][info][gc          ] GC(1689) Concurrent Undo Cycle 0.214ms
[465.095s][info][gc,start    ] GC(1690) Pause Young (Concurrent Start) (G1 Humongous Allocation)
[465.095s][info][gc,task     ] GC(1690) Using 8 workers of 8 for evacuation
[465.097s][info][gc,phases   ] GC(1690)   Pre Evacuate Collection Set: 0.2ms
[465.097s][info][gc,phases   ] GC(1690)   Merge Heap Roots: 0.1ms
[465.097s][info][gc,phases   ] GC(1690)   Evacuate Collection Set: 1.1ms
[465.097s][info][gc,phases   ] GC(1690)   Post Evacuate Collection Set: 0.7ms
[465.097s][info][gc,phases   ] GC(1690)   Other: 0.2ms
[465.097s][info][gc,heap     ] GC(1690) Eden regions: 1->0(75)
[465.097s][info][gc,heap     ] GC(1690) Survivor regions: 1->1(10)
[465.097s][info][gc,heap     ] GC(1690) Old regions: 8->8
[465.097s][info][gc,heap     ] GC(1690) Archive regions: 2->2
[465.097s][info][gc,heap     ] GC(1690) Humongous regions: 96->0
[465.097s][info][gc,metaspace] GC(1690) Metaspace: 29090K(29504K)->29090K(29504K) NonClass: 25530K(25728K)->25530K(25728K) Class: 3559K(3776K)->3559K(3776K)
[465.098s][info][gc          ] GC(1690) Pause Young (Concurrent Start) (G1 Humongous Allocation) 210M->16M(254M) 2.996ms
[465.098s][info][gc,cpu      ] GC(1690) User=0.00s Sys=0.00s Real=0.00s
[465.098s][info][gc          ] GC(1691) Concurrent Undo Cycle
[465.098s][info][gc,marking  ] GC(1691) Concurrent Cleanup for Next Mark
[465.098s][info][gc,marking  ] GC(1691) Concurrent Cleanup for Next Mark 0.143ms
[465.098s][info][gc          ] GC(1691) Concurrent Undo Cycle 0.382ms
[465.613s][info][gc,start    ] GC(1692) Pause Young (Concurrent Start) (G1 Humongous Allocation)
[465.613s][info][gc,task     ] GC(1692) Using 8 workers of 8 for evacuation
[465.615s][info][gc,phases   ] GC(1692)   Pre Evacuate Collection Set: 0.2ms
[465.615s][info][gc,phases   ] GC(1692)   Merge Heap Roots: 0.1ms
[465.615s][info][gc,phases   ] GC(1692)   Evacuate Collection Set: 0.8ms
[465.615s][info][gc,phases   ] GC(1692)   Post Evacuate Collection Set: 0.5ms
[465.615s][info][gc,phases   ] GC(1692)   Other: 0.1ms
[465.615s][info][gc,heap     ] GC(1692) Eden regions: 1->0(75)
[465.615s][info][gc,heap     ] GC(1692) Survivor regions: 1->1(10)
[465.615s][info][gc,heap     ] GC(1692) Old regions: 8->8
[465.615s][info][gc,heap     ] GC(1692) Archive regions: 2->2
[465.615s][info][gc,heap     ] GC(1692) Humongous regions: 96->0
[465.615s][info][gc,metaspace] GC(1692) Metaspace: 29090K(29504K)->29090K(29504K) NonClass: 25530K(25728K)->25530K(25728K) Class: 3559K(3776K)->3559K(3776K)
[465.615s][info][gc          ] GC(1692) Pause Young (Concurrent Start) (G1 Humongous Allocation) 210M->16M(254M) 2.308ms
[465.615s][info][gc          ] GC(1693) Concurrent Undo Cycle
[465.615s][info][gc,cpu      ] GC(1692) User=0.00s Sys=0.00s Real=0.00s
[465.615s][info][gc,marking  ] GC(1693) Concurrent Cleanup for Next Mark
[465.615s][info][gc,marking  ] GC(1693) Concurrent Cleanup for Next Mark 0.184ms
[465.615s][info][gc          ] GC(1693) Concurrent Undo Cycle 0.291ms
[466.129s][info][gc,start    ] GC(1694) Pause Young (Concurrent Start) (G1 Humongous Allocation)
[466.129s][info][gc,task     ] GC(1694) Using 8 workers of 8 for evacuation
[466.130s][info][gc,phases   ] GC(1694)   Pre Evacuate Collection Set: 0.1ms
[466.130s][info][gc,phases   ] GC(1694)   Merge Heap Roots: 0.0ms
[466.130s][info][gc,phases   ] GC(1694)   Evacuate Collection Set: 0.5ms
[466.130s][info][gc,phases   ] GC(1694)   Post Evacuate Collection Set: 0.2ms
[466.130s][info][gc,phases   ] GC(1694)   Other: 0.1ms
[466.130s][info][gc,heap     ] GC(1694) Eden regions: 1->0(75)
[466.130s][info][gc,heap     ] GC(1694) Survivor regions: 1->1(10)
[466.130s][info][gc,heap     ] GC(1694) Old regions: 8->8
[466.130s][info][gc,heap     ] GC(1694) Archive regions: 2->2
[466.130s][info][gc,heap     ] GC(1694) Humongous regions: 96->0
[466.130s][info][gc,metaspace] GC(1694) Metaspace: 29090K(29504K)->29090K(29504K) NonClass: 25530K(25728K)->25530K(25728K) Class: 3559K(3776K)->3559K(3776K)
[466.130s][info][gc          ] GC(1694) Pause Young (Concurrent Start) (G1 Humongous Allocation) 210M->16M(254M) 1.157ms
[466.130s][info][gc,cpu      ] GC(1694) User=0.00s Sys=0.00s Real=0.00s
[466.130s][info][gc          ] GC(1695) Concurrent Undo Cycle
[466.130s][info][gc,marking  ] GC(1695) Concurrent Cleanup for Next Mark
[466.130s][info][gc,marking  ] GC(1695) Concurrent Cleanup for Next Mark 0.077ms
[466.130s][info][gc          ] GC(1695) Concurrent Undo Cycle 0.142ms
[466.642s][info][gc,start    ] GC(1696) Pause Young (Concurrent Start) (G1 Humongous Allocation)
[466.642s][info][gc,task     ] GC(1696) Using 8 workers of 8 for evacuation
[466.643s][info][gc,phases   ] GC(1696)   Pre Evacuate Collection Set: 0.1ms
[466.644s][info][gc,phases   ] GC(1696)   Merge Heap Roots: 0.0ms
[466.644s][info][gc,phases   ] GC(1696)   Evacuate Collection Set: 0.6ms
[466.644s][info][gc,phases   ] GC(1696)   Post Evacuate Collection Set: 0.3ms
[466.644s][info][gc,phases   ] GC(1696)   Other: 0.1ms
[466.644s][info][gc,heap     ] GC(1696) Eden regions: 1->0(75)
[466.644s][info][gc,heap     ] GC(1696) Survivor regions: 1->1(10)
[466.644s][info][gc,heap     ] GC(1696) Old regions: 8->8
[466.644s][info][gc,heap     ] GC(1696) Archive regions: 2->2
[466.644s][info][gc,heap     ] GC(1696) Humongous regions: 96->0
[466.644s][info][gc,metaspace] GC(1696) Metaspace: 29090K(29504K)->29090K(29504K) NonClass: 25530K(25728K)->25530K(25728K) Class: 3559K(3776K)->3559K(3776K)
[466.644s][info][gc          ] GC(1696) Pause Young (Concurrent Start) (G1 Humongous Allocation) 210M->16M(254M) 1.451ms
[466.644s][info][gc          ] GC(1697) Concurrent Undo Cycle
[466.644s][info][gc,cpu      ] GC(1696) User=0.00s Sys=0.00s Real=0.00s
[466.644s][info][gc,marking  ] GC(1697) Concurrent Cleanup for Next Mark
[466.644s][info][gc,marking  ] GC(1697) Concurrent Cleanup for Next Mark 0.158ms
[466.644s][info][gc          ] GC(1697) Concurrent Undo Cycle 0.234ms
[467.157s][info][gc,start    ] GC(1698) Pause Young (Concurrent Start) (G1 Humongous Allocation)
[467.157s][info][gc,task     ] GC(1698) Using 8 workers of 8 for evacuation
[467.158s][info][gc,phases   ] GC(1698)   Pre Evacuate Collection Set: 0.1ms
[467.158s][info][gc,phases   ] GC(1698)   Merge Heap Roots: 0.0ms
[467.158s][info][gc,phases   ] GC(1698)   Evacuate Collection Set: 0.5ms
[467.158s][info][gc,phases   ] GC(1698)   Post Evacuate Collection Set: 0.2ms
[467.158s][info][gc,phases   ] GC(1698)   Other: 0.1ms
[467.158s][info][gc,heap     ] GC(1698) Eden regions: 2->0(75)
[467.158s][info][gc,heap     ] GC(1698) Survivor regions: 1->1(10)
[467.158s][info][gc,heap     ] GC(1698) Old regions: 8->8
[467.158s][info][gc,heap     ] GC(1698) Archive regions: 2->2
[467.158s][info][gc,heap     ] GC(1698) Humongous regions: 96->0
[467.158s][info][gc,metaspace] GC(1698) Metaspace: 29090K(29504K)->29090K(29504K) NonClass: 25530K(25728K)->25530K(25728K) Class: 3559K(3776K)->3559K(3776K)
[467.158s][info][gc          ] GC(1698) Pause Young (Concurrent Start) (G1 Humongous Allocation) 210M->16M(254M) 1.157ms
[467.158s][info][gc          ] GC(1699) Concurrent Undo Cycle
[467.158s][info][gc,cpu      ] GC(1698) User=0.00s Sys=0.00s Real=0.01s
[467.158s][info][gc,marking  ] GC(1699) Concurrent Cleanup for Next Mark
[467.159s][info][gc,marking  ] GC(1699) Concurrent Cleanup for Next Mark 0.150ms
[467.159s][info][gc          ] GC(1699) Concurrent Undo Cycle 0.212ms
[467.667s][info][gc,start    ] GC(1700) Pause Young (Concurrent Start) (G1 Humongous Allocation)
[467.667s][info][gc,task     ] GC(1700) Using 8 workers of 8 for evacuation
[467.668s][info][gc,phases   ] GC(1700)   Pre Evacuate Collection Set: 0.1ms
[467.668s][info][gc,phases   ] GC(1700)   Merge Heap Roots: 0.0ms
[467.668s][info][gc,phases   ] GC(1700)   Evacuate Collection Set: 0.5ms
[467.668s][info][gc,phases   ] GC(1700)   Post Evacuate Collection Set: 0.2ms
[467.668s][info][gc,phases   ] GC(1700)   Other: 0.0ms
[467.668s][info][gc,heap     ] GC(1700) Eden regions: 1->0(75)
[467.668s][info][gc,heap     ] GC(1700) Survivor regions: 1->1(10)
[467.668s][info][gc,heap     ] GC(1700) Old regions: 8->8
[467.668s][info][gc,heap     ] GC(1700) Archive regions: 2->2
[467.668s][info][gc,heap     ] GC(1700) Humongous regions: 96->0
[467.668s][info][gc,metaspace] GC(1700) Metaspace: 29090K(29504K)->29090K(29504K) NonClass: 25530K(25728K)->25530K(25728K) Class: 3559K(3776K)->3559K(3776K)
[467.668s][info][gc          ] GC(1700) Pause Young (Concurrent Start) (G1 Humongous Allocation) 210M->16M(254M) 1.155ms
[467.668s][info][gc,cpu      ] GC(1700) User=0.00s Sys=0.00s Real=0.00s
[467.668s][info][gc          ] GC(1701) Concurrent Undo Cycle
[467.668s][info][gc,marking  ] GC(1701) Concurrent Cleanup for Next Mark
[467.668s][info][gc,marking  ] GC(1701) Concurrent Cleanup for Next Mark 0.061ms
[467.668s][info][gc          ] GC(1701) Concurrent Undo Cycle 0.171ms
[468.178s][info][gc,start    ] GC(1702) Pause Young (Concurrent Start) (G1 Humongous Allocation)
[468.178s][info][gc,task     ] GC(1702) Using 8 workers of 8 for evacuation
[468.179s][info][gc,phases   ] GC(1702)   Pre Evacuate Collection Set: 0.2ms
[468.179s][info][gc,phases   ] GC(1702)   Merge Heap Roots: 0.1ms
[468.179s][info][gc,phases   ] GC(1702)   Evacuate Collection Set: 0.6ms
[468.179s][info][gc,phases   ] GC(1702)   Post Evacuate Collection Set: 0.3ms
[468.179s][info][gc,phases   ] GC(1702)   Other: 0.1ms
[468.179s][info][gc,heap     ] GC(1702) Eden regions: 1->0(75)
[468.179s][info][gc,heap     ] GC(1702) Survivor regions: 1->1(10)
[468.179s][info][gc,heap     ] GC(1702) Old regions: 8->8
[468.179s][info][gc,heap     ] GC(1702) Archive regions: 2->2
[468.179s][info][gc,heap     ] GC(1702) Humongous regions: 96->0
[468.179s][info][gc,metaspace] GC(1702) Metaspace: 29090K(29504K)->29090K(29504K) NonClass: 25530K(25728K)->25530K(25728K) Class: 3559K(3776K)->3559K(3776K)
[468.179s][info][gc          ] GC(1702) Pause Young (Concurrent Start) (G1 Humongous Allocation) 210M->16M(254M) 1.451ms
[468.179s][info][gc          ] GC(1703) Concurrent Undo Cycle
[468.179s][info][gc,cpu      ] GC(1702) User=0.00s Sys=0.00s Real=0.01s
[468.179s][info][gc,marking  ] GC(1703) Concurrent Cleanup for Next Mark
[468.179s][info][gc,marking  ] GC(1703) Concurrent Cleanup for Next Mark 0.112ms
[468.179s][info][gc          ] GC(1703) Concurrent Undo Cycle 0.190ms
[468.691s][info][gc,start    ] GC(1704) Pause Young (Concurrent Start) (G1 Humongous Allocation)
[468.692s][info][gc,task     ] GC(1704) Using 8 workers of 8 for evacuation
[468.693s][info][gc,phases   ] GC(1704)   Pre Evacuate Collection Set: 0.1ms
[468.693s][info][gc,phases   ] GC(1704)   Merge Heap Roots: 0.0ms
[468.693s][info][gc,phases   ] GC(1704)   Evacuate Collection Set: 0.5ms
[468.693s][info][gc,phases   ] GC(1704)   Post Evacuate Collection Set: 0.3ms
[468.693s][info][gc,phases   ] GC(1704)   Other: 0.1ms
[468.693s][info][gc,heap     ] GC(1704) Eden regions: 1->0(75)
[468.693s][info][gc,heap     ] GC(1704) Survivor regions: 1->1(10)
[468.693s][info][gc,heap     ] GC(1704) Old regions: 8->8
[468.693s][info][gc,heap     ] GC(1704) Archive regions: 2->2
[468.693s][info][gc,heap     ] GC(1704) Humongous regions: 96->0
[468.693s][info][gc,metaspace] GC(1704) Metaspace: 29090K(29504K)->29090K(29504K) NonClass: 25530K(25728K)->25530K(25728K) Class: 3559K(3776K)->3559K(3776K)
[468.693s][info][gc          ] GC(1704) Pause Young (Concurrent Start) (G1 Humongous Allocation) 210M->16M(254M) 1.508ms
[468.693s][info][gc          ] GC(1705) Concurrent Undo Cycle
[468.693s][info][gc,cpu      ] GC(1704) User=0.00s Sys=0.00s Real=0.00s
[468.693s][info][gc,marking  ] GC(1705) Concurrent Cleanup for Next Mark
[468.693s][info][gc,marking  ] GC(1705) Concurrent Cleanup for Next Mark 0.077ms
[468.693s][info][gc          ] GC(1705) Concurrent Undo Cycle 0.180ms
[469.201s][info][gc,start    ] GC(1706) Pause Young (Concurrent Start) (G1 Humongous Allocation)
[469.202s][info][gc,task     ] GC(1706) Using 8 workers of 8 for evacuation
[469.205s][info][gc,phases   ] GC(1706)   Pre Evacuate Collection Set: 0.3ms
[469.205s][info][gc,phases   ] GC(1706)   Merge Heap Roots: 1.0ms
[469.205s][info][gc,phases   ] GC(1706)   Evacuate Collection Set: 1.3ms
[469.205s][info][gc,phases   ] GC(1706)   Post Evacuate Collection Set: 0.3ms
[469.205s][info][gc,phases   ] GC(1706)   Other: 0.1ms
[469.205s][info][gc,heap     ] GC(1706) Eden regions: 1->0(75)
[469.205s][info][gc,heap     ] GC(1706) Survivor regions: 1->1(10)
[469.205s][info][gc,heap     ] GC(1706) Old regions: 8->8
[469.205s][info][gc,heap     ] GC(1706) Archive regions: 2->2
[469.205s][info][gc,heap     ] GC(1706) Humongous regions: 96->0
[469.205s][info][gc,metaspace] GC(1706) Metaspace: 29090K(29504K)->29090K(29504K) NonClass: 25530K(25728K)->25530K(25728K) Class: 3559K(3776K)->3559K(3776K)
[469.205s][info][gc          ] GC(1706) Pause Young (Concurrent Start) (G1 Humongous Allocation) 210M->16M(254M) 3.348ms
[469.205s][info][gc          ] GC(1707) Concurrent Undo Cycle
[469.205s][info][gc,cpu      ] GC(1706) User=0.00s Sys=0.00s Real=0.00s
[469.205s][info][gc,marking  ] GC(1707) Concurrent Cleanup for Next Mark
[469.205s][info][gc,marking  ] GC(1707) Concurrent Cleanup for Next Mark 0.499ms
[469.205s][info][gc          ] GC(1707) Concurrent Undo Cycle 0.605ms
[469.717s][info][gc,start    ] GC(1708) Pause Young (Concurrent Start) (G1 Humongous Allocation)
[469.717s][info][gc,task     ] GC(1708) Using 8 workers of 8 for evacuation
[469.718s][info][gc,phases   ] GC(1708)   Pre Evacuate Collection Set: 0.2ms
[469.718s][info][gc,phases   ] GC(1708)   Merge Heap Roots: 0.1ms
[469.718s][info][gc,phases   ] GC(1708)   Evacuate Collection Set: 0.5ms
[469.718s][info][gc,phases   ] GC(1708)   Post Evacuate Collection Set: 0.2ms
[469.718s][info][gc,phases   ] GC(1708)   Other: 0.1ms
[469.718s][info][gc,heap     ] GC(1708) Eden regions: 1->0(75)
[469.718s][info][gc,heap     ] GC(1708) Survivor regions: 1->1(10)
[469.718s][info][gc,heap     ] GC(1708) Old regions: 8->8
[469.718s][info][gc,heap     ] GC(1708) Archive regions: 2->2
[469.718s][info][gc,heap     ] GC(1708) Humongous regions: 96->0
[469.718s][info][gc,metaspace] GC(1708) Metaspace: 29090K(29504K)->29090K(29504K) NonClass: 25530K(25728K)->25530K(25728K) Class: 3559K(3776K)->3559K(3776K)
[469.718s][info][gc          ] GC(1708) Pause Young (Concurrent Start) (G1 Humongous Allocation) 210M->16M(254M) 1.479ms
[469.718s][info][gc          ] GC(1709) Concurrent Undo Cycle
[469.718s][info][gc,cpu      ] GC(1708) User=0.00s Sys=0.00s Real=0.01s
[469.718s][info][gc,marking  ] GC(1709) Concurrent Cleanup for Next Mark
[469.718s][info][gc,marking  ] GC(1709) Concurrent Cleanup for Next Mark 0.081ms
[469.718s][info][gc          ] GC(1709) Concurrent Undo Cycle 0.150ms
[470.229s][info][gc,start    ] GC(1710) Pause Young (Concurrent Start) (G1 Humongous Allocation)
[470.229s][info][gc,task     ] GC(1710) Using 8 workers of 8 for evacuation
[470.232s][info][gc,phases   ] GC(1710)   Pre Evacuate Collection Set: 0.5ms
[470.232s][info][gc,phases   ] GC(1710)   Merge Heap Roots: 0.2ms
[470.232s][info][gc,phases   ] GC(1710)   Evacuate Collection Set: 1.2ms
[470.232s][info][gc,phases   ] GC(1710)   Post Evacuate Collection Set: 0.7ms
[470.232s][info][gc,phases   ] GC(1710)   Other: 0.2ms
[470.232s][info][gc,heap     ] GC(1710) Eden regions: 1->0(75)
[470.232s][info][gc,heap     ] GC(1710) Survivor regions: 1->1(10)
[470.232s][info][gc,heap     ] GC(1710) Old regions: 8->8
[470.232s][info][gc,heap     ] GC(1710) Archive regions: 2->2
[470.232s][info][gc,heap     ] GC(1710) Humongous regions: 96->0
[470.232s][info][gc,metaspace] GC(1710) Metaspace: 29090K(29504K)->29090K(29504K) NonClass: 25530K(25728K)->25530K(25728K) Class: 3559K(3776K)->3559K(3776K)
[470.232s][info][gc          ] GC(1710) Pause Young (Concurrent Start) (G1 Humongous Allocation) 210M->16M(254M) 3.490ms
[470.233s][info][gc,cpu      ] GC(1710) User=0.01s Sys=0.00s Real=0.00s
[470.233s][info][gc          ] GC(1711) Concurrent Undo Cycle
[470.233s][info][gc,marking  ] GC(1711) Concurrent Cleanup for Next Mark
[470.233s][info][gc,marking  ] GC(1711) Concurrent Cleanup for Next Mark 0.269ms
[470.233s][info][gc          ] GC(1711) Concurrent Undo Cycle 0.563ms
[470.751s][info][gc,start    ] GC(1712) Pause Young (Concurrent Start) (G1 Humongous Allocation)
[470.751s][info][gc,task     ] GC(1712) Using 8 workers of 8 for evacuation
[470.752s][info][gc,phases   ] GC(1712)   Pre Evacuate Collection Set: 0.2ms
[470.753s][info][gc,phases   ] GC(1712)   Merge Heap Roots: 0.0ms
[470.753s][info][gc,phases   ] GC(1712)   Evacuate Collection Set: 0.6ms
[470.753s][info][gc,phases   ] GC(1712)   Post Evacuate Collection Set: 0.4ms
[470.753s][info][gc,phases   ] GC(1712)   Other: 0.1ms
[470.753s][info][gc,heap     ] GC(1712) Eden regions: 2->0(75)
[470.753s][info][gc,heap     ] GC(1712) Survivor regions: 1->1(10)
[470.753s][info][gc,heap     ] GC(1712) Old regions: 8->8
[470.753s][info][gc,heap     ] GC(1712) Archive regions: 2->2
[470.753s][info][gc,heap     ] GC(1712) Humongous regions: 96->0
[470.753s][info][gc,metaspace] GC(1712) Metaspace: 29090K(29504K)->29090K(29504K) NonClass: 25530K(25728K)->25530K(25728K) Class: 3559K(3776K)->3559K(3776K)
[470.753s][info][gc          ] GC(1712) Pause Young (Concurrent Start) (G1 Humongous Allocation) 210M->16M(254M) 1.536ms
[470.753s][info][gc,cpu      ] GC(1712) User=0.00s Sys=0.00s Real=0.00s
[470.753s][info][gc          ] GC(1713) Concurrent Undo Cycle
[470.753s][info][gc,marking  ] GC(1713) Concurrent Cleanup for Next Mark
[470.753s][info][gc,marking  ] GC(1713) Concurrent Cleanup for Next Mark 0.070ms
[470.753s][info][gc          ] GC(1713) Concurrent Undo Cycle 0.145ms
[471.264s][info][gc,start    ] GC(1714) Pause Young (Concurrent Start) (G1 Humongous Allocation)
[471.264s][info][gc,task     ] GC(1714) Using 8 workers of 8 for evacuation
[471.265s][info][gc,phases   ] GC(1714)   Pre Evacuate Collection Set: 0.1ms
[471.265s][info][gc,phases   ] GC(1714)   Merge Heap Roots: 0.0ms
[471.265s][info][gc,phases   ] GC(1714)   Evacuate Collection Set: 0.5ms
[471.265s][info][gc,phases   ] GC(1714)   Post Evacuate Collection Set: 0.3ms
[471.265s][info][gc,phases   ] GC(1714)   Other: 0.1ms
[471.265s][info][gc,heap     ] GC(1714) Eden regions: 1->0(75)
[471.265s][info][gc,heap     ] GC(1714) Survivor regions: 1->1(10)
[471.265s][info][gc,heap     ] GC(1714) Old regions: 8->8
[471.265s][info][gc,heap     ] GC(1714) Archive regions: 2->2
[471.265s][info][gc,heap     ] GC(1714) Humongous regions: 96->0
[471.265s][info][gc,metaspace] GC(1714) Metaspace: 29090K(29504K)->29090K(29504K) NonClass: 25530K(25728K)->25530K(25728K) Class: 3559K(3776K)->3559K(3776K)
[471.265s][info][gc          ] GC(1714) Pause Young (Concurrent Start) (G1 Humongous Allocation) 209M->16M(254M) 1.248ms
[471.265s][info][gc,cpu      ] GC(1714) User=0.00s Sys=0.00s Real=0.00s
[471.265s][info][gc          ] GC(1715) Concurrent Undo Cycle
[471.265s][info][gc,marking  ] GC(1715) Concurrent Cleanup for Next Mark
[471.265s][info][gc,marking  ] GC(1715) Concurrent Cleanup for Next Mark 0.084ms
[471.265s][info][gc          ] GC(1715) Concurrent Undo Cycle 0.172ms
[471.780s][info][gc,start    ] GC(1716) Pause Young (Concurrent Start) (G1 Humongous Allocation)
[471.780s][info][gc,task     ] GC(1716) Using 8 workers of 8 for evacuation
[471.781s][info][gc,phases   ] GC(1716)   Pre Evacuate Collection Set: 0.1ms
[471.781s][info][gc,phases   ] GC(1716)   Merge Heap Roots: 0.0ms
[471.781s][info][gc,phases   ] GC(1716)   Evacuate Collection Set: 0.6ms
[471.781s][info][gc,phases   ] GC(1716)   Post Evacuate Collection Set: 0.4ms
[471.782s][info][gc,phases   ] GC(1716)   Other: 0.1ms
[471.782s][info][gc,heap     ] GC(1716) Eden regions: 2->0(75)
[471.782s][info][gc,heap     ] GC(1716) Survivor regions: 1->1(10)
[471.782s][info][gc,heap     ] GC(1716) Old regions: 8->8
[471.782s][info][gc,heap     ] GC(1716) Archive regions: 2->2
[471.782s][info][gc,heap     ] GC(1716) Humongous regions: 96->0
[471.782s][info][gc,metaspace] GC(1716) Metaspace: 29090K(29504K)->29090K(29504K) NonClass: 25530K(25728K)->25530K(25728K) Class: 3559K(3776K)->3559K(3776K)
[471.782s][info][gc          ] GC(1716) Pause Young (Concurrent Start) (G1 Humongous Allocation) 210M->16M(254M) 1.567ms
[471.782s][info][gc          ] GC(1717) Concurrent Undo Cycle
[471.782s][info][gc,cpu      ] GC(1716) User=0.01s Sys=0.00s Real=0.00s
[471.782s][info][gc,marking  ] GC(1717) Concurrent Cleanup for Next Mark
[471.782s][info][gc,marking  ] GC(1717) Concurrent Cleanup for Next Mark 0.090ms
[471.782s][info][gc          ] GC(1717) Concurrent Undo Cycle 0.171ms
[472.296s][info][gc,start    ] GC(1718) Pause Young (Concurrent Start) (G1 Humongous Allocation)
[472.296s][info][gc,task     ] GC(1718) Using 8 workers of 8 for evacuation
[472.299s][info][gc,phases   ] GC(1718)   Pre Evacuate Collection Set: 0.4ms
[472.299s][info][gc,phases   ] GC(1718)   Merge Heap Roots: 0.2ms
[472.299s][info][gc,phases   ] GC(1718)   Evacuate Collection Set: 1.2ms
[472.299s][info][gc,phases   ] GC(1718)   Post Evacuate Collection Set: 0.8ms
[472.299s][info][gc,phases   ] GC(1718)   Other: 0.2ms
[472.299s][info][gc,heap     ] GC(1718) Eden regions: 1->0(75)
[472.299s][info][gc,heap     ] GC(1718) Survivor regions: 1->1(10)
[472.299s][info][gc,heap     ] GC(1718) Old regions: 8->8
[472.299s][info][gc,heap     ] GC(1718) Archive regions: 2->2
[472.299s][info][gc,heap     ] GC(1718) Humongous regions: 96->0
[472.299s][info][gc,metaspace] GC(1718) Metaspace: 29090K(29504K)->29090K(29504K) NonClass: 25530K(25728K)->25530K(25728K) Class: 3559K(3776K)->3559K(3776K)
[472.299s][info][gc          ] GC(1718) Pause Young (Concurrent Start) (G1 Humongous Allocation) 209M->16M(254M) 3.545ms
[472.299s][info][gc,cpu      ] GC(1718) User=0.00s Sys=0.00s Real=0.01s
[472.299s][info][gc          ] GC(1719) Concurrent Undo Cycle
[472.299s][info][gc,marking  ] GC(1719) Concurrent Cleanup for Next Mark
[472.300s][info][gc,marking  ] GC(1719) Concurrent Cleanup for Next Mark 0.190ms
[472.300s][info][gc          ] GC(1719) Concurrent Undo Cycle 0.470ms
[472.821s][info][gc,start    ] GC(1720) Pause Young (Concurrent Start) (G1 Humongous Allocation)
[472.821s][info][gc,task     ] GC(1720) Using 8 workers of 8 for evacuation
[472.824s][info][gc,phases   ] GC(1720)   Pre Evacuate Collection Set: 0.4ms
[472.824s][info][gc,phases   ] GC(1720)   Merge Heap Roots: 0.2ms
[472.824s][info][gc,phases   ] GC(1720)   Evacuate Collection Set: 1.2ms
[472.824s][info][gc,phases   ] GC(1720)   Post Evacuate Collection Set: 0.8ms
[472.824s][info][gc,phases   ] GC(1720)   Other: 0.2ms
[472.824s][info][gc,heap     ] GC(1720) Eden regions: 2->0(75)
[472.824s][info][gc,heap     ] GC(1720) Survivor regions: 1->1(10)
[472.824s][info][gc,heap     ] GC(1720) Old regions: 8->8
[472.824s][info][gc,heap     ] GC(1720) Archive regions: 2->2
[472.824s][info][gc,heap     ] GC(1720) Humongous regions: 96->0
[472.825s][info][gc,metaspace] GC(1720) Metaspace: 29090K(29504K)->29090K(29504K) NonClass: 25530K(25728K)->25530K(25728K) Class: 3559K(3776K)->3559K(3776K)
[472.825s][info][gc          ] GC(1720) Pause Young (Concurrent Start) (G1 Humongous Allocation) 210M->16M(254M) 3.594ms
[472.825s][info][gc,cpu      ] GC(1720) User=0.01s Sys=0.00s Real=0.00s
[472.825s][info][gc          ] GC(1721) Concurrent Undo Cycle
[472.825s][info][gc,marking  ] GC(1721) Concurrent Cleanup for Next Mark
[472.825s][info][gc,marking  ] GC(1721) Concurrent Cleanup for Next Mark 0.179ms
[472.825s][info][gc          ] GC(1721) Concurrent Undo Cycle 0.461ms
[473.345s][info][gc,start    ] GC(1722) Pause Young (Concurrent Start) (G1 Humongous Allocation)
[473.345s][info][gc,task     ] GC(1722) Using 8 workers of 8 for evacuation
[473.346s][info][gc,phases   ] GC(1722)   Pre Evacuate Collection Set: 0.2ms
[473.346s][info][gc,phases   ] GC(1722)   Merge Heap Roots: 0.1ms
[473.346s][info][gc,phases   ] GC(1722)   Evacuate Collection Set: 0.6ms
[473.346s][info][gc,phases   ] GC(1722)   Post Evacuate Collection Set: 0.4ms
[473.346s][info][gc,phases   ] GC(1722)   Other: 0.1ms
[473.346s][info][gc,heap     ] GC(1722) Eden regions: 1->0(75)
[473.346s][info][gc,heap     ] GC(1722) Survivor regions: 1->1(10)
[473.346s][info][gc,heap     ] GC(1722) Old regions: 8->8
[473.346s][info][gc,heap     ] GC(1722) Archive regions: 2->2
[473.346s][info][gc,heap     ] GC(1722) Humongous regions: 96->0
[473.346s][info][gc,metaspace] GC(1722) Metaspace: 29090K(29504K)->29090K(29504K) NonClass: 25530K(25728K)->25530K(25728K) Class: 3559K(3776K)->3559K(3776K)
[473.346s][info][gc          ] GC(1722) Pause Young (Concurrent Start) (G1 Humongous Allocation) 210M->16M(254M) 1.694ms
[473.346s][info][gc          ] GC(1723) Concurrent Undo Cycle
[473.346s][info][gc,cpu      ] GC(1722) User=0.01s Sys=0.00s Real=0.00s
[473.347s][info][gc,marking  ] GC(1723) Concurrent Cleanup for Next Mark
[473.347s][info][gc,marking  ] GC(1723) Concurrent Cleanup for Next Mark 0.065ms
[473.347s][info][gc          ] GC(1723) Concurrent Undo Cycle 0.130ms
[473.856s][info][gc,start    ] GC(1724) Pause Young (Concurrent Start) (G1 Humongous Allocation)
[473.856s][info][gc,task     ] GC(1724) Using 8 workers of 8 for evacuation
[473.857s][info][gc,phases   ] GC(1724)   Pre Evacuate Collection Set: 0.1ms
[473.857s][info][gc,phases   ] GC(1724)   Merge Heap Roots: 0.0ms
[473.857s][info][gc,phases   ] GC(1724)   Evacuate Collection Set: 0.6ms
[473.857s][info][gc,phases   ] GC(1724)   Post Evacuate Collection Set: 0.4ms
[473.857s][info][gc,phases   ] GC(1724)   Other: 0.1ms
[473.857s][info][gc,heap     ] GC(1724) Eden regions: 1->0(75)
[473.857s][info][gc,heap     ] GC(1724) Survivor regions: 1->1(10)
[473.857s][info][gc,heap     ] GC(1724) Old regions: 8->8
[473.857s][info][gc,heap     ] GC(1724) Archive regions: 2->2
[473.857s][info][gc,heap     ] GC(1724) Humongous regions: 96->0
[473.857s][info][gc,metaspace] GC(1724) Metaspace: 29090K(29504K)->29090K(29504K) NonClass: 25530K(25728K)->25530K(25728K) Class: 3559K(3776K)->3559K(3776K)
[473.857s][info][gc          ] GC(1724) Pause Young (Concurrent Start) (G1 Humongous Allocation) 210M->16M(254M) 1.608ms
[473.857s][info][gc          ] GC(1725) Concurrent Undo Cycle
[473.857s][info][gc,cpu      ] GC(1724) User=0.01s Sys=0.00s Real=0.00s
[473.857s][info][gc,marking  ] GC(1725) Concurrent Cleanup for Next Mark
[473.858s][info][gc,marking  ] GC(1725) Concurrent Cleanup for Next Mark 0.214ms
[473.858s][info][gc          ] GC(1725) Concurrent Undo Cycle 0.296ms
[474.370s][info][gc,start    ] GC(1726) Pause Young (Concurrent Start) (G1 Humongous Allocation)
[474.370s][info][gc,task     ] GC(1726) Using 8 workers of 8 for evacuation
[474.373s][info][gc,phases   ] GC(1726)   Pre Evacuate Collection Set: 0.5ms
[474.373s][info][gc,phases   ] GC(1726)   Merge Heap Roots: 0.2ms
[474.373s][info][gc,phases   ] GC(1726)   Evacuate Collection Set: 1.3ms
[474.373s][info][gc,phases   ] GC(1726)   Post Evacuate Collection Set: 0.8ms
[474.373s][info][gc,phases   ] GC(1726)   Other: 0.2ms
[474.373s][info][gc,heap     ] GC(1726) Eden regions: 1->0(75)
[474.373s][info][gc,heap     ] GC(1726) Survivor regions: 1->1(10)
[474.373s][info][gc,heap     ] GC(1726) Old regions: 8->8
[474.373s][info][gc,heap     ] GC(1726) Archive regions: 2->2
[474.373s][info][gc,heap     ] GC(1726) Humongous regions: 96->0
[474.373s][info][gc,metaspace] GC(1726) Metaspace: 29090K(29504K)->29090K(29504K) NonClass: 25530K(25728K)->25530K(25728K) Class: 3559K(3776K)->3559K(3776K)
[474.374s][info][gc          ] GC(1726) Pause Young (Concurrent Start) (G1 Humongous Allocation) 210M->16M(254M) 3.805ms
[474.374s][info][gc,cpu      ] GC(1726) User=0.01s Sys=0.01s Real=0.00s
[474.374s][info][gc          ] GC(1727) Concurrent Undo Cycle
[474.374s][info][gc,marking  ] GC(1727) Concurrent Cleanup for Next Mark
[474.374s][info][gc,marking  ] GC(1727) Concurrent Cleanup for Next Mark 0.232ms
[474.375s][info][gc          ] GC(1727) Concurrent Undo Cycle 0.826ms
[474.892s][info][gc,start    ] GC(1728) Pause Young (Concurrent Start) (G1 Humongous Allocation)
[474.892s][info][gc,task     ] GC(1728) Using 8 workers of 8 for evacuation
[474.895s][info][gc,phases   ] GC(1728)   Pre Evacuate Collection Set: 0.4ms
[474.895s][info][gc,phases   ] GC(1728)   Merge Heap Roots: 0.1ms
[474.895s][info][gc,phases   ] GC(1728)   Evacuate Collection Set: 1.2ms
[474.895s][info][gc,phases   ] GC(1728)   Post Evacuate Collection Set: 0.7ms
[474.895s][info][gc,phases   ] GC(1728)   Other: 0.2ms
[474.895s][info][gc,heap     ] GC(1728) Eden regions: 1->0(75)
[474.895s][info][gc,heap     ] GC(1728) Survivor regions: 1->1(10)
[474.895s][info][gc,heap     ] GC(1728) Old regions: 8->8
[474.895s][info][gc,heap     ] GC(1728) Archive regions: 2->2
[474.895s][info][gc,heap     ] GC(1728) Humongous regions: 96->0
[474.895s][info][gc,metaspace] GC(1728) Metaspace: 29090K(29504K)->29090K(29504K) NonClass: 25530K(25728K)->25530K(25728K) Class: 3559K(3776K)->3559K(3776K)
[474.895s][info][gc          ] GC(1728) Pause Young (Concurrent Start) (G1 Humongous Allocation) 210M->16M(254M) 3.441ms
[474.895s][info][gc,cpu      ] GC(1728) User=0.00s Sys=0.00s Real=0.00s
[474.895s][info][gc          ] GC(1729) Concurrent Undo Cycle
[474.896s][info][gc,marking  ] GC(1729) Concurrent Cleanup for Next Mark
[474.896s][info][gc,marking  ] GC(1729) Concurrent Cleanup for Next Mark 0.196ms
[474.896s][info][gc          ] GC(1729) Concurrent Undo Cycle 0.435ms
[475.412s][info][gc,start    ] GC(1730) Pause Young (Concurrent Start) (G1 Humongous Allocation)
[475.412s][info][gc,task     ] GC(1730) Using 8 workers of 8 for evacuation
[475.414s][info][gc,phases   ] GC(1730)   Pre Evacuate Collection Set: 0.2ms
[475.414s][info][gc,phases   ] GC(1730)   Merge Heap Roots: 0.1ms
[475.414s][info][gc,phases   ] GC(1730)   Evacuate Collection Set: 0.6ms
[475.414s][info][gc,phases   ] GC(1730)   Post Evacuate Collection Set: 0.4ms
[475.414s][info][gc,phases   ] GC(1730)   Other: 0.1ms
[475.414s][info][gc,heap     ] GC(1730) Eden regions: 1->0(75)
[475.414s][info][gc,heap     ] GC(1730) Survivor regions: 1->1(10)
[475.414s][info][gc,heap     ] GC(1730) Old regions: 8->8
[475.414s][info][gc,heap     ] GC(1730) Archive regions: 2->2
[475.414s][info][gc,heap     ] GC(1730) Humongous regions: 96->0
[475.414s][info][gc,metaspace] GC(1730) Metaspace: 29090K(29504K)->29090K(29504K) NonClass: 25530K(25728K)->25530K(25728K) Class: 3559K(3776K)->3559K(3776K)
[475.414s][info][gc          ] GC(1730) Pause Young (Concurrent Start) (G1 Humongous Allocation) 210M->16M(254M) 1.833ms
[475.414s][info][gc,cpu      ] GC(1730) User=0.00s Sys=0.00s Real=0.00s
[475.414s][info][gc          ] GC(1731) Concurrent Undo Cycle
[475.414s][info][gc,marking  ] GC(1731) Concurrent Cleanup for Next Mark
[475.414s][info][gc,marking  ] GC(1731) Concurrent Cleanup for Next Mark 0.097ms
[475.414s][info][gc          ] GC(1731) Concurrent Undo Cycle 0.226ms
[475.934s][info][gc,start    ] GC(1732) Pause Young (Concurrent Start) (G1 Humongous Allocation)
[475.934s][info][gc,task     ] GC(1732) Using 8 workers of 8 for evacuation
[475.936s][info][gc,phases   ] GC(1732)   Pre Evacuate Collection Set: 0.4ms
[475.937s][info][gc,phases   ] GC(1732)   Merge Heap Roots: 0.2ms
[475.937s][info][gc,phases   ] GC(1732)   Evacuate Collection Set: 0.9ms
[475.937s][info][gc,phases   ] GC(1732)   Post Evacuate Collection Set: 0.7ms
[475.937s][info][gc,phases   ] GC(1732)   Other: 0.2ms
[475.937s][info][gc,heap     ] GC(1732) Eden regions: 1->0(75)
[475.937s][info][gc,heap     ] GC(1732) Survivor regions: 1->1(10)
[475.937s][info][gc,heap     ] GC(1732) Old regions: 8->8
[475.937s][info][gc,heap     ] GC(1732) Archive regions: 2->2
[475.937s][info][gc,heap     ] GC(1732) Humongous regions: 96->0
[475.937s][info][gc,metaspace] GC(1732) Metaspace: 29090K(29504K)->29090K(29504K) NonClass: 25530K(25728K)->25530K(25728K) Class: 3559K(3776K)->3559K(3776K)
[475.937s][info][gc          ] GC(1732) Pause Young (Concurrent Start) (G1 Humongous Allocation) 210M->16M(254M) 3.412ms
[475.938s][info][gc          ] GC(1733) Concurrent Undo Cycle
[475.938s][info][gc,cpu      ] GC(1732) User=0.01s Sys=0.00s Real=0.00s
[475.938s][info][gc,marking  ] GC(1733) Concurrent Cleanup for Next Mark
[475.938s][info][gc,marking  ] GC(1733) Concurrent Cleanup for Next Mark 0.340ms
[475.938s][info][gc          ] GC(1733) Concurrent Undo Cycle 0.613ms
[476.453s][info][gc,start    ] GC(1734) Pause Young (Concurrent Start) (G1 Humongous Allocation)
[476.454s][info][gc,task     ] GC(1734) Using 8 workers of 8 for evacuation
[476.456s][info][gc,phases   ] GC(1734)   Pre Evacuate Collection Set: 0.3ms
[476.456s][info][gc,phases   ] GC(1734)   Merge Heap Roots: 0.1ms
[476.456s][info][gc,phases   ] GC(1734)   Evacuate Collection Set: 0.8ms
[476.456s][info][gc,phases   ] GC(1734)   Post Evacuate Collection Set: 0.5ms
[476.456s][info][gc,phases   ] GC(1734)   Other: 0.2ms
[476.456s][info][gc,heap     ] GC(1734) Eden regions: 1->0(75)
[476.456s][info][gc,heap     ] GC(1734) Survivor regions: 1->1(10)
[476.456s][info][gc,heap     ] GC(1734) Old regions: 8->8
[476.456s][info][gc,heap     ] GC(1734) Archive regions: 2->2
[476.456s][info][gc,heap     ] GC(1734) Humongous regions: 96->0
[476.456s][info][gc,metaspace] GC(1734) Metaspace: 29090K(29504K)->29090K(29504K) NonClass: 25530K(25728K)->25530K(25728K) Class: 3559K(3776K)->3559K(3776K)
[476.456s][info][gc          ] GC(1734) Pause Young (Concurrent Start) (G1 Humongous Allocation) 210M->16M(254M) 2.686ms
[476.456s][info][gc          ] GC(1735) Concurrent Undo Cycle
[476.456s][info][gc,cpu      ] GC(1734) User=0.01s Sys=0.00s Real=0.00s
[476.456s][info][gc,marking  ] GC(1735) Concurrent Cleanup for Next Mark
[476.457s][info][gc,marking  ] GC(1735) Concurrent Cleanup for Next Mark 0.296ms
[476.457s][info][gc          ] GC(1735) Concurrent Undo Cycle 0.552ms
[476.971s][info][gc,start    ] GC(1736) Pause Young (Concurrent Start) (G1 Humongous Allocation)
[476.971s][info][gc,task     ] GC(1736) Using 8 workers of 8 for evacuation
[476.972s][info][gc,phases   ] GC(1736)   Pre Evacuate Collection Set: 0.1ms
[476.972s][info][gc,phases   ] GC(1736)   Merge Heap Roots: 0.0ms
[476.972s][info][gc,phases   ] GC(1736)   Evacuate Collection Set: 0.5ms
[476.972s][info][gc,phases   ] GC(1736)   Post Evacuate Collection Set: 0.2ms
[476.972s][info][gc,phases   ] GC(1736)   Other: 0.0ms
[476.972s][info][gc,heap     ] GC(1736) Eden regions: 2->0(75)
[476.972s][info][gc,heap     ] GC(1736) Survivor regions: 1->1(10)
[476.972s][info][gc,heap     ] GC(1736) Old regions: 8->8
[476.972s][info][gc,heap     ] GC(1736) Archive regions: 2->2
[476.972s][info][gc,heap     ] GC(1736) Humongous regions: 96->0
[476.972s][info][gc,metaspace] GC(1736) Metaspace: 29090K(29504K)->29090K(29504K) NonClass: 25530K(25728K)->25530K(25728K) Class: 3559K(3776K)->3559K(3776K)
[476.972s][info][gc          ] GC(1736) Pause Young (Concurrent Start) (G1 Humongous Allocation) 210M->16M(254M) 1.203ms
[476.972s][info][gc,cpu      ] GC(1736) User=0.00s Sys=0.00s Real=0.00s
[476.972s][info][gc          ] GC(1737) Concurrent Undo Cycle
[476.972s][info][gc,marking  ] GC(1737) Concurrent Cleanup for Next Mark
[476.973s][info][gc,marking  ] GC(1737) Concurrent Cleanup for Next Mark 0.044ms
[476.973s][info][gc          ] GC(1737) Concurrent Undo Cycle 0.098ms
[477.482s][info][gc,start    ] GC(1738) Pause Young (Concurrent Start) (G1 Humongous Allocation)
[477.483s][info][gc,task     ] GC(1738) Using 8 workers of 8 for evacuation
[477.485s][info][gc,phases   ] GC(1738)   Pre Evacuate Collection Set: 0.4ms
[477.485s][info][gc,phases   ] GC(1738)   Merge Heap Roots: 0.2ms
[477.485s][info][gc,phases   ] GC(1738)   Evacuate Collection Set: 1.0ms
[477.485s][info][gc,phases   ] GC(1738)   Post Evacuate Collection Set: 0.5ms
[477.485s][info][gc,phases   ] GC(1738)   Other: 0.2ms
[477.485s][info][gc,heap     ] GC(1738) Eden regions: 1->0(75)
[477.485s][info][gc,heap     ] GC(1738) Survivor regions: 1->1(10)
[477.485s][info][gc,heap     ] GC(1738) Old regions: 8->8
[477.485s][info][gc,heap     ] GC(1738) Archive regions: 2->2
[477.485s][info][gc,heap     ] GC(1738) Humongous regions: 96->0
[477.485s][info][gc,metaspace] GC(1738) Metaspace: 29090K(29504K)->29090K(29504K) NonClass: 25530K(25728K)->25530K(25728K) Class: 3559K(3776K)->3559K(3776K)
[477.485s][info][gc          ] GC(1738) Pause Young (Concurrent Start) (G1 Humongous Allocation) 210M->16M(254M) 2.917ms
[477.485s][info][gc,cpu      ] GC(1738) User=0.01s Sys=0.00s Real=0.00s
[477.485s][info][gc          ] GC(1739) Concurrent Undo Cycle
[477.486s][info][gc,marking  ] GC(1739) Concurrent Cleanup for Next Mark
[477.486s][info][gc,marking  ] GC(1739) Concurrent Cleanup for Next Mark 0.156ms
[477.486s][info][gc          ] GC(1739) Concurrent Undo Cycle 0.337ms
[478.002s][info][gc,start    ] GC(1740) Pause Young (Concurrent Start) (G1 Humongous Allocation)
[478.002s][info][gc,task     ] GC(1740) Using 8 workers of 8 for evacuation
[478.005s][info][gc,phases   ] GC(1740)   Pre Evacuate Collection Set: 0.4ms
[478.005s][info][gc,phases   ] GC(1740)   Merge Heap Roots: 0.2ms
[478.005s][info][gc,phases   ] GC(1740)   Evacuate Collection Set: 1.2ms
[478.005s][info][gc,phases   ] GC(1740)   Post Evacuate Collection Set: 0.8ms
[478.005s][info][gc,phases   ] GC(1740)   Other: 0.2ms
[478.005s][info][gc,heap     ] GC(1740) Eden regions: 1->0(75)
[478.005s][info][gc,heap     ] GC(1740) Survivor regions: 1->1(10)
[478.005s][info][gc,heap     ] GC(1740) Old regions: 8->8
[478.005s][info][gc,heap     ] GC(1740) Archive regions: 2->2
[478.005s][info][gc,heap     ] GC(1740) Humongous regions: 96->0
[478.006s][info][gc,metaspace] GC(1740) Metaspace: 29090K(29504K)->29090K(29504K) NonClass: 25530K(25728K)->25530K(25728K) Class: 3559K(3776K)->3559K(3776K)
[478.006s][info][gc          ] GC(1740) Pause Young (Concurrent Start) (G1 Humongous Allocation) 210M->16M(254M) 3.472ms
[478.006s][info][gc,cpu      ] GC(1740) User=0.01s Sys=0.00s Real=0.00s
[478.006s][info][gc          ] GC(1741) Concurrent Undo Cycle
[478.006s][info][gc,marking  ] GC(1741) Concurrent Cleanup for Next Mark
[478.006s][info][gc,marking  ] GC(1741) Concurrent Cleanup for Next Mark 0.209ms
[478.006s][info][gc          ] GC(1741) Concurrent Undo Cycle 0.489ms
[478.524s][info][gc,start    ] GC(1742) Pause Young (Concurrent Start) (G1 Humongous Allocation)
[478.524s][info][gc,task     ] GC(1742) Using 8 workers of 8 for evacuation
[478.528s][info][gc,phases   ] GC(1742)   Pre Evacuate Collection Set: 0.4ms
[478.528s][info][gc,phases   ] GC(1742)   Merge Heap Roots: 0.2ms
[478.528s][info][gc,phases   ] GC(1742)   Evacuate Collection Set: 2.0ms
[478.528s][info][gc,phases   ] GC(1742)   Post Evacuate Collection Set: 0.9ms
[478.528s][info][gc,phases   ] GC(1742)   Other: 0.2ms
[478.528s][info][gc,heap     ] GC(1742) Eden regions: 1->0(75)
[478.528s][info][gc,heap     ] GC(1742) Survivor regions: 1->1(10)
[478.528s][info][gc,heap     ] GC(1742) Old regions: 8->8
[478.528s][info][gc,heap     ] GC(1742) Archive regions: 2->2
[478.528s][info][gc,heap     ] GC(1742) Humongous regions: 96->0
[478.528s][info][gc,metaspace] GC(1742) Metaspace: 29090K(29504K)->29090K(29504K) NonClass: 25530K(25728K)->25530K(25728K) Class: 3559K(3776K)->3559K(3776K)
[478.529s][info][gc          ] GC(1742) Pause Young (Concurrent Start) (G1 Humongous Allocation) 210M->16M(254M) 4.408ms
[478.529s][info][gc,cpu      ] GC(1742) User=0.00s Sys=0.01s Real=0.01s
[478.529s][info][gc          ] GC(1743) Concurrent Undo Cycle
[478.529s][info][gc,marking  ] GC(1743) Concurrent Cleanup for Next Mark
[478.529s][info][gc,marking  ] GC(1743) Concurrent Cleanup for Next Mark 0.186ms
[478.529s][info][gc          ] GC(1743) Concurrent Undo Cycle 0.404ms
[479.046s][info][gc,start    ] GC(1744) Pause Young (Concurrent Start) (G1 Humongous Allocation)
[479.046s][info][gc,task     ] GC(1744) Using 8 workers of 8 for evacuation
[479.049s][info][gc,phases   ] GC(1744)   Pre Evacuate Collection Set: 0.4ms
[479.049s][info][gc,phases   ] GC(1744)   Merge Heap Roots: 0.2ms
[479.049s][info][gc,phases   ] GC(1744)   Evacuate Collection Set: 1.2ms
[479.049s][info][gc,phases   ] GC(1744)   Post Evacuate Collection Set: 0.8ms
[479.049s][info][gc,phases   ] GC(1744)   Other: 0.2ms
[479.049s][info][gc,heap     ] GC(1744) Eden regions: 1->0(75)
[479.049s][info][gc,heap     ] GC(1744) Survivor regions: 1->1(10)
[479.049s][info][gc,heap     ] GC(1744) Old regions: 8->8
[479.049s][info][gc,heap     ] GC(1744) Archive regions: 2->2
[479.049s][info][gc,heap     ] GC(1744) Humongous regions: 96->0
[479.049s][info][gc,metaspace] GC(1744) Metaspace: 29090K(29504K)->29090K(29504K) NonClass: 25530K(25728K)->25530K(25728K) Class: 3559K(3776K)->3559K(3776K)
[479.049s][info][gc          ] GC(1744) Pause Young (Concurrent Start) (G1 Humongous Allocation) 210M->16M(254M) 3.570ms
[479.049s][info][gc,cpu      ] GC(1744) User=0.01s Sys=0.00s Real=0.01s
[479.049s][info][gc          ] GC(1745) Concurrent Undo Cycle
[479.049s][info][gc,marking  ] GC(1745) Concurrent Cleanup for Next Mark
[479.050s][info][gc,marking  ] GC(1745) Concurrent Cleanup for Next Mark 0.230ms
[479.050s][info][gc          ] GC(1745) Concurrent Undo Cycle 0.508ms
[479.571s][info][gc,start    ] GC(1746) Pause Young (Concurrent Start) (G1 Humongous Allocation)
[479.571s][info][gc,task     ] GC(1746) Using 8 workers of 8 for evacuation
[479.574s][info][gc,phases   ] GC(1746)   Pre Evacuate Collection Set: 0.5ms
[479.574s][info][gc,phases   ] GC(1746)   Merge Heap Roots: 0.2ms
[479.574s][info][gc,phases   ] GC(1746)   Evacuate Collection Set: 1.2ms
[479.574s][info][gc,phases   ] GC(1746)   Post Evacuate Collection Set: 0.8ms
[479.574s][info][gc,phases   ] GC(1746)   Other: 0.2ms
[479.574s][info][gc,heap     ] GC(1746) Eden regions: 1->0(75)
[479.574s][info][gc,heap     ] GC(1746) Survivor regions: 1->1(10)
[479.574s][info][gc,heap     ] GC(1746) Old regions: 8->8
[479.574s][info][gc,heap     ] GC(1746) Archive regions: 2->2
[479.574s][info][gc,heap     ] GC(1746) Humongous regions: 96->0
[479.574s][info][gc,metaspace] GC(1746) Metaspace: 29090K(29504K)->29090K(29504K) NonClass: 25530K(25728K)->25530K(25728K) Class: 3559K(3776K)->3559K(3776K)
[479.574s][info][gc          ] GC(1746) Pause Young (Concurrent Start) (G1 Humongous Allocation) 210M->16M(254M) 3.661ms
[479.574s][info][gc,cpu      ] GC(1746) User=0.00s Sys=0.01s Real=0.00s
[479.574s][info][gc          ] GC(1747) Concurrent Undo Cycle
[479.575s][info][gc,marking  ] GC(1747) Concurrent Cleanup for Next Mark
[479.575s][info][gc,marking  ] GC(1747) Concurrent Cleanup for Next Mark 0.200ms
[479.575s][info][gc          ] GC(1747) Concurrent Undo Cycle 0.405ms
[480.096s][info][gc,start    ] GC(1748) Pause Young (Concurrent Start) (G1 Humongous Allocation)
[480.096s][info][gc,task     ] GC(1748) Using 8 workers of 8 for evacuation
[480.099s][info][gc,phases   ] GC(1748)   Pre Evacuate Collection Set: 0.4ms
[480.099s][info][gc,phases   ] GC(1748)   Merge Heap Roots: 0.2ms
[480.099s][info][gc,phases   ] GC(1748)   Evacuate Collection Set: 1.2ms
[480.099s][info][gc,phases   ] GC(1748)   Post Evacuate Collection Set: 0.8ms
[480.099s][info][gc,phases   ] GC(1748)   Other: 0.2ms
[480.099s][info][gc,heap     ] GC(1748) Eden regions: 1->0(75)
[480.099s][info][gc,heap     ] GC(1748) Survivor regions: 1->1(10)
[480.099s][info][gc,heap     ] GC(1748) Old regions: 8->8
[480.099s][info][gc,heap     ] GC(1748) Archive regions: 2->2
[480.099s][info][gc,heap     ] GC(1748) Humongous regions: 96->0
[480.099s][info][gc,metaspace] GC(1748) Metaspace: 29090K(29504K)->29090K(29504K) NonClass: 25530K(25728K)->25530K(25728K) Class: 3559K(3776K)->3559K(3776K)
[480.099s][info][gc          ] GC(1748) Pause Young (Concurrent Start) (G1 Humongous Allocation) 210M->16M(254M) 3.537ms
[480.099s][info][gc,cpu      ] GC(1748) User=0.01s Sys=0.00s Real=0.01s
[480.100s][info][gc          ] GC(1749) Concurrent Undo Cycle
[480.100s][info][gc,marking  ] GC(1749) Concurrent Cleanup for Next Mark
[480.100s][info][gc,marking  ] GC(1749) Concurrent Cleanup for Next Mark 0.182ms
[480.100s][info][gc          ] GC(1749) Concurrent Undo Cycle 0.457ms
[480.621s][info][gc,start    ] GC(1750) Pause Young (Concurrent Start) (G1 Humongous Allocation)
[480.621s][info][gc,task     ] GC(1750) Using 8 workers of 8 for evacuation
[480.623s][info][gc,phases   ] GC(1750)   Pre Evacuate Collection Set: 0.4ms
[480.624s][info][gc,phases   ] GC(1750)   Merge Heap Roots: 0.1ms
[480.624s][info][gc,phases   ] GC(1750)   Evacuate Collection Set: 1.2ms
[480.624s][info][gc,phases   ] GC(1750)   Post Evacuate Collection Set: 0.5ms
[480.624s][info][gc,phases   ] GC(1750)   Other: 0.2ms
[480.624s][info][gc,heap     ] GC(1750) Eden regions: 1->0(75)
[480.624s][info][gc,heap     ] GC(1750) Survivor regions: 1->1(10)
[480.624s][info][gc,heap     ] GC(1750) Old regions: 8->8
[480.624s][info][gc,heap     ] GC(1750) Archive regions: 2->2
[480.624s][info][gc,heap     ] GC(1750) Humongous regions: 96->0
[480.624s][info][gc,metaspace] GC(1750) Metaspace: 29090K(29504K)->29090K(29504K) NonClass: 25530K(25728K)->25530K(25728K) Class: 3559K(3776K)->3559K(3776K)
[480.624s][info][gc          ] GC(1750) Pause Young (Concurrent Start) (G1 Humongous Allocation) 210M->16M(254M) 3.063ms
[480.624s][info][gc,cpu      ] GC(1750) User=0.01s Sys=0.00s Real=0.00s
[480.624s][info][gc          ] GC(1751) Concurrent Undo Cycle
[480.624s][info][gc,marking  ] GC(1751) Concurrent Cleanup for Next Mark
[480.624s][info][gc,marking  ] GC(1751) Concurrent Cleanup for Next Mark 0.116ms
[480.624s][info][gc          ] GC(1751) Concurrent Undo Cycle 0.269ms
[481.143s][info][gc,start    ] GC(1752) Pause Young (Concurrent Start) (G1 Humongous Allocation)
[481.143s][info][gc,task     ] GC(1752) Using 8 workers of 8 for evacuation
[481.146s][info][gc,phases   ] GC(1752)   Pre Evacuate Collection Set: 0.5ms
[481.146s][info][gc,phases   ] GC(1752)   Merge Heap Roots: 0.2ms
[481.146s][info][gc,phases   ] GC(1752)   Evacuate Collection Set: 1.2ms
[481.146s][info][gc,phases   ] GC(1752)   Post Evacuate Collection Set: 0.8ms
[481.146s][info][gc,phases   ] GC(1752)   Other: 0.2ms
[481.146s][info][gc,heap     ] GC(1752) Eden regions: 1->0(75)
[481.146s][info][gc,heap     ] GC(1752) Survivor regions: 1->1(10)
[481.146s][info][gc,heap     ] GC(1752) Old regions: 8->8
[481.146s][info][gc,heap     ] GC(1752) Archive regions: 2->2
[481.146s][info][gc,heap     ] GC(1752) Humongous regions: 96->0
[481.146s][info][gc,metaspace] GC(1752) Metaspace: 29090K(29504K)->29090K(29504K) NonClass: 25530K(25728K)->25530K(25728K) Class: 3559K(3776K)->3559K(3776K)
[481.146s][info][gc          ] GC(1752) Pause Young (Concurrent Start) (G1 Humongous Allocation) 210M->16M(254M) 3.582ms
[481.146s][info][gc,cpu      ] GC(1752) User=0.01s Sys=0.00s Real=0.00s
[481.147s][info][gc          ] GC(1753) Concurrent Undo Cycle
[481.147s][info][gc,marking  ] GC(1753) Concurrent Cleanup for Next Mark
[481.147s][info][gc,marking  ] GC(1753) Concurrent Cleanup for Next Mark 0.168ms
[481.147s][info][gc          ] GC(1753) Concurrent Undo Cycle 0.450ms
[481.668s][info][gc,start    ] GC(1754) Pause Young (Concurrent Start) (G1 Humongous Allocation)
[481.668s][info][gc,task     ] GC(1754) Using 8 workers of 8 for evacuation
[481.671s][info][gc,phases   ] GC(1754)   Pre Evacuate Collection Set: 0.4ms
[481.671s][info][gc,phases   ] GC(1754)   Merge Heap Roots: 0.2ms
[481.671s][info][gc,phases   ] GC(1754)   Evacuate Collection Set: 1.2ms
[481.671s][info][gc,phases   ] GC(1754)   Post Evacuate Collection Set: 0.8ms
[481.671s][info][gc,phases   ] GC(1754)   Other: 0.3ms
[481.671s][info][gc,heap     ] GC(1754) Eden regions: 1->0(75)
[481.671s][info][gc,heap     ] GC(1754) Survivor regions: 1->1(10)
[481.671s][info][gc,heap     ] GC(1754) Old regions: 8->8
[481.671s][info][gc,heap     ] GC(1754) Archive regions: 2->2
[481.671s][info][gc,heap     ] GC(1754) Humongous regions: 96->0
[481.671s][info][gc,metaspace] GC(1754) Metaspace: 29090K(29504K)->29090K(29504K) NonClass: 25530K(25728K)->25530K(25728K) Class: 3559K(3776K)->3559K(3776K)
[481.672s][info][gc          ] GC(1754) Pause Young (Concurrent Start) (G1 Humongous Allocation) 210M->16M(254M) 3.670ms
[481.672s][info][gc,cpu      ] GC(1754) User=0.00s Sys=0.00s Real=0.00s
[481.672s][info][gc          ] GC(1755) Concurrent Undo Cycle
[481.672s][info][gc,marking  ] GC(1755) Concurrent Cleanup for Next Mark
[481.672s][info][gc,marking  ] GC(1755) Concurrent Cleanup for Next Mark 0.178ms
[481.672s][info][gc          ] GC(1755) Concurrent Undo Cycle 0.387ms
[482.193s][info][gc,start    ] GC(1756) Pause Young (Concurrent Start) (G1 Humongous Allocation)
[482.193s][info][gc,task     ] GC(1756) Using 8 workers of 8 for evacuation
[482.195s][info][gc,phases   ] GC(1756)   Pre Evacuate Collection Set: 0.3ms
[482.195s][info][gc,phases   ] GC(1756)   Merge Heap Roots: 0.2ms
[482.195s][info][gc,phases   ] GC(1756)   Evacuate Collection Set: 0.8ms
[482.195s][info][gc,phases   ] GC(1756)   Post Evacuate Collection Set: 0.5ms
[482.195s][info][gc,phases   ] GC(1756)   Other: 0.1ms
[482.195s][info][gc,heap     ] GC(1756) Eden regions: 1->0(75)
[482.195s][info][gc,heap     ] GC(1756) Survivor regions: 1->1(10)
[482.195s][info][gc,heap     ] GC(1756) Old regions: 8->8
[482.195s][info][gc,heap     ] GC(1756) Archive regions: 2->2
[482.195s][info][gc,heap     ] GC(1756) Humongous regions: 96->0
[482.195s][info][gc,metaspace] GC(1756) Metaspace: 29090K(29504K)->29090K(29504K) NonClass: 25530K(25728K)->25530K(25728K) Class: 3559K(3776K)->3559K(3776K)
[482.195s][info][gc          ] GC(1756) Pause Young (Concurrent Start) (G1 Humongous Allocation) 210M->16M(254M) 2.476ms
[482.195s][info][gc          ] GC(1757) Concurrent Undo Cycle
[482.195s][info][gc,cpu      ] GC(1756) User=0.01s Sys=0.01s Real=0.00s
[482.195s][info][gc,marking  ] GC(1757) Concurrent Cleanup for Next Mark
[482.196s][info][gc,marking  ] GC(1757) Concurrent Cleanup for Next Mark 0.263ms
[482.196s][info][gc          ] GC(1757) Concurrent Undo Cycle 0.426ms
[482.712s][info][gc,start    ] GC(1758) Pause Young (Concurrent Start) (G1 Humongous Allocation)
[482.712s][info][gc,task     ] GC(1758) Using 8 workers of 8 for evacuation
[482.715s][info][gc,phases   ] GC(1758)   Pre Evacuate Collection Set: 0.4ms
[482.715s][info][gc,phases   ] GC(1758)   Merge Heap Roots: 0.2ms
[482.715s][info][gc,phases   ] GC(1758)   Evacuate Collection Set: 1.2ms
[482.715s][info][gc,phases   ] GC(1758)   Post Evacuate Collection Set: 0.7ms
[482.715s][info][gc,phases   ] GC(1758)   Other: 0.2ms
[482.715s][info][gc,heap     ] GC(1758) Eden regions: 1->0(75)
[482.715s][info][gc,heap     ] GC(1758) Survivor regions: 1->1(10)
[482.715s][info][gc,heap     ] GC(1758) Old regions: 8->8
[482.715s][info][gc,heap     ] GC(1758) Archive regions: 2->2
[482.715s][info][gc,heap     ] GC(1758) Humongous regions: 96->0
[482.715s][info][gc,metaspace] GC(1758) Metaspace: 29090K(29504K)->29090K(29504K) NonClass: 25530K(25728K)->25530K(25728K) Class: 3559K(3776K)->3559K(3776K)
[482.716s][info][gc          ] GC(1758) Pause Young (Concurrent Start) (G1 Humongous Allocation) 210M->16M(254M) 3.531ms
[482.716s][info][gc,cpu      ] GC(1758) User=0.01s Sys=0.00s Real=0.00s
[482.716s][info][gc          ] GC(1759) Concurrent Undo Cycle
[482.716s][info][gc,marking  ] GC(1759) Concurrent Cleanup for Next Mark
[482.716s][info][gc,marking  ] GC(1759) Concurrent Cleanup for Next Mark 0.230ms
[482.716s][info][gc          ] GC(1759) Concurrent Undo Cycle 0.482ms
[483.234s][info][gc,start    ] GC(1760) Pause Young (Concurrent Start) (G1 Humongous Allocation)
[483.234s][info][gc,task     ] GC(1760) Using 8 workers of 8 for evacuation
[483.237s][info][gc,phases   ] GC(1760)   Pre Evacuate Collection Set: 0.4ms
[483.237s][info][gc,phases   ] GC(1760)   Merge Heap Roots: 0.2ms
[483.237s][info][gc,phases   ] GC(1760)   Evacuate Collection Set: 1.3ms
[483.237s][info][gc,phases   ] GC(1760)   Post Evacuate Collection Set: 0.8ms
[483.237s][info][gc,phases   ] GC(1760)   Other: 0.2ms
[483.237s][info][gc,heap     ] GC(1760) Eden regions: 1->0(75)
[483.237s][info][gc,heap     ] GC(1760) Survivor regions: 1->1(10)
[483.237s][info][gc,heap     ] GC(1760) Old regions: 8->8
[483.237s][info][gc,heap     ] GC(1760) Archive regions: 2->2
[483.237s][info][gc,heap     ] GC(1760) Humongous regions: 96->0
[483.237s][info][gc,metaspace] GC(1760) Metaspace: 29090K(29504K)->29090K(29504K) NonClass: 25530K(25728K)->25530K(25728K) Class: 3559K(3776K)->3559K(3776K)
[483.238s][info][gc          ] GC(1760) Pause Young (Concurrent Start) (G1 Humongous Allocation) 210M->16M(254M) 4.093ms
[483.238s][info][gc,cpu      ] GC(1760) User=0.01s Sys=0.00s Real=0.01s
[483.238s][info][gc          ] GC(1761) Concurrent Undo Cycle
[483.238s][info][gc,marking  ] GC(1761) Concurrent Cleanup for Next Mark
[483.238s][info][gc,marking  ] GC(1761) Concurrent Cleanup for Next Mark 0.158ms
[483.238s][info][gc          ] GC(1761) Concurrent Undo Cycle 0.302ms
[483.756s][info][gc,start    ] GC(1762) Pause Young (Concurrent Start) (G1 Humongous Allocation)
[483.756s][info][gc,task     ] GC(1762) Using 8 workers of 8 for evacuation
[483.759s][info][gc,phases   ] GC(1762)   Pre Evacuate Collection Set: 0.4ms
[483.759s][info][gc,phases   ] GC(1762)   Merge Heap Roots: 0.2ms
[483.759s][info][gc,phases   ] GC(1762)   Evacuate Collection Set: 1.2ms
[483.759s][info][gc,phases   ] GC(1762)   Post Evacuate Collection Set: 0.8ms
[483.759s][info][gc,phases   ] GC(1762)   Other: 0.2ms
[483.760s][info][gc,heap     ] GC(1762) Eden regions: 1->0(75)
[483.760s][info][gc,heap     ] GC(1762) Survivor regions: 1->1(10)
[483.760s][info][gc,heap     ] GC(1762) Old regions: 8->8
[483.760s][info][gc,heap     ] GC(1762) Archive regions: 2->2
[483.760s][info][gc,heap     ] GC(1762) Humongous regions: 96->0
[483.760s][info][gc,metaspace] GC(1762) Metaspace: 29090K(29504K)->29090K(29504K) NonClass: 25530K(25728K)->25530K(25728K) Class: 3559K(3776K)->3559K(3776K)
[483.760s][info][gc          ] GC(1762) Pause Young (Concurrent Start) (G1 Humongous Allocation) 210M->16M(254M) 3.451ms
[483.760s][info][gc,cpu      ] GC(1762) User=0.00s Sys=0.00s Real=0.01s
[483.760s][info][gc          ] GC(1763) Concurrent Undo Cycle
[483.760s][info][gc,marking  ] GC(1763) Concurrent Cleanup for Next Mark
[483.760s][info][gc,marking  ] GC(1763) Concurrent Cleanup for Next Mark 0.221ms
[483.760s][info][gc          ] GC(1763) Concurrent Undo Cycle 0.530ms
[484.279s][info][gc,start    ] GC(1764) Pause Young (Concurrent Start) (G1 Humongous Allocation)
[484.279s][info][gc,task     ] GC(1764) Using 8 workers of 8 for evacuation
[484.282s][info][gc,phases   ] GC(1764)   Pre Evacuate Collection Set: 0.4ms
[484.282s][info][gc,phases   ] GC(1764)   Merge Heap Roots: 0.2ms
[484.282s][info][gc,phases   ] GC(1764)   Evacuate Collection Set: 1.2ms
[484.282s][info][gc,phases   ] GC(1764)   Post Evacuate Collection Set: 0.8ms
[484.282s][info][gc,phases   ] GC(1764)   Other: 0.3ms
[484.282s][info][gc,heap     ] GC(1764) Eden regions: 1->0(75)
[484.282s][info][gc,heap     ] GC(1764) Survivor regions: 1->1(10)
[484.283s][info][gc,heap     ] GC(1764) Old regions: 8->8
[484.283s][info][gc,heap     ] GC(1764) Archive regions: 2->2
[484.283s][info][gc,heap     ] GC(1764) Humongous regions: 96->0
[484.283s][info][gc,metaspace] GC(1764) Metaspace: 29090K(29504K)->29090K(29504K) NonClass: 25530K(25728K)->25530K(25728K) Class: 3559K(3776K)->3559K(3776K)
[484.283s][info][gc          ] GC(1764) Pause Young (Concurrent Start) (G1 Humongous Allocation) 210M->16M(254M) 3.522ms
[484.283s][info][gc,cpu      ] GC(1764) User=0.01s Sys=0.00s Real=0.00s
[484.283s][info][gc          ] GC(1765) Concurrent Undo Cycle
[484.283s][info][gc,marking  ] GC(1765) Concurrent Cleanup for Next Mark
[484.283s][info][gc,marking  ] GC(1765) Concurrent Cleanup for Next Mark 0.252ms
[484.283s][info][gc          ] GC(1765) Concurrent Undo Cycle 0.577ms
[484.804s][info][gc,start    ] GC(1766) Pause Young (Concurrent Start) (G1 Humongous Allocation)
[484.804s][info][gc,task     ] GC(1766) Using 8 workers of 8 for evacuation
[484.807s][info][gc,phases   ] GC(1766)   Pre Evacuate Collection Set: 0.4ms
[484.807s][info][gc,phases   ] GC(1766)   Merge Heap Roots: 0.2ms
[484.807s][info][gc,phases   ] GC(1766)   Evacuate Collection Set: 1.2ms
[484.807s][info][gc,phases   ] GC(1766)   Post Evacuate Collection Set: 0.8ms
[484.807s][info][gc,phases   ] GC(1766)   Other: 0.2ms
[484.807s][info][gc,heap     ] GC(1766) Eden regions: 2->0(75)
[484.808s][info][gc,heap     ] GC(1766) Survivor regions: 1->1(10)
[484.808s][info][gc,heap     ] GC(1766) Old regions: 8->8
[484.808s][info][gc,heap     ] GC(1766) Archive regions: 2->2
[484.808s][info][gc,heap     ] GC(1766) Humongous regions: 96->0
[484.808s][info][gc,metaspace] GC(1766) Metaspace: 29090K(29504K)->29090K(29504K) NonClass: 25530K(25728K)->25530K(25728K) Class: 3559K(3776K)->3559K(3776K)
[484.808s][info][gc          ] GC(1766) Pause Young (Concurrent Start) (G1 Humongous Allocation) 210M->16M(254M) 3.578ms
[484.808s][info][gc,cpu      ] GC(1766) User=0.01s Sys=0.00s Real=0.01s
[484.808s][info][gc          ] GC(1767) Concurrent Undo Cycle
[484.808s][info][gc,marking  ] GC(1767) Concurrent Cleanup for Next Mark
[484.808s][info][gc,marking  ] GC(1767) Concurrent Cleanup for Next Mark 0.143ms
[484.808s][info][gc          ] GC(1767) Concurrent Undo Cycle 0.319ms
[485.327s][info][gc,start    ] GC(1768) Pause Young (Concurrent Start) (G1 Humongous Allocation)
[485.327s][info][gc,task     ] GC(1768) Using 8 workers of 8 for evacuation
[485.330s][info][gc,phases   ] GC(1768)   Pre Evacuate Collection Set: 0.4ms
[485.330s][info][gc,phases   ] GC(1768)   Merge Heap Roots: 0.2ms
[485.330s][info][gc,phases   ] GC(1768)   Evacuate Collection Set: 1.2ms
[485.330s][info][gc,phases   ] GC(1768)   Post Evacuate Collection Set: 0.9ms
[485.330s][info][gc,phases   ] GC(1768)   Other: 0.2ms
[485.330s][info][gc,heap     ] GC(1768) Eden regions: 1->0(75)
[485.330s][info][gc,heap     ] GC(1768) Survivor regions: 1->1(10)
[485.330s][info][gc,heap     ] GC(1768) Old regions: 8->8
[485.330s][info][gc,heap     ] GC(1768) Archive regions: 2->2
[485.330s][info][gc,heap     ] GC(1768) Humongous regions: 96->0
[485.330s][info][gc,metaspace] GC(1768) Metaspace: 29090K(29504K)->29090K(29504K) NonClass: 25530K(25728K)->25530K(25728K) Class: 3559K(3776K)->3559K(3776K)
[485.330s][info][gc          ] GC(1768) Pause Young (Concurrent Start) (G1 Humongous Allocation) 209M->16M(254M) 3.787ms
[485.330s][info][gc,cpu      ] GC(1768) User=0.00s Sys=0.00s Real=0.01s
[485.331s][info][gc          ] GC(1769) Concurrent Undo Cycle
[485.331s][info][gc,marking  ] GC(1769) Concurrent Cleanup for Next Mark
[485.331s][info][gc,marking  ] GC(1769) Concurrent Cleanup for Next Mark 0.187ms
[485.331s][info][gc          ] GC(1769) Concurrent Undo Cycle 0.389ms
[485.846s][info][gc,start    ] GC(1770) Pause Young (Concurrent Start) (G1 Humongous Allocation)
[485.846s][info][gc,task     ] GC(1770) Using 8 workers of 8 for evacuation
[485.848s][info][gc,phases   ] GC(1770)   Pre Evacuate Collection Set: 0.3ms
[485.848s][info][gc,phases   ] GC(1770)   Merge Heap Roots: 0.1ms
[485.848s][info][gc,phases   ] GC(1770)   Evacuate Collection Set: 0.8ms
[485.848s][info][gc,phases   ] GC(1770)   Post Evacuate Collection Set: 0.5ms
[485.848s][info][gc,phases   ] GC(1770)   Other: 0.2ms
[485.848s][info][gc,heap     ] GC(1770) Eden regions: 2->0(75)
[485.848s][info][gc,heap     ] GC(1770) Survivor regions: 1->1(10)
[485.848s][info][gc,heap     ] GC(1770) Old regions: 8->8
[485.848s][info][gc,heap     ] GC(1770) Archive regions: 2->2
[485.848s][info][gc,heap     ] GC(1770) Humongous regions: 96->0
[485.848s][info][gc,metaspace] GC(1770) Metaspace: 29090K(29504K)->29090K(29504K) NonClass: 25530K(25728K)->25530K(25728K) Class: 3559K(3776K)->3559K(3776K)
[485.848s][info][gc          ] GC(1770) Pause Young (Concurrent Start) (G1 Humongous Allocation) 210M->16M(254M) 2.376ms
[485.848s][info][gc,cpu      ] GC(1770) User=0.00s Sys=0.01s Real=0.01s
[485.848s][info][gc          ] GC(1771) Concurrent Undo Cycle
[485.849s][info][gc,marking  ] GC(1771) Concurrent Cleanup for Next Mark
[485.849s][info][gc,marking  ] GC(1771) Concurrent Cleanup for Next Mark 0.125ms
[485.849s][info][gc          ] GC(1771) Concurrent Undo Cycle 0.263ms
[486.366s][info][gc,start    ] GC(1772) Pause Young (Concurrent Start) (G1 Humongous Allocation)
[486.367s][info][gc,task     ] GC(1772) Using 8 workers of 8 for evacuation
[486.369s][info][gc,phases   ] GC(1772)   Pre Evacuate Collection Set: 0.4ms
[486.369s][info][gc,phases   ] GC(1772)   Merge Heap Roots: 0.2ms
[486.369s][info][gc,phases   ] GC(1772)   Evacuate Collection Set: 1.2ms
[486.369s][info][gc,phases   ] GC(1772)   Post Evacuate Collection Set: 0.7ms
[486.369s][info][gc,phases   ] GC(1772)   Other: 0.2ms
[486.370s][info][gc,heap     ] GC(1772) Eden regions: 1->0(75)
[486.370s][info][gc,heap     ] GC(1772) Survivor regions: 1->1(10)
[486.370s][info][gc,heap     ] GC(1772) Old regions: 8->8
[486.370s][info][gc,heap     ] GC(1772) Archive regions: 2->2
[486.370s][info][gc,heap     ] GC(1772) Humongous regions: 96->0
[486.370s][info][gc,metaspace] GC(1772) Metaspace: 29090K(29504K)->29090K(29504K) NonClass: 25530K(25728K)->25530K(25728K) Class: 3559K(3776K)->3559K(3776K)
[486.370s][info][gc          ] GC(1772) Pause Young (Concurrent Start) (G1 Humongous Allocation) 210M->16M(254M) 3.235ms
[486.370s][info][gc,cpu      ] GC(1772) User=0.00s Sys=0.00s Real=0.01s
[486.370s][info][gc          ] GC(1773) Concurrent Undo Cycle
[486.370s][info][gc,marking  ] GC(1773) Concurrent Cleanup for Next Mark
[486.370s][info][gc,marking  ] GC(1773) Concurrent Cleanup for Next Mark 0.123ms
[486.370s][info][gc          ] GC(1773) Concurrent Undo Cycle 0.322ms
[486.889s][info][gc,start    ] GC(1774) Pause Young (Concurrent Start) (G1 Humongous Allocation)
[486.889s][info][gc,task     ] GC(1774) Using 8 workers of 8 for evacuation
[486.892s][info][gc,phases   ] GC(1774)   Pre Evacuate Collection Set: 0.5ms
[486.892s][info][gc,phases   ] GC(1774)   Merge Heap Roots: 0.2ms
[486.892s][info][gc,phases   ] GC(1774)   Evacuate Collection Set: 1.2ms
[486.892s][info][gc,phases   ] GC(1774)   Post Evacuate Collection Set: 0.8ms
[486.892s][info][gc,phases   ] GC(1774)   Other: 0.2ms
[486.892s][info][gc,heap     ] GC(1774) Eden regions: 2->0(75)
[486.892s][info][gc,heap     ] GC(1774) Survivor regions: 1->1(10)
[486.892s][info][gc,heap     ] GC(1774) Old regions: 8->8
[486.892s][info][gc,heap     ] GC(1774) Archive regions: 2->2
[486.892s][info][gc,heap     ] GC(1774) Humongous regions: 96->0
[486.892s][info][gc,metaspace] GC(1774) Metaspace: 29090K(29504K)->29090K(29504K) NonClass: 25530K(25728K)->25530K(25728K) Class: 3559K(3776K)->3559K(3776K)
[486.892s][info][gc          ] GC(1774) Pause Young (Concurrent Start) (G1 Humongous Allocation) 210M->16M(254M) 3.637ms
[486.892s][info][gc,cpu      ] GC(1774) User=0.01s Sys=0.00s Real=0.00s
[486.892s][info][gc          ] GC(1775) Concurrent Undo Cycle
[486.893s][info][gc,marking  ] GC(1775) Concurrent Cleanup for Next Mark
[486.893s][info][gc,marking  ] GC(1775) Concurrent Cleanup for Next Mark 0.167ms
[486.893s][info][gc          ] GC(1775) Concurrent Undo Cycle 0.362ms
[487.413s][info][gc,start    ] GC(1776) Pause Young (Concurrent Start) (G1 Humongous Allocation)
[487.413s][info][gc,task     ] GC(1776) Using 8 workers of 8 for evacuation
[487.416s][info][gc,phases   ] GC(1776)   Pre Evacuate Collection Set: 0.4ms
[487.416s][info][gc,phases   ] GC(1776)   Merge Heap Roots: 0.2ms
[487.416s][info][gc,phases   ] GC(1776)   Evacuate Collection Set: 1.3ms
[487.416s][info][gc,phases   ] GC(1776)   Post Evacuate Collection Set: 0.8ms
[487.416s][info][gc,phases   ] GC(1776)   Other: 0.3ms
[487.416s][info][gc,heap     ] GC(1776) Eden regions: 1->0(75)
[487.416s][info][gc,heap     ] GC(1776) Survivor regions: 1->1(10)
[487.416s][info][gc,heap     ] GC(1776) Old regions: 8->8
[487.416s][info][gc,heap     ] GC(1776) Archive regions: 2->2
[487.416s][info][gc,heap     ] GC(1776) Humongous regions: 96->0
[487.416s][info][gc,metaspace] GC(1776) Metaspace: 29090K(29504K)->29090K(29504K) NonClass: 25530K(25728K)->25530K(25728K) Class: 3559K(3776K)->3559K(3776K)
[487.416s][info][gc          ] GC(1776) Pause Young (Concurrent Start) (G1 Humongous Allocation) 210M->16M(254M) 3.631ms
[487.416s][info][gc,cpu      ] GC(1776) User=0.01s Sys=0.00s Real=0.00s
[487.416s][info][gc          ] GC(1777) Concurrent Undo Cycle
[487.416s][info][gc,marking  ] GC(1777) Concurrent Cleanup for Next Mark
[487.417s][info][gc,marking  ] GC(1777) Concurrent Cleanup for Next Mark 0.287ms
[487.417s][info][gc          ] GC(1777) Concurrent Undo Cycle 0.561ms
[487.939s][info][gc,start    ] GC(1778) Pause Young (Concurrent Start) (G1 Humongous Allocation)
[487.939s][info][gc,task     ] GC(1778) Using 8 workers of 8 for evacuation
[487.942s][info][gc,phases   ] GC(1778)   Pre Evacuate Collection Set: 0.4ms
[487.942s][info][gc,phases   ] GC(1778)   Merge Heap Roots: 0.2ms
[487.942s][info][gc,phases   ] GC(1778)   Evacuate Collection Set: 1.2ms
[487.942s][info][gc,phases   ] GC(1778)   Post Evacuate Collection Set: 0.7ms
[487.942s][info][gc,phases   ] GC(1778)   Other: 0.2ms
[487.942s][info][gc,heap     ] GC(1778) Eden regions: 1->0(75)
[487.942s][info][gc,heap     ] GC(1778) Survivor regions: 1->1(10)
[487.942s][info][gc,heap     ] GC(1778) Old regions: 8->8
[487.942s][info][gc,heap     ] GC(1778) Archive regions: 2->2
[487.942s][info][gc,heap     ] GC(1778) Humongous regions: 96->0
[487.942s][info][gc,metaspace] GC(1778) Metaspace: 29090K(29504K)->29090K(29504K) NonClass: 25530K(25728K)->25530K(25728K) Class: 3559K(3776K)->3559K(3776K)
[487.943s][info][gc          ] GC(1778) Pause Young (Concurrent Start) (G1 Humongous Allocation) 210M->16M(254M) 3.569ms
[487.943s][info][gc,cpu      ] GC(1778) User=0.01s Sys=0.00s Real=0.00s
[487.943s][info][gc          ] GC(1779) Concurrent Undo Cycle
[487.943s][info][gc,marking  ] GC(1779) Concurrent Cleanup for Next Mark
[487.943s][info][gc,marking  ] GC(1779) Concurrent Cleanup for Next Mark 0.217ms
[487.943s][info][gc          ] GC(1779) Concurrent Undo Cycle 0.421ms
[488.462s][info][gc,start    ] GC(1780) Pause Young (Concurrent Start) (G1 Humongous Allocation)
[488.463s][info][gc,task     ] GC(1780) Using 8 workers of 8 for evacuation
[488.465s][info][gc,phases   ] GC(1780)   Pre Evacuate Collection Set: 0.4ms
[488.466s][info][gc,phases   ] GC(1780)   Merge Heap Roots: 0.2ms
[488.466s][info][gc,phases   ] GC(1780)   Evacuate Collection Set: 1.2ms
[488.466s][info][gc,phases   ] GC(1780)   Post Evacuate Collection Set: 0.8ms
[488.466s][info][gc,phases   ] GC(1780)   Other: 0.2ms
[488.466s][info][gc,heap     ] GC(1780) Eden regions: 1->0(75)
[488.466s][info][gc,heap     ] GC(1780) Survivor regions: 1->1(10)
[488.466s][info][gc,heap     ] GC(1780) Old regions: 8->8
[488.466s][info][gc,heap     ] GC(1780) Archive regions: 2->2
[488.466s][info][gc,heap     ] GC(1780) Humongous regions: 96->0
[488.466s][info][gc,metaspace] GC(1780) Metaspace: 29090K(29504K)->29090K(29504K) NonClass: 25530K(25728K)->25530K(25728K) Class: 3559K(3776K)->3559K(3776K)
[488.466s][info][gc          ] GC(1780) Pause Young (Concurrent Start) (G1 Humongous Allocation) 210M->16M(254M) 3.559ms
[488.466s][info][gc,cpu      ] GC(1780) User=0.01s Sys=0.00s Real=0.00s
[488.466s][info][gc          ] GC(1781) Concurrent Undo Cycle
[488.466s][info][gc,marking  ] GC(1781) Concurrent Cleanup for Next Mark
[488.466s][info][gc,marking  ] GC(1781) Concurrent Cleanup for Next Mark 0.191ms
[488.466s][info][gc          ] GC(1781) Concurrent Undo Cycle 0.421ms
[488.984s][info][gc,start    ] GC(1782) Pause Young (Concurrent Start) (G1 Humongous Allocation)
[488.984s][info][gc,task     ] GC(1782) Using 8 workers of 8 for evacuation
[488.987s][info][gc,phases   ] GC(1782)   Pre Evacuate Collection Set: 0.4ms
[488.987s][info][gc,phases   ] GC(1782)   Merge Heap Roots: 0.2ms
[488.987s][info][gc,phases   ] GC(1782)   Evacuate Collection Set: 1.2ms
[488.987s][info][gc,phases   ] GC(1782)   Post Evacuate Collection Set: 0.8ms
[488.987s][info][gc,phases   ] GC(1782)   Other: 0.2ms
[488.987s][info][gc,heap     ] GC(1782) Eden regions: 1->0(75)
[488.987s][info][gc,heap     ] GC(1782) Survivor regions: 1->1(10)
[488.987s][info][gc,heap     ] GC(1782) Old regions: 8->8
[488.987s][info][gc,heap     ] GC(1782) Archive regions: 2->2
[488.987s][info][gc,heap     ] GC(1782) Humongous regions: 96->0
[488.987s][info][gc,metaspace] GC(1782) Metaspace: 29090K(29504K)->29090K(29504K) NonClass: 25530K(25728K)->25530K(25728K) Class: 3559K(3776K)->3559K(3776K)
[488.987s][info][gc          ] GC(1782) Pause Young (Concurrent Start) (G1 Humongous Allocation) 210M->16M(254M) 3.458ms
[488.988s][info][gc,cpu      ] GC(1782) User=0.00s Sys=0.00s Real=0.00s
[488.988s][info][gc          ] GC(1783) Concurrent Undo Cycle
[488.988s][info][gc,marking  ] GC(1783) Concurrent Cleanup for Next Mark
[488.988s][info][gc,marking  ] GC(1783) Concurrent Cleanup for Next Mark 0.132ms
[488.988s][info][gc          ] GC(1783) Concurrent Undo Cycle 0.293ms
[489.508s][info][gc,start    ] GC(1784) Pause Young (Concurrent Start) (G1 Humongous Allocation)
[489.508s][info][gc,task     ] GC(1784) Using 8 workers of 8 for evacuation
[489.511s][info][gc,phases   ] GC(1784)   Pre Evacuate Collection Set: 0.4ms
[489.511s][info][gc,phases   ] GC(1784)   Merge Heap Roots: 0.2ms
[489.511s][info][gc,phases   ] GC(1784)   Evacuate Collection Set: 1.2ms
[489.511s][info][gc,phases   ] GC(1784)   Post Evacuate Collection Set: 0.8ms
[489.511s][info][gc,phases   ] GC(1784)   Other: 0.2ms
[489.511s][info][gc,heap     ] GC(1784) Eden regions: 1->0(75)
[489.511s][info][gc,heap     ] GC(1784) Survivor regions: 1->1(10)
[489.511s][info][gc,heap     ] GC(1784) Old regions: 8->8
[489.511s][info][gc,heap     ] GC(1784) Archive regions: 2->2
[489.511s][info][gc,heap     ] GC(1784) Humongous regions: 96->0
[489.511s][info][gc,metaspace] GC(1784) Metaspace: 29090K(29504K)->29090K(29504K) NonClass: 25530K(25728K)->25530K(25728K) Class: 3559K(3776K)->3559K(3776K)
[489.511s][info][gc          ] GC(1784) Pause Young (Concurrent Start) (G1 Humongous Allocation) 210M->16M(254M) 3.528ms
[489.511s][info][gc,cpu      ] GC(1784) User=0.00s Sys=0.01s Real=0.01s
[489.511s][info][gc          ] GC(1785) Concurrent Undo Cycle
[489.511s][info][gc,marking  ] GC(1785) Concurrent Cleanup for Next Mark
[489.512s][info][gc,marking  ] GC(1785) Concurrent Cleanup for Next Mark 0.245ms
[489.512s][info][gc          ] GC(1785) Concurrent Undo Cycle 0.520ms
[490.029s][info][gc,start    ] GC(1786) Pause Young (Concurrent Start) (G1 Humongous Allocation)
[490.029s][info][gc,task     ] GC(1786) Using 8 workers of 8 for evacuation
[490.032s][info][gc,phases   ] GC(1786)   Pre Evacuate Collection Set: 0.4ms
[490.032s][info][gc,phases   ] GC(1786)   Merge Heap Roots: 0.2ms
[490.032s][info][gc,phases   ] GC(1786)   Evacuate Collection Set: 1.3ms
[490.032s][info][gc,phases   ] GC(1786)   Post Evacuate Collection Set: 0.8ms
[490.032s][info][gc,phases   ] GC(1786)   Other: 0.3ms
[490.032s][info][gc,heap     ] GC(1786) Eden regions: 1->0(75)
[490.032s][info][gc,heap     ] GC(1786) Survivor regions: 1->1(10)
[490.032s][info][gc,heap     ] GC(1786) Old regions: 8->8
[490.032s][info][gc,heap     ] GC(1786) Archive regions: 2->2
[490.032s][info][gc,heap     ] GC(1786) Humongous regions: 96->0
[490.032s][info][gc,metaspace] GC(1786) Metaspace: 29090K(29504K)->29090K(29504K) NonClass: 25530K(25728K)->25530K(25728K) Class: 3559K(3776K)->3559K(3776K)
[490.032s][info][gc          ] GC(1786) Pause Young (Concurrent Start) (G1 Humongous Allocation) 210M->16M(254M) 3.672ms
[490.032s][info][gc,cpu      ] GC(1786) User=0.01s Sys=0.00s Real=0.00s
[490.033s][info][gc          ] GC(1787) Concurrent Undo Cycle
[490.033s][info][gc,marking  ] GC(1787) Concurrent Cleanup for Next Mark
[490.033s][info][gc,marking  ] GC(1787) Concurrent Cleanup for Next Mark 0.198ms
[490.033s][info][gc          ] GC(1787) Concurrent Undo Cycle 0.506ms
[490.552s][info][gc,start    ] GC(1788) Pause Young (Concurrent Start) (G1 Humongous Allocation)
[490.552s][info][gc,task     ] GC(1788) Using 8 workers of 8 for evacuation
[490.554s][info][gc,phases   ] GC(1788)   Pre Evacuate Collection Set: 0.4ms
[490.554s][info][gc,phases   ] GC(1788)   Merge Heap Roots: 0.1ms
[490.554s][info][gc,phases   ] GC(1788)   Evacuate Collection Set: 0.8ms
[490.554s][info][gc,phases   ] GC(1788)   Post Evacuate Collection Set: 0.3ms
[490.554s][info][gc,phases   ] GC(1788)   Other: 0.2ms
[490.554s][info][gc,heap     ] GC(1788) Eden regions: 1->0(75)
[490.554s][info][gc,heap     ] GC(1788) Survivor regions: 1->1(10)
[490.554s][info][gc,heap     ] GC(1788) Old regions: 8->8
[490.554s][info][gc,heap     ] GC(1788) Archive regions: 2->2
[490.554s][info][gc,heap     ] GC(1788) Humongous regions: 96->0
[490.554s][info][gc,metaspace] GC(1788) Metaspace: 29090K(29504K)->29090K(29504K) NonClass: 25530K(25728K)->25530K(25728K) Class: 3559K(3776K)->3559K(3776K)
[490.554s][info][gc          ] GC(1788) Pause Young (Concurrent Start) (G1 Humongous Allocation) 210M->16M(254M) 2.382ms
[490.554s][info][gc          ] GC(1789) Concurrent Undo Cycle
[490.554s][info][gc,cpu      ] GC(1788) User=0.00s Sys=0.00s Real=0.00s
[490.554s][info][gc,marking  ] GC(1789) Concurrent Cleanup for Next Mark
[490.555s][info][gc,marking  ] GC(1789) Concurrent Cleanup for Next Mark 0.125ms
[490.555s][info][gc          ] GC(1789) Concurrent Undo Cycle 0.193ms
[491.075s][info][gc,start    ] GC(1790) Pause Young (Concurrent Start) (G1 Humongous Allocation)
[491.075s][info][gc,task     ] GC(1790) Using 8 workers of 8 for evacuation
[491.076s][info][gc,phases   ] GC(1790)   Pre Evacuate Collection Set: 0.2ms
[491.076s][info][gc,phases   ] GC(1790)   Merge Heap Roots: 0.1ms
[491.076s][info][gc,phases   ] GC(1790)   Evacuate Collection Set: 0.5ms
[491.076s][info][gc,phases   ] GC(1790)   Post Evacuate Collection Set: 0.4ms
[491.076s][info][gc,phases   ] GC(1790)   Other: 0.1ms
[491.076s][info][gc,heap     ] GC(1790) Eden regions: 1->0(75)
[491.076s][info][gc,heap     ] GC(1790) Survivor regions: 1->1(10)
[491.076s][info][gc,heap     ] GC(1790) Old regions: 8->8
[491.076s][info][gc,heap     ] GC(1790) Archive regions: 2->2
[491.076s][info][gc,heap     ] GC(1790) Humongous regions: 96->0
[491.076s][info][gc,metaspace] GC(1790) Metaspace: 29090K(29504K)->29090K(29504K) NonClass: 25530K(25728K)->25530K(25728K) Class: 3559K(3776K)->3559K(3776K)
[491.076s][info][gc          ] GC(1790) Pause Young (Concurrent Start) (G1 Humongous Allocation) 210M->16M(254M) 1.478ms
[491.076s][info][gc,cpu      ] GC(1790) User=0.01s Sys=0.01s Real=0.00s
[491.076s][info][gc          ] GC(1791) Concurrent Undo Cycle
[491.076s][info][gc,marking  ] GC(1791) Concurrent Cleanup for Next Mark
[491.076s][info][gc,marking  ] GC(1791) Concurrent Cleanup for Next Mark 0.063ms
[491.076s][info][gc          ] GC(1791) Concurrent Undo Cycle 0.127ms
[491.583s][info][gc,start    ] GC(1792) Pause Young (Concurrent Start) (G1 Humongous Allocation)
[491.583s][info][gc,task     ] GC(1792) Using 8 workers of 8 for evacuation
[491.585s][info][gc,phases   ] GC(1792)   Pre Evacuate Collection Set: 0.4ms
[491.585s][info][gc,phases   ] GC(1792)   Merge Heap Roots: 0.1ms
[491.585s][info][gc,phases   ] GC(1792)   Evacuate Collection Set: 1.1ms
[491.585s][info][gc,phases   ] GC(1792)   Post Evacuate Collection Set: 0.4ms
[491.585s][info][gc,phases   ] GC(1792)   Other: 0.0ms
[491.585s][info][gc,heap     ] GC(1792) Eden regions: 1->0(75)
[491.585s][info][gc,heap     ] GC(1792) Survivor regions: 1->1(10)
[491.585s][info][gc,heap     ] GC(1792) Old regions: 8->8
[491.585s][info][gc,heap     ] GC(1792) Archive regions: 2->2
[491.585s][info][gc,heap     ] GC(1792) Humongous regions: 96->0
[491.585s][info][gc,metaspace] GC(1792) Metaspace: 29090K(29504K)->29090K(29504K) NonClass: 25530K(25728K)->25530K(25728K) Class: 3559K(3776K)->3559K(3776K)
[491.585s][info][gc          ] GC(1792) Pause Young (Concurrent Start) (G1 Humongous Allocation) 210M->16M(254M) 2.218ms
[491.585s][info][gc          ] GC(1793) Concurrent Undo Cycle
[491.585s][info][gc,cpu      ] GC(1792) User=0.01s Sys=0.00s Real=0.00s
[491.585s][info][gc,marking  ] GC(1793) Concurrent Cleanup for Next Mark
[491.585s][info][gc,marking  ] GC(1793) Concurrent Cleanup for Next Mark 0.051ms
[491.585s][info][gc          ] GC(1793) Concurrent Undo Cycle 0.132ms
[492.104s][info][gc,start    ] GC(1794) Pause Young (Concurrent Start) (G1 Humongous Allocation)
[492.104s][info][gc,task     ] GC(1794) Using 8 workers of 8 for evacuation
[492.107s][info][gc,phases   ] GC(1794)   Pre Evacuate Collection Set: 0.4ms
[492.107s][info][gc,phases   ] GC(1794)   Merge Heap Roots: 0.2ms
[492.107s][info][gc,phases   ] GC(1794)   Evacuate Collection Set: 1.2ms
[492.107s][info][gc,phases   ] GC(1794)   Post Evacuate Collection Set: 0.7ms
[492.107s][info][gc,phases   ] GC(1794)   Other: 0.2ms
[492.107s][info][gc,heap     ] GC(1794) Eden regions: 1->0(75)
[492.107s][info][gc,heap     ] GC(1794) Survivor regions: 1->1(10)
[492.107s][info][gc,heap     ] GC(1794) Old regions: 8->8
[492.107s][info][gc,heap     ] GC(1794) Archive regions: 2->2
[492.107s][info][gc,heap     ] GC(1794) Humongous regions: 96->0
[492.107s][info][gc,metaspace] GC(1794) Metaspace: 29090K(29504K)->29090K(29504K) NonClass: 25530K(25728K)->25530K(25728K) Class: 3559K(3776K)->3559K(3776K)
[492.108s][info][gc          ] GC(1794) Pause Young (Concurrent Start) (G1 Humongous Allocation) 210M->16M(254M) 3.368ms
[492.108s][info][gc,cpu      ] GC(1794) User=0.01s Sys=0.00s Real=0.01s
[492.108s][info][gc          ] GC(1795) Concurrent Undo Cycle
[492.108s][info][gc,marking  ] GC(1795) Concurrent Cleanup for Next Mark
[492.108s][info][gc,marking  ] GC(1795) Concurrent Cleanup for Next Mark 0.193ms
[492.108s][info][gc          ] GC(1795) Concurrent Undo Cycle 0.487ms
[492.628s][info][gc,start    ] GC(1796) Pause Young (Concurrent Start) (G1 Humongous Allocation)
[492.628s][info][gc,task     ] GC(1796) Using 8 workers of 8 for evacuation
[492.630s][info][gc,phases   ] GC(1796)   Pre Evacuate Collection Set: 0.4ms
[492.630s][info][gc,phases   ] GC(1796)   Merge Heap Roots: 0.1ms
[492.630s][info][gc,phases   ] GC(1796)   Evacuate Collection Set: 0.8ms
[492.630s][info][gc,phases   ] GC(1796)   Post Evacuate Collection Set: 0.3ms
[492.630s][info][gc,phases   ] GC(1796)   Other: 0.2ms
[492.630s][info][gc,heap     ] GC(1796) Eden regions: 1->0(75)
[492.630s][info][gc,heap     ] GC(1796) Survivor regions: 1->1(10)
[492.630s][info][gc,heap     ] GC(1796) Old regions: 8->8
[492.630s][info][gc,heap     ] GC(1796) Archive regions: 2->2
[492.630s][info][gc,heap     ] GC(1796) Humongous regions: 96->0
[492.630s][info][gc,metaspace] GC(1796) Metaspace: 29090K(29504K)->29090K(29504K) NonClass: 25530K(25728K)->25530K(25728K) Class: 3559K(3776K)->3559K(3776K)
[492.630s][info][gc          ] GC(1796) Pause Young (Concurrent Start) (G1 Humongous Allocation) 210M->16M(254M) 2.491ms
[492.630s][info][gc,cpu      ] GC(1796) User=0.00s Sys=0.00s Real=0.00s
[492.630s][info][gc          ] GC(1797) Concurrent Undo Cycle
[492.630s][info][gc,marking  ] GC(1797) Concurrent Cleanup for Next Mark
[492.631s][info][gc,marking  ] GC(1797) Concurrent Cleanup for Next Mark 0.148ms
[492.631s][info][gc          ] GC(1797) Concurrent Undo Cycle 0.270ms
[493.144s][info][gc,start    ] GC(1798) Pause Young (Concurrent Start) (G1 Humongous Allocation)
[493.144s][info][gc,task     ] GC(1798) Using 8 workers of 8 for evacuation
[493.145s][info][gc,phases   ] GC(1798)   Pre Evacuate Collection Set: 0.2ms
[493.145s][info][gc,phases   ] GC(1798)   Merge Heap Roots: 0.0ms
[493.145s][info][gc,phases   ] GC(1798)   Evacuate Collection Set: 0.6ms
[493.145s][info][gc,phases   ] GC(1798)   Post Evacuate Collection Set: 0.3ms
[493.145s][info][gc,phases   ] GC(1798)   Other: 0.1ms
[493.145s][info][gc,heap     ] GC(1798) Eden regions: 1->0(75)
[493.145s][info][gc,heap     ] GC(1798) Survivor regions: 1->1(10)
[493.145s][info][gc,heap     ] GC(1798) Old regions: 8->8
[493.145s][info][gc,heap     ] GC(1798) Archive regions: 2->2
[493.145s][info][gc,heap     ] GC(1798) Humongous regions: 96->0
[493.145s][info][gc,metaspace] GC(1798) Metaspace: 29090K(29504K)->29090K(29504K) NonClass: 25530K(25728K)->25530K(25728K) Class: 3559K(3776K)->3559K(3776K)
[493.145s][info][gc          ] GC(1798) Pause Young (Concurrent Start) (G1 Humongous Allocation) 210M->16M(254M) 1.732ms
[493.145s][info][gc          ] GC(1799) Concurrent Undo Cycle
[493.145s][info][gc,cpu      ] GC(1798) User=0.00s Sys=0.01s Real=0.00s
[493.145s][info][gc,marking  ] GC(1799) Concurrent Cleanup for Next Mark
[493.145s][info][gc,marking  ] GC(1799) Concurrent Cleanup for Next Mark 0.088ms
[493.145s][info][gc          ] GC(1799) Concurrent Undo Cycle 0.148ms
[493.654s][info][gc,start    ] GC(1800) Pause Young (Concurrent Start) (G1 Humongous Allocation)
[493.654s][info][gc,task     ] GC(1800) Using 8 workers of 8 for evacuation
[493.655s][info][gc,phases   ] GC(1800)   Pre Evacuate Collection Set: 0.1ms
[493.655s][info][gc,phases   ] GC(1800)   Merge Heap Roots: 0.0ms
[493.655s][info][gc,phases   ] GC(1800)   Evacuate Collection Set: 0.5ms
[493.655s][info][gc,phases   ] GC(1800)   Post Evacuate Collection Set: 0.2ms
[493.656s][info][gc,phases   ] GC(1800)   Other: 0.1ms
[493.656s][info][gc,heap     ] GC(1800) Eden regions: 1->0(75)
[493.656s][info][gc,heap     ] GC(1800) Survivor regions: 1->1(10)
[493.656s][info][gc,heap     ] GC(1800) Old regions: 8->8
[493.656s][info][gc,heap     ] GC(1800) Archive regions: 2->2
[493.656s][info][gc,heap     ] GC(1800) Humongous regions: 96->0
[493.656s][info][gc,metaspace] GC(1800) Metaspace: 29090K(29504K)->29090K(29504K) NonClass: 25530K(25728K)->25530K(25728K) Class: 3559K(3776K)->3559K(3776K)
[493.656s][info][gc          ] GC(1800) Pause Young (Concurrent Start) (G1 Humongous Allocation) 210M->16M(254M) 1.375ms
[493.656s][info][gc,cpu      ] GC(1800) User=0.00s Sys=0.00s Real=0.00s
[493.656s][info][gc          ] GC(1801) Concurrent Undo Cycle
[493.656s][info][gc,marking  ] GC(1801) Concurrent Cleanup for Next Mark
[493.656s][info][gc,marking  ] GC(1801) Concurrent Cleanup for Next Mark 0.066ms
[493.656s][info][gc          ] GC(1801) Concurrent Undo Cycle 0.142ms
[494.164s][info][gc,start    ] GC(1802) Pause Young (Concurrent Start) (G1 Humongous Allocation)
[494.164s][info][gc,task     ] GC(1802) Using 8 workers of 8 for evacuation
[494.167s][info][gc,phases   ] GC(1802)   Pre Evacuate Collection Set: 0.2ms
[494.167s][info][gc,phases   ] GC(1802)   Merge Heap Roots: 0.0ms
[494.167s][info][gc,phases   ] GC(1802)   Evacuate Collection Set: 1.8ms
[494.167s][info][gc,phases   ] GC(1802)   Post Evacuate Collection Set: 0.5ms
[494.167s][info][gc,phases   ] GC(1802)   Other: 0.1ms
[494.167s][info][gc,heap     ] GC(1802) Eden regions: 1->0(75)
[494.167s][info][gc,heap     ] GC(1802) Survivor regions: 1->1(10)
[494.167s][info][gc,heap     ] GC(1802) Old regions: 8->8
[494.167s][info][gc,heap     ] GC(1802) Archive regions: 2->2
[494.167s][info][gc,heap     ] GC(1802) Humongous regions: 96->0
[494.167s][info][gc,metaspace] GC(1802) Metaspace: 29090K(29504K)->29090K(29504K) NonClass: 25530K(25728K)->25530K(25728K) Class: 3559K(3776K)->3559K(3776K)
[494.167s][info][gc          ] GC(1802) Pause Young (Concurrent Start) (G1 Humongous Allocation) 210M->16M(254M) 3.026ms
[494.167s][info][gc          ] GC(1803) Concurrent Undo Cycle
[494.167s][info][gc,cpu      ] GC(1802) User=0.00s Sys=0.00s Real=0.00s
[494.167s][info][gc,marking  ] GC(1803) Concurrent Cleanup for Next Mark
[494.168s][info][gc,marking  ] GC(1803) Concurrent Cleanup for Next Mark 0.128ms
[494.168s][info][gc          ] GC(1803) Concurrent Undo Cycle 0.296ms
[494.693s][info][gc,start    ] GC(1804) Pause Young (Concurrent Start) (G1 Humongous Allocation)
[494.693s][info][gc,task     ] GC(1804) Using 8 workers of 8 for evacuation
[494.696s][info][gc,phases   ] GC(1804)   Pre Evacuate Collection Set: 0.5ms
[494.696s][info][gc,phases   ] GC(1804)   Merge Heap Roots: 0.1ms
[494.696s][info][gc,phases   ] GC(1804)   Evacuate Collection Set: 1.2ms
[494.696s][info][gc,phases   ] GC(1804)   Post Evacuate Collection Set: 0.8ms
[494.696s][info][gc,phases   ] GC(1804)   Other: 0.2ms
[494.696s][info][gc,heap     ] GC(1804) Eden regions: 1->0(75)
[494.696s][info][gc,heap     ] GC(1804) Survivor regions: 1->1(10)
[494.696s][info][gc,heap     ] GC(1804) Old regions: 8->8
[494.696s][info][gc,heap     ] GC(1804) Archive regions: 2->2
[494.696s][info][gc,heap     ] GC(1804) Humongous regions: 96->0
[494.696s][info][gc,metaspace] GC(1804) Metaspace: 29090K(29504K)->29090K(29504K) NonClass: 25530K(25728K)->25530K(25728K) Class: 3559K(3776K)->3559K(3776K)
[494.696s][info][gc          ] GC(1804) Pause Young (Concurrent Start) (G1 Humongous Allocation) 210M->16M(254M) 3.489ms
[494.696s][info][gc,cpu      ] GC(1804) User=0.01s Sys=0.00s Real=0.00s
[494.697s][info][gc          ] GC(1805) Concurrent Undo Cycle
[494.697s][info][gc,marking  ] GC(1805) Concurrent Cleanup for Next Mark
[494.697s][info][gc,marking  ] GC(1805) Concurrent Cleanup for Next Mark 0.258ms
[494.697s][info][gc          ] GC(1805) Concurrent Undo Cycle 0.532ms
[495.215s][info][gc,start    ] GC(1806) Pause Young (Concurrent Start) (G1 Humongous Allocation)
[495.215s][info][gc,task     ] GC(1806) Using 8 workers of 8 for evacuation
[495.217s][info][gc,phases   ] GC(1806)   Pre Evacuate Collection Set: 0.1ms
[495.217s][info][gc,phases   ] GC(1806)   Merge Heap Roots: 0.0ms
[495.217s][info][gc,phases   ] GC(1806)   Evacuate Collection Set: 0.9ms
[495.217s][info][gc,phases   ] GC(1806)   Post Evacuate Collection Set: 0.4ms
[495.217s][info][gc,phases   ] GC(1806)   Other: 0.1ms
[495.217s][info][gc,heap     ] GC(1806) Eden regions: 1->0(75)
[495.217s][info][gc,heap     ] GC(1806) Survivor regions: 1->1(10)
[495.217s][info][gc,heap     ] GC(1806) Old regions: 8->8
[495.217s][info][gc,heap     ] GC(1806) Archive regions: 2->2
[495.217s][info][gc,heap     ] GC(1806) Humongous regions: 96->0
[495.217s][info][gc,metaspace] GC(1806) Metaspace: 29090K(29504K)->29090K(29504K) NonClass: 25530K(25728K)->25530K(25728K) Class: 3559K(3776K)->3559K(3776K)
[495.217s][info][gc          ] GC(1806) Pause Young (Concurrent Start) (G1 Humongous Allocation) 210M->16M(254M) 1.834ms
[495.217s][info][gc,cpu      ] GC(1806) User=0.00s Sys=0.00s Real=0.00s
[495.217s][info][gc          ] GC(1807) Concurrent Undo Cycle
[495.217s][info][gc,marking  ] GC(1807) Concurrent Cleanup for Next Mark
[495.218s][info][gc,marking  ] GC(1807) Concurrent Cleanup for Next Mark 0.073ms
[495.218s][info][gc          ] GC(1807) Concurrent Undo Cycle 0.276ms
[495.728s][info][gc,start    ] GC(1808) Pause Young (Concurrent Start) (G1 Humongous Allocation)
[495.728s][info][gc,task     ] GC(1808) Using 8 workers of 8 for evacuation
[495.730s][info][gc,phases   ] GC(1808)   Pre Evacuate Collection Set: 0.1ms
[495.730s][info][gc,phases   ] GC(1808)   Merge Heap Roots: 0.1ms
[495.730s][info][gc,phases   ] GC(1808)   Evacuate Collection Set: 0.7ms
[495.730s][info][gc,phases   ] GC(1808)   Post Evacuate Collection Set: 0.3ms
[495.730s][info][gc,phases   ] GC(1808)   Other: 0.1ms
[495.730s][info][gc,heap     ] GC(1808) Eden regions: 1->0(75)
[495.730s][info][gc,heap     ] GC(1808) Survivor regions: 1->1(10)
[495.730s][info][gc,heap     ] GC(1808) Old regions: 8->8
[495.730s][info][gc,heap     ] GC(1808) Archive regions: 2->2
[495.730s][info][gc,heap     ] GC(1808) Humongous regions: 96->0
[495.730s][info][gc,metaspace] GC(1808) Metaspace: 29090K(29504K)->29090K(29504K) NonClass: 25530K(25728K)->25530K(25728K) Class: 3559K(3776K)->3559K(3776K)
[495.730s][info][gc          ] GC(1808) Pause Young (Concurrent Start) (G1 Humongous Allocation) 210M->16M(254M) 1.558ms
[495.730s][info][gc,cpu      ] GC(1808) User=0.00s Sys=0.00s Real=0.00s
[495.730s][info][gc          ] GC(1809) Concurrent Undo Cycle
[495.730s][info][gc,marking  ] GC(1809) Concurrent Cleanup for Next Mark
[495.730s][info][gc,marking  ] GC(1809) Concurrent Cleanup for Next Mark 0.073ms
[495.730s][info][gc          ] GC(1809) Concurrent Undo Cycle 0.167ms
[496.243s][info][gc,start    ] GC(1810) Pause Young (Concurrent Start) (G1 Humongous Allocation)
[496.243s][info][gc,task     ] GC(1810) Using 8 workers of 8 for evacuation
[496.244s][info][gc,phases   ] GC(1810)   Pre Evacuate Collection Set: 0.1ms
[496.244s][info][gc,phases   ] GC(1810)   Merge Heap Roots: 0.1ms
[496.244s][info][gc,phases   ] GC(1810)   Evacuate Collection Set: 0.6ms
[496.244s][info][gc,phases   ] GC(1810)   Post Evacuate Collection Set: 0.3ms
[496.244s][info][gc,phases   ] GC(1810)   Other: 0.1ms
[496.244s][info][gc,heap     ] GC(1810) Eden regions: 1->0(75)
[496.244s][info][gc,heap     ] GC(1810) Survivor regions: 1->1(10)
[496.244s][info][gc,heap     ] GC(1810) Old regions: 8->8
[496.244s][info][gc,heap     ] GC(1810) Archive regions: 2->2
[496.244s][info][gc,heap     ] GC(1810) Humongous regions: 96->0
[496.244s][info][gc,metaspace] GC(1810) Metaspace: 29090K(29504K)->29090K(29504K) NonClass: 25530K(25728K)->25530K(25728K) Class: 3559K(3776K)->3559K(3776K)
[496.244s][info][gc          ] GC(1810) Pause Young (Concurrent Start) (G1 Humongous Allocation) 210M->16M(254M) 1.615ms
[496.244s][info][gc,cpu      ] GC(1810) User=0.00s Sys=0.00s Real=0.00s
[496.244s][info][gc          ] GC(1811) Concurrent Undo Cycle
[496.244s][info][gc,marking  ] GC(1811) Concurrent Cleanup for Next Mark
[496.244s][info][gc,marking  ] GC(1811) Concurrent Cleanup for Next Mark 0.070ms
[496.244s][info][gc          ] GC(1811) Concurrent Undo Cycle 0.167ms
[496.754s][info][gc,start    ] GC(1812) Pause Young (Concurrent Start) (G1 Humongous Allocation)
[496.754s][info][gc,task     ] GC(1812) Using 8 workers of 8 for evacuation
[496.755s][info][gc,phases   ] GC(1812)   Pre Evacuate Collection Set: 0.1ms
[496.756s][info][gc,phases   ] GC(1812)   Merge Heap Roots: 0.0ms
[496.756s][info][gc,phases   ] GC(1812)   Evacuate Collection Set: 0.7ms
[496.756s][info][gc,phases   ] GC(1812)   Post Evacuate Collection Set: 0.4ms
[496.756s][info][gc,phases   ] GC(1812)   Other: 0.1ms
[496.756s][info][gc,heap     ] GC(1812) Eden regions: 1->0(75)
[496.756s][info][gc,heap     ] GC(1812) Survivor regions: 1->1(10)
[496.756s][info][gc,heap     ] GC(1812) Old regions: 8->8
[496.756s][info][gc,heap     ] GC(1812) Archive regions: 2->2
[496.756s][info][gc,heap     ] GC(1812) Humongous regions: 96->0
[496.756s][info][gc,metaspace] GC(1812) Metaspace: 29090K(29504K)->29090K(29504K) NonClass: 25530K(25728K)->25530K(25728K) Class: 3559K(3776K)->3559K(3776K)
[496.756s][info][gc          ] GC(1812) Pause Young (Concurrent Start) (G1 Humongous Allocation) 210M->16M(254M) 1.726ms
[496.756s][info][gc          ] GC(1813) Concurrent Undo Cycle
[496.756s][info][gc,cpu      ] GC(1812) User=0.00s Sys=0.00s Real=0.00s
[496.756s][info][gc,marking  ] GC(1813) Concurrent Cleanup for Next Mark
[496.756s][info][gc,marking  ] GC(1813) Concurrent Cleanup for Next Mark 0.078ms
[496.756s][info][gc          ] GC(1813) Concurrent Undo Cycle 0.177ms
[497.270s][info][gc,start    ] GC(1814) Pause Young (Concurrent Start) (G1 Humongous Allocation)
[497.270s][info][gc,task     ] GC(1814) Using 8 workers of 8 for evacuation
[497.273s][info][gc,phases   ] GC(1814)   Pre Evacuate Collection Set: 0.4ms
[497.273s][info][gc,phases   ] GC(1814)   Merge Heap Roots: 0.1ms
[497.273s][info][gc,phases   ] GC(1814)   Evacuate Collection Set: 1.1ms
[497.273s][info][gc,phases   ] GC(1814)   Post Evacuate Collection Set: 0.5ms
[497.273s][info][gc,phases   ] GC(1814)   Other: 0.2ms
[497.273s][info][gc,heap     ] GC(1814) Eden regions: 1->0(75)
[497.273s][info][gc,heap     ] GC(1814) Survivor regions: 1->1(10)
[497.273s][info][gc,heap     ] GC(1814) Old regions: 8->8
[497.273s][info][gc,heap     ] GC(1814) Archive regions: 2->2
[497.273s][info][gc,heap     ] GC(1814) Humongous regions: 96->0
[497.273s][info][gc,metaspace] GC(1814) Metaspace: 29090K(29504K)->29090K(29504K) NonClass: 25530K(25728K)->25530K(25728K) Class: 3559K(3776K)->3559K(3776K)
[497.273s][info][gc          ] GC(1814) Pause Young (Concurrent Start) (G1 Humongous Allocation) 210M->16M(254M) 3.099ms
[497.273s][info][gc,cpu      ] GC(1814) User=0.01s Sys=0.00s Real=0.00s
[497.273s][info][gc          ] GC(1815) Concurrent Undo Cycle
[497.273s][info][gc,marking  ] GC(1815) Concurrent Cleanup for Next Mark
[497.273s][info][gc,marking  ] GC(1815) Concurrent Cleanup for Next Mark 0.127ms
[497.273s][info][gc          ] GC(1815) Concurrent Undo Cycle 0.342ms
[497.793s][info][gc,start    ] GC(1816) Pause Young (Concurrent Start) (G1 Humongous Allocation)
[497.793s][info][gc,task     ] GC(1816) Using 8 workers of 8 for evacuation
[497.795s][info][gc,phases   ] GC(1816)   Pre Evacuate Collection Set: 0.3ms
[497.795s][info][gc,phases   ] GC(1816)   Merge Heap Roots: 0.1ms
[497.795s][info][gc,phases   ] GC(1816)   Evacuate Collection Set: 0.8ms
[497.795s][info][gc,phases   ] GC(1816)   Post Evacuate Collection Set: 0.5ms
[497.795s][info][gc,phases   ] GC(1816)   Other: 0.1ms
[497.795s][info][gc,heap     ] GC(1816) Eden regions: 1->0(75)
[497.795s][info][gc,heap     ] GC(1816) Survivor regions: 1->1(10)
[497.795s][info][gc,heap     ] GC(1816) Old regions: 8->8
[497.795s][info][gc,heap     ] GC(1816) Archive regions: 2->2
[497.795s][info][gc,heap     ] GC(1816) Humongous regions: 96->0
[497.795s][info][gc,metaspace] GC(1816) Metaspace: 29090K(29504K)->29090K(29504K) NonClass: 25530K(25728K)->25530K(25728K) Class: 3559K(3776K)->3559K(3776K)
[497.795s][info][gc          ] GC(1816) Pause Young (Concurrent Start) (G1 Humongous Allocation) 210M->16M(254M) 2.392ms
[497.795s][info][gc          ] GC(1817) Concurrent Undo Cycle
[497.795s][info][gc,cpu      ] GC(1816) User=0.01s Sys=0.00s Real=0.00s
[497.795s][info][gc,marking  ] GC(1817) Concurrent Cleanup for Next Mark
[497.796s][info][gc,marking  ] GC(1817) Concurrent Cleanup for Next Mark 0.288ms
[497.796s][info][gc          ] GC(1817) Concurrent Undo Cycle 0.383ms
[498.311s][info][gc,start    ] GC(1818) Pause Young (Concurrent Start) (G1 Humongous Allocation)
[498.311s][info][gc,task     ] GC(1818) Using 8 workers of 8 for evacuation
[498.314s][info][gc,phases   ] GC(1818)   Pre Evacuate Collection Set: 0.4ms
[498.314s][info][gc,phases   ] GC(1818)   Merge Heap Roots: 0.2ms
[498.314s][info][gc,phases   ] GC(1818)   Evacuate Collection Set: 1.2ms
[498.314s][info][gc,phases   ] GC(1818)   Post Evacuate Collection Set: 0.8ms
[498.314s][info][gc,phases   ] GC(1818)   Other: 0.3ms
[498.314s][info][gc,heap     ] GC(1818) Eden regions: 1->0(75)
[498.314s][info][gc,heap     ] GC(1818) Survivor regions: 1->1(10)
[498.314s][info][gc,heap     ] GC(1818) Old regions: 8->8
[498.314s][info][gc,heap     ] GC(1818) Archive regions: 2->2
[498.314s][info][gc,heap     ] GC(1818) Humongous regions: 96->0
[498.314s][info][gc,metaspace] GC(1818) Metaspace: 29090K(29504K)->29090K(29504K) NonClass: 25530K(25728K)->25530K(25728K) Class: 3559K(3776K)->3559K(3776K)
[498.314s][info][gc          ] GC(1818) Pause Young (Concurrent Start) (G1 Humongous Allocation) 210M->16M(254M) 3.660ms
[498.315s][info][gc,cpu      ] GC(1818) User=0.01s Sys=0.00s Real=0.00s
[498.315s][info][gc          ] GC(1819) Concurrent Undo Cycle
[498.315s][info][gc,marking  ] GC(1819) Concurrent Cleanup for Next Mark
[498.315s][info][gc,marking  ] GC(1819) Concurrent Cleanup for Next Mark 0.242ms
[498.315s][info][gc          ] GC(1819) Concurrent Undo Cycle 0.673ms
[498.836s][info][gc,start    ] GC(1820) Pause Young (Concurrent Start) (G1 Humongous Allocation)
[498.836s][info][gc,task     ] GC(1820) Using 8 workers of 8 for evacuation
[498.839s][info][gc,phases   ] GC(1820)   Pre Evacuate Collection Set: 0.4ms
[498.839s][info][gc,phases   ] GC(1820)   Merge Heap Roots: 0.3ms
[498.839s][info][gc,phases   ] GC(1820)   Evacuate Collection Set: 1.1ms
[498.839s][info][gc,phases   ] GC(1820)   Post Evacuate Collection Set: 0.6ms
[498.839s][info][gc,phases   ] GC(1820)   Other: 0.3ms
[498.839s][info][gc,heap     ] GC(1820) Eden regions: 2->0(75)
[498.839s][info][gc,heap     ] GC(1820) Survivor regions: 1->1(10)
[498.839s][info][gc,heap     ] GC(1820) Old regions: 8->8
[498.839s][info][gc,heap     ] GC(1820) Archive regions: 2->2
[498.839s][info][gc,heap     ] GC(1820) Humongous regions: 96->0
[498.839s][info][gc,metaspace] GC(1820) Metaspace: 29090K(29504K)->29090K(29504K) NonClass: 25530K(25728K)->25530K(25728K) Class: 3559K(3776K)->3559K(3776K)
[498.839s][info][gc          ] GC(1820) Pause Young (Concurrent Start) (G1 Humongous Allocation) 210M->16M(254M) 3.088ms
[498.839s][info][gc,cpu      ] GC(1820) User=0.00s Sys=0.01s Real=0.01s
[498.839s][info][gc          ] GC(1821) Concurrent Undo Cycle
[498.839s][info][gc,marking  ] GC(1821) Concurrent Cleanup for Next Mark
[498.839s][info][gc,marking  ] GC(1821) Concurrent Cleanup for Next Mark 0.192ms
[498.839s][info][gc          ] GC(1821) Concurrent Undo Cycle 0.387ms
[499.356s][info][gc,start    ] GC(1822) Pause Young (Concurrent Start) (G1 Humongous Allocation)
[499.356s][info][gc,task     ] GC(1822) Using 8 workers of 8 for evacuation
[499.359s][info][gc,phases   ] GC(1822)   Pre Evacuate Collection Set: 0.4ms
[499.359s][info][gc,phases   ] GC(1822)   Merge Heap Roots: 0.1ms
[499.360s][info][gc,phases   ] GC(1822)   Evacuate Collection Set: 1.2ms
[499.360s][info][gc,phases   ] GC(1822)   Post Evacuate Collection Set: 1.0ms
[499.360s][info][gc,phases   ] GC(1822)   Other: 0.3ms
[499.360s][info][gc,heap     ] GC(1822) Eden regions: 1->0(75)
[499.360s][info][gc,heap     ] GC(1822) Survivor regions: 1->1(10)
[499.360s][info][gc,heap     ] GC(1822) Old regions: 8->8
[499.360s][info][gc,heap     ] GC(1822) Archive regions: 2->2
[499.360s][info][gc,heap     ] GC(1822) Humongous regions: 96->0
[499.360s][info][gc,metaspace] GC(1822) Metaspace: 29090K(29504K)->29090K(29504K) NonClass: 25530K(25728K)->25530K(25728K) Class: 3559K(3776K)->3559K(3776K)
[499.360s][info][gc          ] GC(1822) Pause Young (Concurrent Start) (G1 Humongous Allocation) 210M->16M(254M) 4.330ms
[499.360s][info][gc,cpu      ] GC(1822) User=0.00s Sys=0.00s Real=0.01s
[499.360s][info][gc          ] GC(1823) Concurrent Undo Cycle
[499.360s][info][gc,marking  ] GC(1823) Concurrent Cleanup for Next Mark
[499.360s][info][gc,marking  ] GC(1823) Concurrent Cleanup for Next Mark 0.117ms
[499.361s][info][gc          ] GC(1823) Concurrent Undo Cycle 0.308ms
[499.878s][info][gc,start    ] GC(1824) Pause Young (Concurrent Start) (G1 Humongous Allocation)
[499.878s][info][gc,task     ] GC(1824) Using 8 workers of 8 for evacuation
[499.881s][info][gc,phases   ] GC(1824)   Pre Evacuate Collection Set: 0.4ms
[499.881s][info][gc,phases   ] GC(1824)   Merge Heap Roots: 0.2ms
[499.881s][info][gc,phases   ] GC(1824)   Evacuate Collection Set: 1.2ms
[499.881s][info][gc,phases   ] GC(1824)   Post Evacuate Collection Set: 0.8ms
[499.881s][info][gc,phases   ] GC(1824)   Other: 0.2ms
[499.881s][info][gc,heap     ] GC(1824) Eden regions: 1->0(75)
[499.881s][info][gc,heap     ] GC(1824) Survivor regions: 1->1(10)
[499.881s][info][gc,heap     ] GC(1824) Old regions: 8->8
[499.881s][info][gc,heap     ] GC(1824) Archive regions: 2->2
[499.881s][info][gc,heap     ] GC(1824) Humongous regions: 96->0
[499.881s][info][gc,metaspace] GC(1824) Metaspace: 29090K(29504K)->29090K(29504K) NonClass: 25530K(25728K)->25530K(25728K) Class: 3559K(3776K)->3559K(3776K)
[499.881s][info][gc          ] GC(1824) Pause Young (Concurrent Start) (G1 Humongous Allocation) 210M->16M(254M) 3.536ms
[499.882s][info][gc,cpu      ] GC(1824) User=0.00s Sys=0.00s Real=0.00s
[499.882s][info][gc          ] GC(1825) Concurrent Undo Cycle
[499.882s][info][gc,marking  ] GC(1825) Concurrent Cleanup for Next Mark
[499.882s][info][gc,marking  ] GC(1825) Concurrent Cleanup for Next Mark 0.230ms
[499.882s][info][gc          ] GC(1825) Concurrent Undo Cycle 0.509ms
[500.401s][info][gc,start    ] GC(1826) Pause Young (Concurrent Start) (G1 Humongous Allocation)
[500.402s][info][gc,task     ] GC(1826) Using 8 workers of 8 for evacuation
[500.404s][info][gc,phases   ] GC(1826)   Pre Evacuate Collection Set: 0.4ms
[500.404s][info][gc,phases   ] GC(1826)   Merge Heap Roots: 0.1ms
[500.404s][info][gc,phases   ] GC(1826)   Evacuate Collection Set: 1.4ms
[500.405s][info][gc,phases   ] GC(1826)   Post Evacuate Collection Set: 0.5ms
[500.405s][info][gc,phases   ] GC(1826)   Other: 0.2ms
[500.405s][info][gc,heap     ] GC(1826) Eden regions: 1->0(75)
[500.405s][info][gc,heap     ] GC(1826) Survivor regions: 1->1(10)
[500.405s][info][gc,heap     ] GC(1826) Old regions: 8->8
[500.405s][info][gc,heap     ] GC(1826) Archive regions: 2->2
[500.405s][info][gc,heap     ] GC(1826) Humongous regions: 96->0
[500.405s][info][gc,metaspace] GC(1826) Metaspace: 29090K(29504K)->29090K(29504K) NonClass: 25530K(25728K)->25530K(25728K) Class: 3559K(3776K)->3559K(3776K)
[500.405s][info][gc          ] GC(1826) Pause Young (Concurrent Start) (G1 Humongous Allocation) 210M->16M(254M) 3.397ms
[500.405s][info][gc,cpu      ] GC(1826) User=0.01s Sys=0.00s Real=0.00s
[500.405s][info][gc          ] GC(1827) Concurrent Undo Cycle
[500.405s][info][gc,marking  ] GC(1827) Concurrent Cleanup for Next Mark
[500.405s][info][gc,marking  ] GC(1827) Concurrent Cleanup for Next Mark 0.189ms
[500.405s][info][gc          ] GC(1827) Concurrent Undo Cycle 0.402ms
[500.921s][info][gc,start    ] GC(1828) Pause Young (Concurrent Start) (G1 Humongous Allocation)
[500.921s][info][gc,task     ] GC(1828) Using 8 workers of 8 for evacuation
[500.922s][info][gc,phases   ] GC(1828)   Pre Evacuate Collection Set: 0.3ms
[500.922s][info][gc,phases   ] GC(1828)   Merge Heap Roots: 0.1ms
[500.922s][info][gc,phases   ] GC(1828)   Evacuate Collection Set: 0.5ms
[500.922s][info][gc,phases   ] GC(1828)   Post Evacuate Collection Set: 0.3ms
[500.922s][info][gc,phases   ] GC(1828)   Other: -0.0ms
[500.922s][info][gc,heap     ] GC(1828) Eden regions: 1->0(75)
[500.922s][info][gc,heap     ] GC(1828) Survivor regions: 1->1(10)
[500.922s][info][gc,heap     ] GC(1828) Old regions: 8->8
[500.922s][info][gc,heap     ] GC(1828) Archive regions: 2->2
[500.922s][info][gc,heap     ] GC(1828) Humongous regions: 96->0
[500.922s][info][gc,metaspace] GC(1828) Metaspace: 29090K(29504K)->29090K(29504K) NonClass: 25530K(25728K)->25530K(25728K) Class: 3559K(3776K)->3559K(3776K)
[500.922s][info][gc          ] GC(1828) Pause Young (Concurrent Start) (G1 Humongous Allocation) 210M->16M(254M) 1.551ms
[500.922s][info][gc,cpu      ] GC(1828) User=0.00s Sys=0.00s Real=0.00s
[500.922s][info][gc          ] GC(1829) Concurrent Undo Cycle
[500.922s][info][gc,marking  ] GC(1829) Concurrent Cleanup for Next Mark
[500.922s][info][gc,marking  ] GC(1829) Concurrent Cleanup for Next Mark 0.049ms
[500.922s][info][gc          ] GC(1829) Concurrent Undo Cycle 0.100ms
[501.429s][info][gc,start    ] GC(1830) Pause Young (Concurrent Start) (G1 Humongous Allocation)
[501.429s][info][gc,task     ] GC(1830) Using 8 workers of 8 for evacuation
[501.431s][info][gc,phases   ] GC(1830)   Pre Evacuate Collection Set: 0.2ms
[501.431s][info][gc,phases   ] GC(1830)   Merge Heap Roots: 0.0ms
[501.431s][info][gc,phases   ] GC(1830)   Evacuate Collection Set: 0.5ms
[501.431s][info][gc,phases   ] GC(1830)   Post Evacuate Collection Set: 0.3ms
[501.431s][info][gc,phases   ] GC(1830)   Other: 0.1ms
[501.431s][info][gc,heap     ] GC(1830) Eden regions: 1->0(75)
[501.431s][info][gc,heap     ] GC(1830) Survivor regions: 1->1(10)
[501.431s][info][gc,heap     ] GC(1830) Old regions: 8->8
[501.431s][info][gc,heap     ] GC(1830) Archive regions: 2->2
[501.431s][info][gc,heap     ] GC(1830) Humongous regions: 96->0
[501.431s][info][gc,metaspace] GC(1830) Metaspace: 29090K(29504K)->29090K(29504K) NonClass: 25530K(25728K)->25530K(25728K) Class: 3559K(3776K)->3559K(3776K)
[501.431s][info][gc          ] GC(1830) Pause Young (Concurrent Start) (G1 Humongous Allocation) 210M->16M(254M) 1.387ms
[501.431s][info][gc          ] GC(1831) Concurrent Undo Cycle
[501.431s][info][gc,cpu      ] GC(1830) User=0.00s Sys=0.00s Real=0.00s
[501.431s][info][gc,marking  ] GC(1831) Concurrent Cleanup for Next Mark
[501.431s][info][gc,marking  ] GC(1831) Concurrent Cleanup for Next Mark 0.064ms
[501.431s][info][gc          ] GC(1831) Concurrent Undo Cycle 0.158ms
[501.943s][info][gc,start    ] GC(1832) Pause Young (Concurrent Start) (G1 Humongous Allocation)
[501.943s][info][gc,task     ] GC(1832) Using 8 workers of 8 for evacuation
[501.944s][info][gc,phases   ] GC(1832)   Pre Evacuate Collection Set: 0.2ms
[501.944s][info][gc,phases   ] GC(1832)   Merge Heap Roots: 0.1ms
[501.944s][info][gc,phases   ] GC(1832)   Evacuate Collection Set: 0.7ms
[501.944s][info][gc,phases   ] GC(1832)   Post Evacuate Collection Set: 0.4ms
[501.944s][info][gc,phases   ] GC(1832)   Other: 0.1ms
[501.944s][info][gc,heap     ] GC(1832) Eden regions: 1->0(75)
[501.944s][info][gc,heap     ] GC(1832) Survivor regions: 1->1(10)
[501.944s][info][gc,heap     ] GC(1832) Old regions: 8->8
[501.944s][info][gc,heap     ] GC(1832) Archive regions: 2->2
[501.944s][info][gc,heap     ] GC(1832) Humongous regions: 96->0
[501.944s][info][gc,metaspace] GC(1832) Metaspace: 29090K(29504K)->29090K(29504K) NonClass: 25530K(25728K)->25530K(25728K) Class: 3559K(3776K)->3559K(3776K)
[501.945s][info][gc          ] GC(1832) Pause Young (Concurrent Start) (G1 Humongous Allocation) 210M->16M(254M) 1.851ms
[501.945s][info][gc,cpu      ] GC(1832) User=0.00s Sys=0.00s Real=0.00s
[501.945s][info][gc          ] GC(1833) Concurrent Undo Cycle
[501.945s][info][gc,marking  ] GC(1833) Concurrent Cleanup for Next Mark
[501.945s][info][gc,marking  ] GC(1833) Concurrent Cleanup for Next Mark 0.078ms
[501.945s][info][gc          ] GC(1833) Concurrent Undo Cycle 0.169ms
[502.461s][info][gc,start    ] GC(1834) Pause Young (Concurrent Start) (G1 Humongous Allocation)
[502.461s][info][gc,task     ] GC(1834) Using 8 workers of 8 for evacuation
[502.463s][info][gc,phases   ] GC(1834)   Pre Evacuate Collection Set: 0.2ms
[502.463s][info][gc,phases   ] GC(1834)   Merge Heap Roots: 0.1ms
[502.463s][info][gc,phases   ] GC(1834)   Evacuate Collection Set: 0.9ms
[502.463s][info][gc,phases   ] GC(1834)   Post Evacuate Collection Set: 0.8ms
[502.463s][info][gc,phases   ] GC(1834)   Other: 0.2ms
[502.463s][info][gc,heap     ] GC(1834) Eden regions: 1->0(75)
[502.463s][info][gc,heap     ] GC(1834) Survivor regions: 1->1(10)
[502.463s][info][gc,heap     ] GC(1834) Old regions: 8->8
[502.463s][info][gc,heap     ] GC(1834) Archive regions: 2->2
[502.463s][info][gc,heap     ] GC(1834) Humongous regions: 96->0
[502.463s][info][gc,metaspace] GC(1834) Metaspace: 29090K(29504K)->29090K(29504K) NonClass: 25530K(25728K)->25530K(25728K) Class: 3559K(3776K)->3559K(3776K)
[502.463s][info][gc          ] GC(1834) Pause Young (Concurrent Start) (G1 Humongous Allocation) 210M->16M(254M) 2.555ms
[502.464s][info][gc          ] GC(1835) Concurrent Undo Cycle
[502.464s][info][gc,cpu      ] GC(1834) User=0.00s Sys=0.01s Real=0.00s
[502.464s][info][gc,marking  ] GC(1835) Concurrent Cleanup for Next Mark
[502.464s][info][gc,marking  ] GC(1835) Concurrent Cleanup for Next Mark 0.194ms
[502.464s][info][gc          ] GC(1835) Concurrent Undo Cycle 0.382ms
[502.980s][info][gc,start    ] GC(1836) Pause Young (Concurrent Start) (G1 Humongous Allocation)
[502.980s][info][gc,task     ] GC(1836) Using 8 workers of 8 for evacuation
[502.983s][info][gc,phases   ] GC(1836)   Pre Evacuate Collection Set: 0.5ms
[502.983s][info][gc,phases   ] GC(1836)   Merge Heap Roots: 0.2ms
[502.984s][info][gc,phases   ] GC(1836)   Evacuate Collection Set: 1.3ms
[502.984s][info][gc,phases   ] GC(1836)   Post Evacuate Collection Set: 0.8ms
[502.984s][info][gc,phases   ] GC(1836)   Other: 0.2ms
[502.984s][info][gc,heap     ] GC(1836) Eden regions: 1->0(75)
[502.984s][info][gc,heap     ] GC(1836) Survivor regions: 1->1(10)
[502.984s][info][gc,heap     ] GC(1836) Old regions: 8->8
[502.984s][info][gc,heap     ] GC(1836) Archive regions: 2->2
[502.984s][info][gc,heap     ] GC(1836) Humongous regions: 96->0
[502.984s][info][gc,metaspace] GC(1836) Metaspace: 29090K(29504K)->29090K(29504K) NonClass: 25530K(25728K)->25530K(25728K) Class: 3559K(3776K)->3559K(3776K)
[502.984s][info][gc          ] GC(1836) Pause Young (Concurrent Start) (G1 Humongous Allocation) 210M->16M(254M) 3.731ms
[502.984s][info][gc,cpu      ] GC(1836) User=0.01s Sys=0.00s Real=0.00s
[502.984s][info][gc          ] GC(1837) Concurrent Undo Cycle
[502.984s][info][gc,marking  ] GC(1837) Concurrent Cleanup for Next Mark
[502.984s][info][gc,marking  ] GC(1837) Concurrent Cleanup for Next Mark 0.282ms
[502.985s][info][gc          ] GC(1837) Concurrent Undo Cycle 0.566ms
[503.504s][info][gc,start    ] GC(1838) Pause Young (Concurrent Start) (G1 Humongous Allocation)
[503.505s][info][gc,task     ] GC(1838) Using 8 workers of 8 for evacuation
[503.507s][info][gc,phases   ] GC(1838)   Pre Evacuate Collection Set: 0.5ms
[503.508s][info][gc,phases   ] GC(1838)   Merge Heap Roots: 0.2ms
[503.508s][info][gc,phases   ] GC(1838)   Evacuate Collection Set: 1.2ms
[503.508s][info][gc,phases   ] GC(1838)   Post Evacuate Collection Set: 0.8ms
[503.508s][info][gc,phases   ] GC(1838)   Other: 0.2ms
[503.508s][info][gc,heap     ] GC(1838) Eden regions: 1->0(75)
[503.508s][info][gc,heap     ] GC(1838) Survivor regions: 1->1(10)
[503.508s][info][gc,heap     ] GC(1838) Old regions: 8->8
[503.508s][info][gc,heap     ] GC(1838) Archive regions: 2->2
[503.508s][info][gc,heap     ] GC(1838) Humongous regions: 96->0
[503.508s][info][gc,metaspace] GC(1838) Metaspace: 29090K(29504K)->29090K(29504K) NonClass: 25530K(25728K)->25530K(25728K) Class: 3559K(3776K)->3559K(3776K)
[503.508s][info][gc          ] GC(1838) Pause Young (Concurrent Start) (G1 Humongous Allocation) 210M->16M(254M) 3.608ms
[503.508s][info][gc,cpu      ] GC(1838) User=0.00s Sys=0.00s Real=0.01s
[503.508s][info][gc          ] GC(1839) Concurrent Undo Cycle
[503.508s][info][gc,marking  ] GC(1839) Concurrent Cleanup for Next Mark
[503.508s][info][gc,marking  ] GC(1839) Concurrent Cleanup for Next Mark 0.195ms
[503.509s][info][gc          ] GC(1839) Concurrent Undo Cycle 0.472ms
[504.028s][info][gc,start    ] GC(1840) Pause Young (Concurrent Start) (G1 Humongous Allocation)
[504.028s][info][gc,task     ] GC(1840) Using 8 workers of 8 for evacuation
[504.031s][info][gc,phases   ] GC(1840)   Pre Evacuate Collection Set: 0.3ms
[504.031s][info][gc,phases   ] GC(1840)   Merge Heap Roots: 0.2ms
[504.031s][info][gc,phases   ] GC(1840)   Evacuate Collection Set: 1.2ms
[504.031s][info][gc,phases   ] GC(1840)   Post Evacuate Collection Set: 0.8ms
[504.031s][info][gc,phases   ] GC(1840)   Other: 0.3ms
[504.031s][info][gc,heap     ] GC(1840) Eden regions: 1->0(75)
[504.032s][info][gc,heap     ] GC(1840) Survivor regions: 1->1(10)
[504.032s][info][gc,heap     ] GC(1840) Old regions: 8->8
[504.032s][info][gc,heap     ] GC(1840) Archive regions: 2->2
[504.032s][info][gc,heap     ] GC(1840) Humongous regions: 96->0
[504.032s][info][gc,metaspace] GC(1840) Metaspace: 29090K(29504K)->29090K(29504K) NonClass: 25530K(25728K)->25530K(25728K) Class: 3559K(3776K)->3559K(3776K)
[504.032s][info][gc          ] GC(1840) Pause Young (Concurrent Start) (G1 Humongous Allocation) 210M->16M(254M) 3.458ms
[504.032s][info][gc,cpu      ] GC(1840) User=0.01s Sys=0.00s Real=0.00s
[504.032s][info][gc          ] GC(1841) Concurrent Undo Cycle
[504.032s][info][gc,marking  ] GC(1841) Concurrent Cleanup for Next Mark
[504.032s][info][gc,marking  ] GC(1841) Concurrent Cleanup for Next Mark 0.294ms
[504.032s][info][gc          ] GC(1841) Concurrent Undo Cycle 0.566ms
[504.550s][info][gc,start    ] GC(1842) Pause Young (Concurrent Start) (G1 Humongous Allocation)
[504.550s][info][gc,task     ] GC(1842) Using 8 workers of 8 for evacuation
[504.553s][info][gc,phases   ] GC(1842)   Pre Evacuate Collection Set: 0.4ms
[504.553s][info][gc,phases   ] GC(1842)   Merge Heap Roots: 0.2ms
[504.553s][info][gc,phases   ] GC(1842)   Evacuate Collection Set: 1.2ms
[504.553s][info][gc,phases   ] GC(1842)   Post Evacuate Collection Set: 0.8ms
[504.553s][info][gc,phases   ] GC(1842)   Other: 0.2ms
[504.553s][info][gc,heap     ] GC(1842) Eden regions: 1->0(75)
[504.553s][info][gc,heap     ] GC(1842) Survivor regions: 1->1(10)
[504.553s][info][gc,heap     ] GC(1842) Old regions: 8->8
[504.553s][info][gc,heap     ] GC(1842) Archive regions: 2->2
[504.553s][info][gc,heap     ] GC(1842) Humongous regions: 96->0
[504.554s][info][gc,metaspace] GC(1842) Metaspace: 29090K(29504K)->29090K(29504K) NonClass: 25530K(25728K)->25530K(25728K) Class: 3559K(3776K)->3559K(3776K)
[504.554s][info][gc          ] GC(1842) Pause Young (Concurrent Start) (G1 Humongous Allocation) 210M->16M(254M) 3.455ms
[504.554s][info][gc,cpu      ] GC(1842) User=0.01s Sys=0.00s Real=0.00s
[504.554s][info][gc          ] GC(1843) Concurrent Undo Cycle
[504.554s][info][gc,marking  ] GC(1843) Concurrent Cleanup for Next Mark
[504.554s][info][gc,marking  ] GC(1843) Concurrent Cleanup for Next Mark 0.179ms
[504.554s][info][gc          ] GC(1843) Concurrent Undo Cycle 0.394ms
[505.074s][info][gc,start    ] GC(1844) Pause Young (Concurrent Start) (G1 Humongous Allocation)
[505.074s][info][gc,task     ] GC(1844) Using 8 workers of 8 for evacuation
[505.077s][info][gc,phases   ] GC(1844)   Pre Evacuate Collection Set: 0.4ms
[505.077s][info][gc,phases   ] GC(1844)   Merge Heap Roots: 0.2ms
[505.077s][info][gc,phases   ] GC(1844)   Evacuate Collection Set: 1.2ms
[505.077s][info][gc,phases   ] GC(1844)   Post Evacuate Collection Set: 0.8ms
[505.077s][info][gc,phases   ] GC(1844)   Other: 0.2ms
[505.077s][info][gc,heap     ] GC(1844) Eden regions: 1->0(75)
[505.077s][info][gc,heap     ] GC(1844) Survivor regions: 1->1(10)
[505.077s][info][gc,heap     ] GC(1844) Old regions: 8->8
[505.077s][info][gc,heap     ] GC(1844) Archive regions: 2->2
[505.077s][info][gc,heap     ] GC(1844) Humongous regions: 96->0
[505.077s][info][gc,metaspace] GC(1844) Metaspace: 29090K(29504K)->29090K(29504K) NonClass: 25530K(25728K)->25530K(25728K) Class: 3559K(3776K)->3559K(3776K)
[505.077s][info][gc          ] GC(1844) Pause Young (Concurrent Start) (G1 Humongous Allocation) 210M->16M(254M) 3.367ms
[505.077s][info][gc,cpu      ] GC(1844) User=0.00s Sys=0.01s Real=0.00s
[505.077s][info][gc          ] GC(1845) Concurrent Undo Cycle
[505.078s][info][gc,marking  ] GC(1845) Concurrent Cleanup for Next Mark
[505.078s][info][gc,marking  ] GC(1845) Concurrent Cleanup for Next Mark 0.125ms
[505.078s][info][gc          ] GC(1845) Concurrent Undo Cycle 0.302ms
[505.595s][info][gc,start    ] GC(1846) Pause Young (Concurrent Start) (G1 Humongous Allocation)
[505.595s][info][gc,task     ] GC(1846) Using 8 workers of 8 for evacuation
[505.598s][info][gc,phases   ] GC(1846)   Pre Evacuate Collection Set: 0.4ms
[505.598s][info][gc,phases   ] GC(1846)   Merge Heap Roots: 0.2ms
[505.598s][info][gc,phases   ] GC(1846)   Evacuate Collection Set: 1.2ms
[505.598s][info][gc,phases   ] GC(1846)   Post Evacuate Collection Set: 0.8ms
[505.598s][info][gc,phases   ] GC(1846)   Other: 0.2ms
[505.598s][info][gc,heap     ] GC(1846) Eden regions: 1->0(75)
[505.598s][info][gc,heap     ] GC(1846) Survivor regions: 1->1(10)
[505.598s][info][gc,heap     ] GC(1846) Old regions: 8->8
[505.598s][info][gc,heap     ] GC(1846) Archive regions: 2->2
[505.598s][info][gc,heap     ] GC(1846) Humongous regions: 96->0
[505.598s][info][gc,metaspace] GC(1846) Metaspace: 29090K(29504K)->29090K(29504K) NonClass: 25530K(25728K)->25530K(25728K) Class: 3559K(3776K)->3559K(3776K)
[505.598s][info][gc          ] GC(1846) Pause Young (Concurrent Start) (G1 Humongous Allocation) 210M->16M(254M) 3.602ms
[505.598s][info][gc,cpu      ] GC(1846) User=0.01s Sys=0.00s Real=0.01s
[505.598s][info][gc          ] GC(1847) Concurrent Undo Cycle
[505.599s][info][gc,marking  ] GC(1847) Concurrent Cleanup for Next Mark
[505.599s][info][gc,marking  ] GC(1847) Concurrent Cleanup for Next Mark 0.204ms
[505.599s][info][gc          ] GC(1847) Concurrent Undo Cycle 0.486ms
[506.115s][info][gc,start    ] GC(1848) Pause Young (Concurrent Start) (G1 Humongous Allocation)
[506.115s][info][gc,task     ] GC(1848) Using 8 workers of 8 for evacuation
[506.119s][info][gc,phases   ] GC(1848)   Pre Evacuate Collection Set: 0.4ms
[506.119s][info][gc,phases   ] GC(1848)   Merge Heap Roots: 0.2ms
[506.119s][info][gc,phases   ] GC(1848)   Evacuate Collection Set: 1.4ms
[506.119s][info][gc,phases   ] GC(1848)   Post Evacuate Collection Set: 0.8ms
[506.119s][info][gc,phases   ] GC(1848)   Other: 0.2ms
[506.119s][info][gc,heap     ] GC(1848) Eden regions: 1->0(75)
[506.119s][info][gc,heap     ] GC(1848) Survivor regions: 1->1(10)
[506.119s][info][gc,heap     ] GC(1848) Old regions: 8->8
[506.119s][info][gc,heap     ] GC(1848) Archive regions: 2->2
[506.119s][info][gc,heap     ] GC(1848) Humongous regions: 96->0
[506.119s][info][gc,metaspace] GC(1848) Metaspace: 29090K(29504K)->29090K(29504K) NonClass: 25530K(25728K)->25530K(25728K) Class: 3559K(3776K)->3559K(3776K)
[506.119s][info][gc          ] GC(1848) Pause Young (Concurrent Start) (G1 Humongous Allocation) 210M->16M(254M) 3.770ms
[506.119s][info][gc,cpu      ] GC(1848) User=0.01s Sys=0.01s Real=0.01s
[506.119s][info][gc          ] GC(1849) Concurrent Undo Cycle
[506.119s][info][gc,marking  ] GC(1849) Concurrent Cleanup for Next Mark
[506.120s][info][gc,marking  ] GC(1849) Concurrent Cleanup for Next Mark 0.164ms
[506.120s][info][gc          ] GC(1849) Concurrent Undo Cycle 0.431ms
[506.638s][info][gc,start    ] GC(1850) Pause Young (Concurrent Start) (G1 Humongous Allocation)
[506.638s][info][gc,task     ] GC(1850) Using 8 workers of 8 for evacuation
[506.639s][info][gc,phases   ] GC(1850)   Pre Evacuate Collection Set: 0.1ms
[506.639s][info][gc,phases   ] GC(1850)   Merge Heap Roots: 0.0ms
[506.639s][info][gc,phases   ] GC(1850)   Evacuate Collection Set: 0.6ms
[506.639s][info][gc,phases   ] GC(1850)   Post Evacuate Collection Set: 0.3ms
[506.639s][info][gc,phases   ] GC(1850)   Other: 0.1ms
[506.639s][info][gc,heap     ] GC(1850) Eden regions: 1->0(75)
[506.639s][info][gc,heap     ] GC(1850) Survivor regions: 1->1(10)
[506.639s][info][gc,heap     ] GC(1850) Old regions: 8->8
[506.639s][info][gc,heap     ] GC(1850) Archive regions: 2->2
[506.640s][info][gc,heap     ] GC(1850) Humongous regions: 96->0
[506.640s][info][gc,metaspace] GC(1850) Metaspace: 29090K(29504K)->29090K(29504K) NonClass: 25530K(25728K)->25530K(25728K) Class: 3559K(3776K)->3559K(3776K)
[506.640s][info][gc          ] GC(1850) Pause Young (Concurrent Start) (G1 Humongous Allocation) 210M->16M(254M) 1.476ms
[506.640s][info][gc          ] GC(1851) Concurrent Undo Cycle
[506.640s][info][gc,cpu      ] GC(1850) User=0.00s Sys=0.00s Real=0.00s
[506.640s][info][gc,marking  ] GC(1851) Concurrent Cleanup for Next Mark
[506.640s][info][gc,marking  ] GC(1851) Concurrent Cleanup for Next Mark 0.151ms
[506.640s][info][gc          ] GC(1851) Concurrent Undo Cycle 0.300ms
[507.150s][info][gc,start    ] GC(1852) Pause Young (Concurrent Start) (G1 Humongous Allocation)
[507.150s][info][gc,task     ] GC(1852) Using 8 workers of 8 for evacuation
[507.153s][info][gc,phases   ] GC(1852)   Pre Evacuate Collection Set: 0.4ms
[507.154s][info][gc,phases   ] GC(1852)   Merge Heap Roots: 0.1ms
[507.154s][info][gc,phases   ] GC(1852)   Evacuate Collection Set: 1.7ms
[507.154s][info][gc,phases   ] GC(1852)   Post Evacuate Collection Set: 0.7ms
[507.154s][info][gc,phases   ] GC(1852)   Other: 0.4ms
[507.154s][info][gc,heap     ] GC(1852) Eden regions: 2->0(75)
[507.154s][info][gc,heap     ] GC(1852) Survivor regions: 1->1(10)
[507.154s][info][gc,heap     ] GC(1852) Old regions: 8->8
[507.154s][info][gc,heap     ] GC(1852) Archive regions: 2->2
[507.154s][info][gc,heap     ] GC(1852) Humongous regions: 96->0
[507.154s][info][gc,metaspace] GC(1852) Metaspace: 29090K(29504K)->29090K(29504K) NonClass: 25530K(25728K)->25530K(25728K) Class: 3559K(3776K)->3559K(3776K)
[507.154s][info][gc          ] GC(1852) Pause Young (Concurrent Start) (G1 Humongous Allocation) 210M->16M(254M) 4.343ms
[507.154s][info][gc,cpu      ] GC(1852) User=0.00s Sys=0.00s Real=0.00s
[507.154s][info][gc          ] GC(1853) Concurrent Undo Cycle
[507.154s][info][gc,marking  ] GC(1853) Concurrent Cleanup for Next Mark
[507.155s][info][gc,marking  ] GC(1853) Concurrent Cleanup for Next Mark 0.124ms
[507.155s][info][gc          ] GC(1853) Concurrent Undo Cycle 0.318ms
[507.671s][info][gc,start    ] GC(1854) Pause Young (Concurrent Start) (G1 Humongous Allocation)
[507.671s][info][gc,task     ] GC(1854) Using 8 workers of 8 for evacuation
[507.674s][info][gc,phases   ] GC(1854)   Pre Evacuate Collection Set: 0.4ms
[507.674s][info][gc,phases   ] GC(1854)   Merge Heap Roots: 0.2ms
[507.674s][info][gc,phases   ] GC(1854)   Evacuate Collection Set: 1.2ms
[507.674s][info][gc,phases   ] GC(1854)   Post Evacuate Collection Set: 0.7ms
[507.674s][info][gc,phases   ] GC(1854)   Other: 0.2ms
[507.674s][info][gc,heap     ] GC(1854) Eden regions: 1->0(75)
[507.674s][info][gc,heap     ] GC(1854) Survivor regions: 1->1(10)
[507.674s][info][gc,heap     ] GC(1854) Old regions: 8->8
[507.674s][info][gc,heap     ] GC(1854) Archive regions: 2->2
[507.674s][info][gc,heap     ] GC(1854) Humongous regions: 96->0
[507.674s][info][gc,metaspace] GC(1854) Metaspace: 29090K(29504K)->29090K(29504K) NonClass: 25530K(25728K)->25530K(25728K) Class: 3559K(3776K)->3559K(3776K)
[507.674s][info][gc          ] GC(1854) Pause Young (Concurrent Start) (G1 Humongous Allocation) 210M->16M(254M) 3.485ms
[507.675s][info][gc,cpu      ] GC(1854) User=0.00s Sys=0.01s Real=0.00s
[507.675s][info][gc          ] GC(1855) Concurrent Undo Cycle
[507.675s][info][gc,marking  ] GC(1855) Concurrent Cleanup for Next Mark
[507.675s][info][gc,marking  ] GC(1855) Concurrent Cleanup for Next Mark 0.251ms
[507.675s][info][gc          ] GC(1855) Concurrent Undo Cycle 0.528ms
[508.195s][info][gc,start    ] GC(1856) Pause Young (Concurrent Start) (G1 Humongous Allocation)
[508.195s][info][gc,task     ] GC(1856) Using 8 workers of 8 for evacuation
[508.196s][info][gc,phases   ] GC(1856)   Pre Evacuate Collection Set: 0.1ms
[508.196s][info][gc,phases   ] GC(1856)   Merge Heap Roots: 0.0ms
[508.196s][info][gc,phases   ] GC(1856)   Evacuate Collection Set: 0.5ms
[508.196s][info][gc,phases   ] GC(1856)   Post Evacuate Collection Set: 0.2ms
[508.196s][info][gc,phases   ] GC(1856)   Other: 0.1ms
[508.196s][info][gc,heap     ] GC(1856) Eden regions: 1->0(75)
[508.196s][info][gc,heap     ] GC(1856) Survivor regions: 1->1(10)
[508.196s][info][gc,heap     ] GC(1856) Old regions: 8->8
[508.196s][info][gc,heap     ] GC(1856) Archive regions: 2->2
[508.196s][info][gc,heap     ] GC(1856) Humongous regions: 96->0
[508.196s][info][gc,metaspace] GC(1856) Metaspace: 29090K(29504K)->29090K(29504K) NonClass: 25530K(25728K)->25530K(25728K) Class: 3559K(3776K)->3559K(3776K)
[508.196s][info][gc          ] GC(1856) Pause Young (Concurrent Start) (G1 Humongous Allocation) 210M->16M(254M) 1.271ms
[508.196s][info][gc          ] GC(1857) Concurrent Undo Cycle
[508.196s][info][gc,cpu      ] GC(1856) User=0.00s Sys=0.00s Real=0.00s
[508.196s][info][gc,marking  ] GC(1857) Concurrent Cleanup for Next Mark
[508.196s][info][gc,marking  ] GC(1857) Concurrent Cleanup for Next Mark 0.087ms
[508.196s][info][gc          ] GC(1857) Concurrent Undo Cycle 0.159ms
[508.709s][info][gc,start    ] GC(1858) Pause Young (Concurrent Start) (G1 Humongous Allocation)
[508.709s][info][gc,task     ] GC(1858) Using 8 workers of 8 for evacuation
[508.710s][info][gc,phases   ] GC(1858)   Pre Evacuate Collection Set: 0.1ms
[508.710s][info][gc,phases   ] GC(1858)   Merge Heap Roots: 0.1ms
[508.710s][info][gc,phases   ] GC(1858)   Evacuate Collection Set: 0.6ms
[508.710s][info][gc,phases   ] GC(1858)   Post Evacuate Collection Set: 0.3ms
[508.710s][info][gc,phases   ] GC(1858)   Other: 0.1ms
[508.710s][info][gc,heap     ] GC(1858) Eden regions: 1->0(75)
[508.710s][info][gc,heap     ] GC(1858) Survivor regions: 1->1(10)
[508.710s][info][gc,heap     ] GC(1858) Old regions: 8->8
[508.710s][info][gc,heap     ] GC(1858) Archive regions: 2->2
[508.710s][info][gc,heap     ] GC(1858) Humongous regions: 96->0
[508.710s][info][gc,metaspace] GC(1858) Metaspace: 29090K(29504K)->29090K(29504K) NonClass: 25530K(25728K)->25530K(25728K) Class: 3559K(3776K)->3559K(3776K)
[508.710s][info][gc          ] GC(1858) Pause Young (Concurrent Start) (G1 Humongous Allocation) 210M->16M(254M) 1.435ms
[508.710s][info][gc          ] GC(1859) Concurrent Undo Cycle
[508.710s][info][gc,cpu      ] GC(1858) User=0.00s Sys=0.00s Real=0.00s
[508.710s][info][gc,marking  ] GC(1859) Concurrent Cleanup for Next Mark
[508.710s][info][gc,marking  ] GC(1859) Concurrent Cleanup for Next Mark 0.076ms
[508.710s][info][gc          ] GC(1859) Concurrent Undo Cycle 0.156ms
[509.221s][info][gc,start    ] GC(1860) Pause Young (Concurrent Start) (G1 Humongous Allocation)
[509.221s][info][gc,task     ] GC(1860) Using 8 workers of 8 for evacuation
[509.222s][info][gc,phases   ] GC(1860)   Pre Evacuate Collection Set: 0.1ms
[509.222s][info][gc,phases   ] GC(1860)   Merge Heap Roots: 0.0ms
[509.222s][info][gc,phases   ] GC(1860)   Evacuate Collection Set: 0.5ms
[509.222s][info][gc,phases   ] GC(1860)   Post Evacuate Collection Set: 0.2ms
[509.222s][info][gc,phases   ] GC(1860)   Other: 0.1ms
[509.222s][info][gc,heap     ] GC(1860) Eden regions: 1->0(75)
[509.222s][info][gc,heap     ] GC(1860) Survivor regions: 1->1(10)
[509.222s][info][gc,heap     ] GC(1860) Old regions: 8->8
[509.222s][info][gc,heap     ] GC(1860) Archive regions: 2->2
[509.222s][info][gc,heap     ] GC(1860) Humongous regions: 96->0
[509.222s][info][gc,metaspace] GC(1860) Metaspace: 29090K(29504K)->29090K(29504K) NonClass: 25530K(25728K)->25530K(25728K) Class: 3559K(3776K)->3559K(3776K)
[509.222s][info][gc          ] GC(1860) Pause Young (Concurrent Start) (G1 Humongous Allocation) 210M->16M(254M) 1.272ms
[509.222s][info][gc          ] GC(1861) Concurrent Undo Cycle
[509.222s][info][gc,cpu      ] GC(1860) User=0.01s Sys=0.00s Real=0.00s
[509.222s][info][gc,marking  ] GC(1861) Concurrent Cleanup for Next Mark
[509.222s][info][gc,marking  ] GC(1861) Concurrent Cleanup for Next Mark 0.075ms
[509.222s][info][gc          ] GC(1861) Concurrent Undo Cycle 0.147ms
[509.734s][info][gc,start    ] GC(1862) Pause Young (Concurrent Start) (G1 Humongous Allocation)
[509.734s][info][gc,task     ] GC(1862) Using 8 workers of 8 for evacuation
[509.735s][info][gc,phases   ] GC(1862)   Pre Evacuate Collection Set: 0.1ms
[509.735s][info][gc,phases   ] GC(1862)   Merge Heap Roots: 0.0ms
[509.735s][info][gc,phases   ] GC(1862)   Evacuate Collection Set: 0.5ms
[509.735s][info][gc,phases   ] GC(1862)   Post Evacuate Collection Set: 0.2ms
[509.735s][info][gc,phases   ] GC(1862)   Other: 0.0ms
[509.735s][info][gc,heap     ] GC(1862) Eden regions: 1->0(75)
[509.735s][info][gc,heap     ] GC(1862) Survivor regions: 1->1(10)
[509.735s][info][gc,heap     ] GC(1862) Old regions: 8->8
[509.735s][info][gc,heap     ] GC(1862) Archive regions: 2->2
[509.735s][info][gc,heap     ] GC(1862) Humongous regions: 96->0
[509.735s][info][gc,metaspace] GC(1862) Metaspace: 29090K(29504K)->29090K(29504K) NonClass: 25530K(25728K)->25530K(25728K) Class: 3559K(3776K)->3559K(3776K)
[509.735s][info][gc          ] GC(1862) Pause Young (Concurrent Start) (G1 Humongous Allocation) 210M->16M(254M) 1.117ms
[509.735s][info][gc,cpu      ] GC(1862) User=0.01s Sys=0.00s Real=0.00s
[509.735s][info][gc          ] GC(1863) Concurrent Undo Cycle
[509.735s][info][gc,marking  ] GC(1863) Concurrent Cleanup for Next Mark
[509.735s][info][gc,marking  ] GC(1863) Concurrent Cleanup for Next Mark 0.062ms
[509.735s][info][gc          ] GC(1863) Concurrent Undo Cycle 0.140ms
[510.244s][info][gc,start    ] GC(1864) Pause Young (Concurrent Start) (G1 Humongous Allocation)
[510.244s][info][gc,task     ] GC(1864) Using 8 workers of 8 for evacuation
[510.245s][info][gc,phases   ] GC(1864)   Pre Evacuate Collection Set: 0.1ms
[510.245s][info][gc,phases   ] GC(1864)   Merge Heap Roots: 0.0ms
[510.245s][info][gc,phases   ] GC(1864)   Evacuate Collection Set: 0.6ms
[510.245s][info][gc,phases   ] GC(1864)   Post Evacuate Collection Set: 0.3ms
[510.245s][info][gc,phases   ] GC(1864)   Other: 0.1ms
[510.245s][info][gc,heap     ] GC(1864) Eden regions: 1->0(75)
[510.245s][info][gc,heap     ] GC(1864) Survivor regions: 1->1(10)
[510.245s][info][gc,heap     ] GC(1864) Old regions: 8->8
[510.245s][info][gc,heap     ] GC(1864) Archive regions: 2->2
[510.245s][info][gc,heap     ] GC(1864) Humongous regions: 96->0
[510.245s][info][gc,metaspace] GC(1864) Metaspace: 29090K(29504K)->29090K(29504K) NonClass: 25530K(25728K)->25530K(25728K) Class: 3559K(3776K)->3559K(3776K)
[510.245s][info][gc          ] GC(1864) Pause Young (Concurrent Start) (G1 Humongous Allocation) 210M->16M(254M) 1.576ms
[510.245s][info][gc          ] GC(1865) Concurrent Undo Cycle
[510.245s][info][gc,cpu      ] GC(1864) User=0.00s Sys=0.00s Real=0.00s
[510.245s][info][gc,marking  ] GC(1865) Concurrent Cleanup for Next Mark
[510.245s][info][gc,marking  ] GC(1865) Concurrent Cleanup for Next Mark 0.107ms
[510.245s][info][gc          ] GC(1865) Concurrent Undo Cycle 0.199ms
[510.763s][info][gc,start    ] GC(1866) Pause Young (Concurrent Start) (G1 Humongous Allocation)
[510.763s][info][gc,task     ] GC(1866) Using 8 workers of 8 for evacuation
[510.764s][info][gc,phases   ] GC(1866)   Pre Evacuate Collection Set: 0.1ms
[510.764s][info][gc,phases   ] GC(1866)   Merge Heap Roots: 0.0ms
[510.764s][info][gc,phases   ] GC(1866)   Evacuate Collection Set: 0.5ms
[510.764s][info][gc,phases   ] GC(1866)   Post Evacuate Collection Set: 0.3ms
[510.764s][info][gc,phases   ] GC(1866)   Other: 0.1ms
[510.764s][info][gc,heap     ] GC(1866) Eden regions: 1->0(75)
[510.764s][info][gc,heap     ] GC(1866) Survivor regions: 1->1(10)
[510.764s][info][gc,heap     ] GC(1866) Old regions: 8->8
[510.764s][info][gc,heap     ] GC(1866) Archive regions: 2->2
[510.764s][info][gc,heap     ] GC(1866) Humongous regions: 96->0
[510.764s][info][gc,metaspace] GC(1866) Metaspace: 29090K(29504K)->29090K(29504K) NonClass: 25530K(25728K)->25530K(25728K) Class: 3559K(3776K)->3559K(3776K)
[510.764s][info][gc          ] GC(1866) Pause Young (Concurrent Start) (G1 Humongous Allocation) 210M->16M(254M) 1.184ms
[510.765s][info][gc          ] GC(1867) Concurrent Undo Cycle
[510.765s][info][gc,cpu      ] GC(1866) User=0.00s Sys=0.00s Real=0.00s
[510.765s][info][gc,marking  ] GC(1867) Concurrent Cleanup for Next Mark
[510.765s][info][gc,marking  ] GC(1867) Concurrent Cleanup for Next Mark 0.143ms
[510.765s][info][gc          ] GC(1867) Concurrent Undo Cycle 0.221ms
[511.274s][info][gc,start    ] GC(1868) Pause Young (Concurrent Start) (G1 Humongous Allocation)
[511.274s][info][gc,task     ] GC(1868) Using 8 workers of 8 for evacuation
[511.275s][info][gc,phases   ] GC(1868)   Pre Evacuate Collection Set: 0.3ms
[511.275s][info][gc,phases   ] GC(1868)   Merge Heap Roots: 0.0ms
[511.275s][info][gc,phases   ] GC(1868)   Evacuate Collection Set: 0.7ms
[511.275s][info][gc,phases   ] GC(1868)   Post Evacuate Collection Set: 0.3ms
[511.275s][info][gc,phases   ] GC(1868)   Other: 0.1ms
[511.275s][info][gc,heap     ] GC(1868) Eden regions: 1->0(75)
[511.275s][info][gc,heap     ] GC(1868) Survivor regions: 1->1(10)
[511.275s][info][gc,heap     ] GC(1868) Old regions: 8->8
[511.275s][info][gc,heap     ] GC(1868) Archive regions: 2->2
[511.275s][info][gc,heap     ] GC(1868) Humongous regions: 96->0
[511.275s][info][gc,metaspace] GC(1868) Metaspace: 29090K(29504K)->29090K(29504K) NonClass: 25530K(25728K)->25530K(25728K) Class: 3559K(3776K)->3559K(3776K)
[511.276s][info][gc          ] GC(1868) Pause Young (Concurrent Start) (G1 Humongous Allocation) 210M->16M(254M) 1.879ms
[511.276s][info][gc,cpu      ] GC(1868) User=0.00s Sys=0.01s Real=0.00s
[511.276s][info][gc          ] GC(1869) Concurrent Undo Cycle
[511.276s][info][gc,marking  ] GC(1869) Concurrent Cleanup for Next Mark
[511.276s][info][gc,marking  ] GC(1869) Concurrent Cleanup for Next Mark 0.070ms
[511.276s][info][gc          ] GC(1869) Concurrent Undo Cycle 0.126ms
[511.783s][info][gc,start    ] GC(1870) Pause Young (Concurrent Start) (G1 Humongous Allocation)
[511.783s][info][gc,task     ] GC(1870) Using 8 workers of 8 for evacuation
[511.785s][info][gc,phases   ] GC(1870)   Pre Evacuate Collection Set: 0.2ms
[511.785s][info][gc,phases   ] GC(1870)   Merge Heap Roots: 0.0ms
[511.785s][info][gc,phases   ] GC(1870)   Evacuate Collection Set: 0.8ms
[511.785s][info][gc,phases   ] GC(1870)   Post Evacuate Collection Set: 0.3ms
[511.785s][info][gc,phases   ] GC(1870)   Other: 0.1ms
[511.785s][info][gc,heap     ] GC(1870) Eden regions: 1->0(75)
[511.785s][info][gc,heap     ] GC(1870) Survivor regions: 1->1(10)
[511.785s][info][gc,heap     ] GC(1870) Old regions: 8->8
[511.785s][info][gc,heap     ] GC(1870) Archive regions: 2->2
[511.785s][info][gc,heap     ] GC(1870) Humongous regions: 96->0
[511.785s][info][gc,metaspace] GC(1870) Metaspace: 29090K(29504K)->29090K(29504K) NonClass: 25530K(25728K)->25530K(25728K) Class: 3559K(3776K)->3559K(3776K)
[511.785s][info][gc          ] GC(1870) Pause Young (Concurrent Start) (G1 Humongous Allocation) 210M->16M(254M) 2.004ms
[511.785s][info][gc          ] GC(1871) Concurrent Undo Cycle
[511.785s][info][gc,cpu      ] GC(1870) User=0.00s Sys=0.00s Real=0.00s
[511.785s][info][gc,marking  ] GC(1871) Concurrent Cleanup for Next Mark
[511.785s][info][gc,marking  ] GC(1871) Concurrent Cleanup for Next Mark 0.065ms
[511.786s][info][gc          ] GC(1871) Concurrent Undo Cycle 0.140ms
[512.295s][info][gc,start    ] GC(1872) Pause Young (Concurrent Start) (G1 Humongous Allocation)
[512.295s][info][gc,task     ] GC(1872) Using 8 workers of 8 for evacuation
[512.298s][info][gc,phases   ] GC(1872)   Pre Evacuate Collection Set: 0.4ms
[512.298s][info][gc,phases   ] GC(1872)   Merge Heap Roots: 0.2ms
[512.298s][info][gc,phases   ] GC(1872)   Evacuate Collection Set: 1.3ms
[512.298s][info][gc,phases   ] GC(1872)   Post Evacuate Collection Set: 0.8ms
[512.298s][info][gc,phases   ] GC(1872)   Other: 0.2ms
[512.298s][info][gc,heap     ] GC(1872) Eden regions: 1->0(75)
[512.298s][info][gc,heap     ] GC(1872) Survivor regions: 1->1(10)
[512.298s][info][gc,heap     ] GC(1872) Old regions: 8->8
[512.298s][info][gc,heap     ] GC(1872) Archive regions: 2->2
[512.298s][info][gc,heap     ] GC(1872) Humongous regions: 96->0
[512.298s][info][gc,metaspace] GC(1872) Metaspace: 29090K(29504K)->29090K(29504K) NonClass: 25530K(25728K)->25530K(25728K) Class: 3559K(3776K)->3559K(3776K)
[512.298s][info][gc          ] GC(1872) Pause Young (Concurrent Start) (G1 Humongous Allocation) 210M->16M(254M) 3.641ms
[512.298s][info][gc,cpu      ] GC(1872) User=0.01s Sys=0.00s Real=0.01s
[512.298s][info][gc          ] GC(1873) Concurrent Undo Cycle
[512.298s][info][gc,marking  ] GC(1873) Concurrent Cleanup for Next Mark
[512.299s][info][gc,marking  ] GC(1873) Concurrent Cleanup for Next Mark 0.223ms
[512.299s][info][gc          ] GC(1873) Concurrent Undo Cycle 0.503ms
[512.818s][info][gc,start    ] GC(1874) Pause Young (Concurrent Start) (G1 Humongous Allocation)
[512.818s][info][gc,task     ] GC(1874) Using 8 workers of 8 for evacuation
[512.820s][info][gc,phases   ] GC(1874)   Pre Evacuate Collection Set: 0.2ms
[512.820s][info][gc,phases   ] GC(1874)   Merge Heap Roots: 0.1ms
[512.820s][info][gc,phases   ] GC(1874)   Evacuate Collection Set: 0.7ms
[512.820s][info][gc,phases   ] GC(1874)   Post Evacuate Collection Set: 0.3ms
[512.820s][info][gc,phases   ] GC(1874)   Other: 0.1ms
[512.820s][info][gc,heap     ] GC(1874) Eden regions: 1->0(75)
[512.820s][info][gc,heap     ] GC(1874) Survivor regions: 1->1(10)
[512.820s][info][gc,heap     ] GC(1874) Old regions: 8->8
[512.820s][info][gc,heap     ] GC(1874) Archive regions: 2->2
[512.820s][info][gc,heap     ] GC(1874) Humongous regions: 96->0
[512.820s][info][gc,metaspace] GC(1874) Metaspace: 29090K(29504K)->29090K(29504K) NonClass: 25530K(25728K)->25530K(25728K) Class: 3559K(3776K)->3559K(3776K)
[512.820s][info][gc          ] GC(1874) Pause Young (Concurrent Start) (G1 Humongous Allocation) 210M->16M(254M) 1.912ms
[512.820s][info][gc          ] GC(1875) Concurrent Undo Cycle
[512.820s][info][gc,cpu      ] GC(1874) User=0.00s Sys=0.00s Real=0.00s
[512.820s][info][gc,marking  ] GC(1875) Concurrent Cleanup for Next Mark
[512.820s][info][gc,marking  ] GC(1875) Concurrent Cleanup for Next Mark 0.212ms
[512.820s][info][gc          ] GC(1875) Concurrent Undo Cycle 0.312ms
[513.335s][info][gc,start    ] GC(1876) Pause Young (Concurrent Start) (G1 Humongous Allocation)
[513.335s][info][gc,task     ] GC(1876) Using 8 workers of 8 for evacuation
[513.338s][info][gc,phases   ] GC(1876)   Pre Evacuate Collection Set: 0.4ms
[513.338s][info][gc,phases   ] GC(1876)   Merge Heap Roots: 0.2ms
[513.338s][info][gc,phases   ] GC(1876)   Evacuate Collection Set: 1.3ms
[513.338s][info][gc,phases   ] GC(1876)   Post Evacuate Collection Set: 0.8ms
[513.338s][info][gc,phases   ] GC(1876)   Other: 0.3ms
[513.338s][info][gc,heap     ] GC(1876) Eden regions: 1->0(75)
[513.338s][info][gc,heap     ] GC(1876) Survivor regions: 1->1(10)
[513.338s][info][gc,heap     ] GC(1876) Old regions: 8->8
[513.338s][info][gc,heap     ] GC(1876) Archive regions: 2->2
[513.338s][info][gc,heap     ] GC(1876) Humongous regions: 96->0
[513.338s][info][gc,metaspace] GC(1876) Metaspace: 29090K(29504K)->29090K(29504K) NonClass: 25530K(25728K)->25530K(25728K) Class: 3559K(3776K)->3559K(3776K)
[513.339s][info][gc          ] GC(1876) Pause Young (Concurrent Start) (G1 Humongous Allocation) 210M->16M(254M) 3.613ms
[513.339s][info][gc,cpu      ] GC(1876) User=0.01s Sys=0.00s Real=0.01s
[513.339s][info][gc          ] GC(1877) Concurrent Undo Cycle
[513.339s][info][gc,marking  ] GC(1877) Concurrent Cleanup for Next Mark
[513.339s][info][gc,marking  ] GC(1877) Concurrent Cleanup for Next Mark 0.160ms
[513.339s][info][gc          ] GC(1877) Concurrent Undo Cycle 0.382ms
[513.855s][info][gc,start    ] GC(1878) Pause Young (Concurrent Start) (G1 Humongous Allocation)
[513.855s][info][gc,task     ] GC(1878) Using 8 workers of 8 for evacuation
[513.858s][info][gc,phases   ] GC(1878)   Pre Evacuate Collection Set: 0.4ms
[513.858s][info][gc,phases   ] GC(1878)   Merge Heap Roots: 0.2ms
[513.858s][info][gc,phases   ] GC(1878)   Evacuate Collection Set: 1.2ms
[513.858s][info][gc,phases   ] GC(1878)   Post Evacuate Collection Set: 0.7ms
[513.858s][info][gc,phases   ] GC(1878)   Other: 0.2ms
[513.858s][info][gc,heap     ] GC(1878) Eden regions: 2->0(75)
[513.858s][info][gc,heap     ] GC(1878) Survivor regions: 1->1(10)
[513.858s][info][gc,heap     ] GC(1878) Old regions: 8->8
[513.859s][info][gc,heap     ] GC(1878) Archive regions: 2->2
[513.859s][info][gc,heap     ] GC(1878) Humongous regions: 96->0
[513.859s][info][gc,metaspace] GC(1878) Metaspace: 29090K(29504K)->29090K(29504K) NonClass: 25530K(25728K)->25530K(25728K) Class: 3559K(3776K)->3559K(3776K)
[513.859s][info][gc          ] GC(1878) Pause Young (Concurrent Start) (G1 Humongous Allocation) 210M->16M(254M) 3.422ms
[513.859s][info][gc,cpu      ] GC(1878) User=0.01s Sys=0.00s Real=0.01s
[513.859s][info][gc          ] GC(1879) Concurrent Undo Cycle
[513.859s][info][gc,marking  ] GC(1879) Concurrent Cleanup for Next Mark
[513.859s][info][gc,marking  ] GC(1879) Concurrent Cleanup for Next Mark 0.169ms
[513.859s][info][gc          ] GC(1879) Concurrent Undo Cycle 0.387ms
[514.378s][info][gc,start    ] GC(1880) Pause Young (Concurrent Start) (G1 Humongous Allocation)
[514.378s][info][gc,task     ] GC(1880) Using 8 workers of 8 for evacuation
[514.380s][info][gc,phases   ] GC(1880)   Pre Evacuate Collection Set: 0.4ms
[514.380s][info][gc,phases   ] GC(1880)   Merge Heap Roots: 0.1ms
[514.380s][info][gc,phases   ] GC(1880)   Evacuate Collection Set: 1.1ms
[514.380s][info][gc,phases   ] GC(1880)   Post Evacuate Collection Set: 0.5ms
[514.380s][info][gc,phases   ] GC(1880)   Other: 0.3ms
[514.380s][info][gc,heap     ] GC(1880) Eden regions: 1->0(75)
[514.380s][info][gc,heap     ] GC(1880) Survivor regions: 1->1(10)
[514.380s][info][gc,heap     ] GC(1880) Old regions: 8->8
[514.380s][info][gc,heap     ] GC(1880) Archive regions: 2->2
[514.380s][info][gc,heap     ] GC(1880) Humongous regions: 96->0
[514.380s][info][gc,metaspace] GC(1880) Metaspace: 29090K(29504K)->29090K(29504K) NonClass: 25530K(25728K)->25530K(25728K) Class: 3559K(3776K)->3559K(3776K)
[514.381s][info][gc          ] GC(1880) Pause Young (Concurrent Start) (G1 Humongous Allocation) 210M->16M(254M) 2.967ms
[514.381s][info][gc,cpu      ] GC(1880) User=0.00s Sys=0.01s Real=0.00s
[514.381s][info][gc          ] GC(1881) Concurrent Undo Cycle
[514.381s][info][gc,marking  ] GC(1881) Concurrent Cleanup for Next Mark
[514.381s][info][gc,marking  ] GC(1881) Concurrent Cleanup for Next Mark 0.174ms
[514.381s][info][gc          ] GC(1881) Concurrent Undo Cycle 0.355ms
[514.895s][info][gc,start    ] GC(1882) Pause Young (Concurrent Start) (G1 Humongous Allocation)
[514.895s][info][gc,task     ] GC(1882) Using 8 workers of 8 for evacuation
[514.896s][info][gc,phases   ] GC(1882)   Pre Evacuate Collection Set: 0.2ms
[514.896s][info][gc,phases   ] GC(1882)   Merge Heap Roots: 0.1ms
[514.896s][info][gc,phases   ] GC(1882)   Evacuate Collection Set: 0.6ms
[514.896s][info][gc,phases   ] GC(1882)   Post Evacuate Collection Set: 0.3ms
[514.896s][info][gc,phases   ] GC(1882)   Other: 0.2ms
[514.896s][info][gc,heap     ] GC(1882) Eden regions: 1->0(75)
[514.896s][info][gc,heap     ] GC(1882) Survivor regions: 1->1(10)
[514.896s][info][gc,heap     ] GC(1882) Old regions: 8->8
[514.896s][info][gc,heap     ] GC(1882) Archive regions: 2->2
[514.896s][info][gc,heap     ] GC(1882) Humongous regions: 96->0
[514.896s][info][gc,metaspace] GC(1882) Metaspace: 29090K(29504K)->29090K(29504K) NonClass: 25530K(25728K)->25530K(25728K) Class: 3559K(3776K)->3559K(3776K)
[514.896s][info][gc          ] GC(1882) Pause Young (Concurrent Start) (G1 Humongous Allocation) 210M->16M(254M) 1.714ms
[514.897s][info][gc,cpu      ] GC(1882) User=0.00s Sys=0.00s Real=0.00s
[514.897s][info][gc          ] GC(1883) Concurrent Undo Cycle
[514.897s][info][gc,marking  ] GC(1883) Concurrent Cleanup for Next Mark
[514.897s][info][gc,marking  ] GC(1883) Concurrent Cleanup for Next Mark 0.090ms
[514.897s][info][gc          ] GC(1883) Concurrent Undo Cycle 0.192ms
[515.409s][info][gc,start    ] GC(1884) Pause Young (Concurrent Start) (G1 Humongous Allocation)
[515.410s][info][gc,task     ] GC(1884) Using 8 workers of 8 for evacuation
[515.411s][info][gc,phases   ] GC(1884)   Pre Evacuate Collection Set: 0.2ms
[515.411s][info][gc,phases   ] GC(1884)   Merge Heap Roots: 0.1ms
[515.411s][info][gc,phases   ] GC(1884)   Evacuate Collection Set: 0.6ms
[515.411s][info][gc,phases   ] GC(1884)   Post Evacuate Collection Set: 0.3ms
[515.411s][info][gc,phases   ] GC(1884)   Other: 0.1ms
[515.411s][info][gc,heap     ] GC(1884) Eden regions: 1->0(75)
[515.411s][info][gc,heap     ] GC(1884) Survivor regions: 1->1(10)
[515.411s][info][gc,heap     ] GC(1884) Old regions: 8->8
[515.411s][info][gc,heap     ] GC(1884) Archive regions: 2->2
[515.411s][info][gc,heap     ] GC(1884) Humongous regions: 96->0
[515.411s][info][gc,metaspace] GC(1884) Metaspace: 29090K(29504K)->29090K(29504K) NonClass: 25530K(25728K)->25530K(25728K) Class: 3559K(3776K)->3559K(3776K)
[515.411s][info][gc          ] GC(1884) Pause Young (Concurrent Start) (G1 Humongous Allocation) 210M->16M(254M) 1.651ms
[515.411s][info][gc          ] GC(1885) Concurrent Undo Cycle
[515.411s][info][gc,cpu      ] GC(1884) User=0.00s Sys=0.00s Real=0.00s
[515.411s][info][gc,marking  ] GC(1885) Concurrent Cleanup for Next Mark
[515.411s][info][gc,marking  ] GC(1885) Concurrent Cleanup for Next Mark 0.079ms
[515.411s][info][gc          ] GC(1885) Concurrent Undo Cycle 0.167ms
[515.921s][info][gc,start    ] GC(1886) Pause Young (Concurrent Start) (G1 Humongous Allocation)
[515.921s][info][gc,task     ] GC(1886) Using 8 workers of 8 for evacuation
[515.921s][info][gc,phases   ] GC(1886)   Pre Evacuate Collection Set: 0.1ms
[515.921s][info][gc,phases   ] GC(1886)   Merge Heap Roots: 0.0ms
[515.921s][info][gc,phases   ] GC(1886)   Evacuate Collection Set: 0.5ms
[515.922s][info][gc,phases   ] GC(1886)   Post Evacuate Collection Set: 0.2ms
[515.922s][info][gc,phases   ] GC(1886)   Other: 0.1ms
[515.922s][info][gc,heap     ] GC(1886) Eden regions: 1->0(75)
[515.922s][info][gc,heap     ] GC(1886) Survivor regions: 1->1(10)
[515.922s][info][gc,heap     ] GC(1886) Old regions: 8->8
[515.922s][info][gc,heap     ] GC(1886) Archive regions: 2->2
[515.922s][info][gc,heap     ] GC(1886) Humongous regions: 96->0
[515.922s][info][gc,metaspace] GC(1886) Metaspace: 29090K(29504K)->29090K(29504K) NonClass: 25530K(25728K)->25530K(25728K) Class: 3559K(3776K)->3559K(3776K)
[515.922s][info][gc          ] GC(1886) Pause Young (Concurrent Start) (G1 Humongous Allocation) 210M->16M(254M) 1.093ms
[515.922s][info][gc          ] GC(1887) Concurrent Undo Cycle
[515.922s][info][gc,cpu      ] GC(1886) User=0.00s Sys=0.00s Real=0.00s
[515.922s][info][gc,marking  ] GC(1887) Concurrent Cleanup for Next Mark
[515.922s][info][gc,marking  ] GC(1887) Concurrent Cleanup for Next Mark 0.089ms
[515.922s][info][gc          ] GC(1887) Concurrent Undo Cycle 0.171ms
[516.432s][info][gc,start    ] GC(1888) Pause Young (Concurrent Start) (G1 Humongous Allocation)
[516.432s][info][gc,task     ] GC(1888) Using 8 workers of 8 for evacuation
[516.433s][info][gc,phases   ] GC(1888)   Pre Evacuate Collection Set: 0.1ms
[516.433s][info][gc,phases   ] GC(1888)   Merge Heap Roots: 0.0ms
[516.433s][info][gc,phases   ] GC(1888)   Evacuate Collection Set: 0.5ms
[516.433s][info][gc,phases   ] GC(1888)   Post Evacuate Collection Set: 0.3ms
[516.433s][info][gc,phases   ] GC(1888)   Other: 0.1ms
[516.433s][info][gc,heap     ] GC(1888) Eden regions: 1->0(75)
[516.433s][info][gc,heap     ] GC(1888) Survivor regions: 1->1(10)
[516.433s][info][gc,heap     ] GC(1888) Old regions: 8->8
[516.433s][info][gc,heap     ] GC(1888) Archive regions: 2->2
[516.433s][info][gc,heap     ] GC(1888) Humongous regions: 96->0
[516.433s][info][gc,metaspace] GC(1888) Metaspace: 29090K(29504K)->29090K(29504K) NonClass: 25530K(25728K)->25530K(25728K) Class: 3559K(3776K)->3559K(3776K)
[516.433s][info][gc          ] GC(1888) Pause Young (Concurrent Start) (G1 Humongous Allocation) 210M->16M(254M) 1.307ms
[516.433s][info][gc          ] GC(1889) Concurrent Undo Cycle
[516.433s][info][gc,cpu      ] GC(1888) User=0.00s Sys=0.00s Real=0.00s
[516.433s][info][gc,marking  ] GC(1889) Concurrent Cleanup for Next Mark
[516.433s][info][gc,marking  ] GC(1889) Concurrent Cleanup for Next Mark 0.082ms
[516.433s][info][gc          ] GC(1889) Concurrent Undo Cycle 0.178ms
[516.945s][info][gc,start    ] GC(1890) Pause Young (Concurrent Start) (G1 Humongous Allocation)
[516.945s][info][gc,task     ] GC(1890) Using 8 workers of 8 for evacuation
[516.948s][info][gc,phases   ] GC(1890)   Pre Evacuate Collection Set: 0.4ms
[516.948s][info][gc,phases   ] GC(1890)   Merge Heap Roots: 0.2ms
[516.948s][info][gc,phases   ] GC(1890)   Evacuate Collection Set: 1.2ms
[516.948s][info][gc,phases   ] GC(1890)   Post Evacuate Collection Set: 0.8ms
[516.948s][info][gc,phases   ] GC(1890)   Other: 0.2ms
[516.948s][info][gc,heap     ] GC(1890) Eden regions: 2->0(75)
[516.948s][info][gc,heap     ] GC(1890) Survivor regions: 1->1(10)
[516.948s][info][gc,heap     ] GC(1890) Old regions: 8->8
[516.948s][info][gc,heap     ] GC(1890) Archive regions: 2->2
[516.948s][info][gc,heap     ] GC(1890) Humongous regions: 96->0
[516.948s][info][gc,metaspace] GC(1890) Metaspace: 29090K(29504K)->29090K(29504K) NonClass: 25530K(25728K)->25530K(25728K) Class: 3559K(3776K)->3559K(3776K)
[516.948s][info][gc          ] GC(1890) Pause Young (Concurrent Start) (G1 Humongous Allocation) 210M->16M(254M) 3.512ms
[516.948s][info][gc,cpu      ] GC(1890) User=0.01s Sys=0.01s Real=0.01s
[516.948s][info][gc          ] GC(1891) Concurrent Undo Cycle
[516.948s][info][gc,marking  ] GC(1891) Concurrent Cleanup for Next Mark
[516.949s][info][gc,marking  ] GC(1891) Concurrent Cleanup for Next Mark 0.212ms
[516.949s][info][gc          ] GC(1891) Concurrent Undo Cycle 0.561ms
[517.470s][info][gc,start    ] GC(1892) Pause Young (Concurrent Start) (G1 Humongous Allocation)
[517.470s][info][gc,task     ] GC(1892) Using 8 workers of 8 for evacuation
[517.471s][info][gc,phases   ] GC(1892)   Pre Evacuate Collection Set: 0.1ms
[517.471s][info][gc,phases   ] GC(1892)   Merge Heap Roots: 0.0ms
[517.471s][info][gc,phases   ] GC(1892)   Evacuate Collection Set: 0.5ms
[517.471s][info][gc,phases   ] GC(1892)   Post Evacuate Collection Set: 0.2ms
[517.471s][info][gc,phases   ] GC(1892)   Other: 0.1ms
[517.471s][info][gc,heap     ] GC(1892) Eden regions: 1->0(75)
[517.471s][info][gc,heap     ] GC(1892) Survivor regions: 1->1(10)
[517.471s][info][gc,heap     ] GC(1892) Old regions: 8->8
[517.471s][info][gc,heap     ] GC(1892) Archive regions: 2->2
[517.471s][info][gc,heap     ] GC(1892) Humongous regions: 96->0
[517.471s][info][gc,metaspace] GC(1892) Metaspace: 29090K(29504K)->29090K(29504K) NonClass: 25530K(25728K)->25530K(25728K) Class: 3559K(3776K)->3559K(3776K)
[517.471s][info][gc          ] GC(1892) Pause Young (Concurrent Start) (G1 Humongous Allocation) 210M->16M(254M) 1.164ms
[517.471s][info][gc          ] GC(1893) Concurrent Undo Cycle
[517.471s][info][gc,cpu      ] GC(1892) User=0.01s Sys=0.00s Real=0.00s
[517.471s][info][gc,marking  ] GC(1893) Concurrent Cleanup for Next Mark
[517.471s][info][gc,marking  ] GC(1893) Concurrent Cleanup for Next Mark 0.065ms
[517.471s][info][gc          ] GC(1893) Concurrent Undo Cycle 0.128ms
[517.981s][info][gc,start    ] GC(1894) Pause Young (Concurrent Start) (G1 Humongous Allocation)
[517.981s][info][gc,task     ] GC(1894) Using 8 workers of 8 for evacuation
[517.982s][info][gc,phases   ] GC(1894)   Pre Evacuate Collection Set: 0.2ms
[517.983s][info][gc,phases   ] GC(1894)   Merge Heap Roots: 0.1ms
[517.983s][info][gc,phases   ] GC(1894)   Evacuate Collection Set: 0.5ms
[517.983s][info][gc,phases   ] GC(1894)   Post Evacuate Collection Set: 0.5ms
[517.983s][info][gc,phases   ] GC(1894)   Other: 0.1ms
[517.983s][info][gc,heap     ] GC(1894) Eden regions: 1->0(75)
[517.983s][info][gc,heap     ] GC(1894) Survivor regions: 1->1(10)
[517.983s][info][gc,heap     ] GC(1894) Old regions: 8->8
[517.983s][info][gc,heap     ] GC(1894) Archive regions: 2->2
[517.983s][info][gc,heap     ] GC(1894) Humongous regions: 96->0
[517.983s][info][gc,metaspace] GC(1894) Metaspace: 29090K(29504K)->29090K(29504K) NonClass: 25530K(25728K)->25530K(25728K) Class: 3559K(3776K)->3559K(3776K)
[517.983s][info][gc          ] GC(1894) Pause Young (Concurrent Start) (G1 Humongous Allocation) 210M->16M(254M) 1.766ms
[517.983s][info][gc,cpu      ] GC(1894) User=0.01s Sys=0.00s Real=0.00s
[517.983s][info][gc          ] GC(1895) Concurrent Undo Cycle
[517.983s][info][gc,marking  ] GC(1895) Concurrent Cleanup for Next Mark
[517.983s][info][gc,marking  ] GC(1895) Concurrent Cleanup for Next Mark 0.138ms
[517.983s][info][gc          ] GC(1895) Concurrent Undo Cycle 0.237ms
[518.494s][info][gc,start    ] GC(1896) Pause Young (Concurrent Start) (G1 Humongous Allocation)
[518.495s][info][gc,task     ] GC(1896) Using 8 workers of 8 for evacuation
[518.496s][info][gc,phases   ] GC(1896)   Pre Evacuate Collection Set: 0.1ms
[518.496s][info][gc,phases   ] GC(1896)   Merge Heap Roots: 0.0ms
[518.496s][info][gc,phases   ] GC(1896)   Evacuate Collection Set: 0.7ms
[518.496s][info][gc,phases   ] GC(1896)   Post Evacuate Collection Set: 0.8ms
[518.496s][info][gc,phases   ] GC(1896)   Other: 0.1ms
[518.497s][info][gc,heap     ] GC(1896) Eden regions: 1->0(75)
[518.497s][info][gc,heap     ] GC(1896) Survivor regions: 1->1(10)
[518.497s][info][gc,heap     ] GC(1896) Old regions: 8->8
[518.497s][info][gc,heap     ] GC(1896) Archive regions: 2->2
[518.497s][info][gc,heap     ] GC(1896) Humongous regions: 96->0
[518.497s][info][gc,metaspace] GC(1896) Metaspace: 29090K(29504K)->29090K(29504K) NonClass: 25530K(25728K)->25530K(25728K) Class: 3559K(3776K)->3559K(3776K)
[518.497s][info][gc          ] GC(1896) Pause Young (Concurrent Start) (G1 Humongous Allocation) 210M->16M(254M) 2.196ms
[518.497s][info][gc,cpu      ] GC(1896) User=0.00s Sys=0.00s Real=0.00s
[518.497s][info][gc          ] GC(1897) Concurrent Undo Cycle
[518.497s][info][gc,marking  ] GC(1897) Concurrent Cleanup for Next Mark
[518.498s][info][gc,marking  ] GC(1897) Concurrent Cleanup for Next Mark 1.485ms
[518.499s][info][gc          ] GC(1897) Concurrent Undo Cycle 1.867ms
[519.011s][info][gc,start    ] GC(1898) Pause Young (Concurrent Start) (G1 Humongous Allocation)
[519.011s][info][gc,task     ] GC(1898) Using 8 workers of 8 for evacuation
[519.013s][info][gc,phases   ] GC(1898)   Pre Evacuate Collection Set: 0.1ms
[519.013s][info][gc,phases   ] GC(1898)   Merge Heap Roots: 0.0ms
[519.013s][info][gc,phases   ] GC(1898)   Evacuate Collection Set: 0.6ms
[519.013s][info][gc,phases   ] GC(1898)   Post Evacuate Collection Set: 0.8ms
[519.013s][info][gc,phases   ] GC(1898)   Other: 0.2ms
[519.013s][info][gc,heap     ] GC(1898) Eden regions: 1->0(75)
[519.013s][info][gc,heap     ] GC(1898) Survivor regions: 1->1(10)
[519.013s][info][gc,heap     ] GC(1898) Old regions: 8->8
[519.013s][info][gc,heap     ] GC(1898) Archive regions: 2->2
[519.013s][info][gc,heap     ] GC(1898) Humongous regions: 96->0
[519.013s][info][gc,metaspace] GC(1898) Metaspace: 29090K(29504K)->29090K(29504K) NonClass: 25530K(25728K)->25530K(25728K) Class: 3559K(3776K)->3559K(3776K)
[519.013s][info][gc          ] GC(1898) Pause Young (Concurrent Start) (G1 Humongous Allocation) 210M->16M(254M) 2.359ms
[519.013s][info][gc,cpu      ] GC(1898) User=0.00s Sys=0.00s Real=0.00s
[519.013s][info][gc          ] GC(1899) Concurrent Undo Cycle
[519.013s][info][gc,marking  ] GC(1899) Concurrent Cleanup for Next Mark
[519.014s][info][gc,marking  ] GC(1899) Concurrent Cleanup for Next Mark 0.199ms
[519.014s][info][gc          ] GC(1899) Concurrent Undo Cycle 0.416ms
[519.534s][info][gc,start    ] GC(1900) Pause Young (Concurrent Start) (G1 Humongous Allocation)
[519.534s][info][gc,task     ] GC(1900) Using 8 workers of 8 for evacuation
[519.561s][info][gc,phases   ] GC(1900)   Pre Evacuate Collection Set: 4.5ms
[519.561s][info][gc,phases   ] GC(1900)   Merge Heap Roots: 5.2ms
[519.561s][info][gc,phases   ] GC(1900)   Evacuate Collection Set: 9.0ms
[519.561s][info][gc,phases   ] GC(1900)   Post Evacuate Collection Set: 4.3ms
[519.561s][info][gc,phases   ] GC(1900)   Other: 4.2ms
[519.561s][info][gc,heap     ] GC(1900) Eden regions: 1->0(75)
[519.561s][info][gc,heap     ] GC(1900) Survivor regions: 1->1(10)
[519.561s][info][gc,heap     ] GC(1900) Old regions: 8->8
[519.561s][info][gc,heap     ] GC(1900) Archive regions: 2->2
[519.562s][info][gc,heap     ] GC(1900) Humongous regions: 96->0
[519.562s][info][gc,metaspace] GC(1900) Metaspace: 29090K(29504K)->29090K(29504K) NonClass: 25530K(25728K)->25530K(25728K) Class: 3559K(3776K)->3559K(3776K)
[519.562s][info][gc          ] GC(1900) Pause Young (Concurrent Start) (G1 Humongous Allocation) 210M->16M(254M) 27.855ms
[519.562s][info][gc          ] GC(1901) Concurrent Undo Cycle
[519.562s][info][gc,cpu      ] GC(1900) User=0.01s Sys=0.00s Real=0.03s
[519.562s][info][gc,marking  ] GC(1901) Concurrent Cleanup for Next Mark
[519.562s][info][gc,marking  ] GC(1901) Concurrent Cleanup for Next Mark 0.129ms
[519.562s][info][gc          ] GC(1901) Concurrent Undo Cycle 0.209ms
[520.077s][info][gc,start    ] GC(1902) Pause Young (Concurrent Start) (G1 Humongous Allocation)
[520.078s][info][gc,task     ] GC(1902) Using 8 workers of 8 for evacuation
[520.080s][info][gc,phases   ] GC(1902)   Pre Evacuate Collection Set: 0.4ms
[520.080s][info][gc,phases   ] GC(1902)   Merge Heap Roots: 0.2ms
[520.080s][info][gc,phases   ] GC(1902)   Evacuate Collection Set: 1.2ms
[520.080s][info][gc,phases   ] GC(1902)   Post Evacuate Collection Set: 0.8ms
[520.081s][info][gc,phases   ] GC(1902)   Other: 0.2ms
[520.081s][info][gc,heap     ] GC(1902) Eden regions: 1->0(75)
[520.081s][info][gc,heap     ] GC(1902) Survivor regions: 1->1(10)
[520.081s][info][gc,heap     ] GC(1902) Old regions: 8->8
[520.081s][info][gc,heap     ] GC(1902) Archive regions: 2->2
[520.081s][info][gc,heap     ] GC(1902) Humongous regions: 96->0
[520.081s][info][gc,metaspace] GC(1902) Metaspace: 29090K(29504K)->29090K(29504K) NonClass: 25530K(25728K)->25530K(25728K) Class: 3559K(3776K)->3559K(3776K)
[520.081s][info][gc          ] GC(1902) Pause Young (Concurrent Start) (G1 Humongous Allocation) 210M->16M(254M) 3.488ms
[520.081s][info][gc,cpu      ] GC(1902) User=0.00s Sys=0.00s Real=0.00s
[520.081s][info][gc          ] GC(1903) Concurrent Undo Cycle
[520.081s][info][gc,marking  ] GC(1903) Concurrent Cleanup for Next Mark
[520.081s][info][gc,marking  ] GC(1903) Concurrent Cleanup for Next Mark 0.215ms
[520.081s][info][gc          ] GC(1903) Concurrent Undo Cycle 0.439ms
[520.601s][info][gc,start    ] GC(1904) Pause Young (Concurrent Start) (G1 Humongous Allocation)
[520.602s][info][gc,task     ] GC(1904) Using 8 workers of 8 for evacuation
[520.604s][info][gc,phases   ] GC(1904)   Pre Evacuate Collection Set: 0.4ms
[520.604s][info][gc,phases   ] GC(1904)   Merge Heap Roots: 0.2ms
[520.604s][info][gc,phases   ] GC(1904)   Evacuate Collection Set: 1.2ms
[520.605s][info][gc,phases   ] GC(1904)   Post Evacuate Collection Set: 0.8ms
[520.605s][info][gc,phases   ] GC(1904)   Other: 0.2ms
[520.605s][info][gc,heap     ] GC(1904) Eden regions: 1->0(75)
[520.605s][info][gc,heap     ] GC(1904) Survivor regions: 1->1(10)
[520.605s][info][gc,heap     ] GC(1904) Old regions: 8->8
[520.605s][info][gc,heap     ] GC(1904) Archive regions: 2->2
[520.605s][info][gc,heap     ] GC(1904) Humongous regions: 96->0
[520.605s][info][gc,metaspace] GC(1904) Metaspace: 29090K(29504K)->29090K(29504K) NonClass: 25530K(25728K)->25530K(25728K) Class: 3559K(3776K)->3559K(3776K)
[520.605s][info][gc          ] GC(1904) Pause Young (Concurrent Start) (G1 Humongous Allocation) 210M->16M(254M) 3.474ms
[520.605s][info][gc,cpu      ] GC(1904) User=0.01s Sys=0.01s Real=0.00s
[520.605s][info][gc          ] GC(1905) Concurrent Undo Cycle
[520.605s][info][gc,marking  ] GC(1905) Concurrent Cleanup for Next Mark
[520.605s][info][gc,marking  ] GC(1905) Concurrent Cleanup for Next Mark 0.180ms
[520.605s][info][gc          ] GC(1905) Concurrent Undo Cycle 0.409ms
[521.123s][info][gc,start    ] GC(1906) Pause Young (Concurrent Start) (G1 Humongous Allocation)
[521.123s][info][gc,task     ] GC(1906) Using 8 workers of 8 for evacuation
[521.126s][info][gc,phases   ] GC(1906)   Pre Evacuate Collection Set: 0.5ms
[521.127s][info][gc,phases   ] GC(1906)   Merge Heap Roots: 0.2ms
[521.127s][info][gc,phases   ] GC(1906)   Evacuate Collection Set: 1.4ms
[521.127s][info][gc,phases   ] GC(1906)   Post Evacuate Collection Set: 0.8ms
[521.127s][info][gc,phases   ] GC(1906)   Other: 0.2ms
[521.127s][info][gc,heap     ] GC(1906) Eden regions: 1->0(75)
[521.127s][info][gc,heap     ] GC(1906) Survivor regions: 1->1(10)
[521.127s][info][gc,heap     ] GC(1906) Old regions: 8->8
[521.127s][info][gc,heap     ] GC(1906) Archive regions: 2->2
[521.127s][info][gc,heap     ] GC(1906) Humongous regions: 96->0
[521.127s][info][gc,metaspace] GC(1906) Metaspace: 29090K(29504K)->29090K(29504K) NonClass: 25530K(25728K)->25530K(25728K) Class: 3559K(3776K)->3559K(3776K)
[521.127s][info][gc          ] GC(1906) Pause Young (Concurrent Start) (G1 Humongous Allocation) 210M->16M(254M) 3.790ms
[521.127s][info][gc,cpu      ] GC(1906) User=0.01s Sys=0.00s Real=0.00s
[521.127s][info][gc          ] GC(1907) Concurrent Undo Cycle
[521.127s][info][gc,marking  ] GC(1907) Concurrent Cleanup for Next Mark
[521.127s][info][gc,marking  ] GC(1907) Concurrent Cleanup for Next Mark 0.186ms
[521.127s][info][gc          ] GC(1907) Concurrent Undo Cycle 0.391ms
[521.646s][info][gc,start    ] GC(1908) Pause Young (Concurrent Start) (G1 Humongous Allocation)
[521.646s][info][gc,task     ] GC(1908) Using 8 workers of 8 for evacuation
[521.650s][info][gc,phases   ] GC(1908)   Pre Evacuate Collection Set: 0.4ms
[521.650s][info][gc,phases   ] GC(1908)   Merge Heap Roots: 0.1ms
[521.650s][info][gc,phases   ] GC(1908)   Evacuate Collection Set: 2.1ms
[521.650s][info][gc,phases   ] GC(1908)   Post Evacuate Collection Set: 0.8ms
[521.650s][info][gc,phases   ] GC(1908)   Other: 0.3ms
[521.650s][info][gc,heap     ] GC(1908) Eden regions: 1->0(75)
[521.650s][info][gc,heap     ] GC(1908) Survivor regions: 1->1(10)
[521.650s][info][gc,heap     ] GC(1908) Old regions: 8->8
[521.650s][info][gc,heap     ] GC(1908) Archive regions: 2->2
[521.651s][info][gc,heap     ] GC(1908) Humongous regions: 96->0
[521.651s][info][gc,metaspace] GC(1908) Metaspace: 29090K(29504K)->29090K(29504K) NonClass: 25530K(25728K)->25530K(25728K) Class: 3559K(3776K)->3559K(3776K)
[521.651s][info][gc          ] GC(1908) Pause Young (Concurrent Start) (G1 Humongous Allocation) 210M->16M(254M) 4.397ms
[521.651s][info][gc,cpu      ] GC(1908) User=0.01s Sys=0.00s Real=0.01s
[521.651s][info][gc          ] GC(1909) Concurrent Undo Cycle
[521.651s][info][gc,marking  ] GC(1909) Concurrent Cleanup for Next Mark
[521.651s][info][gc,marking  ] GC(1909) Concurrent Cleanup for Next Mark 0.115ms
[521.651s][info][gc          ] GC(1909) Concurrent Undo Cycle 0.265ms
[522.167s][info][gc,start    ] GC(1910) Pause Young (Concurrent Start) (G1 Humongous Allocation)
[522.167s][info][gc,task     ] GC(1910) Using 8 workers of 8 for evacuation
[522.170s][info][gc,phases   ] GC(1910)   Pre Evacuate Collection Set: 0.4ms
[522.170s][info][gc,phases   ] GC(1910)   Merge Heap Roots: 0.2ms
[522.170s][info][gc,phases   ] GC(1910)   Evacuate Collection Set: 1.2ms
[522.170s][info][gc,phases   ] GC(1910)   Post Evacuate Collection Set: 0.8ms
[522.170s][info][gc,phases   ] GC(1910)   Other: 0.2ms
[522.171s][info][gc,heap     ] GC(1910) Eden regions: 1->0(75)
[522.171s][info][gc,heap     ] GC(1910) Survivor regions: 1->1(10)
[522.171s][info][gc,heap     ] GC(1910) Old regions: 8->8
[522.171s][info][gc,heap     ] GC(1910) Archive regions: 2->2
[522.171s][info][gc,heap     ] GC(1910) Humongous regions: 96->0
[522.171s][info][gc,metaspace] GC(1910) Metaspace: 29090K(29504K)->29090K(29504K) NonClass: 25530K(25728K)->25530K(25728K) Class: 3559K(3776K)->3559K(3776K)
[522.171s][info][gc          ] GC(1910) Pause Young (Concurrent Start) (G1 Humongous Allocation) 210M->16M(254M) 3.553ms
[522.171s][info][gc,cpu      ] GC(1910) User=0.01s Sys=0.00s Real=0.01s
[522.171s][info][gc          ] GC(1911) Concurrent Undo Cycle
[522.171s][info][gc,marking  ] GC(1911) Concurrent Cleanup for Next Mark
[522.172s][info][gc,marking  ] GC(1911) Concurrent Cleanup for Next Mark 0.493ms
[522.172s][info][gc          ] GC(1911) Concurrent Undo Cycle 0.796ms
[522.687s][info][gc,start    ] GC(1912) Pause Young (Concurrent Start) (G1 Humongous Allocation)
[522.687s][info][gc,task     ] GC(1912) Using 8 workers of 8 for evacuation
[522.688s][info][gc,phases   ] GC(1912)   Pre Evacuate Collection Set: 0.1ms
[522.688s][info][gc,phases   ] GC(1912)   Merge Heap Roots: 0.0ms
[522.688s][info][gc,phases   ] GC(1912)   Evacuate Collection Set: 0.5ms
[522.688s][info][gc,phases   ] GC(1912)   Post Evacuate Collection Set: 0.2ms
[522.688s][info][gc,phases   ] GC(1912)   Other: 0.0ms
[522.688s][info][gc,heap     ] GC(1912) Eden regions: 1->0(75)
[522.688s][info][gc,heap     ] GC(1912) Survivor regions: 1->1(10)
[522.688s][info][gc,heap     ] GC(1912) Old regions: 8->8
[522.688s][info][gc,heap     ] GC(1912) Archive regions: 2->2
[522.688s][info][gc,heap     ] GC(1912) Humongous regions: 96->0
[522.688s][info][gc,metaspace] GC(1912) Metaspace: 29090K(29504K)->29090K(29504K) NonClass: 25530K(25728K)->25530K(25728K) Class: 3559K(3776K)->3559K(3776K)
[522.688s][info][gc          ] GC(1912) Pause Young (Concurrent Start) (G1 Humongous Allocation) 210M->16M(254M) 1.089ms
[522.688s][info][gc          ] GC(1913) Concurrent Undo Cycle
[522.688s][info][gc,cpu      ] GC(1912) User=0.01s Sys=0.00s Real=0.01s
[522.688s][info][gc,marking  ] GC(1913) Concurrent Cleanup for Next Mark
[522.688s][info][gc,marking  ] GC(1913) Concurrent Cleanup for Next Mark 0.055ms
[522.688s][info][gc          ] GC(1913) Concurrent Undo Cycle 0.115ms
[523.195s][info][gc,start    ] GC(1914) Pause Young (Concurrent Start) (G1 Humongous Allocation)
[523.195s][info][gc,task     ] GC(1914) Using 8 workers of 8 for evacuation
[523.198s][info][gc,phases   ] GC(1914)   Pre Evacuate Collection Set: 0.3ms
[523.198s][info][gc,phases   ] GC(1914)   Merge Heap Roots: 0.1ms
[523.198s][info][gc,phases   ] GC(1914)   Evacuate Collection Set: 1.3ms
[523.198s][info][gc,phases   ] GC(1914)   Post Evacuate Collection Set: 0.7ms
[523.198s][info][gc,phases   ] GC(1914)   Other: 0.3ms
[523.198s][info][gc,heap     ] GC(1914) Eden regions: 1->0(75)
[523.198s][info][gc,heap     ] GC(1914) Survivor regions: 1->1(10)
[523.198s][info][gc,heap     ] GC(1914) Old regions: 8->8
[523.198s][info][gc,heap     ] GC(1914) Archive regions: 2->2
[523.198s][info][gc,heap     ] GC(1914) Humongous regions: 96->0
[523.198s][info][gc,metaspace] GC(1914) Metaspace: 29090K(29504K)->29090K(29504K) NonClass: 25530K(25728K)->25530K(25728K) Class: 3559K(3776K)->3559K(3776K)
[523.198s][info][gc          ] GC(1914) Pause Young (Concurrent Start) (G1 Humongous Allocation) 210M->16M(254M) 3.267ms
[523.198s][info][gc          ] GC(1915) Concurrent Undo Cycle
[523.198s][info][gc,cpu      ] GC(1914) User=0.01s Sys=0.00s Real=0.01s
[523.198s][info][gc,marking  ] GC(1915) Concurrent Cleanup for Next Mark
[523.199s][info][gc,marking  ] GC(1915) Concurrent Cleanup for Next Mark 0.299ms
[523.199s][info][gc          ] GC(1915) Concurrent Undo Cycle 0.472ms
[523.715s][info][gc,start    ] GC(1916) Pause Young (Concurrent Start) (G1 Humongous Allocation)
[523.715s][info][gc,task     ] GC(1916) Using 8 workers of 8 for evacuation
[523.716s][info][gc,phases   ] GC(1916)   Pre Evacuate Collection Set: 0.1ms
[523.716s][info][gc,phases   ] GC(1916)   Merge Heap Roots: 0.0ms
[523.716s][info][gc,phases   ] GC(1916)   Evacuate Collection Set: 0.5ms
[523.716s][info][gc,phases   ] GC(1916)   Post Evacuate Collection Set: 0.2ms
[523.716s][info][gc,phases   ] GC(1916)   Other: 0.1ms
[523.716s][info][gc,heap     ] GC(1916) Eden regions: 1->0(75)
[523.716s][info][gc,heap     ] GC(1916) Survivor regions: 1->1(10)
[523.716s][info][gc,heap     ] GC(1916) Old regions: 8->8
[523.716s][info][gc,heap     ] GC(1916) Archive regions: 2->2
[523.716s][info][gc,heap     ] GC(1916) Humongous regions: 96->0
[523.716s][info][gc,metaspace] GC(1916) Metaspace: 29090K(29504K)->29090K(29504K) NonClass: 25530K(25728K)->25530K(25728K) Class: 3559K(3776K)->3559K(3776K)
[523.716s][info][gc          ] GC(1916) Pause Young (Concurrent Start) (G1 Humongous Allocation) 210M->16M(254M) 1.182ms
[523.716s][info][gc,cpu      ] GC(1916) User=0.00s Sys=0.00s Real=0.00s
[523.716s][info][gc          ] GC(1917) Concurrent Undo Cycle
[523.716s][info][gc,marking  ] GC(1917) Concurrent Cleanup for Next Mark
[523.717s][info][gc,marking  ] GC(1917) Concurrent Cleanup for Next Mark 0.066ms
[523.717s][info][gc          ] GC(1917) Concurrent Undo Cycle 0.147ms
[524.226s][info][gc,start    ] GC(1918) Pause Young (Concurrent Start) (G1 Humongous Allocation)
[524.226s][info][gc,task     ] GC(1918) Using 8 workers of 8 for evacuation
[524.229s][info][gc,phases   ] GC(1918)   Pre Evacuate Collection Set: 0.3ms
[524.229s][info][gc,phases   ] GC(1918)   Merge Heap Roots: 0.1ms
[524.229s][info][gc,phases   ] GC(1918)   Evacuate Collection Set: 0.9ms
[524.229s][info][gc,phases   ] GC(1918)   Post Evacuate Collection Set: 0.7ms
[524.229s][info][gc,phases   ] GC(1918)   Other: 0.1ms
[524.229s][info][gc,heap     ] GC(1918) Eden regions: 1->0(75)
[524.229s][info][gc,heap     ] GC(1918) Survivor regions: 1->1(10)
[524.229s][info][gc,heap     ] GC(1918) Old regions: 8->8
[524.229s][info][gc,heap     ] GC(1918) Archive regions: 2->2
[524.229s][info][gc,heap     ] GC(1918) Humongous regions: 96->0
[524.229s][info][gc,metaspace] GC(1918) Metaspace: 29090K(29504K)->29090K(29504K) NonClass: 25530K(25728K)->25530K(25728K) Class: 3559K(3776K)->3559K(3776K)
[524.229s][info][gc          ] GC(1918) Pause Young (Concurrent Start) (G1 Humongous Allocation) 210M->16M(254M) 2.664ms
[524.229s][info][gc,cpu      ] GC(1918) User=0.01s Sys=0.00s Real=0.01s
[524.229s][info][gc          ] GC(1919) Concurrent Undo Cycle
[524.229s][info][gc,marking  ] GC(1919) Concurrent Cleanup for Next Mark
[524.229s][info][gc,marking  ] GC(1919) Concurrent Cleanup for Next Mark 0.125ms
[524.229s][info][gc          ] GC(1919) Concurrent Undo Cycle 0.307ms
[524.744s][info][gc,start    ] GC(1920) Pause Young (Concurrent Start) (G1 Humongous Allocation)
[524.744s][info][gc,task     ] GC(1920) Using 8 workers of 8 for evacuation
[524.747s][info][gc,phases   ] GC(1920)   Pre Evacuate Collection Set: 0.4ms
[524.747s][info][gc,phases   ] GC(1920)   Merge Heap Roots: 0.2ms
[524.747s][info][gc,phases   ] GC(1920)   Evacuate Collection Set: 1.2ms
[524.747s][info][gc,phases   ] GC(1920)   Post Evacuate Collection Set: 0.8ms
[524.747s][info][gc,phases   ] GC(1920)   Other: 0.2ms
[524.747s][info][gc,heap     ] GC(1920) Eden regions: 1->0(75)
[524.747s][info][gc,heap     ] GC(1920) Survivor regions: 1->1(10)
[524.747s][info][gc,heap     ] GC(1920) Old regions: 8->8
[524.747s][info][gc,heap     ] GC(1920) Archive regions: 2->2
[524.747s][info][gc,heap     ] GC(1920) Humongous regions: 96->0
[524.747s][info][gc,metaspace] GC(1920) Metaspace: 29090K(29504K)->29090K(29504K) NonClass: 25530K(25728K)->25530K(25728K) Class: 3559K(3776K)->3559K(3776K)
[524.747s][info][gc          ] GC(1920) Pause Young (Concurrent Start) (G1 Humongous Allocation) 210M->16M(254M) 3.577ms
[524.747s][info][gc,cpu      ] GC(1920) User=0.01s Sys=0.00s Real=0.01s
[524.747s][info][gc          ] GC(1921) Concurrent Undo Cycle
[524.748s][info][gc,marking  ] GC(1921) Concurrent Cleanup for Next Mark
[524.748s][info][gc,marking  ] GC(1921) Concurrent Cleanup for Next Mark 0.186ms
[524.748s][info][gc          ] GC(1921) Concurrent Undo Cycle 0.454ms
[525.266s][info][gc,start    ] GC(1922) Pause Young (Concurrent Start) (G1 Humongous Allocation)
[525.266s][info][gc,task     ] GC(1922) Using 8 workers of 8 for evacuation
[525.267s][info][gc,phases   ] GC(1922)   Pre Evacuate Collection Set: 0.1ms
[525.267s][info][gc,phases   ] GC(1922)   Merge Heap Roots: 0.1ms
[525.267s][info][gc,phases   ] GC(1922)   Evacuate Collection Set: 0.6ms
[525.267s][info][gc,phases   ] GC(1922)   Post Evacuate Collection Set: 0.3ms
[525.267s][info][gc,phases   ] GC(1922)   Other: 0.1ms
[525.267s][info][gc,heap     ] GC(1922) Eden regions: 1->0(75)
[525.267s][info][gc,heap     ] GC(1922) Survivor regions: 1->1(10)
[525.267s][info][gc,heap     ] GC(1922) Old regions: 8->8
[525.267s][info][gc,heap     ] GC(1922) Archive regions: 2->2
[525.267s][info][gc,heap     ] GC(1922) Humongous regions: 96->0
[525.267s][info][gc,metaspace] GC(1922) Metaspace: 29090K(29504K)->29090K(29504K) NonClass: 25530K(25728K)->25530K(25728K) Class: 3559K(3776K)->3559K(3776K)
[525.267s][info][gc          ] GC(1922) Pause Young (Concurrent Start) (G1 Humongous Allocation) 210M->16M(254M) 1.651ms
[525.267s][info][gc          ] GC(1923) Concurrent Undo Cycle
[525.267s][info][gc,cpu      ] GC(1922) User=0.01s Sys=0.01s Real=0.01s
[525.267s][info][gc,marking  ] GC(1923) Concurrent Cleanup for Next Mark
[525.267s][info][gc,marking  ] GC(1923) Concurrent Cleanup for Next Mark 0.069ms
[525.268s][info][gc          ] GC(1923) Concurrent Undo Cycle 0.146ms
[525.777s][info][gc,start    ] GC(1924) Pause Young (Concurrent Start) (G1 Humongous Allocation)
[525.777s][info][gc,task     ] GC(1924) Using 8 workers of 8 for evacuation
[525.779s][info][gc,phases   ] GC(1924)   Pre Evacuate Collection Set: 0.3ms
[525.779s][info][gc,phases   ] GC(1924)   Merge Heap Roots: 0.1ms
[525.780s][info][gc,phases   ] GC(1924)   Evacuate Collection Set: 1.0ms
[525.780s][info][gc,phases   ] GC(1924)   Post Evacuate Collection Set: 0.6ms
[525.780s][info][gc,phases   ] GC(1924)   Other: 0.2ms
[525.780s][info][gc,heap     ] GC(1924) Eden regions: 1->0(75)
[525.780s][info][gc,heap     ] GC(1924) Survivor regions: 1->1(10)
[525.780s][info][gc,heap     ] GC(1924) Old regions: 8->8
[525.780s][info][gc,heap     ] GC(1924) Archive regions: 2->2
[525.780s][info][gc,heap     ] GC(1924) Humongous regions: 96->0
[525.780s][info][gc,metaspace] GC(1924) Metaspace: 29090K(29504K)->29090K(29504K) NonClass: 25530K(25728K)->25530K(25728K) Class: 3559K(3776K)->3559K(3776K)
[525.780s][info][gc          ] GC(1924) Pause Young (Concurrent Start) (G1 Humongous Allocation) 210M->16M(254M) 2.858ms
[525.780s][info][gc,cpu      ] GC(1924) User=0.01s Sys=0.00s Real=0.01s
[525.780s][info][gc          ] GC(1925) Concurrent Undo Cycle
[525.780s][info][gc,marking  ] GC(1925) Concurrent Cleanup for Next Mark
[525.780s][info][gc,marking  ] GC(1925) Concurrent Cleanup for Next Mark 0.217ms
[525.780s][info][gc          ] GC(1925) Concurrent Undo Cycle 0.472ms
[526.300s][info][gc,start    ] GC(1926) Pause Young (Concurrent Start) (G1 Humongous Allocation)
[526.300s][info][gc,task     ] GC(1926) Using 8 workers of 8 for evacuation
[526.303s][info][gc,phases   ] GC(1926)   Pre Evacuate Collection Set: 0.5ms
[526.303s][info][gc,phases   ] GC(1926)   Merge Heap Roots: 0.2ms
[526.303s][info][gc,phases   ] GC(1926)   Evacuate Collection Set: 1.2ms
[526.303s][info][gc,phases   ] GC(1926)   Post Evacuate Collection Set: 0.7ms
[526.303s][info][gc,phases   ] GC(1926)   Other: 0.2ms
[526.303s][info][gc,heap     ] GC(1926) Eden regions: 1->0(75)
[526.303s][info][gc,heap     ] GC(1926) Survivor regions: 1->1(10)
[526.303s][info][gc,heap     ] GC(1926) Old regions: 8->8
[526.303s][info][gc,heap     ] GC(1926) Archive regions: 2->2
[526.303s][info][gc,heap     ] GC(1926) Humongous regions: 96->0
[526.303s][info][gc,metaspace] GC(1926) Metaspace: 29090K(29504K)->29090K(29504K) NonClass: 25530K(25728K)->25530K(25728K) Class: 3559K(3776K)->3559K(3776K)
[526.303s][info][gc          ] GC(1926) Pause Young (Concurrent Start) (G1 Humongous Allocation) 210M->16M(254M) 3.542ms
[526.303s][info][gc,cpu      ] GC(1926) User=0.01s Sys=0.00s Real=0.00s
[526.303s][info][gc          ] GC(1927) Concurrent Undo Cycle
[526.304s][info][gc,marking  ] GC(1927) Concurrent Cleanup for Next Mark
[526.304s][info][gc,marking  ] GC(1927) Concurrent Cleanup for Next Mark 0.215ms
[526.304s][info][gc          ] GC(1927) Concurrent Undo Cycle 0.493ms
[526.823s][info][gc,start    ] GC(1928) Pause Young (Concurrent Start) (G1 Humongous Allocation)
[526.823s][info][gc,task     ] GC(1928) Using 8 workers of 8 for evacuation
[526.824s][info][gc,phases   ] GC(1928)   Pre Evacuate Collection Set: 0.1ms
[526.824s][info][gc,phases   ] GC(1928)   Merge Heap Roots: 0.0ms
[526.824s][info][gc,phases   ] GC(1928)   Evacuate Collection Set: 0.6ms
[526.824s][info][gc,phases   ] GC(1928)   Post Evacuate Collection Set: 0.2ms
[526.824s][info][gc,phases   ] GC(1928)   Other: 0.0ms
[526.824s][info][gc,heap     ] GC(1928) Eden regions: 2->0(75)
[526.824s][info][gc,heap     ] GC(1928) Survivor regions: 1->1(10)
[526.824s][info][gc,heap     ] GC(1928) Old regions: 8->8
[526.824s][info][gc,heap     ] GC(1928) Archive regions: 2->2
[526.824s][info][gc,heap     ] GC(1928) Humongous regions: 96->0
[526.824s][info][gc,metaspace] GC(1928) Metaspace: 29090K(29504K)->29090K(29504K) NonClass: 25530K(25728K)->25530K(25728K) Class: 3559K(3776K)->3559K(3776K)
[526.824s][info][gc          ] GC(1928) Pause Young (Concurrent Start) (G1 Humongous Allocation) 210M->16M(254M) 1.218ms
[526.824s][info][gc,cpu      ] GC(1928) User=0.00s Sys=0.00s Real=0.00s
[526.824s][info][gc          ] GC(1929) Concurrent Undo Cycle
[526.824s][info][gc,marking  ] GC(1929) Concurrent Cleanup for Next Mark
[526.824s][info][gc,marking  ] GC(1929) Concurrent Cleanup for Next Mark 0.047ms
[526.824s][info][gc          ] GC(1929) Concurrent Undo Cycle 0.117ms
[527.333s][info][gc,start    ] GC(1930) Pause Young (Concurrent Start) (G1 Humongous Allocation)
[527.333s][info][gc,task     ] GC(1930) Using 8 workers of 8 for evacuation
[527.336s][info][gc,phases   ] GC(1930)   Pre Evacuate Collection Set: 0.4ms
[527.336s][info][gc,phases   ] GC(1930)   Merge Heap Roots: 0.2ms
[527.336s][info][gc,phases   ] GC(1930)   Evacuate Collection Set: 1.3ms
[527.336s][info][gc,phases   ] GC(1930)   Post Evacuate Collection Set: 0.8ms
[527.337s][info][gc,phases   ] GC(1930)   Other: 0.2ms
[527.337s][info][gc,heap     ] GC(1930) Eden regions: 1->0(75)
[527.337s][info][gc,heap     ] GC(1930) Survivor regions: 1->1(10)
[527.337s][info][gc,heap     ] GC(1930) Old regions: 8->8
[527.337s][info][gc,heap     ] GC(1930) Archive regions: 2->2
[527.337s][info][gc,heap     ] GC(1930) Humongous regions: 96->0
[527.337s][info][gc,metaspace] GC(1930) Metaspace: 29090K(29504K)->29090K(29504K) NonClass: 25530K(25728K)->25530K(25728K) Class: 3559K(3776K)->3559K(3776K)
[527.337s][info][gc          ] GC(1930) Pause Young (Concurrent Start) (G1 Humongous Allocation) 210M->16M(254M) 3.622ms
[527.337s][info][gc,cpu      ] GC(1930) User=0.01s Sys=0.00s Real=0.00s
[527.337s][info][gc          ] GC(1931) Concurrent Undo Cycle
[527.337s][info][gc,marking  ] GC(1931) Concurrent Cleanup for Next Mark
[527.337s][info][gc,marking  ] GC(1931) Concurrent Cleanup for Next Mark 0.191ms
[527.337s][info][gc          ] GC(1931) Concurrent Undo Cycle 0.411ms
[527.854s][info][gc,start    ] GC(1932) Pause Young (Concurrent Start) (G1 Humongous Allocation)
[527.854s][info][gc,task     ] GC(1932) Using 8 workers of 8 for evacuation
[527.856s][info][gc,phases   ] GC(1932)   Pre Evacuate Collection Set: 0.2ms
[527.856s][info][gc,phases   ] GC(1932)   Merge Heap Roots: 0.1ms
[527.856s][info][gc,phases   ] GC(1932)   Evacuate Collection Set: 0.5ms
[527.856s][info][gc,phases   ] GC(1932)   Post Evacuate Collection Set: 0.4ms
[527.856s][info][gc,phases   ] GC(1932)   Other: 0.1ms
[527.856s][info][gc,heap     ] GC(1932) Eden regions: 1->0(75)
[527.856s][info][gc,heap     ] GC(1932) Survivor regions: 1->1(10)
[527.856s][info][gc,heap     ] GC(1932) Old regions: 8->8
[527.856s][info][gc,heap     ] GC(1932) Archive regions: 2->2
[527.856s][info][gc,heap     ] GC(1932) Humongous regions: 96->0
[527.856s][info][gc,metaspace] GC(1932) Metaspace: 29090K(29504K)->29090K(29504K) NonClass: 25530K(25728K)->25530K(25728K) Class: 3559K(3776K)->3559K(3776K)
[527.856s][info][gc          ] GC(1932) Pause Young (Concurrent Start) (G1 Humongous Allocation) 210M->16M(254M) 1.489ms
[527.856s][info][gc,cpu      ] GC(1932) User=0.00s Sys=0.00s Real=0.00s
[527.856s][info][gc          ] GC(1933) Concurrent Undo Cycle
[527.856s][info][gc,marking  ] GC(1933) Concurrent Cleanup for Next Mark
[527.856s][info][gc,marking  ] GC(1933) Concurrent Cleanup for Next Mark 0.078ms
[527.856s][info][gc          ] GC(1933) Concurrent Undo Cycle 0.177ms
[528.366s][info][gc,start    ] GC(1934) Pause Young (Concurrent Start) (G1 Humongous Allocation)
[528.366s][info][gc,task     ] GC(1934) Using 8 workers of 8 for evacuation
[528.369s][info][gc,phases   ] GC(1934)   Pre Evacuate Collection Set: 0.4ms
[528.369s][info][gc,phases   ] GC(1934)   Merge Heap Roots: 0.2ms
[528.369s][info][gc,phases   ] GC(1934)   Evacuate Collection Set: 1.2ms
[528.369s][info][gc,phases   ] GC(1934)   Post Evacuate Collection Set: 0.9ms
[528.369s][info][gc,phases   ] GC(1934)   Other: 0.2ms
[528.369s][info][gc,heap     ] GC(1934) Eden regions: 2->0(75)
[528.369s][info][gc,heap     ] GC(1934) Survivor regions: 1->1(10)
[528.369s][info][gc,heap     ] GC(1934) Old regions: 8->8
[528.369s][info][gc,heap     ] GC(1934) Archive regions: 2->2
[528.370s][info][gc,heap     ] GC(1934) Humongous regions: 96->0
[528.370s][info][gc,metaspace] GC(1934) Metaspace: 29090K(29504K)->29090K(29504K) NonClass: 25530K(25728K)->25530K(25728K) Class: 3559K(3776K)->3559K(3776K)
[528.370s][info][gc          ] GC(1934) Pause Young (Concurrent Start) (G1 Humongous Allocation) 210M->16M(254M) 3.520ms
[528.370s][info][gc,cpu      ] GC(1934) User=0.00s Sys=0.01s Real=0.01s
[528.370s][info][gc          ] GC(1935) Concurrent Undo Cycle
[528.370s][info][gc,marking  ] GC(1935) Concurrent Cleanup for Next Mark
[528.370s][info][gc,marking  ] GC(1935) Concurrent Cleanup for Next Mark 0.249ms
[528.370s][info][gc          ] GC(1935) Concurrent Undo Cycle 0.458ms
[528.889s][info][gc,start    ] GC(1936) Pause Young (Concurrent Start) (G1 Humongous Allocation)
[528.889s][info][gc,task     ] GC(1936) Using 8 workers of 8 for evacuation
[528.892s][info][gc,phases   ] GC(1936)   Pre Evacuate Collection Set: 0.4ms
[528.892s][info][gc,phases   ] GC(1936)   Merge Heap Roots: 0.2ms
[528.892s][info][gc,phases   ] GC(1936)   Evacuate Collection Set: 1.2ms
[528.892s][info][gc,phases   ] GC(1936)   Post Evacuate Collection Set: 0.8ms
[528.892s][info][gc,phases   ] GC(1936)   Other: 0.2ms
[528.892s][info][gc,heap     ] GC(1936) Eden regions: 1->0(75)
[528.892s][info][gc,heap     ] GC(1936) Survivor regions: 1->1(10)
[528.892s][info][gc,heap     ] GC(1936) Old regions: 8->8
[528.892s][info][gc,heap     ] GC(1936) Archive regions: 2->2
[528.892s][info][gc,heap     ] GC(1936) Humongous regions: 96->0
[528.892s][info][gc,metaspace] GC(1936) Metaspace: 29090K(29504K)->29090K(29504K) NonClass: 25530K(25728K)->25530K(25728K) Class: 3559K(3776K)->3559K(3776K)
[528.892s][info][gc          ] GC(1936) Pause Young (Concurrent Start) (G1 Humongous Allocation) 209M->16M(254M) 3.581ms
[528.892s][info][gc,cpu      ] GC(1936) User=0.01s Sys=0.00s Real=0.00s
[528.892s][info][gc          ] GC(1937) Concurrent Undo Cycle
[528.893s][info][gc,marking  ] GC(1937) Concurrent Cleanup for Next Mark
[528.893s][info][gc,marking  ] GC(1937) Concurrent Cleanup for Next Mark 0.198ms
[528.893s][info][gc          ] GC(1937) Concurrent Undo Cycle 0.467ms
[529.410s][info][gc,start    ] GC(1938) Pause Young (Concurrent Start) (G1 Humongous Allocation)
[529.410s][info][gc,task     ] GC(1938) Using 8 workers of 8 for evacuation
[529.413s][info][gc,phases   ] GC(1938)   Pre Evacuate Collection Set: 0.4ms
[529.413s][info][gc,phases   ] GC(1938)   Merge Heap Roots: 0.2ms
[529.414s][info][gc,phases   ] GC(1938)   Evacuate Collection Set: 1.2ms
[529.414s][info][gc,phases   ] GC(1938)   Post Evacuate Collection Set: 0.8ms
[529.414s][info][gc,phases   ] GC(1938)   Other: 0.3ms
[529.414s][info][gc,heap     ] GC(1938) Eden regions: 2->0(75)
[529.414s][info][gc,heap     ] GC(1938) Survivor regions: 1->1(10)
[529.414s][info][gc,heap     ] GC(1938) Old regions: 8->8
[529.414s][info][gc,heap     ] GC(1938) Archive regions: 2->2
[529.414s][info][gc,heap     ] GC(1938) Humongous regions: 96->0
[529.414s][info][gc,metaspace] GC(1938) Metaspace: 29090K(29504K)->29090K(29504K) NonClass: 25530K(25728K)->25530K(25728K) Class: 3559K(3776K)->3559K(3776K)
[529.414s][info][gc          ] GC(1938) Pause Young (Concurrent Start) (G1 Humongous Allocation) 210M->16M(254M) 3.635ms
[529.414s][info][gc,cpu      ] GC(1938) User=0.00s Sys=0.01s Real=0.00s
[529.414s][info][gc          ] GC(1939) Concurrent Undo Cycle
[529.414s][info][gc,marking  ] GC(1939) Concurrent Cleanup for Next Mark
[529.414s][info][gc,marking  ] GC(1939) Concurrent Cleanup for Next Mark 0.210ms
[529.414s][info][gc          ] GC(1939) Concurrent Undo Cycle 0.449ms
[529.931s][info][gc,start    ] GC(1940) Pause Young (Concurrent Start) (G1 Humongous Allocation)
[529.931s][info][gc,task     ] GC(1940) Using 8 workers of 8 for evacuation
[529.933s][info][gc,phases   ] GC(1940)   Pre Evacuate Collection Set: 0.2ms
[529.933s][info][gc,phases   ] GC(1940)   Merge Heap Roots: 0.1ms
[529.933s][info][gc,phases   ] GC(1940)   Evacuate Collection Set: 0.6ms
[529.933s][info][gc,phases   ] GC(1940)   Post Evacuate Collection Set: 0.4ms
[529.933s][info][gc,phases   ] GC(1940)   Other: 0.1ms
[529.933s][info][gc,heap     ] GC(1940) Eden regions: 1->0(75)
[529.933s][info][gc,heap     ] GC(1940) Survivor regions: 1->1(10)
[529.933s][info][gc,heap     ] GC(1940) Old regions: 8->8
[529.933s][info][gc,heap     ] GC(1940) Archive regions: 2->2
[529.933s][info][gc,heap     ] GC(1940) Humongous regions: 96->0
[529.933s][info][gc,metaspace] GC(1940) Metaspace: 29090K(29504K)->29090K(29504K) NonClass: 25530K(25728K)->25530K(25728K) Class: 3559K(3776K)->3559K(3776K)
[529.933s][info][gc          ] GC(1940) Pause Young (Concurrent Start) (G1 Humongous Allocation) 210M->16M(254M) 1.771ms
[529.933s][info][gc,cpu      ] GC(1940) User=0.00s Sys=0.00s Real=0.00s
[529.933s][info][gc          ] GC(1941) Concurrent Undo Cycle
[529.933s][info][gc,marking  ] GC(1941) Concurrent Cleanup for Next Mark
[529.933s][info][gc,marking  ] GC(1941) Concurrent Cleanup for Next Mark 0.084ms
[529.933s][info][gc          ] GC(1941) Concurrent Undo Cycle 0.181ms
[530.447s][info][gc,start    ] GC(1942) Pause Young (Concurrent Start) (G1 Humongous Allocation)
[530.448s][info][gc,task     ] GC(1942) Using 8 workers of 8 for evacuation
[530.451s][info][gc,phases   ] GC(1942)   Pre Evacuate Collection Set: 0.5ms
[530.451s][info][gc,phases   ] GC(1942)   Merge Heap Roots: 0.3ms
[530.451s][info][gc,phases   ] GC(1942)   Evacuate Collection Set: 1.3ms
[530.451s][info][gc,phases   ] GC(1942)   Post Evacuate Collection Set: 0.9ms
[530.451s][info][gc,phases   ] GC(1942)   Other: 0.3ms
[530.451s][info][gc,heap     ] GC(1942) Eden regions: 1->0(75)
[530.451s][info][gc,heap     ] GC(1942) Survivor regions: 1->1(10)
[530.451s][info][gc,heap     ] GC(1942) Old regions: 8->8
[530.451s][info][gc,heap     ] GC(1942) Archive regions: 2->2
[530.451s][info][gc,heap     ] GC(1942) Humongous regions: 96->0
[530.451s][info][gc,metaspace] GC(1942) Metaspace: 29090K(29504K)->29090K(29504K) NonClass: 25530K(25728K)->25530K(25728K) Class: 3559K(3776K)->3559K(3776K)
[530.451s][info][gc          ] GC(1942) Pause Young (Concurrent Start) (G1 Humongous Allocation) 210M->16M(254M) 4.017ms
[530.451s][info][gc,cpu      ] GC(1942) User=0.01s Sys=0.00s Real=0.00s
[530.452s][info][gc          ] GC(1943) Concurrent Undo Cycle
[530.452s][info][gc,marking  ] GC(1943) Concurrent Cleanup for Next Mark
[530.452s][info][gc,marking  ] GC(1943) Concurrent Cleanup for Next Mark 0.125ms
[530.452s][info][gc          ] GC(1943) Concurrent Undo Cycle 0.358ms
[530.971s][info][gc,start    ] GC(1944) Pause Young (Concurrent Start) (G1 Humongous Allocation)
[530.971s][info][gc,task     ] GC(1944) Using 8 workers of 8 for evacuation
[530.973s][info][gc,phases   ] GC(1944)   Pre Evacuate Collection Set: 0.3ms
[530.973s][info][gc,phases   ] GC(1944)   Merge Heap Roots: 0.1ms
[530.973s][info][gc,phases   ] GC(1944)   Evacuate Collection Set: 1.3ms
[530.973s][info][gc,phases   ] GC(1944)   Post Evacuate Collection Set: 0.5ms
[530.973s][info][gc,phases   ] GC(1944)   Other: 0.2ms
[530.973s][info][gc,heap     ] GC(1944) Eden regions: 1->0(75)
[530.973s][info][gc,heap     ] GC(1944) Survivor regions: 1->1(10)
[530.973s][info][gc,heap     ] GC(1944) Old regions: 8->8
[530.973s][info][gc,heap     ] GC(1944) Archive regions: 2->2
[530.973s][info][gc,heap     ] GC(1944) Humongous regions: 96->0
[530.973s][info][gc,metaspace] GC(1944) Metaspace: 29090K(29504K)->29090K(29504K) NonClass: 25530K(25728K)->25530K(25728K) Class: 3559K(3776K)->3559K(3776K)
[530.973s][info][gc          ] GC(1944) Pause Young (Concurrent Start) (G1 Humongous Allocation) 210M->16M(254M) 2.685ms
[530.973s][info][gc,cpu      ] GC(1944) User=0.00s Sys=0.00s Real=0.00s
[530.973s][info][gc          ] GC(1945) Concurrent Undo Cycle
[530.973s][info][gc,marking  ] GC(1945) Concurrent Cleanup for Next Mark
[530.974s][info][gc,marking  ] GC(1945) Concurrent Cleanup for Next Mark 0.121ms
[530.974s][info][gc          ] GC(1945) Concurrent Undo Cycle 0.276ms
[531.490s][info][gc,start    ] GC(1946) Pause Young (Concurrent Start) (G1 Humongous Allocation)
[531.490s][info][gc,task     ] GC(1946) Using 8 workers of 8 for evacuation
[531.493s][info][gc,phases   ] GC(1946)   Pre Evacuate Collection Set: 0.5ms
[531.493s][info][gc,phases   ] GC(1946)   Merge Heap Roots: 0.2ms
[531.493s][info][gc,phases   ] GC(1946)   Evacuate Collection Set: 0.9ms
[531.493s][info][gc,phases   ] GC(1946)   Post Evacuate Collection Set: 0.6ms
[531.493s][info][gc,phases   ] GC(1946)   Other: 0.2ms
[531.493s][info][gc,heap     ] GC(1946) Eden regions: 1->0(75)
[531.493s][info][gc,heap     ] GC(1946) Survivor regions: 1->1(10)
[531.493s][info][gc,heap     ] GC(1946) Old regions: 8->8
[531.493s][info][gc,heap     ] GC(1946) Archive regions: 2->2
[531.493s][info][gc,heap     ] GC(1946) Humongous regions: 96->0
[531.493s][info][gc,metaspace] GC(1946) Metaspace: 29090K(29504K)->29090K(29504K) NonClass: 25530K(25728K)->25530K(25728K) Class: 3559K(3776K)->3559K(3776K)
[531.493s][info][gc          ] GC(1946) Pause Young (Concurrent Start) (G1 Humongous Allocation) 210M->16M(254M) 2.772ms
[531.493s][info][gc,cpu      ] GC(1946) User=0.01s Sys=0.00s Real=0.00s
[531.493s][info][gc          ] GC(1947) Concurrent Undo Cycle
[531.493s][info][gc,marking  ] GC(1947) Concurrent Cleanup for Next Mark
[531.493s][info][gc,marking  ] GC(1947) Concurrent Cleanup for Next Mark 0.140ms
[531.493s][info][gc          ] GC(1947) Concurrent Undo Cycle 0.337ms
[532.010s][info][gc,start    ] GC(1948) Pause Young (Concurrent Start) (G1 Humongous Allocation)
[532.010s][info][gc,task     ] GC(1948) Using 8 workers of 8 for evacuation
[532.011s][info][gc,phases   ] GC(1948)   Pre Evacuate Collection Set: 0.1ms
[532.011s][info][gc,phases   ] GC(1948)   Merge Heap Roots: 0.0ms
[532.011s][info][gc,phases   ] GC(1948)   Evacuate Collection Set: 0.6ms
[532.011s][info][gc,phases   ] GC(1948)   Post Evacuate Collection Set: 0.2ms
[532.011s][info][gc,phases   ] GC(1948)   Other: 0.0ms
[532.011s][info][gc,heap     ] GC(1948) Eden regions: 1->0(75)
[532.011s][info][gc,heap     ] GC(1948) Survivor regions: 1->1(10)
[532.011s][info][gc,heap     ] GC(1948) Old regions: 8->8
[532.011s][info][gc,heap     ] GC(1948) Archive regions: 2->2
[532.011s][info][gc,heap     ] GC(1948) Humongous regions: 96->0
[532.011s][info][gc,metaspace] GC(1948) Metaspace: 29090K(29504K)->29090K(29504K) NonClass: 25530K(25728K)->25530K(25728K) Class: 3559K(3776K)->3559K(3776K)
[532.011s][info][gc          ] GC(1948) Pause Young (Concurrent Start) (G1 Humongous Allocation) 210M->16M(254M) 1.198ms
[532.011s][info][gc          ] GC(1949) Concurrent Undo Cycle
[532.011s][info][gc,cpu      ] GC(1948) User=0.01s Sys=0.00s Real=0.00s
[532.011s][info][gc,marking  ] GC(1949) Concurrent Cleanup for Next Mark
[532.011s][info][gc,marking  ] GC(1949) Concurrent Cleanup for Next Mark 0.048ms
[532.011s][info][gc          ] GC(1949) Concurrent Undo Cycle 0.109ms
[532.521s][info][gc,start    ] GC(1950) Pause Young (Concurrent Start) (G1 Humongous Allocation)
[532.521s][info][gc,task     ] GC(1950) Using 8 workers of 8 for evacuation
[532.523s][info][gc,phases   ] GC(1950)   Pre Evacuate Collection Set: 0.2ms
[532.523s][info][gc,phases   ] GC(1950)   Merge Heap Roots: 0.1ms
[532.523s][info][gc,phases   ] GC(1950)   Evacuate Collection Set: 0.9ms
[532.523s][info][gc,phases   ] GC(1950)   Post Evacuate Collection Set: 0.4ms
[532.523s][info][gc,phases   ] GC(1950)   Other: 0.1ms
[532.523s][info][gc,heap     ] GC(1950) Eden regions: 1->0(75)
[532.523s][info][gc,heap     ] GC(1950) Survivor regions: 1->1(10)
[532.523s][info][gc,heap     ] GC(1950) Old regions: 8->8
[532.523s][info][gc,heap     ] GC(1950) Archive regions: 2->2
[532.523s][info][gc,heap     ] GC(1950) Humongous regions: 96->0
[532.523s][info][gc,metaspace] GC(1950) Metaspace: 29090K(29504K)->29090K(29504K) NonClass: 25530K(25728K)->25530K(25728K) Class: 3559K(3776K)->3559K(3776K)
[532.523s][info][gc          ] GC(1950) Pause Young (Concurrent Start) (G1 Humongous Allocation) 210M->16M(254M) 2.172ms
[532.523s][info][gc          ] GC(1951) Concurrent Undo Cycle
[532.523s][info][gc,cpu      ] GC(1950) User=0.01s Sys=0.00s Real=0.00s
[532.523s][info][gc,marking  ] GC(1951) Concurrent Cleanup for Next Mark
[532.523s][info][gc,marking  ] GC(1951) Concurrent Cleanup for Next Mark 0.210ms
[532.523s][info][gc          ] GC(1951) Concurrent Undo Cycle 0.397ms
[533.037s][info][gc,start    ] GC(1952) Pause Young (Concurrent Start) (G1 Humongous Allocation)
[533.037s][info][gc,task     ] GC(1952) Using 8 workers of 8 for evacuation
[533.038s][info][gc,phases   ] GC(1952)   Pre Evacuate Collection Set: 0.2ms
[533.038s][info][gc,phases   ] GC(1952)   Merge Heap Roots: 0.0ms
[533.038s][info][gc,phases   ] GC(1952)   Evacuate Collection Set: 0.6ms
[533.038s][info][gc,phases   ] GC(1952)   Post Evacuate Collection Set: 0.3ms
[533.038s][info][gc,phases   ] GC(1952)   Other: 0.1ms
[533.038s][info][gc,heap     ] GC(1952) Eden regions: 1->0(75)
[533.038s][info][gc,heap     ] GC(1952) Survivor regions: 1->1(10)
[533.038s][info][gc,heap     ] GC(1952) Old regions: 8->8
[533.038s][info][gc,heap     ] GC(1952) Archive regions: 2->2
[533.038s][info][gc,heap     ] GC(1952) Humongous regions: 96->0
[533.038s][info][gc,metaspace] GC(1952) Metaspace: 29090K(29504K)->29090K(29504K) NonClass: 25530K(25728K)->25530K(25728K) Class: 3559K(3776K)->3559K(3776K)
[533.038s][info][gc          ] GC(1952) Pause Young (Concurrent Start) (G1 Humongous Allocation) 210M->16M(254M) 1.576ms
[533.038s][info][gc          ] GC(1953) Concurrent Undo Cycle
[533.038s][info][gc,cpu      ] GC(1952) User=0.00s Sys=0.00s Real=0.01s
[533.038s][info][gc,marking  ] GC(1953) Concurrent Cleanup for Next Mark
[533.038s][info][gc,marking  ] GC(1953) Concurrent Cleanup for Next Mark 0.091ms
[533.038s][info][gc          ] GC(1953) Concurrent Undo Cycle 0.245ms
[533.551s][info][gc,start    ] GC(1954) Pause Young (Concurrent Start) (G1 Humongous Allocation)
[533.551s][info][gc,task     ] GC(1954) Using 8 workers of 8 for evacuation
[533.553s][info][gc,phases   ] GC(1954)   Pre Evacuate Collection Set: 0.5ms
[533.554s][info][gc,phases   ] GC(1954)   Merge Heap Roots: 0.1ms
[533.554s][info][gc,phases   ] GC(1954)   Evacuate Collection Set: 0.9ms
[533.554s][info][gc,phases   ] GC(1954)   Post Evacuate Collection Set: 0.6ms
[533.554s][info][gc,phases   ] GC(1954)   Other: 0.3ms
[533.554s][info][gc,heap     ] GC(1954) Eden regions: 1->0(75)
[533.554s][info][gc,heap     ] GC(1954) Survivor regions: 1->1(10)
[533.554s][info][gc,heap     ] GC(1954) Old regions: 8->8
[533.554s][info][gc,heap     ] GC(1954) Archive regions: 2->2
[533.554s][info][gc,heap     ] GC(1954) Humongous regions: 96->0
[533.554s][info][gc,metaspace] GC(1954) Metaspace: 29090K(29504K)->29090K(29504K) NonClass: 25530K(25728K)->25530K(25728K) Class: 3559K(3776K)->3559K(3776K)
[533.554s][info][gc          ] GC(1954) Pause Young (Concurrent Start) (G1 Humongous Allocation) 210M->16M(254M) 3.008ms
[533.554s][info][gc,cpu      ] GC(1954) User=0.00s Sys=0.00s Real=0.00s
[533.554s][info][gc          ] GC(1955) Concurrent Undo Cycle
[533.554s][info][gc,marking  ] GC(1955) Concurrent Cleanup for Next Mark
[533.554s][info][gc,marking  ] GC(1955) Concurrent Cleanup for Next Mark 0.191ms
[533.554s][info][gc          ] GC(1955) Concurrent Undo Cycle 0.555ms
[534.071s][info][gc,start    ] GC(1956) Pause Young (Concurrent Start) (G1 Humongous Allocation)
[534.071s][info][gc,task     ] GC(1956) Using 8 workers of 8 for evacuation
[534.073s][info][gc,phases   ] GC(1956)   Pre Evacuate Collection Set: 0.4ms
[534.074s][info][gc,phases   ] GC(1956)   Merge Heap Roots: 0.1ms
[534.074s][info][gc,phases   ] GC(1956)   Evacuate Collection Set: 0.9ms
[534.074s][info][gc,phases   ] GC(1956)   Post Evacuate Collection Set: 0.7ms
[534.074s][info][gc,phases   ] GC(1956)   Other: 0.2ms
[534.074s][info][gc,heap     ] GC(1956) Eden regions: 1->0(75)
[534.074s][info][gc,heap     ] GC(1956) Survivor regions: 1->1(10)
[534.074s][info][gc,heap     ] GC(1956) Old regions: 8->8
[534.074s][info][gc,heap     ] GC(1956) Archive regions: 2->2
[534.074s][info][gc,heap     ] GC(1956) Humongous regions: 96->0
[534.074s][info][gc,metaspace] GC(1956) Metaspace: 29090K(29504K)->29090K(29504K) NonClass: 25530K(25728K)->25530K(25728K) Class: 3559K(3776K)->3559K(3776K)
[534.074s][info][gc          ] GC(1956) Pause Young (Concurrent Start) (G1 Humongous Allocation) 210M->16M(254M) 2.921ms
[534.074s][info][gc,cpu      ] GC(1956) User=0.00s Sys=0.00s Real=0.00s
[534.074s][info][gc          ] GC(1957) Concurrent Undo Cycle
[534.074s][info][gc,marking  ] GC(1957) Concurrent Cleanup for Next Mark
[534.074s][info][gc,marking  ] GC(1957) Concurrent Cleanup for Next Mark 0.160ms
[534.074s][info][gc          ] GC(1957) Concurrent Undo Cycle 0.335ms
[534.591s][info][gc,start    ] GC(1958) Pause Young (Concurrent Start) (G1 Humongous Allocation)
[534.592s][info][gc,task     ] GC(1958) Using 8 workers of 8 for evacuation
[534.594s][info][gc,phases   ] GC(1958)   Pre Evacuate Collection Set: 0.4ms
[534.595s][info][gc,phases   ] GC(1958)   Merge Heap Roots: 0.2ms
[534.595s][info][gc,phases   ] GC(1958)   Evacuate Collection Set: 1.3ms
[534.595s][info][gc,phases   ] GC(1958)   Post Evacuate Collection Set: 0.7ms
[534.595s][info][gc,phases   ] GC(1958)   Other: 0.3ms
[534.595s][info][gc,heap     ] GC(1958) Eden regions: 1->0(75)
[534.595s][info][gc,heap     ] GC(1958) Survivor regions: 1->1(10)
[534.595s][info][gc,heap     ] GC(1958) Old regions: 8->8
[534.595s][info][gc,heap     ] GC(1958) Archive regions: 2->2
[534.595s][info][gc,heap     ] GC(1958) Humongous regions: 96->0
[534.595s][info][gc,metaspace] GC(1958) Metaspace: 29090K(29504K)->29090K(29504K) NonClass: 25530K(25728K)->25530K(25728K) Class: 3559K(3776K)->3559K(3776K)
[534.595s][info][gc          ] GC(1958) Pause Young (Concurrent Start) (G1 Humongous Allocation) 210M->16M(254M) 3.583ms
[534.595s][info][gc,cpu      ] GC(1958) User=0.00s Sys=0.01s Real=0.00s
[534.595s][info][gc          ] GC(1959) Concurrent Undo Cycle
[534.595s][info][gc,marking  ] GC(1959) Concurrent Cleanup for Next Mark
[534.595s][info][gc,marking  ] GC(1959) Concurrent Cleanup for Next Mark 0.175ms
[534.596s][info][gc          ] GC(1959) Concurrent Undo Cycle 0.463ms
[535.114s][info][gc,start    ] GC(1960) Pause Young (Concurrent Start) (G1 Humongous Allocation)
[535.114s][info][gc,task     ] GC(1960) Using 8 workers of 8 for evacuation
[535.118s][info][gc,phases   ] GC(1960)   Pre Evacuate Collection Set: 0.4ms
[535.118s][info][gc,phases   ] GC(1960)   Merge Heap Roots: 0.2ms
[535.118s][info][gc,phases   ] GC(1960)   Evacuate Collection Set: 1.5ms
[535.118s][info][gc,phases   ] GC(1960)   Post Evacuate Collection Set: 0.9ms
[535.118s][info][gc,phases   ] GC(1960)   Other: 0.3ms
[535.118s][info][gc,heap     ] GC(1960) Eden regions: 1->0(75)
[535.118s][info][gc,heap     ] GC(1960) Survivor regions: 1->1(10)
[535.118s][info][gc,heap     ] GC(1960) Old regions: 8->8
[535.118s][info][gc,heap     ] GC(1960) Archive regions: 2->2
[535.118s][info][gc,heap     ] GC(1960) Humongous regions: 96->0
[535.118s][info][gc,metaspace] GC(1960) Metaspace: 29090K(29504K)->29090K(29504K) NonClass: 25530K(25728K)->25530K(25728K) Class: 3559K(3776K)->3559K(3776K)
[535.118s][info][gc          ] GC(1960) Pause Young (Concurrent Start) (G1 Humongous Allocation) 210M->16M(254M) 4.005ms
[535.118s][info][gc,cpu      ] GC(1960) User=0.01s Sys=0.00s Real=0.01s
[535.118s][info][gc          ] GC(1961) Concurrent Undo Cycle
[535.118s][info][gc,marking  ] GC(1961) Concurrent Cleanup for Next Mark
[535.119s][info][gc,marking  ] GC(1961) Concurrent Cleanup for Next Mark 0.170ms
[535.119s][info][gc          ] GC(1961) Concurrent Undo Cycle 0.367ms
[535.639s][info][gc,start    ] GC(1962) Pause Young (Concurrent Start) (G1 Humongous Allocation)
[535.639s][info][gc,task     ] GC(1962) Using 8 workers of 8 for evacuation
[535.642s][info][gc,phases   ] GC(1962)   Pre Evacuate Collection Set: 0.4ms
[535.642s][info][gc,phases   ] GC(1962)   Merge Heap Roots: 0.2ms
[535.642s][info][gc,phases   ] GC(1962)   Evacuate Collection Set: 1.2ms
[535.642s][info][gc,phases   ] GC(1962)   Post Evacuate Collection Set: 0.8ms
[535.642s][info][gc,phases   ] GC(1962)   Other: 0.2ms
[535.642s][info][gc,heap     ] GC(1962) Eden regions: 1->0(75)
[535.642s][info][gc,heap     ] GC(1962) Survivor regions: 1->1(10)
[535.642s][info][gc,heap     ] GC(1962) Old regions: 8->8
[535.642s][info][gc,heap     ] GC(1962) Archive regions: 2->2
[535.642s][info][gc,heap     ] GC(1962) Humongous regions: 96->0
[535.642s][info][gc,metaspace] GC(1962) Metaspace: 29090K(29504K)->29090K(29504K) NonClass: 25530K(25728K)->25530K(25728K) Class: 3559K(3776K)->3559K(3776K)
[535.642s][info][gc          ] GC(1962) Pause Young (Concurrent Start) (G1 Humongous Allocation) 210M->16M(254M) 3.553ms
[535.642s][info][gc,cpu      ] GC(1962) User=0.00s Sys=0.01s Real=0.00s
[535.643s][info][gc          ] GC(1963) Concurrent Undo Cycle
[535.643s][info][gc,marking  ] GC(1963) Concurrent Cleanup for Next Mark
[535.643s][info][gc,marking  ] GC(1963) Concurrent Cleanup for Next Mark 0.184ms
[535.643s][info][gc          ] GC(1963) Concurrent Undo Cycle 0.419ms
[536.162s][info][gc,start    ] GC(1964) Pause Young (Concurrent Start) (G1 Humongous Allocation)
[536.162s][info][gc,task     ] GC(1964) Using 8 workers of 8 for evacuation
[536.166s][info][gc,phases   ] GC(1964)   Pre Evacuate Collection Set: 0.3ms
[536.166s][info][gc,phases   ] GC(1964)   Merge Heap Roots: 0.1ms
[536.166s][info][gc,phases   ] GC(1964)   Evacuate Collection Set: 1.9ms
[536.166s][info][gc,phases   ] GC(1964)   Post Evacuate Collection Set: 0.7ms
[536.166s][info][gc,phases   ] GC(1964)   Other: 0.2ms
[536.166s][info][gc,heap     ] GC(1964) Eden regions: 1->0(75)
[536.166s][info][gc,heap     ] GC(1964) Survivor regions: 1->1(10)
[536.166s][info][gc,heap     ] GC(1964) Old regions: 8->8
[536.166s][info][gc,heap     ] GC(1964) Archive regions: 2->2
[536.166s][info][gc,heap     ] GC(1964) Humongous regions: 96->0
[536.166s][info][gc,metaspace] GC(1964) Metaspace: 29090K(29504K)->29090K(29504K) NonClass: 25530K(25728K)->25530K(25728K) Class: 3559K(3776K)->3559K(3776K)
[536.166s][info][gc          ] GC(1964) Pause Young (Concurrent Start) (G1 Humongous Allocation) 210M->16M(254M) 3.837ms
[536.166s][info][gc,cpu      ] GC(1964) User=0.01s Sys=0.00s Real=0.00s
[536.166s][info][gc          ] GC(1965) Concurrent Undo Cycle
[536.166s][info][gc,marking  ] GC(1965) Concurrent Cleanup for Next Mark
[536.166s][info][gc,marking  ] GC(1965) Concurrent Cleanup for Next Mark 0.177ms
[536.166s][info][gc          ] GC(1965) Concurrent Undo Cycle 0.372ms
[536.686s][info][gc,start    ] GC(1966) Pause Young (Concurrent Start) (G1 Humongous Allocation)
[536.686s][info][gc,task     ] GC(1966) Using 8 workers of 8 for evacuation
[536.689s][info][gc,phases   ] GC(1966)   Pre Evacuate Collection Set: 0.4ms
[536.689s][info][gc,phases   ] GC(1966)   Merge Heap Roots: 0.2ms
[536.689s][info][gc,phases   ] GC(1966)   Evacuate Collection Set: 1.2ms
[536.689s][info][gc,phases   ] GC(1966)   Post Evacuate Collection Set: 0.9ms
[536.689s][info][gc,phases   ] GC(1966)   Other: 0.3ms
[536.689s][info][gc,heap     ] GC(1966) Eden regions: 1->0(75)
[536.689s][info][gc,heap     ] GC(1966) Survivor regions: 1->1(10)
[536.689s][info][gc,heap     ] GC(1966) Old regions: 8->8
[536.689s][info][gc,heap     ] GC(1966) Archive regions: 2->2
[536.690s][info][gc,heap     ] GC(1966) Humongous regions: 96->0
[536.690s][info][gc,metaspace] GC(1966) Metaspace: 29090K(29504K)->29090K(29504K) NonClass: 25530K(25728K)->25530K(25728K) Class: 3559K(3776K)->3559K(3776K)
[536.690s][info][gc          ] GC(1966) Pause Young (Concurrent Start) (G1 Humongous Allocation) 210M->16M(254M) 3.629ms
[536.690s][info][gc,cpu      ] GC(1966) User=0.01s Sys=0.00s Real=0.01s
[536.690s][info][gc          ] GC(1967) Concurrent Undo Cycle
[536.690s][info][gc,marking  ] GC(1967) Concurrent Cleanup for Next Mark
[536.690s][info][gc,marking  ] GC(1967) Concurrent Cleanup for Next Mark 0.191ms
[536.690s][info][gc          ] GC(1967) Concurrent Undo Cycle 0.435ms
[537.209s][info][gc,start    ] GC(1968) Pause Young (Concurrent Start) (G1 Humongous Allocation)
[537.209s][info][gc,task     ] GC(1968) Using 8 workers of 8 for evacuation
[537.211s][info][gc,phases   ] GC(1968)   Pre Evacuate Collection Set: 0.2ms
[537.211s][info][gc,phases   ] GC(1968)   Merge Heap Roots: 0.0ms
[537.211s][info][gc,phases   ] GC(1968)   Evacuate Collection Set: 0.6ms
[537.211s][info][gc,phases   ] GC(1968)   Post Evacuate Collection Set: 0.3ms
[537.211s][info][gc,phases   ] GC(1968)   Other: 0.1ms
[537.211s][info][gc,heap     ] GC(1968) Eden regions: 2->0(75)
[537.211s][info][gc,heap     ] GC(1968) Survivor regions: 1->1(10)
[537.211s][info][gc,heap     ] GC(1968) Old regions: 8->8
[537.211s][info][gc,heap     ] GC(1968) Archive regions: 2->2
[537.211s][info][gc,heap     ] GC(1968) Humongous regions: 96->0
[537.211s][info][gc,metaspace] GC(1968) Metaspace: 29090K(29504K)->29090K(29504K) NonClass: 25530K(25728K)->25530K(25728K) Class: 3559K(3776K)->3559K(3776K)
[537.211s][info][gc          ] GC(1968) Pause Young (Concurrent Start) (G1 Humongous Allocation) 210M->16M(254M) 1.437ms
[537.211s][info][gc,cpu      ] GC(1968) User=0.00s Sys=0.00s Real=0.00s
[537.211s][info][gc          ] GC(1969) Concurrent Undo Cycle
[537.211s][info][gc,marking  ] GC(1969) Concurrent Cleanup for Next Mark
[537.211s][info][gc,marking  ] GC(1969) Concurrent Cleanup for Next Mark 0.064ms
[537.211s][info][gc          ] GC(1969) Concurrent Undo Cycle 0.181ms
[537.721s][info][gc,start    ] GC(1970) Pause Young (Concurrent Start) (G1 Humongous Allocation)
[537.721s][info][gc,task     ] GC(1970) Using 8 workers of 8 for evacuation
[537.722s][info][gc,phases   ] GC(1970)   Pre Evacuate Collection Set: 0.1ms
[537.722s][info][gc,phases   ] GC(1970)   Merge Heap Roots: 0.0ms
[537.722s][info][gc,phases   ] GC(1970)   Evacuate Collection Set: 0.6ms
[537.722s][info][gc,phases   ] GC(1970)   Post Evacuate Collection Set: 0.2ms
[537.722s][info][gc,phases   ] GC(1970)   Other: 0.1ms
[537.722s][info][gc,heap     ] GC(1970) Eden regions: 1->0(75)
[537.722s][info][gc,heap     ] GC(1970) Survivor regions: 1->1(10)
[537.722s][info][gc,heap     ] GC(1970) Old regions: 8->8
[537.722s][info][gc,heap     ] GC(1970) Archive regions: 2->2
[537.722s][info][gc,heap     ] GC(1970) Humongous regions: 96->0
[537.722s][info][gc,metaspace] GC(1970) Metaspace: 29090K(29504K)->29090K(29504K) NonClass: 25530K(25728K)->25530K(25728K) Class: 3559K(3776K)->3559K(3776K)
[537.722s][info][gc          ] GC(1970) Pause Young (Concurrent Start) (G1 Humongous Allocation) 210M->16M(254M) 1.236ms
[537.722s][info][gc,cpu      ] GC(1970) User=0.00s Sys=0.00s Real=0.00s
[537.722s][info][gc          ] GC(1971) Concurrent Undo Cycle
[537.722s][info][gc,marking  ] GC(1971) Concurrent Cleanup for Next Mark
[537.722s][info][gc,marking  ] GC(1971) Concurrent Cleanup for Next Mark 0.089ms
[537.722s][info][gc          ] GC(1971) Concurrent Undo Cycle 0.181ms
[538.231s][info][gc,start    ] GC(1972) Pause Young (Concurrent Start) (G1 Humongous Allocation)
[538.249s][info][gc,task     ] GC(1972) Using 8 workers of 8 for evacuation
[538.252s][info][gc,phases   ] GC(1972)   Pre Evacuate Collection Set: 0.4ms
[538.255s][info][gc,phases   ] GC(1972)   Merge Heap Roots: 0.2ms
[538.255s][info][gc,phases   ] GC(1972)   Evacuate Collection Set: 1.2ms
[538.255s][info][gc,phases   ] GC(1972)   Post Evacuate Collection Set: 1.0ms
[538.255s][info][gc,phases   ] GC(1972)   Other: 0.3ms
[538.255s][info][gc,heap     ] GC(1972) Eden regions: 1->0(75)
[538.255s][info][gc,heap     ] GC(1972) Survivor regions: 1->1(10)
[538.255s][info][gc,heap     ] GC(1972) Old regions: 8->8
[538.255s][info][gc,heap     ] GC(1972) Archive regions: 2->2
[538.255s][info][gc,heap     ] GC(1972) Humongous regions: 96->0
[538.255s][info][gc,metaspace] GC(1972) Metaspace: 29090K(29504K)->29090K(29504K) NonClass: 25530K(25728K)->25530K(25728K) Class: 3559K(3776K)->3559K(3776K)
[538.255s][info][gc          ] GC(1972) Pause Young (Concurrent Start) (G1 Humongous Allocation) 210M->16M(254M) 23.957ms
[538.255s][info][gc,cpu      ] GC(1972) User=0.00s Sys=0.00s Real=0.02s
[538.255s][info][gc          ] GC(1973) Concurrent Undo Cycle
[538.256s][info][gc,marking  ] GC(1973) Concurrent Cleanup for Next Mark
[538.256s][info][gc,marking  ] GC(1973) Concurrent Cleanup for Next Mark 0.197ms
[538.256s][info][gc          ] GC(1973) Concurrent Undo Cycle 0.563ms
[538.775s][info][gc,start    ] GC(1974) Pause Young (Concurrent Start) (G1 Humongous Allocation)
[538.775s][info][gc,task     ] GC(1974) Using 8 workers of 8 for evacuation
[538.778s][info][gc,phases   ] GC(1974)   Pre Evacuate Collection Set: 0.4ms
[538.778s][info][gc,phases   ] GC(1974)   Merge Heap Roots: 0.2ms
[538.778s][info][gc,phases   ] GC(1974)   Evacuate Collection Set: 1.3ms
[538.778s][info][gc,phases   ] GC(1974)   Post Evacuate Collection Set: 0.8ms
[538.778s][info][gc,phases   ] GC(1974)   Other: 0.3ms
[538.779s][info][gc,heap     ] GC(1974) Eden regions: 1->0(75)
[538.779s][info][gc,heap     ] GC(1974) Survivor regions: 1->1(10)
[538.779s][info][gc,heap     ] GC(1974) Old regions: 8->8
[538.779s][info][gc,heap     ] GC(1974) Archive regions: 2->2
[538.779s][info][gc,heap     ] GC(1974) Humongous regions: 96->0
[538.779s][info][gc,metaspace] GC(1974) Metaspace: 29090K(29504K)->29090K(29504K) NonClass: 25530K(25728K)->25530K(25728K) Class: 3559K(3776K)->3559K(3776K)
[538.779s][info][gc          ] GC(1974) Pause Young (Concurrent Start) (G1 Humongous Allocation) 210M->16M(254M) 3.625ms
[538.779s][info][gc,cpu      ] GC(1974) User=0.01s Sys=0.01s Real=0.01s
[538.779s][info][gc          ] GC(1975) Concurrent Undo Cycle
[538.779s][info][gc,marking  ] GC(1975) Concurrent Cleanup for Next Mark
[538.779s][info][gc,marking  ] GC(1975) Concurrent Cleanup for Next Mark 0.165ms
[538.779s][info][gc          ] GC(1975) Concurrent Undo Cycle 0.377ms
[539.300s][info][gc,start    ] GC(1976) Pause Young (Concurrent Start) (G1 Humongous Allocation)
[539.300s][info][gc,task     ] GC(1976) Using 8 workers of 8 for evacuation
[539.302s][info][gc,phases   ] GC(1976)   Pre Evacuate Collection Set: 0.3ms
[539.302s][info][gc,phases   ] GC(1976)   Merge Heap Roots: 0.2ms
[539.303s][info][gc,phases   ] GC(1976)   Evacuate Collection Set: 1.3ms
[539.303s][info][gc,phases   ] GC(1976)   Post Evacuate Collection Set: 0.6ms
[539.303s][info][gc,phases   ] GC(1976)   Other: 0.2ms
[539.303s][info][gc,heap     ] GC(1976) Eden regions: 1->0(75)
[539.303s][info][gc,heap     ] GC(1976) Survivor regions: 1->1(10)
[539.303s][info][gc,heap     ] GC(1976) Old regions: 8->8
[539.303s][info][gc,heap     ] GC(1976) Archive regions: 2->2
[539.303s][info][gc,heap     ] GC(1976) Humongous regions: 96->0
[539.303s][info][gc,metaspace] GC(1976) Metaspace: 29090K(29504K)->29090K(29504K) NonClass: 25530K(25728K)->25530K(25728K) Class: 3559K(3776K)->3559K(3776K)
[539.303s][info][gc          ] GC(1976) Pause Young (Concurrent Start) (G1 Humongous Allocation) 210M->16M(254M) 3.098ms
[539.303s][info][gc,cpu      ] GC(1976) User=0.01s Sys=0.00s Real=0.00s
[539.303s][info][gc          ] GC(1977) Concurrent Undo Cycle
[539.303s][info][gc,marking  ] GC(1977) Concurrent Cleanup for Next Mark
[539.303s][info][gc,marking  ] GC(1977) Concurrent Cleanup for Next Mark 0.124ms
[539.303s][info][gc          ] GC(1977) Concurrent Undo Cycle 0.377ms
[539.821s][info][gc,start    ] GC(1978) Pause Young (Concurrent Start) (G1 Humongous Allocation)
[539.821s][info][gc,task     ] GC(1978) Using 8 workers of 8 for evacuation
[539.824s][info][gc,phases   ] GC(1978)   Pre Evacuate Collection Set: 0.5ms
[539.824s][info][gc,phases   ] GC(1978)   Merge Heap Roots: 0.2ms
[539.824s][info][gc,phases   ] GC(1978)   Evacuate Collection Set: 1.3ms
[539.824s][info][gc,phases   ] GC(1978)   Post Evacuate Collection Set: 0.7ms
[539.824s][info][gc,phases   ] GC(1978)   Other: 0.2ms
[539.824s][info][gc,heap     ] GC(1978) Eden regions: 1->0(75)
[539.824s][info][gc,heap     ] GC(1978) Survivor regions: 1->1(10)
[539.824s][info][gc,heap     ] GC(1978) Old regions: 8->8
[539.824s][info][gc,heap     ] GC(1978) Archive regions: 2->2
[539.824s][info][gc,heap     ] GC(1978) Humongous regions: 96->0
[539.824s][info][gc,metaspace] GC(1978) Metaspace: 29090K(29504K)->29090K(29504K) NonClass: 25530K(25728K)->25530K(25728K) Class: 3559K(3776K)->3559K(3776K)
[539.824s][info][gc          ] GC(1978) Pause Young (Concurrent Start) (G1 Humongous Allocation) 210M->16M(254M) 3.624ms
[539.825s][info][gc,cpu      ] GC(1978) User=0.01s Sys=0.01s Real=0.00s
[539.825s][info][gc          ] GC(1979) Concurrent Undo Cycle
[539.825s][info][gc,marking  ] GC(1979) Concurrent Cleanup for Next Mark
[539.825s][info][gc,marking  ] GC(1979) Concurrent Cleanup for Next Mark 0.215ms
[539.825s][info][gc          ] GC(1979) Concurrent Undo Cycle 0.499ms
[540.344s][info][gc,start    ] GC(1980) Pause Young (Concurrent Start) (G1 Humongous Allocation)
[540.344s][info][gc,task     ] GC(1980) Using 8 workers of 8 for evacuation
[540.345s][info][gc,phases   ] GC(1980)   Pre Evacuate Collection Set: 0.1ms
[540.345s][info][gc,phases   ] GC(1980)   Merge Heap Roots: 0.0ms
[540.345s][info][gc,phases   ] GC(1980)   Evacuate Collection Set: 0.5ms
[540.345s][info][gc,phases   ] GC(1980)   Post Evacuate Collection Set: 0.2ms
[540.345s][info][gc,phases   ] GC(1980)   Other: 0.0ms
[540.345s][info][gc,heap     ] GC(1980) Eden regions: 1->0(75)
[540.345s][info][gc,heap     ] GC(1980) Survivor regions: 1->1(10)
[540.345s][info][gc,heap     ] GC(1980) Old regions: 8->8
[540.345s][info][gc,heap     ] GC(1980) Archive regions: 2->2
[540.345s][info][gc,heap     ] GC(1980) Humongous regions: 96->0
[540.345s][info][gc,metaspace] GC(1980) Metaspace: 29090K(29504K)->29090K(29504K) NonClass: 25530K(25728K)->25530K(25728K) Class: 3559K(3776K)->3559K(3776K)
[540.345s][info][gc          ] GC(1980) Pause Young (Concurrent Start) (G1 Humongous Allocation) 210M->16M(254M) 1.141ms
[540.345s][info][gc,cpu      ] GC(1980) User=0.00s Sys=0.00s Real=0.00s
[540.345s][info][gc          ] GC(1981) Concurrent Undo Cycle
[540.345s][info][gc,marking  ] GC(1981) Concurrent Cleanup for Next Mark
[540.345s][info][gc,marking  ] GC(1981) Concurrent Cleanup for Next Mark 0.066ms
[540.345s][info][gc          ] GC(1981) Concurrent Undo Cycle 0.140ms
[540.852s][info][gc,start    ] GC(1982) Pause Young (Concurrent Start) (G1 Humongous Allocation)
[540.852s][info][gc,task     ] GC(1982) Using 8 workers of 8 for evacuation
[540.854s][info][gc,phases   ] GC(1982)   Pre Evacuate Collection Set: 0.4ms
[540.855s][info][gc,phases   ] GC(1982)   Merge Heap Roots: 0.1ms
[540.855s][info][gc,phases   ] GC(1982)   Evacuate Collection Set: 1.0ms
[540.855s][info][gc,phases   ] GC(1982)   Post Evacuate Collection Set: 0.5ms
[540.855s][info][gc,phases   ] GC(1982)   Other: 0.6ms
[540.855s][info][gc,heap     ] GC(1982) Eden regions: 1->0(75)
[540.855s][info][gc,heap     ] GC(1982) Survivor regions: 1->1(10)
[540.855s][info][gc,heap     ] GC(1982) Old regions: 8->8
[540.855s][info][gc,heap     ] GC(1982) Archive regions: 2->2
[540.855s][info][gc,heap     ] GC(1982) Humongous regions: 96->0
[540.855s][info][gc,metaspace] GC(1982) Metaspace: 29090K(29504K)->29090K(29504K) NonClass: 25530K(25728K)->25530K(25728K) Class: 3559K(3776K)->3559K(3776K)
[540.855s][info][gc          ] GC(1982) Pause Young (Concurrent Start) (G1 Humongous Allocation) 210M->16M(254M) 3.180ms
[540.855s][info][gc          ] GC(1983) Concurrent Undo Cycle
[540.855s][info][gc,cpu      ] GC(1982) User=0.00s Sys=0.00s Real=0.00s
[540.855s][info][gc,marking  ] GC(1983) Concurrent Cleanup for Next Mark
[540.855s][info][gc,marking  ] GC(1983) Concurrent Cleanup for Next Mark 0.154ms
[540.855s][info][gc          ] GC(1983) Concurrent Undo Cycle 0.344ms
[541.371s][info][gc,start    ] GC(1984) Pause Young (Concurrent Start) (G1 Humongous Allocation)
[541.371s][info][gc,task     ] GC(1984) Using 8 workers of 8 for evacuation
[541.374s][info][gc,phases   ] GC(1984)   Pre Evacuate Collection Set: 0.4ms
[541.374s][info][gc,phases   ] GC(1984)   Merge Heap Roots: 0.2ms
[541.374s][info][gc,phases   ] GC(1984)   Evacuate Collection Set: 1.2ms
[541.374s][info][gc,phases   ] GC(1984)   Post Evacuate Collection Set: 0.8ms
[541.374s][info][gc,phases   ] GC(1984)   Other: 0.2ms
[541.374s][info][gc,heap     ] GC(1984) Eden regions: 2->0(75)
[541.374s][info][gc,heap     ] GC(1984) Survivor regions: 1->1(10)
[541.374s][info][gc,heap     ] GC(1984) Old regions: 8->8
[541.374s][info][gc,heap     ] GC(1984) Archive regions: 2->2
[541.374s][info][gc,heap     ] GC(1984) Humongous regions: 96->0
[541.374s][info][gc,metaspace] GC(1984) Metaspace: 29090K(29504K)->29090K(29504K) NonClass: 25530K(25728K)->25530K(25728K) Class: 3559K(3776K)->3559K(3776K)
[541.375s][info][gc          ] GC(1984) Pause Young (Concurrent Start) (G1 Humongous Allocation) 210M->16M(254M) 3.518ms
[541.375s][info][gc          ] GC(1985) Concurrent Undo Cycle
[541.375s][info][gc,cpu      ] GC(1984) User=0.01s Sys=0.00s Real=0.00s
[541.375s][info][gc,marking  ] GC(1985) Concurrent Cleanup for Next Mark
[541.375s][info][gc,marking  ] GC(1985) Concurrent Cleanup for Next Mark 0.531ms
[541.375s][info][gc          ] GC(1985) Concurrent Undo Cycle 0.826ms
[541.894s][info][gc,start    ] GC(1986) Pause Young (Concurrent Start) (G1 Humongous Allocation)
[541.894s][info][gc,task     ] GC(1986) Using 8 workers of 8 for evacuation
[541.897s][info][gc,phases   ] GC(1986)   Pre Evacuate Collection Set: 0.5ms
[541.897s][info][gc,phases   ] GC(1986)   Merge Heap Roots: 0.2ms
[541.897s][info][gc,phases   ] GC(1986)   Evacuate Collection Set: 1.2ms
[541.897s][info][gc,phases   ] GC(1986)   Post Evacuate Collection Set: 0.7ms
[541.897s][info][gc,phases   ] GC(1986)   Other: 0.2ms
[541.897s][info][gc,heap     ] GC(1986) Eden regions: 1->0(75)
[541.897s][info][gc,heap     ] GC(1986) Survivor regions: 1->1(10)
[541.897s][info][gc,heap     ] GC(1986) Old regions: 8->8
[541.897s][info][gc,heap     ] GC(1986) Archive regions: 2->2
[541.897s][info][gc,heap     ] GC(1986) Humongous regions: 96->0
[541.897s][info][gc,metaspace] GC(1986) Metaspace: 29090K(29504K)->29090K(29504K) NonClass: 25530K(25728K)->25530K(25728K) Class: 3559K(3776K)->3559K(3776K)
[541.897s][info][gc          ] GC(1986) Pause Young (Concurrent Start) (G1 Humongous Allocation) 209M->16M(254M) 3.467ms
[541.897s][info][gc,cpu      ] GC(1986) User=0.00s Sys=0.00s Real=0.01s
[541.898s][info][gc          ] GC(1987) Concurrent Undo Cycle
[541.898s][info][gc,marking  ] GC(1987) Concurrent Cleanup for Next Mark
[541.898s][info][gc,marking  ] GC(1987) Concurrent Cleanup for Next Mark 0.175ms
[541.898s][info][gc          ] GC(1987) Concurrent Undo Cycle 0.395ms
[542.415s][info][gc,start    ] GC(1988) Pause Young (Concurrent Start) (G1 Humongous Allocation)
[542.415s][info][gc,task     ] GC(1988) Using 8 workers of 8 for evacuation
[542.416s][info][gc,phases   ] GC(1988)   Pre Evacuate Collection Set: 0.2ms
[542.416s][info][gc,phases   ] GC(1988)   Merge Heap Roots: 0.0ms
[542.416s][info][gc,phases   ] GC(1988)   Evacuate Collection Set: 0.5ms
[542.416s][info][gc,phases   ] GC(1988)   Post Evacuate Collection Set: 0.4ms
[542.416s][info][gc,phases   ] GC(1988)   Other: 0.0ms
[542.416s][info][gc,heap     ] GC(1988) Eden regions: 2->0(75)
[542.416s][info][gc,heap     ] GC(1988) Survivor regions: 1->1(10)
[542.416s][info][gc,heap     ] GC(1988) Old regions: 8->8
[542.417s][info][gc,heap     ] GC(1988) Archive regions: 2->2
[542.417s][info][gc,heap     ] GC(1988) Humongous regions: 96->0
[542.417s][info][gc,metaspace] GC(1988) Metaspace: 29090K(29504K)->29090K(29504K) NonClass: 25530K(25728K)->25530K(25728K) Class: 3559K(3776K)->3559K(3776K)
[542.417s][info][gc          ] GC(1988) Pause Young (Concurrent Start) (G1 Humongous Allocation) 210M->16M(254M) 1.335ms
[542.417s][info][gc,cpu      ] GC(1988) User=0.00s Sys=0.00s Real=0.00s
[542.417s][info][gc          ] GC(1989) Concurrent Undo Cycle
[542.417s][info][gc,marking  ] GC(1989) Concurrent Cleanup for Next Mark
[542.417s][info][gc,marking  ] GC(1989) Concurrent Cleanup for Next Mark 0.051ms
[542.417s][info][gc          ] GC(1989) Concurrent Undo Cycle 0.107ms
[542.926s][info][gc,start    ] GC(1990) Pause Young (Concurrent Start) (G1 Humongous Allocation)
[542.926s][info][gc,task     ] GC(1990) Using 8 workers of 8 for evacuation
[542.929s][info][gc,phases   ] GC(1990)   Pre Evacuate Collection Set: 0.4ms
[542.929s][info][gc,phases   ] GC(1990)   Merge Heap Roots: 0.2ms
[542.929s][info][gc,phases   ] GC(1990)   Evacuate Collection Set: 1.4ms
[542.930s][info][gc,phases   ] GC(1990)   Post Evacuate Collection Set: 0.8ms
[542.930s][info][gc,phases   ] GC(1990)   Other: 0.2ms
[542.930s][info][gc,heap     ] GC(1990) Eden regions: 1->0(75)
[542.930s][info][gc,heap     ] GC(1990) Survivor regions: 1->1(10)
[542.930s][info][gc,heap     ] GC(1990) Old regions: 8->8
[542.930s][info][gc,heap     ] GC(1990) Archive regions: 2->2
[542.930s][info][gc,heap     ] GC(1990) Humongous regions: 96->0
[542.930s][info][gc,metaspace] GC(1990) Metaspace: 29090K(29504K)->29090K(29504K) NonClass: 25530K(25728K)->25530K(25728K) Class: 3559K(3776K)->3559K(3776K)
[542.930s][info][gc          ] GC(1990) Pause Young (Concurrent Start) (G1 Humongous Allocation) 209M->16M(254M) 3.687ms
[542.930s][info][gc,cpu      ] GC(1990) User=0.01s Sys=0.00s Real=0.01s
[542.930s][info][gc          ] GC(1991) Concurrent Undo Cycle
[542.930s][info][gc,marking  ] GC(1991) Concurrent Cleanup for Next Mark
[542.930s][info][gc,marking  ] GC(1991) Concurrent Cleanup for Next Mark 0.206ms
[542.930s][info][gc          ] GC(1991) Concurrent Undo Cycle 0.480ms
[543.451s][info][gc,start    ] GC(1992) Pause Young (Concurrent Start) (G1 Humongous Allocation)
[543.451s][info][gc,task     ] GC(1992) Using 8 workers of 8 for evacuation
[543.454s][info][gc,phases   ] GC(1992)   Pre Evacuate Collection Set: 0.4ms
[543.454s][info][gc,phases   ] GC(1992)   Merge Heap Roots: 0.2ms
[543.454s][info][gc,phases   ] GC(1992)   Evacuate Collection Set: 1.2ms
[543.454s][info][gc,phases   ] GC(1992)   Post Evacuate Collection Set: 0.8ms
[543.454s][info][gc,phases   ] GC(1992)   Other: 0.2ms
[543.454s][info][gc,heap     ] GC(1992) Eden regions: 2->0(75)
[543.454s][info][gc,heap     ] GC(1992) Survivor regions: 1->1(10)
[543.454s][info][gc,heap     ] GC(1992) Old regions: 8->8
[543.454s][info][gc,heap     ] GC(1992) Archive regions: 2->2
[543.454s][info][gc,heap     ] GC(1992) Humongous regions: 96->0
[543.454s][info][gc,metaspace] GC(1992) Metaspace: 29090K(29504K)->29090K(29504K) NonClass: 25530K(25728K)->25530K(25728K) Class: 3559K(3776K)->3559K(3776K)
[543.454s][info][gc          ] GC(1992) Pause Young (Concurrent Start) (G1 Humongous Allocation) 210M->16M(254M) 3.532ms
[543.454s][info][gc,cpu      ] GC(1992) User=0.01s Sys=0.00s Real=0.00s
[543.454s][info][gc          ] GC(1993) Concurrent Undo Cycle
[543.454s][info][gc,marking  ] GC(1993) Concurrent Cleanup for Next Mark
[543.455s][info][gc,marking  ] GC(1993) Concurrent Cleanup for Next Mark 0.206ms
[543.455s][info][gc          ] GC(1993) Concurrent Undo Cycle 0.468ms
[543.971s][info][gc,start    ] GC(1994) Pause Young (Concurrent Start) (G1 Humongous Allocation)
[543.971s][info][gc,task     ] GC(1994) Using 8 workers of 8 for evacuation
[543.974s][info][gc,phases   ] GC(1994)   Pre Evacuate Collection Set: 0.4ms
[543.974s][info][gc,phases   ] GC(1994)   Merge Heap Roots: 0.2ms
[543.974s][info][gc,phases   ] GC(1994)   Evacuate Collection Set: 1.3ms
[543.974s][info][gc,phases   ] GC(1994)   Post Evacuate Collection Set: 0.9ms
[543.974s][info][gc,phases   ] GC(1994)   Other: 0.3ms
[543.974s][info][gc,heap     ] GC(1994) Eden regions: 1->0(75)
[543.974s][info][gc,heap     ] GC(1994) Survivor regions: 1->1(10)
[543.975s][info][gc,heap     ] GC(1994) Old regions: 8->8
[543.975s][info][gc,heap     ] GC(1994) Archive regions: 2->2
[543.975s][info][gc,heap     ] GC(1994) Humongous regions: 96->0
[543.975s][info][gc,metaspace] GC(1994) Metaspace: 29090K(29504K)->29090K(29504K) NonClass: 25530K(25728K)->25530K(25728K) Class: 3559K(3776K)->3559K(3776K)
[543.975s][info][gc          ] GC(1994) Pause Young (Concurrent Start) (G1 Humongous Allocation) 210M->16M(254M) 3.492ms
[543.975s][info][gc,cpu      ] GC(1994) User=0.00s Sys=0.00s Real=0.00s
[543.975s][info][gc          ] GC(1995) Concurrent Undo Cycle
[543.975s][info][gc,marking  ] GC(1995) Concurrent Cleanup for Next Mark
[543.975s][info][gc,marking  ] GC(1995) Concurrent Cleanup for Next Mark 0.149ms
[543.975s][info][gc          ] GC(1995) Concurrent Undo Cycle 0.330ms
[544.493s][info][gc,start    ] GC(1996) Pause Young (Concurrent Start) (G1 Humongous Allocation)
[544.493s][info][gc,task     ] GC(1996) Using 8 workers of 8 for evacuation
[544.496s][info][gc,phases   ] GC(1996)   Pre Evacuate Collection Set: 0.5ms
[544.496s][info][gc,phases   ] GC(1996)   Merge Heap Roots: 0.2ms
[544.496s][info][gc,phases   ] GC(1996)   Evacuate Collection Set: 1.3ms
[544.496s][info][gc,phases   ] GC(1996)   Post Evacuate Collection Set: 0.7ms
[544.496s][info][gc,phases   ] GC(1996)   Other: 0.2ms
[544.496s][info][gc,heap     ] GC(1996) Eden regions: 1->0(75)
[544.496s][info][gc,heap     ] GC(1996) Survivor regions: 1->1(10)
[544.496s][info][gc,heap     ] GC(1996) Old regions: 8->8
[544.496s][info][gc,heap     ] GC(1996) Archive regions: 2->2
[544.496s][info][gc,heap     ] GC(1996) Humongous regions: 96->0
[544.496s][info][gc,metaspace] GC(1996) Metaspace: 29090K(29504K)->29090K(29504K) NonClass: 25530K(25728K)->25530K(25728K) Class: 3559K(3776K)->3559K(3776K)
[544.496s][info][gc          ] GC(1996) Pause Young (Concurrent Start) (G1 Humongous Allocation) 210M->16M(254M) 3.616ms
[544.497s][info][gc,cpu      ] GC(1996) User=0.01s Sys=0.01s Real=0.00s
[544.497s][info][gc          ] GC(1997) Concurrent Undo Cycle
[544.497s][info][gc,marking  ] GC(1997) Concurrent Cleanup for Next Mark
[544.497s][info][gc,marking  ] GC(1997) Concurrent Cleanup for Next Mark 0.192ms
[544.497s][info][gc          ] GC(1997) Concurrent Undo Cycle 0.461ms
[545.016s][info][gc,start    ] GC(1998) Pause Young (Concurrent Start) (G1 Humongous Allocation)
[545.016s][info][gc,task     ] GC(1998) Using 8 workers of 8 for evacuation
[545.017s][info][gc,phases   ] GC(1998)   Pre Evacuate Collection Set: 0.1ms
[545.017s][info][gc,phases   ] GC(1998)   Merge Heap Roots: 0.1ms
[545.018s][info][gc,phases   ] GC(1998)   Evacuate Collection Set: 0.6ms
[545.018s][info][gc,phases   ] GC(1998)   Post Evacuate Collection Set: 0.2ms
[545.018s][info][gc,phases   ] GC(1998)   Other: 0.1ms
[545.018s][info][gc,heap     ] GC(1998) Eden regions: 1->0(75)
[545.018s][info][gc,heap     ] GC(1998) Survivor regions: 1->1(10)
[545.018s][info][gc,heap     ] GC(1998) Old regions: 8->8
[545.018s][info][gc,heap     ] GC(1998) Archive regions: 2->2
[545.018s][info][gc,heap     ] GC(1998) Humongous regions: 96->0
[545.018s][info][gc,metaspace] GC(1998) Metaspace: 29090K(29504K)->29090K(29504K) NonClass: 25530K(25728K)->25530K(25728K) Class: 3559K(3776K)->3559K(3776K)
[545.018s][info][gc          ] GC(1998) Pause Young (Concurrent Start) (G1 Humongous Allocation) 210M->16M(254M) 1.465ms
[545.018s][info][gc          ] GC(1999) Concurrent Undo Cycle
[545.018s][info][gc,cpu      ] GC(1998) User=0.01s Sys=0.00s Real=0.01s
[545.018s][info][gc,marking  ] GC(1999) Concurrent Cleanup for Next Mark
[545.018s][info][gc,marking  ] GC(1999) Concurrent Cleanup for Next Mark 0.096ms
[545.018s][info][gc          ] GC(1999) Concurrent Undo Cycle 0.184ms
[545.529s][info][gc,start    ] GC(2000) Pause Young (Concurrent Start) (G1 Humongous Allocation)
[545.529s][info][gc,task     ] GC(2000) Using 8 workers of 8 for evacuation
[545.530s][info][gc,phases   ] GC(2000)   Pre Evacuate Collection Set: 0.1ms
[545.530s][info][gc,phases   ] GC(2000)   Merge Heap Roots: 0.0ms
[545.530s][info][gc,phases   ] GC(2000)   Evacuate Collection Set: 0.5ms
[545.530s][info][gc,phases   ] GC(2000)   Post Evacuate Collection Set: 0.3ms
[545.530s][info][gc,phases   ] GC(2000)   Other: 0.1ms
[545.530s][info][gc,heap     ] GC(2000) Eden regions: 1->0(75)
[545.531s][info][gc,heap     ] GC(2000) Survivor regions: 1->1(10)
[545.531s][info][gc,heap     ] GC(2000) Old regions: 8->8
[545.531s][info][gc,heap     ] GC(2000) Archive regions: 2->2
[545.531s][info][gc,heap     ] GC(2000) Humongous regions: 96->0
[545.531s][info][gc,metaspace] GC(2000) Metaspace: 29090K(29504K)->29090K(29504K) NonClass: 25530K(25728K)->25530K(25728K) Class: 3559K(3776K)->3559K(3776K)
[545.531s][info][gc          ] GC(2000) Pause Young (Concurrent Start) (G1 Humongous Allocation) 210M->16M(254M) 1.335ms
[545.531s][info][gc,cpu      ] GC(2000) User=0.01s Sys=0.00s Real=0.00s
[545.531s][info][gc          ] GC(2001) Concurrent Undo Cycle
[545.531s][info][gc,marking  ] GC(2001) Concurrent Cleanup for Next Mark
[545.531s][info][gc,marking  ] GC(2001) Concurrent Cleanup for Next Mark 0.058ms
[545.531s][info][gc          ] GC(2001) Concurrent Undo Cycle 0.151ms
[546.042s][info][gc,start    ] GC(2002) Pause Young (Concurrent Start) (G1 Humongous Allocation)
[546.042s][info][gc,task     ] GC(2002) Using 8 workers of 8 for evacuation
[546.044s][info][gc,phases   ] GC(2002)   Pre Evacuate Collection Set: 0.1ms
[546.044s][info][gc,phases   ] GC(2002)   Merge Heap Roots: 0.0ms
[546.044s][info][gc,phases   ] GC(2002)   Evacuate Collection Set: 0.6ms
[546.044s][info][gc,phases   ] GC(2002)   Post Evacuate Collection Set: 0.4ms
[546.044s][info][gc,phases   ] GC(2002)   Other: 0.1ms
[546.044s][info][gc,heap     ] GC(2002) Eden regions: 1->0(75)
[546.044s][info][gc,heap     ] GC(2002) Survivor regions: 1->1(10)
[546.044s][info][gc,heap     ] GC(2002) Old regions: 8->8
[546.044s][info][gc,heap     ] GC(2002) Archive regions: 2->2
[546.044s][info][gc,heap     ] GC(2002) Humongous regions: 96->0
[546.044s][info][gc,metaspace] GC(2002) Metaspace: 29090K(29504K)->29090K(29504K) NonClass: 25530K(25728K)->25530K(25728K) Class: 3559K(3776K)->3559K(3776K)
[546.044s][info][gc          ] GC(2002) Pause Young (Concurrent Start) (G1 Humongous Allocation) 210M->16M(254M) 1.532ms
[546.044s][info][gc          ] GC(2003) Concurrent Undo Cycle
[546.044s][info][gc,cpu      ] GC(2002) User=0.00s Sys=0.00s Real=0.00s
[546.044s][info][gc,marking  ] GC(2003) Concurrent Cleanup for Next Mark
[546.044s][info][gc,marking  ] GC(2003) Concurrent Cleanup for Next Mark 0.128ms
[546.044s][info][gc          ] GC(2003) Concurrent Undo Cycle 0.266ms
[546.558s][info][gc,start    ] GC(2004) Pause Young (Concurrent Start) (G1 Humongous Allocation)
[546.558s][info][gc,task     ] GC(2004) Using 8 workers of 8 for evacuation
[546.560s][info][gc,phases   ] GC(2004)   Pre Evacuate Collection Set: 0.1ms
[546.560s][info][gc,phases   ] GC(2004)   Merge Heap Roots: 0.1ms
[546.560s][info][gc,phases   ] GC(2004)   Evacuate Collection Set: 0.9ms
[546.560s][info][gc,phases   ] GC(2004)   Post Evacuate Collection Set: 0.4ms
[546.560s][info][gc,phases   ] GC(2004)   Other: 0.1ms
[546.560s][info][gc,heap     ] GC(2004) Eden regions: 1->0(75)
[546.560s][info][gc,heap     ] GC(2004) Survivor regions: 1->1(10)
[546.560s][info][gc,heap     ] GC(2004) Old regions: 8->8
[546.560s][info][gc,heap     ] GC(2004) Archive regions: 2->2
[546.560s][info][gc,heap     ] GC(2004) Humongous regions: 96->0
[546.560s][info][gc,metaspace] GC(2004) Metaspace: 29090K(29504K)->29090K(29504K) NonClass: 25530K(25728K)->25530K(25728K) Class: 3559K(3776K)->3559K(3776K)
[546.560s][info][gc          ] GC(2004) Pause Young (Concurrent Start) (G1 Humongous Allocation) 210M->16M(254M) 1.932ms
[546.560s][info][gc          ] GC(2005) Concurrent Undo Cycle
[546.560s][info][gc,cpu      ] GC(2004) User=0.00s Sys=0.00s Real=0.00s
[546.560s][info][gc,marking  ] GC(2005) Concurrent Cleanup for Next Mark
[546.561s][info][gc,marking  ] GC(2005) Concurrent Cleanup for Next Mark 0.174ms
[546.561s][info][gc          ] GC(2005) Concurrent Undo Cycle 0.262ms
[547.073s][info][gc,start    ] GC(2006) Pause Young (Concurrent Start) (G1 Humongous Allocation)
[547.073s][info][gc,task     ] GC(2006) Using 8 workers of 8 for evacuation
[547.074s][info][gc,phases   ] GC(2006)   Pre Evacuate Collection Set: 0.1ms
[547.074s][info][gc,phases   ] GC(2006)   Merge Heap Roots: 0.0ms
[547.074s][info][gc,phases   ] GC(2006)   Evacuate Collection Set: 0.5ms
[547.074s][info][gc,phases   ] GC(2006)   Post Evacuate Collection Set: 0.2ms
[547.074s][info][gc,phases   ] GC(2006)   Other: 0.1ms
[547.074s][info][gc,heap     ] GC(2006) Eden regions: 2->0(75)
[547.074s][info][gc,heap     ] GC(2006) Survivor regions: 1->1(10)
[547.074s][info][gc,heap     ] GC(2006) Old regions: 8->8
[547.074s][info][gc,heap     ] GC(2006) Archive regions: 2->2
[547.074s][info][gc,heap     ] GC(2006) Humongous regions: 96->0
[547.074s][info][gc,metaspace] GC(2006) Metaspace: 29090K(29504K)->29090K(29504K) NonClass: 25530K(25728K)->25530K(25728K) Class: 3559K(3776K)->3559K(3776K)
[547.074s][info][gc          ] GC(2006) Pause Young (Concurrent Start) (G1 Humongous Allocation) 210M->16M(254M) 1.132ms
[547.074s][info][gc,cpu      ] GC(2006) User=0.00s Sys=0.00s Real=0.00s
[547.074s][info][gc          ] GC(2007) Concurrent Undo Cycle
[547.074s][info][gc,marking  ] GC(2007) Concurrent Cleanup for Next Mark
[547.074s][info][gc,marking  ] GC(2007) Concurrent Cleanup for Next Mark 0.059ms
[547.074s][info][gc          ] GC(2007) Concurrent Undo Cycle 0.139ms
[547.581s][info][gc,start    ] GC(2008) Pause Young (Concurrent Start) (G1 Humongous Allocation)
[547.582s][info][gc,task     ] GC(2008) Using 8 workers of 8 for evacuation
[547.583s][info][gc,phases   ] GC(2008)   Pre Evacuate Collection Set: 0.1ms
[547.583s][info][gc,phases   ] GC(2008)   Merge Heap Roots: 0.0ms
[547.583s][info][gc,phases   ] GC(2008)   Evacuate Collection Set: 0.5ms
[547.583s][info][gc,phases   ] GC(2008)   Post Evacuate Collection Set: 0.3ms
[547.583s][info][gc,phases   ] GC(2008)   Other: 0.2ms
[547.583s][info][gc,heap     ] GC(2008) Eden regions: 1->0(75)
[547.583s][info][gc,heap     ] GC(2008) Survivor regions: 1->1(10)
[547.583s][info][gc,heap     ] GC(2008) Old regions: 8->8
[547.583s][info][gc,heap     ] GC(2008) Archive regions: 2->2
[547.583s][info][gc,heap     ] GC(2008) Humongous regions: 96->0
[547.583s][info][gc,metaspace] GC(2008) Metaspace: 29090K(29504K)->29090K(29504K) NonClass: 25530K(25728K)->25530K(25728K) Class: 3559K(3776K)->3559K(3776K)
[547.583s][info][gc          ] GC(2008) Pause Young (Concurrent Start) (G1 Humongous Allocation) 210M->16M(254M) 1.400ms
[547.583s][info][gc          ] GC(2009) Concurrent Undo Cycle
[547.583s][info][gc,cpu      ] GC(2008) User=0.00s Sys=0.00s Real=0.00s
[547.583s][info][gc,marking  ] GC(2009) Concurrent Cleanup for Next Mark
[547.583s][info][gc,marking  ] GC(2009) Concurrent Cleanup for Next Mark 0.340ms
[547.583s][info][gc          ] GC(2009) Concurrent Undo Cycle 0.456ms
[548.097s][info][gc,start    ] GC(2010) Pause Young (Concurrent Start) (G1 Humongous Allocation)
[548.097s][info][gc,task     ] GC(2010) Using 8 workers of 8 for evacuation
[548.099s][info][gc,phases   ] GC(2010)   Pre Evacuate Collection Set: 0.4ms
[548.099s][info][gc,phases   ] GC(2010)   Merge Heap Roots: 0.0ms
[548.099s][info][gc,phases   ] GC(2010)   Evacuate Collection Set: 0.6ms
[548.099s][info][gc,phases   ] GC(2010)   Post Evacuate Collection Set: 0.4ms
[548.099s][info][gc,phases   ] GC(2010)   Other: 0.1ms
[548.099s][info][gc,heap     ] GC(2010) Eden regions: 1->0(75)
[548.099s][info][gc,heap     ] GC(2010) Survivor regions: 1->1(10)
[548.099s][info][gc,heap     ] GC(2010) Old regions: 8->8
[548.099s][info][gc,heap     ] GC(2010) Archive regions: 2->2
[548.099s][info][gc,heap     ] GC(2010) Humongous regions: 96->0
[548.099s][info][gc,metaspace] GC(2010) Metaspace: 29090K(29504K)->29090K(29504K) NonClass: 25530K(25728K)->25530K(25728K) Class: 3559K(3776K)->3559K(3776K)
[548.099s][info][gc          ] GC(2010) Pause Young (Concurrent Start) (G1 Humongous Allocation) 210M->16M(254M) 1.891ms
[548.099s][info][gc,cpu      ] GC(2010) User=0.00s Sys=0.00s Real=0.00s
[548.099s][info][gc          ] GC(2011) Concurrent Undo Cycle
[548.099s][info][gc,marking  ] GC(2011) Concurrent Cleanup for Next Mark
[548.099s][info][gc,marking  ] GC(2011) Concurrent Cleanup for Next Mark 0.153ms
[548.099s][info][gc          ] GC(2011) Concurrent Undo Cycle 0.288ms
[548.612s][info][gc,start    ] GC(2012) Pause Young (Concurrent Start) (G1 Humongous Allocation)
[548.612s][info][gc,task     ] GC(2012) Using 8 workers of 8 for evacuation
[548.615s][info][gc,phases   ] GC(2012)   Pre Evacuate Collection Set: 0.3ms
[548.615s][info][gc,phases   ] GC(2012)   Merge Heap Roots: 0.2ms
[548.615s][info][gc,phases   ] GC(2012)   Evacuate Collection Set: 1.1ms
[548.615s][info][gc,phases   ] GC(2012)   Post Evacuate Collection Set: 0.7ms
[548.615s][info][gc,phases   ] GC(2012)   Other: 0.2ms
[548.615s][info][gc,heap     ] GC(2012) Eden regions: 1->0(75)
[548.615s][info][gc,heap     ] GC(2012) Survivor regions: 1->1(10)
[548.615s][info][gc,heap     ] GC(2012) Old regions: 8->8
[548.615s][info][gc,heap     ] GC(2012) Archive regions: 2->2
[548.615s][info][gc,heap     ] GC(2012) Humongous regions: 96->0
[548.615s][info][gc,metaspace] GC(2012) Metaspace: 29090K(29504K)->29090K(29504K) NonClass: 25530K(25728K)->25530K(25728K) Class: 3559K(3776K)->3559K(3776K)
[548.615s][info][gc          ] GC(2012) Pause Young (Concurrent Start) (G1 Humongous Allocation) 210M->16M(254M) 3.178ms
[548.615s][info][gc          ] GC(2013) Concurrent Undo Cycle
[548.615s][info][gc,cpu      ] GC(2012) User=0.01s Sys=0.00s Real=0.00s
[548.615s][info][gc,marking  ] GC(2013) Concurrent Cleanup for Next Mark
[548.616s][info][gc,marking  ] GC(2013) Concurrent Cleanup for Next Mark 0.401ms
[548.616s][info][gc          ] GC(2013) Concurrent Undo Cycle 0.718ms
[549.138s][info][gc,start    ] GC(2014) Pause Young (Concurrent Start) (G1 Humongous Allocation)
[549.138s][info][gc,task     ] GC(2014) Using 8 workers of 8 for evacuation
[549.140s][info][gc,phases   ] GC(2014)   Pre Evacuate Collection Set: 0.4ms
[549.140s][info][gc,phases   ] GC(2014)   Merge Heap Roots: 0.1ms
[549.140s][info][gc,phases   ] GC(2014)   Evacuate Collection Set: 1.0ms
[549.140s][info][gc,phases   ] GC(2014)   Post Evacuate Collection Set: 0.7ms
[549.140s][info][gc,phases   ] GC(2014)   Other: 0.2ms
[549.140s][info][gc,heap     ] GC(2014) Eden regions: 1->0(75)
[549.141s][info][gc,heap     ] GC(2014) Survivor regions: 1->1(10)
[549.141s][info][gc,heap     ] GC(2014) Old regions: 8->8
[549.141s][info][gc,heap     ] GC(2014) Archive regions: 2->2
[549.141s][info][gc,heap     ] GC(2014) Humongous regions: 96->0
[549.141s][info][gc,metaspace] GC(2014) Metaspace: 29090K(29504K)->29090K(29504K) NonClass: 25530K(25728K)->25530K(25728K) Class: 3559K(3776K)->3559K(3776K)
[549.141s][info][gc          ] GC(2014) Pause Young (Concurrent Start) (G1 Humongous Allocation) 210M->16M(254M) 2.983ms
[549.141s][info][gc,cpu      ] GC(2014) User=0.00s Sys=0.00s Real=0.00s
[549.141s][info][gc          ] GC(2015) Concurrent Undo Cycle
[549.142s][info][gc,marking  ] GC(2015) Concurrent Cleanup for Next Mark
[549.143s][info][gc,marking  ] GC(2015) Concurrent Cleanup for Next Mark 0.798ms
[549.143s][info][gc          ] GC(2015) Concurrent Undo Cycle 1.914ms
[549.661s][info][gc,start    ] GC(2016) Pause Young (Concurrent Start) (G1 Humongous Allocation)
[549.661s][info][gc,task     ] GC(2016) Using 8 workers of 8 for evacuation
[549.664s][info][gc,phases   ] GC(2016)   Pre Evacuate Collection Set: 0.4ms
[549.665s][info][gc,phases   ] GC(2016)   Merge Heap Roots: 0.1ms
[549.665s][info][gc,phases   ] GC(2016)   Evacuate Collection Set: 2.0ms
[549.665s][info][gc,phases   ] GC(2016)   Post Evacuate Collection Set: 0.6ms
[549.665s][info][gc,phases   ] GC(2016)   Other: 0.4ms
[549.665s][info][gc,heap     ] GC(2016) Eden regions: 1->0(75)
[549.665s][info][gc,heap     ] GC(2016) Survivor regions: 1->1(10)
[549.665s][info][gc,heap     ] GC(2016) Old regions: 8->8
[549.665s][info][gc,heap     ] GC(2016) Archive regions: 2->2
[549.665s][info][gc,heap     ] GC(2016) Humongous regions: 96->0
[549.665s][info][gc,metaspace] GC(2016) Metaspace: 29090K(29504K)->29090K(29504K) NonClass: 25530K(25728K)->25530K(25728K) Class: 3559K(3776K)->3559K(3776K)
[549.665s][info][gc          ] GC(2016) Pause Young (Concurrent Start) (G1 Humongous Allocation) 210M->16M(254M) 4.173ms
[549.665s][info][gc,cpu      ] GC(2016) User=0.01s Sys=0.01s Real=0.00s
[549.665s][info][gc          ] GC(2017) Concurrent Undo Cycle
[549.665s][info][gc,marking  ] GC(2017) Concurrent Cleanup for Next Mark
[549.665s][info][gc,marking  ] GC(2017) Concurrent Cleanup for Next Mark 0.158ms
[549.665s][info][gc          ] GC(2017) Concurrent Undo Cycle 0.353ms
[550.186s][info][gc,start    ] GC(2018) Pause Young (Concurrent Start) (G1 Humongous Allocation)
[550.186s][info][gc,task     ] GC(2018) Using 8 workers of 8 for evacuation
[550.189s][info][gc,phases   ] GC(2018)   Pre Evacuate Collection Set: 0.4ms
[550.189s][info][gc,phases   ] GC(2018)   Merge Heap Roots: 0.2ms
[550.189s][info][gc,phases   ] GC(2018)   Evacuate Collection Set: 1.2ms
[550.189s][info][gc,phases   ] GC(2018)   Post Evacuate Collection Set: 0.9ms
[550.189s][info][gc,phases   ] GC(2018)   Other: 0.2ms
[550.189s][info][gc,heap     ] GC(2018) Eden regions: 1->0(75)
[550.189s][info][gc,heap     ] GC(2018) Survivor regions: 1->1(10)
[550.189s][info][gc,heap     ] GC(2018) Old regions: 8->8
[550.189s][info][gc,heap     ] GC(2018) Archive regions: 2->2
[550.189s][info][gc,heap     ] GC(2018) Humongous regions: 96->0
[550.189s][info][gc,metaspace] GC(2018) Metaspace: 29090K(29504K)->29090K(29504K) NonClass: 25530K(25728K)->25530K(25728K) Class: 3559K(3776K)->3559K(3776K)
[550.189s][info][gc          ] GC(2018) Pause Young (Concurrent Start) (G1 Humongous Allocation) 210M->16M(254M) 3.654ms
[550.189s][info][gc,cpu      ] GC(2018) User=0.01s Sys=0.00s Real=0.01s
[550.189s][info][gc          ] GC(2019) Concurrent Undo Cycle
[550.190s][info][gc,marking  ] GC(2019) Concurrent Cleanup for Next Mark
[550.190s][info][gc,marking  ] GC(2019) Concurrent Cleanup for Next Mark 0.240ms
[550.190s][info][gc          ] GC(2019) Concurrent Undo Cycle 0.639ms
[550.709s][info][gc,start    ] GC(2020) Pause Young (Concurrent Start) (G1 Humongous Allocation)
[550.709s][info][gc,task     ] GC(2020) Using 8 workers of 8 for evacuation
[550.713s][info][gc,phases   ] GC(2020)   Pre Evacuate Collection Set: 0.5ms
[550.713s][info][gc,phases   ] GC(2020)   Merge Heap Roots: 0.2ms
[550.713s][info][gc,phases   ] GC(2020)   Evacuate Collection Set: 2.1ms
[550.713s][info][gc,phases   ] GC(2020)   Post Evacuate Collection Set: 0.5ms
[550.713s][info][gc,phases   ] GC(2020)   Other: 0.3ms
[550.713s][info][gc,heap     ] GC(2020) Eden regions: 1->0(75)
[550.713s][info][gc,heap     ] GC(2020) Survivor regions: 1->1(10)
[550.713s][info][gc,heap     ] GC(2020) Old regions: 8->8
[550.713s][info][gc,heap     ] GC(2020) Archive regions: 2->2
[550.713s][info][gc,heap     ] GC(2020) Humongous regions: 96->0
[550.713s][info][gc,metaspace] GC(2020) Metaspace: 29090K(29504K)->29090K(29504K) NonClass: 25530K(25728K)->25530K(25728K) Class: 3559K(3776K)->3559K(3776K)
[550.714s][info][gc          ] GC(2020) Pause Young (Concurrent Start) (G1 Humongous Allocation) 210M->16M(254M) 4.437ms
[550.714s][info][gc          ] GC(2021) Concurrent Undo Cycle
[550.714s][info][gc,cpu      ] GC(2020) User=0.00s Sys=0.01s Real=0.00s
[550.714s][info][gc,marking  ] GC(2021) Concurrent Cleanup for Next Mark
[550.714s][info][gc,marking  ] GC(2021) Concurrent Cleanup for Next Mark 0.271ms
[550.714s][info][gc          ] GC(2021) Concurrent Undo Cycle 0.472ms
[551.232s][info][gc,start    ] GC(2022) Pause Young (Concurrent Start) (G1 Humongous Allocation)
[551.233s][info][gc,task     ] GC(2022) Using 8 workers of 8 for evacuation
[551.235s][info][gc,phases   ] GC(2022)   Pre Evacuate Collection Set: 0.3ms
[551.235s][info][gc,phases   ] GC(2022)   Merge Heap Roots: 0.1ms
[551.235s][info][gc,phases   ] GC(2022)   Evacuate Collection Set: 0.8ms
[551.235s][info][gc,phases   ] GC(2022)   Post Evacuate Collection Set: 0.5ms
[551.235s][info][gc,phases   ] GC(2022)   Other: 0.2ms
[551.235s][info][gc,heap     ] GC(2022) Eden regions: 1->0(75)
[551.235s][info][gc,heap     ] GC(2022) Survivor regions: 1->1(10)
[551.235s][info][gc,heap     ] GC(2022) Old regions: 8->8
[551.235s][info][gc,heap     ] GC(2022) Archive regions: 2->2
[551.235s][info][gc,heap     ] GC(2022) Humongous regions: 96->0
[551.235s][info][gc,metaspace] GC(2022) Metaspace: 29090K(29504K)->29090K(29504K) NonClass: 25530K(25728K)->25530K(25728K) Class: 3559K(3776K)->3559K(3776K)
[551.235s][info][gc          ] GC(2022) Pause Young (Concurrent Start) (G1 Humongous Allocation) 210M->16M(254M) 2.837ms
[551.235s][info][gc,cpu      ] GC(2022) User=0.00s Sys=0.00s Real=0.00s
[551.235s][info][gc          ] GC(2023) Concurrent Undo Cycle
[551.236s][info][gc,marking  ] GC(2023) Concurrent Cleanup for Next Mark
[551.236s][info][gc,marking  ] GC(2023) Concurrent Cleanup for Next Mark 0.121ms
[551.236s][info][gc          ] GC(2023) Concurrent Undo Cycle 0.284ms
[551.752s][info][gc,start    ] GC(2024) Pause Young (Concurrent Start) (G1 Humongous Allocation)
[551.752s][info][gc,task     ] GC(2024) Using 8 workers of 8 for evacuation
[551.755s][info][gc,phases   ] GC(2024)   Pre Evacuate Collection Set: 0.4ms
[551.755s][info][gc,phases   ] GC(2024)   Merge Heap Roots: 0.2ms
[551.755s][info][gc,phases   ] GC(2024)   Evacuate Collection Set: 1.2ms
[551.755s][info][gc,phases   ] GC(2024)   Post Evacuate Collection Set: 0.8ms
[551.755s][info][gc,phases   ] GC(2024)   Other: 0.3ms
[551.755s][info][gc,heap     ] GC(2024) Eden regions: 1->0(75)
[551.756s][info][gc,heap     ] GC(2024) Survivor regions: 1->1(10)
[551.756s][info][gc,heap     ] GC(2024) Old regions: 8->8
[551.756s][info][gc,heap     ] GC(2024) Archive regions: 2->2
[551.756s][info][gc,heap     ] GC(2024) Humongous regions: 96->0
[551.756s][info][gc,metaspace] GC(2024) Metaspace: 29090K(29504K)->29090K(29504K) NonClass: 25530K(25728K)->25530K(25728K) Class: 3559K(3776K)->3559K(3776K)
[551.756s][info][gc          ] GC(2024) Pause Young (Concurrent Start) (G1 Humongous Allocation) 210M->16M(254M) 4.557ms
[551.756s][info][gc          ] GC(2025) Concurrent Undo Cycle
[551.756s][info][gc,cpu      ] GC(2024) User=0.00s Sys=0.01s Real=0.00s
[551.756s][info][gc,marking  ] GC(2025) Concurrent Cleanup for Next Mark
[551.757s][info][gc,marking  ] GC(2025) Concurrent Cleanup for Next Mark 0.325ms
[551.757s][info][gc          ] GC(2025) Concurrent Undo Cycle 0.467ms
[552.275s][info][gc,start    ] GC(2026) Pause Young (Concurrent Start) (G1 Humongous Allocation)
[552.275s][info][gc,task     ] GC(2026) Using 8 workers of 8 for evacuation
[552.276s][info][gc,phases   ] GC(2026)   Pre Evacuate Collection Set: 0.1ms
[552.276s][info][gc,phases   ] GC(2026)   Merge Heap Roots: 0.0ms
[552.276s][info][gc,phases   ] GC(2026)   Evacuate Collection Set: 0.7ms
[552.276s][info][gc,phases   ] GC(2026)   Post Evacuate Collection Set: 0.3ms
[552.276s][info][gc,phases   ] GC(2026)   Other: 0.1ms
[552.276s][info][gc,heap     ] GC(2026) Eden regions: 1->0(75)
[552.276s][info][gc,heap     ] GC(2026) Survivor regions: 1->1(10)
[552.276s][info][gc,heap     ] GC(2026) Old regions: 8->8
[552.276s][info][gc,heap     ] GC(2026) Archive regions: 2->2
[552.276s][info][gc,heap     ] GC(2026) Humongous regions: 96->0
[552.276s][info][gc,metaspace] GC(2026) Metaspace: 29090K(29504K)->29090K(29504K) NonClass: 25530K(25728K)->25530K(25728K) Class: 3559K(3776K)->3559K(3776K)
[552.276s][info][gc          ] GC(2026) Pause Young (Concurrent Start) (G1 Humongous Allocation) 210M->16M(254M) 1.709ms
[552.276s][info][gc,cpu      ] GC(2026) User=0.00s Sys=0.00s Real=0.00s
[552.276s][info][gc          ] GC(2027) Concurrent Undo Cycle
[552.276s][info][gc,marking  ] GC(2027) Concurrent Cleanup for Next Mark
[552.277s][info][gc,marking  ] GC(2027) Concurrent Cleanup for Next Mark 0.075ms
[552.277s][info][gc          ] GC(2027) Concurrent Undo Cycle 0.208ms
[552.790s][info][gc,start    ] GC(2028) Pause Young (Concurrent Start) (G1 Humongous Allocation)
[552.790s][info][gc,task     ] GC(2028) Using 8 workers of 8 for evacuation
[552.791s][info][gc,phases   ] GC(2028)   Pre Evacuate Collection Set: 0.2ms
[552.791s][info][gc,phases   ] GC(2028)   Merge Heap Roots: 0.0ms
[552.791s][info][gc,phases   ] GC(2028)   Evacuate Collection Set: 0.6ms
[552.791s][info][gc,phases   ] GC(2028)   Post Evacuate Collection Set: 0.4ms
[552.791s][info][gc,phases   ] GC(2028)   Other: 0.1ms
[552.791s][info][gc,heap     ] GC(2028) Eden regions: 1->0(75)
[552.791s][info][gc,heap     ] GC(2028) Survivor regions: 1->1(10)
[552.791s][info][gc,heap     ] GC(2028) Old regions: 8->8
[552.791s][info][gc,heap     ] GC(2028) Archive regions: 2->2
[552.791s][info][gc,heap     ] GC(2028) Humongous regions: 96->0
[552.791s][info][gc,metaspace] GC(2028) Metaspace: 29090K(29504K)->29090K(29504K) NonClass: 25530K(25728K)->25530K(25728K) Class: 3559K(3776K)->3559K(3776K)
[552.791s][info][gc          ] GC(2028) Pause Young (Concurrent Start) (G1 Humongous Allocation) 210M->16M(254M) 1.666ms
[552.791s][info][gc          ] GC(2029) Concurrent Undo Cycle
[552.791s][info][gc,cpu      ] GC(2028) User=0.00s Sys=0.00s Real=0.00s
[552.791s][info][gc,marking  ] GC(2029) Concurrent Cleanup for Next Mark
[552.791s][info][gc,marking  ] GC(2029) Concurrent Cleanup for Next Mark 0.090ms
[552.791s][info][gc          ] GC(2029) Concurrent Undo Cycle 0.199ms
[553.301s][info][gc,start    ] GC(2030) Pause Young (Concurrent Start) (G1 Humongous Allocation)
[553.301s][info][gc,task     ] GC(2030) Using 8 workers of 8 for evacuation
[553.304s][info][gc,phases   ] GC(2030)   Pre Evacuate Collection Set: 0.3ms
[553.304s][info][gc,phases   ] GC(2030)   Merge Heap Roots: 0.1ms
[553.304s][info][gc,phases   ] GC(2030)   Evacuate Collection Set: 0.9ms
[553.304s][info][gc,phases   ] GC(2030)   Post Evacuate Collection Set: 0.6ms
[553.304s][info][gc,phases   ] GC(2030)   Other: 0.2ms
[553.304s][info][gc,heap     ] GC(2030) Eden regions: 1->0(75)
[553.304s][info][gc,heap     ] GC(2030) Survivor regions: 1->1(10)
[553.304s][info][gc,heap     ] GC(2030) Old regions: 8->8
[553.304s][info][gc,heap     ] GC(2030) Archive regions: 2->2
[553.304s][info][gc,heap     ] GC(2030) Humongous regions: 96->0
[553.304s][info][gc,metaspace] GC(2030) Metaspace: 29090K(29504K)->29090K(29504K) NonClass: 25530K(25728K)->25530K(25728K) Class: 3559K(3776K)->3559K(3776K)
[553.304s][info][gc          ] GC(2030) Pause Young (Concurrent Start) (G1 Humongous Allocation) 210M->16M(254M) 2.714ms
[553.304s][info][gc,cpu      ] GC(2030) User=0.01s Sys=0.00s Real=0.00s
[553.304s][info][gc          ] GC(2031) Concurrent Undo Cycle
[553.304s][info][gc,marking  ] GC(2031) Concurrent Cleanup for Next Mark
[553.304s][info][gc,marking  ] GC(2031) Concurrent Cleanup for Next Mark 0.162ms
[553.305s][info][gc          ] GC(2031) Concurrent Undo Cycle 0.423ms
[553.831s][info][gc,start    ] GC(2032) Pause Young (Concurrent Start) (G1 Humongous Allocation)
[553.831s][info][gc,task     ] GC(2032) Using 8 workers of 8 for evacuation
[553.835s][info][gc,phases   ] GC(2032)   Pre Evacuate Collection Set: 0.4ms
[553.835s][info][gc,phases   ] GC(2032)   Merge Heap Roots: 0.2ms
[553.835s][info][gc,phases   ] GC(2032)   Evacuate Collection Set: 1.4ms
[553.835s][info][gc,phases   ] GC(2032)   Post Evacuate Collection Set: 0.9ms
[553.835s][info][gc,phases   ] GC(2032)   Other: 0.3ms
[553.835s][info][gc,heap     ] GC(2032) Eden regions: 1->0(75)
[553.835s][info][gc,heap     ] GC(2032) Survivor regions: 1->1(10)
[553.835s][info][gc,heap     ] GC(2032) Old regions: 8->8
[553.835s][info][gc,heap     ] GC(2032) Archive regions: 2->2
[553.835s][info][gc,heap     ] GC(2032) Humongous regions: 96->0
[553.835s][info][gc,metaspace] GC(2032) Metaspace: 29090K(29504K)->29090K(29504K) NonClass: 25530K(25728K)->25530K(25728K) Class: 3559K(3776K)->3559K(3776K)
[553.835s][info][gc          ] GC(2032) Pause Young (Concurrent Start) (G1 Humongous Allocation) 210M->16M(254M) 3.991ms
[553.835s][info][gc,cpu      ] GC(2032) User=0.00s Sys=0.01s Real=0.00s
[553.835s][info][gc          ] GC(2033) Concurrent Undo Cycle
[553.836s][info][gc,marking  ] GC(2033) Concurrent Cleanup for Next Mark
[553.836s][info][gc,marking  ] GC(2033) Concurrent Cleanup for Next Mark 0.221ms
[553.836s][info][gc          ] GC(2033) Concurrent Undo Cycle 0.509ms
[554.351s][info][gc,start    ] GC(2034) Pause Young (Concurrent Start) (G1 Humongous Allocation)
[554.351s][info][gc,task     ] GC(2034) Using 8 workers of 8 for evacuation
[554.352s][info][gc,phases   ] GC(2034)   Pre Evacuate Collection Set: 0.2ms
[554.353s][info][gc,phases   ] GC(2034)   Merge Heap Roots: 0.0ms
[554.353s][info][gc,phases   ] GC(2034)   Evacuate Collection Set: 0.7ms
[554.353s][info][gc,phases   ] GC(2034)   Post Evacuate Collection Set: 0.4ms
[554.353s][info][gc,phases   ] GC(2034)   Other: 0.1ms
[554.353s][info][gc,heap     ] GC(2034) Eden regions: 2->0(75)
[554.353s][info][gc,heap     ] GC(2034) Survivor regions: 1->1(10)
[554.353s][info][gc,heap     ] GC(2034) Old regions: 8->8
[554.353s][info][gc,heap     ] GC(2034) Archive regions: 2->2
[554.353s][info][gc,heap     ] GC(2034) Humongous regions: 96->0
[554.353s][info][gc,metaspace] GC(2034) Metaspace: 29090K(29504K)->29090K(29504K) NonClass: 25530K(25728K)->25530K(25728K) Class: 3559K(3776K)->3559K(3776K)
[554.353s][info][gc          ] GC(2034) Pause Young (Concurrent Start) (G1 Humongous Allocation) 210M->16M(254M) 1.638ms
[554.353s][info][gc          ] GC(2035) Concurrent Undo Cycle
[554.353s][info][gc,cpu      ] GC(2034) User=0.00s Sys=0.00s Real=0.00s
[554.353s][info][gc,marking  ] GC(2035) Concurrent Cleanup for Next Mark
[554.353s][info][gc,marking  ] GC(2035) Concurrent Cleanup for Next Mark 0.086ms
[554.353s][info][gc          ] GC(2035) Concurrent Undo Cycle 0.166ms
[554.867s][info][gc,start    ] GC(2036) Pause Young (Concurrent Start) (G1 Humongous Allocation)
[554.867s][info][gc,task     ] GC(2036) Using 8 workers of 8 for evacuation
[554.868s][info][gc,phases   ] GC(2036)   Pre Evacuate Collection Set: 0.1ms
[554.868s][info][gc,phases   ] GC(2036)   Merge Heap Roots: 0.0ms
[554.868s][info][gc,phases   ] GC(2036)   Evacuate Collection Set: 0.7ms
[554.868s][info][gc,phases   ] GC(2036)   Post Evacuate Collection Set: 0.3ms
[554.868s][info][gc,phases   ] GC(2036)   Other: 0.1ms
[554.868s][info][gc,heap     ] GC(2036) Eden regions: 1->0(75)
[554.868s][info][gc,heap     ] GC(2036) Survivor regions: 1->1(10)
[554.868s][info][gc,heap     ] GC(2036) Old regions: 8->8
[554.868s][info][gc,heap     ] GC(2036) Archive regions: 2->2
[554.868s][info][gc,heap     ] GC(2036) Humongous regions: 96->0
[554.868s][info][gc,metaspace] GC(2036) Metaspace: 29090K(29504K)->29090K(29504K) NonClass: 25530K(25728K)->25530K(25728K) Class: 3559K(3776K)->3559K(3776K)
[554.868s][info][gc          ] GC(2036) Pause Young (Concurrent Start) (G1 Humongous Allocation) 209M->16M(254M) 1.521ms
[554.868s][info][gc          ] GC(2037) Concurrent Undo Cycle
[554.868s][info][gc,cpu      ] GC(2036) User=0.00s Sys=0.00s Real=0.01s
[554.868s][info][gc,marking  ] GC(2037) Concurrent Cleanup for Next Mark
[554.868s][info][gc,marking  ] GC(2037) Concurrent Cleanup for Next Mark 0.090ms
[554.868s][info][gc          ] GC(2037) Concurrent Undo Cycle 0.165ms
[555.384s][info][gc,start    ] GC(2038) Pause Young (Concurrent Start) (G1 Humongous Allocation)
[555.384s][info][gc,task     ] GC(2038) Using 8 workers of 8 for evacuation
[555.386s][info][gc,phases   ] GC(2038)   Pre Evacuate Collection Set: 0.3ms
[555.386s][info][gc,phases   ] GC(2038)   Merge Heap Roots: 0.1ms
[555.386s][info][gc,phases   ] GC(2038)   Evacuate Collection Set: 0.7ms
[555.386s][info][gc,phases   ] GC(2038)   Post Evacuate Collection Set: 0.5ms
[555.386s][info][gc,phases   ] GC(2038)   Other: 0.1ms
[555.386s][info][gc,heap     ] GC(2038) Eden regions: 2->0(75)
[555.386s][info][gc,heap     ] GC(2038) Survivor regions: 1->1(10)
[555.386s][info][gc,heap     ] GC(2038) Old regions: 8->8
[555.386s][info][gc,heap     ] GC(2038) Archive regions: 2->2
[555.386s][info][gc,heap     ] GC(2038) Humongous regions: 96->0
[555.386s][info][gc,metaspace] GC(2038) Metaspace: 29090K(29504K)->29090K(29504K) NonClass: 25530K(25728K)->25530K(25728K) Class: 3559K(3776K)->3559K(3776K)
[555.386s][info][gc          ] GC(2038) Pause Young (Concurrent Start) (G1 Humongous Allocation) 210M->16M(254M) 2.074ms
[555.386s][info][gc,cpu      ] GC(2038) User=0.01s Sys=0.00s Real=0.00s
[555.386s][info][gc          ] GC(2039) Concurrent Undo Cycle
[555.386s][info][gc,marking  ] GC(2039) Concurrent Cleanup for Next Mark
[555.386s][info][gc,marking  ] GC(2039) Concurrent Cleanup for Next Mark 0.135ms
[555.386s][info][gc          ] GC(2039) Concurrent Undo Cycle 0.245ms
[555.902s][info][gc,start    ] GC(2040) Pause Young (Concurrent Start) (G1 Humongous Allocation)
[555.902s][info][gc,task     ] GC(2040) Using 8 workers of 8 for evacuation
[555.907s][info][gc,phases   ] GC(2040)   Pre Evacuate Collection Set: 0.3ms
[555.907s][info][gc,phases   ] GC(2040)   Merge Heap Roots: 0.1ms
[555.907s][info][gc,phases   ] GC(2040)   Evacuate Collection Set: 1.6ms
[555.907s][info][gc,phases   ] GC(2040)   Post Evacuate Collection Set: 2.3ms
[555.907s][info][gc,phases   ] GC(2040)   Other: 0.1ms
[555.907s][info][gc,heap     ] GC(2040) Eden regions: 1->0(75)
[555.907s][info][gc,heap     ] GC(2040) Survivor regions: 1->1(10)
[555.907s][info][gc,heap     ] GC(2040) Old regions: 8->8
[555.907s][info][gc,heap     ] GC(2040) Archive regions: 2->2
[555.907s][info][gc,heap     ] GC(2040) Humongous regions: 96->0
[555.907s][info][gc,metaspace] GC(2040) Metaspace: 29090K(29504K)->29090K(29504K) NonClass: 25530K(25728K)->25530K(25728K) Class: 3559K(3776K)->3559K(3776K)
[555.907s][info][gc          ] GC(2040) Pause Young (Concurrent Start) (G1 Humongous Allocation) 209M->16M(254M) 5.230ms
[555.908s][info][gc          ] GC(2041) Concurrent Undo Cycle
[555.908s][info][gc,cpu      ] GC(2040) User=0.01s Sys=0.01s Real=0.01s
[555.908s][info][gc,marking  ] GC(2041) Concurrent Cleanup for Next Mark
[555.908s][info][gc,marking  ] GC(2041) Concurrent Cleanup for Next Mark 0.420ms
[555.908s][info][gc          ] GC(2041) Concurrent Undo Cycle 0.598ms
[556.431s][info][gc,start    ] GC(2042) Pause Young (Concurrent Start) (G1 Humongous Allocation)
[556.431s][info][gc,task     ] GC(2042) Using 8 workers of 8 for evacuation
[556.432s][info][gc,phases   ] GC(2042)   Pre Evacuate Collection Set: 0.1ms
[556.432s][info][gc,phases   ] GC(2042)   Merge Heap Roots: 0.0ms
[556.432s][info][gc,phases   ] GC(2042)   Evacuate Collection Set: 0.5ms
[556.432s][info][gc,phases   ] GC(2042)   Post Evacuate Collection Set: 0.3ms
[556.432s][info][gc,phases   ] GC(2042)   Other: 0.1ms
[556.432s][info][gc,heap     ] GC(2042) Eden regions: 2->0(75)
[556.432s][info][gc,heap     ] GC(2042) Survivor regions: 1->1(10)
[556.432s][info][gc,heap     ] GC(2042) Old regions: 8->8
[556.432s][info][gc,heap     ] GC(2042) Archive regions: 2->2
[556.432s][info][gc,heap     ] GC(2042) Humongous regions: 96->0
[556.432s][info][gc,metaspace] GC(2042) Metaspace: 29090K(29504K)->29090K(29504K) NonClass: 25530K(25728K)->25530K(25728K) Class: 3559K(3776K)->3559K(3776K)
[556.432s][info][gc          ] GC(2042) Pause Young (Concurrent Start) (G1 Humongous Allocation) 210M->16M(254M) 1.351ms
[556.432s][info][gc,cpu      ] GC(2042) User=0.00s Sys=0.00s Real=0.00s
[556.432s][info][gc          ] GC(2043) Concurrent Undo Cycle
[556.432s][info][gc,marking  ] GC(2043) Concurrent Cleanup for Next Mark
[556.432s][info][gc,marking  ] GC(2043) Concurrent Cleanup for Next Mark 0.064ms
[556.432s][info][gc          ] GC(2043) Concurrent Undo Cycle 0.142ms
[556.941s][info][gc,start    ] GC(2044) Pause Young (Concurrent Start) (G1 Humongous Allocation)
[556.942s][info][gc,task     ] GC(2044) Using 8 workers of 8 for evacuation
[556.942s][info][gc,phases   ] GC(2044)   Pre Evacuate Collection Set: 0.1ms
[556.943s][info][gc,phases   ] GC(2044)   Merge Heap Roots: 0.0ms
[556.943s][info][gc,phases   ] GC(2044)   Evacuate Collection Set: 0.5ms
[556.943s][info][gc,phases   ] GC(2044)   Post Evacuate Collection Set: 0.2ms
[556.943s][info][gc,phases   ] GC(2044)   Other: 0.1ms
[556.943s][info][gc,heap     ] GC(2044) Eden regions: 1->0(75)
[556.943s][info][gc,heap     ] GC(2044) Survivor regions: 1->1(10)
[556.943s][info][gc,heap     ] GC(2044) Old regions: 8->8
[556.943s][info][gc,heap     ] GC(2044) Archive regions: 2->2
[556.943s][info][gc,heap     ] GC(2044) Humongous regions: 96->0
[556.943s][info][gc,metaspace] GC(2044) Metaspace: 29090K(29504K)->29090K(29504K) NonClass: 25530K(25728K)->25530K(25728K) Class: 3559K(3776K)->3559K(3776K)
[556.943s][info][gc          ] GC(2044) Pause Young (Concurrent Start) (G1 Humongous Allocation) 210M->16M(254M) 1.156ms
[556.943s][info][gc          ] GC(2045) Concurrent Undo Cycle
[556.943s][info][gc,cpu      ] GC(2044) User=0.00s Sys=0.00s Real=0.00s
[556.943s][info][gc,marking  ] GC(2045) Concurrent Cleanup for Next Mark
[556.943s][info][gc,marking  ] GC(2045) Concurrent Cleanup for Next Mark 0.062ms
[556.943s][info][gc          ] GC(2045) Concurrent Undo Cycle 0.146ms
[557.455s][info][gc,start    ] GC(2046) Pause Young (Concurrent Start) (G1 Humongous Allocation)
[557.455s][info][gc,task     ] GC(2046) Using 8 workers of 8 for evacuation
[557.455s][info][gc,phases   ] GC(2046)   Pre Evacuate Collection Set: 0.1ms
[557.456s][info][gc,phases   ] GC(2046)   Merge Heap Roots: 0.0ms
[557.456s][info][gc,phases   ] GC(2046)   Evacuate Collection Set: 0.5ms
[557.456s][info][gc,phases   ] GC(2046)   Post Evacuate Collection Set: 0.2ms
[557.456s][info][gc,phases   ] GC(2046)   Other: 0.1ms
[557.456s][info][gc,heap     ] GC(2046) Eden regions: 2->0(75)
[557.456s][info][gc,heap     ] GC(2046) Survivor regions: 1->1(10)
[557.456s][info][gc,heap     ] GC(2046) Old regions: 8->8
[557.456s][info][gc,heap     ] GC(2046) Archive regions: 2->2
[557.456s][info][gc,heap     ] GC(2046) Humongous regions: 96->0
[557.456s][info][gc,metaspace] GC(2046) Metaspace: 29090K(29504K)->29090K(29504K) NonClass: 25530K(25728K)->25530K(25728K) Class: 3559K(3776K)->3559K(3776K)
[557.456s][info][gc          ] GC(2046) Pause Young (Concurrent Start) (G1 Humongous Allocation) 210M->16M(254M) 1.110ms
[557.456s][info][gc          ] GC(2047) Concurrent Undo Cycle
[557.456s][info][gc,cpu      ] GC(2046) User=0.00s Sys=0.00s Real=0.00s
[557.456s][info][gc,marking  ] GC(2047) Concurrent Cleanup for Next Mark
[557.456s][info][gc,marking  ] GC(2047) Concurrent Cleanup for Next Mark 0.072ms
[557.456s][info][gc          ] GC(2047) Concurrent Undo Cycle 0.142ms
[557.965s][info][gc,start    ] GC(2048) Pause Young (Concurrent Start) (G1 Humongous Allocation)
[557.965s][info][gc,task     ] GC(2048) Using 8 workers of 8 for evacuation
[557.968s][info][gc,phases   ] GC(2048)   Pre Evacuate Collection Set: 0.4ms
[557.968s][info][gc,phases   ] GC(2048)   Merge Heap Roots: 0.2ms
[557.968s][info][gc,phases   ] GC(2048)   Evacuate Collection Set: 1.2ms
[557.968s][info][gc,phases   ] GC(2048)   Post Evacuate Collection Set: 0.7ms
[557.968s][info][gc,phases   ] GC(2048)   Other: 0.3ms
[557.968s][info][gc,heap     ] GC(2048) Eden regions: 1->0(75)
[557.968s][info][gc,heap     ] GC(2048) Survivor regions: 1->1(10)
[557.968s][info][gc,heap     ] GC(2048) Old regions: 8->8
[557.968s][info][gc,heap     ] GC(2048) Archive regions: 2->2
[557.968s][info][gc,heap     ] GC(2048) Humongous regions: 96->0
[557.968s][info][gc,metaspace] GC(2048) Metaspace: 29090K(29504K)->29090K(29504K) NonClass: 25530K(25728K)->25530K(25728K) Class: 3559K(3776K)->3559K(3776K)
[557.968s][info][gc          ] GC(2048) Pause Young (Concurrent Start) (G1 Humongous Allocation) 209M->16M(254M) 3.468ms
[557.968s][info][gc,cpu      ] GC(2048) User=0.01s Sys=0.00s Real=0.01s
[557.968s][info][gc          ] GC(2049) Concurrent Undo Cycle
[557.968s][info][gc,marking  ] GC(2049) Concurrent Cleanup for Next Mark
[557.969s][info][gc,marking  ] GC(2049) Concurrent Cleanup for Next Mark 0.190ms
[557.969s][info][gc          ] GC(2049) Concurrent Undo Cycle 0.491ms
[558.488s][info][gc,start    ] GC(2050) Pause Young (Concurrent Start) (G1 Humongous Allocation)
[558.489s][info][gc,task     ] GC(2050) Using 8 workers of 8 for evacuation
[558.492s][info][gc,phases   ] GC(2050)   Pre Evacuate Collection Set: 0.4ms
[558.492s][info][gc,phases   ] GC(2050)   Merge Heap Roots: 0.2ms
[558.492s][info][gc,phases   ] GC(2050)   Evacuate Collection Set: 1.2ms
[558.492s][info][gc,phases   ] GC(2050)   Post Evacuate Collection Set: 0.8ms
[558.492s][info][gc,phases   ] GC(2050)   Other: 0.3ms
[558.492s][info][gc,heap     ] GC(2050) Eden regions: 2->0(75)
[558.492s][info][gc,heap     ] GC(2050) Survivor regions: 1->1(10)
[558.492s][info][gc,heap     ] GC(2050) Old regions: 8->8
[558.492s][info][gc,heap     ] GC(2050) Archive regions: 2->2
[558.492s][info][gc,heap     ] GC(2050) Humongous regions: 96->0
[558.492s][info][gc,metaspace] GC(2050) Metaspace: 29090K(29504K)->29090K(29504K) NonClass: 25530K(25728K)->25530K(25728K) Class: 3559K(3776K)->3559K(3776K)
[558.492s][info][gc          ] GC(2050) Pause Young (Concurrent Start) (G1 Humongous Allocation) 210M->16M(254M) 3.622ms
[558.492s][info][gc,cpu      ] GC(2050) User=0.00s Sys=0.00s Real=0.00s
[558.492s][info][gc          ] GC(2051) Concurrent Undo Cycle
[558.492s][info][gc,marking  ] GC(2051) Concurrent Cleanup for Next Mark
[558.493s][info][gc,marking  ] GC(2051) Concurrent Cleanup for Next Mark 0.224ms
[558.493s][info][gc          ] GC(2051) Concurrent Undo Cycle 0.474ms
[559.014s][info][gc,start    ] GC(2052) Pause Young (Concurrent Start) (G1 Humongous Allocation)
[559.014s][info][gc,task     ] GC(2052) Using 8 workers of 8 for evacuation
[559.016s][info][gc,phases   ] GC(2052)   Pre Evacuate Collection Set: 0.2ms
[559.016s][info][gc,phases   ] GC(2052)   Merge Heap Roots: 0.1ms
[559.016s][info][gc,phases   ] GC(2052)   Evacuate Collection Set: 1.2ms
[559.016s][info][gc,phases   ] GC(2052)   Post Evacuate Collection Set: 0.6ms
[559.016s][info][gc,phases   ] GC(2052)   Other: 0.2ms
[559.017s][info][gc,heap     ] GC(2052) Eden regions: 1->0(75)
[559.017s][info][gc,heap     ] GC(2052) Survivor regions: 1->1(10)
[559.017s][info][gc,heap     ] GC(2052) Old regions: 8->8
[559.017s][info][gc,heap     ] GC(2052) Archive regions: 2->2
[559.017s][info][gc,heap     ] GC(2052) Humongous regions: 96->0
[559.017s][info][gc,metaspace] GC(2052) Metaspace: 29090K(29504K)->29090K(29504K) NonClass: 25530K(25728K)->25530K(25728K) Class: 3559K(3776K)->3559K(3776K)
[559.017s][info][gc          ] GC(2052) Pause Young (Concurrent Start) (G1 Humongous Allocation) 210M->16M(254M) 3.059ms
[559.017s][info][gc          ] GC(2053) Concurrent Undo Cycle
[559.017s][info][gc,cpu      ] GC(2052) User=0.00s Sys=0.00s Real=0.00s
[559.017s][info][gc,marking  ] GC(2053) Concurrent Cleanup for Next Mark
[559.017s][info][gc,marking  ] GC(2053) Concurrent Cleanup for Next Mark 0.239ms
[559.017s][info][gc          ] GC(2053) Concurrent Undo Cycle 0.382ms
[559.537s][info][gc,start    ] GC(2054) Pause Young (Concurrent Start) (G1 Humongous Allocation)
[559.537s][info][gc,task     ] GC(2054) Using 8 workers of 8 for evacuation
[559.540s][info][gc,phases   ] GC(2054)   Pre Evacuate Collection Set: 0.5ms
[559.540s][info][gc,phases   ] GC(2054)   Merge Heap Roots: 0.2ms
[559.540s][info][gc,phases   ] GC(2054)   Evacuate Collection Set: 1.3ms
[559.540s][info][gc,phases   ] GC(2054)   Post Evacuate Collection Set: 0.8ms
[559.540s][info][gc,phases   ] GC(2054)   Other: 0.2ms
[559.540s][info][gc,heap     ] GC(2054) Eden regions: 1->0(75)
[559.540s][info][gc,heap     ] GC(2054) Survivor regions: 1->1(10)
[559.540s][info][gc,heap     ] GC(2054) Old regions: 8->8
[559.540s][info][gc,heap     ] GC(2054) Archive regions: 2->2
[559.540s][info][gc,heap     ] GC(2054) Humongous regions: 96->0
[559.540s][info][gc,metaspace] GC(2054) Metaspace: 29090K(29504K)->29090K(29504K) NonClass: 25530K(25728K)->25530K(25728K) Class: 3559K(3776K)->3559K(3776K)
[559.540s][info][gc          ] GC(2054) Pause Young (Concurrent Start) (G1 Humongous Allocation) 210M->16M(254M) 3.567ms
[559.540s][info][gc,cpu      ] GC(2054) User=0.00s Sys=0.01s Real=0.01s
[559.540s][info][gc          ] GC(2055) Concurrent Undo Cycle
[559.540s][info][gc,marking  ] GC(2055) Concurrent Cleanup for Next Mark
[559.541s][info][gc,marking  ] GC(2055) Concurrent Cleanup for Next Mark 0.178ms
[559.541s][info][gc          ] GC(2055) Concurrent Undo Cycle 0.389ms
[560.058s][info][gc,start    ] GC(2056) Pause Young (Concurrent Start) (G1 Humongous Allocation)
[560.058s][info][gc,task     ] GC(2056) Using 8 workers of 8 for evacuation
[560.061s][info][gc,phases   ] GC(2056)   Pre Evacuate Collection Set: 0.4ms
[560.061s][info][gc,phases   ] GC(2056)   Merge Heap Roots: 0.2ms
[560.061s][info][gc,phases   ] GC(2056)   Evacuate Collection Set: 1.5ms
[560.061s][info][gc,phases   ] GC(2056)   Post Evacuate Collection Set: 0.5ms
[560.061s][info][gc,phases   ] GC(2056)   Other: 0.3ms
[560.061s][info][gc,heap     ] GC(2056) Eden regions: 1->0(75)
[560.061s][info][gc,heap     ] GC(2056) Survivor regions: 1->1(10)
[560.061s][info][gc,heap     ] GC(2056) Old regions: 8->8
[560.061s][info][gc,heap     ] GC(2056) Archive regions: 2->2
[560.061s][info][gc,heap     ] GC(2056) Humongous regions: 96->0
[560.061s][info][gc,metaspace] GC(2056) Metaspace: 29090K(29504K)->29090K(29504K) NonClass: 25530K(25728K)->25530K(25728K) Class: 3559K(3776K)->3559K(3776K)
[560.062s][info][gc          ] GC(2056) Pause Young (Concurrent Start) (G1 Humongous Allocation) 210M->16M(254M) 3.413ms
[560.062s][info][gc,cpu      ] GC(2056) User=0.01s Sys=0.00s Real=0.00s
[560.062s][info][gc          ] GC(2057) Concurrent Undo Cycle
[560.062s][info][gc,marking  ] GC(2057) Concurrent Cleanup for Next Mark
[560.062s][info][gc,marking  ] GC(2057) Concurrent Cleanup for Next Mark 0.139ms
[560.062s][info][gc          ] GC(2057) Concurrent Undo Cycle 0.313ms
[560.579s][info][gc,start    ] GC(2058) Pause Young (Concurrent Start) (G1 Humongous Allocation)
[560.579s][info][gc,task     ] GC(2058) Using 8 workers of 8 for evacuation
[560.582s][info][gc,phases   ] GC(2058)   Pre Evacuate Collection Set: 0.4ms
[560.582s][info][gc,phases   ] GC(2058)   Merge Heap Roots: 0.2ms
[560.582s][info][gc,phases   ] GC(2058)   Evacuate Collection Set: 1.3ms
[560.582s][info][gc,phases   ] GC(2058)   Post Evacuate Collection Set: 0.8ms
[560.582s][info][gc,phases   ] GC(2058)   Other: 0.2ms
[560.582s][info][gc,heap     ] GC(2058) Eden regions: 1->0(75)
[560.582s][info][gc,heap     ] GC(2058) Survivor regions: 1->1(10)
[560.582s][info][gc,heap     ] GC(2058) Old regions: 8->8
[560.583s][info][gc,heap     ] GC(2058) Archive regions: 2->2
[560.583s][info][gc,heap     ] GC(2058) Humongous regions: 96->0
[560.583s][info][gc,metaspace] GC(2058) Metaspace: 29090K(29504K)->29090K(29504K) NonClass: 25530K(25728K)->25530K(25728K) Class: 3559K(3776K)->3559K(3776K)
[560.583s][info][gc          ] GC(2058) Pause Young (Concurrent Start) (G1 Humongous Allocation) 210M->16M(254M) 3.621ms
[560.583s][info][gc,cpu      ] GC(2058) User=0.01s Sys=0.00s Real=0.00s
[560.583s][info][gc          ] GC(2059) Concurrent Undo Cycle
[560.583s][info][gc,marking  ] GC(2059) Concurrent Cleanup for Next Mark
[560.583s][info][gc,marking  ] GC(2059) Concurrent Cleanup for Next Mark 0.181ms
[560.583s][info][gc          ] GC(2059) Concurrent Undo Cycle 0.388ms
[561.104s][info][gc,start    ] GC(2060) Pause Young (Concurrent Start) (G1 Humongous Allocation)
[561.105s][info][gc,task     ] GC(2060) Using 8 workers of 8 for evacuation
[561.108s][info][gc,phases   ] GC(2060)   Pre Evacuate Collection Set: 0.4ms
[561.108s][info][gc,phases   ] GC(2060)   Merge Heap Roots: 0.2ms
[561.108s][info][gc,phases   ] GC(2060)   Evacuate Collection Set: 1.6ms
[561.108s][info][gc,phases   ] GC(2060)   Post Evacuate Collection Set: 0.8ms
[561.108s][info][gc,phases   ] GC(2060)   Other: 0.3ms
[561.108s][info][gc,heap     ] GC(2060) Eden regions: 1->0(75)
[561.108s][info][gc,heap     ] GC(2060) Survivor regions: 1->1(10)
[561.109s][info][gc,heap     ] GC(2060) Old regions: 8->8
[561.109s][info][gc,heap     ] GC(2060) Archive regions: 2->2
[561.109s][info][gc,heap     ] GC(2060) Humongous regions: 96->0
[561.109s][info][gc,metaspace] GC(2060) Metaspace: 29090K(29504K)->29090K(29504K) NonClass: 25530K(25728K)->25530K(25728K) Class: 3559K(3776K)->3559K(3776K)
[561.109s][info][gc          ] GC(2060) Pause Young (Concurrent Start) (G1 Humongous Allocation) 210M->16M(254M) 4.199ms
[561.109s][info][gc,cpu      ] GC(2060) User=0.00s Sys=0.00s Real=0.01s
[561.109s][info][gc          ] GC(2061) Concurrent Undo Cycle
[561.109s][info][gc,marking  ] GC(2061) Concurrent Cleanup for Next Mark
[561.109s][info][gc,marking  ] GC(2061) Concurrent Cleanup for Next Mark 0.145ms
[561.109s][info][gc          ] GC(2061) Concurrent Undo Cycle 0.331ms
[561.625s][info][gc,start    ] GC(2062) Pause Young (Concurrent Start) (G1 Humongous Allocation)
[561.626s][info][gc,task     ] GC(2062) Using 8 workers of 8 for evacuation
[561.628s][info][gc,phases   ] GC(2062)   Pre Evacuate Collection Set: 0.4ms
[561.629s][info][gc,phases   ] GC(2062)   Merge Heap Roots: 0.2ms
[561.629s][info][gc,phases   ] GC(2062)   Evacuate Collection Set: 1.2ms
[561.629s][info][gc,phases   ] GC(2062)   Post Evacuate Collection Set: 0.7ms
[561.629s][info][gc,phases   ] GC(2062)   Other: 0.2ms
[561.629s][info][gc,heap     ] GC(2062) Eden regions: 1->0(75)
[561.629s][info][gc,heap     ] GC(2062) Survivor regions: 1->1(10)
[561.629s][info][gc,heap     ] GC(2062) Old regions: 8->8
[561.629s][info][gc,heap     ] GC(2062) Archive regions: 2->2
[561.629s][info][gc,heap     ] GC(2062) Humongous regions: 96->0
[561.629s][info][gc,metaspace] GC(2062) Metaspace: 29090K(29504K)->29090K(29504K) NonClass: 25530K(25728K)->25530K(25728K) Class: 3559K(3776K)->3559K(3776K)
[561.629s][info][gc          ] GC(2062) Pause Young (Concurrent Start) (G1 Humongous Allocation) 210M->16M(254M) 3.516ms
[561.629s][info][gc,cpu      ] GC(2062) User=0.00s Sys=0.00s Real=0.01s
[561.629s][info][gc          ] GC(2063) Concurrent Undo Cycle
[561.629s][info][gc,marking  ] GC(2063) Concurrent Cleanup for Next Mark
[561.629s][info][gc,marking  ] GC(2063) Concurrent Cleanup for Next Mark 0.179ms
[561.630s][info][gc          ] GC(2063) Concurrent Undo Cycle 0.456ms
[562.145s][info][gc,start    ] GC(2064) Pause Young (Concurrent Start) (G1 Humongous Allocation)
[562.145s][info][gc,task     ] GC(2064) Using 8 workers of 8 for evacuation
[562.146s][info][gc,phases   ] GC(2064)   Pre Evacuate Collection Set: 0.1ms
[562.146s][info][gc,phases   ] GC(2064)   Merge Heap Roots: 0.1ms
[562.146s][info][gc,phases   ] GC(2064)   Evacuate Collection Set: 0.3ms
[562.146s][info][gc,phases   ] GC(2064)   Post Evacuate Collection Set: 0.2ms
[562.146s][info][gc,phases   ] GC(2064)   Other: 0.1ms
[562.146s][info][gc,heap     ] GC(2064) Eden regions: 1->0(75)
[562.146s][info][gc,heap     ] GC(2064) Survivor regions: 1->1(10)
[562.146s][info][gc,heap     ] GC(2064) Old regions: 8->8
[562.146s][info][gc,heap     ] GC(2064) Archive regions: 2->2
[562.146s][info][gc,heap     ] GC(2064) Humongous regions: 96->0
[562.146s][info][gc,metaspace] GC(2064) Metaspace: 29090K(29504K)->29090K(29504K) NonClass: 25530K(25728K)->25530K(25728K) Class: 3559K(3776K)->3559K(3776K)
[562.146s][info][gc          ] GC(2064) Pause Young (Concurrent Start) (G1 Humongous Allocation) 210M->16M(254M) 1.159ms
[562.146s][info][gc,cpu      ] GC(2064) User=0.00s Sys=0.00s Real=0.00s
[562.146s][info][gc          ] GC(2065) Concurrent Undo Cycle
[562.146s][info][gc,marking  ] GC(2065) Concurrent Cleanup for Next Mark
[562.146s][info][gc,marking  ] GC(2065) Concurrent Cleanup for Next Mark 0.072ms
[562.146s][info][gc          ] GC(2065) Concurrent Undo Cycle 0.157ms
[562.655s][info][gc,start    ] GC(2066) Pause Young (Concurrent Start) (G1 Humongous Allocation)
[562.655s][info][gc,task     ] GC(2066) Using 8 workers of 8 for evacuation
[562.656s][info][gc,phases   ] GC(2066)   Pre Evacuate Collection Set: 0.2ms
[562.656s][info][gc,phases   ] GC(2066)   Merge Heap Roots: 0.0ms
[562.656s][info][gc,phases   ] GC(2066)   Evacuate Collection Set: 0.5ms
[562.656s][info][gc,phases   ] GC(2066)   Post Evacuate Collection Set: 0.3ms
[562.656s][info][gc,phases   ] GC(2066)   Other: 0.1ms
[562.656s][info][gc,heap     ] GC(2066) Eden regions: 1->0(75)
[562.656s][info][gc,heap     ] GC(2066) Survivor regions: 1->1(10)
[562.656s][info][gc,heap     ] GC(2066) Old regions: 8->8
[562.656s][info][gc,heap     ] GC(2066) Archive regions: 2->2
[562.656s][info][gc,heap     ] GC(2066) Humongous regions: 96->0
[562.656s][info][gc,metaspace] GC(2066) Metaspace: 29090K(29504K)->29090K(29504K) NonClass: 25530K(25728K)->25530K(25728K) Class: 3559K(3776K)->3559K(3776K)
[562.656s][info][gc          ] GC(2066) Pause Young (Concurrent Start) (G1 Humongous Allocation) 210M->16M(254M) 1.669ms
[562.656s][info][gc          ] GC(2067) Concurrent Undo Cycle
[562.656s][info][gc,cpu      ] GC(2066) User=0.00s Sys=0.00s Real=0.00s
[562.656s][info][gc,marking  ] GC(2067) Concurrent Cleanup for Next Mark
[562.657s][info][gc,marking  ] GC(2067) Concurrent Cleanup for Next Mark 0.079ms
[562.657s][info][gc          ] GC(2067) Concurrent Undo Cycle 0.161ms
[563.167s][info][gc,start    ] GC(2068) Pause Young (Concurrent Start) (G1 Humongous Allocation)
[563.180s][info][gc,task     ] GC(2068) Using 8 workers of 8 for evacuation
[563.182s][info][gc,phases   ] GC(2068)   Pre Evacuate Collection Set: 0.2ms
[563.182s][info][gc,phases   ] GC(2068)   Merge Heap Roots: 0.0ms
[563.182s][info][gc,phases   ] GC(2068)   Evacuate Collection Set: 0.6ms
[563.182s][info][gc,phases   ] GC(2068)   Post Evacuate Collection Set: 0.3ms
[563.182s][info][gc,phases   ] GC(2068)   Other: 0.1ms
[563.182s][info][gc,heap     ] GC(2068) Eden regions: 1->0(75)
[563.182s][info][gc,heap     ] GC(2068) Survivor regions: 1->1(10)
[563.182s][info][gc,heap     ] GC(2068) Old regions: 8->8
[563.182s][info][gc,heap     ] GC(2068) Archive regions: 2->2
[563.182s][info][gc,heap     ] GC(2068) Humongous regions: 96->0
[563.182s][info][gc,metaspace] GC(2068) Metaspace: 29090K(29504K)->29090K(29504K) NonClass: 25530K(25728K)->25530K(25728K) Class: 3559K(3776K)->3559K(3776K)
[563.182s][info][gc          ] GC(2068) Pause Young (Concurrent Start) (G1 Humongous Allocation) 210M->16M(254M) 14.264ms
[563.182s][info][gc          ] GC(2069) Concurrent Undo Cycle
[563.182s][info][gc,cpu      ] GC(2068) User=0.00s Sys=0.00s Real=0.01s
[563.182s][info][gc,marking  ] GC(2069) Concurrent Cleanup for Next Mark
[563.182s][info][gc,marking  ] GC(2069) Concurrent Cleanup for Next Mark 0.137ms
[563.182s][info][gc          ] GC(2069) Concurrent Undo Cycle 0.206ms
[563.695s][info][gc,start    ] GC(2070) Pause Young (Concurrent Start) (G1 Humongous Allocation)
[563.695s][info][gc,task     ] GC(2070) Using 8 workers of 8 for evacuation
[563.697s][info][gc,phases   ] GC(2070)   Pre Evacuate Collection Set: 0.4ms
[563.697s][info][gc,phases   ] GC(2070)   Merge Heap Roots: 0.1ms
[563.697s][info][gc,phases   ] GC(2070)   Evacuate Collection Set: 1.1ms
[563.697s][info][gc,phases   ] GC(2070)   Post Evacuate Collection Set: 0.6ms
[563.698s][info][gc,phases   ] GC(2070)   Other: 0.2ms
[563.698s][info][gc,heap     ] GC(2070) Eden regions: 1->0(75)
[563.698s][info][gc,heap     ] GC(2070) Survivor regions: 1->1(10)
[563.698s][info][gc,heap     ] GC(2070) Old regions: 8->8
[563.698s][info][gc,heap     ] GC(2070) Archive regions: 2->2
[563.698s][info][gc,heap     ] GC(2070) Humongous regions: 96->0
[563.698s][info][gc,metaspace] GC(2070) Metaspace: 29090K(29504K)->29090K(29504K) NonClass: 25530K(25728K)->25530K(25728K) Class: 3559K(3776K)->3559K(3776K)
[563.698s][info][gc          ] GC(2070) Pause Young (Concurrent Start) (G1 Humongous Allocation) 210M->16M(254M) 2.960ms
[563.698s][info][gc,cpu      ] GC(2070) User=0.01s Sys=0.00s Real=0.01s
[563.698s][info][gc          ] GC(2071) Concurrent Undo Cycle
[563.698s][info][gc,marking  ] GC(2071) Concurrent Cleanup for Next Mark
[563.698s][info][gc,marking  ] GC(2071) Concurrent Cleanup for Next Mark 0.185ms
[563.698s][info][gc          ] GC(2071) Concurrent Undo Cycle 0.358ms
[564.216s][info][gc,start    ] GC(2072) Pause Young (Concurrent Start) (G1 Humongous Allocation)
[564.217s][info][gc,task     ] GC(2072) Using 8 workers of 8 for evacuation
[564.220s][info][gc,phases   ] GC(2072)   Pre Evacuate Collection Set: 0.5ms
[564.220s][info][gc,phases   ] GC(2072)   Merge Heap Roots: 0.2ms
[564.220s][info][gc,phases   ] GC(2072)   Evacuate Collection Set: 1.3ms
[564.220s][info][gc,phases   ] GC(2072)   Post Evacuate Collection Set: 0.8ms
[564.220s][info][gc,phases   ] GC(2072)   Other: 0.3ms
[564.220s][info][gc,heap     ] GC(2072) Eden regions: 1->0(75)
[564.220s][info][gc,heap     ] GC(2072) Survivor regions: 1->1(10)
[564.220s][info][gc,heap     ] GC(2072) Old regions: 8->8
[564.220s][info][gc,heap     ] GC(2072) Archive regions: 2->2
[564.220s][info][gc,heap     ] GC(2072) Humongous regions: 96->0
[564.220s][info][gc,metaspace] GC(2072) Metaspace: 29090K(29504K)->29090K(29504K) NonClass: 25530K(25728K)->25530K(25728K) Class: 3559K(3776K)->3559K(3776K)
[564.220s][info][gc          ] GC(2072) Pause Young (Concurrent Start) (G1 Humongous Allocation) 210M->16M(254M) 3.777ms
[564.220s][info][gc,cpu      ] GC(2072) User=0.01s Sys=0.01s Real=0.01s
[564.220s][info][gc          ] GC(2073) Concurrent Undo Cycle
[564.220s][info][gc,marking  ] GC(2073) Concurrent Cleanup for Next Mark
[564.221s][info][gc,marking  ] GC(2073) Concurrent Cleanup for Next Mark 0.151ms
[564.221s][info][gc          ] GC(2073) Concurrent Undo Cycle 0.354ms
[564.740s][info][gc,start    ] GC(2074) Pause Young (Concurrent Start) (G1 Humongous Allocation)
[564.741s][info][gc,task     ] GC(2074) Using 8 workers of 8 for evacuation
[564.743s][info][gc,phases   ] GC(2074)   Pre Evacuate Collection Set: 0.4ms
[564.744s][info][gc,phases   ] GC(2074)   Merge Heap Roots: 0.2ms
[564.744s][info][gc,phases   ] GC(2074)   Evacuate Collection Set: 1.3ms
[564.744s][info][gc,phases   ] GC(2074)   Post Evacuate Collection Set: 0.8ms
[564.744s][info][gc,phases   ] GC(2074)   Other: 0.2ms
[564.744s][info][gc,heap     ] GC(2074) Eden regions: 1->0(75)
[564.744s][info][gc,heap     ] GC(2074) Survivor regions: 1->1(10)
[564.744s][info][gc,heap     ] GC(2074) Old regions: 8->8
[564.744s][info][gc,heap     ] GC(2074) Archive regions: 2->2
[564.744s][info][gc,heap     ] GC(2074) Humongous regions: 96->0
[564.744s][info][gc,metaspace] GC(2074) Metaspace: 29090K(29504K)->29090K(29504K) NonClass: 25530K(25728K)->25530K(25728K) Class: 3559K(3776K)->3559K(3776K)
[564.744s][info][gc          ] GC(2074) Pause Young (Concurrent Start) (G1 Humongous Allocation) 210M->16M(254M) 3.631ms
[564.744s][info][gc,cpu      ] GC(2074) User=0.00s Sys=0.00s Real=0.00s
[564.744s][info][gc          ] GC(2075) Concurrent Undo Cycle
[564.744s][info][gc,marking  ] GC(2075) Concurrent Cleanup for Next Mark
[564.745s][info][gc,marking  ] GC(2075) Concurrent Cleanup for Next Mark 0.246ms
[564.745s][info][gc          ] GC(2075) Concurrent Undo Cycle 0.539ms
[565.264s][info][gc,start    ] GC(2076) Pause Young (Concurrent Start) (G1 Humongous Allocation)
[565.264s][info][gc,task     ] GC(2076) Using 8 workers of 8 for evacuation
[565.267s][info][gc,phases   ] GC(2076)   Pre Evacuate Collection Set: 0.5ms
[565.267s][info][gc,phases   ] GC(2076)   Merge Heap Roots: 0.2ms
[565.267s][info][gc,phases   ] GC(2076)   Evacuate Collection Set: 1.2ms
[565.267s][info][gc,phases   ] GC(2076)   Post Evacuate Collection Set: 0.8ms
[565.267s][info][gc,phases   ] GC(2076)   Other: 0.2ms
[565.267s][info][gc,heap     ] GC(2076) Eden regions: 1->0(75)
[565.267s][info][gc,heap     ] GC(2076) Survivor regions: 1->1(10)
[565.267s][info][gc,heap     ] GC(2076) Old regions: 8->8
[565.267s][info][gc,heap     ] GC(2076) Archive regions: 2->2
[565.267s][info][gc,heap     ] GC(2076) Humongous regions: 96->0
[565.267s][info][gc,metaspace] GC(2076) Metaspace: 29090K(29504K)->29090K(29504K) NonClass: 25530K(25728K)->25530K(25728K) Class: 3559K(3776K)->3559K(3776K)
[565.267s][info][gc          ] GC(2076) Pause Young (Concurrent Start) (G1 Humongous Allocation) 210M->16M(254M) 3.560ms
[565.267s][info][gc,cpu      ] GC(2076) User=0.01s Sys=0.01s Real=0.01s
[565.268s][info][gc          ] GC(2077) Concurrent Undo Cycle
[565.268s][info][gc,marking  ] GC(2077) Concurrent Cleanup for Next Mark
[565.268s][info][gc,marking  ] GC(2077) Concurrent Cleanup for Next Mark 0.175ms
[565.268s][info][gc          ] GC(2077) Concurrent Undo Cycle 0.458ms
[565.785s][info][gc,start    ] GC(2078) Pause Young (Concurrent Start) (G1 Humongous Allocation)
[565.785s][info][gc,task     ] GC(2078) Using 8 workers of 8 for evacuation
[565.786s][info][gc,phases   ] GC(2078)   Pre Evacuate Collection Set: 0.4ms
[565.787s][info][gc,phases   ] GC(2078)   Merge Heap Roots: 0.2ms
[565.787s][info][gc,phases   ] GC(2078)   Evacuate Collection Set: 0.7ms
[565.787s][info][gc,phases   ] GC(2078)   Post Evacuate Collection Set: 0.4ms
[565.787s][info][gc,phases   ] GC(2078)   Other: 0.1ms
[565.787s][info][gc,heap     ] GC(2078) Eden regions: 1->0(75)
[565.787s][info][gc,heap     ] GC(2078) Survivor regions: 1->1(10)
[565.787s][info][gc,heap     ] GC(2078) Old regions: 8->8
[565.787s][info][gc,heap     ] GC(2078) Archive regions: 2->2
[565.787s][info][gc,heap     ] GC(2078) Humongous regions: 96->0
[565.787s][info][gc,metaspace] GC(2078) Metaspace: 29090K(29504K)->29090K(29504K) NonClass: 25530K(25728K)->25530K(25728K) Class: 3559K(3776K)->3559K(3776K)
[565.787s][info][gc          ] GC(2078) Pause Young (Concurrent Start) (G1 Humongous Allocation) 210M->16M(254M) 2.169ms
[565.787s][info][gc,cpu      ] GC(2078) User=0.01s Sys=0.00s Real=0.01s
[565.787s][info][gc          ] GC(2079) Concurrent Undo Cycle
[565.787s][info][gc,marking  ] GC(2079) Concurrent Cleanup for Next Mark
[565.787s][info][gc,marking  ] GC(2079) Concurrent Cleanup for Next Mark 0.063ms
[565.787s][info][gc          ] GC(2079) Concurrent Undo Cycle 0.157ms
[566.298s][info][gc,start    ] GC(2080) Pause Young (Concurrent Start) (G1 Humongous Allocation)
[566.298s][info][gc,task     ] GC(2080) Using 8 workers of 8 for evacuation
[566.299s][info][gc,phases   ] GC(2080)   Pre Evacuate Collection Set: 0.2ms
[566.299s][info][gc,phases   ] GC(2080)   Merge Heap Roots: 0.0ms
[566.299s][info][gc,phases   ] GC(2080)   Evacuate Collection Set: 0.6ms
[566.299s][info][gc,phases   ] GC(2080)   Post Evacuate Collection Set: 0.3ms
[566.299s][info][gc,phases   ] GC(2080)   Other: 0.1ms
[566.299s][info][gc,heap     ] GC(2080) Eden regions: 1->0(75)
[566.299s][info][gc,heap     ] GC(2080) Survivor regions: 1->1(10)
[566.299s][info][gc,heap     ] GC(2080) Old regions: 8->8
[566.299s][info][gc,heap     ] GC(2080) Archive regions: 2->2
[566.300s][info][gc,heap     ] GC(2080) Humongous regions: 96->0
[566.300s][info][gc,metaspace] GC(2080) Metaspace: 29090K(29504K)->29090K(29504K) NonClass: 25530K(25728K)->25530K(25728K) Class: 3559K(3776K)->3559K(3776K)
[566.300s][info][gc          ] GC(2080) Pause Young (Concurrent Start) (G1 Humongous Allocation) 210M->16M(254M) 1.564ms
[566.300s][info][gc,cpu      ] GC(2080) User=0.00s Sys=0.00s Real=0.00s
[566.300s][info][gc          ] GC(2081) Concurrent Undo Cycle
[566.300s][info][gc,marking  ] GC(2081) Concurrent Cleanup for Next Mark
[566.300s][info][gc,marking  ] GC(2081) Concurrent Cleanup for Next Mark 0.078ms
[566.300s][info][gc          ] GC(2081) Concurrent Undo Cycle 0.180ms
[566.809s][info][gc,start    ] GC(2082) Pause Young (Concurrent Start) (G1 Humongous Allocation)
[566.809s][info][gc,task     ] GC(2082) Using 8 workers of 8 for evacuation
[566.810s][info][gc,phases   ] GC(2082)   Pre Evacuate Collection Set: 0.1ms
[566.810s][info][gc,phases   ] GC(2082)   Merge Heap Roots: 0.0ms
[566.810s][info][gc,phases   ] GC(2082)   Evacuate Collection Set: 0.5ms
[566.810s][info][gc,phases   ] GC(2082)   Post Evacuate Collection Set: 0.4ms
[566.810s][info][gc,phases   ] GC(2082)   Other: 0.1ms
[566.810s][info][gc,heap     ] GC(2082) Eden regions: 1->0(75)
[566.810s][info][gc,heap     ] GC(2082) Survivor regions: 1->1(10)
[566.810s][info][gc,heap     ] GC(2082) Old regions: 8->8
[566.810s][info][gc,heap     ] GC(2082) Archive regions: 2->2
[566.810s][info][gc,heap     ] GC(2082) Humongous regions: 96->0
[566.810s][info][gc,metaspace] GC(2082) Metaspace: 29090K(29504K)->29090K(29504K) NonClass: 25530K(25728K)->25530K(25728K) Class: 3559K(3776K)->3559K(3776K)
[566.810s][info][gc          ] GC(2082) Pause Young (Concurrent Start) (G1 Humongous Allocation) 210M->16M(254M) 1.516ms
[566.810s][info][gc,cpu      ] GC(2082) User=0.00s Sys=0.00s Real=0.00s
[566.811s][info][gc          ] GC(2083) Concurrent Undo Cycle
[566.811s][info][gc,marking  ] GC(2083) Concurrent Cleanup for Next Mark
[566.811s][info][gc,marking  ] GC(2083) Concurrent Cleanup for Next Mark 0.047ms
[566.811s][info][gc          ] GC(2083) Concurrent Undo Cycle 0.118ms
[567.321s][info][gc,start    ] GC(2084) Pause Young (Concurrent Start) (G1 Humongous Allocation)
[567.321s][info][gc,task     ] GC(2084) Using 8 workers of 8 for evacuation
[567.322s][info][gc,phases   ] GC(2084)   Pre Evacuate Collection Set: 0.2ms
[567.322s][info][gc,phases   ] GC(2084)   Merge Heap Roots: 0.1ms
[567.322s][info][gc,phases   ] GC(2084)   Evacuate Collection Set: 0.5ms
[567.322s][info][gc,phases   ] GC(2084)   Post Evacuate Collection Set: 0.3ms
[567.322s][info][gc,phases   ] GC(2084)   Other: 0.2ms
[567.322s][info][gc,heap     ] GC(2084) Eden regions: 1->0(75)
[567.322s][info][gc,heap     ] GC(2084) Survivor regions: 1->1(10)
[567.322s][info][gc,heap     ] GC(2084) Old regions: 8->8
[567.322s][info][gc,heap     ] GC(2084) Archive regions: 2->2
[567.322s][info][gc,heap     ] GC(2084) Humongous regions: 96->0
[567.322s][info][gc,metaspace] GC(2084) Metaspace: 29090K(29504K)->29090K(29504K) NonClass: 25530K(25728K)->25530K(25728K) Class: 3559K(3776K)->3559K(3776K)
[567.322s][info][gc          ] GC(2084) Pause Young (Concurrent Start) (G1 Humongous Allocation) 210M->16M(254M) 1.597ms
[567.322s][info][gc,cpu      ] GC(2084) User=0.00s Sys=0.00s Real=0.00s
[567.322s][info][gc          ] GC(2085) Concurrent Undo Cycle
[567.322s][info][gc,marking  ] GC(2085) Concurrent Cleanup for Next Mark
[567.322s][info][gc,marking  ] GC(2085) Concurrent Cleanup for Next Mark 0.084ms
[567.322s][info][gc          ] GC(2085) Concurrent Undo Cycle 0.166ms
[567.829s][info][gc,start    ] GC(2086) Pause Young (Concurrent Start) (G1 Humongous Allocation)
[567.829s][info][gc,task     ] GC(2086) Using 8 workers of 8 for evacuation
[567.832s][info][gc,phases   ] GC(2086)   Pre Evacuate Collection Set: 0.4ms
[567.832s][info][gc,phases   ] GC(2086)   Merge Heap Roots: 0.2ms
[567.832s][info][gc,phases   ] GC(2086)   Evacuate Collection Set: 1.3ms
[567.832s][info][gc,phases   ] GC(2086)   Post Evacuate Collection Set: 0.7ms
[567.832s][info][gc,phases   ] GC(2086)   Other: 0.2ms
[567.833s][info][gc,heap     ] GC(2086) Eden regions: 1->0(75)
[567.833s][info][gc,heap     ] GC(2086) Survivor regions: 1->1(10)
[567.833s][info][gc,heap     ] GC(2086) Old regions: 8->8
[567.833s][info][gc,heap     ] GC(2086) Archive regions: 2->2
[567.833s][info][gc,heap     ] GC(2086) Humongous regions: 96->0
[567.833s][info][gc,metaspace] GC(2086) Metaspace: 29090K(29504K)->29090K(29504K) NonClass: 25530K(25728K)->25530K(25728K) Class: 3559K(3776K)->3559K(3776K)
[567.833s][info][gc          ] GC(2086) Pause Young (Concurrent Start) (G1 Humongous Allocation) 210M->16M(254M) 3.499ms
[567.833s][info][gc,cpu      ] GC(2086) User=0.00s Sys=0.01s Real=0.00s
[567.833s][info][gc          ] GC(2087) Concurrent Undo Cycle
[567.833s][info][gc,marking  ] GC(2087) Concurrent Cleanup for Next Mark
[567.833s][info][gc,marking  ] GC(2087) Concurrent Cleanup for Next Mark 0.197ms
[567.833s][info][gc          ] GC(2087) Concurrent Undo Cycle 0.462ms
[568.353s][info][gc,start    ] GC(2088) Pause Young (Concurrent Start) (G1 Humongous Allocation)
[568.354s][info][gc,task     ] GC(2088) Using 8 workers of 8 for evacuation
[568.357s][info][gc,phases   ] GC(2088)   Pre Evacuate Collection Set: 0.5ms
[568.357s][info][gc,phases   ] GC(2088)   Merge Heap Roots: 0.2ms
[568.357s][info][gc,phases   ] GC(2088)   Evacuate Collection Set: 1.2ms
[568.357s][info][gc,phases   ] GC(2088)   Post Evacuate Collection Set: 1.0ms
[568.357s][info][gc,phases   ] GC(2088)   Other: 0.2ms
[568.357s][info][gc,heap     ] GC(2088) Eden regions: 2->0(75)
[568.357s][info][gc,heap     ] GC(2088) Survivor regions: 1->1(10)
[568.357s][info][gc,heap     ] GC(2088) Old regions: 8->8
[568.357s][info][gc,heap     ] GC(2088) Archive regions: 2->2
[568.357s][info][gc,heap     ] GC(2088) Humongous regions: 96->0
[568.357s][info][gc,metaspace] GC(2088) Metaspace: 29090K(29504K)->29090K(29504K) NonClass: 25530K(25728K)->25530K(25728K) Class: 3559K(3776K)->3559K(3776K)
[568.357s][info][gc          ] GC(2088) Pause Young (Concurrent Start) (G1 Humongous Allocation) 210M->16M(254M) 3.737ms
[568.357s][info][gc,cpu      ] GC(2088) User=0.01s Sys=0.00s Real=0.01s
[568.357s][info][gc          ] GC(2089) Concurrent Undo Cycle
[568.357s][info][gc,marking  ] GC(2089) Concurrent Cleanup for Next Mark
[568.358s][info][gc,marking  ] GC(2089) Concurrent Cleanup for Next Mark 0.238ms
[568.358s][info][gc          ] GC(2089) Concurrent Undo Cycle 0.525ms
[568.879s][info][gc,start    ] GC(2090) Pause Young (Concurrent Start) (G1 Humongous Allocation)
[568.879s][info][gc,task     ] GC(2090) Using 8 workers of 8 for evacuation
[568.882s][info][gc,phases   ] GC(2090)   Pre Evacuate Collection Set: 0.4ms
[568.882s][info][gc,phases   ] GC(2090)   Merge Heap Roots: 0.2ms
[568.882s][info][gc,phases   ] GC(2090)   Evacuate Collection Set: 1.2ms
[568.882s][info][gc,phases   ] GC(2090)   Post Evacuate Collection Set: 0.8ms
[568.882s][info][gc,phases   ] GC(2090)   Other: 0.2ms
[568.882s][info][gc,heap     ] GC(2090) Eden regions: 1->0(75)
[568.882s][info][gc,heap     ] GC(2090) Survivor regions: 1->1(10)
[568.882s][info][gc,heap     ] GC(2090) Old regions: 8->8
[568.882s][info][gc,heap     ] GC(2090) Archive regions: 2->2
[568.883s][info][gc,heap     ] GC(2090) Humongous regions: 96->0
[568.883s][info][gc,metaspace] GC(2090) Metaspace: 29090K(29504K)->29090K(29504K) NonClass: 25530K(25728K)->25530K(25728K) Class: 3559K(3776K)->3559K(3776K)
[568.883s][info][gc          ] GC(2090) Pause Young (Concurrent Start) (G1 Humongous Allocation) 209M->16M(254M) 3.481ms
[568.883s][info][gc,cpu      ] GC(2090) User=0.01s Sys=0.01s Real=0.00s
[568.883s][info][gc          ] GC(2091) Concurrent Undo Cycle
[568.883s][info][gc,marking  ] GC(2091) Concurrent Cleanup for Next Mark
[568.883s][info][gc,marking  ] GC(2091) Concurrent Cleanup for Next Mark 0.164ms
[568.883s][info][gc          ] GC(2091) Concurrent Undo Cycle 0.391ms
[569.402s][info][gc,start    ] GC(2092) Pause Young (Concurrent Start) (G1 Humongous Allocation)
[569.402s][info][gc,task     ] GC(2092) Using 8 workers of 8 for evacuation
[569.404s][info][gc,phases   ] GC(2092)   Pre Evacuate Collection Set: 0.1ms
[569.405s][info][gc,phases   ] GC(2092)   Merge Heap Roots: 0.1ms
[569.405s][info][gc,phases   ] GC(2092)   Evacuate Collection Set: 0.9ms
[569.405s][info][gc,phases   ] GC(2092)   Post Evacuate Collection Set: 0.7ms
[569.405s][info][gc,phases   ] GC(2092)   Other: 0.3ms
[569.405s][info][gc,heap     ] GC(2092) Eden regions: 2->0(75)
[569.405s][info][gc,heap     ] GC(2092) Survivor regions: 1->1(10)
[569.405s][info][gc,heap     ] GC(2092) Old regions: 8->8
[569.405s][info][gc,heap     ] GC(2092) Archive regions: 2->2
[569.405s][info][gc,heap     ] GC(2092) Humongous regions: 96->0
[569.405s][info][gc,metaspace] GC(2092) Metaspace: 29090K(29504K)->29090K(29504K) NonClass: 25530K(25728K)->25530K(25728K) Class: 3559K(3776K)->3559K(3776K)
[569.405s][info][gc          ] GC(2092) Pause Young (Concurrent Start) (G1 Humongous Allocation) 210M->16M(254M) 2.828ms
[569.405s][info][gc          ] GC(2093) Concurrent Undo Cycle
[569.405s][info][gc,cpu      ] GC(2092) User=0.00s Sys=0.00s Real=0.00s
[569.405s][info][gc,marking  ] GC(2093) Concurrent Cleanup for Next Mark
[569.405s][info][gc,marking  ] GC(2093) Concurrent Cleanup for Next Mark 0.215ms
[569.406s][info][gc          ] GC(2093) Concurrent Undo Cycle 0.431ms
[569.918s][info][gc,start    ] GC(2094) Pause Young (Concurrent Start) (G1 Humongous Allocation)
[569.918s][info][gc,task     ] GC(2094) Using 8 workers of 8 for evacuation
[569.921s][info][gc,phases   ] GC(2094)   Pre Evacuate Collection Set: 0.3ms
[569.921s][info][gc,phases   ] GC(2094)   Merge Heap Roots: 0.1ms
[569.921s][info][gc,phases   ] GC(2094)   Evacuate Collection Set: 1.4ms
[569.921s][info][gc,phases   ] GC(2094)   Post Evacuate Collection Set: 0.6ms
[569.921s][info][gc,phases   ] GC(2094)   Other: 0.1ms
[569.921s][info][gc,heap     ] GC(2094) Eden regions: 1->0(75)
[569.921s][info][gc,heap     ] GC(2094) Survivor regions: 1->1(10)
[569.921s][info][gc,heap     ] GC(2094) Old regions: 8->8
[569.921s][info][gc,heap     ] GC(2094) Archive regions: 2->2
[569.921s][info][gc,heap     ] GC(2094) Humongous regions: 96->0
[569.921s][info][gc,metaspace] GC(2094) Metaspace: 29090K(29504K)->29090K(29504K) NonClass: 25530K(25728K)->25530K(25728K) Class: 3559K(3776K)->3559K(3776K)
[569.921s][info][gc          ] GC(2094) Pause Young (Concurrent Start) (G1 Humongous Allocation) 209M->16M(254M) 3.154ms
[569.921s][info][gc,cpu      ] GC(2094) User=0.01s Sys=0.00s Real=0.00s
[569.921s][info][gc          ] GC(2095) Concurrent Undo Cycle
[569.922s][info][gc,marking  ] GC(2095) Concurrent Cleanup for Next Mark
[569.922s][info][gc,marking  ] GC(2095) Concurrent Cleanup for Next Mark 0.177ms
[569.922s][info][gc          ] GC(2095) Concurrent Undo Cycle 0.316ms
[570.436s][info][gc,start    ] GC(2096) Pause Young (Concurrent Start) (G1 Humongous Allocation)
[570.436s][info][gc,task     ] GC(2096) Using 8 workers of 8 for evacuation
[570.439s][info][gc,phases   ] GC(2096)   Pre Evacuate Collection Set: 0.4ms
[570.439s][info][gc,phases   ] GC(2096)   Merge Heap Roots: 0.1ms
[570.439s][info][gc,phases   ] GC(2096)   Evacuate Collection Set: 1.2ms
[570.439s][info][gc,phases   ] GC(2096)   Post Evacuate Collection Set: 0.8ms
[570.439s][info][gc,phases   ] GC(2096)   Other: 0.2ms
[570.439s][info][gc,heap     ] GC(2096) Eden regions: 2->0(75)
[570.439s][info][gc,heap     ] GC(2096) Survivor regions: 1->1(10)
[570.439s][info][gc,heap     ] GC(2096) Old regions: 8->8
[570.439s][info][gc,heap     ] GC(2096) Archive regions: 2->2
[570.439s][info][gc,heap     ] GC(2096) Humongous regions: 96->0
[570.439s][info][gc,metaspace] GC(2096) Metaspace: 29090K(29504K)->29090K(29504K) NonClass: 25530K(25728K)->25530K(25728K) Class: 3559K(3776K)->3559K(3776K)
[570.439s][info][gc          ] GC(2096) Pause Young (Concurrent Start) (G1 Humongous Allocation) 210M->16M(254M) 3.578ms
[570.439s][info][gc,cpu      ] GC(2096) User=0.01s Sys=0.01s Real=0.01s
[570.439s][info][gc          ] GC(2097) Concurrent Undo Cycle
[570.440s][info][gc,marking  ] GC(2097) Concurrent Cleanup for Next Mark
[570.440s][info][gc,marking  ] GC(2097) Concurrent Cleanup for Next Mark 0.225ms
[570.440s][info][gc          ] GC(2097) Concurrent Undo Cycle 0.508ms
[570.961s][info][gc,start    ] GC(2098) Pause Young (Concurrent Start) (G1 Humongous Allocation)
[570.961s][info][gc,task     ] GC(2098) Using 8 workers of 8 for evacuation
[570.964s][info][gc,phases   ] GC(2098)   Pre Evacuate Collection Set: 0.4ms
[570.964s][info][gc,phases   ] GC(2098)   Merge Heap Roots: 0.2ms
[570.964s][info][gc,phases   ] GC(2098)   Evacuate Collection Set: 1.2ms
[570.964s][info][gc,phases   ] GC(2098)   Post Evacuate Collection Set: 0.7ms
[570.964s][info][gc,phases   ] GC(2098)   Other: 0.2ms
[570.964s][info][gc,heap     ] GC(2098) Eden regions: 1->0(75)
[570.964s][info][gc,heap     ] GC(2098) Survivor regions: 1->1(10)
[570.964s][info][gc,heap     ] GC(2098) Old regions: 8->8
[570.964s][info][gc,heap     ] GC(2098) Archive regions: 2->2
[570.964s][info][gc,heap     ] GC(2098) Humongous regions: 96->0
[570.964s][info][gc,metaspace] GC(2098) Metaspace: 29090K(29504K)->29090K(29504K) NonClass: 25530K(25728K)->25530K(25728K) Class: 3559K(3776K)->3559K(3776K)
[570.964s][info][gc          ] GC(2098) Pause Young (Concurrent Start) (G1 Humongous Allocation) 209M->16M(254M) 3.435ms
[570.964s][info][gc,cpu      ] GC(2098) User=0.00s Sys=0.00s Real=0.00s
[570.964s][info][gc          ] GC(2099) Concurrent Undo Cycle
[570.964s][info][gc,marking  ] GC(2099) Concurrent Cleanup for Next Mark
[570.965s][info][gc,marking  ] GC(2099) Concurrent Cleanup for Next Mark 0.186ms
[570.965s][info][gc          ] GC(2099) Concurrent Undo Cycle 0.416ms
[571.481s][info][gc,start    ] GC(2100) Pause Young (Concurrent Start) (G1 Humongous Allocation)
[571.481s][info][gc,task     ] GC(2100) Using 8 workers of 8 for evacuation
[571.483s][info][gc,phases   ] GC(2100)   Pre Evacuate Collection Set: 0.3ms
[571.483s][info][gc,phases   ] GC(2100)   Merge Heap Roots: 0.1ms
[571.483s][info][gc,phases   ] GC(2100)   Evacuate Collection Set: 0.7ms
[571.483s][info][gc,phases   ] GC(2100)   Post Evacuate Collection Set: 0.5ms
[571.483s][info][gc,phases   ] GC(2100)   Other: 0.1ms
[571.483s][info][gc,heap     ] GC(2100) Eden regions: 2->0(75)
[571.483s][info][gc,heap     ] GC(2100) Survivor regions: 1->1(10)
[571.483s][info][gc,heap     ] GC(2100) Old regions: 8->8
[571.483s][info][gc,heap     ] GC(2100) Archive regions: 2->2
[571.483s][info][gc,heap     ] GC(2100) Humongous regions: 96->0
[571.483s][info][gc,metaspace] GC(2100) Metaspace: 29090K(29504K)->29090K(29504K) NonClass: 25530K(25728K)->25530K(25728K) Class: 3559K(3776K)->3559K(3776K)
[571.483s][info][gc          ] GC(2100) Pause Young (Concurrent Start) (G1 Humongous Allocation) 210M->16M(254M) 1.972ms
[571.483s][info][gc          ] GC(2101) Concurrent Undo Cycle
[571.483s][info][gc,cpu      ] GC(2100) User=0.00s Sys=0.00s Real=0.00s
[571.483s][info][gc,marking  ] GC(2101) Concurrent Cleanup for Next Mark
[571.484s][info][gc,marking  ] GC(2101) Concurrent Cleanup for Next Mark 0.193ms
[571.484s][info][gc          ] GC(2101) Concurrent Undo Cycle 0.287ms
[571.997s][info][gc,start    ] GC(2102) Pause Young (Concurrent Start) (G1 Humongous Allocation)
[571.998s][info][gc,task     ] GC(2102) Using 8 workers of 8 for evacuation
[572.000s][info][gc,phases   ] GC(2102)   Pre Evacuate Collection Set: 0.3ms
[572.000s][info][gc,phases   ] GC(2102)   Merge Heap Roots: 0.1ms
[572.000s][info][gc,phases   ] GC(2102)   Evacuate Collection Set: 0.9ms
[572.000s][info][gc,phases   ] GC(2102)   Post Evacuate Collection Set: 0.6ms
[572.000s][info][gc,phases   ] GC(2102)   Other: 0.2ms
[572.000s][info][gc,heap     ] GC(2102) Eden regions: 1->0(75)
[572.000s][info][gc,heap     ] GC(2102) Survivor regions: 1->1(10)
[572.000s][info][gc,heap     ] GC(2102) Old regions: 8->8
[572.000s][info][gc,heap     ] GC(2102) Archive regions: 2->2
[572.000s][info][gc,heap     ] GC(2102) Humongous regions: 96->0
[572.000s][info][gc,metaspace] GC(2102) Metaspace: 29090K(29504K)->29090K(29504K) NonClass: 25530K(25728K)->25530K(25728K) Class: 3559K(3776K)->3559K(3776K)
[572.000s][info][gc          ] GC(2102) Pause Young (Concurrent Start) (G1 Humongous Allocation) 209M->16M(254M) 2.707ms
[572.000s][info][gc,cpu      ] GC(2102) User=0.01s Sys=0.01s Real=0.00s
[572.000s][info][gc          ] GC(2103) Concurrent Undo Cycle
[572.000s][info][gc,marking  ] GC(2103) Concurrent Cleanup for Next Mark
[572.000s][info][gc,marking  ] GC(2103) Concurrent Cleanup for Next Mark 0.143ms
[572.000s][info][gc          ] GC(2103) Concurrent Undo Cycle 0.318ms
[572.516s][info][gc,start    ] GC(2104) Pause Young (Concurrent Start) (G1 Humongous Allocation)
[572.516s][info][gc,task     ] GC(2104) Using 8 workers of 8 for evacuation
[572.519s][info][gc,phases   ] GC(2104)   Pre Evacuate Collection Set: 0.4ms
[572.519s][info][gc,phases   ] GC(2104)   Merge Heap Roots: 0.2ms
[572.519s][info][gc,phases   ] GC(2104)   Evacuate Collection Set: 1.3ms
[572.519s][info][gc,phases   ] GC(2104)   Post Evacuate Collection Set: 0.9ms
[572.519s][info][gc,phases   ] GC(2104)   Other: 0.2ms
[572.519s][info][gc,heap     ] GC(2104) Eden regions: 2->0(75)
[572.519s][info][gc,heap     ] GC(2104) Survivor regions: 1->1(10)
[572.519s][info][gc,heap     ] GC(2104) Old regions: 8->8
[572.519s][info][gc,heap     ] GC(2104) Archive regions: 2->2
[572.519s][info][gc,heap     ] GC(2104) Humongous regions: 96->0
[572.519s][info][gc,metaspace] GC(2104) Metaspace: 29090K(29504K)->29090K(29504K) NonClass: 25530K(25728K)->25530K(25728K) Class: 3559K(3776K)->3559K(3776K)
[572.519s][info][gc          ] GC(2104) Pause Young (Concurrent Start) (G1 Humongous Allocation) 210M->16M(254M) 3.777ms
[572.519s][info][gc,cpu      ] GC(2104) User=0.01s Sys=0.00s Real=0.01s
[572.520s][info][gc          ] GC(2105) Concurrent Undo Cycle
[572.520s][info][gc,marking  ] GC(2105) Concurrent Cleanup for Next Mark
[572.520s][info][gc,marking  ] GC(2105) Concurrent Cleanup for Next Mark 0.190ms
[572.520s][info][gc          ] GC(2105) Concurrent Undo Cycle 0.391ms
[573.037s][info][gc,start    ] GC(2106) Pause Young (Concurrent Start) (G1 Humongous Allocation)
[573.037s][info][gc,task     ] GC(2106) Using 8 workers of 8 for evacuation
[573.041s][info][gc,phases   ] GC(2106)   Pre Evacuate Collection Set: 0.5ms
[573.041s][info][gc,phases   ] GC(2106)   Merge Heap Roots: 0.2ms
[573.041s][info][gc,phases   ] GC(2106)   Evacuate Collection Set: 1.5ms
[573.041s][info][gc,phases   ] GC(2106)   Post Evacuate Collection Set: 1.0ms
[573.041s][info][gc,phases   ] GC(2106)   Other: 0.2ms
[573.041s][info][gc,heap     ] GC(2106) Eden regions: 1->0(75)
[573.041s][info][gc,heap     ] GC(2106) Survivor regions: 1->1(10)
[573.041s][info][gc,heap     ] GC(2106) Old regions: 8->8
[573.041s][info][gc,heap     ] GC(2106) Archive regions: 2->2
[573.041s][info][gc,heap     ] GC(2106) Humongous regions: 96->0
[573.041s][info][gc,metaspace] GC(2106) Metaspace: 29090K(29504K)->29090K(29504K) NonClass: 25530K(25728K)->25530K(25728K) Class: 3559K(3776K)->3559K(3776K)
[573.041s][info][gc          ] GC(2106) Pause Young (Concurrent Start) (G1 Humongous Allocation) 210M->16M(254M) 4.174ms
[573.041s][info][gc,cpu      ] GC(2106) User=0.00s Sys=0.01s Real=0.00s
[573.041s][info][gc          ] GC(2107) Concurrent Undo Cycle
[573.042s][info][gc,marking  ] GC(2107) Concurrent Cleanup for Next Mark
[573.042s][info][gc,marking  ] GC(2107) Concurrent Cleanup for Next Mark 0.178ms
[573.042s][info][gc          ] GC(2107) Concurrent Undo Cycle 0.507ms
[573.557s][info][gc,start    ] GC(2108) Pause Young (Concurrent Start) (G1 Humongous Allocation)
[573.558s][info][gc,task     ] GC(2108) Using 8 workers of 8 for evacuation
[573.559s][info][gc,phases   ] GC(2108)   Pre Evacuate Collection Set: 0.2ms
[573.560s][info][gc,phases   ] GC(2108)   Merge Heap Roots: 0.1ms
[573.560s][info][gc,phases   ] GC(2108)   Evacuate Collection Set: 1.0ms
[573.560s][info][gc,phases   ] GC(2108)   Post Evacuate Collection Set: 0.4ms
[573.560s][info][gc,phases   ] GC(2108)   Other: 0.1ms
[573.560s][info][gc,heap     ] GC(2108) Eden regions: 1->0(75)
[573.560s][info][gc,heap     ] GC(2108) Survivor regions: 1->1(10)
[573.560s][info][gc,heap     ] GC(2108) Old regions: 8->8
[573.560s][info][gc,heap     ] GC(2108) Archive regions: 2->2
[573.560s][info][gc,heap     ] GC(2108) Humongous regions: 96->0
[573.560s][info][gc,metaspace] GC(2108) Metaspace: 29090K(29504K)->29090K(29504K) NonClass: 25530K(25728K)->25530K(25728K) Class: 3559K(3776K)->3559K(3776K)
[573.560s][info][gc          ] GC(2108) Pause Young (Concurrent Start) (G1 Humongous Allocation) 210M->16M(254M) 2.269ms
[573.560s][info][gc,cpu      ] GC(2108) User=0.00s Sys=0.00s Real=0.00s
[573.560s][info][gc          ] GC(2109) Concurrent Undo Cycle
[573.560s][info][gc,marking  ] GC(2109) Concurrent Cleanup for Next Mark
[573.560s][info][gc,marking  ] GC(2109) Concurrent Cleanup for Next Mark 0.140ms
[573.560s][info][gc          ] GC(2109) Concurrent Undo Cycle 0.335ms
[574.076s][info][gc,start    ] GC(2110) Pause Young (Concurrent Start) (G1 Humongous Allocation)
[574.076s][info][gc,task     ] GC(2110) Using 8 workers of 8 for evacuation
[574.079s][info][gc,phases   ] GC(2110)   Pre Evacuate Collection Set: 0.5ms
[574.079s][info][gc,phases   ] GC(2110)   Merge Heap Roots: 0.2ms
[574.079s][info][gc,phases   ] GC(2110)   Evacuate Collection Set: 1.4ms
[574.079s][info][gc,phases   ] GC(2110)   Post Evacuate Collection Set: 0.9ms
[574.079s][info][gc,phases   ] GC(2110)   Other: 0.2ms
[574.079s][info][gc,heap     ] GC(2110) Eden regions: 1->0(75)
[574.079s][info][gc,heap     ] GC(2110) Survivor regions: 1->1(10)
[574.079s][info][gc,heap     ] GC(2110) Old regions: 8->8
[574.079s][info][gc,heap     ] GC(2110) Archive regions: 2->2
[574.079s][info][gc,heap     ] GC(2110) Humongous regions: 96->0
[574.079s][info][gc,metaspace] GC(2110) Metaspace: 29090K(29504K)->29090K(29504K) NonClass: 25530K(25728K)->25530K(25728K) Class: 3559K(3776K)->3559K(3776K)
[574.079s][info][gc          ] GC(2110) Pause Young (Concurrent Start) (G1 Humongous Allocation) 210M->16M(254M) 3.887ms
[574.080s][info][gc,cpu      ] GC(2110) User=0.01s Sys=0.00s Real=0.01s
[574.080s][info][gc          ] GC(2111) Concurrent Undo Cycle
[574.080s][info][gc,marking  ] GC(2111) Concurrent Cleanup for Next Mark
[574.080s][info][gc,marking  ] GC(2111) Concurrent Cleanup for Next Mark 0.144ms
[574.080s][info][gc          ] GC(2111) Concurrent Undo Cycle 0.294ms
[574.597s][info][gc,start    ] GC(2112) Pause Young (Concurrent Start) (G1 Humongous Allocation)
[574.597s][info][gc,task     ] GC(2112) Using 8 workers of 8 for evacuation
[574.598s][info][gc,phases   ] GC(2112)   Pre Evacuate Collection Set: 0.2ms
[574.598s][info][gc,phases   ] GC(2112)   Merge Heap Roots: 0.1ms
[574.598s][info][gc,phases   ] GC(2112)   Evacuate Collection Set: 0.5ms
[574.598s][info][gc,phases   ] GC(2112)   Post Evacuate Collection Set: 0.4ms
[574.598s][info][gc,phases   ] GC(2112)   Other: 0.1ms
[574.598s][info][gc,heap     ] GC(2112) Eden regions: 1->0(75)
[574.598s][info][gc,heap     ] GC(2112) Survivor regions: 1->1(10)
[574.598s][info][gc,heap     ] GC(2112) Old regions: 8->8
[574.598s][info][gc,heap     ] GC(2112) Archive regions: 2->2
[574.598s][info][gc,heap     ] GC(2112) Humongous regions: 96->0
[574.598s][info][gc,metaspace] GC(2112) Metaspace: 29090K(29504K)->29090K(29504K) NonClass: 25530K(25728K)->25530K(25728K) Class: 3559K(3776K)->3559K(3776K)
[574.598s][info][gc          ] GC(2112) Pause Young (Concurrent Start) (G1 Humongous Allocation) 210M->16M(254M) 1.470ms
[574.598s][info][gc,cpu      ] GC(2112) User=0.00s Sys=0.00s Real=0.00s
[574.598s][info][gc          ] GC(2113) Concurrent Undo Cycle
[574.598s][info][gc,marking  ] GC(2113) Concurrent Cleanup for Next Mark
[574.599s][info][gc,marking  ] GC(2113) Concurrent Cleanup for Next Mark 0.083ms
[574.599s][info][gc          ] GC(2113) Concurrent Undo Cycle 0.236ms
[575.109s][info][gc,start    ] GC(2114) Pause Young (Concurrent Start) (G1 Humongous Allocation)
[575.109s][info][gc,task     ] GC(2114) Using 8 workers of 8 for evacuation
[575.112s][info][gc,phases   ] GC(2114)   Pre Evacuate Collection Set: 0.4ms
[575.112s][info][gc,phases   ] GC(2114)   Merge Heap Roots: 0.2ms
[575.112s][info][gc,phases   ] GC(2114)   Evacuate Collection Set: 1.2ms
[575.112s][info][gc,phases   ] GC(2114)   Post Evacuate Collection Set: 0.8ms
[575.112s][info][gc,phases   ] GC(2114)   Other: 0.2ms
[575.112s][info][gc,heap     ] GC(2114) Eden regions: 1->0(75)
[575.112s][info][gc,heap     ] GC(2114) Survivor regions: 1->1(10)
[575.112s][info][gc,heap     ] GC(2114) Old regions: 8->8
[575.112s][info][gc,heap     ] GC(2114) Archive regions: 2->2
[575.112s][info][gc,heap     ] GC(2114) Humongous regions: 96->0
[575.112s][info][gc,metaspace] GC(2114) Metaspace: 29090K(29504K)->29090K(29504K) NonClass: 25530K(25728K)->25530K(25728K) Class: 3559K(3776K)->3559K(3776K)
[575.112s][info][gc          ] GC(2114) Pause Young (Concurrent Start) (G1 Humongous Allocation) 210M->16M(254M) 3.431ms
[575.112s][info][gc,cpu      ] GC(2114) User=0.01s Sys=0.00s Real=0.00s
[575.112s][info][gc          ] GC(2115) Concurrent Undo Cycle
[575.112s][info][gc,marking  ] GC(2115) Concurrent Cleanup for Next Mark
[575.113s][info][gc,marking  ] GC(2115) Concurrent Cleanup for Next Mark 0.221ms
[575.113s][info][gc          ] GC(2115) Concurrent Undo Cycle 0.517ms
[575.628s][info][gc,start    ] GC(2116) Pause Young (Concurrent Start) (G1 Humongous Allocation)
[575.629s][info][gc,task     ] GC(2116) Using 8 workers of 8 for evacuation
[575.631s][info][gc,phases   ] GC(2116)   Pre Evacuate Collection Set: 0.4ms
[575.632s][info][gc,phases   ] GC(2116)   Merge Heap Roots: 0.2ms
[575.632s][info][gc,phases   ] GC(2116)   Evacuate Collection Set: 1.2ms
[575.632s][info][gc,phases   ] GC(2116)   Post Evacuate Collection Set: 0.8ms
[575.632s][info][gc,phases   ] GC(2116)   Other: 0.3ms
[575.632s][info][gc,heap     ] GC(2116) Eden regions: 1->0(75)
[575.632s][info][gc,heap     ] GC(2116) Survivor regions: 1->1(10)
[575.632s][info][gc,heap     ] GC(2116) Old regions: 8->8
[575.632s][info][gc,heap     ] GC(2116) Archive regions: 2->2
[575.632s][info][gc,heap     ] GC(2116) Humongous regions: 96->0
[575.632s][info][gc,metaspace] GC(2116) Metaspace: 29090K(29504K)->29090K(29504K) NonClass: 25530K(25728K)->25530K(25728K) Class: 3559K(3776K)->3559K(3776K)
[575.632s][info][gc          ] GC(2116) Pause Young (Concurrent Start) (G1 Humongous Allocation) 210M->16M(254M) 3.637ms
[575.632s][info][gc,cpu      ] GC(2116) User=0.00s Sys=0.00s Real=0.00s
[575.632s][info][gc          ] GC(2117) Concurrent Undo Cycle
[575.632s][info][gc,marking  ] GC(2117) Concurrent Cleanup for Next Mark
[575.633s][info][gc,marking  ] GC(2117) Concurrent Cleanup for Next Mark 0.232ms
[575.633s][info][gc          ] GC(2117) Concurrent Undo Cycle 0.522ms
[576.148s][info][gc,start    ] GC(2118) Pause Young (Concurrent Start) (G1 Humongous Allocation)
[576.148s][info][gc,task     ] GC(2118) Using 8 workers of 8 for evacuation
[576.149s][info][gc,phases   ] GC(2118)   Pre Evacuate Collection Set: 0.1ms
[576.149s][info][gc,phases   ] GC(2118)   Merge Heap Roots: 0.0ms
[576.149s][info][gc,phases   ] GC(2118)   Evacuate Collection Set: 0.5ms
[576.149s][info][gc,phases   ] GC(2118)   Post Evacuate Collection Set: 0.2ms
[576.149s][info][gc,phases   ] GC(2118)   Other: 0.0ms
[576.149s][info][gc,heap     ] GC(2118) Eden regions: 1->0(75)
[576.149s][info][gc,heap     ] GC(2118) Survivor regions: 1->1(10)
[576.149s][info][gc,heap     ] GC(2118) Old regions: 8->8
[576.149s][info][gc,heap     ] GC(2118) Archive regions: 2->2
[576.149s][info][gc,heap     ] GC(2118) Humongous regions: 96->0
[576.149s][info][gc,metaspace] GC(2118) Metaspace: 29090K(29504K)->29090K(29504K) NonClass: 25530K(25728K)->25530K(25728K) Class: 3559K(3776K)->3559K(3776K)
[576.149s][info][gc          ] GC(2118) Pause Young (Concurrent Start) (G1 Humongous Allocation) 210M->16M(254M) 1.015ms
[576.149s][info][gc          ] GC(2119) Concurrent Undo Cycle
[576.149s][info][gc,cpu      ] GC(2118) User=0.00s Sys=0.00s Real=0.00s
[576.149s][info][gc,marking  ] GC(2119) Concurrent Cleanup for Next Mark
[576.150s][info][gc,marking  ] GC(2119) Concurrent Cleanup for Next Mark 0.078ms
[576.150s][info][gc          ] GC(2119) Concurrent Undo Cycle 0.133ms
[576.659s][info][gc,start    ] GC(2120) Pause Young (Concurrent Start) (G1 Humongous Allocation)
[576.659s][info][gc,task     ] GC(2120) Using 8 workers of 8 for evacuation
[576.660s][info][gc,phases   ] GC(2120)   Pre Evacuate Collection Set: 0.1ms
[576.660s][info][gc,phases   ] GC(2120)   Merge Heap Roots: 0.0ms
[576.660s][info][gc,phases   ] GC(2120)   Evacuate Collection Set: 0.5ms
[576.660s][info][gc,phases   ] GC(2120)   Post Evacuate Collection Set: 0.4ms
[576.660s][info][gc,phases   ] GC(2120)   Other: 0.0ms
[576.660s][info][gc,heap     ] GC(2120) Eden regions: 1->0(75)
[576.660s][info][gc,heap     ] GC(2120) Survivor regions: 1->1(10)
[576.660s][info][gc,heap     ] GC(2120) Old regions: 8->8
[576.660s][info][gc,heap     ] GC(2120) Archive regions: 2->2
[576.660s][info][gc,heap     ] GC(2120) Humongous regions: 96->0
[576.660s][info][gc,metaspace] GC(2120) Metaspace: 29090K(29504K)->29090K(29504K) NonClass: 25530K(25728K)->25530K(25728K) Class: 3559K(3776K)->3559K(3776K)
[576.660s][info][gc          ] GC(2120) Pause Young (Concurrent Start) (G1 Humongous Allocation) 210M->16M(254M) 1.307ms
[576.660s][info][gc,cpu      ] GC(2120) User=0.00s Sys=0.01s Real=0.00s
[576.660s][info][gc          ] GC(2121) Concurrent Undo Cycle
[576.660s][info][gc,marking  ] GC(2121) Concurrent Cleanup for Next Mark
[576.661s][info][gc,marking  ] GC(2121) Concurrent Cleanup for Next Mark 0.070ms
[576.661s][info][gc          ] GC(2121) Concurrent Undo Cycle 0.144ms
[577.173s][info][gc,start    ] GC(2122) Pause Young (Concurrent Start) (G1 Humongous Allocation)
[577.174s][info][gc,task     ] GC(2122) Using 8 workers of 8 for evacuation
[577.177s][info][gc,phases   ] GC(2122)   Pre Evacuate Collection Set: 0.5ms
[577.177s][info][gc,phases   ] GC(2122)   Merge Heap Roots: 0.2ms
[577.177s][info][gc,phases   ] GC(2122)   Evacuate Collection Set: 2.1ms
[577.177s][info][gc,phases   ] GC(2122)   Post Evacuate Collection Set: 0.8ms
[577.178s][info][gc,phases   ] GC(2122)   Other: 0.2ms
[577.178s][info][gc,heap     ] GC(2122) Eden regions: 2->0(75)
[577.178s][info][gc,heap     ] GC(2122) Survivor regions: 1->1(10)
[577.178s][info][gc,heap     ] GC(2122) Old regions: 8->8
[577.178s][info][gc,heap     ] GC(2122) Archive regions: 2->2
[577.178s][info][gc,heap     ] GC(2122) Humongous regions: 96->0
[577.178s][info][gc,metaspace] GC(2122) Metaspace: 29090K(29504K)->29090K(29504K) NonClass: 25530K(25728K)->25530K(25728K) Class: 3559K(3776K)->3559K(3776K)
[577.178s][info][gc          ] GC(2122) Pause Young (Concurrent Start) (G1 Humongous Allocation) 210M->16M(254M) 4.492ms
[577.178s][info][gc,cpu      ] GC(2122) User=0.01s Sys=0.00s Real=0.01s
[577.178s][info][gc          ] GC(2123) Concurrent Undo Cycle
[577.178s][info][gc,marking  ] GC(2123) Concurrent Cleanup for Next Mark
[577.178s][info][gc,marking  ] GC(2123) Concurrent Cleanup for Next Mark 0.207ms
[577.178s][info][gc          ] GC(2123) Concurrent Undo Cycle 0.509ms
[577.698s][info][gc,start    ] GC(2124) Pause Young (Concurrent Start) (G1 Humongous Allocation)
[577.699s][info][gc,task     ] GC(2124) Using 8 workers of 8 for evacuation
[577.701s][info][gc,phases   ] GC(2124)   Pre Evacuate Collection Set: 0.4ms
[577.702s][info][gc,phases   ] GC(2124)   Merge Heap Roots: 0.2ms
[577.702s][info][gc,phases   ] GC(2124)   Evacuate Collection Set: 1.1ms
[577.702s][info][gc,phases   ] GC(2124)   Post Evacuate Collection Set: 0.9ms
[577.702s][info][gc,phases   ] GC(2124)   Other: 0.3ms
[577.702s][info][gc,heap     ] GC(2124) Eden regions: 1->0(75)
[577.702s][info][gc,heap     ] GC(2124) Survivor regions: 1->1(10)
[577.702s][info][gc,heap     ] GC(2124) Old regions: 8->8
[577.702s][info][gc,heap     ] GC(2124) Archive regions: 2->2
[577.702s][info][gc,heap     ] GC(2124) Humongous regions: 96->0
[577.702s][info][gc,metaspace] GC(2124) Metaspace: 29090K(29504K)->29090K(29504K) NonClass: 25530K(25728K)->25530K(25728K) Class: 3559K(3776K)->3559K(3776K)
[577.702s][info][gc          ] GC(2124) Pause Young (Concurrent Start) (G1 Humongous Allocation) 210M->16M(254M) 3.573ms
[577.702s][info][gc,cpu      ] GC(2124) User=0.00s Sys=0.00s Real=0.00s
[577.702s][info][gc          ] GC(2125) Concurrent Undo Cycle
[577.702s][info][gc,marking  ] GC(2125) Concurrent Cleanup for Next Mark
[577.703s][info][gc,marking  ] GC(2125) Concurrent Cleanup for Next Mark 0.197ms
[577.703s][info][gc          ] GC(2125) Concurrent Undo Cycle 0.482ms
[578.222s][info][gc,start    ] GC(2126) Pause Young (Concurrent Start) (G1 Humongous Allocation)
[578.222s][info][gc,task     ] GC(2126) Using 8 workers of 8 for evacuation
[578.224s][info][gc,phases   ] GC(2126)   Pre Evacuate Collection Set: 0.4ms
[578.224s][info][gc,phases   ] GC(2126)   Merge Heap Roots: 0.1ms
[578.224s][info][gc,phases   ] GC(2126)   Evacuate Collection Set: 0.8ms
[578.224s][info][gc,phases   ] GC(2126)   Post Evacuate Collection Set: 0.5ms
[578.224s][info][gc,phases   ] GC(2126)   Other: 0.2ms
[578.224s][info][gc,heap     ] GC(2126) Eden regions: 1->0(75)
[578.224s][info][gc,heap     ] GC(2126) Survivor regions: 1->1(10)
[578.224s][info][gc,heap     ] GC(2126) Old regions: 8->8
[578.224s][info][gc,heap     ] GC(2126) Archive regions: 2->2
[578.224s][info][gc,heap     ] GC(2126) Humongous regions: 96->0
[578.224s][info][gc,metaspace] GC(2126) Metaspace: 29090K(29504K)->29090K(29504K) NonClass: 25530K(25728K)->25530K(25728K) Class: 3559K(3776K)->3559K(3776K)
[578.224s][info][gc          ] GC(2126) Pause Young (Concurrent Start) (G1 Humongous Allocation) 210M->16M(254M) 2.487ms
[578.224s][info][gc,cpu      ] GC(2126) User=0.00s Sys=0.00s Real=0.00s
[578.224s][info][gc          ] GC(2127) Concurrent Undo Cycle
[578.224s][info][gc,marking  ] GC(2127) Concurrent Cleanup for Next Mark
[578.225s][info][gc,marking  ] GC(2127) Concurrent Cleanup for Next Mark 0.127ms
[578.225s][info][gc          ] GC(2127) Concurrent Undo Cycle 0.344ms
[578.747s][info][gc,start    ] GC(2128) Pause Young (Concurrent Start) (G1 Humongous Allocation)
[578.747s][info][gc,task     ] GC(2128) Using 8 workers of 8 for evacuation
[578.749s][info][gc,phases   ] GC(2128)   Pre Evacuate Collection Set: 0.3ms
[578.750s][info][gc,phases   ] GC(2128)   Merge Heap Roots: 0.1ms
[578.750s][info][gc,phases   ] GC(2128)   Evacuate Collection Set: 1.0ms
[578.750s][info][gc,phases   ] GC(2128)   Post Evacuate Collection Set: 0.5ms
[578.750s][info][gc,phases   ] GC(2128)   Other: 0.1ms
[578.750s][info][gc,heap     ] GC(2128) Eden regions: 1->0(75)
[578.750s][info][gc,heap     ] GC(2128) Survivor regions: 1->1(10)
[578.750s][info][gc,heap     ] GC(2128) Old regions: 8->8
[578.750s][info][gc,heap     ] GC(2128) Archive regions: 2->2
[578.750s][info][gc,heap     ] GC(2128) Humongous regions: 96->0
[578.750s][info][gc,metaspace] GC(2128) Metaspace: 29090K(29504K)->29090K(29504K) NonClass: 25530K(25728K)->25530K(25728K) Class: 3559K(3776K)->3559K(3776K)
[578.750s][info][gc          ] GC(2128) Pause Young (Concurrent Start) (G1 Humongous Allocation) 210M->16M(254M) 2.539ms
[578.750s][info][gc,cpu      ] GC(2128) User=0.01s Sys=0.00s Real=0.00s
[578.750s][info][gc          ] GC(2129) Concurrent Undo Cycle
[578.750s][info][gc,marking  ] GC(2129) Concurrent Cleanup for Next Mark
[578.750s][info][gc,marking  ] GC(2129) Concurrent Cleanup for Next Mark 0.229ms
[578.750s][info][gc          ] GC(2129) Concurrent Undo Cycle 0.497ms
[579.264s][info][gc,start    ] GC(2130) Pause Young (Concurrent Start) (G1 Humongous Allocation)
[579.264s][info][gc,task     ] GC(2130) Using 8 workers of 8 for evacuation
[579.267s][info][gc,phases   ] GC(2130)   Pre Evacuate Collection Set: 0.5ms
[579.267s][info][gc,phases   ] GC(2130)   Merge Heap Roots: 0.2ms
[579.267s][info][gc,phases   ] GC(2130)   Evacuate Collection Set: 1.2ms
[579.267s][info][gc,phases   ] GC(2130)   Post Evacuate Collection Set: 0.8ms
[579.267s][info][gc,phases   ] GC(2130)   Other: 0.2ms
[579.267s][info][gc,heap     ] GC(2130) Eden regions: 1->0(75)
[579.267s][info][gc,heap     ] GC(2130) Survivor regions: 1->1(10)
[579.267s][info][gc,heap     ] GC(2130) Old regions: 8->8
[579.267s][info][gc,heap     ] GC(2130) Archive regions: 2->2
[579.267s][info][gc,heap     ] GC(2130) Humongous regions: 96->0
[579.267s][info][gc,metaspace] GC(2130) Metaspace: 29090K(29504K)->29090K(29504K) NonClass: 25530K(25728K)->25530K(25728K) Class: 3559K(3776K)->3559K(3776K)
[579.268s][info][gc          ] GC(2130) Pause Young (Concurrent Start) (G1 Humongous Allocation) 210M->16M(254M) 3.691ms
[579.268s][info][gc,cpu      ] GC(2130) User=0.01s Sys=0.00s Real=0.01s
[579.268s][info][gc          ] GC(2131) Concurrent Undo Cycle
[579.268s][info][gc,marking  ] GC(2131) Concurrent Cleanup for Next Mark
[579.268s][info][gc,marking  ] GC(2131) Concurrent Cleanup for Next Mark 0.211ms
[579.268s][info][gc          ] GC(2131) Concurrent Undo Cycle 0.483ms
[579.790s][info][gc,start    ] GC(2132) Pause Young (Concurrent Start) (G1 Humongous Allocation)
[579.790s][info][gc,task     ] GC(2132) Using 8 workers of 8 for evacuation
[579.793s][info][gc,phases   ] GC(2132)   Pre Evacuate Collection Set: 0.4ms
[579.793s][info][gc,phases   ] GC(2132)   Merge Heap Roots: 0.2ms
[579.793s][info][gc,phases   ] GC(2132)   Evacuate Collection Set: 1.2ms
[579.793s][info][gc,phases   ] GC(2132)   Post Evacuate Collection Set: 0.8ms
[579.793s][info][gc,phases   ] GC(2132)   Other: 0.2ms
[579.793s][info][gc,heap     ] GC(2132) Eden regions: 1->0(75)
[579.793s][info][gc,heap     ] GC(2132) Survivor regions: 1->1(10)
[579.793s][info][gc,heap     ] GC(2132) Old regions: 8->8
[579.793s][info][gc,heap     ] GC(2132) Archive regions: 2->2
[579.793s][info][gc,heap     ] GC(2132) Humongous regions: 96->0
[579.793s][info][gc,metaspace] GC(2132) Metaspace: 29090K(29504K)->29090K(29504K) NonClass: 25530K(25728K)->25530K(25728K) Class: 3559K(3776K)->3559K(3776K)
[579.793s][info][gc          ] GC(2132) Pause Young (Concurrent Start) (G1 Humongous Allocation) 210M->16M(254M) 3.499ms
[579.793s][info][gc,cpu      ] GC(2132) User=0.00s Sys=0.00s Real=0.00s
[579.793s][info][gc          ] GC(2133) Concurrent Undo Cycle
[579.794s][info][gc,marking  ] GC(2133) Concurrent Cleanup for Next Mark
[579.794s][info][gc,marking  ] GC(2133) Concurrent Cleanup for Next Mark 0.183ms
[579.794s][info][gc          ] GC(2133) Concurrent Undo Cycle 0.405ms
[580.312s][info][gc,start    ] GC(2134) Pause Young (Concurrent Start) (G1 Humongous Allocation)
[580.312s][info][gc,task     ] GC(2134) Using 8 workers of 8 for evacuation
[580.314s][info][gc,phases   ] GC(2134)   Pre Evacuate Collection Set: 0.3ms
[580.314s][info][gc,phases   ] GC(2134)   Merge Heap Roots: 0.2ms
[580.314s][info][gc,phases   ] GC(2134)   Evacuate Collection Set: 0.9ms
[580.314s][info][gc,phases   ] GC(2134)   Post Evacuate Collection Set: 0.5ms
[580.314s][info][gc,phases   ] GC(2134)   Other: 0.3ms
[580.314s][info][gc,heap     ] GC(2134) Eden regions: 1->0(75)
[580.314s][info][gc,heap     ] GC(2134) Survivor regions: 1->1(10)
[580.314s][info][gc,heap     ] GC(2134) Old regions: 8->8
[580.314s][info][gc,heap     ] GC(2134) Archive regions: 2->2
[580.314s][info][gc,heap     ] GC(2134) Humongous regions: 96->0
[580.314s][info][gc,metaspace] GC(2134) Metaspace: 29090K(29504K)->29090K(29504K) NonClass: 25530K(25728K)->25530K(25728K) Class: 3559K(3776K)->3559K(3776K)
[580.314s][info][gc          ] GC(2134) Pause Young (Concurrent Start) (G1 Humongous Allocation) 210M->16M(254M) 2.762ms
[580.314s][info][gc,cpu      ] GC(2134) User=0.00s Sys=0.00s Real=0.00s
[580.314s][info][gc          ] GC(2135) Concurrent Undo Cycle
[580.314s][info][gc,marking  ] GC(2135) Concurrent Cleanup for Next Mark
[580.315s][info][gc,marking  ] GC(2135) Concurrent Cleanup for Next Mark 0.187ms
[580.315s][info][gc          ] GC(2135) Concurrent Undo Cycle 0.374ms
[580.834s][info][gc,start    ] GC(2136) Pause Young (Concurrent Start) (G1 Humongous Allocation)
[580.834s][info][gc,task     ] GC(2136) Using 8 workers of 8 for evacuation
[580.837s][info][gc,phases   ] GC(2136)   Pre Evacuate Collection Set: 0.5ms
[580.837s][info][gc,phases   ] GC(2136)   Merge Heap Roots: 0.2ms
[580.837s][info][gc,phases   ] GC(2136)   Evacuate Collection Set: 1.2ms
[580.837s][info][gc,phases   ] GC(2136)   Post Evacuate Collection Set: 0.8ms
[580.837s][info][gc,phases   ] GC(2136)   Other: 0.2ms
[580.837s][info][gc,heap     ] GC(2136) Eden regions: 1->0(75)
[580.837s][info][gc,heap     ] GC(2136) Survivor regions: 1->1(10)
[580.837s][info][gc,heap     ] GC(2136) Old regions: 8->8
[580.837s][info][gc,heap     ] GC(2136) Archive regions: 2->2
[580.837s][info][gc,heap     ] GC(2136) Humongous regions: 96->0
[580.837s][info][gc,metaspace] GC(2136) Metaspace: 29090K(29504K)->29090K(29504K) NonClass: 25530K(25728K)->25530K(25728K) Class: 3559K(3776K)->3559K(3776K)
[580.837s][info][gc          ] GC(2136) Pause Young (Concurrent Start) (G1 Humongous Allocation) 210M->16M(254M) 3.635ms
[580.838s][info][gc,cpu      ] GC(2136) User=0.01s Sys=0.01s Real=0.01s
[580.838s][info][gc          ] GC(2137) Concurrent Undo Cycle
[580.838s][info][gc,marking  ] GC(2137) Concurrent Cleanup for Next Mark
[580.838s][info][gc,marking  ] GC(2137) Concurrent Cleanup for Next Mark 0.302ms
[580.838s][info][gc          ] GC(2137) Concurrent Undo Cycle 0.625ms
[581.359s][info][gc,start    ] GC(2138) Pause Young (Concurrent Start) (G1 Humongous Allocation)
[581.359s][info][gc,task     ] GC(2138) Using 8 workers of 8 for evacuation
[581.362s][info][gc,phases   ] GC(2138)   Pre Evacuate Collection Set: 0.4ms
[581.362s][info][gc,phases   ] GC(2138)   Merge Heap Roots: 0.2ms
[581.362s][info][gc,phases   ] GC(2138)   Evacuate Collection Set: 1.2ms
[581.362s][info][gc,phases   ] GC(2138)   Post Evacuate Collection Set: 0.8ms
[581.362s][info][gc,phases   ] GC(2138)   Other: 0.3ms
[581.362s][info][gc,heap     ] GC(2138) Eden regions: 2->0(75)
[581.362s][info][gc,heap     ] GC(2138) Survivor regions: 1->1(10)
[581.362s][info][gc,heap     ] GC(2138) Old regions: 8->8
[581.362s][info][gc,heap     ] GC(2138) Archive regions: 2->2
[581.362s][info][gc,heap     ] GC(2138) Humongous regions: 96->0
[581.362s][info][gc,metaspace] GC(2138) Metaspace: 29090K(29504K)->29090K(29504K) NonClass: 25530K(25728K)->25530K(25728K) Class: 3559K(3776K)->3559K(3776K)
[581.362s][info][gc          ] GC(2138) Pause Young (Concurrent Start) (G1 Humongous Allocation) 210M->16M(254M) 3.637ms
[581.362s][info][gc,cpu      ] GC(2138) User=0.01s Sys=0.00s Real=0.00s
[581.362s][info][gc          ] GC(2139) Concurrent Undo Cycle
[581.363s][info][gc,marking  ] GC(2139) Concurrent Cleanup for Next Mark
[581.363s][info][gc,marking  ] GC(2139) Concurrent Cleanup for Next Mark 0.165ms
[581.363s][info][gc          ] GC(2139) Concurrent Undo Cycle 0.448ms
[581.881s][info][gc,start    ] GC(2140) Pause Young (Concurrent Start) (G1 Humongous Allocation)
[581.881s][info][gc,task     ] GC(2140) Using 8 workers of 8 for evacuation
[581.884s][info][gc,phases   ] GC(2140)   Pre Evacuate Collection Set: 0.4ms
[581.884s][info][gc,phases   ] GC(2140)   Merge Heap Roots: 0.2ms
[581.884s][info][gc,phases   ] GC(2140)   Evacuate Collection Set: 1.3ms
[581.884s][info][gc,phases   ] GC(2140)   Post Evacuate Collection Set: 0.8ms
[581.884s][info][gc,phases   ] GC(2140)   Other: 0.2ms
[581.884s][info][gc,heap     ] GC(2140) Eden regions: 1->0(75)
[581.884s][info][gc,heap     ] GC(2140) Survivor regions: 1->1(10)
[581.884s][info][gc,heap     ] GC(2140) Old regions: 8->8
[581.884s][info][gc,heap     ] GC(2140) Archive regions: 2->2
[581.884s][info][gc,heap     ] GC(2140) Humongous regions: 96->0
[581.884s][info][gc,metaspace] GC(2140) Metaspace: 29090K(29504K)->29090K(29504K) NonClass: 25530K(25728K)->25530K(25728K) Class: 3559K(3776K)->3559K(3776K)
[581.885s][info][gc          ] GC(2140) Pause Young (Concurrent Start) (G1 Humongous Allocation) 209M->16M(254M) 3.612ms
[581.885s][info][gc,cpu      ] GC(2140) User=0.00s Sys=0.01s Real=0.00s
[581.885s][info][gc          ] GC(2141) Concurrent Undo Cycle
[581.885s][info][gc,marking  ] GC(2141) Concurrent Cleanup for Next Mark
[581.885s][info][gc,marking  ] GC(2141) Concurrent Cleanup for Next Mark 0.174ms
[581.885s][info][gc          ] GC(2141) Concurrent Undo Cycle 0.434ms
[582.405s][info][gc,start    ] GC(2142) Pause Young (Concurrent Start) (G1 Humongous Allocation)
[582.405s][info][gc,task     ] GC(2142) Using 8 workers of 8 for evacuation
[582.406s][info][gc,phases   ] GC(2142)   Pre Evacuate Collection Set: 0.1ms
[582.406s][info][gc,phases   ] GC(2142)   Merge Heap Roots: 0.1ms
[582.406s][info][gc,phases   ] GC(2142)   Evacuate Collection Set: 0.5ms
[582.406s][info][gc,phases   ] GC(2142)   Post Evacuate Collection Set: 0.3ms
[582.406s][info][gc,phases   ] GC(2142)   Other: 0.1ms
[582.406s][info][gc,heap     ] GC(2142) Eden regions: 2->0(75)
[582.406s][info][gc,heap     ] GC(2142) Survivor regions: 1->1(10)
[582.406s][info][gc,heap     ] GC(2142) Old regions: 8->8
[582.406s][info][gc,heap     ] GC(2142) Archive regions: 2->2
[582.406s][info][gc,heap     ] GC(2142) Humongous regions: 96->0
[582.406s][info][gc,metaspace] GC(2142) Metaspace: 29090K(29504K)->29090K(29504K) NonClass: 25530K(25728K)->25530K(25728K) Class: 3559K(3776K)->3559K(3776K)
[582.406s][info][gc          ] GC(2142) Pause Young (Concurrent Start) (G1 Humongous Allocation) 210M->16M(254M) 1.461ms
[582.406s][info][gc,cpu      ] GC(2142) User=0.00s Sys=0.00s Real=0.00s
[582.406s][info][gc          ] GC(2143) Concurrent Undo Cycle
[582.406s][info][gc,marking  ] GC(2143) Concurrent Cleanup for Next Mark
[582.406s][info][gc,marking  ] GC(2143) Concurrent Cleanup for Next Mark 0.058ms
[582.406s][info][gc          ] GC(2143) Concurrent Undo Cycle 0.119ms
[582.915s][info][gc,start    ] GC(2144) Pause Young (Concurrent Start) (G1 Humongous Allocation)
[582.915s][info][gc,task     ] GC(2144) Using 8 workers of 8 for evacuation
[582.916s][info][gc,phases   ] GC(2144)   Pre Evacuate Collection Set: 0.1ms
[582.916s][info][gc,phases   ] GC(2144)   Merge Heap Roots: 0.0ms
[582.916s][info][gc,phases   ] GC(2144)   Evacuate Collection Set: 0.7ms
[582.916s][info][gc,phases   ] GC(2144)   Post Evacuate Collection Set: 0.3ms
[582.916s][info][gc,phases   ] GC(2144)   Other: 0.1ms
[582.916s][info][gc,heap     ] GC(2144) Eden regions: 1->0(75)
[582.916s][info][gc,heap     ] GC(2144) Survivor regions: 1->1(10)
[582.916s][info][gc,heap     ] GC(2144) Old regions: 8->8
[582.916s][info][gc,heap     ] GC(2144) Archive regions: 2->2
[582.916s][info][gc,heap     ] GC(2144) Humongous regions: 96->0
[582.916s][info][gc,metaspace] GC(2144) Metaspace: 29090K(29504K)->29090K(29504K) NonClass: 25530K(25728K)->25530K(25728K) Class: 3559K(3776K)->3559K(3776K)
[582.917s][info][gc          ] GC(2144) Pause Young (Concurrent Start) (G1 Humongous Allocation) 209M->16M(254M) 1.719ms
[582.917s][info][gc          ] GC(2145) Concurrent Undo Cycle
[582.917s][info][gc,cpu      ] GC(2144) User=0.00s Sys=0.00s Real=0.01s
[582.917s][info][gc,marking  ] GC(2145) Concurrent Cleanup for Next Mark
[582.917s][info][gc,marking  ] GC(2145) Concurrent Cleanup for Next Mark 0.113ms
[582.917s][info][gc          ] GC(2145) Concurrent Undo Cycle 0.169ms
[583.427s][info][gc,start    ] GC(2146) Pause Young (Concurrent Start) (G1 Humongous Allocation)
[583.427s][info][gc,task     ] GC(2146) Using 8 workers of 8 for evacuation
[583.428s][info][gc,phases   ] GC(2146)   Pre Evacuate Collection Set: 0.1ms
[583.428s][info][gc,phases   ] GC(2146)   Merge Heap Roots: 0.0ms
[583.428s][info][gc,phases   ] GC(2146)   Evacuate Collection Set: 0.6ms
[583.428s][info][gc,phases   ] GC(2146)   Post Evacuate Collection Set: 0.3ms
[583.428s][info][gc,phases   ] GC(2146)   Other: 0.1ms
[583.428s][info][gc,heap     ] GC(2146) Eden regions: 2->0(75)
[583.428s][info][gc,heap     ] GC(2146) Survivor regions: 1->1(10)
[583.428s][info][gc,heap     ] GC(2146) Old regions: 8->8
[583.428s][info][gc,heap     ] GC(2146) Archive regions: 2->2
[583.428s][info][gc,heap     ] GC(2146) Humongous regions: 96->0
[583.428s][info][gc,metaspace] GC(2146) Metaspace: 29090K(29504K)->29090K(29504K) NonClass: 25530K(25728K)->25530K(25728K) Class: 3559K(3776K)->3559K(3776K)
[583.428s][info][gc          ] GC(2146) Pause Young (Concurrent Start) (G1 Humongous Allocation) 210M->16M(254M) 1.434ms
[583.428s][info][gc          ] GC(2147) Concurrent Undo Cycle
[583.428s][info][gc,cpu      ] GC(2146) User=0.01s Sys=0.00s Real=0.00s
[583.428s][info][gc,marking  ] GC(2147) Concurrent Cleanup for Next Mark
[583.428s][info][gc,marking  ] GC(2147) Concurrent Cleanup for Next Mark 0.057ms
[583.428s][info][gc          ] GC(2147) Concurrent Undo Cycle 0.126ms
[583.939s][info][gc,start    ] GC(2148) Pause Young (Concurrent Start) (G1 Humongous Allocation)
[583.939s][info][gc,task     ] GC(2148) Using 8 workers of 8 for evacuation
[583.940s][info][gc,phases   ] GC(2148)   Pre Evacuate Collection Set: 0.1ms
[583.940s][info][gc,phases   ] GC(2148)   Merge Heap Roots: 0.0ms
[583.940s][info][gc,phases   ] GC(2148)   Evacuate Collection Set: 0.5ms
[583.940s][info][gc,phases   ] GC(2148)   Post Evacuate Collection Set: 0.2ms
[583.940s][info][gc,phases   ] GC(2148)   Other: 0.1ms
[583.940s][info][gc,heap     ] GC(2148) Eden regions: 1->0(75)
[583.940s][info][gc,heap     ] GC(2148) Survivor regions: 1->1(10)
[583.940s][info][gc,heap     ] GC(2148) Old regions: 8->8
[583.940s][info][gc,heap     ] GC(2148) Archive regions: 2->2
[583.941s][info][gc,heap     ] GC(2148) Humongous regions: 96->0
[583.941s][info][gc,metaspace] GC(2148) Metaspace: 29090K(29504K)->29090K(29504K) NonClass: 25530K(25728K)->25530K(25728K) Class: 3559K(3776K)->3559K(3776K)
[583.941s][info][gc          ] GC(2148) Pause Young (Concurrent Start) (G1 Humongous Allocation) 209M->16M(254M) 1.323ms
[583.941s][info][gc,cpu      ] GC(2148) User=0.01s Sys=0.00s Real=0.00s
[583.941s][info][gc          ] GC(2149) Concurrent Undo Cycle
[583.941s][info][gc,marking  ] GC(2149) Concurrent Cleanup for Next Mark
[583.941s][info][gc,marking  ] GC(2149) Concurrent Cleanup for Next Mark 0.048ms
[583.941s][info][gc          ] GC(2149) Concurrent Undo Cycle 0.109ms
[584.451s][info][gc,start    ] GC(2150) Pause Young (Concurrent Start) (G1 Humongous Allocation)
[584.451s][info][gc,task     ] GC(2150) Using 8 workers of 8 for evacuation
[584.452s][info][gc,phases   ] GC(2150)   Pre Evacuate Collection Set: 0.1ms
[584.452s][info][gc,phases   ] GC(2150)   Merge Heap Roots: 0.0ms
[584.452s][info][gc,phases   ] GC(2150)   Evacuate Collection Set: 0.6ms
[584.452s][info][gc,phases   ] GC(2150)   Post Evacuate Collection Set: 0.3ms
[584.452s][info][gc,phases   ] GC(2150)   Other: 0.1ms
[584.452s][info][gc,heap     ] GC(2150) Eden regions: 2->0(75)
[584.452s][info][gc,heap     ] GC(2150) Survivor regions: 1->1(10)
[584.452s][info][gc,heap     ] GC(2150) Old regions: 8->8
[584.452s][info][gc,heap     ] GC(2150) Archive regions: 2->2
[584.452s][info][gc,heap     ] GC(2150) Humongous regions: 96->0
[584.452s][info][gc,metaspace] GC(2150) Metaspace: 29090K(29504K)->29090K(29504K) NonClass: 25530K(25728K)->25530K(25728K) Class: 3559K(3776K)->3559K(3776K)
[584.452s][info][gc          ] GC(2150) Pause Young (Concurrent Start) (G1 Humongous Allocation) 210M->16M(254M) 1.399ms
[584.452s][info][gc          ] GC(2151) Concurrent Undo Cycle
[584.452s][info][gc,cpu      ] GC(2150) User=0.01s Sys=0.00s Real=0.00s
[584.452s][info][gc,marking  ] GC(2151) Concurrent Cleanup for Next Mark
[584.452s][info][gc,marking  ] GC(2151) Concurrent Cleanup for Next Mark 0.075ms
[584.452s][info][gc          ] GC(2151) Concurrent Undo Cycle 0.136ms
[584.962s][info][gc,start    ] GC(2152) Pause Young (Concurrent Start) (G1 Humongous Allocation)
[584.963s][info][gc,task     ] GC(2152) Using 8 workers of 8 for evacuation
[584.966s][info][gc,phases   ] GC(2152)   Pre Evacuate Collection Set: 0.4ms
[584.966s][info][gc,phases   ] GC(2152)   Merge Heap Roots: 0.3ms
[584.966s][info][gc,phases   ] GC(2152)   Evacuate Collection Set: 1.6ms
[584.966s][info][gc,phases   ] GC(2152)   Post Evacuate Collection Set: 0.8ms
[584.966s][info][gc,phases   ] GC(2152)   Other: 0.2ms
[584.966s][info][gc,heap     ] GC(2152) Eden regions: 1->0(75)
[584.966s][info][gc,heap     ] GC(2152) Survivor regions: 1->1(10)
[584.966s][info][gc,heap     ] GC(2152) Old regions: 8->8
[584.966s][info][gc,heap     ] GC(2152) Archive regions: 2->2
[584.966s][info][gc,heap     ] GC(2152) Humongous regions: 96->0
[584.966s][info][gc,metaspace] GC(2152) Metaspace: 29090K(29504K)->29090K(29504K) NonClass: 25530K(25728K)->25530K(25728K) Class: 3559K(3776K)->3559K(3776K)
[584.966s][info][gc          ] GC(2152) Pause Young (Concurrent Start) (G1 Humongous Allocation) 209M->16M(254M) 3.909ms
[584.966s][info][gc,cpu      ] GC(2152) User=0.00s Sys=0.01s Real=0.00s
[584.966s][info][gc          ] GC(2153) Concurrent Undo Cycle
[584.966s][info][gc,marking  ] GC(2153) Concurrent Cleanup for Next Mark
[584.967s][info][gc,marking  ] GC(2153) Concurrent Cleanup for Next Mark 0.120ms
[584.967s][info][gc          ] GC(2153) Concurrent Undo Cycle 0.309ms
[585.481s][info][gc,start    ] GC(2154) Pause Young (Concurrent Start) (G1 Humongous Allocation)
[585.481s][info][gc,task     ] GC(2154) Using 8 workers of 8 for evacuation
[585.484s][info][gc,phases   ] GC(2154)   Pre Evacuate Collection Set: 0.4ms
[585.484s][info][gc,phases   ] GC(2154)   Merge Heap Roots: 0.2ms
[585.484s][info][gc,phases   ] GC(2154)   Evacuate Collection Set: 1.2ms
[585.484s][info][gc,phases   ] GC(2154)   Post Evacuate Collection Set: 0.8ms
[585.484s][info][gc,phases   ] GC(2154)   Other: 0.2ms
[585.484s][info][gc,heap     ] GC(2154) Eden regions: 2->0(75)
[585.484s][info][gc,heap     ] GC(2154) Survivor regions: 1->1(10)
[585.484s][info][gc,heap     ] GC(2154) Old regions: 8->8
[585.484s][info][gc,heap     ] GC(2154) Archive regions: 2->2
[585.484s][info][gc,heap     ] GC(2154) Humongous regions: 96->0
[585.484s][info][gc,metaspace] GC(2154) Metaspace: 29090K(29504K)->29090K(29504K) NonClass: 25530K(25728K)->25530K(25728K) Class: 3559K(3776K)->3559K(3776K)
[585.484s][info][gc          ] GC(2154) Pause Young (Concurrent Start) (G1 Humongous Allocation) 210M->16M(254M) 3.499ms
[585.484s][info][gc,cpu      ] GC(2154) User=0.00s Sys=0.00s Real=0.00s
[585.484s][info][gc          ] GC(2155) Concurrent Undo Cycle
[585.485s][info][gc,marking  ] GC(2155) Concurrent Cleanup for Next Mark
[585.485s][info][gc,marking  ] GC(2155) Concurrent Cleanup for Next Mark 0.223ms
[585.485s][info][gc          ] GC(2155) Concurrent Undo Cycle 0.514ms
[586.000s][info][gc,start    ] GC(2156) Pause Young (Concurrent Start) (G1 Humongous Allocation)
[586.000s][info][gc,task     ] GC(2156) Using 8 workers of 8 for evacuation
[586.001s][info][gc,phases   ] GC(2156)   Pre Evacuate Collection Set: 0.1ms
[586.001s][info][gc,phases   ] GC(2156)   Merge Heap Roots: 0.1ms
[586.001s][info][gc,phases   ] GC(2156)   Evacuate Collection Set: 0.5ms
[586.001s][info][gc,phases   ] GC(2156)   Post Evacuate Collection Set: 0.2ms
[586.001s][info][gc,phases   ] GC(2156)   Other: 0.0ms
[586.001s][info][gc,heap     ] GC(2156) Eden regions: 1->0(75)
[586.001s][info][gc,heap     ] GC(2156) Survivor regions: 1->1(10)
[586.001s][info][gc,heap     ] GC(2156) Old regions: 8->8
[586.001s][info][gc,heap     ] GC(2156) Archive regions: 2->2
[586.001s][info][gc,heap     ] GC(2156) Humongous regions: 96->0
[586.001s][info][gc,metaspace] GC(2156) Metaspace: 29090K(29504K)->29090K(29504K) NonClass: 25530K(25728K)->25530K(25728K) Class: 3559K(3776K)->3559K(3776K)
[586.001s][info][gc          ] GC(2156) Pause Young (Concurrent Start) (G1 Humongous Allocation) 209M->16M(254M) 1.158ms
[586.001s][info][gc,cpu      ] GC(2156) User=0.00s Sys=0.00s Real=0.00s
[586.001s][info][gc          ] GC(2157) Concurrent Undo Cycle
[586.001s][info][gc,marking  ] GC(2157) Concurrent Cleanup for Next Mark
[586.001s][info][gc,marking  ] GC(2157) Concurrent Cleanup for Next Mark 0.059ms
[586.001s][info][gc          ] GC(2157) Concurrent Undo Cycle 0.155ms
[586.508s][info][gc,start    ] GC(2158) Pause Young (Concurrent Start) (G1 Humongous Allocation)
[586.508s][info][gc,task     ] GC(2158) Using 8 workers of 8 for evacuation
[586.509s][info][gc,phases   ] GC(2158)   Pre Evacuate Collection Set: 0.1ms
[586.509s][info][gc,phases   ] GC(2158)   Merge Heap Roots: 0.0ms
[586.510s][info][gc,phases   ] GC(2158)   Evacuate Collection Set: 0.5ms
[586.510s][info][gc,phases   ] GC(2158)   Post Evacuate Collection Set: 0.3ms
[586.510s][info][gc,phases   ] GC(2158)   Other: 0.1ms
[586.510s][info][gc,heap     ] GC(2158) Eden regions: 2->0(75)
[586.510s][info][gc,heap     ] GC(2158) Survivor regions: 1->1(10)
[586.510s][info][gc,heap     ] GC(2158) Old regions: 8->8
[586.510s][info][gc,heap     ] GC(2158) Archive regions: 2->2
[586.510s][info][gc,heap     ] GC(2158) Humongous regions: 96->0
[586.510s][info][gc,metaspace] GC(2158) Metaspace: 29090K(29504K)->29090K(29504K) NonClass: 25530K(25728K)->25530K(25728K) Class: 3559K(3776K)->3559K(3776K)
[586.510s][info][gc          ] GC(2158) Pause Young (Concurrent Start) (G1 Humongous Allocation) 210M->16M(254M) 1.425ms
[586.510s][info][gc          ] GC(2159) Concurrent Undo Cycle
[586.510s][info][gc,cpu      ] GC(2158) User=0.00s Sys=0.00s Real=0.00s
[586.510s][info][gc,marking  ] GC(2159) Concurrent Cleanup for Next Mark
[586.510s][info][gc,marking  ] GC(2159) Concurrent Cleanup for Next Mark 0.090ms
[586.510s][info][gc          ] GC(2159) Concurrent Undo Cycle 0.147ms
[587.024s][info][gc,start    ] GC(2160) Pause Young (Concurrent Start) (G1 Humongous Allocation)
[587.024s][info][gc,task     ] GC(2160) Using 8 workers of 8 for evacuation
[587.027s][info][gc,phases   ] GC(2160)   Pre Evacuate Collection Set: 0.4ms
[587.027s][info][gc,phases   ] GC(2160)   Merge Heap Roots: 0.2ms
[587.027s][info][gc,phases   ] GC(2160)   Evacuate Collection Set: 1.1ms
[587.027s][info][gc,phases   ] GC(2160)   Post Evacuate Collection Set: 0.8ms
[587.027s][info][gc,phases   ] GC(2160)   Other: 0.2ms
[587.027s][info][gc,heap     ] GC(2160) Eden regions: 1->0(75)
[587.027s][info][gc,heap     ] GC(2160) Survivor regions: 1->1(10)
[587.028s][info][gc,heap     ] GC(2160) Old regions: 8->8
[587.028s][info][gc,heap     ] GC(2160) Archive regions: 2->2
[587.028s][info][gc,heap     ] GC(2160) Humongous regions: 96->0
[587.028s][info][gc,metaspace] GC(2160) Metaspace: 29090K(29504K)->29090K(29504K) NonClass: 25530K(25728K)->25530K(25728K) Class: 3559K(3776K)->3559K(3776K)
[587.028s][info][gc          ] GC(2160) Pause Young (Concurrent Start) (G1 Humongous Allocation) 210M->16M(254M) 3.519ms
[587.028s][info][gc,cpu      ] GC(2160) User=0.01s Sys=0.00s Real=0.01s
[587.028s][info][gc          ] GC(2161) Concurrent Undo Cycle
[587.028s][info][gc,marking  ] GC(2161) Concurrent Cleanup for Next Mark
[587.028s][info][gc,marking  ] GC(2161) Concurrent Cleanup for Next Mark 0.185ms
[587.028s][info][gc          ] GC(2161) Concurrent Undo Cycle 0.470ms
[587.547s][info][gc,start    ] GC(2162) Pause Young (Concurrent Start) (G1 Humongous Allocation)
[587.547s][info][gc,task     ] GC(2162) Using 8 workers of 8 for evacuation
[587.548s][info][gc,phases   ] GC(2162)   Pre Evacuate Collection Set: 0.2ms
[587.548s][info][gc,phases   ] GC(2162)   Merge Heap Roots: 0.1ms
[587.548s][info][gc,phases   ] GC(2162)   Evacuate Collection Set: 0.7ms
[587.548s][info][gc,phases   ] GC(2162)   Post Evacuate Collection Set: 0.3ms
[587.548s][info][gc,phases   ] GC(2162)   Other: 0.1ms
[587.548s][info][gc,heap     ] GC(2162) Eden regions: 2->0(75)
[587.548s][info][gc,heap     ] GC(2162) Survivor regions: 1->1(10)
[587.548s][info][gc,heap     ] GC(2162) Old regions: 8->8
[587.548s][info][gc,heap     ] GC(2162) Archive regions: 2->2
[587.548s][info][gc,heap     ] GC(2162) Humongous regions: 96->0
[587.548s][info][gc,metaspace] GC(2162) Metaspace: 29090K(29504K)->29090K(29504K) NonClass: 25530K(25728K)->25530K(25728K) Class: 3559K(3776K)->3559K(3776K)
[587.548s][info][gc          ] GC(2162) Pause Young (Concurrent Start) (G1 Humongous Allocation) 210M->16M(254M) 1.696ms
[587.548s][info][gc          ] GC(2163) Concurrent Undo Cycle
[587.548s][info][gc,cpu      ] GC(2162) User=0.01s Sys=0.00s Real=0.00s
[587.548s][info][gc,marking  ] GC(2163) Concurrent Cleanup for Next Mark
[587.549s][info][gc,marking  ] GC(2163) Concurrent Cleanup for Next Mark 0.099ms
[587.549s][info][gc          ] GC(2163) Concurrent Undo Cycle 0.163ms
[588.061s][info][gc,start    ] GC(2164) Pause Young (Concurrent Start) (G1 Humongous Allocation)
[588.062s][info][gc,task     ] GC(2164) Using 8 workers of 8 for evacuation
[588.063s][info][gc,phases   ] GC(2164)   Pre Evacuate Collection Set: 0.1ms
[588.063s][info][gc,phases   ] GC(2164)   Merge Heap Roots: 0.0ms
[588.063s][info][gc,phases   ] GC(2164)   Evacuate Collection Set: 0.6ms
[588.063s][info][gc,phases   ] GC(2164)   Post Evacuate Collection Set: 0.2ms
[588.063s][info][gc,phases   ] GC(2164)   Other: 0.1ms
[588.063s][info][gc,heap     ] GC(2164) Eden regions: 1->0(75)
[588.063s][info][gc,heap     ] GC(2164) Survivor regions: 1->1(10)
[588.063s][info][gc,heap     ] GC(2164) Old regions: 8->8
[588.063s][info][gc,heap     ] GC(2164) Archive regions: 2->2
[588.063s][info][gc,heap     ] GC(2164) Humongous regions: 96->0
[588.063s][info][gc,metaspace] GC(2164) Metaspace: 29090K(29504K)->29090K(29504K) NonClass: 25530K(25728K)->25530K(25728K) Class: 3559K(3776K)->3559K(3776K)
[588.063s][info][gc          ] GC(2164) Pause Young (Concurrent Start) (G1 Humongous Allocation) 209M->16M(254M) 1.447ms
[588.063s][info][gc,cpu      ] GC(2164) User=0.00s Sys=0.00s Real=0.00s
[588.063s][info][gc          ] GC(2165) Concurrent Undo Cycle
[588.063s][info][gc,marking  ] GC(2165) Concurrent Cleanup for Next Mark
[588.063s][info][gc,marking  ] GC(2165) Concurrent Cleanup for Next Mark 0.068ms
[588.063s][info][gc          ] GC(2165) Concurrent Undo Cycle 0.225ms
[588.574s][info][gc,start    ] GC(2166) Pause Young (Concurrent Start) (G1 Humongous Allocation)
[588.575s][info][gc,task     ] GC(2166) Using 8 workers of 8 for evacuation
[588.576s][info][gc,phases   ] GC(2166)   Pre Evacuate Collection Set: 0.1ms
[588.576s][info][gc,phases   ] GC(2166)   Merge Heap Roots: 0.0ms
[588.576s][info][gc,phases   ] GC(2166)   Evacuate Collection Set: 0.5ms
[588.576s][info][gc,phases   ] GC(2166)   Post Evacuate Collection Set: 0.4ms
[588.576s][info][gc,phases   ] GC(2166)   Other: 0.0ms
[588.576s][info][gc,heap     ] GC(2166) Eden regions: 2->0(75)
[588.576s][info][gc,heap     ] GC(2166) Survivor regions: 1->1(10)
[588.576s][info][gc,heap     ] GC(2166) Old regions: 8->8
[588.576s][info][gc,heap     ] GC(2166) Archive regions: 2->2
[588.576s][info][gc,heap     ] GC(2166) Humongous regions: 96->0
[588.576s][info][gc,metaspace] GC(2166) Metaspace: 29090K(29504K)->29090K(29504K) NonClass: 25530K(25728K)->25530K(25728K) Class: 3559K(3776K)->3559K(3776K)
[588.576s][info][gc          ] GC(2166) Pause Young (Concurrent Start) (G1 Humongous Allocation) 210M->16M(254M) 1.325ms
[588.576s][info][gc,cpu      ] GC(2166) User=0.00s Sys=0.00s Real=0.00s
[588.576s][info][gc          ] GC(2167) Concurrent Undo Cycle
[588.576s][info][gc,marking  ] GC(2167) Concurrent Cleanup for Next Mark
[588.576s][info][gc,marking  ] GC(2167) Concurrent Cleanup for Next Mark 0.050ms
[588.576s][info][gc          ] GC(2167) Concurrent Undo Cycle 0.105ms
[589.084s][info][gc,start    ] GC(2168) Pause Young (Concurrent Start) (G1 Humongous Allocation)
[589.084s][info][gc,task     ] GC(2168) Using 8 workers of 8 for evacuation
[589.085s][info][gc,phases   ] GC(2168)   Pre Evacuate Collection Set: 0.1ms
[589.085s][info][gc,phases   ] GC(2168)   Merge Heap Roots: 0.0ms
[589.085s][info][gc,phases   ] GC(2168)   Evacuate Collection Set: 0.5ms
[589.085s][info][gc,phases   ] GC(2168)   Post Evacuate Collection Set: 0.2ms
[589.085s][info][gc,phases   ] GC(2168)   Other: 0.1ms
[589.085s][info][gc,heap     ] GC(2168) Eden regions: 1->0(75)
[589.085s][info][gc,heap     ] GC(2168) Survivor regions: 1->1(10)
[589.085s][info][gc,heap     ] GC(2168) Old regions: 8->8
[589.085s][info][gc,heap     ] GC(2168) Archive regions: 2->2
[589.085s][info][gc,heap     ] GC(2168) Humongous regions: 96->0
[589.085s][info][gc,metaspace] GC(2168) Metaspace: 29090K(29504K)->29090K(29504K) NonClass: 25530K(25728K)->25530K(25728K) Class: 3559K(3776K)->3559K(3776K)
[589.085s][info][gc          ] GC(2168) Pause Young (Concurrent Start) (G1 Humongous Allocation) 210M->16M(254M) 1.234ms
[589.085s][info][gc,cpu      ] GC(2168) User=0.00s Sys=0.01s Real=0.00s
[589.085s][info][gc          ] GC(2169) Concurrent Undo Cycle
[589.085s][info][gc,marking  ] GC(2169) Concurrent Cleanup for Next Mark
[589.085s][info][gc,marking  ] GC(2169) Concurrent Cleanup for Next Mark 0.064ms
[589.085s][info][gc          ] GC(2169) Concurrent Undo Cycle 0.180ms
[589.597s][info][gc,start    ] GC(2170) Pause Young (Concurrent Start) (G1 Humongous Allocation)
[589.597s][info][gc,task     ] GC(2170) Using 8 workers of 8 for evacuation
[589.598s][info][gc,phases   ] GC(2170)   Pre Evacuate Collection Set: 0.1ms
[589.598s][info][gc,phases   ] GC(2170)   Merge Heap Roots: 0.0ms
[589.598s][info][gc,phases   ] GC(2170)   Evacuate Collection Set: 0.5ms
[589.598s][info][gc,phases   ] GC(2170)   Post Evacuate Collection Set: 0.3ms
[589.598s][info][gc,phases   ] GC(2170)   Other: 0.1ms
[589.598s][info][gc,heap     ] GC(2170) Eden regions: 1->0(75)
[589.598s][info][gc,heap     ] GC(2170) Survivor regions: 1->1(10)
[589.598s][info][gc,heap     ] GC(2170) Old regions: 8->8
[589.598s][info][gc,heap     ] GC(2170) Archive regions: 2->2
[589.598s][info][gc,heap     ] GC(2170) Humongous regions: 96->0
[589.598s][info][gc,metaspace] GC(2170) Metaspace: 29090K(29504K)->29090K(29504K) NonClass: 25530K(25728K)->25530K(25728K) Class: 3559K(3776K)->3559K(3776K)
[589.598s][info][gc          ] GC(2170) Pause Young (Concurrent Start) (G1 Humongous Allocation) 210M->16M(254M) 1.233ms
[589.598s][info][gc          ] GC(2171) Concurrent Undo Cycle
[589.598s][info][gc,cpu      ] GC(2170) User=0.00s Sys=0.00s Real=0.00s
[589.598s][info][gc,marking  ] GC(2171) Concurrent Cleanup for Next Mark
[589.598s][info][gc,marking  ] GC(2171) Concurrent Cleanup for Next Mark 0.108ms
[589.598s][info][gc          ] GC(2171) Concurrent Undo Cycle 0.188ms
[590.107s][info][gc,start    ] GC(2172) Pause Young (Concurrent Start) (G1 Humongous Allocation)
[590.107s][info][gc,task     ] GC(2172) Using 8 workers of 8 for evacuation
[590.109s][info][gc,phases   ] GC(2172)   Pre Evacuate Collection Set: 0.2ms
[590.110s][info][gc,phases   ] GC(2172)   Merge Heap Roots: 0.1ms
[590.110s][info][gc,phases   ] GC(2172)   Evacuate Collection Set: 1.0ms
[590.110s][info][gc,phases   ] GC(2172)   Post Evacuate Collection Set: 0.7ms
[590.110s][info][gc,phases   ] GC(2172)   Other: 0.2ms
[590.110s][info][gc,heap     ] GC(2172) Eden regions: 1->0(75)
[590.110s][info][gc,heap     ] GC(2172) Survivor regions: 1->1(10)
[590.110s][info][gc,heap     ] GC(2172) Old regions: 8->8
[590.110s][info][gc,heap     ] GC(2172) Archive regions: 2->2
[590.110s][info][gc,heap     ] GC(2172) Humongous regions: 96->0
[590.110s][info][gc,metaspace] GC(2172) Metaspace: 29090K(29504K)->29090K(29504K) NonClass: 25530K(25728K)->25530K(25728K) Class: 3559K(3776K)->3559K(3776K)
[590.110s][info][gc          ] GC(2172) Pause Young (Concurrent Start) (G1 Humongous Allocation) 210M->16M(254M) 2.805ms
[590.110s][info][gc          ] GC(2173) Concurrent Undo Cycle
[590.110s][info][gc,cpu      ] GC(2172) User=0.00s Sys=0.00s Real=0.00s
[590.110s][info][gc,marking  ] GC(2173) Concurrent Cleanup for Next Mark
[590.110s][info][gc,marking  ] GC(2173) Concurrent Cleanup for Next Mark 0.239ms
[590.110s][info][gc          ] GC(2173) Concurrent Undo Cycle 0.384ms
[590.627s][info][gc,start    ] GC(2174) Pause Young (Concurrent Start) (G1 Humongous Allocation)
[590.627s][info][gc,task     ] GC(2174) Using 8 workers of 8 for evacuation
[590.629s][info][gc,phases   ] GC(2174)   Pre Evacuate Collection Set: 0.4ms
[590.629s][info][gc,phases   ] GC(2174)   Merge Heap Roots: 0.1ms
[590.629s][info][gc,phases   ] GC(2174)   Evacuate Collection Set: 0.9ms
[590.629s][info][gc,phases   ] GC(2174)   Post Evacuate Collection Set: 0.5ms
[590.629s][info][gc,phases   ] GC(2174)   Other: 0.1ms
[590.629s][info][gc,heap     ] GC(2174) Eden regions: 1->0(75)
[590.629s][info][gc,heap     ] GC(2174) Survivor regions: 1->1(10)
[590.629s][info][gc,heap     ] GC(2174) Old regions: 8->8
[590.629s][info][gc,heap     ] GC(2174) Archive regions: 2->2
[590.629s][info][gc,heap     ] GC(2174) Humongous regions: 96->0
[590.629s][info][gc,metaspace] GC(2174) Metaspace: 29090K(29504K)->29090K(29504K) NonClass: 25530K(25728K)->25530K(25728K) Class: 3559K(3776K)->3559K(3776K)
[590.630s][info][gc          ] GC(2174) Pause Young (Concurrent Start) (G1 Humongous Allocation) 210M->16M(254M) 2.660ms
[590.630s][info][gc,cpu      ] GC(2174) User=0.00s Sys=0.00s Real=0.00s
[590.630s][info][gc          ] GC(2175) Concurrent Undo Cycle
[590.630s][info][gc,marking  ] GC(2175) Concurrent Cleanup for Next Mark
[590.630s][info][gc,marking  ] GC(2175) Concurrent Cleanup for Next Mark 0.114ms
[590.630s][info][gc          ] GC(2175) Concurrent Undo Cycle 0.249ms
[591.141s][info][gc,start    ] GC(2176) Pause Young (Concurrent Start) (G1 Humongous Allocation)
[591.141s][info][gc,task     ] GC(2176) Using 8 workers of 8 for evacuation
[591.143s][info][gc,phases   ] GC(2176)   Pre Evacuate Collection Set: 0.2ms
[591.143s][info][gc,phases   ] GC(2176)   Merge Heap Roots: 0.1ms
[591.143s][info][gc,phases   ] GC(2176)   Evacuate Collection Set: 0.5ms
[591.143s][info][gc,phases   ] GC(2176)   Post Evacuate Collection Set: 0.4ms
[591.143s][info][gc,phases   ] GC(2176)   Other: 0.1ms
[591.143s][info][gc,heap     ] GC(2176) Eden regions: 1->0(75)
[591.143s][info][gc,heap     ] GC(2176) Survivor regions: 1->1(10)
[591.143s][info][gc,heap     ] GC(2176) Old regions: 8->8
[591.143s][info][gc,heap     ] GC(2176) Archive regions: 2->2
[591.143s][info][gc,heap     ] GC(2176) Humongous regions: 96->0
[591.143s][info][gc,metaspace] GC(2176) Metaspace: 29090K(29504K)->29090K(29504K) NonClass: 25530K(25728K)->25530K(25728K) Class: 3559K(3776K)->3559K(3776K)
[591.143s][info][gc          ] GC(2176) Pause Young (Concurrent Start) (G1 Humongous Allocation) 210M->16M(254M) 1.491ms
[591.143s][info][gc,cpu      ] GC(2176) User=0.00s Sys=0.00s Real=0.00s
[591.143s][info][gc          ] GC(2177) Concurrent Undo Cycle
[591.143s][info][gc,marking  ] GC(2177) Concurrent Cleanup for Next Mark
[591.143s][info][gc,marking  ] GC(2177) Concurrent Cleanup for Next Mark 0.067ms
[591.143s][info][gc          ] GC(2177) Concurrent Undo Cycle 0.127ms
[591.650s][info][gc,start    ] GC(2178) Pause Young (Concurrent Start) (G1 Humongous Allocation)
[591.650s][info][gc,task     ] GC(2178) Using 8 workers of 8 for evacuation
[591.651s][info][gc,phases   ] GC(2178)   Pre Evacuate Collection Set: 0.2ms
[591.651s][info][gc,phases   ] GC(2178)   Merge Heap Roots: 0.1ms
[591.651s][info][gc,phases   ] GC(2178)   Evacuate Collection Set: 0.5ms
[591.651s][info][gc,phases   ] GC(2178)   Post Evacuate Collection Set: 0.4ms
[591.651s][info][gc,phases   ] GC(2178)   Other: 0.1ms
[591.651s][info][gc,heap     ] GC(2178) Eden regions: 1->0(75)
[591.651s][info][gc,heap     ] GC(2178) Survivor regions: 1->1(10)
[591.651s][info][gc,heap     ] GC(2178) Old regions: 8->8
[591.651s][info][gc,heap     ] GC(2178) Archive regions: 2->2
[591.651s][info][gc,heap     ] GC(2178) Humongous regions: 96->0
[591.651s][info][gc,metaspace] GC(2178) Metaspace: 29090K(29504K)->29090K(29504K) NonClass: 25530K(25728K)->25530K(25728K) Class: 3559K(3776K)->3559K(3776K)
[591.651s][info][gc          ] GC(2178) Pause Young (Concurrent Start) (G1 Humongous Allocation) 210M->16M(254M) 1.372ms
[591.651s][info][gc,cpu      ] GC(2178) User=0.00s Sys=0.01s Real=0.00s
[591.651s][info][gc          ] GC(2179) Concurrent Undo Cycle
[591.651s][info][gc,marking  ] GC(2179) Concurrent Cleanup for Next Mark
[591.651s][info][gc,marking  ] GC(2179) Concurrent Cleanup for Next Mark 0.061ms
[591.651s][info][gc          ] GC(2179) Concurrent Undo Cycle 0.135ms
[592.163s][info][gc,start    ] GC(2180) Pause Young (Concurrent Start) (G1 Humongous Allocation)
[592.163s][info][gc,task     ] GC(2180) Using 8 workers of 8 for evacuation
[592.164s][info][gc,phases   ] GC(2180)   Pre Evacuate Collection Set: 0.2ms
[592.164s][info][gc,phases   ] GC(2180)   Merge Heap Roots: 0.1ms
[592.164s][info][gc,phases   ] GC(2180)   Evacuate Collection Set: 0.5ms
[592.164s][info][gc,phases   ] GC(2180)   Post Evacuate Collection Set: 0.4ms
[592.164s][info][gc,phases   ] GC(2180)   Other: 0.1ms
[592.164s][info][gc,heap     ] GC(2180) Eden regions: 1->0(75)
[592.164s][info][gc,heap     ] GC(2180) Survivor regions: 1->1(10)
[592.164s][info][gc,heap     ] GC(2180) Old regions: 8->8
[592.164s][info][gc,heap     ] GC(2180) Archive regions: 2->2
[592.164s][info][gc,heap     ] GC(2180) Humongous regions: 96->0
[592.164s][info][gc,metaspace] GC(2180) Metaspace: 29090K(29504K)->29090K(29504K) NonClass: 25530K(25728K)->25530K(25728K) Class: 3559K(3776K)->3559K(3776K)
[592.164s][info][gc          ] GC(2180) Pause Young (Concurrent Start) (G1 Humongous Allocation) 210M->16M(254M) 1.508ms
[592.164s][info][gc,cpu      ] GC(2180) User=0.00s Sys=0.00s Real=0.00s
[592.164s][info][gc          ] GC(2181) Concurrent Undo Cycle
[592.165s][info][gc,marking  ] GC(2181) Concurrent Cleanup for Next Mark
[592.165s][info][gc,marking  ] GC(2181) Concurrent Cleanup for Next Mark 0.087ms
[592.165s][info][gc          ] GC(2181) Concurrent Undo Cycle 0.179ms
[592.674s][info][gc,start    ] GC(2182) Pause Young (Concurrent Start) (G1 Humongous Allocation)
[592.674s][info][gc,task     ] GC(2182) Using 8 workers of 8 for evacuation
[592.675s][info][gc,phases   ] GC(2182)   Pre Evacuate Collection Set: 0.2ms
[592.675s][info][gc,phases   ] GC(2182)   Merge Heap Roots: 0.1ms
[592.675s][info][gc,phases   ] GC(2182)   Evacuate Collection Set: 0.5ms
[592.675s][info][gc,phases   ] GC(2182)   Post Evacuate Collection Set: 0.3ms
[592.676s][info][gc,phases   ] GC(2182)   Other: 0.1ms
[592.676s][info][gc,heap     ] GC(2182) Eden regions: 1->0(75)
[592.676s][info][gc,heap     ] GC(2182) Survivor regions: 1->1(10)
[592.676s][info][gc,heap     ] GC(2182) Old regions: 8->8
[592.676s][info][gc,heap     ] GC(2182) Archive regions: 2->2
[592.676s][info][gc,heap     ] GC(2182) Humongous regions: 96->0
[592.676s][info][gc,metaspace] GC(2182) Metaspace: 29090K(29504K)->29090K(29504K) NonClass: 25530K(25728K)->25530K(25728K) Class: 3559K(3776K)->3559K(3776K)
[592.676s][info][gc          ] GC(2182) Pause Young (Concurrent Start) (G1 Humongous Allocation) 210M->16M(254M) 1.523ms
[592.676s][info][gc,cpu      ] GC(2182) User=0.00s Sys=0.00s Real=0.00s
[592.676s][info][gc          ] GC(2183) Concurrent Undo Cycle
[592.676s][info][gc,marking  ] GC(2183) Concurrent Cleanup for Next Mark
[592.676s][info][gc,marking  ] GC(2183) Concurrent Cleanup for Next Mark 0.075ms
[592.676s][info][gc          ] GC(2183) Concurrent Undo Cycle 0.151ms
[593.182s][info][gc,start    ] GC(2184) Pause Young (Concurrent Start) (G1 Humongous Allocation)
[593.182s][info][gc,task     ] GC(2184) Using 8 workers of 8 for evacuation
[593.184s][info][gc,phases   ] GC(2184)   Pre Evacuate Collection Set: 0.1ms
[593.184s][info][gc,phases   ] GC(2184)   Merge Heap Roots: 0.0ms
[593.184s][info][gc,phases   ] GC(2184)   Evacuate Collection Set: 0.5ms
[593.184s][info][gc,phases   ] GC(2184)   Post Evacuate Collection Set: 0.4ms
[593.184s][info][gc,phases   ] GC(2184)   Other: 0.1ms
[593.184s][info][gc,heap     ] GC(2184) Eden regions: 1->0(75)
[593.184s][info][gc,heap     ] GC(2184) Survivor regions: 1->1(10)
[593.184s][info][gc,heap     ] GC(2184) Old regions: 8->8
[593.184s][info][gc,heap     ] GC(2184) Archive regions: 2->2
[593.184s][info][gc,heap     ] GC(2184) Humongous regions: 96->0
[593.184s][info][gc,metaspace] GC(2184) Metaspace: 29090K(29504K)->29090K(29504K) NonClass: 25530K(25728K)->25530K(25728K) Class: 3559K(3776K)->3559K(3776K)
[593.184s][info][gc          ] GC(2184) Pause Young (Concurrent Start) (G1 Humongous Allocation) 210M->16M(254M) 1.574ms
[593.184s][info][gc          ] GC(2185) Concurrent Undo Cycle
[593.184s][info][gc,cpu      ] GC(2184) User=0.01s Sys=0.00s Real=0.00s
[593.184s][info][gc,marking  ] GC(2185) Concurrent Cleanup for Next Mark
[593.184s][info][gc,marking  ] GC(2185) Concurrent Cleanup for Next Mark 0.085ms
[593.184s][info][gc          ] GC(2185) Concurrent Undo Cycle 0.188ms
[593.697s][info][gc,start    ] GC(2186) Pause Young (Concurrent Start) (G1 Humongous Allocation)
[593.697s][info][gc,task     ] GC(2186) Using 8 workers of 8 for evacuation
[593.699s][info][gc,phases   ] GC(2186)   Pre Evacuate Collection Set: 0.2ms
[593.699s][info][gc,phases   ] GC(2186)   Merge Heap Roots: 0.1ms
[593.699s][info][gc,phases   ] GC(2186)   Evacuate Collection Set: 0.9ms
[593.699s][info][gc,phases   ] GC(2186)   Post Evacuate Collection Set: 0.4ms
[593.699s][info][gc,phases   ] GC(2186)   Other: 0.2ms
[593.699s][info][gc,heap     ] GC(2186) Eden regions: 1->0(75)
[593.699s][info][gc,heap     ] GC(2186) Survivor regions: 1->1(10)
[593.699s][info][gc,heap     ] GC(2186) Old regions: 8->8
[593.699s][info][gc,heap     ] GC(2186) Archive regions: 2->2
[593.699s][info][gc,heap     ] GC(2186) Humongous regions: 96->0
[593.699s][info][gc,metaspace] GC(2186) Metaspace: 29090K(29504K)->29090K(29504K) NonClass: 25530K(25728K)->25530K(25728K) Class: 3559K(3776K)->3559K(3776K)
[593.699s][info][gc          ] GC(2186) Pause Young (Concurrent Start) (G1 Humongous Allocation) 210M->16M(254M) 2.395ms
[593.699s][info][gc,cpu      ] GC(2186) User=0.00s Sys=0.00s Real=0.00s
[593.699s][info][gc          ] GC(2187) Concurrent Undo Cycle
[593.700s][info][gc,marking  ] GC(2187) Concurrent Cleanup for Next Mark
[593.700s][info][gc,marking  ] GC(2187) Concurrent Cleanup for Next Mark 0.086ms
[593.700s][info][gc          ] GC(2187) Concurrent Undo Cycle 0.232ms
[594.217s][info][gc,start    ] GC(2188) Pause Young (Concurrent Start) (G1 Humongous Allocation)
[594.217s][info][gc,task     ] GC(2188) Using 8 workers of 8 for evacuation
[594.220s][info][gc,phases   ] GC(2188)   Pre Evacuate Collection Set: 0.3ms
[594.220s][info][gc,phases   ] GC(2188)   Merge Heap Roots: 0.2ms
[594.220s][info][gc,phases   ] GC(2188)   Evacuate Collection Set: 1.6ms
[594.220s][info][gc,phases   ] GC(2188)   Post Evacuate Collection Set: 0.9ms
[594.220s][info][gc,phases   ] GC(2188)   Other: 0.3ms
[594.220s][info][gc,heap     ] GC(2188) Eden regions: 1->0(75)
[594.220s][info][gc,heap     ] GC(2188) Survivor regions: 1->1(10)
[594.220s][info][gc,heap     ] GC(2188) Old regions: 8->8
[594.221s][info][gc,heap     ] GC(2188) Archive regions: 2->2
[594.221s][info][gc,heap     ] GC(2188) Humongous regions: 96->0
[594.221s][info][gc,metaspace] GC(2188) Metaspace: 29090K(29504K)->29090K(29504K) NonClass: 25530K(25728K)->25530K(25728K) Class: 3559K(3776K)->3559K(3776K)
[594.221s][info][gc          ] GC(2188) Pause Young (Concurrent Start) (G1 Humongous Allocation) 210M->16M(254M) 4.249ms
[594.221s][info][gc,cpu      ] GC(2188) User=0.01s Sys=0.01s Real=0.00s
[594.221s][info][gc          ] GC(2189) Concurrent Undo Cycle
[594.221s][info][gc,marking  ] GC(2189) Concurrent Cleanup for Next Mark
[594.221s][info][gc,marking  ] GC(2189) Concurrent Cleanup for Next Mark 0.130ms
[594.221s][info][gc          ] GC(2189) Concurrent Undo Cycle 0.344ms
[594.743s][info][gc,start    ] GC(2190) Pause Young (Concurrent Start) (G1 Humongous Allocation)
[594.743s][info][gc,task     ] GC(2190) Using 8 workers of 8 for evacuation
[594.744s][info][gc,phases   ] GC(2190)   Pre Evacuate Collection Set: 0.1ms
[594.744s][info][gc,phases   ] GC(2190)   Merge Heap Roots: 0.0ms
[594.744s][info][gc,phases   ] GC(2190)   Evacuate Collection Set: 0.5ms
[594.744s][info][gc,phases   ] GC(2190)   Post Evacuate Collection Set: 0.3ms
[594.744s][info][gc,phases   ] GC(2190)   Other: 0.1ms
[594.744s][info][gc,heap     ] GC(2190) Eden regions: 1->0(75)
[594.744s][info][gc,heap     ] GC(2190) Survivor regions: 1->1(10)
[594.744s][info][gc,heap     ] GC(2190) Old regions: 8->8
[594.744s][info][gc,heap     ] GC(2190) Archive regions: 2->2
[594.744s][info][gc,heap     ] GC(2190) Humongous regions: 96->0
[594.744s][info][gc,metaspace] GC(2190) Metaspace: 29090K(29504K)->29090K(29504K) NonClass: 25530K(25728K)->25530K(25728K) Class: 3559K(3776K)->3559K(3776K)
[594.745s][info][gc          ] GC(2190) Pause Young (Concurrent Start) (G1 Humongous Allocation) 210M->16M(254M) 1.426ms
[594.745s][info][gc          ] GC(2191) Concurrent Undo Cycle
[594.745s][info][gc,cpu      ] GC(2190) User=0.00s Sys=0.00s Real=0.00s
[594.745s][info][gc,marking  ] GC(2191) Concurrent Cleanup for Next Mark
[594.745s][info][gc,marking  ] GC(2191) Concurrent Cleanup for Next Mark 0.079ms
[594.745s][info][gc          ] GC(2191) Concurrent Undo Cycle 0.185ms
[595.257s][info][gc,start    ] GC(2192) Pause Young (Concurrent Start) (G1 Humongous Allocation)
[595.257s][info][gc,task     ] GC(2192) Using 8 workers of 8 for evacuation
[595.259s][info][gc,phases   ] GC(2192)   Pre Evacuate Collection Set: 0.3ms
[595.259s][info][gc,phases   ] GC(2192)   Merge Heap Roots: 0.1ms
[595.259s][info][gc,phases   ] GC(2192)   Evacuate Collection Set: 0.7ms
[595.259s][info][gc,phases   ] GC(2192)   Post Evacuate Collection Set: 0.2ms
[595.259s][info][gc,phases   ] GC(2192)   Other: 0.1ms
[595.259s][info][gc,heap     ] GC(2192) Eden regions: 1->0(75)
[595.259s][info][gc,heap     ] GC(2192) Survivor regions: 1->1(10)
[595.259s][info][gc,heap     ] GC(2192) Old regions: 8->8
[595.259s][info][gc,heap     ] GC(2192) Archive regions: 2->2
[595.259s][info][gc,heap     ] GC(2192) Humongous regions: 96->0
[595.259s][info][gc,metaspace] GC(2192) Metaspace: 29090K(29504K)->29090K(29504K) NonClass: 25530K(25728K)->25530K(25728K) Class: 3559K(3776K)->3559K(3776K)
[595.259s][info][gc          ] GC(2192) Pause Young (Concurrent Start) (G1 Humongous Allocation) 210M->16M(254M) 1.890ms
[595.259s][info][gc,cpu      ] GC(2192) User=0.00s Sys=0.00s Real=0.00s
[595.259s][info][gc          ] GC(2193) Concurrent Undo Cycle
[595.259s][info][gc,marking  ] GC(2193) Concurrent Cleanup for Next Mark
[595.259s][info][gc,marking  ] GC(2193) Concurrent Cleanup for Next Mark 0.071ms
[595.259s][info][gc          ] GC(2193) Concurrent Undo Cycle 0.157ms
[595.771s][info][gc,start    ] GC(2194) Pause Young (Concurrent Start) (G1 Humongous Allocation)
[595.771s][info][gc,task     ] GC(2194) Using 8 workers of 8 for evacuation
[595.772s][info][gc,phases   ] GC(2194)   Pre Evacuate Collection Set: 0.1ms
[595.772s][info][gc,phases   ] GC(2194)   Merge Heap Roots: 0.0ms
[595.772s][info][gc,phases   ] GC(2194)   Evacuate Collection Set: 0.6ms
[595.772s][info][gc,phases   ] GC(2194)   Post Evacuate Collection Set: 0.3ms
[595.772s][info][gc,phases   ] GC(2194)   Other: 0.1ms
[595.772s][info][gc,heap     ] GC(2194) Eden regions: 1->0(75)
[595.772s][info][gc,heap     ] GC(2194) Survivor regions: 1->1(10)
[595.772s][info][gc,heap     ] GC(2194) Old regions: 8->8
[595.772s][info][gc,heap     ] GC(2194) Archive regions: 2->2
[595.772s][info][gc,heap     ] GC(2194) Humongous regions: 96->0
[595.772s][info][gc,metaspace] GC(2194) Metaspace: 29090K(29504K)->29090K(29504K) NonClass: 25530K(25728K)->25530K(25728K) Class: 3559K(3776K)->3559K(3776K)
[595.773s][info][gc          ] GC(2194) Pause Young (Concurrent Start) (G1 Humongous Allocation) 210M->16M(254M) 1.465ms
[595.773s][info][gc          ] GC(2195) Concurrent Undo Cycle
[595.773s][info][gc,cpu      ] GC(2194) User=0.00s Sys=0.00s Real=0.00s
[595.773s][info][gc,marking  ] GC(2195) Concurrent Cleanup for Next Mark
[595.773s][info][gc,marking  ] GC(2195) Concurrent Cleanup for Next Mark 0.133ms
[595.773s][info][gc          ] GC(2195) Concurrent Undo Cycle 0.204ms
[596.282s][info][gc,start    ] GC(2196) Pause Young (Concurrent Start) (G1 Humongous Allocation)
[596.282s][info][gc,task     ] GC(2196) Using 8 workers of 8 for evacuation
[596.284s][info][gc,phases   ] GC(2196)   Pre Evacuate Collection Set: 0.1ms
[596.284s][info][gc,phases   ] GC(2196)   Merge Heap Roots: 0.0ms
[596.284s][info][gc,phases   ] GC(2196)   Evacuate Collection Set: 0.8ms
[596.284s][info][gc,phases   ] GC(2196)   Post Evacuate Collection Set: 0.3ms
[596.284s][info][gc,phases   ] GC(2196)   Other: 0.1ms
[596.284s][info][gc,heap     ] GC(2196) Eden regions: 1->0(75)
[596.284s][info][gc,heap     ] GC(2196) Survivor regions: 1->1(10)
[596.284s][info][gc,heap     ] GC(2196) Old regions: 8->8
[596.284s][info][gc,heap     ] GC(2196) Archive regions: 2->2
[596.284s][info][gc,heap     ] GC(2196) Humongous regions: 96->0
[596.284s][info][gc,metaspace] GC(2196) Metaspace: 29090K(29504K)->29090K(29504K) NonClass: 25530K(25728K)->25530K(25728K) Class: 3559K(3776K)->3559K(3776K)
[596.284s][info][gc          ] GC(2196) Pause Young (Concurrent Start) (G1 Humongous Allocation) 210M->16M(254M) 1.827ms
[596.284s][info][gc          ] GC(2197) Concurrent Undo Cycle
[596.284s][info][gc,cpu      ] GC(2196) User=0.01s Sys=0.00s Real=0.00s
[596.284s][info][gc,marking  ] GC(2197) Concurrent Cleanup for Next Mark
[596.284s][info][gc,marking  ] GC(2197) Concurrent Cleanup for Next Mark 0.092ms
[596.284s][info][gc          ] GC(2197) Concurrent Undo Cycle 0.177ms
[596.797s][info][gc,start    ] GC(2198) Pause Young (Concurrent Start) (G1 Humongous Allocation)
[596.797s][info][gc,task     ] GC(2198) Using 8 workers of 8 for evacuation
[596.799s][info][gc,phases   ] GC(2198)   Pre Evacuate Collection Set: 0.2ms
[596.799s][info][gc,phases   ] GC(2198)   Merge Heap Roots: 0.1ms
[596.799s][info][gc,phases   ] GC(2198)   Evacuate Collection Set: 0.8ms
[596.799s][info][gc,phases   ] GC(2198)   Post Evacuate Collection Set: 0.4ms
[596.799s][info][gc,phases   ] GC(2198)   Other: 0.1ms
[596.799s][info][gc,heap     ] GC(2198) Eden regions: 1->0(75)
[596.799s][info][gc,heap     ] GC(2198) Survivor regions: 1->1(10)
[596.799s][info][gc,heap     ] GC(2198) Old regions: 8->8
[596.799s][info][gc,heap     ] GC(2198) Archive regions: 2->2
[596.799s][info][gc,heap     ] GC(2198) Humongous regions: 96->0
[596.799s][info][gc,metaspace] GC(2198) Metaspace: 29090K(29504K)->29090K(29504K) NonClass: 25530K(25728K)->25530K(25728K) Class: 3559K(3776K)->3559K(3776K)
[596.799s][info][gc          ] GC(2198) Pause Young (Concurrent Start) (G1 Humongous Allocation) 210M->16M(254M) 2.115ms
[596.799s][info][gc          ] GC(2199) Concurrent Undo Cycle
[596.799s][info][gc,cpu      ] GC(2198) User=0.01s Sys=0.00s Real=0.00s
[596.799s][info][gc,marking  ] GC(2199) Concurrent Cleanup for Next Mark
[596.799s][info][gc,marking  ] GC(2199) Concurrent Cleanup for Next Mark 0.130ms
[596.799s][info][gc          ] GC(2199) Concurrent Undo Cycle 0.281ms
[597.314s][info][gc,start    ] GC(2200) Pause Young (Concurrent Start) (G1 Humongous Allocation)
[597.314s][info][gc,task     ] GC(2200) Using 8 workers of 8 for evacuation
[597.317s][info][gc,phases   ] GC(2200)   Pre Evacuate Collection Set: 0.5ms
[597.317s][info][gc,phases   ] GC(2200)   Merge Heap Roots: 0.2ms
[597.317s][info][gc,phases   ] GC(2200)   Evacuate Collection Set: 1.2ms
[597.317s][info][gc,phases   ] GC(2200)   Post Evacuate Collection Set: 0.8ms
[597.317s][info][gc,phases   ] GC(2200)   Other: 0.2ms
[597.317s][info][gc,heap     ] GC(2200) Eden regions: 1->0(75)
[597.317s][info][gc,heap     ] GC(2200) Survivor regions: 1->1(10)
[597.317s][info][gc,heap     ] GC(2200) Old regions: 8->8
[597.317s][info][gc,heap     ] GC(2200) Archive regions: 2->2
[597.317s][info][gc,heap     ] GC(2200) Humongous regions: 96->0
[597.317s][info][gc,metaspace] GC(2200) Metaspace: 29090K(29504K)->29090K(29504K) NonClass: 25530K(25728K)->25530K(25728K) Class: 3559K(3776K)->3559K(3776K)
[597.317s][info][gc          ] GC(2200) Pause Young (Concurrent Start) (G1 Humongous Allocation) 210M->16M(254M) 3.553ms
[597.317s][info][gc,cpu      ] GC(2200) User=0.01s Sys=0.00s Real=0.01s
[597.317s][info][gc          ] GC(2201) Concurrent Undo Cycle
[597.317s][info][gc,marking  ] GC(2201) Concurrent Cleanup for Next Mark
[597.318s][info][gc,marking  ] GC(2201) Concurrent Cleanup for Next Mark 0.186ms
[597.318s][info][gc          ] GC(2201) Concurrent Undo Cycle 0.380ms
[597.837s][info][gc,start    ] GC(2202) Pause Young (Concurrent Start) (G1 Humongous Allocation)
[597.837s][info][gc,task     ] GC(2202) Using 8 workers of 8 for evacuation
[597.838s][info][gc,phases   ] GC(2202)   Pre Evacuate Collection Set: 0.2ms
[597.838s][info][gc,phases   ] GC(2202)   Merge Heap Roots: 0.1ms
[597.838s][info][gc,phases   ] GC(2202)   Evacuate Collection Set: 0.7ms
[597.838s][info][gc,phases   ] GC(2202)   Post Evacuate Collection Set: 0.3ms
[597.838s][info][gc,phases   ] GC(2202)   Other: 0.1ms
[597.838s][info][gc,heap     ] GC(2202) Eden regions: 1->0(75)
[597.838s][info][gc,heap     ] GC(2202) Survivor regions: 1->1(10)
[597.838s][info][gc,heap     ] GC(2202) Old regions: 8->8
[597.838s][info][gc,heap     ] GC(2202) Archive regions: 2->2
[597.838s][info][gc,heap     ] GC(2202) Humongous regions: 96->0
[597.838s][info][gc,metaspace] GC(2202) Metaspace: 29090K(29504K)->29090K(29504K) NonClass: 25530K(25728K)->25530K(25728K) Class: 3559K(3776K)->3559K(3776K)
[597.839s][info][gc          ] GC(2202) Pause Young (Concurrent Start) (G1 Humongous Allocation) 210M->16M(254M) 2.006ms
[597.839s][info][gc          ] GC(2203) Concurrent Undo Cycle
[597.839s][info][gc,cpu      ] GC(2202) User=0.00s Sys=0.00s Real=0.00s
[597.839s][info][gc,marking  ] GC(2203) Concurrent Cleanup for Next Mark
[597.839s][info][gc,marking  ] GC(2203) Concurrent Cleanup for Next Mark 0.100ms
[597.839s][info][gc          ] GC(2203) Concurrent Undo Cycle 0.177ms
[598.353s][info][gc,start    ] GC(2204) Pause Young (Concurrent Start) (G1 Humongous Allocation)
[598.353s][info][gc,task     ] GC(2204) Using 8 workers of 8 for evacuation
[598.355s][info][gc,phases   ] GC(2204)   Pre Evacuate Collection Set: 0.4ms
[598.355s][info][gc,phases   ] GC(2204)   Merge Heap Roots: 0.1ms
[598.355s][info][gc,phases   ] GC(2204)   Evacuate Collection Set: 0.8ms
[598.355s][info][gc,phases   ] GC(2204)   Post Evacuate Collection Set: 0.6ms
[598.355s][info][gc,phases   ] GC(2204)   Other: 0.2ms
[598.355s][info][gc,heap     ] GC(2204) Eden regions: 2->0(75)
[598.355s][info][gc,heap     ] GC(2204) Survivor regions: 1->1(10)
[598.355s][info][gc,heap     ] GC(2204) Old regions: 8->8
[598.355s][info][gc,heap     ] GC(2204) Archive regions: 2->2
[598.355s][info][gc,heap     ] GC(2204) Humongous regions: 96->0
[598.355s][info][gc,metaspace] GC(2204) Metaspace: 29090K(29504K)->29090K(29504K) NonClass: 25530K(25728K)->25530K(25728K) Class: 3559K(3776K)->3559K(3776K)
[598.355s][info][gc          ] GC(2204) Pause Young (Concurrent Start) (G1 Humongous Allocation) 210M->16M(254M) 2.685ms
[598.355s][info][gc,cpu      ] GC(2204) User=0.00s Sys=0.01s Real=0.00s
[598.355s][info][gc          ] GC(2205) Concurrent Undo Cycle
[598.355s][info][gc,marking  ] GC(2205) Concurrent Cleanup for Next Mark
[598.356s][info][gc,marking  ] GC(2205) Concurrent Cleanup for Next Mark 0.120ms
[598.356s][info][gc          ] GC(2205) Concurrent Undo Cycle 0.296ms
[598.873s][info][gc,start    ] GC(2206) Pause Young (Concurrent Start) (G1 Humongous Allocation)
[598.873s][info][gc,task     ] GC(2206) Using 8 workers of 8 for evacuation
[598.874s][info][gc,phases   ] GC(2206)   Pre Evacuate Collection Set: 0.1ms
[598.874s][info][gc,phases   ] GC(2206)   Merge Heap Roots: 0.0ms
[598.874s][info][gc,phases   ] GC(2206)   Evacuate Collection Set: 0.5ms
[598.874s][info][gc,phases   ] GC(2206)   Post Evacuate Collection Set: 0.2ms
[598.874s][info][gc,phases   ] GC(2206)   Other: 0.0ms
[598.874s][info][gc,heap     ] GC(2206) Eden regions: 1->0(75)
[598.874s][info][gc,heap     ] GC(2206) Survivor regions: 1->1(10)
[598.874s][info][gc,heap     ] GC(2206) Old regions: 8->8
[598.874s][info][gc,heap     ] GC(2206) Archive regions: 2->2
[598.874s][info][gc,heap     ] GC(2206) Humongous regions: 96->0
[598.874s][info][gc,metaspace] GC(2206) Metaspace: 29090K(29504K)->29090K(29504K) NonClass: 25530K(25728K)->25530K(25728K) Class: 3559K(3776K)->3559K(3776K)
[598.874s][info][gc          ] GC(2206) Pause Young (Concurrent Start) (G1 Humongous Allocation) 209M->16M(254M) 1.020ms
[598.874s][info][gc          ] GC(2207) Concurrent Undo Cycle
[598.874s][info][gc,cpu      ] GC(2206) User=0.00s Sys=0.00s Real=0.00s
[598.874s][info][gc,marking  ] GC(2207) Concurrent Cleanup for Next Mark
[598.874s][info][gc,marking  ] GC(2207) Concurrent Cleanup for Next Mark 0.051ms
[598.874s][info][gc          ] GC(2207) Concurrent Undo Cycle 0.107ms
[599.385s][info][gc,start    ] GC(2208) Pause Young (Concurrent Start) (G1 Humongous Allocation)
[599.385s][info][gc,task     ] GC(2208) Using 8 workers of 8 for evacuation
[599.386s][info][gc,phases   ] GC(2208)   Pre Evacuate Collection Set: 0.2ms
[599.386s][info][gc,phases   ] GC(2208)   Merge Heap Roots: 0.1ms
[599.386s][info][gc,phases   ] GC(2208)   Evacuate Collection Set: 0.6ms
[599.386s][info][gc,phases   ] GC(2208)   Post Evacuate Collection Set: 0.4ms
[599.386s][info][gc,phases   ] GC(2208)   Other: 0.1ms
[599.386s][info][gc,heap     ] GC(2208) Eden regions: 2->0(75)
[599.386s][info][gc,heap     ] GC(2208) Survivor regions: 1->1(10)
[599.386s][info][gc,heap     ] GC(2208) Old regions: 8->8
[599.386s][info][gc,heap     ] GC(2208) Archive regions: 2->2
[599.386s][info][gc,heap     ] GC(2208) Humongous regions: 96->0
[599.386s][info][gc,metaspace] GC(2208) Metaspace: 29090K(29504K)->29090K(29504K) NonClass: 25530K(25728K)->25530K(25728K) Class: 3559K(3776K)->3559K(3776K)
[599.386s][info][gc          ] GC(2208) Pause Young (Concurrent Start) (G1 Humongous Allocation) 210M->16M(254M) 1.528ms
[599.386s][info][gc,cpu      ] GC(2208) User=0.00s Sys=0.00s Real=0.01s
[599.387s][info][gc          ] GC(2209) Concurrent Undo Cycle
[599.387s][info][gc,marking  ] GC(2209) Concurrent Cleanup for Next Mark
[599.387s][info][gc,marking  ] GC(2209) Concurrent Cleanup for Next Mark 0.055ms
[599.387s][info][gc          ] GC(2209) Concurrent Undo Cycle 0.103ms
[599.897s][info][gc,start    ] GC(2210) Pause Young (Concurrent Start) (G1 Humongous Allocation)
[599.897s][info][gc,task     ] GC(2210) Using 8 workers of 8 for evacuation
[599.899s][info][gc,phases   ] GC(2210)   Pre Evacuate Collection Set: 0.2ms
[599.899s][info][gc,phases   ] GC(2210)   Merge Heap Roots: 0.1ms
[599.899s][info][gc,phases   ] GC(2210)   Evacuate Collection Set: 0.8ms
[599.899s][info][gc,phases   ] GC(2210)   Post Evacuate Collection Set: 0.5ms
[599.899s][info][gc,phases   ] GC(2210)   Other: 0.2ms
[599.899s][info][gc,heap     ] GC(2210) Eden regions: 1->0(75)
[599.899s][info][gc,heap     ] GC(2210) Survivor regions: 1->1(10)
[599.899s][info][gc,heap     ] GC(2210) Old regions: 8->8
[599.899s][info][gc,heap     ] GC(2210) Archive regions: 2->2
[599.899s][info][gc,heap     ] GC(2210) Humongous regions: 96->0
[599.899s][info][gc,metaspace] GC(2210) Metaspace: 29090K(29504K)->29090K(29504K) NonClass: 25530K(25728K)->25530K(25728K) Class: 3559K(3776K)->3559K(3776K)
[599.900s][info][gc          ] GC(2210) Pause Young (Concurrent Start) (G1 Humongous Allocation) 209M->16M(254M) 2.497ms
[599.900s][info][gc,cpu      ] GC(2210) User=0.00s Sys=0.00s Real=0.00s
[599.900s][info][gc          ] GC(2211) Concurrent Undo Cycle
[599.900s][info][gc,marking  ] GC(2211) Concurrent Cleanup for Next Mark
[599.900s][info][gc,marking  ] GC(2211) Concurrent Cleanup for Next Mark 0.110ms
[599.900s][info][gc          ] GC(2211) Concurrent Undo Cycle 0.241ms
[600.420s][info][gc,start    ] GC(2212) Pause Young (Concurrent Start) (G1 Humongous Allocation)
[600.420s][info][gc,task     ] GC(2212) Using 8 workers of 8 for evacuation
[600.423s][info][gc,phases   ] GC(2212)   Pre Evacuate Collection Set: 0.4ms
[600.423s][info][gc,phases   ] GC(2212)   Merge Heap Roots: 0.2ms
[600.423s][info][gc,phases   ] GC(2212)   Evacuate Collection Set: 1.3ms
[600.423s][info][gc,phases   ] GC(2212)   Post Evacuate Collection Set: 0.8ms
[600.423s][info][gc,phases   ] GC(2212)   Other: 0.2ms
[600.423s][info][gc,heap     ] GC(2212) Eden regions: 2->0(75)
[600.423s][info][gc,heap     ] GC(2212) Survivor regions: 1->1(10)
[600.423s][info][gc,heap     ] GC(2212) Old regions: 8->8
[600.423s][info][gc,heap     ] GC(2212) Archive regions: 2->2
[600.423s][info][gc,heap     ] GC(2212) Humongous regions: 96->0
[600.423s][info][gc,metaspace] GC(2212) Metaspace: 29090K(29504K)->29090K(29504K) NonClass: 25530K(25728K)->25530K(25728K) Class: 3559K(3776K)->3559K(3776K)
[600.424s][info][gc          ] GC(2212) Pause Young (Concurrent Start) (G1 Humongous Allocation) 210M->16M(254M) 3.654ms
[600.424s][info][gc,cpu      ] GC(2212) User=0.00s Sys=0.01s Real=0.00s
[600.424s][info][gc          ] GC(2213) Concurrent Undo Cycle
[600.424s][info][gc,marking  ] GC(2213) Concurrent Cleanup for Next Mark
[600.424s][info][gc,marking  ] GC(2213) Concurrent Cleanup for Next Mark 0.203ms
[600.424s][info][gc          ] GC(2213) Concurrent Undo Cycle 0.497ms
[600.940s][info][gc,start    ] GC(2214) Pause Young (Concurrent Start) (G1 Humongous Allocation)
[600.940s][info][gc,task     ] GC(2214) Using 8 workers of 8 for evacuation
[600.943s][info][gc,phases   ] GC(2214)   Pre Evacuate Collection Set: 0.3ms
[600.943s][info][gc,phases   ] GC(2214)   Merge Heap Roots: 0.2ms
[600.943s][info][gc,phases   ] GC(2214)   Evacuate Collection Set: 1.2ms
[600.943s][info][gc,phases   ] GC(2214)   Post Evacuate Collection Set: 0.7ms
[600.943s][info][gc,phases   ] GC(2214)   Other: 0.3ms
[600.943s][info][gc,heap     ] GC(2214) Eden regions: 1->0(75)
[600.943s][info][gc,heap     ] GC(2214) Survivor regions: 1->1(10)
[600.943s][info][gc,heap     ] GC(2214) Old regions: 8->8
[600.943s][info][gc,heap     ] GC(2214) Archive regions: 2->2
[600.943s][info][gc,heap     ] GC(2214) Humongous regions: 96->0
[600.943s][info][gc,metaspace] GC(2214) Metaspace: 29090K(29504K)->29090K(29504K) NonClass: 25530K(25728K)->25530K(25728K) Class: 3559K(3776K)->3559K(3776K)
[600.943s][info][gc          ] GC(2214) Pause Young (Concurrent Start) (G1 Humongous Allocation) 209M->16M(254M) 3.493ms
[600.944s][info][gc,cpu      ] GC(2214) User=0.01s Sys=0.00s Real=0.00s
[600.944s][info][gc          ] GC(2215) Concurrent Undo Cycle
[600.944s][info][gc,marking  ] GC(2215) Concurrent Cleanup for Next Mark
[600.944s][info][gc,marking  ] GC(2215) Concurrent Cleanup for Next Mark 0.186ms
[600.944s][info][gc          ] GC(2215) Concurrent Undo Cycle 0.443ms
[601.464s][info][gc,start    ] GC(2216) Pause Young (Concurrent Start) (G1 Humongous Allocation)
[601.464s][info][gc,task     ] GC(2216) Using 8 workers of 8 for evacuation
[601.467s][info][gc,phases   ] GC(2216)   Pre Evacuate Collection Set: 0.4ms
[601.467s][info][gc,phases   ] GC(2216)   Merge Heap Roots: 0.2ms
[601.467s][info][gc,phases   ] GC(2216)   Evacuate Collection Set: 1.3ms
[601.467s][info][gc,phases   ] GC(2216)   Post Evacuate Collection Set: 0.7ms
[601.467s][info][gc,phases   ] GC(2216)   Other: 0.2ms
[601.467s][info][gc,heap     ] GC(2216) Eden regions: 2->0(75)
[601.467s][info][gc,heap     ] GC(2216) Survivor regions: 1->1(10)
[601.467s][info][gc,heap     ] GC(2216) Old regions: 8->8
[601.467s][info][gc,heap     ] GC(2216) Archive regions: 2->2
[601.467s][info][gc,heap     ] GC(2216) Humongous regions: 96->0
[601.467s][info][gc,metaspace] GC(2216) Metaspace: 29090K(29504K)->29090K(29504K) NonClass: 25530K(25728K)->25530K(25728K) Class: 3559K(3776K)->3559K(3776K)
[601.467s][info][gc          ] GC(2216) Pause Young (Concurrent Start) (G1 Humongous Allocation) 210M->16M(254M) 3.541ms
[601.468s][info][gc,cpu      ] GC(2216) User=0.01s Sys=0.01s Real=0.01s
[601.468s][info][gc          ] GC(2217) Concurrent Undo Cycle
[601.468s][info][gc,marking  ] GC(2217) Concurrent Cleanup for Next Mark
[601.468s][info][gc,marking  ] GC(2217) Concurrent Cleanup for Next Mark 0.166ms
[601.468s][info][gc          ] GC(2217) Concurrent Undo Cycle 0.362ms
[601.988s][info][gc,start    ] GC(2218) Pause Young (Concurrent Start) (G1 Humongous Allocation)
[601.988s][info][gc,task     ] GC(2218) Using 8 workers of 8 for evacuation
[601.991s][info][gc,phases   ] GC(2218)   Pre Evacuate Collection Set: 0.3ms
[601.991s][info][gc,phases   ] GC(2218)   Merge Heap Roots: 0.2ms
[601.991s][info][gc,phases   ] GC(2218)   Evacuate Collection Set: 1.3ms
[601.991s][info][gc,phases   ] GC(2218)   Post Evacuate Collection Set: 0.7ms
[601.991s][info][gc,phases   ] GC(2218)   Other: 0.2ms
[601.991s][info][gc,heap     ] GC(2218) Eden regions: 1->0(75)
[601.992s][info][gc,heap     ] GC(2218) Survivor regions: 1->1(10)
[601.992s][info][gc,heap     ] GC(2218) Old regions: 8->8
[601.992s][info][gc,heap     ] GC(2218) Archive regions: 2->2
[601.992s][info][gc,heap     ] GC(2218) Humongous regions: 96->0
[601.992s][info][gc,metaspace] GC(2218) Metaspace: 29090K(29504K)->29090K(29504K) NonClass: 25530K(25728K)->25530K(25728K) Class: 3559K(3776K)->3559K(3776K)
[601.992s][info][gc          ] GC(2218) Pause Young (Concurrent Start) (G1 Humongous Allocation) 209M->16M(254M) 3.539ms
[601.992s][info][gc,cpu      ] GC(2218) User=0.00s Sys=0.00s Real=0.00s
[601.992s][info][gc          ] GC(2219) Concurrent Undo Cycle
[601.992s][info][gc,marking  ] GC(2219) Concurrent Cleanup for Next Mark
[601.992s][info][gc,marking  ] GC(2219) Concurrent Cleanup for Next Mark 0.204ms
[601.992s][info][gc          ] GC(2219) Concurrent Undo Cycle 0.432ms
[602.508s][info][gc,start    ] GC(2220) Pause Young (Concurrent Start) (G1 Humongous Allocation)
[602.508s][info][gc,task     ] GC(2220) Using 8 workers of 8 for evacuation
[602.509s][info][gc,phases   ] GC(2220)   Pre Evacuate Collection Set: 0.1ms
[602.509s][info][gc,phases   ] GC(2220)   Merge Heap Roots: 0.0ms
[602.509s][info][gc,phases   ] GC(2220)   Evacuate Collection Set: 0.5ms
[602.509s][info][gc,phases   ] GC(2220)   Post Evacuate Collection Set: 0.3ms
[602.510s][info][gc,phases   ] GC(2220)   Other: 0.1ms
[602.510s][info][gc,heap     ] GC(2220) Eden regions: 2->0(75)
[602.510s][info][gc,heap     ] GC(2220) Survivor regions: 1->1(10)
[602.510s][info][gc,heap     ] GC(2220) Old regions: 8->8
[602.510s][info][gc,heap     ] GC(2220) Archive regions: 2->2
[602.510s][info][gc,heap     ] GC(2220) Humongous regions: 96->0
[602.510s][info][gc,metaspace] GC(2220) Metaspace: 29090K(29504K)->29090K(29504K) NonClass: 25530K(25728K)->25530K(25728K) Class: 3559K(3776K)->3559K(3776K)
[602.510s][info][gc          ] GC(2220) Pause Young (Concurrent Start) (G1 Humongous Allocation) 210M->16M(254M) 1.255ms
[602.510s][info][gc          ] GC(2221) Concurrent Undo Cycle
[602.510s][info][gc,cpu      ] GC(2220) User=0.00s Sys=0.00s Real=0.00s
[602.510s][info][gc,marking  ] GC(2221) Concurrent Cleanup for Next Mark
[602.510s][info][gc,marking  ] GC(2221) Concurrent Cleanup for Next Mark 0.072ms
[602.510s][info][gc          ] GC(2221) Concurrent Undo Cycle 0.145ms
[603.021s][info][gc,start    ] GC(2222) Pause Young (Concurrent Start) (G1 Humongous Allocation)
[603.021s][info][gc,task     ] GC(2222) Using 8 workers of 8 for evacuation
[603.024s][info][gc,phases   ] GC(2222)   Pre Evacuate Collection Set: 0.5ms
[603.024s][info][gc,phases   ] GC(2222)   Merge Heap Roots: 0.2ms
[603.024s][info][gc,phases   ] GC(2222)   Evacuate Collection Set: 1.2ms
[603.024s][info][gc,phases   ] GC(2222)   Post Evacuate Collection Set: 0.8ms
[603.024s][info][gc,phases   ] GC(2222)   Other: 0.2ms
[603.024s][info][gc,heap     ] GC(2222) Eden regions: 1->0(75)
[603.024s][info][gc,heap     ] GC(2222) Survivor regions: 1->1(10)
[603.024s][info][gc,heap     ] GC(2222) Old regions: 8->8
[603.024s][info][gc,heap     ] GC(2222) Archive regions: 2->2
[603.024s][info][gc,heap     ] GC(2222) Humongous regions: 96->0
[603.024s][info][gc,metaspace] GC(2222) Metaspace: 29090K(29504K)->29090K(29504K) NonClass: 25530K(25728K)->25530K(25728K) Class: 3559K(3776K)->3559K(3776K)
[603.024s][info][gc          ] GC(2222) Pause Young (Concurrent Start) (G1 Humongous Allocation) 209M->16M(254M) 3.570ms
[603.025s][info][gc,cpu      ] GC(2222) User=0.01s Sys=0.01s Real=0.00s
[603.025s][info][gc          ] GC(2223) Concurrent Undo Cycle
[603.025s][info][gc,marking  ] GC(2223) Concurrent Cleanup for Next Mark
[603.025s][info][gc,marking  ] GC(2223) Concurrent Cleanup for Next Mark 0.197ms
[603.025s][info][gc          ] GC(2223) Concurrent Undo Cycle 0.494ms
[603.545s][info][gc,start    ] GC(2224) Pause Young (Concurrent Start) (G1 Humongous Allocation)
[603.545s][info][gc,task     ] GC(2224) Using 8 workers of 8 for evacuation
[603.548s][info][gc,phases   ] GC(2224)   Pre Evacuate Collection Set: 0.4ms
[603.548s][info][gc,phases   ] GC(2224)   Merge Heap Roots: 0.2ms
[603.548s][info][gc,phases   ] GC(2224)   Evacuate Collection Set: 1.3ms
[603.548s][info][gc,phases   ] GC(2224)   Post Evacuate Collection Set: 0.9ms
[603.548s][info][gc,phases   ] GC(2224)   Other: 0.3ms
[603.548s][info][gc,heap     ] GC(2224) Eden regions: 2->0(75)
[603.548s][info][gc,heap     ] GC(2224) Survivor regions: 1->1(10)
[603.548s][info][gc,heap     ] GC(2224) Old regions: 8->8
[603.548s][info][gc,heap     ] GC(2224) Archive regions: 2->2
[603.548s][info][gc,heap     ] GC(2224) Humongous regions: 96->0
[603.548s][info][gc,metaspace] GC(2224) Metaspace: 29090K(29504K)->29090K(29504K) NonClass: 25530K(25728K)->25530K(25728K) Class: 3559K(3776K)->3559K(3776K)
[603.548s][info][gc          ] GC(2224) Pause Young (Concurrent Start) (G1 Humongous Allocation) 210M->16M(254M) 3.822ms
[603.548s][info][gc,cpu      ] GC(2224) User=0.00s Sys=0.00s Real=0.01s
[603.549s][info][gc          ] GC(2225) Concurrent Undo Cycle
[603.549s][info][gc,marking  ] GC(2225) Concurrent Cleanup for Next Mark
[603.549s][info][gc,marking  ] GC(2225) Concurrent Cleanup for Next Mark 0.157ms
[603.549s][info][gc          ] GC(2225) Concurrent Undo Cycle 0.366ms
[604.065s][info][gc,start    ] GC(2226) Pause Young (Concurrent Start) (G1 Humongous Allocation)
[604.065s][info][gc,task     ] GC(2226) Using 8 workers of 8 for evacuation
[604.068s][info][gc,phases   ] GC(2226)   Pre Evacuate Collection Set: 0.3ms
[604.068s][info][gc,phases   ] GC(2226)   Merge Heap Roots: 0.2ms
[604.068s][info][gc,phases   ] GC(2226)   Evacuate Collection Set: 1.3ms
[604.068s][info][gc,phases   ] GC(2226)   Post Evacuate Collection Set: 0.8ms
[604.068s][info][gc,phases   ] GC(2226)   Other: 0.3ms
[604.068s][info][gc,heap     ] GC(2226) Eden regions: 1->0(75)
[604.068s][info][gc,heap     ] GC(2226) Survivor regions: 1->1(10)
[604.068s][info][gc,heap     ] GC(2226) Old regions: 8->8
[604.068s][info][gc,heap     ] GC(2226) Archive regions: 2->2
[604.068s][info][gc,heap     ] GC(2226) Humongous regions: 96->0
[604.068s][info][gc,metaspace] GC(2226) Metaspace: 29090K(29504K)->29090K(29504K) NonClass: 25530K(25728K)->25530K(25728K) Class: 3559K(3776K)->3559K(3776K)
[604.068s][info][gc          ] GC(2226) Pause Young (Concurrent Start) (G1 Humongous Allocation) 209M->16M(254M) 3.563ms
[604.068s][info][gc,cpu      ] GC(2226) User=0.00s Sys=0.00s Real=0.01s
[604.068s][info][gc          ] GC(2227) Concurrent Undo Cycle
[604.069s][info][gc,marking  ] GC(2227) Concurrent Cleanup for Next Mark
[604.069s][info][gc,marking  ] GC(2227) Concurrent Cleanup for Next Mark 0.221ms
[604.069s][info][gc          ] GC(2227) Concurrent Undo Cycle 0.501ms
[604.590s][info][gc,start    ] GC(2228) Pause Young (Concurrent Start) (G1 Humongous Allocation)
[604.590s][info][gc,task     ] GC(2228) Using 8 workers of 8 for evacuation
[604.593s][info][gc,phases   ] GC(2228)   Pre Evacuate Collection Set: 0.4ms
[604.593s][info][gc,phases   ] GC(2228)   Merge Heap Roots: 0.2ms
[604.593s][info][gc,phases   ] GC(2228)   Evacuate Collection Set: 1.3ms
[604.593s][info][gc,phases   ] GC(2228)   Post Evacuate Collection Set: 0.8ms
[604.594s][info][gc,phases   ] GC(2228)   Other: 0.2ms
[604.594s][info][gc,heap     ] GC(2228) Eden regions: 2->0(75)
[604.594s][info][gc,heap     ] GC(2228) Survivor regions: 1->1(10)
[604.594s][info][gc,heap     ] GC(2228) Old regions: 8->8
[604.594s][info][gc,heap     ] GC(2228) Archive regions: 2->2
[604.594s][info][gc,heap     ] GC(2228) Humongous regions: 96->0
[604.594s][info][gc,metaspace] GC(2228) Metaspace: 29090K(29504K)->29090K(29504K) NonClass: 25530K(25728K)->25530K(25728K) Class: 3559K(3776K)->3559K(3776K)
[604.594s][info][gc          ] GC(2228) Pause Young (Concurrent Start) (G1 Humongous Allocation) 210M->16M(254M) 3.555ms
[604.594s][info][gc,cpu      ] GC(2228) User=0.01s Sys=0.00s Real=0.00s
[604.594s][info][gc          ] GC(2229) Concurrent Undo Cycle
[604.594s][info][gc,marking  ] GC(2229) Concurrent Cleanup for Next Mark
[604.594s][info][gc,marking  ] GC(2229) Concurrent Cleanup for Next Mark 0.170ms
[604.594s][info][gc          ] GC(2229) Concurrent Undo Cycle 0.420ms
[605.111s][info][gc,start    ] GC(2230) Pause Young (Concurrent Start) (G1 Humongous Allocation)
[605.111s][info][gc,task     ] GC(2230) Using 8 workers of 8 for evacuation
[605.112s][info][gc,phases   ] GC(2230)   Pre Evacuate Collection Set: 0.1ms
[605.112s][info][gc,phases   ] GC(2230)   Merge Heap Roots: 0.1ms
[605.112s][info][gc,phases   ] GC(2230)   Evacuate Collection Set: 0.6ms
[605.112s][info][gc,phases   ] GC(2230)   Post Evacuate Collection Set: 0.3ms
[605.112s][info][gc,phases   ] GC(2230)   Other: 0.1ms
[605.112s][info][gc,heap     ] GC(2230) Eden regions: 1->0(75)
[605.112s][info][gc,heap     ] GC(2230) Survivor regions: 1->1(10)
[605.112s][info][gc,heap     ] GC(2230) Old regions: 8->8
[605.112s][info][gc,heap     ] GC(2230) Archive regions: 2->2
[605.112s][info][gc,heap     ] GC(2230) Humongous regions: 96->0
[605.112s][info][gc,metaspace] GC(2230) Metaspace: 29090K(29504K)->29090K(29504K) NonClass: 25530K(25728K)->25530K(25728K) Class: 3559K(3776K)->3559K(3776K)
[605.112s][info][gc          ] GC(2230) Pause Young (Concurrent Start) (G1 Humongous Allocation) 209M->16M(254M) 1.529ms
[605.112s][info][gc          ] GC(2231) Concurrent Undo Cycle
[605.112s][info][gc,cpu      ] GC(2230) User=0.00s Sys=0.00s Real=0.00s
[605.112s][info][gc,marking  ] GC(2231) Concurrent Cleanup for Next Mark
[605.113s][info][gc,marking  ] GC(2231) Concurrent Cleanup for Next Mark 0.069ms
[605.113s][info][gc          ] GC(2231) Concurrent Undo Cycle 0.139ms
[605.624s][info][gc,start    ] GC(2232) Pause Young (Concurrent Start) (G1 Humongous Allocation)
[605.624s][info][gc,task     ] GC(2232) Using 8 workers of 8 for evacuation
[605.625s][info][gc,phases   ] GC(2232)   Pre Evacuate Collection Set: 0.2ms
[605.625s][info][gc,phases   ] GC(2232)   Merge Heap Roots: 0.0ms
[605.625s][info][gc,phases   ] GC(2232)   Evacuate Collection Set: 0.5ms
[605.625s][info][gc,phases   ] GC(2232)   Post Evacuate Collection Set: 0.3ms
[605.625s][info][gc,phases   ] GC(2232)   Other: 0.1ms
[605.625s][info][gc,heap     ] GC(2232) Eden regions: 2->0(75)
[605.625s][info][gc,heap     ] GC(2232) Survivor regions: 1->1(10)
[605.626s][info][gc,heap     ] GC(2232) Old regions: 8->8
[605.626s][info][gc,heap     ] GC(2232) Archive regions: 2->2
[605.626s][info][gc,heap     ] GC(2232) Humongous regions: 96->0
[605.626s][info][gc,metaspace] GC(2232) Metaspace: 29090K(29504K)->29090K(29504K) NonClass: 25530K(25728K)->25530K(25728K) Class: 3559K(3776K)->3559K(3776K)
[605.626s][info][gc          ] GC(2232) Pause Young (Concurrent Start) (G1 Humongous Allocation) 210M->16M(254M) 1.337ms
[605.626s][info][gc,cpu      ] GC(2232) User=0.00s Sys=0.00s Real=0.00s
[605.626s][info][gc          ] GC(2233) Concurrent Undo Cycle
[605.626s][info][gc,marking  ] GC(2233) Concurrent Cleanup for Next Mark
[605.626s][info][gc,marking  ] GC(2233) Concurrent Cleanup for Next Mark 0.091ms
[605.626s][info][gc          ] GC(2233) Concurrent Undo Cycle 0.224ms
[606.137s][info][gc,start    ] GC(2234) Pause Young (Concurrent Start) (G1 Humongous Allocation)
[606.137s][info][gc,task     ] GC(2234) Using 8 workers of 8 for evacuation
[606.138s][info][gc,phases   ] GC(2234)   Pre Evacuate Collection Set: 0.1ms
[606.139s][info][gc,phases   ] GC(2234)   Merge Heap Roots: 0.0ms
[606.139s][info][gc,phases   ] GC(2234)   Evacuate Collection Set: 0.5ms
[606.139s][info][gc,phases   ] GC(2234)   Post Evacuate Collection Set: 0.2ms
[606.139s][info][gc,phases   ] GC(2234)   Other: 0.1ms
[606.139s][info][gc,heap     ] GC(2234) Eden regions: 1->0(75)
[606.139s][info][gc,heap     ] GC(2234) Survivor regions: 1->1(10)
[606.139s][info][gc,heap     ] GC(2234) Old regions: 8->8
[606.139s][info][gc,heap     ] GC(2234) Archive regions: 2->2
[606.139s][info][gc,heap     ] GC(2234) Humongous regions: 96->0
[606.139s][info][gc,metaspace] GC(2234) Metaspace: 29090K(29504K)->29090K(29504K) NonClass: 25530K(25728K)->25530K(25728K) Class: 3559K(3776K)->3559K(3776K)
[606.139s][info][gc          ] GC(2234) Pause Young (Concurrent Start) (G1 Humongous Allocation) 210M->16M(254M) 1.281ms
[606.139s][info][gc          ] GC(2235) Concurrent Undo Cycle
[606.139s][info][gc,cpu      ] GC(2234) User=0.00s Sys=0.00s Real=0.00s
[606.139s][info][gc,marking  ] GC(2235) Concurrent Cleanup for Next Mark
[606.139s][info][gc,marking  ] GC(2235) Concurrent Cleanup for Next Mark 0.059ms
[606.139s][info][gc          ] GC(2235) Concurrent Undo Cycle 0.116ms
[606.651s][info][gc,start    ] GC(2236) Pause Young (Concurrent Start) (G1 Humongous Allocation)
[606.651s][info][gc,task     ] GC(2236) Using 8 workers of 8 for evacuation
[606.652s][info][gc,phases   ] GC(2236)   Pre Evacuate Collection Set: 0.2ms
[606.652s][info][gc,phases   ] GC(2236)   Merge Heap Roots: 0.1ms
[606.652s][info][gc,phases   ] GC(2236)   Evacuate Collection Set: 0.6ms
[606.652s][info][gc,phases   ] GC(2236)   Post Evacuate Collection Set: 0.3ms
[606.652s][info][gc,phases   ] GC(2236)   Other: 0.2ms
[606.652s][info][gc,heap     ] GC(2236) Eden regions: 1->0(75)
[606.652s][info][gc,heap     ] GC(2236) Survivor regions: 1->1(10)
[606.652s][info][gc,heap     ] GC(2236) Old regions: 8->8
[606.652s][info][gc,heap     ] GC(2236) Archive regions: 2->2
[606.652s][info][gc,heap     ] GC(2236) Humongous regions: 96->0
[606.652s][info][gc,metaspace] GC(2236) Metaspace: 29090K(29504K)->29090K(29504K) NonClass: 25530K(25728K)->25530K(25728K) Class: 3559K(3776K)->3559K(3776K)
[606.652s][info][gc          ] GC(2236) Pause Young (Concurrent Start) (G1 Humongous Allocation) 210M->16M(254M) 1.623ms
[606.652s][info][gc          ] GC(2237) Concurrent Undo Cycle
[606.652s][info][gc,cpu      ] GC(2236) User=0.00s Sys=0.01s Real=0.00s
[606.652s][info][gc,marking  ] GC(2237) Concurrent Cleanup for Next Mark
[606.653s][info][gc,marking  ] GC(2237) Concurrent Cleanup for Next Mark 0.086ms
[606.653s][info][gc          ] GC(2237) Concurrent Undo Cycle 0.163ms
[607.163s][info][gc,start    ] GC(2238) Pause Young (Concurrent Start) (G1 Humongous Allocation)
[607.163s][info][gc,task     ] GC(2238) Using 8 workers of 8 for evacuation
[607.164s][info][gc,phases   ] GC(2238)   Pre Evacuate Collection Set: 0.2ms
[607.164s][info][gc,phases   ] GC(2238)   Merge Heap Roots: 0.1ms
[607.164s][info][gc,phases   ] GC(2238)   Evacuate Collection Set: 0.7ms
[607.164s][info][gc,phases   ] GC(2238)   Post Evacuate Collection Set: 0.4ms
[607.164s][info][gc,phases   ] GC(2238)   Other: 0.1ms
[607.165s][info][gc,heap     ] GC(2238) Eden regions: 2->0(75)
[607.165s][info][gc,heap     ] GC(2238) Survivor regions: 1->1(10)
[607.165s][info][gc,heap     ] GC(2238) Old regions: 8->8
[607.165s][info][gc,heap     ] GC(2238) Archive regions: 2->2
[607.165s][info][gc,heap     ] GC(2238) Humongous regions: 96->0
[607.165s][info][gc,metaspace] GC(2238) Metaspace: 29090K(29504K)->29090K(29504K) NonClass: 25530K(25728K)->25530K(25728K) Class: 3559K(3776K)->3559K(3776K)
[607.165s][info][gc          ] GC(2238) Pause Young (Concurrent Start) (G1 Humongous Allocation) 210M->16M(254M) 2.011ms
[607.165s][info][gc,cpu      ] GC(2238) User=0.01s Sys=0.00s Real=0.00s
[607.165s][info][gc          ] GC(2239) Concurrent Undo Cycle
[607.165s][info][gc,marking  ] GC(2239) Concurrent Cleanup for Next Mark
[607.165s][info][gc,marking  ] GC(2239) Concurrent Cleanup for Next Mark 0.140ms
[607.165s][info][gc          ] GC(2239) Concurrent Undo Cycle 0.266ms
[607.690s][info][gc,start    ] GC(2240) Pause Young (Concurrent Start) (G1 Humongous Allocation)
[607.690s][info][gc,task     ] GC(2240) Using 8 workers of 8 for evacuation
[607.691s][info][gc,phases   ] GC(2240)   Pre Evacuate Collection Set: 0.4ms
[607.691s][info][gc,phases   ] GC(2240)   Merge Heap Roots: 0.1ms
[607.691s][info][gc,phases   ] GC(2240)   Evacuate Collection Set: 0.6ms
[607.691s][info][gc,phases   ] GC(2240)   Post Evacuate Collection Set: 0.4ms
[607.691s][info][gc,phases   ] GC(2240)   Other: 0.1ms
[607.691s][info][gc,heap     ] GC(2240) Eden regions: 1->0(75)
[607.691s][info][gc,heap     ] GC(2240) Survivor regions: 1->1(10)
[607.691s][info][gc,heap     ] GC(2240) Old regions: 8->8
[607.692s][info][gc,heap     ] GC(2240) Archive regions: 2->2
[607.692s][info][gc,heap     ] GC(2240) Humongous regions: 96->0
[607.692s][info][gc,metaspace] GC(2240) Metaspace: 29090K(29504K)->29090K(29504K) NonClass: 25530K(25728K)->25530K(25728K) Class: 3559K(3776K)->3559K(3776K)
[607.692s][info][gc          ] GC(2240) Pause Young (Concurrent Start) (G1 Humongous Allocation) 210M->16M(254M) 1.835ms
[607.692s][info][gc          ] GC(2241) Concurrent Undo Cycle
[607.692s][info][gc,cpu      ] GC(2240) User=0.00s Sys=0.00s Real=0.00s
[607.692s][info][gc,marking  ] GC(2241) Concurrent Cleanup for Next Mark
[607.692s][info][gc,marking  ] GC(2241) Concurrent Cleanup for Next Mark 0.135ms
[607.692s][info][gc          ] GC(2241) Concurrent Undo Cycle 0.226ms
[608.207s][info][gc,start    ] GC(2242) Pause Young (Concurrent Start) (G1 Humongous Allocation)
[608.207s][info][gc,task     ] GC(2242) Using 8 workers of 8 for evacuation
[608.208s][info][gc,phases   ] GC(2242)   Pre Evacuate Collection Set: 0.1ms
[608.208s][info][gc,phases   ] GC(2242)   Merge Heap Roots: 0.0ms
[608.208s][info][gc,phases   ] GC(2242)   Evacuate Collection Set: 0.6ms
[608.208s][info][gc,phases   ] GC(2242)   Post Evacuate Collection Set: 0.2ms
[608.208s][info][gc,phases   ] GC(2242)   Other: 0.1ms
[608.208s][info][gc,heap     ] GC(2242) Eden regions: 1->0(75)
[608.208s][info][gc,heap     ] GC(2242) Survivor regions: 1->1(10)
[608.208s][info][gc,heap     ] GC(2242) Old regions: 8->8
[608.208s][info][gc,heap     ] GC(2242) Archive regions: 2->2
[608.208s][info][gc,heap     ] GC(2242) Humongous regions: 96->0
[608.208s][info][gc,metaspace] GC(2242) Metaspace: 29090K(29504K)->29090K(29504K) NonClass: 25530K(25728K)->25530K(25728K) Class: 3559K(3776K)->3559K(3776K)
[608.208s][info][gc          ] GC(2242) Pause Young (Concurrent Start) (G1 Humongous Allocation) 210M->16M(254M) 1.283ms
[608.208s][info][gc          ] GC(2243) Concurrent Undo Cycle
[608.208s][info][gc,cpu      ] GC(2242) User=0.01s Sys=0.00s Real=0.00s
[608.208s][info][gc,marking  ] GC(2243) Concurrent Cleanup for Next Mark
[608.208s][info][gc,marking  ] GC(2243) Concurrent Cleanup for Next Mark 0.058ms
[608.208s][info][gc          ] GC(2243) Concurrent Undo Cycle 0.111ms
[608.715s][info][gc,start    ] GC(2244) Pause Young (Concurrent Start) (G1 Humongous Allocation)
[608.716s][info][gc,task     ] GC(2244) Using 8 workers of 8 for evacuation
[608.717s][info][gc,phases   ] GC(2244)   Pre Evacuate Collection Set: 0.2ms
[608.717s][info][gc,phases   ] GC(2244)   Merge Heap Roots: 0.1ms
[608.717s][info][gc,phases   ] GC(2244)   Evacuate Collection Set: 0.6ms
[608.717s][info][gc,phases   ] GC(2244)   Post Evacuate Collection Set: 0.3ms
[608.717s][info][gc,phases   ] GC(2244)   Other: 0.1ms
[608.717s][info][gc,heap     ] GC(2244) Eden regions: 1->0(75)
[608.717s][info][gc,heap     ] GC(2244) Survivor regions: 1->1(10)
[608.717s][info][gc,heap     ] GC(2244) Old regions: 8->8
[608.717s][info][gc,heap     ] GC(2244) Archive regions: 2->2
[608.717s][info][gc,heap     ] GC(2244) Humongous regions: 96->0
[608.717s][info][gc,metaspace] GC(2244) Metaspace: 29090K(29504K)->29090K(29504K) NonClass: 25530K(25728K)->25530K(25728K) Class: 3559K(3776K)->3559K(3776K)
[608.717s][info][gc          ] GC(2244) Pause Young (Concurrent Start) (G1 Humongous Allocation) 210M->16M(254M) 1.573ms
[608.717s][info][gc          ] GC(2245) Concurrent Undo Cycle
[608.717s][info][gc,cpu      ] GC(2244) User=0.01s Sys=0.00s Real=0.01s
[608.717s][info][gc,marking  ] GC(2245) Concurrent Cleanup for Next Mark
[608.717s][info][gc,marking  ] GC(2245) Concurrent Cleanup for Next Mark 0.091ms
[608.717s][info][gc          ] GC(2245) Concurrent Undo Cycle 0.227ms
[609.231s][info][gc,start    ] GC(2246) Pause Young (Concurrent Start) (G1 Humongous Allocation)
[609.231s][info][gc,task     ] GC(2246) Using 8 workers of 8 for evacuation
[609.233s][info][gc,phases   ] GC(2246)   Pre Evacuate Collection Set: 0.3ms
[609.233s][info][gc,phases   ] GC(2246)   Merge Heap Roots: 0.1ms
[609.233s][info][gc,phases   ] GC(2246)   Evacuate Collection Set: 1.1ms
[609.233s][info][gc,phases   ] GC(2246)   Post Evacuate Collection Set: 0.3ms
[609.233s][info][gc,phases   ] GC(2246)   Other: 0.1ms
[609.233s][info][gc,heap     ] GC(2246) Eden regions: 1->0(75)
[609.233s][info][gc,heap     ] GC(2246) Survivor regions: 1->1(10)
[609.233s][info][gc,heap     ] GC(2246) Old regions: 8->8
[609.233s][info][gc,heap     ] GC(2246) Archive regions: 2->2
[609.233s][info][gc,heap     ] GC(2246) Humongous regions: 96->0
[609.233s][info][gc,metaspace] GC(2246) Metaspace: 29090K(29504K)->29090K(29504K) NonClass: 25530K(25728K)->25530K(25728K) Class: 3559K(3776K)->3559K(3776K)
[609.233s][info][gc          ] GC(2246) Pause Young (Concurrent Start) (G1 Humongous Allocation) 210M->16M(254M) 2.145ms
[609.233s][info][gc          ] GC(2247) Concurrent Undo Cycle
[609.233s][info][gc,cpu      ] GC(2246) User=0.00s Sys=0.00s Real=0.00s
[609.233s][info][gc,marking  ] GC(2247) Concurrent Cleanup for Next Mark
[609.233s][info][gc,marking  ] GC(2247) Concurrent Cleanup for Next Mark 0.102ms
[609.233s][info][gc          ] GC(2247) Concurrent Undo Cycle 0.191ms
[609.756s][info][gc,start    ] GC(2248) Pause Young (Concurrent Start) (G1 Humongous Allocation)
[609.756s][info][gc,task     ] GC(2248) Using 8 workers of 8 for evacuation
[609.761s][info][gc,phases   ] GC(2248)   Pre Evacuate Collection Set: 2.9ms
[609.761s][info][gc,phases   ] GC(2248)   Merge Heap Roots: 0.1ms
[609.761s][info][gc,phases   ] GC(2248)   Evacuate Collection Set: 0.6ms
[609.761s][info][gc,phases   ] GC(2248)   Post Evacuate Collection Set: 0.5ms
[609.761s][info][gc,phases   ] GC(2248)   Other: 0.5ms
[609.761s][info][gc,heap     ] GC(2248) Eden regions: 1->0(75)
[609.761s][info][gc,heap     ] GC(2248) Survivor regions: 1->1(10)
[609.761s][info][gc,heap     ] GC(2248) Old regions: 8->8
[609.761s][info][gc,heap     ] GC(2248) Archive regions: 2->2
[609.761s][info][gc,heap     ] GC(2248) Humongous regions: 96->0
[609.761s][info][gc,metaspace] GC(2248) Metaspace: 29090K(29504K)->29090K(29504K) NonClass: 25530K(25728K)->25530K(25728K) Class: 3559K(3776K)->3559K(3776K)
[609.761s][info][gc          ] GC(2248) Pause Young (Concurrent Start) (G1 Humongous Allocation) 210M->16M(254M) 5.009ms
[609.761s][info][gc          ] GC(2249) Concurrent Undo Cycle
[609.761s][info][gc,cpu      ] GC(2248) User=0.00s Sys=0.01s Real=0.01s
[609.761s][info][gc,marking  ] GC(2249) Concurrent Cleanup for Next Mark
[609.761s][info][gc,marking  ] GC(2249) Concurrent Cleanup for Next Mark 0.131ms
[609.761s][info][gc          ] GC(2249) Concurrent Undo Cycle 0.216ms
[610.279s][info][gc,start    ] GC(2250) Pause Young (Concurrent Start) (G1 Humongous Allocation)
[610.279s][info][gc,task     ] GC(2250) Using 8 workers of 8 for evacuation
[610.280s][info][gc,phases   ] GC(2250)   Pre Evacuate Collection Set: 0.1ms
[610.280s][info][gc,phases   ] GC(2250)   Merge Heap Roots: 0.1ms
[610.280s][info][gc,phases   ] GC(2250)   Evacuate Collection Set: 0.8ms
[610.280s][info][gc,phases   ] GC(2250)   Post Evacuate Collection Set: 0.4ms
[610.280s][info][gc,phases   ] GC(2250)   Other: 0.1ms
[610.280s][info][gc,heap     ] GC(2250) Eden regions: 1->0(75)
[610.280s][info][gc,heap     ] GC(2250) Survivor regions: 1->1(10)
[610.280s][info][gc,heap     ] GC(2250) Old regions: 8->8
[610.280s][info][gc,heap     ] GC(2250) Archive regions: 2->2
[610.280s][info][gc,heap     ] GC(2250) Humongous regions: 96->0
[610.280s][info][gc,metaspace] GC(2250) Metaspace: 29090K(29504K)->29090K(29504K) NonClass: 25530K(25728K)->25530K(25728K) Class: 3559K(3776K)->3559K(3776K)
[610.280s][info][gc          ] GC(2250) Pause Young (Concurrent Start) (G1 Humongous Allocation) 210M->16M(254M) 1.860ms
[610.280s][info][gc          ] GC(2251) Concurrent Undo Cycle
[610.280s][info][gc,cpu      ] GC(2250) User=0.00s Sys=0.00s Real=0.00s
[610.281s][info][gc,marking  ] GC(2251) Concurrent Cleanup for Next Mark
[610.281s][info][gc,marking  ] GC(2251) Concurrent Cleanup for Next Mark 0.086ms
[610.281s][info][gc          ] GC(2251) Concurrent Undo Cycle 0.190ms
[610.794s][info][gc,start    ] GC(2252) Pause Young (Concurrent Start) (G1 Humongous Allocation)
[610.794s][info][gc,task     ] GC(2252) Using 8 workers of 8 for evacuation
[610.795s][info][gc,phases   ] GC(2252)   Pre Evacuate Collection Set: 0.2ms
[610.795s][info][gc,phases   ] GC(2252)   Merge Heap Roots: 0.1ms
[610.795s][info][gc,phases   ] GC(2252)   Evacuate Collection Set: 0.6ms
[610.795s][info][gc,phases   ] GC(2252)   Post Evacuate Collection Set: 0.3ms
[610.795s][info][gc,phases   ] GC(2252)   Other: 0.1ms
[610.795s][info][gc,heap     ] GC(2252) Eden regions: 1->0(75)
[610.795s][info][gc,heap     ] GC(2252) Survivor regions: 1->1(10)
[610.795s][info][gc,heap     ] GC(2252) Old regions: 8->8
[610.795s][info][gc,heap     ] GC(2252) Archive regions: 2->2
[610.795s][info][gc,heap     ] GC(2252) Humongous regions: 96->0
[610.795s][info][gc,metaspace] GC(2252) Metaspace: 29090K(29504K)->29090K(29504K) NonClass: 25530K(25728K)->25530K(25728K) Class: 3559K(3776K)->3559K(3776K)
[610.795s][info][gc          ] GC(2252) Pause Young (Concurrent Start) (G1 Humongous Allocation) 210M->16M(254M) 1.514ms
[610.795s][info][gc          ] GC(2253) Concurrent Undo Cycle
[610.795s][info][gc,cpu      ] GC(2252) User=0.01s Sys=0.00s Real=0.00s
[610.795s][info][gc,marking  ] GC(2253) Concurrent Cleanup for Next Mark
[610.796s][info][gc,marking  ] GC(2253) Concurrent Cleanup for Next Mark 0.093ms
[610.796s][info][gc          ] GC(2253) Concurrent Undo Cycle 0.171ms
[611.309s][info][gc,start    ] GC(2254) Pause Young (Concurrent Start) (G1 Humongous Allocation)
[611.309s][info][gc,task     ] GC(2254) Using 8 workers of 8 for evacuation
[611.310s][info][gc,phases   ] GC(2254)   Pre Evacuate Collection Set: 0.1ms
[611.310s][info][gc,phases   ] GC(2254)   Merge Heap Roots: 0.0ms
[611.310s][info][gc,phases   ] GC(2254)   Evacuate Collection Set: 0.5ms
[611.310s][info][gc,phases   ] GC(2254)   Post Evacuate Collection Set: 0.3ms
[611.310s][info][gc,phases   ] GC(2254)   Other: 0.1ms
[611.310s][info][gc,heap     ] GC(2254) Eden regions: 1->0(75)
[611.310s][info][gc,heap     ] GC(2254) Survivor regions: 1->1(10)
[611.310s][info][gc,heap     ] GC(2254) Old regions: 8->8
[611.310s][info][gc,heap     ] GC(2254) Archive regions: 2->2
[611.310s][info][gc,heap     ] GC(2254) Humongous regions: 96->0
[611.310s][info][gc,metaspace] GC(2254) Metaspace: 29090K(29504K)->29090K(29504K) NonClass: 25530K(25728K)->25530K(25728K) Class: 3559K(3776K)->3559K(3776K)
[611.310s][info][gc          ] GC(2254) Pause Young (Concurrent Start) (G1 Humongous Allocation) 210M->16M(254M) 1.302ms
[611.310s][info][gc          ] GC(2255) Concurrent Undo Cycle
[611.310s][info][gc,cpu      ] GC(2254) User=0.01s Sys=0.00s Real=0.00s
[611.310s][info][gc,marking  ] GC(2255) Concurrent Cleanup for Next Mark
[611.310s][info][gc,marking  ] GC(2255) Concurrent Cleanup for Next Mark 0.077ms
[611.310s][info][gc          ] GC(2255) Concurrent Undo Cycle 0.153ms
[611.824s][info][gc,start    ] GC(2256) Pause Young (Concurrent Start) (G1 Humongous Allocation)
[611.824s][info][gc,task     ] GC(2256) Using 8 workers of 8 for evacuation
[611.827s][info][gc,phases   ] GC(2256)   Pre Evacuate Collection Set: 0.5ms
[611.827s][info][gc,phases   ] GC(2256)   Merge Heap Roots: 0.2ms
[611.827s][info][gc,phases   ] GC(2256)   Evacuate Collection Set: 1.2ms
[611.827s][info][gc,phases   ] GC(2256)   Post Evacuate Collection Set: 0.8ms
[611.827s][info][gc,phases   ] GC(2256)   Other: 0.2ms
[611.827s][info][gc,heap     ] GC(2256) Eden regions: 1->0(75)
[611.827s][info][gc,heap     ] GC(2256) Survivor regions: 1->1(10)
[611.827s][info][gc,heap     ] GC(2256) Old regions: 8->8
[611.827s][info][gc,heap     ] GC(2256) Archive regions: 2->2
[611.827s][info][gc,heap     ] GC(2256) Humongous regions: 96->0
[611.827s][info][gc,metaspace] GC(2256) Metaspace: 29090K(29504K)->29090K(29504K) NonClass: 25530K(25728K)->25530K(25728K) Class: 3559K(3776K)->3559K(3776K)
[611.828s][info][gc          ] GC(2256) Pause Young (Concurrent Start) (G1 Humongous Allocation) 210M->16M(254M) 3.711ms
[611.828s][info][gc,cpu      ] GC(2256) User=0.00s Sys=0.00s Real=0.01s
[611.828s][info][gc          ] GC(2257) Concurrent Undo Cycle
[611.828s][info][gc,marking  ] GC(2257) Concurrent Cleanup for Next Mark
[611.828s][info][gc,marking  ] GC(2257) Concurrent Cleanup for Next Mark 0.179ms
[611.828s][info][gc          ] GC(2257) Concurrent Undo Cycle 0.406ms
[612.349s][info][gc,start    ] GC(2258) Pause Young (Concurrent Start) (G1 Humongous Allocation)
[612.349s][info][gc,task     ] GC(2258) Using 8 workers of 8 for evacuation
[612.350s][info][gc,phases   ] GC(2258)   Pre Evacuate Collection Set: 0.1ms
[612.350s][info][gc,phases   ] GC(2258)   Merge Heap Roots: 0.0ms
[612.350s][info][gc,phases   ] GC(2258)   Evacuate Collection Set: 0.6ms
[612.350s][info][gc,phases   ] GC(2258)   Post Evacuate Collection Set: 0.2ms
[612.350s][info][gc,phases   ] GC(2258)   Other: 0.0ms
[612.350s][info][gc,heap     ] GC(2258) Eden regions: 2->0(75)
[612.350s][info][gc,heap     ] GC(2258) Survivor regions: 1->1(10)
[612.350s][info][gc,heap     ] GC(2258) Old regions: 8->8
[612.350s][info][gc,heap     ] GC(2258) Archive regions: 2->2
[612.350s][info][gc,heap     ] GC(2258) Humongous regions: 96->0
[612.350s][info][gc,metaspace] GC(2258) Metaspace: 29090K(29504K)->29090K(29504K) NonClass: 25530K(25728K)->25530K(25728K) Class: 3559K(3776K)->3559K(3776K)
[612.350s][info][gc          ] GC(2258) Pause Young (Concurrent Start) (G1 Humongous Allocation) 210M->16M(254M) 1.258ms
[612.350s][info][gc          ] GC(2259) Concurrent Undo Cycle
[612.350s][info][gc,cpu      ] GC(2258) User=0.00s Sys=0.00s Real=0.00s
[612.350s][info][gc,marking  ] GC(2259) Concurrent Cleanup for Next Mark
[612.350s][info][gc,marking  ] GC(2259) Concurrent Cleanup for Next Mark 0.093ms
[612.350s][info][gc          ] GC(2259) Concurrent Undo Cycle 0.164ms
[612.861s][info][gc,start    ] GC(2260) Pause Young (Concurrent Start) (G1 Humongous Allocation)
[612.861s][info][gc,task     ] GC(2260) Using 8 workers of 8 for evacuation
[612.863s][info][gc,phases   ] GC(2260)   Pre Evacuate Collection Set: 0.2ms
[612.863s][info][gc,phases   ] GC(2260)   Merge Heap Roots: 0.1ms
[612.863s][info][gc,phases   ] GC(2260)   Evacuate Collection Set: 0.9ms
[612.863s][info][gc,phases   ] GC(2260)   Post Evacuate Collection Set: 0.8ms
[612.863s][info][gc,phases   ] GC(2260)   Other: 0.2ms
[612.863s][info][gc,heap     ] GC(2260) Eden regions: 1->0(75)
[612.863s][info][gc,heap     ] GC(2260) Survivor regions: 1->1(10)
[612.863s][info][gc,heap     ] GC(2260) Old regions: 8->8
[612.863s][info][gc,heap     ] GC(2260) Archive regions: 2->2
[612.863s][info][gc,heap     ] GC(2260) Humongous regions: 96->0
[612.863s][info][gc,metaspace] GC(2260) Metaspace: 29090K(29504K)->29090K(29504K) NonClass: 25530K(25728K)->25530K(25728K) Class: 3559K(3776K)->3559K(3776K)
[612.864s][info][gc          ] GC(2260) Pause Young (Concurrent Start) (G1 Humongous Allocation) 209M->16M(254M) 2.581ms
[612.864s][info][gc,cpu      ] GC(2260) User=0.00s Sys=0.00s Real=0.00s
[612.864s][info][gc          ] GC(2261) Concurrent Undo Cycle
[612.864s][info][gc,marking  ] GC(2261) Concurrent Cleanup for Next Mark
[612.864s][info][gc,marking  ] GC(2261) Concurrent Cleanup for Next Mark 0.154ms
[612.864s][info][gc          ] GC(2261) Concurrent Undo Cycle 0.330ms
[613.381s][info][gc,start    ] GC(2262) Pause Young (Concurrent Start) (G1 Humongous Allocation)
[613.381s][info][gc,task     ] GC(2262) Using 8 workers of 8 for evacuation
[613.384s][info][gc,phases   ] GC(2262)   Pre Evacuate Collection Set: 0.4ms
[613.384s][info][gc,phases   ] GC(2262)   Merge Heap Roots: 0.2ms
[613.384s][info][gc,phases   ] GC(2262)   Evacuate Collection Set: 1.2ms
[613.384s][info][gc,phases   ] GC(2262)   Post Evacuate Collection Set: 0.8ms
[613.384s][info][gc,phases   ] GC(2262)   Other: 0.2ms
[613.384s][info][gc,heap     ] GC(2262) Eden regions: 2->0(75)
[613.384s][info][gc,heap     ] GC(2262) Survivor regions: 1->1(10)
[613.385s][info][gc,heap     ] GC(2262) Old regions: 8->8
[613.385s][info][gc,heap     ] GC(2262) Archive regions: 2->2
[613.385s][info][gc,heap     ] GC(2262) Humongous regions: 96->0
[613.385s][info][gc,metaspace] GC(2262) Metaspace: 29090K(29504K)->29090K(29504K) NonClass: 25530K(25728K)->25530K(25728K) Class: 3559K(3776K)->3559K(3776K)
[613.385s][info][gc          ] GC(2262) Pause Young (Concurrent Start) (G1 Humongous Allocation) 210M->16M(254M) 3.516ms
[613.385s][info][gc,cpu      ] GC(2262) User=0.00s Sys=0.00s Real=0.00s
[613.385s][info][gc          ] GC(2263) Concurrent Undo Cycle
[613.385s][info][gc,marking  ] GC(2263) Concurrent Cleanup for Next Mark
[613.385s][info][gc,marking  ] GC(2263) Concurrent Cleanup for Next Mark 0.216ms
[613.385s][info][gc          ] GC(2263) Concurrent Undo Cycle 0.424ms
[613.907s][info][gc,start    ] GC(2264) Pause Young (Concurrent Start) (G1 Humongous Allocation)
[613.907s][info][gc,task     ] GC(2264) Using 8 workers of 8 for evacuation
[613.910s][info][gc,phases   ] GC(2264)   Pre Evacuate Collection Set: 0.4ms
[613.910s][info][gc,phases   ] GC(2264)   Merge Heap Roots: 0.2ms
[613.910s][info][gc,phases   ] GC(2264)   Evacuate Collection Set: 1.2ms
[613.910s][info][gc,phases   ] GC(2264)   Post Evacuate Collection Set: 0.7ms
[613.910s][info][gc,phases   ] GC(2264)   Other: 0.2ms
[613.910s][info][gc,heap     ] GC(2264) Eden regions: 1->0(75)
[613.910s][info][gc,heap     ] GC(2264) Survivor regions: 1->1(10)
[613.910s][info][gc,heap     ] GC(2264) Old regions: 8->8
[613.910s][info][gc,heap     ] GC(2264) Archive regions: 2->2
[613.910s][info][gc,heap     ] GC(2264) Humongous regions: 96->0
[613.910s][info][gc,metaspace] GC(2264) Metaspace: 29090K(29504K)->29090K(29504K) NonClass: 25530K(25728K)->25530K(25728K) Class: 3559K(3776K)->3559K(3776K)
[613.910s][info][gc          ] GC(2264) Pause Young (Concurrent Start) (G1 Humongous Allocation) 209M->16M(254M) 3.226ms
[613.910s][info][gc,cpu      ] GC(2264) User=0.01s Sys=0.00s Real=0.00s
[613.910s][info][gc          ] GC(2265) Concurrent Undo Cycle
[613.910s][info][gc,marking  ] GC(2265) Concurrent Cleanup for Next Mark
[613.910s][info][gc,marking  ] GC(2265) Concurrent Cleanup for Next Mark 0.133ms
[613.910s][info][gc          ] GC(2265) Concurrent Undo Cycle 0.286ms
[614.428s][info][gc,start    ] GC(2266) Pause Young (Concurrent Start) (G1 Humongous Allocation)
[614.428s][info][gc,task     ] GC(2266) Using 8 workers of 8 for evacuation
[614.429s][info][gc,phases   ] GC(2266)   Pre Evacuate Collection Set: 0.1ms
[614.429s][info][gc,phases   ] GC(2266)   Merge Heap Roots: 0.0ms
[614.429s][info][gc,phases   ] GC(2266)   Evacuate Collection Set: 0.6ms
[614.429s][info][gc,phases   ] GC(2266)   Post Evacuate Collection Set: 0.3ms
[614.429s][info][gc,phases   ] GC(2266)   Other: 0.1ms
[614.429s][info][gc,heap     ] GC(2266) Eden regions: 2->0(75)
[614.429s][info][gc,heap     ] GC(2266) Survivor regions: 1->1(10)
[614.429s][info][gc,heap     ] GC(2266) Old regions: 8->8
[614.429s][info][gc,heap     ] GC(2266) Archive regions: 2->2
[614.429s][info][gc,heap     ] GC(2266) Humongous regions: 96->0
[614.429s][info][gc,metaspace] GC(2266) Metaspace: 29090K(29504K)->29090K(29504K) NonClass: 25530K(25728K)->25530K(25728K) Class: 3559K(3776K)->3559K(3776K)
[614.429s][info][gc          ] GC(2266) Pause Young (Concurrent Start) (G1 Humongous Allocation) 210M->16M(254M) 1.375ms
[614.429s][info][gc          ] GC(2267) Concurrent Undo Cycle
[614.429s][info][gc,cpu      ] GC(2266) User=0.00s Sys=0.00s Real=0.00s
[614.429s][info][gc,marking  ] GC(2267) Concurrent Cleanup for Next Mark
[614.429s][info][gc,marking  ] GC(2267) Concurrent Cleanup for Next Mark 0.090ms
[614.429s][info][gc          ] GC(2267) Concurrent Undo Cycle 0.143ms
[614.957s][info][gc,start    ] GC(2268) Pause Young (Concurrent Start) (G1 Humongous Allocation)
[614.957s][info][gc,task     ] GC(2268) Using 8 workers of 8 for evacuation
[614.958s][info][gc,phases   ] GC(2268)   Pre Evacuate Collection Set: 0.1ms
[614.958s][info][gc,phases   ] GC(2268)   Merge Heap Roots: 0.0ms
[614.958s][info][gc,phases   ] GC(2268)   Evacuate Collection Set: 0.6ms
[614.958s][info][gc,phases   ] GC(2268)   Post Evacuate Collection Set: 0.7ms
[614.958s][info][gc,phases   ] GC(2268)   Other: 0.1ms
[614.958s][info][gc,heap     ] GC(2268) Eden regions: 1->0(75)
[614.958s][info][gc,heap     ] GC(2268) Survivor regions: 1->1(10)
[614.958s][info][gc,heap     ] GC(2268) Old regions: 8->8
[614.958s][info][gc,heap     ] GC(2268) Archive regions: 2->2
[614.958s][info][gc,heap     ] GC(2268) Humongous regions: 96->0
[614.958s][info][gc,metaspace] GC(2268) Metaspace: 29090K(29504K)->29090K(29504K) NonClass: 25530K(25728K)->25530K(25728K) Class: 3559K(3776K)->3559K(3776K)
[614.958s][info][gc          ] GC(2268) Pause Young (Concurrent Start) (G1 Humongous Allocation) 209M->16M(254M) 1.988ms
[614.959s][info][gc          ] GC(2269) Concurrent Undo Cycle
[614.959s][info][gc,cpu      ] GC(2268) User=0.00s Sys=0.00s Real=0.00s
[614.959s][info][gc,marking  ] GC(2269) Concurrent Cleanup for Next Mark
[614.959s][info][gc,marking  ] GC(2269) Concurrent Cleanup for Next Mark 0.221ms
[614.959s][info][gc          ] GC(2269) Concurrent Undo Cycle 0.421ms
[615.471s][info][gc,start    ] GC(2270) Pause Young (Concurrent Start) (G1 Humongous Allocation)
[615.471s][info][gc,task     ] GC(2270) Using 8 workers of 8 for evacuation
[615.473s][info][gc,phases   ] GC(2270)   Pre Evacuate Collection Set: 0.4ms
[615.473s][info][gc,phases   ] GC(2270)   Merge Heap Roots: 0.1ms
[615.473s][info][gc,phases   ] GC(2270)   Evacuate Collection Set: 1.0ms
[615.473s][info][gc,phases   ] GC(2270)   Post Evacuate Collection Set: 0.4ms
[615.473s][info][gc,phases   ] GC(2270)   Other: 0.1ms
[615.473s][info][gc,heap     ] GC(2270) Eden regions: 2->0(75)
[615.473s][info][gc,heap     ] GC(2270) Survivor regions: 1->1(10)
[615.473s][info][gc,heap     ] GC(2270) Old regions: 8->8
[615.473s][info][gc,heap     ] GC(2270) Archive regions: 2->2
[615.473s][info][gc,heap     ] GC(2270) Humongous regions: 96->0
[615.473s][info][gc,metaspace] GC(2270) Metaspace: 29090K(29504K)->29090K(29504K) NonClass: 25530K(25728K)->25530K(25728K) Class: 3559K(3776K)->3559K(3776K)
[615.473s][info][gc          ] GC(2270) Pause Young (Concurrent Start) (G1 Humongous Allocation) 210M->16M(254M) 2.300ms
[615.473s][info][gc          ] GC(2271) Concurrent Undo Cycle
[615.473s][info][gc,cpu      ] GC(2270) User=0.01s Sys=0.00s Real=0.00s
[615.473s][info][gc,marking  ] GC(2271) Concurrent Cleanup for Next Mark
[615.473s][info][gc,marking  ] GC(2271) Concurrent Cleanup for Next Mark 0.141ms
[615.473s][info][gc          ] GC(2271) Concurrent Undo Cycle 0.210ms
[615.983s][info][gc,start    ] GC(2272) Pause Young (Concurrent Start) (G1 Humongous Allocation)
[615.983s][info][gc,task     ] GC(2272) Using 8 workers of 8 for evacuation
[615.984s][info][gc,phases   ] GC(2272)   Pre Evacuate Collection Set: 0.1ms
[615.984s][info][gc,phases   ] GC(2272)   Merge Heap Roots: 0.0ms
[615.985s][info][gc,phases   ] GC(2272)   Evacuate Collection Set: 0.6ms
[615.985s][info][gc,phases   ] GC(2272)   Post Evacuate Collection Set: 0.3ms
[615.985s][info][gc,phases   ] GC(2272)   Other: 0.1ms
[615.985s][info][gc,heap     ] GC(2272) Eden regions: 1->0(75)
[615.985s][info][gc,heap     ] GC(2272) Survivor regions: 1->1(10)
[615.985s][info][gc,heap     ] GC(2272) Old regions: 8->8
[615.985s][info][gc,heap     ] GC(2272) Archive regions: 2->2
[615.985s][info][gc,heap     ] GC(2272) Humongous regions: 96->0
[615.985s][info][gc,metaspace] GC(2272) Metaspace: 29090K(29504K)->29090K(29504K) NonClass: 25530K(25728K)->25530K(25728K) Class: 3559K(3776K)->3559K(3776K)
[615.985s][info][gc          ] GC(2272) Pause Young (Concurrent Start) (G1 Humongous Allocation) 209M->16M(254M) 1.468ms
[615.985s][info][gc          ] GC(2273) Concurrent Undo Cycle
[615.985s][info][gc,cpu      ] GC(2272) User=0.01s Sys=0.00s Real=0.00s
[615.985s][info][gc,marking  ] GC(2273) Concurrent Cleanup for Next Mark
[615.985s][info][gc,marking  ] GC(2273) Concurrent Cleanup for Next Mark 0.079ms
[615.985s][info][gc          ] GC(2273) Concurrent Undo Cycle 0.172ms
[616.493s][info][gc,start    ] GC(2274) Pause Young (Concurrent Start) (G1 Humongous Allocation)
[616.493s][info][gc,task     ] GC(2274) Using 8 workers of 8 for evacuation
[616.496s][info][gc,phases   ] GC(2274)   Pre Evacuate Collection Set: 0.3ms
[616.496s][info][gc,phases   ] GC(2274)   Merge Heap Roots: 0.1ms
[616.496s][info][gc,phases   ] GC(2274)   Evacuate Collection Set: 1.4ms
[616.496s][info][gc,phases   ] GC(2274)   Post Evacuate Collection Set: 0.7ms
[616.496s][info][gc,phases   ] GC(2274)   Other: 0.2ms
[616.496s][info][gc,heap     ] GC(2274) Eden regions: 2->0(75)
[616.496s][info][gc,heap     ] GC(2274) Survivor regions: 1->1(10)
[616.496s][info][gc,heap     ] GC(2274) Old regions: 8->8
[616.496s][info][gc,heap     ] GC(2274) Archive regions: 2->2
[616.496s][info][gc,heap     ] GC(2274) Humongous regions: 96->0
[616.496s][info][gc,metaspace] GC(2274) Metaspace: 29090K(29504K)->29090K(29504K) NonClass: 25530K(25728K)->25530K(25728K) Class: 3559K(3776K)->3559K(3776K)
[616.496s][info][gc          ] GC(2274) Pause Young (Concurrent Start) (G1 Humongous Allocation) 210M->16M(254M) 3.233ms
[616.496s][info][gc          ] GC(2275) Concurrent Undo Cycle
[616.496s][info][gc,cpu      ] GC(2274) User=0.01s Sys=0.00s Real=0.01s
[616.496s][info][gc,marking  ] GC(2275) Concurrent Cleanup for Next Mark
[616.497s][info][gc,marking  ] GC(2275) Concurrent Cleanup for Next Mark 0.234ms
[616.497s][info][gc          ] GC(2275) Concurrent Undo Cycle 0.385ms
[617.016s][info][gc,start    ] GC(2276) Pause Young (Concurrent Start) (G1 Humongous Allocation)
[617.016s][info][gc,task     ] GC(2276) Using 8 workers of 8 for evacuation
[617.017s][info][gc,phases   ] GC(2276)   Pre Evacuate Collection Set: 0.1ms
[617.017s][info][gc,phases   ] GC(2276)   Merge Heap Roots: 0.0ms
[617.017s][info][gc,phases   ] GC(2276)   Evacuate Collection Set: 0.5ms
[617.017s][info][gc,phases   ] GC(2276)   Post Evacuate Collection Set: 0.3ms
[617.017s][info][gc,phases   ] GC(2276)   Other: 0.2ms
[617.017s][info][gc,heap     ] GC(2276) Eden regions: 1->0(75)
[617.017s][info][gc,heap     ] GC(2276) Survivor regions: 1->1(10)
[617.017s][info][gc,heap     ] GC(2276) Old regions: 8->8
[617.017s][info][gc,heap     ] GC(2276) Archive regions: 2->2
[617.017s][info][gc,heap     ] GC(2276) Humongous regions: 96->0
[617.017s][info][gc,metaspace] GC(2276) Metaspace: 29090K(29504K)->29090K(29504K) NonClass: 25530K(25728K)->25530K(25728K) Class: 3559K(3776K)->3559K(3776K)
[617.017s][info][gc          ] GC(2276) Pause Young (Concurrent Start) (G1 Humongous Allocation) 210M->16M(254M) 1.460ms
[617.017s][info][gc          ] GC(2277) Concurrent Undo Cycle
[617.017s][info][gc,cpu      ] GC(2276) User=0.00s Sys=0.00s Real=0.01s
[617.018s][info][gc,marking  ] GC(2277) Concurrent Cleanup for Next Mark
[617.018s][info][gc,marking  ] GC(2277) Concurrent Cleanup for Next Mark 0.172ms
[617.018s][info][gc          ] GC(2277) Concurrent Undo Cycle 0.260ms
[617.529s][info][gc,start    ] GC(2278) Pause Young (Concurrent Start) (G1 Humongous Allocation)
[617.529s][info][gc,task     ] GC(2278) Using 8 workers of 8 for evacuation
[617.532s][info][gc,phases   ] GC(2278)   Pre Evacuate Collection Set: 0.4ms
[617.532s][info][gc,phases   ] GC(2278)   Merge Heap Roots: 0.2ms
[617.532s][info][gc,phases   ] GC(2278)   Evacuate Collection Set: 1.4ms
[617.532s][info][gc,phases   ] GC(2278)   Post Evacuate Collection Set: 0.9ms
[617.532s][info][gc,phases   ] GC(2278)   Other: 0.4ms
[617.532s][info][gc,heap     ] GC(2278) Eden regions: 2->0(75)
[617.532s][info][gc,heap     ] GC(2278) Survivor regions: 1->1(10)
[617.532s][info][gc,heap     ] GC(2278) Old regions: 8->8
[617.532s][info][gc,heap     ] GC(2278) Archive regions: 2->2
[617.532s][info][gc,heap     ] GC(2278) Humongous regions: 96->0
[617.533s][info][gc,metaspace] GC(2278) Metaspace: 29090K(29504K)->29090K(29504K) NonClass: 25530K(25728K)->25530K(25728K) Class: 3559K(3776K)->3559K(3776K)
[617.533s][info][gc          ] GC(2278) Pause Young (Concurrent Start) (G1 Humongous Allocation) 210M->16M(254M) 4.054ms
[617.533s][info][gc,cpu      ] GC(2278) User=0.01s Sys=0.00s Real=0.00s
[617.533s][info][gc          ] GC(2279) Concurrent Undo Cycle
[617.533s][info][gc,marking  ] GC(2279) Concurrent Cleanup for Next Mark
[617.533s][info][gc,marking  ] GC(2279) Concurrent Cleanup for Next Mark 0.147ms
[617.533s][info][gc          ] GC(2279) Concurrent Undo Cycle 0.342ms
[618.049s][info][gc,start    ] GC(2280) Pause Young (Concurrent Start) (G1 Humongous Allocation)
[618.049s][info][gc,task     ] GC(2280) Using 8 workers of 8 for evacuation
[618.051s][info][gc,phases   ] GC(2280)   Pre Evacuate Collection Set: 0.3ms
[618.051s][info][gc,phases   ] GC(2280)   Merge Heap Roots: 0.1ms
[618.051s][info][gc,phases   ] GC(2280)   Evacuate Collection Set: 1.1ms
[618.051s][info][gc,phases   ] GC(2280)   Post Evacuate Collection Set: 0.4ms
[618.051s][info][gc,phases   ] GC(2280)   Other: 0.1ms
[618.051s][info][gc,heap     ] GC(2280) Eden regions: 1->0(75)
[618.051s][info][gc,heap     ] GC(2280) Survivor regions: 1->1(10)
[618.051s][info][gc,heap     ] GC(2280) Old regions: 8->8
[618.051s][info][gc,heap     ] GC(2280) Archive regions: 2->2
[618.052s][info][gc,heap     ] GC(2280) Humongous regions: 96->0
[618.052s][info][gc,metaspace] GC(2280) Metaspace: 29090K(29504K)->29090K(29504K) NonClass: 25530K(25728K)->25530K(25728K) Class: 3559K(3776K)->3559K(3776K)
[618.052s][info][gc          ] GC(2280) Pause Young (Concurrent Start) (G1 Humongous Allocation) 209M->16M(254M) 2.465ms
[618.052s][info][gc,cpu      ] GC(2280) User=0.01s Sys=0.00s Real=0.00s
[618.052s][info][gc          ] GC(2281) Concurrent Undo Cycle
[618.052s][info][gc,marking  ] GC(2281) Concurrent Cleanup for Next Mark
[618.052s][info][gc,marking  ] GC(2281) Concurrent Cleanup for Next Mark 0.137ms
[618.052s][info][gc          ] GC(2281) Concurrent Undo Cycle 0.283ms
[618.563s][info][gc,start    ] GC(2282) Pause Young (Concurrent Start) (G1 Humongous Allocation)
[618.563s][info][gc,task     ] GC(2282) Using 8 workers of 8 for evacuation
[618.564s][info][gc,phases   ] GC(2282)   Pre Evacuate Collection Set: 0.1ms
[618.564s][info][gc,phases   ] GC(2282)   Merge Heap Roots: 0.0ms
[618.564s][info][gc,phases   ] GC(2282)   Evacuate Collection Set: 0.5ms
[618.564s][info][gc,phases   ] GC(2282)   Post Evacuate Collection Set: 0.3ms
[618.564s][info][gc,phases   ] GC(2282)   Other: 0.1ms
[618.564s][info][gc,heap     ] GC(2282) Eden regions: 2->0(75)
[618.564s][info][gc,heap     ] GC(2282) Survivor regions: 1->1(10)
[618.564s][info][gc,heap     ] GC(2282) Old regions: 8->8
[618.564s][info][gc,heap     ] GC(2282) Archive regions: 2->2
[618.564s][info][gc,heap     ] GC(2282) Humongous regions: 96->0
[618.564s][info][gc,metaspace] GC(2282) Metaspace: 29090K(29504K)->29090K(29504K) NonClass: 25530K(25728K)->25530K(25728K) Class: 3559K(3776K)->3559K(3776K)
[618.564s][info][gc          ] GC(2282) Pause Young (Concurrent Start) (G1 Humongous Allocation) 210M->16M(254M) 1.326ms
[618.564s][info][gc          ] GC(2283) Concurrent Undo Cycle
[618.564s][info][gc,cpu      ] GC(2282) User=0.00s Sys=0.00s Real=0.00s
[618.564s][info][gc,marking  ] GC(2283) Concurrent Cleanup for Next Mark
[618.564s][info][gc,marking  ] GC(2283) Concurrent Cleanup for Next Mark 0.122ms
[618.564s][info][gc          ] GC(2283) Concurrent Undo Cycle 0.202ms
[619.077s][info][gc,start    ] GC(2284) Pause Young (Concurrent Start) (G1 Humongous Allocation)
[619.077s][info][gc,task     ] GC(2284) Using 8 workers of 8 for evacuation
[619.078s][info][gc,phases   ] GC(2284)   Pre Evacuate Collection Set: 0.1ms
[619.078s][info][gc,phases   ] GC(2284)   Merge Heap Roots: 0.0ms
[619.078s][info][gc,phases   ] GC(2284)   Evacuate Collection Set: 0.5ms
[619.078s][info][gc,phases   ] GC(2284)   Post Evacuate Collection Set: 0.2ms
[619.078s][info][gc,phases   ] GC(2284)   Other: 0.0ms
[619.078s][info][gc,heap     ] GC(2284) Eden regions: 1->0(75)
[619.078s][info][gc,heap     ] GC(2284) Survivor regions: 1->1(10)
[619.078s][info][gc,heap     ] GC(2284) Old regions: 8->8
[619.078s][info][gc,heap     ] GC(2284) Archive regions: 2->2
[619.078s][info][gc,heap     ] GC(2284) Humongous regions: 96->0
[619.078s][info][gc,metaspace] GC(2284) Metaspace: 29090K(29504K)->29090K(29504K) NonClass: 25530K(25728K)->25530K(25728K) Class: 3559K(3776K)->3559K(3776K)
[619.078s][info][gc          ] GC(2284) Pause Young (Concurrent Start) (G1 Humongous Allocation) 209M->16M(254M) 1.197ms
[619.078s][info][gc          ] GC(2285) Concurrent Undo Cycle
[619.078s][info][gc,cpu      ] GC(2284) User=0.00s Sys=0.00s Real=0.00s
[619.079s][info][gc,marking  ] GC(2285) Concurrent Cleanup for Next Mark
[619.079s][info][gc,marking  ] GC(2285) Concurrent Cleanup for Next Mark 0.064ms
[619.079s][info][gc          ] GC(2285) Concurrent Undo Cycle 0.134ms
[619.591s][info][gc,start    ] GC(2286) Pause Young (Concurrent Start) (G1 Humongous Allocation)
[619.591s][info][gc,task     ] GC(2286) Using 8 workers of 8 for evacuation
[619.593s][info][gc,phases   ] GC(2286)   Pre Evacuate Collection Set: 0.2ms
[619.593s][info][gc,phases   ] GC(2286)   Merge Heap Roots: 0.1ms
[619.593s][info][gc,phases   ] GC(2286)   Evacuate Collection Set: 1.2ms
[619.593s][info][gc,phases   ] GC(2286)   Post Evacuate Collection Set: 0.5ms
[619.593s][info][gc,phases   ] GC(2286)   Other: 0.2ms
[619.593s][info][gc,heap     ] GC(2286) Eden regions: 2->0(75)
[619.593s][info][gc,heap     ] GC(2286) Survivor regions: 1->1(10)
[619.593s][info][gc,heap     ] GC(2286) Old regions: 8->8
[619.594s][info][gc,heap     ] GC(2286) Archive regions: 2->2
[619.594s][info][gc,heap     ] GC(2286) Humongous regions: 96->0
[619.594s][info][gc,metaspace] GC(2286) Metaspace: 29090K(29504K)->29090K(29504K) NonClass: 25530K(25728K)->25530K(25728K) Class: 3559K(3776K)->3559K(3776K)
[619.594s][info][gc          ] GC(2286) Pause Young (Concurrent Start) (G1 Humongous Allocation) 210M->16M(254M) 3.028ms
[619.594s][info][gc          ] GC(2287) Concurrent Undo Cycle
[619.594s][info][gc,cpu      ] GC(2286) User=0.00s Sys=0.00s Real=0.00s
[619.594s][info][gc,marking  ] GC(2287) Concurrent Cleanup for Next Mark
[619.595s][info][gc,marking  ] GC(2287) Concurrent Cleanup for Next Mark 0.740ms
[619.595s][info][gc          ] GC(2287) Concurrent Undo Cycle 0.952ms
[620.109s][info][gc,start    ] GC(2288) Pause Young (Concurrent Start) (G1 Humongous Allocation)
[620.109s][info][gc,task     ] GC(2288) Using 8 workers of 8 for evacuation
[620.110s][info][gc,phases   ] GC(2288)   Pre Evacuate Collection Set: 0.1ms
[620.110s][info][gc,phases   ] GC(2288)   Merge Heap Roots: 0.0ms
[620.110s][info][gc,phases   ] GC(2288)   Evacuate Collection Set: 0.6ms
[620.110s][info][gc,phases   ] GC(2288)   Post Evacuate Collection Set: 0.2ms
[620.110s][info][gc,phases   ] GC(2288)   Other: 0.1ms
[620.110s][info][gc,heap     ] GC(2288) Eden regions: 1->0(75)
[620.110s][info][gc,heap     ] GC(2288) Survivor regions: 1->1(10)
[620.110s][info][gc,heap     ] GC(2288) Old regions: 8->8
[620.110s][info][gc,heap     ] GC(2288) Archive regions: 2->2
[620.110s][info][gc,heap     ] GC(2288) Humongous regions: 96->0
[620.110s][info][gc,metaspace] GC(2288) Metaspace: 29090K(29504K)->29090K(29504K) NonClass: 25530K(25728K)->25530K(25728K) Class: 3559K(3776K)->3559K(3776K)
[620.110s][info][gc          ] GC(2288) Pause Young (Concurrent Start) (G1 Humongous Allocation) 209M->16M(254M) 1.292ms
[620.110s][info][gc          ] GC(2289) Concurrent Undo Cycle
[620.110s][info][gc,cpu      ] GC(2288) User=0.00s Sys=0.01s Real=0.00s
[620.110s][info][gc,marking  ] GC(2289) Concurrent Cleanup for Next Mark
[620.110s][info][gc,marking  ] GC(2289) Concurrent Cleanup for Next Mark 0.088ms
[620.110s][info][gc          ] GC(2289) Concurrent Undo Cycle 0.172ms
[620.623s][info][gc,start    ] GC(2290) Pause Young (Concurrent Start) (G1 Humongous Allocation)
[620.623s][info][gc,task     ] GC(2290) Using 8 workers of 8 for evacuation
[620.626s][info][gc,phases   ] GC(2290)   Pre Evacuate Collection Set: 0.5ms
[620.626s][info][gc,phases   ] GC(2290)   Merge Heap Roots: 0.2ms
[620.626s][info][gc,phases   ] GC(2290)   Evacuate Collection Set: 1.3ms
[620.626s][info][gc,phases   ] GC(2290)   Post Evacuate Collection Set: 0.8ms
[620.627s][info][gc,phases   ] GC(2290)   Other: 0.2ms
[620.627s][info][gc,heap     ] GC(2290) Eden regions: 2->0(75)
[620.627s][info][gc,heap     ] GC(2290) Survivor regions: 1->1(10)
[620.627s][info][gc,heap     ] GC(2290) Old regions: 8->8
[620.627s][info][gc,heap     ] GC(2290) Archive regions: 2->2
[620.627s][info][gc,heap     ] GC(2290) Humongous regions: 96->0
[620.627s][info][gc,metaspace] GC(2290) Metaspace: 29090K(29504K)->29090K(29504K) NonClass: 25530K(25728K)->25530K(25728K) Class: 3559K(3776K)->3559K(3776K)
[620.627s][info][gc          ] GC(2290) Pause Young (Concurrent Start) (G1 Humongous Allocation) 210M->16M(254M) 3.625ms
[620.627s][info][gc,cpu      ] GC(2290) User=0.00s Sys=0.00s Real=0.01s
[620.627s][info][gc          ] GC(2291) Concurrent Undo Cycle
[620.627s][info][gc,marking  ] GC(2291) Concurrent Cleanup for Next Mark
[620.627s][info][gc,marking  ] GC(2291) Concurrent Cleanup for Next Mark 0.191ms
[620.627s][info][gc          ] GC(2291) Concurrent Undo Cycle 0.471ms
[621.148s][info][gc,start    ] GC(2292) Pause Young (Concurrent Start) (G1 Humongous Allocation)
[621.149s][info][gc,task     ] GC(2292) Using 8 workers of 8 for evacuation
[621.151s][info][gc,phases   ] GC(2292)   Pre Evacuate Collection Set: 0.4ms
[621.151s][info][gc,phases   ] GC(2292)   Merge Heap Roots: 0.2ms
[621.152s][info][gc,phases   ] GC(2292)   Evacuate Collection Set: 1.2ms
[621.152s][info][gc,phases   ] GC(2292)   Post Evacuate Collection Set: 0.8ms
[621.152s][info][gc,phases   ] GC(2292)   Other: 0.2ms
[621.152s][info][gc,heap     ] GC(2292) Eden regions: 1->0(75)
[621.152s][info][gc,heap     ] GC(2292) Survivor regions: 1->1(10)
[621.152s][info][gc,heap     ] GC(2292) Old regions: 8->8
[621.152s][info][gc,heap     ] GC(2292) Archive regions: 2->2
[621.152s][info][gc,heap     ] GC(2292) Humongous regions: 96->0
[621.152s][info][gc,metaspace] GC(2292) Metaspace: 29090K(29504K)->29090K(29504K) NonClass: 25530K(25728K)->25530K(25728K) Class: 3559K(3776K)->3559K(3776K)
[621.152s][info][gc          ] GC(2292) Pause Young (Concurrent Start) (G1 Humongous Allocation) 209M->16M(254M) 3.433ms
[621.152s][info][gc,cpu      ] GC(2292) User=0.01s Sys=0.00s Real=0.00s
[621.152s][info][gc          ] GC(2293) Concurrent Undo Cycle
[621.152s][info][gc,marking  ] GC(2293) Concurrent Cleanup for Next Mark
[621.152s][info][gc,marking  ] GC(2293) Concurrent Cleanup for Next Mark 0.231ms
[621.153s][info][gc          ] GC(2293) Concurrent Undo Cycle 0.504ms
[621.670s][info][gc,start    ] GC(2294) Pause Young (Concurrent Start) (G1 Humongous Allocation)
[621.671s][info][gc,task     ] GC(2294) Using 8 workers of 8 for evacuation
[621.671s][info][gc,phases   ] GC(2294)   Pre Evacuate Collection Set: 0.1ms
[621.671s][info][gc,phases   ] GC(2294)   Merge Heap Roots: 0.0ms
[621.671s][info][gc,phases   ] GC(2294)   Evacuate Collection Set: 0.5ms
[621.671s][info][gc,phases   ] GC(2294)   Post Evacuate Collection Set: 0.2ms
[621.671s][info][gc,phases   ] GC(2294)   Other: 0.0ms
[621.672s][info][gc,heap     ] GC(2294) Eden regions: 2->0(75)
[621.672s][info][gc,heap     ] GC(2294) Survivor regions: 1->1(10)
[621.672s][info][gc,heap     ] GC(2294) Old regions: 8->8
[621.672s][info][gc,heap     ] GC(2294) Archive regions: 2->2
[621.672s][info][gc,heap     ] GC(2294) Humongous regions: 96->0
[621.672s][info][gc,metaspace] GC(2294) Metaspace: 29090K(29504K)->29090K(29504K) NonClass: 25530K(25728K)->25530K(25728K) Class: 3559K(3776K)->3559K(3776K)
[621.672s][info][gc          ] GC(2294) Pause Young (Concurrent Start) (G1 Humongous Allocation) 210M->16M(254M) 1.172ms
[621.672s][info][gc,cpu      ] GC(2294) User=0.00s Sys=0.01s Real=0.00s
[621.672s][info][gc          ] GC(2295) Concurrent Undo Cycle
[621.672s][info][gc,marking  ] GC(2295) Concurrent Cleanup for Next Mark
[621.672s][info][gc,marking  ] GC(2295) Concurrent Cleanup for Next Mark 0.057ms
[621.672s][info][gc          ] GC(2295) Concurrent Undo Cycle 0.127ms
[622.182s][info][gc,start    ] GC(2296) Pause Young (Concurrent Start) (G1 Humongous Allocation)
[622.182s][info][gc,task     ] GC(2296) Using 8 workers of 8 for evacuation
[622.184s][info][gc,phases   ] GC(2296)   Pre Evacuate Collection Set: 0.3ms
[622.184s][info][gc,phases   ] GC(2296)   Merge Heap Roots: 0.1ms
[622.185s][info][gc,phases   ] GC(2296)   Evacuate Collection Set: 1.1ms
[622.185s][info][gc,phases   ] GC(2296)   Post Evacuate Collection Set: 0.4ms
[622.185s][info][gc,phases   ] GC(2296)   Other: 0.1ms
[622.185s][info][gc,heap     ] GC(2296) Eden regions: 1->0(75)
[622.185s][info][gc,heap     ] GC(2296) Survivor regions: 1->1(10)
[622.185s][info][gc,heap     ] GC(2296) Old regions: 8->8
[622.185s][info][gc,heap     ] GC(2296) Archive regions: 2->2
[622.185s][info][gc,heap     ] GC(2296) Humongous regions: 96->0
[622.185s][info][gc,metaspace] GC(2296) Metaspace: 29090K(29504K)->29090K(29504K) NonClass: 25530K(25728K)->25530K(25728K) Class: 3559K(3776K)->3559K(3776K)
[622.185s][info][gc          ] GC(2296) Pause Young (Concurrent Start) (G1 Humongous Allocation) 210M->16M(254M) 2.503ms
[622.185s][info][gc          ] GC(2297) Concurrent Undo Cycle
[622.185s][info][gc,cpu      ] GC(2296) User=0.01s Sys=0.00s Real=0.00s
[622.185s][info][gc,marking  ] GC(2297) Concurrent Cleanup for Next Mark
[622.185s][info][gc,marking  ] GC(2297) Concurrent Cleanup for Next Mark 0.155ms
[622.185s][info][gc          ] GC(2297) Concurrent Undo Cycle 0.311ms
[622.700s][info][gc,start    ] GC(2298) Pause Young (Concurrent Start) (G1 Humongous Allocation)
[622.700s][info][gc,task     ] GC(2298) Using 8 workers of 8 for evacuation
[622.703s][info][gc,phases   ] GC(2298)   Pre Evacuate Collection Set: 0.4ms
[622.703s][info][gc,phases   ] GC(2298)   Merge Heap Roots: 0.2ms
[622.703s][info][gc,phases   ] GC(2298)   Evacuate Collection Set: 1.2ms
[622.703s][info][gc,phases   ] GC(2298)   Post Evacuate Collection Set: 0.8ms
[622.703s][info][gc,phases   ] GC(2298)   Other: 0.2ms
[622.703s][info][gc,heap     ] GC(2298) Eden regions: 1->0(75)
[622.703s][info][gc,heap     ] GC(2298) Survivor regions: 1->1(10)
[622.703s][info][gc,heap     ] GC(2298) Old regions: 8->8
[622.703s][info][gc,heap     ] GC(2298) Archive regions: 2->2
[622.704s][info][gc,heap     ] GC(2298) Humongous regions: 96->0
[622.704s][info][gc,metaspace] GC(2298) Metaspace: 29090K(29504K)->29090K(29504K) NonClass: 25530K(25728K)->25530K(25728K) Class: 3559K(3776K)->3559K(3776K)
[622.704s][info][gc          ] GC(2298) Pause Young (Concurrent Start) (G1 Humongous Allocation) 210M->16M(254M) 3.499ms
[622.704s][info][gc,cpu      ] GC(2298) User=0.00s Sys=0.00s Real=0.00s
[622.704s][info][gc          ] GC(2299) Concurrent Undo Cycle
[622.704s][info][gc,marking  ] GC(2299) Concurrent Cleanup for Next Mark
[622.704s][info][gc,marking  ] GC(2299) Concurrent Cleanup for Next Mark 0.207ms
[622.704s][info][gc          ] GC(2299) Concurrent Undo Cycle 0.502ms
[623.233s][info][gc,start    ] GC(2300) Pause Young (Concurrent Start) (G1 Humongous Allocation)
[623.233s][info][gc,task     ] GC(2300) Using 8 workers of 8 for evacuation
[623.254s][info][gc,phases   ] GC(2300)   Pre Evacuate Collection Set: 0.2ms
[623.254s][info][gc,phases   ] GC(2300)   Merge Heap Roots: 0.1ms
[623.254s][info][gc,phases   ] GC(2300)   Evacuate Collection Set: 15.2ms
[623.254s][info][gc,phases   ] GC(2300)   Post Evacuate Collection Set: 5.3ms
[623.254s][info][gc,phases   ] GC(2300)   Other: 0.1ms
[623.254s][info][gc,heap     ] GC(2300) Eden regions: 1->0(75)
[623.254s][info][gc,heap     ] GC(2300) Survivor regions: 1->1(10)
[623.254s][info][gc,heap     ] GC(2300) Old regions: 8->8
[623.254s][info][gc,heap     ] GC(2300) Archive regions: 2->2
[623.254s][info][gc,heap     ] GC(2300) Humongous regions: 96->0
[623.254s][info][gc,metaspace] GC(2300) Metaspace: 29090K(29504K)->29090K(29504K) NonClass: 25530K(25728K)->25530K(25728K) Class: 3559K(3776K)->3559K(3776K)
[623.254s][info][gc          ] GC(2300) Pause Young (Concurrent Start) (G1 Humongous Allocation) 210M->16M(254M) 21.325ms
[623.254s][info][gc,cpu      ] GC(2300) User=0.00s Sys=0.00s Real=0.02s
[623.254s][info][gc          ] GC(2301) Concurrent Undo Cycle
[623.254s][info][gc,marking  ] GC(2301) Concurrent Cleanup for Next Mark
[623.255s][info][gc,marking  ] GC(2301) Concurrent Cleanup for Next Mark 0.565ms
[623.256s][info][gc          ] GC(2301) Concurrent Undo Cycle 1.646ms
[623.765s][info][gc,start    ] GC(2302) Pause Young (Concurrent Start) (G1 Humongous Allocation)
[623.765s][info][gc,task     ] GC(2302) Using 8 workers of 8 for evacuation
[623.766s][info][gc,phases   ] GC(2302)   Pre Evacuate Collection Set: 0.1ms
[623.767s][info][gc,phases   ] GC(2302)   Merge Heap Roots: 0.0ms
[623.767s][info][gc,phases   ] GC(2302)   Evacuate Collection Set: 0.5ms
[623.767s][info][gc,phases   ] GC(2302)   Post Evacuate Collection Set: 0.3ms
[623.767s][info][gc,phases   ] GC(2302)   Other: 0.1ms
[623.767s][info][gc,heap     ] GC(2302) Eden regions: 1->0(75)
[623.767s][info][gc,heap     ] GC(2302) Survivor regions: 1->1(10)
[623.767s][info][gc,heap     ] GC(2302) Old regions: 8->8
[623.767s][info][gc,heap     ] GC(2302) Archive regions: 2->2
[623.767s][info][gc,heap     ] GC(2302) Humongous regions: 96->0
[623.767s][info][gc,metaspace] GC(2302) Metaspace: 29090K(29504K)->29090K(29504K) NonClass: 25530K(25728K)->25530K(25728K) Class: 3559K(3776K)->3559K(3776K)
[623.767s][info][gc          ] GC(2302) Pause Young (Concurrent Start) (G1 Humongous Allocation) 210M->16M(254M) 1.284ms
[623.767s][info][gc          ] GC(2303) Concurrent Undo Cycle
[623.767s][info][gc,cpu      ] GC(2302) User=0.01s Sys=0.01s Real=0.01s
[623.767s][info][gc,marking  ] GC(2303) Concurrent Cleanup for Next Mark
[623.767s][info][gc,marking  ] GC(2303) Concurrent Cleanup for Next Mark 0.071ms
[623.767s][info][gc          ] GC(2303) Concurrent Undo Cycle 0.141ms
[624.278s][info][gc,start    ] GC(2304) Pause Young (Concurrent Start) (G1 Humongous Allocation)
[624.278s][info][gc,task     ] GC(2304) Using 8 workers of 8 for evacuation
[624.280s][info][gc,phases   ] GC(2304)   Pre Evacuate Collection Set: 0.1ms
[624.280s][info][gc,phases   ] GC(2304)   Merge Heap Roots: 0.0ms
[624.280s][info][gc,phases   ] GC(2304)   Evacuate Collection Set: 0.9ms
[624.280s][info][gc,phases   ] GC(2304)   Post Evacuate Collection Set: 0.3ms
[624.280s][info][gc,phases   ] GC(2304)   Other: 0.1ms
[624.280s][info][gc,heap     ] GC(2304) Eden regions: 1->0(75)
[624.280s][info][gc,heap     ] GC(2304) Survivor regions: 1->1(10)
[624.280s][info][gc,heap     ] GC(2304) Old regions: 8->8
[624.280s][info][gc,heap     ] GC(2304) Archive regions: 2->2
[624.280s][info][gc,heap     ] GC(2304) Humongous regions: 96->0
[624.280s][info][gc,metaspace] GC(2304) Metaspace: 29090K(29504K)->29090K(29504K) NonClass: 25530K(25728K)->25530K(25728K) Class: 3559K(3776K)->3559K(3776K)
[624.280s][info][gc          ] GC(2304) Pause Young (Concurrent Start) (G1 Humongous Allocation) 210M->16M(254M) 1.754ms
[624.280s][info][gc          ] GC(2305) Concurrent Undo Cycle
[624.280s][info][gc,cpu      ] GC(2304) User=0.01s Sys=0.00s Real=0.00s
[624.280s][info][gc,marking  ] GC(2305) Concurrent Cleanup for Next Mark
[624.280s][info][gc,marking  ] GC(2305) Concurrent Cleanup for Next Mark 0.071ms
[624.280s][info][gc          ] GC(2305) Concurrent Undo Cycle 0.156ms
[624.795s][info][gc,start    ] GC(2306) Pause Young (Concurrent Start) (G1 Humongous Allocation)
[624.795s][info][gc,task     ] GC(2306) Using 8 workers of 8 for evacuation
[624.796s][info][gc,phases   ] GC(2306)   Pre Evacuate Collection Set: 0.2ms
[624.796s][info][gc,phases   ] GC(2306)   Merge Heap Roots: 0.1ms
[624.796s][info][gc,phases   ] GC(2306)   Evacuate Collection Set: 0.6ms
[624.796s][info][gc,phases   ] GC(2306)   Post Evacuate Collection Set: 0.4ms
[624.796s][info][gc,phases   ] GC(2306)   Other: 0.0ms
[624.796s][info][gc,heap     ] GC(2306) Eden regions: 1->0(75)
[624.796s][info][gc,heap     ] GC(2306) Survivor regions: 1->1(10)
[624.796s][info][gc,heap     ] GC(2306) Old regions: 8->8
[624.796s][info][gc,heap     ] GC(2306) Archive regions: 2->2
[624.796s][info][gc,heap     ] GC(2306) Humongous regions: 96->0
[624.797s][info][gc,metaspace] GC(2306) Metaspace: 29090K(29504K)->29090K(29504K) NonClass: 25530K(25728K)->25530K(25728K) Class: 3559K(3776K)->3559K(3776K)
[624.797s][info][gc          ] GC(2306) Pause Young (Concurrent Start) (G1 Humongous Allocation) 210M->16M(254M) 1.761ms
[624.797s][info][gc,cpu      ] GC(2306) User=0.00s Sys=0.00s Real=0.01s
[624.797s][info][gc          ] GC(2307) Concurrent Undo Cycle
[624.797s][info][gc,marking  ] GC(2307) Concurrent Cleanup for Next Mark
[624.797s][info][gc,marking  ] GC(2307) Concurrent Cleanup for Next Mark 0.061ms
[624.797s][info][gc          ] GC(2307) Concurrent Undo Cycle 0.118ms
[625.309s][info][gc,start    ] GC(2308) Pause Young (Concurrent Start) (G1 Humongous Allocation)
[625.309s][info][gc,task     ] GC(2308) Using 8 workers of 8 for evacuation
[625.311s][info][gc,phases   ] GC(2308)   Pre Evacuate Collection Set: 0.1ms
[625.311s][info][gc,phases   ] GC(2308)   Merge Heap Roots: 0.0ms
[625.311s][info][gc,phases   ] GC(2308)   Evacuate Collection Set: 0.6ms
[625.311s][info][gc,phases   ] GC(2308)   Post Evacuate Collection Set: 0.6ms
[625.311s][info][gc,phases   ] GC(2308)   Other: 0.1ms
[625.311s][info][gc,heap     ] GC(2308) Eden regions: 1->0(75)
[625.311s][info][gc,heap     ] GC(2308) Survivor regions: 1->1(10)
[625.311s][info][gc,heap     ] GC(2308) Old regions: 8->8
[625.311s][info][gc,heap     ] GC(2308) Archive regions: 2->2
[625.311s][info][gc,heap     ] GC(2308) Humongous regions: 96->0
[625.311s][info][gc,metaspace] GC(2308) Metaspace: 29090K(29504K)->29090K(29504K) NonClass: 25530K(25728K)->25530K(25728K) Class: 3559K(3776K)->3559K(3776K)
[625.311s][info][gc          ] GC(2308) Pause Young (Concurrent Start) (G1 Humongous Allocation) 210M->16M(254M) 1.875ms
[625.311s][info][gc,cpu      ] GC(2308) User=0.00s Sys=0.00s Real=0.00s
[625.311s][info][gc          ] GC(2309) Concurrent Undo Cycle
[625.311s][info][gc,marking  ] GC(2309) Concurrent Cleanup for Next Mark
[625.311s][info][gc,marking  ] GC(2309) Concurrent Cleanup for Next Mark 0.175ms
[625.311s][info][gc          ] GC(2309) Concurrent Undo Cycle 0.418ms
[625.826s][info][gc,start    ] GC(2310) Pause Young (Concurrent Start) (G1 Humongous Allocation)
[625.826s][info][gc,task     ] GC(2310) Using 8 workers of 8 for evacuation
[625.829s][info][gc,phases   ] GC(2310)   Pre Evacuate Collection Set: 0.3ms
[625.829s][info][gc,phases   ] GC(2310)   Merge Heap Roots: 0.2ms
[625.829s][info][gc,phases   ] GC(2310)   Evacuate Collection Set: 1.3ms
[625.829s][info][gc,phases   ] GC(2310)   Post Evacuate Collection Set: 0.8ms
[625.829s][info][gc,phases   ] GC(2310)   Other: 0.2ms
[625.829s][info][gc,heap     ] GC(2310) Eden regions: 1->0(75)
[625.829s][info][gc,heap     ] GC(2310) Survivor regions: 1->1(10)
[625.829s][info][gc,heap     ] GC(2310) Old regions: 8->8
[625.829s][info][gc,heap     ] GC(2310) Archive regions: 2->2
[625.829s][info][gc,heap     ] GC(2310) Humongous regions: 96->0
[625.829s][info][gc,metaspace] GC(2310) Metaspace: 29090K(29504K)->29090K(29504K) NonClass: 25530K(25728K)->25530K(25728K) Class: 3559K(3776K)->3559K(3776K)
[625.829s][info][gc          ] GC(2310) Pause Young (Concurrent Start) (G1 Humongous Allocation) 210M->16M(254M) 3.427ms
[625.830s][info][gc,cpu      ] GC(2310) User=0.01s Sys=0.01s Real=0.00s
[625.830s][info][gc          ] GC(2311) Concurrent Undo Cycle
[625.830s][info][gc,marking  ] GC(2311) Concurrent Cleanup for Next Mark
[625.830s][info][gc,marking  ] GC(2311) Concurrent Cleanup for Next Mark 0.141ms
[625.830s][info][gc          ] GC(2311) Concurrent Undo Cycle 0.304ms
[626.350s][info][gc,start    ] GC(2312) Pause Young (Concurrent Start) (G1 Humongous Allocation)
[626.350s][info][gc,task     ] GC(2312) Using 8 workers of 8 for evacuation
[626.353s][info][gc,phases   ] GC(2312)   Pre Evacuate Collection Set: 0.4ms
[626.353s][info][gc,phases   ] GC(2312)   Merge Heap Roots: 0.2ms
[626.353s][info][gc,phases   ] GC(2312)   Evacuate Collection Set: 1.1ms
[626.353s][info][gc,phases   ] GC(2312)   Post Evacuate Collection Set: 0.9ms
[626.353s][info][gc,phases   ] GC(2312)   Other: 0.2ms
[626.353s][info][gc,heap     ] GC(2312) Eden regions: 2->0(75)
[626.353s][info][gc,heap     ] GC(2312) Survivor regions: 1->1(10)
[626.353s][info][gc,heap     ] GC(2312) Old regions: 8->8
[626.353s][info][gc,heap     ] GC(2312) Archive regions: 2->2
[626.353s][info][gc,heap     ] GC(2312) Humongous regions: 96->0
[626.353s][info][gc,metaspace] GC(2312) Metaspace: 29090K(29504K)->29090K(29504K) NonClass: 25530K(25728K)->25530K(25728K) Class: 3559K(3776K)->3559K(3776K)
[626.353s][info][gc          ] GC(2312) Pause Young (Concurrent Start) (G1 Humongous Allocation) 210M->16M(254M) 3.635ms
[626.353s][info][gc,cpu      ] GC(2312) User=0.00s Sys=0.00s Real=0.00s
[626.353s][info][gc          ] GC(2313) Concurrent Undo Cycle
[626.354s][info][gc,marking  ] GC(2313) Concurrent Cleanup for Next Mark
[626.354s][info][gc,marking  ] GC(2313) Concurrent Cleanup for Next Mark 0.226ms
[626.354s][info][gc          ] GC(2313) Concurrent Undo Cycle 0.447ms
[626.875s][info][gc,start    ] GC(2314) Pause Young (Concurrent Start) (G1 Humongous Allocation)
[626.875s][info][gc,task     ] GC(2314) Using 8 workers of 8 for evacuation
[626.878s][info][gc,phases   ] GC(2314)   Pre Evacuate Collection Set: 0.4ms
[626.879s][info][gc,phases   ] GC(2314)   Merge Heap Roots: 0.1ms
[626.879s][info][gc,phases   ] GC(2314)   Evacuate Collection Set: 1.7ms
[626.879s][info][gc,phases   ] GC(2314)   Post Evacuate Collection Set: 0.7ms
[626.879s][info][gc,phases   ] GC(2314)   Other: 0.5ms
[626.879s][info][gc,heap     ] GC(2314) Eden regions: 1->0(75)
[626.879s][info][gc,heap     ] GC(2314) Survivor regions: 1->1(10)
[626.879s][info][gc,heap     ] GC(2314) Old regions: 8->8
[626.879s][info][gc,heap     ] GC(2314) Archive regions: 2->2
[626.879s][info][gc,heap     ] GC(2314) Humongous regions: 96->0
[626.879s][info][gc,metaspace] GC(2314) Metaspace: 29090K(29504K)->29090K(29504K) NonClass: 25530K(25728K)->25530K(25728K) Class: 3559K(3776K)->3559K(3776K)
[626.879s][info][gc          ] GC(2314) Pause Young (Concurrent Start) (G1 Humongous Allocation) 210M->16M(254M) 4.375ms
[626.879s][info][gc,cpu      ] GC(2314) User=0.00s Sys=0.00s Real=0.01s
[626.879s][info][gc          ] GC(2315) Concurrent Undo Cycle
[626.879s][info][gc,marking  ] GC(2315) Concurrent Cleanup for Next Mark
[626.879s][info][gc,marking  ] GC(2315) Concurrent Cleanup for Next Mark 0.194ms
[626.879s][info][gc          ] GC(2315) Concurrent Undo Cycle 0.434ms
[2665.053s][info][gc,heap,exit] Heap
[2665.053s][info][gc,heap,exit]  garbage-first heap   total 260096K, used 227118K [0x0000000700000000, 0x0000000800000000)
[2665.053s][info][gc,heap,exit]   region size 2048K, 8 young (16384K), 1 survivors (2048K)
[2665.053s][info][gc,heap,exit]  Metaspace       used 29256K, committed 29632K, reserved 1114112K
[2665.053s][info][gc,heap,exit]   class space    used 3584K, committed 3776K, reserved 1048576K
