Java HotSpot(TM) 64-Bit Server VM (25.221-b11) for windows-amd64 JRE (1.8.0_221-b11), built on Jul  4 2019 04:39:29 by "java_re" with MS VC++ 10.0 (VS2010)
Memory: 4k page, physical 16644816k(1670784k free), swap 41708540k(5546544k free)
CommandLine flags: -XX:-BytecodeVerificationLocal -XX:-BytecodeVerificationRemote -XX:InitialHeapSize=524288000 -XX:+ManagementServer -XX:MaxHeapSize=524288000 -XX:MaxNewSize=174764032 -XX:MaxTenuringThreshold=6 -XX:NewSize=174764032 -XX:OldPLABSize=16 -XX:OldSize=349523968 -XX:+PrintGC -XX:+PrintGCApplicationConcurrentTime -XX:+PrintGCApplicationStoppedTime -XX:+PrintGCDateStamps -XX:+PrintGCDetails -XX:+PrintGCTimeStamps -XX:TieredStopAtLevel=1 -XX:+UseCompressedClassPointers -XX:+UseCompressedOops -XX:+UseConcMarkSweepGC -XX:-UseLargePagesIndividualAllocation -XX:+UseParNewGC 
2022-05-10T17:18:55.936+0800: 0.798: Total time for which application threads were stopped: 0.0005207 seconds, Stopping threads took: 0.0003961 seconds
2022-05-10T17:18:56.208+0800: 1.070: Application time: 0.2719101 seconds
2022-05-10T17:18:56.208+0800: 1.070: Total time for which application threads were stopped: 0.0001964 seconds, Stopping threads took: 0.0000461 seconds
2022-05-10T17:18:57.210+0800: 2.071: Application time: 1.0008571 seconds
2022-05-10T17:18:57.210+0800: 2.072: Total time for which application threads were stopped: 0.0002723 seconds, Stopping threads took: 0.0001521 seconds
2022-05-10T17:18:59.226+0800: 4.088: Application time: 2.0160441 seconds
2022-05-10T17:18:59.226+0800: 4.088: Total time for which application threads were stopped: 0.0004225 seconds, Stopping threads took: 0.0003634 seconds
2022-05-10T17:18:59.370+0800: 4.231: Application time: 0.1430955 seconds
2022-05-10T17:18:59.370+0800: 4.231: Total time for which application threads were stopped: 0.0002203 seconds, Stopping threads took: 0.0000415 seconds
2022-05-10T17:18:59.377+0800: 4.238: Application time: 0.0071608 seconds
2022-05-10T17:18:59.378+0800: 4.239: Total time for which application threads were stopped: 0.0001840 seconds, Stopping threads took: 0.0000377 seconds
2022-05-10T17:18:59.756+0800: 4.618: Application time: 0.3505337 seconds
2022-05-10T17:18:59.757+0800: 4.618: Total time for which application threads were stopped: 0.0002634 seconds, Stopping threads took: 0.0000439 seconds
2022-05-10T17:19:00.059+0800: 4.921: Application time: 0.3023634 seconds
2022-05-10T17:19:00.060+0800: 4.921: Total time for which application threads were stopped: 0.0002439 seconds, Stopping threads took: 0.0000321 seconds
2022-05-10T17:19:00.476+0800: 5.338: Application time: 0.4168611 seconds
2022-05-10T17:19:00.476+0800: 5.338: Total time for which application threads were stopped: 0.0002936 seconds, Stopping threads took: 0.0000406 seconds
2022-05-10T17:19:01.487+0800: 6.349: Application time: 1.0105847 seconds
2022-05-10T17:19:01.488+0800: 6.349: Total time for which application threads were stopped: 0.0004020 seconds, Stopping threads took: 0.0002606 seconds
2022-05-10T17:19:01.554+0800: 6.415: Application time: 0.0664095 seconds
2022-05-10T17:19:01.555+0800: 6.416: Total time for which application threads were stopped: 0.0003319 seconds, Stopping threads took: 0.0000355 seconds
2022-05-10T17:19:01.701+0800: 6.563: Application time: 0.1472978 seconds
2022-05-10T17:19:01.702+0800: 6.563: Total time for which application threads were stopped: 0.0003361 seconds, Stopping threads took: 0.0000395 seconds
2022-05-10T17:19:02.367+0800: 7.228: Application time: 0.6645061 seconds
2022-05-10T17:19:02.367+0800: 7.228: Total time for which application threads were stopped: 0.0004850 seconds, Stopping threads took: 0.0000462 seconds
2022-05-10T17:19:02.452+0800: 7.314: Application time: 0.0855184 seconds
2022-05-10T17:19:02.452+0800: 7.314: Total time for which application threads were stopped: 0.0001122 seconds, Stopping threads took: 0.0000362 seconds
2022-05-10T17:19:02.453+0800: 7.314: Application time: 0.0000842 seconds
2022-05-10T17:19:02.453+0800: 7.314: [GC (Allocation Failure) 2022-05-10T17:19:02.453+0800: 7.315: [ParNew: 136576K->14328K(153600K), 0.0197432 secs] 136576K->14328K(494976K), 0.0203998 secs] [Times: user=0.11 sys=0.00, real=0.02 secs] 
2022-05-10T17:19:02.474+0800: 7.335: Total time for which application threads were stopped: 0.0206335 seconds, Stopping threads took: 0.0000281 seconds
2022-05-10T17:19:02.474+0800: 7.335: Application time: 0.0001302 seconds
2022-05-10T17:19:02.474+0800: 7.335: [GC (GCLocker Initiated GC) 2022-05-10T17:19:02.474+0800: 7.335: [ParNew: 17061K->675K(153600K), 0.0605991 secs] 17061K->15095K(494976K), 0.0607352 secs] [Times: user=0.17 sys=0.05, real=0.06 secs] 
2022-05-10T17:19:02.534+0800: 7.396: Total time for which application threads were stopped: 0.0610418 seconds, Stopping threads took: 0.0000780 seconds
2022-05-10T17:19:02.664+0800: 7.526: Application time: 0.1296317 seconds
2022-05-10T17:19:02.664+0800: 7.526: Total time for which application threads were stopped: 0.0001498 seconds, Stopping threads took: 0.0000282 seconds
2022-05-10T17:19:02.838+0800: 7.699: Application time: 0.1735720 seconds
2022-05-10T17:19:02.838+0800: 7.699: Total time for which application threads were stopped: 0.0001580 seconds, Stopping threads took: 0.0000333 seconds
2022-05-10T17:19:02.906+0800: 7.768: Application time: 0.0682622 seconds
2022-05-10T17:19:02.906+0800: 7.768: Total time for which application threads were stopped: 0.0001200 seconds, Stopping threads took: 0.0000363 seconds
2022-05-10T17:19:02.957+0800: 7.819: Application time: 0.0509155 seconds
2022-05-10T17:19:02.957+0800: 7.819: Total time for which application threads were stopped: 0.0000824 seconds, Stopping threads took: 0.0000291 seconds
2022-05-10T17:19:03.018+0800: 7.879: Application time: 0.0602771 seconds
2022-05-10T17:19:03.018+0800: 7.879: Total time for which application threads were stopped: 0.0001142 seconds, Stopping threads took: 0.0000294 seconds
2022-05-10T17:19:03.086+0800: 7.947: Application time: 0.0680242 seconds
2022-05-10T17:19:03.087+0800: 7.948: Total time for which application threads were stopped: 0.0003706 seconds, Stopping threads took: 0.0000325 seconds
2022-05-10T17:19:03.096+0800: 7.957: Application time: 0.0098401 seconds
2022-05-10T17:19:03.096+0800: 7.958: Total time for which application threads were stopped: 0.0001290 seconds, Stopping threads took: 0.0000377 seconds
2022-05-10T17:19:03.123+0800: 7.984: Application time: 0.0268593 seconds
2022-05-10T17:19:03.123+0800: 7.985: Total time for which application threads were stopped: 0.0000994 seconds, Stopping threads took: 0.0000287 seconds
2022-05-10T17:19:03.179+0800: 8.040: Application time: 0.0558371 seconds
2022-05-10T17:19:03.179+0800: 8.041: Total time for which application threads were stopped: 0.0001065 seconds, Stopping threads took: 0.0000274 seconds
2022-05-10T17:19:03.197+0800: 8.058: Application time: 0.0179011 seconds
2022-05-10T17:19:03.197+0800: 8.059: Total time for which application threads were stopped: 0.0000839 seconds, Stopping threads took: 0.0000261 seconds
2022-05-10T17:19:03.225+0800: 8.087: Application time: 0.0286760 seconds
2022-05-10T17:19:03.225+0800: 8.087: Total time for which application threads were stopped: 0.0000915 seconds, Stopping threads took: 0.0000240 seconds
2022-05-10T17:19:03.275+0800: 8.137: Application time: 0.0492968 seconds
2022-05-10T17:19:03.276+0800: 8.137: Total time for which application threads were stopped: 0.0003061 seconds, Stopping threads took: 0.0000229 seconds
2022-05-10T17:19:03.278+0800: 8.140: Application time: 0.0027307 seconds
2022-05-10T17:19:03.278+0800: 8.140: Total time for which application threads were stopped: 0.0000486 seconds, Stopping threads took: 0.0000128 seconds
2022-05-10T17:19:03.306+0800: 8.168: Application time: 0.0280018 seconds
2022-05-10T17:19:03.306+0800: 8.168: Total time for which application threads were stopped: 0.0000663 seconds, Stopping threads took: 0.0000226 seconds
2022-05-10T17:19:03.345+0800: 8.207: Application time: 0.0388706 seconds
2022-05-10T17:19:03.346+0800: 8.207: Total time for which application threads were stopped: 0.0000768 seconds, Stopping threads took: 0.0000258 seconds
2022-05-10T17:19:03.377+0800: 8.238: Application time: 0.0310007 seconds
2022-05-10T17:19:03.377+0800: 8.238: Total time for which application threads were stopped: 0.0000884 seconds, Stopping threads took: 0.0000215 seconds
2022-05-10T17:19:03.411+0800: 8.272: Application time: 0.0342996 seconds
2022-05-10T17:19:03.411+0800: 8.272: Total time for which application threads were stopped: 0.0000729 seconds, Stopping threads took: 0.0000223 seconds
2022-05-10T17:19:03.451+0800: 8.313: Application time: 0.0402827 seconds
2022-05-10T17:19:03.452+0800: 8.313: Total time for which application threads were stopped: 0.0003343 seconds, Stopping threads took: 0.0000588 seconds
2022-05-10T17:19:03.461+0800: 8.322: Application time: 0.0095237 seconds
2022-05-10T17:19:03.461+0800: 8.322: Total time for which application threads were stopped: 0.0000726 seconds, Stopping threads took: 0.0000257 seconds
2022-05-10T17:19:03.513+0800: 8.375: Application time: 0.0526471 seconds
2022-05-10T17:19:03.514+0800: 8.376: Total time for which application threads were stopped: 0.0004298 seconds, Stopping threads took: 0.0000322 seconds
2022-05-10T17:19:03.541+0800: 8.403: Application time: 0.0272196 seconds
2022-05-10T17:19:03.541+0800: 8.403: Total time for which application threads were stopped: 0.0000867 seconds, Stopping threads took: 0.0000266 seconds
2022-05-10T17:19:03.546+0800: 8.408: Application time: 0.0048959 seconds
2022-05-10T17:19:03.546+0800: 8.408: Total time for which application threads were stopped: 0.0003923 seconds, Stopping threads took: 0.0000327 seconds
2022-05-10T17:19:03.621+0800: 8.482: Application time: 0.0743023 seconds
2022-05-10T17:19:03.639+0800: 8.501: Total time for which application threads were stopped: 0.0181007 seconds, Stopping threads took: 0.0179043 seconds
2022-05-10T17:19:03.639+0800: 8.501: Application time: 0.0004736 seconds
2022-05-10T17:19:03.639+0800: 8.501: Total time for which application threads were stopped: 0.0001205 seconds, Stopping threads took: 0.0000516 seconds
2022-05-10T17:19:03.653+0800: 8.515: Application time: 0.0138276 seconds
2022-05-10T17:19:03.654+0800: 8.515: Total time for which application threads were stopped: 0.0000946 seconds, Stopping threads took: 0.0000326 seconds
2022-05-10T17:19:03.671+0800: 8.533: Application time: 0.0178436 seconds
2022-05-10T17:19:03.671+0800: 8.533: Total time for which application threads were stopped: 0.0001007 seconds, Stopping threads took: 0.0000299 seconds
2022-05-10T17:19:03.692+0800: 8.554: Application time: 0.0209781 seconds
2022-05-10T17:19:03.692+0800: 8.554: Total time for which application threads were stopped: 0.0000995 seconds, Stopping threads took: 0.0000303 seconds
2022-05-10T17:19:03.738+0800: 8.599: Application time: 0.0450798 seconds
2022-05-10T17:19:03.738+0800: 8.599: Total time for which application threads were stopped: 0.0000880 seconds, Stopping threads took: 0.0000227 seconds
2022-05-10T17:19:03.756+0800: 8.617: Application time: 0.0181187 seconds
2022-05-10T17:19:03.756+0800: 8.618: Total time for which application threads were stopped: 0.0000808 seconds, Stopping threads took: 0.0000235 seconds
2022-05-10T17:19:03.767+0800: 8.628: Application time: 0.0103904 seconds
2022-05-10T17:19:03.767+0800: 8.628: Total time for which application threads were stopped: 0.0000920 seconds, Stopping threads took: 0.0000249 seconds
2022-05-10T17:19:03.782+0800: 8.643: Application time: 0.0152357 seconds
2022-05-10T17:19:03.782+0800: 8.643: Total time for which application threads were stopped: 0.0001374 seconds, Stopping threads took: 0.0000765 seconds
2022-05-10T17:19:03.829+0800: 8.691: Application time: 0.0472698 seconds
2022-05-10T17:19:03.829+0800: 8.691: Total time for which application threads were stopped: 0.0001046 seconds, Stopping threads took: 0.0000293 seconds
2022-05-10T17:19:03.832+0800: 8.693: Application time: 0.0025745 seconds
2022-05-10T17:19:03.832+0800: 8.694: Total time for which application threads were stopped: 0.0004490 seconds, Stopping threads took: 0.0000327 seconds
2022-05-10T17:19:03.837+0800: 8.699: Application time: 0.0047296 seconds
2022-05-10T17:19:03.837+0800: 8.699: Total time for which application threads were stopped: 0.0003387 seconds, Stopping threads took: 0.0000228 seconds
2022-05-10T17:19:03.844+0800: 8.705: Application time: 0.0065333 seconds
2022-05-10T17:19:03.844+0800: 8.706: Total time for which application threads were stopped: 0.0000737 seconds, Stopping threads took: 0.0000213 seconds
2022-05-10T17:19:03.864+0800: 8.725: Application time: 0.0198043 seconds
2022-05-10T17:19:03.864+0800: 8.725: Total time for which application threads were stopped: 0.0001384 seconds, Stopping threads took: 0.0000407 seconds
2022-05-10T17:19:03.886+0800: 8.748: Application time: 0.0222176 seconds
2022-05-10T17:19:03.887+0800: 8.748: Total time for which application threads were stopped: 0.0004346 seconds, Stopping threads took: 0.0000414 seconds
2022-05-10T17:19:03.929+0800: 8.791: Application time: 0.0425065 seconds
2022-05-10T17:19:03.929+0800: 8.791: Total time for which application threads were stopped: 0.0000858 seconds, Stopping threads took: 0.0000231 seconds
2022-05-10T17:19:03.959+0800: 8.821: Application time: 0.0301343 seconds
2022-05-10T17:19:03.959+0800: 8.821: Total time for which application threads were stopped: 0.0000815 seconds, Stopping threads took: 0.0000218 seconds
2022-05-10T17:19:04.142+0800: 9.003: Application time: 0.1817791 seconds
2022-05-10T17:19:04.142+0800: 9.003: Total time for which application threads were stopped: 0.0001523 seconds, Stopping threads took: 0.0000640 seconds
2022-05-10T17:19:04.545+0800: 9.406: Application time: 0.4027966 seconds
2022-05-10T17:19:04.545+0800: 9.406: [GC (CMS Initial Mark) [1 CMS-initial-mark: 14419K(341376K)] 109644K(494976K), 0.0151556 secs] [Times: user=0.02 sys=0.00, real=0.01 secs] 
2022-05-10T17:19:04.560+0800: 9.421: Total time for which application threads were stopped: 0.0153359 seconds, Stopping threads took: 0.0000317 seconds
2022-05-10T17:19:04.560+0800: 9.421: [CMS-concurrent-mark-start]
2022-05-10T17:19:04.578+0800: 9.439: [CMS-concurrent-mark: 0.018/0.018 secs] [Times: user=0.03 sys=0.00, real=0.02 secs] 
2022-05-10T17:19:04.578+0800: 9.439: [CMS-concurrent-preclean-start]
2022-05-10T17:19:04.584+0800: 9.445: [CMS-concurrent-preclean: 0.006/0.006 secs] [Times: user=0.00 sys=0.00, real=0.01 secs] 
2022-05-10T17:19:04.584+0800: 9.445: [CMS-concurrent-abortable-preclean-start]
2022-05-10T17:19:04.652+0800: 9.514: Application time: 0.0927669 seconds
2022-05-10T17:19:04.653+0800: 9.514: Total time for which application threads were stopped: 0.0003764 seconds, Stopping threads took: 0.0000304 seconds
2022-05-10T17:19:04.662+0800: 9.523: Application time: 0.0090227 seconds
2022-05-10T17:19:04.662+0800: 9.523: Total time for which application threads were stopped: 0.0001401 seconds, Stopping threads took: 0.0000526 seconds
2022-05-10T17:19:04.690+0800: 9.552: Application time: 0.0283876 seconds
2022-05-10T17:19:04.690+0800: 9.552: Total time for which application threads were stopped: 0.0000962 seconds, Stopping threads took: 0.0000259 seconds
2022-05-10T17:19:04.721+0800: 9.582: Application time: 0.0298854 seconds
2022-05-10T17:19:04.721+0800: 9.582: Total time for which application threads were stopped: 0.0000838 seconds, Stopping threads took: 0.0000261 seconds
2022-05-10T17:19:04.754+0800: 9.615: Application time: 0.0334073 seconds
2022-05-10T17:19:04.754+0800: 9.615: Total time for which application threads were stopped: 0.0000847 seconds, Stopping threads took: 0.0000275 seconds
2022-05-10T17:19:04.798+0800: 9.659: Application time: 0.0438085 seconds
2022-05-10T17:19:04.798+0800: 9.659: Total time for which application threads were stopped: 0.0001300 seconds, Stopping threads took: 0.0000357 seconds
2022-05-10T17:19:04.818+0800: 9.680: Application time: 0.0202918 seconds
2022-05-10T17:19:04.819+0800: 9.680: Total time for which application threads were stopped: 0.0003689 seconds, Stopping threads took: 0.0000245 seconds
2022-05-10T17:19:04.880+0800: 9.741: Application time: 0.0611196 seconds
2022-05-10T17:19:04.880+0800: 9.742: Total time for which application threads were stopped: 0.0004115 seconds, Stopping threads took: 0.0000234 seconds
2022-05-10T17:19:04.905+0800: 9.766: Application time: 0.0247885 seconds
2022-05-10T17:19:04.905+0800: 9.767: Total time for which application threads were stopped: 0.0001435 seconds, Stopping threads took: 0.0000383 seconds
2022-05-10T17:19:04.910+0800: 9.771: Application time: 0.0045400 seconds
2022-05-10T17:19:04.910+0800: 9.771: Total time for which application threads were stopped: 0.0000793 seconds, Stopping threads took: 0.0000241 seconds
2022-05-10T17:19:04.931+0800: 9.792: Application time: 0.0211705 seconds
2022-05-10T17:19:04.931+0800: 9.792: Total time for which application threads were stopped: 0.0000851 seconds, Stopping threads took: 0.0000301 seconds
2022-05-10T17:19:04.991+0800: 9.853: Application time: 0.0606949 seconds
2022-05-10T17:19:04.991+0800: 9.853: Total time for which application threads were stopped: 0.0001075 seconds, Stopping threads took: 0.0000246 seconds
2022-05-10T17:19:05.028+0800: 9.890: Application time: 0.0368968 seconds
2022-05-10T17:19:05.028+0800: 9.890: Total time for which application threads were stopped: 0.0000832 seconds, Stopping threads took: 0.0000248 seconds
2022-05-10T17:19:05.076+0800: 9.937: Application time: 0.0465456 seconds
2022-05-10T17:19:05.076+0800: 9.937: Total time for which application threads were stopped: 0.0000913 seconds, Stopping threads took: 0.0000245 seconds
2022-05-10T17:19:05.078+0800: 9.940: Application time: 0.0031506 seconds
2022-05-10T17:19:05.079+0800: 9.940: Total time for which application threads were stopped: 0.0001020 seconds, Stopping threads took: 0.0000533 seconds
2022-05-10T17:19:05.129+0800: 9.991: Application time: 0.0506129 seconds
2022-05-10T17:19:05.129+0800: 9.991: Total time for which application threads were stopped: 0.0003700 seconds, Stopping threads took: 0.0000238 seconds
2022-05-10T17:19:05.139+0800: 10.000: Application time: 0.0088523 seconds
2022-05-10T17:19:05.139+0800: 10.000: Total time for which application threads were stopped: 0.0001269 seconds, Stopping threads took: 0.0000424 seconds
2022-05-10T17:19:05.171+0800: 10.032: Application time: 0.0316866 seconds
2022-05-10T17:19:05.171+0800: 10.032: Total time for which application threads were stopped: 0.0001242 seconds, Stopping threads took: 0.0000348 seconds
2022-05-10T17:19:05.175+0800: 10.036: Application time: 0.0042782 seconds
2022-05-10T17:19:05.175+0800: 10.036: Total time for which application threads were stopped: 0.0001177 seconds, Stopping threads took: 0.0000372 seconds
2022-05-10T17:19:05.208+0800: 10.069: Application time: 0.0327931 seconds
2022-05-10T17:19:05.208+0800: 10.069: Total time for which application threads were stopped: 0.0001140 seconds, Stopping threads took: 0.0000344 seconds
2022-05-10T17:19:05.244+0800: 10.105: Application time: 0.0358670 seconds
2022-05-10T17:19:05.244+0800: 10.105: Total time for which application threads were stopped: 0.0001302 seconds, Stopping threads took: 0.0000292 seconds
2022-05-10T17:19:05.321+0800: 10.183: Application time: 0.0774599 seconds
2022-05-10T17:19:05.322+0800: 10.183: Total time for which application threads were stopped: 0.0001029 seconds, Stopping threads took: 0.0000250 seconds
2022-05-10T17:19:05.328+0800: 10.189: Application time: 0.0056906 seconds
2022-05-10T17:19:05.328+0800: 10.189: [GC (Allocation Failure) 2022-05-10T17:19:05.328+0800: 10.189: [ParNew: 137251K->15815K(153600K), 0.0123452 secs] 151671K->30234K(494976K), 0.0124375 secs] [Times: user=0.01 sys=0.00, real=0.01 secs] 
2022-05-10T17:19:05.340+0800: 10.201: Total time for which application threads were stopped: 0.0126824 seconds, Stopping threads took: 0.0000778 seconds
2022-05-10T17:19:05.341+0800: 10.203: Application time: 0.0013856 seconds
2022-05-10T17:19:05.342+0800: 10.203: Total time for which application threads were stopped: 0.0001251 seconds, Stopping threads took: 0.0000607 seconds
2022-05-10T17:19:05.342+0800: 10.203: Application time: 0.0006101 seconds
2022-05-10T17:19:05.342+0800: 10.204: Total time for which application threads were stopped: 0.0001478 seconds, Stopping threads took: 0.0000671 seconds
2022-05-10T17:19:05.342+0800: 10.204: Application time: 0.0001604 seconds
2022-05-10T17:19:05.343+0800: 10.204: Total time for which application threads were stopped: 0.0001037 seconds, Stopping threads took: 0.0000304 seconds
2022-05-10T17:19:05.343+0800: 10.204: Application time: 0.0002962 seconds
2022-05-10T17:19:05.343+0800: 10.204: Total time for which application threads were stopped: 0.0001339 seconds, Stopping threads took: 0.0000726 seconds
2022-05-10T17:19:05.345+0800: 10.206: Application time: 0.0018768 seconds
2022-05-10T17:19:05.345+0800: 10.206: Total time for which application threads were stopped: 0.0001204 seconds, Stopping threads took: 0.0000565 seconds
2022-05-10T17:19:05.345+0800: 10.206: Application time: 0.0000443 seconds
2022-05-10T17:19:05.345+0800: 10.206: Total time for which application threads were stopped: 0.0000566 seconds, Stopping threads took: 0.0000248 seconds
2022-05-10T17:19:05.345+0800: 10.207: Application time: 0.0000777 seconds
2022-05-10T17:19:05.345+0800: 10.207: Total time for which application threads were stopped: 0.0000750 seconds, Stopping threads took: 0.0000318 seconds
2022-05-10T17:19:05.345+0800: 10.207: Application time: 0.0000854 seconds
2022-05-10T17:19:05.346+0800: 10.207: Total time for which application threads were stopped: 0.0001851 seconds, Stopping threads took: 0.0001461 seconds
2022-05-10T17:19:05.346+0800: 10.207: Application time: 0.0001542 seconds
2022-05-10T17:19:05.346+0800: 10.207: Total time for which application threads were stopped: 0.0002177 seconds, Stopping threads took: 0.0001749 seconds
2022-05-10T17:19:05.346+0800: 10.207: Application time: 0.0001781 seconds
2022-05-10T17:19:05.346+0800: 10.208: Total time for which application threads were stopped: 0.0002496 seconds, Stopping threads took: 0.0001981 seconds
2022-05-10T17:19:05.346+0800: 10.208: Application time: 0.0001253 seconds
2022-05-10T17:19:05.347+0800: 10.208: Total time for which application threads were stopped: 0.0001827 seconds, Stopping threads took: 0.0001348 seconds
2022-05-10T17:19:05.351+0800: 10.212: Application time: 0.0044603 seconds
2022-05-10T17:19:05.351+0800: 10.213: Total time for which application threads were stopped: 0.0002016 seconds, Stopping threads took: 0.0000933 seconds
2022-05-10T17:19:05.351+0800: 10.213: Application time: 0.0000831 seconds
2022-05-10T17:19:05.352+0800: 10.213: Total time for which application threads were stopped: 0.0001134 seconds, Stopping threads took: 0.0000344 seconds
2022-05-10T17:19:05.352+0800: 10.213: Application time: 0.0000562 seconds
2022-05-10T17:19:05.352+0800: 10.213: Total time for which application threads were stopped: 0.0000938 seconds, Stopping threads took: 0.0000281 seconds
2022-05-10T17:19:05.352+0800: 10.213: Application time: 0.0004046 seconds
2022-05-10T17:19:05.352+0800: 10.214: Total time for which application threads were stopped: 0.0002348 seconds, Stopping threads took: 0.0001377 seconds
2022-05-10T17:19:05.353+0800: 10.215: Application time: 0.0008006 seconds
2022-05-10T17:19:05.353+0800: 10.215: Total time for which application threads were stopped: 0.0001414 seconds, Stopping threads took: 0.0000530 seconds
2022-05-10T17:19:05.353+0800: 10.215: Application time: 0.0000437 seconds
2022-05-10T17:19:05.353+0800: 10.215: Total time for which application threads were stopped: 0.0001010 seconds, Stopping threads took: 0.0000335 seconds
2022-05-10T17:19:05.494+0800: 10.355: Application time: 0.1399553 seconds
2022-05-10T17:19:05.494+0800: 10.355: [GC (Allocation Failure) 2022-05-10T17:19:05.494+0800: 10.355: [ParNew: 26617K->5569K(153600K), 0.0158366 secs]2022-05-10T17:19:05.510+0800: 10.371: [CMS2022-05-10T17:19:05.524+0800: 10.386: [CMS-concurrent-abortable-preclean: 0.203/0.941 secs] [Times: user=1.11 sys=0.25, real=0.94 secs] 
 (concurrent mode failure): 217075K->11853K(341376K), 0.1071602 secs] 236348K->11853K(494976K), [Metaspace: 33073K->33073K(1079296K)], 0.1237669 secs] [Times: user=0.11 sys=0.01, real=0.12 secs] 
2022-05-10T17:19:05.617+0800: 10.479: Total time for which application threads were stopped: 0.1242165 seconds, Stopping threads took: 0.0000282 seconds
2022-05-10T17:19:05.638+0800: 10.499: Application time: 0.0200473 seconds
2022-05-10T17:19:05.638+0800: 10.499: [GC (Allocation Failure) 2022-05-10T17:19:05.638+0800: 10.499: [ParNew: 3619K->1222K(153600K), 0.0010714 secs]2022-05-10T17:19:05.639+0800: 10.500: [CMS: 207165K->11695K(341376K), 0.0739245 secs] 210785K->11695K(494976K), [Metaspace: 33075K->33075K(1079296K)], 0.0751999 secs] [Times: user=0.08 sys=0.00, real=0.08 secs] 
2022-05-10T17:19:05.713+0800: 10.575: Total time for which application threads were stopped: 0.0754533 seconds, Stopping threads took: 0.0000398 seconds
2022-05-10T17:19:05.714+0800: 10.575: Application time: 0.0000804 seconds
2022-05-10T17:19:05.729+0800: 10.591: [GC (CMS Initial Mark) [1 CMS-initial-mark: 207008K(341376K)] 210627K(494976K), 0.0007186 secs] [Times: user=0.00 sys=0.00, real=0.00 secs] 
2022-05-10T17:19:05.730+0800: 10.592: Total time for which application threads were stopped: 0.0169185 seconds, Stopping threads took: 0.0160593 seconds
2022-05-10T17:19:05.730+0800: 10.592: [CMS-concurrent-mark-start]
2022-05-10T17:19:05.730+0800: 10.592: Application time: 0.0000922 seconds
2022-05-10T17:19:05.730+0800: 10.592: [GC (Allocation Failure) 2022-05-10T17:19:05.730+0800: 10.592: [ParNew: 3619K->175K(153600K), 0.0011737 secs]2022-05-10T17:19:05.732+0800: 10.593: [CMS2022-05-10T17:19:05.767+0800: 10.629: [CMS-concurrent-mark: 0.023/0.038 secs] [Times: user=0.03 sys=0.00, real=0.04 secs] 
 (concurrent mode failure): 207008K->11698K(341376K), 0.1062878 secs] 210627K->11698K(494976K), [Metaspace: 33075K->33075K(1079296K)], 0.1076772 secs] [Times: user=0.11 sys=0.00, real=0.11 secs] 
2022-05-10T17:19:05.838+0800: 10.700: Total time for which application threads were stopped: 0.1079408 seconds, Stopping threads took: 0.0000472 seconds
2022-05-10T17:19:05.849+0800: 10.711: Application time: 0.0110123 seconds
2022-05-10T17:19:05.857+0800: 10.718: Total time for which application threads were stopped: 0.0074091 seconds, Stopping threads took: 0.0072957 seconds
2022-05-10T17:19:05.857+0800: 10.718: Application time: 0.0000718 seconds
2022-05-10T17:19:05.857+0800: 10.718: [GC (Allocation Failure) 2022-05-10T17:19:05.857+0800: 10.718: [ParNew: 5896K->77K(153600K), 0.0012657 secs]2022-05-10T17:19:05.858+0800: 10.720: [CMS: 207010K->11710K(341376K), 0.0851679 secs] 212907K->11710K(494976K), [Metaspace: 33086K->33086K(1079296K)], 0.0866162 secs] [Times: user=0.08 sys=0.00, real=0.09 secs] 
2022-05-10T17:19:05.943+0800: 10.805: Total time for which application threads were stopped: 0.0868740 seconds, Stopping threads took: 0.0000434 seconds
2022-05-10T17:19:05.943+0800: 10.805: Application time: 0.0000635 seconds
2022-05-10T17:19:05.959+0800: 10.820: [GC (CMS Initial Mark) [1 CMS-initial-mark: 207023K(341376K)] 209755K(494976K), 0.0006056 secs] [Times: user=0.00 sys=0.00, real=0.00 secs] 
2022-05-10T17:19:05.959+0800: 10.821: Total time for which application threads were stopped: 0.0157893 seconds, Stopping threads took: 0.0150699 seconds
2022-05-10T17:19:05.959+0800: 10.821: [CMS-concurrent-mark-start]
2022-05-10T17:19:05.959+0800: 10.821: Application time: 0.0000747 seconds
2022-05-10T17:19:05.959+0800: 10.821: [GC (Allocation Failure) 2022-05-10T17:19:05.959+0800: 10.821: [ParNew: 2731K->3K(153600K), 0.0009774 secs]2022-05-10T17:19:05.961+0800: 10.822: [CMS2022-05-10T17:19:05.988+0800: 10.850: [CMS-concurrent-mark: 0.026/0.029 secs] [Times: user=0.05 sys=0.00, real=0.03 secs] 
 (concurrent mode failure): 207023K->11705K(341376K), 0.0928814 secs] 209755K->11705K(494976K), [Metaspace: 33086K->33086K(1079296K)], 0.0940318 secs] [Times: user=0.11 sys=0.00, real=0.09 secs] 
2022-05-10T17:19:06.054+0800: 10.915: Total time for which application threads were stopped: 0.0942419 seconds, Stopping threads took: 0.0000345 seconds
2022-05-10T17:19:06.069+0800: 10.931: Application time: 0.0157069 seconds
2022-05-10T17:19:06.070+0800: 10.931: [GC (Allocation Failure) 2022-05-10T17:19:06.070+0800: 10.931: [ParNew: 3619K->18K(153600K), 0.0011781 secs]2022-05-10T17:19:06.071+0800: 10.932: [CMS: 207018K->11703K(341376K), 0.0593483 secs] 210637K->11703K(494976K), [Metaspace: 33086K->33086K(1079296K)], 0.0607142 secs] [Times: user=0.06 sys=0.00, real=0.06 secs] 
2022-05-10T17:19:06.131+0800: 10.992: Total time for which application threads were stopped: 0.0609520 seconds, Stopping threads took: 0.0000403 seconds
2022-05-10T17:19:06.131+0800: 10.992: Application time: 0.0000621 seconds
2022-05-10T17:19:06.148+0800: 11.010: [GC (CMS Initial Mark) [1 CMS-initial-mark: 207016K(341376K)] 209747K(494976K), 0.0007257 secs] [Times: user=0.00 sys=0.01, real=0.00 secs] 
2022-05-10T17:19:06.149+0800: 11.010: Total time for which application threads were stopped: 0.0184796 seconds, Stopping threads took: 0.0176272 seconds
2022-05-10T17:19:06.149+0800: 11.010: [CMS-concurrent-mark-start]
2022-05-10T17:19:06.149+0800: 11.011: Application time: 0.0001652 seconds
2022-05-10T17:19:06.150+0800: 11.011: [GC (Allocation Failure) 2022-05-10T17:19:06.150+0800: 11.011: [ParNew: 2731K->8K(153600K), 0.0012868 secs]2022-05-10T17:19:06.151+0800: 11.012: [CMS2022-05-10T17:19:06.174+0800: 11.035: [CMS-concurrent-mark: 0.023/0.024 secs] [Times: user=0.03 sys=0.00, real=0.03 secs] 
 (concurrent mode failure): 207016K->11706K(341376K), 0.0792181 secs] 209747K->11706K(494976K), [Metaspace: 33086K->33086K(1079296K)], 0.0807027 secs] [Times: user=0.08 sys=0.02, real=0.08 secs] 
2022-05-10T17:19:06.230+0800: 11.092: Total time for which application threads were stopped: 0.0810086 seconds, Stopping threads took: 0.0000871 seconds
2022-05-10T17:19:06.245+0800: 11.106: Application time: 0.0149334 seconds
2022-05-10T17:19:06.245+0800: 11.107: [GC (Allocation Failure) 2022-05-10T17:19:06.245+0800: 11.107: [ParNew: 3619K->20K(153600K), 0.0014279 secs]2022-05-10T17:19:06.246+0800: 11.108: [CMS: 207018K->11704K(341376K), 0.0574597 secs] 210637K->11704K(494976K), [Metaspace: 33086K->33086K(1079296K)], 0.0590550 secs] [Times: user=0.08 sys=0.03, real=0.06 secs] 
2022-05-10T17:19:06.304+0800: 11.166: Total time for which application threads were stopped: 0.0592943 seconds, Stopping threads took: 0.0000373 seconds
2022-05-10T17:19:06.304+0800: 11.166: Application time: 0.0000604 seconds
2022-05-10T17:19:06.318+0800: 11.180: [GC (CMS Initial Mark) [1 CMS-initial-mark: 207017K(341376K)] 209748K(494976K), 0.0006225 secs] [Times: user=0.00 sys=0.00, real=0.00 secs] 
2022-05-10T17:19:06.319+0800: 11.181: Total time for which application threads were stopped: 0.0150213 seconds, Stopping threads took: 0.0142772 seconds
2022-05-10T17:19:06.319+0800: 11.181: [CMS-concurrent-mark-start]
2022-05-10T17:19:06.319+0800: 11.181: Application time: 0.0001065 seconds
2022-05-10T17:19:06.319+0800: 11.181: [GC (Allocation Failure) 2022-05-10T17:19:06.319+0800: 11.181: [ParNew: 2731K->12K(153600K), 0.0010284 secs]2022-05-10T17:19:06.320+0800: 11.182: [CMS2022-05-10T17:19:06.342+0800: 11.203: [CMS-concurrent-mark: 0.018/0.022 secs] [Times: user=0.05 sys=0.00, real=0.02 secs] 
 (concurrent mode failure): 207017K->11707K(341376K), 0.0839958 secs] 209748K->11707K(494976K), [Metaspace: 33086K->33086K(1079296K)], 0.0851702 secs] [Times: user=0.13 sys=0.00, real=0.09 secs] 
2022-05-10T17:19:06.405+0800: 11.266: Total time for which application threads were stopped: 0.0854129 seconds, Stopping threads took: 0.0000767 seconds
2022-05-10T17:19:06.420+0800: 11.282: Application time: 0.0152257 seconds
2022-05-10T17:19:06.420+0800: 11.282: [GC (Allocation Failure) 2022-05-10T17:19:06.420+0800: 11.282: [ParNew: 4097K->12K(153600K), 0.0012505 secs]2022-05-10T17:19:06.422+0800: 11.283: [CMS: 207019K->11704K(341376K), 0.0581309 secs] 211117K->11704K(494976K), [Metaspace: 33087K->33087K(1079296K)], 0.0595321 secs] [Times: user=0.06 sys=0.02, real=0.06 secs] 
2022-05-10T17:19:06.480+0800: 11.341: Total time for which application threads were stopped: 0.0598026 seconds, Stopping threads took: 0.0000262 seconds
2022-05-10T17:19:06.480+0800: 11.341: Application time: 0.0000573 seconds
2022-05-10T17:19:06.493+0800: 11.355: [GC (CMS Initial Mark) [1 CMS-initial-mark: 207017K(341376K)] 209748K(494976K), 0.0006921 secs] [Times: user=0.00 sys=0.00, real=0.00 secs] 
2022-05-10T17:19:06.494+0800: 11.356: Total time for which application threads were stopped: 0.0142617 seconds, Stopping threads took: 0.0134537 seconds
2022-05-10T17:19:06.494+0800: 11.356: [CMS-concurrent-mark-start]
2022-05-10T17:19:06.494+0800: 11.356: Application time: 0.0000775 seconds
2022-05-10T17:19:06.494+0800: 11.356: [GC (Allocation Failure) 2022-05-10T17:19:06.494+0800: 11.356: [ParNew: 2731K->6K(153600K), 0.0009979 secs]2022-05-10T17:19:06.496+0800: 11.357: [CMS2022-05-10T17:19:06.530+0800: 11.391: [CMS-concurrent-mark: 0.020/0.036 secs] [Times: user=0.03 sys=0.00, real=0.04 secs] 
 (concurrent mode failure): 207017K->11707K(341376K), 0.0881422 secs] 209748K->11707K(494976K), [Metaspace: 33087K->33087K(1079296K)], 0.0892973 secs] [Times: user=0.08 sys=0.00, real=0.09 secs] 
2022-05-10T17:19:06.583+0800: 11.445: Total time for which application threads were stopped: 0.0895161 seconds, Stopping threads took: 0.0000335 seconds
2022-05-10T17:19:06.584+0800: 11.446: Application time: 0.0008696 seconds
2022-05-10T17:19:06.597+0800: 11.459: Total time for which application threads were stopped: 0.0128125 seconds, Stopping threads took: 0.0127433 seconds
2022-05-10T17:19:06.597+0800: 11.459: Application time: 0.0000842 seconds
2022-05-10T17:19:06.597+0800: 11.459: [GC (Allocation Failure) 2022-05-10T17:19:06.597+0800: 11.459: [ParNew: 5463K->18K(153600K), 0.0011736 secs]2022-05-10T17:19:06.599+0800: 11.461: [CMS: 207019K->11719K(341376K), 0.0665822 secs] 212483K->11719K(494976K), [Metaspace: 33087K->33087K(1079296K)], 0.0679761 secs] [Times: user=0.08 sys=0.00, real=0.07 secs] 
2022-05-10T17:19:06.666+0800: 11.527: Total time for which application threads were stopped: 0.0682700 seconds, Stopping threads took: 0.0000765 seconds
2022-05-10T17:19:06.666+0800: 11.527: Application time: 0.0000842 seconds
2022-05-10T17:19:06.681+0800: 11.543: [GC (CMS Initial Mark) [1 CMS-initial-mark: 207031K(341376K)] 211129K(494976K), 0.0007079 secs] [Times: user=0.00 sys=0.00, real=0.00 secs] 
2022-05-10T17:19:06.682+0800: 11.544: Total time for which application threads were stopped: 0.0161818 seconds, Stopping threads took: 0.0152729 seconds
2022-05-10T17:19:06.682+0800: 11.544: [CMS-concurrent-mark-start]
2022-05-10T17:19:06.682+0800: 11.544: Application time: 0.0000924 seconds
2022-05-10T17:19:06.682+0800: 11.544: [GC (Allocation Failure) 2022-05-10T17:19:06.682+0800: 11.544: [ParNew: 4097K->6K(153600K), 0.0010894 secs]2022-05-10T17:19:06.684+0800: 11.545: [CMS2022-05-10T17:19:06.716+0800: 11.578: [CMS-concurrent-mark: 0.019/0.034 secs] [Times: user=0.03 sys=0.01, real=0.04 secs] 
 (concurrent mode failure): 207031K->11719K(341376K), 0.1001889 secs] 211129K->11719K(494976K), [Metaspace: 33087K->33087K(1079296K)], 0.1015096 secs] [Times: user=0.09 sys=0.03, real=0.10 secs] 
2022-05-10T17:19:06.784+0800: 11.646: Total time for which application threads were stopped: 0.1018152 seconds, Stopping threads took: 0.0000588 seconds
2022-05-10T17:19:06.803+0800: 11.665: Application time: 0.0190880 seconds
2022-05-10T17:19:06.804+0800: 11.665: [GC (Allocation Failure) 2022-05-10T17:19:06.804+0800: 11.665: [ParNew: 6359K->142K(153600K), 0.0012011 secs]2022-05-10T17:19:06.805+0800: 11.666: [CMS: 207032K->11839K(341376K), 0.0686570 secs] 213391K->11839K(494976K), [Metaspace: 33103K->33103K(1079296K)], 0.0700681 secs] [Times: user=0.17 sys=0.01, real=0.07 secs] 
2022-05-10T17:19:06.874+0800: 11.735: Total time for which application threads were stopped: 0.0706031 seconds, Stopping threads took: 0.0000491 seconds
2022-05-10T17:19:06.874+0800: 11.735: Application time: 0.0000614 seconds
2022-05-10T17:19:06.889+0800: 11.751: [GC (CMS Initial Mark) [1 CMS-initial-mark: 207151K(341376K)] 209883K(494976K), 0.0007682 secs] [Times: user=0.00 sys=0.00, real=0.00 secs] 
2022-05-10T17:19:06.890+0800: 11.752: Total time for which application threads were stopped: 0.0163170 seconds, Stopping threads took: 0.0153916 seconds
2022-05-10T17:19:06.890+0800: 11.752: [CMS-concurrent-mark-start]
2022-05-10T17:19:06.890+0800: 11.752: Application time: 0.0001895 seconds
2022-05-10T17:19:06.891+0800: 11.752: [GC (Allocation Failure) 2022-05-10T17:19:06.891+0800: 11.752: [ParNew: 2731K->4K(153600K), 0.0012639 secs]2022-05-10T17:19:06.892+0800: 11.753: [CMS2022-05-10T17:19:06.922+0800: 11.783: [CMS-concurrent-mark: 0.023/0.032 secs] [Times: user=0.03 sys=0.02, real=0.03 secs] 
 (concurrent mode failure): 207151K->11841K(341376K), 0.0955384 secs] 209883K->11841K(494976K), [Metaspace: 33103K->33103K(1079296K)], 0.0970197 secs] [Times: user=0.09 sys=0.03, real=0.10 secs] 
2022-05-10T17:19:06.988+0800: 11.849: Total time for which application threads were stopped: 0.0972986 seconds, Stopping threads took: 0.0000340 seconds
2022-05-10T17:19:07.006+0800: 11.867: Application time: 0.0178184 seconds
2022-05-10T17:19:07.006+0800: 11.867: [GC (Allocation Failure) 2022-05-10T17:19:07.006+0800: 11.867: [ParNew: 5463K->14K(153600K), 0.0011559 secs]2022-05-10T17:19:07.007+0800: 11.868: [CMS: 207153K->11739K(341376K), 0.0751270 secs] 212617K->11739K(494976K), [Metaspace: 33103K->33103K(1079296K)], 0.0765194 secs] [Times: user=0.06 sys=0.03, real=0.08 secs] 
2022-05-10T17:19:07.083+0800: 11.944: Total time for which application threads were stopped: 0.0768759 seconds, Stopping threads took: 0.0000566 seconds
2022-05-10T17:19:07.083+0800: 11.944: Application time: 0.0000685 seconds
2022-05-10T17:19:07.099+0800: 11.960: [GC (CMS Initial Mark) [1 CMS-initial-mark: 207051K(341376K)] 209783K(494976K), 0.0009516 secs] [Times: user=0.00 sys=0.00, real=0.00 secs] 
2022-05-10T17:19:07.100+0800: 11.961: Total time for which application threads were stopped: 0.0168721 seconds, Stopping threads took: 0.0157265 seconds
2022-05-10T17:19:07.100+0800: 11.961: [CMS-concurrent-mark-start]
2022-05-10T17:19:07.100+0800: 11.961: Application time: 0.0001794 seconds
2022-05-10T17:19:07.100+0800: 11.961: [GC (Allocation Failure) 2022-05-10T17:19:07.100+0800: 11.961: [ParNew: 2731K->2K(153600K), 0.0012508 secs]2022-05-10T17:19:07.101+0800: 11.963: [CMS2022-05-10T17:19:07.138+0800: 11.999: [CMS-concurrent-mark: 0.022/0.038 secs] [Times: user=0.09 sys=0.03, real=0.04 secs] 
 (concurrent mode failure): 207051K->11739K(341376K), 0.0991976 secs] 209783K->11739K(494976K), [Metaspace: 33103K->33103K(1079296K)], 0.1007212 secs] [Times: user=0.16 sys=0.05, real=0.10 secs] 
2022-05-10T17:19:07.200+0800: 12.062: Total time for which application threads were stopped: 0.1010340 seconds, Stopping threads took: 0.0000581 seconds
2022-05-10T17:19:07.217+0800: 12.078: Application time: 0.0162541 seconds
2022-05-10T17:19:07.217+0800: 12.078: [GC (Allocation Failure) 2022-05-10T17:19:07.217+0800: 12.078: [ParNew: 3619K->10K(153600K), 0.0010586 secs]2022-05-10T17:19:07.218+0800: 12.080: [CMS: 207052K->11740K(341376K), 0.0533540 secs] 210671K->11740K(494976K), [Metaspace: 33103K->33103K(1079296K)], 0.0545811 secs] [Times: user=0.05 sys=0.01, real=0.06 secs] 
2022-05-10T17:19:07.272+0800: 12.133: Total time for which application threads were stopped: 0.0547985 seconds, Stopping threads took: 0.0000342 seconds
2022-05-10T17:19:07.272+0800: 12.133: Application time: 0.0000528 seconds
2022-05-10T17:19:07.287+0800: 12.148: [GC (CMS Initial Mark) [1 CMS-initial-mark: 207052K(341376K)] 209784K(494976K), 0.0005586 secs] [Times: user=0.00 sys=0.00, real=0.00 secs] 
2022-05-10T17:19:07.287+0800: 12.148: Total time for which application threads were stopped: 0.0150305 seconds, Stopping threads took: 0.0143586 seconds
2022-05-10T17:19:07.287+0800: 12.148: [CMS-concurrent-mark-start]
2022-05-10T17:19:07.287+0800: 12.148: Application time: 0.0000797 seconds
2022-05-10T17:19:07.287+0800: 12.148: [GC (Allocation Failure) 2022-05-10T17:19:07.287+0800: 12.149: [ParNew: 4097K->6K(153600K), 0.0010554 secs]2022-05-10T17:19:07.288+0800: 12.150: [CMS2022-05-10T17:19:07.310+0800: 12.172: [CMS-concurrent-mark: 0.022/0.024 secs] [Times: user=0.03 sys=0.02, real=0.02 secs] 
 (concurrent mode failure): 207052K->11744K(341376K), 0.0942736 secs] 211150K->11744K(494976K), [Metaspace: 33103K->33103K(1079296K)], 0.0955977 secs] [Times: user=0.09 sys=0.02, real=0.10 secs] 
2022-05-10T17:19:07.382+0800: 12.244: Total time for which application threads were stopped: 0.0958613 seconds, Stopping threads took: 0.0000451 seconds
2022-05-10T17:19:07.385+0800: 12.247: Application time: 0.0027213 seconds
2022-05-10T17:19:07.397+0800: 12.259: Total time for which application threads were stopped: 0.0120771 seconds, Stopping threads took: 0.0120023 seconds
2022-05-10T17:19:07.398+0800: 12.259: Application time: 0.0001067 seconds
2022-05-10T17:19:07.398+0800: 12.259: [GC (Allocation Failure) 2022-05-10T17:19:07.398+0800: 12.259: [ParNew: 6351K->50K(153600K), 0.0010130 secs]2022-05-10T17:19:07.399+0800: 12.260: [CMS: 207057K->11752K(341376K), 0.0625709 secs] 213408K->11752K(494976K), [Metaspace: 33103K->33103K(1079296K)], 0.0637641 secs] [Times: user=0.06 sys=0.00, real=0.06 secs] 
2022-05-10T17:19:07.462+0800: 12.323: Total time for which application threads were stopped: 0.0640235 seconds, Stopping threads took: 0.0000436 seconds
2022-05-10T17:19:07.462+0800: 12.323: Application time: 0.0001476 seconds
2022-05-10T17:19:07.477+0800: 12.338: [GC (CMS Initial Mark) [1 CMS-initial-mark: 207065K(341376K)] 212528K(494976K), 0.0006684 secs] [Times: user=0.00 sys=0.00, real=0.00 secs] 
2022-05-10T17:19:07.477+0800: 12.338: Total time for which application threads were stopped: 0.0151622 seconds, Stopping threads took: 0.0143828 seconds
2022-05-10T17:19:07.477+0800: 12.338: [CMS-concurrent-mark-start]
2022-05-10T17:19:07.477+0800: 12.338: Application time: 0.0000744 seconds
2022-05-10T17:19:07.478+0800: 12.339: [GC (Allocation Failure) 2022-05-10T17:19:07.478+0800: 12.339: [ParNew: 5463K->14K(153600K), 0.0009806 secs]2022-05-10T17:19:07.479+0800: 12.340: [CMS2022-05-10T17:19:07.513+0800: 12.374: [CMS-concurrent-mark: 0.023/0.036 secs] [Times: user=0.06 sys=0.00, real=0.04 secs] 
 (concurrent mode failure): 207065K->11753K(341376K), 0.0934956 secs] 212528K->11753K(494976K), [Metaspace: 33103K->33103K(1079296K)], 0.0946707 secs] [Times: user=0.13 sys=0.00, real=0.09 secs] 
2022-05-10T17:19:07.572+0800: 12.433: Total time for which application threads were stopped: 0.0949814 seconds, Stopping threads took: 0.0000371 seconds
2022-05-10T17:19:07.579+0800: 12.440: Application time: 0.0063467 seconds
2022-05-10T17:19:07.587+0800: 12.449: Total time for which application threads were stopped: 0.0091072 seconds, Stopping threads took: 0.0090072 seconds
2022-05-10T17:19:07.587+0800: 12.449: Application time: 0.0001012 seconds
2022-05-10T17:19:07.587+0800: 12.449: [GC (Allocation Failure) 2022-05-10T17:19:07.587+0800: 12.449: [ParNew: 5903K->36K(153600K), 0.0012507 secs]2022-05-10T17:19:07.589+0800: 12.451: [CMS: 207066K->11767K(341376K), 0.0562717 secs] 212970K->11767K(494976K), [Metaspace: 33108K->33108K(1079296K)], 0.0576897 secs] [Times: user=0.05 sys=0.00, real=0.06 secs] 
2022-05-10T17:19:07.645+0800: 12.507: Total time for which application threads were stopped: 0.0579579 seconds, Stopping threads took: 0.0000896 seconds
2022-05-10T17:19:07.645+0800: 12.507: Application time: 0.0000546 seconds
2022-05-10T17:19:07.662+0800: 12.524: [GC (CMS Initial Mark) [1 CMS-initial-mark: 207080K(341376K)] 209811K(494976K), 0.0008409 secs] [Times: user=0.00 sys=0.00, real=0.00 secs] 
2022-05-10T17:19:07.663+0800: 12.524: Total time for which application threads were stopped: 0.0174176 seconds, Stopping threads took: 0.0164205 seconds
2022-05-10T17:19:07.663+0800: 12.525: [CMS-concurrent-mark-start]
2022-05-10T17:19:07.664+0800: 12.525: Application time: 0.0001815 seconds
2022-05-10T17:19:07.664+0800: 12.525: [GC (Allocation Failure) 2022-05-10T17:19:07.664+0800: 12.525: [ParNew: 2731K->2K(153600K), 0.0011705 secs]2022-05-10T17:19:07.665+0800: 12.526: [CMS2022-05-10T17:19:07.696+0800: 12.557: [CMS-concurrent-mark: 0.017/0.032 secs] [Times: user=0.08 sys=0.03, real=0.03 secs] 
 (concurrent mode failure): 207080K->11760K(341376K), 0.0869377 secs] 209811K->11760K(494976K), [Metaspace: 33108K->33108K(1079296K)], 0.0884640 secs] [Times: user=0.11 sys=0.00, real=0.09 secs] 
2022-05-10T17:19:07.752+0800: 12.613: Total time for which application threads were stopped: 0.0887992 seconds, Stopping threads took: 0.0000515 seconds
2022-05-10T17:19:07.763+0800: 12.624: Application time: 0.0110153 seconds
2022-05-10T17:19:07.768+0800: 12.630: Total time for which application threads were stopped: 0.0052248 seconds, Stopping threads took: 0.0050217 seconds
2022-05-10T17:19:07.768+0800: 12.630: Application time: 0.0001046 seconds
2022-05-10T17:19:07.768+0800: 12.630: [GC (Allocation Failure) 2022-05-10T17:19:07.768+0800: 12.630: [ParNew: 6352K->20K(153600K), 0.0012494 secs]2022-05-10T17:19:07.770+0800: 12.631: [CMS: 207073K->11767K(341376K), 0.0708134 secs] 213425K->11767K(494976K), [Metaspace: 33112K->33112K(1079296K)], 0.0723176 secs] [Times: user=0.06 sys=0.00, real=0.07 secs] 
2022-05-10T17:19:07.841+0800: 12.703: Total time for which application threads were stopped: 0.0726817 seconds, Stopping threads took: 0.0000702 seconds
2022-05-10T17:19:07.841+0800: 12.703: Application time: 0.0000998 seconds
2022-05-10T17:19:07.859+0800: 12.720: [GC (CMS Initial Mark) [1 CMS-initial-mark: 207080K(341376K)] 209811K(494976K), 0.0009118 secs] [Times: user=0.00 sys=0.00, real=0.00 secs] 
2022-05-10T17:19:07.860+0800: 12.721: Total time for which application threads were stopped: 0.0180481 seconds, Stopping threads took: 0.0169278 seconds
2022-05-10T17:19:07.860+0800: 12.721: [CMS-concurrent-mark-start]
2022-05-10T17:19:07.860+0800: 12.721: Application time: 0.0001081 seconds
2022-05-10T17:19:07.860+0800: 12.721: [GC (Allocation Failure) 2022-05-10T17:19:07.860+0800: 12.721: [ParNew: 2731K->6K(153600K), 0.0011450 secs]2022-05-10T17:19:07.861+0800: 12.722: [CMS2022-05-10T17:19:07.891+0800: 12.752: [CMS-concurrent-mark: 0.024/0.032 secs] [Times: user=0.03 sys=0.00, real=0.03 secs] 
 (concurrent mode failure): 207080K->11766K(341376K), 0.1039713 secs] 209811K->11766K(494976K), [Metaspace: 33112K->33112K(1079296K)], 0.1052972 secs] [Times: user=0.11 sys=0.00, real=0.11 secs] 
2022-05-10T17:19:07.965+0800: 12.826: Total time for which application threads were stopped: 0.1055761 seconds, Stopping threads took: 0.0000661 seconds
2022-05-10T17:19:07.983+0800: 12.844: Application time: 0.0180093 seconds
2022-05-10T17:19:07.983+0800: 12.845: [GC (Allocation Failure) 2022-05-10T17:19:07.983+0800: 12.845: [ParNew: 2731K->4K(153600K), 0.0012257 secs]2022-05-10T17:19:07.985+0800: 12.846: [CMS: 207079K->11765K(341376K), 0.0729514 secs] 209810K->11765K(494976K), [Metaspace: 33112K->33112K(1079296K)], 0.0743876 secs] [Times: user=0.08 sys=0.00, real=0.08 secs] 
2022-05-10T17:19:08.058+0800: 12.919: Total time for which application threads were stopped: 0.0746435 seconds, Stopping threads took: 0.0000434 seconds
2022-05-10T17:19:08.058+0800: 12.919: Application time: 0.0000798 seconds
2022-05-10T17:19:08.072+0800: 12.934: [GC (CMS Initial Mark) [1 CMS-initial-mark: 207077K(341376K)] 209809K(494976K), 0.0005545 secs] [Times: user=0.00 sys=0.00, real=0.00 secs] 
2022-05-10T17:19:08.073+0800: 12.935: Total time for which application threads were stopped: 0.0153858 seconds, Stopping threads took: 0.0147121 seconds
2022-05-10T17:19:08.073+0800: 12.935: [CMS-concurrent-mark-start]
2022-05-10T17:19:08.073+0800: 12.935: Application time: 0.0000691 seconds
2022-05-10T17:19:08.073+0800: 12.935: [GC (Allocation Failure) 2022-05-10T17:19:08.073+0800: 12.935: [ParNew: 2731K->8K(153600K), 0.0009831 secs]2022-05-10T17:19:08.074+0800: 12.936: [CMS2022-05-10T17:19:08.102+0800: 12.964: [CMS-concurrent-mark: 0.017/0.030 secs] [Times: user=0.03 sys=0.00, real=0.03 secs] 
 (concurrent mode failure): 207077K->11766K(341376K), 0.0799531 secs] 209809K->11766K(494976K), [Metaspace: 33112K->33112K(1079296K)], 0.0811740 secs] [Times: user=0.08 sys=0.00, real=0.08 secs] 
2022-05-10T17:19:08.154+0800: 13.016: Total time for which application threads were stopped: 0.0813860 seconds, Stopping threads took: 0.0000328 seconds
2022-05-10T17:19:08.168+0800: 13.030: Application time: 0.0138090 seconds
2022-05-10T17:19:08.168+0800: 13.030: [GC (Allocation Failure) 2022-05-10T17:19:08.168+0800: 13.030: [ParNew: 3619K->14K(153600K), 0.0010270 secs]2022-05-10T17:19:08.170+0800: 13.031: [CMS: 207079K->11765K(341376K), 0.0538428 secs] 210698K->11765K(494976K), [Metaspace: 33112K->33112K(1079296K)], 0.0550327 secs] [Times: user=0.05 sys=0.00, real=0.06 secs] 
2022-05-10T17:19:08.224+0800: 13.085: Total time for which application threads were stopped: 0.0552634 seconds, Stopping threads took: 0.0000293 seconds
2022-05-10T17:19:08.224+0800: 13.085: Application time: 0.0000844 seconds
2022-05-10T17:19:08.238+0800: 13.100: [GC (CMS Initial Mark) [1 CMS-initial-mark: 207078K(341376K)] 209809K(494976K), 0.0007173 secs] [Times: user=0.00 sys=0.00, real=0.00 secs] 
2022-05-10T17:19:08.239+0800: 13.100: Total time for which application threads were stopped: 0.0151479 seconds, Stopping threads took: 0.0143167 seconds
2022-05-10T17:19:08.239+0800: 13.100: [CMS-concurrent-mark-start]
2022-05-10T17:19:08.239+0800: 13.100: Application time: 0.0001973 seconds
2022-05-10T17:19:08.240+0800: 13.101: [GC (Allocation Failure) 2022-05-10T17:19:08.240+0800: 13.101: [ParNew: 2731K->8K(153600K), 0.0009588 secs]2022-05-10T17:19:08.241+0800: 13.102: [CMS2022-05-10T17:19:08.261+0800: 13.123: [CMS-concurrent-mark: 0.018/0.023 secs] [Times: user=0.03 sys=0.00, real=0.02 secs] 
 (concurrent mode failure): 207078K->11767K(341376K), 0.0742238 secs] 209809K->11767K(494976K), [Metaspace: 33112K->33112K(1079296K)], 0.0753238 secs] [Times: user=0.08 sys=0.00, real=0.07 secs] 
2022-05-10T17:19:08.314+0800: 13.176: Total time for which application threads were stopped: 0.0755141 seconds, Stopping threads took: 0.0000250 seconds
2022-05-10T17:19:08.328+0800: 13.190: Application time: 0.0136976 seconds
2022-05-10T17:19:08.328+0800: 13.190: [GC (Allocation Failure) 2022-05-10T17:19:08.328+0800: 13.190: [ParNew: 2731K->12K(153600K), 0.0009521 secs]2022-05-10T17:19:08.330+0800: 13.191: [CMS: 207080K->11765K(341376K), 0.0498768 secs] 209812K->11765K(494976K), [Metaspace: 33112K->33112K(1079296K)], 0.0509795 secs] [Times: user=0.05 sys=0.00, real=0.05 secs] 
2022-05-10T17:19:08.379+0800: 13.241: Total time for which application threads were stopped: 0.0511862 seconds, Stopping threads took: 0.0000270 seconds
2022-05-10T17:19:08.380+0800: 13.241: Application time: 0.0001567 seconds
2022-05-10T17:19:08.393+0800: 13.254: [GC (CMS Initial Mark) [1 CMS-initial-mark: 207078K(341376K)] 209810K(494976K), 0.0006210 secs] [Times: user=0.00 sys=0.00, real=0.00 secs] 
2022-05-10T17:19:08.393+0800: 13.255: Total time for which application threads were stopped: 0.0136421 seconds, Stopping threads took: 0.0129050 seconds
2022-05-10T17:19:08.393+0800: 13.255: [CMS-concurrent-mark-start]
2022-05-10T17:19:08.393+0800: 13.255: Application time: 0.0001316 seconds
2022-05-10T17:19:08.394+0800: 13.255: [GC (Allocation Failure) 2022-05-10T17:19:08.394+0800: 13.255: [ParNew: 2731K->8K(153600K), 0.0009256 secs]2022-05-10T17:19:08.394+0800: 13.256: [CMS2022-05-10T17:19:08.422+0800: 13.283: [CMS-concurrent-mark: 0.021/0.029 secs] [Times: user=0.03 sys=0.00, real=0.03 secs] 
 (concurrent mode failure): 207078K->11768K(341376K), 0.0746297 secs] 209810K->11768K(494976K), [Metaspace: 33112K->33112K(1079296K)], 0.0756920 secs] [Times: user=0.08 sys=0.00, real=0.08 secs] 
2022-05-10T17:19:08.469+0800: 13.331: Total time for which application threads were stopped: 0.0759285 seconds, Stopping threads took: 0.0000761 seconds
2022-05-10T17:19:08.482+0800: 13.343: Application time: 0.0124613 seconds
2022-05-10T17:19:08.482+0800: 13.343: [GC (Allocation Failure) 2022-05-10T17:19:08.482+0800: 13.343: [ParNew: 4097K->12K(153600K), 0.0011392 secs]2022-05-10T17:19:08.483+0800: 13.345: [CMS: 207081K->11765K(341376K), 0.0488034 secs] 211178K->11765K(494976K), [Metaspace: 33112K->33112K(1079296K)], 0.0501025 secs] [Times: user=0.05 sys=0.00, real=0.05 secs] 
2022-05-10T17:19:08.532+0800: 13.394: Total time for which application threads were stopped: 0.0503026 seconds, Stopping threads took: 0.0000242 seconds
2022-05-10T17:19:08.532+0800: 13.394: Application time: 0.0001190 seconds
2022-05-10T17:19:08.545+0800: 13.407: [GC (CMS Initial Mark) [1 CMS-initial-mark: 207078K(341376K)] 209809K(494976K), 0.0007099 secs] [Times: user=0.00 sys=0.00, real=0.00 secs] 
2022-05-10T17:19:08.546+0800: 13.407: Total time for which application threads were stopped: 0.0136885 seconds, Stopping threads took: 0.0128289 seconds
2022-05-10T17:19:08.546+0800: 13.407: [CMS-concurrent-mark-start]
2022-05-10T17:19:08.546+0800: 13.407: Application time: 0.0000783 seconds
2022-05-10T17:19:08.546+0800: 13.408: [GC (Allocation Failure) 2022-05-10T17:19:08.546+0800: 13.408: [ParNew: 2731K->4K(153600K), 0.0010637 secs]2022-05-10T17:19:08.547+0800: 13.409: [CMS2022-05-10T17:19:08.579+0800: 13.441: [CMS-concurrent-mark: 0.020/0.033 secs] [Times: user=0.03 sys=0.00, real=0.03 secs] 
 (concurrent mode failure): 207078K->11767K(341376K), 0.0908182 secs] 209809K->11767K(494976K), [Metaspace: 33112K->33112K(1079296K)], 0.0920910 secs] [Times: user=0.09 sys=0.00, real=0.09 secs] 
2022-05-10T17:19:08.639+0800: 13.500: Total time for which application threads were stopped: 0.0923934 seconds, Stopping threads took: 0.0000729 seconds
2022-05-10T17:19:08.659+0800: 13.520: Application time: 0.0203467 seconds
2022-05-10T17:19:08.659+0800: 13.520: [GC (Allocation Failure) 2022-05-10T17:19:08.659+0800: 13.520: [ParNew: 2731K->16K(153600K), 0.0011599 secs]2022-05-10T17:19:08.660+0800: 13.522: [CMS: 207080K->11765K(341376K), 0.0555235 secs] 209811K->11765K(494976K), [Metaspace: 33112K->33112K(1079296K)], 0.0569031 secs] [Times: user=0.06 sys=0.00, real=0.06 secs] 
2022-05-10T17:19:08.716+0800: 13.577: Total time for which application threads were stopped: 0.0571841 seconds, Stopping threads took: 0.0000431 seconds
2022-05-10T17:19:08.716+0800: 13.577: Application time: 0.0000469 seconds
2022-05-10T17:19:08.733+0800: 13.594: [GC (CMS Initial Mark) [1 CMS-initial-mark: 207078K(341376K)] 208444K(494976K), 0.0007976 secs] [Times: user=0.00 sys=0.00, real=0.00 secs] 
2022-05-10T17:19:08.734+0800: 13.595: Total time for which application threads were stopped: 0.0178834 seconds, Stopping threads took: 0.0169687 seconds
2022-05-10T17:19:08.734+0800: 13.595: [CMS-concurrent-mark-start]
2022-05-10T17:19:08.734+0800: 13.595: Application time: 0.0001099 seconds
2022-05-10T17:19:08.735+0800: 13.596: [GC (Allocation Failure) 2022-05-10T17:19:08.735+0800: 13.596: [ParNew: 6828K->8K(153600K), 0.0009480 secs]2022-05-10T17:19:08.736+0800: 13.597: [CMS2022-05-10T17:19:08.766+0800: 13.627: [CMS-concurrent-mark: 0.020/0.032 secs] [Times: user=0.03 sys=0.00, real=0.03 secs] 
 (concurrent mode failure): 207078K->11767K(341376K), 0.0840775 secs] 213907K->11767K(494976K), [Metaspace: 33112K->33112K(1079296K)], 0.0851996 secs] [Times: user=0.08 sys=0.00, real=0.09 secs] 
2022-05-10T17:19:08.819+0800: 13.681: Total time for which application threads were stopped: 0.0856597 seconds, Stopping threads took: 0.0002787 seconds
2022-05-10T17:19:08.833+0800: 13.695: Application time: 0.0138504 seconds
2022-05-10T17:19:08.833+0800: 13.695: [GC (Allocation Failure) 2022-05-10T17:19:08.834+0800: 13.695: [ParNew: 7238K->16K(153600K), 0.0010706 secs]2022-05-10T17:19:08.835+0800: 13.696: [CMS: 207079K->11715K(341376K), 0.0673213 secs] 214318K->11715K(494976K), [Metaspace: 33114K->33114K(1079296K)], 0.0686718 secs] [Times: user=0.08 sys=0.03, real=0.07 secs] 
2022-05-10T17:19:08.902+0800: 13.764: Total time for which application threads were stopped: 0.0690062 seconds, Stopping threads took: 0.0000302 seconds
2022-05-10T17:19:08.903+0800: 13.764: Application time: 0.0001299 seconds
2022-05-10T17:19:08.920+0800: 13.782: [GC (CMS Initial Mark) [1 CMS-initial-mark: 207028K(341376K)] 209759K(494976K), 0.0007534 secs] [Times: user=0.00 sys=0.00, real=0.00 secs] 
2022-05-10T17:19:08.921+0800: 13.783: Total time for which application threads were stopped: 0.0186033 seconds, Stopping threads took: 0.0177168 seconds
2022-05-10T17:19:08.921+0800: 13.783: [CMS-concurrent-mark-start]
2022-05-10T17:19:08.921+0800: 13.783: Application time: 0.0000718 seconds
2022-05-10T17:19:08.921+0800: 13.783: [GC (Allocation Failure) 2022-05-10T17:19:08.921+0800: 13.783: [ParNew: 2731K->2K(153600K), 0.0009174 secs]2022-05-10T17:19:08.923+0800: 13.784: [CMS2022-05-10T17:19:08.954+0800: 13.816: [CMS-concurrent-mark: 0.023/0.033 secs] [Times: user=0.03 sys=0.00, real=0.03 secs] 
 (concurrent mode failure): 207028K->11717K(341376K), 0.0904147 secs] 209759K->11717K(494976K), [Metaspace: 33114K->33114K(1079296K)], 0.0915068 secs] [Times: user=0.09 sys=0.01, real=0.09 secs] 
2022-05-10T17:19:09.013+0800: 13.875: Total time for which application threads were stopped: 0.0917379 seconds, Stopping threads took: 0.0000337 seconds
2022-05-10T17:19:09.031+0800: 13.893: Application time: 0.0182164 seconds
2022-05-10T17:19:09.031+0800: 13.893: [GC (Allocation Failure) 2022-05-10T17:19:09.031+0800: 13.893: [ParNew: 2731K->4K(153600K), 0.0008930 secs]2022-05-10T17:19:09.033+0800: 13.894: [CMS: 207029K->11715K(341376K), 0.0591232 secs] 209761K->11715K(494976K), [Metaspace: 33114K->33114K(1079296K)], 0.0602214 secs] [Times: user=0.08 sys=0.05, real=0.06 secs] 
2022-05-10T17:19:09.092+0800: 13.953: Total time for which application threads were stopped: 0.0604749 seconds, Stopping threads took: 0.0000261 seconds
2022-05-10T17:19:09.093+0800: 13.954: Application time: 0.0011544 seconds
2022-05-10T17:19:09.113+0800: 13.975: [GC (CMS Initial Mark) [1 CMS-initial-mark: 207028K(341376K)] 209759K(494976K), 0.0006490 secs] [Times: user=0.00 sys=0.00, real=0.00 secs] 
2022-05-10T17:19:09.114+0800: 13.975: Total time for which application threads were stopped: 0.0208888 seconds, Stopping threads took: 0.0201078 seconds
2022-05-10T17:19:09.114+0800: 13.975: [CMS-concurrent-mark-start]
2022-05-10T17:19:09.119+0800: 13.981: Application time: 0.0055681 seconds
2022-05-10T17:19:09.120+0800: 13.981: [GC (Allocation Failure) 2022-05-10T17:19:09.120+0800: 13.981: [ParNew: 2731K->4K(153600K), 0.0010282 secs]2022-05-10T17:19:09.121+0800: 13.982: [CMS2022-05-10T17:19:09.153+0800: 14.014: [CMS-concurrent-mark: 0.023/0.039 secs] [Times: user=0.06 sys=0.00, real=0.04 secs] 
 (concurrent mode failure): 207028K->11717K(341376K), 0.1066043 secs] 209759K->11717K(494976K), [Metaspace: 33114K->33114K(1079296K)], 0.1078742 secs] [Times: user=0.11 sys=0.03, real=0.11 secs] 
2022-05-10T17:19:09.228+0800: 14.089: Total time for which application threads were stopped: 0.1081983 seconds, Stopping threads took: 0.0000287 seconds
2022-05-10T17:19:09.245+0800: 14.106: Application time: 0.0166165 seconds
2022-05-10T17:19:09.245+0800: 14.106: [GC (Allocation Failure) 2022-05-10T17:19:09.245+0800: 14.106: [ParNew: 2731K->4K(153600K), 0.0011221 secs]2022-05-10T17:19:09.246+0800: 14.107: [CMS: 207029K->11715K(341376K), 0.0636357 secs] 209761K->11715K(494976K), [Metaspace: 33114K->33114K(1079296K)], 0.0649561 secs] [Times: user=0.06 sys=0.00, real=0.07 secs] 
2022-05-10T17:19:09.310+0800: 14.171: Total time for which application threads were stopped: 0.0652131 seconds, Stopping threads took: 0.0000419 seconds
2022-05-10T17:19:09.310+0800: 14.171: Application time: 0.0000582 seconds
2022-05-10T17:19:09.325+0800: 14.186: [GC (CMS Initial Mark) [1 CMS-initial-mark: 207028K(341376K)] 209759K(494976K), 0.0006471 secs] [Times: user=0.00 sys=0.00, real=0.00 secs] 
2022-05-10T17:19:09.326+0800: 14.187: Total time for which application threads were stopped: 0.0160993 seconds, Stopping threads took: 0.0153322 seconds
2022-05-10T17:19:09.326+0800: 14.187: [CMS-concurrent-mark-start]
2022-05-10T17:19:09.326+0800: 14.187: Application time: 0.0000751 seconds
2022-05-10T17:19:09.326+0800: 14.187: [GC (Allocation Failure) 2022-05-10T17:19:09.326+0800: 14.187: [ParNew: 2731K->4K(153600K), 0.0010221 secs]2022-05-10T17:19:09.327+0800: 14.188: [CMS2022-05-10T17:19:09.360+0800: 14.221: [CMS-concurrent-mark: 0.022/0.034 secs] [Times: user=0.03 sys=0.00, real=0.03 secs] 
 (concurrent mode failure): 207028K->11718K(341376K), 0.0903601 secs] 209759K->11718K(494976K), [Metaspace: 33114K->33114K(1079296K)], 0.0915605 secs] [Times: user=0.09 sys=0.03, real=0.09 secs] 
2022-05-10T17:19:09.418+0800: 14.279: Total time for which application threads were stopped: 0.0917776 seconds, Stopping threads took: 0.0000286 seconds
2022-05-10T17:19:09.431+0800: 14.293: Application time: 0.0139709 seconds
2022-05-10T17:19:09.431+0800: 14.293: [GC (Allocation Failure) 2022-05-10T17:19:09.431+0800: 14.293: [ParNew: 2731K->16K(153600K), 0.0009414 secs]2022-05-10T17:19:09.433+0800: 14.294: [CMS: 207030K->11715K(341376K), 0.0677214 secs] 209762K->11715K(494976K), [Metaspace: 33114K->33114K(1079296K)], 0.0689079 secs] [Times: user=0.06 sys=0.03, real=0.07 secs] 
2022-05-10T17:19:09.501+0800: 14.362: Total time for which application threads were stopped: 0.0692083 seconds, Stopping threads took: 0.0000283 seconds
2022-05-10T17:19:09.501+0800: 14.362: Application time: 0.0000785 seconds
2022-05-10T17:19:09.519+0800: 14.380: [GC (CMS Initial Mark) [1 CMS-initial-mark: 207028K(341376K)] 207711K(494976K), 0.0009232 secs] [Times: user=0.00 sys=0.00, real=0.00 secs] 
2022-05-10T17:19:09.520+0800: 14.381: Total time for which application threads were stopped: 0.0190362 seconds, Stopping threads took: 0.0179628 seconds
2022-05-10T17:19:09.520+0800: 14.381: [CMS-concurrent-mark-start]
2022-05-10T17:19:09.520+0800: 14.381: Application time: 0.0001055 seconds
2022-05-10T17:19:09.520+0800: 14.382: [GC (Allocation Failure) 2022-05-10T17:19:09.520+0800: 14.382: [ParNew: 4097K->8K(153600K), 0.0013244 secs]2022-05-10T17:19:09.522+0800: 14.383: [CMS2022-05-10T17:19:09.546+0800: 14.407: [CMS-concurrent-mark: 0.021/0.026 secs] [Times: user=0.03 sys=0.00, real=0.03 secs] 
 (concurrent mode failure): 207028K->11718K(341376K), 0.0921749 secs] 211125K->11718K(494976K), [Metaspace: 33114K->33114K(1079296K)], 0.0937562 secs] [Times: user=0.09 sys=0.00, real=0.09 secs] 
2022-05-10T17:19:09.614+0800: 14.476: Total time for which application threads were stopped: 0.0942295 seconds, Stopping threads took: 0.0001193 seconds
2022-05-10T17:19:09.630+0800: 14.492: Application time: 0.0159826 seconds
2022-05-10T17:19:09.630+0800: 14.492: [GC (Allocation Failure) 2022-05-10T17:19:09.631+0800: 14.492: [ParNew: 5463K->36K(153600K), 0.0010051 secs]2022-05-10T17:19:09.632+0800: 14.493: [CMS: 207030K->11733K(341376K), 0.0752829 secs] 212493K->11733K(494976K), [Metaspace: 33114K->33114K(1079296K)], 0.0765304 secs] [Times: user=0.08 sys=0.00, real=0.08 secs] 
2022-05-10T17:19:09.707+0800: 14.568: Total time for which application threads were stopped: 0.0767977 seconds, Stopping threads took: 0.0000309 seconds
2022-05-10T17:19:09.707+0800: 14.568: Application time: 0.0000831 seconds
2022-05-10T17:19:09.724+0800: 14.585: [GC (CMS Initial Mark) [1 CMS-initial-mark: 207046K(341376K)] 209777K(494976K), 0.0008342 secs] [Times: user=0.00 sys=0.00, real=0.00 secs] 
2022-05-10T17:19:09.725+0800: 14.586: Total time for which application threads were stopped: 0.0174744 seconds, Stopping threads took: 0.0164544 seconds
2022-05-10T17:19:09.725+0800: 14.586: [CMS-concurrent-mark-start]
2022-05-10T17:19:09.725+0800: 14.586: Application time: 0.0000854 seconds
2022-05-10T17:19:09.725+0800: 14.586: [GC (Allocation Failure) 2022-05-10T17:19:09.725+0800: 14.586: [ParNew: 2731K->6K(153600K), 0.0009393 secs]2022-05-10T17:19:09.726+0800: 14.587: [CMS2022-05-10T17:19:09.746+0800: 14.607: [CMS-concurrent-mark: 0.020/0.021 secs] [Times: user=0.05 sys=0.01, real=0.02 secs] 
 (concurrent mode failure): 207046K->11735K(341376K), 0.0871288 secs] 209777K->11735K(494976K), [Metaspace: 33114K->33114K(1079296K)], 0.0882205 secs] [Times: user=0.11 sys=0.01, real=0.09 secs] 
2022-05-10T17:19:09.813+0800: 14.674: Total time for which application threads were stopped: 0.0884331 seconds, Stopping threads took: 0.0000257 seconds
2022-05-10T17:19:09.828+0800: 14.690: Application time: 0.0155661 seconds
2022-05-10T17:19:09.828+0800: 14.690: [GC (Allocation Failure) 2022-05-10T17:19:09.828+0800: 14.690: [ParNew: 2731K->12K(153600K), 0.0009861 secs]2022-05-10T17:19:09.830+0800: 14.691: [CMS: 207047K->11732K(341376K), 0.0707800 secs] 209779K->11732K(494976K), [Metaspace: 33114K->33114K(1079296K)], 0.0719370 secs] [Times: user=0.08 sys=0.00, real=0.07 secs] 
2022-05-10T17:19:09.901+0800: 14.762: Total time for which application threads were stopped: 0.0721671 seconds, Stopping threads took: 0.0000274 seconds
2022-05-10T17:19:09.901+0800: 14.762: Application time: 0.0000598 seconds
2022-05-10T17:19:09.918+0800: 14.779: [GC (CMS Initial Mark) [1 CMS-initial-mark: 207045K(341376K)] 209776K(494976K), 0.0008685 secs] [Times: user=0.00 sys=0.00, real=0.00 secs] 
2022-05-10T17:19:09.919+0800: 14.780: Total time for which application threads were stopped: 0.0179339 seconds, Stopping threads took: 0.0168906 seconds
2022-05-10T17:19:09.919+0800: 14.780: [CMS-concurrent-mark-start]
2022-05-10T17:19:09.919+0800: 14.780: Application time: 0.0001049 seconds
2022-05-10T17:19:09.919+0800: 14.780: [GC (Allocation Failure) 2022-05-10T17:19:09.919+0800: 14.781: [ParNew: 2731K->4K(153600K), 0.0014994 secs]2022-05-10T17:19:09.921+0800: 14.782: [CMS2022-05-10T17:19:09.950+0800: 14.812: [CMS-concurrent-mark: 0.022/0.032 secs] [Times: user=0.03 sys=0.00, real=0.03 secs] 
 (concurrent mode failure): 207045K->11735K(341376K), 0.1093172 secs] 209776K->11735K(494976K), [Metaspace: 33114K->33114K(1079296K)], 0.1110554 secs] [Times: user=0.11 sys=0.00, real=0.11 secs] 
2022-05-10T17:19:10.030+0800: 14.892: Total time for which application threads were stopped: 0.1113042 seconds, Stopping threads took: 0.0000336 seconds
2022-05-10T17:19:10.047+0800: 14.909: Application time: 0.0174690 seconds
2022-05-10T17:19:10.047+0800: 14.909: [GC (Allocation Failure) 2022-05-10T17:19:10.048+0800: 14.909: [ParNew: 2731K->16K(153600K), 0.0009850 secs]2022-05-10T17:19:10.049+0800: 14.910: [CMS: 207047K->11732K(341376K), 0.0688260 secs] 209779K->11732K(494976K), [Metaspace: 33114K->33114K(1079296K)], 0.0700324 secs] [Times: user=0.08 sys=0.00, real=0.07 secs] 
2022-05-10T17:19:10.118+0800: 14.979: Total time for which application threads were stopped: 0.0702848 seconds, Stopping threads took: 0.0000294 seconds
2022-05-10T17:19:10.118+0800: 14.979: Application time: 0.0000609 seconds
2022-05-10T17:19:10.133+0800: 14.994: [GC (CMS Initial Mark) [1 CMS-initial-mark: 207045K(341376K)] 209776K(494976K), 0.0007097 secs] [Times: user=0.00 sys=0.00, real=0.00 secs] 
2022-05-10T17:19:10.133+0800: 14.995: Total time for which application threads were stopped: 0.0154591 seconds, Stopping threads took: 0.0145905 seconds
2022-05-10T17:19:10.133+0800: 14.995: [CMS-concurrent-mark-start]
2022-05-10T17:19:10.133+0800: 14.995: Application time: 0.0000941 seconds
2022-05-10T17:19:10.134+0800: 14.995: [GC (Allocation Failure) 2022-05-10T17:19:10.134+0800: 14.995: [ParNew: 2731K->4K(153600K), 0.0011876 secs]2022-05-10T17:19:10.135+0800: 14.996: [CMS2022-05-10T17:19:10.169+0800: 15.030: [CMS-concurrent-mark: 0.021/0.035 secs] [Times: user=0.03 sys=0.00, real=0.04 secs] 
 (concurrent mode failure): 207045K->11735K(341376K), 0.0961016 secs] 209776K->11735K(494976K), [Metaspace: 33114K->33114K(1079296K)], 0.0974606 secs] [Times: user=0.09 sys=0.00, real=0.10 secs] 
2022-05-10T17:19:10.231+0800: 15.093: Total time for which application threads were stopped: 0.0976958 seconds, Stopping threads took: 0.0000349 seconds
2022-05-10T17:19:10.247+0800: 15.108: Application time: 0.0154846 seconds
2022-05-10T17:19:10.247+0800: 15.108: [GC (Allocation Failure) 2022-05-10T17:19:10.247+0800: 15.108: [ParNew: 3619K->16K(153600K), 0.0009793 secs]2022-05-10T17:19:10.248+0800: 15.109: [CMS: 207047K->11732K(341376K), 0.0752222 secs] 210666K->11732K(494976K), [Metaspace: 33115K->33115K(1079296K)], 0.0764114 secs] [Times: user=0.08 sys=0.00, real=0.08 secs] 
2022-05-10T17:19:10.324+0800: 15.185: Total time for which application threads were stopped: 0.0767001 seconds, Stopping threads took: 0.0000307 seconds
2022-05-10T17:19:10.324+0800: 15.185: Application time: 0.0002981 seconds
2022-05-10T17:19:10.340+0800: 15.201: [GC (CMS Initial Mark) [1 CMS-initial-mark: 207045K(341376K)] 209776K(494976K), 0.0006652 secs] [Times: user=0.00 sys=0.00, real=0.00 secs] 
2022-05-10T17:19:10.341+0800: 15.202: Total time for which application threads were stopped: 0.0167049 seconds, Stopping threads took: 0.0159111 seconds
2022-05-10T17:19:10.341+0800: 15.202: [CMS-concurrent-mark-start]
2022-05-10T17:19:10.341+0800: 15.202: Application time: 0.0000819 seconds
2022-05-10T17:19:10.341+0800: 15.202: [GC (Allocation Failure) 2022-05-10T17:19:10.341+0800: 15.202: [ParNew: 2731K->8K(153600K), 0.0010411 secs]2022-05-10T17:19:10.342+0800: 15.203: [CMS2022-05-10T17:19:10.374+0800: 15.235: [CMS-concurrent-mark: 0.024/0.033 secs] [Times: user=0.06 sys=0.00, real=0.03 secs] 
 (concurrent mode failure): 207045K->11735K(341376K), 0.0891490 secs] 209776K->11735K(494976K), [Metaspace: 33115K->33115K(1079296K)], 0.0903526 secs] [Times: user=0.13 sys=0.00, real=0.09 secs] 
2022-05-10T17:19:10.431+0800: 15.293: Total time for which application threads were stopped: 0.0905722 seconds, Stopping threads took: 0.0000397 seconds
2022-05-10T17:19:10.446+0800: 15.308: Application time: 0.0152414 seconds
2022-05-10T17:19:10.447+0800: 15.308: [GC (Allocation Failure) 2022-05-10T17:19:10.447+0800: 15.308: [ParNew: 2731K->14K(153600K), 0.0009605 secs]2022-05-10T17:19:10.448+0800: 15.309: [CMS: 207047K->11732K(341376K), 0.0631779 secs] 209779K->11732K(494976K), [Metaspace: 33115K->33115K(1079296K)], 0.0643179 secs] [Times: user=0.06 sys=0.00, real=0.06 secs] 
2022-05-10T17:19:10.511+0800: 15.372: Total time for which application threads were stopped: 0.0645784 seconds, Stopping threads took: 0.0000364 seconds
2022-05-10T17:19:10.511+0800: 15.373: Application time: 0.0000607 seconds
2022-05-10T17:19:10.526+0800: 15.387: [GC (CMS Initial Mark) [1 CMS-initial-mark: 207045K(341376K)] 209776K(494976K), 0.0006814 secs] [Times: user=0.00 sys=0.00, real=0.00 secs] 
2022-05-10T17:19:10.527+0800: 15.388: Total time for which application threads were stopped: 0.0153510 seconds, Stopping threads took: 0.0145244 seconds
2022-05-10T17:19:10.527+0800: 15.388: [CMS-concurrent-mark-start]
2022-05-10T17:19:10.527+0800: 15.388: Application time: 0.0000775 seconds
2022-05-10T17:19:10.527+0800: 15.388: [GC (Allocation Failure) 2022-05-10T17:19:10.527+0800: 15.388: [ParNew: 4097K->2K(153600K), 0.0010864 secs]2022-05-10T17:19:10.528+0800: 15.389: [CMS2022-05-10T17:19:10.556+0800: 15.417: [CMS-concurrent-mark: 0.020/0.030 secs] [Times: user=0.05 sys=0.00, real=0.03 secs] 
 (concurrent mode failure): 207045K->11734K(341376K), 0.1017064 secs] 211142K->11734K(494976K), [Metaspace: 33115K->33115K(1079296K)], 0.1029605 secs] [Times: user=0.11 sys=0.00, real=0.10 secs] 
2022-05-10T17:19:10.630+0800: 15.491: Total time for which application threads were stopped: 0.1032106 seconds, Stopping threads took: 0.0000470 seconds
2022-05-10T17:19:10.647+0800: 15.508: Application time: 0.0169883 seconds
2022-05-10T17:19:10.647+0800: 15.508: [GC (Allocation Failure) 2022-05-10T17:19:10.647+0800: 15.508: [ParNew: 2731K->12K(153600K), 0.0010742 secs]2022-05-10T17:19:10.648+0800: 15.509: [CMS: 207047K->11732K(341376K), 0.0751547 secs] 209778K->11732K(494976K), [Metaspace: 33115K->33115K(1079296K)], 0.0764226 secs] [Times: user=0.13 sys=0.02, real=0.08 secs] 
2022-05-10T17:19:10.724+0800: 15.585: Total time for which application threads were stopped: 0.0766888 seconds, Stopping threads took: 0.0000293 seconds
2022-05-10T17:19:10.724+0800: 15.585: Application time: 0.0000929 seconds
2022-05-10T17:19:10.744+0800: 15.605: [GC (CMS Initial Mark) [1 CMS-initial-mark: 207045K(341376K)] 209776K(494976K), 0.0008498 secs] [Times: user=0.00 sys=0.00, real=0.00 secs] 
2022-05-10T17:19:10.744+0800: 15.606: Total time for which application threads were stopped: 0.0208154 seconds, Stopping threads took: 0.0197886 seconds
2022-05-10T17:19:10.744+0800: 15.606: [CMS-concurrent-mark-start]
2022-05-10T17:19:10.744+0800: 15.606: Application time: 0.0000870 seconds
2022-05-10T17:19:10.744+0800: 15.606: [GC (Allocation Failure) 2022-05-10T17:19:10.744+0800: 15.606: [ParNew: 2731K->2K(153600K), 0.0010759 secs]2022-05-10T17:19:10.746+0800: 15.607: [CMS2022-05-10T17:19:10.778+0800: 15.640: [CMS-concurrent-mark: 0.023/0.034 secs] [Times: user=0.05 sys=0.00, real=0.03 secs] 
 (concurrent mode failure): 207045K->11733K(341376K), 0.1033584 secs] 209776K->11733K(494976K), [Metaspace: 33115K->33115K(1079296K)], 0.1046476 secs] [Times: user=0.11 sys=0.00, real=0.11 secs] 
2022-05-10T17:19:10.849+0800: 15.711: Total time for which application threads were stopped: 0.1049507 seconds, Stopping threads took: 0.0000489 seconds
2022-05-10T17:19:10.866+0800: 15.728: Application time: 0.0166996 seconds
2022-05-10T17:19:10.866+0800: 15.728: [GC (Allocation Failure) 2022-05-10T17:19:10.866+0800: 15.728: [ParNew: 2731K->8K(153600K), 0.0011688 secs]2022-05-10T17:19:10.868+0800: 15.729: [CMS: 207046K->11732K(341376K), 0.0670440 secs] 209777K->11732K(494976K), [Metaspace: 33115K->33115K(1079296K)], 0.0683962 secs] [Times: user=0.16 sys=0.00, real=0.07 secs] 
2022-05-10T17:19:10.935+0800: 15.796: Total time for which application threads were stopped: 0.0686393 seconds, Stopping threads took: 0.0000365 seconds
2022-05-10T17:19:10.935+0800: 15.796: Application time: 0.0000484 seconds
2022-05-10T17:19:10.954+0800: 15.815: [GC (CMS Initial Mark) [1 CMS-initial-mark: 207045K(341376K)] 209776K(494976K), 0.0009054 secs] [Times: user=0.00 sys=0.00, real=0.00 secs] 
2022-05-10T17:19:10.955+0800: 15.816: Total time for which application threads were stopped: 0.0199115 seconds, Stopping threads took: 0.0188064 seconds
2022-05-10T17:19:10.955+0800: 15.816: [CMS-concurrent-mark-start]
2022-05-10T17:19:10.955+0800: 15.816: Application time: 0.0001094 seconds
2022-05-10T17:19:10.955+0800: 15.816: [GC (Allocation Failure) 2022-05-10T17:19:10.955+0800: 15.816: [ParNew: 2731K->6K(153600K), 0.0011443 secs]2022-05-10T17:19:10.956+0800: 15.818: [CMS2022-05-10T17:19:10.979+0800: 15.841: [CMS-concurrent-mark: 0.023/0.025 secs] [Times: user=0.06 sys=0.00, real=0.02 secs] 
 (concurrent mode failure): 207045K->11735K(341376K), 0.1120653 secs] 209776K->11735K(494976K), [Metaspace: 33115K->33115K(1079296K)], 0.1134633 secs] [Times: user=0.14 sys=0.00, real=0.11 secs] 
2022-05-10T17:19:11.069+0800: 15.930: Total time for which application threads were stopped: 0.1137741 seconds, Stopping threads took: 0.0000488 seconds
2022-05-10T17:19:11.091+0800: 15.952: Application time: 0.0223443 seconds
2022-05-10T17:19:11.091+0800: 15.953: [GC (Allocation Failure) 2022-05-10T17:19:11.091+0800: 15.953: [ParNew: 2731K->12K(153600K), 0.0011564 secs]2022-05-10T17:19:11.093+0800: 15.954: [CMS: 207047K->11732K(341376K), 0.0789658 secs] 209779K->11732K(494976K), [Metaspace: 33115K->33115K(1079296K)], 0.0803250 secs] [Times: user=0.08 sys=0.00, real=0.08 secs] 
2022-05-10T17:19:11.172+0800: 16.033: Total time for which application threads were stopped: 0.0805871 seconds, Stopping threads took: 0.0000360 seconds
2022-05-10T17:19:11.172+0800: 16.033: Application time: 0.0000571 seconds
2022-05-10T17:19:11.186+0800: 16.048: [GC (CMS Initial Mark) [1 CMS-initial-mark: 207045K(341376K)] 209776K(494976K), 0.0007449 secs] [Times: user=0.00 sys=0.00, real=0.00 secs] 
2022-05-10T17:19:11.188+0800: 16.049: Total time for which application threads were stopped: 0.0162084 seconds, Stopping threads took: 0.0153278 seconds
2022-05-10T17:19:11.188+0800: 16.049: [CMS-concurrent-mark-start]
2022-05-10T17:19:11.188+0800: 16.049: Application time: 0.0000840 seconds
2022-05-10T17:19:11.188+0800: 16.049: [GC (Allocation Failure) 2022-05-10T17:19:11.188+0800: 16.050: [ParNew: 2731K->8K(153600K), 0.0009891 secs]2022-05-10T17:19:11.189+0800: 16.051: [CMS2022-05-10T17:19:11.207+0800: 16.069: [CMS-concurrent-mark: 0.018/0.019 secs] [Times: user=0.03 sys=0.00, real=0.02 secs] 
 (concurrent mode failure): 207045K->11735K(341376K), 0.0765243 secs] 209776K->11735K(494976K), [Metaspace: 33115K->33115K(1079296K)], 0.0776893 secs] [Times: user=0.09 sys=0.00, real=0.08 secs] 
2022-05-10T17:19:11.266+0800: 16.127: Total time for which application threads were stopped: 0.0779375 seconds, Stopping threads took: 0.0000493 seconds
2022-05-10T17:19:11.282+0800: 16.143: Application time: 0.0156645 seconds
2022-05-10T17:19:11.282+0800: 16.143: [GC (Allocation Failure) 2022-05-10T17:19:11.282+0800: 16.143: [ParNew: 2731K->12K(153600K), 0.0010586 secs]2022-05-10T17:19:11.283+0800: 16.144: [CMS: 207047K->11732K(341376K), 0.0571265 secs] 209779K->11732K(494976K), [Metaspace: 33115K->33115K(1079296K)], 0.0583531 secs] [Times: user=0.06 sys=0.00, real=0.06 secs] 
2022-05-10T17:19:11.340+0800: 16.202: Total time for which application threads were stopped: 0.0585749 seconds, Stopping threads took: 0.0000309 seconds
2022-05-10T17:19:11.340+0800: 16.202: Application time: 0.0000636 seconds
2022-05-10T17:19:11.357+0800: 16.219: [GC (CMS Initial Mark) [1 CMS-initial-mark: 207045K(341376K)] 209776K(494976K), 0.0007329 secs] [Times: user=0.00 sys=0.00, real=0.00 secs] 
2022-05-10T17:19:11.358+0800: 16.220: Total time for which application threads were stopped: 0.0182537 seconds, Stopping threads took: 0.0173911 seconds
2022-05-10T17:19:11.358+0800: 16.220: [CMS-concurrent-mark-start]
2022-05-10T17:19:11.358+0800: 16.220: Application time: 0.0001716 seconds
2022-05-10T17:19:11.358+0800: 16.220: [GC (Allocation Failure) 2022-05-10T17:19:11.358+0800: 16.220: [ParNew: 2731K->8K(153600K), 0.0011104 secs]2022-05-10T17:19:11.360+0800: 16.221: [CMS2022-05-10T17:19:11.388+0800: 16.250: [CMS-concurrent-mark: 0.025/0.030 secs] [Times: user=0.06 sys=0.00, real=0.03 secs] 
 (concurrent mode failure): 207045K->11734K(341376K), 0.0838310 secs] 209776K->11734K(494976K), [Metaspace: 33115K->33115K(1079296K)], 0.0851169 secs] [Times: user=0.11 sys=0.00, real=0.09 secs] 
2022-05-10T17:19:11.444+0800: 16.305: Total time for which application threads were stopped: 0.0853229 seconds, Stopping threads took: 0.0000246 seconds
2022-05-10T17:19:11.458+0800: 16.320: Application time: 0.0144910 seconds
2022-05-10T17:19:11.458+0800: 16.320: [GC (Allocation Failure) 2022-05-10T17:19:11.458+0800: 16.320: [ParNew: 2731K->16K(153600K), 0.0012697 secs]2022-05-10T17:19:11.460+0800: 16.321: [CMS: 207047K->11732K(341376K), 0.0546272 secs] 209778K->11732K(494976K), [Metaspace: 33115K->33115K(1079296K)], 0.0560836 secs] [Times: user=0.05 sys=0.00, real=0.06 secs] 
2022-05-10T17:19:11.515+0800: 16.376: Total time for which application threads were stopped: 0.0563299 seconds, Stopping threads took: 0.0000283 seconds
2022-05-10T17:19:11.515+0800: 16.376: Application time: 0.0000814 seconds
2022-05-10T17:19:11.528+0800: 16.390: [GC (CMS Initial Mark) [1 CMS-initial-mark: 207045K(341376K)] 209776K(494976K), 0.0007694 secs] [Times: user=0.00 sys=0.00, real=0.00 secs] 
2022-05-10T17:19:11.529+0800: 16.391: Total time for which application threads were stopped: 0.0144758 seconds, Stopping threads took: 0.0135909 seconds
2022-05-10T17:19:11.529+0800: 16.391: [CMS-concurrent-mark-start]
2022-05-10T17:19:11.529+0800: 16.391: Application time: 0.0001269 seconds
2022-05-10T17:19:11.529+0800: 16.391: [GC (Allocation Failure) 2022-05-10T17:19:11.529+0800: 16.391: [ParNew: 2731K->10K(153600K), 0.0009962 secs]2022-05-10T17:19:11.530+0800: 16.392: [CMS2022-05-10T17:19:11.557+0800: 16.418: [CMS-concurrent-mark: 0.021/0.027 secs] [Times: user=0.06 sys=0.00, real=0.03 secs] 
 (concurrent mode failure): 207045K->11734K(341376K), 0.0842249 secs] 209776K->11734K(494976K), [Metaspace: 33115K->33115K(1079296K)], 0.0853654 secs] [Times: user=0.11 sys=0.00, real=0.09 secs] 
2022-05-10T17:19:11.615+0800: 16.476: Total time for which application threads were stopped: 0.0855606 seconds, Stopping threads took: 0.0000292 seconds
2022-05-10T17:19:11.632+0800: 16.494: Application time: 0.0171000 seconds
2022-05-10T17:19:11.632+0800: 16.494: [GC (Allocation Failure) 2022-05-10T17:19:11.632+0800: 16.494: [ParNew: 4097K->16K(153600K), 0.0012354 secs]2022-05-10T17:19:11.634+0800: 16.495: [CMS: 207047K->11732K(341376K), 0.0797517 secs] 211144K->11732K(494976K), [Metaspace: 33115K->33115K(1079296K)], 0.0811788 secs] [Times: user=0.20 sys=0.00, real=0.08 secs] 
2022-05-10T17:19:11.714+0800: 16.575: Total time for which application threads were stopped: 0.0814266 seconds, Stopping threads took: 0.0000287 seconds
2022-05-10T17:19:11.714+0800: 16.575: Application time: 0.0000693 seconds
2022-05-10T17:19:11.732+0800: 16.594: [GC (CMS Initial Mark) [1 CMS-initial-mark: 207045K(341376K)] 209776K(494976K), 0.0009601 secs] [Times: user=0.00 sys=0.00, real=0.00 secs] 
2022-05-10T17:19:11.734+0800: 16.595: Total time for which application threads were stopped: 0.0198944 seconds, Stopping threads took: 0.0187266 seconds
2022-05-10T17:19:11.734+0800: 16.595: [CMS-concurrent-mark-start]
2022-05-10T17:19:11.734+0800: 16.595: Application time: 0.0002322 seconds
2022-05-10T17:19:11.734+0800: 16.595: [GC (Allocation Failure) 2022-05-10T17:19:11.734+0800: 16.595: [ParNew: 2731K->2K(153600K), 0.0011072 secs]2022-05-10T17:19:11.735+0800: 16.596: [CMS2022-05-10T17:19:11.766+0800: 16.627: [CMS-concurrent-mark: 0.028/0.032 secs] [Times: user=0.06 sys=0.00, real=0.03 secs] 
 (concurrent mode failure): 207045K->11733K(341376K), 0.1191278 secs] 209776K->11733K(494976K), [Metaspace: 33115K->33115K(1079296K)], 0.1204193 secs] [Times: user=0.16 sys=0.00, real=0.12 secs] 
2022-05-10T17:19:11.855+0800: 16.716: Total time for which application threads were stopped: 0.1206960 seconds, Stopping threads took: 0.0000455 seconds
2022-05-10T17:19:11.878+0800: 16.739: Application time: 0.0233777 seconds
2022-05-10T17:19:11.878+0800: 16.740: [GC (Allocation Failure) 2022-05-10T17:19:11.878+0800: 16.740: [ParNew: 2731K->2K(153600K), 0.0012372 secs]2022-05-10T17:19:11.880+0800: 16.741: [CMS: 207046K->11732K(341376K), 0.0761772 secs] 209777K->11732K(494976K), [Metaspace: 33115K->33115K(1079296K)], 0.0780633 secs] [Times: user=0.08 sys=0.00, real=0.08 secs] 
2022-05-10T17:19:11.956+0800: 16.818: Total time for which application threads were stopped: 0.0787295 seconds, Stopping threads took: 0.0001230 seconds
2022-05-10T17:19:11.957+0800: 16.818: Application time: 0.0004718 seconds
2022-05-10T17:19:11.976+0800: 16.838: [GC (CMS Initial Mark) [1 CMS-initial-mark: 207045K(341376K)] 209776K(494976K), 0.0008049 secs] [Times: user=0.00 sys=0.00, real=0.00 secs] 
2022-05-10T17:19:11.977+0800: 16.839: Total time for which application threads were stopped: 0.0205978 seconds, Stopping threads took: 0.0196307 seconds
2022-05-10T17:19:11.977+0800: 16.839: [CMS-concurrent-mark-start]
2022-05-10T17:19:11.977+0800: 16.839: Application time: 0.0000908 seconds
2022-05-10T17:19:11.978+0800: 16.839: [GC (Allocation Failure) 2022-05-10T17:19:11.978+0800: 16.839: [ParNew: 2731K->6K(153600K), 0.0012044 secs]2022-05-10T17:19:11.979+0800: 16.841: [CMS2022-05-10T17:19:12.015+0800: 16.877: [CMS-concurrent-mark: 0.029/0.038 secs] [Times: user=0.05 sys=0.00, real=0.04 secs] 
 (concurrent mode failure): 207045K->11735K(341376K), 0.1203194 secs] 209776K->11735K(494976K), [Metaspace: 33115K->33115K(1079296K)], 0.1217036 secs] [Times: user=0.13 sys=0.00, real=0.12 secs] 
2022-05-10T17:19:12.100+0800: 16.961: Total time for which application threads were stopped: 0.1219378 seconds, Stopping threads took: 0.0000437 seconds
2022-05-10T17:19:12.121+0800: 16.982: Application time: 0.0207643 seconds
2022-05-10T17:19:12.121+0800: 16.982: [GC (Allocation Failure) 2022-05-10T17:19:12.121+0800: 16.982: [ParNew: 2731K->12K(153600K), 0.0011446 secs]2022-05-10T17:19:12.122+0800: 16.983: [CMS: 207047K->11732K(341376K), 0.0748680 secs] 209779K->11732K(494976K), [Metaspace: 33115K->33115K(1079296K)], 0.0762331 secs] [Times: user=0.08 sys=0.00, real=0.08 secs] 
2022-05-10T17:19:12.197+0800: 17.058: Total time for which application threads were stopped: 0.0765285 seconds, Stopping threads took: 0.0000349 seconds
2022-05-10T17:19:12.198+0800: 17.059: Application time: 0.0000817 seconds
2022-05-10T17:19:12.216+0800: 17.078: [GC (CMS Initial Mark) [1 CMS-initial-mark: 207045K(341376K)] 209776K(494976K), 0.0006937 secs] [Times: user=0.00 sys=0.00, real=0.00 secs] 
2022-05-10T17:19:12.217+0800: 17.078: Total time for which application threads were stopped: 0.0199275 seconds, Stopping threads took: 0.0190749 seconds
2022-05-10T17:19:12.217+0800: 17.078: [CMS-concurrent-mark-start]
2022-05-10T17:19:12.217+0800: 17.079: Application time: 0.0000995 seconds
2022-05-10T17:19:12.217+0800: 17.079: [GC (Allocation Failure) 2022-05-10T17:19:12.217+0800: 17.079: [ParNew: 2731K->4K(153600K), 0.0012966 secs]2022-05-10T17:19:12.219+0800: 17.080: [CMS2022-05-10T17:19:12.256+0800: 17.118: [CMS-concurrent-mark: 0.024/0.039 secs] [Times: user=0.03 sys=0.00, real=0.04 secs] 
 (concurrent mode failure): 207045K->11734K(341376K), 0.1279093 secs] 209776K->11734K(494976K), [Metaspace: 33115K->33115K(1079296K)], 0.1294266 secs] [Times: user=0.13 sys=0.00, real=0.13 secs] 
2022-05-10T17:19:12.347+0800: 17.208: Total time for which application threads were stopped: 0.1297375 seconds, Stopping threads took: 0.0000540 seconds
2022-05-10T17:19:12.368+0800: 17.229: Application time: 0.0211633 seconds
2022-05-10T17:19:12.368+0800: 17.230: [GC (Allocation Failure) 2022-05-10T17:19:12.368+0800: 17.230: [ParNew: 2731K->14K(153600K), 0.0011922 secs]2022-05-10T17:19:12.370+0800: 17.231: [CMS: 207047K->11732K(341376K), 0.0761654 secs] 209778K->11732K(494976K), [Metaspace: 33115K->33115K(1079296K)], 0.0775948 secs] [Times: user=0.08 sys=0.00, real=0.08 secs] 
2022-05-10T17:19:12.445+0800: 17.307: Total time for which application threads were stopped: 0.0779031 seconds, Stopping threads took: 0.0000414 seconds
2022-05-10T17:19:12.446+0800: 17.307: Application time: 0.0000800 seconds
2022-05-10T17:19:12.464+0800: 17.326: [GC (CMS Initial Mark) [1 CMS-initial-mark: 207045K(341376K)] 209776K(494976K), 0.0008083 secs] [Times: user=0.00 sys=0.00, real=0.00 secs] 
2022-05-10T17:19:12.465+0800: 17.327: Total time for which application threads were stopped: 0.0194195 seconds, Stopping threads took: 0.0184580 seconds
2022-05-10T17:19:12.465+0800: 17.327: [CMS-concurrent-mark-start]
2022-05-10T17:19:12.465+0800: 17.327: Application time: 0.0000895 seconds
2022-05-10T17:19:12.465+0800: 17.327: [GC (Allocation Failure) 2022-05-10T17:19:12.465+0800: 17.327: [ParNew: 2731K->6K(153600K), 0.0012552 secs]2022-05-10T17:19:12.467+0800: 17.328: [CMS2022-05-10T17:19:12.492+0800: 17.354: [CMS-concurrent-mark: 0.025/0.027 secs] [Times: user=0.06 sys=0.00, real=0.03 secs] 
 (concurrent mode failure): 207045K->11734K(341376K), 0.1368717 secs] 209777K->11734K(494976K), [Metaspace: 33115K->33115K(1079296K)], 0.1387745 secs] [Times: user=0.14 sys=0.00, real=0.14 secs] 
2022-05-10T17:19:12.605+0800: 17.466: Total time for which application threads were stopped: 0.1393813 seconds, Stopping threads took: 0.0000525 seconds
2022-05-10T17:19:12.628+0800: 17.490: Application time: 0.0236913 seconds
2022-05-10T17:19:12.629+0800: 17.490: [GC (Allocation Failure) 2022-05-10T17:19:12.629+0800: 17.490: [ParNew: 4097K->16K(153600K), 0.0015888 secs]2022-05-10T17:19:12.631+0800: 17.492: [CMS: 207047K->11732K(341376K), 0.1080553 secs] 211144K->11732K(494976K), [Metaspace: 33115K->33115K(1079296K)], 0.1099304 secs] [Times: user=0.09 sys=0.00, real=0.11 secs] 
2022-05-10T17:19:12.739+0800: 17.600: Total time for which application threads were stopped: 0.1102896 seconds, Stopping threads took: 0.0000438 seconds
2022-05-10T17:19:12.743+0800: 17.604: Application time: 0.0037072 seconds
2022-05-10T17:19:12.768+0800: 17.630: [GC (CMS Initial Mark) [1 CMS-initial-mark: 207045K(341376K)] 209776K(494976K), 0.0018295 secs] [Times: user=0.00 sys=0.00, real=0.00 secs] 
2022-05-10T17:19:12.770+0800: 17.632: Total time for which application threads were stopped: 0.0275075 seconds, Stopping threads took: 0.0254600 seconds
2022-05-10T17:19:12.770+0800: 17.632: [CMS-concurrent-mark-start]
2022-05-10T17:19:12.771+0800: 17.633: Application time: 0.0012379 seconds
2022-05-10T17:19:12.772+0800: 17.634: [GC (Allocation Failure) 2022-05-10T17:19:12.772+0800: 17.634: [ParNew: 2731K->16K(153600K), 0.0023265 secs]2022-05-10T17:19:12.774+0800: 17.636: [CMS2022-05-10T17:19:12.806+0800: 17.668: [CMS-concurrent-mark: 0.029/0.036 secs] [Times: user=0.11 sys=0.00, real=0.04 secs] 
 (concurrent mode failure): 207045K->11746K(341376K), 0.1427722 secs] 209776K->11746K(494976K), [Metaspace: 33115K->33115K(1079296K)], 0.1454264 secs] [Times: user=0.22 sys=0.00, real=0.14 secs] 
2022-05-10T17:19:12.917+0800: 17.779: Total time for which application threads were stopped: 0.1462915 seconds, Stopping threads took: 0.0005030 seconds
2022-05-10T17:19:12.953+0800: 17.814: Application time: 0.0350655 seconds
2022-05-10T17:19:12.953+0800: 17.815: [GC (Allocation Failure) 2022-05-10T17:19:12.953+0800: 17.815: [ParNew: 2731K->6K(153600K), 0.0027205 secs]2022-05-10T17:19:12.956+0800: 17.817: [CMS: 207058K->11732K(341376K), 0.1091021 secs] 209790K->11732K(494976K), [Metaspace: 33115K->33115K(1079296K)], 0.1120954 secs] [Times: user=0.08 sys=0.00, real=0.11 secs] 
2022-05-10T17:19:13.066+0800: 17.927: Total time for which application threads were stopped: 0.1126642 seconds, Stopping threads took: 0.0000365 seconds
2022-05-10T17:19:13.086+0800: 17.948: Application time: 0.0206649 seconds
2022-05-10T17:19:13.142+0800: 18.003: [GC (CMS Initial Mark) [1 CMS-initial-mark: 207045K(341376K)] 209776K(494976K), 0.0008430 secs] [Times: user=0.00 sys=0.00, real=0.00 secs] 
2022-05-10T17:19:13.143+0800: 18.004: Total time for which application threads were stopped: 0.0565881 seconds, Stopping threads took: 0.0555520 seconds
2022-05-10T17:19:13.143+0800: 18.004: [CMS-concurrent-mark-start]
2022-05-10T17:19:13.146+0800: 18.007: Application time: 0.0027504 seconds
2022-05-10T17:19:13.146+0800: 18.007: [GC (Allocation Failure) 2022-05-10T17:19:13.146+0800: 18.007: [ParNew: 2731K->6K(153600K), 0.0016015 secs]2022-05-10T17:19:13.148+0800: 18.009: [CMS2022-05-10T17:19:13.177+0800: 18.038: [CMS-concurrent-mark: 0.030/0.034 secs] [Times: user=0.03 sys=0.00, real=0.03 secs] 
 (concurrent mode failure): 207045K->11736K(341376K), 0.1390701 secs] 209776K->11736K(494976K), [Metaspace: 33115K->33115K(1079296K)], 0.1409419 secs] [Times: user=0.14 sys=0.00, real=0.14 secs] 
2022-05-10T17:19:13.287+0800: 18.148: Total time for which application threads were stopped: 0.1413099 seconds, Stopping threads took: 0.0000595 seconds
2022-05-10T17:19:13.352+0800: 18.213: Application time: 0.0646588 seconds
2022-05-10T17:19:13.352+0800: 18.213: [GC (Allocation Failure) 2022-05-10T17:19:13.352+0800: 18.213: [ParNew: 2731K->12K(153600K), 0.0137102 secs]2022-05-10T17:19:13.366+0800: 18.227: [CMS: 207049K->11732K(341376K), 0.0993451 secs] 209780K->11732K(494976K), [Metaspace: 33115K->33115K(1079296K)], 0.1132983 secs] [Times: user=0.11 sys=0.00, real=0.11 secs] 
2022-05-10T17:19:13.465+0800: 18.327: Total time for which application threads were stopped: 0.1136566 seconds, Stopping threads took: 0.0000438 seconds
2022-05-10T17:19:13.465+0800: 18.327: Application time: 0.0001650 seconds
2022-05-10T17:19:13.496+0800: 18.358: [GC (CMS Initial Mark) [1 CMS-initial-mark: 207045K(341376K)] 207045K(494976K), 0.0008329 secs] [Times: user=0.00 sys=0.00, real=0.00 secs] 
2022-05-10T17:19:13.498+0800: 18.359: Total time for which application threads were stopped: 0.0321177 seconds, Stopping threads took: 0.0311153 seconds
2022-05-10T17:19:13.498+0800: 18.359: [CMS-concurrent-mark-start]
2022-05-10T17:19:13.498+0800: 18.359: Application time: 0.0001279 seconds
2022-05-10T17:19:13.498+0800: 18.359: [GC (Allocation Failure) 2022-05-10T17:19:13.498+0800: 18.359: [ParNew: 0K->0K(153600K), 0.0023729 secs]2022-05-10T17:19:13.500+0800: 18.362: [CMS2022-05-10T17:19:13.536+0800: 18.398: [CMS-concurrent-mark: 0.030/0.039 secs] [Times: user=0.06 sys=0.00, real=0.04 secs] 
 (concurrent mode failure): 207045K->11732K(341376K), 0.1630092 secs] 207045K->11732K(494976K), [Metaspace: 33115K->33115K(1079296K)], 0.1656488 secs] [Times: user=0.17 sys=0.00, real=0.17 secs] 
2022-05-10T17:19:13.664+0800: 18.525: Total time for which application threads were stopped: 0.1659576 seconds, Stopping threads took: 0.0000225 seconds
2022-05-10T17:19:13.745+0800: 18.607: Application time: 0.0816827 seconds
2022-05-10T17:19:13.745+0800: 18.607: [GC (Allocation Failure) 2022-05-10T17:19:13.745+0800: 18.607: [ParNew: 0K->0K(153600K), 0.0017492 secs]2022-05-10T17:19:13.747+0800: 18.609: [CMS: 207045K->11732K(341376K), 0.1441227 secs] 207045K->11732K(494976K), [Metaspace: 33115K->33115K(1079296K)], 0.1461165 secs] [Times: user=0.09 sys=0.00, real=0.15 secs] 
2022-05-10T17:19:13.891+0800: 18.753: Total time for which application threads were stopped: 0.1464447 seconds, Stopping threads took: 0.0000332 seconds
2022-05-10T17:19:13.959+0800: 18.821: Application time: 0.0677824 seconds
2022-05-10T17:19:14.050+0800: 18.911: [GC (CMS Initial Mark) [1 CMS-initial-mark: 207045K(341376K)] 207045K(494976K), 0.0010448 secs] [Times: user=0.00 sys=0.00, real=0.00 secs] 
2022-05-10T17:19:14.051+0800: 18.912: Total time for which application threads were stopped: 0.0913564 seconds, Stopping threads took: 0.0901214 seconds
2022-05-10T17:19:14.051+0800: 18.912: [CMS-concurrent-mark-start]
2022-05-10T17:19:14.081+0800: 18.943: [CMS-concurrent-mark: 0.031/0.031 secs] [Times: user=0.06 sys=0.00, real=0.03 secs] 
2022-05-10T17:19:14.081+0800: 18.943: [CMS-concurrent-preclean-start]
2022-05-10T17:19:14.084+0800: 18.945: [CMS-concurrent-preclean: 0.002/0.002 secs] [Times: user=0.00 sys=0.00, real=0.00 secs] 
2022-05-10T17:19:14.098+0800: 18.959: Application time: 0.0472691 seconds
2022-05-10T17:19:14.098+0800: 18.960: [GC (CMS Final Remark) [YG occupancy: 0 K (153600 K)]2022-05-10T17:19:14.098+0800: 18.960: [Rescan (parallel) , 0.0043721 secs]2022-05-10T17:19:14.103+0800: 18.964: [weak refs processing, 0.0000872 secs]2022-05-10T17:19:14.103+0800: 18.964: [class unloading, 0.0061082 secs]2022-05-10T17:19:14.109+0800: 18.970: [scrub symbol table, 0.0126595 secs]2022-05-10T17:19:14.122+0800: 18.983: [scrub string table, 0.0010664 secs][1 CMS-remark: 207045K(341376K)] 207045K(494976K), 0.0246104 secs] [Times: user=0.01 sys=0.00, real=0.02 secs] 
2022-05-10T17:19:14.123+0800: 18.984: Total time for which application threads were stopped: 0.0248270 seconds, Stopping threads took: 0.0000520 seconds
2022-05-10T17:19:14.151+0800: 19.013: [CMS-concurrent-sweep-start]
2022-05-10T17:19:14.153+0800: 19.014: Application time: 0.0300640 seconds
2022-05-10T17:19:14.153+0800: 19.015: [GC (Allocation Failure) 2022-05-10T17:19:14.153+0800: 19.015: [ParNew: 3414K->16K(153600K), 0.0020703 secs]2022-05-10T17:19:14.156+0800: 19.017: [CMS2022-05-10T17:19:14.165+0800: 19.027: [CMS-concurrent-sweep: 0.011/0.014 secs] [Times: user=0.02 sys=0.00, real=0.01 secs] 
 (concurrent mode failure): 207045K->11743K(341376K), 0.1734416 secs] 210459K->11743K(494976K), [Metaspace: 33115K->33115K(1079296K)], 0.1757742 secs] [Times: user=0.09 sys=0.00, real=0.18 secs] 
2022-05-10T17:19:14.329+0800: 19.191: Total time for which application threads were stopped: 0.1761573 seconds, Stopping threads took: 0.0000792 seconds
2022-05-10T17:19:14.396+0800: 19.258: Application time: 0.0675655 seconds
2022-05-10T17:19:14.396+0800: 19.258: [GC (Allocation Failure) 2022-05-10T17:19:14.396+0800: 19.258: [ParNew: 4438K->10K(153600K), 0.0015730 secs]2022-05-10T17:19:14.399+0800: 19.260: [CMS: 207055K->11732K(341376K), 0.1747040 secs] 211494K->11732K(494976K), [Metaspace: 33116K->33116K(1079296K)], 0.1775518 secs] [Times: user=0.17 sys=0.00, real=0.18 secs] 
2022-05-10T17:19:14.576+0800: 19.437: Total time for which application threads were stopped: 0.1788967 seconds, Stopping threads took: 0.0000483 seconds
2022-05-10T17:19:14.579+0800: 19.440: Application time: 0.0026763 seconds
2022-05-10T17:19:14.653+0800: 19.515: [GC (CMS Initial Mark) [1 CMS-initial-mark: 207045K(341376K)] 207045K(494976K), 0.0010971 secs] [Times: user=0.00 sys=0.00, real=0.00 secs] 
2022-05-10T17:19:14.655+0800: 19.516: Total time for which application threads were stopped: 0.0761997 seconds, Stopping threads took: 0.0748768 seconds
2022-05-10T17:19:14.655+0800: 19.516: [CMS-concurrent-mark-start]
2022-05-10T17:19:14.673+0800: 19.535: Application time: 0.0188484 seconds
2022-05-10T17:19:14.850+0800: 19.711: [GC (Allocation Failure) 2022-05-10T17:19:14.850+0800: 19.711: [ParNew: 2731K->6K(153600K), 0.0116834 secs]2022-05-10T17:19:14.862+0800: 19.723: [CMS2022-05-10T17:19:14.888+0800: 19.749: [CMS-concurrent-mark: 0.044/0.233 secs] [Times: user=0.14 sys=0.00, real=0.23 secs] 
 (concurrent mode failure): 207045K->11734K(341376K), 0.1425499 secs] 209777K->11734K(494976K), [Metaspace: 33116K->33116K(1079296K)], 0.1545673 secs] [Times: user=0.23 sys=0.00, real=0.16 secs] 
2022-05-10T17:19:15.005+0800: 19.866: Total time for which application threads were stopped: 0.3311557 seconds, Stopping threads took: 0.1762551 seconds
2022-05-10T17:19:15.030+0800: 19.891: Application time: 0.0253482 seconds
2022-05-10T17:19:15.030+0800: 19.892: [GC (Allocation Failure) 2022-05-10T17:19:15.030+0800: 19.892: [ParNew: 0K->0K(153600K), 0.0016988 secs]2022-05-10T17:19:15.032+0800: 19.893: [CMS: 207046K->11734K(341376K), 0.1011521 secs] 207046K->11734K(494976K), [Metaspace: 33116K->33116K(1079296K)], 0.1031225 secs] [Times: user=0.11 sys=0.00, real=0.10 secs] 
2022-05-10T17:19:15.134+0800: 19.995: Total time for which application threads were stopped: 0.1034714 seconds, Stopping threads took: 0.0000337 seconds
2022-05-10T17:19:15.134+0800: 19.995: Application time: 0.0002935 seconds
2022-05-10T17:19:15.158+0800: 20.020: [GC (CMS Initial Mark) [1 CMS-initial-mark: 207046K(341376K)] 207046K(494976K), 0.0008494 secs] [Times: user=0.00 sys=0.00, real=0.00 secs] 
2022-05-10T17:19:15.160+0800: 20.021: Total time for which application threads were stopped: 0.0258935 seconds, Stopping threads took: 0.0248754 seconds
2022-05-10T17:19:15.160+0800: 20.021: [CMS-concurrent-mark-start]
2022-05-10T17:19:15.182+0800: 20.043: Application time: 0.0216597 seconds
2022-05-10T17:19:15.185+0800: 20.047: [GC (Allocation Failure) 2022-05-10T17:19:15.185+0800: 20.047: [ParNew: 3072K->10K(153600K), 0.0016245 secs]2022-05-10T17:19:15.187+0800: 20.048: [CMS2022-05-10T17:19:15.197+0800: 20.059: [CMS-concurrent-mark: 0.032/0.038 secs] [Times: user=0.08 sys=0.00, real=0.04 secs] 
 (concurrent mode failure): 207046K->11736K(341376K), 0.1098481 secs] 210119K->11736K(494976K), [Metaspace: 33118K->33118K(1079296K)], 0.1117340 secs] [Times: user=0.13 sys=0.00, real=0.11 secs] 
2022-05-10T17:19:15.297+0800: 20.159: Total time for which application threads were stopped: 0.1157893 seconds, Stopping threads took: 0.0037488 seconds
2022-05-10T17:19:15.322+0800: 20.184: Application time: 0.0257291 seconds
2022-05-10T17:19:15.323+0800: 20.184: [GC (Allocation Failure) 2022-05-10T17:19:15.323+0800: 20.185: [ParNew: 2731K->4K(153600K), 0.0018738 secs]2022-05-10T17:19:15.325+0800: 20.186: [CMS: 207049K->11733K(341376K), 0.0989328 secs] 209780K->11733K(494976K), [Metaspace: 33118K->33118K(1079296K)], 0.1010820 secs] [Times: user=0.09 sys=0.00, real=0.10 secs] 
2022-05-10T17:19:15.425+0800: 20.286: Total time for which application threads were stopped: 0.1014327 seconds, Stopping threads took: 0.0000511 seconds
2022-05-10T17:19:15.425+0800: 20.286: Application time: 0.0003695 seconds
2022-05-10T17:19:15.448+0800: 20.310: [GC (CMS Initial Mark) [1 CMS-initial-mark: 207046K(341376K)] 211143K(494976K), 0.0008674 secs] [Times: user=0.00 sys=0.00, real=0.00 secs] 
2022-05-10T17:19:15.449+0800: 20.311: Total time for which application threads were stopped: 0.0245178 seconds, Stopping threads took: 0.0234670 seconds
2022-05-10T17:19:15.449+0800: 20.311: [CMS-concurrent-mark-start]
2022-05-10T17:19:15.449+0800: 20.311: Application time: 0.0001367 seconds
2022-05-10T17:19:15.450+0800: 20.311: [GC (Allocation Failure) 2022-05-10T17:19:15.450+0800: 20.311: [ParNew: 4097K->16K(153600K), 0.0013776 secs]2022-05-10T17:19:15.451+0800: 20.312: [CMS2022-05-10T17:19:15.482+0800: 20.344: [CMS-concurrent-mark: 0.031/0.033 secs] [Times: user=0.06 sys=0.00, real=0.03 secs] 
 (concurrent mode failure): 207046K->11741K(341376K), 0.1348729 secs] 211143K->11741K(494976K), [Metaspace: 33118K->33118K(1079296K)], 0.1365194 secs] [Times: user=0.16 sys=0.00, real=0.14 secs] 
2022-05-10T17:19:15.586+0800: 20.448: Total time for which application threads were stopped: 0.1368299 seconds, Stopping threads took: 0.0000284 seconds
2022-05-10T17:19:15.609+0800: 20.471: Application time: 0.0232933 seconds
2022-05-10T17:19:15.610+0800: 20.471: [GC (Allocation Failure) 2022-05-10T17:19:15.610+0800: 20.471: [ParNew: 2731K->8K(153600K), 0.0012354 secs]2022-05-10T17:19:15.611+0800: 20.472: [CMS: 207054K->11733K(341376K), 0.0971708 secs] 209785K->11733K(494976K), [Metaspace: 33120K->33120K(1079296K)], 0.0986641 secs] [Times: user=0.09 sys=0.00, real=0.10 secs] 
2022-05-10T17:19:15.709+0800: 20.570: Total time for which application threads were stopped: 0.0989979 seconds, Stopping threads took: 0.0000413 seconds
2022-05-10T17:19:15.709+0800: 20.570: Application time: 0.0001750 seconds
2022-05-10T17:19:15.730+0800: 20.591: [GC (CMS Initial Mark) [1 CMS-initial-mark: 207046K(341376K)] 209777K(494976K), 0.0007913 secs] [Times: user=0.00 sys=0.00, real=0.00 secs] 
2022-05-10T17:19:15.730+0800: 20.592: Total time for which application threads were stopped: 0.0220050 seconds, Stopping threads took: 0.0210225 seconds
2022-05-10T17:19:15.730+0800: 20.592: [CMS-concurrent-mark-start]
2022-05-10T17:19:15.731+0800: 20.592: Application time: 0.0001559 seconds
2022-05-10T17:19:15.731+0800: 20.592: [GC (Allocation Failure) 2022-05-10T17:19:15.731+0800: 20.592: [ParNew: 2731K->2K(153600K), 0.0011824 secs]2022-05-10T17:19:15.733+0800: 20.594: [CMS2022-05-10T17:19:15.771+0800: 20.632: [CMS-concurrent-mark: 0.027/0.040 secs] [Times: user=0.03 sys=0.00, real=0.04 secs] 
 (concurrent mode failure): 207046K->11733K(341376K), 0.1303744 secs] 209777K->11733K(494976K), [Metaspace: 33120K->33120K(1079296K)], 0.1317861 secs] [Times: user=0.13 sys=0.00, real=0.13 secs] 
2022-05-10T17:19:15.863+0800: 20.724: Total time for which application threads were stopped: 0.1321083 seconds, Stopping threads took: 0.0000299 seconds
2022-05-10T17:19:15.889+0800: 20.750: Application time: 0.0257921 seconds
2022-05-10T17:19:15.889+0800: 20.750: [GC (Allocation Failure) 2022-05-10T17:19:15.889+0800: 20.750: [ParNew: 2731K->4K(153600K), 0.0014681 secs]2022-05-10T17:19:15.891+0800: 20.752: [CMS: 207046K->11733K(341376K), 0.0701534 secs] 209777K->11733K(494976K), [Metaspace: 33120K->33120K(1079296K)], 0.0718271 secs] [Times: user=0.08 sys=0.00, real=0.07 secs] 
2022-05-10T17:19:15.961+0800: 20.822: Total time for which application threads were stopped: 0.0720826 seconds, Stopping threads took: 0.0000342 seconds
2022-05-10T17:19:15.961+0800: 20.822: Application time: 0.0000615 seconds
2022-05-10T17:19:15.979+0800: 20.840: [GC (CMS Initial Mark) [1 CMS-initial-mark: 207046K(341376K)] 209777K(494976K), 0.0007667 secs] [Times: user=0.00 sys=0.00, real=0.00 secs] 
2022-05-10T17:19:15.980+0800: 20.841: Total time for which application threads were stopped: 0.0189778 seconds, Stopping threads took: 0.0180663 seconds
2022-05-10T17:19:15.980+0800: 20.841: [CMS-concurrent-mark-start]
2022-05-10T17:19:15.980+0800: 20.841: Application time: 0.0000907 seconds
2022-05-10T17:19:15.980+0800: 20.842: [GC (Allocation Failure) 2022-05-10T17:19:15.980+0800: 20.842: [ParNew: 2731K->8K(153600K), 0.0011360 secs]2022-05-10T17:19:15.982+0800: 20.843: [CMS2022-05-10T17:19:16.018+0800: 20.879: [CMS-concurrent-mark: 0.027/0.038 secs] [Times: user=0.05 sys=0.00, real=0.04 secs] 
 (concurrent mode failure): 207046K->11736K(341376K), 0.1151350 secs] 209777K->11736K(494976K), [Metaspace: 33120K->33120K(1079296K)], 0.1164517 secs] [Times: user=0.11 sys=0.00, real=0.12 secs] 
2022-05-10T17:19:16.097+0800: 20.958: Total time for which application threads were stopped: 0.1166994 seconds, Stopping threads took: 0.0000423 seconds
2022-05-10T17:19:16.115+0800: 20.977: Application time: 0.0184917 seconds
2022-05-10T17:19:16.115+0800: 20.977: [GC (Allocation Failure) 2022-05-10T17:19:16.115+0800: 20.977: [ParNew: 2731K->14K(153600K), 0.0012821 secs]2022-05-10T17:19:16.117+0800: 20.978: [CMS: 207048K->11733K(341376K), 0.0691049 secs] 209780K->11733K(494976K), [Metaspace: 33120K->33120K(1079296K)], 0.0705977 secs] [Times: user=0.16 sys=0.00, real=0.07 secs] 
2022-05-10T17:19:16.186+0800: 21.047: Total time for which application threads were stopped: 0.0708649 seconds, Stopping threads took: 0.0000348 seconds
2022-05-10T17:19:16.186+0800: 21.048: Application time: 0.0000735 seconds
2022-05-10T17:19:16.205+0800: 21.066: [GC (CMS Initial Mark) [1 CMS-initial-mark: 207046K(341376K)] 209777K(494976K), 0.0006773 secs] [Times: user=0.00 sys=0.00, real=0.00 secs] 
2022-05-10T17:19:16.205+0800: 21.067: Total time for which application threads were stopped: 0.0189814 seconds, Stopping threads took: 0.0181637 seconds
2022-05-10T17:19:16.205+0800: 21.067: [CMS-concurrent-mark-start]
2022-05-10T17:19:16.205+0800: 21.067: Application time: 0.0000938 seconds
2022-05-10T17:19:16.206+0800: 21.067: [GC (Allocation Failure) 2022-05-10T17:19:16.206+0800: 21.067: [ParNew: 2731K->4K(153600K), 0.0012504 secs]2022-05-10T17:19:16.207+0800: 21.068: [CMS2022-05-10T17:19:16.228+0800: 21.090: [CMS-concurrent-mark: 0.020/0.023 secs] [Times: user=0.06 sys=0.00, real=0.02 secs] 
 (concurrent mode failure): 207046K->11735K(341376K), 0.0800971 secs] 209777K->11735K(494976K), [Metaspace: 33120K->33120K(1079296K)], 0.0815084 secs] [Times: user=0.11 sys=0.00, real=0.08 secs] 
2022-05-10T17:19:16.287+0800: 21.148: Total time for which application threads were stopped: 0.0817331 seconds, Stopping threads took: 0.0000379 seconds
2022-05-10T17:19:16.303+0800: 21.164: Application time: 0.0157898 seconds
2022-05-10T17:19:16.303+0800: 21.164: [GC (Allocation Failure) 2022-05-10T17:19:16.303+0800: 21.164: [ParNew: 2731K->18K(153600K), 0.0012546 secs]2022-05-10T17:19:16.305+0800: 21.166: [CMS: 207048K->11733K(341376K), 0.0593552 secs] 209779K->11733K(494976K), [Metaspace: 33120K->33120K(1079296K)], 0.0607864 secs] [Times: user=0.05 sys=0.02, real=0.06 secs] 
2022-05-10T17:19:16.363+0800: 21.225: Total time for which application threads were stopped: 0.0610071 seconds, Stopping threads took: 0.0000288 seconds
2022-05-10T17:19:16.363+0800: 21.225: Application time: 0.0001004 seconds
2022-05-10T17:19:16.378+0800: 21.240: [GC (CMS Initial Mark) [1 CMS-initial-mark: 207046K(341376K)] 209777K(494976K), 0.0006577 secs] [Times: user=0.00 sys=0.00, real=0.00 secs] 
2022-05-10T17:19:16.380+0800: 21.241: Total time for which application threads were stopped: 0.0157448 seconds, Stopping threads took: 0.0149635 seconds
2022-05-10T17:19:16.380+0800: 21.241: [CMS-concurrent-mark-start]
2022-05-10T17:19:16.380+0800: 21.241: Application time: 0.0001104 seconds
2022-05-10T17:19:16.380+0800: 21.241: [GC (Allocation Failure) 2022-05-10T17:19:16.380+0800: 21.241: [ParNew: 2731K->4K(153600K), 0.0011724 secs]2022-05-10T17:19:16.381+0800: 21.242: [CMS2022-05-10T17:19:16.398+0800: 21.260: [CMS-concurrent-mark: 0.017/0.019 secs] [Times: user=0.06 sys=0.00, real=0.02 secs] 
 (concurrent mode failure): 207046K->11735K(341376K), 0.0729722 secs] 209777K->11735K(494976K), [Metaspace: 33120K->33120K(1079296K)], 0.0743039 secs] [Times: user=0.11 sys=0.00, real=0.07 secs] 
2022-05-10T17:19:16.454+0800: 21.316: Total time for which application threads were stopped: 0.0745067 seconds, Stopping threads took: 0.0000287 seconds
2022-05-10T17:19:16.469+0800: 21.330: Application time: 0.0143993 seconds
2022-05-10T17:19:16.469+0800: 21.330: [GC (Allocation Failure) 2022-05-10T17:19:16.469+0800: 21.330: [ParNew: 4097K->16K(153600K), 0.0012072 secs]2022-05-10T17:19:16.470+0800: 21.331: [CMS: 207047K->11733K(341376K), 0.0555268 secs] 211145K->11733K(494976K), [Metaspace: 33120K->33120K(1079296K)], 0.0568926 secs] [Times: user=0.06 sys=0.00, real=0.06 secs] 
2022-05-10T17:19:16.526+0800: 21.387: Total time for which application threads were stopped: 0.0571070 seconds, Stopping threads took: 0.0000283 seconds
2022-05-10T17:19:16.526+0800: 21.387: Application time: 0.0001301 seconds
2022-05-10T17:19:16.540+0800: 21.401: [GC (CMS Initial Mark) [1 CMS-initial-mark: 207046K(341376K)] 209777K(494976K), 0.0006667 secs] [Times: user=0.00 sys=0.00, real=0.00 secs] 
2022-05-10T17:19:16.541+0800: 21.402: Total time for which application threads were stopped: 0.0144458 seconds, Stopping threads took: 0.0136486 seconds
2022-05-10T17:19:16.541+0800: 21.402: [CMS-concurrent-mark-start]
2022-05-10T17:19:16.541+0800: 21.402: Application time: 0.0001700 seconds
2022-05-10T17:19:16.541+0800: 21.402: [GC (Allocation Failure) 2022-05-10T17:19:16.541+0800: 21.402: [ParNew: 2731K->14K(153600K), 0.0010369 secs]2022-05-10T17:19:16.542+0800: 21.403: [CMS2022-05-10T17:19:16.574+0800: 21.435: [CMS-concurrent-mark: 0.021/0.034 secs] [Times: user=0.06 sys=0.00, real=0.03 secs] 
 (concurrent mode failure): 207046K->11743K(341376K), 0.0886225 secs] 209777K->11743K(494976K), [Metaspace: 33120K->33120K(1079296K)], 0.0898106 secs] [Times: user=0.11 sys=0.00, real=0.09 secs] 
2022-05-10T17:19:16.630+0800: 21.492: Total time for which application threads were stopped: 0.0900038 seconds, Stopping threads took: 0.0000226 seconds
2022-05-10T17:19:16.645+0800: 21.506: Application time: 0.0144323 seconds
2022-05-10T17:19:16.645+0800: 21.506: [GC (Allocation Failure) 2022-05-10T17:19:16.645+0800: 21.507: [ParNew: 3619K->8K(153600K), 0.0010657 secs]2022-05-10T17:19:16.646+0800: 21.508: [CMS: 207056K->11733K(341376K), 0.0696771 secs] 210675K->11733K(494976K), [Metaspace: 33120K->33120K(1079296K)], 0.0709281 secs] [Times: user=0.06 sys=0.00, real=0.07 secs] 
2022-05-10T17:19:16.716+0800: 21.578: Total time for which application threads were stopped: 0.0711612 seconds, Stopping threads took: 0.0000315 seconds
2022-05-10T17:19:16.716+0800: 21.578: Application time: 0.0000950 seconds
2022-05-10T17:19:16.734+0800: 21.596: [GC (CMS Initial Mark) [1 CMS-initial-mark: 207046K(341376K)] 209777K(494976K), 0.0009542 secs] [Times: user=0.00 sys=0.00, real=0.00 secs] 
2022-05-10T17:19:16.736+0800: 21.597: Total time for which application threads were stopped: 0.0190203 seconds, Stopping threads took: 0.0178689 seconds
2022-05-10T17:19:16.736+0800: 21.597: [CMS-concurrent-mark-start]
2022-05-10T17:19:16.736+0800: 21.597: Application time: 0.0001008 seconds
2022-05-10T17:19:16.736+0800: 21.597: [GC (Allocation Failure) 2022-05-10T17:19:16.736+0800: 21.597: [ParNew: 2731K->4K(153600K), 0.0012647 secs]2022-05-10T17:19:16.737+0800: 21.598: [CMS2022-05-10T17:19:16.760+0800: 21.621: [CMS-concurrent-mark: 0.018/0.024 secs] [Times: user=0.03 sys=0.00, real=0.02 secs] 
 (concurrent mode failure): 207046K->11735K(341376K), 0.0864432 secs] 209777K->11735K(494976K), [Metaspace: 33120K->33120K(1079296K)], 0.0878948 secs] [Times: user=0.09 sys=0.00, real=0.09 secs] 
2022-05-10T17:19:16.823+0800: 21.685: Total time for which application threads were stopped: 0.0881398 seconds, Stopping threads took: 0.0000345 seconds
2022-05-10T17:19:16.837+0800: 21.699: Application time: 0.0139124 seconds
2022-05-10T17:19:16.837+0800: 21.699: [GC (Allocation Failure) 2022-05-10T17:19:16.837+0800: 21.699: [ParNew: 3619K->18K(153600K), 0.0012328 secs]2022-05-10T17:19:16.839+0800: 21.700: [CMS: 207048K->11734K(341376K), 0.0675144 secs] 210667K->11734K(494976K), [Metaspace: 33120K->33120K(1079296K)], 0.0689985 secs] [Times: user=0.06 sys=0.00, real=0.07 secs] 
2022-05-10T17:19:16.906+0800: 21.768: Total time for which application threads were stopped: 0.0692784 seconds, Stopping threads took: 0.0000355 seconds
2022-05-10T17:19:16.907+0800: 21.768: Application time: 0.0000662 seconds
2022-05-10T17:19:16.923+0800: 21.785: [GC (CMS Initial Mark) [1 CMS-initial-mark: 207046K(341376K)] 209778K(494976K), 0.0008209 secs] [Times: user=0.00 sys=0.00, real=0.00 secs] 
2022-05-10T17:19:16.924+0800: 21.786: Total time for which application threads were stopped: 0.0175023 seconds, Stopping threads took: 0.0165032 seconds
2022-05-10T17:19:16.924+0800: 21.786: [CMS-concurrent-mark-start]
2022-05-10T17:19:16.924+0800: 21.786: Application time: 0.0000920 seconds
2022-05-10T17:19:16.924+0800: 21.786: [GC (Allocation Failure) 2022-05-10T17:19:16.924+0800: 21.786: [ParNew: 2731K->4K(153600K), 0.0012269 secs]2022-05-10T17:19:16.926+0800: 21.787: [CMS2022-05-10T17:19:16.954+0800: 21.816: [CMS-concurrent-mark: 0.024/0.030 secs] [Times: user=0.03 sys=0.00, real=0.03 secs] 
 (concurrent mode failure): 207046K->11736K(341376K), 0.0878556 secs] 209778K->11736K(494976K), [Metaspace: 33120K->33120K(1079296K)], 0.0893670 secs] [Times: user=0.06 sys=0.00, real=0.09 secs] 
2022-05-10T17:19:17.014+0800: 21.875: Total time for which application threads were stopped: 0.0896563 seconds, Stopping threads took: 0.0000313 seconds
2022-05-10T17:19:17.028+0800: 21.890: Application time: 0.0142186 seconds
2022-05-10T17:19:17.029+0800: 21.890: [GC (Allocation Failure) 2022-05-10T17:19:17.029+0800: 21.890: [ParNew: 2731K->14K(153600K), 0.0010547 secs]2022-05-10T17:19:17.030+0800: 21.891: [CMS: 207048K->11734K(341376K), 0.0671855 secs] 209780K->11734K(494976K), [Metaspace: 33120K->33120K(1079296K)], 0.0684251 secs] [Times: user=0.06 sys=0.00, real=0.07 secs] 
2022-05-10T17:19:17.097+0800: 21.958: Total time for which application threads were stopped: 0.0686676 seconds, Stopping threads took: 0.0000344 seconds
2022-05-10T17:19:17.097+0800: 21.958: Application time: 0.0000747 seconds
2022-05-10T17:19:17.111+0800: 21.973: [GC (CMS Initial Mark) [1 CMS-initial-mark: 207046K(341376K)] 209778K(494976K), 0.0006388 secs] [Times: user=0.00 sys=0.00, real=0.00 secs] 
2022-05-10T17:19:17.112+0800: 21.973: Total time for which application threads were stopped: 0.0150017 seconds, Stopping threads took: 0.0142473 seconds
2022-05-10T17:19:17.112+0800: 21.973: [CMS-concurrent-mark-start]
2022-05-10T17:19:17.112+0800: 21.974: Application time: 0.0000967 seconds
2022-05-10T17:19:17.112+0800: 21.974: [GC (Allocation Failure) 2022-05-10T17:19:17.112+0800: 21.974: [ParNew: 2731K->8K(153600K), 0.0009631 secs]2022-05-10T17:19:17.113+0800: 21.975: [CMS2022-05-10T17:19:17.140+0800: 22.001: [CMS-concurrent-mark: 0.021/0.027 secs] [Times: user=0.03 sys=0.00, real=0.03 secs] 
 (concurrent mode failure): 207046K->11736K(341376K), 0.0799394 secs] 209778K->11736K(494976K), [Metaspace: 33120K->33120K(1079296K)], 0.0810604 secs] [Times: user=0.08 sys=0.00, real=0.08 secs] 
2022-05-10T17:19:17.194+0800: 22.055: Total time for which application threads were stopped: 0.0812690 seconds, Stopping threads took: 0.0000247 seconds
2022-05-10T17:19:17.207+0800: 22.068: Application time: 0.0133586 seconds
2022-05-10T17:19:17.207+0800: 22.068: [GC (Allocation Failure) 2022-05-10T17:19:17.207+0800: 22.068: [ParNew: 2731K->14K(153600K), 0.0010854 secs]2022-05-10T17:19:17.208+0800: 22.069: [CMS: 207049K->11734K(341376K), 0.0503051 secs] 209780K->11734K(494976K), [Metaspace: 33120K->33120K(1079296K)], 0.0515576 secs] [Times: user=0.06 sys=0.00, real=0.05 secs] 
2022-05-10T17:19:17.258+0800: 22.120: Total time for which application threads were stopped: 0.0517618 seconds, Stopping threads took: 0.0000286 seconds
2022-05-10T17:19:17.258+0800: 22.120: Application time: 0.0000885 seconds
2022-05-10T17:19:17.271+0800: 22.133: [GC (CMS Initial Mark) [1 CMS-initial-mark: 207046K(341376K)] 209778K(494976K), 0.0009068 secs] [Times: user=0.00 sys=0.00, real=0.00 secs] 
2022-05-10T17:19:17.272+0800: 22.134: Total time for which application threads were stopped: 0.0139951 seconds, Stopping threads took: 0.0129788 seconds
2022-05-10T17:19:17.272+0800: 22.134: [CMS-concurrent-mark-start]
2022-05-10T17:19:17.273+0800: 22.134: Application time: 0.0001622 seconds
2022-05-10T17:19:17.273+0800: 22.134: [GC (Allocation Failure) 2022-05-10T17:19:17.273+0800: 22.134: [ParNew: 2731K->10K(153600K), 0.0010731 secs]2022-05-10T17:19:17.274+0800: 22.135: [CMS2022-05-10T17:19:17.298+0800: 22.160: [CMS-concurrent-mark: 0.021/0.025 secs] [Times: user=0.08 sys=0.00, real=0.03 secs] 
 (concurrent mode failure): 207046K->11740K(341376K), 0.0753893 secs] 209778K->11740K(494976K), [Metaspace: 33120K->33120K(1079296K)], 0.0766262 secs] [Times: user=0.08 sys=0.00, real=0.08 secs] 
2022-05-10T17:19:17.349+0800: 22.211: Total time for which application threads were stopped: 0.0768446 seconds, Stopping threads took: 0.0000454 seconds
2022-05-10T17:19:17.363+0800: 22.225: Application time: 0.0135691 seconds
2022-05-10T17:19:17.363+0800: 22.225: [GC (Allocation Failure) 2022-05-10T17:19:17.363+0800: 22.225: [ParNew: 2731K->10K(153600K), 0.0011511 secs]2022-05-10T17:19:17.364+0800: 22.226: [CMS: 207052K->11734K(341376K), 0.0495194 secs] 209784K->11734K(494976K), [Metaspace: 33120K->33120K(1079296K)], 0.0508268 secs] [Times: user=0.06 sys=0.00, real=0.05 secs] 
2022-05-10T17:19:17.414+0800: 22.276: Total time for which application threads were stopped: 0.0510287 seconds, Stopping threads took: 0.0000255 seconds
2022-05-10T17:19:17.415+0800: 22.276: Application time: 0.0000867 seconds
2022-05-10T17:19:17.430+0800: 22.291: [GC (CMS Initial Mark) [1 CMS-initial-mark: 207046K(341376K)] 209778K(494976K), 0.0008119 secs] [Times: user=0.00 sys=0.00, real=0.00 secs] 
2022-05-10T17:19:17.431+0800: 22.292: Total time for which application threads were stopped: 0.0163396 seconds, Stopping threads took: 0.0154141 seconds
2022-05-10T17:19:17.431+0800: 22.292: [CMS-concurrent-mark-start]
2022-05-10T17:19:17.431+0800: 22.292: Application time: 0.0001658 seconds
2022-05-10T17:19:17.431+0800: 22.292: [GC (Allocation Failure) 2022-05-10T17:19:17.431+0800: 22.292: [ParNew: 2731K->10K(153600K), 0.0009068 secs]2022-05-10T17:19:17.432+0800: 22.293: [CMS2022-05-10T17:19:17.456+0800: 22.318: [CMS-concurrent-mark: 0.022/0.026 secs] [Times: user=0.03 sys=0.00, real=0.03 secs] 
 (concurrent mode failure): 207046K->11736K(341376K), 0.0794979 secs] 209778K->11736K(494976K), [Metaspace: 33120K->33120K(1079296K)], 0.0806104 secs] [Times: user=0.09 sys=0.00, real=0.08 secs] 
2022-05-10T17:19:17.512+0800: 22.373: Total time for which application threads were stopped: 0.0809457 seconds, Stopping threads took: 0.0001103 seconds
2022-05-10T17:19:17.529+0800: 22.390: Application time: 0.0167206 seconds
2022-05-10T17:19:17.529+0800: 22.390: [GC (Allocation Failure) 2022-05-10T17:19:17.529+0800: 22.390: [ParNew: 4097K->14K(153600K), 0.0009451 secs]2022-05-10T17:19:17.530+0800: 22.391: [CMS: 207048K->11734K(341376K), 0.0845845 secs] 211146K->11734K(494976K), [Metaspace: 33120K->33120K(1079296K)], 0.0857402 secs] [Times: user=0.08 sys=0.00, real=0.09 secs] 
2022-05-10T17:19:17.614+0800: 22.476: Total time for which application threads were stopped: 0.0859967 seconds, Stopping threads took: 0.0000244 seconds
2022-05-10T17:19:17.615+0800: 22.476: Application time: 0.0000709 seconds
2022-05-10T17:19:17.634+0800: 22.495: [GC (CMS Initial Mark) [1 CMS-initial-mark: 207046K(341376K)] 209778K(494976K), 0.0007573 secs] [Times: user=0.00 sys=0.00, real=0.00 secs] 
2022-05-10T17:19:17.635+0800: 22.496: Total time for which application threads were stopped: 0.0202961 seconds, Stopping threads took: 0.0193966 seconds
2022-05-10T17:19:17.635+0800: 22.496: [CMS-concurrent-mark-start]
2022-05-10T17:19:17.637+0800: 22.498: Application time: 0.0020617 seconds
2022-05-10T17:19:17.637+0800: 22.499: [GC (Allocation Failure) 2022-05-10T17:19:17.637+0800: 22.499: [ParNew: 2731K->2K(153600K), 0.0012860 secs]2022-05-10T17:19:17.639+0800: 22.500: [CMS2022-05-10T17:19:17.676+0800: 22.537: [CMS-concurrent-mark: 0.025/0.041 secs] [Times: user=0.03 sys=0.00, real=0.04 secs] 
 (concurrent mode failure): 207046K->11735K(341376K), 0.1241061 secs] 209778K->11735K(494976K), [Metaspace: 33120K->33120K(1079296K)], 0.1257497 secs] [Times: user=0.13 sys=0.00, real=0.13 secs] 
2022-05-10T17:19:17.763+0800: 22.624: Total time for which application threads were stopped: 0.1261126 seconds, Stopping threads took: 0.0000391 seconds
2022-05-10T17:19:17.782+0800: 22.643: Application time: 0.0187868 seconds
2022-05-10T17:19:17.782+0800: 22.643: [GC (Allocation Failure) 2022-05-10T17:19:17.782+0800: 22.644: [ParNew: 3619K->8K(153600K), 0.0013488 secs]2022-05-10T17:19:17.784+0800: 22.645: [CMS: 207047K->11734K(341376K), 0.0776249 secs] 210667K->11734K(494976K), [Metaspace: 33120K->33120K(1079296K)], 0.0791880 secs] [Times: user=0.08 sys=0.00, real=0.08 secs] 
2022-05-10T17:19:17.861+0800: 22.723: Total time for which application threads were stopped: 0.0794947 seconds, Stopping threads took: 0.0000517 seconds
2022-05-10T17:19:17.862+0800: 22.723: Application time: 0.0000646 seconds
2022-05-10T17:19:17.878+0800: 22.739: [GC (CMS Initial Mark) [1 CMS-initial-mark: 207047K(341376K)] 209778K(494976K), 0.0009447 secs] [Times: user=0.00 sys=0.00, real=0.00 secs] 
2022-05-10T17:19:17.879+0800: 22.740: Total time for which application threads were stopped: 0.0175241 seconds, Stopping threads took: 0.0163913 seconds
2022-05-10T17:19:17.879+0800: 22.740: [CMS-concurrent-mark-start]
2022-05-10T17:19:17.879+0800: 22.740: Application time: 0.0000825 seconds
2022-05-10T17:19:17.879+0800: 22.741: [GC (Allocation Failure) 2022-05-10T17:19:17.879+0800: 22.741: [ParNew: 2731K->10K(153600K), 0.0009495 secs]2022-05-10T17:19:17.880+0800: 22.742: [CMS2022-05-10T17:19:17.912+0800: 22.774: [CMS-concurrent-mark: 0.024/0.033 secs] [Times: user=0.03 sys=0.00, real=0.03 secs] 
 (concurrent mode failure): 207047K->11736K(341376K), 0.1200439 secs] 209778K->11736K(494976K), [Metaspace: 33120K->33120K(1079296K)], 0.1212144 secs] [Times: user=0.13 sys=0.00, real=0.12 secs] 
2022-05-10T17:19:18.001+0800: 22.862: Total time for which application threads were stopped: 0.1214844 seconds, Stopping threads took: 0.0000269 seconds
2022-05-10T17:19:18.018+0800: 22.880: Application time: 0.0180517 seconds
2022-05-10T17:19:18.018+0800: 22.880: [GC (Allocation Failure) 2022-05-10T17:19:18.018+0800: 22.880: [ParNew: 2731K->14K(153600K), 0.0012878 secs]2022-05-10T17:19:18.020+0800: 22.882: [CMS: 207049K->11734K(341376K), 0.0802926 secs] 209780K->11734K(494976K), [Metaspace: 33120K->33120K(1079296K)], 0.0818484 secs] [Times: user=0.08 sys=0.00, real=0.08 secs] 
2022-05-10T17:19:18.100+0800: 22.962: Total time for which application threads were stopped: 0.0821863 seconds, Stopping threads took: 0.0000382 seconds
2022-05-10T17:19:18.100+0800: 22.962: Application time: 0.0000651 seconds
2022-05-10T17:19:18.121+0800: 22.982: [GC (CMS Initial Mark) [1 CMS-initial-mark: 207047K(341376K)] 209778K(494976K), 0.0009361 secs] [Times: user=0.00 sys=0.00, real=0.00 secs] 
2022-05-10T17:19:18.122+0800: 22.983: Total time for which application threads were stopped: 0.0206238 seconds, Stopping threads took: 0.0194868 seconds
2022-05-10T17:19:18.122+0800: 22.983: [CMS-concurrent-mark-start]
2022-05-10T17:19:18.122+0800: 22.983: Application time: 0.0002001 seconds
2022-05-10T17:19:18.122+0800: 22.983: [GC (Allocation Failure) 2022-05-10T17:19:18.122+0800: 22.983: [ParNew: 2731K->10K(153600K), 0.0013356 secs]2022-05-10T17:19:18.123+0800: 22.985: [CMS2022-05-10T17:19:18.163+0800: 23.025: [CMS-concurrent-mark: 0.025/0.042 secs] [Times: user=0.05 sys=0.00, real=0.04 secs] 
 (concurrent mode failure): 207047K->11737K(341376K), 0.1062302 secs] 209778K->11737K(494976K), [Metaspace: 33120K->33120K(1079296K)], 0.1077976 secs] [Times: user=0.11 sys=0.00, real=0.11 secs] 
2022-05-10T17:19:18.230+0800: 23.091: Total time for which application threads were stopped: 0.1081583 seconds, Stopping threads took: 0.0000714 seconds
2022-05-10T17:19:18.246+0800: 23.108: Application time: 0.0165343 seconds
2022-05-10T17:19:18.246+0800: 23.108: [GC (Allocation Failure) 2022-05-10T17:19:18.247+0800: 23.108: [ParNew: 2731K->16K(153600K), 0.0011012 secs]2022-05-10T17:19:18.248+0800: 23.109: [CMS: 207050K->11734K(341376K), 0.0782387 secs] 209781K->11734K(494976K), [Metaspace: 33120K->33120K(1079296K)], 0.0796403 secs] [Times: user=0.08 sys=0.00, real=0.08 secs] 
2022-05-10T17:19:18.327+0800: 23.188: Total time for which application threads were stopped: 0.0799933 seconds, Stopping threads took: 0.0000290 seconds
2022-05-10T17:19:18.327+0800: 23.188: Application time: 0.0000782 seconds
2022-05-10T17:19:18.346+0800: 23.207: [GC (CMS Initial Mark) [1 CMS-initial-mark: 207047K(341376K)] 209778K(494976K), 0.0006202 secs] [Times: user=0.00 sys=0.00, real=0.00 secs] 
2022-05-10T17:19:18.346+0800: 23.208: Total time for which application threads were stopped: 0.0197287 seconds, Stopping threads took: 0.0189639 seconds
2022-05-10T17:19:18.346+0800: 23.208: [CMS-concurrent-mark-start]
2022-05-10T17:19:18.347+0800: 23.208: Application time: 0.0000749 seconds
2022-05-10T17:19:18.347+0800: 23.208: [GC (Allocation Failure) 2022-05-10T17:19:18.347+0800: 23.208: [ParNew: 2731K->6K(153600K), 0.0009562 secs]2022-05-10T17:19:18.348+0800: 23.209: [CMS2022-05-10T17:19:18.376+0800: 23.237: [CMS-concurrent-mark: 0.021/0.030 secs] [Times: user=0.03 sys=0.00, real=0.03 secs] 
 (concurrent mode failure): 207047K->11736K(341376K), 0.0927518 secs] 209778K->11736K(494976K), [Metaspace: 33120K->33120K(1079296K)], 0.0939012 secs] [Times: user=0.09 sys=0.00, real=0.09 secs] 
2022-05-10T17:19:18.440+0800: 23.302: Total time for which application threads were stopped: 0.0941559 seconds, Stopping threads took: 0.0000244 seconds
2022-05-10T17:19:18.457+0800: 23.319: Application time: 0.0175246 seconds
2022-05-10T17:19:18.458+0800: 23.320: [GC (Allocation Failure) 2022-05-10T17:19:18.458+0800: 23.320: [ParNew: 2731K->16K(153600K), 0.0012883 secs]2022-05-10T17:19:18.460+0800: 23.321: [CMS: 207049K->11734K(341376K), 0.0724446 secs] 209780K->11734K(494976K), [Metaspace: 33120K->33120K(1079296K)], 0.0739280 secs] [Times: user=0.08 sys=0.00, real=0.07 secs] 
2022-05-10T17:19:18.532+0800: 23.394: Total time for which application threads were stopped: 0.0741501 seconds, Stopping threads took: 0.0000315 seconds
2022-05-10T17:19:18.532+0800: 23.394: Application time: 0.0000952 seconds
2022-05-10T17:19:18.549+0800: 23.411: [GC (CMS Initial Mark) [1 CMS-initial-mark: 207047K(341376K)] 211144K(494976K), 0.0008392 secs] [Times: user=0.00 sys=0.00, real=0.00 secs] 
2022-05-10T17:19:18.550+0800: 23.412: Total time for which application threads were stopped: 0.0180318 seconds, Stopping threads took: 0.0170567 seconds
2022-05-10T17:19:18.550+0800: 23.412: [CMS-concurrent-mark-start]
2022-05-10T17:19:18.550+0800: 23.412: Application time: 0.0000878 seconds
2022-05-10T17:19:18.550+0800: 23.412: [GC (Allocation Failure) 2022-05-10T17:19:18.550+0800: 23.412: [ParNew: 4097K->8K(153600K), 0.0010263 secs]2022-05-10T17:19:18.552+0800: 23.413: [CMS2022-05-10T17:19:18.578+0800: 23.440: [CMS-concurrent-mark: 0.019/0.028 secs] [Times: user=0.03 sys=0.00, real=0.03 secs] 
 (concurrent mode failure): 207047K->11736K(341376K), 0.0997016 secs] 211144K->11736K(494976K), [Metaspace: 33120K->33120K(1079296K)], 0.1009176 secs] [Times: user=0.11 sys=0.00, real=0.10 secs] 
2022-05-10T17:19:18.651+0800: 23.513: Total time for which application threads were stopped: 0.1011690 seconds, Stopping threads took: 0.0000265 seconds
2022-05-10T17:19:18.670+0800: 23.531: Application time: 0.0182598 seconds
2022-05-10T17:19:18.670+0800: 23.531: [GC (Allocation Failure) 2022-05-10T17:19:18.670+0800: 23.531: [ParNew: 2731K->16K(153600K), 0.0010660 secs]2022-05-10T17:19:18.671+0800: 23.533: [CMS: 207049K->11734K(341376K), 0.0730596 secs] 209780K->11734K(494976K), [Metaspace: 33120K->33120K(1079296K)], 0.0743544 secs] [Times: user=0.08 sys=0.00, real=0.07 secs] 
2022-05-10T17:19:18.745+0800: 23.606: Total time for which application threads were stopped: 0.0747693 seconds, Stopping threads took: 0.0000589 seconds
2022-05-10T17:19:18.745+0800: 23.606: Application time: 0.0001607 seconds
2022-05-10T17:19:18.762+0800: 23.624: [GC (CMS Initial Mark) [1 CMS-initial-mark: 207047K(341376K)] 209778K(494976K), 0.0008777 secs] [Times: user=0.00 sys=0.00, real=0.00 secs] 
2022-05-10T17:19:18.764+0800: 23.625: Total time for which application threads were stopped: 0.0187143 seconds, Stopping threads took: 0.0176671 seconds
2022-05-10T17:19:18.764+0800: 23.625: [CMS-concurrent-mark-start]
2022-05-10T17:19:18.764+0800: 23.625: Application time: 0.0001168 seconds
2022-05-10T17:19:18.764+0800: 23.625: [GC (Allocation Failure) 2022-05-10T17:19:18.764+0800: 23.625: [ParNew: 2731K->2K(153600K), 0.0010515 secs]2022-05-10T17:19:18.765+0800: 23.626: [CMS2022-05-10T17:19:18.798+0800: 23.660: [CMS-concurrent-mark: 0.022/0.035 secs] [Times: user=0.03 sys=0.00, real=0.04 secs] 
 (concurrent mode failure): 207047K->11736K(341376K), 0.1055494 secs] 209778K->11736K(494976K), [Metaspace: 33120K->33120K(1079296K)], 0.1068900 secs] [Times: user=0.08 sys=0.00, real=0.11 secs] 
2022-05-10T17:19:18.871+0800: 23.732: Total time for which application threads were stopped: 0.1071535 seconds, Stopping threads took: 0.0000408 seconds
2022-05-10T17:19:18.887+0800: 23.748: Application time: 0.0163118 seconds
2022-05-10T17:19:18.887+0800: 23.749: [GC (Allocation Failure) 2022-05-10T17:19:18.887+0800: 23.749: [ParNew: 3619K->12K(153600K), 0.0010096 secs]2022-05-10T17:19:18.888+0800: 23.750: [CMS: 207049K->11734K(341376K), 0.0697246 secs] 210668K->11734K(494976K), [Metaspace: 33120K->33120K(1079296K)], 0.0709400 secs] [Times: user=0.06 sys=0.00, real=0.07 secs] 
2022-05-10T17:19:18.958+0800: 23.820: Total time for which application threads were stopped: 0.0712624 seconds, Stopping threads took: 0.0000342 seconds
2022-05-10T17:19:18.959+0800: 23.820: Application time: 0.0000784 seconds
2022-05-10T17:19:18.977+0800: 23.839: [GC (CMS Initial Mark) [1 CMS-initial-mark: 207047K(341376K)] 209778K(494976K), 0.0008531 secs] [Times: user=0.00 sys=0.00, real=0.00 secs] 
2022-05-10T17:19:18.978+0800: 23.839: Total time for which application threads were stopped: 0.0196744 seconds, Stopping threads took: 0.0186509 seconds
2022-05-10T17:19:18.978+0800: 23.840: [CMS-concurrent-mark-start]
2022-05-10T17:19:18.978+0800: 23.840: Application time: 0.0001437 seconds
2022-05-10T17:19:18.979+0800: 23.840: [GC (Allocation Failure) 2022-05-10T17:19:18.979+0800: 23.840: [ParNew: 2731K->6K(153600K), 0.0009510 secs]2022-05-10T17:19:18.980+0800: 23.841: [CMS2022-05-10T17:19:19.003+0800: 23.864: [CMS-concurrent-mark: 0.024/0.025 secs] [Times: user=0.03 sys=0.00, real=0.03 secs] 
 (concurrent mode failure): 207047K->11736K(341376K), 0.0980675 secs] 209778K->11736K(494976K), [Metaspace: 33120K->33120K(1079296K)], 0.0992375 secs] [Times: user=0.09 sys=0.00, real=0.10 secs] 
2022-05-10T17:19:19.078+0800: 23.939: Total time for which application threads were stopped: 0.0995211 seconds, Stopping threads took: 0.0000262 seconds
2022-05-10T17:19:19.100+0800: 23.961: Application time: 0.0217598 seconds
2022-05-10T17:19:19.100+0800: 23.961: [GC (Allocation Failure) 2022-05-10T17:19:19.100+0800: 23.961: [ParNew: 2731K->16K(153600K), 0.0012981 secs]2022-05-10T17:19:19.101+0800: 23.963: [CMS: 207049K->11734K(341376K), 0.0802835 secs] 209780K->11734K(494976K), [Metaspace: 33120K->33120K(1079296K)], 0.0817996 secs] [Times: user=0.08 sys=0.02, real=0.08 secs] 
2022-05-10T17:19:19.181+0800: 24.043: Total time for which application threads were stopped: 0.0821374 seconds, Stopping threads took: 0.0000529 seconds
2022-05-10T17:19:19.181+0800: 24.043: Application time: 0.0000743 seconds
2022-05-10T17:19:19.201+0800: 24.063: [GC (CMS Initial Mark) [1 CMS-initial-mark: 207047K(341376K)] 209778K(494976K), 0.0006208 secs] [Times: user=0.00 sys=0.00, real=0.00 secs] 
2022-05-10T17:19:19.202+0800: 24.063: Total time for which application threads were stopped: 0.0203102 seconds, Stopping threads took: 0.0195534 seconds
2022-05-10T17:19:19.202+0800: 24.063: [CMS-concurrent-mark-start]
2022-05-10T17:19:19.202+0800: 24.064: Application time: 0.0000790 seconds
2022-05-10T17:19:19.202+0800: 24.064: [GC (Allocation Failure) 2022-05-10T17:19:19.202+0800: 24.064: [ParNew: 2731K->8K(153600K), 0.0010021 secs]2022-05-10T17:19:19.204+0800: 24.065: [CMS2022-05-10T17:19:19.234+0800: 24.096: [CMS-concurrent-mark: 0.023/0.032 secs] [Times: user=0.03 sys=0.00, real=0.03 secs] 
 (concurrent mode failure): 207047K->11736K(341376K), 0.1038779 secs] 209778K->11736K(494976K), [Metaspace: 33120K->33120K(1079296K)], 0.1050379 secs] [Times: user=0.11 sys=0.00, real=0.11 secs] 
2022-05-10T17:19:19.307+0800: 24.169: Total time for which application threads were stopped: 0.1053145 seconds, Stopping threads took: 0.0000252 seconds
2022-05-10T17:19:19.324+0800: 24.185: Application time: 0.0165652 seconds
2022-05-10T17:19:19.324+0800: 24.186: [GC (Allocation Failure) 2022-05-10T17:19:19.324+0800: 24.186: [ParNew: 2731K->16K(153600K), 0.0011031 secs]2022-05-10T17:19:19.326+0800: 24.187: [CMS: 207049K->11734K(341376K), 0.0735489 secs] 209780K->11734K(494976K), [Metaspace: 33120K->33120K(1079296K)], 0.0748634 secs] [Times: user=0.08 sys=0.00, real=0.08 secs] 
2022-05-10T17:19:19.399+0800: 24.261: Total time for which application threads were stopped: 0.0751345 seconds, Stopping threads took: 0.0000377 seconds
2022-05-10T17:19:19.399+0800: 24.261: Application time: 0.0001027 seconds
2022-05-10T17:19:19.415+0800: 24.276: [GC (CMS Initial Mark) [1 CMS-initial-mark: 207047K(341376K)] 209778K(494976K), 0.0007488 secs] [Times: user=0.00 sys=0.00, real=0.00 secs] 
2022-05-10T17:19:19.416+0800: 24.277: Total time for which application threads were stopped: 0.0163877 seconds, Stopping threads took: 0.0154833 seconds
2022-05-10T17:19:19.416+0800: 24.277: [CMS-concurrent-mark-start]
2022-05-10T17:19:19.416+0800: 24.277: Application time: 0.0001221 seconds
2022-05-10T17:19:19.416+0800: 24.277: [GC (Allocation Failure) 2022-05-10T17:19:19.416+0800: 24.277: [ParNew: 2731K->8K(153600K), 0.0009940 secs]2022-05-10T17:19:19.417+0800: 24.278: [CMS2022-05-10T17:19:19.453+0800: 24.315: [CMS-concurrent-mark: 0.023/0.037 secs] [Times: user=0.03 sys=0.00, real=0.04 secs] 
 (concurrent mode failure): 207047K->11736K(341376K), 0.1066027 secs] 209778K->11736K(494976K), [Metaspace: 33120K->33120K(1079296K)], 0.1077869 secs] [Times: user=0.11 sys=0.00, real=0.11 secs] 
2022-05-10T17:19:19.523+0800: 24.385: Total time for which application threads were stopped: 0.1080453 seconds, Stopping threads took: 0.0000373 seconds
2022-05-10T17:19:19.542+0800: 24.404: Application time: 0.0182647 seconds
2022-05-10T17:19:19.542+0800: 24.404: [GC (Allocation Failure) 2022-05-10T17:19:19.542+0800: 24.404: [ParNew: 3414K->16K(153600K), 0.0011795 secs]2022-05-10T17:19:19.544+0800: 24.405: [CMS: 207049K->11734K(341376K), 0.0722770 secs] 210463K->11734K(494976K), [Metaspace: 33120K->33120K(1079296K)], 0.0736463 secs] [Times: user=0.06 sys=0.00, real=0.07 secs] 
2022-05-10T17:19:19.616+0800: 24.477: Total time for which application threads were stopped: 0.0738756 seconds, Stopping threads took: 0.0000364 seconds
2022-05-10T17:19:19.616+0800: 24.477: Application time: 0.0000792 seconds
2022-05-10T17:19:19.631+0800: 24.492: [GC (CMS Initial Mark) [1 CMS-initial-mark: 207047K(341376K)] 210461K(494976K), 0.0006041 secs] [Times: user=0.00 sys=0.00, real=0.00 secs] 
2022-05-10T17:19:19.631+0800: 24.493: Total time for which application threads were stopped: 0.0150919 seconds, Stopping threads took: 0.0143535 seconds
2022-05-10T17:19:19.631+0800: 24.493: [CMS-concurrent-mark-start]
2022-05-10T17:19:19.632+0800: 24.493: Application time: 0.0001283 seconds
2022-05-10T17:19:19.632+0800: 24.493: [GC (Allocation Failure) 2022-05-10T17:19:19.632+0800: 24.493: [ParNew: 3414K->8K(153600K), 0.0009449 secs]2022-05-10T17:19:19.633+0800: 24.494: [CMS2022-05-10T17:19:19.657+0800: 24.518: [CMS-concurrent-mark: 0.023/0.025 secs] [Times: user=0.13 sys=0.00, real=0.03 secs] 
 (concurrent mode failure): 207047K->11736K(341376K), 0.0916806 secs] 210461K->11736K(494976K), [Metaspace: 33120K->33120K(1079296K)], 0.0928082 secs] [Times: user=0.19 sys=0.00, real=0.09 secs] 
2022-05-10T17:19:19.724+0800: 24.586: Total time for which application threads were stopped: 0.0930548 seconds, Stopping threads took: 0.0000300 seconds
2022-05-10T17:19:19.740+0800: 24.602: Application time: 0.0159022 seconds
2022-05-10T17:19:19.740+0800: 24.602: [GC (Allocation Failure) 2022-05-10T17:19:19.740+0800: 24.602: [ParNew: 2731K->14K(153600K), 0.0010735 secs]2022-05-10T17:19:19.742+0800: 24.603: [CMS: 207049K->11734K(341376K), 0.0633971 secs] 209780K->11734K(494976K), [Metaspace: 33120K->33120K(1079296K)], 0.0646744 secs] [Times: user=0.06 sys=0.00, real=0.07 secs] 
2022-05-10T17:19:19.806+0800: 24.667: Total time for which application threads were stopped: 0.0649919 seconds, Stopping threads took: 0.0000420 seconds
2022-05-10T17:19:19.806+0800: 24.667: Application time: 0.0000570 seconds
2022-05-10T17:19:19.824+0800: 24.686: [GC (CMS Initial Mark) [1 CMS-initial-mark: 207047K(341376K)] 209778K(494976K), 0.0007418 secs] [Times: user=0.00 sys=0.00, real=0.00 secs] 
2022-05-10T17:19:19.825+0800: 24.686: Total time for which application threads were stopped: 0.0197073 seconds, Stopping threads took: 0.0188002 seconds
2022-05-10T17:19:19.825+0800: 24.687: [CMS-concurrent-mark-start]
2022-05-10T17:19:19.825+0800: 24.687: Application time: 0.0001172 seconds
2022-05-10T17:19:19.825+0800: 24.687: [GC (Allocation Failure) 2022-05-10T17:19:19.825+0800: 24.687: [ParNew: 2731K->10K(153600K), 0.0013898 secs]2022-05-10T17:19:19.827+0800: 24.688: [CMS2022-05-10T17:19:19.855+0800: 24.717: [CMS-concurrent-mark: 0.021/0.030 secs] [Times: user=0.05 sys=0.00, real=0.03 secs] 
 (concurrent mode failure): 207047K->11736K(341376K), 0.0990580 secs] 209778K->11736K(494976K), [Metaspace: 33120K->33120K(1079296K)], 0.1006110 secs] [Times: user=0.11 sys=0.00, real=0.10 secs] 
2022-05-10T17:19:19.926+0800: 24.787: Total time for which application threads were stopped: 0.1008190 seconds, Stopping threads took: 0.0000233 seconds
2022-05-10T17:19:19.943+0800: 24.804: Application time: 0.0169055 seconds
2022-05-10T17:19:19.943+0800: 24.804: [GC (Allocation Failure) 2022-05-10T17:19:19.943+0800: 24.804: [ParNew: 3619K->14K(153600K), 0.0012466 secs]2022-05-10T17:19:19.945+0800: 24.806: [CMS: 207049K->11734K(341376K), 0.0773927 secs] 210668K->11734K(494976K), [Metaspace: 33121K->33121K(1079296K)], 0.0788420 secs] [Times: user=0.06 sys=0.02, real=0.08 secs] 
2022-05-10T17:19:20.022+0800: 24.883: Total time for which application threads were stopped: 0.0790709 seconds, Stopping threads took: 0.0000290 seconds
2022-05-10T17:19:20.022+0800: 24.883: Application time: 0.0000615 seconds
2022-05-10T17:19:20.039+0800: 24.900: [GC (CMS Initial Mark) [1 CMS-initial-mark: 207047K(341376K)] 209779K(494976K), 0.0007873 secs] [Times: user=0.00 sys=0.00, real=0.00 secs] 
2022-05-10T17:19:20.040+0800: 24.901: Total time for which application threads were stopped: 0.0177246 seconds, Stopping threads took: 0.0167774 seconds
2022-05-10T17:19:20.040+0800: 24.901: [CMS-concurrent-mark-start]
2022-05-10T17:19:20.040+0800: 24.901: Application time: 0.0000912 seconds
2022-05-10T17:19:20.040+0800: 24.902: [GC (Allocation Failure) 2022-05-10T17:19:20.040+0800: 24.902: [ParNew: 2731K->8K(153600K), 0.0010431 secs]2022-05-10T17:19:20.042+0800: 24.903: [CMS2022-05-10T17:19:20.077+0800: 24.938: [CMS-concurrent-mark: 0.024/0.037 secs] [Times: user=0.06 sys=0.00, real=0.04 secs] 
 (concurrent mode failure): 207047K->11736K(341376K), 0.1273464 secs] 209779K->11736K(494976K), [Metaspace: 33121K->33121K(1079296K)], 0.1286215 secs] [Times: user=0.16 sys=0.00, real=0.13 secs] 
2022-05-10T17:19:20.169+0800: 25.030: Total time for which application threads were stopped: 0.1289730 seconds, Stopping threads took: 0.0000763 seconds
2022-05-10T17:19:20.189+0800: 25.050: Application time: 0.0201872 seconds
2022-05-10T17:19:20.189+0800: 25.051: [GC (Allocation Failure) 2022-05-10T17:19:20.189+0800: 25.051: [ParNew: 3619K->14K(153600K), 0.0022789 secs]2022-05-10T17:19:20.192+0800: 25.053: [CMS: 207049K->11735K(341376K), 0.0963005 secs] 210668K->11735K(494976K), [Metaspace: 33131K->33131K(1079296K)], 0.0987916 secs] [Times: user=0.09 sys=0.00, real=0.10 secs] 
2022-05-10T17:19:20.288+0800: 25.150: Total time for which application threads were stopped: 0.0991071 seconds, Stopping threads took: 0.0000555 seconds
2022-05-10T17:19:20.288+0800: 25.150: Application time: 0.0000582 seconds
2022-05-10T17:19:20.309+0800: 25.170: [GC (CMS Initial Mark) [1 CMS-initial-mark: 207047K(341376K)] 209779K(494976K), 0.0006411 secs] [Times: user=0.00 sys=0.00, real=0.00 secs] 
2022-05-10T17:19:20.309+0800: 25.170: Total time for which application threads were stopped: 0.0208251 seconds, Stopping threads took: 0.0199869 seconds
2022-05-10T17:19:20.309+0800: 25.170: [CMS-concurrent-mark-start]
2022-05-10T17:19:20.309+0800: 25.171: Application time: 0.0000793 seconds
2022-05-10T17:19:20.310+0800: 25.171: [GC (Allocation Failure) 2022-05-10T17:19:20.310+0800: 25.171: [ParNew: 2731K->6K(153600K), 0.0009770 secs]2022-05-10T17:19:20.311+0800: 25.172: [CMS2022-05-10T17:19:20.339+0800: 25.201: [CMS-concurrent-mark: 0.024/0.031 secs] [Times: user=0.06 sys=0.00, real=0.03 secs] 
 (concurrent mode failure): 207047K->11736K(341376K), 0.1139654 secs] 209779K->11736K(494976K), [Metaspace: 33131K->33131K(1079296K)], 0.1152044 secs] [Times: user=0.14 sys=0.00, real=0.11 secs] 
2022-05-10T17:19:20.425+0800: 25.286: Total time for which application threads were stopped: 0.1154855 seconds, Stopping threads took: 0.0000231 seconds
2022-05-10T17:19:20.446+0800: 25.307: Application time: 0.0208646 seconds
2022-05-10T17:19:20.446+0800: 25.307: [GC (Allocation Failure) 2022-05-10T17:19:20.446+0800: 25.307: [ParNew: 2731K->18K(153600K), 0.0021382 secs]2022-05-10T17:19:20.448+0800: 25.309: [CMS: 207049K->11735K(341376K), 0.0888871 secs] 209781K->11735K(494976K), [Metaspace: 33131K->33131K(1079296K)], 0.0912785 secs] [Times: user=0.08 sys=0.00, real=0.09 secs] 
2022-05-10T17:19:20.537+0800: 25.399: Total time for which application threads were stopped: 0.0916546 seconds, Stopping threads took: 0.0000675 seconds
2022-05-10T17:19:20.537+0800: 25.399: Application time: 0.0000592 seconds
2022-05-10T17:19:20.557+0800: 25.419: [GC (CMS Initial Mark) [1 CMS-initial-mark: 207047K(341376K)] 210462K(494976K), 0.0009627 secs] [Times: user=0.00 sys=0.00, real=0.00 secs] 
2022-05-10T17:19:20.558+0800: 25.420: Total time for which application threads were stopped: 0.0212388 seconds, Stopping threads took: 0.0200752 seconds
2022-05-10T17:19:20.558+0800: 25.420: [CMS-concurrent-mark-start]
2022-05-10T17:19:20.558+0800: 25.420: Application time: 0.0000914 seconds
2022-05-10T17:19:20.559+0800: 25.420: [GC (Allocation Failure) 2022-05-10T17:19:20.559+0800: 25.420: [ParNew: 4097K->6K(153600K), 0.0013112 secs]2022-05-10T17:19:20.560+0800: 25.422: [CMS2022-05-10T17:19:20.587+0800: 25.449: [CMS-concurrent-mark: 0.021/0.029 secs] [Times: user=0.06 sys=0.00, real=0.03 secs] 
 (concurrent mode failure): 207047K->11736K(341376K), 0.1024827 secs] 211144K->11736K(494976K), [Metaspace: 33131K->33131K(1079296K)], 0.1040475 secs] [Times: user=0.13 sys=0.00, real=0.10 secs] 
2022-05-10T17:19:20.663+0800: 25.524: Total time for which application threads were stopped: 0.1043990 seconds, Stopping threads took: 0.0000516 seconds
2022-05-10T17:19:20.676+0800: 25.538: Application time: 0.0135632 seconds
2022-05-10T17:19:20.683+0800: 25.545: Total time for which application threads were stopped: 0.0068512 seconds, Stopping threads took: 0.0067410 seconds
2022-05-10T17:19:20.684+0800: 25.545: Application time: 0.0000671 seconds
2022-05-10T17:19:20.684+0800: 25.545: [GC (Allocation Failure) 2022-05-10T17:19:20.684+0800: 25.545: [ParNew: 4097K->83K(153600K), 0.0011571 secs]2022-05-10T17:19:20.685+0800: 25.546: [CMS: 207049K->11807K(341376K), 0.0885065 secs] 211146K->11807K(494976K), [Metaspace: 33194K->33194K(1079296K)], 0.0898546 secs] [Times: user=0.08 sys=0.00, real=0.09 secs] 
2022-05-10T17:19:20.773+0800: 25.635: Total time for which application threads were stopped: 0.0901129 seconds, Stopping threads took: 0.0000377 seconds
2022-05-10T17:19:20.773+0800: 25.635: Application time: 0.0000912 seconds
2022-05-10T17:19:20.789+0800: 25.651: [GC (CMS Initial Mark) [1 CMS-initial-mark: 207119K(341376K)] 210534K(494976K), 0.0008620 secs] [Times: user=0.00 sys=0.00, real=0.00 secs] 
2022-05-10T17:19:20.790+0800: 25.652: Total time for which application threads were stopped: 0.0166029 seconds, Stopping threads took: 0.0155606 seconds
2022-05-10T17:19:20.790+0800: 25.652: [CMS-concurrent-mark-start]
2022-05-10T17:19:20.790+0800: 25.652: Application time: 0.0000920 seconds
2022-05-10T17:19:20.790+0800: 25.652: [GC (Allocation Failure) 2022-05-10T17:19:20.790+0800: 25.652: [ParNew: 3414K->8K(153600K), 0.0010157 secs]2022-05-10T17:19:20.792+0800: 25.653: [CMS2022-05-10T17:19:20.825+0800: 25.687: [CMS-concurrent-mark: 0.023/0.035 secs] [Times: user=0.06 sys=0.00, real=0.04 secs] 
 (concurrent mode failure): 207119K->11761K(341376K), 0.1167712 secs] 210534K->11761K(494976K), [Metaspace: 33194K->33194K(1079296K)], 0.1180395 secs] [Times: user=0.14 sys=0.00, real=0.12 secs] 
2022-05-10T17:19:20.908+0800: 25.770: Total time for which application threads were stopped: 0.1182808 seconds, Stopping threads took: 0.0000451 seconds
2022-05-10T17:19:20.928+0800: 25.790: Application time: 0.0195392 seconds
2022-05-10T17:19:20.928+0800: 25.790: [GC (Allocation Failure) 2022-05-10T17:19:20.928+0800: 25.790: [ParNew: 4780K->149K(153600K), 0.0015747 secs]2022-05-10T17:19:20.930+0800: 25.792: [CMS: 207073K->11891K(341376K), 0.0969572 secs] 211853K->11891K(494976K), [Metaspace: 33337K->33337K(1079296K)], 0.0987805 secs] [Times: user=0.17 sys=0.00, real=0.10 secs] 
2022-05-10T17:19:21.027+0800: 25.889: Total time for which application threads were stopped: 0.0992297 seconds, Stopping threads took: 0.0001690 seconds
2022-05-10T17:19:21.027+0800: 25.889: Application time: 0.0000545 seconds
2022-05-10T17:19:21.043+0800: 25.905: [GC (CMS Initial Mark) [1 CMS-initial-mark: 207204K(341376K)] 209936K(494976K), 0.0008198 secs] [Times: user=0.00 sys=0.00, real=0.00 secs] 
2022-05-10T17:19:21.045+0800: 25.906: Total time for which application threads were stopped: 0.0170776 seconds, Stopping threads took: 0.0160822 seconds
2022-05-10T17:19:21.045+0800: 25.906: [CMS-concurrent-mark-start]
2022-05-10T17:19:21.045+0800: 25.906: Application time: 0.0000889 seconds
2022-05-10T17:19:21.045+0800: 25.906: [GC (Allocation Failure) 2022-05-10T17:19:21.045+0800: 25.906: [ParNew: 3414K->4K(153600K), 0.0014801 secs]2022-05-10T17:19:21.047+0800: 25.908: [CMS2022-05-10T17:19:21.076+0800: 25.937: [CMS-concurrent-mark: 0.024/0.031 secs] [Times: user=0.06 sys=0.00, real=0.03 secs] 
 (concurrent mode failure): 207204K->11882K(341376K), 0.1269758 secs] 210618K->11882K(494976K), [Metaspace: 33340K->33340K(1081344K)], 0.1286873 secs] [Times: user=0.16 sys=0.00, real=0.13 secs] 
2022-05-10T17:19:21.174+0800: 26.035: Total time for which application threads were stopped: 0.1290175 seconds, Stopping threads took: 0.0000938 seconds
2022-05-10T17:19:21.196+0800: 26.057: Application time: 0.0223831 seconds
2022-05-10T17:19:21.196+0800: 26.058: [GC (Allocation Failure) 2022-05-10T17:19:21.196+0800: 26.058: [ParNew: 4097K->133K(153600K), 0.0013912 secs]2022-05-10T17:19:21.198+0800: 26.059: [CMS: 207195K->11895K(341376K), 0.0916632 secs] 211292K->11895K(494976K), [Metaspace: 33426K->33426K(1081344K)], 0.0933488 secs] [Times: user=0.09 sys=0.00, real=0.09 secs] 
2022-05-10T17:19:21.290+0800: 26.151: Total time for which application threads were stopped: 0.0937665 seconds, Stopping threads took: 0.0000744 seconds
2022-05-10T17:19:21.290+0800: 26.151: Application time: 0.0000692 seconds
2022-05-10T17:19:21.312+0800: 26.173: [GC (CMS Initial Mark) [1 CMS-initial-mark: 207208K(341376K)] 210622K(494976K), 0.0009566 secs] [Times: user=0.00 sys=0.00, real=0.00 secs] 
2022-05-10T17:19:21.313+0800: 26.174: Total time for which application threads were stopped: 0.0227331 seconds, Stopping threads took: 0.0215637 seconds
2022-05-10T17:19:21.313+0800: 26.174: [CMS-concurrent-mark-start]
2022-05-10T17:19:21.313+0800: 26.174: Application time: 0.0001119 seconds
2022-05-10T17:19:21.313+0800: 26.174: [GC (Allocation Failure) 2022-05-10T17:19:21.313+0800: 26.174: [ParNew: 3414K->8K(153600K), 0.0011519 secs]2022-05-10T17:19:21.314+0800: 26.176: [CMS2022-05-10T17:19:21.343+0800: 26.205: [CMS-concurrent-mark: 0.026/0.031 secs] [Times: user=0.06 sys=0.00, real=0.03 secs] 
 (concurrent mode failure): 207208K->11877K(341376K), 0.1148020 secs] 210622K->11877K(494976K), [Metaspace: 33426K->33426K(1081344K)], 0.1163388 secs] [Times: user=0.14 sys=0.00, real=0.12 secs] 
2022-05-10T17:19:21.430+0800: 26.291: Total time for which application threads were stopped: 0.1167043 seconds, Stopping threads took: 0.0000585 seconds
2022-05-10T17:19:21.450+0800: 26.311: Application time: 0.0205352 seconds
2022-05-10T17:19:21.450+0800: 26.312: Total time for which application threads were stopped: 0.0001583 seconds, Stopping threads took: 0.0000528 seconds
2022-05-10T17:19:21.450+0800: 26.312: Application time: 0.0000588 seconds
2022-05-10T17:19:21.451+0800: 26.312: [GC (Allocation Failure) 2022-05-10T17:19:21.451+0800: 26.312: [ParNew: 4097K->139K(153600K), 0.0014572 secs]2022-05-10T17:19:21.452+0800: 26.313: [CMS: 207190K->11926K(341376K), 0.1031864 secs] 211287K->11926K(494976K), [Metaspace: 33523K->33523K(1081344K)], 0.1049050 secs] [Times: user=0.11 sys=0.00, real=0.11 secs] 
2022-05-10T17:19:21.556+0800: 26.417: Total time for which application threads were stopped: 0.1052220 seconds, Stopping threads took: 0.0000302 seconds
2022-05-10T17:19:21.556+0800: 26.417: Application time: 0.0000698 seconds
2022-05-10T17:19:21.576+0800: 26.437: [GC (CMS Initial Mark) [1 CMS-initial-mark: 207239K(341376K)] 209970K(494976K), 0.0008049 secs] [Times: user=0.00 sys=0.00, real=0.00 secs] 
2022-05-10T17:19:21.577+0800: 26.438: Total time for which application threads were stopped: 0.0213236 seconds, Stopping threads took: 0.0203663 seconds
2022-05-10T17:19:21.577+0800: 26.438: [CMS-concurrent-mark-start]
2022-05-10T17:19:21.577+0800: 26.438: Application time: 0.0001529 seconds
2022-05-10T17:19:21.578+0800: 26.439: [GC (GCLocker Initiated GC) 2022-05-10T17:19:21.578+0800: 26.439: [ParNew: 3414K->7K(153600K), 0.0012900 secs] 210653K->207246K(494976K), 0.0013785 secs] [Times: user=0.00 sys=0.00, real=0.00 secs] 
2022-05-10T17:19:21.579+0800: 26.440: Total time for which application threads were stopped: 0.0016317 seconds, Stopping threads took: 0.0000580 seconds
2022-05-10T17:19:21.579+0800: 26.440: Application time: 0.0000617 seconds
2022-05-10T17:19:21.579+0800: 26.440: [GC (Allocation Failure) 2022-05-10T17:19:21.579+0800: 26.440: [ParNew: 2738K->10K(153600K), 0.0011840 secs]2022-05-10T17:19:21.581+0800: 26.442: [CMS2022-05-10T17:19:21.611+0800: 26.472: [CMS-concurrent-mark: 0.026/0.033 secs] [Times: user=0.06 sys=0.00, real=0.03 secs] 
 (concurrent mode failure): 207239K->11932K(341376K), 0.1241521 secs] 209978K->11932K(494976K), [Metaspace: 33523K->33523K(1081344K)], 0.1255388 secs] [Times: user=0.16 sys=0.00, real=0.13 secs] 
2022-05-10T17:19:21.705+0800: 26.566: Total time for which application threads were stopped: 0.1258554 seconds, Stopping threads took: 0.0000497 seconds
2022-05-10T17:19:21.727+0800: 26.588: Application time: 0.0216612 seconds
2022-05-10T17:19:21.727+0800: 26.588: [GC (Allocation Failure) 2022-05-10T17:19:21.727+0800: 26.588: [ParNew: 3414K->125K(153600K), 0.0020248 secs]2022-05-10T17:19:21.729+0800: 26.590: [CMS: 207245K->11956K(341376K), 0.0978656 secs] 210659K->11956K(494976K), [Metaspace: 33655K->33655K(1081344K)], 0.1001538 secs] [Times: user=0.09 sys=0.00, real=0.10 secs] 
2022-05-10T17:19:21.826+0800: 26.688: Total time for which application threads were stopped: 0.1005196 seconds, Stopping threads took: 0.0000741 seconds
2022-05-10T17:19:21.827+0800: 26.688: Application time: 0.0000673 seconds
2022-05-10T17:19:21.849+0800: 26.711: [GC (CMS Initial Mark) [1 CMS-initial-mark: 207269K(341376K)] 210000K(494976K), 0.0007460 secs] [Times: user=0.00 sys=0.00, real=0.00 secs] 
2022-05-10T17:19:21.850+0800: 26.712: Total time for which application threads were stopped: 0.0235047 seconds, Stopping threads took: 0.0225993 seconds
2022-05-10T17:19:21.850+0800: 26.712: [CMS-concurrent-mark-start]
2022-05-10T17:19:21.850+0800: 26.712: Application time: 0.0000841 seconds
2022-05-10T17:19:21.850+0800: 26.712: [GC (Allocation Failure) 2022-05-10T17:19:21.850+0800: 26.712: [ParNew: 2731K->8K(153600K), 0.0011727 secs]2022-05-10T17:19:21.852+0800: 26.713: [CMS2022-05-10T17:19:21.892+0800: 26.753: [CMS-concurrent-mark: 0.026/0.042 secs] [Times: user=0.17 sys=0.00, real=0.04 secs] 
 (concurrent mode failure): 207269K->11926K(341376K), 0.1381823 secs] 210000K->11926K(494976K), [Metaspace: 33655K->33655K(1081344K)], 0.1395776 secs] [Times: user=0.25 sys=0.00, real=0.14 secs] 
2022-05-10T17:19:21.990+0800: 26.852: Total time for which application threads were stopped: 0.1398676 seconds, Stopping threads took: 0.0000504 seconds
2022-05-10T17:19:22.002+0800: 26.864: Application time: 0.0124733 seconds
2022-05-10T17:19:22.014+0800: 26.876: Total time for which application threads were stopped: 0.0115193 seconds, Stopping threads took: 0.0106986 seconds
2022-05-10T17:19:22.014+0800: 26.876: Application time: 0.0001004 seconds
2022-05-10T17:19:22.015+0800: 26.876: [GC (Allocation Failure) 2022-05-10T17:19:22.015+0800: 26.876: [ParNew: 4097K->55K(153600K), 0.0014164 secs]2022-05-10T17:19:22.017+0800: 26.878: [CMS: 207238K->11897K(341376K), 0.0917058 secs] 211336K->11897K(494976K), [Metaspace: 33691K->33691K(1081344K)], 0.0933783 secs] [Times: user=0.09 sys=0.00, real=0.09 secs] 
2022-05-10T17:19:22.108+0800: 26.970: Total time for which application threads were stopped: 0.0938814 seconds, Stopping threads took: 0.0002114 seconds
2022-05-10T17:19:22.109+0800: 26.970: Application time: 0.0000876 seconds
2022-05-10T17:19:22.129+0800: 26.990: [GC (CMS Initial Mark) [1 CMS-initial-mark: 207209K(341376K)] 210624K(494976K), 0.0008060 secs] [Times: user=0.00 sys=0.00, real=0.00 secs] 
2022-05-10T17:19:22.130+0800: 26.991: Total time for which application threads were stopped: 0.0214167 seconds, Stopping threads took: 0.0204451 seconds
2022-05-10T17:19:22.130+0800: 26.991: [CMS-concurrent-mark-start]
2022-05-10T17:19:22.130+0800: 26.991: Application time: 0.0001103 seconds
2022-05-10T17:19:22.130+0800: 26.992: [GC (Allocation Failure) 2022-05-10T17:19:22.130+0800: 26.992: [ParNew: 3414K->6K(153600K), 0.0011627 secs]2022-05-10T17:19:22.132+0800: 26.993: [CMS2022-05-10T17:19:22.169+0800: 27.031: [CMS-concurrent-mark: 0.025/0.039 secs] [Times: user=0.06 sys=0.00, real=0.04 secs] 
 (concurrent mode failure): 207209K->11889K(341376K), 0.1225377 secs] 210624K->11889K(494976K), [Metaspace: 33691K->33691K(1081344K)], 0.1239076 secs] [Times: user=0.14 sys=0.00, real=0.12 secs] 
2022-05-10T17:19:22.254+0800: 27.116: Total time for which application threads were stopped: 0.1242584 seconds, Stopping threads took: 0.0000696 seconds
2022-05-10T17:19:22.274+0800: 27.136: Application time: 0.0200595 seconds
2022-05-10T17:19:22.274+0800: 27.136: [GC (Allocation Failure) 2022-05-10T17:19:22.274+0800: 27.136: [ParNew: 3414K->165K(153600K), 0.0017888 secs]2022-05-10T17:19:22.276+0800: 27.138: [CMS: 207202K->12012K(341376K), 0.0937018 secs] 210616K->12012K(494976K), [Metaspace: 33806K->33806K(1081344K)], 0.0957658 secs] [Times: user=0.09 sys=0.00, real=0.10 secs] 
2022-05-10T17:19:22.371+0800: 27.232: Total time for which application threads were stopped: 0.0961174 seconds, Stopping threads took: 0.0000514 seconds
2022-05-10T17:19:22.371+0800: 27.232: Application time: 0.0000590 seconds
2022-05-10T17:19:22.390+0800: 27.252: [GC (CMS Initial Mark) [1 CMS-initial-mark: 207325K(341376K)] 210739K(494976K), 0.0008190 secs] [Times: user=0.00 sys=0.00, real=0.00 secs] 
2022-05-10T17:19:22.391+0800: 27.253: Total time for which application threads were stopped: 0.0207776 seconds, Stopping threads took: 0.0197871 seconds
2022-05-10T17:19:22.391+0800: 27.253: [CMS-concurrent-mark-start]
2022-05-10T17:19:22.391+0800: 27.253: Application time: 0.0000965 seconds
2022-05-10T17:19:22.392+0800: 27.253: [GC (Allocation Failure) 2022-05-10T17:19:22.392+0800: 27.253: [ParNew: 3414K->7K(153600K), 0.0009738 secs]2022-05-10T17:19:22.393+0800: 27.254: [CMS2022-05-10T17:19:22.416+0800: 27.278: [CMS-concurrent-mark: 0.023/0.025 secs] [Times: user=0.06 sys=0.00, real=0.03 secs] 
 (concurrent mode failure): 207325K->12009K(341376K), 0.1122680 secs] 210739K->12009K(494976K), [Metaspace: 33806K->33806K(1081344K)], 0.1134330 secs] [Times: user=0.14 sys=0.00, real=0.11 secs] 
2022-05-10T17:19:22.505+0800: 27.367: Total time for which application threads were stopped: 0.1137160 seconds, Stopping threads took: 0.0000462 seconds
2022-05-10T17:19:22.528+0800: 27.389: Application time: 0.0224248 seconds
2022-05-10T17:19:22.528+0800: 27.389: [GC (Allocation Failure) 2022-05-10T17:19:22.528+0800: 27.389: [ParNew: 4097K->89K(153600K), 0.0015807 secs]2022-05-10T17:19:22.530+0800: 27.391: [CMS: 207322K->12007K(341376K), 0.0961832 secs] 211419K->12007K(494976K), [Metaspace: 33875K->33875K(1081344K)], 0.0980105 secs] [Times: user=0.09 sys=0.00, real=0.10 secs] 
2022-05-10T17:19:22.625+0800: 27.487: Total time for which application threads were stopped: 0.0983005 seconds, Stopping threads took: 0.0000473 seconds
2022-05-10T17:19:22.626+0800: 27.487: Application time: 0.0000756 seconds
2022-05-10T17:19:22.646+0800: 27.507: [GC (CMS Initial Mark) [1 CMS-initial-mark: 207320K(341376K)] 211417K(494976K), 0.0008680 secs] [Times: user=0.00 sys=0.00, real=0.00 secs] 
2022-05-10T17:19:22.646+0800: 27.508: Total time for which application threads were stopped: 0.0205151 seconds, Stopping threads took: 0.0194388 seconds
2022-05-10T17:19:22.646+0800: 27.508: [CMS-concurrent-mark-start]
2022-05-10T17:19:22.646+0800: 27.508: Application time: 0.0002342 seconds
2022-05-10T17:19:22.646+0800: 27.508: [GC (Allocation Failure) 2022-05-10T17:19:22.646+0800: 27.508: [ParNew: 4097K->8K(153600K), 0.0010283 secs]2022-05-10T17:19:22.648+0800: 27.509: [CMS2022-05-10T17:19:22.684+0800: 27.546: [CMS-concurrent-mark: 0.023/0.038 secs] [Times: user=0.08 sys=0.00, real=0.04 secs] 
 (concurrent mode failure): 207320K->11950K(341376K), 0.1141095 secs] 211417K->11950K(494976K), [Metaspace: 33875K->33875K(1081344K)], 0.1153681 secs] [Times: user=0.16 sys=0.00, real=0.12 secs] 
2022-05-10T17:19:22.762+0800: 27.624: Total time for which application threads were stopped: 0.1157006 seconds, Stopping threads took: 0.0000595 seconds
2022-05-10T17:19:22.784+0800: 27.645: Application time: 0.0213975 seconds
2022-05-10T17:19:22.784+0800: 27.645: [GC (Allocation Failure) 2022-05-10T17:19:22.784+0800: 27.645: [ParNew: 3414K->72K(153600K), 0.0019040 secs]2022-05-10T17:19:22.786+0800: 27.647: [CMS: 207262K->12002K(341376K), 0.0914430 secs] 210677K->12002K(494976K), [Metaspace: 33909K->33909K(1081344K)], 0.0936278 secs] [Times: user=0.09 sys=0.00, real=0.09 secs] 
2022-05-10T17:19:22.877+0800: 27.739: Total time for which application threads were stopped: 0.0939848 seconds, Stopping threads took: 0.0000429 seconds
2022-05-10T17:19:22.877+0800: 27.739: Application time: 0.0000664 seconds
2022-05-10T17:19:22.894+0800: 27.756: [GC (CMS Initial Mark) [1 CMS-initial-mark: 207314K(341376K)] 210046K(494976K), 0.0007315 secs] [Times: user=0.00 sys=0.00, real=0.00 secs] 
2022-05-10T17:19:22.895+0800: 27.757: Total time for which application threads were stopped: 0.0175712 seconds, Stopping threads took: 0.0167090 seconds
2022-05-10T17:19:22.895+0800: 27.757: [CMS-concurrent-mark-start]
2022-05-10T17:19:22.895+0800: 27.757: Application time: 0.0001668 seconds
2022-05-10T17:19:22.895+0800: 27.757: [GC (Allocation Failure) 2022-05-10T17:19:22.895+0800: 27.757: [ParNew: 3414K->15K(153600K), 0.0016702 secs]2022-05-10T17:19:22.897+0800: 27.759: [CMS2022-05-10T17:19:22.921+0800: 27.782: [CMS-concurrent-mark: 0.023/0.026 secs] [Times: user=0.06 sys=0.00, real=0.03 secs] 
 (concurrent mode failure): 207314K->11981K(341376K), 0.1036559 secs] 210729K->11981K(494976K), [Metaspace: 33909K->33909K(1081344K)], 0.1055428 secs] [Times: user=0.14 sys=0.00, real=0.11 secs] 
2022-05-10T17:19:23.001+0800: 27.863: Total time for which application threads were stopped: 0.1058390 seconds, Stopping threads took: 0.0000610 seconds
2022-05-10T17:19:23.022+0800: 27.883: Application time: 0.0205441 seconds
2022-05-10T17:19:23.022+0800: 27.884: [GC (Allocation Failure) 2022-05-10T17:19:23.022+0800: 27.884: [ParNew: 4097K->111K(153600K), 0.0016721 secs]2022-05-10T17:19:23.024+0800: 27.885: [CMS: 207293K->12076K(341376K), 0.0919697 secs] 211390K->12076K(494976K), [Metaspace: 34001K->34001K(1081344K)], 0.0938506 secs] [Times: user=0.16 sys=0.00, real=0.09 secs] 
2022-05-10T17:19:23.116+0800: 27.978: Total time for which application threads were stopped: 0.0942548 seconds, Stopping threads took: 0.0001494 seconds
2022-05-10T17:19:23.117+0800: 27.978: Application time: 0.0000703 seconds
2022-05-10T17:19:23.134+0800: 27.995: [GC (CMS Initial Mark) [1 CMS-initial-mark: 207388K(341376K)] 210803K(494976K), 0.0006793 secs] [Times: user=0.00 sys=0.00, real=0.00 secs] 
2022-05-10T17:19:23.135+0800: 27.996: Total time for which application threads were stopped: 0.0180101 seconds, Stopping threads took: 0.0171857 seconds
2022-05-10T17:19:23.135+0800: 27.996: [CMS-concurrent-mark-start]
2022-05-10T17:19:23.135+0800: 27.996: Application time: 0.0000852 seconds
2022-05-10T17:19:23.135+0800: 27.996: [GC (Allocation Failure) 2022-05-10T17:19:23.135+0800: 27.996: [ParNew: 3414K->6K(153600K), 0.0011454 secs]2022-05-10T17:19:23.136+0800: 27.997: [CMS2022-05-10T17:19:23.170+0800: 28.031: [CMS-concurrent-mark: 0.024/0.036 secs] [Times: user=0.06 sys=0.00, real=0.04 secs] 
 (concurrent mode failure): 207388K->12001K(341376K), 0.1087636 secs] 210803K->12001K(494976K), [Metaspace: 34001K->34001K(1081344K)], 0.1101116 secs] [Times: user=0.14 sys=0.00, real=0.11 secs] 
2022-05-10T17:19:23.245+0800: 28.106: Total time for which application threads were stopped: 0.1103732 seconds, Stopping threads took: 0.0000312 seconds
2022-05-10T17:19:23.262+0800: 28.124: Application time: 0.0175676 seconds
2022-05-10T17:19:23.263+0800: 28.124: [GC (Allocation Failure) 2022-05-10T17:19:23.263+0800: 28.124: [ParNew: 4097K->94K(153600K), 0.0014454 secs]2022-05-10T17:19:23.264+0800: 28.126: [CMS: 207314K->12075K(341376K), 0.0850700 secs] 211411K->12075K(494976K), [Metaspace: 34084K->34084K(1081344K)], 0.0867921 secs] [Times: user=0.08 sys=0.00, real=0.09 secs] 
2022-05-10T17:19:23.350+0800: 28.211: Total time for which application threads were stopped: 0.0871592 seconds, Stopping threads took: 0.0000402 seconds
2022-05-10T17:19:23.350+0800: 28.211: Application time: 0.0000557 seconds
2022-05-10T17:19:23.370+0800: 28.231: [GC (CMS Initial Mark) [1 CMS-initial-mark: 207387K(341376K)] 210119K(494976K), 0.0008088 secs] [Times: user=0.00 sys=0.00, real=0.00 secs] 
2022-05-10T17:19:23.370+0800: 28.232: Total time for which application threads were stopped: 0.0205988 seconds, Stopping threads took: 0.0196454 seconds
2022-05-10T17:19:23.371+0800: 28.232: [CMS-concurrent-mark-start]
2022-05-10T17:19:23.371+0800: 28.232: Application time: 0.0001106 seconds
2022-05-10T17:19:23.371+0800: 28.232: [GC (Allocation Failure) 2022-05-10T17:19:23.371+0800: 28.232: [ParNew: 3414K->11K(153600K), 0.0010360 secs]2022-05-10T17:19:23.372+0800: 28.233: [CMS2022-05-10T17:19:23.402+0800: 28.263: [CMS-concurrent-mark: 0.021/0.031 secs] [Times: user=0.06 sys=0.00, real=0.03 secs] 
 (concurrent mode failure): 207387K->12076K(341376K), 0.1043595 secs] 210802K->12076K(494976K), [Metaspace: 34084K->34084K(1081344K)], 0.1055714 secs] [Times: user=0.13 sys=0.00, real=0.11 secs] 
2022-05-10T17:19:23.476+0800: 28.338: Total time for which application threads were stopped: 0.1058174 seconds, Stopping threads took: 0.0000265 seconds
2022-05-10T17:19:23.494+0800: 28.356: Application time: 0.0179992 seconds
2022-05-10T17:19:23.494+0800: 28.356: [GC (Allocation Failure) 2022-05-10T17:19:23.494+0800: 28.356: [ParNew: 4097K->69K(153600K), 0.0018661 secs]2022-05-10T17:19:23.496+0800: 28.358: [CMS: 207389K->12082K(341376K), 0.0873222 secs] 211486K->12082K(494976K), [Metaspace: 34131K->34131K(1081344K)], 0.0893626 secs] [Times: user=0.08 sys=0.00, real=0.09 secs] 
2022-05-10T17:19:23.583+0800: 28.445: Total time for which application threads were stopped: 0.0896090 seconds, Stopping threads took: 0.0000316 seconds
2022-05-10T17:19:23.583+0800: 28.445: Application time: 0.0001150 seconds
2022-05-10T17:19:23.599+0800: 28.460: [GC (CMS Initial Mark) [1 CMS-initial-mark: 207395K(341376K)] 210809K(494976K), 0.0010488 secs] [Times: user=0.00 sys=0.00, real=0.00 secs] 
2022-05-10T17:19:23.600+0800: 28.461: Total time for which application threads were stopped: 0.0158661 seconds, Stopping threads took: 0.0144872 seconds
2022-05-10T17:19:23.600+0800: 28.461: [CMS-concurrent-mark-start]
2022-05-10T17:19:23.600+0800: 28.461: Application time: 0.0001242 seconds
2022-05-10T17:19:23.600+0800: 28.461: [GC (Allocation Failure) 2022-05-10T17:19:23.600+0800: 28.461: [ParNew: 4097K->11K(153600K), 0.0009886 secs]2022-05-10T17:19:23.601+0800: 28.462: [CMS2022-05-10T17:19:23.637+0800: 28.499: [CMS-concurrent-mark: 0.024/0.037 secs] [Times: user=0.17 sys=0.00, real=0.04 secs] 
 (concurrent mode failure): 207395K->12048K(341376K), 0.1044296 secs] 211492K->12048K(494976K), [Metaspace: 34131K->34131K(1081344K)], 0.1055986 secs] [Times: user=0.23 sys=0.00, real=0.11 secs] 
2022-05-10T17:19:23.706+0800: 28.567: Total time for which application threads were stopped: 0.1058411 seconds, Stopping threads took: 0.0000304 seconds
2022-05-10T17:19:23.724+0800: 28.585: Application time: 0.0179922 seconds
2022-05-10T17:19:23.724+0800: 28.585: Total time for which application threads were stopped: 0.0000957 seconds, Stopping threads took: 0.0000348 seconds
2022-05-10T17:19:23.724+0800: 28.585: Application time: 0.0000518 seconds
2022-05-10T17:19:23.724+0800: 28.585: [GC (Allocation Failure) 2022-05-10T17:19:23.724+0800: 28.586: [ParNew: 4780K->81K(153600K), 0.0011889 secs]2022-05-10T17:19:23.726+0800: 28.587: [CMS: 207360K->12111K(341376K), 0.0739157 secs] 212140K->12111K(494976K), [Metaspace: 34175K->34175K(1081344K)], 0.0753135 secs] [Times: user=0.06 sys=0.00, real=0.08 secs] 
2022-05-10T17:19:23.799+0800: 28.661: Total time for which application threads were stopped: 0.0756129 seconds, Stopping threads took: 0.0000459 seconds
2022-05-10T17:19:23.800+0800: 28.661: Application time: 0.0000838 seconds
2022-05-10T17:19:23.817+0800: 28.679: [GC (GCLocker Initiated GC) 2022-05-10T17:19:23.817+0800: 28.679: [ParNew: 2731K->3K(153600K), 0.0010177 secs] 210155K->207427K(494976K), 0.0010992 secs] [Times: user=0.00 sys=0.00, real=0.00 secs] 
2022-05-10T17:19:23.819+0800: 28.680: Total time for which application threads were stopped: 0.0192576 seconds, Stopping threads took: 0.0179638 seconds
2022-05-10T17:19:23.819+0800: 28.681: Application time: 0.0002336 seconds
2022-05-10T17:19:23.819+0800: 28.681: [GC (Allocation Failure) 2022-05-10T17:19:23.819+0800: 28.681: [ParNew: 3417K->10K(153600K), 0.0011837 secs]2022-05-10T17:19:23.821+0800: 28.682: [CMS: 207424K->12072K(341376K), 0.0717278 secs] 210842K->12072K(494976K), [Metaspace: 34179K->34179K(1081344K)], 0.0731095 secs] [Times: user=0.11 sys=0.00, real=0.07 secs] 
2022-05-10T17:19:23.893+0800: 28.754: Total time for which application threads were stopped: 0.0735114 seconds, Stopping threads took: 0.0001171 seconds
2022-05-10T17:19:23.893+0800: 28.754: Application time: 0.0001401 seconds
2022-05-10T17:19:23.910+0800: 28.771: [GC (CMS Initial Mark) [1 CMS-initial-mark: 207385K(341376K)] 208068K(494976K), 0.0006277 secs] [Times: user=0.00 sys=0.00, real=0.00 secs] 
2022-05-10T17:19:23.911+0800: 28.772: Total time for which application threads were stopped: 0.0177999 seconds, Stopping threads took: 0.0170589 seconds
2022-05-10T17:19:23.911+0800: 28.772: [CMS-concurrent-mark-start]
2022-05-10T17:19:23.911+0800: 28.772: Application time: 0.0001149 seconds
2022-05-10T17:19:23.911+0800: 28.772: [GC (Allocation Failure) 2022-05-10T17:19:23.911+0800: 28.772: [ParNew: 3414K->14K(153600K), 0.0010872 secs]2022-05-10T17:19:23.912+0800: 28.773: [CMS2022-05-10T17:19:23.937+0800: 28.798: [CMS-concurrent-mark: 0.024/0.026 secs] [Times: user=0.06 sys=0.00, real=0.03 secs] 
 (concurrent mode failure): 207385K->12068K(341376K), 0.0946652 secs] 210799K->12068K(494976K), [Metaspace: 34180K->34180K(1081344K)], 0.0959193 secs] [Times: user=0.13 sys=0.00, real=0.10 secs] 
2022-05-10T17:19:24.007+0800: 28.868: Total time for which application threads were stopped: 0.0961601 seconds, Stopping threads took: 0.0000464 seconds
2022-05-10T17:19:24.011+0800: 28.873: Application time: 0.0047109 seconds
2022-05-10T17:19:24.024+0800: 28.885: Total time for which application threads were stopped: 0.0122594 seconds, Stopping threads took: 0.0121676 seconds
2022-05-10T17:19:24.024+0800: 28.885: Application time: 0.0000684 seconds
2022-05-10T17:19:24.024+0800: 28.885: [GC (Allocation Failure) 2022-05-10T17:19:24.024+0800: 28.886: [ParNew: 4780K->31K(153600K), 0.0010328 secs]2022-05-10T17:19:24.025+0800: 28.887: [CMS: 207381K->12076K(341376K), 0.0770575 secs] 212161K->12076K(494976K), [Metaspace: 34199K->34199K(1081344K)], 0.0783234 secs] [Times: user=0.08 sys=0.00, real=0.08 secs] 
2022-05-10T17:19:24.103+0800: 28.964: Total time for which application threads were stopped: 0.0786770 seconds, Stopping threads took: 0.0000810 seconds
2022-05-10T17:19:24.103+0800: 28.964: Application time: 0.0000853 seconds
2022-05-10T17:19:24.120+0800: 28.982: [GC (CMS Initial Mark) [1 CMS-initial-mark: 207389K(341376K)] 210120K(494976K), 0.0007295 secs] [Times: user=0.00 sys=0.00, real=0.00 secs] 
2022-05-10T17:19:24.121+0800: 28.983: Total time for which application threads were stopped: 0.0185881 seconds, Stopping threads took: 0.0177411 seconds
2022-05-10T17:19:24.121+0800: 28.983: [CMS-concurrent-mark-start]
2022-05-10T17:19:24.121+0800: 28.983: Application time: 0.0001789 seconds
2022-05-10T17:19:24.121+0800: 28.983: [GC (Allocation Failure) 2022-05-10T17:19:24.121+0800: 28.983: [ParNew: 3414K->12K(153600K), 0.0010613 secs]2022-05-10T17:19:24.123+0800: 28.984: [CMS2022-05-10T17:19:24.151+0800: 29.013: [CMS-concurrent-mark: 0.022/0.030 secs] [Times: user=0.06 sys=0.00, real=0.03 secs] 
 (concurrent mode failure): 207389K->12072K(341376K), 0.1013774 secs] 210803K->12072K(494976K), [Metaspace: 34199K->34199K(1081344K)], 0.1026201 secs] [Times: user=0.13 sys=0.00, real=0.10 secs] 
2022-05-10T17:19:24.225+0800: 29.086: Total time for which application threads were stopped: 0.1029680 seconds, Stopping threads took: 0.0000557 seconds
2022-05-10T17:19:24.240+0800: 29.101: Application time: 0.0155775 seconds
2022-05-10T17:19:24.240+0800: 29.102: [GC (Allocation Failure) 2022-05-10T17:19:24.241+0800: 29.102: [ParNew: 4097K->127K(153600K), 0.0010666 secs]2022-05-10T17:19:24.242+0800: 29.103: [CMS: 207384K->12178K(341376K), 0.0860334 secs] 211481K->12178K(494976K), [Metaspace: 34295K->34295K(1081344K)], 0.0872801 secs] [Times: user=0.09 sys=0.00, real=0.09 secs] 
2022-05-10T17:19:24.327+0800: 29.189: Total time for which application threads were stopped: 0.0874887 seconds, Stopping threads took: 0.0000309 seconds
2022-05-10T17:19:24.328+0800: 29.189: Application time: 0.0001150 seconds
2022-05-10T17:19:24.345+0800: 29.207: [GC (CMS Initial Mark) [1 CMS-initial-mark: 207490K(341376K)] 210905K(494976K), 0.0006640 secs] [Times: user=0.00 sys=0.00, real=0.00 secs] 
2022-05-10T17:19:24.346+0800: 29.207: Total time for which application threads were stopped: 0.0182507 seconds, Stopping threads took: 0.0174692 seconds
2022-05-10T17:19:24.346+0800: 29.207: [CMS-concurrent-mark-start]
2022-05-10T17:19:24.346+0800: 29.207: Application time: 0.0000828 seconds
2022-05-10T17:19:24.346+0800: 29.207: [GC (Allocation Failure) 2022-05-10T17:19:24.346+0800: 29.208: [ParNew: 3414K->4K(153600K), 0.0010067 secs]2022-05-10T17:19:24.347+0800: 29.209: [CMS2022-05-10T17:19:24.372+0800: 29.234: [CMS-concurrent-mark: 0.022/0.027 secs] [Times: user=0.05 sys=0.00, real=0.03 secs] 
 (concurrent mode failure): 207490K->12097K(341376K), 0.0954405 secs] 210905K->12097K(494976K), [Metaspace: 34295K->34295K(1081344K)], 0.0966335 secs] [Times: user=0.11 sys=0.00, real=0.10 secs] 
2022-05-10T17:19:24.443+0800: 29.304: Total time for which application threads were stopped: 0.0968875 seconds, Stopping threads took: 0.0000298 seconds
2022-05-10T17:19:24.462+0800: 29.323: Application time: 0.0183799 seconds
2022-05-10T17:19:24.462+0800: 29.323: [GC (Allocation Failure) 2022-05-10T17:19:24.462+0800: 29.323: [ParNew: 4097K->140K(153600K), 0.0010562 secs]2022-05-10T17:19:24.463+0800: 29.324: [CMS: 207410K->12219K(341376K), 0.0789827 secs] 211507K->12219K(494976K), [Metaspace: 34394K->34394K(1081344K)], 0.0802428 secs] [Times: user=0.06 sys=0.00, real=0.08 secs] 
2022-05-10T17:19:24.541+0800: 29.403: Total time for which application threads were stopped: 0.0807624 seconds, Stopping threads took: 0.0002971 seconds
2022-05-10T17:19:24.542+0800: 29.404: Application time: 0.0001191 seconds
2022-05-10T17:19:24.559+0800: 29.420: [GC (CMS Initial Mark) [1 CMS-initial-mark: 207531K(341376K)] 210946K(494976K), 0.0007180 secs] [Times: user=0.00 sys=0.00, real=0.00 secs] 
2022-05-10T17:19:24.559+0800: 29.421: Total time for which application threads were stopped: 0.0175119 seconds, Stopping threads took: 0.0166753 seconds
2022-05-10T17:19:24.559+0800: 29.421: [CMS-concurrent-mark-start]
2022-05-10T17:19:24.559+0800: 29.421: Application time: 0.0000702 seconds
2022-05-10T17:19:24.559+0800: 29.421: [GC (Allocation Failure) 2022-05-10T17:19:24.559+0800: 29.421: [ParNew: 3414K->9K(153600K), 0.0010533 secs]2022-05-10T17:19:24.561+0800: 29.422: [CMS2022-05-10T17:19:24.587+0800: 29.449: [CMS-concurrent-mark: 0.019/0.028 secs] [Times: user=0.05 sys=0.00, real=0.03 secs] 
 (concurrent mode failure): 207531K->12154K(341376K), 0.0994585 secs] 210946K->12154K(494976K), [Metaspace: 34394K->34394K(1081344K)], 0.1006995 secs] [Times: user=0.11 sys=0.00, real=0.10 secs] 
2022-05-10T17:19:24.661+0800: 29.522: Total time for which application threads were stopped: 0.1010073 seconds, Stopping threads took: 0.0000480 seconds
2022-05-10T17:19:24.695+0800: 29.556: Application time: 0.0341936 seconds
2022-05-10T17:19:24.711+0800: 29.572: Total time for which application threads were stopped: 0.0155092 seconds, Stopping threads took: 0.0153838 seconds
2022-05-10T17:19:24.711+0800: 29.572: Application time: 0.0000784 seconds
2022-05-10T17:19:24.711+0800: 29.572: [GC (Allocation Failure) 2022-05-10T17:19:24.711+0800: 29.572: [ParNew: 3414K->32K(153600K), 0.0012701 secs]2022-05-10T17:19:24.712+0800: 29.573: [CMS: 207466K->12175K(341376K), 0.0771268 secs] 210881K->12175K(494976K), [Metaspace: 34422K->34422K(1081344K)], 0.0786161 secs] [Times: user=0.08 sys=0.00, real=0.08 secs] 
2022-05-10T17:19:24.789+0800: 29.651: Total time for which application threads were stopped: 0.0789120 seconds, Stopping threads took: 0.0000588 seconds
2022-05-10T17:19:24.793+0800: 29.654: Application time: 0.0034960 seconds
2022-05-10T17:19:24.811+0800: 29.672: [GC (CMS Initial Mark) [1 CMS-initial-mark: 207488K(341376K)] 210219K(494976K), 0.0010065 secs] [Times: user=0.00 sys=0.00, real=0.00 secs] 
2022-05-10T17:19:24.812+0800: 29.673: Total time for which application threads were stopped: 0.0187967 seconds, Stopping threads took: 0.0175609 seconds
2022-05-10T17:19:24.812+0800: 29.673: [CMS-concurrent-mark-start]
2022-05-10T17:19:24.816+0800: 29.677: Application time: 0.0042802 seconds
2022-05-10T17:19:24.816+0800: 29.678: Total time for which application threads were stopped: 0.0001564 seconds, Stopping threads took: 0.0000506 seconds
2022-05-10T17:19:24.816+0800: 29.678: Application time: 0.0000619 seconds
2022-05-10T17:19:24.817+0800: 29.678: [GC (Allocation Failure) 2022-05-10T17:19:24.817+0800: 29.678: [ParNew: 4097K->21K(153600K), 0.0010370 secs]2022-05-10T17:19:24.818+0800: 29.679: [CMS2022-05-10T17:19:24.842+0800: 29.703: [CMS-concurrent-mark: 0.028/0.030 secs] [Times: user=0.06 sys=0.00, real=0.03 secs] 
 (concurrent mode failure): 207488K->12177K(341376K), 0.1136113 secs] 211585K->12177K(494976K), [Metaspace: 34428K->34428K(1081344K)], 0.1149056 secs] [Times: user=0.16 sys=0.00, real=0.12 secs] 
2022-05-10T17:19:24.932+0800: 29.793: Total time for which application threads were stopped: 0.1152425 seconds, Stopping threads took: 0.0000316 seconds
2022-05-10T17:19:24.952+0800: 29.813: Application time: 0.0197094 seconds
2022-05-10T17:19:24.952+0800: 29.813: [GC (Allocation Failure) 2022-05-10T17:19:24.952+0800: 29.813: [ParNew: 2731K->201K(153600K), 0.0014752 secs]2022-05-10T17:19:24.953+0800: 29.814: [CMS: 207490K->12366K(341376K), 0.0899054 secs] 210222K->12366K(494976K), [Metaspace: 34575K->34575K(1081344K)], 0.0915953 secs] [Times: user=0.09 sys=0.00, real=0.09 secs] 
2022-05-10T17:19:25.043+0800: 29.905: Total time for which application threads were stopped: 0.0919064 seconds, Stopping threads took: 0.0000643 seconds
2022-05-10T17:19:25.043+0800: 29.905: Application time: 0.0000618 seconds
2022-05-10T17:19:25.060+0800: 29.921: [GC (CMS Initial Mark) [1 CMS-initial-mark: 207679K(341376K)] 210410K(494976K), 0.0007328 secs] [Times: user=0.00 sys=0.00, real=0.00 secs] 
2022-05-10T17:19:25.061+0800: 29.922: Total time for which application threads were stopped: 0.0176663 seconds, Stopping threads took: 0.0167771 seconds
2022-05-10T17:19:25.061+0800: 29.922: [CMS-concurrent-mark-start]
2022-05-10T17:19:25.061+0800: 29.922: Application time: 0.0000923 seconds
2022-05-10T17:19:25.061+0800: 29.922: [GC (Allocation Failure) 2022-05-10T17:19:25.061+0800: 29.923: [ParNew: 2731K->5K(153600K), 0.0010980 secs]2022-05-10T17:19:25.063+0800: 29.924: [CMS2022-05-10T17:19:25.093+0800: 29.954: [CMS-concurrent-mark: 0.025/0.032 secs] [Times: user=0.06 sys=0.00, real=0.03 secs] 
 (concurrent mode failure): 207679K->12304K(341376K), 0.1232524 secs] 210410K->12304K(494976K), [Metaspace: 34575K->34575K(1081344K)], 0.1245710 secs] [Times: user=0.16 sys=0.00, real=0.12 secs] 
2022-05-10T17:19:25.185+0800: 30.047: Total time for which application threads were stopped: 0.1248527 seconds, Stopping threads took: 0.0000422 seconds
2022-05-10T17:19:25.205+0800: 30.066: Application time: 0.0187579 seconds
2022-05-10T17:19:25.205+0800: 30.066: [GC (Allocation Failure) 2022-05-10T17:19:25.205+0800: 30.066: [ParNew: 4097K->135K(153600K), 0.0014358 secs]2022-05-10T17:19:25.207+0800: 30.068: [CMS: 207616K->12374K(341376K), 0.0890544 secs] 211714K->12374K(494976K), [Metaspace: 34656K->34656K(1081344K)], 0.0907206 secs] [Times: user=0.09 sys=0.00, real=0.09 secs] 
2022-05-10T17:19:25.295+0800: 30.157: Total time for which application threads were stopped: 0.0910552 seconds, Stopping threads took: 0.0000593 seconds
2022-05-10T17:19:25.296+0800: 30.157: Application time: 0.0000968 seconds
2022-05-10T17:19:25.314+0800: 30.175: [GC (CMS Initial Mark) [1 CMS-initial-mark: 207686K(341376K)] 210418K(494976K), 0.0009358 secs] [Times: user=0.00 sys=0.00, real=0.00 secs] 
2022-05-10T17:19:25.315+0800: 30.176: Total time for which application threads were stopped: 0.0191556 seconds, Stopping threads took: 0.0180612 seconds
2022-05-10T17:19:25.315+0800: 30.176: [CMS-concurrent-mark-start]
2022-05-10T17:19:25.315+0800: 30.176: Application time: 0.0001299 seconds
2022-05-10T17:19:25.315+0800: 30.177: [GC (Allocation Failure) 2022-05-10T17:19:25.315+0800: 30.177: [ParNew: 2731K->10K(153600K), 0.0013303 secs]2022-05-10T17:19:25.317+0800: 30.178: [CMS2022-05-10T17:19:25.353+0800: 30.214: [CMS-concurrent-mark: 0.022/0.038 secs] [Times: user=0.06 sys=0.00, real=0.04 secs] 
 (concurrent mode failure): 207686K->12336K(341376K), 0.1117081 secs] 210418K->12336K(494976K), [Metaspace: 34663K->34663K(1081344K)], 0.1132263 secs] [Times: user=0.13 sys=0.00, real=0.11 secs] 
2022-05-10T17:19:25.429+0800: 30.290: Total time for which application threads were stopped: 0.1137595 seconds, Stopping threads took: 0.0003096 seconds
2022-05-10T17:19:25.446+0800: 30.307: Application time: 0.0170939 seconds
2022-05-10T17:19:25.446+0800: 30.307: [GC (Allocation Failure) 2022-05-10T17:19:25.446+0800: 30.307: [ParNew: 2731K->263K(153600K), 0.0013007 secs]2022-05-10T17:19:25.448+0800: 30.309: [CMS: 207649K->12530K(341376K), 0.0908190 secs] 210381K->12530K(494976K), [Metaspace: 34763K->34763K(1081344K)], 0.0923514 secs] [Times: user=0.08 sys=0.00, real=0.09 secs] 
2022-05-10T17:19:25.539+0800: 30.400: Total time for which application threads were stopped: 0.0927079 seconds, Stopping threads took: 0.0000504 seconds
2022-05-10T17:19:25.539+0800: 30.400: Application time: 0.0000642 seconds
2022-05-10T17:19:25.559+0800: 30.420: [GC (CMS Initial Mark) [1 CMS-initial-mark: 207843K(341376K)] 207843K(494976K), 0.0008167 secs] [Times: user=0.00 sys=0.00, real=0.00 secs] 
2022-05-10T17:19:25.560+0800: 30.421: Total time for which application threads were stopped: 0.0210853 seconds, Stopping threads took: 0.0200951 seconds
2022-05-10T17:19:25.560+0800: 30.421: [CMS-concurrent-mark-start]
2022-05-10T17:19:25.560+0800: 30.421: Application time: 0.0001156 seconds
2022-05-10T17:19:25.560+0800: 30.421: [GC (Allocation Failure) 2022-05-10T17:19:25.560+0800: 30.421: [ParNew: 2731K->15K(153600K), 0.0009482 secs]2022-05-10T17:19:25.561+0800: 30.422: [CMS2022-05-10T17:19:25.592+0800: 30.453: [CMS-concurrent-mark: 0.025/0.032 secs] [Times: user=0.06 sys=0.00, real=0.03 secs] 
 (concurrent mode failure): 207843K->12527K(341376K), 0.1038846 secs] 210574K->12527K(494976K), [Metaspace: 34763K->34763K(1081344K)], 0.1050443 secs] [Times: user=0.13 sys=0.00, real=0.11 secs] 
2022-05-10T17:19:25.665+0800: 30.527: Total time for which application threads were stopped: 0.1053327 seconds, Stopping threads took: 0.0000501 seconds
2022-05-10T17:19:25.682+0800: 30.543: Application time: 0.0165899 seconds
2022-05-10T17:19:25.682+0800: 30.543: [GC (Allocation Failure) 2022-05-10T17:19:25.682+0800: 30.543: [ParNew: 2731K->71K(153600K), 0.0013273 secs]2022-05-10T17:19:25.684+0800: 30.545: [CMS: 207839K->12517K(341376K), 0.0818996 secs] 210571K->12517K(494976K), [Metaspace: 34794K->34794K(1081344K)], 0.0834669 secs] [Times: user=0.08 sys=0.00, real=0.08 secs] 
2022-05-10T17:19:25.765+0800: 30.627: Total time for which application threads were stopped: 0.0837544 seconds, Stopping threads took: 0.0000314 seconds
2022-05-10T17:19:25.765+0800: 30.627: Application time: 0.0000799 seconds
2022-05-10T17:19:25.781+0800: 30.643: [GC (CMS Initial Mark) [1 CMS-initial-mark: 207830K(341376K)] 207830K(494976K), 0.0009617 secs] [Times: user=0.00 sys=0.00, real=0.00 secs] 
2022-05-10T17:19:25.783+0800: 30.644: Total time for which application threads were stopped: 0.0172363 seconds, Stopping threads took: 0.0160941 seconds
2022-05-10T17:19:25.783+0800: 30.644: [CMS-concurrent-mark-start]
2022-05-10T17:19:25.783+0800: 30.644: Application time: 0.0001787 seconds
2022-05-10T17:19:25.784+0800: 30.645: [GC (Allocation Failure) 2022-05-10T17:19:25.784+0800: 30.645: [ParNew: 2731K->2K(153600K), 0.0012641 secs]2022-05-10T17:19:25.785+0800: 30.646: [CMS2022-05-10T17:19:25.810+0800: 30.672: [CMS-concurrent-mark: 0.024/0.027 secs] [Times: user=0.06 sys=0.00, real=0.03 secs] 
 (concurrent mode failure): 207830K->12496K(341376K), 0.1041431 secs] 210561K->12496K(494976K), [Metaspace: 34794K->34794K(1081344K)], 0.1057360 secs] [Times: user=0.14 sys=0.00, real=0.11 secs] 
2022-05-10T17:19:25.889+0800: 30.751: Total time for which application threads were stopped: 0.1060765 seconds, Stopping threads took: 0.0000750 seconds
2022-05-10T17:19:25.909+0800: 30.770: Application time: 0.0196942 seconds
2022-05-10T17:19:25.910+0800: 30.771: [GC (Allocation Failure) 2022-05-10T17:19:25.910+0800: 30.771: [ParNew: 4780K->26K(153600K), 0.0012715 secs]2022-05-10T17:19:25.911+0800: 30.772: [CMS: 207809K->12485K(341376K), 0.0815328 secs] 212589K->12485K(494976K), [Metaspace: 34794K->34794K(1081344K)], 0.0830971 secs] [Times: user=0.09 sys=0.00, real=0.08 secs] 
2022-05-10T17:19:25.992+0800: 30.854: Total time for which application threads were stopped: 0.0838730 seconds, Stopping threads took: 0.0004480 seconds
2022-05-10T17:19:25.992+0800: 30.854: Application time: 0.0001213 seconds
2022-05-10T17:19:26.011+0800: 30.873: [GC (CMS Initial Mark) [1 CMS-initial-mark: 207798K(341376K)] 207798K(494976K), 0.0007277 secs] [Times: user=0.00 sys=0.00, real=0.00 secs] 
2022-05-10T17:19:26.012+0800: 30.874: Total time for which application threads were stopped: 0.0192536 seconds, Stopping threads took: 0.0183642 seconds
2022-05-10T17:19:26.012+0800: 30.874: [CMS-concurrent-mark-start]
2022-05-10T17:19:26.012+0800: 30.874: Application time: 0.0000757 seconds
2022-05-10T17:19:26.012+0800: 30.874: [GC (Allocation Failure) 2022-05-10T17:19:26.012+0800: 30.874: [ParNew: 2731K->12K(153600K), 0.0010001 secs]2022-05-10T17:19:26.014+0800: 30.875: [CMS2022-05-10T17:19:26.041+0800: 30.903: [CMS-concurrent-mark: 0.022/0.030 secs] [Times: user=0.06 sys=0.00, real=0.03 secs] 
 (concurrent mode failure): 207798K->12493K(341376K), 0.1087462 secs] 210529K->12493K(494976K), [Metaspace: 34794K->34794K(1081344K)], 0.1099402 secs] [Times: user=0.14 sys=0.00, real=0.11 secs] 
2022-05-10T17:19:26.123+0800: 30.984: Total time for which application threads were stopped: 0.1101774 seconds, Stopping threads took: 0.0000339 seconds
2022-05-10T17:19:26.145+0800: 31.006: Application time: 0.0220361 seconds
2022-05-10T17:19:26.145+0800: 31.006: [GC (Allocation Failure) 2022-05-10T17:19:26.145+0800: 31.006: [ParNew: 2731K->12K(153600K), 0.0012863 secs]2022-05-10T17:19:26.146+0800: 31.007: [CMS: 207806K->12473K(341376K), 0.0955515 secs] 210537K->12473K(494976K), [Metaspace: 34794K->34794K(1081344K)], 0.0970848 secs] [Times: user=0.11 sys=0.00, real=0.10 secs] 
2022-05-10T17:19:26.242+0800: 31.103: Total time for which application threads were stopped: 0.0974182 seconds, Stopping threads took: 0.0000557 seconds
2022-05-10T17:19:26.249+0800: 31.110: Application time: 0.0067550 seconds
2022-05-10T17:19:26.268+0800: 31.130: [GC (CMS Initial Mark) [1 CMS-initial-mark: 207785K(341376K)] 211200K(494976K), 0.0010657 secs] [Times: user=0.00 sys=0.00, real=0.00 secs] 
2022-05-10T17:19:26.270+0800: 31.131: Total time for which application threads were stopped: 0.0207804 seconds, Stopping threads took: 0.0195510 seconds
2022-05-10T17:19:26.270+0800: 31.131: [CMS-concurrent-mark-start]
2022-05-10T17:19:26.270+0800: 31.131: Application time: 0.0000852 seconds
2022-05-10T17:19:26.270+0800: 31.131: [GC (Allocation Failure) 2022-05-10T17:19:26.270+0800: 31.131: [ParNew: 3414K->14K(153600K), 0.0011063 secs]2022-05-10T17:19:26.271+0800: 31.132: [CMS2022-05-10T17:19:26.308+0800: 31.170: [CMS-concurrent-mark: 0.025/0.039 secs] [Times: user=0.06 sys=0.00, real=0.04 secs] 
 (concurrent mode failure): 207785K->12473K(341376K), 0.1290865 secs] 211200K->12473K(494976K), [Metaspace: 34794K->34794K(1081344K)], 0.1304268 secs] [Times: user=0.16 sys=0.00, real=0.13 secs] 
2022-05-10T17:19:26.400+0800: 31.262: Total time for which application threads were stopped: 0.1307262 seconds, Stopping threads took: 0.0000212 seconds
2022-05-10T17:19:26.421+0800: 31.282: Application time: 0.0201263 seconds
2022-05-10T17:19:26.421+0800: 31.282: [GC (Allocation Failure) 2022-05-10T17:19:26.421+0800: 31.282: [ParNew: 2731K->16K(153600K), 0.0015129 secs]2022-05-10T17:19:26.422+0800: 31.284: [CMS: 207785K->12473K(341376K), 0.0929993 secs] 210517K->12473K(494976K), [Metaspace: 34794K->34794K(1081344K)], 0.0947713 secs] [Times: user=0.09 sys=0.00, real=0.09 secs] 
2022-05-10T17:19:26.515+0800: 31.377: Total time for which application threads were stopped: 0.0950668 seconds, Stopping threads took: 0.0000372 seconds
2022-05-10T17:19:26.515+0800: 31.377: Application time: 0.0000738 seconds
2022-05-10T17:19:26.537+0800: 31.399: [GC (CMS Initial Mark) [1 CMS-initial-mark: 207785K(341376K)] 210517K(494976K), 0.0008255 secs] [Times: user=0.00 sys=0.00, real=0.00 secs] 
2022-05-10T17:19:26.538+0800: 31.399: Total time for which application threads were stopped: 0.0225623 seconds, Stopping threads took: 0.0215727 seconds
2022-05-10T17:19:26.538+0800: 31.400: [CMS-concurrent-mark-start]
2022-05-10T17:19:26.538+0800: 31.400: Application time: 0.0000856 seconds
2022-05-10T17:19:26.538+0800: 31.400: [GC (Allocation Failure) 2022-05-10T17:19:26.538+0800: 31.400: [ParNew: 2731K->6K(153600K), 0.0012190 secs]2022-05-10T17:19:26.540+0800: 31.401: [CMS2022-05-10T17:19:26.576+0800: 31.438: [CMS-concurrent-mark: 0.028/0.039 secs] [Times: user=0.16 sys=0.00, real=0.04 secs] 
 (concurrent mode failure): 207785K->12474K(341376K), 0.1143883 secs] 210517K->12474K(494976K), [Metaspace: 34794K->34794K(1081344K)], 0.1158192 secs] [Times: user=0.23 sys=0.00, real=0.12 secs] 
2022-05-10T17:19:26.654+0800: 31.516: Total time for which application threads were stopped: 0.1160870 seconds, Stopping threads took: 0.0000383 seconds
2022-05-10T17:19:26.672+0800: 31.534: Application time: 0.0181264 seconds
2022-05-10T17:19:26.672+0800: 31.534: [GC (Allocation Failure) 2022-05-10T17:19:26.672+0800: 31.534: [ParNew: 3619K->26K(153600K), 0.0010763 secs]2022-05-10T17:19:26.674+0800: 31.535: [CMS: 207787K->12473K(341376K), 0.0809966 secs] 211406K->12473K(494976K), [Metaspace: 34794K->34794K(1081344K)], 0.0822668 secs] [Times: user=0.08 sys=0.00, real=0.08 secs] 
2022-05-10T17:19:26.755+0800: 31.616: Total time for which application threads were stopped: 0.0825175 seconds, Stopping threads took: 0.0000338 seconds
2022-05-10T17:19:26.755+0800: 31.616: Application time: 0.0000795 seconds
2022-05-10T17:19:26.773+0800: 31.634: [GC (CMS Initial Mark) [1 CMS-initial-mark: 207785K(341376K)] 210517K(494976K), 0.0006697 secs] [Times: user=0.05 sys=0.00, real=0.00 secs] 
2022-05-10T17:19:26.774+0800: 31.635: Total time for which application threads were stopped: 0.0188005 seconds, Stopping threads took: 0.0179824 seconds
2022-05-10T17:19:26.774+0800: 31.635: [CMS-concurrent-mark-start]
2022-05-10T17:19:26.774+0800: 31.635: Application time: 0.0000757 seconds
2022-05-10T17:19:26.774+0800: 31.635: [GC (Allocation Failure) 2022-05-10T17:19:26.774+0800: 31.635: [ParNew: 2731K->12K(153600K), 0.0010559 secs]2022-05-10T17:19:26.775+0800: 31.637: [CMS2022-05-10T17:19:26.806+0800: 31.668: [CMS-concurrent-mark: 0.024/0.032 secs] [Times: user=0.05 sys=0.00, real=0.03 secs] 
 (concurrent mode failure): 207785K->12475K(341376K), 0.1105170 secs] 210517K->12475K(494976K), [Metaspace: 34794K->34794K(1081344K)], 0.1117615 secs] [Times: user=0.13 sys=0.00, real=0.11 secs] 
2022-05-10T17:19:26.885+0800: 31.747: Total time for which application threads were stopped: 0.1120282 seconds, Stopping threads took: 0.0000309 seconds
2022-05-10T17:19:26.905+0800: 31.767: Application time: 0.0194583 seconds
2022-05-10T17:19:26.905+0800: 31.767: [GC (Allocation Failure) 2022-05-10T17:19:26.905+0800: 31.767: [ParNew: 4780K->24K(153600K), 0.0010407 secs]2022-05-10T17:19:26.907+0800: 31.768: [CMS: 207787K->12473K(341376K), 0.0832701 secs] 212567K->12473K(494976K), [Metaspace: 34794K->34794K(1081344K)], 0.0845450 secs] [Times: user=0.08 sys=0.00, real=0.09 secs] 
2022-05-10T17:19:26.990+0800: 31.852: Total time for which application threads were stopped: 0.0848558 seconds, Stopping threads took: 0.0000474 seconds
2022-05-10T17:19:26.990+0800: 31.852: Application time: 0.0000606 seconds
2022-05-10T17:19:27.008+0800: 31.869: [GC (CMS Initial Mark) [1 CMS-initial-mark: 207785K(341376K)] 210517K(494976K), 0.0006703 secs] [Times: user=0.00 sys=0.00, real=0.00 secs] 
2022-05-10T17:19:27.009+0800: 31.870: Total time for which application threads were stopped: 0.0181313 seconds, Stopping threads took: 0.0173216 seconds
2022-05-10T17:19:27.009+0800: 31.870: [CMS-concurrent-mark-start]
2022-05-10T17:19:27.009+0800: 31.870: Application time: 0.0001128 seconds
2022-05-10T17:19:27.009+0800: 31.870: [GC (Allocation Failure) 2022-05-10T17:19:27.009+0800: 31.870: [ParNew: 2731K->10K(153600K), 0.0009943 secs]2022-05-10T17:19:27.010+0800: 31.871: [CMS2022-05-10T17:19:27.039+0800: 31.901: [CMS-concurrent-mark: 0.022/0.031 secs] [Times: user=0.06 sys=0.00, real=0.03 secs] 
 (concurrent mode failure): 207785K->12478K(341376K), 0.1031505 secs] 210517K->12478K(494976K), [Metaspace: 34794K->34794K(1081344K)], 0.1042998 secs] [Times: user=0.13 sys=0.00, real=0.10 secs] 
2022-05-10T17:19:27.113+0800: 31.975: Total time for which application threads were stopped: 0.1046057 seconds, Stopping threads took: 0.0000525 seconds
2022-05-10T17:19:27.134+0800: 31.996: Application time: 0.0209400 seconds
2022-05-10T17:19:27.134+0800: 31.996: [GC (Allocation Failure) 2022-05-10T17:19:27.134+0800: 31.996: [ParNew: 2731K->20K(153600K), 0.0015739 secs]2022-05-10T17:19:27.136+0800: 31.997: [CMS: 207790K->12473K(341376K), 0.0795434 secs] 210522K->12473K(494976K), [Metaspace: 34794K->34794K(1081344K)], 0.0813315 secs] [Times: user=0.08 sys=0.00, real=0.08 secs] 
2022-05-10T17:19:27.215+0800: 32.077: Total time for which application threads were stopped: 0.0816152 seconds, Stopping threads took: 0.0000477 seconds
2022-05-10T17:19:27.216+0800: 32.077: Application time: 0.0000783 seconds
2022-05-10T17:19:27.231+0800: 32.092: [GC (CMS Initial Mark) [1 CMS-initial-mark: 207785K(341376K)] 210517K(494976K), 0.0006828 secs] [Times: user=0.00 sys=0.00, real=0.00 secs] 
2022-05-10T17:19:27.232+0800: 32.093: Total time for which application threads were stopped: 0.0159050 seconds, Stopping threads took: 0.0150881 seconds
2022-05-10T17:19:27.232+0800: 32.093: [CMS-concurrent-mark-start]
2022-05-10T17:19:27.232+0800: 32.093: Application time: 0.0000792 seconds
2022-05-10T17:19:27.232+0800: 32.093: [GC (Allocation Failure) 2022-05-10T17:19:27.232+0800: 32.093: [ParNew: 2731K->8K(153600K), 0.0009491 secs]2022-05-10T17:19:27.233+0800: 32.094: [CMS2022-05-10T17:19:27.256+0800: 32.117: [CMS-concurrent-mark: 0.021/0.024 secs] [Times: user=0.01 sys=0.00, real=0.02 secs] 
 (concurrent mode failure): 207785K->12475K(341376K), 0.1014920 secs] 210517K->12475K(494976K), [Metaspace: 34794K->34794K(1081344K)], 0.1026671 secs] [Times: user=0.09 sys=0.00, real=0.10 secs] 
2022-05-10T17:19:27.335+0800: 32.196: Total time for which application threads were stopped: 0.1029333 seconds, Stopping threads took: 0.0000316 seconds
2022-05-10T17:19:27.355+0800: 32.216: Application time: 0.0194540 seconds
2022-05-10T17:19:27.355+0800: 32.216: [GC (Allocation Failure) 2022-05-10T17:19:27.355+0800: 32.216: [ParNew: 3414K->20K(153600K), 0.0015263 secs]2022-05-10T17:19:27.356+0800: 32.217: [CMS: 207787K->12473K(341376K), 0.0791736 secs] 211202K->12473K(494976K), [Metaspace: 34794K->34794K(1081344K)], 0.0809781 secs] [Times: user=0.08 sys=0.00, real=0.08 secs] 
2022-05-10T17:19:27.435+0800: 32.297: Total time for which application threads were stopped: 0.0813197 seconds, Stopping threads took: 0.0000384 seconds
2022-05-10T17:19:27.436+0800: 32.297: Application time: 0.0001921 seconds
2022-05-10T17:19:27.454+0800: 32.316: [GC (CMS Initial Mark) [1 CMS-initial-mark: 207785K(341376K)] 210517K(494976K), 0.0006484 secs] [Times: user=0.00 sys=0.00, real=0.00 secs] 
2022-05-10T17:19:27.455+0800: 32.316: Total time for which application threads were stopped: 0.0191349 seconds, Stopping threads took: 0.0183450 seconds
2022-05-10T17:19:27.455+0800: 32.316: [CMS-concurrent-mark-start]
2022-05-10T17:19:27.455+0800: 32.316: Application time: 0.0000775 seconds
2022-05-10T17:19:27.455+0800: 32.316: [GC (Allocation Failure) 2022-05-10T17:19:27.455+0800: 32.317: [ParNew: 2731K->2K(153600K), 0.0013887 secs]2022-05-10T17:19:27.457+0800: 32.318: [CMS2022-05-10T17:19:27.491+0800: 32.352: [CMS-concurrent-mark: 0.025/0.036 secs] [Times: user=0.03 sys=0.00, real=0.04 secs] 
 (concurrent mode failure): 207785K->12475K(341376K), 0.1155968 secs] 210517K->12475K(494976K), [Metaspace: 34794K->34794K(1081344K)], 0.1172007 secs] [Times: user=0.11 sys=0.00, real=0.12 secs] 
2022-05-10T17:19:27.572+0800: 32.434: Total time for which application threads were stopped: 0.1174652 seconds, Stopping threads took: 0.0000459 seconds
2022-05-10T17:19:27.591+0800: 32.453: Application time: 0.0187839 seconds
2022-05-10T17:19:27.591+0800: 32.453: [GC (Allocation Failure) 2022-05-10T17:19:27.591+0800: 32.453: [ParNew: 3619K->22K(153600K), 0.0011109 secs]2022-05-10T17:19:27.593+0800: 32.454: [CMS: 207787K->12473K(341376K), 0.0943300 secs] 211407K->12473K(494976K), [Metaspace: 34794K->34794K(1081344K)], 0.0956854 secs] [Times: user=0.09 sys=0.00, real=0.10 secs] 
2022-05-10T17:19:27.687+0800: 32.549: Total time for which application threads were stopped: 0.0960117 seconds, Stopping threads took: 0.0000439 seconds
2022-05-10T17:19:27.688+0800: 32.549: Application time: 0.0000697 seconds
2022-05-10T17:19:27.706+0800: 32.567: [GC (CMS Initial Mark) [1 CMS-initial-mark: 207786K(341376K)] 210517K(494976K), 0.0011259 secs] [Times: user=0.00 sys=0.00, real=0.00 secs] 
2022-05-10T17:19:27.706+0800: 32.568: Total time for which application threads were stopped: 0.0191182 seconds, Stopping threads took: 0.0177137 seconds
2022-05-10T17:19:27.706+0800: 32.568: [CMS-concurrent-mark-start]
2022-05-10T17:19:27.706+0800: 32.568: Application time: 0.0001838 seconds
2022-05-10T17:19:27.707+0800: 32.568: [GC (Allocation Failure) 2022-05-10T17:19:27.707+0800: 32.569: [ParNew: 2731K->2K(153600K), 0.0012126 secs]2022-05-10T17:19:27.709+0800: 32.570: [CMS2022-05-10T17:19:27.743+0800: 32.605: [CMS-concurrent-mark: 0.028/0.037 secs] [Times: user=0.06 sys=0.00, real=0.04 secs] 
 (concurrent mode failure): 207786K->12475K(341376K), 0.1130299 secs] 210517K->12475K(494976K), [Metaspace: 34794K->34794K(1081344K)], 0.1145710 secs] [Times: user=0.14 sys=0.00, real=0.12 secs] 
2022-05-10T17:19:27.822+0800: 32.683: Total time for which application threads were stopped: 0.1150822 seconds, Stopping threads took: 0.0001179 seconds
2022-05-10T17:19:27.841+0800: 32.702: Application time: 0.0188115 seconds
2022-05-10T17:19:27.841+0800: 32.702: [GC (Allocation Failure) 2022-05-10T17:19:27.841+0800: 32.702: [ParNew: 2731K->16K(153600K), 0.0011836 secs]2022-05-10T17:19:27.842+0800: 32.703: [CMS: 207787K->12473K(341376K), 0.0844653 secs] 210519K->12473K(494976K), [Metaspace: 34794K->34794K(1081344K)], 0.0858967 secs] [Times: user=0.08 sys=0.00, real=0.09 secs] 
2022-05-10T17:19:27.927+0800: 32.788: Total time for which application threads were stopped: 0.0862074 seconds, Stopping threads took: 0.0000466 seconds
2022-05-10T17:19:27.927+0800: 32.788: Application time: 0.0000743 seconds
2022-05-10T17:19:27.945+0800: 32.806: [GC (CMS Initial Mark) [1 CMS-initial-mark: 207786K(341376K)] 212566K(494976K), 0.0006571 secs] [Times: user=0.00 sys=0.00, real=0.00 secs] 
2022-05-10T17:19:27.945+0800: 32.807: Total time for which application threads were stopped: 0.0184643 seconds, Stopping threads took: 0.0176695 seconds
2022-05-10T17:19:27.946+0800: 32.807: [CMS-concurrent-mark-start]
2022-05-10T17:19:27.946+0800: 32.807: Application time: 0.0001112 seconds
2022-05-10T17:19:27.946+0800: 32.807: [GC (Allocation Failure) 2022-05-10T17:19:27.946+0800: 32.807: [ParNew: 4780K->8K(153600K), 0.0011027 secs]2022-05-10T17:19:27.947+0800: 32.808: [CMS2022-05-10T17:19:27.973+0800: 32.834: [CMS-concurrent-mark: 0.022/0.028 secs] [Times: user=0.03 sys=0.00, real=0.03 secs] 
 (concurrent mode failure): 207786K->12475K(341376K), 0.1012304 secs] 212566K->12475K(494976K), [Metaspace: 34794K->34794K(1081344K)], 0.1024931 secs] [Times: user=0.11 sys=0.00, real=0.10 secs] 
2022-05-10T17:19:28.048+0800: 32.910: Total time for which application threads were stopped: 0.1026907 seconds, Stopping threads took: 0.0000214 seconds
2022-05-10T17:19:28.068+0800: 32.929: Application time: 0.0195775 seconds
2022-05-10T17:19:28.068+0800: 32.929: [GC (Allocation Failure) 2022-05-10T17:19:28.068+0800: 32.929: [ParNew: 2731K->20K(153600K), 0.0012906 secs]2022-05-10T17:19:28.070+0800: 32.931: [CMS: 207788K->12473K(341376K), 0.0864613 secs] 210519K->12473K(494976K), [Metaspace: 34794K->34794K(1081344K)], 0.0879776 secs] [Times: user=0.09 sys=0.00, real=0.09 secs] 
2022-05-10T17:19:28.155+0800: 33.017: Total time for which application threads were stopped: 0.0882552 seconds, Stopping threads took: 0.0000422 seconds
2022-05-10T17:19:28.156+0800: 33.017: Application time: 0.0000811 seconds
2022-05-10T17:19:28.176+0800: 33.037: [GC (CMS Initial Mark) [1 CMS-initial-mark: 207786K(341376K)] 210517K(494976K), 0.0008398 secs] [Times: user=0.00 sys=0.00, real=0.00 secs] 
2022-05-10T17:19:28.177+0800: 33.038: Total time for which application threads were stopped: 0.0207542 seconds, Stopping threads took: 0.0197734 seconds
2022-05-10T17:19:28.177+0800: 33.038: [CMS-concurrent-mark-start]
2022-05-10T17:19:28.177+0800: 33.038: Application time: 0.0000736 seconds
2022-05-10T17:19:28.177+0800: 33.038: [GC (Allocation Failure) 2022-05-10T17:19:28.177+0800: 33.038: [ParNew: 2731K->6K(153600K), 0.0010496 secs]2022-05-10T17:19:28.178+0800: 33.039: [CMS2022-05-10T17:19:28.210+0800: 33.071: [CMS-concurrent-mark: 0.025/0.033 secs] [Times: user=0.03 sys=0.00, real=0.03 secs] 
 (concurrent mode failure): 207786K->12475K(341376K), 0.1129390 secs] 210517K->12475K(494976K), [Metaspace: 34794K->34794K(1081344K)], 0.1141897 secs] [Times: user=0.13 sys=0.00, real=0.11 secs] 
2022-05-10T17:19:28.291+0800: 33.153: Total time for which application threads were stopped: 0.1144456 seconds, Stopping threads took: 0.0000243 seconds
2022-05-10T17:19:28.314+0800: 33.176: Application time: 0.0230173 seconds
2022-05-10T17:19:28.314+0800: 33.176: [GC (Allocation Failure) 2022-05-10T17:19:28.314+0800: 33.176: [ParNew: 3619K->22K(153600K), 0.0013143 secs]2022-05-10T17:19:28.316+0800: 33.177: [CMS: 207788K->12473K(341376K), 0.0863680 secs] 211407K->12473K(494976K), [Metaspace: 34795K->34795K(1081344K)], 0.0879005 secs] [Times: user=0.09 sys=0.00, real=0.09 secs] 
2022-05-10T17:19:28.402+0800: 33.264: Total time for which application threads were stopped: 0.0881666 seconds, Stopping threads took: 0.0000377 seconds
2022-05-10T17:19:28.403+0800: 33.264: Application time: 0.0000718 seconds
2022-05-10T17:19:28.420+0800: 33.281: [GC (CMS Initial Mark) [1 CMS-initial-mark: 207786K(341376K)] 210517K(494976K), 0.0007820 secs] [Times: user=0.00 sys=0.00, real=0.00 secs] 
2022-05-10T17:19:28.421+0800: 33.282: Total time for which application threads were stopped: 0.0181287 seconds, Stopping threads took: 0.0171662 seconds
2022-05-10T17:19:28.421+0800: 33.282: [CMS-concurrent-mark-start]
2022-05-10T17:19:28.421+0800: 33.282: Application time: 0.0000822 seconds
2022-05-10T17:19:28.421+0800: 33.282: [GC (Allocation Failure) 2022-05-10T17:19:28.421+0800: 33.282: [ParNew: 3414K->8K(153600K), 0.0010100 secs]2022-05-10T17:19:28.422+0800: 33.283: [CMS2022-05-10T17:19:28.448+0800: 33.309: [CMS-concurrent-mark: 0.025/0.027 secs] [Times: user=0.06 sys=0.00, real=0.03 secs] 
 (concurrent mode failure): 207786K->12475K(341376K), 0.1172570 secs] 211200K->12475K(494976K), [Metaspace: 34795K->34795K(1081344K)], 0.1185126 secs] [Times: user=0.16 sys=0.00, real=0.12 secs] 
2022-05-10T17:19:28.540+0800: 33.401: Total time for which application threads were stopped: 0.1188358 seconds, Stopping threads took: 0.0000387 seconds
2022-05-10T17:19:28.560+0800: 33.422: Application time: 0.0210533 seconds
2022-05-10T17:19:28.561+0800: 33.422: [GC (Allocation Failure) 2022-05-10T17:19:28.561+0800: 33.423: [ParNew: 2731K->22K(153600K), 0.0015018 secs]2022-05-10T17:19:28.563+0800: 33.424: [CMS: 207787K->12473K(341376K), 0.0943157 secs] 210519K->12473K(494976K), [Metaspace: 34795K->34795K(1081344K)], 0.0961261 secs] [Times: user=0.09 sys=0.00, real=0.10 secs] 
2022-05-10T17:19:28.657+0800: 33.519: Total time for which application threads were stopped: 0.0965803 seconds, Stopping threads took: 0.0000839 seconds
2022-05-10T17:19:28.657+0800: 33.519: Application time: 0.0001505 seconds
2022-05-10T17:19:28.677+0800: 33.538: [GC (CMS Initial Mark) [1 CMS-initial-mark: 207786K(341376K)] 210517K(494976K), 0.0006752 secs] [Times: user=0.00 sys=0.00, real=0.00 secs] 
2022-05-10T17:19:28.678+0800: 33.539: Total time for which application threads were stopped: 0.0203597 seconds, Stopping threads took: 0.0195609 seconds
2022-05-10T17:19:28.678+0800: 33.539: [CMS-concurrent-mark-start]
2022-05-10T17:19:28.678+0800: 33.539: Application time: 0.0000804 seconds
2022-05-10T17:19:28.678+0800: 33.539: [GC (Allocation Failure) 2022-05-10T17:19:28.678+0800: 33.539: [ParNew: 2731K->8K(153600K), 0.0010520 secs]2022-05-10T17:19:28.679+0800: 33.541: [CMS2022-05-10T17:19:28.708+0800: 33.569: [CMS-concurrent-mark: 0.022/0.030 secs] [Times: user=0.13 sys=0.00, real=0.03 secs] 
 (concurrent mode failure): 207786K->12476K(341376K), 0.1050804 secs] 210517K->12476K(494976K), [Metaspace: 34795K->34795K(1081344K)], 0.1063610 secs] [Times: user=0.20 sys=0.00, real=0.11 secs] 
2022-05-10T17:19:28.785+0800: 33.646: Total time for which application threads were stopped: 0.1066877 seconds, Stopping threads took: 0.0000533 seconds
2022-05-10T17:19:28.806+0800: 33.667: Application time: 0.0209328 seconds
2022-05-10T17:19:28.806+0800: 33.667: [GC (Allocation Failure) 2022-05-10T17:19:28.806+0800: 33.667: [ParNew: 2731K->22K(153600K), 0.0010239 secs]2022-05-10T17:19:28.807+0800: 33.668: [CMS: 207788K->12473K(341376K), 0.0785942 secs] 210520K->12473K(494976K), [Metaspace: 34795K->34795K(1081344K)], 0.0798106 secs] [Times: user=0.08 sys=0.00, real=0.08 secs] 
2022-05-10T17:19:28.886+0800: 33.747: Total time for which application threads were stopped: 0.0800535 seconds, Stopping threads took: 0.0000321 seconds
2022-05-10T17:19:28.886+0800: 33.747: Application time: 0.0000831 seconds
2022-05-10T17:19:28.906+0800: 33.767: [GC (CMS Initial Mark) [1 CMS-initial-mark: 207786K(341376K)] 210517K(494976K), 0.0006939 secs] [Times: user=0.00 sys=0.00, real=0.00 secs] 
2022-05-10T17:19:28.906+0800: 33.768: Total time for which application threads were stopped: 0.0205279 seconds, Stopping threads took: 0.0196742 seconds
2022-05-10T17:19:28.906+0800: 33.768: [CMS-concurrent-mark-start]
2022-05-10T17:19:28.907+0800: 33.768: Application time: 0.0000838 seconds
2022-05-10T17:19:28.907+0800: 33.768: [GC (Allocation Failure) 2022-05-10T17:19:28.907+0800: 33.768: [ParNew: 2731K->10K(153600K), 0.0010653 secs]2022-05-10T17:19:28.908+0800: 33.769: [CMS2022-05-10T17:19:28.947+0800: 33.808: [CMS-concurrent-mark: 0.025/0.041 secs] [Times: user=0.06 sys=0.00, real=0.04 secs] 
 (concurrent mode failure): 207786K->12475K(341376K), 0.1131696 secs] 210517K->12475K(494976K), [Metaspace: 34795K->34795K(1081344K)], 0.1144305 secs] [Times: user=0.13 sys=0.00, real=0.11 secs] 
2022-05-10T17:19:29.021+0800: 33.882: Total time for which application threads were stopped: 0.1147748 seconds, Stopping threads took: 0.0001011 seconds
2022-05-10T17:19:29.043+0800: 33.905: Application time: 0.0226997 seconds
2022-05-10T17:19:29.044+0800: 33.905: [GC (Allocation Failure) 2022-05-10T17:19:29.044+0800: 33.906: [ParNew: 4780K->24K(153600K), 0.0012956 secs]2022-05-10T17:19:29.046+0800: 33.907: [CMS: 207787K->12473K(341376K), 0.0849635 secs] 212568K->12473K(494976K), [Metaspace: 34795K->34795K(1081344K)], 0.0865356 secs] [Times: user=0.08 sys=0.00, real=0.09 secs] 
2022-05-10T17:19:29.130+0800: 33.992: Total time for which application threads were stopped: 0.0869210 seconds, Stopping threads took: 0.0000644 seconds
2022-05-10T17:19:29.131+0800: 33.992: Application time: 0.0000581 seconds
2022-05-10T17:19:29.149+0800: 34.011: [GC (CMS Initial Mark) [1 CMS-initial-mark: 207786K(341376K)] 210517K(494976K), 0.0006405 secs] [Times: user=0.00 sys=0.00, real=0.00 secs] 
2022-05-10T17:19:29.150+0800: 34.011: Total time for which application threads were stopped: 0.0192277 seconds, Stopping threads took: 0.0184396 seconds
2022-05-10T17:19:29.150+0800: 34.011: [CMS-concurrent-mark-start]
2022-05-10T17:19:29.150+0800: 34.011: Application time: 0.0000847 seconds
2022-05-10T17:19:29.150+0800: 34.012: [GC (Allocation Failure) 2022-05-10T17:19:29.150+0800: 34.012: [ParNew: 2731K->6K(153600K), 0.0011598 secs]2022-05-10T17:19:29.152+0800: 34.013: [CMS2022-05-10T17:19:29.179+0800: 34.041: [CMS-concurrent-mark: 0.025/0.029 secs] [Times: user=0.03 sys=0.00, real=0.03 secs] 
 (concurrent mode failure): 207786K->12475K(341376K), 0.1098183 secs] 210517K->12475K(494976K), [Metaspace: 34795K->34795K(1081344K)], 0.1112290 secs] [Times: user=0.13 sys=0.00, real=0.11 secs] 
2022-05-10T17:19:29.262+0800: 34.123: Total time for which application threads were stopped: 0.1114847 seconds, Stopping threads took: 0.0000256 seconds
2022-05-10T17:19:29.281+0800: 34.142: Application time: 0.0194268 seconds
2022-05-10T17:19:29.282+0800: 34.143: [GC (Allocation Failure) 2022-05-10T17:19:29.282+0800: 34.143: [ParNew: 2731K->22K(153600K), 0.0011225 secs]2022-05-10T17:19:29.283+0800: 34.144: [CMS: 207788K->12473K(341376K), 0.0878413 secs] 210519K->12473K(494976K), [Metaspace: 34795K->34795K(1081344K)], 0.0893272 secs] [Times: user=0.09 sys=0.00, real=0.09 secs] 
2022-05-10T17:19:29.371+0800: 34.232: Total time for which application threads were stopped: 0.0896688 seconds, Stopping threads took: 0.0000432 seconds
2022-05-10T17:19:29.371+0800: 34.232: Application time: 0.0001199 seconds
2022-05-10T17:19:29.387+0800: 34.249: [GC (CMS Initial Mark) [1 CMS-initial-mark: 207786K(341376K)] 210517K(494976K), 0.0007532 secs] [Times: user=0.00 sys=0.00, real=0.00 secs] 
2022-05-10T17:19:29.389+0800: 34.250: Total time for which application threads were stopped: 0.0178427 seconds, Stopping threads took: 0.0169295 seconds
2022-05-10T17:19:29.389+0800: 34.250: [CMS-concurrent-mark-start]
2022-05-10T17:19:29.389+0800: 34.250: Application time: 0.0000821 seconds
2022-05-10T17:19:29.389+0800: 34.250: [GC (Allocation Failure) 2022-05-10T17:19:29.389+0800: 34.250: [ParNew: 2731K->14K(153600K), 0.0010647 secs]2022-05-10T17:19:29.390+0800: 34.251: [CMS2022-05-10T17:19:29.428+0800: 34.289: [CMS-concurrent-mark: 0.026/0.039 secs] [Times: user=0.03 sys=0.00, real=0.04 secs] 
 (concurrent mode failure): 207786K->12475K(341376K), 0.1243075 secs] 210517K->12475K(494976K), [Metaspace: 34795K->34795K(1081344K)], 0.1255799 secs] [Times: user=0.13 sys=0.00, real=0.13 secs] 
2022-05-10T17:19:29.514+0800: 34.376: Total time for which application threads were stopped: 0.1258459 seconds, Stopping threads took: 0.0000424 seconds
2022-05-10T17:19:29.536+0800: 34.398: Application time: 0.0217944 seconds
2022-05-10T17:19:29.536+0800: 34.398: [GC (Allocation Failure) 2022-05-10T17:19:29.536+0800: 34.398: [ParNew: 4302K->28K(153600K), 0.0019826 secs]2022-05-10T17:19:29.539+0800: 34.400: [CMS: 207787K->12476K(341376K), 0.0973529 secs] 212090K->12476K(494976K), [Metaspace: 34795K->34795K(1081344K)], 0.0997594 secs] [Times: user=0.11 sys=0.00, real=0.10 secs] 
2022-05-10T17:19:29.636+0800: 34.498: Total time for which application threads were stopped: 0.1002244 seconds, Stopping threads took: 0.0000546 seconds
2022-05-10T17:19:29.637+0800: 34.498: Application time: 0.0001416 seconds
2022-05-10T17:19:29.656+0800: 34.518: [GC (CMS Initial Mark) [1 CMS-initial-mark: 207788K(341376K)] 210520K(494976K), 0.0009406 secs] [Times: user=0.00 sys=0.00, real=0.00 secs] 
2022-05-10T17:19:29.657+0800: 34.519: Total time for which application threads were stopped: 0.0206911 seconds, Stopping threads took: 0.0195629 seconds
2022-05-10T17:19:29.657+0800: 34.519: [CMS-concurrent-mark-start]
2022-05-10T17:19:29.657+0800: 34.519: Application time: 0.0000987 seconds
2022-05-10T17:19:29.658+0800: 34.519: [GC (Allocation Failure) 2022-05-10T17:19:29.658+0800: 34.519: [ParNew: 2731K->4K(153600K), 0.0010213 secs]2022-05-10T17:19:29.659+0800: 34.520: [CMS2022-05-10T17:19:29.697+0800: 34.558: [CMS-concurrent-mark: 0.028/0.039 secs] [Times: user=0.06 sys=0.00, real=0.04 secs] 
 (concurrent mode failure): 207788K->12477K(341376K), 0.1358529 secs] 210520K->12477K(494976K), [Metaspace: 34795K->34795K(1081344K)], 0.1370702 secs] [Times: user=0.16 sys=0.00, real=0.14 secs] 
2022-05-10T17:19:29.795+0800: 34.656: Total time for which application threads were stopped: 0.1373625 seconds, Stopping threads took: 0.0000383 seconds
2022-05-10T17:19:29.817+0800: 34.678: Application time: 0.0217590 seconds
2022-05-10T17:19:29.817+0800: 34.678: [GC (Allocation Failure) 2022-05-10T17:19:29.817+0800: 34.678: [ParNew: 2731K->22K(153600K), 0.0014342 secs]2022-05-10T17:19:29.819+0800: 34.680: [CMS: 207790K->12476K(341376K), 0.0968640 secs] 210521K->12476K(494976K), [Metaspace: 34795K->34795K(1081344K)], 0.0985239 secs] [Times: user=0.11 sys=0.00, real=0.10 secs] 
2022-05-10T17:19:29.915+0800: 34.777: Total time for which application threads were stopped: 0.0988364 seconds, Stopping threads took: 0.0000392 seconds
2022-05-10T17:19:29.916+0800: 34.777: Application time: 0.0000659 seconds
2022-05-10T17:19:29.937+0800: 34.799: [GC (CMS Initial Mark) [1 CMS-initial-mark: 207788K(341376K)] 210520K(494976K), 0.0010366 secs] [Times: user=0.00 sys=0.00, real=0.00 secs] 
2022-05-10T17:19:29.938+0800: 34.800: Total time for which application threads were stopped: 0.0229107 seconds, Stopping threads took: 0.0216881 seconds
2022-05-10T17:19:29.938+0800: 34.800: [CMS-concurrent-mark-start]
2022-05-10T17:19:29.939+0800: 34.800: Application time: 0.0000819 seconds
2022-05-10T17:19:29.939+0800: 34.800: [GC (Allocation Failure) 2022-05-10T17:19:29.939+0800: 34.800: [ParNew: 2731K->8K(153600K), 0.0011735 secs]2022-05-10T17:19:29.940+0800: 34.801: [CMS2022-05-10T17:19:29.978+0800: 34.839: [CMS-concurrent-mark: 0.028/0.039 secs] [Times: user=0.06 sys=0.00, real=0.04 secs] 
 (concurrent mode failure): 207788K->12477K(341376K), 0.1335458 secs] 210520K->12477K(494976K), [Metaspace: 34795K->34795K(1081344K)], 0.1349683 secs] [Times: user=0.16 sys=0.00, real=0.13 secs] 
2022-05-10T17:19:30.074+0800: 34.935: Total time for which application threads were stopped: 0.1353225 seconds, Stopping threads took: 0.0000454 seconds
2022-05-10T17:19:30.097+0800: 34.959: Application time: 0.0233401 seconds
2022-05-10T17:19:30.098+0800: 34.959: [GC (Allocation Failure) 2022-05-10T17:19:30.098+0800: 34.959: [ParNew: 4780K->24K(153600K), 0.0013508 secs]2022-05-10T17:19:30.099+0800: 34.960: [CMS: 207790K->12476K(341376K), 0.0975149 secs] 212570K->12476K(494976K), [Metaspace: 34795K->34795K(1081344K)], 0.0991410 secs] [Times: user=0.11 sys=0.00, real=0.10 secs] 
2022-05-10T17:19:30.197+0800: 35.058: Total time for which application threads were stopped: 0.0994919 seconds, Stopping threads took: 0.0000590 seconds
2022-05-10T17:19:30.197+0800: 35.058: Application time: 0.0000666 seconds
2022-05-10T17:19:30.217+0800: 35.078: [GC (CMS Initial Mark) [1 CMS-initial-mark: 207788K(341376K)] 210520K(494976K), 0.0008211 secs] [Times: user=0.00 sys=0.00, real=0.00 secs] 
2022-05-10T17:19:30.218+0800: 35.079: Total time for which application threads were stopped: 0.0209774 seconds, Stopping threads took: 0.0199940 seconds
2022-05-10T17:19:30.218+0800: 35.079: [CMS-concurrent-mark-start]
2022-05-10T17:19:30.218+0800: 35.079: Application time: 0.0000968 seconds
2022-05-10T17:19:30.218+0800: 35.080: [GC (Allocation Failure) 2022-05-10T17:19:30.218+0800: 35.080: [ParNew: 2731K->4K(153600K), 0.0013062 secs]2022-05-10T17:19:30.220+0800: 35.081: [CMS2022-05-10T17:19:30.261+0800: 35.122: [CMS-concurrent-mark: 0.030/0.043 secs] [Times: user=0.05 sys=0.00, real=0.04 secs] 
 (concurrent mode failure): 207788K->12477K(341376K), 0.1351016 secs] 210520K->12477K(494976K), [Metaspace: 34795K->34795K(1081344K)], 0.1366203 secs] [Times: user=0.14 sys=0.00, real=0.14 secs] 
2022-05-10T17:19:30.354+0800: 35.216: Total time for which application threads were stopped: 0.1369030 seconds, Stopping threads took: 0.0000482 seconds
2022-05-10T17:19:30.376+0800: 35.237: Application time: 0.0211942 seconds
2022-05-10T17:19:30.377+0800: 35.238: [GC (Allocation Failure) 2022-05-10T17:19:30.377+0800: 35.238: [ParNew: 2731K->24K(153600K), 0.0014732 secs]2022-05-10T17:19:30.378+0800: 35.239: [CMS: 207790K->12476K(341376K), 0.0968899 secs] 210522K->12476K(494976K), [Metaspace: 34795K->34795K(1081344K)], 0.0986064 secs] [Times: user=0.09 sys=0.00, real=0.10 secs] 
2022-05-10T17:19:30.475+0800: 35.337: Total time for which application threads were stopped: 0.0990833 seconds, Stopping threads took: 0.0000584 seconds
2022-05-10T17:19:30.476+0800: 35.337: Application time: 0.0000718 seconds
2022-05-10T17:19:30.495+0800: 35.357: [GC (CMS Initial Mark) [1 CMS-initial-mark: 207788K(341376K)] 210520K(494976K), 0.0008099 secs] [Times: user=0.00 sys=0.00, real=0.00 secs] 
2022-05-10T17:19:30.496+0800: 35.358: Total time for which application threads were stopped: 0.0215665 seconds, Stopping threads took: 0.0205954 seconds
2022-05-10T17:19:30.496+0800: 35.358: [CMS-concurrent-mark-start]
2022-05-10T17:19:30.496+0800: 35.358: Application time: 0.0000786 seconds
2022-05-10T17:19:30.497+0800: 35.358: [GC (Allocation Failure) 2022-05-10T17:19:30.497+0800: 35.358: [ParNew: 2731K->10K(153600K), 0.0015641 secs]2022-05-10T17:19:30.499+0800: 35.360: [CMS2022-05-10T17:19:30.529+0800: 35.390: [CMS-concurrent-mark: 0.030/0.032 secs] [Times: user=0.06 sys=0.00, real=0.03 secs] 
 (concurrent mode failure): 207788K->12477K(341376K), 0.1185570 secs] 210520K->12477K(494976K), [Metaspace: 34795K->34795K(1081344K)], 0.1203038 secs] [Times: user=0.16 sys=0.00, real=0.12 secs] 
2022-05-10T17:19:30.617+0800: 35.479: Total time for which application threads were stopped: 0.1205709 seconds, Stopping threads took: 0.0000418 seconds
2022-05-10T17:19:30.640+0800: 35.501: Application time: 0.0222453 seconds
2022-05-10T17:19:30.640+0800: 35.501: [GC (Allocation Failure) 2022-05-10T17:19:30.640+0800: 35.501: [ParNew: 3414K->24K(153600K), 0.0011299 secs]2022-05-10T17:19:30.641+0800: 35.503: [CMS: 207790K->12476K(341376K), 0.0978945 secs] 211204K->12476K(494976K), [Metaspace: 34795K->34795K(1081344K)], 0.0992672 secs] [Times: user=0.09 sys=0.00, real=0.10 secs] 
2022-05-10T17:19:30.739+0800: 35.601: Total time for which application threads were stopped: 0.0995837 seconds, Stopping threads took: 0.0000398 seconds
2022-05-10T17:19:30.739+0800: 35.601: Application time: 0.0000883 seconds
2022-05-10T17:19:30.761+0800: 35.623: [GC (CMS Initial Mark) [1 CMS-initial-mark: 207788K(341376K)] 210520K(494976K), 0.0008394 secs] [Times: user=0.00 sys=0.00, real=0.00 secs] 
2022-05-10T17:19:30.762+0800: 35.624: Total time for which application threads were stopped: 0.0227440 seconds, Stopping threads took: 0.0217285 seconds
2022-05-10T17:19:30.762+0800: 35.624: [CMS-concurrent-mark-start]
2022-05-10T17:19:30.763+0800: 35.624: Application time: 0.0001032 seconds
2022-05-10T17:19:30.763+0800: 35.624: [GC (Allocation Failure) 2022-05-10T17:19:30.763+0800: 35.624: [ParNew: 2731K->4K(153600K), 0.0022483 secs]2022-05-10T17:19:30.765+0800: 35.626: [CMS2022-05-10T17:19:30.794+0800: 35.656: [CMS-concurrent-mark: 0.029/0.032 secs] [Times: user=0.06 sys=0.00, real=0.03 secs] 
 (concurrent mode failure): 207788K->12478K(341376K), 0.1400143 secs] 210520K->12478K(494976K), [Metaspace: 34795K->34795K(1081344K)], 0.1425108 secs] [Times: user=0.17 sys=0.00, real=0.14 secs] 
2022-05-10T17:19:30.905+0800: 35.767: Total time for which application threads were stopped: 0.1428707 seconds, Stopping threads took: 0.0000731 seconds
2022-05-10T17:19:30.939+0800: 35.801: Application time: 0.0345987 seconds
2022-05-10T17:19:30.940+0800: 35.801: [GC (Allocation Failure) 2022-05-10T17:19:30.940+0800: 35.802: [ParNew: 2731K->28K(153600K), 0.0012085 secs]2022-05-10T17:19:30.941+0800: 35.803: [CMS: 207791K->12476K(341376K), 0.1113397 secs] 210522K->12476K(494976K), [Metaspace: 34795K->34795K(1081344K)], 0.1128383 secs] [Times: user=0.11 sys=0.00, real=0.11 secs] 
2022-05-10T17:19:31.053+0800: 35.914: Total time for which application threads were stopped: 0.1132923 seconds, Stopping threads took: 0.0000898 seconds
2022-05-10T17:19:31.053+0800: 35.915: Application time: 0.0000626 seconds
2022-05-10T17:19:31.076+0800: 35.937: [GC (CMS Initial Mark) [1 CMS-initial-mark: 207788K(341376K)] 210520K(494976K), 0.0008800 secs] [Times: user=0.00 sys=0.00, real=0.00 secs] 
2022-05-10T17:19:31.077+0800: 35.938: Total time for which application threads were stopped: 0.0237654 seconds, Stopping threads took: 0.0227131 seconds
2022-05-10T17:19:31.077+0800: 35.938: [CMS-concurrent-mark-start]
2022-05-10T17:19:31.077+0800: 35.938: Application time: 0.0000922 seconds
2022-05-10T17:19:31.077+0800: 35.939: [GC (Allocation Failure) 2022-05-10T17:19:31.077+0800: 35.939: [ParNew: 2731K->2K(153600K), 0.0013585 secs]2022-05-10T17:19:31.079+0800: 35.940: [CMS2022-05-10T17:19:31.118+0800: 35.979: [CMS-concurrent-mark: 0.029/0.041 secs] [Times: user=0.06 sys=0.00, real=0.04 secs] 
 (concurrent mode failure): 207788K->12477K(341376K), 0.1524136 secs] 210520K->12477K(494976K), [Metaspace: 34795K->34795K(1081344K)], 0.1540315 secs] [Times: user=0.16 sys=0.00, real=0.15 secs] 
2022-05-10T17:19:31.231+0800: 36.093: Total time for which application threads were stopped: 0.1543910 seconds, Stopping threads took: 0.0000444 seconds
2022-05-10T17:19:31.256+0800: 36.118: Application time: 0.0247770 seconds
2022-05-10T17:19:31.256+0800: 36.118: [GC (Allocation Failure) 2022-05-10T17:19:31.257+0800: 36.118: [ParNew: 4780K->20K(153600K), 0.0015554 secs]2022-05-10T17:19:31.259+0800: 36.120: [CMS: 207790K->12476K(341376K), 0.0975965 secs] 212570K->12476K(494976K), [Metaspace: 34795K->34795K(1081344K)], 0.0995785 secs] [Times: user=0.08 sys=0.02, real=0.10 secs] 
2022-05-10T17:19:31.356+0800: 36.218: Total time for which application threads were stopped: 0.1002040 seconds, Stopping threads took: 0.0000534 seconds
2022-05-10T17:19:31.358+0800: 36.219: Application time: 0.0010964 seconds
2022-05-10T17:19:31.385+0800: 36.246: [GC (CMS Initial Mark) [1 CMS-initial-mark: 207788K(341376K)] 210520K(494976K), 0.0008516 secs] [Times: user=0.00 sys=0.00, real=0.00 secs] 
2022-05-10T17:19:31.386+0800: 36.247: Total time for which application threads were stopped: 0.0282581 seconds, Stopping threads took: 0.0272051 seconds
2022-05-10T17:19:31.386+0800: 36.247: [CMS-concurrent-mark-start]
2022-05-10T17:19:31.387+0800: 36.249: Application time: 0.0017627 seconds
2022-05-10T17:19:31.388+0800: 36.249: [GC (Allocation Failure) 2022-05-10T17:19:31.388+0800: 36.249: [ParNew: 2731K->18K(153600K), 0.0013174 secs]2022-05-10T17:19:31.389+0800: 36.251: [CMS2022-05-10T17:19:31.431+0800: 36.292: [CMS-concurrent-mark: 0.031/0.045 secs] [Times: user=0.03 sys=0.00, real=0.05 secs] 
 (concurrent mode failure): 207788K->12471K(341376K), 0.1540395 secs] 210520K->12471K(494976K), [Metaspace: 34795K->34795K(1081344K)], 0.1556419 secs] [Times: user=0.14 sys=0.00, real=0.16 secs] 
2022-05-10T17:19:31.544+0800: 36.405: Total time for which application threads were stopped: 0.1560266 seconds, Stopping threads took: 0.0000459 seconds
2022-05-10T17:19:31.570+0800: 36.431: Application time: 0.0261158 seconds
2022-05-10T17:19:31.570+0800: 36.431: [GC (Allocation Failure) 2022-05-10T17:19:31.570+0800: 36.431: [ParNew: 2731K->16K(153600K), 0.0014312 secs]2022-05-10T17:19:31.572+0800: 36.433: [CMS: 207784K->12458K(341376K), 0.1132070 secs] 210516K->12458K(494976K), [Metaspace: 34795K->34795K(1081344K)], 0.1149165 secs] [Times: user=0.19 sys=0.00, real=0.12 secs] 
2022-05-10T17:19:31.685+0800: 36.546: Total time for which application threads were stopped: 0.1152611 seconds, Stopping threads took: 0.0000506 seconds
2022-05-10T17:19:31.685+0800: 36.546: Application time: 0.0000814 seconds
2022-05-10T17:19:31.709+0800: 36.570: [GC (CMS Initial Mark) [1 CMS-initial-mark: 207771K(341376K)] 211185K(494976K), 0.0008647 secs] [Times: user=0.00 sys=0.00, real=0.00 secs] 
2022-05-10T17:19:31.710+0800: 36.571: Total time for which application threads were stopped: 0.0249061 seconds, Stopping threads took: 0.0238555 seconds
2022-05-10T17:19:31.710+0800: 36.571: [CMS-concurrent-mark-start]
2022-05-10T17:19:31.710+0800: 36.571: Application time: 0.0000970 seconds
2022-05-10T17:19:31.710+0800: 36.572: [GC (Allocation Failure) 2022-05-10T17:19:31.710+0800: 36.572: [ParNew: 3414K->4K(153600K), 0.0014647 secs]2022-05-10T17:19:31.712+0800: 36.573: [CMS2022-05-10T17:19:31.745+0800: 36.606: [CMS-concurrent-mark: 0.033/0.035 secs] [Times: user=0.14 sys=0.00, real=0.03 secs] 
 (concurrent mode failure): 207771K->12460K(341376K), 0.1404651 secs] 211185K->12460K(494976K), [Metaspace: 34795K->34795K(1081344K)], 0.1421848 secs] [Times: user=0.25 sys=0.00, real=0.14 secs] 
2022-05-10T17:19:31.853+0800: 36.714: Total time for which application threads were stopped: 0.1425101 seconds, Stopping threads took: 0.0000371 seconds
2022-05-10T17:19:31.878+0800: 36.740: Application time: 0.0257621 seconds
2022-05-10T17:19:31.878+0800: 36.740: [GC (Allocation Failure) 2022-05-10T17:19:31.878+0800: 36.740: [ParNew: 2731K->24K(153600K), 0.0015128 secs]2022-05-10T17:19:31.881+0800: 36.742: [CMS: 207773K->12458K(341376K), 0.1120533 secs] 210504K->12458K(494976K), [Metaspace: 34795K->34795K(1081344K)], 0.1138473 secs] [Times: user=0.13 sys=0.00, real=0.12 secs] 
2022-05-10T17:19:31.993+0800: 36.854: Total time for which application threads were stopped: 0.1142217 seconds, Stopping threads took: 0.0000639 seconds
2022-05-10T17:19:31.993+0800: 36.854: Application time: 0.0001957 seconds
2022-05-10T17:19:32.017+0800: 36.878: [GC (CMS Initial Mark) [1 CMS-initial-mark: 207771K(341376K)] 210502K(494976K), 0.0008089 secs] [Times: user=0.00 sys=0.00, real=0.00 secs] 
2022-05-10T17:19:32.018+0800: 36.879: Total time for which application threads were stopped: 0.0249995 seconds, Stopping threads took: 0.0240111 seconds
2022-05-10T17:19:32.018+0800: 36.879: [CMS-concurrent-mark-start]
2022-05-10T17:19:32.018+0800: 36.879: Application time: 0.0000967 seconds
2022-05-10T17:19:32.018+0800: 36.879: [GC (Allocation Failure) 2022-05-10T17:19:32.018+0800: 36.880: [ParNew: 2731K->8K(153600K), 0.0012351 secs]2022-05-10T17:19:32.020+0800: 36.881: [CMS2022-05-10T17:19:32.054+0800: 36.915: [CMS-concurrent-mark: 0.031/0.036 secs] [Times: user=0.05 sys=0.00, real=0.04 secs] 
 (concurrent mode failure): 207771K->12461K(341376K), 0.1389978 secs] 210502K->12461K(494976K), [Metaspace: 34795K->34795K(1081344K)], 0.1405489 secs] [Times: user=0.14 sys=0.00, real=0.14 secs] 
2022-05-10T17:19:32.159+0800: 37.020: Total time for which application threads were stopped: 0.1409210 seconds, Stopping threads took: 0.0000666 seconds
2022-05-10T17:19:32.183+0800: 37.044: Application time: 0.0242518 seconds
2022-05-10T17:19:32.183+0800: 37.045: [GC (Allocation Failure) 2022-05-10T17:19:32.183+0800: 37.045: [ParNew: 3619K->24K(153600K), 0.0013045 secs]2022-05-10T17:19:32.185+0800: 37.046: [CMS: 207774K->12458K(341376K), 0.0928043 secs] 211393K->12458K(494976K), [Metaspace: 34795K->34795K(1081344K)], 0.0943361 secs] [Times: user=0.09 sys=0.00, real=0.10 secs] 
2022-05-10T17:19:32.278+0800: 37.139: Total time for which application threads were stopped: 0.0946292 seconds, Stopping threads took: 0.0000422 seconds
2022-05-10T17:19:32.278+0800: 37.139: Application time: 0.0000708 seconds
2022-05-10T17:19:32.298+0800: 37.160: [GC (CMS Initial Mark) [1 CMS-initial-mark: 207771K(341376K)] 212551K(494976K), 0.0007767 secs] [Times: user=0.00 sys=0.00, real=0.00 secs] 
2022-05-10T17:19:32.299+0800: 37.160: Total time for which application threads were stopped: 0.0212274 seconds, Stopping threads took: 0.0203126 seconds
2022-05-10T17:19:32.299+0800: 37.160: [CMS-concurrent-mark-start]
2022-05-10T17:19:32.299+0800: 37.161: Application time: 0.0001299 seconds
2022-05-10T17:19:32.299+0800: 37.161: [GC (Allocation Failure) 2022-05-10T17:19:32.299+0800: 37.161: [ParNew: 4780K->8K(153600K), 0.0014112 secs]2022-05-10T17:19:32.301+0800: 37.162: [CMS2022-05-10T17:19:32.334+0800: 37.195: [CMS-concurrent-mark: 0.029/0.035 secs] [Times: user=0.03 sys=0.00, real=0.04 secs] 
 (concurrent mode failure): 207771K->12461K(341376K), 0.1131558 secs] 212551K->12461K(494976K), [Metaspace: 34795K->34795K(1081344K)], 0.1147488 secs] [Times: user=0.13 sys=0.00, real=0.12 secs] 
2022-05-10T17:19:32.415+0800: 37.276: Total time for which application threads were stopped: 0.1150133 seconds, Stopping threads took: 0.0000460 seconds
2022-05-10T17:19:32.435+0800: 37.297: Application time: 0.0212693 seconds
2022-05-10T17:19:32.435+0800: 37.297: [GC (Allocation Failure) 2022-05-10T17:19:32.435+0800: 37.297: [ParNew: 2731K->22K(153600K), 0.0011958 secs]2022-05-10T17:19:32.437+0800: 37.298: [CMS: 207773K->12458K(341376K), 0.0809365 secs] 210505K->12458K(494976K), [Metaspace: 34795K->34795K(1081344K)], 0.0823457 secs] [Times: user=0.08 sys=0.00, real=0.08 secs] 
2022-05-10T17:19:32.518+0800: 37.379: Total time for which application threads were stopped: 0.0826229 seconds, Stopping threads took: 0.0000486 seconds
2022-05-10T17:19:32.518+0800: 37.379: Application time: 0.0000564 seconds
2022-05-10T17:19:32.537+0800: 37.398: [GC (CMS Initial Mark) [1 CMS-initial-mark: 207771K(341376K)] 210502K(494976K), 0.0007694 secs] [Times: user=0.00 sys=0.00, real=0.00 secs] 
2022-05-10T17:19:32.537+0800: 37.399: Total time for which application threads were stopped: 0.0197134 seconds, Stopping threads took: 0.0187785 seconds
2022-05-10T17:19:32.538+0800: 37.399: [CMS-concurrent-mark-start]
2022-05-10T17:19:32.538+0800: 37.399: Application time: 0.0001037 seconds
2022-05-10T17:19:32.538+0800: 37.400: [GC (Allocation Failure) 2022-05-10T17:19:32.538+0800: 37.400: [ParNew: 2731K->10K(153600K), 0.0011408 secs]2022-05-10T17:19:32.540+0800: 37.401: [CMS2022-05-10T17:19:32.565+0800: 37.426: [CMS-concurrent-mark: 0.025/0.027 secs] [Times: user=0.16 sys=0.00, real=0.03 secs] 
 (concurrent mode failure): 207771K->12460K(341376K), 0.1074254 secs] 210502K->12460K(494976K), [Metaspace: 34795K->34795K(1081344K)], 0.1087818 secs] [Times: user=0.23 sys=0.00, real=0.11 secs] 
2022-05-10T17:19:32.647+0800: 37.508: Total time for which application threads were stopped: 0.1091000 seconds, Stopping threads took: 0.0000904 seconds
2022-05-10T17:19:32.667+0800: 37.529: Application time: 0.0203316 seconds
2022-05-10T17:19:32.667+0800: 37.529: [GC (Allocation Failure) 2022-05-10T17:19:32.667+0800: 37.529: [ParNew: 3619K->24K(153600K), 0.0010812 secs]2022-05-10T17:19:32.669+0800: 37.530: [CMS: 207773K->12458K(341376K), 0.0895047 secs] 211392K->12458K(494976K), [Metaspace: 34795K->34795K(1081344K)], 0.0907889 secs] [Times: user=0.09 sys=0.00, real=0.09 secs] 
2022-05-10T17:19:32.758+0800: 37.620: Total time for which application threads were stopped: 0.0910259 seconds, Stopping threads took: 0.0000288 seconds
2022-05-10T17:19:32.758+0800: 37.620: Application time: 0.0000793 seconds
2022-05-10T17:19:32.778+0800: 37.640: [GC (CMS Initial Mark) [1 CMS-initial-mark: 207771K(341376K)] 211185K(494976K), 0.0007320 secs] [Times: user=0.00 sys=0.00, real=0.00 secs] 
2022-05-10T17:19:32.779+0800: 37.641: Total time for which application threads were stopped: 0.0208290 seconds, Stopping threads took: 0.0199547 seconds
2022-05-10T17:19:32.779+0800: 37.641: [CMS-concurrent-mark-start]
2022-05-10T17:19:32.779+0800: 37.641: Application time: 0.0001212 seconds
2022-05-10T17:19:32.779+0800: 37.641: [GC (Allocation Failure) 2022-05-10T17:19:32.780+0800: 37.641: [ParNew: 3414K->12K(153600K), 0.0010076 secs]2022-05-10T17:19:32.781+0800: 37.642: [CMS2022-05-10T17:19:32.812+0800: 37.674: [CMS-concurrent-mark: 0.023/0.033 secs] [Times: user=0.03 sys=0.00, real=0.03 secs] 
 (concurrent mode failure): 207771K->12460K(341376K), 0.1137950 secs] 211185K->12460K(494976K), [Metaspace: 34795K->34795K(1081344K)], 0.1150226 secs] [Times: user=0.11 sys=0.00, real=0.12 secs] 
2022-05-10T17:19:32.895+0800: 37.756: Total time for which application threads were stopped: 0.1153099 seconds, Stopping threads took: 0.0000371 seconds
2022-05-10T17:19:32.913+0800: 37.774: Application time: 0.0178065 seconds
2022-05-10T17:19:32.913+0800: 37.774: [GC (Allocation Failure) 2022-05-10T17:19:32.913+0800: 37.774: [ParNew: 2731K->24K(153600K), 0.0010180 secs]2022-05-10T17:19:32.914+0800: 37.775: [CMS: 207773K->12458K(341376K), 0.0804428 secs] 210504K->12458K(494976K), [Metaspace: 34795K->34795K(1081344K)], 0.0816834 secs] [Times: user=0.20 sys=0.00, real=0.08 secs] 
2022-05-10T17:19:32.995+0800: 37.856: Total time for which application threads were stopped: 0.0819753 seconds, Stopping threads took: 0.0000302 seconds
2022-05-10T17:19:32.995+0800: 37.856: Application time: 0.0001146 seconds
2022-05-10T17:19:33.012+0800: 37.874: [GC (CMS Initial Mark) [1 CMS-initial-mark: 207771K(341376K)] 210503K(494976K), 0.0011258 secs] [Times: user=0.00 sys=0.00, real=0.00 secs] 
2022-05-10T17:19:33.014+0800: 37.875: Total time for which application threads were stopped: 0.0187418 seconds, Stopping threads took: 0.0173496 seconds
2022-05-10T17:19:33.014+0800: 37.875: [CMS-concurrent-mark-start]
2022-05-10T17:19:33.014+0800: 37.875: Application time: 0.0000963 seconds
2022-05-10T17:19:33.014+0800: 37.875: [GC (Allocation Failure) 2022-05-10T17:19:33.014+0800: 37.875: [ParNew: 2731K->8K(153600K), 0.0011945 secs]2022-05-10T17:19:33.015+0800: 37.876: [CMS2022-05-10T17:19:33.047+0800: 37.908: [CMS-concurrent-mark: 0.025/0.034 secs] [Times: user=0.06 sys=0.00, real=0.03 secs] 
 (concurrent mode failure): 207771K->12460K(341376K), 0.1180723 secs] 210503K->12460K(494976K), [Metaspace: 34795K->34795K(1081344K)], 0.1194840 secs] [Times: user=0.16 sys=0.00, real=0.12 secs] 
2022-05-10T17:19:33.133+0800: 37.995: Total time for which application threads were stopped: 0.1197614 seconds, Stopping threads took: 0.0000504 seconds
2022-05-10T17:19:33.157+0800: 38.018: Application time: 0.0232904 seconds
2022-05-10T17:19:33.157+0800: 38.018: [GC (Allocation Failure) 2022-05-10T17:19:33.157+0800: 38.018: [ParNew: 2731K->26K(153600K), 0.0011287 secs]2022-05-10T17:19:33.158+0800: 38.019: [CMS: 207773K->12458K(341376K), 0.0921442 secs] 210504K->12458K(494976K), [Metaspace: 34795K->34795K(1081344K)], 0.0934856 secs] [Times: user=0.09 sys=0.00, real=0.09 secs] 
2022-05-10T17:19:33.250+0800: 38.112: Total time for which application threads were stopped: 0.0937181 seconds, Stopping threads took: 0.0000335 seconds
2022-05-10T17:19:33.251+0800: 38.112: Application time: 0.0000576 seconds
2022-05-10T17:19:33.268+0800: 38.129: [GC (CMS Initial Mark) [1 CMS-initial-mark: 207771K(341376K)] 210503K(494976K), 0.0006811 secs] [Times: user=0.00 sys=0.00, real=0.00 secs] 
2022-05-10T17:19:33.269+0800: 38.130: Total time for which application threads were stopped: 0.0184097 seconds, Stopping threads took: 0.0175765 seconds
2022-05-10T17:19:33.269+0800: 38.130: [CMS-concurrent-mark-start]
2022-05-10T17:19:33.269+0800: 38.130: Application time: 0.0001076 seconds
2022-05-10T17:19:33.269+0800: 38.130: [GC (Allocation Failure) 2022-05-10T17:19:33.269+0800: 38.130: [ParNew: 2731K->2K(153600K), 0.0011149 secs]2022-05-10T17:19:33.270+0800: 38.132: [CMS2022-05-10T17:19:33.300+0800: 38.161: [CMS-concurrent-mark: 0.027/0.031 secs] [Times: user=0.03 sys=0.00, real=0.03 secs] 
 (concurrent mode failure): 207771K->12459K(341376K), 0.1266457 secs] 210503K->12459K(494976K), [Metaspace: 34795K->34795K(1081344K)], 0.1279656 secs] [Times: user=0.13 sys=0.00, real=0.13 secs] 
2022-05-10T17:19:33.397+0800: 38.259: Total time for which application threads were stopped: 0.1282207 seconds, Stopping threads took: 0.0000200 seconds
2022-05-10T17:19:33.416+0800: 38.278: Application time: 0.0195666 seconds
2022-05-10T17:19:33.417+0800: 38.278: [GC (Allocation Failure) 2022-05-10T17:19:33.417+0800: 38.278: [ParNew: 4097K->18K(153600K), 0.0010968 secs]2022-05-10T17:19:33.418+0800: 38.279: [CMS: 207772K->12458K(341376K), 0.0829583 secs] 211869K->12458K(494976K), [Metaspace: 34795K->34795K(1081344K)], 0.0842645 secs] [Times: user=0.08 sys=0.00, real=0.08 secs] 
2022-05-10T17:19:33.501+0800: 38.363: Total time for which application threads were stopped: 0.0845817 seconds, Stopping threads took: 0.0000448 seconds
2022-05-10T17:19:33.502+0800: 38.363: Application time: 0.0000832 seconds
2022-05-10T17:19:33.521+0800: 38.382: [GC (CMS Initial Mark) [1 CMS-initial-mark: 207771K(341376K)] 211185K(494976K), 0.0008088 secs] [Times: user=0.00 sys=0.00, real=0.00 secs] 
2022-05-10T17:19:33.522+0800: 38.383: Total time for which application threads were stopped: 0.0204916 seconds, Stopping threads took: 0.0194968 seconds
2022-05-10T17:19:33.522+0800: 38.383: [CMS-concurrent-mark-start]
2022-05-10T17:19:33.522+0800: 38.383: Application time: 0.0001006 seconds
2022-05-10T17:19:33.522+0800: 38.384: [GC (Allocation Failure) 2022-05-10T17:19:33.522+0800: 38.384: [ParNew: 3414K->2K(153600K), 0.0011236 secs]2022-05-10T17:19:33.523+0800: 38.385: [CMS2022-05-10T17:19:33.549+0800: 38.410: [CMS-concurrent-mark: 0.026/0.027 secs] [Times: user=0.13 sys=0.00, real=0.03 secs] 
 (concurrent mode failure): 207771K->12460K(341376K), 0.1103560 secs] 211185K->12460K(494976K), [Metaspace: 34795K->34795K(1081344K)], 0.1116679 secs] [Times: user=0.22 sys=0.00, real=0.11 secs] 
2022-05-10T17:19:33.634+0800: 38.495: Total time for which application threads were stopped: 0.1119324 seconds, Stopping threads took: 0.0000287 seconds
2022-05-10T17:19:33.653+0800: 38.515: Application time: 0.0192854 seconds
2022-05-10T17:19:33.653+0800: 38.515: [GC (Allocation Failure) 2022-05-10T17:19:33.653+0800: 38.515: [ParNew: 3414K->26K(153600K), 0.0015552 secs]2022-05-10T17:19:33.655+0800: 38.516: [CMS: 207773K->12458K(341376K), 0.0841802 secs] 211187K->12458K(494976K), [Metaspace: 34795K->34795K(1081344K)], 0.0859856 secs] [Times: user=0.08 sys=0.00, real=0.09 secs] 
2022-05-10T17:19:33.740+0800: 38.601: Total time for which application threads were stopped: 0.0863282 seconds, Stopping threads took: 0.0000330 seconds
2022-05-10T17:19:33.740+0800: 38.601: Application time: 0.0000722 seconds
2022-05-10T17:19:33.760+0800: 38.622: [GC (CMS Initial Mark) [1 CMS-initial-mark: 207771K(341376K)] 210503K(494976K), 0.0008721 secs] [Times: user=0.00 sys=0.00, real=0.00 secs] 
2022-05-10T17:19:33.761+0800: 38.623: Total time for which application threads were stopped: 0.0215694 seconds, Stopping threads took: 0.0205317 seconds
2022-05-10T17:19:33.761+0800: 38.623: [CMS-concurrent-mark-start]
2022-05-10T17:19:33.761+0800: 38.623: Application time: 0.0001117 seconds
2022-05-10T17:19:33.762+0800: 38.623: [GC (Allocation Failure) 2022-05-10T17:19:33.762+0800: 38.623: [ParNew: 2731K->6K(153600K), 0.0012309 secs]2022-05-10T17:19:33.763+0800: 38.624: [CMS2022-05-10T17:19:33.800+0800: 38.661: [CMS-concurrent-mark: 0.025/0.038 secs] [Times: user=0.03 sys=0.00, real=0.04 secs] 
 (concurrent mode failure): 207771K->12460K(341376K), 0.1160989 secs] 210503K->12460K(494976K), [Metaspace: 34795K->34795K(1081344K)], 0.1175295 secs] [Times: user=0.11 sys=0.00, real=0.12 secs] 
2022-05-10T17:19:33.879+0800: 38.740: Total time for which application threads were stopped: 0.1177754 seconds, Stopping threads took: 0.0000268 seconds
2022-05-10T17:19:33.897+0800: 38.759: Application time: 0.0180548 seconds
2022-05-10T17:19:33.897+0800: 38.759: [GC (Allocation Failure) 2022-05-10T17:19:33.897+0800: 38.759: [ParNew: 3414K->22K(153600K), 0.0011267 secs]2022-05-10T17:19:33.899+0800: 38.760: [CMS: 207773K->12458K(341376K), 0.0829706 secs] 211187K->12458K(494976K), [Metaspace: 34795K->34795K(1081344K)], 0.0843049 secs] [Times: user=0.19 sys=0.00, real=0.08 secs] 
2022-05-10T17:19:33.982+0800: 38.843: Total time for which application threads were stopped: 0.0845564 seconds, Stopping threads took: 0.0000317 seconds
2022-05-10T17:19:33.982+0800: 38.843: Application time: 0.0000581 seconds
2022-05-10T17:19:33.997+0800: 38.859: [GC (CMS Initial Mark) [1 CMS-initial-mark: 207771K(341376K)] 210503K(494976K), 0.0006242 secs] [Times: user=0.00 sys=0.00, real=0.00 secs] 
2022-05-10T17:19:33.998+0800: 38.859: Total time for which application threads were stopped: 0.0162921 seconds, Stopping threads took: 0.0155613 seconds
2022-05-10T17:19:33.998+0800: 38.859: [CMS-concurrent-mark-start]
2022-05-10T17:19:33.998+0800: 38.860: Application time: 0.0000710 seconds
2022-05-10T17:19:33.998+0800: 38.860: [GC (Allocation Failure) 2022-05-10T17:19:33.998+0800: 38.860: [ParNew: 2731K->4K(153600K), 0.0010531 secs]2022-05-10T17:19:34.000+0800: 38.861: [CMS2022-05-10T17:19:34.031+0800: 38.892: [CMS-concurrent-mark: 0.024/0.033 secs] [Times: user=0.06 sys=0.00, real=0.03 secs] 
 (concurrent mode failure): 207771K->12460K(341376K), 0.0996341 secs] 210503K->12460K(494976K), [Metaspace: 34795K->34795K(1081344K)], 0.1008427 secs] [Times: user=0.13 sys=0.00, real=0.10 secs] 
2022-05-10T17:19:34.100+0800: 38.961: Total time for which application threads were stopped: 0.1010749 seconds, Stopping threads took: 0.0000342 seconds
2022-05-10T17:19:34.117+0800: 38.979: Application time: 0.0185971 seconds
2022-05-10T17:19:34.118+0800: 38.979: [GC (Allocation Failure) 2022-05-10T17:19:34.118+0800: 38.979: [ParNew: 2731K->16K(153600K), 0.0011307 secs]2022-05-10T17:19:34.119+0800: 38.981: [CMS: 207773K->12458K(341376K), 0.0746510 secs] 210504K->12458K(494976K), [Metaspace: 34795K->34795K(1081344K)], 0.0759971 secs] [Times: user=0.06 sys=0.00, real=0.08 secs] 
2022-05-10T17:19:34.194+0800: 39.055: Total time for which application threads were stopped: 0.0762844 seconds, Stopping threads took: 0.0000426 seconds
2022-05-10T17:19:34.194+0800: 39.056: Application time: 0.0000835 seconds
2022-05-10T17:19:34.212+0800: 39.074: [GC (CMS Initial Mark) [1 CMS-initial-mark: 207771K(341376K)] 210503K(494976K), 0.0006264 secs] [Times: user=0.00 sys=0.00, real=0.00 secs] 
2022-05-10T17:19:34.213+0800: 39.075: Total time for which application threads were stopped: 0.0189199 seconds, Stopping threads took: 0.0181611 seconds
2022-05-10T17:19:34.213+0800: 39.075: [CMS-concurrent-mark-start]
2022-05-10T17:19:34.213+0800: 39.075: Application time: 0.0001242 seconds
2022-05-10T17:19:34.213+0800: 39.075: [GC (Allocation Failure) 2022-05-10T17:19:34.213+0800: 39.075: [ParNew: 2731K->2K(153600K), 0.0009993 secs]2022-05-10T17:19:34.214+0800: 39.076: [CMS2022-05-10T17:19:34.248+0800: 39.110: [CMS-concurrent-mark: 0.023/0.035 secs] [Times: user=0.06 sys=0.00, real=0.03 secs] 
 (concurrent mode failure): 207771K->12460K(341376K), 0.1037732 secs] 210503K->12460K(494976K), [Metaspace: 34795K->34795K(1081344K)], 0.1049601 secs] [Times: user=0.13 sys=0.00, real=0.11 secs] 
2022-05-10T17:19:34.319+0800: 39.180: Total time for which application threads were stopped: 0.1052015 seconds, Stopping threads took: 0.0000225 seconds
2022-05-10T17:19:34.336+0800: 39.198: Application time: 0.0180097 seconds
2022-05-10T17:19:34.336+0800: 39.198: [GC (Allocation Failure) 2022-05-10T17:19:34.336+0800: 39.198: [ParNew: 2731K->20K(153600K), 0.0012126 secs]2022-05-10T17:19:34.338+0800: 39.199: [CMS: 207773K->12458K(341376K), 0.0773765 secs] 210504K->12458K(494976K), [Metaspace: 34795K->34795K(1081344K)], 0.0787728 secs] [Times: user=0.08 sys=0.00, real=0.08 secs] 
2022-05-10T17:19:34.415+0800: 39.277: Total time for which application threads were stopped: 0.0790142 seconds, Stopping threads took: 0.0000409 seconds
2022-05-10T17:19:34.416+0800: 39.277: Application time: 0.0001511 seconds
2022-05-10T17:19:34.431+0800: 39.293: [GC (CMS Initial Mark) [1 CMS-initial-mark: 207771K(341376K)] 211868K(494976K), 0.0006392 secs] [Times: user=0.00 sys=0.00, real=0.00 secs] 
2022-05-10T17:19:34.432+0800: 39.294: Total time for which application threads were stopped: 0.0164905 seconds, Stopping threads took: 0.0157208 seconds
2022-05-10T17:19:34.432+0800: 39.294: [CMS-concurrent-mark-start]
2022-05-10T17:19:34.432+0800: 39.294: Application time: 0.0001137 seconds
2022-05-10T17:19:34.432+0800: 39.294: [GC (Allocation Failure) 2022-05-10T17:19:34.432+0800: 39.294: [ParNew: 4097K->10K(153600K), 0.0010214 secs]2022-05-10T17:19:34.434+0800: 39.295: [CMS2022-05-10T17:19:34.464+0800: 39.326: [CMS-concurrent-mark: 0.020/0.032 secs] [Times: user=0.03 sys=0.00, real=0.03 secs] 
 (concurrent mode failure): 207771K->12462K(341376K), 0.1035486 secs] 211868K->12462K(494976K), [Metaspace: 34795K->34795K(1081344K)], 0.1047396 secs] [Times: user=0.09 sys=0.00, real=0.11 secs] 
2022-05-10T17:19:34.537+0800: 39.399: Total time for which application threads were stopped: 0.1049963 seconds, Stopping threads took: 0.0000449 seconds
2022-05-10T17:19:34.554+0800: 39.415: Application time: 0.0161814 seconds
2022-05-10T17:19:34.554+0800: 39.415: [GC (Allocation Failure) 2022-05-10T17:19:34.554+0800: 39.415: [ParNew: 3414K->22K(153600K), 0.0010505 secs]2022-05-10T17:19:34.555+0800: 39.416: [CMS: 207775K->12458K(341376K), 0.0891986 secs] 211189K->12458K(494976K), [Metaspace: 34795K->34795K(1081344K)], 0.0904611 secs] [Times: user=0.19 sys=0.00, real=0.09 secs] 
2022-05-10T17:19:34.644+0800: 39.506: Total time for which application threads were stopped: 0.0907429 seconds, Stopping threads took: 0.0000320 seconds
2022-05-10T17:19:34.644+0800: 39.506: Application time: 0.0000609 seconds
2022-05-10T17:19:34.663+0800: 39.525: [GC (CMS Initial Mark) [1 CMS-initial-mark: 207771K(341376K)] 210503K(494976K), 0.0006867 secs] [Times: user=0.00 sys=0.00, real=0.00 secs] 
2022-05-10T17:19:34.663+0800: 39.525: Total time for which application threads were stopped: 0.0197196 seconds, Stopping threads took: 0.0188741 seconds
2022-05-10T17:19:34.663+0800: 39.525: [CMS-concurrent-mark-start]
2022-05-10T17:19:34.664+0800: 39.526: Application time: 0.0001270 seconds
2022-05-10T17:19:34.664+0800: 39.526: [GC (Allocation Failure) 2022-05-10T17:19:34.664+0800: 39.526: [ParNew: 2731K->4K(153600K), 0.0011275 secs]2022-05-10T17:19:34.666+0800: 39.527: [CMS2022-05-10T17:19:34.702+0800: 39.564: [CMS-concurrent-mark: 0.023/0.038 secs] [Times: user=0.08 sys=0.00, real=0.04 secs] 
 (concurrent mode failure): 207771K->12460K(341376K), 0.1166638 secs] 210503K->12460K(494976K), [Metaspace: 34795K->34795K(1081344K)], 0.1180134 secs] [Times: user=0.09 sys=0.00, real=0.12 secs] 
2022-05-10T17:19:34.782+0800: 39.644: Total time for which application threads were stopped: 0.1184873 seconds, Stopping threads took: 0.0002307 seconds
2022-05-10T17:19:34.803+0800: 39.664: Application time: 0.0198622 seconds
2022-05-10T17:19:34.803+0800: 39.664: [GC (Allocation Failure) 2022-05-10T17:19:34.803+0800: 39.664: [ParNew: 3619K->26K(153600K), 0.0015867 secs]2022-05-10T17:19:34.804+0800: 39.666: [CMS: 207773K->12459K(341376K), 0.0946887 secs] 211392K->12459K(494976K), [Metaspace: 34807K->34807K(1081344K)], 0.0964881 secs] [Times: user=0.16 sys=0.02, real=0.10 secs] 
2022-05-10T17:19:34.899+0800: 39.761: Total time for which application threads were stopped: 0.0967971 seconds, Stopping threads took: 0.0000603 seconds
2022-05-10T17:19:34.899+0800: 39.761: Application time: 0.0000657 seconds
2022-05-10T17:19:34.918+0800: 39.779: [GC (CMS Initial Mark) [1 CMS-initial-mark: 207771K(341376K)] 211186K(494976K), 0.0006201 secs] [Times: user=0.00 sys=0.00, real=0.00 secs] 
2022-05-10T17:19:34.918+0800: 39.780: Total time for which application threads were stopped: 0.0191223 seconds, Stopping threads took: 0.0183740 seconds
2022-05-10T17:19:34.918+0800: 39.780: [CMS-concurrent-mark-start]
2022-05-10T17:19:34.919+0800: 39.780: Application time: 0.0000780 seconds
2022-05-10T17:19:34.919+0800: 39.780: [GC (Allocation Failure) 2022-05-10T17:19:34.919+0800: 39.780: [ParNew: 3414K->12K(153600K), 0.0010787 secs]2022-05-10T17:19:34.920+0800: 39.781: [CMS2022-05-10T17:19:34.952+0800: 39.814: [CMS-concurrent-mark: 0.025/0.034 secs] [Times: user=0.06 sys=0.00, real=0.03 secs] 
 (concurrent mode failure): 207771K->12460K(341376K), 0.1169616 secs] 211186K->12460K(494976K), [Metaspace: 34807K->34807K(1081344K)], 0.1182415 secs] [Times: user=0.14 sys=0.00, real=0.12 secs] 
2022-05-10T17:19:35.037+0800: 39.898: Total time for which application threads were stopped: 0.1184907 seconds, Stopping threads took: 0.0000328 seconds
2022-05-10T17:19:35.058+0800: 39.919: Application time: 0.0207597 seconds
2022-05-10T17:19:35.058+0800: 39.919: [GC (Allocation Failure) 2022-05-10T17:19:35.058+0800: 39.919: [ParNew: 2731K->24K(153600K), 0.0010670 secs]2022-05-10T17:19:35.059+0800: 39.921: [CMS: 207773K->12459K(341376K), 0.0857384 secs] 210504K->12459K(494976K), [Metaspace: 34807K->34807K(1081344K)], 0.0870371 secs] [Times: user=0.08 sys=0.00, real=0.09 secs] 
2022-05-10T17:19:35.145+0800: 40.007: Total time for which application threads were stopped: 0.0873333 seconds, Stopping threads took: 0.0000388 seconds
2022-05-10T17:19:35.146+0800: 40.007: Application time: 0.0000619 seconds
2022-05-10T17:19:35.163+0800: 40.025: [GC (CMS Initial Mark) [1 CMS-initial-mark: 207771K(341376K)] 210503K(494976K), 0.0006249 secs] [Times: user=0.00 sys=0.00, real=0.00 secs] 
2022-05-10T17:19:35.163+0800: 40.025: Total time for which application threads were stopped: 0.0185617 seconds, Stopping threads took: 0.0178215 seconds
2022-05-10T17:19:35.163+0800: 40.025: [CMS-concurrent-mark-start]
2022-05-10T17:19:35.163+0800: 40.025: Application time: 0.0000817 seconds
2022-05-10T17:19:35.164+0800: 40.025: [GC (Allocation Failure) 2022-05-10T17:19:35.164+0800: 40.025: [ParNew: 2731K->2K(153600K), 0.0012499 secs]2022-05-10T17:19:35.166+0800: 40.027: [CMS2022-05-10T17:19:35.202+0800: 40.063: [CMS-concurrent-mark: 0.024/0.038 secs] [Times: user=0.08 sys=0.00, real=0.04 secs] 
 (concurrent mode failure): 207771K->12460K(341376K), 0.1167221 secs] 210503K->12460K(494976K), [Metaspace: 34807K->34807K(1081344K)], 0.1181675 secs] [Times: user=0.14 sys=0.00, real=0.12 secs] 
2022-05-10T17:19:35.282+0800: 40.144: Total time for which application threads were stopped: 0.1183981 seconds, Stopping threads took: 0.0000203 seconds
2022-05-10T17:19:35.303+0800: 40.164: Application time: 0.0202532 seconds
2022-05-10T17:19:35.303+0800: 40.164: [GC (Allocation Failure) 2022-05-10T17:19:35.303+0800: 40.164: [ParNew: 3414K->26K(153600K), 0.0011060 secs]2022-05-10T17:19:35.304+0800: 40.165: [CMS: 207773K->12459K(341376K), 0.0874893 secs] 211187K->12459K(494976K), [Metaspace: 34807K->34807K(1081344K)], 0.0888191 secs] [Times: user=0.09 sys=0.00, real=0.09 secs] 
2022-05-10T17:19:35.392+0800: 40.253: Total time for which application threads were stopped: 0.0891202 seconds, Stopping threads took: 0.0000424 seconds
2022-05-10T17:19:35.392+0800: 40.253: Application time: 0.0000751 seconds
2022-05-10T17:19:35.409+0800: 40.270: [GC (CMS Initial Mark) [1 CMS-initial-mark: 207771K(341376K)] 210503K(494976K), 0.0007346 secs] [Times: user=0.00 sys=0.00, real=0.00 secs] 
2022-05-10T17:19:35.410+0800: 40.271: Total time for which application threads were stopped: 0.0181125 seconds, Stopping threads took: 0.0172244 seconds
2022-05-10T17:19:35.410+0800: 40.271: [CMS-concurrent-mark-start]
2022-05-10T17:19:35.410+0800: 40.271: Application time: 0.0000830 seconds
2022-05-10T17:19:35.410+0800: 40.271: [GC (Allocation Failure) 2022-05-10T17:19:35.410+0800: 40.271: [ParNew: 2731K->8K(153600K), 0.0010435 secs]2022-05-10T17:19:35.411+0800: 40.273: [CMS2022-05-10T17:19:35.439+0800: 40.300: [CMS-concurrent-mark: 0.026/0.029 secs] [Times: user=0.06 sys=0.00, real=0.03 secs] 
 (concurrent mode failure): 207771K->12460K(341376K), 0.1049468 secs] 210503K->12460K(494976K), [Metaspace: 34807K->34807K(1081344K)], 0.1061985 secs] [Times: user=0.14 sys=0.00, real=0.11 secs] 
2022-05-10T17:19:35.517+0800: 40.378: Total time for which application threads were stopped: 0.1064521 seconds, Stopping threads took: 0.0000387 seconds
2022-05-10T17:19:35.536+0800: 40.398: Application time: 0.0203551 seconds
2022-05-10T17:19:35.536+0800: 40.398: [GC (Allocation Failure) 2022-05-10T17:19:35.536+0800: 40.398: [ParNew: 4097K->20K(153600K), 0.0010824 secs]2022-05-10T17:19:35.538+0800: 40.399: [CMS: 207773K->12459K(341376K), 0.1009860 secs] 211870K->12459K(494976K), [Metaspace: 34807K->34807K(1081344K)], 0.1023091 secs] [Times: user=0.11 sys=0.00, real=0.10 secs] 
2022-05-10T17:19:35.640+0800: 40.501: Total time for which application threads were stopped: 0.1026127 seconds, Stopping threads took: 0.0000385 seconds
2022-05-10T17:19:35.640+0800: 40.502: Application time: 0.0013052 seconds
2022-05-10T17:19:35.660+0800: 40.521: [GC (CMS Initial Mark) [1 CMS-initial-mark: 207771K(341376K)] 211186K(494976K), 0.0007644 secs] [Times: user=0.00 sys=0.00, real=0.00 secs] 
2022-05-10T17:19:35.661+0800: 40.522: Total time for which application threads were stopped: 0.0197625 seconds, Stopping threads took: 0.0188276 seconds
2022-05-10T17:19:35.661+0800: 40.522: [CMS-concurrent-mark-start]
2022-05-10T17:19:35.661+0800: 40.522: Application time: 0.0000833 seconds
2022-05-10T17:19:35.661+0800: 40.522: [GC (Allocation Failure) 2022-05-10T17:19:35.661+0800: 40.522: [ParNew: 3414K->18K(153600K), 0.0013239 secs]2022-05-10T17:19:35.662+0800: 40.523: [CMS2022-05-10T17:19:35.690+0800: 40.552: [CMS-concurrent-mark: 0.026/0.030 secs] [Times: user=0.03 sys=0.00, real=0.03 secs] 
 (concurrent mode failure): 207771K->12465K(341376K), 0.1217860 secs] 211186K->12465K(494976K), [Metaspace: 34807K->34807K(1081344K)], 0.1232957 secs] [Times: user=0.13 sys=0.00, real=0.12 secs] 
2022-05-10T17:19:35.784+0800: 40.646: Total time for which application threads were stopped: 0.1235583 seconds, Stopping threads took: 0.0000482 seconds
2022-05-10T17:19:35.808+0800: 40.669: Application time: 0.0233138 seconds
2022-05-10T17:19:35.808+0800: 40.669: [GC (Allocation Failure) 2022-05-10T17:19:35.808+0800: 40.669: [ParNew: 3619K->20K(153600K), 0.0012379 secs]2022-05-10T17:19:35.809+0800: 40.671: [CMS: 207777K->12459K(341376K), 0.0987610 secs] 211396K->12459K(494976K), [Metaspace: 34827K->34827K(1081344K)], 0.1003108 secs] [Times: user=0.09 sys=0.00, real=0.10 secs] 
2022-05-10T17:19:35.908+0800: 40.770: Total time for which application threads were stopped: 0.1008491 seconds, Stopping threads took: 0.0000845 seconds
2022-05-10T17:19:35.908+0800: 40.770: Application time: 0.0000547 seconds
2022-05-10T17:19:35.948+0800: 40.809: [GC (CMS Initial Mark) [1 CMS-initial-mark: 207771K(341376K)] 210503K(494976K), 0.0007802 secs] [Times: user=0.00 sys=0.00, real=0.00 secs] 
2022-05-10T17:19:35.949+0800: 40.810: Total time for which application threads were stopped: 0.0403082 seconds, Stopping threads took: 0.0393436 seconds
2022-05-10T17:19:35.949+0800: 40.810: [CMS-concurrent-mark-start]
2022-05-10T17:19:35.949+0800: 40.810: Application time: 0.0002700 seconds
2022-05-10T17:19:35.949+0800: 40.810: [GC (Allocation Failure) 2022-05-10T17:19:35.949+0800: 40.810: [ParNew: 2731K->2K(153600K), 0.0012372 secs]2022-05-10T17:19:35.951+0800: 40.812: [CMS2022-05-10T17:19:35.988+0800: 40.850: [CMS-concurrent-mark: 0.029/0.039 secs] [Times: user=0.05 sys=0.00, real=0.04 secs] 
 (concurrent mode failure): 207771K->12459K(341376K), 0.1918125 secs] 210503K->12459K(494976K), [Metaspace: 34827K->34827K(1081344K)], 0.1935496 secs] [Times: user=0.16 sys=0.00, real=0.19 secs] 
2022-05-10T17:19:36.143+0800: 41.004: Total time for which application threads were stopped: 0.1939884 seconds, Stopping threads took: 0.0000235 seconds
2022-05-10T17:19:36.184+0800: 41.045: Application time: 0.0409332 seconds
2022-05-10T17:19:36.184+0800: 41.045: [GC (Allocation Failure) 2022-05-10T17:19:36.184+0800: 41.045: [ParNew: 4302K->16K(153600K), 0.0012256 secs]2022-05-10T17:19:36.186+0800: 41.047: [CMS: 207772K->12459K(341376K), 0.0899226 secs] 212074K->12459K(494976K), [Metaspace: 34832K->34832K(1081344K)], 0.0913826 secs] [Times: user=0.09 sys=0.00, real=0.09 secs] 
2022-05-10T17:19:36.276+0800: 41.137: Total time for which application threads were stopped: 0.0916681 seconds, Stopping threads took: 0.0000315 seconds
2022-05-10T17:19:36.276+0800: 41.137: Application time: 0.0000649 seconds
2022-05-10T17:19:36.296+0800: 41.157: [GC (CMS Initial Mark) [1 CMS-initial-mark: 207771K(341376K)] 210503K(494976K), 0.0008753 secs] [Times: user=0.00 sys=0.00, real=0.00 secs] 
2022-05-10T17:19:36.296+0800: 41.158: Total time for which application threads were stopped: 0.0208099 seconds, Stopping threads took: 0.0197243 seconds
2022-05-10T17:19:36.296+0800: 41.158: [CMS-concurrent-mark-start]
2022-05-10T17:19:36.296+0800: 41.158: Application time: 0.0001248 seconds
2022-05-10T17:19:36.296+0800: 41.158: [GC (Allocation Failure) 2022-05-10T17:19:36.296+0800: 41.158: [ParNew: 2731K->8K(153600K), 0.0011543 secs]2022-05-10T17:19:36.298+0800: 41.159: [CMS2022-05-10T17:19:36.328+0800: 41.190: [CMS-concurrent-mark: 0.026/0.032 secs] [Times: user=0.06 sys=0.00, real=0.03 secs] 
 (concurrent mode failure): 207771K->12461K(341376K), 0.1153856 secs] 210503K->12461K(494976K), [Metaspace: 34832K->34832K(1081344K)], 0.1167742 secs] [Times: user=0.16 sys=0.00, real=0.12 secs] 
2022-05-10T17:19:36.414+0800: 41.275: Total time for which application threads were stopped: 0.1170858 seconds, Stopping threads took: 0.0000447 seconds
2022-05-10T17:19:36.435+0800: 41.296: Application time: 0.0214060 seconds
2022-05-10T17:19:36.435+0800: 41.297: [GC (Allocation Failure) 2022-05-10T17:19:36.436+0800: 41.297: [ParNew: 2731K->26K(153600K), 0.0011407 secs]2022-05-10T17:19:36.437+0800: 41.298: [CMS: 207773K->12459K(341376K), 0.0942509 secs] 210505K->12459K(494976K), [Metaspace: 34832K->34832K(1081344K)], 0.0956531 secs] [Times: user=0.09 sys=0.00, real=0.10 secs] 
2022-05-10T17:19:36.531+0800: 41.392: Total time for which application threads were stopped: 0.0959875 seconds, Stopping threads took: 0.0000520 seconds
2022-05-10T17:19:36.531+0800: 41.393: Application time: 0.0000737 seconds
2022-05-10T17:19:36.551+0800: 41.412: [GC (CMS Initial Mark) [1 CMS-initial-mark: 207771K(341376K)] 211869K(494976K), 0.0007225 secs] [Times: user=0.00 sys=0.00, real=0.00 secs] 
2022-05-10T17:19:36.552+0800: 41.413: Total time for which application threads were stopped: 0.0203688 seconds, Stopping threads took: 0.0194968 seconds
2022-05-10T17:19:36.552+0800: 41.413: [CMS-concurrent-mark-start]
2022-05-10T17:19:36.552+0800: 41.413: Application time: 0.0000822 seconds
2022-05-10T17:19:36.552+0800: 41.413: [GC (Allocation Failure) 2022-05-10T17:19:36.552+0800: 41.413: [ParNew: 4097K->4K(153600K), 0.0011789 secs]2022-05-10T17:19:36.553+0800: 41.415: [CMS2022-05-10T17:19:36.592+0800: 41.454: [CMS-concurrent-mark: 0.028/0.041 secs] [Times: user=0.06 sys=0.00, real=0.04 secs] 
 (concurrent mode failure): 207771K->12461K(341376K), 0.1280496 secs] 211869K->12461K(494976K), [Metaspace: 34832K->34832K(1081344K)], 0.1295962 secs] [Times: user=0.16 sys=0.00, real=0.13 secs] 
2022-05-10T17:19:36.681+0800: 41.543: Total time for which application threads were stopped: 0.1298669 seconds, Stopping threads took: 0.0000354 seconds
2022-05-10T17:19:36.706+0800: 41.567: Application time: 0.0244152 seconds
2022-05-10T17:19:36.706+0800: 41.567: [GC (Allocation Failure) 2022-05-10T17:19:36.706+0800: 41.568: [ParNew: 4302K->22K(153600K), 0.0015572 secs]2022-05-10T17:19:36.708+0800: 41.569: [CMS: 207773K->12459K(341376K), 0.1067909 secs] 212075K->12459K(494976K), [Metaspace: 34832K->34832K(1081344K)], 0.1086330 secs] [Times: user=0.09 sys=0.00, real=0.11 secs] 
2022-05-10T17:19:36.815+0800: 41.676: Total time for which application threads were stopped: 0.1089975 seconds, Stopping threads took: 0.0000444 seconds
2022-05-10T17:19:36.815+0800: 41.677: Application time: 0.0003178 seconds
2022-05-10T17:19:36.837+0800: 41.698: [GC (CMS Initial Mark) [1 CMS-initial-mark: 207772K(341376K)] 210503K(494976K), 0.0007866 secs] [Times: user=0.00 sys=0.00, real=0.00 secs] 
2022-05-10T17:19:36.838+0800: 41.699: Total time for which application threads were stopped: 0.0224730 seconds, Stopping threads took: 0.0215183 seconds
2022-05-10T17:19:36.838+0800: 41.699: [CMS-concurrent-mark-start]
2022-05-10T17:19:36.838+0800: 41.699: Application time: 0.0000843 seconds
2022-05-10T17:19:36.838+0800: 41.699: [GC (Allocation Failure) 2022-05-10T17:19:36.838+0800: 41.699: [ParNew: 2731K->14K(153600K), 0.0010816 secs]2022-05-10T17:19:36.839+0800: 41.700: [CMS2022-05-10T17:19:36.872+0800: 41.733: [CMS-concurrent-mark: 0.027/0.034 secs] [Times: user=0.06 sys=0.00, real=0.03 secs] 
 (concurrent mode failure): 207772K->12465K(341376K), 0.1449449 secs] 210503K->12465K(494976K), [Metaspace: 34832K->34832K(1081344K)], 0.1462825 secs] [Times: user=0.16 sys=0.00, real=0.15 secs] 
2022-05-10T17:19:36.985+0800: 41.846: Total time for which application threads were stopped: 0.1466227 seconds, Stopping threads took: 0.0000377 seconds
2022-05-10T17:19:37.012+0800: 41.873: Application time: 0.0276604 seconds
2022-05-10T17:19:37.012+0800: 41.874: [GC (Allocation Failure) 2022-05-10T17:19:37.012+0800: 41.874: [ParNew: 2731K->20K(153600K), 0.0015687 secs]2022-05-10T17:19:37.014+0800: 41.875: [CMS: 207778K->12459K(341376K), 0.1019609 secs] 210509K->12459K(494976K), [Metaspace: 34832K->34832K(1081344K)], 0.1038031 secs] [Times: user=0.09 sys=0.00, real=0.10 secs] 
2022-05-10T17:19:37.116+0800: 41.978: Total time for which application threads were stopped: 0.1041989 seconds, Stopping threads took: 0.0000631 seconds
2022-05-10T17:19:37.116+0800: 41.978: Application time: 0.0000646 seconds
2022-05-10T17:19:37.139+0800: 42.001: [GC (CMS Initial Mark) [1 CMS-initial-mark: 207772K(341376K)] 210503K(494976K), 0.0008521 secs] [Times: user=0.00 sys=0.00, real=0.00 secs] 
2022-05-10T17:19:37.140+0800: 42.002: Total time for which application threads were stopped: 0.0239948 seconds, Stopping threads took: 0.0229760 seconds
2022-05-10T17:19:37.140+0800: 42.002: [CMS-concurrent-mark-start]
2022-05-10T17:19:37.140+0800: 42.002: Application time: 0.0000869 seconds
2022-05-10T17:19:37.140+0800: 42.002: [GC (Allocation Failure) 2022-05-10T17:19:37.140+0800: 42.002: [ParNew: 2731K->6K(153600K), 0.0014294 secs]2022-05-10T17:19:37.142+0800: 42.003: [CMS2022-05-10T17:19:37.185+0800: 42.047: [CMS-concurrent-mark: 0.030/0.045 secs] [Times: user=0.06 sys=0.00, real=0.04 secs] 
 (concurrent mode failure): 207772K->12461K(341376K), 0.1465934 secs] 210503K->12461K(494976K), [Metaspace: 34832K->34832K(1081344K)], 0.1482335 secs] [Times: user=0.17 sys=0.00, real=0.15 secs] 
2022-05-10T17:19:37.289+0800: 42.150: Total time for which application threads were stopped: 0.1484703 seconds, Stopping threads took: 0.0000237 seconds
2022-05-10T17:19:37.312+0800: 42.173: Application time: 0.0228330 seconds
2022-05-10T17:19:37.312+0800: 42.173: [GC (Allocation Failure) 2022-05-10T17:19:37.312+0800: 42.174: [ParNew: 3414K->22K(153600K), 0.0016169 secs]2022-05-10T17:19:37.314+0800: 42.175: [CMS: 207773K->12459K(341376K), 0.0923477 secs] 211188K->12459K(494976K), [Metaspace: 34832K->34832K(1081344K)], 0.0943851 secs] [Times: user=0.09 sys=0.00, real=0.10 secs] 
2022-05-10T17:19:37.407+0800: 42.268: Total time for which application threads were stopped: 0.0947850 seconds, Stopping threads took: 0.0000596 seconds
2022-05-10T17:19:37.407+0800: 42.268: Application time: 0.0000573 seconds
2022-05-10T17:19:37.425+0800: 42.286: [GC (CMS Initial Mark) [1 CMS-initial-mark: 207772K(341376K)] 207772K(494976K), 0.0007644 secs] [Times: user=0.00 sys=0.00, real=0.00 secs] 
2022-05-10T17:19:37.426+0800: 42.287: Total time for which application threads were stopped: 0.0191607 seconds, Stopping threads took: 0.0182232 seconds
2022-05-10T17:19:37.426+0800: 42.287: [CMS-concurrent-mark-start]
2022-05-10T17:19:37.426+0800: 42.287: Application time: 0.0000978 seconds
2022-05-10T17:19:37.426+0800: 42.287: [GC (Allocation Failure) 2022-05-10T17:19:37.426+0800: 42.287: [ParNew: 2731K->4K(153600K), 0.0013388 secs]2022-05-10T17:19:37.428+0800: 42.289: [CMS2022-05-10T17:19:37.465+0800: 42.326: [CMS-concurrent-mark: 0.027/0.039 secs] [Times: user=0.06 sys=0.00, real=0.04 secs] 
 (concurrent mode failure): 207772K->12461K(341376K), 0.1235277 secs] 210503K->12461K(494976K), [Metaspace: 34832K->34832K(1081344K)], 0.1250857 secs] [Times: user=0.14 sys=0.00, real=0.13 secs] 
2022-05-10T17:19:37.551+0800: 42.413: Total time for which application threads were stopped: 0.1254039 seconds, Stopping threads took: 0.0000334 seconds
2022-05-10T17:19:37.573+0800: 42.434: Application time: 0.0213911 seconds
2022-05-10T17:19:37.573+0800: 42.434: [GC (Allocation Failure) 2022-05-10T17:19:37.573+0800: 42.434: [ParNew: 4097K->26K(153600K), 0.0011472 secs]2022-05-10T17:19:37.574+0800: 42.435: [CMS: 207773K->12459K(341376K), 0.0937211 secs] 211871K->12459K(494976K), [Metaspace: 34832K->34832K(1081344K)], 0.0951040 secs] [Times: user=0.09 sys=0.00, real=0.10 secs] 
2022-05-10T17:19:37.668+0800: 42.530: Total time for which application threads were stopped: 0.0955123 seconds, Stopping threads took: 0.0000326 seconds
2022-05-10T17:19:37.668+0800: 42.530: Application time: 0.0000842 seconds
2022-05-10T17:19:37.686+0800: 42.548: [GC (CMS Initial Mark) [1 CMS-initial-mark: 207772K(341376K)] 210503K(494976K), 0.0007337 secs] [Times: user=0.00 sys=0.00, real=0.00 secs] 
2022-05-10T17:19:37.687+0800: 42.549: Total time for which application threads were stopped: 0.0190244 seconds, Stopping threads took: 0.0181410 seconds
2022-05-10T17:19:37.687+0800: 42.549: [CMS-concurrent-mark-start]
2022-05-10T17:19:37.687+0800: 42.549: Application time: 0.0000850 seconds
2022-05-10T17:19:37.687+0800: 42.549: [GC (Allocation Failure) 2022-05-10T17:19:37.687+0800: 42.549: [ParNew: 3414K->8K(153600K), 0.0010972 secs]2022-05-10T17:19:37.689+0800: 42.550: [CMS2022-05-10T17:19:37.730+0800: 42.592: [CMS-concurrent-mark: 0.027/0.043 secs] [Times: user=0.06 sys=0.00, real=0.04 secs] 
 (concurrent mode failure): 207772K->12461K(341376K), 0.1252661 secs] 211186K->12461K(494976K), [Metaspace: 34832K->34832K(1081344K)], 0.1265609 secs] [Times: user=0.14 sys=0.00, real=0.13 secs] 
2022-05-10T17:19:37.814+0800: 42.676: Total time for which application threads were stopped: 0.1268447 seconds, Stopping threads took: 0.0000437 seconds
2022-05-10T17:19:37.833+0800: 42.694: Application time: 0.0182072 seconds
2022-05-10T17:19:37.833+0800: 42.694: [GC (Allocation Failure) 2022-05-10T17:19:37.833+0800: 42.694: [ParNew: 2731K->24K(153600K), 0.0012994 secs]2022-05-10T17:19:37.834+0800: 42.695: [CMS: 207773K->12459K(341376K), 0.0870226 secs] 210505K->12459K(494976K), [Metaspace: 34832K->34832K(1081344K)], 0.0885539 secs] [Times: user=0.09 sys=0.00, real=0.09 secs] 
2022-05-10T17:19:37.922+0800: 42.783: Total time for which application threads were stopped: 0.0889792 seconds, Stopping threads took: 0.0000398 seconds
2022-05-10T17:19:37.922+0800: 42.783: Application time: 0.0000661 seconds
2022-05-10T17:19:37.940+0800: 42.801: [GC (CMS Initial Mark) [1 CMS-initial-mark: 207772K(341376K)] 210503K(494976K), 0.0007175 secs] [Times: user=0.00 sys=0.00, real=0.00 secs] 
2022-05-10T17:19:37.941+0800: 42.802: Total time for which application threads were stopped: 0.0190555 seconds, Stopping threads took: 0.0181899 seconds
2022-05-10T17:19:37.941+0800: 42.802: [CMS-concurrent-mark-start]
2022-05-10T17:19:37.941+0800: 42.802: Application time: 0.0000838 seconds
2022-05-10T17:19:37.941+0800: 42.802: [GC (Allocation Failure) 2022-05-10T17:19:37.941+0800: 42.802: [ParNew: 2731K->12K(153600K), 0.0010222 secs]2022-05-10T17:19:37.942+0800: 42.803: [CMS2022-05-10T17:19:37.976+0800: 42.838: [CMS-concurrent-mark: 0.023/0.036 secs] [Times: user=0.06 sys=0.00, real=0.04 secs] 
 (concurrent mode failure): 207772K->12463K(341376K), 0.1235434 secs] 210503K->12463K(494976K), [Metaspace: 34832K->34832K(1081344K)], 0.1247298 secs] [Times: user=0.14 sys=0.00, real=0.13 secs] 
2022-05-10T17:19:38.066+0800: 42.927: Total time for which application threads were stopped: 0.1250056 seconds, Stopping threads took: 0.0000612 seconds
2022-05-10T17:19:38.086+0800: 42.947: Application time: 0.0199328 seconds
2022-05-10T17:19:38.086+0800: 42.947: [GC (Allocation Failure) 2022-05-10T17:19:38.086+0800: 42.947: [ParNew: 2731K->20K(153600K), 0.0010448 secs]2022-05-10T17:19:38.087+0800: 42.948: [CMS: 207776K->12459K(341376K), 0.0844353 secs] 210507K->12459K(494976K), [Metaspace: 34832K->34832K(1081344K)], 0.0856971 secs] [Times: user=0.08 sys=0.00, real=0.09 secs] 
2022-05-10T17:19:38.172+0800: 43.033: Total time for which application threads were stopped: 0.0859650 seconds, Stopping threads took: 0.0000351 seconds
2022-05-10T17:19:38.172+0800: 43.033: Application time: 0.0000585 seconds
2022-05-10T17:19:38.190+0800: 43.051: [GC (CMS Initial Mark) [1 CMS-initial-mark: 207772K(341376K)] 210503K(494976K), 0.0006524 secs] [Times: user=0.00 sys=0.00, real=0.00 secs] 
2022-05-10T17:19:38.191+0800: 43.052: Total time for which application threads were stopped: 0.0191262 seconds, Stopping threads took: 0.0183552 seconds
2022-05-10T17:19:38.191+0800: 43.052: [CMS-concurrent-mark-start]
2022-05-10T17:19:38.191+0800: 43.052: Application time: 0.0000761 seconds
2022-05-10T17:19:38.191+0800: 43.052: [GC (Allocation Failure) 2022-05-10T17:19:38.191+0800: 43.052: [ParNew: 2731K->12K(153600K), 0.0010547 secs]2022-05-10T17:19:38.192+0800: 43.054: [CMS2022-05-10T17:19:38.232+0800: 43.094: [CMS-concurrent-mark: 0.028/0.042 secs] [Times: user=0.06 sys=0.00, real=0.04 secs] 
 (concurrent mode failure): 207772K->12462K(341376K), 0.1166345 secs] 210503K->12462K(494976K), [Metaspace: 34832K->34832K(1081344K)], 0.1178772 secs] [Times: user=0.14 sys=0.00, real=0.12 secs] 
2022-05-10T17:19:38.309+0800: 43.171: Total time for which application threads were stopped: 0.1182695 seconds, Stopping threads took: 0.0000518 seconds
2022-05-10T17:19:38.325+0800: 43.186: Application time: 0.0157479 seconds
2022-05-10T17:19:38.325+0800: 43.186: [GC (Allocation Failure) 2022-05-10T17:19:38.325+0800: 43.186: [ParNew: 3414K->20K(153600K), 0.0012997 secs]2022-05-10T17:19:38.327+0800: 43.188: [CMS: 207774K->12459K(341376K), 0.0770915 secs] 211189K->12459K(494976K), [Metaspace: 34832K->34832K(1081344K)], 0.0786258 secs] [Times: user=0.08 sys=0.00, real=0.08 secs] 
2022-05-10T17:19:38.403+0800: 43.265: Total time for which application threads were stopped: 0.0788946 seconds, Stopping threads took: 0.0000343 seconds
2022-05-10T17:19:38.403+0800: 43.265: Application time: 0.0000946 seconds
2022-05-10T17:19:38.422+0800: 43.284: [GC (CMS Initial Mark) [1 CMS-initial-mark: 207772K(341376K)] 210503K(494976K), 0.0008091 secs] [Times: user=0.00 sys=0.00, real=0.00 secs] 
2022-05-10T17:19:38.423+0800: 43.285: Total time for which application threads were stopped: 0.0193982 seconds, Stopping threads took: 0.0184533 seconds
2022-05-10T17:19:38.423+0800: 43.285: [CMS-concurrent-mark-start]
2022-05-10T17:19:38.423+0800: 43.285: Application time: 0.0001008 seconds
2022-05-10T17:19:38.423+0800: 43.285: [GC (Allocation Failure) 2022-05-10T17:19:38.423+0800: 43.285: [ParNew: 2731K->6K(153600K), 0.0009895 secs]2022-05-10T17:19:38.425+0800: 43.286: [CMS2022-05-10T17:19:38.458+0800: 43.319: [CMS-concurrent-mark: 0.020/0.035 secs] [Times: user=0.02 sys=0.00, real=0.03 secs] 
 (concurrent mode failure): 207772K->12461K(341376K), 0.1045201 secs] 210503K->12461K(494976K), [Metaspace: 34832K->34832K(1081344K)], 0.1057318 secs] [Times: user=0.09 sys=0.00, real=0.11 secs] 
2022-05-10T17:19:38.529+0800: 43.391: Total time for which application threads were stopped: 0.1060509 seconds, Stopping threads took: 0.0000492 seconds
2022-05-10T17:19:38.547+0800: 43.409: Application time: 0.0180441 seconds
2022-05-10T17:19:38.548+0800: 43.409: [GC (Allocation Failure) 2022-05-10T17:19:38.548+0800: 43.409: [ParNew: 2731K->22K(153600K), 0.0009735 secs]2022-05-10T17:19:38.549+0800: 43.410: [CMS: 207773K->12459K(341376K), 0.0808512 secs] 210505K->12459K(494976K), [Metaspace: 34832K->34832K(1081344K)], 0.0820839 secs] [Times: user=0.08 sys=0.00, real=0.08 secs] 
2022-05-10T17:19:38.630+0800: 43.492: Total time for which application threads were stopped: 0.0826170 seconds, Stopping threads took: 0.0000717 seconds
2022-05-10T17:19:38.630+0800: 43.492: Application time: 0.0001128 seconds
2022-05-10T17:19:38.649+0800: 43.510: [GC (CMS Initial Mark) [1 CMS-initial-mark: 207772K(341376K)] 211869K(494976K), 0.0009226 secs] [Times: user=0.00 sys=0.00, real=0.00 secs] 
2022-05-10T17:19:38.649+0800: 43.511: Total time for which application threads were stopped: 0.0194349 seconds, Stopping threads took: 0.0183620 seconds
2022-05-10T17:19:38.650+0800: 43.511: [CMS-concurrent-mark-start]
2022-05-10T17:19:38.650+0800: 43.511: Application time: 0.0000998 seconds
2022-05-10T17:19:38.650+0800: 43.511: [GC (Allocation Failure) 2022-05-10T17:19:38.650+0800: 43.511: [ParNew: 4097K->6K(153600K), 0.0012719 secs]2022-05-10T17:19:38.652+0800: 43.513: [CMS2022-05-10T17:19:38.680+0800: 43.542: [CMS-concurrent-mark: 0.024/0.031 secs] [Times: user=0.06 sys=0.00, real=0.03 secs] 
 (concurrent mode failure): 207772K->12462K(341376K), 0.1106369 secs] 211869K->12462K(494976K), [Metaspace: 34832K->34832K(1081344K)], 0.1121168 secs] [Times: user=0.14 sys=0.00, real=0.11 secs] 
2022-05-10T17:19:38.762+0800: 43.624: Total time for which application threads were stopped: 0.1124132 seconds, Stopping threads took: 0.0000649 seconds
2022-05-10T17:19:38.786+0800: 43.648: Application time: 0.0239653 seconds
2022-05-10T17:19:38.786+0800: 43.648: [GC (Allocation Failure) 2022-05-10T17:19:38.786+0800: 43.648: [ParNew: 3414K->18K(153600K), 0.0011191 secs]2022-05-10T17:19:38.788+0800: 43.649: [CMS: 207775K->12459K(341376K), 0.0895079 secs] 211189K->12459K(494976K), [Metaspace: 34832K->34832K(1081344K)], 0.0908153 secs] [Times: user=0.09 sys=0.00, real=0.09 secs] 
2022-05-10T17:19:38.878+0800: 43.739: Total time for which application threads were stopped: 0.0910882 seconds, Stopping threads took: 0.0000408 seconds
2022-05-10T17:19:38.878+0800: 43.739: Application time: 0.0000728 seconds
2022-05-10T17:19:38.898+0800: 43.759: [GC (CMS Initial Mark) [1 CMS-initial-mark: 207772K(341376K)] 210503K(494976K), 0.0007413 secs] [Times: user=0.02 sys=0.00, real=0.00 secs] 
2022-05-10T17:19:38.898+0800: 43.760: Total time for which application threads were stopped: 0.0207845 seconds, Stopping threads took: 0.0197636 seconds
2022-05-10T17:19:38.898+0800: 43.760: [CMS-concurrent-mark-start]
2022-05-10T17:19:38.898+0800: 43.760: Application time: 0.0000824 seconds
2022-05-10T17:19:38.899+0800: 43.760: [GC (Allocation Failure) 2022-05-10T17:19:38.899+0800: 43.760: [ParNew: 2731K->10K(153600K), 0.0009507 secs]2022-05-10T17:19:38.900+0800: 43.761: [CMS2022-05-10T17:19:38.930+0800: 43.792: [CMS-concurrent-mark: 0.025/0.032 secs] [Times: user=0.06 sys=0.00, real=0.03 secs] 
 (concurrent mode failure): 207772K->12462K(341376K), 0.1076380 secs] 210503K->12462K(494976K), [Metaspace: 34832K->34832K(1081344K)], 0.1087732 secs] [Times: user=0.14 sys=0.00, real=0.11 secs] 
2022-05-10T17:19:39.008+0800: 43.869: Total time for which application threads were stopped: 0.1090672 seconds, Stopping threads took: 0.0000703 seconds
2022-05-10T17:19:39.024+0800: 43.886: Application time: 0.0173454 seconds
2022-05-10T17:19:39.024+0800: 43.886: [GC (Allocation Failure) 2022-05-10T17:19:39.024+0800: 43.886: [ParNew: 2731K->20K(153600K), 0.0013022 secs]2022-05-10T17:19:39.026+0800: 43.888: [CMS: 207775K->12459K(341376K), 0.0629731 secs] 210506K->12459K(494976K), [Metaspace: 34832K->34832K(1081344K)], 0.0644433 secs] [Times: user=0.06 sys=0.00, real=0.07 secs] 
2022-05-10T17:19:39.089+0800: 43.951: Total time for which application threads were stopped: 0.0646723 seconds, Stopping threads took: 0.0000457 seconds
2022-05-10T17:19:39.090+0800: 43.951: Application time: 0.0001143 seconds
2022-05-10T17:19:39.106+0800: 43.968: [GC (CMS Initial Mark) [1 CMS-initial-mark: 207772K(341376K)] 210503K(494976K), 0.0006168 secs] [Times: user=0.00 sys=0.00, real=0.00 secs] 
2022-05-10T17:19:39.107+0800: 43.969: Total time for which application threads were stopped: 0.0178656 seconds, Stopping threads took: 0.0171238 seconds
2022-05-10T17:19:39.107+0800: 43.969: [CMS-concurrent-mark-start]
2022-05-10T17:19:39.107+0800: 43.969: Application time: 0.0001240 seconds
2022-05-10T17:19:39.107+0800: 43.969: [GC (Allocation Failure) 2022-05-10T17:19:39.107+0800: 43.969: [ParNew: 2731K->14K(153600K), 0.0011202 secs]2022-05-10T17:19:39.109+0800: 43.970: [CMS2022-05-10T17:19:39.127+0800: 43.989: [CMS-concurrent-mark: 0.019/0.020 secs] [Times: user=0.03 sys=0.00, real=0.02 secs] 
 (concurrent mode failure): 207772K->12469K(341376K), 0.0882013 secs] 210503K->12469K(494976K), [Metaspace: 34832K->34832K(1081344K)], 0.0895121 secs] [Times: user=0.11 sys=0.00, real=0.09 secs] 
2022-05-10T17:19:39.197+0800: 44.059: Total time for which application threads were stopped: 0.0897763 seconds, Stopping threads took: 0.0000466 seconds
2022-05-10T17:19:39.216+0800: 44.077: Application time: 0.0182240 seconds
2022-05-10T17:19:39.216+0800: 44.077: [GC (Allocation Failure) 2022-05-10T17:19:39.216+0800: 44.077: [ParNew: 2731K->18K(153600K), 0.0009781 secs]2022-05-10T17:19:39.217+0800: 44.078: [CMS: 207781K->12459K(341376K), 0.0730805 secs] 210513K->12459K(494976K), [Metaspace: 34832K->34832K(1081344K)], 0.0742528 secs] [Times: user=0.06 sys=0.00, real=0.07 secs] 
2022-05-10T17:19:39.290+0800: 44.151: Total time for which application threads were stopped: 0.0744899 seconds, Stopping threads took: 0.0000296 seconds
2022-05-10T17:19:39.290+0800: 44.151: Application time: 0.0000776 seconds
2022-05-10T17:19:39.308+0800: 44.170: [GC (CMS Initial Mark) [1 CMS-initial-mark: 207772K(341376K)] 210503K(494976K), 0.0007300 secs] [Times: user=0.00 sys=0.00, real=0.00 secs] 
2022-05-10T17:19:39.310+0800: 44.171: Total time for which application threads were stopped: 0.0196642 seconds, Stopping threads took: 0.0187741 seconds
2022-05-10T17:19:39.310+0800: 44.171: [CMS-concurrent-mark-start]
2022-05-10T17:19:39.310+0800: 44.171: Application time: 0.0001547 seconds
2022-05-10T17:19:39.310+0800: 44.172: [GC (Allocation Failure) 2022-05-10T17:19:39.310+0800: 44.172: [ParNew: 2731K->8K(153600K), 0.0010178 secs]2022-05-10T17:19:39.312+0800: 44.173: [CMS2022-05-10T17:19:39.334+0800: 44.196: [CMS-concurrent-mark: 0.023/0.025 secs] [Times: user=0.05 sys=0.00, real=0.03 secs] 
 (concurrent mode failure): 207772K->12462K(341376K), 0.0931784 secs] 210503K->12462K(494976K), [Metaspace: 34832K->34832K(1081344K)], 0.0943604 secs] [Times: user=0.11 sys=0.00, real=0.09 secs] 
2022-05-10T17:19:39.404+0800: 44.266: Total time for which application threads were stopped: 0.0947408 seconds, Stopping threads took: 0.0001001 seconds
2022-05-10T17:19:39.422+0800: 44.283: Application time: 0.0169209 seconds
2022-05-10T17:19:39.422+0800: 44.283: [GC (Allocation Failure) 2022-05-10T17:19:39.422+0800: 44.283: [ParNew: 3414K->20K(153600K), 0.0010673 secs]2022-05-10T17:19:39.423+0800: 44.284: [CMS: 207774K->12459K(341376K), 0.0701190 secs] 211189K->12459K(494976K), [Metaspace: 34832K->34832K(1081344K)], 0.0713883 secs] [Times: user=0.08 sys=0.00, real=0.07 secs] 
2022-05-10T17:19:39.493+0800: 44.355: Total time for which application threads were stopped: 0.0716322 seconds, Stopping threads took: 0.0000285 seconds
2022-05-10T17:19:39.493+0800: 44.355: Application time: 0.0000562 seconds
2022-05-10T17:19:39.510+0800: 44.371: [GC (CMS Initial Mark) [1 CMS-initial-mark: 207772K(341376K)] 210503K(494976K), 0.0006662 secs] [Times: user=0.00 sys=0.00, real=0.00 secs] 
2022-05-10T17:19:39.510+0800: 44.372: Total time for which application threads were stopped: 0.0174088 seconds, Stopping threads took: 0.0166297 seconds
2022-05-10T17:19:39.510+0800: 44.372: [CMS-concurrent-mark-start]
2022-05-10T17:19:39.510+0800: 44.372: Application time: 0.0001349 seconds
2022-05-10T17:19:39.511+0800: 44.372: [GC (Allocation Failure) 2022-05-10T17:19:39.511+0800: 44.372: [ParNew: 2731K->8K(153600K), 0.0008910 secs]2022-05-10T17:19:39.512+0800: 44.373: [CMS2022-05-10T17:19:39.539+0800: 44.400: [CMS-concurrent-mark: 0.023/0.028 secs] [Times: user=0.06 sys=0.00, real=0.03 secs] 
 (concurrent mode failure): 207772K->12464K(341376K), 0.0967365 secs] 210503K->12464K(494976K), [Metaspace: 34832K->34832K(1081344K)], 0.0978095 secs] [Times: user=0.13 sys=0.00, real=0.10 secs] 
2022-05-10T17:19:39.609+0800: 44.470: Total time for which application threads were stopped: 0.0980553 seconds, Stopping threads took: 0.0000500 seconds
2022-05-10T17:19:39.625+0800: 44.486: Application time: 0.0155456 seconds
2022-05-10T17:19:39.625+0800: 44.486: [GC (Allocation Failure) 2022-05-10T17:19:39.625+0800: 44.486: [ParNew: 2731K->20K(153600K), 0.0012849 secs]2022-05-10T17:19:39.626+0800: 44.487: [CMS: 207776K->12459K(341376K), 0.0842956 secs] 210508K->12459K(494976K), [Metaspace: 34832K->34832K(1081344K)], 0.0858230 secs] [Times: user=0.09 sys=0.00, real=0.09 secs] 
2022-05-10T17:19:39.710+0800: 44.572: Total time for which application threads were stopped: 0.0862180 seconds, Stopping threads took: 0.0000288 seconds
2022-05-10T17:19:39.710+0800: 44.572: Application time: 0.0001368 seconds
2022-05-10T17:19:39.730+0800: 44.592: [GC (CMS Initial Mark) [1 CMS-initial-mark: 207772K(341376K)] 211869K(494976K), 0.0017230 secs] [Times: user=0.00 sys=0.00, real=0.00 secs] 
2022-05-10T17:19:39.733+0800: 44.594: Total time for which application threads were stopped: 0.0215978 seconds, Stopping threads took: 0.0195445 seconds
2022-05-10T17:19:39.733+0800: 44.594: [CMS-concurrent-mark-start]
2022-05-10T17:19:39.733+0800: 44.594: Application time: 0.0002305 seconds
2022-05-10T17:19:39.733+0800: 44.594: [GC (Allocation Failure) 2022-05-10T17:19:39.733+0800: 44.594: [ParNew: 4097K->4K(153600K), 0.0015718 secs]2022-05-10T17:19:39.735+0800: 44.596: [CMS2022-05-10T17:19:39.772+0800: 44.634: [CMS-concurrent-mark: 0.023/0.040 secs] [Times: user=0.03 sys=0.00, real=0.04 secs] 
 (concurrent mode failure): 207772K->12461K(341376K), 0.1221321 secs] 211869K->12461K(494976K), [Metaspace: 34832K->34832K(1081344K)], 0.1239906 secs] [Times: user=0.13 sys=0.00, real=0.12 secs] 
2022-05-10T17:19:39.857+0800: 44.718: Total time for which application threads were stopped: 0.1244479 seconds, Stopping threads took: 0.0000867 seconds
2022-05-10T17:19:39.876+0800: 44.738: Application time: 0.0192736 seconds
2022-05-10T17:19:39.876+0800: 44.738: [GC (Allocation Failure) 2022-05-10T17:19:39.876+0800: 44.738: [ParNew: 3414K->24K(153600K), 0.0013553 secs]2022-05-10T17:19:39.878+0800: 44.739: [CMS: 207773K->12459K(341376K), 0.0865809 secs] 211188K->12459K(494976K), [Metaspace: 34832K->34832K(1081344K)], 0.0882028 secs] [Times: user=0.09 sys=0.00, real=0.09 secs] 
2022-05-10T17:19:39.965+0800: 44.826: Total time for which application threads were stopped: 0.0884920 seconds, Stopping threads took: 0.0000409 seconds
2022-05-10T17:19:39.965+0800: 44.826: Application time: 0.0000735 seconds
2022-05-10T17:19:39.983+0800: 44.844: [GC (CMS Initial Mark) [1 CMS-initial-mark: 207772K(341376K)] 210503K(494976K), 0.0007382 secs] [Times: user=0.00 sys=0.00, real=0.00 secs] 
2022-05-10T17:19:39.984+0800: 44.845: Total time for which application threads were stopped: 0.0184797 seconds, Stopping threads took: 0.0175810 seconds
2022-05-10T17:19:39.984+0800: 44.845: [CMS-concurrent-mark-start]
2022-05-10T17:19:40.009+0800: 44.870: [CMS-concurrent-mark: 0.025/0.025 secs] [Times: user=0.05 sys=0.00, real=0.03 secs] 
2022-05-10T17:19:40.009+0800: 44.870: [CMS-concurrent-preclean-start]
2022-05-10T17:19:40.011+0800: 44.872: [CMS-concurrent-preclean: 0.002/0.002 secs] [Times: user=0.00 sys=0.00, real=0.00 secs] 
2022-05-10T17:19:40.011+0800: 44.872: [CMS-concurrent-abortable-preclean-start]
2022-05-10T17:19:40.013+0800: 44.874: Application time: 0.0289410 seconds
2022-05-10T17:19:40.013+0800: 44.874: [GC (Allocation Failure) 2022-05-10T17:19:40.013+0800: 44.874: [ParNew: 2731K->8K(153600K), 0.0009882 secs]2022-05-10T17:19:40.014+0800: 44.875: [CMS2022-05-10T17:19:40.014+0800: 44.875: [CMS-concurrent-abortable-preclean: 0.001/0.003 secs] [Times: user=0.00 sys=0.00, real=0.00 secs] 
 (concurrent mode failure): 207772K->12461K(341376K), 0.0793304 secs] 210503K->12461K(494976K), [Metaspace: 34832K->34832K(1081344K)], 0.0805473 secs] [Times: user=0.08 sys=0.00, real=0.08 secs] 
2022-05-10T17:19:40.093+0800: 44.955: Total time for which application threads were stopped: 0.0808317 seconds, Stopping threads took: 0.0000371 seconds
2022-05-10T17:19:40.112+0800: 44.974: Application time: 0.0194697 seconds
2022-05-10T17:19:40.112+0800: 44.974: [GC (Allocation Failure) 2022-05-10T17:19:40.112+0800: 44.974: [ParNew: 2731K->22K(153600K), 0.0010208 secs]2022-05-10T17:19:40.114+0800: 44.975: [CMS: 207773K->12459K(341376K), 0.0813715 secs] 210505K->12459K(494976K), [Metaspace: 34832K->34832K(1081344K)], 0.0826981 secs] [Times: user=0.09 sys=0.00, real=0.08 secs] 
2022-05-10T17:19:40.196+0800: 45.057: Total time for which application threads were stopped: 0.0829695 seconds, Stopping threads took: 0.0000310 seconds
2022-05-10T17:19:40.196+0800: 45.057: Application time: 0.0001136 seconds
2022-05-10T17:19:40.215+0800: 45.077: [GC (CMS Initial Mark) [1 CMS-initial-mark: 207772K(341376K)] 210503K(494976K), 0.0006587 secs] [Times: user=0.00 sys=0.00, real=0.00 secs] 
2022-05-10T17:19:40.216+0800: 45.077: Total time for which application threads were stopped: 0.0201111 seconds, Stopping threads took: 0.0193253 seconds
2022-05-10T17:19:40.216+0800: 45.077: [CMS-concurrent-mark-start]
2022-05-10T17:19:40.216+0800: 45.077: Application time: 0.0000720 seconds
2022-05-10T17:19:40.216+0800: 45.077: [GC (Allocation Failure) 2022-05-10T17:19:40.216+0800: 45.077: [ParNew: 2731K->8K(153600K), 0.0011027 secs]2022-05-10T17:19:40.218+0800: 45.079: [CMS2022-05-10T17:19:40.243+0800: 45.104: [CMS-concurrent-mark: 0.025/0.027 secs] [Times: user=0.06 sys=0.00, real=0.03 secs] 
 (concurrent mode failure): 207772K->12461K(341376K), 0.0977170 secs] 210503K->12461K(494976K), [Metaspace: 34832K->34832K(1081344K)], 0.0989843 secs] [Times: user=0.13 sys=0.00, real=0.10 secs] 
2022-05-10T17:19:40.315+0800: 45.177: Total time for which application threads were stopped: 0.0991910 seconds, Stopping threads took: 0.0000315 seconds
2022-05-10T17:19:40.331+0800: 45.192: Application time: 0.0153544 seconds
2022-05-10T17:19:40.331+0800: 45.192: [GC (Allocation Failure) 2022-05-10T17:19:40.331+0800: 45.192: [ParNew: 2731K->20K(153600K), 0.0013309 secs]2022-05-10T17:19:40.332+0800: 45.193: [CMS: 207773K->12459K(341376K), 0.0686945 secs] 210505K->12459K(494976K), [Metaspace: 34832K->34832K(1081344K)], 0.0702231 secs] [Times: user=0.08 sys=0.00, real=0.07 secs] 
2022-05-10T17:19:40.401+0800: 45.262: Total time for which application threads were stopped: 0.0704754 seconds, Stopping threads took: 0.0000456 seconds
2022-05-10T17:19:40.401+0800: 45.262: Application time: 0.0000879 seconds
2022-05-10T17:19:40.418+0800: 45.279: [GC (CMS Initial Mark) [1 CMS-initial-mark: 207772K(341376K)] 210503K(494976K), 0.0006070 secs] [Times: user=0.00 sys=0.00, real=0.00 secs] 
2022-05-10T17:19:40.419+0800: 45.280: Total time for which application threads were stopped: 0.0173233 seconds, Stopping threads took: 0.0166037 seconds
2022-05-10T17:19:40.419+0800: 45.280: [CMS-concurrent-mark-start]
2022-05-10T17:19:40.419+0800: 45.280: Application time: 0.0001173 seconds
2022-05-10T17:19:40.419+0800: 45.280: [GC (Allocation Failure) 2022-05-10T17:19:40.419+0800: 45.280: [ParNew: 3414K->8K(153600K), 0.0009834 secs]2022-05-10T17:19:40.420+0800: 45.281: [CMS2022-05-10T17:19:40.446+0800: 45.307: [CMS-concurrent-mark: 0.024/0.027 secs] [Times: user=0.06 sys=0.00, real=0.03 secs] 
 (concurrent mode failure): 207772K->12461K(341376K), 0.0951983 secs] 211186K->12461K(494976K), [Metaspace: 34832K->34832K(1081344K)], 0.0963760 secs] [Times: user=0.13 sys=0.00, real=0.10 secs] 
2022-05-10T17:19:40.515+0800: 45.377: Total time for which application threads were stopped: 0.0965982 seconds, Stopping threads took: 0.0000238 seconds
2022-05-10T17:19:40.533+0800: 45.394: Application time: 0.0179743 seconds
2022-05-10T17:19:40.533+0800: 45.395: [GC (Allocation Failure) 2022-05-10T17:19:40.533+0800: 45.395: [ParNew: 2731K->26K(153600K), 0.0010789 secs]2022-05-10T17:19:40.535+0800: 45.396: [CMS: 207773K->12459K(341376K), 0.0938868 secs] 210505K->12459K(494976K), [Metaspace: 34844K->34844K(1081344K)], 0.0952650 secs] [Times: user=0.09 sys=0.00, real=0.10 secs] 
2022-05-10T17:19:40.629+0800: 45.490: Total time for which application threads were stopped: 0.0956703 seconds, Stopping threads took: 0.0000602 seconds
2022-05-10T17:19:40.629+0800: 45.490: Application time: 0.0000794 seconds
2022-05-10T17:19:40.648+0800: 45.510: [GC (CMS Initial Mark) [1 CMS-initial-mark: 207772K(341376K)] 210503K(494976K), 0.0009486 secs] [Times: user=0.01 sys=0.00, real=0.00 secs] 
2022-05-10T17:19:40.649+0800: 45.511: Total time for which application threads were stopped: 0.0203370 seconds, Stopping threads took: 0.0191614 seconds
2022-05-10T17:19:40.649+0800: 45.511: [CMS-concurrent-mark-start]
2022-05-10T17:19:40.649+0800: 45.511: Application time: 0.0000839 seconds
2022-05-10T17:19:40.650+0800: 45.511: [GC (Allocation Failure) 2022-05-10T17:19:40.650+0800: 45.511: [ParNew: 2731K->4K(153600K), 0.0010681 secs]2022-05-10T17:19:40.651+0800: 45.512: [CMS2022-05-10T17:19:40.683+0800: 45.544: [CMS-concurrent-mark: 0.027/0.033 secs] [Times: user=0.06 sys=0.00, real=0.03 secs] 
 (concurrent mode failure): 207772K->12461K(341376K), 0.1192268 secs] 210503K->12461K(494976K), [Metaspace: 34844K->34844K(1081344K)], 0.1204925 secs] [Times: user=0.14 sys=0.00, real=0.12 secs] 
2022-05-10T17:19:40.770+0800: 45.631: Total time for which application threads were stopped: 0.1207320 seconds, Stopping threads took: 0.0000247 seconds
2022-05-10T17:19:40.793+0800: 45.654: Application time: 0.0221564 seconds
2022-05-10T17:19:40.793+0800: 45.654: [GC (Allocation Failure) 2022-05-10T17:19:40.793+0800: 45.654: [ParNew: 4097K->22K(153600K), 0.0012884 secs]2022-05-10T17:19:40.794+0800: 45.655: [CMS: 207773K->12459K(341376K), 0.0832404 secs] 211871K->12459K(494976K), [Metaspace: 34844K->34844K(1081344K)], 0.0847239 secs] [Times: user=0.08 sys=0.00, real=0.08 secs] 
2022-05-10T17:19:40.877+0800: 45.739: Total time for which application threads were stopped: 0.0850120 seconds, Stopping threads took: 0.0000439 seconds
2022-05-10T17:19:40.877+0800: 45.739: Application time: 0.0000555 seconds
2022-05-10T17:19:40.896+0800: 45.757: [GC (CMS Initial Mark) [1 CMS-initial-mark: 207772K(341376K)] 211186K(494976K), 0.0007132 secs] [Times: user=0.00 sys=0.00, real=0.00 secs] 
2022-05-10T17:19:40.897+0800: 45.758: Total time for which application threads were stopped: 0.0195726 seconds, Stopping threads took: 0.0187173 seconds
2022-05-10T17:19:40.897+0800: 45.758: [CMS-concurrent-mark-start]
2022-05-10T17:19:40.897+0800: 45.759: Application time: 0.0002678 seconds
2022-05-10T17:19:40.897+0800: 45.759: [GC (Allocation Failure) 2022-05-10T17:19:40.897+0800: 45.759: [ParNew: 3414K->18K(153600K), 0.0009655 secs]2022-05-10T17:19:40.899+0800: 45.760: [CMS2022-05-10T17:19:40.928+0800: 45.790: [CMS-concurrent-mark: 0.023/0.031 secs] [Times: user=0.03 sys=0.02, real=0.03 secs] 
 (concurrent mode failure): 207772K->12472K(341376K), 0.1092625 secs] 211186K->12472K(494976K), [Metaspace: 34844K->34844K(1081344K)], 0.1104222 secs] [Times: user=0.11 sys=0.02, real=0.11 secs] 
2022-05-10T17:19:41.008+0800: 45.869: Total time for which application threads were stopped: 0.1107051 seconds, Stopping threads took: 0.0000571 seconds
2022-05-10T17:19:41.025+0800: 45.887: Application time: 0.0172816 seconds
2022-05-10T17:19:41.025+0800: 45.887: [GC (Allocation Failure) 2022-05-10T17:19:41.025+0800: 45.887: [ParNew: 2731K->14K(153600K), 0.0012363 secs]2022-05-10T17:19:41.027+0800: 45.888: [CMS: 207785K->12459K(341376K), 0.0862007 secs] 210516K->12459K(494976K), [Metaspace: 34844K->34844K(1081344K)], 0.0876618 secs] [Times: user=0.08 sys=0.00, real=0.09 secs] 
2022-05-10T17:19:41.113+0800: 45.974: Total time for which application threads were stopped: 0.0879348 seconds, Stopping threads took: 0.0000417 seconds
2022-05-10T17:19:41.114+0800: 45.975: Application time: 0.0001130 seconds
2022-05-10T17:19:41.126+0800: 45.988: [GC (CMS Initial Mark) [1 CMS-initial-mark: 207772K(341376K)] 210503K(494976K), 0.0006157 secs] [Times: user=0.00 sys=0.00, real=0.00 secs] 
2022-05-10T17:19:41.126+0800: 45.988: Total time for which application threads were stopped: 0.0136747 seconds, Stopping threads took: 0.0129476 seconds
2022-05-10T17:19:41.127+0800: 45.988: [CMS-concurrent-mark-start]
2022-05-10T17:19:41.127+0800: 45.988: Application time: 0.0001101 seconds
2022-05-10T17:19:41.127+0800: 45.989: [GC (Allocation Failure) 2022-05-10T17:19:41.127+0800: 45.989: [ParNew: 2731K->8K(153600K), 0.0011472 secs]2022-05-10T17:19:41.129+0800: 45.990: [CMS2022-05-10T17:19:41.157+0800: 46.018: [CMS-concurrent-mark: 0.019/0.030 secs] [Times: user=0.03 sys=0.00, real=0.03 secs] 
 (concurrent mode failure): 207772K->12462K(341376K), 0.1011524 secs] 210503K->12462K(494976K), [Metaspace: 34844K->34844K(1081344K)], 0.1024889 secs] [Times: user=0.11 sys=0.00, real=0.10 secs] 
2022-05-10T17:19:41.230+0800: 46.091: Total time for which application threads were stopped: 0.1027510 seconds, Stopping threads took: 0.0000484 seconds
2022-05-10T17:19:41.246+0800: 46.107: Application time: 0.0155245 seconds
2022-05-10T17:19:41.246+0800: 46.107: [GC (Allocation Failure) 2022-05-10T17:19:41.246+0800: 46.107: [ParNew: 2731K->20K(153600K), 0.0013391 secs]2022-05-10T17:19:41.247+0800: 46.108: [CMS: 207775K->12459K(341376K), 0.0707862 secs] 210506K->12459K(494976K), [Metaspace: 34844K->34844K(1081344K)], 0.0722903 secs] [Times: user=0.06 sys=0.00, real=0.07 secs] 
2022-05-10T17:19:41.318+0800: 46.179: Total time for which application threads were stopped: 0.0725064 seconds, Stopping threads took: 0.0000313 seconds
2022-05-10T17:19:41.318+0800: 46.179: Application time: 0.0000844 seconds
2022-05-10T17:19:41.331+0800: 46.193: [GC (CMS Initial Mark) [1 CMS-initial-mark: 207772K(341376K)] 210503K(494976K), 0.0006140 secs] [Times: user=0.00 sys=0.00, real=0.00 secs] 
2022-05-10T17:19:41.332+0800: 46.193: Total time for which application threads were stopped: 0.0139130 seconds, Stopping threads took: 0.0131364 seconds
2022-05-10T17:19:41.332+0800: 46.193: [CMS-concurrent-mark-start]
2022-05-10T17:19:41.332+0800: 46.193: Application time: 0.0001558 seconds
2022-05-10T17:19:41.332+0800: 46.193: [GC (Allocation Failure) 2022-05-10T17:19:41.332+0800: 46.193: [ParNew: 2731K->12K(153600K), 0.0009925 secs]2022-05-10T17:19:41.333+0800: 46.194: [CMS2022-05-10T17:19:41.361+0800: 46.222: [CMS-concurrent-mark: 0.019/0.029 secs] [Times: user=0.03 sys=0.00, real=0.03 secs] 
 (concurrent mode failure): 207772K->12466K(341376K), 0.0971698 secs] 210503K->12466K(494976K), [Metaspace: 34844K->34844K(1081344K)], 0.0983330 secs] [Times: user=0.11 sys=0.00, real=0.10 secs] 
2022-05-10T17:19:41.431+0800: 46.292: Total time for which application threads were stopped: 0.0985859 seconds, Stopping threads took: 0.0000505 seconds
2022-05-10T17:19:41.447+0800: 46.308: Application time: 0.0163717 seconds
2022-05-10T17:19:41.447+0800: 46.308: [GC (Allocation Failure) 2022-05-10T17:19:41.447+0800: 46.308: [ParNew: 3414K->18K(153600K), 0.0013899 secs]2022-05-10T17:19:41.449+0800: 46.310: [CMS: 207779K->12459K(341376K), 0.0706339 secs] 211193K->12459K(494976K), [Metaspace: 34844K->34844K(1081344K)], 0.0722483 secs] [Times: user=0.06 sys=0.00, real=0.07 secs] 
2022-05-10T17:19:41.519+0800: 46.381: Total time for which application threads were stopped: 0.0725336 seconds, Stopping threads took: 0.0000457 seconds
2022-05-10T17:19:41.520+0800: 46.381: Application time: 0.0000722 seconds
2022-05-10T17:19:41.533+0800: 46.395: [GC (CMS Initial Mark) [1 CMS-initial-mark: 207772K(341376K)] 210503K(494976K), 0.0008103 secs] [Times: user=0.00 sys=0.00, real=0.00 secs] 
2022-05-10T17:19:41.535+0800: 46.396: Total time for which application threads were stopped: 0.0153582 seconds, Stopping threads took: 0.0143697 seconds
2022-05-10T17:19:41.535+0800: 46.396: [CMS-concurrent-mark-start]
2022-05-10T17:19:41.535+0800: 46.396: Application time: 0.0001178 seconds
2022-05-10T17:19:41.535+0800: 46.397: [GC (Allocation Failure) 2022-05-10T17:19:41.535+0800: 46.397: [ParNew: 2731K->6K(153600K), 0.0010998 secs]2022-05-10T17:19:41.537+0800: 46.398: [CMS2022-05-10T17:19:41.567+0800: 46.429: [CMS-concurrent-mark: 0.022/0.033 secs] [Times: user=0.03 sys=0.00, real=0.03 secs] 
 (concurrent mode failure): 207772K->12461K(341376K), 0.1060933 secs] 210503K->12461K(494976K), [Metaspace: 34844K->34844K(1081344K)], 0.1073844 secs] [Times: user=0.11 sys=0.00, real=0.11 secs] 
2022-05-10T17:19:41.642+0800: 46.504: Total time for which application threads were stopped: 0.1076487 seconds, Stopping threads took: 0.0000424 seconds
2022-05-10T17:19:41.658+0800: 46.520: Application time: 0.0158697 seconds
2022-05-10T17:19:41.658+0800: 46.520: [GC (Allocation Failure) 2022-05-10T17:19:41.658+0800: 46.520: [ParNew: 2731K->22K(153600K), 0.0013719 secs]2022-05-10T17:19:41.660+0800: 46.522: [CMS: 207774K->12459K(341376K), 0.0709324 secs] 210505K->12459K(494976K), [Metaspace: 34844K->34844K(1081344K)], 0.0725170 secs] [Times: user=0.08 sys=0.00, real=0.07 secs] 
2022-05-10T17:19:41.731+0800: 46.593: Total time for which application threads were stopped: 0.0728986 seconds, Stopping threads took: 0.0000366 seconds
2022-05-10T17:19:41.731+0800: 46.593: Application time: 0.0001018 seconds
2022-05-10T17:19:41.744+0800: 46.605: [GC (CMS Initial Mark) [1 CMS-initial-mark: 207772K(341376K)] 210503K(494976K), 0.0007238 secs] [Times: user=0.00 sys=0.00, real=0.00 secs] 
2022-05-10T17:19:41.745+0800: 46.606: Total time for which application threads were stopped: 0.0133613 seconds, Stopping threads took: 0.0124841 seconds
2022-05-10T17:19:41.745+0800: 46.606: [CMS-concurrent-mark-start]
2022-05-10T17:19:41.745+0800: 46.606: Application time: 0.0000853 seconds
2022-05-10T17:19:41.745+0800: 46.607: [GC (Allocation Failure) 2022-05-10T17:19:41.745+0800: 46.607: [ParNew: 2731K->4K(153600K), 0.0010356 secs]2022-05-10T17:19:41.747+0800: 46.608: [CMS2022-05-10T17:19:41.768+0800: 46.630: [CMS-concurrent-mark: 0.019/0.023 secs] [Times: user=0.03 sys=0.00, real=0.02 secs] 
 (concurrent mode failure): 207772K->12461K(341376K), 0.0962487 secs] 210503K->12461K(494976K), [Metaspace: 34844K->34844K(1081344K)], 0.0974760 secs] [Times: user=0.09 sys=0.00, real=0.10 secs] 
2022-05-10T17:19:41.843+0800: 46.704: Total time for which application threads were stopped: 0.0977279 seconds, Stopping threads took: 0.0000289 seconds
2022-05-10T17:19:41.860+0800: 46.722: Application time: 0.0174812 seconds
2022-05-10T17:19:41.861+0800: 46.722: [GC (Allocation Failure) 2022-05-10T17:19:41.861+0800: 46.722: [ParNew: 4097K->22K(153600K), 0.0013336 secs]2022-05-10T17:19:41.862+0800: 46.723: [CMS: 207773K->12459K(341376K), 0.0919307 secs] 211871K->12459K(494976K), [Metaspace: 34844K->34844K(1081344K)], 0.0935258 secs] [Times: user=0.09 sys=0.00, real=0.09 secs] 
2022-05-10T17:19:41.954+0800: 46.816: Total time for which application threads were stopped: 0.0939405 seconds, Stopping threads took: 0.0000501 seconds
2022-05-10T17:19:41.955+0800: 46.816: Application time: 0.0001494 seconds
2022-05-10T17:19:41.974+0800: 46.835: [GC (CMS Initial Mark) [1 CMS-initial-mark: 207772K(341376K)] 211186K(494976K), 0.0009686 secs] [Times: user=0.00 sys=0.00, real=0.00 secs] 
2022-05-10T17:19:41.975+0800: 46.836: Total time for which application threads were stopped: 0.0205375 seconds, Stopping threads took: 0.0193205 seconds
2022-05-10T17:19:41.975+0800: 46.836: [CMS-concurrent-mark-start]
2022-05-10T17:19:41.975+0800: 46.836: Application time: 0.0001107 seconds
2022-05-10T17:19:41.975+0800: 46.837: [GC (Allocation Failure) 2022-05-10T17:19:41.976+0800: 46.837: [ParNew: 3414K->6K(153600K), 0.0010264 secs]2022-05-10T17:19:41.977+0800: 46.838: [CMS2022-05-10T17:19:42.009+0800: 46.870: [CMS-concurrent-mark: 0.022/0.034 secs] [Times: user=0.08 sys=0.01, real=0.03 secs] 
 (concurrent mode failure): 207772K->12461K(341376K), 0.1045327 secs] 211186K->12461K(494976K), [Metaspace: 34844K->34844K(1081344K)], 0.1057862 secs] [Times: user=0.14 sys=0.01, real=0.11 secs] 
2022-05-10T17:19:42.081+0800: 46.942: Total time for which application threads were stopped: 0.1061103 seconds, Stopping threads took: 0.0000545 seconds
2022-05-10T17:19:42.099+0800: 46.960: Application time: 0.0175365 seconds
2022-05-10T17:19:42.099+0800: 46.960: [GC (Allocation Failure) 2022-05-10T17:19:42.099+0800: 46.960: [ParNew: 2731K->20K(153600K), 0.0009618 secs]2022-05-10T17:19:42.100+0800: 46.961: [CMS: 207773K->12459K(341376K), 0.0722089 secs] 210505K->12459K(494976K), [Metaspace: 34844K->34844K(1081344K)], 0.0733700 secs] [Times: user=0.08 sys=0.00, real=0.07 secs] 
2022-05-10T17:19:42.172+0800: 47.034: Total time for which application threads were stopped: 0.0736385 seconds, Stopping threads took: 0.0000357 seconds
2022-05-10T17:19:42.172+0800: 47.034: Application time: 0.0000821 seconds
2022-05-10T17:19:42.191+0800: 47.052: [GC (CMS Initial Mark) [1 CMS-initial-mark: 207772K(341376K)] 210503K(494976K), 0.0005915 secs] [Times: user=0.00 sys=0.00, real=0.00 secs] 
2022-05-10T17:19:42.192+0800: 47.053: Total time for which application threads were stopped: 0.0192388 seconds, Stopping threads took: 0.0185236 seconds
2022-05-10T17:19:42.192+0800: 47.053: [CMS-concurrent-mark-start]
2022-05-10T17:19:42.192+0800: 47.053: Application time: 0.0001245 seconds
2022-05-10T17:19:42.192+0800: 47.053: [GC (Allocation Failure) 2022-05-10T17:19:42.192+0800: 47.053: [ParNew: 2731K->10K(153600K), 0.0009632 secs]2022-05-10T17:19:42.193+0800: 47.054: [CMS2022-05-10T17:19:42.224+0800: 47.085: [CMS-concurrent-mark: 0.020/0.032 secs] [Times: user=0.03 sys=0.00, real=0.03 secs] 
 (concurrent mode failure): 207772K->12465K(341376K), 0.0995164 secs] 210503K->12465K(494976K), [Metaspace: 34844K->34844K(1081344K)], 0.1006222 secs] [Times: user=0.11 sys=0.00, real=0.10 secs] 
2022-05-10T17:19:42.292+0800: 47.154: Total time for which application threads were stopped: 0.1008155 seconds, Stopping threads took: 0.0000300 seconds
2022-05-10T17:19:42.309+0800: 47.171: Application time: 0.0170196 seconds
2022-05-10T17:19:42.310+0800: 47.171: [GC (Allocation Failure) 2022-05-10T17:19:42.310+0800: 47.171: [ParNew: 2731K->18K(153600K), 0.0011018 secs]2022-05-10T17:19:42.311+0800: 47.172: [CMS: 207778K->12459K(341376K), 0.0735567 secs] 210509K->12459K(494976K), [Metaspace: 34844K->34844K(1081344K)], 0.0748597 secs] [Times: user=0.08 sys=0.00, real=0.07 secs] 
2022-05-10T17:19:42.384+0800: 47.246: Total time for which application threads were stopped: 0.0751444 seconds, Stopping threads took: 0.0000318 seconds
2022-05-10T17:19:42.385+0800: 47.246: Application time: 0.0000685 seconds
2022-05-10T17:19:42.401+0800: 47.263: [GC (CMS Initial Mark) [1 CMS-initial-mark: 207772K(341376K)] 210503K(494976K), 0.0006962 secs] [Times: user=0.00 sys=0.00, real=0.00 secs] 
2022-05-10T17:19:42.402+0800: 47.264: Total time for which application threads were stopped: 0.0177359 seconds, Stopping threads took: 0.0169069 seconds
2022-05-10T17:19:42.402+0800: 47.264: [CMS-concurrent-mark-start]
2022-05-10T17:19:42.402+0800: 47.264: Application time: 0.0000847 seconds
2022-05-10T17:19:42.402+0800: 47.264: [GC (Allocation Failure) 2022-05-10T17:19:42.402+0800: 47.264: [ParNew: 2731K->6K(153600K), 0.0012201 secs]2022-05-10T17:19:42.404+0800: 47.265: [CMS2022-05-10T17:19:42.428+0800: 47.290: [CMS-concurrent-mark: 0.021/0.026 secs] [Times: user=0.03 sys=0.00, real=0.03 secs] 
 (concurrent mode failure): 207772K->12461K(341376K), 0.1005226 secs] 210503K->12461K(494976K), [Metaspace: 34844K->34844K(1081344K)], 0.1019251 secs] [Times: user=0.11 sys=0.00, real=0.10 secs] 
2022-05-10T17:19:42.505+0800: 47.366: Total time for which application threads were stopped: 0.1021749 seconds, Stopping threads took: 0.0000533 seconds
2022-05-10T17:19:42.527+0800: 47.388: Application time: 0.0217566 seconds
2022-05-10T17:19:42.527+0800: 47.388: [GC (Allocation Failure) 2022-05-10T17:19:42.527+0800: 47.388: [ParNew: 4302K->20K(153600K), 0.0011651 secs]2022-05-10T17:19:42.528+0800: 47.389: [CMS: 207773K->12459K(341376K), 0.0989607 secs] 212076K->12459K(494976K), [Metaspace: 34844K->34844K(1081344K)], 0.1003880 secs] [Times: user=0.09 sys=0.00, real=0.10 secs] 
2022-05-10T17:19:42.627+0800: 47.489: Total time for which application threads were stopped: 0.1007030 seconds, Stopping threads took: 0.0000442 seconds
2022-05-10T17:19:42.627+0800: 47.489: Application time: 0.0000491 seconds
2022-05-10T17:19:42.648+0800: 47.510: [GC (CMS Initial Mark) [1 CMS-initial-mark: 207772K(341376K)] 210504K(494976K), 0.0008614 secs] [Times: user=0.00 sys=0.00, real=0.00 secs] 
2022-05-10T17:19:42.649+0800: 47.511: Total time for which application threads were stopped: 0.0218143 seconds, Stopping threads took: 0.0207751 seconds
2022-05-10T17:19:42.649+0800: 47.511: [CMS-concurrent-mark-start]
2022-05-10T17:19:42.649+0800: 47.511: Application time: 0.0000760 seconds
2022-05-10T17:19:42.649+0800: 47.511: [GC (Allocation Failure) 2022-05-10T17:19:42.649+0800: 47.511: [ParNew: 2731K->12K(153600K), 0.0010213 secs]2022-05-10T17:19:42.651+0800: 47.512: [CMS2022-05-10T17:19:42.683+0800: 47.544: [CMS-concurrent-mark: 0.026/0.033 secs] [Times: user=0.06 sys=0.00, real=0.03 secs] 
 (concurrent mode failure): 207772K->12461K(341376K), 0.1256781 secs] 210504K->12461K(494976K), [Metaspace: 34844K->34844K(1081344K)], 0.1269140 secs] [Times: user=0.16 sys=0.00, real=0.13 secs] 
2022-05-10T17:19:42.776+0800: 47.638: Total time for which application threads were stopped: 0.1271946 seconds, Stopping threads took: 0.0000406 seconds
2022-05-10T17:19:42.798+0800: 47.660: Application time: 0.0222087 seconds
2022-05-10T17:19:42.798+0800: 47.660: [GC (Allocation Failure) 2022-05-10T17:19:42.798+0800: 47.660: [ParNew: 2731K->16K(153600K), 0.0019422 secs]2022-05-10T17:19:42.801+0800: 47.662: [CMS: 207774K->12459K(341376K), 0.0921763 secs] 210505K->12459K(494976K), [Metaspace: 34844K->34844K(1081344K)], 0.0944381 secs] [Times: user=0.09 sys=0.00, real=0.09 secs] 
2022-05-10T17:19:42.893+0800: 47.755: Total time for which application threads were stopped: 0.0948280 seconds, Stopping threads took: 0.0000897 seconds
2022-05-10T17:19:42.893+0800: 47.755: Application time: 0.0000620 seconds
2022-05-10T17:19:42.911+0800: 47.773: [GC (CMS Initial Mark) [1 CMS-initial-mark: 207772K(341376K)] 211869K(494976K), 0.0007303 secs] [Times: user=0.00 sys=0.00, real=0.00 secs] 
2022-05-10T17:19:42.912+0800: 47.774: Total time for which application threads were stopped: 0.0188769 seconds, Stopping threads took: 0.0180125 seconds
2022-05-10T17:19:42.912+0800: 47.774: [CMS-concurrent-mark-start]
2022-05-10T17:19:42.912+0800: 47.774: Application time: 0.0001278 seconds
2022-05-10T17:19:42.912+0800: 47.774: [GC (Allocation Failure) 2022-05-10T17:19:42.912+0800: 47.774: [ParNew: 4097K->14K(153600K), 0.0010242 secs]2022-05-10T17:19:42.913+0800: 47.775: [CMS2022-05-10T17:19:42.945+0800: 47.806: [CMS-concurrent-mark: 0.024/0.033 secs] [Times: user=0.06 sys=0.02, real=0.03 secs] 
 (concurrent mode failure): 207772K->12466K(341376K), 0.1245756 secs] 211869K->12466K(494976K), [Metaspace: 34844K->34844K(1081344K)], 0.1257970 secs] [Times: user=0.14 sys=0.02, real=0.13 secs] 
2022-05-10T17:19:43.038+0800: 47.900: Total time for which application threads were stopped: 0.1260662 seconds, Stopping threads took: 0.0000292 seconds
2022-05-10T17:19:43.059+0800: 47.920: Application time: 0.0200063 seconds
2022-05-10T17:19:43.059+0800: 47.920: [GC (Allocation Failure) 2022-05-10T17:19:43.059+0800: 47.920: [ParNew: 3414K->20K(153600K), 0.0012095 secs]2022-05-10T17:19:43.060+0800: 47.921: [CMS: 207778K->12459K(341376K), 0.0824750 secs] 211192K->12459K(494976K), [Metaspace: 34844K->34844K(1081344K)], 0.0839009 secs] [Times: user=0.08 sys=0.00, real=0.08 secs] 
2022-05-10T17:19:43.143+0800: 48.004: Total time for which application threads were stopped: 0.0841697 seconds, Stopping threads took: 0.0000305 seconds
2022-05-10T17:19:43.143+0800: 48.004: Application time: 0.0000573 seconds
2022-05-10T17:19:43.161+0800: 48.023: [GC (CMS Initial Mark) [1 CMS-initial-mark: 207772K(341376K)] 210504K(494976K), 0.0007446 secs] [Times: user=0.00 sys=0.00, real=0.00 secs] 
2022-05-10T17:19:43.162+0800: 48.023: Total time for which application threads were stopped: 0.0191393 seconds, Stopping threads took: 0.0182617 seconds
2022-05-10T17:19:43.162+0800: 48.023: [CMS-concurrent-mark-start]
2022-05-10T17:19:43.162+0800: 48.023: Application time: 0.0000867 seconds
2022-05-10T17:19:43.162+0800: 48.024: [GC (Allocation Failure) 2022-05-10T17:19:43.162+0800: 48.024: [ParNew: 2731K->14K(153600K), 0.0010469 secs]2022-05-10T17:19:43.164+0800: 48.025: [CMS2022-05-10T17:19:43.194+0800: 48.055: [CMS-concurrent-mark: 0.022/0.032 secs] [Times: user=0.03 sys=0.00, real=0.03 secs] 
 (concurrent mode failure): 207772K->12464K(341376K), 0.1079586 secs] 210504K->12464K(494976K), [Metaspace: 34844K->34844K(1081344K)], 0.1091830 secs] [Times: user=0.11 sys=0.00, real=0.11 secs] 
2022-05-10T17:19:43.272+0800: 48.133: Total time for which application threads were stopped: 0.1094368 seconds, Stopping threads took: 0.0000539 seconds
2022-05-10T17:19:43.289+0800: 48.150: Application time: 0.0174351 seconds
2022-05-10T17:19:43.289+0800: 48.150: [GC (Allocation Failure) 2022-05-10T17:19:43.290+0800: 48.151: [ParNew: 2731K->20K(153600K), 0.0011015 secs]2022-05-10T17:19:43.291+0800: 48.152: [CMS: 207776K->12459K(341376K), 0.0834548 secs] 210508K->12459K(494976K), [Metaspace: 34844K->34844K(1081344K)], 0.0847553 secs] [Times: user=0.08 sys=0.00, real=0.09 secs] 
2022-05-10T17:19:43.374+0800: 48.235: Total time for which application threads were stopped: 0.0849988 seconds, Stopping threads took: 0.0000306 seconds
2022-05-10T17:19:43.374+0800: 48.236: Application time: 0.0001273 seconds
2022-05-10T17:19:43.392+0800: 48.253: [GC (CMS Initial Mark) [1 CMS-initial-mark: 207772K(341376K)] 210504K(494976K), 0.0005893 secs] [Times: user=0.00 sys=0.00, real=0.00 secs] 
2022-05-10T17:19:43.393+0800: 48.254: Total time for which application threads were stopped: 0.0182813 seconds, Stopping threads took: 0.0175701 seconds
2022-05-10T17:19:43.393+0800: 48.254: [CMS-concurrent-mark-start]
2022-05-10T17:19:43.393+0800: 48.254: Application time: 0.0000850 seconds
2022-05-10T17:19:43.393+0800: 48.254: [GC (Allocation Failure) 2022-05-10T17:19:43.393+0800: 48.254: [ParNew: 2731K->10K(153600K), 0.0009945 secs]2022-05-10T17:19:43.394+0800: 48.255: [CMS2022-05-10T17:19:43.427+0800: 48.288: [CMS-concurrent-mark: 0.020/0.034 secs] [Times: user=0.03 sys=0.00, real=0.03 secs] 
 (concurrent mode failure): 207772K->12461K(341376K), 0.1094628 secs] 210504K->12461K(494976K), [Metaspace: 34844K->34844K(1081344K)], 0.1106636 secs] [Times: user=0.11 sys=0.00, real=0.11 secs] 
2022-05-10T17:19:43.504+0800: 48.365: Total time for which application threads were stopped: 0.1109598 seconds, Stopping threads took: 0.0000651 seconds
2022-05-10T17:19:43.522+0800: 48.384: Application time: 0.0186446 seconds
2022-05-10T17:19:43.523+0800: 48.384: [GC (Allocation Failure) 2022-05-10T17:19:43.523+0800: 48.384: [ParNew: 4302K->22K(153600K), 0.0012776 secs]2022-05-10T17:19:43.524+0800: 48.385: [CMS: 207774K->12460K(341376K), 0.0993059 secs] 212076K->12460K(494976K), [Metaspace: 34844K->34844K(1081344K)], 0.1008245 secs] [Times: user=0.19 sys=0.00, real=0.10 secs] 
2022-05-10T17:19:43.623+0800: 48.485: Total time for which application threads were stopped: 0.1011290 seconds, Stopping threads took: 0.0000395 seconds
2022-05-10T17:19:43.628+0800: 48.489: Application time: 0.0043178 seconds
2022-05-10T17:19:43.645+0800: 48.506: [GC (CMS Initial Mark) [1 CMS-initial-mark: 207773K(341376K)] 207773K(494976K), 0.0007888 secs] [Times: user=0.00 sys=0.00, real=0.00 secs] 
2022-05-10T17:19:43.646+0800: 48.507: Total time for which application threads were stopped: 0.0180606 seconds, Stopping threads took: 0.0171108 seconds
2022-05-10T17:19:43.646+0800: 48.507: [CMS-concurrent-mark-start]
2022-05-10T17:19:43.672+0800: 48.533: [CMS-concurrent-mark: 0.026/0.026 secs] [Times: user=0.06 sys=0.00, real=0.03 secs] 
2022-05-10T17:19:43.672+0800: 48.533: [CMS-concurrent-preclean-start]
2022-05-10T17:19:43.674+0800: 48.535: [CMS-concurrent-preclean: 0.002/0.002 secs] [Times: user=0.00 sys=0.00, real=0.00 secs] 
2022-05-10T17:19:43.674+0800: 48.535: Application time: 0.0279787 seconds
2022-05-10T17:19:43.674+0800: 48.535: [GC (CMS Final Remark) [YG occupancy: 0 K (153600 K)]2022-05-10T17:19:43.674+0800: 48.535: [Rescan (parallel) , 0.0128857 secs]2022-05-10T17:19:43.686+0800: 48.548: [weak refs processing, 0.0000743 secs]2022-05-10T17:19:43.686+0800: 48.548: [class unloading, 0.0064296 secs]2022-05-10T17:19:43.693+0800: 48.555: [scrub symbol table, 0.0144964 secs]2022-05-10T17:19:43.707+0800: 48.569: [scrub string table, 0.0006910 secs][1 CMS-remark: 207773K(341376K)] 207773K(494976K), 0.0348044 secs] [Times: user=0.02 sys=0.00, real=0.03 secs] 
2022-05-10T17:19:43.708+0800: 48.570: Total time for which application threads were stopped: 0.0349704 seconds, Stopping threads took: 0.0000291 seconds
2022-05-10T17:19:43.708+0800: 48.570: [CMS-concurrent-sweep-start]
2022-05-10T17:19:43.708+0800: 48.570: Application time: 0.0001045 seconds
2022-05-10T17:19:43.709+0800: 48.570: [GC (Allocation Failure) 2022-05-10T17:19:43.710+0800: 48.571: [ParNew: 2731K->10K(153600K), 0.0013134 secs]2022-05-10T17:19:43.711+0800: 48.573: [CMS2022-05-10T17:19:43.720+0800: 48.582: [CMS-concurrent-sweep: 0.009/0.012 secs] [Times: user=0.08 sys=0.00, real=0.01 secs] 
 (concurrent mode failure): 207773K->12462K(341376K), 0.1103871 secs] 210504K->12462K(494976K), [Metaspace: 34844K->34844K(1081344K)], 0.1127803 secs] [Times: user=0.19 sys=0.00, real=0.11 secs] 
2022-05-10T17:19:43.822+0800: 48.683: Total time for which application threads were stopped: 0.1132393 seconds, Stopping threads took: 0.0002096 seconds
2022-05-10T17:19:43.843+0800: 48.705: Application time: 0.0216999 seconds
2022-05-10T17:19:43.844+0800: 48.705: [GC (Allocation Failure) 2022-05-10T17:19:43.844+0800: 48.705: [ParNew: 3073K->26K(153600K), 0.0010527 secs]2022-05-10T17:19:43.845+0800: 48.706: [CMS: 207775K->12460K(341376K), 0.0933138 secs] 210848K->12460K(494976K), [Metaspace: 34844K->34844K(1081344K)], 0.0945742 secs] [Times: user=0.09 sys=0.00, real=0.09 secs] 
2022-05-10T17:19:43.939+0800: 48.800: Total time for which application threads were stopped: 0.0948640 seconds, Stopping threads took: 0.0000510 seconds
2022-05-10T17:19:43.939+0800: 48.800: Application time: 0.0000757 seconds
2022-05-10T17:19:43.959+0800: 48.821: [GC (CMS Initial Mark) [1 CMS-initial-mark: 207773K(341376K)] 211870K(494976K), 0.0006193 secs] [Times: user=0.00 sys=0.00, real=0.00 secs] 
2022-05-10T17:19:43.960+0800: 48.821: Total time for which application threads were stopped: 0.0213274 seconds, Stopping threads took: 0.0205834 seconds
2022-05-10T17:19:43.960+0800: 48.821: [CMS-concurrent-mark-start]
2022-05-10T17:19:43.960+0800: 48.821: Application time: 0.0000776 seconds
2022-05-10T17:19:43.960+0800: 48.822: [GC (Allocation Failure) 2022-05-10T17:19:43.960+0800: 48.822: [ParNew: 4097K->2K(153600K), 0.0009856 secs]2022-05-10T17:19:43.961+0800: 48.823: [CMS2022-05-10T17:19:43.990+0800: 48.852: [CMS-concurrent-mark: 0.025/0.031 secs] [Times: user=0.05 sys=0.02, real=0.03 secs] 
 (concurrent mode failure): 207773K->12462K(341376K), 0.1123374 secs] 211870K->12462K(494976K), [Metaspace: 34844K->34844K(1081344K)], 0.1135234 secs] [Times: user=0.13 sys=0.00, real=0.11 secs] 
2022-05-10T17:19:44.074+0800: 48.935: Total time for which application threads were stopped: 0.1137838 seconds, Stopping threads took: 0.0000346 seconds
2022-05-10T17:19:44.091+0800: 48.953: Application time: 0.0178648 seconds
2022-05-10T17:19:44.092+0800: 48.953: [GC (Allocation Failure) 2022-05-10T17:19:44.092+0800: 48.953: [ParNew: 3414K->22K(153600K), 0.0010935 secs]2022-05-10T17:19:44.093+0800: 48.954: [CMS: 207775K->12460K(341376K), 0.0786080 secs] 211189K->12460K(494976K), [Metaspace: 34844K->34844K(1081344K)], 0.0799368 secs] [Times: user=0.08 sys=0.00, real=0.08 secs] 
2022-05-10T17:19:44.172+0800: 49.033: Total time for which application threads were stopped: 0.0803019 seconds, Stopping threads took: 0.0001105 seconds
2022-05-10T17:19:44.172+0800: 49.033: Application time: 0.0000909 seconds
2022-05-10T17:19:44.193+0800: 49.054: [GC (CMS Initial Mark) [1 CMS-initial-mark: 207773K(341376K)] 210504K(494976K), 0.0006811 secs] [Times: user=0.00 sys=0.00, real=0.00 secs] 
2022-05-10T17:19:44.194+0800: 49.055: Total time for which application threads were stopped: 0.0216894 seconds, Stopping threads took: 0.0208916 seconds
2022-05-10T17:19:44.194+0800: 49.055: [CMS-concurrent-mark-start]
2022-05-10T17:19:44.194+0800: 49.055: Application time: 0.0000820 seconds
2022-05-10T17:19:44.194+0800: 49.055: [GC (Allocation Failure) 2022-05-10T17:19:44.194+0800: 49.055: [ParNew: 2731K->14K(153600K), 0.0009856 secs]2022-05-10T17:19:44.195+0800: 49.056: [CMS2022-05-10T17:19:44.227+0800: 49.088: [CMS-concurrent-mark: 0.025/0.033 secs] [Times: user=0.19 sys=0.00, real=0.03 secs] 
 (concurrent mode failure): 207773K->12462K(341376K), 0.1079183 secs] 210504K->12462K(494976K), [Metaspace: 34844K->34844K(1081344K)], 0.1090436 secs] [Times: user=0.25 sys=0.00, real=0.11 secs] 
2022-05-10T17:19:44.303+0800: 49.164: Total time for which application threads were stopped: 0.1092315 seconds, Stopping threads took: 0.0000211 seconds
2022-05-10T17:19:44.323+0800: 49.184: Application time: 0.0199636 seconds
2022-05-10T17:19:44.324+0800: 49.185: [GC (Allocation Failure) 2022-05-10T17:19:44.324+0800: 49.185: [ParNew: 3619K->20K(153600K), 0.0010254 secs]2022-05-10T17:19:44.325+0800: 49.186: [CMS: 207775K->12460K(341376K), 0.0796768 secs] 211394K->12460K(494976K), [Metaspace: 34844K->34844K(1081344K)], 0.0809239 secs] [Times: user=0.08 sys=0.00, real=0.08 secs] 
2022-05-10T17:19:44.405+0800: 49.266: Total time for which application threads were stopped: 0.0812109 seconds, Stopping threads took: 0.0000448 seconds
2022-05-10T17:19:44.405+0800: 49.266: Application time: 0.0001019 seconds
2022-05-10T17:19:44.423+0800: 49.284: [GC (CMS Initial Mark) [1 CMS-initial-mark: 207773K(341376K)] 210504K(494976K), 0.0006755 secs] [Times: user=0.00 sys=0.00, real=0.00 secs] 
2022-05-10T17:19:44.423+0800: 49.285: Total time for which application threads were stopped: 0.0188692 seconds, Stopping threads took: 0.0180812 seconds
2022-05-10T17:19:44.423+0800: 49.285: [CMS-concurrent-mark-start]
2022-05-10T17:19:44.423+0800: 49.285: Application time: 0.0001440 seconds
2022-05-10T17:19:44.423+0800: 49.285: [GC (Allocation Failure) 2022-05-10T17:19:44.423+0800: 49.285: [ParNew: 2731K->18K(153600K), 0.0009137 secs]2022-05-10T17:19:44.425+0800: 49.286: [CMS2022-05-10T17:19:44.454+0800: 49.316: [CMS-concurrent-mark: 0.019/0.031 secs] [Times: user=0.03 sys=0.00, real=0.03 secs] 
 (concurrent mode failure): 207773K->12471K(341376K), 0.0970886 secs] 210505K->12471K(494976K), [Metaspace: 34844K->34844K(1081344K)], 0.0982229 secs] [Times: user=0.09 sys=0.00, real=0.10 secs] 
2022-05-10T17:19:44.522+0800: 49.383: Total time for which application threads were stopped: 0.0984906 seconds, Stopping threads took: 0.0000238 seconds
2022-05-10T17:19:44.540+0800: 49.401: Application time: 0.0172138 seconds
2022-05-10T17:19:44.540+0800: 49.401: [GC (Allocation Failure) 2022-05-10T17:19:44.540+0800: 49.401: [ParNew: 3414K->16K(153600K), 0.0010472 secs]2022-05-10T17:19:44.541+0800: 49.402: [CMS: 207783K->12460K(341376K), 0.0804446 secs] 211197K->12460K(494976K), [Metaspace: 34844K->34844K(1081344K)], 0.0816602 secs] [Times: user=0.08 sys=0.00, real=0.08 secs] 
2022-05-10T17:19:44.621+0800: 49.482: Total time for which application threads were stopped: 0.0818939 seconds, Stopping threads took: 0.0000386 seconds
2022-05-10T17:19:44.622+0800: 49.483: Application time: 0.0000815 seconds
2022-05-10T17:19:44.641+0800: 49.502: [GC (CMS Initial Mark) [1 CMS-initial-mark: 207773K(341376K)] 210504K(494976K), 0.0007917 secs] [Times: user=0.00 sys=0.00, real=0.00 secs] 
2022-05-10T17:19:44.642+0800: 49.503: Total time for which application threads were stopped: 0.0207257 seconds, Stopping threads took: 0.0197568 seconds
2022-05-10T17:19:44.642+0800: 49.503: [CMS-concurrent-mark-start]
2022-05-10T17:19:44.642+0800: 49.503: Application time: 0.0002376 seconds
2022-05-10T17:19:44.642+0800: 49.504: [GC (Allocation Failure) 2022-05-10T17:19:44.642+0800: 49.504: [ParNew: 2731K->14K(153600K), 0.0010132 secs]2022-05-10T17:19:44.644+0800: 49.505: [CMS2022-05-10T17:19:44.680+0800: 49.542: [CMS-concurrent-mark: 0.025/0.039 secs] [Times: user=0.06 sys=0.00, real=0.04 secs] 
 (concurrent mode failure): 207773K->12471K(341376K), 0.1158248 secs] 210504K->12471K(494976K), [Metaspace: 34844K->34844K(1081344K)], 0.1169865 secs] [Times: user=0.14 sys=0.00, real=0.12 secs] 
2022-05-10T17:19:44.759+0800: 49.621: Total time for which application threads were stopped: 0.1171875 seconds, Stopping threads took: 0.0000209 seconds
2022-05-10T17:19:44.777+0800: 49.639: Application time: 0.0184336 seconds
2022-05-10T17:19:44.778+0800: 49.639: [GC (Allocation Failure) 2022-05-10T17:19:44.778+0800: 49.639: [ParNew: 2731K->16K(153600K), 0.0018065 secs]2022-05-10T17:19:44.780+0800: 49.641: [CMS: 207783K->12460K(341376K), 0.0893127 secs] 210515K->12460K(494976K), [Metaspace: 34844K->34844K(1081344K)], 0.0913776 secs] [Times: user=0.09 sys=0.00, real=0.09 secs] 
2022-05-10T17:19:44.869+0800: 49.731: Total time for which application threads were stopped: 0.0917749 seconds, Stopping threads took: 0.0000801 seconds
2022-05-10T17:19:44.869+0800: 49.731: Application time: 0.0000600 seconds
2022-05-10T17:19:44.889+0800: 49.750: [GC (CMS Initial Mark) [1 CMS-initial-mark: 207773K(341376K)] 210504K(494976K), 0.0007279 secs] [Times: user=0.00 sys=0.00, real=0.00 secs] 
2022-05-10T17:19:44.889+0800: 49.751: Total time for which application threads were stopped: 0.0201332 seconds, Stopping threads took: 0.0192673 seconds
2022-05-10T17:19:44.889+0800: 49.751: [CMS-concurrent-mark-start]
2022-05-10T17:19:44.889+0800: 49.751: Application time: 0.0000797 seconds
2022-05-10T17:19:44.890+0800: 49.751: [GC (Allocation Failure) 2022-05-10T17:19:44.890+0800: 49.751: [ParNew: 2731K->10K(153600K), 0.0011468 secs]2022-05-10T17:19:44.891+0800: 49.753: [CMS2022-05-10T17:19:44.928+0800: 49.790: [CMS-concurrent-mark: 0.026/0.039 secs] [Times: user=0.03 sys=0.00, real=0.04 secs] 
 (concurrent mode failure): 207773K->12463K(341376K), 0.1253106 secs] 210504K->12463K(494976K), [Metaspace: 34844K->34844K(1081344K)], 0.1268091 secs] [Times: user=0.13 sys=0.00, real=0.13 secs] 
2022-05-10T17:19:45.017+0800: 49.878: Total time for which application threads were stopped: 0.1272123 seconds, Stopping threads took: 0.0000474 seconds
2022-05-10T17:19:45.041+0800: 49.902: Application time: 0.0238139 seconds
2022-05-10T17:19:45.041+0800: 49.902: [GC (Allocation Failure) 2022-05-10T17:19:45.041+0800: 49.903: [ParNew: 4097K->20K(153600K), 0.0016032 secs]2022-05-10T17:19:45.043+0800: 49.904: [CMS: 207776K->12460K(341376K), 0.0839638 secs] 211873K->12460K(494976K), [Metaspace: 34844K->34844K(1081344K)], 0.0858598 secs] [Times: user=0.06 sys=0.00, real=0.09 secs] 
2022-05-10T17:19:45.127+0800: 49.988: Total time for which application threads were stopped: 0.0862499 seconds, Stopping threads took: 0.0000685 seconds
2022-05-10T17:19:45.128+0800: 49.989: Application time: 0.0001368 seconds
2022-05-10T17:19:45.146+0800: 50.008: [GC (CMS Initial Mark) [1 CMS-initial-mark: 207773K(341376K)] 211187K(494976K), 0.0008005 secs] [Times: user=0.00 sys=0.00, real=0.00 secs] 
2022-05-10T17:19:45.147+0800: 50.009: Total time for which application threads were stopped: 0.0202931 seconds, Stopping threads took: 0.0193586 seconds
2022-05-10T17:19:45.147+0800: 50.009: [CMS-concurrent-mark-start]
2022-05-10T17:19:45.147+0800: 50.009: Application time: 0.0001485 seconds
2022-05-10T17:19:45.148+0800: 50.009: [GC (Allocation Failure) 2022-05-10T17:19:45.148+0800: 50.009: [ParNew: 3414K->14K(153600K), 0.0011863 secs]2022-05-10T17:19:45.149+0800: 50.010: [CMS2022-05-10T17:19:45.169+0800: 50.031: [CMS-concurrent-mark: 0.020/0.022 secs] [Times: user=0.03 sys=0.02, real=0.02 secs] 
 (concurrent mode failure): 207773K->12470K(341376K), 0.0941695 secs] 211187K->12470K(494976K), [Metaspace: 34844K->34844K(1081344K)], 0.0955482 secs] [Times: user=0.11 sys=0.00, real=0.10 secs] 
2022-05-10T17:19:45.243+0800: 50.105: Total time for which application threads were stopped: 0.0958452 seconds, Stopping threads took: 0.0000563 seconds
2022-05-10T17:19:45.260+0800: 50.122: Application time: 0.0166813 seconds
2022-05-10T17:19:45.260+0800: 50.122: [GC (Allocation Failure) 2022-05-10T17:19:45.260+0800: 50.122: [ParNew: 2731K->14K(153600K), 0.0013232 secs]2022-05-10T17:19:45.262+0800: 50.123: [CMS: 207783K->12460K(341376K), 0.0815571 secs] 210514K->12460K(494976K), [Metaspace: 34844K->34844K(1081344K)], 0.0831093 secs] [Times: user=0.08 sys=0.00, real=0.08 secs] 
2022-05-10T17:19:45.343+0800: 50.205: Total time for which application threads were stopped: 0.0833951 seconds, Stopping threads took: 0.0000369 seconds
2022-05-10T17:19:45.343+0800: 50.205: Application time: 0.0000719 seconds
2022-05-10T17:19:45.360+0800: 50.222: [GC (CMS Initial Mark) [1 CMS-initial-mark: 207773K(341376K)] 210504K(494976K), 0.0006343 secs] [Times: user=0.00 sys=0.00, real=0.00 secs] 
2022-05-10T17:19:45.361+0800: 50.222: Total time for which application threads were stopped: 0.0171361 seconds, Stopping threads took: 0.0163868 seconds
2022-05-10T17:19:45.361+0800: 50.222: [CMS-concurrent-mark-start]
2022-05-10T17:19:45.361+0800: 50.222: Application time: 0.0000833 seconds
2022-05-10T17:19:45.361+0800: 50.222: [GC (Allocation Failure) 2022-05-10T17:19:45.361+0800: 50.222: [ParNew: 3073K->8K(153600K), 0.0009888 secs]2022-05-10T17:19:45.362+0800: 50.224: [CMS2022-05-10T17:19:45.391+0800: 50.252: [CMS-concurrent-mark: 0.023/0.030 secs] [Times: user=0.03 sys=0.00, real=0.03 secs] 
 (concurrent mode failure): 207773K->12462K(341376K), 0.1056735 secs] 210846K->12462K(494976K), [Metaspace: 34844K->34844K(1081344K)], 0.1068643 secs] [Times: user=0.11 sys=0.00, real=0.11 secs] 
2022-05-10T17:19:45.468+0800: 50.329: Total time for which application threads were stopped: 0.1071492 seconds, Stopping threads took: 0.0000494 seconds
2022-05-10T17:19:45.486+0800: 50.347: Application time: 0.0175613 seconds
2022-05-10T17:19:45.486+0800: 50.347: [GC (Allocation Failure) 2022-05-10T17:19:45.486+0800: 50.347: [ParNew: 3073K->26K(153600K), 0.0011156 secs]2022-05-10T17:19:45.487+0800: 50.349: [CMS: 207775K->12460K(341376K), 0.0930406 secs] 210848K->12460K(494976K), [Metaspace: 34844K->34844K(1081344K)], 0.0943939 secs] [Times: user=0.09 sys=0.00, real=0.09 secs] 
2022-05-10T17:19:45.580+0800: 50.442: Total time for which application threads were stopped: 0.0948002 seconds, Stopping threads took: 0.0000797 seconds
2022-05-10T17:19:45.581+0800: 50.442: Application time: 0.0000746 seconds
2022-05-10T17:19:45.600+0800: 50.462: [GC (CMS Initial Mark) [1 CMS-initial-mark: 207773K(341376K)] 211187K(494976K), 0.0008949 secs] [Times: user=0.00 sys=0.02, real=0.00 secs] 
2022-05-10T17:19:45.601+0800: 50.463: Total time for which application threads were stopped: 0.0210031 seconds, Stopping threads took: 0.0198968 seconds
2022-05-10T17:19:45.601+0800: 50.463: [CMS-concurrent-mark-start]
2022-05-10T17:19:45.601+0800: 50.463: Application time: 0.0001269 seconds
2022-05-10T17:19:45.602+0800: 50.463: [GC (Allocation Failure) 2022-05-10T17:19:45.602+0800: 50.463: [ParNew: 3414K->12K(153600K), 0.0010425 secs]2022-05-10T17:19:45.603+0800: 50.464: [CMS2022-05-10T17:19:45.642+0800: 50.503: [CMS-concurrent-mark: 0.025/0.040 secs] [Times: user=0.03 sys=0.00, real=0.04 secs] 
 (concurrent mode failure): 207773K->12462K(341376K), 0.1250644 secs] 211187K->12462K(494976K), [Metaspace: 34844K->34844K(1081344K)], 0.1263460 secs] [Times: user=0.13 sys=0.00, real=0.13 secs] 
2022-05-10T17:19:45.728+0800: 50.590: Total time for which application threads were stopped: 0.1266409 seconds, Stopping threads took: 0.0000495 seconds
2022-05-10T17:19:45.750+0800: 50.611: Application time: 0.0217479 seconds
2022-05-10T17:19:45.750+0800: 50.612: [GC (Allocation Failure) 2022-05-10T17:19:45.750+0800: 50.612: [ParNew: 2731K->26K(153600K), 0.0018743 secs]2022-05-10T17:19:45.752+0800: 50.614: [CMS: 207775K->12460K(341376K), 0.0907999 secs] 210506K->12460K(494976K), [Metaspace: 34844K->34844K(1081344K)], 0.0929425 secs] [Times: user=0.09 sys=0.00, real=0.09 secs] 
2022-05-10T17:19:45.843+0800: 50.705: Total time for which application threads were stopped: 0.0933218 seconds, Stopping threads took: 0.0000652 seconds
2022-05-10T17:19:45.844+0800: 50.705: Application time: 0.0000711 seconds
2022-05-10T17:19:45.862+0800: 50.723: [GC (CMS Initial Mark) [1 CMS-initial-mark: 207773K(341376K)] 210504K(494976K), 0.0006509 secs] [Times: user=0.00 sys=0.00, real=0.00 secs] 
2022-05-10T17:19:45.862+0800: 50.724: Total time for which application threads were stopped: 0.0186779 seconds, Stopping threads took: 0.0179030 seconds
2022-05-10T17:19:45.862+0800: 50.724: [CMS-concurrent-mark-start]
2022-05-10T17:19:45.862+0800: 50.724: Application time: 0.0000767 seconds
2022-05-10T17:19:45.862+0800: 50.724: [GC (Allocation Failure) 2022-05-10T17:19:45.862+0800: 50.724: [ParNew: 2731K->14K(153600K), 0.0009887 secs]2022-05-10T17:19:45.864+0800: 50.725: [CMS2022-05-10T17:19:45.892+0800: 50.753: [CMS-concurrent-mark: 0.026/0.029 secs] [Times: user=0.06 sys=0.00, real=0.03 secs] 
 (concurrent mode failure): 207773K->12464K(341376K), 0.1157698 secs] 210504K->12464K(494976K), [Metaspace: 34844K->34844K(1081344K)], 0.1169973 secs] [Times: user=0.16 sys=0.00, real=0.12 secs] 
2022-05-10T17:19:45.979+0800: 50.841: Total time for which application threads were stopped: 0.1172891 seconds, Stopping threads took: 0.0000473 seconds
2022-05-10T17:19:46.000+0800: 50.862: Application time: 0.0209822 seconds
2022-05-10T17:19:46.000+0800: 50.862: [GC (Allocation Failure) 2022-05-10T17:19:46.001+0800: 50.862: [ParNew: 2731K->20K(153600K), 0.0015198 secs]2022-05-10T17:19:46.003+0800: 50.864: [CMS: 207776K->12460K(341376K), 0.0896874 secs] 210508K->12460K(494976K), [Metaspace: 34844K->34844K(1081344K)], 0.0914600 secs] [Times: user=0.09 sys=0.00, real=0.09 secs] 
2022-05-10T17:19:46.092+0800: 50.954: Total time for which application threads were stopped: 0.0917900 seconds, Stopping threads took: 0.0000561 seconds
2022-05-10T17:19:46.093+0800: 50.954: Application time: 0.0000892 seconds
2022-05-10T17:19:46.114+0800: 50.975: [GC (CMS Initial Mark) [1 CMS-initial-mark: 207773K(341376K)] 211870K(494976K), 0.0007110 secs] [Times: user=0.00 sys=0.00, real=0.00 secs] 
2022-05-10T17:19:46.115+0800: 50.976: Total time for which application threads were stopped: 0.0223357 seconds, Stopping threads took: 0.0214723 seconds
2022-05-10T17:19:46.115+0800: 50.976: [CMS-concurrent-mark-start]
2022-05-10T17:19:46.115+0800: 50.976: Application time: 0.0000812 seconds
2022-05-10T17:19:46.115+0800: 50.976: [GC (Allocation Failure) 2022-05-10T17:19:46.115+0800: 50.976: [ParNew: 4097K->6K(153600K), 0.0014920 secs]2022-05-10T17:19:46.117+0800: 50.978: [CMS2022-05-10T17:19:46.142+0800: 51.004: [CMS-concurrent-mark: 0.025/0.028 secs] [Times: user=0.00 sys=0.02, real=0.03 secs] 
 (concurrent mode failure): 207773K->12463K(341376K), 0.1043718 secs] 211870K->12463K(494976K), [Metaspace: 34844K->34844K(1081344K)], 0.1060829 secs] [Times: user=0.08 sys=0.02, real=0.11 secs] 
2022-05-10T17:19:46.221+0800: 51.083: Total time for which application threads were stopped: 0.1063825 seconds, Stopping threads took: 0.0000530 seconds
2022-05-10T17:19:46.244+0800: 51.105: Application time: 0.0226902 seconds
2022-05-10T17:19:46.244+0800: 51.105: [GC (Allocation Failure) 2022-05-10T17:19:46.244+0800: 51.106: [ParNew: 3414K->22K(153600K), 0.0011704 secs]2022-05-10T17:19:46.246+0800: 51.107: [CMS: 207776K->12460K(341376K), 0.0852753 secs] 211190K->12460K(494976K), [Metaspace: 34844K->34844K(1081344K)], 0.0867179 secs] [Times: user=0.08 sys=0.01, real=0.09 secs] 
2022-05-10T17:19:46.331+0800: 51.192: Total time for which application threads were stopped: 0.0870289 seconds, Stopping threads took: 0.0000387 seconds
2022-05-10T17:19:46.331+0800: 51.192: Application time: 0.0000664 seconds
2022-05-10T17:19:46.351+0800: 51.212: [GC (CMS Initial Mark) [1 CMS-initial-mark: 207773K(341376K)] 210504K(494976K), 0.0010788 secs] [Times: user=0.11 sys=0.00, real=0.00 secs] 
2022-05-10T17:19:46.352+0800: 51.213: Total time for which application threads were stopped: 0.0210304 seconds, Stopping threads took: 0.0197927 seconds
2022-05-10T17:19:46.352+0800: 51.213: [CMS-concurrent-mark-start]
2022-05-10T17:19:46.352+0800: 51.214: Application time: 0.0001027 seconds
2022-05-10T17:19:46.353+0800: 51.214: [GC (Allocation Failure) 2022-05-10T17:19:46.353+0800: 51.214: [ParNew: 2731K->6K(153600K), 0.0011497 secs]2022-05-10T17:19:46.354+0800: 51.215: [CMS2022-05-10T17:19:46.389+0800: 51.251: [CMS-concurrent-mark: 0.024/0.037 secs] [Times: user=0.05 sys=0.00, real=0.04 secs] 
 (concurrent mode failure): 207773K->12464K(341376K), 0.1161770 secs] 210504K->12464K(494976K), [Metaspace: 34844K->34844K(1081344K)], 0.1175251 secs] [Times: user=0.13 sys=0.00, real=0.12 secs] 
2022-05-10T17:19:46.470+0800: 51.331: Total time for which application threads were stopped: 0.1179234 seconds, Stopping threads took: 0.0001158 seconds
2022-05-10T17:19:46.490+0800: 51.351: Application time: 0.0197660 seconds
2022-05-10T17:19:46.490+0800: 51.351: [GC (Allocation Failure) 2022-05-10T17:19:46.490+0800: 51.351: [ParNew: 2731K->22K(153600K), 0.0011550 secs]2022-05-10T17:19:46.491+0800: 51.353: [CMS: 207776K->12460K(341376K), 0.0902521 secs] 210508K->12460K(494976K), [Metaspace: 34844K->34844K(1081344K)], 0.0916250 secs] [Times: user=0.09 sys=0.00, real=0.09 secs] 
2022-05-10T17:19:46.582+0800: 51.443: Total time for which application threads were stopped: 0.0919236 seconds, Stopping threads took: 0.0000400 seconds
2022-05-10T17:19:46.582+0800: 51.443: Application time: 0.0000694 seconds
2022-05-10T17:19:46.601+0800: 51.463: [GC (CMS Initial Mark) [1 CMS-initial-mark: 207773K(341376K)] 210504K(494976K), 0.0008041 secs] [Times: user=0.02 sys=0.00, real=0.00 secs] 
2022-05-10T17:19:46.602+0800: 51.463: Total time for which application threads were stopped: 0.0202256 seconds, Stopping threads took: 0.0192437 seconds
2022-05-10T17:19:46.602+0800: 51.464: [CMS-concurrent-mark-start]
2022-05-10T17:19:46.602+0800: 51.464: Application time: 0.0000871 seconds
2022-05-10T17:19:46.603+0800: 51.464: [GC (Allocation Failure) 2022-05-10T17:19:46.603+0800: 51.464: [ParNew: 2731K->10K(153600K), 0.0011468 secs]2022-05-10T17:19:46.604+0800: 51.465: [CMS2022-05-10T17:19:46.639+0800: 51.501: [CMS-concurrent-mark: 0.024/0.037 secs] [Times: user=0.06 sys=0.00, real=0.04 secs] 
 (concurrent mode failure): 207773K->12463K(341376K), 0.1243485 secs] 210504K->12463K(494976K), [Metaspace: 34844K->34844K(1081344K)], 0.1257552 secs] [Times: user=0.16 sys=0.00, real=0.13 secs] 
2022-05-10T17:19:46.729+0800: 51.590: Total time for which application threads were stopped: 0.1261077 seconds, Stopping threads took: 0.0000630 seconds
2022-05-10T17:19:46.747+0800: 51.608: Application time: 0.0183032 seconds
2022-05-10T17:19:46.747+0800: 51.608: [GC (Allocation Failure) 2022-05-10T17:19:46.747+0800: 51.608: [ParNew: 3414K->20K(153600K), 0.0016312 secs]2022-05-10T17:19:46.749+0800: 51.610: [CMS: 207776K->12460K(341376K), 0.0975305 secs] 211190K->12460K(494976K), [Metaspace: 34844K->34844K(1081344K)], 0.0994296 secs] [Times: user=0.09 sys=0.00, real=0.10 secs] 
2022-05-10T17:19:46.847+0800: 51.708: Total time for which application threads were stopped: 0.0997267 seconds, Stopping threads took: 0.0000381 seconds
2022-05-10T17:19:46.847+0800: 51.708: Application time: 0.0000506 seconds
2022-05-10T17:19:46.867+0800: 51.729: [GC (CMS Initial Mark) [1 CMS-initial-mark: 207773K(341376K)] 210504K(494976K), 0.0008988 secs] [Times: user=0.00 sys=0.00, real=0.00 secs] 
2022-05-10T17:19:46.868+0800: 51.730: Total time for which application threads were stopped: 0.0218840 seconds, Stopping threads took: 0.0208116 seconds
2022-05-10T17:19:46.868+0800: 51.730: [CMS-concurrent-mark-start]
2022-05-10T17:19:46.868+0800: 51.730: Application time: 0.0000890 seconds
2022-05-10T17:19:46.868+0800: 51.730: [GC (Allocation Failure) 2022-05-10T17:19:46.868+0800: 51.730: [ParNew: 2731K->4K(153600K), 0.0012032 secs]2022-05-10T17:19:46.870+0800: 51.731: [CMS2022-05-10T17:19:46.902+0800: 51.764: [CMS-concurrent-mark: 0.023/0.034 secs] [Times: user=0.06 sys=0.00, real=0.03 secs] 
 (concurrent mode failure): 207773K->12462K(341376K), 0.1231620 secs] 210504K->12462K(494976K), [Metaspace: 34844K->34844K(1081344K)], 0.1245389 secs] [Times: user=0.16 sys=0.00, real=0.13 secs] 
2022-05-10T17:19:46.993+0800: 51.855: Total time for which application threads were stopped: 0.1247812 seconds, Stopping threads took: 0.0000414 seconds
2022-05-10T17:19:47.015+0800: 51.877: Application time: 0.0223647 seconds
2022-05-10T17:19:47.016+0800: 51.877: [GC (Allocation Failure) 2022-05-10T17:19:47.016+0800: 51.877: [ParNew: 2731K->22K(153600K), 0.0024127 secs]2022-05-10T17:19:47.018+0800: 51.880: [CMS: 207775K->12460K(341376K), 0.0975565 secs] 210506K->12460K(494976K), [Metaspace: 34844K->34844K(1081344K)], 0.1002439 secs] [Times: user=0.09 sys=0.00, real=0.10 secs] 
2022-05-10T17:19:47.116+0800: 51.978: Total time for which application threads were stopped: 0.1006143 seconds, Stopping threads took: 0.0000579 seconds
2022-05-10T17:19:47.116+0800: 51.978: Application time: 0.0000649 seconds
2022-05-10T17:19:47.139+0800: 52.000: [GC (CMS Initial Mark) [1 CMS-initial-mark: 207773K(341376K)] 211870K(494976K), 0.0006621 secs] [Times: user=0.00 sys=0.00, real=0.00 secs] 
2022-05-10T17:19:47.139+0800: 52.001: Total time for which application threads were stopped: 0.0230773 seconds, Stopping threads took: 0.0222850 seconds
2022-05-10T17:19:47.139+0800: 52.001: [CMS-concurrent-mark-start]
2022-05-10T17:19:47.139+0800: 52.001: Application time: 0.0000823 seconds
2022-05-10T17:19:47.139+0800: 52.001: [GC (Allocation Failure) 2022-05-10T17:19:47.139+0800: 52.001: [ParNew: 4097K->14K(153600K), 0.0010674 secs]2022-05-10T17:19:47.141+0800: 52.002: [CMS2022-05-10T17:19:47.171+0800: 52.032: [CMS-concurrent-mark: 0.024/0.031 secs] [Times: user=0.06 sys=0.00, real=0.03 secs] 
 (concurrent mode failure): 207773K->12462K(341376K), 0.1114807 secs] 211870K->12462K(494976K), [Metaspace: 34844K->34844K(1081344K)], 0.1127457 secs] [Times: user=0.14 sys=0.00, real=0.11 secs] 
2022-05-10T17:19:47.252+0800: 52.114: Total time for which application threads were stopped: 0.1130015 seconds, Stopping threads took: 0.0000363 seconds
2022-05-10T17:19:47.273+0800: 52.134: Application time: 0.0205513 seconds
2022-05-10T17:19:47.273+0800: 52.135: [GC (Allocation Failure) 2022-05-10T17:19:47.273+0800: 52.135: [ParNew: 3414K->22K(153600K), 0.0010600 secs]2022-05-10T17:19:47.274+0800: 52.136: [CMS: 207775K->12460K(341376K), 0.0846396 secs] 211189K->12460K(494976K), [Metaspace: 34844K->34844K(1081344K)], 0.0858809 secs] [Times: user=0.08 sys=0.00, real=0.09 secs] 
2022-05-10T17:19:47.359+0800: 52.220: Total time for which application threads were stopped: 0.0861396 seconds, Stopping threads took: 0.0000365 seconds
2022-05-10T17:19:47.360+0800: 52.221: Application time: 0.0000731 seconds
2022-05-10T17:19:47.377+0800: 52.239: [GC (CMS Initial Mark) [1 CMS-initial-mark: 207773K(341376K)] 210504K(494976K), 0.0006399 secs] [Times: user=0.00 sys=0.00, real=0.00 secs] 
2022-05-10T17:19:47.378+0800: 52.240: Total time for which application threads were stopped: 0.0189799 seconds, Stopping threads took: 0.0182052 seconds
2022-05-10T17:19:47.378+0800: 52.240: [CMS-concurrent-mark-start]
2022-05-10T17:19:47.378+0800: 52.240: Application time: 0.0000839 seconds
2022-05-10T17:19:47.378+0800: 52.240: [GC (Allocation Failure) 2022-05-10T17:19:47.378+0800: 52.240: [ParNew: 2731K->10K(153600K), 0.0009777 secs]2022-05-10T17:19:47.380+0800: 52.241: [CMS2022-05-10T17:19:47.404+0800: 52.265: [CMS-concurrent-mark: 0.023/0.026 secs] [Times: user=0.06 sys=0.00, real=0.03 secs] 
 (concurrent mode failure): 207773K->12462K(341376K), 0.1069973 secs] 210504K->12462K(494976K), [Metaspace: 34844K->34844K(1081344K)], 0.1081419 secs] [Times: user=0.14 sys=0.00, real=0.11 secs] 
2022-05-10T17:19:47.487+0800: 52.348: Total time for which application threads were stopped: 0.1083702 seconds, Stopping threads took: 0.0000375 seconds
2022-05-10T17:19:47.507+0800: 52.368: Application time: 0.0202808 seconds
2022-05-10T17:19:47.507+0800: 52.369: [GC (Allocation Failure) 2022-05-10T17:19:47.507+0800: 52.369: [ParNew: 2731K->26K(153600K), 0.0012104 secs]2022-05-10T17:19:47.508+0800: 52.370: [CMS: 207775K->12460K(341376K), 0.0967477 secs] 210506K->12460K(494976K), [Metaspace: 34844K->34844K(1081344K)], 0.0981992 secs] [Times: user=0.09 sys=0.00, real=0.10 secs] 
2022-05-10T17:19:47.606+0800: 52.467: Total time for which application threads were stopped: 0.0985796 seconds, Stopping threads took: 0.0000397 seconds
2022-05-10T17:19:47.606+0800: 52.467: Application time: 0.0000734 seconds
2022-05-10T17:19:47.625+0800: 52.487: [GC (CMS Initial Mark) [1 CMS-initial-mark: 207773K(341376K)] 210504K(494976K), 0.0008668 secs] [Times: user=0.00 sys=0.00, real=0.00 secs] 
2022-05-10T17:19:47.626+0800: 52.488: Total time for which application threads were stopped: 0.0205690 seconds, Stopping threads took: 0.0195368 seconds
2022-05-10T17:19:47.626+0800: 52.488: [CMS-concurrent-mark-start]
2022-05-10T17:19:47.627+0800: 52.488: Application time: 0.0001099 seconds
2022-05-10T17:19:47.627+0800: 52.488: [GC (Allocation Failure) 2022-05-10T17:19:47.627+0800: 52.488: [ParNew: 2731K->2K(153600K), 0.0011957 secs]2022-05-10T17:19:47.628+0800: 52.489: [CMS2022-05-10T17:19:47.657+0800: 52.519: [CMS-concurrent-mark: 0.028/0.032 secs] [Times: user=0.06 sys=0.00, real=0.03 secs] 
 (concurrent mode failure): 207773K->12462K(341376K), 0.1201143 secs] 210504K->12462K(494976K), [Metaspace: 34844K->34844K(1081344K)], 0.1215176 secs] [Times: user=0.16 sys=0.00, real=0.12 secs] 
2022-05-10T17:19:47.748+0800: 52.609: Total time for which application threads were stopped: 0.1218196 seconds, Stopping threads took: 0.0000404 seconds
2022-05-10T17:19:47.770+0800: 52.631: Application time: 0.0216975 seconds
2022-05-10T17:19:47.770+0800: 52.631: [GC (Allocation Failure) 2022-05-10T17:19:47.770+0800: 52.631: [ParNew: 3414K->14K(153600K), 0.0015509 secs]2022-05-10T17:19:47.772+0800: 52.633: [CMS: 207774K->12460K(341376K), 0.0770293 secs] 211189K->12460K(494976K), [Metaspace: 34844K->34844K(1081344K)], 0.0787982 secs] [Times: user=0.06 sys=0.00, real=0.08 secs] 
2022-05-10T17:19:47.849+0800: 52.710: Total time for which application threads were stopped: 0.0791155 seconds, Stopping threads took: 0.0000463 seconds
2022-05-10T17:19:47.849+0800: 52.710: Application time: 0.0000614 seconds
2022-05-10T17:19:47.868+0800: 52.729: [GC (CMS Initial Mark) [1 CMS-initial-mark: 207773K(341376K)] 210504K(494976K), 0.0007349 secs] [Times: user=0.00 sys=0.00, real=0.00 secs] 
2022-05-10T17:19:47.868+0800: 52.730: Total time for which application threads were stopped: 0.0197346 seconds, Stopping threads took: 0.0188519 seconds
2022-05-10T17:19:47.868+0800: 52.730: [CMS-concurrent-mark-start]
2022-05-10T17:19:47.868+0800: 52.730: Application time: 0.0000950 seconds
2022-05-10T17:19:47.869+0800: 52.730: [GC (Allocation Failure) 2022-05-10T17:19:47.869+0800: 52.730: [ParNew: 2731K->8K(153600K), 0.0011312 secs]2022-05-10T17:19:47.870+0800: 52.732: [CMS2022-05-10T17:19:47.904+0800: 52.765: [CMS-concurrent-mark: 0.025/0.035 secs] [Times: user=0.06 sys=0.00, real=0.04 secs] 
 (concurrent mode failure): 207773K->12462K(341376K), 0.1087188 secs] 210504K->12462K(494976K), [Metaspace: 34844K->34844K(1081344K)], 0.1100545 secs] [Times: user=0.14 sys=0.00, real=0.11 secs] 
2022-05-10T17:19:47.979+0800: 52.841: Total time for which application threads were stopped: 0.1103261 seconds, Stopping threads took: 0.0000482 seconds
2022-05-10T17:19:47.999+0800: 52.860: Application time: 0.0196408 seconds
2022-05-10T17:19:47.999+0800: 52.860: [GC (Allocation Failure) 2022-05-10T17:19:47.999+0800: 52.860: [ParNew: 2731K->24K(153600K), 0.0012004 secs]2022-05-10T17:19:48.001+0800: 52.862: [CMS: 207775K->12460K(341376K), 0.0903608 secs] 210506K->12460K(494976K), [Metaspace: 34844K->34844K(1081344K)], 0.0917967 secs] [Times: user=0.09 sys=0.00, real=0.09 secs] 
2022-05-10T17:19:48.090+0800: 52.952: Total time for which application threads were stopped: 0.0920919 seconds, Stopping threads took: 0.0000495 seconds
2022-05-10T17:19:48.090+0800: 52.952: Application time: 0.0000591 seconds
2022-05-10T17:19:48.110+0800: 52.972: [GC (CMS Initial Mark) [1 CMS-initial-mark: 207773K(341376K)] 210504K(494976K), 0.0007393 secs] [Times: user=0.00 sys=0.00, real=0.00 secs] 
2022-05-10T17:19:48.110+0800: 52.972: Total time for which application threads were stopped: 0.0199667 seconds, Stopping threads took: 0.0190631 seconds
2022-05-10T17:19:48.111+0800: 52.972: [CMS-concurrent-mark-start]
2022-05-10T17:19:48.111+0800: 52.972: Application time: 0.0000869 seconds
2022-05-10T17:19:48.111+0800: 52.973: [GC (Allocation Failure) 2022-05-10T17:19:48.111+0800: 52.973: [ParNew: 2731K->6K(153600K), 0.0013297 secs]2022-05-10T17:19:48.113+0800: 52.974: [CMS2022-05-10T17:19:48.139+0800: 53.000: [CMS-concurrent-mark: 0.024/0.027 secs] [Times: user=0.06 sys=0.00, real=0.03 secs] 
 (concurrent mode failure): 207773K->12462K(341376K), 0.1195053 secs] 210504K->12462K(494976K), [Metaspace: 34844K->34844K(1081344K)], 0.1210793 secs] [Times: user=0.16 sys=0.00, real=0.12 secs] 
2022-05-10T17:19:48.232+0800: 53.094: Total time for which application threads were stopped: 0.1213816 seconds, Stopping threads took: 0.0000398 seconds
2022-05-10T17:19:48.252+0800: 53.114: Application time: 0.0202632 seconds
2022-05-10T17:19:48.252+0800: 53.114: [GC (Allocation Failure) 2022-05-10T17:19:48.253+0800: 53.114: [ParNew: 4985K->22K(153600K), 0.0011247 secs]2022-05-10T17:19:48.254+0800: 53.115: [CMS: 207775K->12460K(341376K), 0.0908310 secs] 212760K->12460K(494976K), [Metaspace: 34844K->34844K(1081344K)], 0.0921977 secs] [Times: user=0.09 sys=0.00, real=0.09 secs] 
2022-05-10T17:19:48.345+0800: 53.207: Total time for which application threads were stopped: 0.0925280 seconds, Stopping threads took: 0.0000465 seconds
2022-05-10T17:19:48.346+0800: 53.207: Application time: 0.0000813 seconds
2022-05-10T17:19:48.365+0800: 53.227: [GC (CMS Initial Mark) [1 CMS-initial-mark: 207773K(341376K)] 211187K(494976K), 0.0007725 secs] [Times: user=0.00 sys=0.00, real=0.00 secs] 
2022-05-10T17:19:48.366+0800: 53.227: Total time for which application threads were stopped: 0.0207728 seconds, Stopping threads took: 0.0198184 seconds
2022-05-10T17:19:48.366+0800: 53.228: [CMS-concurrent-mark-start]
2022-05-10T17:19:48.366+0800: 53.228: Application time: 0.0000943 seconds
2022-05-10T17:19:48.366+0800: 53.228: [GC (Allocation Failure) 2022-05-10T17:19:48.366+0800: 53.228: [ParNew: 3414K->8K(153600K), 0.0015279 secs]2022-05-10T17:19:48.368+0800: 53.229: [CMS2022-05-10T17:19:48.405+0800: 53.267: [CMS-concurrent-mark: 0.027/0.039 secs] [Times: user=0.16 sys=0.00, real=0.04 secs] 
 (concurrent mode failure): 207773K->12462K(341376K), 0.1339287 secs] 211187K->12462K(494976K), [Metaspace: 34844K->34844K(1081344K)], 0.1357966 secs] [Times: user=0.25 sys=0.00, real=0.14 secs] 
2022-05-10T17:19:48.503+0800: 53.364: Total time for which application threads were stopped: 0.1362246 seconds, Stopping threads took: 0.0000546 seconds
2022-05-10T17:19:48.526+0800: 53.387: Application time: 0.0232950 seconds
2022-05-10T17:19:48.526+0800: 53.387: [GC (Allocation Failure) 2022-05-10T17:19:48.526+0800: 53.387: [ParNew: 2731K->22K(153600K), 0.0011670 secs]2022-05-10T17:19:48.527+0800: 53.389: [CMS: 207775K->12460K(341376K), 0.1044514 secs] 210506K->12460K(494976K), [Metaspace: 34844K->34844K(1081344K)], 0.1058754 secs] [Times: user=0.09 sys=0.00, real=0.11 secs] 
2022-05-10T17:19:48.632+0800: 53.493: Total time for which application threads were stopped: 0.1062332 seconds, Stopping threads took: 0.0000530 seconds
2022-05-10T17:19:48.632+0800: 53.493: Application time: 0.0000747 seconds
2022-05-10T17:19:48.654+0800: 53.515: [GC (CMS Initial Mark) [1 CMS-initial-mark: 207773K(341376K)] 210505K(494976K), 0.0007807 secs] [Times: user=0.00 sys=0.00, real=0.00 secs] 
2022-05-10T17:19:48.655+0800: 53.516: Total time for which application threads were stopped: 0.0225953 seconds, Stopping threads took: 0.0216414 seconds
2022-05-10T17:19:48.655+0800: 53.516: [CMS-concurrent-mark-start]
2022-05-10T17:19:48.655+0800: 53.516: Application time: 0.0001004 seconds
2022-05-10T17:19:48.655+0800: 53.516: [GC (Allocation Failure) 2022-05-10T17:19:48.655+0800: 53.516: [ParNew: 2731K->10K(153600K), 0.0010500 secs]2022-05-10T17:19:48.656+0800: 53.517: [CMS2022-05-10T17:19:48.682+0800: 53.544: [CMS-concurrent-mark: 0.026/0.028 secs] [Times: user=0.06 sys=0.00, real=0.03 secs] 
 (concurrent mode failure): 207773K->12463K(341376K), 0.1292564 secs] 210505K->12463K(494976K), [Metaspace: 34844K->34844K(1081344K)], 0.1306303 secs] [Times: user=0.16 sys=0.00, real=0.13 secs] 
2022-05-10T17:19:48.785+0800: 53.647: Total time for which application threads were stopped: 0.1309823 seconds, Stopping threads took: 0.0000325 seconds
2022-05-10T17:19:48.807+0800: 53.668: Application time: 0.0213630 seconds
2022-05-10T17:19:48.808+0800: 53.669: [GC (Allocation Failure) 2022-05-10T17:19:48.808+0800: 53.669: [ParNew: 3414K->22K(153600K), 0.0011154 secs]2022-05-10T17:19:48.809+0800: 53.670: [CMS: 207775K->12460K(341376K), 0.1007338 secs] 211189K->12460K(494976K), [Metaspace: 34844K->34844K(1081344K)], 0.1021085 secs] [Times: user=0.09 sys=0.00, real=0.10 secs] 
2022-05-10T17:19:48.910+0800: 53.771: Total time for which application threads were stopped: 0.1024504 seconds, Stopping threads took: 0.0000500 seconds
2022-05-10T17:19:48.910+0800: 53.771: Application time: 0.0000704 seconds
2022-05-10T17:19:48.933+0800: 53.794: [GC (CMS Initial Mark) [1 CMS-initial-mark: 207773K(341376K)] 210505K(494976K), 0.0007834 secs] [Times: user=0.00 sys=0.00, real=0.00 secs] 
2022-05-10T17:19:48.933+0800: 53.794: Total time for which application threads were stopped: 0.0234346 seconds, Stopping threads took: 0.0224465 seconds
2022-05-10T17:19:48.933+0800: 53.795: [CMS-concurrent-mark-start]
2022-05-10T17:19:48.933+0800: 53.795: Application time: 0.0001021 seconds
2022-05-10T17:19:48.933+0800: 53.795: [GC (Allocation Failure) 2022-05-10T17:19:48.933+0800: 53.795: [ParNew: 2731K->4K(153600K), 0.0014394 secs]2022-05-10T17:19:48.935+0800: 53.796: [CMS2022-05-10T17:19:48.962+0800: 53.824: [CMS-concurrent-mark: 0.027/0.029 secs] [Times: user=0.06 sys=0.00, real=0.03 secs] 
 (concurrent mode failure): 207773K->12463K(341376K), 0.1271023 secs] 210505K->12463K(494976K), [Metaspace: 34844K->34844K(1081344K)], 0.1288743 secs] [Times: user=0.14 sys=0.00, real=0.13 secs] 
2022-05-10T17:19:49.062+0800: 53.924: Total time for which application threads were stopped: 0.1291922 seconds, Stopping threads took: 0.0000666 seconds
2022-05-10T17:19:49.085+0800: 53.946: Application time: 0.0225038 seconds
2022-05-10T17:19:49.085+0800: 53.946: [GC (Allocation Failure) 2022-05-10T17:19:49.085+0800: 53.947: [ParNew: 2731K->24K(153600K), 0.0013367 secs]2022-05-10T17:19:49.087+0800: 53.948: [CMS: 207776K->12460K(341376K), 0.0947308 secs] 210507K->12460K(494976K), [Metaspace: 34844K->34844K(1081344K)], 0.0963077 secs] [Times: user=0.09 sys=0.01, real=0.10 secs] 
2022-05-10T17:19:49.182+0800: 54.043: Total time for which application threads were stopped: 0.0966307 seconds, Stopping threads took: 0.0000513 seconds
2022-05-10T17:19:49.182+0800: 54.043: Application time: 0.0000692 seconds
2022-05-10T17:19:49.200+0800: 54.062: [GC (CMS Initial Mark) [1 CMS-initial-mark: 207773K(341376K)] 210505K(494976K), 0.0008938 secs] [Times: user=0.00 sys=0.00, real=0.00 secs] 
2022-05-10T17:19:49.201+0800: 54.063: Total time for which application threads were stopped: 0.0203624 seconds, Stopping threads took: 0.0192779 seconds
2022-05-10T17:19:49.201+0800: 54.063: [CMS-concurrent-mark-start]
2022-05-10T17:19:49.202+0800: 54.063: Application time: 0.0001192 seconds
2022-05-10T17:19:49.202+0800: 54.064: [GC (Allocation Failure) 2022-05-10T17:19:49.202+0800: 54.064: [ParNew: 2731K->8K(153600K), 0.0011565 secs]2022-05-10T17:19:49.204+0800: 54.065: [CMS2022-05-10T17:19:49.243+0800: 54.104: [CMS-concurrent-mark: 0.029/0.040 secs] [Times: user=0.06 sys=0.00, real=0.04 secs] 
 (concurrent mode failure): 207773K->12464K(341376K), 0.1321324 secs] 210505K->12464K(494976K), [Metaspace: 34844K->34844K(1081344K)], 0.1335837 secs] [Times: user=0.16 sys=0.00, real=0.13 secs] 
2022-05-10T17:19:49.336+0800: 54.198: Total time for which application threads were stopped: 0.1340438 seconds, Stopping threads took: 0.0000802 seconds
2022-05-10T17:19:49.355+0800: 54.217: Application time: 0.0189936 seconds
2022-05-10T17:19:49.355+0800: 54.217: [GC (Allocation Failure) 2022-05-10T17:19:49.355+0800: 54.217: [ParNew: 4097K->20K(153600K), 0.0011743 secs]2022-05-10T17:19:49.357+0800: 54.218: [CMS: 207777K->12460K(341376K), 0.0903201 secs] 211874K->12460K(494976K), [Metaspace: 34844K->34844K(1081344K)], 0.0917032 secs] [Times: user=0.08 sys=0.00, real=0.09 secs] 
2022-05-10T17:19:49.447+0800: 54.309: Total time for which application threads were stopped: 0.0919792 seconds, Stopping threads took: 0.0000410 seconds
2022-05-10T17:19:49.447+0800: 54.309: Application time: 0.0000748 seconds
2022-05-10T17:19:49.468+0800: 54.329: [GC (CMS Initial Mark) [1 CMS-initial-mark: 207773K(341376K)] 210505K(494976K), 0.0007322 secs] [Times: user=0.00 sys=0.00, real=0.00 secs] 
2022-05-10T17:19:49.468+0800: 54.330: Total time for which application threads were stopped: 0.0214452 seconds, Stopping threads took: 0.0205859 seconds
2022-05-10T17:19:49.469+0800: 54.330: [CMS-concurrent-mark-start]
2022-05-10T17:19:49.469+0800: 54.330: Application time: 0.0001102 seconds
2022-05-10T17:19:49.469+0800: 54.330: [GC (Allocation Failure) 2022-05-10T17:19:49.469+0800: 54.330: [ParNew: 2731K->8K(153600K), 0.0011176 secs]2022-05-10T17:19:49.470+0800: 54.332: [CMS2022-05-10T17:19:49.507+0800: 54.368: [CMS-concurrent-mark: 0.028/0.038 secs] [Times: user=0.03 sys=0.00, real=0.04 secs] 
 (concurrent mode failure): 207773K->12465K(341376K), 0.1337733 secs] 210505K->12465K(494976K), [Metaspace: 34844K->34844K(1081344K)], 0.1350967 secs] [Times: user=0.14 sys=0.00, real=0.13 secs] 
2022-05-10T17:19:49.604+0800: 54.466: Total time for which application threads were stopped: 0.1354435 seconds, Stopping threads took: 0.0000713 seconds
2022-05-10T17:19:49.627+0800: 54.489: Application time: 0.0230185 seconds
2022-05-10T17:19:49.628+0800: 54.489: [GC (Allocation Failure) 2022-05-10T17:19:49.628+0800: 54.489: [ParNew: 3414K->22K(153600K), 0.0011240 secs]2022-05-10T17:19:49.629+0800: 54.490: [CMS: 207778K->12460K(341376K), 0.1102654 secs] 211192K->12460K(494976K), [Metaspace: 34844K->34844K(1081344K)], 0.1116495 secs] [Times: user=0.11 sys=0.00, real=0.11 secs] 
2022-05-10T17:19:49.739+0800: 54.601: Total time for which application threads were stopped: 0.1120436 seconds, Stopping threads took: 0.0000474 seconds
2022-05-10T17:19:49.740+0800: 54.601: Application time: 0.0000762 seconds
2022-05-10T17:19:49.760+0800: 54.621: [GC (CMS Initial Mark) [1 CMS-initial-mark: 207773K(341376K)] 210505K(494976K), 0.0008414 secs] [Times: user=0.00 sys=0.00, real=0.00 secs] 
2022-05-10T17:19:49.761+0800: 54.622: Total time for which application threads were stopped: 0.0216040 seconds, Stopping threads took: 0.0205855 seconds
2022-05-10T17:19:49.761+0800: 54.622: [CMS-concurrent-mark-start]
2022-05-10T17:19:49.761+0800: 54.622: Application time: 0.0001035 seconds
2022-05-10T17:19:49.761+0800: 54.623: [GC (Allocation Failure) 2022-05-10T17:19:49.761+0800: 54.623: [ParNew: 2731K->10K(153600K), 0.0014238 secs]2022-05-10T17:19:49.763+0800: 54.624: [CMS2022-05-10T17:19:49.803+0800: 54.665: [CMS-concurrent-mark: 0.030/0.043 secs] [Times: user=0.03 sys=0.00, real=0.04 secs] 
 (concurrent mode failure): 207773K->12463K(341376K), 0.1390332 secs] 210505K->12463K(494976K), [Metaspace: 34844K->34844K(1081344K)], 0.1407206 secs] [Times: user=0.14 sys=0.00, real=0.14 secs] 
2022-05-10T17:19:49.902+0800: 54.764: Total time for which application threads were stopped: 0.1410756 seconds, Stopping threads took: 0.0000738 seconds
2022-05-10T17:19:49.926+0800: 54.787: Application time: 0.0235782 seconds
2022-05-10T17:19:49.926+0800: 54.787: [GC (Allocation Failure) 2022-05-10T17:19:49.926+0800: 54.787: [ParNew: 3414K->20K(153600K), 0.0013087 secs]2022-05-10T17:19:49.927+0800: 54.789: [CMS: 207776K->12460K(341376K), 0.1000442 secs] 211190K->12460K(494976K), [Metaspace: 34844K->34844K(1081344K)], 0.1016488 secs] [Times: user=0.11 sys=0.00, real=0.10 secs] 
2022-05-10T17:19:50.028+0800: 54.889: Total time for which application threads were stopped: 0.1020255 seconds, Stopping threads took: 0.0000563 seconds
2022-05-10T17:19:50.028+0800: 54.889: Application time: 0.0000706 seconds
2022-05-10T17:19:50.046+0800: 54.908: [GC (CMS Initial Mark) [1 CMS-initial-mark: 207773K(341376K)] 210505K(494976K), 0.0007388 secs] [Times: user=0.00 sys=0.00, real=0.00 secs] 
2022-05-10T17:19:50.047+0800: 54.909: Total time for which application threads were stopped: 0.0192623 seconds, Stopping threads took: 0.0183677 seconds
2022-05-10T17:19:50.047+0800: 54.909: [CMS-concurrent-mark-start]
2022-05-10T17:19:50.047+0800: 54.909: Application time: 0.0000905 seconds
2022-05-10T17:19:50.047+0800: 54.909: [GC (Allocation Failure) 2022-05-10T17:19:50.047+0800: 54.909: [ParNew: 2731K->14K(153600K), 0.0011177 secs]2022-05-10T17:19:50.049+0800: 54.910: [CMS2022-05-10T17:19:50.079+0800: 54.940: [CMS-concurrent-mark: 0.027/0.032 secs] [Times: user=0.06 sys=0.00, real=0.03 secs] 
 (concurrent mode failure): 207773K->12462K(341376K), 0.1142395 secs] 210505K->12462K(494976K), [Metaspace: 34844K->34844K(1081344K)], 0.1155918 secs] [Times: user=0.14 sys=0.00, real=0.12 secs] 
2022-05-10T17:19:50.163+0800: 55.025: Total time for which application threads were stopped: 0.1159384 seconds, Stopping threads took: 0.0000453 seconds
2022-05-10T17:19:50.185+0800: 55.046: Application time: 0.0217543 seconds
2022-05-10T17:19:50.185+0800: 55.047: [GC (Allocation Failure) 2022-05-10T17:19:50.185+0800: 55.047: [ParNew: 2731K->24K(153600K), 0.0014970 secs]2022-05-10T17:19:50.187+0800: 55.048: [CMS: 207775K->12460K(341376K), 0.0884773 secs] 210506K->12460K(494976K), [Metaspace: 34844K->34844K(1081344K)], 0.0902742 secs] [Times: user=0.09 sys=0.00, real=0.09 secs] 
2022-05-10T17:19:50.276+0800: 55.137: Total time for which application threads were stopped: 0.0906515 seconds, Stopping threads took: 0.0000599 seconds
2022-05-10T17:19:50.276+0800: 55.137: Application time: 0.0000618 seconds
2022-05-10T17:19:50.295+0800: 55.156: [GC (CMS Initial Mark) [1 CMS-initial-mark: 207773K(341376K)] 210505K(494976K), 0.0007742 secs] [Times: user=0.00 sys=0.00, real=0.00 secs] 
2022-05-10T17:19:50.296+0800: 55.157: Total time for which application threads were stopped: 0.0201050 seconds, Stopping threads took: 0.0191722 seconds
2022-05-10T17:19:50.296+0800: 55.157: [CMS-concurrent-mark-start]
2022-05-10T17:19:50.296+0800: 55.157: Application time: 0.0001282 seconds
2022-05-10T17:19:50.296+0800: 55.157: [GC (Allocation Failure) 2022-05-10T17:19:50.296+0800: 55.158: [ParNew: 2731K->8K(153600K), 0.0010824 secs]2022-05-10T17:19:50.297+0800: 55.159: [CMS2022-05-10T17:19:50.323+0800: 55.184: [CMS-concurrent-mark: 0.020/0.027 secs] [Times: user=0.06 sys=0.00, real=0.03 secs] 
 (concurrent mode failure): 207773K->12463K(341376K), 0.1008622 secs] 210505K->12463K(494976K), [Metaspace: 34844K->34844K(1081344K)], 0.1021789 secs] [Times: user=0.14 sys=0.00, real=0.10 secs] 
2022-05-10T17:19:50.399+0800: 55.260: Total time for which application threads were stopped: 0.1025036 seconds, Stopping threads took: 0.0000671 seconds
2022-05-10T17:19:50.417+0800: 55.278: Application time: 0.0177887 seconds
2022-05-10T17:19:50.417+0800: 55.278: [GC (Allocation Failure) 2022-05-10T17:19:50.417+0800: 55.278: [ParNew: 4097K->22K(153600K), 0.0010672 secs]2022-05-10T17:19:50.418+0800: 55.279: [CMS: 207776K->12460K(341376K), 0.0941926 secs] 211873K->12460K(494976K), [Metaspace: 34844K->34844K(1081344K)], 0.0954797 secs] [Times: user=0.09 sys=0.00, real=0.10 secs] 
2022-05-10T17:19:50.512+0800: 55.373: Total time for which application threads were stopped: 0.0957662 seconds, Stopping threads took: 0.0000316 seconds
2022-05-10T17:19:50.512+0800: 55.373: Application time: 0.0000680 seconds
2022-05-10T17:19:50.532+0800: 55.393: [GC (CMS Initial Mark) [1 CMS-initial-mark: 207773K(341376K)] 210505K(494976K), 0.0009034 secs] [Times: user=0.00 sys=0.00, real=0.00 secs] 
2022-05-10T17:19:50.533+0800: 55.394: Total time for which application threads were stopped: 0.0205251 seconds, Stopping threads took: 0.0194140 seconds
2022-05-10T17:19:50.533+0800: 55.394: [CMS-concurrent-mark-start]
2022-05-10T17:19:50.533+0800: 55.394: Application time: 0.0000936 seconds
2022-05-10T17:19:50.533+0800: 55.394: [GC (Allocation Failure) 2022-05-10T17:19:50.533+0800: 55.394: [ParNew: 2731K->2K(153600K), 0.0013492 secs]2022-05-10T17:19:50.534+0800: 55.396: [CMS2022-05-10T17:19:50.565+0800: 55.426: [CMS-concurrent-mark: 0.029/0.032 secs] [Times: user=0.06 sys=0.00, real=0.03 secs] 
 (concurrent mode failure): 207773K->12462K(341376K), 0.1241435 secs] 210505K->12462K(494976K), [Metaspace: 34844K->34844K(1081344K)], 0.1257526 secs] [Times: user=0.16 sys=0.00, real=0.13 secs] 
2022-05-10T17:19:50.659+0800: 55.520: Total time for which application threads were stopped: 0.1261147 seconds, Stopping threads took: 0.0000274 seconds
2022-05-10T17:19:50.679+0800: 55.540: Application time: 0.0200135 seconds
2022-05-10T17:19:50.679+0800: 55.540: [GC (Allocation Failure) 2022-05-10T17:19:50.679+0800: 55.541: [ParNew: 3414K->20K(153600K), 0.0012902 secs]2022-05-10T17:19:50.681+0800: 55.542: [CMS: 207775K->12460K(341376K), 0.0944714 secs] 211189K->12460K(494976K), [Metaspace: 34844K->34844K(1081344K)], 0.0960709 secs] [Times: user=0.09 sys=0.00, real=0.10 secs] 
2022-05-10T17:19:50.775+0800: 55.637: Total time for which application threads were stopped: 0.0964891 seconds, Stopping threads took: 0.0000839 seconds
2022-05-10T17:19:50.776+0800: 55.637: Application time: 0.0001083 seconds
2022-05-10T17:19:50.796+0800: 55.658: [GC (CMS Initial Mark) [1 CMS-initial-mark: 207773K(341376K)] 210505K(494976K), 0.0007219 secs] [Times: user=0.00 sys=0.00, real=0.00 secs] 
2022-05-10T17:19:50.797+0800: 55.658: Total time for which application threads were stopped: 0.0214775 seconds, Stopping threads took: 0.0206085 seconds
2022-05-10T17:19:50.797+0800: 55.658: [CMS-concurrent-mark-start]
2022-05-10T17:19:50.797+0800: 55.658: Application time: 0.0000886 seconds
2022-05-10T17:19:50.797+0800: 55.659: [GC (Allocation Failure) 2022-05-10T17:19:50.797+0800: 55.659: [ParNew: 2731K->10K(153600K), 0.0010281 secs]2022-05-10T17:19:50.798+0800: 55.660: [CMS2022-05-10T17:19:50.828+0800: 55.689: [CMS-concurrent-mark: 0.026/0.031 secs] [Times: user=0.06 sys=0.00, real=0.03 secs] 
 (concurrent mode failure): 207773K->12462K(341376K), 0.1125139 secs] 210505K->12462K(494976K), [Metaspace: 34844K->34844K(1081344K)], 0.1137461 secs] [Times: user=0.11 sys=0.00, real=0.11 secs] 
2022-05-10T17:19:50.911+0800: 55.772: Total time for which application threads were stopped: 0.1140222 seconds, Stopping threads took: 0.0000378 seconds
2022-05-10T17:19:50.929+0800: 55.791: Application time: 0.0184757 seconds
2022-05-10T17:19:50.930+0800: 55.791: [GC (Allocation Failure) 2022-05-10T17:19:50.930+0800: 55.791: [ParNew: 3414K->22K(153600K), 0.0011592 secs]2022-05-10T17:19:50.931+0800: 55.792: [CMS: 207775K->12460K(341376K), 0.0884869 secs] 211189K->12460K(494976K), [Metaspace: 34844K->34844K(1081344K)], 0.0902215 secs] [Times: user=0.08 sys=0.00, real=0.09 secs] 
2022-05-10T17:19:51.020+0800: 55.882: Total time for which application threads were stopped: 0.0907072 seconds, Stopping threads took: 0.0000407 seconds
2022-05-10T17:19:51.021+0800: 55.882: Application time: 0.0003049 seconds
2022-05-10T17:19:51.039+0800: 55.901: [GC (CMS Initial Mark) [1 CMS-initial-mark: 207773K(341376K)] 210505K(494976K), 0.0007109 secs] [Times: user=0.00 sys=0.00, real=0.00 secs] 
2022-05-10T17:19:51.040+0800: 55.902: Total time for which application threads were stopped: 0.0196606 seconds, Stopping threads took: 0.0188023 seconds
2022-05-10T17:19:51.040+0800: 55.902: [CMS-concurrent-mark-start]
2022-05-10T17:19:51.040+0800: 55.902: Application time: 0.0000835 seconds
2022-05-10T17:19:51.040+0800: 55.902: [GC (Allocation Failure) 2022-05-10T17:19:51.040+0800: 55.902: [ParNew: 2731K->12K(153600K), 0.0009703 secs]2022-05-10T17:19:51.041+0800: 55.903: [CMS2022-05-10T17:19:51.077+0800: 55.938: [CMS-concurrent-mark: 0.025/0.036 secs] [Times: user=0.06 sys=0.00, real=0.04 secs] 
 (concurrent mode failure): 207773K->12462K(341376K), 0.1173395 secs] 210505K->12462K(494976K), [Metaspace: 34844K->34844K(1081344K)], 0.1184956 secs] [Times: user=0.14 sys=0.00, real=0.12 secs] 
2022-05-10T17:19:51.159+0800: 56.020: Total time for which application threads were stopped: 0.1187287 seconds, Stopping threads took: 0.0000253 seconds
2022-05-10T17:19:51.178+0800: 56.040: Application time: 0.0198661 seconds
2022-05-10T17:19:51.179+0800: 56.040: [GC (Allocation Failure) 2022-05-10T17:19:51.179+0800: 56.041: [ParNew: 2731K->22K(153600K), 0.0009998 secs]2022-05-10T17:19:51.180+0800: 56.042: [CMS: 207775K->12460K(341376K), 0.0854653 secs] 210506K->12460K(494976K), [Metaspace: 34844K->34844K(1081344K)], 0.0867108 secs] [Times: user=0.08 sys=0.00, real=0.09 secs] 
2022-05-10T17:19:51.266+0800: 56.127: Total time for which application threads were stopped: 0.0870391 seconds, Stopping threads took: 0.0000547 seconds
2022-05-10T17:19:51.266+0800: 56.127: Application time: 0.0000646 seconds
2022-05-10T17:19:51.280+0800: 56.142: [GC (CMS Initial Mark) [1 CMS-initial-mark: 207773K(341376K)] 210505K(494976K), 0.0006928 secs] [Times: user=0.00 sys=0.00, real=0.00 secs] 
2022-05-10T17:19:51.281+0800: 56.142: Total time for which application threads were stopped: 0.0150599 seconds, Stopping threads took: 0.0142275 seconds
2022-05-10T17:19:51.281+0800: 56.142: [CMS-concurrent-mark-start]
2022-05-10T17:19:51.281+0800: 56.143: Application time: 0.0000870 seconds
2022-05-10T17:19:51.281+0800: 56.143: [GC (Allocation Failure) 2022-05-10T17:19:51.281+0800: 56.143: [ParNew: 2731K->6K(153600K), 0.0009941 secs]2022-05-10T17:19:51.282+0800: 56.144: [CMS2022-05-10T17:19:51.311+0800: 56.172: [CMS-concurrent-mark: 0.025/0.030 secs] [Times: user=0.06 sys=0.00, real=0.03 secs] 
 (concurrent mode failure): 207773K->12462K(341376K), 0.1065652 secs] 210505K->12462K(494976K), [Metaspace: 34844K->34844K(1081344K)], 0.1077628 secs] [Times: user=0.14 sys=0.00, real=0.11 secs] 
2022-05-10T17:19:51.389+0800: 56.251: Total time for which application threads were stopped: 0.1080268 seconds, Stopping threads took: 0.0000263 seconds
2022-05-10T17:19:51.408+0800: 56.269: Application time: 0.0188016 seconds
2022-05-10T17:19:51.408+0800: 56.270: [GC (Allocation Failure) 2022-05-10T17:19:51.408+0800: 56.270: [ParNew: 2731K->24K(153600K), 0.0009950 secs]2022-05-10T17:19:51.409+0800: 56.271: [CMS: 207775K->12460K(341376K), 0.0852572 secs] 210506K->12460K(494976K), [Metaspace: 34844K->34844K(1081344K)], 0.0864966 secs] [Times: user=0.09 sys=0.00, real=0.09 secs] 
2022-05-10T17:19:51.495+0800: 56.356: Total time for which application threads were stopped: 0.0868078 seconds, Stopping threads took: 0.0000488 seconds
2022-05-10T17:19:51.495+0800: 56.356: Application time: 0.0000643 seconds
2022-05-10T17:19:51.514+0800: 56.376: [GC (CMS Initial Mark) [1 CMS-initial-mark: 207773K(341376K)] 211870K(494976K), 0.0007739 secs] [Times: user=0.00 sys=0.00, real=0.00 secs] 
2022-05-10T17:19:51.515+0800: 56.377: Total time for which application threads were stopped: 0.0203676 seconds, Stopping threads took: 0.0194238 seconds
2022-05-10T17:19:51.515+0800: 56.377: [CMS-concurrent-mark-start]
2022-05-10T17:19:51.517+0800: 56.378: Application time: 0.0014838 seconds
2022-05-10T17:19:51.517+0800: 56.378: [GC (Allocation Failure) 2022-05-10T17:19:51.517+0800: 56.378: [ParNew: 4097K->14K(153600K), 0.0010544 secs]2022-05-10T17:19:51.518+0800: 56.379: [CMS2022-05-10T17:19:51.559+0800: 56.421: [CMS-concurrent-mark: 0.028/0.044 secs] [Times: user=0.06 sys=0.00, real=0.04 secs] 
 (concurrent mode failure): 207773K->12460K(341376K), 0.1431076 secs] 211870K->12460K(494976K), [Metaspace: 34844K->34844K(1081344K)], 0.1443999 secs] [Times: user=0.16 sys=0.00, real=0.14 secs] 
2022-05-10T17:19:51.661+0800: 56.523: Total time for which application threads were stopped: 0.1447094 seconds, Stopping threads took: 0.0000387 seconds
2022-05-10T17:19:51.685+0800: 56.546: Application time: 0.0236223 seconds
2022-05-10T17:19:51.685+0800: 56.547: [GC (Allocation Failure) 2022-05-10T17:19:51.685+0800: 56.547: [ParNew: 4302K->16K(153600K), 0.0016393 secs]2022-05-10T17:19:51.688+0800: 56.549: [CMS: 207773K->12461K(341376K), 0.1115634 secs] 212075K->12461K(494976K), [Metaspace: 34844K->34844K(1081344K)], 0.1136059 secs] [Times: user=0.11 sys=0.00, real=0.11 secs] 
2022-05-10T17:19:51.799+0800: 56.661: Total time for which application threads were stopped: 0.1141564 seconds, Stopping threads took: 0.0000789 seconds
2022-05-10T17:19:51.799+0800: 56.661: Application time: 0.0000749 seconds
2022-05-10T17:19:51.819+0800: 56.681: [GC (CMS Initial Mark) [1 CMS-initial-mark: 207773K(341376K)] 210505K(494976K), 0.0011701 secs] [Times: user=0.06 sys=0.02, real=0.00 secs] 
2022-05-10T17:19:51.820+0800: 56.682: Total time for which application threads were stopped: 0.0211234 seconds, Stopping threads took: 0.0197274 seconds
2022-05-10T17:19:51.821+0800: 56.682: [CMS-concurrent-mark-start]
2022-05-10T17:19:51.821+0800: 56.682: Application time: 0.0001495 seconds
2022-05-10T17:19:51.821+0800: 56.682: [GC (Allocation Failure) 2022-05-10T17:19:51.821+0800: 56.682: [ParNew: 2731K->10K(153600K), 0.0011580 secs]2022-05-10T17:19:51.822+0800: 56.683: [CMS2022-05-10T17:19:51.852+0800: 56.713: [CMS-concurrent-mark: 0.025/0.031 secs] [Times: user=0.06 sys=0.00, real=0.03 secs] 
 (concurrent mode failure): 207773K->12464K(341376K), 0.1193065 secs] 210505K->12464K(494976K), [Metaspace: 34844K->34844K(1081344K)], 0.1207586 secs] [Times: user=0.14 sys=0.00, real=0.12 secs] 
2022-05-10T17:19:51.942+0800: 56.803: Total time for which application threads were stopped: 0.1211711 seconds, Stopping threads took: 0.0000773 seconds
2022-05-10T17:19:51.962+0800: 56.823: Application time: 0.0199994 seconds
2022-05-10T17:19:51.962+0800: 56.823: [GC (Allocation Failure) 2022-05-10T17:19:51.962+0800: 56.823: [ParNew: 3414K->22K(153600K), 0.0012110 secs]2022-05-10T17:19:51.964+0800: 56.825: [CMS: 207776K->12461K(341376K), 0.0880027 secs] 211191K->12461K(494976K), [Metaspace: 34844K->34844K(1081344K)], 0.0894403 secs] [Times: user=0.08 sys=0.00, real=0.09 secs] 
2022-05-10T17:19:52.052+0800: 56.913: Total time for which application threads were stopped: 0.0897242 seconds, Stopping threads took: 0.0000415 seconds
2022-05-10T17:19:52.052+0800: 56.913: Application time: 0.0000665 seconds
2022-05-10T17:19:52.073+0800: 56.934: [GC (CMS Initial Mark) [1 CMS-initial-mark: 207773K(341376K)] 210505K(494976K), 0.0007447 secs] [Times: user=0.00 sys=0.00, real=0.00 secs] 
2022-05-10T17:19:52.074+0800: 56.935: Total time for which application threads were stopped: 0.0217019 seconds, Stopping threads took: 0.0208043 seconds
2022-05-10T17:19:52.074+0800: 56.935: [CMS-concurrent-mark-start]
2022-05-10T17:19:52.074+0800: 56.935: Application time: 0.0000895 seconds
2022-05-10T17:19:52.074+0800: 56.935: [GC (Allocation Failure) 2022-05-10T17:19:52.074+0800: 56.935: [ParNew: 2731K->4K(153600K), 0.0011042 secs]2022-05-10T17:19:52.075+0800: 56.936: [CMS2022-05-10T17:19:52.100+0800: 56.961: [CMS-concurrent-mark: 0.023/0.026 secs] [Times: user=0.03 sys=0.00, real=0.03 secs] 
 (concurrent mode failure): 207773K->12462K(341376K), 0.1021081 secs] 210505K->12462K(494976K), [Metaspace: 34844K->34844K(1081344K)], 0.1034075 secs] [Times: user=0.11 sys=0.00, real=0.10 secs] 
2022-05-10T17:19:52.177+0800: 57.038: Total time for which application threads were stopped: 0.1036626 seconds, Stopping threads took: 0.0000256 seconds
2022-05-10T17:19:52.200+0800: 57.061: Application time: 0.0226074 seconds
2022-05-10T17:19:52.200+0800: 57.061: [GC (Allocation Failure) 2022-05-10T17:19:52.200+0800: 57.061: [ParNew: 2731K->20K(153600K), 0.0010491 secs]2022-05-10T17:19:52.201+0800: 57.062: [CMS: 207775K->12461K(341376K), 0.0887721 secs] 210506K->12461K(494976K), [Metaspace: 34844K->34844K(1081344K)], 0.0900571 secs] [Times: user=0.09 sys=0.00, real=0.09 secs] 
2022-05-10T17:19:52.290+0800: 57.151: Total time for which application threads were stopped: 0.0903673 seconds, Stopping threads took: 0.0000432 seconds
2022-05-10T17:19:52.291+0800: 57.152: Application time: 0.0000616 seconds
2022-05-10T17:19:52.309+0800: 57.170: [GC (CMS Initial Mark) [1 CMS-initial-mark: 207773K(341376K)] 210505K(494976K), 0.0007436 secs] [Times: user=0.00 sys=0.00, real=0.00 secs] 
2022-05-10T17:19:52.310+0800: 57.171: Total time for which application threads were stopped: 0.0194189 seconds, Stopping threads took: 0.0185095 seconds
2022-05-10T17:19:52.310+0800: 57.171: [CMS-concurrent-mark-start]
2022-05-10T17:19:52.310+0800: 57.171: Application time: 0.0000889 seconds
2022-05-10T17:19:52.310+0800: 57.171: [GC (Allocation Failure) 2022-05-10T17:19:52.310+0800: 57.171: [ParNew: 2731K->12K(153600K), 0.0010983 secs]2022-05-10T17:19:52.311+0800: 57.172: [CMS2022-05-10T17:19:52.348+0800: 57.210: [CMS-concurrent-mark: 0.023/0.039 secs] [Times: user=0.03 sys=0.00, real=0.04 secs] 
 (concurrent mode failure): 207773K->12463K(341376K), 0.1093511 secs] 210505K->12463K(494976K), [Metaspace: 34844K->34844K(1081344K)], 0.1106609 secs] [Times: user=0.11 sys=0.00, real=0.11 secs] 
2022-05-10T17:19:52.420+0800: 57.282: Total time for which application threads were stopped: 0.1109438 seconds, Stopping threads took: 0.0000274 seconds
2022-05-10T17:19:52.441+0800: 57.302: Application time: 0.0196334 seconds
2022-05-10T17:19:52.441+0800: 57.302: [GC (Allocation Failure) 2022-05-10T17:19:52.441+0800: 57.302: [ParNew: 2731K->22K(153600K), 0.0012372 secs]2022-05-10T17:19:52.442+0800: 57.303: [CMS: 207775K->12461K(341376K), 0.0890400 secs] 210507K->12461K(494976K), [Metaspace: 34844K->34844K(1081344K)], 0.0905233 secs] [Times: user=0.09 sys=0.00, real=0.09 secs] 
2022-05-10T17:19:52.531+0800: 57.392: Total time for which application threads were stopped: 0.0908115 seconds, Stopping threads took: 0.0000377 seconds
2022-05-10T17:19:52.531+0800: 57.393: Application time: 0.0000647 seconds
2022-05-10T17:19:52.550+0800: 57.412: [GC (CMS Initial Mark) [1 CMS-initial-mark: 207773K(341376K)] 211870K(494976K), 0.0006914 secs] [Times: user=0.00 sys=0.00, real=0.00 secs] 
2022-05-10T17:19:52.551+0800: 57.412: Total time for which application threads were stopped: 0.0198440 seconds, Stopping threads took: 0.0189947 seconds
2022-05-10T17:19:52.551+0800: 57.412: [CMS-concurrent-mark-start]
2022-05-10T17:19:52.551+0800: 57.412: Application time: 0.0000780 seconds
2022-05-10T17:19:52.551+0800: 57.413: [GC (Allocation Failure) 2022-05-10T17:19:52.551+0800: 57.413: [ParNew: 4097K->10K(153600K), 0.0011068 secs]2022-05-10T17:19:52.553+0800: 57.414: [CMS2022-05-10T17:19:52.586+0800: 57.447: [CMS-concurrent-mark: 0.026/0.034 secs] [Times: user=0.06 sys=0.00, real=0.03 secs] 
 (concurrent mode failure): 207773K->12463K(341376K), 0.1249641 secs] 211870K->12463K(494976K), [Metaspace: 34844K->34844K(1081344K)], 0.1262750 secs] [Times: user=0.14 sys=0.00, real=0.13 secs] 
2022-05-10T17:19:52.678+0800: 57.539: Total time for which application threads were stopped: 0.1265377 seconds, Stopping threads took: 0.0000378 seconds
2022-05-10T17:19:52.695+0800: 57.557: Application time: 0.0175597 seconds
2022-05-10T17:19:52.696+0800: 57.557: [GC (Allocation Failure) 2022-05-10T17:19:52.696+0800: 57.557: [ParNew: 3414K->20K(153600K), 0.0013421 secs]2022-05-10T17:19:52.697+0800: 57.558: [CMS: 207775K->12461K(341376K), 0.0829479 secs] 211190K->12461K(494976K), [Metaspace: 34844K->34844K(1081344K)], 0.0845686 secs] [Times: user=0.08 sys=0.00, real=0.08 secs] 
2022-05-10T17:19:52.780+0800: 57.642: Total time for which application threads were stopped: 0.0849791 seconds, Stopping threads took: 0.0000710 seconds
2022-05-10T17:19:52.781+0800: 57.642: Application time: 0.0001814 seconds
2022-05-10T17:19:52.797+0800: 57.658: [GC (CMS Initial Mark) [1 CMS-initial-mark: 207773K(341376K)] 210505K(494976K), 0.0007163 secs] [Times: user=0.00 sys=0.00, real=0.00 secs] 
2022-05-10T17:19:52.798+0800: 57.659: Total time for which application threads were stopped: 0.0170658 seconds, Stopping threads took: 0.0161886 seconds
2022-05-10T17:19:52.798+0800: 57.659: [CMS-concurrent-mark-start]
2022-05-10T17:19:52.798+0800: 57.659: Application time: 0.0000810 seconds
2022-05-10T17:19:52.798+0800: 57.659: [GC (Allocation Failure) 2022-05-10T17:19:52.798+0800: 57.659: [ParNew: 2731K->12K(153600K), 0.0010077 secs]2022-05-10T17:19:52.799+0800: 57.660: [CMS2022-05-10T17:19:52.837+0800: 57.698: [CMS-concurrent-mark: 0.025/0.040 secs] [Times: user=0.06 sys=0.00, real=0.04 secs] 
 (concurrent mode failure): 207773K->12470K(341376K), 0.1173708 secs] 210505K->12470K(494976K), [Metaspace: 34844K->34844K(1081344K)], 0.1185830 secs] [Times: user=0.14 sys=0.00, real=0.12 secs] 
2022-05-10T17:19:52.916+0800: 57.778: Total time for which application threads were stopped: 0.1188777 seconds, Stopping threads took: 0.0000624 seconds
2022-05-10T17:19:52.935+0800: 57.796: Application time: 0.0185448 seconds
2022-05-10T17:19:52.935+0800: 57.796: [GC (Allocation Failure) 2022-05-10T17:19:52.935+0800: 57.797: [ParNew: 2731K->14K(153600K), 0.0017633 secs]2022-05-10T17:19:52.937+0800: 57.798: [CMS: 207783K->12461K(341376K), 0.1231587 secs] 210515K->12461K(494976K), [Metaspace: 34844K->34844K(1081344K)], 0.1251227 secs] [Times: user=0.09 sys=0.00, real=0.13 secs] 
2022-05-10T17:19:53.060+0800: 57.922: Total time for which application threads were stopped: 0.1253934 seconds, Stopping threads took: 0.0000414 seconds
2022-05-10T17:19:53.061+0800: 57.922: Application time: 0.0000666 seconds
2022-05-10T17:19:53.078+0800: 57.940: [GC (CMS Initial Mark) [1 CMS-initial-mark: 207773K(341376K)] 211188K(494976K), 0.0007972 secs] [Times: user=0.00 sys=0.00, real=0.00 secs] 
2022-05-10T17:19:53.080+0800: 57.941: Total time for which application threads were stopped: 0.0191906 seconds, Stopping threads took: 0.0182325 seconds
2022-05-10T17:19:53.080+0800: 57.941: [CMS-concurrent-mark-start]
2022-05-10T17:19:53.080+0800: 57.941: Application time: 0.0000926 seconds
2022-05-10T17:19:53.080+0800: 57.941: [GC (Allocation Failure) 2022-05-10T17:19:53.080+0800: 57.941: [ParNew: 3414K->2K(153600K), 0.0010233 secs]2022-05-10T17:19:53.080+0800: 57.942: [CMS2022-05-10T17:19:53.118+0800: 57.980: [CMS-concurrent-mark: 0.023/0.039 secs] [Times: user=0.06 sys=0.00, real=0.04 secs] 
 (concurrent mode failure): 207773K->12462K(341376K), 0.1225559 secs] 211188K->12462K(494976K), [Metaspace: 34844K->34844K(1081344K)], 0.1238185 secs] [Times: user=0.14 sys=0.00, real=0.12 secs] 
2022-05-10T17:19:53.204+0800: 58.065: Total time for which application threads were stopped: 0.1242383 seconds, Stopping threads took: 0.0000311 seconds
2022-05-10T17:19:53.223+0800: 58.085: Application time: 0.0193962 seconds
2022-05-10T17:19:53.224+0800: 58.085: [GC (Allocation Failure) 2022-05-10T17:19:53.224+0800: 58.085: [ParNew: 2731K->24K(153600K), 0.0011544 secs]2022-05-10T17:19:53.225+0800: 58.086: [CMS: 207775K->12461K(341376K), 0.0782140 secs] 210506K->12461K(494976K), [Metaspace: 34844K->34844K(1081344K)], 0.0795894 secs] [Times: user=0.08 sys=0.00, real=0.08 secs] 
2022-05-10T17:19:53.303+0800: 58.165: Total time for which application threads were stopped: 0.0798773 seconds, Stopping threads took: 0.0000451 seconds
2022-05-10T17:19:53.303+0800: 58.165: Application time: 0.0000583 seconds
2022-05-10T17:19:53.322+0800: 58.184: [GC (CMS Initial Mark) [1 CMS-initial-mark: 207773K(341376K)] 210505K(494976K), 0.0007209 secs] [Times: user=0.00 sys=0.00, real=0.00 secs] 
2022-05-10T17:19:53.323+0800: 58.184: Total time for which application threads were stopped: 0.0197993 seconds, Stopping threads took: 0.0189356 seconds
2022-05-10T17:19:53.323+0800: 58.185: [CMS-concurrent-mark-start]
2022-05-10T17:19:53.323+0800: 58.185: Application time: 0.0001181 seconds
2022-05-10T17:19:53.323+0800: 58.185: [GC (Allocation Failure) 2022-05-10T17:19:53.323+0800: 58.185: [ParNew: 2731K->14K(153600K), 0.0009460 secs]2022-05-10T17:19:53.325+0800: 58.186: [CMS2022-05-10T17:19:53.354+0800: 58.215: [CMS-concurrent-mark: 0.025/0.031 secs] [Times: user=0.06 sys=0.00, real=0.03 secs] 
 (concurrent mode failure): 207773K->12462K(341376K), 0.1054727 secs] 210505K->12462K(494976K), [Metaspace: 34844K->34844K(1081344K)], 0.1065809 secs] [Times: user=0.14 sys=0.00, real=0.11 secs] 
2022-05-10T17:19:53.430+0800: 58.291: Total time for which application threads were stopped: 0.1067984 seconds, Stopping threads took: 0.0000262 seconds
2022-05-10T17:19:53.448+0800: 58.309: Application time: 0.0175967 seconds
2022-05-10T17:19:53.448+0800: 58.309: [GC (Allocation Failure) 2022-05-10T17:19:53.448+0800: 58.309: [ParNew: 2731K->22K(153600K), 0.0012265 secs]2022-05-10T17:19:53.449+0800: 58.310: [CMS: 207775K->12461K(341376K), 0.0891410 secs] 210507K->12461K(494976K), [Metaspace: 34844K->34844K(1081344K)], 0.0906685 secs] [Times: user=0.08 sys=0.00, real=0.09 secs] 
2022-05-10T17:19:53.538+0800: 58.400: Total time for which application threads were stopped: 0.0910130 seconds, Stopping threads took: 0.0000383 seconds
2022-05-10T17:19:53.539+0800: 58.400: Application time: 0.0001769 seconds
2022-05-10T17:19:53.557+0800: 58.418: [GC (CMS Initial Mark) [1 CMS-initial-mark: 207773K(341376K)] 210505K(494976K), 0.0006774 secs] [Times: user=0.00 sys=0.00, real=0.00 secs] 
2022-05-10T17:19:53.557+0800: 58.419: Total time for which application threads were stopped: 0.0189962 seconds, Stopping threads took: 0.0181934 seconds
2022-05-10T17:19:53.558+0800: 58.419: [CMS-concurrent-mark-start]
2022-05-10T17:19:53.558+0800: 58.419: Application time: 0.0000776 seconds
2022-05-10T17:19:53.558+0800: 58.419: [GC (Allocation Failure) 2022-05-10T17:19:53.558+0800: 58.419: [ParNew: 4097K->8K(153600K), 0.0009662 secs]2022-05-10T17:19:53.559+0800: 58.420: [CMS2022-05-10T17:19:53.585+0800: 58.446: [CMS-concurrent-mark: 0.023/0.027 secs] [Times: user=0.03 sys=0.00, real=0.03 secs] 
 (concurrent mode failure): 207773K->12462K(341376K), 0.1076080 secs] 211870K->12462K(494976K), [Metaspace: 34844K->34844K(1081344K)], 0.1087676 secs] [Times: user=0.13 sys=0.00, real=0.11 secs] 
2022-05-10T17:19:53.667+0800: 58.528: Total time for which application threads were stopped: 0.1090117 seconds, Stopping threads took: 0.0000215 seconds
2022-05-10T17:19:53.688+0800: 58.549: Application time: 0.0208029 seconds
2022-05-10T17:19:53.688+0800: 58.549: [GC (Allocation Failure) 2022-05-10T17:19:53.688+0800: 58.549: [ParNew: 3755K->20K(153600K), 0.0011777 secs]2022-05-10T17:19:53.689+0800: 58.551: [CMS: 207775K->12461K(341376K), 0.0935300 secs] 211531K->12461K(494976K), [Metaspace: 34844K->34844K(1081344K)], 0.0949512 secs] [Times: user=0.09 sys=0.00, real=0.10 secs] 
2022-05-10T17:19:53.783+0800: 58.644: Total time for which application threads were stopped: 0.0952552 seconds, Stopping threads took: 0.0000426 seconds
2022-05-10T17:19:53.783+0800: 58.644: Application time: 0.0000668 seconds
2022-05-10T17:19:53.802+0800: 58.663: [GC (CMS Initial Mark) [1 CMS-initial-mark: 207773K(341376K)] 210505K(494976K), 0.0008650 secs] [Times: user=0.00 sys=0.00, real=0.00 secs] 
2022-05-10T17:19:53.803+0800: 58.664: Total time for which application threads were stopped: 0.0199721 seconds, Stopping threads took: 0.0189123 seconds
2022-05-10T17:19:53.803+0800: 58.664: [CMS-concurrent-mark-start]
2022-05-10T17:19:53.803+0800: 58.665: Application time: 0.0001116 seconds
2022-05-10T17:19:53.803+0800: 58.665: [GC (Allocation Failure) 2022-05-10T17:19:53.804+0800: 58.665: [ParNew: 2731K->6K(153600K), 0.0015151 secs]2022-05-10T17:19:53.805+0800: 58.666: [CMS2022-05-10T17:19:53.837+0800: 58.698: [CMS-concurrent-mark: 0.025/0.033 secs] [Times: user=0.16 sys=0.00, real=0.03 secs] 
 (concurrent mode failure): 207773K->12463K(341376K), 0.1202878 secs] 210505K->12463K(494976K), [Metaspace: 34844K->34844K(1081344K)], 0.1220283 secs] [Times: user=0.24 sys=0.00, real=0.12 secs] 
2022-05-10T17:19:53.925+0800: 58.787: Total time for which application threads were stopped: 0.1222962 seconds, Stopping threads took: 0.0000221 seconds
2022-05-10T17:19:53.943+0800: 58.804: Application time: 0.0172369 seconds
2022-05-10T17:19:53.943+0800: 58.804: [GC (Allocation Failure) 2022-05-10T17:19:53.943+0800: 58.804: [ParNew: 2731K->20K(153600K), 0.0011244 secs]2022-05-10T17:19:53.944+0800: 58.805: [CMS: 207775K->12461K(341376K), 0.0911732 secs] 210507K->12461K(494976K), [Metaspace: 34844K->34844K(1081344K)], 0.0925509 secs] [Times: user=0.09 sys=0.00, real=0.09 secs] 
2022-05-10T17:19:54.036+0800: 58.897: Total time for which application threads were stopped: 0.0928574 seconds, Stopping threads took: 0.0000455 seconds
2022-05-10T17:19:54.036+0800: 58.897: Application time: 0.0000673 seconds
2022-05-10T17:19:54.052+0800: 58.914: [GC (CMS Initial Mark) [1 CMS-initial-mark: 207773K(341376K)] 210505K(494976K), 0.0007832 secs] [Times: user=0.00 sys=0.00, real=0.00 secs] 
2022-05-10T17:19:54.053+0800: 58.914: Total time for which application threads were stopped: 0.0174176 seconds, Stopping threads took: 0.0164815 seconds
2022-05-10T17:19:54.053+0800: 58.914: [CMS-concurrent-mark-start]
2022-05-10T17:19:54.053+0800: 58.914: Application time: 0.0000812 seconds
2022-05-10T17:19:54.053+0800: 58.915: [GC (Allocation Failure) 2022-05-10T17:19:54.053+0800: 58.915: [ParNew: 2731K->8K(153600K), 0.0009864 secs]2022-05-10T17:19:54.054+0800: 58.916: [CMS2022-05-10T17:19:54.080+0800: 58.941: [CMS-concurrent-mark: 0.022/0.027 secs] [Times: user=0.09 sys=0.00, real=0.03 secs] 
 (concurrent mode failure): 207773K->12462K(341376K), 0.0995948 secs] 210505K->12462K(494976K), [Metaspace: 34844K->34844K(1081344K)], 0.1007570 secs] [Times: user=0.17 sys=0.00, real=0.10 secs] 
2022-05-10T17:19:54.154+0800: 59.016: Total time for which application threads were stopped: 0.1010029 seconds, Stopping threads took: 0.0000408 seconds
2022-05-10T17:19:54.174+0800: 59.035: Application time: 0.0199716 seconds
2022-05-10T17:19:54.175+0800: 59.036: [GC (Allocation Failure) 2022-05-10T17:19:54.175+0800: 59.036: [ParNew: 3414K->24K(153600K), 0.0011215 secs]2022-05-10T17:19:54.176+0800: 59.037: [CMS: 207775K->12461K(341376K), 0.0920081 secs] 211189K->12461K(494976K), [Metaspace: 34844K->34844K(1081344K)], 0.0933761 secs] [Times: user=0.09 sys=0.00, real=0.09 secs] 
2022-05-10T17:19:54.268+0800: 59.129: Total time for which application threads were stopped: 0.0937141 seconds, Stopping threads took: 0.0000613 seconds
2022-05-10T17:19:54.268+0800: 59.129: Application time: 0.0000597 seconds
2022-05-10T17:19:54.284+0800: 59.145: [GC (CMS Initial Mark) [1 CMS-initial-mark: 207773K(341376K)] 210505K(494976K), 0.0007019 secs] [Times: user=0.00 sys=0.00, real=0.00 secs] 
2022-05-10T17:19:54.285+0800: 59.146: Total time for which application threads were stopped: 0.0164514 seconds, Stopping threads took: 0.0156323 seconds
2022-05-10T17:19:54.285+0800: 59.146: [CMS-concurrent-mark-start]
2022-05-10T17:19:54.285+0800: 59.146: Application time: 0.0000797 seconds
2022-05-10T17:19:54.285+0800: 59.146: [GC (Allocation Failure) 2022-05-10T17:19:54.285+0800: 59.146: [ParNew: 2731K->8K(153600K), 0.0010303 secs]2022-05-10T17:19:54.286+0800: 59.147: [CMS2022-05-10T17:19:54.316+0800: 59.177: [CMS-concurrent-mark: 0.025/0.031 secs] [Times: user=0.03 sys=0.00, real=0.03 secs] 
 (concurrent mode failure): 207773K->12463K(341376K), 0.0960608 secs] 210505K->12463K(494976K), [Metaspace: 34844K->34844K(1081344K)], 0.0974024 secs] [Times: user=0.09 sys=0.00, real=0.10 secs] 
2022-05-10T17:19:54.382+0800: 59.243: Total time for which application threads were stopped: 0.0976615 seconds, Stopping threads took: 0.0000239 seconds
2022-05-10T17:19:54.400+0800: 59.261: Application time: 0.0174704 seconds
2022-05-10T17:19:54.400+0800: 59.261: [GC (Allocation Failure) 2022-05-10T17:19:54.400+0800: 59.261: [ParNew: 3619K->22K(153600K), 0.0009939 secs]2022-05-10T17:19:54.401+0800: 59.262: [CMS: 207775K->12461K(341376K), 0.0874492 secs] 211395K->12461K(494976K), [Metaspace: 34844K->34844K(1081344K)], 0.0886890 secs] [Times: user=0.08 sys=0.00, real=0.09 secs] 
2022-05-10T17:19:54.488+0800: 59.350: Total time for which application threads were stopped: 0.0889958 seconds, Stopping threads took: 0.0000463 seconds
2022-05-10T17:19:54.489+0800: 59.350: Application time: 0.0000732 seconds
2022-05-10T17:19:54.505+0800: 59.367: [GC (CMS Initial Mark) [1 CMS-initial-mark: 207773K(341376K)] 210505K(494976K), 0.0011374 secs] [Times: user=0.00 sys=0.00, real=0.00 secs] 
2022-05-10T17:19:54.507+0800: 59.368: Total time for which application threads were stopped: 0.0181042 seconds, Stopping threads took: 0.0167757 seconds
2022-05-10T17:19:54.507+0800: 59.368: [CMS-concurrent-mark-start]
2022-05-10T17:19:54.507+0800: 59.368: Application time: 0.0000792 seconds
2022-05-10T17:19:54.507+0800: 59.368: [GC (Allocation Failure) 2022-05-10T17:19:54.507+0800: 59.368: [ParNew: 2731K->2K(153600K), 0.0009716 secs]2022-05-10T17:19:54.508+0800: 59.369: [CMS2022-05-10T17:19:54.534+0800: 59.395: [CMS-concurrent-mark: 0.024/0.027 secs] [Times: user=0.16 sys=0.00, real=0.03 secs] 
 (concurrent mode failure): 207773K->12463K(341376K), 0.1205382 secs] 210505K->12463K(494976K), [Metaspace: 34844K->34844K(1081344K)], 0.1217624 secs] [Times: user=0.25 sys=0.00, real=0.12 secs] 
2022-05-10T17:19:54.628+0800: 59.490: Total time for which application threads were stopped: 0.1220834 seconds, Stopping threads took: 0.0000273 seconds
2022-05-10T17:19:54.648+0800: 59.509: Application time: 0.0191334 seconds
2022-05-10T17:19:54.648+0800: 59.510: [GC (Allocation Failure) 2022-05-10T17:19:54.648+0800: 59.510: [ParNew: 4097K->20K(153600K), 0.0010193 secs]2022-05-10T17:19:54.650+0800: 59.511: [CMS: 207775K->12461K(341376K), 0.0900970 secs] 211872K->12461K(494976K), [Metaspace: 34844K->34844K(1081344K)], 0.0914464 secs] [Times: user=0.08 sys=0.00, real=0.09 secs] 
2022-05-10T17:19:54.739+0800: 59.601: Total time for which application threads were stopped: 0.0918412 seconds, Stopping threads took: 0.0000392 seconds
2022-05-10T17:19:54.740+0800: 59.601: Application time: 0.0001597 seconds
2022-05-10T17:19:54.759+0800: 59.621: [GC (CMS Initial Mark) [1 CMS-initial-mark: 207773K(341376K)] 211188K(494976K), 0.0008228 secs] [Times: user=0.00 sys=0.00, real=0.00 secs] 
2022-05-10T17:19:54.760+0800: 59.622: Total time for which application threads were stopped: 0.0201032 seconds, Stopping threads took: 0.0190914 seconds
2022-05-10T17:19:54.760+0800: 59.622: [CMS-concurrent-mark-start]
2022-05-10T17:19:54.760+0800: 59.622: Application time: 0.0000937 seconds
2022-05-10T17:19:54.760+0800: 59.622: [GC (Allocation Failure) 2022-05-10T17:19:54.760+0800: 59.622: [ParNew: 3414K->10K(153600K), 0.0009593 secs]2022-05-10T17:19:54.762+0800: 59.623: [CMS2022-05-10T17:19:54.799+0800: 59.660: [CMS-concurrent-mark: 0.025/0.039 secs] [Times: user=0.02 sys=0.00, real=0.04 secs] 
 (concurrent mode failure): 207773K->12463K(341376K), 0.1245040 secs] 211188K->12463K(494976K), [Metaspace: 34844K->34844K(1081344K)], 0.1256963 secs] [Times: user=0.09 sys=0.00, real=0.13 secs] 
2022-05-10T17:19:54.886+0800: 59.748: Total time for which application threads were stopped: 0.1260255 seconds, Stopping threads took: 0.0000294 seconds
2022-05-10T17:19:54.907+0800: 59.768: Application time: 0.0201988 seconds
2022-05-10T17:19:54.907+0800: 59.768: [GC (Allocation Failure) 2022-05-10T17:19:54.907+0800: 59.768: [ParNew: 2731K->20K(153600K), 0.0012244 secs]2022-05-10T17:19:54.908+0800: 59.769: [CMS: 207775K->12461K(341376K), 0.0932127 secs] 210507K->12461K(494976K), [Metaspace: 34844K->34844K(1081344K)], 0.0947009 secs] [Times: user=0.09 sys=0.00, real=0.10 secs] 
2022-05-10T17:19:55.002+0800: 59.863: Total time for which application threads were stopped: 0.0950312 seconds, Stopping threads took: 0.0000503 seconds
2022-05-10T17:19:55.002+0800: 59.863: Application time: 0.0000672 seconds
2022-05-10T17:19:55.019+0800: 59.880: [GC (CMS Initial Mark) [1 CMS-initial-mark: 207773K(341376K)] 210505K(494976K), 0.0007921 secs] [Times: user=0.00 sys=0.00, real=0.00 secs] 
2022-05-10T17:19:55.020+0800: 59.881: Total time for which application threads were stopped: 0.0180451 seconds, Stopping threads took: 0.0170834 seconds
2022-05-10T17:19:55.020+0800: 59.881: [CMS-concurrent-mark-start]
2022-05-10T17:19:55.020+0800: 59.881: Application time: 0.0001042 seconds
2022-05-10T17:19:55.020+0800: 59.881: [GC (Allocation Failure) 2022-05-10T17:19:55.020+0800: 59.881: [ParNew: 2731K->8K(153600K), 0.0011745 secs]2022-05-10T17:19:55.021+0800: 59.883: [CMS2022-05-10T17:19:55.048+0800: 59.909: [CMS-concurrent-mark: 0.026/0.028 secs] [Times: user=0.06 sys=0.00, real=0.03 secs] 
 (concurrent mode failure): 207773K->12463K(341376K), 0.0941940 secs] 210505K->12463K(494976K), [Metaspace: 34844K->34844K(1081344K)], 0.0955803 secs] [Times: user=0.13 sys=0.00, real=0.10 secs] 
2022-05-10T17:19:55.116+0800: 59.977: Total time for which application threads were stopped: 0.0958496 seconds, Stopping threads took: 0.0000336 seconds
2022-05-10T17:19:55.133+0800: 59.995: Application time: 0.0181373 seconds
2022-05-10T17:19:55.133+0800: 59.995: [GC (Allocation Failure) 2022-05-10T17:19:55.134+0800: 59.995: [ParNew: 2731K->20K(153600K), 0.0010511 secs]2022-05-10T17:19:55.135+0800: 59.997: [CMS: 207775K->12461K(341376K), 0.0887947 secs] 210507K->12461K(494976K), [Metaspace: 34844K->34844K(1081344K)], 0.0901180 secs] [Times: user=0.08 sys=0.00, real=0.09 secs] 
2022-05-10T17:19:55.224+0800: 60.086: Total time for which application threads were stopped: 0.0904798 seconds, Stopping threads took: 0.0000514 seconds
2022-05-10T17:19:55.224+0800: 60.086: Application time: 0.0000416 seconds
2022-05-10T17:19:55.244+0800: 60.105: [GC (CMS Initial Mark) [1 CMS-initial-mark: 207773K(341376K)] 211188K(494976K), 0.0007597 secs] [Times: user=0.00 sys=0.00, real=0.00 secs] 
2022-05-10T17:19:55.245+0800: 60.106: Total time for which application threads were stopped: 0.0204502 seconds, Stopping threads took: 0.0195294 seconds
2022-05-10T17:19:55.245+0800: 60.106: [CMS-concurrent-mark-start]
2022-05-10T17:19:55.245+0800: 60.106: Application time: 0.0001249 seconds
2022-05-10T17:19:55.245+0800: 60.106: [GC (Allocation Failure) 2022-05-10T17:19:55.245+0800: 60.106: [ParNew: 3414K->10K(153600K), 0.0010342 secs]2022-05-10T17:19:55.246+0800: 60.108: [CMS2022-05-10T17:19:55.281+0800: 60.143: [CMS-concurrent-mark: 0.026/0.037 secs] [Times: user=0.06 sys=0.00, real=0.04 secs] 
 (concurrent mode failure): 207773K->12463K(341376K), 0.1070162 secs] 211188K->12463K(494976K), [Metaspace: 34844K->34844K(1081344K)], 0.1082799 secs] [Times: user=0.14 sys=0.00, real=0.11 secs] 
2022-05-10T17:19:55.353+0800: 60.215: Total time for which application threads were stopped: 0.1086471 seconds, Stopping threads took: 0.0000601 seconds
2022-05-10T17:19:55.374+0800: 60.235: Application time: 0.0198134 seconds
2022-05-10T17:19:55.374+0800: 60.235: [GC (Allocation Failure) 2022-05-10T17:19:55.374+0800: 60.235: [ParNew: 2731K->24K(153600K), 0.0010529 secs]2022-05-10T17:19:55.375+0800: 60.236: [CMS: 207776K->12461K(341376K), 0.0886676 secs] 210507K->12461K(494976K), [Metaspace: 34844K->34844K(1081344K)], 0.0899368 secs] [Times: user=0.09 sys=0.00, real=0.09 secs] 
2022-05-10T17:19:55.464+0800: 60.325: Total time for which application threads were stopped: 0.0902197 seconds, Stopping threads took: 0.0000464 seconds
2022-05-10T17:19:55.464+0800: 60.325: Application time: 0.0000845 seconds
2022-05-10T17:19:55.479+0800: 60.340: [GC (CMS Initial Mark) [1 CMS-initial-mark: 207773K(341376K)] 210505K(494976K), 0.0007944 secs] [Times: user=0.00 sys=0.00, real=0.00 secs] 
2022-05-10T17:19:55.480+0800: 60.341: Total time for which application threads were stopped: 0.0159730 seconds, Stopping threads took: 0.0150120 seconds
2022-05-10T17:19:55.480+0800: 60.341: [CMS-concurrent-mark-start]
2022-05-10T17:19:55.480+0800: 60.341: Application time: 0.0001238 seconds
2022-05-10T17:19:55.480+0800: 60.341: [GC (Allocation Failure) 2022-05-10T17:19:55.480+0800: 60.341: [ParNew: 3414K->8K(153600K), 0.0010881 secs]2022-05-10T17:19:55.481+0800: 60.343: [CMS2022-05-10T17:19:55.515+0800: 60.376: [CMS-concurrent-mark: 0.024/0.035 secs] [Times: user=0.03 sys=0.00, real=0.04 secs] 
 (concurrent mode failure): 207773K->12463K(341376K), 0.1184931 secs] 211188K->12463K(494976K), [Metaspace: 34844K->34844K(1081344K)], 0.1197466 secs] [Times: user=0.11 sys=0.00, real=0.12 secs] 
2022-05-10T17:19:55.600+0800: 60.461: Total time for which application threads were stopped: 0.1200197 seconds, Stopping threads took: 0.0000741 seconds
2022-05-10T17:19:55.621+0800: 60.482: Application time: 0.0205181 seconds
2022-05-10T17:19:55.621+0800: 60.482: [GC (Allocation Failure) 2022-05-10T17:19:55.621+0800: 60.482: [ParNew: 3414K->24K(153600K), 0.0013913 secs]2022-05-10T17:19:55.622+0800: 60.483: [CMS: 207776K->12461K(341376K), 0.1014223 secs] 211190K->12461K(494976K), [Metaspace: 34844K->34844K(1081344K)], 0.1030566 secs] [Times: user=0.09 sys=0.00, real=0.10 secs] 
2022-05-10T17:19:55.724+0800: 60.585: Total time for which application threads were stopped: 0.1033824 seconds, Stopping threads took: 0.0000443 seconds
2022-05-10T17:19:55.724+0800: 60.585: Application time: 0.0003688 seconds
2022-05-10T17:19:55.744+0800: 60.605: [GC (CMS Initial Mark) [1 CMS-initial-mark: 207773K(341376K)] 211871K(494976K), 0.0007263 secs] [Times: user=0.00 sys=0.00, real=0.00 secs] 
2022-05-10T17:19:55.745+0800: 60.606: Total time for which application threads were stopped: 0.0206851 seconds, Stopping threads took: 0.0197979 seconds
2022-05-10T17:19:55.745+0800: 60.606: [CMS-concurrent-mark-start]
2022-05-10T17:19:55.745+0800: 60.606: Application time: 0.0000781 seconds
2022-05-10T17:19:55.745+0800: 60.606: [GC (Allocation Failure) 2022-05-10T17:19:55.745+0800: 60.606: [ParNew: 4097K->10K(153600K), 0.0010009 secs]2022-05-10T17:19:55.746+0800: 60.607: [CMS2022-05-10T17:19:55.781+0800: 60.643: [CMS-concurrent-mark: 0.024/0.037 secs] [Times: user=0.03 sys=0.00, real=0.04 secs] 
 (concurrent mode failure): 207773K->12464K(341376K), 0.1300319 secs] 211871K->12464K(494976K), [Metaspace: 34844K->34844K(1081344K)], 0.1313024 secs] [Times: user=0.13 sys=0.00, real=0.13 secs] 
2022-05-10T17:19:55.877+0800: 60.738: Total time for which application threads were stopped: 0.1316268 seconds, Stopping threads took: 0.0000527 seconds
2022-05-10T17:19:55.896+0800: 60.757: Application time: 0.0191668 seconds
2022-05-10T17:19:55.896+0800: 60.757: [GC (Allocation Failure) 2022-05-10T17:19:55.896+0800: 60.757: [ParNew: 3414K->22K(153600K), 0.0010763 secs]2022-05-10T17:19:55.897+0800: 60.758: [CMS: 207776K->12461K(341376K), 0.0910588 secs] 211190K->12461K(494976K), [Metaspace: 34844K->34844K(1081344K)], 0.0923701 secs] [Times: user=0.09 sys=0.00, real=0.09 secs] 
2022-05-10T17:19:55.988+0800: 60.850: Total time for which application threads were stopped: 0.0926727 seconds, Stopping threads took: 0.0000419 seconds
2022-05-10T17:19:55.989+0800: 60.850: Application time: 0.0000663 seconds
2022-05-10T17:19:56.004+0800: 60.865: [GC (CMS Initial Mark) [1 CMS-initial-mark: 207773K(341376K)] 210505K(494976K), 0.0006907 secs] [Times: user=0.00 sys=0.00, real=0.00 secs] 
2022-05-10T17:19:56.004+0800: 60.866: Total time for which application threads were stopped: 0.0159107 seconds, Stopping threads took: 0.0150886 seconds
2022-05-10T17:19:56.004+0800: 60.866: [CMS-concurrent-mark-start]
2022-05-10T17:19:56.005+0800: 60.866: Application time: 0.0000982 seconds
2022-05-10T17:19:56.005+0800: 60.866: [GC (Allocation Failure) 2022-05-10T17:19:56.005+0800: 60.866: [ParNew: 2731K->6K(153600K), 0.0010989 secs]2022-05-10T17:19:56.006+0800: 60.867: [CMS2022-05-10T17:19:56.031+0800: 60.892: [CMS-concurrent-mark: 0.025/0.026 secs] [Times: user=0.06 sys=0.00, real=0.03 secs] 
 (concurrent mode failure): 207773K->12463K(341376K), 0.1029024 secs] 210505K->12463K(494976K), [Metaspace: 34844K->34844K(1081344K)], 0.1042176 secs] [Times: user=0.14 sys=0.00, real=0.10 secs] 
2022-05-10T17:19:56.109+0800: 60.970: Total time for which application threads were stopped: 0.1044607 seconds, Stopping threads took: 0.0000229 seconds
2022-05-10T17:19:56.128+0800: 60.989: Application time: 0.0191127 seconds
2022-05-10T17:19:56.128+0800: 60.990: [GC (Allocation Failure) 2022-05-10T17:19:56.128+0800: 60.990: [ParNew: 2731K->22K(153600K), 0.0012958 secs]2022-05-10T17:19:56.130+0800: 60.991: [CMS: 207775K->12461K(341376K), 0.0859951 secs] 210507K->12461K(494976K), [Metaspace: 34844K->34844K(1081344K)], 0.0874828 secs] [Times: user=0.09 sys=0.00, real=0.09 secs] 
2022-05-10T17:19:56.215+0800: 61.077: Total time for which application threads were stopped: 0.0877480 seconds, Stopping threads took: 0.0000418 seconds
2022-05-10T17:19:56.216+0800: 61.077: Application time: 0.0000969 seconds
2022-05-10T17:19:56.231+0800: 61.093: [GC (CMS Initial Mark) [1 CMS-initial-mark: 207773K(341376K)] 210505K(494976K), 0.0006690 secs] [Times: user=0.00 sys=0.00, real=0.00 secs] 
2022-05-10T17:19:56.232+0800: 61.094: Total time for which application threads were stopped: 0.0164937 seconds, Stopping threads took: 0.0156752 seconds
2022-05-10T17:19:56.232+0800: 61.094: [CMS-concurrent-mark-start]
2022-05-10T17:19:56.232+0800: 61.094: Application time: 0.0001118 seconds
2022-05-10T17:19:56.232+0800: 61.094: [GC (Allocation Failure) 2022-05-10T17:19:56.232+0800: 61.094: [ParNew: 2731K->10K(153600K), 0.0012078 secs]2022-05-10T17:19:56.234+0800: 61.095: [CMS2022-05-10T17:19:56.263+0800: 61.125: [CMS-concurrent-mark: 0.022/0.031 secs] [Times: user=0.03 sys=0.00, real=0.03 secs] 
 (concurrent mode failure): 207773K->12465K(341376K), 0.1034575 secs] 210505K->12465K(494976K), [Metaspace: 34844K->34844K(1081344K)], 0.1048707 secs] [Times: user=0.11 sys=0.00, real=0.10 secs] 
2022-05-10T17:19:56.337+0800: 61.199: Total time for which application threads were stopped: 0.1051434 seconds, Stopping threads took: 0.0000482 seconds
2022-05-10T17:19:56.357+0800: 61.219: Application time: 0.0201661 seconds
2022-05-10T17:19:56.357+0800: 61.219: [GC (Allocation Failure) 2022-05-10T17:19:56.358+0800: 61.219: [ParNew: 4302K->20K(153600K), 0.0013874 secs]2022-05-10T17:19:56.360+0800: 61.221: [CMS: 207778K->12461K(341376K), 0.0908275 secs] 212080K->12461K(494976K), [Metaspace: 34885K->34885K(1081344K)], 0.0924771 secs] [Times: user=0.09 sys=0.00, real=0.09 secs] 
2022-05-10T17:19:56.450+0800: 61.312: Total time for which application threads were stopped: 0.0928234 seconds, Stopping threads took: 0.0000491 seconds
2022-05-10T17:19:56.451+0800: 61.312: Application time: 0.0000664 seconds
2022-05-10T17:19:56.465+0800: 61.326: [GC (CMS Initial Mark) [1 CMS-initial-mark: 207773K(341376K)] 210505K(494976K), 0.0007306 secs] [Times: user=0.00 sys=0.00, real=0.00 secs] 
2022-05-10T17:19:56.466+0800: 61.327: Total time for which application threads were stopped: 0.0151666 seconds, Stopping threads took: 0.0142926 seconds
2022-05-10T17:19:56.466+0800: 61.327: [CMS-concurrent-mark-start]
2022-05-10T17:19:56.466+0800: 61.327: Application time: 0.0000879 seconds
2022-05-10T17:19:56.466+0800: 61.327: [GC (Allocation Failure) 2022-05-10T17:19:56.466+0800: 61.328: [ParNew: 2731K->8K(153600K), 0.0012020 secs]2022-05-10T17:19:56.468+0800: 61.329: [CMS2022-05-10T17:19:56.500+0800: 61.362: [CMS-concurrent-mark: 0.025/0.034 secs] [Times: user=0.06 sys=0.00, real=0.03 secs] 
 (concurrent mode failure): 207773K->12463K(341376K), 0.1180216 secs] 210505K->12463K(494976K), [Metaspace: 34885K->34885K(1081344K)], 0.1194393 secs] [Times: user=0.14 sys=0.00, real=0.12 secs] 
2022-05-10T17:19:56.586+0800: 61.447: Total time for which application threads were stopped: 0.1197768 seconds, Stopping threads took: 0.0000435 seconds
2022-05-10T17:19:56.605+0800: 61.466: Application time: 0.0192722 seconds
2022-05-10T17:19:56.605+0800: 61.467: [GC (Allocation Failure) 2022-05-10T17:19:56.605+0800: 61.467: [ParNew: 2731K->22K(153600K), 0.0016455 secs]2022-05-10T17:19:56.607+0800: 61.468: [CMS: 207775K->12461K(341376K), 0.0902027 secs] 210507K->12461K(494976K), [Metaspace: 34885K->34885K(1081344K)], 0.0920841 secs] [Times: user=0.09 sys=0.00, real=0.09 secs] 
2022-05-10T17:19:56.697+0800: 61.559: Total time for which application threads were stopped: 0.0924031 seconds, Stopping threads took: 0.0000418 seconds
2022-05-10T17:19:56.697+0800: 61.559: Application time: 0.0000599 seconds
2022-05-10T17:19:56.716+0800: 61.577: [GC (CMS Initial Mark) [1 CMS-initial-mark: 207773K(341376K)] 210505K(494976K), 0.0006759 secs] [Times: user=0.00 sys=0.00, real=0.00 secs] 
2022-05-10T17:19:56.717+0800: 61.578: Total time for which application threads were stopped: 0.0192162 seconds, Stopping threads took: 0.0184007 seconds
2022-05-10T17:19:56.717+0800: 61.578: [CMS-concurrent-mark-start]
2022-05-10T17:19:56.717+0800: 61.578: Application time: 0.0000735 seconds
2022-05-10T17:19:56.717+0800: 61.578: [GC (Allocation Failure) 2022-05-10T17:19:56.717+0800: 61.578: [ParNew: 2731K->10K(153600K), 0.0010950 secs]2022-05-10T17:19:56.718+0800: 61.579: [CMS2022-05-10T17:19:56.750+0800: 61.611: [CMS-concurrent-mark: 0.023/0.033 secs] [Times: user=0.03 sys=0.00, real=0.03 secs] 
 (concurrent mode failure): 207773K->12464K(341376K), 0.1159231 secs] 210505K->12464K(494976K), [Metaspace: 34885K->34885K(1081344K)], 0.1172179 secs] [Times: user=0.11 sys=0.00, real=0.12 secs] 
2022-05-10T17:19:56.835+0800: 61.696: Total time for which application threads were stopped: 0.1175060 seconds, Stopping threads took: 0.0000572 seconds
2022-05-10T17:19:56.852+0800: 61.714: Application time: 0.0178463 seconds
2022-05-10T17:19:56.852+0800: 61.714: [GC (Allocation Failure) 2022-05-10T17:19:56.852+0800: 61.714: [ParNew: 4097K->22K(153600K), 0.0014638 secs]2022-05-10T17:19:56.854+0800: 61.715: [CMS: 207776K->12461K(341376K), 0.0923029 secs] 211873K->12461K(494976K), [Metaspace: 34885K->34885K(1081344K)], 0.0940166 secs] [Times: user=0.09 sys=0.00, real=0.10 secs] 
2022-05-10T17:19:56.947+0800: 61.808: Total time for which application threads were stopped: 0.0942982 seconds, Stopping threads took: 0.0000413 seconds
2022-05-10T17:19:56.947+0800: 61.808: Application time: 0.0001009 seconds
2022-05-10T17:19:56.964+0800: 61.825: [GC (CMS Initial Mark) [1 CMS-initial-mark: 207773K(341376K)] 211188K(494976K), 0.0007906 secs] [Times: user=0.00 sys=0.00, real=0.00 secs] 
2022-05-10T17:19:56.964+0800: 61.826: Total time for which application threads were stopped: 0.0175850 seconds, Stopping threads took: 0.0166269 seconds
2022-05-10T17:19:56.964+0800: 61.826: [CMS-concurrent-mark-start]
2022-05-10T17:19:56.964+0800: 61.826: Application time: 0.0000931 seconds
2022-05-10T17:19:56.964+0800: 61.826: [GC (Allocation Failure) 2022-05-10T17:19:56.964+0800: 61.826: [ParNew: 3414K->8K(153600K), 0.0010314 secs]2022-05-10T17:19:56.966+0800: 61.827: [CMS2022-05-10T17:19:57.005+0800: 61.867: [CMS-concurrent-mark: 0.026/0.041 secs] [Times: user=0.03 sys=0.00, real=0.04 secs] 
 (concurrent mode failure): 207773K->12464K(341376K), 0.1235715 secs] 211188K->12464K(494976K), [Metaspace: 34885K->34885K(1081344K)], 0.1247883 secs] [Times: user=0.13 sys=0.00, real=0.13 secs] 
2022-05-10T17:19:57.089+0800: 61.951: Total time for which application threads were stopped: 0.1250734 seconds, Stopping threads took: 0.0000669 seconds
2022-05-10T17:19:57.109+0800: 61.970: Application time: 0.0195165 seconds
2022-05-10T17:19:57.109+0800: 61.970: [GC (Allocation Failure) 2022-05-10T17:19:57.109+0800: 61.971: [ParNew: 2731K->20K(153600K), 0.0018973 secs]2022-05-10T17:19:57.111+0800: 61.972: [CMS: 207777K->12461K(341376K), 0.0900469 secs] 210508K->12461K(494976K), [Metaspace: 34885K->34885K(1081344K)], 0.0922235 secs] [Times: user=0.09 sys=0.00, real=0.09 secs] 
2022-05-10T17:19:57.202+0800: 62.063: Total time for which application threads were stopped: 0.0925590 seconds, Stopping threads took: 0.0000427 seconds
2022-05-10T17:19:57.202+0800: 62.063: Application time: 0.0000775 seconds
2022-05-10T17:19:57.217+0800: 62.078: [GC (CMS Initial Mark) [1 CMS-initial-mark: 207773K(341376K)] 210505K(494976K), 0.0007090 secs] [Times: user=0.00 sys=0.00, real=0.00 secs] 
2022-05-10T17:19:57.218+0800: 62.079: Total time for which application threads were stopped: 0.0158000 seconds, Stopping threads took: 0.0149200 seconds
2022-05-10T17:19:57.218+0800: 62.079: [CMS-concurrent-mark-start]
2022-05-10T17:19:57.218+0800: 62.079: Application time: 0.0001167 seconds
2022-05-10T17:19:57.218+0800: 62.079: [GC (Allocation Failure) 2022-05-10T17:19:57.218+0800: 62.079: [ParNew: 2731K->6K(153600K), 0.0010083 secs]2022-05-10T17:19:57.219+0800: 62.080: [CMS2022-05-10T17:19:57.259+0800: 62.120: [CMS-concurrent-mark: 0.027/0.042 secs] [Times: user=0.06 sys=0.00, real=0.04 secs] 
 (concurrent mode failure): 207773K->12466K(341376K), 0.1155776 secs] 210505K->12466K(494976K), [Metaspace: 34885K->34885K(1081344K)], 0.1168001 secs] [Times: user=0.13 sys=0.00, real=0.12 secs] 
2022-05-10T17:19:57.335+0800: 62.196: Total time for which application threads were stopped: 0.1171173 seconds, Stopping threads took: 0.0000561 seconds
2022-05-10T17:19:57.353+0800: 62.214: Application time: 0.0179026 seconds
2022-05-10T17:19:57.353+0800: 62.214: [GC (Allocation Failure) 2022-05-10T17:19:57.353+0800: 62.214: [ParNew: 3414K->20K(153600K), 0.0010166 secs]2022-05-10T17:19:57.354+0800: 62.215: [CMS: 207778K->12461K(341376K), 0.0842922 secs] 211192K->12461K(494976K), [Metaspace: 34885K->34885K(1081344K)], 0.0855391 secs] [Times: user=0.08 sys=0.00, real=0.09 secs] 
2022-05-10T17:19:57.439+0800: 62.300: Total time for which application threads were stopped: 0.0858507 seconds, Stopping threads took: 0.0000385 seconds
2022-05-10T17:19:57.439+0800: 62.300: Application time: 0.0000880 seconds
2022-05-10T17:19:57.457+0800: 62.318: [GC (CMS Initial Mark) [1 CMS-initial-mark: 207773K(341376K)] 210505K(494976K), 0.0007569 secs] [Times: user=0.00 sys=0.00, real=0.00 secs] 
2022-05-10T17:19:57.458+0800: 62.319: Total time for which application threads were stopped: 0.0192659 seconds, Stopping threads took: 0.0183738 seconds
2022-05-10T17:19:57.458+0800: 62.319: [CMS-concurrent-mark-start]
2022-05-10T17:19:57.458+0800: 62.319: Application time: 0.0001317 seconds
2022-05-10T17:19:57.458+0800: 62.319: [GC (Allocation Failure) 2022-05-10T17:19:57.458+0800: 62.319: [ParNew: 2731K->10K(153600K), 0.0010487 secs]2022-05-10T17:19:57.459+0800: 62.320: [CMS2022-05-10T17:19:57.495+0800: 62.357: [CMS-concurrent-mark: 0.027/0.038 secs] [Times: user=0.06 sys=0.00, real=0.04 secs] 
 (concurrent mode failure): 207773K->12465K(341376K), 0.1214960 secs] 210505K->12465K(494976K), [Metaspace: 34885K->34885K(1081344K)], 0.1227180 secs] [Times: user=0.14 sys=0.00, real=0.12 secs] 
2022-05-10T17:19:57.580+0800: 62.442: Total time for which application threads were stopped: 0.1229874 seconds, Stopping threads took: 0.0000553 seconds
2022-05-10T17:19:57.600+0800: 62.461: Application time: 0.0190263 seconds
2022-05-10T17:19:57.600+0800: 62.461: [GC (Allocation Failure) 2022-05-10T17:19:57.600+0800: 62.461: [ParNew: 2731K->22K(153600K), 0.0010761 secs]2022-05-10T17:19:57.601+0800: 62.463: [CMS: 207778K->12461K(341376K), 0.0886942 secs] 210509K->12461K(494976K), [Metaspace: 34885K->34885K(1081344K)], 0.0900145 secs] [Times: user=0.06 sys=0.01, real=0.09 secs] 
2022-05-10T17:19:57.690+0800: 62.552: Total time for which application threads were stopped: 0.0903312 seconds, Stopping threads took: 0.0000431 seconds
2022-05-10T17:19:57.690+0800: 62.552: Application time: 0.0000494 seconds
2022-05-10T17:19:57.706+0800: 62.568: [GC (CMS Initial Mark) [1 CMS-initial-mark: 207773K(341376K)] 210505K(494976K), 0.0007152 secs] [Times: user=0.00 sys=0.00, real=0.00 secs] 
2022-05-10T17:19:57.707+0800: 62.569: Total time for which application threads were stopped: 0.0171527 seconds, Stopping threads took: 0.0162888 seconds
2022-05-10T17:19:57.707+0800: 62.569: [CMS-concurrent-mark-start]
2022-05-10T17:19:57.707+0800: 62.569: Application time: 0.0000870 seconds
2022-05-10T17:19:57.707+0800: 62.569: [GC (Allocation Failure) 2022-05-10T17:19:57.707+0800: 62.569: [ParNew: 2731K->8K(153600K), 0.0014396 secs]2022-05-10T17:19:57.709+0800: 62.571: [CMS2022-05-10T17:19:57.745+0800: 62.607: [CMS-concurrent-mark: 0.024/0.038 secs] [Times: user=0.06 sys=0.00, real=0.04 secs] 
 (concurrent mode failure): 207773K->12463K(341376K), 0.1202521 secs] 210505K->12463K(494976K), [Metaspace: 34885K->34885K(1081344K)], 0.1219238 secs] [Times: user=0.14 sys=0.00, real=0.12 secs] 
2022-05-10T17:19:57.830+0800: 62.691: Total time for which application threads were stopped: 0.1222208 seconds, Stopping threads took: 0.0000478 seconds
2022-05-10T17:19:57.845+0800: 62.707: Application time: 0.0157997 seconds
2022-05-10T17:19:57.846+0800: 62.707: [GC (Allocation Failure) 2022-05-10T17:19:57.846+0800: 62.707: [ParNew: 2731K->24K(153600K), 0.0009591 secs]2022-05-10T17:19:57.847+0800: 62.708: [CMS: 207775K->12461K(341376K), 0.0940754 secs] 210507K->12461K(494976K), [Metaspace: 34885K->34885K(1081344K)], 0.0952698 secs] [Times: user=0.09 sys=0.00, real=0.10 secs] 
2022-05-10T17:19:57.941+0800: 62.802: Total time for which application threads were stopped: 0.0955843 seconds, Stopping threads took: 0.0000396 seconds
2022-05-10T17:19:57.941+0800: 62.803: Application time: 0.0000664 seconds
2022-05-10T17:19:57.961+0800: 62.823: [GC (CMS Initial Mark) [1 CMS-initial-mark: 207773K(341376K)] 211871K(494976K), 0.0006836 secs] [Times: user=0.00 sys=0.00, real=0.00 secs] 
2022-05-10T17:19:57.962+0800: 62.823: Total time for which application threads were stopped: 0.0208151 seconds, Stopping threads took: 0.0199830 seconds
2022-05-10T17:19:57.962+0800: 62.823: [CMS-concurrent-mark-start]
2022-05-10T17:19:57.962+0800: 62.823: Application time: 0.0000751 seconds
2022-05-10T17:19:57.962+0800: 62.824: [GC (Allocation Failure) 2022-05-10T17:19:57.962+0800: 62.824: [ParNew: 4097K->6K(153600K), 0.0011343 secs]2022-05-10T17:19:57.964+0800: 62.825: [CMS2022-05-10T17:19:57.997+0800: 62.859: [CMS-concurrent-mark: 0.025/0.035 secs] [Times: user=0.06 sys=0.00, real=0.04 secs] 
 (concurrent mode failure): 207773K->12462K(341376K), 0.1118375 secs] 211871K->12462K(494976K), [Metaspace: 34885K->34885K(1081344K)], 0.1131860 secs] [Times: user=0.14 sys=0.00, real=0.11 secs] 
2022-05-10T17:19:58.076+0800: 62.937: Total time for which application threads were stopped: 0.1134475 seconds, Stopping threads took: 0.0000334 seconds
2022-05-10T17:19:58.094+0800: 62.956: Application time: 0.0186261 seconds
2022-05-10T17:19:58.094+0800: 62.956: [GC (Allocation Failure) 2022-05-10T17:19:58.094+0800: 62.956: [ParNew: 3414K->14K(153600K), 0.0012054 secs]2022-05-10T17:19:58.096+0800: 62.957: [CMS: 207775K->12461K(341376K), 0.0795594 secs] 211189K->12461K(494976K), [Metaspace: 34885K->34885K(1081344K)], 0.0810284 secs] [Times: user=0.08 sys=0.00, real=0.08 secs] 
2022-05-10T17:19:58.176+0800: 63.037: Total time for which application threads were stopped: 0.0813156 seconds, Stopping threads took: 0.0000350 seconds
2022-05-10T17:19:58.176+0800: 63.037: Application time: 0.0000775 seconds
2022-05-10T17:19:58.191+0800: 63.053: [GC (CMS Initial Mark) [1 CMS-initial-mark: 207773K(341376K)] 210505K(494976K), 0.0006513 secs] [Times: user=0.00 sys=0.00, real=0.00 secs] 
2022-05-10T17:19:58.192+0800: 63.054: Total time for which application threads were stopped: 0.0166518 seconds, Stopping threads took: 0.0158366 seconds
2022-05-10T17:19:58.192+0800: 63.054: [CMS-concurrent-mark-start]
2022-05-10T17:19:58.192+0800: 63.054: Application time: 0.0000812 seconds
2022-05-10T17:19:58.192+0800: 63.054: [GC (Allocation Failure) 2022-05-10T17:19:58.192+0800: 63.054: [ParNew: 2731K->10K(153600K), 0.0009795 secs]2022-05-10T17:19:58.194+0800: 63.055: [CMS2022-05-10T17:19:58.230+0800: 63.092: [CMS-concurrent-mark: 0.024/0.038 secs] [Times: user=0.05 sys=0.00, real=0.04 secs] 
 (concurrent mode failure): 207773K->12463K(341376K), 0.1180176 secs] 210505K->12463K(494976K), [Metaspace: 34885K->34885K(1081344K)], 0.1192065 secs] [Times: user=0.13 sys=0.00, real=0.12 secs] 
2022-05-10T17:19:58.312+0800: 63.173: Total time for which application threads were stopped: 0.1194726 seconds, Stopping threads took: 0.0000283 seconds
2022-05-10T17:19:58.332+0800: 63.193: Application time: 0.0200893 seconds
2022-05-10T17:19:58.332+0800: 63.193: [GC (Allocation Failure) 2022-05-10T17:19:58.332+0800: 63.193: [ParNew: 2731K->24K(153600K), 0.0009653 secs]2022-05-10T17:19:58.333+0800: 63.194: [CMS: 207775K->12461K(341376K), 0.0822965 secs] 210507K->12461K(494976K), [Metaspace: 34885K->34885K(1081344K)], 0.0835149 secs] [Times: user=0.08 sys=0.00, real=0.08 secs] 
2022-05-10T17:19:58.416+0800: 63.277: Total time for which application threads were stopped: 0.0838048 seconds, Stopping threads took: 0.0000424 seconds
2022-05-10T17:19:58.416+0800: 63.277: Application time: 0.0000729 seconds
2022-05-10T17:19:58.433+0800: 63.294: [GC (CMS Initial Mark) [1 CMS-initial-mark: 207773K(341376K)] 211188K(494976K), 0.0006975 secs] [Times: user=0.00 sys=0.00, real=0.00 secs] 
2022-05-10T17:19:58.434+0800: 63.295: Total time for which application threads were stopped: 0.0180194 seconds, Stopping threads took: 0.0171716 seconds
2022-05-10T17:19:58.434+0800: 63.295: [CMS-concurrent-mark-start]
2022-05-10T17:19:58.434+0800: 63.295: Application time: 0.0000809 seconds
2022-05-10T17:19:58.434+0800: 63.295: [GC (Allocation Failure) 2022-05-10T17:19:58.434+0800: 63.295: [ParNew: 3414K->12K(153600K), 0.0009307 secs]2022-05-10T17:19:58.435+0800: 63.296: [CMS2022-05-10T17:19:58.469+0800: 63.330: [CMS-concurrent-mark: 0.024/0.035 secs] [Times: user=0.06 sys=0.00, real=0.04 secs] 
 (concurrent mode failure): 207773K->12463K(341376K), 0.1165291 secs] 211188K->12463K(494976K), [Metaspace: 34885K->34885K(1081344K)], 0.1176800 secs] [Times: user=0.14 sys=0.00, real=0.12 secs] 
2022-05-10T17:19:58.552+0800: 63.413: Total time for which application threads were stopped: 0.1179251 seconds, Stopping threads took: 0.0000295 seconds
2022-05-10T17:19:58.573+0800: 63.434: Application time: 0.0207552 seconds
2022-05-10T17:19:58.573+0800: 63.434: [GC (Allocation Failure) 2022-05-10T17:19:58.573+0800: 63.434: [ParNew: 2731K->20K(153600K), 0.0011035 secs]2022-05-10T17:19:58.574+0800: 63.435: [CMS: 207775K->12461K(341376K), 0.0928532 secs] 210507K->12461K(494976K), [Metaspace: 34885K->34885K(1081344K)], 0.0941285 secs] [Times: user=0.09 sys=0.00, real=0.09 secs] 
2022-05-10T17:19:58.667+0800: 63.528: Total time for which application threads were stopped: 0.0943925 seconds, Stopping threads took: 0.0000360 seconds
2022-05-10T17:19:58.667+0800: 63.528: Application time: 0.0000641 seconds
2022-05-10T17:19:58.683+0800: 63.545: [GC (CMS Initial Mark) [1 CMS-initial-mark: 207773K(341376K)] 210505K(494976K), 0.0009870 secs] [Times: user=0.00 sys=0.00, real=0.00 secs] 
2022-05-10T17:19:58.684+0800: 63.546: Total time for which application threads were stopped: 0.0172310 seconds, Stopping threads took: 0.0160322 seconds
2022-05-10T17:19:58.684+0800: 63.546: [CMS-concurrent-mark-start]
2022-05-10T17:19:58.685+0800: 63.546: Application time: 0.0001038 seconds
2022-05-10T17:19:58.685+0800: 63.546: [GC (Allocation Failure) 2022-05-10T17:19:58.685+0800: 63.546: [ParNew: 2731K->4K(153600K), 0.0010821 secs]2022-05-10T17:19:58.686+0800: 63.547: [CMS2022-05-10T17:19:58.718+0800: 63.579: [CMS-concurrent-mark: 0.024/0.033 secs] [Times: user=0.06 sys=0.00, real=0.03 secs] 
 (concurrent mode failure): 207773K->12463K(341376K), 0.1135426 secs] 210505K->12463K(494976K), [Metaspace: 34885K->34885K(1081344K)], 0.1148348 secs] [Times: user=0.13 sys=0.00, real=0.11 secs] 
2022-05-10T17:19:58.799+0800: 63.661: Total time for which application threads were stopped: 0.1151006 seconds, Stopping threads took: 0.0000323 seconds
2022-05-10T17:19:58.818+0800: 63.680: Application time: 0.0188443 seconds
2022-05-10T17:19:58.818+0800: 63.680: [GC (Allocation Failure) 2022-05-10T17:19:58.818+0800: 63.680: [ParNew: 2731K->22K(153600K), 0.0010520 secs]2022-05-10T17:19:58.820+0800: 63.681: [CMS: 207775K->12461K(341376K), 0.0938677 secs] 210507K->12461K(494976K), [Metaspace: 34885K->34885K(1081344K)], 0.0951711 secs] [Times: user=0.14 sys=0.00, real=0.10 secs] 
2022-05-10T17:19:58.913+0800: 63.775: Total time for which application threads were stopped: 0.0954945 seconds, Stopping threads took: 0.0000388 seconds
2022-05-10T17:19:58.914+0800: 63.775: Application time: 0.0000694 seconds
2022-05-10T17:19:58.933+0800: 63.795: [GC (CMS Initial Mark) [1 CMS-initial-mark: 207773K(341376K)] 210505K(494976K), 0.0007209 secs] [Times: user=0.00 sys=0.00, real=0.00 secs] 
2022-05-10T17:19:58.934+0800: 63.796: Total time for which application threads were stopped: 0.0204063 seconds, Stopping threads took: 0.0195450 seconds
2022-05-10T17:19:58.934+0800: 63.796: [CMS-concurrent-mark-start]
2022-05-10T17:19:58.934+0800: 63.796: Application time: 0.0000853 seconds
2022-05-10T17:19:58.934+0800: 63.796: [GC (Allocation Failure) 2022-05-10T17:19:58.934+0800: 63.796: [ParNew: 2731K->4K(153600K), 0.0010218 secs]2022-05-10T17:19:58.936+0800: 63.797: [CMS2022-05-10T17:19:58.968+0800: 63.829: [CMS-concurrent-mark: 0.024/0.034 secs] [Times: user=0.06 sys=0.00, real=0.03 secs] 
 (concurrent mode failure): 207773K->12463K(341376K), 0.1196761 secs] 210505K->12463K(494976K), [Metaspace: 34885K->34885K(1081344K)], 0.1208679 secs] [Times: user=0.16 sys=0.00, real=0.12 secs] 
2022-05-10T17:19:59.055+0800: 63.917: Total time for which application threads were stopped: 0.1211048 seconds, Stopping threads took: 0.0000327 seconds
2022-05-10T17:19:59.074+0800: 63.935: Application time: 0.0183801 seconds
2022-05-10T17:19:59.074+0800: 63.935: [GC (Allocation Failure) 2022-05-10T17:19:59.074+0800: 63.935: [ParNew: 4097K->24K(153600K), 0.0011595 secs]2022-05-10T17:19:59.076+0800: 63.937: [CMS: 207775K->12461K(341376K), 0.0831139 secs] 211873K->12461K(494976K), [Metaspace: 34885K->34885K(1081344K)], 0.0845089 secs] [Times: user=0.08 sys=0.00, real=0.08 secs] 
2022-05-10T17:19:59.158+0800: 64.020: Total time for which application threads were stopped: 0.0848062 seconds, Stopping threads took: 0.0000417 seconds
2022-05-10T17:19:59.159+0800: 64.020: Application time: 0.0000619 seconds
2022-05-10T17:19:59.173+0800: 64.035: [GC (CMS Initial Mark) [1 CMS-initial-mark: 207773K(341376K)] 211188K(494976K), 0.0006548 secs] [Times: user=0.00 sys=0.00, real=0.00 secs] 
2022-05-10T17:19:59.174+0800: 64.035: Total time for which application threads were stopped: 0.0151250 seconds, Stopping threads took: 0.0143464 seconds
2022-05-10T17:19:59.174+0800: 64.035: [CMS-concurrent-mark-start]
2022-05-10T17:19:59.174+0800: 64.035: Application time: 0.0000785 seconds
2022-05-10T17:19:59.174+0800: 64.035: [GC (Allocation Failure) 2022-05-10T17:19:59.174+0800: 64.035: [ParNew: 3414K->8K(153600K), 0.0011319 secs]2022-05-10T17:19:59.176+0800: 64.037: [CMS2022-05-10T17:19:59.200+0800: 64.061: [CMS-concurrent-mark: 0.023/0.026 secs] [Times: user=0.06 sys=0.00, real=0.03 secs] 
 (concurrent mode failure): 207773K->12463K(341376K), 0.1003132 secs] 211188K->12463K(494976K), [Metaspace: 34885K->34885K(1081344K)], 0.1016427 secs] [Times: user=0.14 sys=0.00, real=0.10 secs] 
2022-05-10T17:19:59.276+0800: 64.137: Total time for which application threads were stopped: 0.1018945 seconds, Stopping threads took: 0.0000357 seconds
2022-05-10T17:19:59.294+0800: 64.155: Application time: 0.0178343 seconds
2022-05-10T17:19:59.294+0800: 64.155: [GC (Allocation Failure) 2022-05-10T17:19:59.294+0800: 64.155: [ParNew: 2731K->22K(153600K), 0.0015132 secs]2022-05-10T17:19:59.296+0800: 64.157: [CMS: 207775K->12461K(341376K), 0.0790447 secs] 210507K->12461K(494976K), [Metaspace: 34885K->34885K(1081344K)], 0.0807949 secs] [Times: user=0.08 sys=0.00, real=0.08 secs] 
2022-05-10T17:19:59.375+0800: 64.236: Total time for which application threads were stopped: 0.0810513 seconds, Stopping threads took: 0.0000430 seconds
2022-05-10T17:19:59.375+0800: 64.236: Application time: 0.0001121 seconds
2022-05-10T17:19:59.391+0800: 64.253: [GC (CMS Initial Mark) [1 CMS-initial-mark: 207773K(341376K)] 210505K(494976K), 0.0006560 secs] [Times: user=0.00 sys=0.00, real=0.00 secs] 
2022-05-10T17:19:59.392+0800: 64.254: Total time for which application threads were stopped: 0.0174589 seconds, Stopping threads took: 0.0166587 seconds
2022-05-10T17:19:59.392+0800: 64.254: [CMS-concurrent-mark-start]
2022-05-10T17:19:59.392+0800: 64.254: Application time: 0.0000959 seconds
2022-05-10T17:19:59.392+0800: 64.254: [GC (Allocation Failure) 2022-05-10T17:19:59.392+0800: 64.254: [ParNew: 2731K->12K(153600K), 0.0010872 secs]2022-05-10T17:19:59.394+0800: 64.255: [CMS2022-05-10T17:19:59.417+0800: 64.279: [CMS-concurrent-mark: 0.022/0.025 secs] [Times: user=0.05 sys=0.00, real=0.03 secs] 
 (concurrent mode failure): 207773K->12463K(341376K), 0.0916665 secs] 210505K->12463K(494976K), [Metaspace: 34885K->34885K(1081344K)], 0.0929133 secs] [Times: user=0.11 sys=0.00, real=0.09 secs] 
2022-05-10T17:19:59.485+0800: 64.347: Total time for which application threads were stopped: 0.0931148 seconds, Stopping threads took: 0.0000240 seconds
2022-05-10T17:19:59.503+0800: 64.365: Application time: 0.0181657 seconds
2022-05-10T17:19:59.504+0800: 64.365: [GC (Allocation Failure) 2022-05-10T17:19:59.504+0800: 64.365: [ParNew: 3414K->26K(153600K), 0.0013793 secs]2022-05-10T17:19:59.505+0800: 64.367: [CMS: 207775K->12461K(341376K), 0.1015959 secs] 211190K->12461K(494976K), [Metaspace: 34885K->34885K(1081344K)], 0.1032295 secs] [Times: user=0.11 sys=0.00, real=0.10 secs] 
2022-05-10T17:19:59.607+0800: 64.469: Total time for which application threads were stopped: 0.1035557 seconds, Stopping threads took: 0.0000450 seconds
2022-05-10T17:19:59.608+0800: 64.469: Application time: 0.0000655 seconds
2022-05-10T17:19:59.627+0800: 64.488: [GC (CMS Initial Mark) [1 CMS-initial-mark: 207773K(341376K)] 210505K(494976K), 0.0010603 secs] [Times: user=0.00 sys=0.00, real=0.00 secs] 
2022-05-10T17:19:59.628+0800: 64.490: Total time for which application threads were stopped: 0.0209645 seconds, Stopping threads took: 0.0196158 seconds
2022-05-10T17:19:59.628+0800: 64.490: [CMS-concurrent-mark-start]
2022-05-10T17:19:59.628+0800: 64.490: Application time: 0.0001350 seconds
2022-05-10T17:19:59.628+0800: 64.490: [GC (Allocation Failure) 2022-05-10T17:19:59.629+0800: 64.490: [ParNew: 2731K->6K(153600K), 0.0013489 secs]2022-05-10T17:19:59.630+0800: 64.491: [CMS2022-05-10T17:19:59.656+0800: 64.517: [CMS-concurrent-mark: 0.026/0.028 secs] [Times: user=0.06 sys=0.00, real=0.03 secs] 
 (concurrent mode failure): 207773K->12463K(341376K), 0.1093771 secs] 210505K->12463K(494976K), [Metaspace: 34885K->34885K(1081344K)], 0.1109683 secs] [Times: user=0.14 sys=0.00, real=0.11 secs] 
2022-05-10T17:19:59.739+0800: 64.601: Total time for which application threads were stopped: 0.1112738 seconds, Stopping threads took: 0.0000475 seconds
2022-05-10T17:19:59.759+0800: 64.620: Application time: 0.0186538 seconds
2022-05-10T17:19:59.759+0800: 64.620: [GC (Allocation Failure) 2022-05-10T17:19:59.759+0800: 64.620: [ParNew: 2731K->20K(153600K), 0.0012878 secs]2022-05-10T17:19:59.760+0800: 64.621: [CMS: 207775K->12461K(341376K), 0.0897168 secs] 210507K->12461K(494976K), [Metaspace: 34885K->34885K(1081344K)], 0.0912201 secs] [Times: user=0.08 sys=0.00, real=0.09 secs] 
2022-05-10T17:19:59.850+0800: 64.711: Total time for which application threads were stopped: 0.0915622 seconds, Stopping threads took: 0.0000483 seconds
2022-05-10T17:19:59.850+0800: 64.711: Application time: 0.0000779 seconds
2022-05-10T17:19:59.869+0800: 64.730: [GC (CMS Initial Mark) [1 CMS-initial-mark: 207773K(341376K)] 210505K(494976K), 0.0007368 secs] [Times: user=0.00 sys=0.00, real=0.00 secs] 
2022-05-10T17:19:59.870+0800: 64.731: Total time for which application threads were stopped: 0.0198097 seconds, Stopping threads took: 0.0189524 seconds
2022-05-10T17:19:59.870+0800: 64.731: [CMS-concurrent-mark-start]
2022-05-10T17:19:59.870+0800: 64.731: Application time: 0.0000826 seconds
2022-05-10T17:19:59.870+0800: 64.731: [GC (Allocation Failure) 2022-05-10T17:19:59.870+0800: 64.731: [ParNew: 2731K->8K(153600K), 0.0010779 secs]2022-05-10T17:19:59.871+0800: 64.733: [CMS2022-05-10T17:19:59.905+0800: 64.766: [CMS-concurrent-mark: 0.024/0.035 secs] [Times: user=0.06 sys=0.00, real=0.04 secs] 
 (concurrent mode failure): 207773K->12463K(341376K), 0.1218412 secs] 210505K->12463K(494976K), [Metaspace: 34885K->34885K(1081344K)], 0.1231327 secs] [Times: user=0.16 sys=0.00, real=0.12 secs] 
2022-05-10T17:19:59.993+0800: 64.855: Total time for which application threads were stopped: 0.1234191 seconds, Stopping threads took: 0.0000389 seconds
2022-05-10T17:20:00.012+0800: 64.874: Application time: 0.0190026 seconds
2022-05-10T17:20:00.012+0800: 64.874: [GC (Allocation Failure) 2022-05-10T17:20:00.012+0800: 64.874: [ParNew: 2731K->22K(153600K), 0.0020428 secs]2022-05-10T17:20:00.015+0800: 64.876: [CMS: 207775K->12461K(341376K), 0.0926312 secs] 210507K->12461K(494976K), [Metaspace: 34885K->34885K(1081344K)], 0.0949509 secs] [Times: user=0.09 sys=0.00, real=0.10 secs] 
2022-05-10T17:20:00.107+0800: 64.969: Total time for which application threads were stopped: 0.0952728 seconds, Stopping threads took: 0.0000536 seconds
2022-05-10T17:20:00.108+0800: 64.969: Application time: 0.0000789 seconds
2022-05-10T17:20:00.127+0800: 64.988: [GC (CMS Initial Mark) [1 CMS-initial-mark: 207773K(341376K)] 211871K(494976K), 0.0007659 secs] [Times: user=0.00 sys=0.00, real=0.00 secs] 
2022-05-10T17:20:00.127+0800: 64.989: Total time for which application threads were stopped: 0.0198043 seconds, Stopping threads took: 0.0188823 seconds
2022-05-10T17:20:00.127+0800: 64.989: [CMS-concurrent-mark-start]
2022-05-10T17:20:00.127+0800: 64.989: Application time: 0.0000673 seconds
2022-05-10T17:20:00.128+0800: 64.989: [GC (Allocation Failure) 2022-05-10T17:20:00.128+0800: 64.989: [ParNew: 4097K->12K(153600K), 0.0009872 secs]2022-05-10T17:20:00.129+0800: 64.990: [CMS2022-05-10T17:20:00.155+0800: 65.016: [CMS-concurrent-mark: 0.025/0.027 secs] [Times: user=0.06 sys=0.00, real=0.03 secs] 
 (concurrent mode failure): 207773K->12463K(341376K), 0.1053716 secs] 211871K->12463K(494976K), [Metaspace: 34885K->34885K(1081344K)], 0.1065659 secs] [Times: user=0.14 sys=0.00, real=0.11 secs] 
2022-05-10T17:20:00.235+0800: 65.096: Total time for which application threads were stopped: 0.1069096 seconds, Stopping threads took: 0.0001030 seconds
2022-05-10T17:20:00.255+0800: 65.117: Application time: 0.0207669 seconds
2022-05-10T17:20:00.256+0800: 65.117: [GC (Allocation Failure) 2022-05-10T17:20:00.256+0800: 65.117: [ParNew: 3414K->22K(153600K), 0.0010099 secs]2022-05-10T17:20:00.256+0800: 65.118: [CMS: 207775K->12461K(341376K), 0.0924216 secs] 211190K->12461K(494976K), [Metaspace: 34885K->34885K(1081344K)], 0.0936360 secs] [Times: user=0.09 sys=0.00, real=0.09 secs] 
2022-05-10T17:20:00.349+0800: 65.211: Total time for which application threads were stopped: 0.0939226 seconds, Stopping threads took: 0.0000445 seconds
2022-05-10T17:20:00.349+0800: 65.211: Application time: 0.0000860 seconds
2022-05-10T17:20:00.368+0800: 65.230: [GC (CMS Initial Mark) [1 CMS-initial-mark: 207773K(341376K)] 210505K(494976K), 0.0007657 secs] [Times: user=0.00 sys=0.00, real=0.00 secs] 
2022-05-10T17:20:00.369+0800: 65.230: Total time for which application threads were stopped: 0.0196712 seconds, Stopping threads took: 0.0187418 seconds
2022-05-10T17:20:00.369+0800: 65.230: [CMS-concurrent-mark-start]
2022-05-10T17:20:00.369+0800: 65.230: Application time: 0.0000949 seconds
2022-05-10T17:20:00.369+0800: 65.231: [GC (Allocation Failure) 2022-05-10T17:20:00.369+0800: 65.231: [ParNew: 2731K->12K(153600K), 0.0011139 secs]2022-05-10T17:20:00.371+0800: 65.232: [CMS2022-05-10T17:20:00.405+0800: 65.266: [CMS-concurrent-mark: 0.025/0.035 secs] [Times: user=0.06 sys=0.00, real=0.04 secs] 
 (concurrent mode failure): 207773K->12464K(341376K), 0.1123915 secs] 210505K->12464K(494976K), [Metaspace: 34885K->34885K(1081344K)], 0.1137117 secs] [Times: user=0.14 sys=0.00, real=0.11 secs] 
2022-05-10T17:20:00.483+0800: 65.344: Total time for which application threads were stopped: 0.1139961 seconds, Stopping threads took: 0.0000642 seconds
2022-05-10T17:20:00.504+0800: 65.365: Application time: 0.0205404 seconds
2022-05-10T17:20:00.504+0800: 65.365: [GC (Allocation Failure) 2022-05-10T17:20:00.504+0800: 65.365: [ParNew: 3414K->24K(153600K), 0.0011390 secs]2022-05-10T17:20:00.505+0800: 65.366: [CMS: 207777K->12461K(341376K), 0.0979602 secs] 211191K->12461K(494976K), [Metaspace: 34885K->34885K(1081344K)], 0.0993312 secs] [Times: user=0.11 sys=0.00, real=0.10 secs] 
2022-05-10T17:20:00.604+0800: 65.465: Total time for which application threads were stopped: 0.0996218 seconds, Stopping threads took: 0.0000387 seconds
2022-05-10T17:20:00.604+0800: 65.465: Application time: 0.0000721 seconds
2022-05-10T17:20:00.622+0800: 65.483: [GC (CMS Initial Mark) [1 CMS-initial-mark: 207773K(341376K)] 210505K(494976K), 0.0007059 secs] [Times: user=0.00 sys=0.00, real=0.00 secs] 
2022-05-10T17:20:00.622+0800: 65.483: Total time for which application threads were stopped: 0.0187443 seconds, Stopping threads took: 0.0178938 seconds
2022-05-10T17:20:00.622+0800: 65.484: [CMS-concurrent-mark-start]
2022-05-10T17:20:00.622+0800: 65.484: Application time: 0.0000761 seconds
2022-05-10T17:20:00.623+0800: 65.484: [GC (Allocation Failure) 2022-05-10T17:20:00.623+0800: 65.484: [ParNew: 2731K->6K(153600K), 0.0010157 secs]2022-05-10T17:20:00.624+0800: 65.485: [CMS2022-05-10T17:20:00.653+0800: 65.514: [CMS-concurrent-mark: 0.025/0.030 secs] [Times: user=0.06 sys=0.00, real=0.03 secs] 
 (concurrent mode failure): 207773K->12463K(341376K), 0.1090096 secs] 210505K->12463K(494976K), [Metaspace: 34885K->34885K(1081344K)], 0.1102039 secs] [Times: user=0.14 sys=0.00, real=0.11 secs] 
2022-05-10T17:20:00.732+0800: 65.594: Total time for which application threads were stopped: 0.1104427 seconds, Stopping threads took: 0.0000261 seconds
2022-05-10T17:20:00.753+0800: 65.614: Application time: 0.0201469 seconds
2022-05-10T17:20:00.753+0800: 65.614: [GC (Allocation Failure) 2022-05-10T17:20:00.753+0800: 65.614: [ParNew: 2731K->22K(153600K), 0.0011171 secs]2022-05-10T17:20:00.754+0800: 65.616: [CMS: 207775K->12461K(341376K), 0.0974510 secs] 210507K->12461K(494976K), [Metaspace: 34885K->34885K(1081344K)], 0.0988345 secs] [Times: user=0.11 sys=0.00, real=0.10 secs] 
2022-05-10T17:20:00.852+0800: 65.713: Total time for which application threads were stopped: 0.0991961 seconds, Stopping threads took: 0.0000706 seconds
2022-05-10T17:20:00.852+0800: 65.713: Application time: 0.0000679 seconds
2022-05-10T17:20:00.870+0800: 65.732: [GC (CMS Initial Mark) [1 CMS-initial-mark: 207773K(341376K)] 210505K(494976K), 0.0008074 secs] [Times: user=0.00 sys=0.00, real=0.00 secs] 
2022-05-10T17:20:00.871+0800: 65.733: Total time for which application threads were stopped: 0.0190790 seconds, Stopping threads took: 0.0181172 seconds
2022-05-10T17:20:00.871+0800: 65.733: [CMS-concurrent-mark-start]
2022-05-10T17:20:00.871+0800: 65.733: Application time: 0.0000847 seconds
2022-05-10T17:20:00.871+0800: 65.733: [GC (Allocation Failure) 2022-05-10T17:20:00.872+0800: 65.733: [ParNew: 2731K->8K(153600K), 0.0009633 secs]2022-05-10T17:20:00.873+0800: 65.734: [CMS2022-05-10T17:20:00.901+0800: 65.763: [CMS-concurrent-mark: 0.024/0.030 secs] [Times: user=0.06 sys=0.00, real=0.03 secs] 
 (concurrent mode failure): 207773K->12463K(341376K), 0.1140247 secs] 210505K->12463K(494976K), [Metaspace: 34885K->34885K(1081344K)], 0.1152053 secs] [Times: user=0.14 sys=0.00, real=0.12 secs] 
2022-05-10T17:20:00.986+0800: 65.848: Total time for which application threads were stopped: 0.1155021 seconds, Stopping threads took: 0.0000477 seconds
2022-05-10T17:20:01.003+0800: 65.865: Application time: 0.0165316 seconds
2022-05-10T17:20:01.003+0800: 65.865: [GC (Allocation Failure) 2022-05-10T17:20:01.003+0800: 65.865: [ParNew: 2731K->24K(153600K), 0.0010890 secs]2022-05-10T17:20:01.005+0800: 65.866: [CMS: 207775K->12461K(341376K), 0.0955984 secs] 210507K->12461K(494976K), [Metaspace: 34885K->34885K(1081344K)], 0.0969630 secs] [Times: user=0.09 sys=0.00, real=0.10 secs] 
2022-05-10T17:20:01.101+0800: 65.962: Total time for which application threads were stopped: 0.0972422 seconds, Stopping threads took: 0.0000467 seconds
2022-05-10T17:20:01.101+0800: 65.962: Application time: 0.0000677 seconds
2022-05-10T17:20:01.119+0800: 65.981: [GC (CMS Initial Mark) [1 CMS-initial-mark: 207773K(341376K)] 210505K(494976K), 0.0006779 secs] [Times: user=0.00 sys=0.00, real=0.00 secs] 
2022-05-10T17:20:01.120+0800: 65.981: Total time for which application threads were stopped: 0.0193519 seconds, Stopping threads took: 0.0185169 seconds
2022-05-10T17:20:01.120+0800: 65.981: [CMS-concurrent-mark-start]
2022-05-10T17:20:01.120+0800: 65.981: Application time: 0.0000800 seconds
2022-05-10T17:20:01.120+0800: 65.982: [GC (Allocation Failure) 2022-05-10T17:20:01.120+0800: 65.982: [ParNew: 4097K->10K(153600K), 0.0010162 secs]2022-05-10T17:20:01.121+0800: 65.983: [CMS2022-05-10T17:20:01.149+0800: 66.011: [CMS-concurrent-mark: 0.023/0.029 secs] [Times: user=0.05 sys=0.00, real=0.03 secs] 
 (concurrent mode failure): 207773K->12463K(341376K), 0.1169227 secs] 211871K->12463K(494976K), [Metaspace: 34885K->34885K(1081344K)], 0.1181460 secs] [Times: user=0.13 sys=0.00, real=0.12 secs] 
2022-05-10T17:20:01.238+0800: 66.100: Total time for which application threads were stopped: 0.1183898 seconds, Stopping threads took: 0.0000244 seconds
2022-05-10T17:20:01.257+0800: 66.119: Application time: 0.0190371 seconds
2022-05-10T17:20:01.257+0800: 66.119: [GC (Allocation Failure) 2022-05-10T17:20:01.258+0800: 66.119: [ParNew: 3414K->20K(153600K), 0.0011119 secs]2022-05-10T17:20:01.259+0800: 66.120: [CMS: 207775K->12461K(341376K), 0.0940327 secs] 211190K->12461K(494976K), [Metaspace: 34885K->34885K(1081344K)], 0.0953776 secs] [Times: user=0.09 sys=0.02, real=0.10 secs] 
2022-05-10T17:20:01.353+0800: 66.215: Total time for which application threads were stopped: 0.0956982 seconds, Stopping threads took: 0.0000551 seconds
2022-05-10T17:20:01.353+0800: 66.215: Application time: 0.0000608 seconds
2022-05-10T17:20:01.369+0800: 66.230: [GC (CMS Initial Mark) [1 CMS-initial-mark: 207773K(341376K)] 210505K(494976K), 0.0006518 secs] [Times: user=0.00 sys=0.00, real=0.00 secs] 
2022-05-10T17:20:01.370+0800: 66.231: Total time for which application threads were stopped: 0.0164785 seconds, Stopping threads took: 0.0156816 seconds
2022-05-10T17:20:01.370+0800: 66.231: [CMS-concurrent-mark-start]
2022-05-10T17:20:01.370+0800: 66.231: Application time: 0.0000897 seconds
2022-05-10T17:20:01.370+0800: 66.231: [GC (Allocation Failure) 2022-05-10T17:20:01.370+0800: 66.231: [ParNew: 2731K->8K(153600K), 0.0009929 secs]2022-05-10T17:20:01.371+0800: 66.232: [CMS2022-05-10T17:20:01.402+0800: 66.264: [CMS-concurrent-mark: 0.026/0.033 secs] [Times: user=0.06 sys=0.00, real=0.03 secs] 
 (concurrent mode failure): 207773K->12463K(341376K), 0.1129335 secs] 210505K->12463K(494976K), [Metaspace: 34885K->34885K(1081344K)], 0.1141363 secs] [Times: user=0.14 sys=0.00, real=0.11 secs] 
2022-05-10T17:20:01.484+0800: 66.346: Total time for which application threads were stopped: 0.1144300 seconds, Stopping threads took: 0.0000464 seconds
2022-05-10T17:20:01.504+0800: 66.366: Application time: 0.0202198 seconds
2022-05-10T17:20:01.504+0800: 66.366: [GC (Allocation Failure) 2022-05-10T17:20:01.504+0800: 66.366: [ParNew: 3414K->22K(153600K), 0.0015753 secs]2022-05-10T17:20:01.506+0800: 66.368: [CMS: 207775K->12461K(341376K), 0.0935445 secs] 211190K->12461K(494976K), [Metaspace: 34885K->34885K(1081344K)], 0.0954057 secs] [Times: user=0.09 sys=0.00, real=0.10 secs] 
2022-05-10T17:20:01.600+0800: 66.462: Total time for which application threads were stopped: 0.0957506 seconds, Stopping threads took: 0.0000309 seconds
2022-05-10T17:20:01.601+0800: 66.462: Application time: 0.0000731 seconds
2022-05-10T17:20:01.621+0800: 66.483: [GC (CMS Initial Mark) [1 CMS-initial-mark: 207773K(341376K)] 210505K(494976K), 0.0007301 secs] [Times: user=0.00 sys=0.00, real=0.00 secs] 
2022-05-10T17:20:01.622+0800: 66.483: Total time for which application threads were stopped: 0.0216137 seconds, Stopping threads took: 0.0207149 seconds
2022-05-10T17:20:01.622+0800: 66.483: [CMS-concurrent-mark-start]
2022-05-10T17:20:01.622+0800: 66.483: Application time: 0.0000813 seconds
2022-05-10T17:20:01.622+0800: 66.484: [GC (Allocation Failure) 2022-05-10T17:20:01.622+0800: 66.484: [ParNew: 2731K->6K(153600K), 0.0010808 secs]2022-05-10T17:20:01.624+0800: 66.485: [CMS2022-05-10T17:20:01.652+0800: 66.514: [CMS-concurrent-mark: 0.027/0.031 secs] [Times: user=0.06 sys=0.00, real=0.03 secs] 
 (concurrent mode failure): 207773K->12463K(341376K), 0.1178532 secs] 210505K->12463K(494976K), [Metaspace: 34885K->34885K(1081344K)], 0.1191308 secs] [Times: user=0.13 sys=0.00, real=0.12 secs] 
2022-05-10T17:20:01.741+0800: 66.603: Total time for which application threads were stopped: 0.1193680 seconds, Stopping threads took: 0.0000235 seconds
2022-05-10T17:20:01.760+0800: 66.622: Application time: 0.0189819 seconds
2022-05-10T17:20:01.761+0800: 66.622: [GC (Allocation Failure) 2022-05-10T17:20:01.761+0800: 66.622: [ParNew: 2731K->24K(153600K), 0.0014837 secs]2022-05-10T17:20:01.762+0800: 66.624: [CMS: 207775K->12461K(341376K), 0.0873200 secs] 210507K->12461K(494976K), [Metaspace: 34885K->34885K(1081344K)], 0.0891175 secs] [Times: user=0.08 sys=0.00, real=0.09 secs] 
2022-05-10T17:20:01.850+0800: 66.711: Total time for which application threads were stopped: 0.0894233 seconds, Stopping threads took: 0.0000555 seconds
2022-05-10T17:20:01.850+0800: 66.711: Application time: 0.0001044 seconds
2022-05-10T17:20:01.866+0800: 66.727: [GC (CMS Initial Mark) [1 CMS-initial-mark: 207773K(341376K)] 210505K(494976K), 0.0008757 secs] [Times: user=0.00 sys=0.00, real=0.00 secs] 
2022-05-10T17:20:01.866+0800: 66.728: Total time for which application threads were stopped: 0.0166113 seconds, Stopping threads took: 0.0155418 seconds
2022-05-10T17:20:01.866+0800: 66.728: [CMS-concurrent-mark-start]
2022-05-10T17:20:01.867+0800: 66.728: Application time: 0.0002239 seconds
2022-05-10T17:20:01.867+0800: 66.728: [GC (Allocation Failure) 2022-05-10T17:20:01.867+0800: 66.728: [ParNew: 2731K->12K(153600K), 0.0009823 secs]2022-05-10T17:20:01.868+0800: 66.729: [CMS2022-05-10T17:20:01.900+0800: 66.761: [CMS-concurrent-mark: 0.025/0.033 secs] [Times: user=0.11 sys=0.00, real=0.03 secs] 
 (concurrent mode failure): 207773K->12467K(341376K), 0.1197720 secs] 210505K->12467K(494976K), [Metaspace: 34885K->34885K(1081344K)], 0.1210042 secs] [Times: user=0.14 sys=0.00, real=0.12 secs] 
2022-05-10T17:20:01.988+0800: 66.849: Total time for which application threads were stopped: 0.1213214 seconds, Stopping threads took: 0.0000539 seconds
2022-05-10T17:20:02.007+0800: 66.868: Application time: 0.0188911 seconds
2022-05-10T17:20:02.007+0800: 66.869: [GC (Allocation Failure) 2022-05-10T17:20:02.007+0800: 66.869: [ParNew: 2731K->18K(153600K), 0.0013337 secs]2022-05-10T17:20:02.009+0800: 66.870: [CMS: 207779K->12461K(341376K), 0.1229083 secs] 210511K->12461K(494976K), [Metaspace: 34885K->34885K(1081344K)], 0.1244801 secs] [Times: user=0.08 sys=0.00, real=0.13 secs] 
2022-05-10T17:20:02.132+0800: 66.993: Total time for which application threads were stopped: 0.1247604 seconds, Stopping threads took: 0.0000334 seconds
2022-05-10T17:20:02.132+0800: 66.993: Application time: 0.0001043 seconds
2022-05-10T17:20:02.149+0800: 67.010: [GC (CMS Initial Mark) [1 CMS-initial-mark: 207773K(341376K)] 211871K(494976K), 0.0007196 secs] [Times: user=0.00 sys=0.00, real=0.00 secs] 
2022-05-10T17:20:02.150+0800: 67.011: Total time for which application threads were stopped: 0.0178245 seconds, Stopping threads took: 0.0169397 seconds
2022-05-10T17:20:02.150+0800: 67.011: [CMS-concurrent-mark-start]
2022-05-10T17:20:02.150+0800: 67.011: Application time: 0.0000865 seconds
2022-05-10T17:20:02.150+0800: 67.011: [GC (Allocation Failure) 2022-05-10T17:20:02.150+0800: 67.011: [ParNew: 4097K->8K(153600K), 0.0010766 secs]2022-05-10T17:20:02.151+0800: 67.012: [CMS2022-05-10T17:20:02.179+0800: 67.040: [CMS-concurrent-mark: 0.023/0.029 secs] [Times: user=0.03 sys=0.00, real=0.03 secs] 
 (concurrent mode failure): 207773K->12464K(341376K), 0.1085884 secs] 211871K->12464K(494976K), [Metaspace: 34885K->34885K(1081344K)], 0.1098388 secs] [Times: user=0.13 sys=0.00, real=0.11 secs] 
2022-05-10T17:20:02.260+0800: 67.121: Total time for which application threads were stopped: 0.1101143 seconds, Stopping threads took: 0.0000627 seconds
2022-05-10T17:20:02.277+0800: 67.139: Application time: 0.0173940 seconds
2022-05-10T17:20:02.277+0800: 67.139: [GC (Allocation Failure) 2022-05-10T17:20:02.277+0800: 67.139: [ParNew: 3414K->24K(153600K), 0.0013169 secs]2022-05-10T17:20:02.279+0800: 67.140: [CMS: 207777K->12461K(341376K), 0.0874365 secs] 211191K->12461K(494976K), [Metaspace: 34885K->34885K(1081344K)], 0.0890021 secs] [Times: user=0.09 sys=0.00, real=0.09 secs] 
2022-05-10T17:20:02.367+0800: 67.228: Total time for which application threads were stopped: 0.0893059 seconds, Stopping threads took: 0.0000376 seconds
2022-05-10T17:20:02.367+0800: 67.228: Application time: 0.0000623 seconds
2022-05-10T17:20:02.384+0800: 67.245: [GC (CMS Initial Mark) [1 CMS-initial-mark: 207773K(341376K)] 210505K(494976K), 0.0007531 secs] [Times: user=0.00 sys=0.00, real=0.00 secs] 
2022-05-10T17:20:02.385+0800: 67.246: Total time for which application threads were stopped: 0.0178367 seconds, Stopping threads took: 0.0169361 seconds
2022-05-10T17:20:02.385+0800: 67.246: [CMS-concurrent-mark-start]
2022-05-10T17:20:02.385+0800: 67.246: Application time: 0.0001162 seconds
2022-05-10T17:20:02.385+0800: 67.246: [GC (Allocation Failure) 2022-05-10T17:20:02.385+0800: 67.246: [ParNew: 2731K->4K(153600K), 0.0010075 secs]2022-05-10T17:20:02.386+0800: 67.247: [CMS2022-05-10T17:20:02.412+0800: 67.273: [CMS-concurrent-mark: 0.026/0.027 secs] [Times: user=0.03 sys=0.00, real=0.03 secs] 
 (concurrent mode failure): 207773K->12463K(341376K), 0.0954455 secs] 210505K->12463K(494976K), [Metaspace: 34885K->34885K(1081344K)], 0.0966450 secs] [Times: user=0.11 sys=0.00, real=0.10 secs] 
2022-05-10T17:20:02.481+0800: 67.343: Total time for which application threads were stopped: 0.0968903 seconds, Stopping threads took: 0.0000402 seconds
2022-05-10T17:20:02.500+0800: 67.362: Application time: 0.0187255 seconds
2022-05-10T17:20:02.500+0800: 67.362: [GC (Allocation Failure) 2022-05-10T17:20:02.500+0800: 67.362: [ParNew: 2731K->22K(153600K), 0.0010708 secs]2022-05-10T17:20:02.502+0800: 67.363: [CMS: 207775K->12461K(341376K), 0.0980163 secs] 210507K->12461K(494976K), [Metaspace: 34885K->34885K(1081344K)], 0.0993520 secs] [Times: user=0.09 sys=0.00, real=0.10 secs] 
2022-05-10T17:20:02.600+0800: 67.461: Total time for which application threads were stopped: 0.0997059 seconds, Stopping threads took: 0.0000500 seconds
2022-05-10T17:20:02.600+0800: 67.461: Application time: 0.0001098 seconds
2022-05-10T17:20:02.618+0800: 67.480: [GC (CMS Initial Mark) [1 CMS-initial-mark: 207773K(341376K)] 211188K(494976K), 0.0009064 secs] [Times: user=0.00 sys=0.00, real=0.00 secs] 
2022-05-10T17:20:02.619+0800: 67.481: Total time for which application threads were stopped: 0.0191331 seconds, Stopping threads took: 0.0180678 seconds
2022-05-10T17:20:02.619+0800: 67.481: [CMS-concurrent-mark-start]
2022-05-10T17:20:02.619+0800: 67.481: Application time: 0.0000809 seconds
2022-05-10T17:20:02.619+0800: 67.481: [GC (Allocation Failure) 2022-05-10T17:20:02.619+0800: 67.481: [ParNew: 3414K->8K(153600K), 0.0011125 secs]2022-05-10T17:20:02.621+0800: 67.482: [CMS2022-05-10T17:20:02.648+0800: 67.509: [CMS-concurrent-mark: 0.025/0.029 secs] [Times: user=0.06 sys=0.00, real=0.03 secs] 
 (concurrent mode failure): 207773K->12463K(341376K), 0.1132677 secs] 211188K->12463K(494976K), [Metaspace: 34885K->34885K(1081344K)], 0.1146045 secs] [Times: user=0.14 sys=0.00, real=0.12 secs] 
2022-05-10T17:20:02.734+0800: 67.596: Total time for which application threads were stopped: 0.1148956 seconds, Stopping threads took: 0.0000434 seconds
2022-05-10T17:20:02.753+0800: 67.615: Application time: 0.0189156 seconds
2022-05-10T17:20:02.753+0800: 67.615: [GC (Allocation Failure) 2022-05-10T17:20:02.753+0800: 67.615: [ParNew: 2731K->22K(153600K), 0.0014108 secs]2022-05-10T17:20:02.755+0800: 67.616: [CMS: 207775K->12461K(341376K), 0.0870968 secs] 210507K->12461K(494976K), [Metaspace: 34885K->34885K(1081344K)], 0.0887212 secs] [Times: user=0.09 sys=0.00, real=0.09 secs] 
2022-05-10T17:20:02.842+0800: 67.704: Total time for which application threads were stopped: 0.0890034 seconds, Stopping threads took: 0.0000460 seconds
2022-05-10T17:20:02.842+0800: 67.704: Application time: 0.0000571 seconds
2022-05-10T17:20:02.861+0800: 67.722: [GC (CMS Initial Mark) [1 CMS-initial-mark: 207773K(341376K)] 210505K(494976K), 0.0006724 secs] [Times: user=0.00 sys=0.00, real=0.00 secs] 
2022-05-10T17:20:02.861+0800: 67.723: Total time for which application threads were stopped: 0.0189949 seconds, Stopping threads took: 0.0181950 seconds
2022-05-10T17:20:02.862+0800: 67.723: [CMS-concurrent-mark-start]
2022-05-10T17:20:02.862+0800: 67.723: Application time: 0.0000843 seconds
2022-05-10T17:20:02.862+0800: 67.723: [GC (Allocation Failure) 2022-05-10T17:20:02.862+0800: 67.723: [ParNew: 2731K->6K(153600K), 0.0015646 secs]2022-05-10T17:20:02.863+0800: 67.724: [CMS2022-05-10T17:20:02.899+0800: 67.760: [CMS-concurrent-mark: 0.024/0.038 secs] [Times: user=0.06 sys=0.00, real=0.04 secs] 
 (concurrent mode failure): 207773K->12464K(341376K), 0.1138664 secs] 210505K->12464K(494976K), [Metaspace: 34885K->34885K(1081344K)], 0.1156573 secs] [Times: user=0.14 sys=0.00, real=0.12 secs] 
2022-05-10T17:20:02.977+0800: 67.839: Total time for which application threads were stopped: 0.1159736 seconds, Stopping threads took: 0.0000663 seconds
2022-05-10T17:20:02.997+0800: 67.858: Application time: 0.0192130 seconds
2022-05-10T17:20:02.997+0800: 67.858: [GC (Allocation Failure) 2022-05-10T17:20:02.997+0800: 67.858: [ParNew: 2731K->22K(153600K), 0.0011741 secs]2022-05-10T17:20:02.998+0800: 67.859: [CMS: 207776K->12461K(341376K), 0.0939048 secs] 210508K->12461K(494976K), [Metaspace: 34885K->34885K(1081344K)], 0.0952860 secs] [Times: user=0.09 sys=0.00, real=0.10 secs] 
2022-05-10T17:20:03.092+0800: 67.953: Total time for which application threads were stopped: 0.0955458 seconds, Stopping threads took: 0.0000393 seconds
2022-05-10T17:20:03.092+0800: 67.953: Application time: 0.0000648 seconds
2022-05-10T17:20:03.111+0800: 67.972: [GC (CMS Initial Mark) [1 CMS-initial-mark: 207773K(341376K)] 210505K(494976K), 0.0006320 secs] [Times: user=0.00 sys=0.00, real=0.00 secs] 
2022-05-10T17:20:03.111+0800: 67.972: Total time for which application threads were stopped: 0.0189424 seconds, Stopping threads took: 0.0181698 seconds
2022-05-10T17:20:03.111+0800: 67.972: [CMS-concurrent-mark-start]
2022-05-10T17:20:03.112+0800: 67.973: Application time: 0.0000832 seconds
2022-05-10T17:20:03.112+0800: 67.973: [GC (Allocation Failure) 2022-05-10T17:20:03.112+0800: 67.973: [ParNew: 2731K->6K(153600K), 0.0011002 secs]2022-05-10T17:20:03.113+0800: 67.974: [CMS2022-05-10T17:20:03.146+0800: 68.007: [CMS-concurrent-mark: 0.021/0.035 secs] [Times: user=0.03 sys=0.00, real=0.03 secs] 
 (concurrent mode failure): 207773K->12464K(341376K), 0.1180670 secs] 210505K->12464K(494976K), [Metaspace: 34885K->34885K(1081344K)], 0.1193891 secs] [Times: user=0.13 sys=0.00, real=0.12 secs] 
2022-05-10T17:20:03.231+0800: 68.092: Total time for which application threads were stopped: 0.1198051 seconds, Stopping threads took: 0.0000600 seconds
2022-05-10T17:20:03.250+0800: 68.111: Application time: 0.0185357 seconds
2022-05-10T17:20:03.250+0800: 68.111: [GC (Allocation Failure) 2022-05-10T17:20:03.250+0800: 68.111: [ParNew: 4097K->22K(153600K), 0.0011039 secs]2022-05-10T17:20:03.251+0800: 68.112: [CMS: 207776K->12461K(341376K), 0.0912196 secs] 211873K->12461K(494976K), [Metaspace: 34885K->34885K(1081344K)], 0.0925392 secs] [Times: user=0.09 sys=0.00, real=0.09 secs] 
2022-05-10T17:20:03.342+0800: 68.204: Total time for which application threads were stopped: 0.0928088 seconds, Stopping threads took: 0.0000441 seconds
2022-05-10T17:20:03.343+0800: 68.204: Application time: 0.0001059 seconds
2022-05-10T17:20:03.357+0800: 68.219: [GC (CMS Initial Mark) [1 CMS-initial-mark: 207773K(341376K)] 211188K(494976K), 0.0007778 secs] [Times: user=0.00 sys=0.00, real=0.00 secs] 
2022-05-10T17:20:03.358+0800: 68.220: Total time for which application threads were stopped: 0.0159506 seconds, Stopping threads took: 0.0150048 seconds
2022-05-10T17:20:03.358+0800: 68.220: [CMS-concurrent-mark-start]
2022-05-10T17:20:03.358+0800: 68.220: Application time: 0.0001206 seconds
2022-05-10T17:20:03.358+0800: 68.220: [GC (Allocation Failure) 2022-05-10T17:20:03.358+0800: 68.220: [ParNew: 3414K->10K(153600K), 0.0011402 secs]2022-05-10T17:20:03.360+0800: 68.221: [CMS2022-05-10T17:20:03.385+0800: 68.247: [CMS-concurrent-mark: 0.024/0.027 secs] [Times: user=0.06 sys=0.00, real=0.03 secs] 
 (concurrent mode failure): 207773K->12467K(341376K), 0.1042021 secs] 211188K->12467K(494976K), [Metaspace: 34885K->34885K(1081344K)], 0.1055038 secs] [Times: user=0.14 sys=0.00, real=0.11 secs] 
2022-05-10T17:20:03.464+0800: 68.326: Total time for which application threads were stopped: 0.1057652 seconds, Stopping threads took: 0.0000586 seconds
2022-05-10T17:20:03.483+0800: 68.344: Application time: 0.0185829 seconds
2022-05-10T17:20:03.483+0800: 68.344: [GC (Allocation Failure) 2022-05-10T17:20:03.483+0800: 68.344: [ParNew: 2731K->18K(153600K), 0.0009967 secs]2022-05-10T17:20:03.484+0800: 68.345: [CMS: 207779K->12461K(341376K), 0.0963833 secs] 210511K->12461K(494976K), [Metaspace: 34885K->34885K(1081344K)], 0.0976312 secs] [Times: user=0.09 sys=0.00, real=0.10 secs] 
2022-05-10T17:20:03.581+0800: 68.442: Total time for which application threads were stopped: 0.0979608 seconds, Stopping threads took: 0.0000397 seconds
2022-05-10T17:20:03.581+0800: 68.442: Application time: 0.0001087 seconds
2022-05-10T17:20:03.601+0800: 68.462: [GC (CMS Initial Mark) [1 CMS-initial-mark: 207773K(341376K)] 207773K(494976K), 0.0008199 secs] [Times: user=0.00 sys=0.00, real=0.00 secs] 
2022-05-10T17:20:03.602+0800: 68.463: Total time for which application threads were stopped: 0.0208795 seconds, Stopping threads took: 0.0198909 seconds
2022-05-10T17:20:03.602+0800: 68.463: [CMS-concurrent-mark-start]
2022-05-10T17:20:03.602+0800: 68.463: Application time: 0.0000787 seconds
2022-05-10T17:20:03.602+0800: 68.463: [GC (Allocation Failure) 2022-05-10T17:20:03.602+0800: 68.463: [ParNew: 2731K->6K(153600K), 0.0010926 secs]2022-05-10T17:20:03.603+0800: 68.465: [CMS2022-05-10T17:20:03.635+0800: 68.497: [CMS-concurrent-mark: 0.024/0.034 secs] [Times: user=0.06 sys=0.00, real=0.03 secs] 
 (concurrent mode failure): 207773K->12463K(341376K), 0.1174448 secs] 210505K->12463K(494976K), [Metaspace: 34885K->34885K(1081344K)], 0.1187669 secs] [Times: user=0.14 sys=0.00, real=0.12 secs] 
2022-05-10T17:20:03.721+0800: 68.582: Total time for which application threads were stopped: 0.1190603 seconds, Stopping threads took: 0.0000483 seconds
2022-05-10T17:20:03.721+0800: 68.583: Application time: 0.0002260 seconds
2022-05-10T17:20:03.739+0800: 68.600: Total time for which application threads were stopped: 0.0175912 seconds, Stopping threads took: 0.0174978 seconds
2022-05-10T17:20:03.739+0800: 68.600: Application time: 0.0000513 seconds
2022-05-10T17:20:03.739+0800: 68.600: [GC (Allocation Failure) 2022-05-10T17:20:03.739+0800: 68.600: [ParNew: 4438K->18K(153600K), 0.0010244 secs]2022-05-10T17:20:03.740+0800: 68.601: [CMS: 207775K->12471K(341376K), 0.0920109 secs] 212214K->12471K(494976K), [Metaspace: 34885K->34885K(1081344K)], 0.0932729 secs] [Times: user=0.09 sys=0.00, real=0.09 secs] 
2022-05-10T17:20:03.832+0800: 68.694: Total time for which application threads were stopped: 0.0935516 seconds, Stopping threads took: 0.0000429 seconds
2022-05-10T17:20:03.833+0800: 68.694: Application time: 0.0000832 seconds
2022-05-10T17:20:03.851+0800: 68.713: [GC (CMS Initial Mark) [1 CMS-initial-mark: 207784K(341376K)] 210515K(494976K), 0.0008241 secs] [Times: user=0.00 sys=0.00, real=0.00 secs] 
2022-05-10T17:20:03.853+0800: 68.714: Total time for which application threads were stopped: 0.0200522 seconds, Stopping threads took: 0.0190724 seconds
2022-05-10T17:20:03.853+0800: 68.714: [CMS-concurrent-mark-start]
2022-05-10T17:20:03.853+0800: 68.714: Application time: 0.0000804 seconds
2022-05-10T17:20:03.853+0800: 68.714: [GC (Allocation Failure) 2022-05-10T17:20:03.853+0800: 68.714: [ParNew: 2731K->6K(153600K), 0.0010803 secs]2022-05-10T17:20:03.853+0800: 68.715: [CMS2022-05-10T17:20:03.891+0800: 68.753: [CMS-concurrent-mark: 0.025/0.039 secs] [Times: user=0.06 sys=0.00, real=0.04 secs] 
 (concurrent mode failure): 207784K->12472K(341376K), 0.1139701 secs] 210515K->12472K(494976K), [Metaspace: 34885K->34885K(1081344K)], 0.1152337 secs] [Times: user=0.14 sys=0.00, real=0.12 secs] 
2022-05-10T17:20:03.968+0800: 68.830: Total time for which application threads were stopped: 0.1154903 seconds, Stopping threads took: 0.0000259 seconds
2022-05-10T17:20:03.985+0800: 68.847: Application time: 0.0172678 seconds
2022-05-10T17:20:03.985+0800: 68.847: [GC (Allocation Failure) 2022-05-10T17:20:03.985+0800: 68.847: [ParNew: 2731K->15K(153600K), 0.0012182 secs]2022-05-10T17:20:03.987+0800: 68.848: [CMS: 207784K->12461K(341376K), 0.0767485 secs] 210516K->12461K(494976K), [Metaspace: 34885K->34885K(1081344K)], 0.0783002 secs] [Times: user=0.08 sys=0.00, real=0.08 secs] 
2022-05-10T17:20:04.064+0800: 68.925: Total time for which application threads were stopped: 0.0786718 seconds, Stopping threads took: 0.0000386 seconds
2022-05-10T17:20:04.064+0800: 68.926: Application time: 0.0000989 seconds
2022-05-10T17:20:04.080+0800: 68.941: [GC (CMS Initial Mark) [1 CMS-initial-mark: 207773K(341376K)] 210505K(494976K), 0.0007158 secs] [Times: user=0.00 sys=0.00, real=0.00 secs] 
2022-05-10T17:20:04.081+0800: 68.942: Total time for which application threads were stopped: 0.0165992 seconds, Stopping threads took: 0.0157295 seconds
2022-05-10T17:20:04.081+0800: 68.942: [CMS-concurrent-mark-start]
2022-05-10T17:20:04.081+0800: 68.942: Application time: 0.0000700 seconds
2022-05-10T17:20:04.081+0800: 68.942: [GC (Allocation Failure) 2022-05-10T17:20:04.081+0800: 68.942: [ParNew: 2731K->6K(153600K), 0.0012652 secs]2022-05-10T17:20:04.082+0800: 68.944: [CMS2022-05-10T17:20:04.107+0800: 68.968: [CMS-concurrent-mark: 0.022/0.026 secs] [Times: user=0.06 sys=0.00, real=0.03 secs] 
 (concurrent mode failure): 207773K->12463K(341376K), 0.1040728 secs] 210505K->12463K(494976K), [Metaspace: 34885K->34885K(1081344K)], 0.1055475 secs] [Times: user=0.14 sys=0.00, real=0.11 secs] 
2022-05-10T17:20:04.187+0800: 69.048: Total time for which application threads were stopped: 0.1058018 seconds, Stopping threads took: 0.0000397 seconds
2022-05-10T17:20:04.206+0800: 69.067: Application time: 0.0189090 seconds
2022-05-10T17:20:04.206+0800: 69.067: [GC (Allocation Failure) 2022-05-10T17:20:04.206+0800: 69.067: [ParNew: 3619K->26K(153600K), 0.0011172 secs]2022-05-10T17:20:04.207+0800: 69.068: [CMS: 207775K->12461K(341376K), 0.0900879 secs] 211395K->12461K(494976K), [Metaspace: 34885K->34885K(1081344K)], 0.0915168 secs] [Times: user=0.09 sys=0.00, real=0.09 secs] 
2022-05-10T17:20:04.298+0800: 69.159: Total time for which application threads were stopped: 0.0919032 seconds, Stopping threads took: 0.0000552 seconds
2022-05-10T17:20:04.298+0800: 69.159: Application time: 0.0003239 seconds
2022-05-10T17:20:04.311+0800: 69.173: [GC (CMS Initial Mark) [1 CMS-initial-mark: 207774K(341376K)] 211871K(494976K), 0.0006576 secs] [Times: user=0.00 sys=0.00, real=0.00 secs] 
2022-05-10T17:20:04.312+0800: 69.174: Total time for which application threads were stopped: 0.0143463 seconds, Stopping threads took: 0.0135554 seconds
2022-05-10T17:20:04.312+0800: 69.174: [CMS-concurrent-mark-start]
2022-05-10T17:20:04.312+0800: 69.174: Application time: 0.0001115 seconds
2022-05-10T17:20:04.312+0800: 69.174: [GC (Allocation Failure) 2022-05-10T17:20:04.312+0800: 69.174: [ParNew: 4097K->18K(153600K), 0.0010947 secs]2022-05-10T17:20:04.314+0800: 69.175: [CMS2022-05-10T17:20:04.342+0800: 69.204: [CMS-concurrent-mark: 0.021/0.031 secs] [Times: user=0.03 sys=0.00, real=0.03 secs] 
 (concurrent mode failure): 207774K->12473K(341376K), 0.1060391 secs] 211871K->12473K(494976K), [Metaspace: 34885K->34885K(1081344K)], 0.1073478 secs] [Times: user=0.11 sys=0.00, real=0.11 secs] 
2022-05-10T17:20:04.420+0800: 69.281: Total time for which application threads were stopped: 0.1076454 seconds, Stopping threads took: 0.0000656 seconds
2022-05-10T17:20:04.438+0800: 69.299: Application time: 0.0176372 seconds
2022-05-10T17:20:04.438+0800: 69.299: [GC (Allocation Failure) 2022-05-10T17:20:04.438+0800: 69.299: [ParNew: 3414K->16K(153600K), 0.0010085 secs]2022-05-10T17:20:04.439+0800: 69.300: [CMS: 207786K->12461K(341376K), 0.0816166 secs] 211200K->12461K(494976K), [Metaspace: 34885K->34885K(1081344K)], 0.0828570 secs] [Times: user=0.08 sys=0.00, real=0.08 secs] 
2022-05-10T17:20:04.521+0800: 69.382: Total time for which application threads were stopped: 0.0831590 seconds, Stopping threads took: 0.0000443 seconds
2022-05-10T17:20:04.521+0800: 69.382: Application time: 0.0000904 seconds
2022-05-10T17:20:04.538+0800: 69.399: [GC (CMS Initial Mark) [1 CMS-initial-mark: 207774K(341376K)] 210506K(494976K), 0.0007748 secs] [Times: user=0.02 sys=0.00, real=0.00 secs] 
2022-05-10T17:20:04.539+0800: 69.400: Total time for which application threads were stopped: 0.0180341 seconds, Stopping threads took: 0.0170930 seconds
2022-05-10T17:20:04.539+0800: 69.400: [CMS-concurrent-mark-start]
2022-05-10T17:20:04.539+0800: 69.400: Application time: 0.0000861 seconds
2022-05-10T17:20:04.539+0800: 69.400: [GC (Allocation Failure) 2022-05-10T17:20:04.539+0800: 69.400: [ParNew: 2731K->8K(153600K), 0.0010396 secs]2022-05-10T17:20:04.541+0800: 69.402: [CMS2022-05-10T17:20:04.565+0800: 69.427: [CMS-concurrent-mark: 0.024/0.027 secs] [Times: user=0.03 sys=0.00, real=0.03 secs] 
 (concurrent mode failure): 207774K->12463K(341376K), 0.1063362 secs] 210506K->12463K(494976K), [Metaspace: 34885K->34885K(1081344K)], 0.1075453 secs] [Times: user=0.11 sys=0.00, real=0.11 secs] 
2022-05-10T17:20:04.647+0800: 69.508: Total time for which application threads were stopped: 0.1077640 seconds, Stopping threads took: 0.0000235 seconds
2022-05-10T17:20:04.666+0800: 69.528: Application time: 0.0203273 seconds
2022-05-10T17:20:04.667+0800: 69.529: [GC (Allocation Failure) 2022-05-10T17:20:04.667+0800: 69.529: [ParNew: 2731K->26K(153600K), 0.0014635 secs]2022-05-10T17:20:04.669+0800: 69.530: [CMS: 207776K->12461K(341376K), 0.0922491 secs] 210507K->12461K(494976K), [Metaspace: 34885K->34885K(1081344K)], 0.0940052 secs] [Times: user=0.09 sys=0.00, real=0.09 secs] 
2022-05-10T17:20:04.762+0800: 69.623: Total time for which application threads were stopped: 0.0943371 seconds, Stopping threads took: 0.0000399 seconds
2022-05-10T17:20:04.762+0800: 69.624: Application time: 0.0008236 seconds
2022-05-10T17:20:04.780+0800: 69.642: [GC (CMS Initial Mark) [1 CMS-initial-mark: 207774K(341376K)] 211188K(494976K), 0.0007949 secs] [Times: user=0.00 sys=0.00, real=0.00 secs] 
2022-05-10T17:20:04.781+0800: 69.643: Total time for which application threads were stopped: 0.0190854 seconds, Stopping threads took: 0.0181268 seconds
2022-05-10T17:20:04.781+0800: 69.643: [CMS-concurrent-mark-start]
2022-05-10T17:20:04.781+0800: 69.643: Application time: 0.0000872 seconds
2022-05-10T17:20:04.781+0800: 69.643: [GC (Allocation Failure) 2022-05-10T17:20:04.781+0800: 69.643: [ParNew: 3414K->14K(153600K), 0.0010048 secs]2022-05-10T17:20:04.783+0800: 69.644: [CMS2022-05-10T17:20:04.812+0800: 69.674: [CMS-concurrent-mark: 0.021/0.032 secs] [Times: user=0.03 sys=0.00, real=0.03 secs] 
 (concurrent mode failure): 207774K->12462K(341376K), 0.1172815 secs] 211188K->12462K(494976K), [Metaspace: 34885K->34885K(1081344K)], 0.1187174 secs] [Times: user=0.13 sys=0.00, real=0.12 secs] 
2022-05-10T17:20:04.900+0800: 69.762: Total time for which application threads were stopped: 0.1191869 seconds, Stopping threads took: 0.0000451 seconds
2022-05-10T17:20:04.919+0800: 69.781: Application time: 0.0186279 seconds
2022-05-10T17:20:04.919+0800: 69.781: [GC (Allocation Failure) 2022-05-10T17:20:04.919+0800: 69.781: [ParNew: 2731K->16K(153600K), 0.0011532 secs]2022-05-10T17:20:04.921+0800: 69.782: [CMS: 207774K->12461K(341376K), 0.0949879 secs] 210506K->12461K(494976K), [Metaspace: 34885K->34885K(1081344K)], 0.0963952 secs] [Times: user=0.09 sys=0.00, real=0.10 secs] 
2022-05-10T17:20:05.016+0800: 69.877: Total time for which application threads were stopped: 0.0967517 seconds, Stopping threads took: 0.0000567 seconds
2022-05-10T17:20:05.016+0800: 69.877: Application time: 0.0000743 seconds
2022-05-10T17:20:05.035+0800: 69.897: [GC (CMS Initial Mark) [1 CMS-initial-mark: 207774K(341376K)] 210506K(494976K), 0.0007613 secs] [Times: user=0.00 sys=0.00, real=0.00 secs] 
2022-05-10T17:20:05.036+0800: 69.898: Total time for which application threads were stopped: 0.0203260 seconds, Stopping threads took: 0.0194041 seconds
2022-05-10T17:20:05.036+0800: 69.898: [CMS-concurrent-mark-start]
2022-05-10T17:20:05.036+0800: 69.898: Application time: 0.0000972 seconds
2022-05-10T17:20:05.037+0800: 69.898: [GC (Allocation Failure) 2022-05-10T17:20:05.037+0800: 69.898: [ParNew: 2731K->12K(153600K), 0.0009740 secs]2022-05-10T17:20:05.038+0800: 69.899: [CMS2022-05-10T17:20:05.065+0800: 69.926: [CMS-concurrent-mark: 0.020/0.029 secs] [Times: user=0.03 sys=0.00, real=0.03 secs] 
 (concurrent mode failure): 207774K->12464K(341376K), 0.1045369 secs] 210506K->12464K(494976K), [Metaspace: 34885K->34885K(1081344K)], 0.1057020 secs] [Times: user=0.11 sys=0.00, real=0.11 secs] 
2022-05-10T17:20:05.142+0800: 70.004: Total time for which application threads were stopped: 0.1060365 seconds, Stopping threads took: 0.0000872 seconds
2022-05-10T17:20:05.161+0800: 70.022: Application time: 0.0176256 seconds
2022-05-10T17:20:05.161+0800: 70.022: [GC (Allocation Failure) 2022-05-10T17:20:05.161+0800: 70.022: [ParNew: 2731K->24K(153600K), 0.0011422 secs]2022-05-10T17:20:05.162+0800: 70.023: [CMS: 207777K->12461K(341376K), 0.0837932 secs] 210508K->12461K(494976K), [Metaspace: 34885K->34885K(1081344K)], 0.0851628 secs] [Times: user=0.09 sys=0.00, real=0.09 secs] 
2022-05-10T17:20:05.246+0800: 70.107: Total time for which application threads were stopped: 0.0854399 seconds, Stopping threads took: 0.0000317 seconds
2022-05-10T17:20:05.246+0800: 70.107: Application time: 0.0000666 seconds
2022-05-10T17:20:05.265+0800: 70.126: [GC (CMS Initial Mark) [1 CMS-initial-mark: 207774K(341376K)] 210506K(494976K), 0.0007582 secs] [Times: user=0.00 sys=0.00, real=0.00 secs] 
2022-05-10T17:20:05.266+0800: 70.127: Total time for which application threads were stopped: 0.0201844 seconds, Stopping threads took: 0.0192712 seconds
2022-05-10T17:20:05.266+0800: 70.127: [CMS-concurrent-mark-start]
2022-05-10T17:20:05.266+0800: 70.127: Application time: 0.0000799 seconds
2022-05-10T17:20:05.266+0800: 70.127: [GC (Allocation Failure) 2022-05-10T17:20:05.266+0800: 70.127: [ParNew: 2731K->4K(153600K), 0.0010598 secs]2022-05-10T17:20:05.267+0800: 70.129: [CMS2022-05-10T17:20:05.303+0800: 70.165: [CMS-concurrent-mark: 0.023/0.037 secs] [Times: user=0.03 sys=0.00, real=0.04 secs] 
 (concurrent mode failure): 207774K->12463K(341376K), 0.1170776 secs] 210506K->12463K(494976K), [Metaspace: 34885K->34885K(1081344K)], 0.1183280 secs] [Times: user=0.13 sys=0.00, real=0.12 secs] 
2022-05-10T17:20:05.385+0800: 70.246: Total time for which application threads were stopped: 0.1185880 seconds, Stopping threads took: 0.0000246 seconds
2022-05-10T17:20:07.384+0800: 72.245: Application time: 1.9993995 seconds
2022-05-10T17:20:07.384+0800: 72.245: [GC (CMS Initial Mark) [1 CMS-initial-mark: 207776K(341376K)] 218714K(494976K), 0.0008243 secs] [Times: user=0.00 sys=0.00, real=0.00 secs] 
2022-05-10T17:20:07.385+0800: 72.246: Total time for which application threads were stopped: 0.0009969 seconds, Stopping threads took: 0.0000410 seconds
2022-05-10T17:20:07.385+0800: 72.246: [CMS-concurrent-mark-start]
2022-05-10T17:20:07.409+0800: 72.271: [CMS-concurrent-mark: 0.025/0.025 secs] [Times: user=0.03 sys=0.00, real=0.02 secs] 
2022-05-10T17:20:07.409+0800: 72.271: [CMS-concurrent-preclean-start]
2022-05-10T17:20:07.411+0800: 72.272: [CMS-concurrent-preclean: 0.001/0.001 secs] [Times: user=0.00 sys=0.00, real=0.00 secs] 
2022-05-10T17:20:07.411+0800: 72.272: [CMS-concurrent-abortable-preclean-start]
 CMS: abort preclean due to time 2022-05-10T17:20:12.448+0800: 77.309: [CMS-concurrent-abortable-preclean: 0.069/5.037 secs] [Times: user=0.09 sys=0.00, real=5.04 secs] 
2022-05-10T17:20:12.448+0800: 77.309: Application time: 5.0627409 seconds
2022-05-10T17:20:12.448+0800: 77.309: [GC (CMS Final Remark) [YG occupancy: 10938 K (153600 K)]2022-05-10T17:20:12.448+0800: 77.309: [Rescan (parallel) , 0.0010899 secs]2022-05-10T17:20:12.449+0800: 77.310: [weak refs processing, 0.0000706 secs]2022-05-10T17:20:12.449+0800: 77.310: [class unloading, 0.0056844 secs]2022-05-10T17:20:12.455+0800: 77.316: [scrub symbol table, 0.0096890 secs]2022-05-10T17:20:12.465+0800: 77.326: [scrub string table, 0.0006109 secs][1 CMS-remark: 207776K(341376K)] 218714K(494976K), 0.0173309 secs] [Times: user=0.02 sys=0.00, real=0.02 secs] 
2022-05-10T17:20:12.466+0800: 77.327: Total time for which application threads were stopped: 0.0174792 seconds, Stopping threads took: 0.0000315 seconds
2022-05-10T17:20:12.466+0800: 77.327: [CMS-concurrent-sweep-start]
2022-05-10T17:20:12.474+0800: 77.335: [CMS-concurrent-sweep: 0.008/0.008 secs] [Times: user=0.00 sys=0.00, real=0.01 secs] 
2022-05-10T17:20:12.474+0800: 77.335: [CMS-concurrent-reset-start]
2022-05-10T17:20:12.474+0800: 77.335: [CMS-concurrent-reset: 0.001/0.001 secs] [Times: user=0.00 sys=0.00, real=0.00 secs] 
2022-05-10T17:20:13.467+0800: 78.328: Application time: 1.0010844 seconds
2022-05-10T17:20:13.467+0800: 78.328: Total time for which application threads were stopped: 0.0001516 seconds, Stopping threads took: 0.0000562 seconds
2022-05-10T17:20:14.489+0800: 79.350: Application time: 1.0219355 seconds
2022-05-10T17:20:14.489+0800: 79.350: [GC (CMS Initial Mark) [1 CMS-initial-mark: 12448K(341376K)] 24274K(494976K), 0.0011890 secs] [Times: user=0.00 sys=0.00, real=0.00 secs] 
2022-05-10T17:20:14.490+0800: 79.351: Total time for which application threads were stopped: 0.0014002 seconds, Stopping threads took: 0.0000548 seconds
2022-05-10T17:20:14.490+0800: 79.351: [CMS-concurrent-mark-start]
2022-05-10T17:20:14.514+0800: 79.375: [CMS-concurrent-mark: 0.024/0.024 secs] [Times: user=0.06 sys=0.00, real=0.02 secs] 
2022-05-10T17:20:14.514+0800: 79.375: [CMS-concurrent-preclean-start]
2022-05-10T17:20:14.515+0800: 79.376: [CMS-concurrent-preclean: 0.001/0.001 secs] [Times: user=0.00 sys=0.00, real=0.00 secs] 
2022-05-10T17:20:14.515+0800: 79.376: [CMS-concurrent-abortable-preclean-start]
2022-05-10T17:20:15.622+0800: 80.484: Application time: 1.1323556 seconds
2022-05-10T17:20:15.623+0800: 80.484: Total time for which application threads were stopped: 0.0001150 seconds, Stopping threads took: 0.0000384 seconds
 CMS: abort preclean due to time 2022-05-10T17:20:19.589+0800: 84.450: [CMS-concurrent-abortable-preclean: 0.067/5.074 secs] [Times: user=0.08 sys=0.00, real=5.07 secs] 
2022-05-10T17:20:19.589+0800: 84.450: Application time: 3.9665411 seconds
2022-05-10T17:20:19.589+0800: 84.450: [GC (CMS Final Remark) [YG occupancy: 12509 K (153600 K)]2022-05-10T17:20:19.589+0800: 84.450: [Rescan (parallel) , 0.0009748 secs]2022-05-10T17:20:19.590+0800: 84.451: [weak refs processing, 0.0000735 secs]2022-05-10T17:20:19.590+0800: 84.451: [class unloading, 0.0054149 secs]2022-05-10T17:20:19.596+0800: 84.457: [scrub symbol table, 0.0098953 secs]2022-05-10T17:20:19.605+0800: 84.467: [scrub string table, 0.0007129 secs][1 CMS-remark: 12448K(341376K)] 24957K(494976K), 0.0172603 secs] [Times: user=0.02 sys=0.00, real=0.02 secs] 
2022-05-10T17:20:19.606+0800: 84.468: Total time for which application threads were stopped: 0.0173903 seconds, Stopping threads took: 0.0000284 seconds
2022-05-10T17:20:19.607+0800: 84.468: [CMS-concurrent-sweep-start]
2022-05-10T17:20:19.612+0800: 84.474: [CMS-concurrent-sweep: 0.006/0.006 secs] [Times: user=0.00 sys=0.00, real=0.00 secs] 
2022-05-10T17:20:19.612+0800: 84.474: [CMS-concurrent-reset-start]
2022-05-10T17:20:19.613+0800: 84.474: [CMS-concurrent-reset: 0.000/0.000 secs] [Times: user=0.00 sys=0.00, real=0.00 secs] 
2022-05-10T17:20:21.622+0800: 86.483: Application time: 2.0155529 seconds
2022-05-10T17:20:21.622+0800: 86.483: [GC (CMS Initial Mark) [1 CMS-initial-mark: 12446K(341376K)] 24955K(494976K), 0.0009482 secs] [Times: user=0.00 sys=0.00, real=0.00 secs] 
2022-05-10T17:20:21.623+0800: 86.484: Total time for which application threads were stopped: 0.0011203 seconds, Stopping threads took: 0.0000434 seconds
2022-05-10T17:20:21.623+0800: 86.484: [CMS-concurrent-mark-start]
2022-05-10T17:20:21.643+0800: 86.505: [CMS-concurrent-mark: 0.020/0.020 secs] [Times: user=0.03 sys=0.00, real=0.02 secs] 
2022-05-10T17:20:21.644+0800: 86.505: [CMS-concurrent-preclean-start]
2022-05-10T17:20:21.644+0800: 86.506: [CMS-concurrent-preclean: 0.001/0.001 secs] [Times: user=0.00 sys=0.00, real=0.00 secs] 
2022-05-10T17:20:21.644+0800: 86.506: [CMS-concurrent-abortable-preclean-start]
 CMS: abort preclean due to time 2022-05-10T17:20:26.708+0800: 91.569: [CMS-concurrent-abortable-preclean: 0.066/5.063 secs] [Times: user=0.06 sys=0.00, real=5.06 secs] 
2022-05-10T17:20:26.708+0800: 91.569: Application time: 5.0851421 seconds
2022-05-10T17:20:26.708+0800: 91.570: [GC (CMS Final Remark) [YG occupancy: 12509 K (153600 K)]2022-05-10T17:20:26.708+0800: 91.570: [Rescan (parallel) , 0.0010439 secs]2022-05-10T17:20:26.710+0800: 91.571: [weak refs processing, 0.0000446 secs]2022-05-10T17:20:26.710+0800: 91.571: [class unloading, 0.0036031 secs]2022-05-10T17:20:26.713+0800: 91.574: [scrub symbol table, 0.0090329 secs]2022-05-10T17:20:26.722+0800: 91.583: [scrub string table, 0.0006722 secs][1 CMS-remark: 12446K(341376K)] 24955K(494976K), 0.0145724 secs] [Times: user=0.02 sys=0.00, real=0.02 secs] 
2022-05-10T17:20:26.723+0800: 91.584: Total time for which application threads were stopped: 0.0147316 seconds, Stopping threads took: 0.0000367 seconds
2022-05-10T17:20:26.723+0800: 91.584: [CMS-concurrent-sweep-start]
2022-05-10T17:20:26.730+0800: 91.591: [CMS-concurrent-sweep: 0.007/0.007 secs] [Times: user=0.02 sys=0.00, real=0.01 secs] 
2022-05-10T17:20:26.730+0800: 91.591: [CMS-concurrent-reset-start]
2022-05-10T17:20:26.730+0800: 91.591: [CMS-concurrent-reset: 0.000/0.000 secs] [Times: user=0.00 sys=0.00, real=0.00 secs] 
2022-05-10T17:20:28.742+0800: 93.603: Application time: 2.0191238 seconds
2022-05-10T17:20:28.742+0800: 93.603: [GC (CMS Initial Mark) [1 CMS-initial-mark: 12444K(341376K)] 24953K(494976K), 0.0009043 secs] [Times: user=0.00 sys=0.00, real=0.00 secs] 
2022-05-10T17:20:28.743+0800: 93.604: Total time for which application threads were stopped: 0.0010824 seconds, Stopping threads took: 0.0000378 seconds
2022-05-10T17:20:28.743+0800: 93.604: [CMS-concurrent-mark-start]
2022-05-10T17:20:28.760+0800: 93.621: [CMS-concurrent-mark: 0.017/0.017 secs] [Times: user=0.03 sys=0.00, real=0.02 secs] 
2022-05-10T17:20:28.760+0800: 93.621: [CMS-concurrent-preclean-start]
2022-05-10T17:20:28.761+0800: 93.622: [CMS-concurrent-preclean: 0.001/0.001 secs] [Times: user=0.00 sys=0.00, real=0.00 secs] 
2022-05-10T17:20:28.761+0800: 93.622: [CMS-concurrent-abortable-preclean-start]
 CMS: abort preclean due to time 2022-05-10T17:20:33.811+0800: 98.673: [CMS-concurrent-abortable-preclean: 0.066/5.050 secs] [Times: user=0.03 sys=0.00, real=5.05 secs] 
2022-05-10T17:20:33.811+0800: 98.673: Application time: 5.0684843 seconds
2022-05-10T17:20:33.811+0800: 98.673: [GC (CMS Final Remark) [YG occupancy: 12509 K (153600 K)]2022-05-10T17:20:33.811+0800: 98.673: [Rescan (parallel) , 0.0010651 secs]2022-05-10T17:20:33.813+0800: 98.674: [weak refs processing, 0.0000521 secs]2022-05-10T17:20:33.813+0800: 98.674: [class unloading, 0.0037672 secs]2022-05-10T17:20:33.816+0800: 98.678: [scrub symbol table, 0.0096587 secs]2022-05-10T17:20:33.826+0800: 98.688: [scrub string table, 0.0005469 secs][1 CMS-remark: 12444K(341376K)] 24953K(494976K), 0.0152476 secs] [Times: user=0.02 sys=0.00, real=0.01 secs] 
2022-05-10T17:20:33.826+0800: 98.688: Total time for which application threads were stopped: 0.0153698 seconds, Stopping threads took: 0.0000296 seconds
2022-05-10T17:20:33.826+0800: 98.688: [CMS-concurrent-sweep-start]
2022-05-10T17:20:33.832+0800: 98.694: [CMS-concurrent-sweep: 0.005/0.005 secs] [Times: user=0.00 sys=0.00, real=0.01 secs] 
2022-05-10T17:20:33.832+0800: 98.694: [CMS-concurrent-reset-start]
2022-05-10T17:20:33.833+0800: 98.694: [CMS-concurrent-reset: 0.000/0.000 secs] [Times: user=0.00 sys=0.00, real=0.00 secs] 
2022-05-10T17:20:35.844+0800: 100.705: Application time: 2.0172582 seconds
2022-05-10T17:20:35.844+0800: 100.706: [GC (CMS Initial Mark) [1 CMS-initial-mark: 12444K(341376K)] 24953K(494976K), 0.0010364 secs] [Times: user=0.00 sys=0.00, real=0.00 secs] 
2022-05-10T17:20:35.845+0800: 100.707: Total time for which application threads were stopped: 0.0012241 seconds, Stopping threads took: 0.0000457 seconds
2022-05-10T17:20:35.845+0800: 100.707: [CMS-concurrent-mark-start]
2022-05-10T17:20:35.866+0800: 100.728: [CMS-concurrent-mark: 0.022/0.022 secs] [Times: user=0.03 sys=0.00, real=0.02 secs] 
2022-05-10T17:20:35.867+0800: 100.728: [CMS-concurrent-preclean-start]
2022-05-10T17:20:35.869+0800: 100.730: [CMS-concurrent-preclean: 0.001/0.001 secs] [Times: user=0.00 sys=0.00, real=0.00 secs] 
2022-05-10T17:20:35.869+0800: 100.730: [CMS-concurrent-abortable-preclean-start]
 CMS: abort preclean due to time 2022-05-10T17:20:40.934+0800: 105.795: [CMS-concurrent-abortable-preclean: 0.065/5.065 secs] [Times: user=0.03 sys=0.00, real=5.07 secs] 
2022-05-10T17:20:40.934+0800: 105.795: Application time: 5.0884613 seconds
2022-05-10T17:20:40.934+0800: 105.795: [GC (CMS Final Remark) [YG occupancy: 12509 K (153600 K)]2022-05-10T17:20:40.934+0800: 105.795: [Rescan (parallel) , 0.0010607 secs]2022-05-10T17:20:40.935+0800: 105.796: [weak refs processing, 0.0000629 secs]2022-05-10T17:20:40.935+0800: 105.796: [class unloading, 0.0041443 secs]2022-05-10T17:20:40.939+0800: 105.801: [scrub symbol table, 0.0084693 secs]2022-05-10T17:20:40.948+0800: 105.809: [scrub string table, 0.0007392 secs][1 CMS-remark: 12444K(341376K)] 24953K(494976K), 0.0146670 secs] [Times: user=0.02 sys=0.00, real=0.01 secs] 
2022-05-10T17:20:40.949+0800: 105.810: Total time for which application threads were stopped: 0.0147954 seconds, Stopping threads took: 0.0000337 seconds
2022-05-10T17:20:40.949+0800: 105.810: [CMS-concurrent-sweep-start]
2022-05-10T17:20:40.956+0800: 105.817: [CMS-concurrent-sweep: 0.007/0.007 secs] [Times: user=0.00 sys=0.00, real=0.01 secs] 
2022-05-10T17:20:40.956+0800: 105.817: [CMS-concurrent-reset-start]
2022-05-10T17:20:40.957+0800: 105.818: [CMS-concurrent-reset: 0.000/0.000 secs] [Times: user=0.00 sys=0.00, real=0.00 secs] 
2022-05-10T17:20:42.965+0800: 107.826: Application time: 2.0161924 seconds
2022-05-10T17:20:42.965+0800: 107.826: [GC (CMS Initial Mark) [1 CMS-initial-mark: 12443K(341376K)] 24952K(494976K), 0.0010195 secs] [Times: user=0.00 sys=0.00, real=0.00 secs] 
2022-05-10T17:20:42.966+0800: 107.827: Total time for which application threads were stopped: 0.0012317 seconds, Stopping threads took: 0.0000452 seconds
2022-05-10T17:20:42.966+0800: 107.827: [CMS-concurrent-mark-start]
2022-05-10T17:20:42.983+0800: 107.845: [CMS-concurrent-mark: 0.017/0.017 secs] [Times: user=0.03 sys=0.00, real=0.02 secs] 
2022-05-10T17:20:42.983+0800: 107.845: [CMS-concurrent-preclean-start]
2022-05-10T17:20:42.984+0800: 107.846: [CMS-concurrent-preclean: 0.001/0.001 secs] [Times: user=0.00 sys=0.00, real=0.00 secs] 
2022-05-10T17:20:42.984+0800: 107.846: [CMS-concurrent-abortable-preclean-start]
 CMS: abort preclean due to time 2022-05-10T17:20:48.053+0800: 112.914: [CMS-concurrent-abortable-preclean: 0.065/5.069 secs] [Times: user=0.05 sys=0.00, real=5.07 secs] 
2022-05-10T17:20:48.053+0800: 112.914: Application time: 5.0870120 seconds
2022-05-10T17:20:48.053+0800: 112.915: [GC (CMS Final Remark) [YG occupancy: 12509 K (153600 K)]2022-05-10T17:20:48.053+0800: 112.915: [Rescan (parallel) , 0.0012927 secs]2022-05-10T17:20:48.055+0800: 112.916: [weak refs processing, 0.0000540 secs]2022-05-10T17:20:48.055+0800: 112.916: [class unloading, 0.0049082 secs]2022-05-10T17:20:48.059+0800: 112.921: [scrub symbol table, 0.0087963 secs]2022-05-10T17:20:48.068+0800: 112.930: [scrub string table, 0.0007401 secs][1 CMS-remark: 12443K(341376K)] 24952K(494976K), 0.0159705 secs] [Times: user=0.11 sys=0.00, real=0.02 secs] 
2022-05-10T17:20:48.070+0800: 112.931: Total time for which application threads were stopped: 0.0161332 seconds, Stopping threads took: 0.0000396 seconds
2022-05-10T17:20:48.070+0800: 112.931: [CMS-concurrent-sweep-start]
2022-05-10T17:20:48.077+0800: 112.939: [CMS-concurrent-sweep: 0.008/0.008 secs] [Times: user=0.02 sys=0.00, real=0.01 secs] 
2022-05-10T17:20:48.077+0800: 112.939: [CMS-concurrent-reset-start]
2022-05-10T17:20:48.077+0800: 112.939: [CMS-concurrent-reset: 0.000/0.000 secs] [Times: user=0.00 sys=0.00, real=0.00 secs] 
2022-05-10T17:20:50.083+0800: 114.944: Application time: 2.0133009 seconds
2022-05-10T17:20:50.083+0800: 114.944: [GC (CMS Initial Mark) [1 CMS-initial-mark: 12442K(341376K)] 24952K(494976K), 0.0010980 secs] [Times: user=0.00 sys=0.00, real=0.00 secs] 
2022-05-10T17:20:50.084+0800: 114.945: Total time for which application threads were stopped: 0.0012959 seconds, Stopping threads took: 0.0000426 seconds
2022-05-10T17:20:50.084+0800: 114.945: [CMS-concurrent-mark-start]
2022-05-10T17:20:50.103+0800: 114.965: [CMS-concurrent-mark: 0.019/0.019 secs] [Times: user=0.06 sys=0.00, real=0.02 secs] 
2022-05-10T17:20:50.104+0800: 114.965: [CMS-concurrent-preclean-start]
2022-05-10T17:20:50.104+0800: 114.965: [CMS-concurrent-preclean: 0.001/0.001 secs] [Times: user=0.00 sys=0.00, real=0.00 secs] 
2022-05-10T17:20:50.104+0800: 114.966: [CMS-concurrent-abortable-preclean-start]
 CMS: abort preclean due to time 2022-05-10T17:20:55.160+0800: 120.021: [CMS-concurrent-abortable-preclean: 0.053/5.056 secs] [Times: user=0.02 sys=0.00, real=5.06 secs] 
2022-05-10T17:20:55.160+0800: 120.021: Application time: 5.0761894 seconds
2022-05-10T17:20:55.160+0800: 120.021: [GC (CMS Final Remark) [YG occupancy: 12509 K (153600 K)]2022-05-10T17:20:55.160+0800: 120.021: [Rescan (parallel) , 0.0011104 secs]2022-05-10T17:20:55.161+0800: 120.023: [weak refs processing, 0.0000490 secs]2022-05-10T17:20:55.161+0800: 120.023: [class unloading, 0.0032969 secs]2022-05-10T17:20:55.165+0800: 120.026: [scrub symbol table, 0.0053550 secs]2022-05-10T17:20:55.170+0800: 120.031: [scrub string table, 0.0005402 secs][1 CMS-remark: 12442K(341376K)] 24952K(494976K), 0.0104714 secs] [Times: user=0.02 sys=0.00, real=0.01 secs] 
2022-05-10T17:20:55.171+0800: 120.032: Total time for which application threads were stopped: 0.0105817 seconds, Stopping threads took: 0.0000241 seconds
2022-05-10T17:20:55.171+0800: 120.032: [CMS-concurrent-sweep-start]
2022-05-10T17:20:55.176+0800: 120.038: [CMS-concurrent-sweep: 0.006/0.006 secs] [Times: user=0.00 sys=0.00, real=0.01 secs] 
2022-05-10T17:20:55.176+0800: 120.038: [CMS-concurrent-reset-start]
2022-05-10T17:20:55.177+0800: 120.038: [CMS-concurrent-reset: 0.000/0.000 secs] [Times: user=0.00 sys=0.00, real=0.00 secs] 
2022-05-10T17:20:57.186+0800: 122.047: Application time: 2.0150225 seconds
2022-05-10T17:20:57.186+0800: 122.047: [GC (CMS Initial Mark) [1 CMS-initial-mark: 12442K(341376K)] 24952K(494976K), 0.0010164 secs] [Times: user=0.00 sys=0.00, real=0.00 secs] 
2022-05-10T17:20:57.187+0800: 122.048: Total time for which application threads were stopped: 0.0011725 seconds, Stopping threads took: 0.0000355 seconds
2022-05-10T17:20:57.187+0800: 122.048: [CMS-concurrent-mark-start]
2022-05-10T17:20:57.205+0800: 122.066: [CMS-concurrent-mark: 0.018/0.018 secs] [Times: user=0.03 sys=0.00, real=0.02 secs] 
2022-05-10T17:20:57.205+0800: 122.066: [CMS-concurrent-preclean-start]
2022-05-10T17:20:57.206+0800: 122.067: [CMS-concurrent-preclean: 0.001/0.001 secs] [Times: user=0.00 sys=0.00, real=0.00 secs] 
2022-05-10T17:20:57.206+0800: 122.067: [CMS-concurrent-abortable-preclean-start]
 CMS: abort preclean due to time 2022-05-10T17:21:02.263+0800: 127.124: [CMS-concurrent-abortable-preclean: 0.059/5.057 secs] [Times: user=0.06 sys=0.00, real=5.06 secs] 
2022-05-10T17:21:02.263+0800: 127.124: Application time: 5.0763271 seconds
2022-05-10T17:21:02.263+0800: 127.125: [GC (CMS Final Remark) [YG occupancy: 12509 K (153600 K)]2022-05-10T17:21:02.263+0800: 127.125: [Rescan (parallel) , 0.0027582 secs]2022-05-10T17:21:02.266+0800: 127.128: [weak refs processing, 0.0000966 secs]2022-05-10T17:21:02.266+0800: 127.128: [class unloading, 0.0053509 secs]2022-05-10T17:21:02.271+0800: 127.133: [scrub symbol table, 0.0080627 secs]2022-05-10T17:21:02.279+0800: 127.141: [scrub string table, 0.0008166 secs][1 CMS-remark: 12442K(341376K)] 24952K(494976K), 0.0173128 secs] [Times: user=0.02 sys=0.00, real=0.02 secs] 
2022-05-10T17:21:02.281+0800: 127.142: Total time for which application threads were stopped: 0.0174990 seconds, Stopping threads took: 0.0000473 seconds
2022-05-10T17:21:02.281+0800: 127.142: [CMS-concurrent-sweep-start]
2022-05-10T17:21:02.286+0800: 127.147: [CMS-concurrent-sweep: 0.005/0.005 secs] [Times: user=0.00 sys=0.00, real=0.01 secs] 
2022-05-10T17:21:02.286+0800: 127.147: [CMS-concurrent-reset-start]
2022-05-10T17:21:02.286+0800: 127.148: [CMS-concurrent-reset: 0.000/0.000 secs] [Times: user=0.00 sys=0.00, real=0.00 secs] 
2022-05-10T17:21:04.288+0800: 129.149: Application time: 2.0071948 seconds
2022-05-10T17:21:04.288+0800: 129.149: [GC (CMS Initial Mark) [1 CMS-initial-mark: 12442K(341376K)] 24952K(494976K), 0.0015080 secs] [Times: user=0.03 sys=0.00, real=0.00 secs] 
2022-05-10T17:21:04.289+0800: 129.151: Total time for which application threads were stopped: 0.0017679 seconds, Stopping threads took: 0.0000543 seconds
2022-05-10T17:21:04.289+0800: 129.151: [CMS-concurrent-mark-start]
2022-05-10T17:21:04.311+0800: 129.173: [CMS-concurrent-mark: 0.022/0.022 secs] [Times: user=0.03 sys=0.00, real=0.02 secs] 
2022-05-10T17:21:04.312+0800: 129.173: [CMS-concurrent-preclean-start]
2022-05-10T17:21:04.313+0800: 129.174: [CMS-concurrent-preclean: 0.001/0.001 secs] [Times: user=0.00 sys=0.00, real=0.00 secs] 
2022-05-10T17:21:04.313+0800: 129.174: [CMS-concurrent-abortable-preclean-start]
 CMS: abort preclean due to time 2022-05-10T17:21:09.367+0800: 134.228: [CMS-concurrent-abortable-preclean: 0.053/5.054 secs] [Times: user=0.06 sys=0.00, real=5.05 secs] 
2022-05-10T17:21:09.367+0800: 134.228: Application time: 5.0770344 seconds
2022-05-10T17:21:09.367+0800: 134.228: [GC (CMS Final Remark) [YG occupancy: 12509 K (153600 K)]2022-05-10T17:21:09.367+0800: 134.228: [Rescan (parallel) , 0.0011694 secs]2022-05-10T17:21:09.368+0800: 134.229: [weak refs processing, 0.0000487 secs]2022-05-10T17:21:09.368+0800: 134.229: [class unloading, 0.0029193 secs]2022-05-10T17:21:09.371+0800: 134.232: [scrub symbol table, 0.0047891 secs]2022-05-10T17:21:09.376+0800: 134.237: [scrub string table, 0.0006789 secs][1 CMS-remark: 12442K(341376K)] 24952K(494976K), 0.0097332 secs] [Times: user=0.00 sys=0.00, real=0.01 secs] 
2022-05-10T17:21:09.377+0800: 134.238: Total time for which application threads were stopped: 0.0098480 seconds, Stopping threads took: 0.0000322 seconds
2022-05-10T17:21:09.377+0800: 134.238: [CMS-concurrent-sweep-start]
2022-05-10T17:21:09.381+0800: 134.242: [CMS-concurrent-sweep: 0.004/0.004 secs] [Times: user=0.00 sys=0.00, real=0.00 secs] 
2022-05-10T17:21:09.381+0800: 134.242: [CMS-concurrent-reset-start]
2022-05-10T17:21:09.381+0800: 134.243: [CMS-concurrent-reset: 0.000/0.000 secs] [Times: user=0.00 sys=0.00, real=0.00 secs] 
2022-05-10T17:21:11.390+0800: 136.251: Application time: 2.0130311 seconds
2022-05-10T17:21:11.390+0800: 136.251: [GC (CMS Initial Mark) [1 CMS-initial-mark: 12442K(341376K)] 24952K(494976K), 0.0010915 secs] [Times: user=0.00 sys=0.00, real=0.00 secs] 
2022-05-10T17:21:11.391+0800: 136.252: Total time for which application threads were stopped: 0.0012983 seconds, Stopping threads took: 0.0000430 seconds
2022-05-10T17:21:11.391+0800: 136.252: [CMS-concurrent-mark-start]
2022-05-10T17:21:11.404+0800: 136.266: [CMS-concurrent-mark: 0.013/0.013 secs] [Times: user=0.03 sys=0.00, real=0.01 secs] 
2022-05-10T17:21:11.405+0800: 136.266: [CMS-concurrent-preclean-start]
2022-05-10T17:21:11.406+0800: 136.267: [CMS-concurrent-preclean: 0.001/0.001 secs] [Times: user=0.00 sys=0.00, real=0.00 secs] 
2022-05-10T17:21:11.406+0800: 136.267: [CMS-concurrent-abortable-preclean-start]
 CMS: abort preclean due to time 2022-05-10T17:21:16.461+0800: 141.322: [CMS-concurrent-abortable-preclean: 0.054/5.055 secs] [Times: user=0.06 sys=0.00, real=5.06 secs] 
2022-05-10T17:21:16.461+0800: 141.322: Application time: 5.0700847 seconds
2022-05-10T17:21:16.461+0800: 141.322: [GC (CMS Final Remark) [YG occupancy: 12509 K (153600 K)]2022-05-10T17:21:16.461+0800: 141.322: [Rescan (parallel) , 0.0012948 secs]2022-05-10T17:21:16.463+0800: 141.324: [weak refs processing, 0.0000437 secs]2022-05-10T17:21:16.463+0800: 141.324: [class unloading, 0.0032699 secs]2022-05-10T17:21:16.466+0800: 141.327: [scrub symbol table, 0.0049179 secs]2022-05-10T17:21:16.471+0800: 141.332: [scrub string table, 0.0004079 secs][1 CMS-remark: 12442K(341376K)] 24952K(494976K), 0.0100516 secs] [Times: user=0.00 sys=0.00, real=0.01 secs] 
2022-05-10T17:21:16.471+0800: 141.332: Total time for which application threads were stopped: 0.0101617 seconds, Stopping threads took: 0.0000293 seconds
2022-05-10T17:21:16.472+0800: 141.333: [CMS-concurrent-sweep-start]
2022-05-10T17:21:16.475+0800: 141.337: [CMS-concurrent-sweep: 0.004/0.004 secs] [Times: user=0.00 sys=0.00, real=0.00 secs] 
2022-05-10T17:21:16.475+0800: 141.337: [CMS-concurrent-reset-start]
2022-05-10T17:21:16.475+0800: 141.337: [CMS-concurrent-reset: 0.000/0.000 secs] [Times: user=0.00 sys=0.00, real=0.00 secs] 
2022-05-10T17:21:18.484+0800: 143.345: Application time: 2.0124236 seconds
2022-05-10T17:21:18.484+0800: 143.345: [GC (CMS Initial Mark) [1 CMS-initial-mark: 12442K(341376K)] 24952K(494976K), 0.0009573 secs] [Times: user=0.00 sys=0.00, real=0.00 secs] 
2022-05-10T17:21:18.485+0800: 143.346: Total time for which application threads were stopped: 0.0011013 seconds, Stopping threads took: 0.0000328 seconds
2022-05-10T17:21:18.485+0800: 143.346: [CMS-concurrent-mark-start]
2022-05-10T17:21:18.502+0800: 143.363: [CMS-concurrent-mark: 0.017/0.017 secs] [Times: user=0.03 sys=0.00, real=0.02 secs] 
2022-05-10T17:21:18.502+0800: 143.363: [CMS-concurrent-preclean-start]
2022-05-10T17:21:18.503+0800: 143.364: [CMS-concurrent-preclean: 0.001/0.001 secs] [Times: user=0.00 sys=0.00, real=0.00 secs] 
2022-05-10T17:21:18.503+0800: 143.364: [CMS-concurrent-abortable-preclean-start]
 CMS: abort preclean due to time 2022-05-10T17:21:23.563+0800: 148.425: [CMS-concurrent-abortable-preclean: 0.055/5.061 secs] [Times: user=0.00 sys=0.00, real=5.06 secs] 
2022-05-10T17:21:23.564+0800: 148.425: Application time: 5.0790618 seconds
2022-05-10T17:21:23.564+0800: 148.425: [GC (CMS Final Remark) [YG occupancy: 12509 K (153600 K)]2022-05-10T17:21:23.564+0800: 148.425: [Rescan (parallel) , 0.0012105 secs]2022-05-10T17:21:23.565+0800: 148.426: [weak refs processing, 0.0000374 secs]2022-05-10T17:21:23.565+0800: 148.426: [class unloading, 0.0035419 secs]2022-05-10T17:21:23.569+0800: 148.430: [scrub symbol table, 0.0057325 secs]2022-05-10T17:21:23.574+0800: 148.436: [scrub string table, 0.0005835 secs][1 CMS-remark: 12442K(341376K)] 24952K(494976K), 0.0112471 secs] [Times: user=0.02 sys=0.00, real=0.01 secs] 
2022-05-10T17:21:23.575+0800: 148.436: Total time for which application threads were stopped: 0.0113462 seconds, Stopping threads took: 0.0000208 seconds
2022-05-10T17:21:23.575+0800: 148.436: [CMS-concurrent-sweep-start]
2022-05-10T17:21:23.580+0800: 148.441: [CMS-concurrent-sweep: 0.005/0.005 secs] [Times: user=0.00 sys=0.00, real=0.00 secs] 
2022-05-10T17:21:23.580+0800: 148.441: [CMS-concurrent-reset-start]
2022-05-10T17:21:23.581+0800: 148.442: [CMS-concurrent-reset: 0.000/0.000 secs] [Times: user=0.00 sys=0.00, real=0.00 secs] 
2022-05-10T17:21:25.584+0800: 150.445: Application time: 2.0084201 seconds
2022-05-10T17:21:25.584+0800: 150.445: [GC (CMS Initial Mark) [1 CMS-initial-mark: 12442K(341376K)] 24952K(494976K), 0.0010807 secs] [Times: user=0.00 sys=0.00, real=0.00 secs] 
2022-05-10T17:21:25.585+0800: 150.446: Total time for which application threads were stopped: 0.0013229 seconds, Stopping threads took: 0.0000741 seconds
2022-05-10T17:21:25.585+0800: 150.446: [CMS-concurrent-mark-start]
2022-05-10T17:21:25.598+0800: 150.459: [CMS-concurrent-mark: 0.013/0.013 secs] [Times: user=0.03 sys=0.00, real=0.01 secs] 
2022-05-10T17:21:25.598+0800: 150.459: [CMS-concurrent-preclean-start]
2022-05-10T17:21:25.599+0800: 150.460: [CMS-concurrent-preclean: 0.001/0.001 secs] [Times: user=0.00 sys=0.00, real=0.00 secs] 
2022-05-10T17:21:25.599+0800: 150.460: [CMS-concurrent-abortable-preclean-start]
 CMS: abort preclean due to time 2022-05-10T17:21:30.675+0800: 155.536: [CMS-concurrent-abortable-preclean: 0.052/5.075 secs] [Times: user=0.02 sys=0.00, real=5.08 secs] 
2022-05-10T17:21:30.675+0800: 155.536: Application time: 5.0898859 seconds
2022-05-10T17:21:30.675+0800: 155.536: [GC (CMS Final Remark) [YG occupancy: 12509 K (153600 K)]2022-05-10T17:21:30.675+0800: 155.536: [Rescan (parallel) , 0.0011930 secs]2022-05-10T17:21:30.676+0800: 155.537: [weak refs processing, 0.0000355 secs]2022-05-10T17:21:30.676+0800: 155.537: [class unloading, 0.0033437 secs]2022-05-10T17:21:30.679+0800: 155.541: [scrub symbol table, 0.0053038 secs]2022-05-10T17:21:30.684+0800: 155.546: [scrub string table, 0.0006953 secs][1 CMS-remark: 12442K(341376K)] 24952K(494976K), 0.0107243 secs] [Times: user=0.01 sys=0.00, real=0.01 secs] 
2022-05-10T17:21:30.685+0800: 155.547: Total time for which application threads were stopped: 0.0108354 seconds, Stopping threads took: 0.0000224 seconds
2022-05-10T17:21:30.685+0800: 155.547: [CMS-concurrent-sweep-start]
2022-05-10T17:21:30.691+0800: 155.553: [CMS-concurrent-sweep: 0.006/0.006 secs] [Times: user=0.00 sys=0.00, real=0.01 secs] 
2022-05-10T17:21:30.691+0800: 155.553: [CMS-concurrent-reset-start]
2022-05-10T17:21:30.691+0800: 155.553: [CMS-concurrent-reset: 0.000/0.000 secs] [Times: user=0.00 sys=0.00, real=0.00 secs] 
2022-05-10T17:21:32.704+0800: 157.565: Application time: 2.0183879 seconds
2022-05-10T17:21:32.704+0800: 157.565: [GC (CMS Initial Mark) [1 CMS-initial-mark: 12442K(341376K)] 24952K(494976K), 0.0010880 secs] [Times: user=0.00 sys=0.00, real=0.00 secs] 
2022-05-10T17:21:32.705+0800: 157.567: Total time for which application threads were stopped: 0.0013010 seconds, Stopping threads took: 0.0000665 seconds
2022-05-10T17:21:32.706+0800: 157.567: [CMS-concurrent-mark-start]
2022-05-10T17:21:32.727+0800: 157.588: [CMS-concurrent-mark: 0.022/0.022 secs] [Times: user=0.06 sys=0.00, real=0.02 secs] 
2022-05-10T17:21:32.727+0800: 157.588: [CMS-concurrent-preclean-start]
2022-05-10T17:21:32.728+0800: 157.589: [CMS-concurrent-preclean: 0.001/0.001 secs] [Times: user=0.00 sys=0.00, real=0.00 secs] 
2022-05-10T17:21:32.728+0800: 157.590: [CMS-concurrent-abortable-preclean-start]
 CMS: abort preclean due to time 2022-05-10T17:21:37.768+0800: 162.629: [CMS-concurrent-abortable-preclean: 0.053/5.039 secs] [Times: user=0.02 sys=0.00, real=5.04 secs] 
2022-05-10T17:21:37.768+0800: 162.629: Application time: 5.0622239 seconds
2022-05-10T17:21:37.768+0800: 162.629: [GC (CMS Final Remark) [YG occupancy: 12509 K (153600 K)]2022-05-10T17:21:37.768+0800: 162.629: [Rescan (parallel) , 0.0011921 secs]2022-05-10T17:21:37.769+0800: 162.630: [weak refs processing, 0.0000349 secs]2022-05-10T17:21:37.769+0800: 162.630: [class unloading, 0.0027955 secs]2022-05-10T17:21:37.772+0800: 162.633: [scrub symbol table, 0.0061812 secs]2022-05-10T17:21:37.778+0800: 162.639: [scrub string table, 0.0004591 secs][1 CMS-remark: 12442K(341376K)] 24952K(494976K), 0.0107747 secs] [Times: user=0.02 sys=0.00, real=0.01 secs] 
2022-05-10T17:21:37.779+0800: 162.640: Total time for which application threads were stopped: 0.0108671 seconds, Stopping threads took: 0.0000200 seconds
2022-05-10T17:21:37.779+0800: 162.640: [CMS-concurrent-sweep-start]
2022-05-10T17:21:37.784+0800: 162.645: [CMS-concurrent-sweep: 0.005/0.005 secs] [Times: user=0.00 sys=0.00, real=0.00 secs] 
2022-05-10T17:21:37.784+0800: 162.645: [CMS-concurrent-reset-start]
2022-05-10T17:21:37.784+0800: 162.645: [CMS-concurrent-reset: 0.000/0.000 secs] [Times: user=0.00 sys=0.00, real=0.00 secs] 
2022-05-10T17:21:39.789+0800: 164.650: Application time: 2.0101247 seconds
2022-05-10T17:21:39.789+0800: 164.650: [GC (CMS Initial Mark) [1 CMS-initial-mark: 12442K(341376K)] 24952K(494976K), 0.0012862 secs] [Times: user=0.00 sys=0.00, real=0.00 secs] 
2022-05-10T17:21:39.790+0800: 164.651: Total time for which application threads were stopped: 0.0014152 seconds, Stopping threads took: 0.0000342 seconds
2022-05-10T17:21:39.790+0800: 164.651: [CMS-concurrent-mark-start]
2022-05-10T17:21:39.806+0800: 164.668: [CMS-concurrent-mark: 0.016/0.016 secs] [Times: user=0.03 sys=0.00, real=0.02 secs] 
2022-05-10T17:21:39.807+0800: 164.668: [CMS-concurrent-preclean-start]
2022-05-10T17:21:39.808+0800: 164.669: [CMS-concurrent-preclean: 0.001/0.001 secs] [Times: user=0.00 sys=0.00, real=0.00 secs] 
2022-05-10T17:21:39.808+0800: 164.669: [CMS-concurrent-abortable-preclean-start]
 CMS: abort preclean due to time 2022-05-10T17:21:44.848+0800: 169.709: [CMS-concurrent-abortable-preclean: 0.057/5.040 secs] [Times: user=0.00 sys=0.00, real=5.04 secs] 
2022-05-10T17:21:44.848+0800: 169.709: Application time: 5.0578113 seconds
2022-05-10T17:21:44.848+0800: 169.709: [GC (CMS Final Remark) [YG occupancy: 12509 K (153600 K)]2022-05-10T17:21:44.848+0800: 169.709: [Rescan (parallel) , 0.0013350 secs]2022-05-10T17:21:44.849+0800: 169.710: [weak refs processing, 0.0000543 secs]2022-05-10T17:21:44.849+0800: 169.711: [class unloading, 0.0032575 secs]2022-05-10T17:21:44.853+0800: 169.714: [scrub symbol table, 0.0055320 secs]2022-05-10T17:21:44.858+0800: 169.719: [scrub string table, 0.0006383 secs][1 CMS-remark: 12442K(341376K)] 24952K(494976K), 0.0109643 secs] [Times: user=0.02 sys=0.00, real=0.01 secs] 
2022-05-10T17:21:44.859+0800: 169.720: Total time for which application threads were stopped: 0.0110712 seconds, Stopping threads took: 0.0000229 seconds
2022-05-10T17:21:44.859+0800: 169.720: [CMS-concurrent-sweep-start]
2022-05-10T17:21:44.864+0800: 169.726: [CMS-concurrent-sweep: 0.005/0.005 secs] [Times: user=0.00 sys=0.00, real=0.01 secs] 
2022-05-10T17:21:44.864+0800: 169.726: [CMS-concurrent-reset-start]
2022-05-10T17:21:44.865+0800: 169.726: [CMS-concurrent-reset: 0.000/0.000 secs] [Times: user=0.00 sys=0.00, real=0.00 secs] 
2022-05-10T17:21:46.874+0800: 171.735: Application time: 2.0149188 seconds
2022-05-10T17:21:46.874+0800: 171.735: [GC (CMS Initial Mark) [1 CMS-initial-mark: 12442K(341376K)] 24952K(494976K), 0.0011572 secs] [Times: user=0.00 sys=0.00, real=0.00 secs] 
2022-05-10T17:21:46.875+0800: 171.736: Total time for which application threads were stopped: 0.0013146 seconds, Stopping threads took: 0.0000417 seconds
2022-05-10T17:21:46.875+0800: 171.736: [CMS-concurrent-mark-start]
2022-05-10T17:21:46.890+0800: 171.751: [CMS-concurrent-mark: 0.015/0.015 secs] [Times: user=0.03 sys=0.00, real=0.02 secs] 
2022-05-10T17:21:46.890+0800: 171.751: [CMS-concurrent-preclean-start]
2022-05-10T17:21:46.891+0800: 171.752: [CMS-concurrent-preclean: 0.001/0.001 secs] [Times: user=0.00 sys=0.00, real=0.00 secs] 
2022-05-10T17:21:46.891+0800: 171.752: [CMS-concurrent-abortable-preclean-start]
 CMS: abort preclean due to time 2022-05-10T17:21:51.926+0800: 176.787: [CMS-concurrent-abortable-preclean: 0.055/5.035 secs] [Times: user=0.00 sys=0.00, real=5.04 secs] 
2022-05-10T17:21:51.926+0800: 176.787: Application time: 5.0507747 seconds
2022-05-10T17:21:51.926+0800: 176.787: [GC (CMS Final Remark) [YG occupancy: 12509 K (153600 K)]2022-05-10T17:21:51.926+0800: 176.787: [Rescan (parallel) , 0.0011520 secs]2022-05-10T17:21:51.927+0800: 176.788: [weak refs processing, 0.0000320 secs]2022-05-10T17:21:51.927+0800: 176.788: [class unloading, 0.0027547 secs]2022-05-10T17:21:51.930+0800: 176.791: [scrub symbol table, 0.0045592 secs]2022-05-10T17:21:51.934+0800: 176.796: [scrub string table, 0.0004915 secs][1 CMS-remark: 12442K(341376K)] 24952K(494976K), 0.0090984 secs] [Times: user=0.02 sys=0.00, real=0.01 secs] 
2022-05-10T17:21:51.935+0800: 176.796: Total time for which application threads were stopped: 0.0091994 seconds, Stopping threads took: 0.0000200 seconds
2022-05-10T17:21:51.935+0800: 176.796: [CMS-concurrent-sweep-start]
2022-05-10T17:21:51.939+0800: 176.801: [CMS-concurrent-sweep: 0.004/0.004 secs] [Times: user=0.00 sys=0.00, real=0.00 secs] 
2022-05-10T17:21:51.939+0800: 176.801: [CMS-concurrent-reset-start]
2022-05-10T17:21:51.940+0800: 176.801: [CMS-concurrent-reset: 0.000/0.000 secs] [Times: user=0.00 sys=0.00, real=0.00 secs] 
2022-05-10T17:21:53.941+0800: 178.802: Application time: 2.0058436 seconds
2022-05-10T17:21:53.941+0800: 178.802: [GC (CMS Initial Mark) [1 CMS-initial-mark: 12442K(341376K)] 24952K(494976K), 0.0010407 secs] [Times: user=0.00 sys=0.00, real=0.00 secs] 
2022-05-10T17:21:53.942+0800: 178.803: Total time for which application threads were stopped: 0.0012004 seconds, Stopping threads took: 0.0000456 seconds
2022-05-10T17:21:53.942+0800: 178.803: [CMS-concurrent-mark-start]
2022-05-10T17:21:53.956+0800: 178.818: [CMS-concurrent-mark: 0.014/0.014 secs] [Times: user=0.03 sys=0.00, real=0.01 secs] 
2022-05-10T17:21:53.956+0800: 178.818: [CMS-concurrent-preclean-start]
2022-05-10T17:21:53.958+0800: 178.819: [CMS-concurrent-preclean: 0.001/0.001 secs] [Times: user=0.00 sys=0.00, real=0.00 secs] 
2022-05-10T17:21:53.958+0800: 178.819: [CMS-concurrent-abortable-preclean-start]
2022-05-10T17:21:55.953+0800: 180.814: Application time: 2.0109387 seconds
2022-05-10T17:21:55.953+0800: 180.814: Total time for which application threads were stopped: 0.0000907 seconds, Stopping threads took: 0.0000367 seconds
 CMS: abort preclean due to time 2022-05-10T17:21:59.031+0800: 183.893: [CMS-concurrent-abortable-preclean: 0.058/5.074 secs] [Times: user=0.03 sys=0.00, real=5.07 secs] 
2022-05-10T17:21:59.032+0800: 183.893: Application time: 3.0788000 seconds
2022-05-10T17:21:59.032+0800: 183.893: [GC (CMS Final Remark) [YG occupancy: 12509 K (153600 K)]2022-05-10T17:21:59.032+0800: 183.893: [Rescan (parallel) , 0.0012763 secs]2022-05-10T17:21:59.034+0800: 183.895: [weak refs processing, 0.0000322 secs]2022-05-10T17:21:59.034+0800: 183.895: [class unloading, 0.0037125 secs]2022-05-10T17:21:59.037+0800: 183.898: [scrub symbol table, 0.0072668 secs]2022-05-10T17:21:59.044+0800: 183.906: [scrub string table, 0.0005938 secs][1 CMS-remark: 12442K(341376K)] 24952K(494976K), 0.0130137 secs] [Times: user=0.02 sys=0.00, real=0.01 secs] 
2022-05-10T17:21:59.045+0800: 183.906: Total time for which application threads were stopped: 0.0131202 seconds, Stopping threads took: 0.0000233 seconds
2022-05-10T17:21:59.045+0800: 183.906: [CMS-concurrent-sweep-start]
2022-05-10T17:21:59.051+0800: 183.913: [CMS-concurrent-sweep: 0.006/0.006 secs] [Times: user=0.00 sys=0.00, real=0.01 secs] 
2022-05-10T17:21:59.051+0800: 183.913: [CMS-concurrent-reset-start]
2022-05-10T17:21:59.051+0800: 183.913: [CMS-concurrent-reset: 0.000/0.000 secs] [Times: user=0.00 sys=0.00, real=0.00 secs] 
2022-05-10T17:22:01.056+0800: 185.917: Application time: 2.0110909 seconds
2022-05-10T17:22:01.056+0800: 185.918: [GC (CMS Initial Mark) [1 CMS-initial-mark: 12442K(341376K)] 24952K(494976K), 0.0012029 secs] [Times: user=0.00 sys=0.00, real=0.00 secs] 
2022-05-10T17:22:01.057+0800: 185.919: Total time for which application threads were stopped: 0.0013546 seconds, Stopping threads took: 0.0000396 seconds
2022-05-10T17:22:01.057+0800: 185.919: [CMS-concurrent-mark-start]
2022-05-10T17:22:01.075+0800: 185.937: [CMS-concurrent-mark: 0.018/0.018 secs] [Times: user=0.03 sys=0.00, real=0.02 secs] 
2022-05-10T17:22:01.075+0800: 185.937: [CMS-concurrent-preclean-start]
2022-05-10T17:22:01.076+0800: 185.938: [CMS-concurrent-preclean: 0.001/0.001 secs] [Times: user=0.00 sys=0.00, real=0.00 secs] 
2022-05-10T17:22:01.076+0800: 185.938: [CMS-concurrent-abortable-preclean-start]
 CMS: abort preclean due to time 2022-05-10T17:22:06.148+0800: 191.009: [CMS-concurrent-abortable-preclean: 0.060/5.072 secs] [Times: user=0.05 sys=0.00, real=5.07 secs] 
2022-05-10T17:22:06.148+0800: 191.009: Application time: 5.0905781 seconds
2022-05-10T17:22:06.148+0800: 191.009: [GC (CMS Final Remark) [YG occupancy: 12509 K (153600 K)]2022-05-10T17:22:06.148+0800: 191.009: [Rescan (parallel) , 0.0016067 secs]2022-05-10T17:22:06.150+0800: 191.011: [weak refs processing, 0.0000652 secs]2022-05-10T17:22:06.150+0800: 191.011: [class unloading, 0.0047000 secs]2022-05-10T17:22:06.155+0800: 191.016: [scrub symbol table, 0.0065566 secs]2022-05-10T17:22:06.161+0800: 191.022: [scrub string table, 0.0007671 secs][1 CMS-remark: 12442K(341376K)] 24952K(494976K), 0.0138401 secs] [Times: user=0.00 sys=0.00, real=0.01 secs] 
2022-05-10T17:22:06.162+0800: 191.023: Total time for which application threads were stopped: 0.0139605 seconds, Stopping threads took: 0.0000242 seconds
2022-05-10T17:22:06.162+0800: 191.023: [CMS-concurrent-sweep-start]
2022-05-10T17:22:06.170+0800: 191.031: [CMS-concurrent-sweep: 0.007/0.007 secs] [Times: user=0.02 sys=0.00, real=0.01 secs] 
2022-05-10T17:22:06.170+0800: 191.031: [CMS-concurrent-reset-start]
2022-05-10T17:22:06.170+0800: 191.032: [CMS-concurrent-reset: 0.001/0.001 secs] [Times: user=0.00 sys=0.00, real=0.00 secs] 
2022-05-10T17:22:08.177+0800: 193.038: Application time: 2.0148440 seconds
2022-05-10T17:22:08.177+0800: 193.038: [GC (CMS Initial Mark) [1 CMS-initial-mark: 12442K(341376K)] 24952K(494976K), 0.0016448 secs] [Times: user=0.00 sys=0.00, real=0.00 secs] 
2022-05-10T17:22:08.179+0800: 193.040: Total time for which application threads were stopped: 0.0018037 seconds, Stopping threads took: 0.0000385 seconds
2022-05-10T17:22:08.179+0800: 193.040: [CMS-concurrent-mark-start]
2022-05-10T17:22:08.193+0800: 193.054: [CMS-concurrent-mark: 0.014/0.014 secs] [Times: user=0.03 sys=0.00, real=0.01 secs] 
2022-05-10T17:22:08.193+0800: 193.054: [CMS-concurrent-preclean-start]
2022-05-10T17:22:08.194+0800: 193.055: [CMS-concurrent-preclean: 0.001/0.001 secs] [Times: user=0.00 sys=0.00, real=0.00 secs] 
2022-05-10T17:22:08.194+0800: 193.055: [CMS-concurrent-abortable-preclean-start]
 CMS: abort preclean due to time 2022-05-10T17:22:13.245+0800: 198.106: [CMS-concurrent-abortable-preclean: 0.054/5.051 secs] [Times: user=0.14 sys=0.00, real=5.05 secs] 
2022-05-10T17:22:13.245+0800: 198.106: Application time: 5.0660845 seconds
2022-05-10T17:22:13.245+0800: 198.106: [GC (CMS Final Remark) [YG occupancy: 12509 K (153600 K)]2022-05-10T17:22:13.245+0800: 198.106: [Rescan (parallel) , 0.0014531 secs]2022-05-10T17:22:13.247+0800: 198.108: [weak refs processing, 0.0000562 secs]2022-05-10T17:22:13.247+0800: 198.108: [class unloading, 0.0040598 secs]2022-05-10T17:22:13.251+0800: 198.112: [scrub symbol table, 0.0056892 secs]2022-05-10T17:22:13.256+0800: 198.118: [scrub string table, 0.0005292 secs][1 CMS-remark: 12442K(341376K)] 24952K(494976K), 0.0119003 secs] [Times: user=0.00 sys=0.00, real=0.01 secs] 
2022-05-10T17:22:13.257+0800: 198.118: Total time for which application threads were stopped: 0.0120050 seconds, Stopping threads took: 0.0000232 seconds
2022-05-10T17:22:13.257+0800: 198.118: [CMS-concurrent-sweep-start]
2022-05-10T17:22:13.262+0800: 198.123: [CMS-concurrent-sweep: 0.005/0.005 secs] [Times: user=0.02 sys=0.00, real=0.01 secs] 
2022-05-10T17:22:13.262+0800: 198.123: [CMS-concurrent-reset-start]
2022-05-10T17:22:13.262+0800: 198.123: [CMS-concurrent-reset: 0.000/0.000 secs] [Times: user=0.00 sys=0.00, real=0.00 secs] 
2022-05-10T17:22:15.269+0800: 200.130: Application time: 2.0117446 seconds
2022-05-10T17:22:15.269+0800: 200.130: [GC (CMS Initial Mark) [1 CMS-initial-mark: 12442K(341376K)] 24952K(494976K), 0.0014900 secs] [Times: user=0.00 sys=0.00, real=0.00 secs] 
2022-05-10T17:22:15.270+0800: 200.132: Total time for which application threads were stopped: 0.0016935 seconds, Stopping threads took: 0.0000538 seconds
2022-05-10T17:22:15.270+0800: 200.132: [CMS-concurrent-mark-start]
2022-05-10T17:22:15.294+0800: 200.155: [CMS-concurrent-mark: 0.023/0.023 secs] [Times: user=0.06 sys=0.00, real=0.02 secs] 
2022-05-10T17:22:15.294+0800: 200.155: [CMS-concurrent-preclean-start]
2022-05-10T17:22:15.295+0800: 200.156: [CMS-concurrent-preclean: 0.001/0.001 secs] [Times: user=0.00 sys=0.00, real=0.00 secs] 
2022-05-10T17:22:15.295+0800: 200.156: [CMS-concurrent-abortable-preclean-start]
2022-05-10T17:22:16.274+0800: 201.135: Application time: 1.0033901 seconds
2022-05-10T17:22:16.274+0800: 201.135: Total time for which application threads were stopped: 0.0000932 seconds, Stopping threads took: 0.0000341 seconds
 CMS: abort preclean due to time 2022-05-10T17:22:20.336+0800: 205.198: [CMS-concurrent-abortable-preclean: 0.055/5.042 secs] [Times: user=0.14 sys=0.00, real=5.04 secs] 
2022-05-10T17:22:20.336+0800: 205.198: Application time: 4.0627441 seconds
2022-05-10T17:22:20.336+0800: 205.198: [GC (CMS Final Remark) [YG occupancy: 12509 K (153600 K)]2022-05-10T17:22:20.336+0800: 205.198: [Rescan (parallel) , 0.0024379 secs]2022-05-10T17:22:20.339+0800: 205.200: [weak refs processing, 0.0000622 secs]2022-05-10T17:22:20.339+0800: 205.200: [class unloading, 0.0044873 secs]2022-05-10T17:22:20.343+0800: 205.205: [scrub symbol table, 0.0075156 secs]2022-05-10T17:22:20.351+0800: 205.213: [scrub string table, 0.0008450 secs][1 CMS-remark: 12442K(341376K)] 24952K(494976K), 0.0155501 secs] [Times: user=0.02 sys=0.00, real=0.02 secs] 
2022-05-10T17:22:20.352+0800: 205.214: Total time for which application threads were stopped: 0.0157164 seconds, Stopping threads took: 0.0000336 seconds
2022-05-10T17:22:20.352+0800: 205.214: [CMS-concurrent-sweep-start]
2022-05-10T17:22:20.361+0800: 205.223: [CMS-concurrent-sweep: 0.009/0.009 secs] [Times: user=0.00 sys=0.00, real=0.01 secs] 
2022-05-10T17:22:20.361+0800: 205.223: [CMS-concurrent-reset-start]
2022-05-10T17:22:20.362+0800: 205.223: [CMS-concurrent-reset: 0.001/0.001 secs] [Times: user=0.00 sys=0.00, real=0.00 secs] 
2022-05-10T17:22:22.369+0800: 207.230: Application time: 2.0166646 seconds
2022-05-10T17:22:22.369+0800: 207.230: [GC (CMS Initial Mark) [1 CMS-initial-mark: 12442K(341376K)] 24952K(494976K), 0.0020213 secs] [Times: user=0.00 sys=0.00, real=0.00 secs] 
2022-05-10T17:22:22.371+0800: 207.232: Total time for which application threads were stopped: 0.0022292 seconds, Stopping threads took: 0.0000720 seconds
2022-05-10T17:22:22.371+0800: 207.232: [CMS-concurrent-mark-start]
2022-05-10T17:22:22.397+0800: 207.259: [CMS-concurrent-mark: 0.026/0.026 secs] [Times: user=0.03 sys=0.00, real=0.03 secs] 
2022-05-10T17:22:22.397+0800: 207.259: [CMS-concurrent-preclean-start]
2022-05-10T17:22:22.399+0800: 207.260: [CMS-concurrent-preclean: 0.001/0.001 secs] [Times: user=0.02 sys=0.00, real=0.00 secs] 
2022-05-10T17:22:22.399+0800: 207.260: [CMS-concurrent-abortable-preclean-start]
2022-05-10T17:22:27.410+0800: 212.271: Application time: 5.0385506 seconds
2022-05-10T17:22:27.410+0800: 212.271: Total time for which application threads were stopped: 0.0002147 seconds, Stopping threads took: 0.0000750 seconds
 CMS: abort preclean due to time 2022-05-10T17:22:27.412+0800: 212.274: [CMS-concurrent-abortable-preclean: 0.058/5.013 secs] [Times: user=0.00 sys=0.00, real=5.01 secs] 
2022-05-10T17:22:27.412+0800: 212.274: Application time: 0.0026572 seconds
2022-05-10T17:22:27.413+0800: 212.274: [GC (CMS Final Remark) [YG occupancy: 12509 K (153600 K)]2022-05-10T17:22:27.413+0800: 212.274: [Rescan (parallel) , 0.0026726 secs]2022-05-10T17:22:27.416+0800: 212.277: [weak refs processing, 0.0000614 secs]2022-05-10T17:22:27.416+0800: 212.277: [class unloading, 0.0040069 secs]2022-05-10T17:22:27.419+0800: 212.281: [scrub symbol table, 0.0066106 secs]2022-05-10T17:22:27.426+0800: 212.287: [scrub string table, 0.0008184 secs][1 CMS-remark: 12442K(341376K)] 24952K(494976K), 0.0143565 secs] [Times: user=0.11 sys=0.00, real=0.01 secs] 
2022-05-10T17:22:27.427+0800: 212.288: Total time for which application threads were stopped: 0.0144991 seconds, Stopping threads took: 0.0000290 seconds
2022-05-10T17:22:27.427+0800: 212.288: [CMS-concurrent-sweep-start]
2022-05-10T17:22:27.435+0800: 212.296: [CMS-concurrent-sweep: 0.008/0.008 secs] [Times: user=0.02 sys=0.00, real=0.01 secs] 
2022-05-10T17:22:27.435+0800: 212.296: [CMS-concurrent-reset-start]
2022-05-10T17:22:27.435+0800: 212.297: [CMS-concurrent-reset: 0.000/0.000 secs] [Times: user=0.00 sys=0.00, real=0.00 secs] 
2022-05-10T17:22:29.435+0800: 214.296: Application time: 2.0074186 seconds
2022-05-10T17:22:29.435+0800: 214.296: [GC (CMS Initial Mark) [1 CMS-initial-mark: 12442K(341376K)] 24952K(494976K), 0.0012686 secs] [Times: user=0.00 sys=0.00, real=0.00 secs] 
2022-05-10T17:22:29.436+0800: 214.297: Total time for which application threads were stopped: 0.0014101 seconds, Stopping threads took: 0.0000327 seconds
2022-05-10T17:22:29.436+0800: 214.297: [CMS-concurrent-mark-start]
2022-05-10T17:22:29.452+0800: 214.313: [CMS-concurrent-mark: 0.016/0.016 secs] [Times: user=0.03 sys=0.00, real=0.02 secs] 
2022-05-10T17:22:29.452+0800: 214.313: [CMS-concurrent-preclean-start]
2022-05-10T17:22:29.453+0800: 214.314: [CMS-concurrent-preclean: 0.001/0.001 secs] [Times: user=0.00 sys=0.00, real=0.00 secs] 
2022-05-10T17:22:29.453+0800: 214.314: [CMS-concurrent-abortable-preclean-start]
 CMS: abort preclean due to time 2022-05-10T17:22:34.522+0800: 219.383: [CMS-concurrent-abortable-preclean: 0.052/5.069 secs] [Times: user=0.02 sys=0.00, real=5.07 secs] 
2022-05-10T17:22:34.522+0800: 219.383: Application time: 5.0858791 seconds
2022-05-10T17:22:34.522+0800: 219.383: [GC (CMS Final Remark) [YG occupancy: 12509 K (153600 K)]2022-05-10T17:22:34.522+0800: 219.383: [Rescan (parallel) , 0.0014747 secs]2022-05-10T17:22:34.523+0800: 219.385: [weak refs processing, 0.0000361 secs]2022-05-10T17:22:34.523+0800: 219.385: [class unloading, 0.0035317 secs]2022-05-10T17:22:34.527+0800: 219.388: [scrub symbol table, 0.0054849 secs]2022-05-10T17:22:34.532+0800: 219.394: [scrub string table, 0.0004412 secs][1 CMS-remark: 12442K(341376K)] 24952K(494976K), 0.0110946 secs] [Times: user=0.06 sys=0.00, real=0.01 secs] 
2022-05-10T17:22:34.533+0800: 219.394: Total time for which application threads were stopped: 0.0111900 seconds, Stopping threads took: 0.0000220 seconds
2022-05-10T17:22:34.533+0800: 219.394: [CMS-concurrent-sweep-start]
2022-05-10T17:22:34.539+0800: 219.400: [CMS-concurrent-sweep: 0.006/0.006 secs] [Times: user=0.02 sys=0.00, real=0.01 secs] 
2022-05-10T17:22:34.539+0800: 219.400: [CMS-concurrent-reset-start]
2022-05-10T17:22:34.540+0800: 219.401: [CMS-concurrent-reset: 0.000/0.000 secs] [Times: user=0.00 sys=0.00, real=0.00 secs] 
2022-05-10T17:22:36.550+0800: 221.411: Application time: 2.0166833 seconds
2022-05-10T17:22:36.550+0800: 221.411: [GC (CMS Initial Mark) [1 CMS-initial-mark: 12442K(341376K)] 24952K(494976K), 0.0013680 secs] [Times: user=0.00 sys=0.00, real=0.00 secs] 
2022-05-10T17:22:36.551+0800: 221.412: Total time for which application threads were stopped: 0.0015038 seconds, Stopping threads took: 0.0000386 seconds
2022-05-10T17:22:36.551+0800: 221.412: [CMS-concurrent-mark-start]
2022-05-10T17:22:36.567+0800: 221.428: [CMS-concurrent-mark: 0.015/0.015 secs] [Times: user=0.03 sys=0.00, real=0.02 secs] 
2022-05-10T17:22:36.567+0800: 221.428: [CMS-concurrent-preclean-start]
2022-05-10T17:22:36.567+0800: 221.429: [CMS-concurrent-preclean: 0.001/0.001 secs] [Times: user=0.00 sys=0.00, real=0.00 secs] 
2022-05-10T17:22:36.567+0800: 221.429: [CMS-concurrent-abortable-preclean-start]
 CMS: abort preclean due to time 2022-05-10T17:22:41.635+0800: 226.496: [CMS-concurrent-abortable-preclean: 0.052/5.067 secs] [Times: user=0.02 sys=0.00, real=5.07 secs] 
2022-05-10T17:22:41.635+0800: 226.496: Application time: 5.0839332 seconds
2022-05-10T17:22:41.635+0800: 226.496: [GC (CMS Final Remark) [YG occupancy: 12509 K (153600 K)]2022-05-10T17:22:41.635+0800: 226.496: [Rescan (parallel) , 0.0014432 secs]2022-05-10T17:22:41.636+0800: 226.498: [weak refs processing, 0.0000331 secs]2022-05-10T17:22:41.636+0800: 226.498: [class unloading, 0.0037115 secs]2022-05-10T17:22:41.640+0800: 226.502: [scrub symbol table, 0.0078837 secs]2022-05-10T17:22:41.648+0800: 226.510: [scrub string table, 0.0005796 secs][1 CMS-remark: 12442K(341376K)] 24952K(494976K), 0.0137596 secs] [Times: user=0.01 sys=0.00, real=0.01 secs] 
2022-05-10T17:22:41.649+0800: 226.510: Total time for which application threads were stopped: 0.0138612 seconds, Stopping threads took: 0.0000205 seconds
2022-05-10T17:22:41.649+0800: 226.510: [CMS-concurrent-sweep-start]
2022-05-10T17:22:41.654+0800: 226.516: [CMS-concurrent-sweep: 0.006/0.006 secs] [Times: user=0.00 sys=0.00, real=0.01 secs] 
2022-05-10T17:22:41.654+0800: 226.516: [CMS-concurrent-reset-start]
2022-05-10T17:22:41.655+0800: 226.516: [CMS-concurrent-reset: 0.000/0.000 secs] [Times: user=0.00 sys=0.00, real=0.00 secs] 
2022-05-10T17:22:43.664+0800: 228.525: Application time: 2.0147803 seconds
2022-05-10T17:22:43.664+0800: 228.525: [GC (CMS Initial Mark) [1 CMS-initial-mark: 12442K(341376K)] 24952K(494976K), 0.0013419 secs] [Times: user=0.00 sys=0.00, real=0.00 secs] 
2022-05-10T17:22:43.666+0800: 228.527: Total time for which application threads were stopped: 0.0015874 seconds, Stopping threads took: 0.0000656 seconds
2022-05-10T17:22:43.666+0800: 228.527: [CMS-concurrent-mark-start]
2022-05-10T17:22:43.679+0800: 228.540: [CMS-concurrent-mark: 0.013/0.013 secs] [Times: user=0.00 sys=0.00, real=0.01 secs] 
2022-05-10T17:22:43.679+0800: 228.540: [CMS-concurrent-preclean-start]
2022-05-10T17:22:43.680+0800: 228.541: [CMS-concurrent-preclean: 0.001/0.001 secs] [Times: user=0.02 sys=0.00, real=0.00 secs] 
2022-05-10T17:22:43.681+0800: 228.542: [CMS-concurrent-abortable-preclean-start]
 CMS: abort preclean due to time 2022-05-10T17:22:48.745+0800: 233.606: [CMS-concurrent-abortable-preclean: 0.054/5.065 secs] [Times: user=0.09 sys=0.00, real=5.06 secs] 
2022-05-10T17:22:48.745+0800: 233.606: Application time: 5.0797952 seconds
2022-05-10T17:22:48.745+0800: 233.607: [GC (CMS Final Remark) [YG occupancy: 12509 K (153600 K)]2022-05-10T17:22:48.745+0800: 233.607: [Rescan (parallel) , 0.0013236 secs]2022-05-10T17:22:48.746+0800: 233.608: [weak refs processing, 0.0000323 secs]2022-05-10T17:22:48.747+0800: 233.608: [class unloading, 0.0031799 secs]2022-05-10T17:22:48.749+0800: 233.611: [scrub symbol table, 0.0055696 secs]2022-05-10T17:22:48.755+0800: 233.617: [scrub string table, 0.0004911 secs][1 CMS-remark: 12442K(341376K)] 24952K(494976K), 0.0107192 secs] [Times: user=0.00 sys=0.00, real=0.01 secs] 
2022-05-10T17:22:48.755+0800: 233.617: Total time for which application threads were stopped: 0.0108200 seconds, Stopping threads took: 0.0000223 seconds
2022-05-10T17:22:48.755+0800: 233.617: [CMS-concurrent-sweep-start]
2022-05-10T17:22:48.759+0800: 233.621: [CMS-concurrent-sweep: 0.003/0.003 secs] [Times: user=0.01 sys=0.00, real=0.00 secs] 
2022-05-10T17:22:48.759+0800: 233.621: [CMS-concurrent-reset-start]
2022-05-10T17:22:48.759+0800: 233.621: [CMS-concurrent-reset: 0.000/0.000 secs] [Times: user=0.00 sys=0.00, real=0.00 secs] 
2022-05-10T17:22:50.766+0800: 235.627: Application time: 2.0099428 seconds
2022-05-10T17:22:50.766+0800: 235.627: [GC (CMS Initial Mark) [1 CMS-initial-mark: 12442K(341376K)] 24952K(494976K), 0.0014032 secs] [Times: user=0.00 sys=0.00, real=0.00 secs] 
2022-05-10T17:22:50.767+0800: 235.629: Total time for which application threads were stopped: 0.0015693 seconds, Stopping threads took: 0.0000397 seconds
2022-05-10T17:22:50.767+0800: 235.629: [CMS-concurrent-mark-start]
2022-05-10T17:22:50.781+0800: 235.642: [CMS-concurrent-mark: 0.013/0.013 secs] [Times: user=0.03 sys=0.00, real=0.01 secs] 
2022-05-10T17:22:50.781+0800: 235.642: [CMS-concurrent-preclean-start]
2022-05-10T17:22:50.782+0800: 235.643: [CMS-concurrent-preclean: 0.001/0.001 secs] [Times: user=0.00 sys=0.00, real=0.00 secs] 
2022-05-10T17:22:50.782+0800: 235.643: [CMS-concurrent-abortable-preclean-start]
 CMS: abort preclean due to time 2022-05-10T17:22:55.848+0800: 240.709: [CMS-concurrent-abortable-preclean: 0.054/5.066 secs] [Times: user=0.03 sys=0.00, real=5.07 secs] 
2022-05-10T17:22:55.848+0800: 240.709: Application time: 5.0802048 seconds
2022-05-10T17:22:55.848+0800: 240.709: [GC (CMS Final Remark) [YG occupancy: 12509 K (153600 K)]2022-05-10T17:22:55.848+0800: 240.709: [Rescan (parallel) , 0.0018073 secs]2022-05-10T17:22:55.850+0800: 240.711: [weak refs processing, 0.0000420 secs]2022-05-10T17:22:55.850+0800: 240.711: [class unloading, 0.0032039 secs]2022-05-10T17:22:55.853+0800: 240.714: [scrub symbol table, 0.0079194 secs]2022-05-10T17:22:55.861+0800: 240.722: [scrub string table, 0.0007531 secs][1 CMS-remark: 12442K(341376K)] 24952K(494976K), 0.0138801 secs] [Times: user=0.02 sys=0.00, real=0.01 secs] 
2022-05-10T17:22:55.862+0800: 240.723: Total time for which application threads were stopped: 0.0140001 seconds, Stopping threads took: 0.0000238 seconds
2022-05-10T17:22:55.862+0800: 240.723: [CMS-concurrent-sweep-start]
2022-05-10T17:22:55.870+0800: 240.731: [CMS-concurrent-sweep: 0.008/0.008 secs] [Times: user=0.02 sys=0.00, real=0.01 secs] 
2022-05-10T17:22:55.870+0800: 240.731: [CMS-concurrent-reset-start]
2022-05-10T17:22:55.870+0800: 240.731: [CMS-concurrent-reset: 0.000/0.000 secs] [Times: user=0.00 sys=0.00, real=0.00 secs] 
2022-05-10T17:22:57.876+0800: 242.737: Application time: 2.0142786 seconds
2022-05-10T17:22:57.876+0800: 242.737: [GC (CMS Initial Mark) [1 CMS-initial-mark: 12442K(341376K)] 24952K(494976K), 0.0014640 secs] [Times: user=0.00 sys=0.00, real=0.00 secs] 
2022-05-10T17:22:57.877+0800: 242.739: Total time for which application threads were stopped: 0.0016428 seconds, Stopping threads took: 0.0000463 seconds
2022-05-10T17:22:57.877+0800: 242.739: [CMS-concurrent-mark-start]
2022-05-10T17:22:57.898+0800: 242.760: [CMS-concurrent-mark: 0.021/0.021 secs] [Times: user=0.06 sys=0.00, real=0.02 secs] 
2022-05-10T17:22:57.898+0800: 242.760: [CMS-concurrent-preclean-start]
2022-05-10T17:22:57.899+0800: 242.761: [CMS-concurrent-preclean: 0.001/0.001 secs] [Times: user=0.00 sys=0.00, real=0.00 secs] 
2022-05-10T17:22:57.899+0800: 242.761: [CMS-concurrent-abortable-preclean-start]
 CMS: abort preclean due to time 2022-05-10T17:23:02.957+0800: 247.818: [CMS-concurrent-abortable-preclean: 0.054/5.058 secs] [Times: user=0.06 sys=0.00, real=5.06 secs] 
2022-05-10T17:23:02.957+0800: 247.819: Application time: 5.0797205 seconds
2022-05-10T17:23:02.957+0800: 247.819: [GC (CMS Final Remark) [YG occupancy: 12509 K (153600 K)]2022-05-10T17:23:02.957+0800: 247.819: [Rescan (parallel) , 0.0014403 secs]2022-05-10T17:23:02.958+0800: 247.820: [weak refs processing, 0.0000341 secs]2022-05-10T17:23:02.959+0800: 247.820: [class unloading, 0.0036328 secs]2022-05-10T17:23:02.962+0800: 247.824: [scrub symbol table, 0.0057036 secs]2022-05-10T17:23:02.968+0800: 247.830: [scrub string table, 0.0005286 secs][1 CMS-remark: 12442K(341376K)] 24952K(494976K), 0.0114774 secs] [Times: user=0.02 sys=0.00, real=0.01 secs] 
2022-05-10T17:23:02.968+0800: 247.830: Total time for which application threads were stopped: 0.0115719 seconds, Stopping threads took: 0.0000201 seconds
2022-05-10T17:23:02.968+0800: 247.830: [CMS-concurrent-sweep-start]
2022-05-10T17:23:02.973+0800: 247.834: [CMS-concurrent-sweep: 0.004/0.004 secs] [Times: user=0.00 sys=0.00, real=0.01 secs] 
2022-05-10T17:23:02.973+0800: 247.834: [CMS-concurrent-reset-start]
2022-05-10T17:23:02.973+0800: 247.834: [CMS-concurrent-reset: 0.000/0.000 secs] [Times: user=0.00 sys=0.00, real=0.00 secs] 
2022-05-10T17:23:04.981+0800: 249.842: Application time: 2.0118704 seconds
2022-05-10T17:23:04.981+0800: 249.842: [GC (CMS Initial Mark) [1 CMS-initial-mark: 12442K(341376K)] 24952K(494976K), 0.0015632 secs] [Times: user=0.00 sys=0.00, real=0.00 secs] 
2022-05-10T17:23:04.982+0800: 249.844: Total time for which application threads were stopped: 0.0017356 seconds, Stopping threads took: 0.0000387 seconds
2022-05-10T17:23:04.982+0800: 249.844: [CMS-concurrent-mark-start]
2022-05-10T17:23:04.996+0800: 249.857: [CMS-concurrent-mark: 0.013/0.013 secs] [Times: user=0.03 sys=0.00, real=0.01 secs] 
2022-05-10T17:23:04.996+0800: 249.857: [CMS-concurrent-preclean-start]
2022-05-10T17:23:04.997+0800: 249.858: [CMS-concurrent-preclean: 0.001/0.001 secs] [Times: user=0.00 sys=0.00, real=0.00 secs] 
2022-05-10T17:23:04.997+0800: 249.858: [CMS-concurrent-abortable-preclean-start]
 CMS: abort preclean due to time 2022-05-10T17:23:10.059+0800: 254.921: [CMS-concurrent-abortable-preclean: 0.054/5.063 secs] [Times: user=0.03 sys=0.00, real=5.06 secs] 
2022-05-10T17:23:10.060+0800: 254.921: Application time: 5.0774853 seconds
2022-05-10T17:23:10.060+0800: 254.921: [GC (CMS Final Remark) [YG occupancy: 12509 K (153600 K)]2022-05-10T17:23:10.060+0800: 254.921: [Rescan (parallel) , 0.0015218 secs]2022-05-10T17:23:10.061+0800: 254.923: [weak refs processing, 0.0000318 secs]2022-05-10T17:23:10.061+0800: 254.923: [class unloading, 0.0026505 secs]2022-05-10T17:23:10.064+0800: 254.926: [scrub symbol table, 0.0051051 secs]2022-05-10T17:23:10.069+0800: 254.931: [scrub string table, 0.0004003 secs][1 CMS-remark: 12442K(341376K)] 24952K(494976K), 0.0098176 secs] [Times: user=0.00 sys=0.00, real=0.01 secs] 
2022-05-10T17:23:10.070+0800: 254.931: Total time for which application threads were stopped: 0.0099170 seconds, Stopping threads took: 0.0000235 seconds
2022-05-10T17:23:10.070+0800: 254.931: [CMS-concurrent-sweep-start]
2022-05-10T17:23:10.074+0800: 254.936: [CMS-concurrent-sweep: 0.005/0.005 secs] [Times: user=0.00 sys=0.00, real=0.01 secs] 
2022-05-10T17:23:10.075+0800: 254.936: [CMS-concurrent-reset-start]
2022-05-10T17:23:10.075+0800: 254.937: [CMS-concurrent-reset: 0.000/0.000 secs] [Times: user=0.00 sys=0.00, real=0.00 secs] 
2022-05-10T17:23:12.089+0800: 256.950: Application time: 2.0187609 seconds
2022-05-10T17:23:12.089+0800: 256.950: [GC (CMS Initial Mark) [1 CMS-initial-mark: 12442K(341376K)] 24952K(494976K), 0.0011144 secs] [Times: user=0.00 sys=0.00, real=0.00 secs] 
2022-05-10T17:23:12.090+0800: 256.951: Total time for which application threads were stopped: 0.0012401 seconds, Stopping threads took: 0.0000317 seconds
2022-05-10T17:23:12.090+0800: 256.951: [CMS-concurrent-mark-start]
2022-05-10T17:23:12.106+0800: 256.967: [CMS-concurrent-mark: 0.016/0.016 secs] [Times: user=0.03 sys=0.00, real=0.02 secs] 
2022-05-10T17:23:12.106+0800: 256.967: [CMS-concurrent-preclean-start]
2022-05-10T17:23:12.107+0800: 256.968: [CMS-concurrent-preclean: 0.001/0.001 secs] [Times: user=0.00 sys=0.00, real=0.00 secs] 
2022-05-10T17:23:12.107+0800: 256.968: [CMS-concurrent-abortable-preclean-start]
 CMS: abort preclean due to time 2022-05-10T17:23:17.177+0800: 262.038: [CMS-concurrent-abortable-preclean: 0.055/5.070 secs] [Times: user=0.05 sys=0.00, real=5.07 secs] 
2022-05-10T17:23:17.177+0800: 262.038: Application time: 5.0871977 seconds
2022-05-10T17:23:17.177+0800: 262.039: [GC (CMS Final Remark) [YG occupancy: 12509 K (153600 K)]2022-05-10T17:23:17.177+0800: 262.039: [Rescan (parallel) , 0.0021276 secs]2022-05-10T17:23:17.179+0800: 262.041: [weak refs processing, 0.0000894 secs]2022-05-10T17:23:17.180+0800: 262.041: [class unloading, 0.0048598 secs]2022-05-10T17:23:17.184+0800: 262.046: [scrub symbol table, 0.0072525 secs]2022-05-10T17:23:17.192+0800: 262.053: [scrub string table, 0.0006196 secs][1 CMS-remark: 12442K(341376K)] 24952K(494976K), 0.0151015 secs] [Times: user=0.01 sys=0.00, real=0.01 secs] 
2022-05-10T17:23:17.192+0800: 262.054: Total time for which application threads were stopped: 0.0152125 seconds, Stopping threads took: 0.0000261 seconds
2022-05-10T17:23:17.192+0800: 262.054: [CMS-concurrent-sweep-start]
2022-05-10T17:23:17.199+0800: 262.060: [CMS-concurrent-sweep: 0.006/0.006 secs] [Times: user=0.02 sys=0.00, real=0.01 secs] 
2022-05-10T17:23:17.199+0800: 262.060: [CMS-concurrent-reset-start]
2022-05-10T17:23:17.199+0800: 262.061: [CMS-concurrent-reset: 0.000/0.000 secs] [Times: user=0.00 sys=0.00, real=0.00 secs] 
2022-05-10T17:23:19.207+0800: 264.068: Application time: 2.0141217 seconds
2022-05-10T17:23:19.207+0800: 264.068: [GC (CMS Initial Mark) [1 CMS-initial-mark: 12442K(341376K)] 24952K(494976K), 0.0023248 secs] [Times: user=0.00 sys=0.00, real=0.00 secs] 
2022-05-10T17:23:19.209+0800: 264.070: Total time for which application threads were stopped: 0.0025031 seconds, Stopping threads took: 0.0000411 seconds
2022-05-10T17:23:19.209+0800: 264.070: [CMS-concurrent-mark-start]
2022-05-10T17:23:19.233+0800: 264.095: [CMS-concurrent-mark: 0.024/0.024 secs] [Times: user=0.06 sys=0.00, real=0.02 secs] 
2022-05-10T17:23:19.234+0800: 264.095: [CMS-concurrent-preclean-start]
2022-05-10T17:23:19.234+0800: 264.096: [CMS-concurrent-preclean: 0.001/0.001 secs] [Times: user=0.00 sys=0.00, real=0.00 secs] 
2022-05-10T17:23:19.234+0800: 264.096: [CMS-concurrent-abortable-preclean-start]
2022-05-10T17:23:23.238+0800: 268.099: Application time: 4.0285762 seconds
2022-05-10T17:23:23.238+0800: 268.099: Total time for which application threads were stopped: 0.0001022 seconds, Stopping threads took: 0.0000378 seconds
 CMS: abort preclean due to time 2022-05-10T17:23:24.339+0800: 269.200: [CMS-concurrent-abortable-preclean: 0.057/5.105 secs] [Times: user=0.03 sys=0.00, real=5.11 secs] 
2022-05-10T17:23:24.339+0800: 269.201: Application time: 1.1015064 seconds
2022-05-10T17:23:24.339+0800: 269.201: [GC (CMS Final Remark) [YG occupancy: 12509 K (153600 K)]2022-05-10T17:23:24.339+0800: 269.201: [Rescan (parallel) , 0.0034225 secs]2022-05-10T17:23:24.343+0800: 269.204: [weak refs processing, 0.0000677 secs]2022-05-10T17:23:24.343+0800: 269.204: [class unloading, 0.0051472 secs]2022-05-10T17:23:24.348+0800: 269.209: [scrub symbol table, 0.0074731 secs]2022-05-10T17:23:24.355+0800: 269.217: [scrub string table, 0.0005700 secs][1 CMS-remark: 12442K(341376K)] 24952K(494976K), 0.0168639 secs] [Times: user=0.01 sys=0.00, real=0.02 secs] 
2022-05-10T17:23:24.356+0800: 269.218: Total time for which application threads were stopped: 0.0170119 seconds, Stopping threads took: 0.0000382 seconds
2022-05-10T17:23:24.356+0800: 269.218: [CMS-concurrent-sweep-start]
2022-05-10T17:23:24.361+0800: 269.223: [CMS-concurrent-sweep: 0.005/0.005 secs] [Times: user=0.00 sys=0.00, real=0.01 secs] 
2022-05-10T17:23:24.361+0800: 269.223: [CMS-concurrent-reset-start]
2022-05-10T17:23:24.362+0800: 269.223: [CMS-concurrent-reset: 0.000/0.000 secs] [Times: user=0.00 sys=0.00, real=0.00 secs] 
2022-05-10T17:23:26.363+0800: 271.224: Application time: 2.0067244 seconds
2022-05-10T17:23:26.363+0800: 271.224: Total time for which application threads were stopped: 0.0001225 seconds, Stopping threads took: 0.0000439 seconds
2022-05-10T17:23:26.363+0800: 271.224: Application time: 0.0000339 seconds
2022-05-10T17:23:26.363+0800: 271.224: [GC (CMS Initial Mark) [1 CMS-initial-mark: 12442K(341376K)] 24952K(494976K), 0.0017150 secs] [Times: user=0.00 sys=0.00, real=0.00 secs] 
2022-05-10T17:23:26.365+0800: 271.226: Total time for which application threads were stopped: 0.0018432 seconds, Stopping threads took: 0.0000170 seconds
2022-05-10T17:23:26.365+0800: 271.226: [CMS-concurrent-mark-start]
2022-05-10T17:23:26.379+0800: 271.240: [CMS-concurrent-mark: 0.014/0.014 secs] [Times: user=0.03 sys=0.00, real=0.01 secs] 
2022-05-10T17:23:26.379+0800: 271.240: [CMS-concurrent-preclean-start]
2022-05-10T17:23:26.380+0800: 271.241: [CMS-concurrent-preclean: 0.001/0.001 secs] [Times: user=0.00 sys=0.00, real=0.00 secs] 
2022-05-10T17:23:26.380+0800: 271.241: [CMS-concurrent-abortable-preclean-start]
2022-05-10T17:23:29.395+0800: 274.256: Application time: 3.0293044 seconds
2022-05-10T17:23:29.395+0800: 274.256: Total time for which application threads were stopped: 0.0001579 seconds, Stopping threads took: 0.0000503 seconds
 CMS: abort preclean due to time 2022-05-10T17:23:31.488+0800: 276.349: [CMS-concurrent-abortable-preclean: 0.055/5.108 secs] [Times: user=0.05 sys=0.01, real=5.11 secs] 
2022-05-10T17:23:31.488+0800: 276.350: Application time: 2.0937638 seconds
2022-05-10T17:23:31.488+0800: 276.350: [GC (CMS Final Remark) [YG occupancy: 12509 K (153600 K)]2022-05-10T17:23:31.488+0800: 276.350: [Rescan (parallel) , 0.0015441 secs]2022-05-10T17:23:31.490+0800: 276.351: [weak refs processing, 0.0000333 secs]2022-05-10T17:23:31.490+0800: 276.351: [class unloading, 0.0026729 secs]2022-05-10T17:23:31.492+0800: 276.354: [scrub symbol table, 0.0051012 secs]2022-05-10T17:23:31.497+0800: 276.359: [scrub string table, 0.0004030 secs][1 CMS-remark: 12442K(341376K)] 24952K(494976K), 0.0098565 secs] [Times: user=0.01 sys=0.00, real=0.01 secs] 
2022-05-10T17:23:31.498+0800: 276.359: Total time for which application threads were stopped: 0.0099497 seconds, Stopping threads took: 0.0000205 seconds
2022-05-10T17:23:31.498+0800: 276.360: [CMS-concurrent-sweep-start]
2022-05-10T17:23:31.502+0800: 276.364: [CMS-concurrent-sweep: 0.004/0.004 secs] [Times: user=0.00 sys=0.00, real=0.00 secs] 
2022-05-10T17:23:31.502+0800: 276.364: [CMS-concurrent-reset-start]
2022-05-10T17:23:31.502+0800: 276.364: [CMS-concurrent-reset: 0.000/0.000 secs] [Times: user=0.00 sys=0.00, real=0.00 secs] 
2022-05-10T17:23:33.507+0800: 278.369: Application time: 2.0090594 seconds
2022-05-10T17:23:33.508+0800: 278.369: [GC (CMS Initial Mark) [1 CMS-initial-mark: 12442K(341376K)] 24952K(494976K), 0.0018724 secs] [Times: user=0.00 sys=0.00, real=0.00 secs] 
2022-05-10T17:23:33.509+0800: 278.371: Total time for which application threads were stopped: 0.0020966 seconds, Stopping threads took: 0.0000502 seconds
2022-05-10T17:23:33.509+0800: 278.371: [CMS-concurrent-mark-start]
2022-05-10T17:23:33.530+0800: 278.391: [CMS-concurrent-mark: 0.021/0.021 secs] [Times: user=0.03 sys=0.00, real=0.02 secs] 
2022-05-10T17:23:33.530+0800: 278.392: [CMS-concurrent-preclean-start]
2022-05-10T17:23:33.530+0800: 278.392: [CMS-concurrent-preclean: 0.001/0.001 secs] [Times: user=0.00 sys=0.00, real=0.00 secs] 
2022-05-10T17:23:33.531+0800: 278.392: [CMS-concurrent-abortable-preclean-start]
 CMS: abort preclean due to time 2022-05-10T17:23:38.572+0800: 283.433: [CMS-concurrent-abortable-preclean: 0.054/5.041 secs] [Times: user=0.03 sys=0.00, real=5.04 secs] 
2022-05-10T17:23:38.572+0800: 283.433: Application time: 5.0628377 seconds
2022-05-10T17:23:38.572+0800: 283.434: [GC (CMS Final Remark) [YG occupancy: 12509 K (153600 K)]2022-05-10T17:23:38.572+0800: 283.434: [Rescan (parallel) , 0.0021263 secs]2022-05-10T17:23:38.575+0800: 283.436: [weak refs processing, 0.0000558 secs]2022-05-10T17:23:38.575+0800: 283.436: [class unloading, 0.0039941 secs]2022-05-10T17:23:38.578+0800: 283.440: [scrub symbol table, 0.0046440 secs]2022-05-10T17:23:38.583+0800: 283.444: [scrub string table, 0.0004458 secs][1 CMS-remark: 12442K(341376K)] 24952K(494976K), 0.0114032 secs] [Times: user=0.00 sys=0.00, real=0.01 secs] 
2022-05-10T17:23:38.583+0800: 283.445: Total time for which application threads were stopped: 0.0115204 seconds, Stopping threads took: 0.0000388 seconds
2022-05-10T17:23:38.583+0800: 283.445: [CMS-concurrent-sweep-start]
2022-05-10T17:23:38.588+0800: 283.450: [CMS-concurrent-sweep: 0.005/0.005 secs] [Times: user=0.02 sys=0.00, real=0.01 secs] 
2022-05-10T17:23:38.588+0800: 283.450: [CMS-concurrent-reset-start]
2022-05-10T17:23:38.588+0800: 283.450: [CMS-concurrent-reset: 0.000/0.000 secs] [Times: user=0.00 sys=0.00, real=0.00 secs] 
2022-05-10T17:23:40.600+0800: 285.461: Application time: 2.0158381 seconds
2022-05-10T17:23:40.600+0800: 285.461: [GC (CMS Initial Mark) [1 CMS-initial-mark: 12442K(341376K)] 24952K(494976K), 0.0017421 secs] [Times: user=0.02 sys=0.00, real=0.00 secs] 
2022-05-10T17:23:40.602+0800: 285.463: Total time for which application threads were stopped: 0.0019358 seconds, Stopping threads took: 0.0000397 seconds
2022-05-10T17:23:40.602+0800: 285.463: [CMS-concurrent-mark-start]
2022-05-10T17:23:40.618+0800: 285.479: [CMS-concurrent-mark: 0.017/0.017 secs] [Times: user=0.03 sys=0.00, real=0.02 secs] 
2022-05-10T17:23:40.618+0800: 285.479: [CMS-concurrent-preclean-start]
2022-05-10T17:23:40.619+0800: 285.481: [CMS-concurrent-preclean: 0.001/0.001 secs] [Times: user=0.00 sys=0.00, real=0.00 secs] 
2022-05-10T17:23:40.619+0800: 285.481: [CMS-concurrent-abortable-preclean-start]
2022-05-10T17:23:41.605+0800: 286.466: Application time: 1.0033658 seconds
2022-05-10T17:23:41.605+0800: 286.466: Total time for which application threads were stopped: 0.0001333 seconds, Stopping threads took: 0.0000445 seconds
 CMS: abort preclean due to time 2022-05-10T17:23:45.647+0800: 290.508: [CMS-concurrent-abortable-preclean: 0.054/5.027 secs] [Times: user=0.05 sys=0.00, real=5.03 secs] 
2022-05-10T17:23:45.647+0800: 290.508: Application time: 4.0419062 seconds
2022-05-10T17:23:45.647+0800: 290.508: [GC (CMS Final Remark) [YG occupancy: 12509 K (153600 K)]2022-05-10T17:23:45.647+0800: 290.508: [Rescan (parallel) , 0.0017702 secs]2022-05-10T17:23:45.649+0800: 290.510: [weak refs processing, 0.0000491 secs]2022-05-10T17:23:45.649+0800: 290.510: [class unloading, 0.0039306 secs]2022-05-10T17:23:45.653+0800: 290.514: [scrub symbol table, 0.0056433 secs]2022-05-10T17:23:45.659+0800: 290.520: [scrub string table, 0.0005992 secs][1 CMS-remark: 12442K(341376K)] 24952K(494976K), 0.0121430 secs] [Times: user=0.09 sys=0.00, real=0.01 secs] 
2022-05-10T17:23:45.659+0800: 290.520: Total time for which application threads were stopped: 0.0122593 seconds, Stopping threads took: 0.0000265 seconds
2022-05-10T17:23:45.660+0800: 290.521: [CMS-concurrent-sweep-start]
2022-05-10T17:23:45.665+0800: 290.526: [CMS-concurrent-sweep: 0.006/0.006 secs] [Times: user=0.01 sys=0.00, real=0.00 secs] 
2022-05-10T17:23:45.665+0800: 290.526: [CMS-concurrent-reset-start]
2022-05-10T17:23:45.666+0800: 290.527: [CMS-concurrent-reset: 0.000/0.000 secs] [Times: user=0.00 sys=0.00, real=0.00 secs] 
2022-05-10T17:23:46.664+0800: 291.525: Application time: 1.0044691 seconds
2022-05-10T17:23:46.664+0800: 291.525: Total time for which application threads were stopped: 0.0001018 seconds, Stopping threads took: 0.0000415 seconds
2022-05-10T17:23:47.671+0800: 292.532: Application time: 1.0068791 seconds
2022-05-10T17:23:47.671+0800: 292.532: [GC (CMS Initial Mark) [1 CMS-initial-mark: 12442K(341376K)] 24952K(494976K), 0.0013423 secs] [Times: user=0.00 sys=0.00, real=0.00 secs] 
2022-05-10T17:23:47.672+0800: 292.533: Total time for which application threads were stopped: 0.0014903 seconds, Stopping threads took: 0.0000425 seconds
2022-05-10T17:23:47.672+0800: 292.533: [CMS-concurrent-mark-start]
2022-05-10T17:23:47.690+0800: 292.551: [CMS-concurrent-mark: 0.017/0.017 secs] [Times: user=0.03 sys=0.00, real=0.02 secs] 
2022-05-10T17:23:47.690+0800: 292.551: [CMS-concurrent-preclean-start]
2022-05-10T17:23:47.691+0800: 292.552: [CMS-concurrent-preclean: 0.001/0.001 secs] [Times: user=0.00 sys=0.00, real=0.00 secs] 
2022-05-10T17:23:47.691+0800: 292.552: [CMS-concurrent-abortable-preclean-start]
 CMS: abort preclean due to time 2022-05-10T17:23:52.742+0800: 297.604: [CMS-concurrent-abortable-preclean: 0.054/5.052 secs] [Times: user=0.08 sys=0.00, real=5.05 secs] 
2022-05-10T17:23:52.743+0800: 297.604: Application time: 5.0702262 seconds
2022-05-10T17:23:52.743+0800: 297.604: [GC (CMS Final Remark) [YG occupancy: 12509 K (153600 K)]2022-05-10T17:23:52.743+0800: 297.604: [Rescan (parallel) , 0.0017826 secs]2022-05-10T17:23:52.745+0800: 297.606: [weak refs processing, 0.0000470 secs]2022-05-10T17:23:52.745+0800: 297.606: [class unloading, 0.0026948 secs]2022-05-10T17:23:52.747+0800: 297.608: [scrub symbol table, 0.0047826 secs]2022-05-10T17:23:52.752+0800: 297.613: [scrub string table, 0.0003943 secs][1 CMS-remark: 12442K(341376K)] 24952K(494976K), 0.0098342 secs] [Times: user=0.00 sys=0.00, real=0.01 secs] 
2022-05-10T17:23:52.752+0800: 297.614: Total time for which application threads were stopped: 0.0099324 seconds, Stopping threads took: 0.0000241 seconds
2022-05-10T17:23:52.752+0800: 297.614: [CMS-concurrent-sweep-start]
2022-05-10T17:23:52.757+0800: 297.618: [CMS-concurrent-sweep: 0.005/0.005 secs] [Times: user=0.00 sys=0.00, real=0.00 secs] 
2022-05-10T17:23:52.757+0800: 297.618: [CMS-concurrent-reset-start]
2022-05-10T17:23:52.758+0800: 297.619: [CMS-concurrent-reset: 0.000/0.000 secs] [Times: user=0.01 sys=0.00, real=0.00 secs] 
2022-05-10T17:23:54.770+0800: 299.631: Application time: 2.0171290 seconds
2022-05-10T17:23:54.770+0800: 299.631: [GC (CMS Initial Mark) [1 CMS-initial-mark: 12442K(341376K)] 24952K(494976K), 0.0016451 secs] [Times: user=0.00 sys=0.00, real=0.00 secs] 
2022-05-10T17:23:54.771+0800: 299.633: Total time for which application threads were stopped: 0.0018010 seconds, Stopping threads took: 0.0000388 seconds
2022-05-10T17:23:54.771+0800: 299.633: [CMS-concurrent-mark-start]
2022-05-10T17:23:54.789+0800: 299.650: [CMS-concurrent-mark: 0.017/0.017 secs] [Times: user=0.06 sys=0.00, real=0.02 secs] 
2022-05-10T17:23:54.789+0800: 299.650: [CMS-concurrent-preclean-start]
2022-05-10T17:23:54.790+0800: 299.651: [CMS-concurrent-preclean: 0.001/0.001 secs] [Times: user=0.00 sys=0.00, real=0.00 secs] 
2022-05-10T17:23:54.790+0800: 299.651: [CMS-concurrent-abortable-preclean-start]
 CMS: abort preclean due to time 2022-05-10T17:23:59.845+0800: 304.706: [CMS-concurrent-abortable-preclean: 0.057/5.055 secs] [Times: user=0.08 sys=0.00, real=5.06 secs] 
2022-05-10T17:23:59.845+0800: 304.706: Application time: 5.0735664 seconds
2022-05-10T17:23:59.845+0800: 304.706: [GC (CMS Final Remark) [YG occupancy: 12509 K (153600 K)]2022-05-10T17:23:59.845+0800: 304.706: [Rescan (parallel) , 0.0018362 secs]2022-05-10T17:23:59.847+0800: 304.708: [weak refs processing, 0.0000337 secs]2022-05-10T17:23:59.847+0800: 304.708: [class unloading, 0.0027379 secs]2022-05-10T17:23:59.850+0800: 304.711: [scrub symbol table, 0.0043776 secs]2022-05-10T17:23:59.854+0800: 304.715: [scrub string table, 0.0004088 secs][1 CMS-remark: 12442K(341376K)] 24952K(494976K), 0.0095087 secs] [Times: user=0.02 sys=0.00, real=0.01 secs] 
2022-05-10T17:23:59.855+0800: 304.716: Total time for which application threads were stopped: 0.0096582 seconds, Stopping threads took: 0.0000466 seconds
2022-05-10T17:23:59.855+0800: 304.716: [CMS-concurrent-sweep-start]
2022-05-10T17:23:59.860+0800: 304.721: [CMS-concurrent-sweep: 0.005/0.005 secs] [Times: user=0.00 sys=0.00, real=0.00 secs] 
2022-05-10T17:23:59.860+0800: 304.721: [CMS-concurrent-reset-start]
2022-05-10T17:23:59.860+0800: 304.721: [CMS-concurrent-reset: 0.000/0.000 secs] [Times: user=0.00 sys=0.00, real=0.00 secs] 
2022-05-10T17:24:01.871+0800: 306.732: Application time: 2.0161900 seconds
2022-05-10T17:24:01.871+0800: 306.732: [GC (CMS Initial Mark) [1 CMS-initial-mark: 12442K(341376K)] 26317K(494976K), 0.0014171 secs] [Times: user=0.00 sys=0.00, real=0.00 secs] 
2022-05-10T17:24:01.872+0800: 306.734: Total time for which application threads were stopped: 0.0015561 seconds, Stopping threads took: 0.0000357 seconds
2022-05-10T17:24:01.872+0800: 306.734: [CMS-concurrent-mark-start]
2022-05-10T17:24:01.889+0800: 306.750: [CMS-concurrent-mark: 0.017/0.017 secs] [Times: user=0.03 sys=0.00, real=0.02 secs] 
2022-05-10T17:24:01.889+0800: 306.750: [CMS-concurrent-preclean-start]
2022-05-10T17:24:01.890+0800: 306.752: [CMS-concurrent-preclean: 0.001/0.001 secs] [Times: user=0.00 sys=0.00, real=0.00 secs] 
2022-05-10T17:24:01.890+0800: 306.752: [CMS-concurrent-abortable-preclean-start]
 CMS: abort preclean due to time 2022-05-10T17:24:06.933+0800: 311.794: [CMS-concurrent-abortable-preclean: 0.052/5.043 secs] [Times: user=0.02 sys=0.00, real=5.04 secs] 
2022-05-10T17:24:06.933+0800: 311.795: Application time: 5.0610454 seconds
2022-05-10T17:24:06.933+0800: 311.795: [GC (CMS Final Remark) [YG occupancy: 13875 K (153600 K)]2022-05-10T17:24:06.933+0800: 311.795: [Rescan (parallel) , 0.0019875 secs]2022-05-10T17:24:06.936+0800: 311.797: [weak refs processing, 0.0000576 secs]2022-05-10T17:24:06.936+0800: 311.797: [class unloading, 0.0040665 secs]2022-05-10T17:24:06.940+0800: 311.801: [scrub symbol table, 0.0055217 secs]2022-05-10T17:24:06.945+0800: 311.806: [scrub string table, 0.0006383 secs][1 CMS-remark: 12442K(341376K)] 26317K(494976K), 0.0124181 secs] [Times: user=0.01 sys=0.00, real=0.01 secs] 
2022-05-10T17:24:06.946+0800: 311.807: Total time for which application threads were stopped: 0.0125405 seconds, Stopping threads took: 0.0000289 seconds
2022-05-10T17:24:06.946+0800: 311.807: [CMS-concurrent-sweep-start]
2022-05-10T17:24:06.951+0800: 311.813: [CMS-concurrent-sweep: 0.006/0.006 secs] [Times: user=0.00 sys=0.00, real=0.00 secs] 
2022-05-10T17:24:06.952+0800: 311.813: [CMS-concurrent-reset-start]
2022-05-10T17:24:06.952+0800: 311.813: [CMS-concurrent-reset: 0.000/0.000 secs] [Times: user=0.00 sys=0.00, real=0.00 secs] 
2022-05-10T17:24:08.959+0800: 313.820: Application time: 2.0132866 seconds
2022-05-10T17:24:08.959+0800: 313.820: [GC (CMS Initial Mark) [1 CMS-initial-mark: 12442K(341376K)] 26317K(494976K), 0.0019132 secs] [Times: user=0.02 sys=0.00, real=0.00 secs] 
2022-05-10T17:24:08.961+0800: 313.822: Total time for which application threads were stopped: 0.0020622 seconds, Stopping threads took: 0.0000386 seconds
2022-05-10T17:24:08.961+0800: 313.822: [CMS-concurrent-mark-start]
2022-05-10T17:24:08.979+0800: 313.840: [CMS-concurrent-mark: 0.018/0.018 secs] [Times: user=0.03 sys=0.00, real=0.02 secs] 
2022-05-10T17:24:08.979+0800: 313.840: [CMS-concurrent-preclean-start]
2022-05-10T17:24:08.980+0800: 313.842: [CMS-concurrent-preclean: 0.001/0.001 secs] [Times: user=0.00 sys=0.00, real=0.00 secs] 
2022-05-10T17:24:08.980+0800: 313.842: [CMS-concurrent-abortable-preclean-start]
 CMS: abort preclean due to time 2022-05-10T17:24:14.005+0800: 318.866: [CMS-concurrent-abortable-preclean: 0.056/5.024 secs] [Times: user=0.13 sys=0.02, real=5.03 secs] 
2022-05-10T17:24:14.005+0800: 318.866: Application time: 5.0436503 seconds
2022-05-10T17:24:14.005+0800: 318.866: [GC (CMS Final Remark) [YG occupancy: 13875 K (153600 K)]2022-05-10T17:24:14.005+0800: 318.866: [Rescan (parallel) , 0.0020182 secs]2022-05-10T17:24:14.007+0800: 318.868: [weak refs processing, 0.0000612 secs]2022-05-10T17:24:14.007+0800: 318.868: [class unloading, 0.0043391 secs]2022-05-10T17:24:14.012+0800: 318.873: [scrub symbol table, 0.0073924 secs]2022-05-10T17:24:14.019+0800: 318.880: [scrub string table, 0.0006633 secs][1 CMS-remark: 12442K(341376K)] 26317K(494976K), 0.0146512 secs] [Times: user=0.02 sys=0.00, real=0.01 secs] 
2022-05-10T17:24:14.020+0800: 318.881: Total time for which application threads were stopped: 0.0147855 seconds, Stopping threads took: 0.0000286 seconds
2022-05-10T17:24:14.020+0800: 318.881: [CMS-concurrent-sweep-start]
2022-05-10T17:24:14.026+0800: 318.887: [CMS-concurrent-sweep: 0.006/0.006 secs] [Times: user=0.02 sys=0.00, real=0.01 secs] 
2022-05-10T17:24:14.026+0800: 318.887: [CMS-concurrent-reset-start]
2022-05-10T17:24:14.027+0800: 318.888: [CMS-concurrent-reset: 0.000/0.000 secs] [Times: user=0.00 sys=0.00, real=0.00 secs] 
2022-05-10T17:24:16.028+0800: 320.889: Application time: 2.0078608 seconds
2022-05-10T17:24:16.028+0800: 320.889: [GC (CMS Initial Mark) [1 CMS-initial-mark: 12441K(341376K)] 26316K(494976K), 0.0017133 secs] [Times: user=0.00 sys=0.00, real=0.00 secs] 
2022-05-10T17:24:16.029+0800: 320.891: Total time for which application threads were stopped: 0.0018633 seconds, Stopping threads took: 0.0000338 seconds
2022-05-10T17:24:16.030+0800: 320.891: [CMS-concurrent-mark-start]
2022-05-10T17:24:16.045+0800: 320.906: [CMS-concurrent-mark: 0.015/0.015 secs] [Times: user=0.03 sys=0.00, real=0.02 secs] 
2022-05-10T17:24:16.045+0800: 320.906: [CMS-concurrent-preclean-start]
2022-05-10T17:24:16.046+0800: 320.907: [CMS-concurrent-preclean: 0.001/0.001 secs] [Times: user=0.00 sys=0.00, real=0.00 secs] 
2022-05-10T17:24:16.046+0800: 320.907: [CMS-concurrent-abortable-preclean-start]
 CMS: abort preclean due to time 2022-05-10T17:24:21.111+0800: 325.972: [CMS-concurrent-abortable-preclean: 0.051/5.066 secs] [Times: user=0.03 sys=0.00, real=5.07 secs] 
2022-05-10T17:24:21.111+0800: 325.972: Application time: 5.0817625 seconds
2022-05-10T17:24:21.111+0800: 325.972: [GC (CMS Final Remark) [YG occupancy: 13875 K (153600 K)]2022-05-10T17:24:21.111+0800: 325.972: [Rescan (parallel) , 0.0019242 secs]2022-05-10T17:24:21.113+0800: 325.974: [weak refs processing, 0.0000354 secs]2022-05-10T17:24:21.113+0800: 325.974: [class unloading, 0.0035652 secs]2022-05-10T17:24:21.116+0800: 325.978: [scrub symbol table, 0.0056152 secs]2022-05-10T17:24:21.122+0800: 325.984: [scrub string table, 0.0005988 secs][1 CMS-remark: 12441K(341376K)] 26316K(494976K), 0.0118550 secs] [Times: user=0.01 sys=0.00, real=0.01 secs] 
2022-05-10T17:24:21.123+0800: 325.984: Total time for which application threads were stopped: 0.0119601 seconds, Stopping threads took: 0.0000217 seconds
2022-05-10T17:24:21.123+0800: 325.984: [CMS-concurrent-sweep-start]
2022-05-10T17:24:21.128+0800: 325.990: [CMS-concurrent-sweep: 0.005/0.005 secs] [Times: user=0.00 sys=0.00, real=0.01 secs] 
2022-05-10T17:24:21.128+0800: 325.990: [CMS-concurrent-reset-start]
2022-05-10T17:24:21.128+0800: 325.990: [CMS-concurrent-reset: 0.000/0.000 secs] [Times: user=0.00 sys=0.00, real=0.00 secs] 
2022-05-10T17:24:23.140+0800: 328.001: Application time: 2.0163174 seconds
2022-05-10T17:24:23.140+0800: 328.001: [GC (CMS Initial Mark) [1 CMS-initial-mark: 12441K(341376K)] 26316K(494976K), 0.0017436 secs] [Times: user=0.00 sys=0.00, real=0.00 secs] 
2022-05-10T17:24:23.141+0800: 328.003: Total time for which application threads were stopped: 0.0019056 seconds, Stopping threads took: 0.0000373 seconds
2022-05-10T17:24:23.142+0800: 328.003: [CMS-concurrent-mark-start]
2022-05-10T17:24:23.156+0800: 328.017: [CMS-concurrent-mark: 0.015/0.015 secs] [Times: user=0.03 sys=0.00, real=0.01 secs] 
2022-05-10T17:24:23.156+0800: 328.017: [CMS-concurrent-preclean-start]
2022-05-10T17:24:23.157+0800: 328.018: [CMS-concurrent-preclean: 0.001/0.001 secs] [Times: user=0.00 sys=0.00, real=0.00 secs] 
2022-05-10T17:24:23.157+0800: 328.018: [CMS-concurrent-abortable-preclean-start]
 CMS: abort preclean due to time 2022-05-10T17:24:28.225+0800: 333.086: [CMS-concurrent-abortable-preclean: 0.057/5.068 secs] [Times: user=0.02 sys=0.00, real=5.07 secs] 
2022-05-10T17:24:28.225+0800: 333.086: Application time: 5.0837148 seconds
2022-05-10T17:24:28.225+0800: 333.086: [GC (CMS Final Remark) [YG occupancy: 13875 K (153600 K)]2022-05-10T17:24:28.225+0800: 333.086: [Rescan (parallel) , 0.0019952 secs]2022-05-10T17:24:28.227+0800: 333.088: [weak refs processing, 0.0000342 secs]2022-05-10T17:24:28.227+0800: 333.088: [class unloading, 0.0028189 secs]2022-05-10T17:24:28.230+0800: 333.091: [scrub symbol table, 0.0048404 secs]2022-05-10T17:24:28.235+0800: 333.096: [scrub string table, 0.0004382 secs][1 CMS-remark: 12441K(341376K)] 26316K(494976K), 0.0102361 secs] [Times: user=0.09 sys=0.01, real=0.01 secs] 
2022-05-10T17:24:28.235+0800: 333.097: Total time for which application threads were stopped: 0.0103317 seconds, Stopping threads took: 0.0000212 seconds
2022-05-10T17:24:28.235+0800: 333.097: [CMS-concurrent-sweep-start]
2022-05-10T17:24:28.240+0800: 333.101: [CMS-concurrent-sweep: 0.004/0.004 secs] [Times: user=0.00 sys=0.00, real=0.01 secs] 
2022-05-10T17:24:28.240+0800: 333.101: [CMS-concurrent-reset-start]
2022-05-10T17:24:28.240+0800: 333.102: [CMS-concurrent-reset: 0.000/0.000 secs] [Times: user=0.00 sys=0.00, real=0.00 secs] 
2022-05-10T17:24:30.255+0800: 335.116: Application time: 2.0189362 seconds
2022-05-10T17:24:30.255+0800: 335.116: [GC (CMS Initial Mark) [1 CMS-initial-mark: 12441K(341376K)] 26316K(494976K), 0.0051175 secs] [Times: user=0.02 sys=0.00, real=0.00 secs] 
2022-05-10T17:24:30.260+0800: 335.121: Total time for which application threads were stopped: 0.0054453 seconds, Stopping threads took: 0.0000662 seconds
2022-05-10T17:24:30.260+0800: 335.121: [CMS-concurrent-mark-start]
2022-05-10T17:24:30.282+0800: 335.144: [CMS-concurrent-mark: 0.022/0.022 secs] [Times: user=0.03 sys=0.00, real=0.02 secs] 
2022-05-10T17:24:30.283+0800: 335.144: [CMS-concurrent-preclean-start]
2022-05-10T17:24:30.283+0800: 335.145: [CMS-concurrent-preclean: 0.001/0.001 secs] [Times: user=0.00 sys=0.00, real=0.00 secs] 
2022-05-10T17:24:30.283+0800: 335.145: [CMS-concurrent-abortable-preclean-start]
 CMS: abort preclean due to time 2022-05-10T17:24:35.327+0800: 340.188: [CMS-concurrent-abortable-preclean: 0.060/5.044 secs] [Times: user=0.02 sys=0.00, real=5.04 secs] 
2022-05-10T17:24:35.327+0800: 340.189: Application time: 5.0675178 seconds
2022-05-10T17:24:35.327+0800: 340.189: [GC (CMS Final Remark) [YG occupancy: 13875 K (153600 K)]2022-05-10T17:24:35.327+0800: 340.189: [Rescan (parallel) , 0.0024380 secs]2022-05-10T17:24:35.330+0800: 340.191: [weak refs processing, 0.0000648 secs]2022-05-10T17:24:35.330+0800: 340.191: [class unloading, 0.0047236 secs]2022-05-10T17:24:35.334+0800: 340.196: [scrub symbol table, 0.0081230 secs]2022-05-10T17:24:35.342+0800: 340.204: [scrub string table, 0.0007408 secs][1 CMS-remark: 12441K(341376K)] 26316K(494976K), 0.0162581 secs] [Times: user=0.01 sys=0.00, real=0.02 secs] 
2022-05-10T17:24:35.343+0800: 340.205: Total time for which application threads were stopped: 0.0163836 seconds, Stopping threads took: 0.0000255 seconds
2022-05-10T17:24:35.343+0800: 340.205: [CMS-concurrent-sweep-start]
2022-05-10T17:24:35.352+0800: 340.213: [CMS-concurrent-sweep: 0.008/0.008 secs] [Times: user=0.02 sys=0.00, real=0.01 secs] 
2022-05-10T17:24:35.352+0800: 340.213: [CMS-concurrent-reset-start]
2022-05-10T17:24:35.352+0800: 340.214: [CMS-concurrent-reset: 0.000/0.000 secs] [Times: user=0.00 sys=0.00, real=0.00 secs] 
2022-05-10T17:24:37.366+0800: 342.227: Application time: 2.0220776 seconds
2022-05-10T17:24:37.366+0800: 342.227: [GC (CMS Initial Mark) [1 CMS-initial-mark: 12441K(341376K)] 26316K(494976K), 0.0023366 secs] [Times: user=0.01 sys=0.00, real=0.00 secs] 
2022-05-10T17:24:37.369+0800: 342.230: Total time for which application threads were stopped: 0.0025283 seconds, Stopping threads took: 0.0000384 seconds
2022-05-10T17:24:37.369+0800: 342.230: [CMS-concurrent-mark-start]
2022-05-10T17:24:37.386+0800: 342.248: [CMS-concurrent-mark: 0.019/0.019 secs] [Times: user=0.03 sys=0.00, real=0.02 secs] 
2022-05-10T17:24:37.387+0800: 342.249: [CMS-concurrent-preclean-start]
2022-05-10T17:24:37.389+0800: 342.250: [CMS-concurrent-preclean: 0.001/0.001 secs] [Times: user=0.00 sys=0.00, real=0.00 secs] 
2022-05-10T17:24:37.389+0800: 342.250: [CMS-concurrent-abortable-preclean-start]
 CMS: abort preclean due to time 2022-05-10T17:24:42.431+0800: 347.293: [CMS-concurrent-abortable-preclean: 0.056/5.043 secs] [Times: user=0.05 sys=0.00, real=5.04 secs] 
2022-05-10T17:24:42.431+0800: 347.293: Application time: 5.0636842 seconds
2022-05-10T17:24:42.432+0800: 347.293: [GC (CMS Final Remark) [YG occupancy: 13875 K (153600 K)]2022-05-10T17:24:42.432+0800: 347.293: [Rescan (parallel) , 0.0029761 secs]2022-05-10T17:24:42.435+0800: 347.296: [weak refs processing, 0.0000625 secs]2022-05-10T17:24:42.435+0800: 347.296: [class unloading, 0.0050381 secs]2022-05-10T17:24:42.440+0800: 347.301: [scrub symbol table, 0.0065356 secs]2022-05-10T17:24:42.446+0800: 347.308: [scrub string table, 0.0004791 secs][1 CMS-remark: 12441K(341376K)] 26316K(494976K), 0.0152220 secs] [Times: user=0.01 sys=0.00, real=0.02 secs] 
2022-05-10T17:24:42.447+0800: 347.309: Total time for which application threads were stopped: 0.0153469 seconds, Stopping threads took: 0.0000332 seconds
2022-05-10T17:24:42.447+0800: 347.309: [CMS-concurrent-sweep-start]
2022-05-10T17:24:42.453+0800: 347.314: [CMS-concurrent-sweep: 0.006/0.006 secs] [Times: user=0.00 sys=0.00, real=0.01 secs] 
2022-05-10T17:24:42.453+0800: 347.314: [CMS-concurrent-reset-start]
2022-05-10T17:24:42.453+0800: 347.315: [CMS-concurrent-reset: 0.000/0.000 secs] [Times: user=0.00 sys=0.00, real=0.00 secs] 
2022-05-10T17:24:44.456+0800: 349.317: Application time: 2.0082273 seconds
2022-05-10T17:24:44.456+0800: 349.317: [GC (CMS Initial Mark) [1 CMS-initial-mark: 12441K(341376K)] 26316K(494976K), 0.0015150 secs] [Times: user=0.00 sys=0.00, real=0.00 secs] 
2022-05-10T17:24:44.457+0800: 349.318: Total time for which application threads were stopped: 0.0016601 seconds, Stopping threads took: 0.0000340 seconds
2022-05-10T17:24:44.457+0800: 349.319: [CMS-concurrent-mark-start]
2022-05-10T17:24:44.473+0800: 349.334: [CMS-concurrent-mark: 0.015/0.015 secs] [Times: user=0.03 sys=0.00, real=0.02 secs] 
2022-05-10T17:24:44.473+0800: 349.334: [CMS-concurrent-preclean-start]
2022-05-10T17:24:44.473+0800: 349.334: [CMS-concurrent-preclean: 0.001/0.001 secs] [Times: user=0.00 sys=0.00, real=0.00 secs] 
2022-05-10T17:24:44.473+0800: 349.335: [CMS-concurrent-abortable-preclean-start]
 CMS: abort preclean due to time 2022-05-10T17:24:49.535+0800: 354.396: [CMS-concurrent-abortable-preclean: 0.053/5.061 secs] [Times: user=0.08 sys=0.00, real=5.06 secs] 
2022-05-10T17:24:49.535+0800: 354.396: Application time: 5.0775217 seconds
2022-05-10T17:24:49.535+0800: 354.396: [GC (CMS Final Remark) [YG occupancy: 13875 K (153600 K)]2022-05-10T17:24:49.535+0800: 354.396: [Rescan (parallel) , 0.0019636 secs]2022-05-10T17:24:49.537+0800: 354.398: [weak refs processing, 0.0000334 secs]2022-05-10T17:24:49.537+0800: 354.398: [class unloading, 0.0027480 secs]2022-05-10T17:24:49.540+0800: 354.401: [scrub symbol table, 0.0041138 secs]2022-05-10T17:24:49.544+0800: 354.405: [scrub string table, 0.0004004 secs][1 CMS-remark: 12441K(341376K)] 26316K(494976K), 0.0093624 secs] [Times: user=0.01 sys=0.00, real=0.01 secs] 
2022-05-10T17:24:49.544+0800: 354.405: Total time for which application threads were stopped: 0.0094631 seconds, Stopping threads took: 0.0000222 seconds
2022-05-10T17:24:49.545+0800: 354.406: [CMS-concurrent-sweep-start]
2022-05-10T17:24:49.548+0800: 354.409: [CMS-concurrent-sweep: 0.004/0.004 secs] [Times: user=0.00 sys=0.00, real=0.00 secs] 
2022-05-10T17:24:49.548+0800: 354.409: [CMS-concurrent-reset-start]
2022-05-10T17:24:49.549+0800: 354.410: [CMS-concurrent-reset: 0.001/0.001 secs] [Times: user=0.00 sys=0.00, real=0.00 secs] 
2022-05-10T17:24:51.549+0800: 356.410: Application time: 2.0044797 seconds
2022-05-10T17:24:51.549+0800: 356.410: [GC (CMS Initial Mark) [1 CMS-initial-mark: 12441K(341376K)] 26316K(494976K), 0.0021077 secs] [Times: user=0.00 sys=0.00, real=0.00 secs] 
2022-05-10T17:24:51.551+0800: 356.412: Total time for which application threads were stopped: 0.0022810 seconds, Stopping threads took: 0.0000323 seconds
2022-05-10T17:24:51.551+0800: 356.412: [CMS-concurrent-mark-start]
2022-05-10T17:24:51.569+0800: 356.431: [CMS-concurrent-mark: 0.018/0.018 secs] [Times: user=0.03 sys=0.00, real=0.02 secs] 
2022-05-10T17:24:51.569+0800: 356.431: [CMS-concurrent-preclean-start]
2022-05-10T17:24:51.571+0800: 356.432: [CMS-concurrent-preclean: 0.001/0.001 secs] [Times: user=0.02 sys=0.00, real=0.00 secs] 
2022-05-10T17:24:51.571+0800: 356.432: [CMS-concurrent-abortable-preclean-start]
 CMS: abort preclean due to time 2022-05-10T17:24:56.603+0800: 361.464: [CMS-concurrent-abortable-preclean: 0.056/5.032 secs] [Times: user=0.02 sys=0.00, real=5.03 secs] 
2022-05-10T17:24:56.604+0800: 361.465: Application time: 5.0526423 seconds
2022-05-10T17:24:56.604+0800: 361.465: [GC (CMS Final Remark) [YG occupancy: 13875 K (153600 K)]2022-05-10T17:24:56.604+0800: 361.465: [Rescan (parallel) , 0.0037089 secs]2022-05-10T17:24:56.608+0800: 361.469: [weak refs processing, 0.0000851 secs]2022-05-10T17:24:56.608+0800: 361.469: [class unloading, 0.0065036 secs]2022-05-10T17:24:56.614+0800: 361.476: [scrub symbol table, 0.0126162 secs]2022-05-10T17:24:56.627+0800: 361.488: [scrub string table, 0.0009178 secs][1 CMS-remark: 12441K(341376K)] 26316K(494976K), 0.0241318 secs] [Times: user=0.02 sys=0.00, real=0.02 secs] 
2022-05-10T17:24:56.628+0800: 361.489: Total time for which application threads were stopped: 0.0243561 seconds, Stopping threads took: 0.0000511 seconds
2022-05-10T17:24:56.628+0800: 361.489: [CMS-concurrent-sweep-start]
2022-05-10T17:24:56.637+0800: 361.498: [CMS-concurrent-sweep: 0.008/0.008 secs] [Times: user=0.02 sys=0.00, real=0.01 secs] 
2022-05-10T17:24:56.637+0800: 361.498: [CMS-concurrent-reset-start]
2022-05-10T17:24:56.637+0800: 361.498: [CMS-concurrent-reset: 0.001/0.001 secs] [Times: user=0.00 sys=0.00, real=0.00 secs] 
2022-05-10T17:24:58.638+0800: 363.499: Application time: 2.0101825 seconds
2022-05-10T17:24:58.638+0800: 363.500: [GC (CMS Initial Mark) [1 CMS-initial-mark: 12441K(341376K)] 26316K(494976K), 0.0022656 secs] [Times: user=0.00 sys=0.00, real=0.00 secs] 
2022-05-10T17:24:58.641+0800: 363.502: Total time for which application threads were stopped: 0.0024562 seconds, Stopping threads took: 0.0000370 seconds
2022-05-10T17:24:58.641+0800: 363.502: [CMS-concurrent-mark-start]
2022-05-10T17:24:58.663+0800: 363.525: [CMS-concurrent-mark: 0.023/0.023 secs] [Times: user=0.03 sys=0.00, real=0.02 secs] 
2022-05-10T17:24:58.663+0800: 363.525: [CMS-concurrent-preclean-start]
2022-05-10T17:24:58.665+0800: 363.526: [CMS-concurrent-preclean: 0.001/0.001 secs] [Times: user=0.02 sys=0.00, real=0.00 secs] 
2022-05-10T17:24:58.665+0800: 363.527: [CMS-concurrent-abortable-preclean-start]
 CMS: abort preclean due to time 2022-05-10T17:25:03.721+0800: 368.583: [CMS-concurrent-abortable-preclean: 0.054/5.057 secs] [Times: user=0.01 sys=0.00, real=5.06 secs] 
2022-05-10T17:25:03.721+0800: 368.583: Application time: 5.0815194 seconds
2022-05-10T17:25:03.722+0800: 368.584: [GC (CMS Final Remark) [YG occupancy: 13875 K (153600 K)]2022-05-10T17:25:03.722+0800: 368.584: [Rescan (parallel) , 0.0020571 secs]2022-05-10T17:25:03.725+0800: 368.586: [weak refs processing, 0.0000556 secs]2022-05-10T17:25:03.725+0800: 368.586: [class unloading, 0.0047138 secs]2022-05-10T17:25:03.728+0800: 368.590: [scrub symbol table, 0.0055941 secs]2022-05-10T17:25:03.734+0800: 368.596: [scrub string table, 0.0004316 secs][1 CMS-remark: 12441K(341376K)] 26316K(494976K), 0.0129952 secs] [Times: user=0.02 sys=0.00, real=0.01 secs] 
2022-05-10T17:25:03.735+0800: 368.597: Total time for which application threads were stopped: 0.0131051 seconds, Stopping threads took: 0.0000297 seconds
2022-05-10T17:25:03.735+0800: 368.597: [CMS-concurrent-sweep-start]
2022-05-10T17:25:03.740+0800: 368.602: [CMS-concurrent-sweep: 0.006/0.006 secs] [Times: user=0.00 sys=0.00, real=0.01 secs] 
2022-05-10T17:25:03.741+0800: 368.603: [CMS-concurrent-reset-start]
2022-05-10T17:25:03.741+0800: 368.603: [CMS-concurrent-reset: 0.000/0.000 secs] [Times: user=0.00 sys=0.00, real=0.00 secs] 
2022-05-10T17:25:05.747+0800: 370.608: Application time: 2.0111039 seconds
2022-05-10T17:25:05.747+0800: 370.608: [GC (CMS Initial Mark) [1 CMS-initial-mark: 12441K(341376K)] 26316K(494976K), 0.0020623 secs] [Times: user=0.00 sys=0.00, real=0.00 secs] 
2022-05-10T17:25:05.749+0800: 370.610: Total time for which application threads were stopped: 0.0022486 seconds, Stopping threads took: 0.0000430 seconds
2022-05-10T17:25:05.749+0800: 370.610: [CMS-concurrent-mark-start]
2022-05-10T17:25:05.766+0800: 370.627: [CMS-concurrent-mark: 0.017/0.017 secs] [Times: user=0.03 sys=0.00, real=0.02 secs] 
2022-05-10T17:25:05.766+0800: 370.627: [CMS-concurrent-preclean-start]
2022-05-10T17:25:05.767+0800: 370.628: [CMS-concurrent-preclean: 0.001/0.001 secs] [Times: user=0.00 sys=0.00, real=0.00 secs] 
2022-05-10T17:25:05.767+0800: 370.628: [CMS-concurrent-abortable-preclean-start]
 CMS: abort preclean due to time 2022-05-10T17:25:10.830+0800: 375.691: [CMS-concurrent-abortable-preclean: 0.055/5.063 secs] [Times: user=0.00 sys=0.00, real=5.06 secs] 
2022-05-10T17:25:10.830+0800: 375.691: Application time: 5.0810559 seconds
2022-05-10T17:25:10.830+0800: 375.691: [GC (CMS Final Remark) [YG occupancy: 13875 K (153600 K)]2022-05-10T17:25:10.830+0800: 375.691: [Rescan (parallel) , 0.0023501 secs]2022-05-10T17:25:10.832+0800: 375.693: [weak refs processing, 0.0000540 secs]2022-05-10T17:25:10.832+0800: 375.693: [class unloading, 0.0040030 secs]2022-05-10T17:25:10.836+0800: 375.698: [scrub symbol table, 0.0054450 secs]2022-05-10T17:25:10.842+0800: 375.703: [scrub string table, 0.0004363 secs][1 CMS-remark: 12441K(341376K)] 26316K(494976K), 0.0124583 secs] [Times: user=0.02 sys=0.00, real=0.01 secs] 
2022-05-10T17:25:10.842+0800: 375.704: Total time for which application threads were stopped: 0.0125533 seconds, Stopping threads took: 0.0000208 seconds
2022-05-10T17:25:10.843+0800: 375.704: [CMS-concurrent-sweep-start]
2022-05-10T17:25:10.847+0800: 375.708: [CMS-concurrent-sweep: 0.004/0.004 secs] [Times: user=0.00 sys=0.00, real=0.00 secs] 
2022-05-10T17:25:10.847+0800: 375.708: [CMS-concurrent-reset-start]
2022-05-10T17:25:10.847+0800: 375.708: [CMS-concurrent-reset: 0.000/0.000 secs] [Times: user=0.00 sys=0.00, real=0.00 secs] 
2022-05-10T17:25:12.860+0800: 377.721: Application time: 2.0174647 seconds
2022-05-10T17:25:12.860+0800: 377.721: [GC (CMS Initial Mark) [1 CMS-initial-mark: 12441K(341376K)] 26316K(494976K), 0.0016023 secs] [Times: user=0.00 sys=0.00, real=0.00 secs] 
2022-05-10T17:25:12.861+0800: 377.723: Total time for which application threads were stopped: 0.0017589 seconds, Stopping threads took: 0.0000397 seconds
2022-05-10T17:25:12.861+0800: 377.723: [CMS-concurrent-mark-start]
2022-05-10T17:25:12.877+0800: 377.738: [CMS-concurrent-mark: 0.016/0.016 secs] [Times: user=0.03 sys=0.00, real=0.02 secs] 
2022-05-10T17:25:12.877+0800: 377.738: [CMS-concurrent-preclean-start]
2022-05-10T17:25:12.878+0800: 377.740: [CMS-concurrent-preclean: 0.001/0.001 secs] [Times: user=0.00 sys=0.00, real=0.00 secs] 
2022-05-10T17:25:12.878+0800: 377.740: [CMS-concurrent-abortable-preclean-start]
 CMS: abort preclean due to time 2022-05-10T17:25:17.923+0800: 382.784: [CMS-concurrent-abortable-preclean: 0.052/5.044 secs] [Times: user=0.20 sys=0.00, real=5.05 secs] 
2022-05-10T17:25:17.923+0800: 382.784: Application time: 5.0613409 seconds
2022-05-10T17:25:17.923+0800: 382.784: [GC (CMS Final Remark) [YG occupancy: 13875 K (153600 K)]2022-05-10T17:25:17.923+0800: 382.784: [Rescan (parallel) , 0.0024942 secs]2022-05-10T17:25:17.926+0800: 382.787: [weak refs processing, 0.0000638 secs]2022-05-10T17:25:17.926+0800: 382.787: [class unloading, 0.0049055 secs]2022-05-10T17:25:17.931+0800: 382.792: [scrub symbol table, 0.0064945 secs]2022-05-10T17:25:17.937+0800: 382.798: [scrub string table, 0.0006292 secs][1 CMS-remark: 12441K(341376K)] 26316K(494976K), 0.0147922 secs] [Times: user=0.02 sys=0.00, real=0.01 secs] 
2022-05-10T17:25:17.938+0800: 382.799: Total time for which application threads were stopped: 0.0149700 seconds, Stopping threads took: 0.0000392 seconds
2022-05-10T17:25:17.938+0800: 382.799: [CMS-concurrent-sweep-start]
2022-05-10T17:25:17.944+0800: 382.805: [CMS-concurrent-sweep: 0.006/0.006 secs] [Times: user=0.00 sys=0.00, real=0.01 secs] 
2022-05-10T17:25:17.944+0800: 382.805: [CMS-concurrent-reset-start]
2022-05-10T17:25:17.944+0800: 382.806: [CMS-concurrent-reset: 0.000/0.000 secs] [Times: user=0.00 sys=0.00, real=0.00 secs] 
2022-05-10T17:25:19.944+0800: 384.805: Application time: 2.0060822 seconds
2022-05-10T17:25:19.944+0800: 384.805: [GC (CMS Initial Mark) [1 CMS-initial-mark: 12441K(341376K)] 26316K(494976K), 0.0019201 secs] [Times: user=0.02 sys=0.00, real=0.00 secs] 
2022-05-10T17:25:19.946+0800: 384.807: Total time for which application threads were stopped: 0.0021009 seconds, Stopping threads took: 0.0000571 seconds
2022-05-10T17:25:19.946+0800: 384.807: [CMS-concurrent-mark-start]
2022-05-10T17:25:19.965+0800: 384.826: [CMS-concurrent-mark: 0.019/0.019 secs] [Times: user=0.03 sys=0.00, real=0.02 secs] 
2022-05-10T17:25:19.965+0800: 384.827: [CMS-concurrent-preclean-start]
2022-05-10T17:25:19.966+0800: 384.828: [CMS-concurrent-preclean: 0.001/0.001 secs] [Times: user=0.00 sys=0.00, real=0.00 secs] 
2022-05-10T17:25:19.966+0800: 384.828: [CMS-concurrent-abortable-preclean-start]
 CMS: abort preclean due to time 2022-05-10T17:25:25.006+0800: 389.867: [CMS-concurrent-abortable-preclean: 0.058/5.039 secs] [Times: user=0.06 sys=0.00, real=5.04 secs] 
2022-05-10T17:25:25.006+0800: 389.867: Application time: 5.0599133 seconds
2022-05-10T17:25:25.006+0800: 389.867: [GC (CMS Final Remark) [YG occupancy: 13875 K (153600 K)]2022-05-10T17:25:25.006+0800: 389.867: [Rescan (parallel) , 0.0022877 secs]2022-05-10T17:25:25.009+0800: 389.870: [weak refs processing, 0.0000385 secs]2022-05-10T17:25:25.009+0800: 389.870: [class unloading, 0.0041832 secs]2022-05-10T17:25:25.012+0800: 389.874: [scrub symbol table, 0.0077671 secs]2022-05-10T17:25:25.020+0800: 389.882: [scrub string table, 0.0005474 secs][1 CMS-remark: 12441K(341376K)] 26316K(494976K), 0.0149650 secs] [Times: user=0.11 sys=0.00, real=0.01 secs] 
2022-05-10T17:25:25.021+0800: 389.882: Total time for which application threads were stopped: 0.0150706 seconds, Stopping threads took: 0.0000219 seconds
2022-05-10T17:25:25.021+0800: 389.882: [CMS-concurrent-sweep-start]
2022-05-10T17:25:25.027+0800: 389.888: [CMS-concurrent-sweep: 0.006/0.006 secs] [Times: user=0.00 sys=0.00, real=0.01 secs] 
2022-05-10T17:25:25.027+0800: 389.888: [CMS-concurrent-reset-start]
2022-05-10T17:25:25.027+0800: 389.888: [CMS-concurrent-reset: 0.000/0.000 secs] [Times: user=0.00 sys=0.00, real=0.00 secs] 
2022-05-10T17:25:27.029+0800: 391.890: Application time: 2.0073995 seconds
2022-05-10T17:25:27.029+0800: 391.890: [GC (CMS Initial Mark) [1 CMS-initial-mark: 12441K(341376K)] 26316K(494976K), 0.0023167 secs] [Times: user=0.00 sys=0.00, real=0.00 secs] 
2022-05-10T17:25:27.031+0800: 391.892: Total time for which application threads were stopped: 0.0025090 seconds, Stopping threads took: 0.0000468 seconds
2022-05-10T17:25:27.031+0800: 391.892: [CMS-concurrent-mark-start]
2022-05-10T17:25:27.047+0800: 391.908: [CMS-concurrent-mark: 0.016/0.016 secs] [Times: user=0.03 sys=0.00, real=0.02 secs] 
2022-05-10T17:25:27.047+0800: 391.908: [CMS-concurrent-preclean-start]
2022-05-10T17:25:27.048+0800: 391.910: [CMS-concurrent-preclean: 0.001/0.001 secs] [Times: user=0.00 sys=0.00, real=0.00 secs] 
2022-05-10T17:25:27.048+0800: 391.910: [CMS-concurrent-abortable-preclean-start]
 CMS: abort preclean due to time 2022-05-10T17:25:32.075+0800: 396.936: [CMS-concurrent-abortable-preclean: 0.061/5.026 secs] [Times: user=0.13 sys=0.00, real=5.03 secs] 
2022-05-10T17:25:32.075+0800: 396.936: Application time: 5.0440372 seconds
2022-05-10T17:25:32.075+0800: 396.936: [GC (CMS Final Remark) [YG occupancy: 13875 K (153600 K)]2022-05-10T17:25:32.075+0800: 396.936: [Rescan (parallel) , 0.0022154 secs]2022-05-10T17:25:32.078+0800: 396.939: [weak refs processing, 0.0000488 secs]2022-05-10T17:25:32.078+0800: 396.939: [class unloading, 0.0037846 secs]2022-05-10T17:25:32.081+0800: 396.942: [scrub symbol table, 0.0059373 secs]2022-05-10T17:25:32.087+0800: 396.948: [scrub string table, 0.0003907 secs][1 CMS-remark: 12441K(341376K)] 26316K(494976K), 0.0124924 secs] [Times: user=0.02 sys=0.00, real=0.01 secs] 
2022-05-10T17:25:32.087+0800: 396.949: Total time for which application threads were stopped: 0.0125913 seconds, Stopping threads took: 0.0000237 seconds
2022-05-10T17:25:32.088+0800: 396.949: [CMS-concurrent-sweep-start]
2022-05-10T17:25:32.092+0800: 396.953: [CMS-concurrent-sweep: 0.004/0.004 secs] [Times: user=0.00 sys=0.00, real=0.00 secs] 
2022-05-10T17:25:32.092+0800: 396.953: [CMS-concurrent-reset-start]
2022-05-10T17:25:32.092+0800: 396.954: [CMS-concurrent-reset: 0.000/0.000 secs] [Times: user=0.00 sys=0.00, real=0.00 secs] 
2022-05-10T17:25:34.095+0800: 398.956: Application time: 2.0073750 seconds
2022-05-10T17:25:34.095+0800: 398.956: [GC (CMS Initial Mark) [1 CMS-initial-mark: 12441K(341376K)] 26316K(494976K), 0.0015598 secs] [Times: user=0.00 sys=0.00, real=0.00 secs] 
2022-05-10T17:25:34.096+0800: 398.958: Total time for which application threads were stopped: 0.0016887 seconds, Stopping threads took: 0.0000283 seconds
2022-05-10T17:25:34.096+0800: 398.958: [CMS-concurrent-mark-start]
2022-05-10T17:25:34.111+0800: 398.972: [CMS-concurrent-mark: 0.014/0.014 secs] [Times: user=0.03 sys=0.00, real=0.02 secs] 
2022-05-10T17:25:34.111+0800: 398.972: [CMS-concurrent-preclean-start]
2022-05-10T17:25:34.112+0800: 398.973: [CMS-concurrent-preclean: 0.001/0.001 secs] [Times: user=0.00 sys=0.00, real=0.00 secs] 
2022-05-10T17:25:34.112+0800: 398.973: [CMS-concurrent-abortable-preclean-start]
 CMS: abort preclean due to time 2022-05-10T17:25:39.169+0800: 404.030: [CMS-concurrent-abortable-preclean: 0.052/5.056 secs] [Times: user=0.00 sys=0.00, real=5.06 secs] 
2022-05-10T17:25:39.169+0800: 404.030: Application time: 5.0720719 seconds
2022-05-10T17:25:39.169+0800: 404.030: [GC (CMS Final Remark) [YG occupancy: 13875 K (153600 K)]2022-05-10T17:25:39.169+0800: 404.030: [Rescan (parallel) , 0.0025087 secs]2022-05-10T17:25:39.172+0800: 404.033: [weak refs processing, 0.0000708 secs]2022-05-10T17:25:39.172+0800: 404.033: [class unloading, 0.0038681 secs]2022-05-10T17:25:39.176+0800: 404.037: [scrub symbol table, 0.0084703 secs]2022-05-10T17:25:39.184+0800: 404.045: [scrub string table, 0.0005471 secs][1 CMS-remark: 12441K(341376K)] 26316K(494976K), 0.0157024 secs] [Times: user=0.01 sys=0.00, real=0.02 secs] 
2022-05-10T17:25:39.185+0800: 404.046: Total time for which application threads were stopped: 0.0158322 seconds, Stopping threads took: 0.0000295 seconds
2022-05-10T17:25:39.185+0800: 404.046: [CMS-concurrent-sweep-start]
2022-05-10T17:25:39.190+0800: 404.051: [CMS-concurrent-sweep: 0.005/0.005 secs] [Times: user=0.00 sys=0.00, real=0.01 secs] 
2022-05-10T17:25:39.190+0800: 404.051: [CMS-concurrent-reset-start]
2022-05-10T17:25:39.190+0800: 404.051: [CMS-concurrent-reset: 0.000/0.000 secs] [Times: user=0.00 sys=0.00, real=0.00 secs] 
2022-05-10T17:25:41.205+0800: 406.066: Application time: 2.0199919 seconds
2022-05-10T17:25:41.205+0800: 406.066: [GC (CMS Initial Mark) [1 CMS-initial-mark: 12441K(341376K)] 26316K(494976K), 0.0023557 secs] [Times: user=0.00 sys=0.00, real=0.00 secs] 
2022-05-10T17:25:41.207+0800: 406.068: Total time for which application threads were stopped: 0.0025280 seconds, Stopping threads took: 0.0000384 seconds
2022-05-10T17:25:41.207+0800: 406.068: [CMS-concurrent-mark-start]
2022-05-10T17:25:41.226+0800: 406.087: [CMS-concurrent-mark: 0.019/0.019 secs] [Times: user=0.03 sys=0.00, real=0.02 secs] 
2022-05-10T17:25:41.226+0800: 406.087: [CMS-concurrent-preclean-start]
2022-05-10T17:25:41.227+0800: 406.088: [CMS-concurrent-preclean: 0.001/0.001 secs] [Times: user=0.02 sys=0.00, real=0.00 secs] 
2022-05-10T17:25:41.227+0800: 406.088: [CMS-concurrent-abortable-preclean-start]
2022-05-10T17:25:46.243+0800: 411.104: Application time: 5.0360535 seconds
2022-05-10T17:25:46.243+0800: 411.104: Total time for which application threads were stopped: 0.0001231 seconds, Stopping threads took: 0.0000453 seconds
 CMS: abort preclean due to time 2022-05-10T17:25:46.244+0800: 411.106: [CMS-concurrent-abortable-preclean: 0.053/5.017 secs] [Times: user=0.02 sys=0.00, real=5.02 secs] 
2022-05-10T17:25:46.244+0800: 411.106: Application time: 0.0013330 seconds
2022-05-10T17:25:46.244+0800: 411.106: [GC (CMS Final Remark) [YG occupancy: 13875 K (153600 K)]2022-05-10T17:25:46.244+0800: 411.106: [Rescan (parallel) , 0.0034271 secs]2022-05-10T17:25:46.248+0800: 411.109: [weak refs processing, 0.0000724 secs]2022-05-10T17:25:46.248+0800: 411.109: [class unloading, 0.0049928 secs]2022-05-10T17:25:46.253+0800: 411.114: [scrub symbol table, 0.0059781 secs]2022-05-10T17:25:46.259+0800: 411.120: [scrub string table, 0.0005620 secs][1 CMS-remark: 12441K(341376K)] 26316K(494976K), 0.0151872 secs] [Times: user=0.02 sys=0.00, real=0.02 secs] 
2022-05-10T17:25:46.259+0800: 411.121: Total time for which application threads were stopped: 0.0152960 seconds, Stopping threads took: 0.0000189 seconds
2022-05-10T17:25:46.259+0800: 411.121: [CMS-concurrent-sweep-start]
2022-05-10T17:25:46.266+0800: 411.128: [CMS-concurrent-sweep: 0.006/0.006 secs] [Times: user=0.00 sys=0.00, real=0.01 secs] 
2022-05-10T17:25:46.266+0800: 411.128: [CMS-concurrent-reset-start]
2022-05-10T17:25:46.267+0800: 411.128: [CMS-concurrent-reset: 0.000/0.000 secs] [Times: user=0.00 sys=0.00, real=0.00 secs] 
2022-05-10T17:25:48.278+0800: 413.139: Application time: 2.0175937 seconds
2022-05-10T17:25:48.278+0800: 413.139: [GC (CMS Initial Mark) [1 CMS-initial-mark: 12441K(341376K)] 26316K(494976K), 0.0017100 secs] [Times: user=0.00 sys=0.00, real=0.00 secs] 
2022-05-10T17:25:48.279+0800: 413.141: Total time for which application threads were stopped: 0.0018537 seconds, Stopping threads took: 0.0000309 seconds
2022-05-10T17:25:48.279+0800: 413.141: [CMS-concurrent-mark-start]
2022-05-10T17:25:48.296+0800: 413.157: [CMS-concurrent-mark: 0.016/0.016 secs] [Times: user=0.03 sys=0.00, real=0.02 secs] 
2022-05-10T17:25:48.296+0800: 413.157: [CMS-concurrent-preclean-start]
2022-05-10T17:25:48.297+0800: 413.158: [CMS-concurrent-preclean: 0.001/0.001 secs] [Times: user=0.00 sys=0.00, real=0.00 secs] 
2022-05-10T17:25:48.297+0800: 413.158: [CMS-concurrent-abortable-preclean-start]
 CMS: abort preclean due to time 2022-05-10T17:25:53.322+0800: 418.183: [CMS-concurrent-abortable-preclean: 0.078/5.025 secs] [Times: user=0.16 sys=0.00, real=5.03 secs] 
2022-05-10T17:25:53.322+0800: 418.183: Application time: 5.0427246 seconds
2022-05-10T17:25:53.322+0800: 418.183: [GC (CMS Final Remark) [YG occupancy: 13875 K (153600 K)]2022-05-10T17:25:53.322+0800: 418.183: [Rescan (parallel) , 0.0032390 secs]2022-05-10T17:25:53.325+0800: 418.187: [weak refs processing, 0.0000411 secs]2022-05-10T17:25:53.325+0800: 418.187: [class unloading, 0.0033691 secs]2022-05-10T17:25:53.329+0800: 418.190: [scrub symbol table, 0.0057097 secs]2022-05-10T17:25:53.334+0800: 418.196: [scrub string table, 0.0006131 secs][1 CMS-remark: 12441K(341376K)] 26316K(494976K), 0.0131046 secs] [Times: user=0.00 sys=0.00, real=0.01 secs] 
2022-05-10T17:25:53.335+0800: 418.197: Total time for which application threads were stopped: 0.0132172 seconds, Stopping threads took: 0.0000262 seconds
2022-05-10T17:25:53.335+0800: 418.197: [CMS-concurrent-sweep-start]
2022-05-10T17:25:53.340+0800: 418.202: [CMS-concurrent-sweep: 0.005/0.005 secs] [Times: user=0.02 sys=0.00, real=0.00 secs] 
2022-05-10T17:25:53.340+0800: 418.202: [CMS-concurrent-reset-start]
2022-05-10T17:25:53.341+0800: 418.202: [CMS-concurrent-reset: 0.000/0.000 secs] [Times: user=0.00 sys=0.00, real=0.00 secs] 
2022-05-10T17:25:55.348+0800: 420.210: Application time: 2.0130098 seconds
2022-05-10T17:25:55.349+0800: 420.210: Total time for which application threads were stopped: 0.0001049 seconds, Stopping threads took: 0.0000493 seconds
2022-05-10T17:25:55.349+0800: 420.210: Application time: 0.0000359 seconds
2022-05-10T17:25:55.349+0800: 420.210: [GC (CMS Initial Mark) [1 CMS-initial-mark: 12441K(341376K)] 26316K(494976K), 0.0021856 secs] [Times: user=0.00 sys=0.00, real=0.00 secs] 
2022-05-10T17:25:55.351+0800: 420.212: Total time for which application threads were stopped: 0.0022803 seconds, Stopping threads took: 0.0000122 seconds
2022-05-10T17:25:55.351+0800: 420.212: [CMS-concurrent-mark-start]
2022-05-10T17:25:55.363+0800: 420.225: [CMS-concurrent-mark: 0.013/0.013 secs] [Times: user=0.03 sys=0.00, real=0.01 secs] 
2022-05-10T17:25:55.364+0800: 420.225: [CMS-concurrent-preclean-start]
2022-05-10T17:25:55.364+0800: 420.226: [CMS-concurrent-preclean: 0.001/0.001 secs] [Times: user=0.00 sys=0.00, real=0.00 secs] 
2022-05-10T17:25:55.364+0800: 420.226: [CMS-concurrent-abortable-preclean-start]
2022-05-10T17:26:00.374+0800: 425.236: Application time: 5.0236587 seconds
2022-05-10T17:26:00.374+0800: 425.236: Total time for which application threads were stopped: 0.0000963 seconds, Stopping threads took: 0.0000392 seconds
 CMS: abort preclean due to time 2022-05-10T17:26:00.375+0800: 425.237: [CMS-concurrent-abortable-preclean: 0.060/5.011 secs] [Times: user=0.03 sys=0.00, real=5.01 secs] 
2022-05-10T17:26:00.376+0800: 425.237: Application time: 0.0017218 seconds
2022-05-10T17:26:00.376+0800: 425.238: [GC (CMS Final Remark) [YG occupancy: 13875 K (153600 K)]2022-05-10T17:26:00.376+0800: 425.238: [Rescan (parallel) , 0.0033760 secs]2022-05-10T17:26:00.380+0800: 425.241: [weak refs processing, 0.0000440 secs]2022-05-10T17:26:00.380+0800: 425.241: [class unloading, 0.0035827 secs]2022-05-10T17:26:00.383+0800: 425.245: [scrub symbol table, 0.0056322 secs]2022-05-10T17:26:00.389+0800: 425.250: [scrub string table, 0.0005780 secs][1 CMS-remark: 12441K(341376K)] 26316K(494976K), 0.0133421 secs] [Times: user=0.02 sys=0.00, real=0.01 secs] 
2022-05-10T17:26:00.389+0800: 425.251: Total time for which application threads were stopped: 0.0134461 seconds, Stopping threads took: 0.0000153 seconds
2022-05-10T17:26:00.390+0800: 425.251: [CMS-concurrent-sweep-start]
2022-05-10T17:26:00.394+0800: 425.256: [CMS-concurrent-sweep: 0.005/0.005 secs] [Times: user=0.00 sys=0.00, real=0.00 secs] 
2022-05-10T17:26:00.394+0800: 425.256: [CMS-concurrent-reset-start]
2022-05-10T17:26:00.395+0800: 425.256: [CMS-concurrent-reset: 0.000/0.000 secs] [Times: user=0.00 sys=0.00, real=0.00 secs] 
2022-05-10T17:26:02.402+0800: 427.263: Application time: 2.0123813 seconds
2022-05-10T17:26:02.402+0800: 427.263: [GC (CMS Initial Mark) [1 CMS-initial-mark: 12441K(341376K)] 26316K(494976K), 0.0021298 secs] [Times: user=0.00 sys=0.00, real=0.00 secs] 
2022-05-10T17:26:02.404+0800: 427.266: Total time for which application threads were stopped: 0.0022819 seconds, Stopping threads took: 0.0000391 seconds
2022-05-10T17:26:02.404+0800: 427.266: [CMS-concurrent-mark-start]
2022-05-10T17:26:02.419+0800: 427.281: [CMS-concurrent-mark: 0.015/0.015 secs] [Times: user=0.03 sys=0.00, real=0.01 secs] 
2022-05-10T17:26:02.419+0800: 427.281: [CMS-concurrent-preclean-start]
2022-05-10T17:26:02.420+0800: 427.282: [CMS-concurrent-preclean: 0.001/0.001 secs] [Times: user=0.00 sys=0.00, real=0.00 secs] 
2022-05-10T17:26:02.420+0800: 427.282: [CMS-concurrent-abortable-preclean-start]
 CMS: abort preclean due to time 2022-05-10T17:26:07.481+0800: 432.342: [CMS-concurrent-abortable-preclean: 0.058/5.061 secs] [Times: user=0.11 sys=0.00, real=5.06 secs] 
2022-05-10T17:26:07.481+0800: 432.343: Application time: 5.0769436 seconds
2022-05-10T17:26:07.481+0800: 432.343: [GC (CMS Final Remark) [YG occupancy: 13875 K (153600 K)]2022-05-10T17:26:07.481+0800: 432.343: [Rescan (parallel) , 0.0033710 secs]2022-05-10T17:26:07.485+0800: 432.346: [weak refs processing, 0.0000683 secs]2022-05-10T17:26:07.485+0800: 432.346: [class unloading, 0.0049888 secs]2022-05-10T17:26:07.490+0800: 432.351: [scrub symbol table, 0.0089562 secs]2022-05-10T17:26:07.499+0800: 432.360: [scrub string table, 0.0008168 secs][1 CMS-remark: 12441K(341376K)] 26316K(494976K), 0.0183833 secs] [Times: user=0.02 sys=0.00, real=0.02 secs] 
2022-05-10T17:26:07.500+0800: 432.361: Total time for which application threads were stopped: 0.0185167 seconds, Stopping threads took: 0.0000263 seconds
2022-05-10T17:26:07.500+0800: 432.361: [CMS-concurrent-sweep-start]
2022-05-10T17:26:07.509+0800: 432.370: [CMS-concurrent-sweep: 0.009/0.009 secs] [Times: user=0.02 sys=0.00, real=0.01 secs] 
2022-05-10T17:26:07.509+0800: 432.370: [CMS-concurrent-reset-start]
2022-05-10T17:26:07.509+0800: 432.371: [CMS-concurrent-reset: 0.000/0.000 secs] [Times: user=0.00 sys=0.00, real=0.00 secs] 
2022-05-10T17:26:09.521+0800: 434.382: Application time: 2.0207293 seconds
2022-05-10T17:26:09.521+0800: 434.382: [GC (CMS Initial Mark) [1 CMS-initial-mark: 12441K(341376K)] 26316K(494976K), 0.0023600 secs] [Times: user=0.02 sys=0.00, real=0.00 secs] 
2022-05-10T17:26:09.523+0800: 434.384: Total time for which application threads were stopped: 0.0025888 seconds, Stopping threads took: 0.0000697 seconds
2022-05-10T17:26:09.523+0800: 434.384: [CMS-concurrent-mark-start]
2022-05-10T17:26:09.540+0800: 434.402: [CMS-concurrent-mark: 0.018/0.018 secs] [Times: user=0.03 sys=0.00, real=0.02 secs] 
2022-05-10T17:26:09.540+0800: 434.402: [CMS-concurrent-preclean-start]
2022-05-10T17:26:09.542+0800: 434.404: [CMS-concurrent-preclean: 0.001/0.001 secs] [Times: user=0.00 sys=0.00, real=0.00 secs] 
2022-05-10T17:26:09.542+0800: 434.404: [CMS-concurrent-abortable-preclean-start]
 CMS: abort preclean due to time 2022-05-10T17:26:14.586+0800: 439.447: [CMS-concurrent-abortable-preclean: 0.053/5.044 secs] [Times: user=0.09 sys=0.00, real=5.04 secs] 
2022-05-10T17:26:14.586+0800: 439.447: Application time: 5.0629666 seconds
2022-05-10T17:26:14.586+0800: 439.447: [GC (CMS Final Remark) [YG occupancy: 13875 K (153600 K)]2022-05-10T17:26:14.586+0800: 439.447: [Rescan (parallel) , 0.0027051 secs]2022-05-10T17:26:14.589+0800: 439.450: [weak refs processing, 0.0000703 secs]2022-05-10T17:26:14.589+0800: 439.450: [class unloading, 0.0041215 secs]2022-05-10T17:26:14.593+0800: 439.454: [scrub symbol table, 0.0054421 secs]2022-05-10T17:26:14.598+0800: 439.460: [scrub string table, 0.0005545 secs][1 CMS-remark: 12441K(341376K)] 26316K(494976K), 0.0130692 secs] [Times: user=0.00 sys=0.00, real=0.01 secs] 
2022-05-10T17:26:14.599+0800: 439.461: Total time for which application threads were stopped: 0.0131693 seconds, Stopping threads took: 0.0000207 seconds
2022-05-10T17:26:14.599+0800: 439.461: [CMS-concurrent-sweep-start]
2022-05-10T17:26:14.604+0800: 439.465: [CMS-concurrent-sweep: 0.005/0.005 secs] [Times: user=0.02 sys=0.00, real=0.01 secs] 
2022-05-10T17:26:14.604+0800: 439.465: [CMS-concurrent-reset-start]
2022-05-10T17:26:14.604+0800: 439.466: [CMS-concurrent-reset: 0.000/0.000 secs] [Times: user=0.00 sys=0.00, real=0.00 secs] 
2022-05-10T17:26:16.606+0800: 441.467: Application time: 2.0067089 seconds
2022-05-10T17:26:16.606+0800: 441.467: [GC (CMS Initial Mark) [1 CMS-initial-mark: 12441K(341376K)] 26316K(494976K), 0.0024941 secs] [Times: user=0.00 sys=0.00, real=0.00 secs] 
2022-05-10T17:26:16.609+0800: 441.470: Total time for which application threads were stopped: 0.0027087 seconds, Stopping threads took: 0.0000767 seconds
2022-05-10T17:26:16.609+0800: 441.470: [CMS-concurrent-mark-start]
2022-05-10T17:26:16.622+0800: 441.484: [CMS-concurrent-mark: 0.014/0.014 secs] [Times: user=0.03 sys=0.00, real=0.01 secs] 
2022-05-10T17:26:16.622+0800: 441.484: [CMS-concurrent-preclean-start]
2022-05-10T17:26:16.624+0800: 441.485: [CMS-concurrent-preclean: 0.001/0.001 secs] [Times: user=0.00 sys=0.00, real=0.00 secs] 
2022-05-10T17:26:16.624+0800: 441.485: [CMS-concurrent-abortable-preclean-start]
 CMS: abort preclean due to time 2022-05-10T17:26:21.683+0800: 446.544: [CMS-concurrent-abortable-preclean: 0.058/5.059 secs] [Times: user=0.02 sys=0.00, real=5.06 secs] 
2022-05-10T17:26:21.683+0800: 446.544: Application time: 5.0744689 seconds
2022-05-10T17:26:21.683+0800: 446.544: [GC (CMS Final Remark) [YG occupancy: 13875 K (153600 K)]2022-05-10T17:26:21.683+0800: 446.545: [Rescan (parallel) , 0.0027290 secs]2022-05-10T17:26:21.686+0800: 446.547: [weak refs processing, 0.0000553 secs]2022-05-10T17:26:21.686+0800: 446.547: [class unloading, 0.0042242 secs]2022-05-10T17:26:21.690+0800: 446.552: [scrub symbol table, 0.0074638 secs]2022-05-10T17:26:21.697+0800: 446.559: [scrub string table, 0.0006187 secs][1 CMS-remark: 12441K(341376K)] 26316K(494976K), 0.0152855 secs] [Times: user=0.01 sys=0.00, real=0.01 secs] 
2022-05-10T17:26:21.698+0800: 446.560: Total time for which application threads were stopped: 0.0153928 seconds, Stopping threads took: 0.0000202 seconds
2022-05-10T17:26:21.698+0800: 446.560: [CMS-concurrent-sweep-start]
2022-05-10T17:26:21.705+0800: 446.567: [CMS-concurrent-sweep: 0.007/0.007 secs] [Times: user=0.00 sys=0.00, real=0.01 secs] 
2022-05-10T17:26:21.705+0800: 446.567: [CMS-concurrent-reset-start]
2022-05-10T17:26:21.705+0800: 446.567: [CMS-concurrent-reset: 0.000/0.000 secs] [Times: user=0.00 sys=0.00, real=0.00 secs] 
2022-05-10T17:26:23.720+0800: 448.581: Application time: 2.0215032 seconds
2022-05-10T17:26:23.720+0800: 448.581: [GC (CMS Initial Mark) [1 CMS-initial-mark: 12441K(341376K)] 26316K(494976K), 0.0018349 secs] [Times: user=0.00 sys=0.00, real=0.00 secs] 
2022-05-10T17:26:23.722+0800: 448.583: Total time for which application threads were stopped: 0.0019982 seconds, Stopping threads took: 0.0000467 seconds
2022-05-10T17:26:23.722+0800: 448.583: [CMS-concurrent-mark-start]
2022-05-10T17:26:23.740+0800: 448.602: [CMS-concurrent-mark: 0.018/0.018 secs] [Times: user=0.03 sys=0.00, real=0.02 secs] 
2022-05-10T17:26:23.740+0800: 448.602: [CMS-concurrent-preclean-start]
2022-05-10T17:26:23.741+0800: 448.603: [CMS-concurrent-preclean: 0.001/0.001 secs] [Times: user=0.00 sys=0.00, real=0.00 secs] 
2022-05-10T17:26:23.741+0800: 448.603: [CMS-concurrent-abortable-preclean-start]
 CMS: abort preclean due to time 2022-05-10T17:26:28.797+0800: 453.658: [CMS-concurrent-abortable-preclean: 0.056/5.056 secs] [Times: user=0.08 sys=0.00, real=5.06 secs] 
2022-05-10T17:26:28.797+0800: 453.658: Application time: 5.0751551 seconds
2022-05-10T17:26:28.797+0800: 453.659: [GC (CMS Final Remark) [YG occupancy: 13875 K (153600 K)]2022-05-10T17:26:28.797+0800: 453.659: [Rescan (parallel) , 0.0029332 secs]2022-05-10T17:26:28.800+0800: 453.662: [weak refs processing, 0.0000603 secs]2022-05-10T17:26:28.800+0800: 453.662: [class unloading, 0.0047850 secs]2022-05-10T17:26:28.805+0800: 453.666: [scrub symbol table, 0.0060459 secs]2022-05-10T17:26:28.811+0800: 453.673: [scrub string table, 0.0006088 secs][1 CMS-remark: 12441K(341376K)] 26316K(494976K), 0.0146176 secs] [Times: user=0.01 sys=0.00, real=0.02 secs] 
2022-05-10T17:26:28.812+0800: 453.673: Total time for which application threads were stopped: 0.0147370 seconds, Stopping threads took: 0.0000252 seconds
2022-05-10T17:26:28.812+0800: 453.673: [CMS-concurrent-sweep-start]
2022-05-10T17:26:28.818+0800: 453.680: [CMS-concurrent-sweep: 0.006/0.006 secs] [Times: user=0.00 sys=0.00, real=0.01 secs] 
2022-05-10T17:26:28.818+0800: 453.680: [CMS-concurrent-reset-start]
2022-05-10T17:26:28.818+0800: 453.680: [CMS-concurrent-reset: 0.000/0.000 secs] [Times: user=0.00 sys=0.00, real=0.00 secs] 
2022-05-10T17:26:30.824+0800: 455.686: Application time: 2.0123047 seconds
2022-05-10T17:26:30.824+0800: 455.686: [GC (CMS Initial Mark) [1 CMS-initial-mark: 12441K(341376K)] 26316K(494976K), 0.0023381 secs] [Times: user=0.00 sys=0.00, real=0.00 secs] 
2022-05-10T17:26:30.827+0800: 455.688: Total time for which application threads were stopped: 0.0024539 seconds, Stopping threads took: 0.0000246 seconds
2022-05-10T17:26:30.827+0800: 455.688: [CMS-concurrent-mark-start]
2022-05-10T17:26:30.841+0800: 455.703: [CMS-concurrent-mark: 0.015/0.015 secs] [Times: user=0.03 sys=0.00, real=0.02 secs] 
2022-05-10T17:26:30.842+0800: 455.703: [CMS-concurrent-preclean-start]
2022-05-10T17:26:30.843+0800: 455.705: [CMS-concurrent-preclean: 0.001/0.001 secs] [Times: user=0.00 sys=0.00, real=0.00 secs] 
2022-05-10T17:26:30.843+0800: 455.705: [CMS-concurrent-abortable-preclean-start]
 CMS: abort preclean due to time 2022-05-10T17:26:35.899+0800: 460.761: [CMS-concurrent-abortable-preclean: 0.055/5.056 secs] [Times: user=0.09 sys=0.00, real=5.06 secs] 
2022-05-10T17:26:35.899+0800: 460.761: Application time: 5.0728139 seconds
2022-05-10T17:26:35.899+0800: 460.761: [GC (CMS Final Remark) [YG occupancy: 13875 K (153600 K)]2022-05-10T17:26:35.899+0800: 460.761: [Rescan (parallel) , 0.0026088 secs]2022-05-10T17:26:35.902+0800: 460.764: [weak refs processing, 0.0000491 secs]2022-05-10T17:26:35.902+0800: 460.764: [class unloading, 0.0041952 secs]2022-05-10T17:26:35.906+0800: 460.768: [scrub symbol table, 0.0046266 secs]2022-05-10T17:26:35.911+0800: 460.772: [scrub string table, 0.0004094 secs][1 CMS-remark: 12441K(341376K)] 26316K(494976K), 0.0120206 secs] [Times: user=0.00 sys=0.00, real=0.01 secs] 
2022-05-10T17:26:35.911+0800: 460.773: Total time for which application threads were stopped: 0.0121149 seconds, Stopping threads took: 0.0000220 seconds
2022-05-10T17:26:35.912+0800: 460.773: [CMS-concurrent-sweep-start]
2022-05-10T17:26:35.915+0800: 460.777: [CMS-concurrent-sweep: 0.004/0.004 secs] [Times: user=0.02 sys=0.00, real=0.00 secs] 
2022-05-10T17:26:35.915+0800: 460.777: [CMS-concurrent-reset-start]
2022-05-10T17:26:35.915+0800: 460.777: [CMS-concurrent-reset: 0.000/0.000 secs] [Times: user=0.00 sys=0.00, real=0.00 secs] 
2022-05-10T17:26:37.917+0800: 462.778: Application time: 2.0052119 seconds
2022-05-10T17:26:37.917+0800: 462.778: [GC (CMS Initial Mark) [1 CMS-initial-mark: 12441K(341376K)] 26316K(494976K), 0.0025706 secs] [Times: user=0.00 sys=0.00, real=0.00 secs] 
2022-05-10T17:26:37.919+0800: 462.781: Total time for which application threads were stopped: 0.0027256 seconds, Stopping threads took: 0.0000403 seconds
2022-05-10T17:26:37.919+0800: 462.781: [CMS-concurrent-mark-start]
2022-05-10T17:26:37.936+0800: 462.798: [CMS-concurrent-mark: 0.017/0.017 secs] [Times: user=0.03 sys=0.00, real=0.02 secs] 
2022-05-10T17:26:37.936+0800: 462.798: [CMS-concurrent-preclean-start]
2022-05-10T17:26:37.937+0800: 462.799: [CMS-concurrent-preclean: 0.001/0.001 secs] [Times: user=0.00 sys=0.00, real=0.00 secs] 
2022-05-10T17:26:37.937+0800: 462.799: [CMS-concurrent-abortable-preclean-start]
 CMS: abort preclean due to time 2022-05-10T17:26:42.991+0800: 467.852: [CMS-concurrent-abortable-preclean: 0.057/5.053 secs] [Times: user=0.05 sys=0.00, real=5.05 secs] 
2022-05-10T17:26:42.991+0800: 467.852: Application time: 5.0710839 seconds
2022-05-10T17:26:42.991+0800: 467.852: [GC (CMS Final Remark) [YG occupancy: 13875 K (153600 K)]2022-05-10T17:26:42.991+0800: 467.852: [Rescan (parallel) , 0.0031195 secs]2022-05-10T17:26:42.994+0800: 467.855: [weak refs processing, 0.0000506 secs]2022-05-10T17:26:42.994+0800: 467.855: [class unloading, 0.0033131 secs]2022-05-10T17:26:42.998+0800: 467.859: [scrub symbol table, 0.0059169 secs]2022-05-10T17:26:43.004+0800: 467.865: [scrub string table, 0.0004829 secs][1 CMS-remark: 12441K(341376K)] 26316K(494976K), 0.0130251 secs] [Times: user=0.08 sys=0.02, real=0.01 secs] 
2022-05-10T17:26:43.004+0800: 467.865: Total time for which application threads were stopped: 0.0132214 seconds, Stopping threads took: 0.0000311 seconds
2022-05-10T17:26:43.004+0800: 467.865: [CMS-concurrent-sweep-start]
2022-05-10T17:26:43.010+0800: 467.871: [CMS-concurrent-sweep: 0.006/0.006 secs] [Times: user=0.02 sys=0.00, real=0.01 secs] 
2022-05-10T17:26:43.010+0800: 467.871: [CMS-concurrent-reset-start]
2022-05-10T17:26:43.010+0800: 467.872: [CMS-concurrent-reset: 0.001/0.001 secs] [Times: user=0.00 sys=0.00, real=0.00 secs] 
2022-05-10T17:26:45.010+0800: 469.871: Application time: 2.0059940 seconds
2022-05-10T17:26:45.010+0800: 469.871: [GC (CMS Initial Mark) [1 CMS-initial-mark: 12441K(341376K)] 26316K(494976K), 0.0031084 secs] [Times: user=0.00 sys=0.00, real=0.00 secs] 
2022-05-10T17:26:45.013+0800: 469.875: Total time for which application threads were stopped: 0.0033300 seconds, Stopping threads took: 0.0000466 seconds
2022-05-10T17:26:45.013+0800: 469.875: [CMS-concurrent-mark-start]
2022-05-10T17:26:45.036+0800: 469.897: [CMS-concurrent-mark: 0.023/0.023 secs] [Times: user=0.03 sys=0.00, real=0.02 secs] 
2022-05-10T17:26:45.036+0800: 469.897: [CMS-concurrent-preclean-start]
2022-05-10T17:26:45.037+0800: 469.898: [CMS-concurrent-preclean: 0.001/0.001 secs] [Times: user=0.00 sys=0.00, real=0.00 secs] 
2022-05-10T17:26:45.037+0800: 469.898: [CMS-concurrent-abortable-preclean-start]
 CMS: abort preclean due to time 2022-05-10T17:26:50.096+0800: 474.957: [CMS-concurrent-abortable-preclean: 0.062/5.058 secs] [Times: user=0.05 sys=0.00, real=5.06 secs] 
2022-05-10T17:26:50.096+0800: 474.957: Application time: 5.0823850 seconds
2022-05-10T17:26:50.096+0800: 474.957: [GC (CMS Final Remark) [YG occupancy: 13875 K (153600 K)]2022-05-10T17:26:50.096+0800: 474.957: [Rescan (parallel) , 0.0028067 secs]2022-05-10T17:26:50.099+0800: 474.960: [weak refs processing, 0.0000594 secs]2022-05-10T17:26:50.099+0800: 474.960: [class unloading, 0.0039414 secs]2022-05-10T17:26:50.103+0800: 474.964: [scrub symbol table, 0.0052553 secs]2022-05-10T17:26:50.108+0800: 474.969: [scrub string table, 0.0004815 secs][1 CMS-remark: 12441K(341376K)] 26316K(494976K), 0.0126926 secs] [Times: user=0.02 sys=0.00, real=0.01 secs] 
2022-05-10T17:26:50.109+0800: 474.970: Total time for which application threads were stopped: 0.0128003 seconds, Stopping threads took: 0.0000279 seconds
2022-05-10T17:26:50.109+0800: 474.970: [CMS-concurrent-sweep-start]
2022-05-10T17:26:50.114+0800: 474.975: [CMS-concurrent-sweep: 0.006/0.006 secs] [Times: user=0.00 sys=0.00, real=0.01 secs] 
2022-05-10T17:26:50.114+0800: 474.975: [CMS-concurrent-reset-start]
2022-05-10T17:26:50.115+0800: 474.976: [CMS-concurrent-reset: 0.001/0.001 secs] [Times: user=0.00 sys=0.00, real=0.00 secs] 
2022-05-10T17:26:52.116+0800: 476.977: Application time: 2.0077502 seconds
2022-05-10T17:26:52.116+0800: 476.978: [GC (CMS Initial Mark) [1 CMS-initial-mark: 12441K(341376K)] 26316K(494976K), 0.0026270 secs] [Times: user=0.08 sys=0.02, real=0.00 secs] 
2022-05-10T17:26:52.119+0800: 476.980: Total time for which application threads were stopped: 0.0029336 seconds, Stopping threads took: 0.0001708 seconds
2022-05-10T17:26:52.119+0800: 476.980: [CMS-concurrent-mark-start]
2022-05-10T17:26:52.137+0800: 476.998: [CMS-concurrent-mark: 0.018/0.018 secs] [Times: user=0.03 sys=0.00, real=0.02 secs] 
2022-05-10T17:26:52.137+0800: 476.998: [CMS-concurrent-preclean-start]
2022-05-10T17:26:52.138+0800: 477.000: [CMS-concurrent-preclean: 0.001/0.001 secs] [Times: user=0.00 sys=0.00, real=0.00 secs] 
2022-05-10T17:26:52.138+0800: 477.000: [CMS-concurrent-abortable-preclean-start]
 CMS: abort preclean due to time 2022-05-10T17:26:57.189+0800: 482.050: [CMS-concurrent-abortable-preclean: 0.063/5.051 secs] [Times: user=0.05 sys=0.00, real=5.05 secs] 
2022-05-10T17:26:57.190+0800: 482.051: Application time: 5.0702429 seconds
2022-05-10T17:26:57.190+0800: 482.051: [GC (CMS Final Remark) [YG occupancy: 13875 K (153600 K)]2022-05-10T17:26:57.190+0800: 482.051: [Rescan (parallel) , 0.0041496 secs]2022-05-10T17:26:57.194+0800: 482.055: [weak refs processing, 0.0001778 secs]2022-05-10T17:26:57.194+0800: 482.055: [class unloading, 0.0086570 secs]2022-05-10T17:26:57.203+0800: 482.064: [scrub symbol table, 0.0104744 secs]2022-05-10T17:26:57.213+0800: 482.074: [scrub string table, 0.0010349 secs][1 CMS-remark: 12441K(341376K)] 26316K(494976K), 0.0248135 secs] [Times: user=0.03 sys=0.00, real=0.02 secs] 
2022-05-10T17:26:57.215+0800: 482.076: Total time for which application threads were stopped: 0.0250363 seconds, Stopping threads took: 0.0000660 seconds
2022-05-10T17:26:57.215+0800: 482.076: [CMS-concurrent-sweep-start]
2022-05-10T17:26:57.225+0800: 482.087: [CMS-concurrent-sweep: 0.011/0.011 secs] [Times: user=0.00 sys=0.00, real=0.01 secs] 
2022-05-10T17:26:57.226+0800: 482.087: [CMS-concurrent-reset-start]
2022-05-10T17:26:57.226+0800: 482.087: [CMS-concurrent-reset: 0.001/0.001 secs] [Times: user=0.00 sys=0.00, real=0.00 secs] 
2022-05-10T17:26:58.215+0800: 483.076: Application time: 1.0002462 seconds
2022-05-10T17:26:58.215+0800: 483.076: Total time for which application threads were stopped: 0.0001822 seconds, Stopping threads took: 0.0000399 seconds
2022-05-10T17:26:59.230+0800: 484.091: Application time: 1.0149290 seconds
2022-05-10T17:26:59.230+0800: 484.091: [GC (CMS Initial Mark) [1 CMS-initial-mark: 12137K(341376K)] 26013K(494976K), 0.0036705 secs] [Times: user=0.00 sys=0.00, real=0.00 secs] 
2022-05-10T17:26:59.234+0800: 484.095: Total time for which application threads were stopped: 0.0038281 seconds, Stopping threads took: 0.0000326 seconds
2022-05-10T17:26:59.234+0800: 484.095: [CMS-concurrent-mark-start]
2022-05-10T17:26:59.248+0800: 484.109: [CMS-concurrent-mark: 0.015/0.015 secs] [Times: user=0.03 sys=0.00, real=0.01 secs] 
2022-05-10T17:26:59.248+0800: 484.110: [CMS-concurrent-preclean-start]
2022-05-10T17:26:59.250+0800: 484.111: [CMS-concurrent-preclean: 0.002/0.002 secs] [Times: user=0.00 sys=0.00, real=0.00 secs] 
2022-05-10T17:26:59.250+0800: 484.111: [CMS-concurrent-abortable-preclean-start]
 CMS: abort preclean due to time 2022-05-10T17:27:04.312+0800: 489.173: [CMS-concurrent-abortable-preclean: 0.073/5.062 secs] [Times: user=0.00 sys=0.00, real=5.06 secs] 
2022-05-10T17:27:04.312+0800: 489.173: Application time: 5.0780215 seconds
2022-05-10T17:27:04.312+0800: 489.173: [GC (CMS Final Remark) [YG occupancy: 13875 K (153600 K)]2022-05-10T17:27:04.312+0800: 489.173: [Rescan (parallel) , 0.0037670 secs]2022-05-10T17:27:04.315+0800: 489.177: [weak refs processing, 0.0001521 secs]2022-05-10T17:27:04.315+0800: 489.177: [class unloading, 0.0065756 secs]2022-05-10T17:27:04.323+0800: 489.184: [scrub symbol table, 0.0074800 secs]2022-05-10T17:27:04.330+0800: 489.191: [scrub string table, 0.0008009 secs][1 CMS-remark: 12137K(341376K)] 26013K(494976K), 0.0190088 secs] [Times: user=0.02 sys=0.00, real=0.02 secs] 
2022-05-10T17:27:04.331+0800: 489.192: Total time for which application threads were stopped: 0.0191351 seconds, Stopping threads took: 0.0000257 seconds
2022-05-10T17:27:04.331+0800: 489.192: [CMS-concurrent-sweep-start]
2022-05-10T17:27:04.340+0800: 489.202: [CMS-concurrent-sweep: 0.009/0.009 secs] [Times: user=0.02 sys=0.00, real=0.01 secs] 
2022-05-10T17:27:04.340+0800: 489.202: [CMS-concurrent-reset-start]
2022-05-10T17:27:04.340+0800: 489.202: [CMS-concurrent-reset: 0.000/0.000 secs] [Times: user=0.00 sys=0.00, real=0.00 secs] 
2022-05-10T17:27:05.343+0800: 490.204: Application time: 1.0118587 seconds
2022-05-10T17:27:05.343+0800: 490.204: Total time for which application threads were stopped: 0.0002427 seconds, Stopping threads took: 0.0000388 seconds
2022-05-10T17:27:06.343+0800: 491.205: Application time: 1.0004715 seconds
2022-05-10T17:27:06.343+0800: 491.205: Total time for which application threads were stopped: 0.0001120 seconds, Stopping threads took: 0.0000408 seconds
2022-05-10T17:27:06.343+0800: 491.205: Application time: 0.0000438 seconds
2022-05-10T17:27:06.343+0800: 491.205: [GC (CMS Initial Mark) [1 CMS-initial-mark: 10533K(341376K)] 24408K(494976K), 0.0036710 secs] [Times: user=0.00 sys=0.00, real=0.00 secs] 
2022-05-10T17:27:06.347+0800: 491.209: Total time for which application threads were stopped: 0.0038252 seconds, Stopping threads took: 0.0000175 seconds
2022-05-10T17:27:06.347+0800: 491.209: [CMS-concurrent-mark-start]
2022-05-10T17:27:06.366+0800: 491.228: [CMS-concurrent-mark: 0.019/0.019 secs] [Times: user=0.03 sys=0.00, real=0.02 secs] 
2022-05-10T17:27:06.366+0800: 491.228: [CMS-concurrent-preclean-start]
2022-05-10T17:27:06.369+0800: 491.231: [CMS-concurrent-preclean: 0.003/0.003 secs] [Times: user=0.02 sys=0.00, real=0.00 secs] 
2022-05-10T17:27:06.369+0800: 491.231: [CMS-concurrent-abortable-preclean-start]
 CMS: abort preclean due to time 2022-05-10T17:27:11.417+0800: 496.279: [CMS-concurrent-abortable-preclean: 0.060/5.048 secs] [Times: user=0.05 sys=0.00, real=5.05 secs] 
2022-05-10T17:27:11.417+0800: 496.279: Application time: 5.0700910 seconds
2022-05-10T17:27:11.417+0800: 496.279: [GC (CMS Final Remark) [YG occupancy: 13875 K (153600 K)]2022-05-10T17:27:11.417+0800: 496.279: [Rescan (parallel) , 0.0038278 secs]2022-05-10T17:27:11.422+0800: 496.283: [weak refs processing, 0.0001416 secs]2022-05-10T17:27:11.422+0800: 496.283: [class unloading, 0.0072122 secs]2022-05-10T17:27:11.429+0800: 496.290: [scrub symbol table, 0.0087414 secs]2022-05-10T17:27:11.437+0800: 496.299: [scrub string table, 0.0005434 secs][1 CMS-remark: 10533K(341376K)] 24408K(494976K), 0.0206846 secs] [Times: user=0.02 sys=0.00, real=0.02 secs] 
2022-05-10T17:27:11.438+0800: 496.300: Total time for which application threads were stopped: 0.0208225 seconds, Stopping threads took: 0.0000332 seconds
2022-05-10T17:27:11.439+0800: 496.300: [CMS-concurrent-sweep-start]
2022-05-10T17:27:11.445+0800: 496.306: [CMS-concurrent-sweep: 0.007/0.007 secs] [Times: user=0.02 sys=0.00, real=0.01 secs] 
2022-05-10T17:27:11.445+0800: 496.306: [CMS-concurrent-reset-start]
2022-05-10T17:27:11.446+0800: 496.307: [CMS-concurrent-reset: 0.000/0.000 secs] [Times: user=0.00 sys=0.00, real=0.00 secs] 
2022-05-10T17:27:12.450+0800: 497.311: Application time: 1.0114708 seconds
2022-05-10T17:27:12.450+0800: 497.311: Total time for which application threads were stopped: 0.0002232 seconds, Stopping threads took: 0.0000396 seconds
2022-05-10T17:27:13.455+0800: 498.316: Application time: 1.0051436 seconds
2022-05-10T17:27:13.455+0800: 498.317: [GC (CMS Initial Mark) [1 CMS-initial-mark: 10297K(341376K)] 24172K(494976K), 0.0036317 secs] [Times: user=0.00 sys=0.00, real=0.00 secs] 
2022-05-10T17:27:13.459+0800: 498.320: Total time for which application threads were stopped: 0.0038250 seconds, Stopping threads took: 0.0000432 seconds
2022-05-10T17:27:13.459+0800: 498.320: [CMS-concurrent-mark-start]
2022-05-10T17:27:13.481+0800: 498.343: [CMS-concurrent-mark: 0.023/0.023 secs] [Times: user=0.06 sys=0.00, real=0.02 secs] 
2022-05-10T17:27:13.481+0800: 498.343: [CMS-concurrent-preclean-start]
2022-05-10T17:27:13.484+0800: 498.345: [CMS-concurrent-preclean: 0.002/0.002 secs] [Times: user=0.00 sys=0.00, real=0.00 secs] 
2022-05-10T17:27:13.484+0800: 498.345: [CMS-concurrent-abortable-preclean-start]
2022-05-10T17:27:16.489+0800: 501.350: Application time: 3.0295731 seconds
2022-05-10T17:27:16.489+0800: 501.350: Total time for which application threads were stopped: 0.0002275 seconds, Stopping threads took: 0.0000821 seconds
 CMS: abort preclean due to time 2022-05-10T17:27:18.491+0800: 503.352: [CMS-concurrent-abortable-preclean: 0.086/5.007 secs] [Times: user=0.19 sys=0.00, real=5.01 secs] 
2022-05-10T17:27:18.492+0800: 503.353: Application time: 2.0027258 seconds
2022-05-10T17:27:18.492+0800: 503.353: [GC (CMS Final Remark) [YG occupancy: 13875 K (153600 K)]2022-05-10T17:27:18.492+0800: 503.353: [Rescan (parallel) , 0.0046657 secs]2022-05-10T17:27:18.497+0800: 503.358: [weak refs processing, 0.0000868 secs]2022-05-10T17:27:18.497+0800: 503.358: [class unloading, 0.0091929 secs]2022-05-10T17:27:18.506+0800: 503.367: [scrub symbol table, 0.0120357 secs]2022-05-10T17:27:18.518+0800: 503.379: [scrub string table, 0.0008877 secs][1 CMS-remark: 10297K(341376K)] 24172K(494976K), 0.0271516 secs] [Times: user=0.11 sys=0.00, real=0.03 secs] 
2022-05-10T17:27:18.519+0800: 503.380: Total time for which application threads were stopped: 0.0273449 seconds, Stopping threads took: 0.0000423 seconds
2022-05-10T17:27:18.531+0800: 503.392: [CMS-concurrent-sweep-start]
2022-05-10T17:27:18.542+0800: 503.403: [CMS-concurrent-sweep: 0.011/0.011 secs] [Times: user=0.02 sys=0.00, real=0.01 secs] 
2022-05-10T17:27:18.542+0800: 503.403: [CMS-concurrent-reset-start]
2022-05-10T17:27:18.542+0800: 503.404: [CMS-concurrent-reset: 0.001/0.001 secs] [Times: user=0.00 sys=0.00, real=0.00 secs] 
2022-05-10T17:27:19.521+0800: 504.382: Application time: 1.0018091 seconds
2022-05-10T17:27:19.521+0800: 504.382: Total time for which application threads were stopped: 0.0001559 seconds, Stopping threads took: 0.0000481 seconds
2022-05-10T17:27:20.542+0800: 505.404: Application time: 1.0214189 seconds
2022-05-10T17:27:20.543+0800: 505.404: [GC (CMS Initial Mark) [1 CMS-initial-mark: 10289K(341376K)] 24165K(494976K), 0.0024860 secs] [Times: user=0.00 sys=0.00, real=0.00 secs] 
2022-05-10T17:27:20.544+0800: 505.406: Total time for which application threads were stopped: 0.0027128 seconds, Stopping threads took: 0.0000600 seconds
2022-05-10T17:27:20.544+0800: 505.406: [CMS-concurrent-mark-start]
2022-05-10T17:27:20.554+0800: 505.416: [CMS-concurrent-mark: 0.010/0.010 secs] [Times: user=0.03 sys=0.00, real=0.01 secs] 
2022-05-10T17:27:20.555+0800: 505.416: [CMS-concurrent-preclean-start]
2022-05-10T17:27:20.555+0800: 505.417: [CMS-concurrent-preclean: 0.001/0.001 secs] [Times: user=0.00 sys=0.00, real=0.00 secs] 
2022-05-10T17:27:20.555+0800: 505.417: [CMS-concurrent-abortable-preclean-start]
 CMS: abort preclean due to time 2022-05-10T17:27:25.626+0800: 510.488: [CMS-concurrent-abortable-preclean: 0.055/5.070 secs] [Times: user=0.06 sys=0.00, real=5.07 secs] 
2022-05-10T17:27:25.627+0800: 510.488: Application time: 5.0814057 seconds
2022-05-10T17:27:25.627+0800: 510.488: [GC (CMS Final Remark) [YG occupancy: 13875 K (153600 K)]2022-05-10T17:27:25.627+0800: 510.488: [Rescan (parallel) , 0.0038339 secs]2022-05-10T17:27:25.631+0800: 510.492: [weak refs processing, 0.0000758 secs]2022-05-10T17:27:25.631+0800: 510.492: [class unloading, 0.0057572 secs]2022-05-10T17:27:25.636+0800: 510.498: [scrub symbol table, 0.0113229 secs]2022-05-10T17:27:25.648+0800: 510.509: [scrub string table, 0.0006684 secs][1 CMS-remark: 10289K(341376K)] 24165K(494976K), 0.0219020 secs] [Times: user=0.03 sys=0.00, real=0.02 secs] 
2022-05-10T17:27:25.649+0800: 510.510: Total time for which application threads were stopped: 0.0220722 seconds, Stopping threads took: 0.0000404 seconds
2022-05-10T17:27:25.649+0800: 510.510: [CMS-concurrent-sweep-start]
2022-05-10T17:27:25.658+0800: 510.519: [CMS-concurrent-sweep: 0.009/0.009 secs] [Times: user=0.00 sys=0.00, real=0.01 secs] 
2022-05-10T17:27:25.658+0800: 510.519: [CMS-concurrent-reset-start]
2022-05-10T17:27:25.658+0800: 510.519: [CMS-concurrent-reset: 0.000/0.000 secs] [Times: user=0.00 sys=0.00, real=0.00 secs] 
2022-05-10T17:27:26.656+0800: 511.517: Application time: 1.0072129 seconds
2022-05-10T17:27:26.656+0800: 511.517: Total time for which application threads were stopped: 0.0001623 seconds, Stopping threads took: 0.0000451 seconds
2022-05-10T17:27:27.668+0800: 512.529: Application time: 1.0121932 seconds
2022-05-10T17:27:27.668+0800: 512.530: [GC (CMS Initial Mark) [1 CMS-initial-mark: 10288K(341376K)] 24163K(494976K), 0.0035571 secs] [Times: user=0.00 sys=0.00, real=0.00 secs] 
2022-05-10T17:27:27.672+0800: 512.533: Total time for which application threads were stopped: 0.0038716 seconds, Stopping threads took: 0.0000556 seconds
2022-05-10T17:27:27.672+0800: 512.533: [CMS-concurrent-mark-start]
2022-05-10T17:27:27.690+0800: 512.552: [CMS-concurrent-mark: 0.018/0.018 secs] [Times: user=0.03 sys=0.00, real=0.02 secs] 
2022-05-10T17:27:27.690+0800: 512.552: [CMS-concurrent-preclean-start]
2022-05-10T17:27:27.691+0800: 512.553: [CMS-concurrent-preclean: 0.001/0.001 secs] [Times: user=0.00 sys=0.00, real=0.00 secs] 
2022-05-10T17:27:27.691+0800: 512.553: [CMS-concurrent-abortable-preclean-start]
 CMS: abort preclean due to time 2022-05-10T17:27:32.751+0800: 517.613: [CMS-concurrent-abortable-preclean: 0.104/5.060 secs] [Times: user=0.00 sys=0.00, real=5.06 secs] 
2022-05-10T17:27:32.752+0800: 517.613: Application time: 5.0799854 seconds
2022-05-10T17:27:32.752+0800: 517.613: [GC (CMS Final Remark) [YG occupancy: 13875 K (153600 K)]2022-05-10T17:27:32.752+0800: 517.613: [Rescan (parallel) , 0.0046861 secs]2022-05-10T17:27:32.757+0800: 517.618: [weak refs processing, 0.0000992 secs]2022-05-10T17:27:32.757+0800: 517.618: [class unloading, 0.0098634 secs]2022-05-10T17:27:32.767+0800: 517.628: [scrub symbol table, 0.0151711 secs]2022-05-10T17:27:32.782+0800: 517.643: [scrub string table, 0.0010144 secs][1 CMS-remark: 10288K(341376K)] 24163K(494976K), 0.0311481 secs] [Times: user=0.03 sys=0.00, real=0.03 secs] 
2022-05-10T17:27:32.783+0800: 517.645: Total time for which application threads were stopped: 0.0313634 seconds, Stopping threads took: 0.0000418 seconds
2022-05-10T17:27:32.785+0800: 517.646: [CMS-concurrent-sweep-start]
2022-05-10T17:27:32.793+0800: 517.655: [CMS-concurrent-sweep: 0.009/0.009 secs] [Times: user=0.02 sys=0.00, real=0.01 secs] 
2022-05-10T17:27:32.793+0800: 517.655: [CMS-concurrent-reset-start]
2022-05-10T17:27:32.794+0800: 517.656: [CMS-concurrent-reset: 0.001/0.001 secs] [Times: user=0.00 sys=0.00, real=0.00 secs] 
2022-05-10T17:27:33.793+0800: 518.654: Application time: 1.0090768 seconds
2022-05-10T17:27:33.793+0800: 518.654: Total time for which application threads were stopped: 0.0001638 seconds, Stopping threads took: 0.0000439 seconds
2022-05-10T17:27:34.808+0800: 519.669: Application time: 1.0153051 seconds
2022-05-10T17:27:34.808+0800: 519.669: [GC (CMS Initial Mark) [1 CMS-initial-mark: 10223K(341376K)] 24098K(494976K), 0.0029465 secs] [Times: user=0.00 sys=0.00, real=0.00 secs] 
2022-05-10T17:27:34.811+0800: 519.672: Total time for which application threads were stopped: 0.0031674 seconds, Stopping threads took: 0.0000701 seconds
2022-05-10T17:27:34.811+0800: 519.672: [CMS-concurrent-mark-start]
2022-05-10T17:27:34.828+0800: 519.689: [CMS-concurrent-mark: 0.017/0.017 secs] [Times: user=0.03 sys=0.00, real=0.02 secs] 
2022-05-10T17:27:34.828+0800: 519.689: [CMS-concurrent-preclean-start]
2022-05-10T17:27:34.829+0800: 519.691: [CMS-concurrent-preclean: 0.001/0.001 secs] [Times: user=0.00 sys=0.00, real=0.00 secs] 
2022-05-10T17:27:34.829+0800: 519.691: [CMS-concurrent-abortable-preclean-start]
2022-05-10T17:27:36.830+0800: 521.691: Application time: 2.0188095 seconds
2022-05-10T17:27:36.830+0800: 521.691: Total time for which application threads were stopped: 0.0001229 seconds, Stopping threads took: 0.0000447 seconds
 CMS: abort preclean due to time 2022-05-10T17:27:39.923+0800: 524.785: [CMS-concurrent-abortable-preclean: 0.078/5.094 secs] [Times: user=0.03 sys=0.00, real=5.09 secs] 
2022-05-10T17:27:39.923+0800: 524.785: Application time: 3.0935655 seconds
2022-05-10T17:27:39.924+0800: 524.785: [GC (CMS Final Remark) [YG occupancy: 13875 K (153600 K)]2022-05-10T17:27:39.924+0800: 524.785: [Rescan (parallel) , 0.0046669 secs]2022-05-10T17:27:39.929+0800: 524.790: [weak refs processing, 0.0000783 secs]2022-05-10T17:27:39.929+0800: 524.790: [class unloading, 0.0054499 secs]2022-05-10T17:27:39.934+0800: 524.795: [scrub symbol table, 0.0091547 secs]2022-05-10T17:27:39.943+0800: 524.805: [scrub string table, 0.0006084 secs][1 CMS-remark: 10223K(341376K)] 24098K(494976K), 0.0202177 secs] [Times: user=0.02 sys=0.00, real=0.02 secs] 
2022-05-10T17:27:39.944+0800: 524.805: Total time for which application threads were stopped: 0.0204512 seconds, Stopping threads took: 0.0000565 seconds
2022-05-10T17:27:39.944+0800: 524.805: [CMS-concurrent-sweep-start]
2022-05-10T17:27:39.953+0800: 524.815: [CMS-concurrent-sweep: 0.009/0.009 secs] [Times: user=0.02 sys=0.00, real=0.01 secs] 
2022-05-10T17:27:39.953+0800: 524.815: [CMS-concurrent-reset-start]
2022-05-10T17:27:39.954+0800: 524.815: [CMS-concurrent-reset: 0.000/0.000 secs] [Times: user=0.00 sys=0.00, real=0.00 secs] 
2022-05-10T17:27:41.963+0800: 526.824: Application time: 2.0184872 seconds
2022-05-10T17:27:41.963+0800: 526.824: [GC (CMS Initial Mark) [1 CMS-initial-mark: 10223K(341376K)] 24098K(494976K), 0.0038303 secs] [Times: user=0.00 sys=0.00, real=0.00 secs] 
2022-05-10T17:27:41.967+0800: 526.828: Total time for which application threads were stopped: 0.0040269 seconds, Stopping threads took: 0.0000399 seconds
2022-05-10T17:27:41.967+0800: 526.828: [CMS-concurrent-mark-start]
2022-05-10T17:27:42.004+0800: 526.865: [CMS-concurrent-mark: 0.037/0.037 secs] [Times: user=0.03 sys=0.00, real=0.04 secs] 
2022-05-10T17:27:42.004+0800: 526.865: [CMS-concurrent-preclean-start]
2022-05-10T17:27:42.006+0800: 526.867: [CMS-concurrent-preclean: 0.002/0.002 secs] [Times: user=0.00 sys=0.00, real=0.00 secs] 
2022-05-10T17:27:42.006+0800: 526.867: [CMS-concurrent-abortable-preclean-start]
 CMS: abort preclean due to time 2022-05-10T17:27:47.048+0800: 531.909: [CMS-concurrent-abortable-preclean: 0.070/5.042 secs] [Times: user=0.03 sys=0.00, real=5.04 secs] 
2022-05-10T17:27:47.048+0800: 531.909: Application time: 5.0811549 seconds
2022-05-10T17:27:47.048+0800: 531.909: [GC (CMS Final Remark) [YG occupancy: 13875 K (153600 K)]2022-05-10T17:27:47.048+0800: 531.909: [Rescan (parallel) , 0.0038899 secs]2022-05-10T17:27:47.052+0800: 531.913: [weak refs processing, 0.0000423 secs]2022-05-10T17:27:47.052+0800: 531.913: [class unloading, 0.0034414 secs]2022-05-10T17:27:47.055+0800: 531.916: [scrub symbol table, 0.0058517 secs]2022-05-10T17:27:47.060+0800: 531.922: [scrub string table, 0.0004588 secs][1 CMS-remark: 10223K(341376K)] 24098K(494976K), 0.0138080 secs] [Times: user=0.02 sys=0.00, real=0.01 secs] 
2022-05-10T17:27:47.062+0800: 531.923: Total time for which application threads were stopped: 0.0139427 seconds, Stopping threads took: 0.0000238 seconds
2022-05-10T17:27:47.062+0800: 531.923: [CMS-concurrent-sweep-start]
2022-05-10T17:27:47.067+0800: 531.928: [CMS-concurrent-sweep: 0.005/0.005 secs] [Times: user=0.00 sys=0.00, real=0.00 secs] 
2022-05-10T17:27:47.067+0800: 531.928: [CMS-concurrent-reset-start]
2022-05-10T17:27:47.067+0800: 531.929: [CMS-concurrent-reset: 0.000/0.000 secs] [Times: user=0.00 sys=0.00, real=0.00 secs] 
2022-05-10T17:27:49.072+0800: 533.933: Application time: 2.0101224 seconds
2022-05-10T17:27:49.072+0800: 533.933: [GC (CMS Initial Mark) [1 CMS-initial-mark: 10223K(341376K)] 24098K(494976K), 0.0025814 secs] [Times: user=0.00 sys=0.00, real=0.00 secs] 
2022-05-10T17:27:49.075+0800: 533.936: Total time for which application threads were stopped: 0.0027450 seconds, Stopping threads took: 0.0000372 seconds
2022-05-10T17:27:49.075+0800: 533.936: [CMS-concurrent-mark-start]
2022-05-10T17:27:49.086+0800: 533.947: [CMS-concurrent-mark: 0.012/0.012 secs] [Times: user=0.03 sys=0.00, real=0.01 secs] 
2022-05-10T17:27:49.086+0800: 533.947: [CMS-concurrent-preclean-start]
2022-05-10T17:27:49.087+0800: 533.948: [CMS-concurrent-preclean: 0.001/0.001 secs] [Times: user=0.00 sys=0.00, real=0.00 secs] 
2022-05-10T17:27:49.087+0800: 533.948: [CMS-concurrent-abortable-preclean-start]
 CMS: abort preclean due to time 2022-05-10T17:27:54.160+0800: 539.021: [CMS-concurrent-abortable-preclean: 0.069/5.073 secs] [Times: user=0.05 sys=0.00, real=5.07 secs] 
2022-05-10T17:27:54.160+0800: 539.021: Application time: 5.0855541 seconds
2022-05-10T17:27:54.160+0800: 539.021: [GC (CMS Final Remark) [YG occupancy: 13875 K (153600 K)]2022-05-10T17:27:54.160+0800: 539.021: [Rescan (parallel) , 0.0035034 secs]2022-05-10T17:27:54.164+0800: 539.025: [weak refs processing, 0.0000442 secs]2022-05-10T17:27:54.164+0800: 539.025: [class unloading, 0.0032762 secs]2022-05-10T17:27:54.167+0800: 539.028: [scrub symbol table, 0.0052628 secs]2022-05-10T17:27:54.172+0800: 539.034: [scrub string table, 0.0004432 secs][1 CMS-remark: 10223K(341376K)] 24098K(494976K), 0.0126644 secs] [Times: user=0.00 sys=0.02, real=0.01 secs] 
2022-05-10T17:27:54.173+0800: 539.034: Total time for which application threads were stopped: 0.0127718 seconds, Stopping threads took: 0.0000242 seconds
2022-05-10T17:27:54.173+0800: 539.034: [CMS-concurrent-sweep-start]
2022-05-10T17:27:54.178+0800: 539.039: [CMS-concurrent-sweep: 0.005/0.005 secs] [Times: user=0.00 sys=0.00, real=0.00 secs] 
2022-05-10T17:27:54.178+0800: 539.039: [CMS-concurrent-reset-start]
2022-05-10T17:27:54.179+0800: 539.040: [CMS-concurrent-reset: 0.000/0.000 secs] [Times: user=0.00 sys=0.00, real=0.00 secs] 
2022-05-10T17:27:56.183+0800: 541.045: Application time: 2.0104173 seconds
2022-05-10T17:27:56.184+0800: 541.045: [GC (CMS Initial Mark) [1 CMS-initial-mark: 10223K(341376K)] 24098K(494976K), 0.0042023 secs] [Times: user=0.00 sys=0.00, real=0.00 secs] 
2022-05-10T17:27:56.188+0800: 541.049: Total time for which application threads were stopped: 0.0044296 seconds, Stopping threads took: 0.0000639 seconds
2022-05-10T17:27:56.188+0800: 541.049: [CMS-concurrent-mark-start]
2022-05-10T17:27:56.208+0800: 541.069: [CMS-concurrent-mark: 0.020/0.020 secs] [Times: user=0.03 sys=0.00, real=0.02 secs] 
2022-05-10T17:27:56.208+0800: 541.069: [CMS-concurrent-preclean-start]
2022-05-10T17:27:56.209+0800: 541.070: [CMS-concurrent-preclean: 0.001/0.001 secs] [Times: user=0.00 sys=0.00, real=0.00 secs] 
2022-05-10T17:27:56.209+0800: 541.070: [CMS-concurrent-abortable-preclean-start]
 CMS: abort preclean due to time 2022-05-10T17:28:01.271+0800: 546.132: [CMS-concurrent-abortable-preclean: 0.089/5.062 secs] [Times: user=0.13 sys=0.00, real=5.06 secs] 
2022-05-10T17:28:01.271+0800: 546.132: Application time: 5.0834817 seconds
2022-05-10T17:28:01.271+0800: 546.133: [GC (CMS Final Remark) [YG occupancy: 13875 K (153600 K)]2022-05-10T17:28:01.271+0800: 546.133: [Rescan (parallel) , 0.0050808 secs]2022-05-10T17:28:01.277+0800: 546.138: [weak refs processing, 0.0000558 secs]2022-05-10T17:28:01.277+0800: 546.138: [class unloading, 0.0041800 secs]2022-05-10T17:28:01.281+0800: 546.142: [scrub symbol table, 0.0092742 secs]2022-05-10T17:28:01.290+0800: 546.151: [scrub string table, 0.0006181 secs][1 CMS-remark: 10223K(341376K)] 24098K(494976K), 0.0194240 secs] [Times: user=0.08 sys=0.00, real=0.02 secs] 
2022-05-10T17:28:01.291+0800: 546.152: Total time for which application threads were stopped: 0.0195747 seconds, Stopping threads took: 0.0000373 seconds
2022-05-10T17:28:01.291+0800: 546.152: [CMS-concurrent-sweep-start]
2022-05-10T17:28:01.297+0800: 546.159: [CMS-concurrent-sweep: 0.007/0.007 secs] [Times: user=0.00 sys=0.00, real=0.01 secs] 
2022-05-10T17:28:01.297+0800: 546.159: [CMS-concurrent-reset-start]
2022-05-10T17:28:01.298+0800: 546.159: [CMS-concurrent-reset: 0.000/0.000 secs] [Times: user=0.00 sys=0.00, real=0.00 secs] 
2022-05-10T17:28:03.312+0800: 548.173: Application time: 2.0207669 seconds
2022-05-10T17:28:03.312+0800: 548.173: [GC (CMS Initial Mark) [1 CMS-initial-mark: 10223K(341376K)] 24098K(494976K), 0.0037755 secs] [Times: user=0.00 sys=0.00, real=0.00 secs] 
2022-05-10T17:28:03.316+0800: 548.177: Total time for which application threads were stopped: 0.0040806 seconds, Stopping threads took: 0.0000498 seconds
2022-05-10T17:28:03.316+0800: 548.177: [CMS-concurrent-mark-start]
2022-05-10T17:28:03.338+0800: 548.199: [CMS-concurrent-mark: 0.022/0.022 secs] [Times: user=0.06 sys=0.00, real=0.02 secs] 
2022-05-10T17:28:03.338+0800: 548.199: [CMS-concurrent-preclean-start]
2022-05-10T17:28:03.340+0800: 548.201: [CMS-concurrent-preclean: 0.002/0.002 secs] [Times: user=0.00 sys=0.00, real=0.00 secs] 
2022-05-10T17:28:03.340+0800: 548.201: [CMS-concurrent-abortable-preclean-start]
 CMS: abort preclean due to time 2022-05-10T17:28:08.391+0800: 553.252: [CMS-concurrent-abortable-preclean: 0.102/5.050 secs] [Times: user=0.03 sys=0.00, real=5.05 secs] 
2022-05-10T17:28:08.391+0800: 553.252: Application time: 5.0751201 seconds
2022-05-10T17:28:08.391+0800: 553.252: [GC (CMS Final Remark) [YG occupancy: 13875 K (153600 K)]2022-05-10T17:28:08.391+0800: 553.252: [Rescan (parallel) , 0.0031431 secs]2022-05-10T17:28:08.394+0800: 553.255: [weak refs processing, 0.0000529 secs]2022-05-10T17:28:08.394+0800: 553.255: [class unloading, 0.0029481 secs]2022-05-10T17:28:08.397+0800: 553.258: [scrub symbol table, 0.0049181 secs]2022-05-10T17:28:08.402+0800: 553.263: [scrub string table, 0.0003712 secs][1 CMS-remark: 10223K(341376K)] 24098K(494976K), 0.0115597 secs] [Times: user=0.02 sys=0.00, real=0.01 secs] 
2022-05-10T17:28:08.402+0800: 553.264: Total time for which application threads were stopped: 0.0116549 seconds, Stopping threads took: 0.0000212 seconds
2022-05-10T17:28:08.403+0800: 553.264: [CMS-concurrent-sweep-start]
2022-05-10T17:28:08.407+0800: 553.268: [CMS-concurrent-sweep: 0.004/0.004 secs] [Times: user=0.00 sys=0.00, real=0.00 secs] 
2022-05-10T17:28:08.407+0800: 553.268: [CMS-concurrent-reset-start]
2022-05-10T17:28:08.407+0800: 553.269: [CMS-concurrent-reset: 0.000/0.000 secs] [Times: user=0.00 sys=0.00, real=0.00 secs] 
2022-05-10T17:28:10.411+0800: 555.272: Application time: 2.0079998 seconds
2022-05-10T17:28:10.411+0800: 555.272: [GC (CMS Initial Mark) [1 CMS-initial-mark: 10223K(341376K)] 24098K(494976K), 0.0024527 secs] [Times: user=0.00 sys=0.00, real=0.00 secs] 
2022-05-10T17:28:10.413+0800: 555.274: Total time for which application threads were stopped: 0.0026046 seconds, Stopping threads took: 0.0000312 seconds
2022-05-10T17:28:10.413+0800: 555.274: [CMS-concurrent-mark-start]
2022-05-10T17:28:10.424+0800: 555.285: [CMS-concurrent-mark: 0.011/0.011 secs] [Times: user=0.03 sys=0.00, real=0.01 secs] 
2022-05-10T17:28:10.424+0800: 555.285: [CMS-concurrent-preclean-start]
2022-05-10T17:28:10.425+0800: 555.286: [CMS-concurrent-preclean: 0.001/0.001 secs] [Times: user=0.00 sys=0.00, real=0.00 secs] 
2022-05-10T17:28:10.425+0800: 555.286: [CMS-concurrent-abortable-preclean-start]
 CMS: abort preclean due to time 2022-05-10T17:28:15.459+0800: 560.320: [CMS-concurrent-abortable-preclean: 0.060/5.034 secs] [Times: user=0.05 sys=0.00, real=5.03 secs] 
2022-05-10T17:28:15.459+0800: 560.320: Application time: 5.0457676 seconds
2022-05-10T17:28:15.459+0800: 560.320: [GC (CMS Final Remark) [YG occupancy: 13875 K (153600 K)]2022-05-10T17:28:15.459+0800: 560.320: [Rescan (parallel) , 0.0031078 secs]2022-05-10T17:28:15.462+0800: 560.323: [weak refs processing, 0.0000362 secs]2022-05-10T17:28:15.462+0800: 560.323: [class unloading, 0.0027448 secs]2022-05-10T17:28:15.465+0800: 560.326: [scrub symbol table, 0.0053056 secs]2022-05-10T17:28:15.470+0800: 560.331: [scrub string table, 0.0003742 secs][1 CMS-remark: 10223K(341376K)] 24098K(494976K), 0.0116874 secs] [Times: user=0.11 sys=0.00, real=0.01 secs] 
2022-05-10T17:28:15.471+0800: 560.332: Total time for which application threads were stopped: 0.0117838 seconds, Stopping threads took: 0.0000229 seconds
2022-05-10T17:28:15.471+0800: 560.332: [CMS-concurrent-sweep-start]
2022-05-10T17:28:15.475+0800: 560.337: [CMS-concurrent-sweep: 0.005/0.005 secs] [Times: user=0.00 sys=0.00, real=0.00 secs] 
2022-05-10T17:28:15.476+0800: 560.337: [CMS-concurrent-reset-start]
2022-05-10T17:28:15.476+0800: 560.337: [CMS-concurrent-reset: 0.000/0.000 secs] [Times: user=0.00 sys=0.00, real=0.00 secs] 
2022-05-10T17:28:17.486+0800: 562.347: Application time: 2.0149608 seconds
2022-05-10T17:28:17.486+0800: 562.347: [GC (CMS Initial Mark) [1 CMS-initial-mark: 10183K(341376K)] 24058K(494976K), 0.0042455 secs] [Times: user=0.00 sys=0.00, real=0.00 secs] 
2022-05-10T17:28:17.490+0800: 562.351: Total time for which application threads were stopped: 0.0044985 seconds, Stopping threads took: 0.0000479 seconds
2022-05-10T17:28:17.490+0800: 562.351: [CMS-concurrent-mark-start]
2022-05-10T17:28:17.513+0800: 562.375: [CMS-concurrent-mark: 0.023/0.023 secs] [Times: user=0.06 sys=0.00, real=0.02 secs] 
2022-05-10T17:28:17.514+0800: 562.375: [CMS-concurrent-preclean-start]
2022-05-10T17:28:17.515+0800: 562.376: [CMS-concurrent-preclean: 0.002/0.002 secs] [Times: user=0.00 sys=0.00, real=0.00 secs] 
2022-05-10T17:28:17.515+0800: 562.376: [CMS-concurrent-abortable-preclean-start]
 CMS: abort preclean due to time 2022-05-10T17:28:22.569+0800: 567.430: [CMS-concurrent-abortable-preclean: 0.066/5.053 secs] [Times: user=0.09 sys=0.00, real=5.05 secs] 
2022-05-10T17:28:22.569+0800: 567.430: Application time: 5.0784295 seconds
2022-05-10T17:28:22.569+0800: 567.430: [GC (CMS Final Remark) [YG occupancy: 13875 K (153600 K)]2022-05-10T17:28:22.569+0800: 567.430: [Rescan (parallel) , 0.0037861 secs]2022-05-10T17:28:22.573+0800: 567.434: [weak refs processing, 0.0000666 secs]2022-05-10T17:28:22.573+0800: 567.434: [class unloading, 0.0046065 secs]2022-05-10T17:28:22.577+0800: 567.438: [scrub symbol table, 0.0090197 secs]2022-05-10T17:28:22.586+0800: 567.447: [scrub string table, 0.0005270 secs][1 CMS-remark: 10183K(341376K)] 24058K(494976K), 0.0181969 secs] [Times: user=0.09 sys=0.00, real=0.02 secs] 
2022-05-10T17:28:22.587+0800: 567.448: Total time for which application threads were stopped: 0.0183132 seconds, Stopping threads took: 0.0000233 seconds
2022-05-10T17:28:22.587+0800: 567.448: [CMS-concurrent-sweep-start]
2022-05-10T17:28:22.595+0800: 567.456: [CMS-concurrent-sweep: 0.008/0.008 secs] [Times: user=0.00 sys=0.00, real=0.01 secs] 
2022-05-10T17:28:22.595+0800: 567.456: [CMS-concurrent-reset-start]
2022-05-10T17:28:22.595+0800: 567.457: [CMS-concurrent-reset: 0.000/0.000 secs] [Times: user=0.00 sys=0.00, real=0.00 secs] 
2022-05-10T17:28:24.608+0800: 569.469: Application time: 2.0209289 seconds
2022-05-10T17:28:24.608+0800: 569.469: [GC (CMS Initial Mark) [1 CMS-initial-mark: 10183K(341376K)] 24058K(494976K), 0.0075518 secs] [Times: user=0.00 sys=0.00, real=0.01 secs] 
2022-05-10T17:28:24.616+0800: 569.477: Total time for which application threads were stopped: 0.0078457 seconds, Stopping threads took: 0.0000397 seconds
2022-05-10T17:28:24.616+0800: 569.477: [CMS-concurrent-mark-start]
2022-05-10T17:28:24.638+0800: 569.500: [CMS-concurrent-mark: 0.023/0.023 secs] [Times: user=0.05 sys=0.00, real=0.02 secs] 
2022-05-10T17:28:24.639+0800: 569.500: [CMS-concurrent-preclean-start]
2022-05-10T17:28:24.640+0800: 569.501: [CMS-concurrent-preclean: 0.001/0.001 secs] [Times: user=0.00 sys=0.00, real=0.00 secs] 
2022-05-10T17:28:24.640+0800: 569.501: [CMS-concurrent-abortable-preclean-start]
 CMS: abort preclean due to time 2022-05-10T17:28:29.682+0800: 574.543: [CMS-concurrent-abortable-preclean: 0.077/5.042 secs] [Times: user=0.03 sys=0.00, real=5.04 secs] 
2022-05-10T17:28:29.682+0800: 574.543: Application time: 5.0661670 seconds
2022-05-10T17:28:29.682+0800: 574.543: [GC (CMS Final Remark) [YG occupancy: 13875 K (153600 K)]2022-05-10T17:28:29.682+0800: 574.543: [Rescan (parallel) , 0.0037593 secs]2022-05-10T17:28:29.686+0800: 574.547: [weak refs processing, 0.0000397 secs]2022-05-10T17:28:29.686+0800: 574.547: [class unloading, 0.0031485 secs]2022-05-10T17:28:29.689+0800: 574.550: [scrub symbol table, 0.0049356 secs]2022-05-10T17:28:29.694+0800: 574.555: [scrub string table, 0.0004079 secs][1 CMS-remark: 10183K(341376K)] 24058K(494976K), 0.0124159 secs] [Times: user=0.00 sys=0.00, real=0.01 secs] 
2022-05-10T17:28:29.694+0800: 574.556: Total time for which application threads were stopped: 0.0125202 seconds, Stopping threads took: 0.0000242 seconds
2022-05-10T17:28:29.695+0800: 574.556: [CMS-concurrent-sweep-start]
2022-05-10T17:28:29.699+0800: 574.560: [CMS-concurrent-sweep: 0.005/0.005 secs] [Times: user=0.02 sys=0.00, real=0.00 secs] 
2022-05-10T17:28:29.699+0800: 574.560: [CMS-concurrent-reset-start]
2022-05-10T17:28:29.700+0800: 574.561: [CMS-concurrent-reset: 0.000/0.000 secs] [Times: user=0.00 sys=0.00, real=0.00 secs] 
2022-05-10T17:28:31.705+0800: 576.566: Application time: 2.0106684 seconds
2022-05-10T17:28:31.705+0800: 576.566: [GC (CMS Initial Mark) [1 CMS-initial-mark: 10183K(341376K)] 24058K(494976K), 0.0035064 secs] [Times: user=0.00 sys=0.00, real=0.00 secs] 
2022-05-10T17:28:31.708+0800: 576.570: Total time for which application threads were stopped: 0.0036660 seconds, Stopping threads took: 0.0000408 seconds
2022-05-10T17:28:31.708+0800: 576.570: [CMS-concurrent-mark-start]
2022-05-10T17:28:31.719+0800: 576.580: [CMS-concurrent-mark: 0.011/0.011 secs] [Times: user=0.03 sys=0.00, real=0.01 secs] 
2022-05-10T17:28:31.719+0800: 576.581: [CMS-concurrent-preclean-start]
2022-05-10T17:28:31.720+0800: 576.581: [CMS-concurrent-preclean: 0.001/0.001 secs] [Times: user=0.00 sys=0.00, real=0.00 secs] 
2022-05-10T17:28:31.720+0800: 576.581: [CMS-concurrent-abortable-preclean-start]
 CMS: abort preclean due to time 2022-05-10T17:28:36.827+0800: 581.689: [CMS-concurrent-abortable-preclean: 0.081/5.107 secs] [Times: user=0.05 sys=0.00, real=5.11 secs] 
2022-05-10T17:28:36.827+0800: 581.689: Application time: 5.1188492 seconds
2022-05-10T17:28:36.827+0800: 581.689: [GC (CMS Final Remark) [YG occupancy: 13875 K (153600 K)]2022-05-10T17:28:36.827+0800: 581.689: [Rescan (parallel) , 0.0046101 secs]2022-05-10T17:28:36.832+0800: 581.693: [weak refs processing, 0.0000563 secs]2022-05-10T17:28:36.832+0800: 581.694: [class unloading, 0.0033815 secs]2022-05-10T17:28:36.835+0800: 581.697: [scrub symbol table, 0.0072401 secs]2022-05-10T17:28:36.843+0800: 581.704: [scrub string table, 0.0004475 secs][1 CMS-remark: 10183K(341376K)] 24058K(494976K), 0.0158792 secs] [Times: user=0.02 sys=0.00, real=0.02 secs] 
2022-05-10T17:28:36.843+0800: 581.705: Total time for which application threads were stopped: 0.0159972 seconds, Stopping threads took: 0.0000279 seconds
2022-05-10T17:28:36.843+0800: 581.705: [CMS-concurrent-sweep-start]
2022-05-10T17:28:36.848+0800: 581.710: [CMS-concurrent-sweep: 0.005/0.005 secs] [Times: user=0.00 sys=0.00, real=0.01 secs] 
2022-05-10T17:28:36.848+0800: 581.710: [CMS-concurrent-reset-start]
2022-05-10T17:28:36.849+0800: 581.710: [CMS-concurrent-reset: 0.000/0.000 secs] [Times: user=0.00 sys=0.00, real=0.00 secs] 
2022-05-10T17:28:38.859+0800: 583.720: Application time: 2.0154712 seconds
2022-05-10T17:28:38.859+0800: 583.720: [GC (CMS Initial Mark) [1 CMS-initial-mark: 10183K(341376K)] 24058K(494976K), 0.0026935 secs] [Times: user=0.00 sys=0.00, real=0.00 secs] 
2022-05-10T17:28:38.862+0800: 583.723: Total time for which application threads were stopped: 0.0028784 seconds, Stopping threads took: 0.0000466 seconds
2022-05-10T17:28:38.862+0800: 583.723: [CMS-concurrent-mark-start]
2022-05-10T17:28:38.877+0800: 583.738: [CMS-concurrent-mark: 0.015/0.015 secs] [Times: user=0.03 sys=0.00, real=0.02 secs] 
2022-05-10T17:28:38.877+0800: 583.738: [CMS-concurrent-preclean-start]
2022-05-10T17:28:38.878+0800: 583.739: [CMS-concurrent-preclean: 0.001/0.001 secs] [Times: user=0.00 sys=0.00, real=0.00 secs] 
2022-05-10T17:28:38.878+0800: 583.739: [CMS-concurrent-abortable-preclean-start]
 CMS: abort preclean due to time 2022-05-10T17:28:43.951+0800: 588.813: [CMS-concurrent-abortable-preclean: 0.080/5.073 secs] [Times: user=0.08 sys=0.00, real=5.07 secs] 
2022-05-10T17:28:43.951+0800: 588.813: Application time: 5.0898170 seconds
2022-05-10T17:28:43.951+0800: 588.813: [GC (CMS Final Remark) [YG occupancy: 13875 K (153600 K)]2022-05-10T17:28:43.951+0800: 588.813: [Rescan (parallel) , 0.0061048 secs]2022-05-10T17:28:43.958+0800: 588.819: [weak refs processing, 0.0000887 secs]2022-05-10T17:28:43.958+0800: 588.819: [class unloading, 0.0065279 secs]2022-05-10T17:28:43.964+0800: 588.826: [scrub symbol table, 0.0124176 secs]2022-05-10T17:28:43.977+0800: 588.838: [scrub string table, 0.0007777 secs][1 CMS-remark: 10183K(341376K)] 24058K(494976K), 0.0261919 secs] [Times: user=0.03 sys=0.00, real=0.03 secs] 
2022-05-10T17:28:43.977+0800: 588.839: Total time for which application threads were stopped: 0.0263719 seconds, Stopping threads took: 0.0000427 seconds
2022-05-10T17:28:43.978+0800: 588.839: [CMS-concurrent-sweep-start]
2022-05-10T17:28:43.987+0800: 588.849: [CMS-concurrent-sweep: 0.009/0.009 secs] [Times: user=0.00 sys=0.00, real=0.01 secs] 
2022-05-10T17:28:43.987+0800: 588.849: [CMS-concurrent-reset-start]
2022-05-10T17:28:43.988+0800: 588.849: [CMS-concurrent-reset: 0.001/0.001 secs] [Times: user=0.00 sys=0.00, real=0.00 secs] 
2022-05-10T17:28:45.995+0800: 590.857: Application time: 2.0182620 seconds
2022-05-10T17:28:45.997+0800: 590.859: [GC (CMS Initial Mark) [1 CMS-initial-mark: 10183K(341376K)] 24058K(494976K), 0.0124226 secs] [Times: user=0.00 sys=0.02, real=0.01 secs] 
2022-05-10T17:28:46.010+0800: 590.871: Total time for which application threads were stopped: 0.0136284 seconds, Stopping threads took: 0.0006466 seconds
2022-05-10T17:28:46.010+0800: 590.872: [CMS-concurrent-mark-start]
2022-05-10T17:28:46.050+0800: 590.912: [CMS-concurrent-mark: 0.041/0.041 secs] [Times: user=0.03 sys=0.00, real=0.04 secs] 
2022-05-10T17:28:46.050+0800: 590.912: [CMS-concurrent-preclean-start]
2022-05-10T17:28:46.053+0800: 590.915: [CMS-concurrent-preclean: 0.002/0.002 secs] [Times: user=0.00 sys=0.00, real=0.00 secs] 
2022-05-10T17:28:46.053+0800: 590.915: [CMS-concurrent-abortable-preclean-start]
 CMS: abort preclean due to time 2022-05-10T17:28:51.127+0800: 595.988: [CMS-concurrent-abortable-preclean: 0.105/5.074 secs] [Times: user=0.05 sys=0.01, real=5.07 secs] 
2022-05-10T17:28:51.127+0800: 595.989: Application time: 5.1170636 seconds
2022-05-10T17:28:51.127+0800: 595.989: [GC (CMS Final Remark) [YG occupancy: 13875 K (153600 K)]2022-05-10T17:28:51.127+0800: 595.989: [Rescan (parallel) , 0.0058441 secs]2022-05-10T17:28:51.134+0800: 595.995: [weak refs processing, 0.0000842 secs]2022-05-10T17:28:51.134+0800: 595.995: [class unloading, 0.0061972 secs]2022-05-10T17:28:51.140+0800: 596.001: [scrub symbol table, 0.0126781 secs]2022-05-10T17:28:51.152+0800: 596.014: [scrub string table, 0.0009140 secs][1 CMS-remark: 10183K(341376K)] 24058K(494976K), 0.0259996 secs] [Times: user=0.08 sys=0.00, real=0.03 secs] 
2022-05-10T17:28:51.153+0800: 596.015: Total time for which application threads were stopped: 0.0261957 seconds, Stopping threads took: 0.0000402 seconds
2022-05-10T17:28:51.154+0800: 596.015: [CMS-concurrent-sweep-start]
2022-05-10T17:28:51.163+0800: 596.025: [CMS-concurrent-sweep: 0.010/0.010 secs] [Times: user=0.00 sys=0.00, real=0.01 secs] 
2022-05-10T17:28:51.163+0800: 596.025: [CMS-concurrent-reset-start]
2022-05-10T17:28:51.164+0800: 596.025: [CMS-concurrent-reset: 0.001/0.001 secs] [Times: user=0.03 sys=0.00, real=0.00 secs] 
2022-05-10T17:28:53.187+0800: 598.048: Application time: 2.0332197 seconds
2022-05-10T17:28:53.187+0800: 598.048: [GC (CMS Initial Mark) [1 CMS-initial-mark: 10183K(341376K)] 24058K(494976K), 0.0046301 secs] [Times: user=0.00 sys=0.00, real=0.00 secs] 
2022-05-10T17:28:53.191+0800: 598.053: Total time for which application threads were stopped: 0.0051538 seconds, Stopping threads took: 0.0001452 seconds
2022-05-10T17:28:53.191+0800: 598.053: [CMS-concurrent-mark-start]
2022-05-10T17:28:53.215+0800: 598.076: [CMS-concurrent-mark: 0.023/0.023 secs] [Times: user=0.06 sys=0.00, real=0.02 secs] 
2022-05-10T17:28:53.215+0800: 598.076: [CMS-concurrent-preclean-start]
2022-05-10T17:28:53.217+0800: 598.078: [CMS-concurrent-preclean: 0.002/0.002 secs] [Times: user=0.00 sys=0.00, real=0.00 secs] 
2022-05-10T17:28:53.217+0800: 598.078: [CMS-concurrent-abortable-preclean-start]
 CMS: abort preclean due to time 2022-05-10T17:28:58.261+0800: 603.122: [CMS-concurrent-abortable-preclean: 0.068/5.044 secs] [Times: user=0.09 sys=0.00, real=5.04 secs] 
2022-05-10T17:28:58.261+0800: 603.123: Application time: 5.0694424 seconds
2022-05-10T17:28:58.261+0800: 603.123: [GC (CMS Final Remark) [YG occupancy: 13875 K (153600 K)]2022-05-10T17:28:58.261+0800: 603.123: [Rescan (parallel) , 0.0036624 secs]2022-05-10T17:28:58.265+0800: 603.126: [weak refs processing, 0.0000356 secs]2022-05-10T17:28:58.265+0800: 603.126: [class unloading, 0.0031262 secs]2022-05-10T17:28:58.268+0800: 603.130: [scrub symbol table, 0.0072077 secs]2022-05-10T17:28:58.275+0800: 603.137: [scrub string table, 0.0006010 secs][1 CMS-remark: 10183K(341376K)] 24058K(494976K), 0.0148346 secs] [Times: user=0.02 sys=0.00, real=0.02 secs] 
2022-05-10T17:28:58.276+0800: 603.138: Total time for which application threads were stopped: 0.0149982 seconds, Stopping threads took: 0.0000435 seconds
2022-05-10T17:28:58.276+0800: 603.138: [CMS-concurrent-sweep-start]
2022-05-10T17:28:58.283+0800: 603.144: [CMS-concurrent-sweep: 0.006/0.006 secs] [Times: user=0.00 sys=0.00, real=0.01 secs] 
2022-05-10T17:28:58.283+0800: 603.144: [CMS-concurrent-reset-start]
2022-05-10T17:28:58.285+0800: 603.147: [CMS-concurrent-reset: 0.002/0.002 secs] [Times: user=0.00 sys=0.00, real=0.00 secs] 
2022-05-10T17:29:00.289+0800: 605.150: Application time: 2.0122552 seconds
2022-05-10T17:29:00.289+0800: 605.150: [GC (CMS Initial Mark) [1 CMS-initial-mark: 10183K(341376K)] 24058K(494976K), 0.0032713 secs] [Times: user=0.00 sys=0.00, real=0.00 secs] 
2022-05-10T17:29:00.292+0800: 605.153: Total time for which application threads were stopped: 0.0034818 seconds, Stopping threads took: 0.0001002 seconds
2022-05-10T17:29:00.292+0800: 605.153: [CMS-concurrent-mark-start]
2022-05-10T17:29:00.307+0800: 605.168: [CMS-concurrent-mark: 0.015/0.015 secs] [Times: user=0.03 sys=0.00, real=0.01 secs] 
2022-05-10T17:29:00.307+0800: 605.168: [CMS-concurrent-preclean-start]
2022-05-10T17:29:00.308+0800: 605.169: [CMS-concurrent-preclean: 0.001/0.001 secs] [Times: user=0.00 sys=0.00, real=0.00 secs] 
2022-05-10T17:29:00.308+0800: 605.169: [CMS-concurrent-abortable-preclean-start]
 CMS: abort preclean due to time 2022-05-10T17:29:05.355+0800: 610.216: [CMS-concurrent-abortable-preclean: 0.052/5.047 secs] [Times: user=0.11 sys=0.00, real=5.05 secs] 
2022-05-10T17:29:05.355+0800: 610.216: Application time: 5.0631194 seconds
2022-05-10T17:29:05.355+0800: 610.217: [GC (CMS Final Remark) [YG occupancy: 13875 K (153600 K)]2022-05-10T17:29:05.355+0800: 610.217: [Rescan (parallel) , 0.0041713 secs]2022-05-10T17:29:05.360+0800: 610.221: [weak refs processing, 0.0000441 secs]2022-05-10T17:29:05.360+0800: 610.221: [class unloading, 0.0033495 secs]2022-05-10T17:29:05.363+0800: 610.224: [scrub symbol table, 0.0049941 secs]2022-05-10T17:29:05.368+0800: 610.229: [scrub string table, 0.0004109 secs][1 CMS-remark: 10183K(341376K)] 24058K(494976K), 0.0131056 secs] [Times: user=0.02 sys=0.00, real=0.01 secs] 
2022-05-10T17:29:05.368+0800: 610.230: Total time for which application threads were stopped: 0.0132162 seconds, Stopping threads took: 0.0000260 seconds
2022-05-10T17:29:05.368+0800: 610.230: [CMS-concurrent-sweep-start]
2022-05-10T17:29:05.374+0800: 610.235: [CMS-concurrent-sweep: 0.005/0.005 secs] [Times: user=0.00 sys=0.00, real=0.01 secs] 
2022-05-10T17:29:05.374+0800: 610.235: [CMS-concurrent-reset-start]
2022-05-10T17:29:05.374+0800: 610.236: [CMS-concurrent-reset: 0.000/0.000 secs] [Times: user=0.00 sys=0.00, real=0.00 secs] 
2022-05-10T17:29:07.387+0800: 612.248: Application time: 2.0187592 seconds
2022-05-10T17:29:07.387+0800: 612.249: [GC (CMS Initial Mark) [1 CMS-initial-mark: 10183K(341376K)] 24058K(494976K), 0.0028249 secs] [Times: user=0.00 sys=0.00, real=0.00 secs] 
2022-05-10T17:29:07.390+0800: 612.251: Total time for which application threads were stopped: 0.0029664 seconds, Stopping threads took: 0.0000359 seconds
2022-05-10T17:29:07.390+0800: 612.251: [CMS-concurrent-mark-start]
2022-05-10T17:29:07.408+0800: 612.270: [CMS-concurrent-mark: 0.018/0.018 secs] [Times: user=0.03 sys=0.00, real=0.02 secs] 
2022-05-10T17:29:07.408+0800: 612.270: [CMS-concurrent-preclean-start]
2022-05-10T17:29:07.409+0800: 612.271: [CMS-concurrent-preclean: 0.001/0.001 secs] [Times: user=0.00 sys=0.00, real=0.00 secs] 
2022-05-10T17:29:07.409+0800: 612.271: [CMS-concurrent-abortable-preclean-start]
 CMS: abort preclean due to time 2022-05-10T17:29:12.433+0800: 617.295: [CMS-concurrent-abortable-preclean: 0.055/5.024 secs] [Times: user=0.00 sys=0.00, real=5.02 secs] 
2022-05-10T17:29:12.434+0800: 617.295: Application time: 5.0440140 seconds
2022-05-10T17:29:12.434+0800: 617.296: [GC (CMS Final Remark) [YG occupancy: 13875 K (153600 K)]2022-05-10T17:29:12.434+0800: 617.296: [Rescan (parallel) , 0.0051254 secs]2022-05-10T17:29:12.440+0800: 617.301: [weak refs processing, 0.0000729 secs]2022-05-10T17:29:12.440+0800: 617.301: [class unloading, 0.0055842 secs]2022-05-10T17:29:12.445+0800: 617.307: [scrub symbol table, 0.0126773 secs]2022-05-10T17:29:12.457+0800: 617.319: [scrub string table, 0.0008168 secs][1 CMS-remark: 10183K(341376K)] 24058K(494976K), 0.0245330 secs] [Times: user=0.02 sys=0.00, real=0.02 secs] 
2022-05-10T17:29:12.458+0800: 617.320: Total time for which application threads were stopped: 0.0247720 seconds, Stopping threads took: 0.0000622 seconds
2022-05-10T17:29:12.458+0800: 617.320: [CMS-concurrent-sweep-start]
2022-05-10T17:29:12.468+0800: 617.329: [CMS-concurrent-sweep: 0.009/0.009 secs] [Times: user=0.02 sys=0.00, real=0.01 secs] 
2022-05-10T17:29:12.468+0800: 617.329: [CMS-concurrent-reset-start]
2022-05-10T17:29:12.468+0800: 617.330: [CMS-concurrent-reset: 0.000/0.000 secs] [Times: user=0.00 sys=0.00, real=0.00 secs] 
2022-05-10T17:29:14.470+0800: 619.331: Application time: 2.0106199 seconds
2022-05-10T17:29:14.470+0800: 619.331: [GC (CMS Initial Mark) [1 CMS-initial-mark: 10183K(341376K)] 24058K(494976K), 0.0054396 secs] [Times: user=0.00 sys=0.00, real=0.00 secs] 
2022-05-10T17:29:14.475+0800: 619.336: Total time for which application threads were stopped: 0.0056620 seconds, Stopping threads took: 0.0000413 seconds
2022-05-10T17:29:14.475+0800: 619.337: [CMS-concurrent-mark-start]
2022-05-10T17:29:14.496+0800: 619.358: [CMS-concurrent-mark: 0.021/0.021 secs] [Times: user=0.06 sys=0.00, real=0.02 secs] 
2022-05-10T17:29:14.497+0800: 619.358: [CMS-concurrent-preclean-start]
2022-05-10T17:29:14.497+0800: 619.359: [CMS-concurrent-preclean: 0.001/0.001 secs] [Times: user=0.00 sys=0.00, real=0.00 secs] 
2022-05-10T17:29:14.497+0800: 619.359: [CMS-concurrent-abortable-preclean-start]
 CMS: abort preclean due to time 2022-05-10T17:29:19.536+0800: 624.397: [CMS-concurrent-abortable-preclean: 0.064/5.038 secs] [Times: user=0.00 sys=0.00, real=5.04 secs] 
2022-05-10T17:29:19.536+0800: 624.397: Application time: 5.0605078 seconds
2022-05-10T17:29:19.536+0800: 624.397: [GC (CMS Final Remark) [YG occupancy: 13875 K (153600 K)]2022-05-10T17:29:19.536+0800: 624.397: [Rescan (parallel) , 0.0037254 secs]2022-05-10T17:29:19.540+0800: 624.401: [weak refs processing, 0.0000581 secs]2022-05-10T17:29:19.540+0800: 624.401: [class unloading, 0.0043547 secs]2022-05-10T17:29:19.544+0800: 624.405: [scrub symbol table, 0.0058263 secs]2022-05-10T17:29:19.550+0800: 624.411: [scrub string table, 0.0005492 secs][1 CMS-remark: 10183K(341376K)] 24058K(494976K), 0.0146797 secs] [Times: user=0.11 sys=0.00, real=0.01 secs] 
2022-05-10T17:29:19.550+0800: 624.412: Total time for which application threads were stopped: 0.0147916 seconds, Stopping threads took: 0.0000201 seconds
2022-05-10T17:29:19.551+0800: 624.412: [CMS-concurrent-sweep-start]
2022-05-10T17:29:19.556+0800: 624.417: [CMS-concurrent-sweep: 0.006/0.006 secs] [Times: user=0.02 sys=0.00, real=0.00 secs] 
2022-05-10T17:29:19.556+0800: 624.418: [CMS-concurrent-reset-start]
2022-05-10T17:29:19.557+0800: 624.418: [CMS-concurrent-reset: 0.000/0.000 secs] [Times: user=0.00 sys=0.00, real=0.00 secs] 
2022-05-10T17:29:21.570+0800: 626.431: Application time: 2.0194898 seconds
2022-05-10T17:29:21.570+0800: 626.431: [GC (CMS Initial Mark) [1 CMS-initial-mark: 10183K(341376K)] 24058K(494976K), 0.0019458 secs] [Times: user=0.00 sys=0.00, real=0.00 secs] 
2022-05-10T17:29:21.572+0800: 626.433: Total time for which application threads were stopped: 0.0020981 seconds, Stopping threads took: 0.0000353 seconds
2022-05-10T17:29:21.572+0800: 626.433: [CMS-concurrent-mark-start]
2022-05-10T17:29:21.582+0800: 626.444: [CMS-concurrent-mark: 0.011/0.011 secs] [Times: user=0.00 sys=0.00, real=0.01 secs] 
2022-05-10T17:29:21.582+0800: 626.444: [CMS-concurrent-preclean-start]
2022-05-10T17:29:21.583+0800: 626.445: [CMS-concurrent-preclean: 0.001/0.001 secs] [Times: user=0.00 sys=0.00, real=0.00 secs] 
2022-05-10T17:29:21.583+0800: 626.445: [CMS-concurrent-abortable-preclean-start]
 CMS: abort preclean due to time 2022-05-10T17:29:26.642+0800: 631.503: [CMS-concurrent-abortable-preclean: 0.055/5.058 secs] [Times: user=0.08 sys=0.00, real=5.06 secs] 
2022-05-10T17:29:26.642+0800: 631.503: Application time: 5.0700340 seconds
2022-05-10T17:29:26.642+0800: 631.504: [GC (CMS Final Remark) [YG occupancy: 13875 K (153600 K)]2022-05-10T17:29:26.642+0800: 631.504: [Rescan (parallel) , 0.0035692 secs]2022-05-10T17:29:26.646+0800: 631.507: [weak refs processing, 0.0000396 secs]2022-05-10T17:29:26.646+0800: 631.507: [class unloading, 0.0032359 secs]2022-05-10T17:29:26.649+0800: 631.510: [scrub symbol table, 0.0044335 secs]2022-05-10T17:29:26.653+0800: 631.515: [scrub string table, 0.0003910 secs][1 CMS-remark: 10183K(341376K)] 24058K(494976K), 0.0118300 secs] [Times: user=0.02 sys=0.00, real=0.01 secs] 
2022-05-10T17:29:26.654+0800: 631.515: Total time for which application threads were stopped: 0.0119547 seconds, Stopping threads took: 0.0000327 seconds
2022-05-10T17:29:26.654+0800: 631.515: [CMS-concurrent-sweep-start]
2022-05-10T17:29:26.658+0800: 631.520: [CMS-concurrent-sweep: 0.005/0.005 secs] [Times: user=0.00 sys=0.00, real=0.00 secs] 
2022-05-10T17:29:26.658+0800: 631.520: [CMS-concurrent-reset-start]
2022-05-10T17:29:26.659+0800: 631.520: [CMS-concurrent-reset: 0.000/0.000 secs] [Times: user=0.00 sys=0.00, real=0.00 secs] 
2022-05-10T17:29:28.668+0800: 633.529: Application time: 2.0136961 seconds
2022-05-10T17:29:28.668+0800: 633.529: [GC (CMS Initial Mark) [1 CMS-initial-mark: 10183K(341376K)] 24058K(494976K), 0.0030500 secs] [Times: user=0.00 sys=0.00, real=0.00 secs] 
2022-05-10T17:29:28.671+0800: 633.532: Total time for which application threads were stopped: 0.0032039 seconds, Stopping threads took: 0.0000428 seconds
2022-05-10T17:29:28.671+0800: 633.532: [CMS-concurrent-mark-start]
2022-05-10T17:29:28.685+0800: 633.546: [CMS-concurrent-mark: 0.014/0.014 secs] [Times: user=0.03 sys=0.00, real=0.01 secs] 
2022-05-10T17:29:28.685+0800: 633.546: [CMS-concurrent-preclean-start]
2022-05-10T17:29:28.686+0800: 633.547: [CMS-concurrent-preclean: 0.001/0.001 secs] [Times: user=0.00 sys=0.00, real=0.00 secs] 
2022-05-10T17:29:28.686+0800: 633.547: [CMS-concurrent-abortable-preclean-start]
 CMS: abort preclean due to time 2022-05-10T17:29:33.703+0800: 638.564: [CMS-concurrent-abortable-preclean: 0.077/5.017 secs] [Times: user=0.01 sys=0.00, real=5.02 secs] 
2022-05-10T17:29:33.703+0800: 638.564: Application time: 5.0320869 seconds
2022-05-10T17:29:33.703+0800: 638.565: [GC (CMS Final Remark) [YG occupancy: 13875 K (153600 K)]2022-05-10T17:29:33.703+0800: 638.565: [Rescan (parallel) , 0.0154248 secs]2022-05-10T17:29:33.719+0800: 638.581: [weak refs processing, 0.0000849 secs]2022-05-10T17:29:33.720+0800: 638.581: [class unloading, 0.0068615 secs]2022-05-10T17:29:33.726+0800: 638.588: [scrub symbol table, 0.0132155 secs]2022-05-10T17:29:33.740+0800: 638.601: [scrub string table, 0.0009496 secs][1 CMS-remark: 10183K(341376K)] 24058K(494976K), 0.0373672 secs] [Times: user=0.05 sys=0.00, real=0.04 secs] 
2022-05-10T17:29:33.741+0800: 638.602: Total time for which application threads were stopped: 0.0376193 seconds, Stopping threads took: 0.0000629 seconds
2022-05-10T17:29:33.743+0800: 638.604: [CMS-concurrent-sweep-start]
2022-05-10T17:29:33.754+0800: 638.615: [CMS-concurrent-sweep: 0.011/0.011 secs] [Times: user=0.00 sys=0.00, real=0.01 secs] 
2022-05-10T17:29:33.754+0800: 638.615: [CMS-concurrent-reset-start]
2022-05-10T17:29:33.755+0800: 638.616: [CMS-concurrent-reset: 0.001/0.001 secs] [Times: user=0.00 sys=0.00, real=0.00 secs] 
2022-05-10T17:29:35.762+0800: 640.623: Application time: 2.0209788 seconds
2022-05-10T17:29:35.762+0800: 640.623: [GC (CMS Initial Mark) [1 CMS-initial-mark: 10183K(341376K)] 24058K(494976K), 0.0052196 secs] [Times: user=0.00 sys=0.00, real=0.00 secs] 
2022-05-10T17:29:35.767+0800: 640.628: Total time for which application threads were stopped: 0.0054273 seconds, Stopping threads took: 0.0000383 seconds
2022-05-10T17:29:35.767+0800: 640.628: [CMS-concurrent-mark-start]
2022-05-10T17:29:35.793+0800: 640.654: [CMS-concurrent-mark: 0.026/0.026 secs] [Times: user=0.06 sys=0.00, real=0.03 secs] 
2022-05-10T17:29:35.793+0800: 640.654: [CMS-concurrent-preclean-start]
2022-05-10T17:29:35.795+0800: 640.656: [CMS-concurrent-preclean: 0.002/0.002 secs] [Times: user=0.00 sys=0.00, real=0.00 secs] 
2022-05-10T17:29:35.795+0800: 640.656: [CMS-concurrent-abortable-preclean-start]
 CMS: abort preclean due to time 2022-05-10T17:29:40.829+0800: 645.690: [CMS-concurrent-abortable-preclean: 0.081/5.034 secs] [Times: user=0.06 sys=0.00, real=5.03 secs] 
2022-05-10T17:29:40.829+0800: 645.690: Application time: 5.0616663 seconds
2022-05-10T17:29:40.829+0800: 645.690: [GC (CMS Final Remark) [YG occupancy: 13875 K (153600 K)]2022-05-10T17:29:40.829+0800: 645.690: [Rescan (parallel) , 0.0040005 secs]2022-05-10T17:29:40.833+0800: 645.694: [weak refs processing, 0.0000414 secs]2022-05-10T17:29:40.833+0800: 645.694: [class unloading, 0.0035016 secs]2022-05-10T17:29:40.836+0800: 645.698: [scrub symbol table, 0.0059378 secs]2022-05-10T17:29:40.842+0800: 645.704: [scrub string table, 0.0004502 secs][1 CMS-remark: 10183K(341376K)] 24058K(494976K), 0.0140795 secs] [Times: user=0.02 sys=0.00, real=0.01 secs] 
2022-05-10T17:29:40.843+0800: 645.704: Total time for which application threads were stopped: 0.0141809 seconds, Stopping threads took: 0.0000236 seconds
2022-05-10T17:29:40.843+0800: 645.704: [CMS-concurrent-sweep-start]
2022-05-10T17:29:40.848+0800: 645.710: [CMS-concurrent-sweep: 0.005/0.005 secs] [Times: user=0.00 sys=0.00, real=0.01 secs] 
2022-05-10T17:29:40.848+0800: 645.710: [CMS-concurrent-reset-start]
2022-05-10T17:29:40.849+0800: 645.711: [CMS-concurrent-reset: 0.001/0.001 secs] [Times: user=0.00 sys=0.00, real=0.00 secs] 
2022-05-10T17:29:42.849+0800: 647.710: Application time: 2.0061747 seconds
2022-05-10T17:29:42.849+0800: 647.711: [GC (CMS Initial Mark) [1 CMS-initial-mark: 10183K(341376K)] 24058K(494976K), 0.0036977 secs] [Times: user=0.02 sys=0.00, real=0.00 secs] 
2022-05-10T17:29:42.853+0800: 647.714: Total time for which application threads were stopped: 0.0039141 seconds, Stopping threads took: 0.0000390 seconds
2022-05-10T17:29:42.853+0800: 647.714: [CMS-concurrent-mark-start]
2022-05-10T17:29:42.873+0800: 647.735: [CMS-concurrent-mark: 0.020/0.020 secs] [Times: user=0.03 sys=0.00, real=0.02 secs] 
2022-05-10T17:29:42.873+0800: 647.735: [CMS-concurrent-preclean-start]
2022-05-10T17:29:42.875+0800: 647.737: [CMS-concurrent-preclean: 0.002/0.002 secs] [Times: user=0.00 sys=0.00, real=0.00 secs] 
2022-05-10T17:29:42.875+0800: 647.737: [CMS-concurrent-abortable-preclean-start]
 CMS: abort preclean due to time 2022-05-10T17:29:47.944+0800: 652.805: [CMS-concurrent-abortable-preclean: 0.056/5.069 secs] [Times: user=0.01 sys=0.00, real=5.07 secs] 
2022-05-10T17:29:47.951+0800: 652.812: Application time: 5.0975200 seconds
2022-05-10T17:29:47.951+0800: 652.812: [GC (CMS Final Remark) [YG occupancy: 13875 K (153600 K)]2022-05-10T17:29:47.951+0800: 652.812: [Rescan (parallel) , 0.0041610 secs]2022-05-10T17:29:47.955+0800: 652.816: [weak refs processing, 0.0000674 secs]2022-05-10T17:29:47.955+0800: 652.816: [class unloading, 0.0040542 secs]2022-05-10T17:29:47.959+0800: 652.820: [scrub symbol table, 0.0092155 secs]2022-05-10T17:29:47.968+0800: 652.830: [scrub string table, 0.0006936 secs][1 CMS-remark: 10183K(341376K)] 24058K(494976K), 0.0184199 secs] [Times: user=0.02 sys=0.00, real=0.02 secs] 
2022-05-10T17:29:47.969+0800: 652.830: Total time for which application threads were stopped: 0.0185801 seconds, Stopping threads took: 0.0000368 seconds
2022-05-10T17:29:47.969+0800: 652.831: [CMS-concurrent-sweep-start]
2022-05-10T17:29:47.976+0800: 652.838: [CMS-concurrent-sweep: 0.008/0.008 secs] [Times: user=0.02 sys=0.00, real=0.01 secs] 
2022-05-10T17:29:47.977+0800: 652.838: [CMS-concurrent-reset-start]
2022-05-10T17:29:47.977+0800: 652.839: [CMS-concurrent-reset: 0.001/0.001 secs] [Times: user=0.00 sys=0.00, real=0.00 secs] 
2022-05-10T17:29:49.983+0800: 654.844: Application time: 2.0131738 seconds
2022-05-10T17:29:49.983+0800: 654.844: [GC (CMS Initial Mark) [1 CMS-initial-mark: 10183K(341376K)] 24058K(494976K), 0.0035320 secs] [Times: user=0.00 sys=0.00, real=0.00 secs] 
2022-05-10T17:29:49.986+0800: 654.847: Total time for which application threads were stopped: 0.0037254 seconds, Stopping threads took: 0.0000430 seconds
2022-05-10T17:29:49.986+0800: 654.847: [CMS-concurrent-mark-start]
2022-05-10T17:29:50.003+0800: 654.864: [CMS-concurrent-mark: 0.017/0.017 secs] [Times: user=0.03 sys=0.00, real=0.02 secs] 
2022-05-10T17:29:50.003+0800: 654.865: [CMS-concurrent-preclean-start]
2022-05-10T17:29:50.004+0800: 654.866: [CMS-concurrent-preclean: 0.001/0.001 secs] [Times: user=0.00 sys=0.00, real=0.00 secs] 
2022-05-10T17:29:50.004+0800: 654.866: [CMS-concurrent-abortable-preclean-start]
 CMS: abort preclean due to time 2022-05-10T17:29:55.056+0800: 659.917: [CMS-concurrent-abortable-preclean: 0.082/5.051 secs] [Times: user=0.03 sys=0.00, real=5.05 secs] 
2022-05-10T17:29:55.056+0800: 659.917: Application time: 5.0698292 seconds
2022-05-10T17:29:55.056+0800: 659.917: [GC (CMS Final Remark) [YG occupancy: 13875 K (153600 K)]2022-05-10T17:29:55.056+0800: 659.917: [Rescan (parallel) , 0.0056718 secs]2022-05-10T17:29:55.062+0800: 659.923: [weak refs processing, 0.0000898 secs]2022-05-10T17:29:55.062+0800: 659.923: [class unloading, 0.0068194 secs]2022-05-10T17:29:55.069+0800: 659.930: [scrub symbol table, 0.0113209 secs]2022-05-10T17:29:55.080+0800: 659.941: [scrub string table, 0.0009060 secs][1 CMS-remark: 10183K(341376K)] 24058K(494976K), 0.0250557 secs] [Times: user=0.02 sys=0.00, real=0.03 secs] 
2022-05-10T17:29:55.081+0800: 659.942: Total time for which application threads were stopped: 0.0252373 seconds, Stopping threads took: 0.0000432 seconds
2022-05-10T17:29:55.082+0800: 659.943: [CMS-concurrent-sweep-start]
2022-05-10T17:29:55.108+0800: 659.970: [CMS-concurrent-sweep: 0.026/0.026 secs] [Times: user=0.01 sys=0.00, real=0.03 secs] 
2022-05-10T17:29:55.108+0800: 659.970: [CMS-concurrent-reset-start]
2022-05-10T17:29:55.109+0800: 659.970: [CMS-concurrent-reset: 0.001/0.001 secs] [Times: user=0.00 sys=0.00, real=0.00 secs] 
2022-05-10T17:29:57.124+0800: 661.985: Application time: 2.0420752 seconds
2022-05-10T17:29:57.124+0800: 661.985: [GC (CMS Initial Mark) [1 CMS-initial-mark: 10183K(341376K)] 24058K(494976K), 0.0049722 secs] [Times: user=0.00 sys=0.00, real=0.00 secs] 
2022-05-10T17:29:57.128+0800: 661.990: Total time for which application threads were stopped: 0.0051949 seconds, Stopping threads took: 0.0000483 seconds
2022-05-10T17:29:57.128+0800: 661.990: [CMS-concurrent-mark-start]
2022-05-10T17:29:57.153+0800: 662.014: [CMS-concurrent-mark: 0.024/0.024 secs] [Times: user=0.05 sys=0.00, real=0.03 secs] 
2022-05-10T17:29:57.153+0800: 662.014: [CMS-concurrent-preclean-start]
2022-05-10T17:29:57.154+0800: 662.016: [CMS-concurrent-preclean: 0.002/0.002 secs] [Times: user=0.00 sys=0.00, real=0.00 secs] 
2022-05-10T17:29:57.155+0800: 662.016: [CMS-concurrent-abortable-preclean-start]
 CMS: abort preclean due to time 2022-05-10T17:30:02.245+0800: 667.106: [CMS-concurrent-abortable-preclean: 0.085/5.090 secs] [Times: user=0.11 sys=0.00, real=5.09 secs] 
2022-05-10T17:30:02.245+0800: 667.106: Application time: 5.1164829 seconds
2022-05-10T17:30:02.245+0800: 667.106: [GC (CMS Final Remark) [YG occupancy: 13875 K (153600 K)]2022-05-10T17:30:02.245+0800: 667.106: [Rescan (parallel) , 0.0053535 secs]2022-05-10T17:30:02.251+0800: 667.112: [weak refs processing, 0.0000771 secs]2022-05-10T17:30:02.251+0800: 667.112: [class unloading, 0.0048182 secs]2022-05-10T17:30:02.255+0800: 667.117: [scrub symbol table, 0.0081281 secs]2022-05-10T17:30:02.263+0800: 667.125: [scrub string table, 0.0005476 secs][1 CMS-remark: 10183K(341376K)] 24058K(494976K), 0.0191317 secs] [Times: user=0.02 sys=0.00, real=0.02 secs] 
2022-05-10T17:30:02.264+0800: 667.126: Total time for which application threads were stopped: 0.0192893 seconds, Stopping threads took: 0.0000387 seconds
2022-05-10T17:30:02.264+0800: 667.126: [CMS-concurrent-sweep-start]
2022-05-10T17:30:02.270+0800: 667.132: [CMS-concurrent-sweep: 0.006/0.006 secs] [Times: user=0.00 sys=0.00, real=0.01 secs] 
2022-05-10T17:30:02.270+0800: 667.132: [CMS-concurrent-reset-start]
2022-05-10T17:30:02.271+0800: 667.132: [CMS-concurrent-reset: 0.000/0.000 secs] [Times: user=0.00 sys=0.00, real=0.00 secs] 
2022-05-10T17:30:04.280+0800: 669.141: Application time: 2.0158773 seconds
2022-05-10T17:30:04.280+0800: 669.142: [GC (CMS Initial Mark) [1 CMS-initial-mark: 10183K(341376K)] 24058K(494976K), 0.0059306 secs] [Times: user=0.00 sys=0.00, real=0.01 secs] 
2022-05-10T17:30:04.286+0800: 669.148: Total time for which application threads were stopped: 0.0062331 seconds, Stopping threads took: 0.0000518 seconds
2022-05-10T17:30:04.286+0800: 669.148: [CMS-concurrent-mark-start]
2022-05-10T17:30:04.313+0800: 669.174: [CMS-concurrent-mark: 0.027/0.027 secs] [Times: user=0.06 sys=0.00, real=0.03 secs] 
2022-05-10T17:30:04.313+0800: 669.175: [CMS-concurrent-preclean-start]
2022-05-10T17:30:04.315+0800: 669.176: [CMS-concurrent-preclean: 0.002/0.002 secs] [Times: user=0.00 sys=0.00, real=0.00 secs] 
2022-05-10T17:30:04.315+0800: 669.177: [CMS-concurrent-abortable-preclean-start]
 CMS: abort preclean due to time 2022-05-10T17:30:09.377+0800: 674.238: [CMS-concurrent-abortable-preclean: 0.080/5.061 secs] [Times: user=0.14 sys=0.00, real=5.06 secs] 
2022-05-10T17:30:09.377+0800: 674.238: Application time: 5.0901239 seconds
2022-05-10T17:30:09.377+0800: 674.238: [GC (CMS Final Remark) [YG occupancy: 13875 K (153600 K)]2022-05-10T17:30:09.377+0800: 674.238: [Rescan (parallel) , 0.0041081 secs]2022-05-10T17:30:09.381+0800: 674.242: [weak refs processing, 0.0000380 secs]2022-05-10T17:30:09.381+0800: 674.242: [class unloading, 0.0031697 secs]2022-05-10T17:30:09.384+0800: 674.245: [scrub symbol table, 0.0058042 secs]2022-05-10T17:30:09.389+0800: 674.251: [scrub string table, 0.0004124 secs][1 CMS-remark: 10183K(341376K)] 24058K(494976K), 0.0136580 secs] [Times: user=0.02 sys=0.00, real=0.01 secs] 
2022-05-10T17:30:09.390+0800: 674.252: Total time for which application threads were stopped: 0.0137721 seconds, Stopping threads took: 0.0000266 seconds
2022-05-10T17:30:09.391+0800: 674.252: [CMS-concurrent-sweep-start]
2022-05-10T17:30:09.395+0800: 674.256: [CMS-concurrent-sweep: 0.004/0.004 secs] [Times: user=0.00 sys=0.00, real=0.00 secs] 
2022-05-10T17:30:09.395+0800: 674.256: [CMS-concurrent-reset-start]
2022-05-10T17:30:09.395+0800: 674.257: [CMS-concurrent-reset: 0.001/0.001 secs] [Times: user=0.00 sys=0.00, real=0.00 secs] 
2022-05-10T17:30:11.403+0800: 676.264: Application time: 2.0128579 seconds
2022-05-10T17:30:11.403+0800: 676.265: [GC (CMS Initial Mark) [1 CMS-initial-mark: 10183K(341376K)] 24058K(494976K), 0.0028044 secs] [Times: user=0.00 sys=0.00, real=0.00 secs] 
2022-05-10T17:30:11.406+0800: 676.267: Total time for which application threads were stopped: 0.0029504 seconds, Stopping threads took: 0.0000361 seconds
2022-05-10T17:30:11.406+0800: 676.267: [CMS-concurrent-mark-start]
2022-05-10T17:30:11.417+0800: 676.278: [CMS-concurrent-mark: 0.011/0.011 secs] [Times: user=0.02 sys=0.00, real=0.01 secs] 
2022-05-10T17:30:11.417+0800: 676.278: [CMS-concurrent-preclean-start]
2022-05-10T17:30:11.418+0800: 676.279: [CMS-concurrent-preclean: 0.001/0.001 secs] [Times: user=0.00 sys=0.00, real=0.00 secs] 
2022-05-10T17:30:11.418+0800: 676.279: [CMS-concurrent-abortable-preclean-start]
 CMS: abort preclean due to time 2022-05-10T17:30:16.478+0800: 681.340: [CMS-concurrent-abortable-preclean: 0.051/5.060 secs] [Times: user=0.03 sys=0.00, real=5.06 secs] 
2022-05-10T17:30:16.478+0800: 681.340: Application time: 5.0724474 seconds
2022-05-10T17:30:16.478+0800: 681.340: [GC (CMS Final Remark) [YG occupancy: 13875 K (153600 K)]2022-05-10T17:30:16.478+0800: 681.340: [Rescan (parallel) , 0.0047045 secs]2022-05-10T17:30:16.483+0800: 681.345: [weak refs processing, 0.0000454 secs]2022-05-10T17:30:16.483+0800: 681.345: [class unloading, 0.0043418 secs]2022-05-10T17:30:16.487+0800: 681.349: [scrub symbol table, 0.0066873 secs]2022-05-10T17:30:16.494+0800: 681.356: [scrub string table, 0.0003846 secs][1 CMS-remark: 10183K(341376K)] 24058K(494976K), 0.0163141 secs] [Times: user=0.02 sys=0.00, real=0.02 secs] 
2022-05-10T17:30:16.495+0800: 681.356: Total time for which application threads were stopped: 0.0164257 seconds, Stopping threads took: 0.0000267 seconds
2022-05-10T17:30:16.495+0800: 681.356: [CMS-concurrent-sweep-start]
2022-05-10T17:30:16.500+0800: 681.361: [CMS-concurrent-sweep: 0.005/0.005 secs] [Times: user=0.00 sys=0.00, real=0.01 secs] 
2022-05-10T17:30:16.500+0800: 681.361: [CMS-concurrent-reset-start]
2022-05-10T17:30:16.501+0800: 681.362: [CMS-concurrent-reset: 0.000/0.000 secs] [Times: user=0.00 sys=0.00, real=0.00 secs] 
2022-05-10T17:30:18.514+0800: 683.375: Application time: 2.0187699 seconds
2022-05-10T17:30:18.514+0800: 683.375: [GC (CMS Initial Mark) [1 CMS-initial-mark: 10183K(341376K)] 24058K(494976K), 0.0027717 secs] [Times: user=0.00 sys=0.00, real=0.00 secs] 
2022-05-10T17:30:18.517+0800: 683.378: Total time for which application threads were stopped: 0.0029267 seconds, Stopping threads took: 0.0000374 seconds
2022-05-10T17:30:18.517+0800: 683.378: [CMS-concurrent-mark-start]
2022-05-10T17:30:18.528+0800: 683.389: [CMS-concurrent-mark: 0.011/0.011 secs] [Times: user=0.03 sys=0.00, real=0.01 secs] 
2022-05-10T17:30:18.528+0800: 683.389: [CMS-concurrent-preclean-start]
2022-05-10T17:30:18.529+0800: 683.390: [CMS-concurrent-preclean: 0.001/0.001 secs] [Times: user=0.00 sys=0.00, real=0.00 secs] 
2022-05-10T17:30:18.529+0800: 683.390: [CMS-concurrent-abortable-preclean-start]
 CMS: abort preclean due to time 2022-05-10T17:30:23.581+0800: 688.442: [CMS-concurrent-abortable-preclean: 0.075/5.052 secs] [Times: user=0.01 sys=0.00, real=5.05 secs] 
2022-05-10T17:30:23.581+0800: 688.442: Application time: 5.0640137 seconds
2022-05-10T17:30:23.581+0800: 688.442: [GC (CMS Final Remark) [YG occupancy: 13875 K (153600 K)]2022-05-10T17:30:23.581+0800: 688.442: [Rescan (parallel) , 0.0101302 secs]2022-05-10T17:30:23.591+0800: 688.452: [weak refs processing, 0.0000786 secs]2022-05-10T17:30:23.591+0800: 688.452: [class unloading, 0.0068480 secs]2022-05-10T17:30:23.598+0800: 688.459: [scrub symbol table, 0.0110853 secs]2022-05-10T17:30:23.609+0800: 688.470: [scrub string table, 0.0008912 secs][1 CMS-remark: 10183K(341376K)] 24058K(494976K), 0.0293194 secs] [Times: user=0.03 sys=0.00, real=0.03 secs] 
2022-05-10T17:30:23.610+0800: 688.471: Total time for which application threads were stopped: 0.0295020 seconds, Stopping threads took: 0.0000392 seconds
2022-05-10T17:30:23.668+0800: 688.529: [CMS-concurrent-sweep-start]
2022-05-10T17:30:23.678+0800: 688.540: [CMS-concurrent-sweep: 0.011/0.011 secs] [Times: user=0.00 sys=0.00, real=0.01 secs] 
2022-05-10T17:30:23.678+0800: 688.540: [CMS-concurrent-reset-start]
2022-05-10T17:30:23.679+0800: 688.540: [CMS-concurrent-reset: 0.001/0.001 secs] [Times: user=0.00 sys=0.00, real=0.00 secs] 
2022-05-10T17:30:25.692+0800: 690.553: Application time: 2.0815088 seconds
2022-05-10T17:30:25.692+0800: 690.553: [GC (CMS Initial Mark) [1 CMS-initial-mark: 10183K(341376K)] 24058K(494976K), 0.0261698 secs] [Times: user=0.02 sys=0.00, real=0.03 secs] 
2022-05-10T17:30:25.718+0800: 690.579: Total time for which application threads were stopped: 0.0263961 seconds, Stopping threads took: 0.0000407 seconds
2022-05-10T17:30:25.718+0800: 690.579: [CMS-concurrent-mark-start]
2022-05-10T17:30:25.743+0800: 690.604: [CMS-concurrent-mark: 0.025/0.025 secs] [Times: user=0.05 sys=0.00, real=0.03 secs] 
2022-05-10T17:30:25.743+0800: 690.604: [CMS-concurrent-preclean-start]
2022-05-10T17:30:25.744+0800: 690.606: [CMS-concurrent-preclean: 0.002/0.002 secs] [Times: user=0.00 sys=0.00, real=0.00 secs] 
2022-05-10T17:30:25.744+0800: 690.606: [CMS-concurrent-abortable-preclean-start]
 CMS: abort preclean due to time 2022-05-10T17:30:30.802+0800: 695.663: [CMS-concurrent-abortable-preclean: 0.096/5.057 secs] [Times: user=0.05 sys=0.02, real=5.06 secs] 
2022-05-10T17:30:30.802+0800: 695.663: Application time: 5.0838084 seconds
2022-05-10T17:30:30.802+0800: 695.663: [GC (CMS Final Remark) [YG occupancy: 13875 K (153600 K)]2022-05-10T17:30:30.802+0800: 695.663: [Rescan (parallel) , 0.0062714 secs]2022-05-10T17:30:30.809+0800: 695.670: [weak refs processing, 0.0000810 secs]2022-05-10T17:30:30.809+0800: 695.670: [class unloading, 0.0042872 secs]2022-05-10T17:30:30.813+0800: 695.674: [scrub symbol table, 0.0099679 secs]2022-05-10T17:30:30.823+0800: 695.684: [scrub string table, 0.0008970 secs][1 CMS-remark: 10183K(341376K)] 24058K(494976K), 0.0217198 secs] [Times: user=0.08 sys=0.00, real=0.02 secs] 
2022-05-10T17:30:30.824+0800: 695.685: Total time for which application threads were stopped: 0.0218784 seconds, Stopping threads took: 0.0000339 seconds
2022-05-10T17:30:30.824+0800: 695.685: [CMS-concurrent-sweep-start]
2022-05-10T17:30:30.834+0800: 695.695: [CMS-concurrent-sweep: 0.010/0.010 secs] [Times: user=0.00 sys=0.00, real=0.01 secs] 
2022-05-10T17:30:30.834+0800: 695.695: [CMS-concurrent-reset-start]
2022-05-10T17:30:30.835+0800: 695.696: [CMS-concurrent-reset: 0.001/0.001 secs] [Times: user=0.00 sys=0.00, real=0.00 secs] 
2022-05-10T17:30:32.837+0800: 697.698: Application time: 2.0133611 seconds
2022-05-10T17:30:32.838+0800: 697.699: [GC (CMS Initial Mark) [1 CMS-initial-mark: 10183K(341376K)] 24058K(494976K), 0.0039794 secs] [Times: user=0.00 sys=0.00, real=0.00 secs] 
2022-05-10T17:30:32.841+0800: 697.703: Total time for which application threads were stopped: 0.0041502 seconds, Stopping threads took: 0.0000403 seconds
2022-05-10T17:30:32.842+0800: 697.703: [CMS-concurrent-mark-start]
2022-05-10T17:30:32.861+0800: 697.722: [CMS-concurrent-mark: 0.019/0.019 secs] [Times: user=0.03 sys=0.00, real=0.02 secs] 
2022-05-10T17:30:32.861+0800: 697.722: [CMS-concurrent-preclean-start]
2022-05-10T17:30:32.862+0800: 697.724: [CMS-concurrent-preclean: 0.002/0.002 secs] [Times: user=0.00 sys=0.00, real=0.00 secs] 
2022-05-10T17:30:32.863+0800: 697.724: [CMS-concurrent-abortable-preclean-start]
 CMS: abort preclean due to time 2022-05-10T17:30:37.915+0800: 702.777: [CMS-concurrent-abortable-preclean: 0.135/5.053 secs] [Times: user=0.13 sys=0.00, real=5.05 secs] 
2022-05-10T17:30:37.915+0800: 702.777: Application time: 5.0744241 seconds
2022-05-10T17:30:37.915+0800: 702.777: [GC (CMS Final Remark) [YG occupancy: 13875 K (153600 K)]2022-05-10T17:30:37.915+0800: 702.777: [Rescan (parallel) , 0.0057649 secs]2022-05-10T17:30:37.922+0800: 702.783: [weak refs processing, 0.0000763 secs]2022-05-10T17:30:37.922+0800: 702.783: [class unloading, 0.0046182 secs]2022-05-10T17:30:37.926+0800: 702.788: [scrub symbol table, 0.0080919 secs]2022-05-10T17:30:37.934+0800: 702.796: [scrub string table, 0.0005552 secs][1 CMS-remark: 10183K(341376K)] 24058K(494976K), 0.0193019 secs] [Times: user=0.02 sys=0.00, real=0.02 secs] 
2022-05-10T17:30:37.935+0800: 702.797: Total time for which application threads were stopped: 0.0194644 seconds, Stopping threads took: 0.0000419 seconds
2022-05-10T17:30:37.936+0800: 702.797: [CMS-concurrent-sweep-start]
2022-05-10T17:30:37.941+0800: 702.802: [CMS-concurrent-sweep: 0.006/0.006 secs] [Times: user=0.00 sys=0.00, real=0.00 secs] 
2022-05-10T17:30:37.941+0800: 702.803: [CMS-concurrent-reset-start]
2022-05-10T17:30:37.942+0800: 702.803: [CMS-concurrent-reset: 0.000/0.000 secs] [Times: user=0.00 sys=0.00, real=0.00 secs] 
2022-05-10T17:30:39.943+0800: 704.804: Application time: 2.0076387 seconds
2022-05-10T17:30:39.943+0800: 704.804: [GC (CMS Initial Mark) [1 CMS-initial-mark: 10183K(341376K)] 24058K(494976K), 0.0033371 secs] [Times: user=0.02 sys=0.00, real=0.00 secs] 
2022-05-10T17:30:39.946+0800: 704.808: Total time for which application threads were stopped: 0.0035381 seconds, Stopping threads took: 0.0000728 seconds
2022-05-10T17:30:39.946+0800: 704.808: [CMS-concurrent-mark-start]
2022-05-10T17:30:39.959+0800: 704.820: [CMS-concurrent-mark: 0.013/0.013 secs] [Times: user=0.00 sys=0.00, real=0.01 secs] 
2022-05-10T17:30:39.959+0800: 704.820: [CMS-concurrent-preclean-start]
2022-05-10T17:30:39.960+0800: 704.822: [CMS-concurrent-preclean: 0.001/0.001 secs] [Times: user=0.00 sys=0.00, real=0.00 secs] 
2022-05-10T17:30:39.960+0800: 704.822: [CMS-concurrent-abortable-preclean-start]
 CMS: abort preclean due to time 2022-05-10T17:30:45.053+0800: 709.914: [CMS-concurrent-abortable-preclean: 0.098/5.093 secs] [Times: user=0.17 sys=0.00, real=5.09 secs] 
2022-05-10T17:30:45.053+0800: 709.914: Application time: 5.1066651 seconds
2022-05-10T17:30:45.053+0800: 709.914: [GC (CMS Final Remark) [YG occupancy: 13875 K (153600 K)]2022-05-10T17:30:45.053+0800: 709.915: [Rescan (parallel) , 0.0054712 secs]2022-05-10T17:30:45.059+0800: 709.920: [weak refs processing, 0.0000720 secs]2022-05-10T17:30:45.059+0800: 709.920: [class unloading, 0.0060135 secs]2022-05-10T17:30:45.065+0800: 709.926: [scrub symbol table, 0.0106488 secs]2022-05-10T17:30:45.076+0800: 709.937: [scrub string table, 0.0007668 secs][1 CMS-remark: 10183K(341376K)] 24058K(494976K), 0.0232125 secs] [Times: user=0.08 sys=0.00, real=0.02 secs] 
2022-05-10T17:30:45.077+0800: 709.938: Total time for which application threads were stopped: 0.0233625 seconds, Stopping threads took: 0.0000368 seconds
2022-05-10T17:30:45.077+0800: 709.938: [CMS-concurrent-sweep-start]
2022-05-10T17:30:45.084+0800: 709.945: [CMS-concurrent-sweep: 0.007/0.007 secs] [Times: user=0.00 sys=0.00, real=0.01 secs] 
2022-05-10T17:30:45.084+0800: 709.945: [CMS-concurrent-reset-start]
2022-05-10T17:30:45.085+0800: 709.946: [CMS-concurrent-reset: 0.000/0.000 secs] [Times: user=0.00 sys=0.00, real=0.00 secs] 
2022-05-10T17:30:47.096+0800: 711.957: Application time: 2.0193627 seconds
2022-05-10T17:30:47.096+0800: 711.957: [GC (CMS Initial Mark) [1 CMS-initial-mark: 10183K(341376K)] 24058K(494976K), 0.0058307 secs] [Times: user=0.02 sys=0.00, real=0.01 secs] 
2022-05-10T17:30:47.102+0800: 711.963: Total time for which application threads were stopped: 0.0060390 seconds, Stopping threads took: 0.0000371 seconds
2022-05-10T17:30:47.102+0800: 711.963: [CMS-concurrent-mark-start]
2022-05-10T17:30:47.127+0800: 711.988: [CMS-concurrent-mark: 0.025/0.025 secs] [Times: user=0.03 sys=0.00, real=0.03 secs] 
2022-05-10T17:30:47.127+0800: 711.988: [CMS-concurrent-preclean-start]
2022-05-10T17:30:47.129+0800: 711.990: [CMS-concurrent-preclean: 0.002/0.002 secs] [Times: user=0.00 sys=0.00, real=0.00 secs] 
2022-05-10T17:30:47.129+0800: 711.990: [CMS-concurrent-abortable-preclean-start]
 CMS: abort preclean due to time 2022-05-10T17:30:52.224+0800: 717.086: [CMS-concurrent-abortable-preclean: 0.129/5.096 secs] [Times: user=0.09 sys=0.00, real=5.10 secs] 
2022-05-10T17:30:52.225+0800: 717.086: Application time: 5.1231554 seconds
2022-05-10T17:30:52.225+0800: 717.086: [GC (CMS Final Remark) [YG occupancy: 13875 K (153600 K)]2022-05-10T17:30:52.225+0800: 717.086: [Rescan (parallel) , 0.0094670 secs]2022-05-10T17:30:52.235+0800: 717.096: [weak refs processing, 0.0000831 secs]2022-05-10T17:30:52.235+0800: 717.096: [class unloading, 0.0065649 secs]2022-05-10T17:30:52.241+0800: 717.103: [scrub symbol table, 0.0129608 secs]2022-05-10T17:30:52.254+0800: 717.116: [scrub string table, 0.0009452 secs][1 CMS-remark: 10183K(341376K)] 24058K(494976K), 0.0303150 secs] [Times: user=0.03 sys=0.00, real=0.03 secs] 
2022-05-10T17:30:52.256+0800: 717.117: Total time for which application threads were stopped: 0.0305162 seconds, Stopping threads took: 0.0000441 seconds
2022-05-10T17:30:52.256+0800: 717.117: [CMS-concurrent-sweep-start]
2022-05-10T17:30:52.266+0800: 717.128: [CMS-concurrent-sweep: 0.010/0.010 secs] [Times: user=0.01 sys=0.00, real=0.01 secs] 
2022-05-10T17:30:52.266+0800: 717.128: [CMS-concurrent-reset-start]
2022-05-10T17:30:52.267+0800: 717.128: [CMS-concurrent-reset: 0.001/0.001 secs] [Times: user=0.00 sys=0.00, real=0.00 secs] 
2022-05-10T17:30:54.267+0800: 719.128: Application time: 2.0109801 seconds
2022-05-10T17:30:54.267+0800: 719.128: [GC (CMS Initial Mark) [1 CMS-initial-mark: 10183K(341376K)] 24058K(494976K), 0.0044884 secs] [Times: user=0.00 sys=0.00, real=0.00 secs] 
2022-05-10T17:30:54.271+0800: 719.132: Total time for which application threads were stopped: 0.0046190 seconds, Stopping threads took: 0.0000298 seconds
2022-05-10T17:30:54.271+0800: 719.133: [CMS-concurrent-mark-start]
2022-05-10T17:30:54.284+0800: 719.145: [CMS-concurrent-mark: 0.012/0.012 secs] [Times: user=0.03 sys=0.00, real=0.01 secs] 
2022-05-10T17:30:54.284+0800: 719.145: [CMS-concurrent-preclean-start]
2022-05-10T17:30:54.285+0800: 719.146: [CMS-concurrent-preclean: 0.001/0.001 secs] [Times: user=0.00 sys=0.00, real=0.00 secs] 
2022-05-10T17:30:54.285+0800: 719.146: [CMS-concurrent-abortable-preclean-start]
 CMS: abort preclean due to time 2022-05-10T17:30:59.361+0800: 724.223: [CMS-concurrent-abortable-preclean: 0.080/5.077 secs] [Times: user=0.09 sys=0.00, real=5.08 secs] 
2022-05-10T17:30:59.361+0800: 724.223: Application time: 5.0903066 seconds
2022-05-10T17:30:59.362+0800: 724.223: [GC (CMS Final Remark) [YG occupancy: 13875 K (153600 K)]2022-05-10T17:30:59.362+0800: 724.223: [Rescan (parallel) , 0.0060892 secs]2022-05-10T17:30:59.368+0800: 724.229: [weak refs processing, 0.0000729 secs]2022-05-10T17:30:59.368+0800: 724.229: [class unloading, 0.0064654 secs]2022-05-10T17:30:59.374+0800: 724.236: [scrub symbol table, 0.0109935 secs]2022-05-10T17:30:59.385+0800: 724.247: [scrub string table, 0.0008710 secs][1 CMS-remark: 10183K(341376K)] 24058K(494976K), 0.0247616 secs] [Times: user=0.08 sys=0.00, real=0.02 secs] 
2022-05-10T17:30:59.386+0800: 724.248: Total time for which application threads were stopped: 0.0249730 seconds, Stopping threads took: 0.0000514 seconds
2022-05-10T17:30:59.387+0800: 724.248: [CMS-concurrent-sweep-start]
2022-05-10T17:30:59.394+0800: 724.256: [CMS-concurrent-sweep: 0.008/0.008 secs] [Times: user=0.00 sys=0.00, real=0.01 secs] 
2022-05-10T17:30:59.394+0800: 724.256: [CMS-concurrent-reset-start]
2022-05-10T17:30:59.395+0800: 724.256: [CMS-concurrent-reset: 0.001/0.001 secs] [Times: user=0.00 sys=0.00, real=0.00 secs] 
2022-05-10T17:31:01.410+0800: 726.271: Application time: 2.0237019 seconds
2022-05-10T17:31:01.410+0800: 726.272: [GC (CMS Initial Mark) [1 CMS-initial-mark: 10183K(341376K)] 24058K(494976K), 0.0061152 secs] [Times: user=0.02 sys=0.00, real=0.01 secs] 
2022-05-10T17:31:01.416+0800: 726.278: Total time for which application threads were stopped: 0.0063460 seconds, Stopping threads took: 0.0000443 seconds
2022-05-10T17:31:01.416+0800: 726.278: [CMS-concurrent-mark-start]
2022-05-10T17:31:01.443+0800: 726.304: [CMS-concurrent-mark: 0.026/0.026 secs] [Times: user=0.03 sys=0.00, real=0.03 secs] 
2022-05-10T17:31:01.443+0800: 726.304: [CMS-concurrent-preclean-start]
2022-05-10T17:31:01.445+0800: 726.306: [CMS-concurrent-preclean: 0.002/0.002 secs] [Times: user=0.00 sys=0.00, real=0.00 secs] 
2022-05-10T17:31:01.445+0800: 726.306: [CMS-concurrent-abortable-preclean-start]
 CMS: abort preclean due to time 2022-05-10T17:31:06.492+0800: 731.354: [CMS-concurrent-abortable-preclean: 0.088/5.048 secs] [Times: user=0.03 sys=0.00, real=5.05 secs] 
2022-05-10T17:31:06.492+0800: 731.354: Application time: 5.0759657 seconds
2022-05-10T17:31:06.492+0800: 731.354: [GC (CMS Final Remark) [YG occupancy: 13875 K (153600 K)]2022-05-10T17:31:06.492+0800: 731.354: [Rescan (parallel) , 0.0044056 secs]2022-05-10T17:31:06.497+0800: 731.358: [weak refs processing, 0.0000369 secs]2022-05-10T17:31:06.497+0800: 731.358: [class unloading, 0.0031780 secs]2022-05-10T17:31:06.500+0800: 731.362: [scrub symbol table, 0.0047653 secs]2022-05-10T17:31:06.504+0800: 731.366: [scrub string table, 0.0003831 secs][1 CMS-remark: 10183K(341376K)] 24058K(494976K), 0.0128954 secs] [Times: user=0.00 sys=0.00, real=0.01 secs] 
2022-05-10T17:31:06.505+0800: 731.367: Total time for which application threads were stopped: 0.0130080 seconds, Stopping threads took: 0.0000281 seconds
2022-05-10T17:31:06.506+0800: 731.367: [CMS-concurrent-sweep-start]
2022-05-10T17:31:06.509+0800: 731.371: [CMS-concurrent-sweep: 0.004/0.004 secs] [Times: user=0.02 sys=0.00, real=0.00 secs] 
2022-05-10T17:31:06.510+0800: 731.371: [CMS-concurrent-reset-start]
2022-05-10T17:31:06.510+0800: 731.372: [CMS-concurrent-reset: 0.000/0.000 secs] [Times: user=0.00 sys=0.00, real=0.00 secs] 
2022-05-10T17:31:08.511+0800: 733.372: Application time: 2.0055848 seconds
2022-05-10T17:31:08.511+0800: 733.372: [GC (CMS Initial Mark) [1 CMS-initial-mark: 10183K(341376K)] 24058K(494976K), 0.0037289 secs] [Times: user=0.00 sys=0.00, real=0.00 secs] 
2022-05-10T17:31:08.515+0800: 733.376: Total time for which application threads were stopped: 0.0038874 seconds, Stopping threads took: 0.0000346 seconds
2022-05-10T17:31:08.515+0800: 733.376: [CMS-concurrent-mark-start]
2022-05-10T17:31:08.526+0800: 733.388: [CMS-concurrent-mark: 0.012/0.012 secs] [Times: user=0.03 sys=0.00, real=0.01 secs] 
2022-05-10T17:31:08.526+0800: 733.388: [CMS-concurrent-preclean-start]
2022-05-10T17:31:08.527+0800: 733.389: [CMS-concurrent-preclean: 0.001/0.001 secs] [Times: user=0.00 sys=0.00, real=0.00 secs] 
2022-05-10T17:31:08.527+0800: 733.389: [CMS-concurrent-abortable-preclean-start]
 CMS: abort preclean due to time 2022-05-10T17:31:13.598+0800: 738.460: [CMS-concurrent-abortable-preclean: 0.123/5.071 secs] [Times: user=0.13 sys=0.00, real=5.07 secs] 
2022-05-10T17:31:13.599+0800: 738.460: Application time: 5.0839434 seconds
2022-05-10T17:31:13.599+0800: 738.460: [GC (CMS Final Remark) [YG occupancy: 13875 K (153600 K)]2022-05-10T17:31:13.599+0800: 738.460: [Rescan (parallel) , 0.0062603 secs]2022-05-10T17:31:13.606+0800: 738.467: [weak refs processing, 0.0000819 secs]2022-05-10T17:31:13.606+0800: 738.467: [class unloading, 0.0057199 secs]2022-05-10T17:31:13.611+0800: 738.472: [scrub symbol table, 0.0097890 secs]2022-05-10T17:31:13.620+0800: 738.482: [scrub string table, 0.0008403 secs][1 CMS-remark: 10183K(341376K)] 24058K(494976K), 0.0229121 secs] [Times: user=0.09 sys=0.00, real=0.02 secs] 
2022-05-10T17:31:13.621+0800: 738.483: Total time for which application threads were stopped: 0.0230720 seconds, Stopping threads took: 0.0000307 seconds
2022-05-10T17:31:13.622+0800: 738.483: [CMS-concurrent-sweep-start]
2022-05-10T17:31:13.631+0800: 738.493: [CMS-concurrent-sweep: 0.009/0.009 secs] [Times: user=0.00 sys=0.00, real=0.01 secs] 
2022-05-10T17:31:13.631+0800: 738.493: [CMS-concurrent-reset-start]
2022-05-10T17:31:13.632+0800: 738.493: [CMS-concurrent-reset: 0.001/0.001 secs] [Times: user=0.02 sys=0.00, real=0.00 secs] 
2022-05-10T17:31:15.637+0800: 740.498: Application time: 2.0144893 seconds
2022-05-10T17:31:15.637+0800: 740.498: [GC (CMS Initial Mark) [1 CMS-initial-mark: 10183K(341376K)] 24058K(494976K), 0.0041796 secs] [Times: user=0.00 sys=0.00, real=0.00 secs] 
2022-05-10T17:31:15.641+0800: 740.502: Total time for which application threads were stopped: 0.0043855 seconds, Stopping threads took: 0.0000411 seconds
2022-05-10T17:31:15.641+0800: 740.502: [CMS-concurrent-mark-start]
2022-05-10T17:31:15.662+0800: 740.524: [CMS-concurrent-mark: 0.021/0.021 secs] [Times: user=0.03 sys=0.00, real=0.02 secs] 
2022-05-10T17:31:15.663+0800: 740.524: [CMS-concurrent-preclean-start]
2022-05-10T17:31:15.664+0800: 740.525: [CMS-concurrent-preclean: 0.001/0.001 secs] [Times: user=0.01 sys=0.00, real=0.00 secs] 
2022-05-10T17:31:15.664+0800: 740.525: [CMS-concurrent-abortable-preclean-start]
 CMS: abort preclean due to time 2022-05-10T17:31:20.674+0800: 745.535: [CMS-concurrent-abortable-preclean: 0.091/5.010 secs] [Times: user=0.09 sys=0.00, real=5.01 secs] 
2022-05-10T17:31:20.674+0800: 745.535: Application time: 5.0331080 seconds
2022-05-10T17:31:20.674+0800: 745.535: [GC (CMS Final Remark) [YG occupancy: 13875 K (153600 K)]2022-05-10T17:31:20.674+0800: 745.535: [Rescan (parallel) , 0.0059267 secs]2022-05-10T17:31:20.680+0800: 745.541: [weak refs processing, 0.0000496 secs]2022-05-10T17:31:20.680+0800: 745.541: [class unloading, 0.0047674 secs]2022-05-10T17:31:20.685+0800: 745.546: [scrub symbol table, 0.0084221 secs]2022-05-10T17:31:20.693+0800: 745.555: [scrub string table, 0.0005622 secs][1 CMS-remark: 10183K(341376K)] 24058K(494976K), 0.0199185 secs] [Times: user=0.08 sys=0.00, real=0.02 secs] 
2022-05-10T17:31:20.694+0800: 745.555: Total time for which application threads were stopped: 0.0200472 seconds, Stopping threads took: 0.0000302 seconds
2022-05-10T17:31:20.694+0800: 745.555: [CMS-concurrent-sweep-start]
2022-05-10T17:31:20.703+0800: 745.565: [CMS-concurrent-sweep: 0.009/0.009 secs] [Times: user=0.02 sys=0.00, real=0.01 secs] 
2022-05-10T17:31:20.703+0800: 745.565: [CMS-concurrent-reset-start]
2022-05-10T17:31:20.704+0800: 745.565: [CMS-concurrent-reset: 0.001/0.001 secs] [Times: user=0.00 sys=0.00, real=0.00 secs] 
2022-05-10T17:31:22.718+0800: 747.579: Application time: 2.0232998 seconds
2022-05-10T17:31:22.718+0800: 747.579: [GC (CMS Initial Mark) [1 CMS-initial-mark: 10183K(341376K)] 24058K(494976K), 0.0058137 secs] [Times: user=0.00 sys=0.00, real=0.01 secs] 
2022-05-10T17:31:22.723+0800: 747.585: Total time for which application threads were stopped: 0.0060971 seconds, Stopping threads took: 0.0000606 seconds
2022-05-10T17:31:22.723+0800: 747.585: [CMS-concurrent-mark-start]
2022-05-10T17:31:22.775+0800: 747.637: [CMS-concurrent-mark: 0.052/0.052 secs] [Times: user=0.06 sys=0.00, real=0.05 secs] 
2022-05-10T17:31:22.775+0800: 747.637: [CMS-concurrent-preclean-start]
2022-05-10T17:31:22.777+0800: 747.638: [CMS-concurrent-preclean: 0.002/0.002 secs] [Times: user=0.00 sys=0.00, real=0.00 secs] 
2022-05-10T17:31:22.777+0800: 747.639: [CMS-concurrent-abortable-preclean-start]
 CMS: abort preclean due to time 2022-05-10T17:31:27.830+0800: 752.692: [CMS-concurrent-abortable-preclean: 0.106/5.053 secs] [Times: user=0.02 sys=0.00, real=5.05 secs] 
2022-05-10T17:31:27.832+0800: 752.694: Application time: 5.1090099 seconds
2022-05-10T17:31:27.832+0800: 752.694: [GC (CMS Final Remark) [YG occupancy: 13875 K (153600 K)]2022-05-10T17:31:27.832+0800: 752.694: [Rescan (parallel) , 0.0053649 secs]2022-05-10T17:31:27.838+0800: 752.699: [weak refs processing, 0.0000762 secs]2022-05-10T17:31:27.838+0800: 752.699: [class unloading, 0.0054641 secs]2022-05-10T17:31:27.844+0800: 752.705: [scrub symbol table, 0.0110369 secs]2022-05-10T17:31:27.855+0800: 752.716: [scrub string table, 0.0008010 secs][1 CMS-remark: 10183K(341376K)] 24058K(494976K), 0.0229927 secs] [Times: user=0.06 sys=0.00, real=0.02 secs] 
2022-05-10T17:31:27.856+0800: 752.717: Total time for which application threads were stopped: 0.0231667 seconds, Stopping threads took: 0.0000388 seconds
2022-05-10T17:31:27.912+0800: 752.773: [CMS-concurrent-sweep-start]
2022-05-10T17:31:27.920+0800: 752.782: [CMS-concurrent-sweep: 0.008/0.008 secs] [Times: user=0.02 sys=0.00, real=0.01 secs] 
2022-05-10T17:31:27.921+0800: 752.782: [CMS-concurrent-reset-start]
2022-05-10T17:31:27.921+0800: 752.782: [CMS-concurrent-reset: 0.000/0.000 secs] [Times: user=0.00 sys=0.00, real=0.00 secs] 
2022-05-10T17:31:29.931+0800: 754.792: Application time: 2.0749139 seconds
2022-05-10T17:31:29.931+0800: 754.792: [GC (CMS Initial Mark) [1 CMS-initial-mark: 10183K(341376K)] 24058K(494976K), 0.0057896 secs] [Times: user=0.00 sys=0.00, real=0.01 secs] 
2022-05-10T17:31:29.937+0800: 754.798: Total time for which application threads were stopped: 0.0060037 seconds, Stopping threads took: 0.0000409 seconds
2022-05-10T17:31:29.937+0800: 754.798: [CMS-concurrent-mark-start]
2022-05-10T17:31:29.960+0800: 754.821: [CMS-concurrent-mark: 0.023/0.023 secs] [Times: user=0.03 sys=0.00, real=0.02 secs] 
2022-05-10T17:31:29.960+0800: 754.821: [CMS-concurrent-preclean-start]
2022-05-10T17:31:29.961+0800: 754.823: [CMS-concurrent-preclean: 0.002/0.002 secs] [Times: user=0.02 sys=0.00, real=0.00 secs] 
2022-05-10T17:31:29.961+0800: 754.823: [CMS-concurrent-abortable-preclean-start]
 CMS: abort preclean due to time 2022-05-10T17:31:35.016+0800: 759.877: [CMS-concurrent-abortable-preclean: 0.079/5.054 secs] [Times: user=0.03 sys=0.00, real=5.06 secs] 
2022-05-10T17:31:35.016+0800: 759.877: Application time: 5.0795995 seconds
2022-05-10T17:31:35.017+0800: 759.878: [GC (CMS Final Remark) [YG occupancy: 13875 K (153600 K)]2022-05-10T17:31:35.017+0800: 759.878: [Rescan (parallel) , 0.0066547 secs]2022-05-10T17:31:35.023+0800: 759.884: [weak refs processing, 0.0000775 secs]2022-05-10T17:31:35.023+0800: 759.884: [class unloading, 0.0057978 secs]2022-05-10T17:31:35.029+0800: 759.890: [scrub symbol table, 0.0109477 secs]2022-05-10T17:31:35.040+0800: 759.901: [scrub string table, 0.0008514 secs][1 CMS-remark: 10183K(341376K)] 24058K(494976K), 0.0245563 secs] [Times: user=0.02 sys=0.00, real=0.02 secs] 
2022-05-10T17:31:35.041+0800: 759.902: Total time for which application threads were stopped: 0.0247314 seconds, Stopping threads took: 0.0000366 seconds
2022-05-10T17:31:35.041+0800: 759.902: [CMS-concurrent-sweep-start]
2022-05-10T17:31:35.051+0800: 759.912: [CMS-concurrent-sweep: 0.010/0.010 secs] [Times: user=0.00 sys=0.00, real=0.01 secs] 
2022-05-10T17:31:35.051+0800: 759.912: [CMS-concurrent-reset-start]
2022-05-10T17:31:35.051+0800: 759.913: [CMS-concurrent-reset: 0.001/0.001 secs] [Times: user=0.00 sys=0.00, real=0.00 secs] 
2022-05-10T17:31:37.052+0800: 761.914: Application time: 2.0113729 seconds
2022-05-10T17:31:37.052+0800: 761.914: [GC (CMS Initial Mark) [1 CMS-initial-mark: 10183K(341376K)] 24058K(494976K), 0.0051746 secs] [Times: user=0.02 sys=0.00, real=0.01 secs] 
2022-05-10T17:31:37.058+0800: 761.919: Total time for which application threads were stopped: 0.0053447 seconds, Stopping threads took: 0.0000424 seconds
2022-05-10T17:31:37.058+0800: 761.919: [CMS-concurrent-mark-start]
2022-05-10T17:31:37.071+0800: 761.933: [CMS-concurrent-mark: 0.014/0.014 secs] [Times: user=0.03 sys=0.00, real=0.01 secs] 
2022-05-10T17:31:37.071+0800: 761.933: [CMS-concurrent-preclean-start]
2022-05-10T17:31:37.072+0800: 761.934: [CMS-concurrent-preclean: 0.001/0.001 secs] [Times: user=0.00 sys=0.00, real=0.00 secs] 
2022-05-10T17:31:37.072+0800: 761.934: [CMS-concurrent-abortable-preclean-start]
 CMS: abort preclean due to time 2022-05-10T17:31:42.102+0800: 766.963: [CMS-concurrent-abortable-preclean: 0.066/5.029 secs] [Times: user=0.16 sys=0.00, real=5.03 secs] 
2022-05-10T17:31:42.102+0800: 766.963: Application time: 5.0442034 seconds
2022-05-10T17:31:42.102+0800: 766.963: [GC (CMS Final Remark) [YG occupancy: 13875 K (153600 K)]2022-05-10T17:31:42.102+0800: 766.963: [Rescan (parallel) , 0.0056505 secs]2022-05-10T17:31:42.108+0800: 766.969: [weak refs processing, 0.0000477 secs]2022-05-10T17:31:42.108+0800: 766.969: [class unloading, 0.0036110 secs]2022-05-10T17:31:42.111+0800: 766.973: [scrub symbol table, 0.0068760 secs]2022-05-10T17:31:42.118+0800: 766.980: [scrub string table, 0.0005195 secs][1 CMS-remark: 10183K(341376K)] 24058K(494976K), 0.0168805 secs] [Times: user=0.01 sys=0.00, real=0.02 secs] 
2022-05-10T17:31:42.119+0800: 766.980: Total time for which application threads were stopped: 0.0170020 seconds, Stopping threads took: 0.0000256 seconds
2022-05-10T17:31:42.119+0800: 766.980: [CMS-concurrent-sweep-start]
2022-05-10T17:31:42.125+0800: 766.986: [CMS-concurrent-sweep: 0.006/0.006 secs] [Times: user=0.00 sys=0.00, real=0.01 secs] 
2022-05-10T17:31:42.125+0800: 766.986: [CMS-concurrent-reset-start]
2022-05-10T17:31:42.125+0800: 766.987: [CMS-concurrent-reset: 0.000/0.000 secs] [Times: user=0.00 sys=0.00, real=0.00 secs] 
2022-05-10T17:31:44.135+0800: 768.997: Application time: 2.0163577 seconds
2022-05-10T17:31:44.135+0800: 768.997: [GC (CMS Initial Mark) [1 CMS-initial-mark: 10183K(341376K)] 24058K(494976K), 0.0044924 secs] [Times: user=0.00 sys=0.00, real=0.01 secs] 
2022-05-10T17:31:44.140+0800: 769.001: Total time for which application threads were stopped: 0.0046723 seconds, Stopping threads took: 0.0000346 seconds
2022-05-10T17:31:44.140+0800: 769.001: [CMS-concurrent-mark-start]
2022-05-10T17:31:44.174+0800: 769.035: [CMS-concurrent-mark: 0.034/0.034 secs] [Times: user=0.03 sys=0.00, real=0.03 secs] 
2022-05-10T17:31:44.174+0800: 769.035: [CMS-concurrent-preclean-start]
2022-05-10T17:31:44.175+0800: 769.036: [CMS-concurrent-preclean: 0.001/0.001 secs] [Times: user=0.00 sys=0.00, real=0.00 secs] 
2022-05-10T17:31:44.175+0800: 769.037: [CMS-concurrent-abortable-preclean-start]
 CMS: abort preclean due to time 2022-05-10T17:31:49.248+0800: 774.109: [CMS-concurrent-abortable-preclean: 0.074/5.073 secs] [Times: user=0.05 sys=0.00, real=5.07 secs] 
2022-05-10T17:31:49.360+0800: 774.221: Application time: 5.2200394 seconds
2022-05-10T17:31:49.360+0800: 774.221: [GC (CMS Final Remark) [YG occupancy: 13875 K (153600 K)]2022-05-10T17:31:49.360+0800: 774.221: [Rescan (parallel) , 0.0064268 secs]2022-05-10T17:31:49.366+0800: 774.228: [weak refs processing, 0.0000810 secs]2022-05-10T17:31:49.367+0800: 774.228: [class unloading, 0.0077420 secs]2022-05-10T17:31:49.375+0800: 774.236: [scrub symbol table, 0.0349879 secs]2022-05-10T17:31:49.410+0800: 774.271: [scrub string table, 0.0008552 secs][1 CMS-remark: 10183K(341376K)] 24058K(494976K), 0.0503926 secs] [Times: user=0.03 sys=0.00, real=0.05 secs] 
2022-05-10T17:31:49.411+0800: 774.272: Total time for which application threads were stopped: 0.0505868 seconds, Stopping threads took: 0.0000393 seconds
2022-05-10T17:31:49.557+0800: 774.418: [CMS-concurrent-sweep-start]
2022-05-10T17:31:49.567+0800: 774.429: [CMS-concurrent-sweep: 0.010/0.010 secs] [Times: user=0.00 sys=0.00, real=0.01 secs] 
2022-05-10T17:31:49.567+0800: 774.429: [CMS-concurrent-reset-start]
2022-05-10T17:31:49.567+0800: 774.429: [CMS-concurrent-reset: 0.001/0.001 secs] [Times: user=0.00 sys=0.00, real=0.00 secs] 
2022-05-10T17:31:51.571+0800: 776.433: Application time: 2.1607046 seconds
2022-05-10T17:31:51.571+0800: 776.433: [GC (CMS Initial Mark) [1 CMS-initial-mark: 10183K(341376K)] 24058K(494976K), 0.0058516 secs] [Times: user=0.00 sys=0.00, real=0.01 secs] 
2022-05-10T17:31:51.577+0800: 776.439: Total time for which application threads were stopped: 0.0060657 seconds, Stopping threads took: 0.0000435 seconds
2022-05-10T17:31:51.577+0800: 776.439: [CMS-concurrent-mark-start]
2022-05-10T17:31:51.601+0800: 776.462: [CMS-concurrent-mark: 0.024/0.024 secs] [Times: user=0.05 sys=0.00, real=0.02 secs] 
2022-05-10T17:31:51.601+0800: 776.462: [CMS-concurrent-preclean-start]
2022-05-10T17:31:51.603+0800: 776.464: [CMS-concurrent-preclean: 0.002/0.002 secs] [Times: user=0.00 sys=0.00, real=0.00 secs] 
2022-05-10T17:31:51.603+0800: 776.464: [CMS-concurrent-abortable-preclean-start]
 CMS: abort preclean due to time 2022-05-10T17:31:56.686+0800: 781.548: [CMS-concurrent-abortable-preclean: 0.076/5.084 secs] [Times: user=0.02 sys=0.00, real=5.08 secs] 
2022-05-10T17:31:56.686+0800: 781.548: Application time: 5.1091861 seconds
2022-05-10T17:31:56.686+0800: 781.548: [GC (CMS Final Remark) [YG occupancy: 13875 K (153600 K)]2022-05-10T17:31:56.686+0800: 781.548: [Rescan (parallel) , 0.0062586 secs]2022-05-10T17:31:56.693+0800: 781.554: [weak refs processing, 0.0000548 secs]2022-05-10T17:31:56.693+0800: 781.554: [class unloading, 0.0038683 secs]2022-05-10T17:31:56.696+0800: 781.558: [scrub symbol table, 0.0090006 secs]2022-05-10T17:31:56.705+0800: 781.567: [scrub string table, 0.0008074 secs][1 CMS-remark: 10183K(341376K)] 24058K(494976K), 0.0202143 secs] [Times: user=0.02 sys=0.00, real=0.02 secs] 
2022-05-10T17:31:56.706+0800: 781.568: Total time for which application threads were stopped: 0.0203620 seconds, Stopping threads took: 0.0000328 seconds
2022-05-10T17:31:56.707+0800: 781.568: [CMS-concurrent-sweep-start]
2022-05-10T17:31:56.713+0800: 781.575: [CMS-concurrent-sweep: 0.007/0.007 secs] [Times: user=0.02 sys=0.00, real=0.01 secs] 
2022-05-10T17:31:56.714+0800: 781.575: [CMS-concurrent-reset-start]
2022-05-10T17:31:56.714+0800: 781.576: [CMS-concurrent-reset: 0.000/0.000 secs] [Times: user=0.00 sys=0.00, real=0.00 secs] 
2022-05-10T17:31:58.733+0800: 783.594: Application time: 2.0259172 seconds
2022-05-10T17:31:58.733+0800: 783.594: [GC (CMS Initial Mark) [1 CMS-initial-mark: 10183K(341376K)] 24058K(494976K), 0.0052427 secs] [Times: user=0.00 sys=0.00, real=0.01 secs] 
2022-05-10T17:31:58.739+0800: 783.600: Total time for which application threads were stopped: 0.0054589 seconds, Stopping threads took: 0.0000422 seconds
2022-05-10T17:31:58.739+0800: 783.600: [CMS-concurrent-mark-start]
2022-05-10T17:31:58.759+0800: 783.621: [CMS-concurrent-mark: 0.022/0.022 secs] [Times: user=0.05 sys=0.00, real=0.02 secs] 
2022-05-10T17:31:58.759+0800: 783.621: [CMS-concurrent-preclean-start]
2022-05-10T17:31:58.761+0800: 783.623: [CMS-concurrent-preclean: 0.002/0.002 secs] [Times: user=0.00 sys=0.00, real=0.00 secs] 
2022-05-10T17:31:58.761+0800: 783.623: [CMS-concurrent-abortable-preclean-start]
 CMS: abort preclean due to time 2022-05-10T17:32:03.840+0800: 788.701: [CMS-concurrent-abortable-preclean: 0.086/5.078 secs] [Times: user=0.19 sys=0.00, real=5.08 secs] 
2022-05-10T17:32:03.840+0800: 788.701: Application time: 5.1017311 seconds
2022-05-10T17:32:03.840+0800: 788.701: [GC (CMS Final Remark) [YG occupancy: 13875 K (153600 K)]2022-05-10T17:32:03.840+0800: 788.701: [Rescan (parallel) , 0.0051259 secs]2022-05-10T17:32:03.846+0800: 788.707: [weak refs processing, 0.0000404 secs]2022-05-10T17:32:03.846+0800: 788.707: [class unloading, 0.0032610 secs]2022-05-10T17:32:03.849+0800: 788.710: [scrub symbol table, 0.0052594 secs]2022-05-10T17:32:03.854+0800: 788.715: [scrub string table, 0.0004548 secs][1 CMS-remark: 10183K(341376K)] 24058K(494976K), 0.0142729 secs] [Times: user=0.02 sys=0.00, real=0.01 secs] 
2022-05-10T17:32:03.854+0800: 788.716: Total time for which application threads were stopped: 0.0143859 seconds, Stopping threads took: 0.0000250 seconds
2022-05-10T17:32:03.855+0800: 788.716: [CMS-concurrent-sweep-start]
2022-05-10T17:32:03.860+0800: 788.722: [CMS-concurrent-sweep: 0.006/0.006 secs] [Times: user=0.00 sys=0.00, real=0.00 secs] 
2022-05-10T17:32:03.860+0800: 788.722: [CMS-concurrent-reset-start]
2022-05-10T17:32:03.861+0800: 788.722: [CMS-concurrent-reset: 0.000/0.000 secs] [Times: user=0.00 sys=0.00, real=0.00 secs] 
2022-05-10T17:32:05.862+0800: 790.724: Application time: 2.0079138 seconds
2022-05-10T17:32:05.862+0800: 790.724: [GC (CMS Initial Mark) [1 CMS-initial-mark: 10183K(341376K)] 24058K(494976K), 0.0063219 secs] [Times: user=0.01 sys=0.00, real=0.01 secs] 
2022-05-10T17:32:05.869+0800: 790.730: Total time for which application threads were stopped: 0.0065479 seconds, Stopping threads took: 0.0000417 seconds
2022-05-10T17:32:05.869+0800: 790.730: [CMS-concurrent-mark-start]
2022-05-10T17:32:05.977+0800: 790.839: [CMS-concurrent-mark: 0.109/0.109 secs] [Times: user=0.03 sys=0.01, real=0.11 secs] 
2022-05-10T17:32:05.977+0800: 790.839: [CMS-concurrent-preclean-start]
2022-05-10T17:32:05.980+0800: 790.842: [CMS-concurrent-preclean: 0.003/0.003 secs] [Times: user=0.00 sys=0.00, real=0.00 secs] 
2022-05-10T17:32:05.981+0800: 790.843: [CMS-concurrent-abortable-preclean-start]
 CMS: abort preclean due to time 2022-05-10T17:32:11.010+0800: 795.872: [CMS-concurrent-abortable-preclean: 0.083/5.029 secs] [Times: user=0.00 sys=0.00, real=5.03 secs] 
2022-05-10T17:32:11.099+0800: 795.960: Application time: 5.2302278 seconds
2022-05-10T17:32:11.099+0800: 795.961: [GC (CMS Final Remark) [YG occupancy: 13875 K (153600 K)]2022-05-10T17:32:11.099+0800: 795.961: [Rescan (parallel) , 0.0071538 secs]2022-05-10T17:32:11.106+0800: 795.968: [weak refs processing, 0.0000889 secs]2022-05-10T17:32:11.106+0800: 795.968: [class unloading, 0.0061732 secs]2022-05-10T17:32:11.113+0800: 795.974: [scrub symbol table, 0.0109763 secs]2022-05-10T17:32:11.124+0800: 795.985: [scrub string table, 0.0009127 secs][1 CMS-remark: 10183K(341376K)] 24058K(494976K), 0.0255574 secs] [Times: user=0.06 sys=0.00, real=0.03 secs] 
2022-05-10T17:32:11.125+0800: 795.986: Total time for which application threads were stopped: 0.0257401 seconds, Stopping threads took: 0.0000409 seconds
2022-05-10T17:32:11.138+0800: 795.999: [CMS-concurrent-sweep-start]
2022-05-10T17:32:11.148+0800: 796.009: [CMS-concurrent-sweep: 0.010/0.010 secs] [Times: user=0.00 sys=0.00, real=0.01 secs] 
2022-05-10T17:32:11.148+0800: 796.009: [CMS-concurrent-reset-start]
2022-05-10T17:32:11.148+0800: 796.010: [CMS-concurrent-reset: 0.001/0.001 secs] [Times: user=0.01 sys=0.00, real=0.00 secs] 
2022-05-10T17:32:13.157+0800: 798.018: Application time: 2.0318628 seconds
2022-05-10T17:32:13.157+0800: 798.018: [GC (CMS Initial Mark) [1 CMS-initial-mark: 10183K(341376K)] 24058K(494976K), 0.0039959 secs] [Times: user=0.00 sys=0.00, real=0.00 secs] 
2022-05-10T17:32:13.161+0800: 798.022: Total time for which application threads were stopped: 0.0041809 seconds, Stopping threads took: 0.0000390 seconds
2022-05-10T17:32:13.161+0800: 798.022: [CMS-concurrent-mark-start]
2022-05-10T17:32:13.178+0800: 798.039: [CMS-concurrent-mark: 0.017/0.017 secs] [Times: user=0.03 sys=0.00, real=0.02 secs] 
2022-05-10T17:32:13.178+0800: 798.039: [CMS-concurrent-preclean-start]
2022-05-10T17:32:13.179+0800: 798.041: [CMS-concurrent-preclean: 0.001/0.001 secs] [Times: user=0.00 sys=0.00, real=0.00 secs] 
2022-05-10T17:32:13.179+0800: 798.041: [CMS-concurrent-abortable-preclean-start]
 CMS: abort preclean due to time 2022-05-10T17:32:18.231+0800: 803.093: [CMS-concurrent-abortable-preclean: 0.056/5.052 secs] [Times: user=0.08 sys=0.00, real=5.05 secs] 
2022-05-10T17:32:18.231+0800: 803.093: Application time: 5.0706360 seconds
2022-05-10T17:32:18.232+0800: 803.093: [GC (CMS Final Remark) [YG occupancy: 13875 K (153600 K)]2022-05-10T17:32:18.232+0800: 803.093: [Rescan (parallel) , 0.0083001 secs]2022-05-10T17:32:18.240+0800: 803.101: [weak refs processing, 0.0000567 secs]2022-05-10T17:32:18.240+0800: 803.101: [class unloading, 0.0038131 secs]2022-05-10T17:32:18.244+0800: 803.105: [scrub symbol table, 0.0065587 secs]2022-05-10T17:32:18.251+0800: 803.112: [scrub string table, 0.0004244 secs][1 CMS-remark: 10183K(341376K)] 24058K(494976K), 0.0193288 secs] [Times: user=0.01 sys=0.00, real=0.02 secs] 
2022-05-10T17:32:18.251+0800: 803.112: Total time for which application threads were stopped: 0.0195065 seconds, Stopping threads took: 0.0000506 seconds
2022-05-10T17:32:18.251+0800: 803.112: [CMS-concurrent-sweep-start]
2022-05-10T17:32:18.256+0800: 803.117: [CMS-concurrent-sweep: 0.005/0.005 secs] [Times: user=0.00 sys=0.00, real=0.01 secs] 
2022-05-10T17:32:18.256+0800: 803.117: [CMS-concurrent-reset-start]
2022-05-10T17:32:18.257+0800: 803.118: [CMS-concurrent-reset: 0.000/0.000 secs] [Times: user=0.00 sys=0.00, real=0.00 secs] 
2022-05-10T17:32:20.258+0800: 805.119: Application time: 2.0063632 seconds
2022-05-10T17:32:20.258+0800: 805.119: [GC (CMS Initial Mark) [1 CMS-initial-mark: 10183K(341376K)] 24058K(494976K), 0.0038048 secs] [Times: user=0.00 sys=0.00, real=0.00 secs] 
2022-05-10T17:32:20.262+0800: 805.123: Total time for which application threads were stopped: 0.0040137 seconds, Stopping threads took: 0.0000541 seconds
2022-05-10T17:32:20.262+0800: 805.123: [CMS-concurrent-mark-start]
2022-05-10T17:32:20.275+0800: 805.136: [CMS-concurrent-mark: 0.014/0.014 secs] [Times: user=0.03 sys=0.00, real=0.01 secs] 
2022-05-10T17:32:20.275+0800: 805.136: [CMS-concurrent-preclean-start]
2022-05-10T17:32:20.276+0800: 805.137: [CMS-concurrent-preclean: 0.001/0.001 secs] [Times: user=0.00 sys=0.00, real=0.00 secs] 
2022-05-10T17:32:20.276+0800: 805.137: [CMS-concurrent-abortable-preclean-start]
 CMS: abort preclean due to time 2022-05-10T17:32:25.333+0800: 810.195: [CMS-concurrent-abortable-preclean: 0.051/5.058 secs] [Times: user=0.00 sys=0.00, real=5.06 secs] 
2022-05-10T17:32:25.334+0800: 810.196: Application time: 5.0727724 seconds
2022-05-10T17:32:25.334+0800: 810.196: [GC (CMS Final Remark) [YG occupancy: 13875 K (153600 K)]2022-05-10T17:32:25.334+0800: 810.196: [Rescan (parallel) , 0.0343029 secs]2022-05-10T17:32:25.369+0800: 810.230: [weak refs processing, 0.0000644 secs]2022-05-10T17:32:25.369+0800: 810.230: [class unloading, 0.0048168 secs]2022-05-10T17:32:25.373+0800: 810.235: [scrub symbol table, 0.0087303 secs]2022-05-10T17:32:25.382+0800: 810.244: [scrub string table, 0.0006086 secs][1 CMS-remark: 10183K(341376K)] 24058K(494976K), 0.0487554 secs] [Times: user=0.11 sys=0.00, real=0.05 secs] 
2022-05-10T17:32:25.383+0800: 810.245: Total time for which application threads were stopped: 0.0490209 seconds, Stopping threads took: 0.0000274 seconds
2022-05-10T17:32:25.383+0800: 810.245: [CMS-concurrent-sweep-start]
2022-05-10T17:32:25.398+0800: 810.259: [CMS-concurrent-sweep: 0.015/0.015 secs] [Times: user=0.01 sys=0.00, real=0.02 secs] 
2022-05-10T17:32:25.398+0800: 810.259: [CMS-concurrent-reset-start]
2022-05-10T17:32:25.398+0800: 810.260: [CMS-concurrent-reset: 0.000/0.000 secs] [Times: user=0.00 sys=0.00, real=0.00 secs] 
2022-05-10T17:32:27.401+0800: 812.262: Application time: 2.0178645 seconds
2022-05-10T17:32:27.401+0800: 812.262: [GC (CMS Initial Mark) [1 CMS-initial-mark: 10183K(341376K)] 24058K(494976K), 0.0035125 secs] [Times: user=0.00 sys=0.00, real=0.00 secs] 
2022-05-10T17:32:27.404+0800: 812.266: Total time for which application threads were stopped: 0.0036596 seconds, Stopping threads took: 0.0000334 seconds
2022-05-10T17:32:27.404+0800: 812.266: [CMS-concurrent-mark-start]
2022-05-10T17:32:27.416+0800: 812.278: [CMS-concurrent-mark: 0.012/0.012 secs] [Times: user=0.03 sys=0.00, real=0.01 secs] 
2022-05-10T17:32:27.416+0800: 812.278: [CMS-concurrent-preclean-start]
2022-05-10T17:32:27.417+0800: 812.279: [CMS-concurrent-preclean: 0.001/0.001 secs] [Times: user=0.00 sys=0.00, real=0.00 secs] 
2022-05-10T17:32:27.417+0800: 812.279: [CMS-concurrent-abortable-preclean-start]
 CMS: abort preclean due to time 2022-05-10T17:32:32.505+0800: 817.367: [CMS-concurrent-abortable-preclean: 0.086/5.088 secs] [Times: user=0.05 sys=0.00, real=5.09 secs] 
2022-05-10T17:32:32.506+0800: 817.367: Application time: 5.1006494 seconds
2022-05-10T17:32:32.506+0800: 817.367: [GC (CMS Final Remark) [YG occupancy: 13875 K (153600 K)]2022-05-10T17:32:32.506+0800: 817.367: [Rescan (parallel) , 0.0075288 secs]2022-05-10T17:32:32.513+0800: 817.374: [weak refs processing, 0.0000847 secs]2022-05-10T17:32:32.513+0800: 817.375: [class unloading, 0.0061676 secs]2022-05-10T17:32:32.519+0800: 817.381: [scrub symbol table, 0.0120577 secs]2022-05-10T17:32:32.532+0800: 817.393: [scrub string table, 0.0008890 secs][1 CMS-remark: 10183K(341376K)] 24058K(494976K), 0.0269989 secs] [Times: user=0.06 sys=0.00, real=0.03 secs] 
2022-05-10T17:32:32.532+0800: 817.394: Total time for which application threads were stopped: 0.0271708 seconds, Stopping threads took: 0.0000371 seconds
2022-05-10T17:32:32.533+0800: 817.394: [CMS-concurrent-sweep-start]
2022-05-10T17:32:32.542+0800: 817.403: [CMS-concurrent-sweep: 0.009/0.009 secs] [Times: user=0.02 sys=0.00, real=0.01 secs] 
2022-05-10T17:32:32.542+0800: 817.404: [CMS-concurrent-reset-start]
2022-05-10T17:32:32.542+0800: 817.404: [CMS-concurrent-reset: 0.000/0.000 secs] [Times: user=0.00 sys=0.00, real=0.00 secs] 
2022-05-10T17:32:34.543+0800: 819.404: Application time: 2.0104386 seconds
2022-05-10T17:32:34.543+0800: 819.404: [GC (CMS Initial Mark) [1 CMS-initial-mark: 10183K(341376K)] 24058K(494976K), 0.0064469 secs] [Times: user=0.00 sys=0.00, real=0.01 secs] 
2022-05-10T17:32:34.550+0800: 819.411: Total time for which application threads were stopped: 0.0066656 seconds, Stopping threads took: 0.0000447 seconds
2022-05-10T17:32:34.550+0800: 819.411: [CMS-concurrent-mark-start]
2022-05-10T17:32:34.574+0800: 819.435: [CMS-concurrent-mark: 0.024/0.024 secs] [Times: user=0.05 sys=0.00, real=0.02 secs] 
2022-05-10T17:32:34.574+0800: 819.435: [CMS-concurrent-preclean-start]
2022-05-10T17:32:34.576+0800: 819.437: [CMS-concurrent-preclean: 0.002/0.002 secs] [Times: user=0.00 sys=0.00, real=0.00 secs] 
2022-05-10T17:32:34.576+0800: 819.437: [CMS-concurrent-abortable-preclean-start]
2022-05-10T17:32:36.559+0800: 821.420: Application time: 2.0086048 seconds
2022-05-10T17:32:36.559+0800: 821.420: Total time for which application threads were stopped: 0.0001217 seconds, Stopping threads took: 0.0000430 seconds
 CMS: abort preclean due to time 2022-05-10T17:32:39.615+0800: 824.476: [CMS-concurrent-abortable-preclean: 0.097/5.039 secs] [Times: user=0.00 sys=0.00, real=5.04 secs] 
2022-05-10T17:32:39.615+0800: 824.476: Application time: 3.0561970 seconds
2022-05-10T17:32:39.615+0800: 824.476: [GC (CMS Final Remark) [YG occupancy: 13875 K (153600 K)]2022-05-10T17:32:39.615+0800: 824.476: [Rescan (parallel) , 0.0061581 secs]2022-05-10T17:32:39.621+0800: 824.482: [weak refs processing, 0.0000488 secs]2022-05-10T17:32:39.621+0800: 824.482: [class unloading, 0.0037390 secs]2022-05-10T17:32:39.624+0800: 824.486: [scrub symbol table, 0.0074112 secs]2022-05-10T17:32:39.632+0800: 824.494: [scrub string table, 0.0005223 secs][1 CMS-remark: 10183K(341376K)] 24058K(494976K), 0.0180622 secs] [Times: user=0.09 sys=0.00, real=0.02 secs] 
2022-05-10T17:32:39.632+0800: 824.494: Total time for which application threads were stopped: 0.0182053 seconds, Stopping threads took: 0.0000341 seconds
2022-05-10T17:32:39.633+0800: 824.494: [CMS-concurrent-sweep-start]
2022-05-10T17:32:39.638+0800: 824.500: [CMS-concurrent-sweep: 0.006/0.006 secs] [Times: user=0.00 sys=0.00, real=0.01 secs] 
2022-05-10T17:32:39.639+0800: 824.500: [CMS-concurrent-reset-start]
2022-05-10T17:32:39.639+0800: 824.501: [CMS-concurrent-reset: 0.000/0.000 secs] [Times: user=0.00 sys=0.00, real=0.00 secs] 
2022-05-10T17:32:41.651+0800: 826.512: Application time: 2.0181033 seconds
2022-05-10T17:32:41.651+0800: 826.512: [GC (CMS Initial Mark) [1 CMS-initial-mark: 10183K(341376K)] 24058K(494976K), 0.0080875 secs] [Times: user=0.00 sys=0.00, real=0.01 secs] 
2022-05-10T17:32:41.659+0800: 826.521: Total time for which application threads were stopped: 0.0083942 seconds, Stopping threads took: 0.0000767 seconds
2022-05-10T17:32:41.659+0800: 826.521: [CMS-concurrent-mark-start]
2022-05-10T17:32:41.690+0800: 826.551: [CMS-concurrent-mark: 0.031/0.031 secs] [Times: user=0.05 sys=0.00, real=0.03 secs] 
2022-05-10T17:32:41.690+0800: 826.551: [CMS-concurrent-preclean-start]
2022-05-10T17:32:41.692+0800: 826.553: [CMS-concurrent-preclean: 0.002/0.002 secs] [Times: user=0.00 sys=0.00, real=0.00 secs] 
2022-05-10T17:32:41.692+0800: 826.553: [CMS-concurrent-abortable-preclean-start]
 CMS: abort preclean due to time 2022-05-10T17:32:46.784+0800: 831.646: [CMS-concurrent-abortable-preclean: 0.072/5.092 secs] [Times: user=0.03 sys=0.00, real=5.09 secs] 
2022-05-10T17:32:46.784+0800: 831.646: Application time: 5.1250424 seconds
2022-05-10T17:32:46.784+0800: 831.646: [GC (CMS Final Remark) [YG occupancy: 13875 K (153600 K)]2022-05-10T17:32:46.784+0800: 831.646: [Rescan (parallel) , 0.0060434 secs]2022-05-10T17:32:46.791+0800: 831.652: [weak refs processing, 0.0000456 secs]2022-05-10T17:32:46.791+0800: 831.652: [class unloading, 0.0034787 secs]2022-05-10T17:32:46.794+0800: 831.655: [scrub symbol table, 0.0062488 secs]2022-05-10T17:32:46.800+0800: 831.662: [scrub string table, 0.0005042 secs][1 CMS-remark: 10183K(341376K)] 24058K(494976K), 0.0164702 secs] [Times: user=0.11 sys=0.00, real=0.02 secs] 
2022-05-10T17:32:46.800+0800: 831.662: Total time for which application threads were stopped: 0.0165871 seconds, Stopping threads took: 0.0000264 seconds
2022-05-10T17:32:46.801+0800: 831.662: [CMS-concurrent-sweep-start]
2022-05-10T17:32:46.806+0800: 831.668: [CMS-concurrent-sweep: 0.005/0.005 secs] [Times: user=0.01 sys=0.00, real=0.00 secs] 
2022-05-10T17:32:46.806+0800: 831.668: [CMS-concurrent-reset-start]
2022-05-10T17:32:46.806+0800: 831.668: [CMS-concurrent-reset: 0.000/0.000 secs] [Times: user=0.00 sys=0.00, real=0.00 secs] 
2022-05-10T17:32:48.813+0800: 833.674: Application time: 2.0114382 seconds
2022-05-10T17:32:48.813+0800: 833.674: [GC (CMS Initial Mark) [1 CMS-initial-mark: 10183K(341376K)] 24058K(494976K), 0.0069307 secs] [Times: user=0.00 sys=0.00, real=0.01 secs] 
2022-05-10T17:32:48.820+0800: 833.681: Total time for which application threads were stopped: 0.0071413 seconds, Stopping threads took: 0.0000402 seconds
2022-05-10T17:32:48.820+0800: 833.681: [CMS-concurrent-mark-start]
2022-05-10T17:32:48.845+0800: 833.706: [CMS-concurrent-mark: 0.025/0.025 secs] [Times: user=0.03 sys=0.00, real=0.03 secs] 
2022-05-10T17:32:48.845+0800: 833.706: [CMS-concurrent-preclean-start]
2022-05-10T17:32:48.846+0800: 833.708: [CMS-concurrent-preclean: 0.002/0.002 secs] [Times: user=0.00 sys=0.00, real=0.00 secs] 
2022-05-10T17:32:48.846+0800: 833.708: [CMS-concurrent-abortable-preclean-start]
 CMS: abort preclean due to time 2022-05-10T17:32:53.862+0800: 838.724: [CMS-concurrent-abortable-preclean: 0.078/5.016 secs] [Times: user=0.05 sys=0.00, real=5.02 secs] 
2022-05-10T17:32:53.862+0800: 838.724: Application time: 5.0430487 seconds
2022-05-10T17:32:53.862+0800: 838.724: [GC (CMS Final Remark) [YG occupancy: 13875 K (153600 K)]2022-05-10T17:32:53.862+0800: 838.724: [Rescan (parallel) , 0.0067551 secs]2022-05-10T17:32:53.870+0800: 838.731: [weak refs processing, 0.0000749 secs]2022-05-10T17:32:53.870+0800: 838.731: [class unloading, 0.0054358 secs]2022-05-10T17:32:53.875+0800: 838.736: [scrub symbol table, 0.0072246 secs]2022-05-10T17:32:53.883+0800: 838.744: [scrub string table, 0.0005531 secs][1 CMS-remark: 10183K(341376K)] 24058K(494976K), 0.0202429 secs] [Times: user=0.06 sys=0.00, real=0.02 secs] 
2022-05-10T17:32:53.883+0800: 838.744: Total time for which application threads were stopped: 0.0203838 seconds, Stopping threads took: 0.0000319 seconds
2022-05-10T17:32:53.883+0800: 838.744: [CMS-concurrent-sweep-start]
2022-05-10T17:32:53.890+0800: 838.752: [CMS-concurrent-sweep: 0.007/0.007 secs] [Times: user=0.00 sys=0.00, real=0.01 secs] 
2022-05-10T17:32:53.890+0800: 838.752: [CMS-concurrent-reset-start]
2022-05-10T17:32:53.890+0800: 838.752: [CMS-concurrent-reset: 0.000/0.000 secs] [Times: user=0.00 sys=0.00, real=0.00 secs] 
2022-05-10T17:32:55.904+0800: 840.765: Application time: 2.0208470 seconds
2022-05-10T17:32:55.904+0800: 840.765: [GC (CMS Initial Mark) [1 CMS-initial-mark: 10183K(341376K)] 24058K(494976K), 0.0029979 secs] [Times: user=0.00 sys=0.00, real=0.00 secs] 
2022-05-10T17:32:55.907+0800: 840.768: Total time for which application threads were stopped: 0.0031374 seconds, Stopping threads took: 0.0000326 seconds
2022-05-10T17:32:55.907+0800: 840.768: [CMS-concurrent-mark-start]
2022-05-10T17:32:55.919+0800: 840.781: [CMS-concurrent-mark: 0.012/0.012 secs] [Times: user=0.03 sys=0.00, real=0.01 secs] 
2022-05-10T17:32:55.920+0800: 840.781: [CMS-concurrent-preclean-start]
2022-05-10T17:32:55.921+0800: 840.782: [CMS-concurrent-preclean: 0.001/0.001 secs] [Times: user=0.00 sys=0.00, real=0.00 secs] 
2022-05-10T17:32:55.921+0800: 840.782: [CMS-concurrent-abortable-preclean-start]
 CMS: abort preclean due to time 2022-05-10T17:33:00.972+0800: 845.833: [CMS-concurrent-abortable-preclean: 0.060/5.051 secs] [Times: user=0.02 sys=0.00, real=5.05 secs] 
2022-05-10T17:33:00.972+0800: 845.833: Application time: 5.0645970 seconds
2022-05-10T17:33:00.972+0800: 845.833: [GC (CMS Final Remark) [YG occupancy: 13875 K (153600 K)]2022-05-10T17:33:00.972+0800: 845.833: [Rescan (parallel) , 0.0053380 secs]2022-05-10T17:33:00.977+0800: 845.838: [weak refs processing, 0.0000704 secs]2022-05-10T17:33:00.978+0800: 845.839: [class unloading, 0.0048113 secs]2022-05-10T17:33:00.982+0800: 845.843: [scrub symbol table, 0.0088297 secs]2022-05-10T17:33:00.991+0800: 845.852: [scrub string table, 0.0006454 secs][1 CMS-remark: 10183K(341376K)] 24058K(494976K), 0.0199296 secs] [Times: user=0.03 sys=0.02, real=0.02 secs] 
2022-05-10T17:33:00.992+0800: 845.853: Total time for which application threads were stopped: 0.0200872 seconds, Stopping threads took: 0.0000364 seconds
2022-05-10T17:33:00.992+0800: 845.853: [CMS-concurrent-sweep-start]
2022-05-10T17:33:00.998+0800: 845.860: [CMS-concurrent-sweep: 0.007/0.007 secs] [Times: user=0.02 sys=0.00, real=0.01 secs] 
2022-05-10T17:33:00.998+0800: 845.860: [CMS-concurrent-reset-start]
2022-05-10T17:33:00.999+0800: 845.861: [CMS-concurrent-reset: 0.000/0.000 secs] [Times: user=0.00 sys=0.00, real=0.00 secs] 
2022-05-10T17:33:03.003+0800: 847.864: Application time: 2.0106536 seconds
2022-05-10T17:33:03.003+0800: 847.864: [GC (CMS Initial Mark) [1 CMS-initial-mark: 10183K(341376K)] 24058K(494976K), 0.0077468 secs] [Times: user=0.01 sys=0.00, real=0.01 secs] 
2022-05-10T17:33:03.010+0800: 847.872: Total time for which application threads were stopped: 0.0079807 seconds, Stopping threads took: 0.0000435 seconds
2022-05-10T17:33:03.010+0800: 847.872: [CMS-concurrent-mark-start]
2022-05-10T17:33:03.034+0800: 847.895: [CMS-concurrent-mark: 0.023/0.023 secs] [Times: user=0.03 sys=0.00, real=0.02 secs] 
2022-05-10T17:33:03.034+0800: 847.895: [CMS-concurrent-preclean-start]
2022-05-10T17:33:03.035+0800: 847.897: [CMS-concurrent-preclean: 0.002/0.002 secs] [Times: user=0.00 sys=0.00, real=0.00 secs] 
2022-05-10T17:33:03.036+0800: 847.897: [CMS-concurrent-abortable-preclean-start]
 CMS: abort preclean due to time 2022-05-10T17:33:08.061+0800: 852.923: [CMS-concurrent-abortable-preclean: 0.086/5.026 secs] [Times: user=0.02 sys=0.00, real=5.03 secs] 
2022-05-10T17:33:08.062+0800: 852.924: Application time: 5.0523021 seconds
2022-05-10T17:33:08.062+0800: 852.924: [GC (CMS Final Remark) [YG occupancy: 13875 K (153600 K)]2022-05-10T17:33:08.062+0800: 852.924: [Rescan (parallel) , 0.0073247 secs]2022-05-10T17:33:08.070+0800: 852.932: [weak refs processing, 0.0000779 secs]2022-05-10T17:33:08.070+0800: 852.932: [class unloading, 0.0060113 secs]2022-05-10T17:33:08.076+0800: 852.938: [scrub symbol table, 0.0108853 secs]2022-05-10T17:33:08.087+0800: 852.949: [scrub string table, 0.0008299 secs][1 CMS-remark: 10183K(341376K)] 24058K(494976K), 0.0253946 secs] [Times: user=0.06 sys=0.00, real=0.03 secs] 
2022-05-10T17:33:08.089+0800: 852.950: Total time for which application threads were stopped: 0.0255844 seconds, Stopping threads took: 0.0000440 seconds
2022-05-10T17:33:08.089+0800: 852.950: [CMS-concurrent-sweep-start]
2022-05-10T17:33:08.097+0800: 852.959: [CMS-concurrent-sweep: 0.010/0.010 secs] [Times: user=0.00 sys=0.00, real=0.01 secs] 
2022-05-10T17:33:08.098+0800: 852.959: [CMS-concurrent-reset-start]
2022-05-10T17:33:08.099+0800: 852.960: [CMS-concurrent-reset: 0.001/0.001 secs] [Times: user=0.00 sys=0.00, real=0.00 secs] 
2022-05-10T17:33:10.103+0800: 854.964: Application time: 2.0147695 seconds
2022-05-10T17:33:10.103+0800: 854.964: [GC (CMS Initial Mark) [1 CMS-initial-mark: 10183K(341376K)] 24058K(494976K), 0.0064216 secs] [Times: user=0.00 sys=0.00, real=0.01 secs] 
2022-05-10T17:33:10.110+0800: 854.971: Total time for which application threads were stopped: 0.0066381 seconds, Stopping threads took: 0.0000414 seconds
2022-05-10T17:33:10.110+0800: 854.971: [CMS-concurrent-mark-start]
2022-05-10T17:33:10.132+0800: 854.993: [CMS-concurrent-mark: 0.022/0.022 secs] [Times: user=0.03 sys=0.00, real=0.02 secs] 
2022-05-10T17:33:10.132+0800: 854.993: [CMS-concurrent-preclean-start]
2022-05-10T17:33:10.134+0800: 854.995: [CMS-concurrent-preclean: 0.002/0.002 secs] [Times: user=0.02 sys=0.00, real=0.00 secs] 
2022-05-10T17:33:10.134+0800: 854.995: [CMS-concurrent-abortable-preclean-start]
 CMS: abort preclean due to time 2022-05-10T17:33:15.201+0800: 860.062: [CMS-concurrent-abortable-preclean: 0.093/5.067 secs] [Times: user=0.06 sys=0.00, real=5.07 secs] 
2022-05-10T17:33:15.238+0800: 860.099: Application time: 5.1282249 seconds
2022-05-10T17:33:15.238+0800: 860.099: [GC (CMS Final Remark) [YG occupancy: 13875 K (153600 K)]2022-05-10T17:33:15.238+0800: 860.099: [Rescan (parallel) , 0.0062759 secs]2022-05-10T17:33:15.244+0800: 860.106: [weak refs processing, 0.0000687 secs]2022-05-10T17:33:15.244+0800: 860.106: [class unloading, 0.0054536 secs]2022-05-10T17:33:15.250+0800: 860.111: [scrub symbol table, 0.0102998 secs]2022-05-10T17:33:15.260+0800: 860.122: [scrub string table, 0.0007579 secs][1 CMS-remark: 10183K(341376K)] 24058K(494976K), 0.0231305 secs] [Times: user=0.06 sys=0.00, real=0.02 secs] 
2022-05-10T17:33:15.261+0800: 860.123: Total time for which application threads were stopped: 0.0233006 seconds, Stopping threads took: 0.0000376 seconds
2022-05-10T17:33:15.282+0800: 860.144: [CMS-concurrent-sweep-start]
2022-05-10T17:33:15.291+0800: 860.152: [CMS-concurrent-sweep: 0.008/0.008 secs] [Times: user=0.02 sys=0.00, real=0.01 secs] 
2022-05-10T17:33:15.291+0800: 860.152: [CMS-concurrent-reset-start]
2022-05-10T17:33:15.291+0800: 860.152: [CMS-concurrent-reset: 0.001/0.001 secs] [Times: user=0.00 sys=0.00, real=0.00 secs] 
2022-05-10T17:33:17.299+0800: 862.160: Application time: 2.0371857 seconds
2022-05-10T17:33:17.299+0800: 862.160: [GC (CMS Initial Mark) [1 CMS-initial-mark: 10183K(341376K)] 24058K(494976K), 0.0041130 secs] [Times: user=0.00 sys=0.00, real=0.00 secs] 
2022-05-10T17:33:17.303+0800: 862.164: Total time for which application threads were stopped: 0.0043405 seconds, Stopping threads took: 0.0000451 seconds
2022-05-10T17:33:17.303+0800: 862.164: [CMS-concurrent-mark-start]
2022-05-10T17:33:17.322+0800: 862.183: [CMS-concurrent-mark: 0.019/0.019 secs] [Times: user=0.06 sys=0.00, real=0.02 secs] 
2022-05-10T17:33:17.322+0800: 862.183: [CMS-concurrent-preclean-start]
2022-05-10T17:33:17.324+0800: 862.185: [CMS-concurrent-preclean: 0.001/0.001 secs] [Times: user=0.00 sys=0.00, real=0.00 secs] 
2022-05-10T17:33:17.324+0800: 862.185: [CMS-concurrent-abortable-preclean-start]
 CMS: abort preclean due to time 2022-05-10T17:33:22.386+0800: 867.247: [CMS-concurrent-abortable-preclean: 0.076/5.062 secs] [Times: user=0.05 sys=0.00, real=5.06 secs] 
2022-05-10T17:33:22.386+0800: 867.247: Application time: 5.0828699 seconds
2022-05-10T17:33:22.386+0800: 867.247: [GC (CMS Final Remark) [YG occupancy: 13875 K (153600 K)]2022-05-10T17:33:22.386+0800: 867.247: [Rescan (parallel) , 0.0070822 secs]2022-05-10T17:33:22.393+0800: 867.254: [weak refs processing, 0.0000805 secs]2022-05-10T17:33:22.393+0800: 867.254: [class unloading, 0.0048755 secs]2022-05-10T17:33:22.398+0800: 867.259: [scrub symbol table, 0.0117222 secs]2022-05-10T17:33:22.409+0800: 867.271: [scrub string table, 0.0006159 secs][1 CMS-remark: 10183K(341376K)] 24058K(494976K), 0.0246268 secs] [Times: user=0.02 sys=0.00, real=0.02 secs] 
2022-05-10T17:33:22.411+0800: 867.272: Total time for which application threads were stopped: 0.0248312 seconds, Stopping threads took: 0.0000554 seconds
2022-05-10T17:33:22.411+0800: 867.272: [CMS-concurrent-sweep-start]
2022-05-10T17:33:22.418+0800: 867.280: [CMS-concurrent-sweep: 0.008/0.008 secs] [Times: user=0.02 sys=0.00, real=0.01 secs] 
2022-05-10T17:33:22.418+0800: 867.280: [CMS-concurrent-reset-start]
2022-05-10T17:33:22.419+0800: 867.280: [CMS-concurrent-reset: 0.001/0.001 secs] [Times: user=0.00 sys=0.00, real=0.00 secs] 
2022-05-10T17:33:24.433+0800: 869.294: Application time: 2.0226842 seconds
2022-05-10T17:33:24.433+0800: 869.295: [GC (CMS Initial Mark) [1 CMS-initial-mark: 10183K(341376K)] 24058K(494976K), 0.0065652 secs] [Times: user=0.00 sys=0.00, real=0.01 secs] 
2022-05-10T17:33:24.440+0800: 869.301: Total time for which application threads were stopped: 0.0067753 seconds, Stopping threads took: 0.0000392 seconds
2022-05-10T17:33:24.440+0800: 869.301: [CMS-concurrent-mark-start]
2022-05-10T17:33:24.462+0800: 869.324: [CMS-concurrent-mark: 0.023/0.023 secs] [Times: user=0.06 sys=0.00, real=0.02 secs] 
2022-05-10T17:33:24.462+0800: 869.324: [CMS-concurrent-preclean-start]
2022-05-10T17:33:24.464+0800: 869.326: [CMS-concurrent-preclean: 0.002/0.002 secs] [Times: user=0.00 sys=0.00, real=0.00 secs] 
2022-05-10T17:33:24.464+0800: 869.326: [CMS-concurrent-abortable-preclean-start]
 CMS: abort preclean due to time 2022-05-10T17:33:29.553+0800: 874.415: [CMS-concurrent-abortable-preclean: 0.071/5.089 secs] [Times: user=0.05 sys=0.00, real=5.09 secs] 
2022-05-10T17:33:29.557+0800: 874.418: Application time: 5.1172460 seconds
2022-05-10T17:33:29.558+0800: 874.419: [GC (CMS Final Remark) [YG occupancy: 13875 K (153600 K)]2022-05-10T17:33:29.558+0800: 874.419: [Rescan (parallel) , 0.0051624 secs]2022-05-10T17:33:29.563+0800: 874.424: [weak refs processing, 0.0000413 secs]2022-05-10T17:33:29.563+0800: 874.424: [class unloading, 0.0035801 secs]2022-05-10T17:33:29.566+0800: 874.428: [scrub symbol table, 0.0070235 secs]2022-05-10T17:33:29.573+0800: 874.435: [scrub string table, 0.0004305 secs][1 CMS-remark: 10183K(341376K)] 24058K(494976K), 0.0164233 secs] [Times: user=0.02 sys=0.00, real=0.01 secs] 
2022-05-10T17:33:29.573+0800: 874.435: Total time for which application threads were stopped: 0.0165726 seconds, Stopping threads took: 0.0000522 seconds
2022-05-10T17:33:29.573+0800: 874.435: [CMS-concurrent-sweep-start]
2022-05-10T17:33:29.578+0800: 874.440: [CMS-concurrent-sweep: 0.005/0.005 secs] [Times: user=0.00 sys=0.00, real=0.01 secs] 
2022-05-10T17:33:29.579+0800: 874.440: [CMS-concurrent-reset-start]
2022-05-10T17:33:29.579+0800: 874.441: [CMS-concurrent-reset: 0.000/0.000 secs] [Times: user=0.00 sys=0.00, real=0.00 secs] 
2022-05-10T17:33:31.588+0800: 876.449: Application time: 2.0144210 seconds
2022-05-10T17:33:31.588+0800: 876.450: [GC (CMS Initial Mark) [1 CMS-initial-mark: 10183K(341376K)] 24058K(494976K), 0.0069296 secs] [Times: user=0.00 sys=0.00, real=0.01 secs] 
2022-05-10T17:33:31.595+0800: 876.457: Total time for which application threads were stopped: 0.0071304 seconds, Stopping threads took: 0.0000431 seconds
2022-05-10T17:33:31.595+0800: 876.457: [CMS-concurrent-mark-start]
2022-05-10T17:33:31.618+0800: 876.479: [CMS-concurrent-mark: 0.023/0.023 secs] [Times: user=0.06 sys=0.00, real=0.02 secs] 
2022-05-10T17:33:31.618+0800: 876.480: [CMS-concurrent-preclean-start]
2022-05-10T17:33:31.620+0800: 876.482: [CMS-concurrent-preclean: 0.002/0.002 secs] [Times: user=0.00 sys=0.00, real=0.00 secs] 
2022-05-10T17:33:31.620+0800: 876.482: [CMS-concurrent-abortable-preclean-start]
 CMS: abort preclean due to time 2022-05-10T17:33:36.686+0800: 881.548: [CMS-concurrent-abortable-preclean: 0.073/5.066 secs] [Times: user=0.08 sys=0.00, real=5.07 secs] 
2022-05-10T17:33:36.686+0800: 881.548: Application time: 5.0912234 seconds
2022-05-10T17:33:36.686+0800: 881.548: [GC (CMS Final Remark) [YG occupancy: 13875 K (153600 K)]2022-05-10T17:33:36.686+0800: 881.548: [Rescan (parallel) , 0.0071963 secs]2022-05-10T17:33:36.694+0800: 881.555: [weak refs processing, 0.0000599 secs]2022-05-10T17:33:36.694+0800: 881.555: [class unloading, 0.0037782 secs]2022-05-10T17:33:36.697+0800: 881.559: [scrub symbol table, 0.0079577 secs]2022-05-10T17:33:36.705+0800: 881.567: [scrub string table, 0.0005602 secs][1 CMS-remark: 10183K(341376K)] 24058K(494976K), 0.0197298 secs] [Times: user=0.01 sys=0.00, real=0.02 secs] 
2022-05-10T17:33:36.706+0800: 881.568: Total time for which application threads were stopped: 0.0198573 seconds, Stopping threads took: 0.0000264 seconds
2022-05-10T17:33:36.706+0800: 881.568: [CMS-concurrent-sweep-start]
2022-05-10T17:33:36.712+0800: 881.574: [CMS-concurrent-sweep: 0.006/0.006 secs] [Times: user=0.02 sys=0.00, real=0.01 secs] 
2022-05-10T17:33:36.713+0800: 881.574: [CMS-concurrent-reset-start]
2022-05-10T17:33:36.713+0800: 881.574: [CMS-concurrent-reset: 0.000/0.000 secs] [Times: user=0.00 sys=0.00, real=0.00 secs] 
2022-05-10T17:33:38.738+0800: 883.599: Application time: 2.0313850 seconds
2022-05-10T17:33:38.738+0800: 883.599: [GC (CMS Initial Mark) [1 CMS-initial-mark: 10183K(341376K)] 24058K(494976K), 0.0106271 secs] [Times: user=0.01 sys=0.00, real=0.01 secs] 
2022-05-10T17:33:38.749+0800: 883.610: Total time for which application threads were stopped: 0.0110527 seconds, Stopping threads took: 0.0001360 seconds
2022-05-10T17:33:38.749+0800: 883.610: [CMS-concurrent-mark-start]
2022-05-10T17:33:38.790+0800: 883.651: [CMS-concurrent-mark: 0.041/0.041 secs] [Times: user=0.03 sys=0.00, real=0.04 secs] 
2022-05-10T17:33:38.790+0800: 883.651: [CMS-concurrent-preclean-start]
2022-05-10T17:33:38.791+0800: 883.653: [CMS-concurrent-preclean: 0.002/0.002 secs] [Times: user=0.00 sys=0.00, real=0.00 secs] 
2022-05-10T17:33:38.791+0800: 883.653: [CMS-concurrent-abortable-preclean-start]
 CMS: abort preclean due to time 2022-05-10T17:33:43.896+0800: 888.757: [CMS-concurrent-abortable-preclean: 0.080/5.104 secs] [Times: user=0.05 sys=0.00, real=5.11 secs] 
2022-05-10T17:33:43.896+0800: 888.757: Application time: 5.1470524 seconds
2022-05-10T17:33:43.896+0800: 888.757: [GC (CMS Final Remark) [YG occupancy: 13875 K (153600 K)]2022-05-10T17:33:43.896+0800: 888.757: [Rescan (parallel) , 0.0071696 secs]2022-05-10T17:33:43.903+0800: 888.765: [weak refs processing, 0.0000489 secs]2022-05-10T17:33:43.903+0800: 888.765: [class unloading, 0.0038665 secs]2022-05-10T17:33:43.907+0800: 888.768: [scrub symbol table, 0.0080005 secs]2022-05-10T17:33:43.915+0800: 888.777: [scrub string table, 0.0005422 secs][1 CMS-remark: 10183K(341376K)] 24058K(494976K), 0.0197914 secs] [Times: user=0.11 sys=0.00, real=0.02 secs] 
2022-05-10T17:33:43.915+0800: 888.777: Total time for which application threads were stopped: 0.0199170 seconds, Stopping threads took: 0.0000294 seconds
2022-05-10T17:33:43.916+0800: 888.777: [CMS-concurrent-sweep-start]
2022-05-10T17:33:43.922+0800: 888.783: [CMS-concurrent-sweep: 0.006/0.006 secs] [Times: user=0.00 sys=0.00, real=0.01 secs] 
2022-05-10T17:33:43.922+0800: 888.783: [CMS-concurrent-reset-start]
2022-05-10T17:33:43.923+0800: 888.784: [CMS-concurrent-reset: 0.000/0.000 secs] [Times: user=0.00 sys=0.00, real=0.00 secs] 
2022-05-10T17:33:45.944+0800: 890.806: Application time: 2.0283693 seconds
2022-05-10T17:33:45.944+0800: 890.806: [GC (CMS Initial Mark) [1 CMS-initial-mark: 10183K(341376K)] 24058K(494976K), 0.0113737 secs] [Times: user=0.02 sys=0.00, real=0.01 secs] 
2022-05-10T17:33:45.956+0800: 890.817: Total time for which application threads were stopped: 0.0117136 seconds, Stopping threads took: 0.0001523 seconds
2022-05-10T17:33:45.956+0800: 890.817: [CMS-concurrent-mark-start]
2022-05-10T17:33:45.978+0800: 890.840: [CMS-concurrent-mark: 0.022/0.022 secs] [Times: user=0.06 sys=0.00, real=0.02 secs] 
2022-05-10T17:33:45.978+0800: 890.840: [CMS-concurrent-preclean-start]
2022-05-10T17:33:45.982+0800: 890.843: [CMS-concurrent-preclean: 0.003/0.003 secs] [Times: user=0.00 sys=0.00, real=0.00 secs] 
2022-05-10T17:33:45.982+0800: 890.843: [CMS-concurrent-abortable-preclean-start]
 CMS: abort preclean due to time 2022-05-10T17:33:51.065+0800: 895.927: [CMS-concurrent-abortable-preclean: 0.109/5.084 secs] [Times: user=0.06 sys=0.00, real=5.08 secs] 
2022-05-10T17:33:51.065+0800: 895.927: Application time: 5.1100653 seconds
2022-05-10T17:33:51.066+0800: 895.927: [GC (CMS Final Remark) [YG occupancy: 13875 K (153600 K)]2022-05-10T17:33:51.066+0800: 895.927: [Rescan (parallel) , 0.0078285 secs]2022-05-10T17:33:51.074+0800: 895.935: [weak refs processing, 0.0000828 secs]2022-05-10T17:33:51.074+0800: 895.935: [class unloading, 0.0060460 secs]2022-05-10T17:33:51.080+0800: 895.942: [scrub symbol table, 0.0110298 secs]2022-05-10T17:33:51.091+0800: 895.953: [scrub string table, 0.0008836 secs][1 CMS-remark: 10183K(341376K)] 24058K(494976K), 0.0261386 secs] [Times: user=0.08 sys=0.00, real=0.03 secs] 
2022-05-10T17:33:51.093+0800: 895.954: Total time for which application threads were stopped: 0.0263217 seconds, Stopping threads took: 0.0000391 seconds
2022-05-10T17:33:51.098+0800: 895.960: [CMS-concurrent-sweep-start]
2022-05-10T17:33:51.108+0800: 895.969: [CMS-concurrent-sweep: 0.010/0.010 secs] [Times: user=0.02 sys=0.00, real=0.01 secs] 
2022-05-10T17:33:51.108+0800: 895.969: [CMS-concurrent-reset-start]
2022-05-10T17:33:51.108+0800: 895.970: [CMS-concurrent-reset: 0.001/0.001 secs] [Times: user=0.00 sys=0.00, real=0.00 secs] 
2022-05-10T17:33:53.112+0800: 897.973: Application time: 2.0192510 seconds
2022-05-10T17:33:53.112+0800: 897.973: [GC (CMS Initial Mark) [1 CMS-initial-mark: 10183K(341376K)] 24058K(494976K), 0.0055738 secs] [Times: user=0.02 sys=0.00, real=0.01 secs] 
2022-05-10T17:33:53.117+0800: 897.979: Total time for which application threads were stopped: 0.0058132 seconds, Stopping threads took: 0.0000410 seconds
2022-05-10T17:33:53.117+0800: 897.979: [CMS-concurrent-mark-start]
2022-05-10T17:33:53.137+0800: 897.999: [CMS-concurrent-mark: 0.020/0.020 secs] [Times: user=0.03 sys=0.00, real=0.02 secs] 
2022-05-10T17:33:53.138+0800: 897.999: [CMS-concurrent-preclean-start]
2022-05-10T17:33:53.138+0800: 898.000: [CMS-concurrent-preclean: 0.002/0.002 secs] [Times: user=0.00 sys=0.00, real=0.00 secs] 
2022-05-10T17:33:53.138+0800: 898.000: [CMS-concurrent-abortable-preclean-start]
 CMS: abort preclean due to time 2022-05-10T17:33:58.218+0800: 903.079: [CMS-concurrent-abortable-preclean: 0.092/5.079 secs] [Times: user=0.06 sys=0.00, real=5.08 secs] 
2022-05-10T17:33:58.218+0800: 903.080: Application time: 5.1007946 seconds
2022-05-10T17:33:58.218+0800: 903.080: [GC (CMS Final Remark) [YG occupancy: 13875 K (153600 K)]2022-05-10T17:33:58.218+0800: 903.080: [Rescan (parallel) , 0.0062482 secs]2022-05-10T17:33:58.225+0800: 903.086: [weak refs processing, 0.0000688 secs]2022-05-10T17:33:58.225+0800: 903.086: [class unloading, 0.0052334 secs]2022-05-10T17:33:58.230+0800: 903.091: [scrub symbol table, 0.0080428 secs]2022-05-10T17:33:58.238+0800: 903.099: [scrub string table, 0.0004812 secs][1 CMS-remark: 10183K(341376K)] 24058K(494976K), 0.0202877 secs] [Times: user=0.02 sys=0.00, real=0.02 secs] 
2022-05-10T17:33:58.239+0800: 903.100: Total time for which application threads were stopped: 0.0204310 seconds, Stopping threads took: 0.0000373 seconds
2022-05-10T17:33:58.239+0800: 903.100: [CMS-concurrent-sweep-start]
2022-05-10T17:33:58.244+0800: 903.106: [CMS-concurrent-sweep: 0.006/0.006 secs] [Times: user=0.02 sys=0.00, real=0.01 secs] 
2022-05-10T17:33:58.245+0800: 903.106: [CMS-concurrent-reset-start]
2022-05-10T17:33:58.245+0800: 903.106: [CMS-concurrent-reset: 0.000/0.000 secs] [Times: user=0.00 sys=0.00, real=0.00 secs] 
2022-05-10T17:34:00.252+0800: 905.113: Application time: 2.0128927 seconds
2022-05-10T17:34:00.252+0800: 905.113: [GC (CMS Initial Mark) [1 CMS-initial-mark: 10183K(341376K)] 24058K(494976K), 0.0075723 secs] [Times: user=0.02 sys=0.00, real=0.01 secs] 
2022-05-10T17:34:00.260+0800: 905.121: Total time for which application threads were stopped: 0.0078549 seconds, Stopping threads took: 0.0000440 seconds
2022-05-10T17:34:00.260+0800: 905.121: [CMS-concurrent-mark-start]
2022-05-10T17:34:00.286+0800: 905.148: [CMS-concurrent-mark: 0.027/0.027 secs] [Times: user=0.03 sys=0.00, real=0.03 secs] 
2022-05-10T17:34:00.286+0800: 905.148: [CMS-concurrent-preclean-start]
2022-05-10T17:34:00.288+0800: 905.150: [CMS-concurrent-preclean: 0.002/0.002 secs] [Times: user=0.00 sys=0.00, real=0.00 secs] 
2022-05-10T17:34:00.288+0800: 905.150: [CMS-concurrent-abortable-preclean-start]
2022-05-10T17:34:02.275+0800: 907.136: Application time: 2.0150305 seconds
2022-05-10T17:34:02.276+0800: 907.137: Total time for which application threads were stopped: 0.0009466 seconds, Stopping threads took: 0.0007554 seconds
 CMS: abort preclean due to time 2022-05-10T17:34:05.357+0800: 910.218: [CMS-concurrent-abortable-preclean: 0.103/5.069 secs] [Times: user=0.05 sys=0.00, real=5.07 secs] 
2022-05-10T17:34:05.357+0800: 910.219: Application time: 3.0819574 seconds
2022-05-10T17:34:05.357+0800: 910.219: [GC (CMS Final Remark) [YG occupancy: 13875 K (153600 K)]2022-05-10T17:34:05.357+0800: 910.219: [Rescan (parallel) , 0.0071475 secs]2022-05-10T17:34:05.365+0800: 910.226: [weak refs processing, 0.0000452 secs]2022-05-10T17:34:05.365+0800: 910.226: [class unloading, 0.0034503 secs]2022-05-10T17:34:05.368+0800: 910.229: [scrub symbol table, 0.0064448 secs]2022-05-10T17:34:05.374+0800: 910.236: [scrub string table, 0.0004995 secs][1 CMS-remark: 10183K(341376K)] 24058K(494976K), 0.0177321 secs] [Times: user=0.02 sys=0.00, real=0.02 secs] 
2022-05-10T17:34:05.375+0800: 910.237: Total time for which application threads were stopped: 0.0178550 seconds, Stopping threads took: 0.0000285 seconds
2022-05-10T17:34:05.376+0800: 910.237: [CMS-concurrent-sweep-start]
2022-05-10T17:34:05.381+0800: 910.242: [CMS-concurrent-sweep: 0.006/0.006 secs] [Times: user=0.00 sys=0.00, real=0.01 secs] 
2022-05-10T17:34:05.381+0800: 910.243: [CMS-concurrent-reset-start]
2022-05-10T17:34:05.381+0800: 910.243: [CMS-concurrent-reset: 0.000/0.000 secs] [Times: user=0.00 sys=0.00, real=0.00 secs] 
2022-05-10T17:34:07.392+0800: 912.253: Application time: 2.0162649 seconds
2022-05-10T17:34:07.392+0800: 912.253: [GC (CMS Initial Mark) [1 CMS-initial-mark: 10183K(341376K)] 24058K(494976K), 0.0066717 secs] [Times: user=0.00 sys=0.02, real=0.01 secs] 
2022-05-10T17:34:07.399+0800: 912.260: Total time for which application threads were stopped: 0.0068837 seconds, Stopping threads took: 0.0000426 seconds
2022-05-10T17:34:07.399+0800: 912.260: [CMS-concurrent-mark-start]
2022-05-10T17:34:07.417+0800: 912.279: [CMS-concurrent-mark: 0.019/0.019 secs] [Times: user=0.03 sys=0.00, real=0.02 secs] 
2022-05-10T17:34:07.418+0800: 912.279: [CMS-concurrent-preclean-start]
2022-05-10T17:34:07.419+0800: 912.280: [CMS-concurrent-preclean: 0.001/0.001 secs] [Times: user=0.00 sys=0.00, real=0.00 secs] 
2022-05-10T17:34:07.419+0800: 912.280: [CMS-concurrent-abortable-preclean-start]
 CMS: abort preclean due to time 2022-05-10T17:34:12.470+0800: 917.331: [CMS-concurrent-abortable-preclean: 0.091/5.051 secs] [Times: user=0.14 sys=0.00, real=5.05 secs] 
2022-05-10T17:34:12.470+0800: 917.331: Application time: 5.0715807 seconds
2022-05-10T17:34:12.470+0800: 917.331: [GC (CMS Final Remark) [YG occupancy: 13875 K (153600 K)]2022-05-10T17:34:12.470+0800: 917.331: [Rescan (parallel) , 0.0069227 secs]2022-05-10T17:34:12.477+0800: 917.338: [weak refs processing, 0.0000477 secs]2022-05-10T17:34:12.477+0800: 917.338: [class unloading, 0.0036640 secs]2022-05-10T17:34:12.481+0800: 917.342: [scrub symbol table, 0.0078639 secs]2022-05-10T17:34:12.489+0800: 917.350: [scrub string table, 0.0005169 secs][1 CMS-remark: 10183K(341376K)] 24058K(494976K), 0.0191784 secs] [Times: user=0.08 sys=0.00, real=0.02 secs] 
2022-05-10T17:34:12.489+0800: 917.351: Total time for which application threads were stopped: 0.0193012 seconds, Stopping threads took: 0.0000274 seconds
2022-05-10T17:34:12.490+0800: 917.351: [CMS-concurrent-sweep-start]
2022-05-10T17:34:12.497+0800: 917.358: [CMS-concurrent-sweep: 0.008/0.008 secs] [Times: user=0.02 sys=0.00, real=0.01 secs] 
2022-05-10T17:34:12.497+0800: 917.358: [CMS-concurrent-reset-start]
2022-05-10T17:34:12.498+0800: 917.359: [CMS-concurrent-reset: 0.001/0.001 secs] [Times: user=0.00 sys=0.00, real=0.00 secs] 
2022-05-10T17:34:14.499+0800: 919.361: Application time: 2.0101272 seconds
2022-05-10T17:34:14.499+0800: 919.361: [GC (CMS Initial Mark) [1 CMS-initial-mark: 10182K(341376K)] 24058K(494976K), 0.0048429 secs] [Times: user=0.00 sys=0.00, real=0.01 secs] 
2022-05-10T17:34:14.505+0800: 919.366: Total time for which application threads were stopped: 0.0050107 seconds, Stopping threads took: 0.0000321 seconds
2022-05-10T17:34:14.505+0800: 919.366: [CMS-concurrent-mark-start]
2022-05-10T17:34:14.522+0800: 919.383: [CMS-concurrent-mark: 0.018/0.018 secs] [Times: user=0.03 sys=0.00, real=0.02 secs] 
2022-05-10T17:34:14.522+0800: 919.383: [CMS-concurrent-preclean-start]
2022-05-10T17:34:14.523+0800: 919.385: [CMS-concurrent-preclean: 0.001/0.001 secs] [Times: user=0.02 sys=0.00, real=0.00 secs] 
2022-05-10T17:34:14.523+0800: 919.385: [CMS-concurrent-abortable-preclean-start]
 CMS: abort preclean due to time 2022-05-10T17:34:19.579+0800: 924.440: [CMS-concurrent-abortable-preclean: 0.084/5.055 secs] [Times: user=0.05 sys=0.00, real=5.06 secs] 
2022-05-10T17:34:19.586+0800: 924.447: Application time: 5.0817264 seconds
2022-05-10T17:34:19.586+0800: 924.448: [GC (CMS Final Remark) [YG occupancy: 13875 K (153600 K)]2022-05-10T17:34:19.586+0800: 924.448: [Rescan (parallel) , 0.0053610 secs]2022-05-10T17:34:19.592+0800: 924.453: [weak refs processing, 0.0000594 secs]2022-05-10T17:34:19.592+0800: 924.453: [class unloading, 0.0047826 secs]2022-05-10T17:34:19.597+0800: 924.458: [scrub symbol table, 0.0095955 secs]2022-05-10T17:34:19.606+0800: 924.468: [scrub string table, 0.0006692 secs][1 CMS-remark: 10182K(341376K)] 24058K(494976K), 0.0206920 secs] [Times: user=0.02 sys=0.00, real=0.02 secs] 
2022-05-10T17:34:19.607+0800: 924.468: Total time for which application threads were stopped: 0.0208477 seconds, Stopping threads took: 0.0000353 seconds
2022-05-10T17:34:19.621+0800: 924.482: [CMS-concurrent-sweep-start]
2022-05-10T17:34:19.628+0800: 924.489: [CMS-concurrent-sweep: 0.007/0.007 secs] [Times: user=0.00 sys=0.00, real=0.01 secs] 
2022-05-10T17:34:19.629+0800: 924.490: [CMS-concurrent-reset-start]
2022-05-10T17:34:19.629+0800: 924.490: [CMS-concurrent-reset: 0.000/0.000 secs] [Times: user=0.00 sys=0.00, real=0.00 secs] 
2022-05-10T17:34:21.636+0800: 926.497: Application time: 2.0288081 seconds
2022-05-10T17:34:21.636+0800: 926.497: [GC (CMS Initial Mark) [1 CMS-initial-mark: 10182K(341376K)] 26789K(494976K), 0.0042326 secs] [Times: user=0.00 sys=0.00, real=0.00 secs] 
2022-05-10T17:34:21.640+0800: 926.502: Total time for which application threads were stopped: 0.0044391 seconds, Stopping threads took: 0.0000618 seconds
2022-05-10T17:34:21.640+0800: 926.502: [CMS-concurrent-mark-start]
2022-05-10T17:34:21.655+0800: 926.517: [CMS-concurrent-mark: 0.015/0.015 secs] [Times: user=0.03 sys=0.00, real=0.01 secs] 
2022-05-10T17:34:21.655+0800: 926.517: [CMS-concurrent-preclean-start]
2022-05-10T17:34:21.657+0800: 926.518: [CMS-concurrent-preclean: 0.001/0.001 secs] [Times: user=0.00 sys=0.00, real=0.00 secs] 
2022-05-10T17:34:21.657+0800: 926.518: [CMS-concurrent-abortable-preclean-start]
 CMS: abort preclean due to time 2022-05-10T17:34:26.705+0800: 931.566: [CMS-concurrent-abortable-preclean: 0.083/5.048 secs] [Times: user=0.03 sys=0.02, real=5.05 secs] 
2022-05-10T17:34:26.705+0800: 931.566: Application time: 5.0648684 seconds
2022-05-10T17:34:26.705+0800: 931.567: [GC (CMS Final Remark) [YG occupancy: 16606 K (153600 K)]2022-05-10T17:34:26.705+0800: 931.567: [Rescan (parallel) , 0.0074395 secs]2022-05-10T17:34:26.713+0800: 931.574: [weak refs processing, 0.0000524 secs]2022-05-10T17:34:26.713+0800: 931.574: [class unloading, 0.0038641 secs]2022-05-10T17:34:26.717+0800: 931.578: [scrub symbol table, 0.0097594 secs]2022-05-10T17:34:26.726+0800: 931.588: [scrub string table, 0.0006405 secs][1 CMS-remark: 10182K(341376K)] 26789K(494976K), 0.0220216 secs] [Times: user=0.11 sys=0.00, real=0.02 secs] 
2022-05-10T17:34:26.727+0800: 931.589: Total time for which application threads were stopped: 0.0222140 seconds, Stopping threads took: 0.0000446 seconds
2022-05-10T17:34:26.727+0800: 931.589: [CMS-concurrent-sweep-start]
2022-05-10T17:34:26.737+0800: 931.598: [CMS-concurrent-sweep: 0.010/0.010 secs] [Times: user=0.00 sys=0.00, real=0.01 secs] 
2022-05-10T17:34:26.737+0800: 931.598: [CMS-concurrent-reset-start]
2022-05-10T17:34:26.738+0800: 931.599: [CMS-concurrent-reset: 0.001/0.001 secs] [Times: user=0.00 sys=0.00, real=0.00 secs] 
2022-05-10T17:34:28.749+0800: 933.610: Application time: 2.0217271 seconds
2022-05-10T17:34:28.749+0800: 933.611: [GC (CMS Initial Mark) [1 CMS-initial-mark: 10182K(341376K)] 26789K(494976K), 0.0079068 secs] [Times: user=0.02 sys=0.00, real=0.01 secs] 
2022-05-10T17:34:28.757+0800: 933.619: Total time for which application threads were stopped: 0.0081276 seconds, Stopping threads took: 0.0000445 seconds
2022-05-10T17:34:28.757+0800: 933.619: [CMS-concurrent-mark-start]
2022-05-10T17:34:28.782+0800: 933.644: [CMS-concurrent-mark: 0.025/0.025 secs] [Times: user=0.03 sys=0.00, real=0.03 secs] 
2022-05-10T17:34:28.782+0800: 933.644: [CMS-concurrent-preclean-start]
2022-05-10T17:34:28.784+0800: 933.646: [CMS-concurrent-preclean: 0.002/0.002 secs] [Times: user=0.00 sys=0.00, real=0.00 secs] 
2022-05-10T17:34:28.784+0800: 933.646: [CMS-concurrent-abortable-preclean-start]
 CMS: abort preclean due to time 2022-05-10T17:34:33.861+0800: 938.723: [CMS-concurrent-abortable-preclean: 0.080/5.077 secs] [Times: user=0.11 sys=0.00, real=5.08 secs] 
2022-05-10T17:34:33.862+0800: 938.723: Application time: 5.1047496 seconds
2022-05-10T17:34:33.862+0800: 938.723: [GC (CMS Final Remark) [YG occupancy: 16606 K (153600 K)]2022-05-10T17:34:33.862+0800: 938.723: [Rescan (parallel) , 0.0079947 secs]2022-05-10T17:34:33.870+0800: 938.732: [weak refs processing, 0.0000656 secs]2022-05-10T17:34:33.870+0800: 938.732: [class unloading, 0.0043903 secs]2022-05-10T17:34:33.874+0800: 938.736: [scrub symbol table, 0.0124385 secs]2022-05-10T17:34:33.887+0800: 938.748: [scrub string table, 0.0008788 secs][1 CMS-remark: 10182K(341376K)] 26789K(494976K), 0.0260310 secs] [Times: user=0.08 sys=0.00, real=0.03 secs] 
2022-05-10T17:34:33.888+0800: 938.750: Total time for which application threads were stopped: 0.0262381 seconds, Stopping threads took: 0.0000537 seconds
2022-05-10T17:34:33.888+0800: 938.750: [CMS-concurrent-sweep-start]
2022-05-10T17:34:33.898+0800: 938.760: [CMS-concurrent-sweep: 0.010/0.010 secs] [Times: user=0.01 sys=0.00, real=0.01 secs] 
2022-05-10T17:34:33.898+0800: 938.760: [CMS-concurrent-reset-start]
2022-05-10T17:34:33.899+0800: 938.760: [CMS-concurrent-reset: 0.001/0.001 secs] [Times: user=0.00 sys=0.00, real=0.00 secs] 
2022-05-10T17:34:35.908+0800: 940.769: Application time: 2.0191555 seconds
2022-05-10T17:34:35.908+0800: 940.769: [GC (CMS Initial Mark) [1 CMS-initial-mark: 10182K(341376K)] 26789K(494976K), 0.0044564 secs] [Times: user=0.00 sys=0.00, real=0.00 secs] 
2022-05-10T17:34:35.912+0800: 940.773: Total time for which application threads were stopped: 0.0046350 seconds, Stopping threads took: 0.0000384 seconds
2022-05-10T17:34:35.912+0800: 940.773: [CMS-concurrent-mark-start]
2022-05-10T17:34:35.927+0800: 940.788: [CMS-concurrent-mark: 0.014/0.014 secs] [Times: user=0.03 sys=0.00, real=0.02 secs] 
2022-05-10T17:34:35.927+0800: 940.788: [CMS-concurrent-preclean-start]
2022-05-10T17:34:35.928+0800: 940.789: [CMS-concurrent-preclean: 0.001/0.001 secs] [Times: user=0.00 sys=0.00, real=0.00 secs] 
2022-05-10T17:34:35.928+0800: 940.789: [CMS-concurrent-abortable-preclean-start]
 CMS: abort preclean due to time 2022-05-10T17:34:40.968+0800: 945.829: [CMS-concurrent-abortable-preclean: 0.085/5.040 secs] [Times: user=0.03 sys=0.00, real=5.04 secs] 
2022-05-10T17:34:40.968+0800: 945.829: Application time: 5.0559158 seconds
2022-05-10T17:34:40.968+0800: 945.829: [GC (CMS Final Remark) [YG occupancy: 16606 K (153600 K)]2022-05-10T17:34:40.968+0800: 945.829: [Rescan (parallel) , 0.0068424 secs]2022-05-10T17:34:40.975+0800: 945.836: [weak refs processing, 0.0000750 secs]2022-05-10T17:34:40.975+0800: 945.836: [class unloading, 0.0054149 secs]2022-05-10T17:34:40.980+0800: 945.842: [scrub symbol table, 0.0082628 secs]2022-05-10T17:34:40.988+0800: 945.850: [scrub string table, 0.0005505 secs][1 CMS-remark: 10182K(341376K)] 26789K(494976K), 0.0213739 secs] [Times: user=0.02 sys=0.00, real=0.02 secs] 
2022-05-10T17:34:40.989+0800: 945.851: Total time for which application threads were stopped: 0.0215203 seconds, Stopping threads took: 0.0000344 seconds
2022-05-10T17:34:40.990+0800: 945.851: [CMS-concurrent-sweep-start]
2022-05-10T17:34:40.995+0800: 945.857: [CMS-concurrent-sweep: 0.006/0.006 secs] [Times: user=0.02 sys=0.00, real=0.00 secs] 
2022-05-10T17:34:40.995+0800: 945.857: [CMS-concurrent-reset-start]
2022-05-10T17:34:40.996+0800: 945.857: [CMS-concurrent-reset: 0.000/0.000 secs] [Times: user=0.00 sys=0.00, real=0.00 secs] 
2022-05-10T17:34:43.007+0800: 947.868: Application time: 2.0171123 seconds
2022-05-10T17:34:43.007+0800: 947.868: [GC (CMS Initial Mark) [1 CMS-initial-mark: 10182K(341376K)] 26789K(494976K), 0.0051667 secs] [Times: user=0.03 sys=0.00, real=0.01 secs] 
2022-05-10T17:34:43.012+0800: 947.873: Total time for which application threads were stopped: 0.0053373 seconds, Stopping threads took: 0.0000392 seconds
2022-05-10T17:34:43.012+0800: 947.873: [CMS-concurrent-mark-start]
2022-05-10T17:34:43.026+0800: 947.887: [CMS-concurrent-mark: 0.013/0.013 secs] [Times: user=0.03 sys=0.00, real=0.01 secs] 
2022-05-10T17:34:43.026+0800: 947.887: [CMS-concurrent-preclean-start]
2022-05-10T17:34:43.027+0800: 947.888: [CMS-concurrent-preclean: 0.001/0.001 secs] [Times: user=0.00 sys=0.00, real=0.00 secs] 
2022-05-10T17:34:43.027+0800: 947.888: [CMS-concurrent-abortable-preclean-start]
 CMS: abort preclean due to time 2022-05-10T17:34:48.085+0800: 952.947: [CMS-concurrent-abortable-preclean: 0.070/5.059 secs] [Times: user=0.05 sys=0.00, real=5.06 secs] 
2022-05-10T17:34:48.086+0800: 952.947: Application time: 5.0735170 seconds
2022-05-10T17:34:48.086+0800: 952.947: [GC (CMS Final Remark) [YG occupancy: 16606 K (153600 K)]2022-05-10T17:34:48.086+0800: 952.947: [Rescan (parallel) , 0.0046974 secs]2022-05-10T17:34:48.090+0800: 952.952: [weak refs processing, 0.0000338 secs]2022-05-10T17:34:48.090+0800: 952.952: [class unloading, 0.0030339 secs]2022-05-10T17:34:48.094+0800: 952.955: [scrub symbol table, 0.0045887 secs]2022-05-10T17:34:48.098+0800: 952.959: [scrub string table, 0.0003795 secs][1 CMS-remark: 10182K(341376K)] 26789K(494976K), 0.0128445 secs] [Times: user=0.00 sys=0.00, real=0.01 secs] 
2022-05-10T17:34:48.099+0800: 952.960: Total time for which application threads were stopped: 0.0129362 seconds, Stopping threads took: 0.0000205 seconds
2022-05-10T17:34:48.099+0800: 952.960: [CMS-concurrent-sweep-start]
2022-05-10T17:34:48.103+0800: 952.964: [CMS-concurrent-sweep: 0.004/0.004 secs] [Times: user=0.02 sys=0.00, real=0.00 secs] 
2022-05-10T17:34:48.103+0800: 952.964: [CMS-concurrent-reset-start]
2022-05-10T17:34:48.103+0800: 952.964: [CMS-concurrent-reset: 0.000/0.000 secs] [Times: user=0.00 sys=0.00, real=0.00 secs] 
2022-05-10T17:34:50.117+0800: 954.978: Application time: 2.0185298 seconds
2022-05-10T17:34:50.117+0800: 954.978: [GC (CMS Initial Mark) [1 CMS-initial-mark: 10182K(341376K)] 26789K(494976K), 0.0417070 secs] [Times: user=0.03 sys=0.00, real=0.04 secs] 
2022-05-10T17:34:50.159+0800: 955.021: Total time for which application threads were stopped: 0.0424634 seconds, Stopping threads took: 0.0000935 seconds
2022-05-10T17:34:50.160+0800: 955.021: [CMS-concurrent-mark-start]
2022-05-10T17:34:50.253+0800: 955.115: [CMS-concurrent-mark: 0.094/0.094 secs] [Times: user=0.05 sys=0.00, real=0.09 secs] 
2022-05-10T17:34:50.254+0800: 955.115: [CMS-concurrent-preclean-start]
2022-05-10T17:34:50.258+0800: 955.120: [CMS-concurrent-preclean: 0.004/0.004 secs] [Times: user=0.00 sys=0.00, real=0.00 secs] 
2022-05-10T17:34:50.258+0800: 955.120: [CMS-concurrent-abortable-preclean-start]
 CMS: abort preclean due to time 2022-05-10T17:34:55.293+0800: 960.155: [CMS-concurrent-abortable-preclean: 0.077/5.035 secs] [Times: user=0.02 sys=0.00, real=5.04 secs] 
2022-05-10T17:34:55.293+0800: 960.155: Application time: 5.1343595 seconds
2022-05-10T17:34:55.293+0800: 960.155: [GC (CMS Final Remark) [YG occupancy: 16606 K (153600 K)]2022-05-10T17:34:55.293+0800: 960.155: [Rescan (parallel) , 0.0070056 secs]2022-05-10T17:34:55.301+0800: 960.162: [weak refs processing, 0.0000482 secs]2022-05-10T17:34:55.301+0800: 960.162: [class unloading, 0.0036726 secs]2022-05-10T17:34:55.304+0800: 960.166: [scrub symbol table, 0.0071880 secs]2022-05-10T17:34:55.311+0800: 960.173: [scrub string table, 0.0005235 secs][1 CMS-remark: 10182K(341376K)] 26789K(494976K), 0.0186150 secs] [Times: user=0.02 sys=0.00, real=0.02 secs] 
2022-05-10T17:34:55.312+0800: 960.174: Total time for which application threads were stopped: 0.0187445 seconds, Stopping threads took: 0.0000270 seconds
2022-05-10T17:34:55.313+0800: 960.174: [CMS-concurrent-sweep-start]
2022-05-10T17:34:55.318+0800: 960.180: [CMS-concurrent-sweep: 0.006/0.006 secs] [Times: user=0.00 sys=0.00, real=0.01 secs] 
2022-05-10T17:34:55.318+0800: 960.180: [CMS-concurrent-reset-start]
2022-05-10T17:34:55.319+0800: 960.180: [CMS-concurrent-reset: 0.000/0.000 secs] [Times: user=0.00 sys=0.00, real=0.00 secs] 
2022-05-10T17:34:57.319+0800: 962.180: Application time: 2.0060466 seconds
2022-05-10T17:34:57.319+0800: 962.180: [GC (CMS Initial Mark) [1 CMS-initial-mark: 10182K(341376K)] 26789K(494976K), 0.0049788 secs] [Times: user=0.03 sys=0.00, real=0.00 secs] 
2022-05-10T17:34:57.324+0800: 962.185: Total time for which application threads were stopped: 0.0051288 seconds, Stopping threads took: 0.0000367 seconds
2022-05-10T17:34:57.324+0800: 962.185: [CMS-concurrent-mark-start]
2022-05-10T17:34:57.333+0800: 962.195: [CMS-concurrent-mark: 0.009/0.009 secs] [Times: user=0.00 sys=0.00, real=0.01 secs] 
2022-05-10T17:34:57.333+0800: 962.195: [CMS-concurrent-preclean-start]
2022-05-10T17:34:57.334+0800: 962.195: [CMS-concurrent-preclean: 0.001/0.001 secs] [Times: user=0.00 sys=0.00, real=0.00 secs] 
2022-05-10T17:34:57.334+0800: 962.195: [CMS-concurrent-abortable-preclean-start]
 CMS: abort preclean due to time 2022-05-10T17:35:02.386+0800: 967.248: [CMS-concurrent-abortable-preclean: 0.068/5.053 secs] [Times: user=0.01 sys=0.00, real=5.05 secs] 
2022-05-10T17:35:02.392+0800: 967.253: Application time: 5.0679005 seconds
2022-05-10T17:35:02.392+0800: 967.253: [GC (CMS Final Remark) [YG occupancy: 16606 K (153600 K)]2022-05-10T17:35:02.392+0800: 967.253: [Rescan (parallel) , 0.0081822 secs]2022-05-10T17:35:02.400+0800: 967.261: [weak refs processing, 0.0000842 secs]2022-05-10T17:35:02.400+0800: 967.261: [class unloading, 0.0072349 secs]2022-05-10T17:35:02.407+0800: 967.269: [scrub symbol table, 0.0110478 secs]2022-05-10T17:35:02.418+0800: 967.280: [scrub string table, 0.0008643 secs][1 CMS-remark: 10182K(341376K)] 26789K(494976K), 0.0276951 secs] [Times: user=0.06 sys=0.00, real=0.03 secs] 
2022-05-10T17:35:02.420+0800: 967.281: Total time for which application threads were stopped: 0.0278849 seconds, Stopping threads took: 0.0000405 seconds
2022-05-10T17:35:02.420+0800: 967.281: [CMS-concurrent-sweep-start]
2022-05-10T17:35:02.429+0800: 967.290: [CMS-concurrent-sweep: 0.010/0.010 secs] [Times: user=0.00 sys=0.00, real=0.01 secs] 
2022-05-10T17:35:02.429+0800: 967.291: [CMS-concurrent-reset-start]
2022-05-10T17:35:02.430+0800: 967.291: [CMS-concurrent-reset: 0.001/0.001 secs] [Times: user=0.02 sys=0.00, real=0.00 secs] 
2022-05-10T17:35:04.464+0800: 969.325: Application time: 2.0440776 seconds
2022-05-10T17:35:04.464+0800: 969.325: [GC (CMS Initial Mark) [1 CMS-initial-mark: 10182K(341376K)] 26789K(494976K), 0.0073007 secs] [Times: user=0.00 sys=0.00, real=0.01 secs] 
2022-05-10T17:35:04.471+0800: 969.332: Total time for which application threads were stopped: 0.0075336 seconds, Stopping threads took: 0.0000485 seconds
2022-05-10T17:35:04.471+0800: 969.332: [CMS-concurrent-mark-start]
2022-05-10T17:35:04.496+0800: 969.357: [CMS-concurrent-mark: 0.025/0.025 secs] [Times: user=0.06 sys=0.00, real=0.03 secs] 
2022-05-10T17:35:04.496+0800: 969.358: [CMS-concurrent-preclean-start]
2022-05-10T17:35:04.498+0800: 969.359: [CMS-concurrent-preclean: 0.002/0.002 secs] [Times: user=0.00 sys=0.00, real=0.00 secs] 
2022-05-10T17:35:04.498+0800: 969.359: [CMS-concurrent-abortable-preclean-start]
 CMS: abort preclean due to time 2022-05-10T17:35:09.589+0800: 974.450: [CMS-concurrent-abortable-preclean: 0.070/5.091 secs] [Times: user=0.05 sys=0.00, real=5.09 secs] 
2022-05-10T17:35:09.589+0800: 974.450: Application time: 5.1177235 seconds
2022-05-10T17:35:09.589+0800: 974.450: [GC (CMS Final Remark) [YG occupancy: 16606 K (153600 K)]2022-05-10T17:35:09.589+0800: 974.450: [Rescan (parallel) , 0.0052403 secs]2022-05-10T17:35:09.594+0800: 974.455: [weak refs processing, 0.0000394 secs]2022-05-10T17:35:09.594+0800: 974.456: [class unloading, 0.0033291 secs]2022-05-10T17:35:09.598+0800: 974.459: [scrub symbol table, 0.0052581 secs]2022-05-10T17:35:09.603+0800: 974.464: [scrub string table, 0.0003852 secs][1 CMS-remark: 10182K(341376K)] 26789K(494976K), 0.0143793 secs] [Times: user=0.02 sys=0.00, real=0.01 secs] 
2022-05-10T17:35:09.603+0800: 974.465: Total time for which application threads were stopped: 0.0144756 seconds, Stopping threads took: 0.0000239 seconds
2022-05-10T17:35:09.603+0800: 974.465: [CMS-concurrent-sweep-start]
2022-05-10T17:35:09.608+0800: 974.469: [CMS-concurrent-sweep: 0.005/0.005 secs] [Times: user=0.00 sys=0.00, real=0.01 secs] 
2022-05-10T17:35:09.608+0800: 974.469: [CMS-concurrent-reset-start]
2022-05-10T17:35:09.608+0800: 974.470: [CMS-concurrent-reset: 0.000/0.000 secs] [Times: user=0.00 sys=0.00, real=0.00 secs] 
2022-05-10T17:35:11.611+0800: 976.472: Application time: 2.0074469 seconds
2022-05-10T17:35:11.611+0800: 976.472: [GC (CMS Initial Mark) [1 CMS-initial-mark: 10182K(341376K)] 26789K(494976K), 0.0038440 secs] [Times: user=0.00 sys=0.00, real=0.00 secs] 
2022-05-10T17:35:11.615+0800: 976.476: Total time for which application threads were stopped: 0.0040441 seconds, Stopping threads took: 0.0000579 seconds
2022-05-10T17:35:11.615+0800: 976.476: [CMS-concurrent-mark-start]
2022-05-10T17:35:11.625+0800: 976.486: [CMS-concurrent-mark: 0.010/0.010 secs] [Times: user=0.03 sys=0.00, real=0.01 secs] 
2022-05-10T17:35:11.625+0800: 976.486: [CMS-concurrent-preclean-start]
2022-05-10T17:35:11.626+0800: 976.487: [CMS-concurrent-preclean: 0.001/0.001 secs] [Times: user=0.00 sys=0.00, real=0.00 secs] 
2022-05-10T17:35:11.626+0800: 976.487: [CMS-concurrent-abortable-preclean-start]
 CMS: abort preclean due to time 2022-05-10T17:35:16.673+0800: 981.534: [CMS-concurrent-abortable-preclean: 0.069/5.047 secs] [Times: user=0.03 sys=0.00, real=5.05 secs] 
2022-05-10T17:35:16.681+0800: 981.542: Application time: 5.0661613 seconds
2022-05-10T17:35:16.681+0800: 981.542: [GC (CMS Final Remark) [YG occupancy: 16606 K (153600 K)]2022-05-10T17:35:16.681+0800: 981.542: [Rescan (parallel) , 0.0073556 secs]2022-05-10T17:35:16.689+0800: 981.550: [weak refs processing, 0.0001625 secs]2022-05-10T17:35:16.689+0800: 981.550: [class unloading, 0.0059534 secs]2022-05-10T17:35:16.695+0800: 981.556: [scrub symbol table, 0.0114878 secs]2022-05-10T17:35:16.706+0800: 981.568: [scrub string table, 0.0008469 secs][1 CMS-remark: 10182K(341376K)] 26789K(494976K), 0.0260846 secs] [Times: user=0.01 sys=0.00, real=0.03 secs] 
2022-05-10T17:35:16.707+0800: 981.569: Total time for which application threads were stopped: 0.0262643 seconds, Stopping threads took: 0.0000370 seconds
2022-05-10T17:35:16.722+0800: 981.583: [CMS-concurrent-sweep-start]
2022-05-10T17:35:16.732+0800: 981.593: [CMS-concurrent-sweep: 0.010/0.010 secs] [Times: user=0.00 sys=0.00, real=0.01 secs] 
2022-05-10T17:35:16.732+0800: 981.593: [CMS-concurrent-reset-start]
2022-05-10T17:35:16.733+0800: 981.595: [CMS-concurrent-reset: 0.001/0.001 secs] [Times: user=0.00 sys=0.00, real=0.00 secs] 
2022-05-10T17:35:18.747+0800: 983.608: Application time: 2.0391179 seconds
2022-05-10T17:35:18.747+0800: 983.608: [GC (CMS Initial Mark) [1 CMS-initial-mark: 10182K(341376K)] 26789K(494976K), 0.0037376 secs] [Times: user=0.00 sys=0.00, real=0.00 secs] 
2022-05-10T17:35:18.751+0800: 983.612: Total time for which application threads were stopped: 0.0038737 seconds, Stopping threads took: 0.0000319 seconds
2022-05-10T17:35:18.751+0800: 983.612: [CMS-concurrent-mark-start]
2022-05-10T17:35:18.762+0800: 983.623: [CMS-concurrent-mark: 0.012/0.012 secs] [Times: user=0.03 sys=0.00, real=0.01 secs] 
2022-05-10T17:35:18.762+0800: 983.623: [CMS-concurrent-preclean-start]
2022-05-10T17:35:18.763+0800: 983.624: [CMS-concurrent-preclean: 0.001/0.001 secs] [Times: user=0.00 sys=0.00, real=0.00 secs] 
2022-05-10T17:35:18.763+0800: 983.624: [CMS-concurrent-abortable-preclean-start]
 CMS: abort preclean due to time 2022-05-10T17:35:23.851+0800: 988.713: [CMS-concurrent-abortable-preclean: 0.080/5.088 secs] [Times: user=0.05 sys=0.00, real=5.09 secs] 
2022-05-10T17:35:23.854+0800: 988.715: Application time: 5.1037784 seconds
2022-05-10T17:35:23.854+0800: 988.715: [GC (CMS Final Remark) [YG occupancy: 16606 K (153600 K)]2022-05-10T17:35:23.854+0800: 988.716: [Rescan (parallel) , 0.0074688 secs]2022-05-10T17:35:23.862+0800: 988.723: [weak refs processing, 0.0000819 secs]2022-05-10T17:35:23.862+0800: 988.723: [class unloading, 0.0059932 secs]2022-05-10T17:35:23.868+0800: 988.729: [scrub symbol table, 0.0106936 secs]2022-05-10T17:35:23.879+0800: 988.740: [scrub string table, 0.0005966 secs][1 CMS-remark: 10182K(341376K)] 26789K(494976K), 0.0250746 secs] [Times: user=0.01 sys=0.00, real=0.02 secs] 
2022-05-10T17:35:23.880+0800: 988.741: Total time for which application threads were stopped: 0.0252503 seconds, Stopping threads took: 0.0000480 seconds
2022-05-10T17:35:23.880+0800: 988.741: [CMS-concurrent-sweep-start]
2022-05-10T17:35:23.889+0800: 988.750: [CMS-concurrent-sweep: 0.009/0.009 secs] [Times: user=0.02 sys=0.00, real=0.01 secs] 
2022-05-10T17:35:23.889+0800: 988.750: [CMS-concurrent-reset-start]
2022-05-10T17:35:23.890+0800: 988.751: [CMS-concurrent-reset: 0.001/0.001 secs] [Times: user=0.00 sys=0.00, real=0.00 secs] 
2022-05-10T17:35:25.890+0800: 990.751: Application time: 2.0100944 seconds
2022-05-10T17:35:25.890+0800: 990.751: [GC (CMS Initial Mark) [1 CMS-initial-mark: 10182K(341376K)] 26789K(494976K), 0.0047421 secs] [Times: user=0.00 sys=0.00, real=0.00 secs] 
2022-05-10T17:35:25.895+0800: 990.756: Total time for which application threads were stopped: 0.0049379 seconds, Stopping threads took: 0.0000411 seconds
2022-05-10T17:35:25.895+0800: 990.756: [CMS-concurrent-mark-start]
2022-05-10T17:35:25.914+0800: 990.775: [CMS-concurrent-mark: 0.019/0.019 secs] [Times: user=0.06 sys=0.00, real=0.02 secs] 
2022-05-10T17:35:25.914+0800: 990.775: [CMS-concurrent-preclean-start]
2022-05-10T17:35:25.914+0800: 990.776: [CMS-concurrent-preclean: 0.001/0.001 secs] [Times: user=0.00 sys=0.00, real=0.00 secs] 
2022-05-10T17:35:25.914+0800: 990.776: [CMS-concurrent-abortable-preclean-start]
 CMS: abort preclean due to time 2022-05-10T17:35:30.987+0800: 995.848: [CMS-concurrent-abortable-preclean: 0.061/5.071 secs] [Times: user=0.06 sys=0.00, real=5.07 secs] 
2022-05-10T17:35:30.987+0800: 995.848: Application time: 5.0922298 seconds
2022-05-10T17:35:30.987+0800: 995.848: [GC (CMS Final Remark) [YG occupancy: 16606 K (153600 K)]2022-05-10T17:35:30.987+0800: 995.848: [Rescan (parallel) , 0.0055394 secs]2022-05-10T17:35:30.992+0800: 995.854: [weak refs processing, 0.0000394 secs]2022-05-10T17:35:30.992+0800: 995.854: [class unloading, 0.0035837 secs]2022-05-10T17:35:30.996+0800: 995.857: [scrub symbol table, 0.0061862 secs]2022-05-10T17:35:31.002+0800: 995.863: [scrub string table, 0.0004407 secs][1 CMS-remark: 10182K(341376K)] 26789K(494976K), 0.0159544 secs] [Times: user=0.08 sys=0.00, real=0.02 secs] 
2022-05-10T17:35:31.003+0800: 995.864: Total time for which application threads were stopped: 0.0160593 seconds, Stopping threads took: 0.0000235 seconds
2022-05-10T17:35:31.003+0800: 995.864: [CMS-concurrent-sweep-start]
2022-05-10T17:35:31.010+0800: 995.871: [CMS-concurrent-sweep: 0.007/0.007 secs] [Times: user=0.02 sys=0.00, real=0.01 secs] 
2022-05-10T17:35:31.010+0800: 995.871: [CMS-concurrent-reset-start]
2022-05-10T17:35:31.010+0800: 995.871: [CMS-concurrent-reset: 0.000/0.000 secs] [Times: user=0.00 sys=0.00, real=0.00 secs] 
2022-05-10T17:35:33.024+0800: 997.885: Application time: 2.0207072 seconds
2022-05-10T17:35:33.024+0800: 997.885: [GC (CMS Initial Mark) [1 CMS-initial-mark: 10182K(341376K)] 26789K(494976K), 0.0049664 secs] [Times: user=0.00 sys=0.00, real=0.00 secs] 
2022-05-10T17:35:33.028+0800: 997.890: Total time for which application threads were stopped: 0.0052272 seconds, Stopping threads took: 0.0000529 seconds
2022-05-10T17:35:33.028+0800: 997.890: [CMS-concurrent-mark-start]
2022-05-10T17:35:33.039+0800: 997.900: [CMS-concurrent-mark: 0.011/0.011 secs] [Times: user=0.00 sys=0.00, real=0.01 secs] 
2022-05-10T17:35:33.040+0800: 997.901: [CMS-concurrent-preclean-start]
2022-05-10T17:35:33.040+0800: 997.902: [CMS-concurrent-preclean: 0.001/0.001 secs] [Times: user=0.00 sys=0.00, real=0.00 secs] 
2022-05-10T17:35:33.040+0800: 997.902: [CMS-concurrent-abortable-preclean-start]
 CMS: abort preclean due to time 2022-05-10T17:35:38.082+0800: 1002.944: [CMS-concurrent-abortable-preclean: 0.059/5.043 secs] [Times: user=0.14 sys=0.00, real=5.04 secs] 
2022-05-10T17:35:38.083+0800: 1002.945: Application time: 5.0546929 seconds
2022-05-10T17:35:38.083+0800: 1002.945: [GC (CMS Final Remark) [YG occupancy: 16606 K (153600 K)]2022-05-10T17:35:38.083+0800: 1002.945: [Rescan (parallel) , 0.0047355 secs]2022-05-10T17:35:38.087+0800: 1002.949: [weak refs processing, 0.0000532 secs]2022-05-10T17:35:38.088+0800: 1002.949: [class unloading, 0.0030051 secs]2022-05-10T17:35:38.091+0800: 1002.953: [scrub symbol table, 0.0057597 secs]2022-05-10T17:35:38.097+0800: 1002.958: [scrub string table, 0.0003660 secs][1 CMS-remark: 10182K(341376K)] 26789K(494976K), 0.0140579 secs] [Times: user=0.08 sys=0.02, real=0.01 secs] 
2022-05-10T17:35:38.097+0800: 1002.959: Total time for which application threads were stopped: 0.0141563 seconds, Stopping threads took: 0.0000234 seconds
2022-05-10T17:35:38.097+0800: 1002.959: [CMS-concurrent-sweep-start]
2022-05-10T17:35:38.102+0800: 1002.963: [CMS-concurrent-sweep: 0.004/0.004 secs] [Times: user=0.02 sys=0.00, real=0.01 secs] 
2022-05-10T17:35:38.102+0800: 1002.963: [CMS-concurrent-reset-start]
2022-05-10T17:35:38.102+0800: 1002.963: [CMS-concurrent-reset: 0.000/0.000 secs] [Times: user=0.00 sys=0.00, real=0.00 secs] 
2022-05-10T17:35:40.112+0800: 1004.973: Application time: 2.0145515 seconds
2022-05-10T17:35:40.112+0800: 1004.973: [GC (CMS Initial Mark) [1 CMS-initial-mark: 10182K(341376K)] 26789K(494976K), 0.0066641 secs] [Times: user=0.02 sys=0.00, real=0.01 secs] 
2022-05-10T17:35:40.119+0800: 1004.980: Total time for which application threads were stopped: 0.0068706 seconds, Stopping threads took: 0.0000458 seconds
2022-05-10T17:35:40.119+0800: 1004.980: [CMS-concurrent-mark-start]
2022-05-10T17:35:40.136+0800: 1004.997: [CMS-concurrent-mark: 0.017/0.017 secs] [Times: user=0.03 sys=0.00, real=0.02 secs] 
2022-05-10T17:35:40.136+0800: 1004.997: [CMS-concurrent-preclean-start]
2022-05-10T17:35:40.137+0800: 1004.999: [CMS-concurrent-preclean: 0.002/0.002 secs] [Times: user=0.00 sys=0.00, real=0.00 secs] 
2022-05-10T17:35:40.138+0800: 1004.999: [CMS-concurrent-abortable-preclean-start]
 CMS: abort preclean due to time 2022-05-10T17:35:45.195+0800: 1010.056: [CMS-concurrent-abortable-preclean: 0.092/5.057 secs] [Times: user=0.09 sys=0.00, real=5.06 secs] 
2022-05-10T17:35:45.195+0800: 1010.056: Application time: 5.0761532 seconds
2022-05-10T17:35:45.195+0800: 1010.056: [GC (CMS Final Remark) [YG occupancy: 16606 K (153600 K)]2022-05-10T17:35:45.195+0800: 1010.056: [Rescan (parallel) , 0.0079264 secs]2022-05-10T17:35:45.203+0800: 1010.064: [weak refs processing, 0.0000970 secs]2022-05-10T17:35:45.203+0800: 1010.065: [class unloading, 0.0061764 secs]2022-05-10T17:35:45.210+0800: 1010.071: [scrub symbol table, 0.0108104 secs]2022-05-10T17:35:45.220+0800: 1010.082: [scrub string table, 0.0008884 secs][1 CMS-remark: 10182K(341376K)] 26789K(494976K), 0.0261486 secs] [Times: user=0.01 sys=0.00, real=0.03 secs] 
2022-05-10T17:35:45.221+0800: 1010.083: Total time for which application threads were stopped: 0.0263376 seconds, Stopping threads took: 0.0000393 seconds
2022-05-10T17:35:45.221+0800: 1010.083: [CMS-concurrent-sweep-start]
2022-05-10T17:35:45.231+0800: 1010.093: [CMS-concurrent-sweep: 0.010/0.010 secs] [Times: user=0.02 sys=0.00, real=0.01 secs] 
2022-05-10T17:35:45.232+0800: 1010.093: [CMS-concurrent-reset-start]
2022-05-10T17:35:45.232+0800: 1010.094: [CMS-concurrent-reset: 0.001/0.001 secs] [Times: user=0.00 sys=0.00, real=0.00 secs] 
2022-05-10T17:35:47.241+0800: 1012.102: Application time: 2.0193299 seconds
2022-05-10T17:35:47.241+0800: 1012.102: [GC (CMS Initial Mark) [1 CMS-initial-mark: 10182K(341376K)] 26789K(494976K), 0.0034482 secs] [Times: user=0.03 sys=0.00, real=0.00 secs] 
2022-05-10T17:35:47.244+0800: 1012.106: Total time for which application threads were stopped: 0.0035922 seconds, Stopping threads took: 0.0000372 seconds
2022-05-10T17:35:47.244+0800: 1012.106: [CMS-concurrent-mark-start]
2022-05-10T17:35:47.255+0800: 1012.116: [CMS-concurrent-mark: 0.011/0.011 secs] [Times: user=0.00 sys=0.00, real=0.01 secs] 
2022-05-10T17:35:47.255+0800: 1012.116: [CMS-concurrent-preclean-start]
2022-05-10T17:35:47.256+0800: 1012.117: [CMS-concurrent-preclean: 0.001/0.001 secs] [Times: user=0.00 sys=0.00, real=0.00 secs] 
2022-05-10T17:35:47.256+0800: 1012.117: [CMS-concurrent-abortable-preclean-start]
 CMS: abort preclean due to time 2022-05-10T17:35:52.356+0800: 1017.218: [CMS-concurrent-abortable-preclean: 0.085/5.100 secs] [Times: user=0.05 sys=0.00, real=5.10 secs] 
2022-05-10T17:35:52.356+0800: 1017.218: Application time: 5.1122542 seconds
2022-05-10T17:35:52.356+0800: 1017.218: [GC (CMS Final Remark) [YG occupancy: 16606 K (153600 K)]2022-05-10T17:35:52.356+0800: 1017.218: [Rescan (parallel) , 0.0591345 secs]2022-05-10T17:35:52.416+0800: 1017.277: [weak refs processing, 0.0002421 secs]2022-05-10T17:35:52.416+0800: 1017.278: [class unloading, 0.0098339 secs]2022-05-10T17:35:52.426+0800: 1017.287: [scrub symbol table, 0.0096561 secs]2022-05-10T17:35:52.436+0800: 1017.297: [scrub string table, 0.0007546 secs][1 CMS-remark: 10182K(341376K)] 26789K(494976K), 0.0799363 secs] [Times: user=0.03 sys=0.00, real=0.08 secs] 
2022-05-10T17:35:52.436+0800: 1017.298: Total time for which application threads were stopped: 0.0800937 seconds, Stopping threads took: 0.0000353 seconds
2022-05-10T17:35:52.436+0800: 1017.298: [CMS-concurrent-sweep-start]
2022-05-10T17:35:52.444+0800: 1017.305: [CMS-concurrent-sweep: 0.007/0.007 secs] [Times: user=0.00 sys=0.00, real=0.01 secs] 
2022-05-10T17:35:52.444+0800: 1017.305: [CMS-concurrent-reset-start]
2022-05-10T17:35:52.444+0800: 1017.306: [CMS-concurrent-reset: 0.000/0.000 secs] [Times: user=0.00 sys=0.00, real=0.00 secs] 
2022-05-10T17:35:54.460+0800: 1019.321: Application time: 2.0228185 seconds
2022-05-10T17:35:54.460+0800: 1019.321: [GC (CMS Initial Mark) [1 CMS-initial-mark: 10182K(341376K)] 26789K(494976K), 0.0053185 secs] [Times: user=0.05 sys=0.00, real=0.00 secs] 
2022-05-10T17:35:54.465+0800: 1019.326: Total time for which application threads were stopped: 0.0055069 seconds, Stopping threads took: 0.0000385 seconds
2022-05-10T17:35:54.465+0800: 1019.326: [CMS-concurrent-mark-start]
2022-05-10T17:35:54.485+0800: 1019.347: [CMS-concurrent-mark: 0.021/0.021 secs] [Times: user=0.03 sys=0.00, real=0.02 secs] 
2022-05-10T17:35:54.485+0800: 1019.347: [CMS-concurrent-preclean-start]
2022-05-10T17:35:54.487+0800: 1019.349: [CMS-concurrent-preclean: 0.001/0.001 secs] [Times: user=0.00 sys=0.00, real=0.00 secs] 
2022-05-10T17:35:54.487+0800: 1019.349: [CMS-concurrent-abortable-preclean-start]
 CMS: abort preclean due to time 2022-05-10T17:35:59.558+0800: 1024.420: [CMS-concurrent-abortable-preclean: 0.076/5.071 secs] [Times: user=0.06 sys=0.00, real=5.07 secs] 
2022-05-10T17:35:59.558+0800: 1024.420: Application time: 5.0939551 seconds
2022-05-10T17:35:59.558+0800: 1024.420: [GC (CMS Final Remark) [YG occupancy: 16606 K (153600 K)]2022-05-10T17:35:59.558+0800: 1024.420: [Rescan (parallel) , 0.0074794 secs]2022-05-10T17:35:59.566+0800: 1024.428: [weak refs processing, 0.0000857 secs]2022-05-10T17:35:59.567+0800: 1024.428: [class unloading, 0.0064881 secs]2022-05-10T17:35:59.573+0800: 1024.435: [scrub symbol table, 0.0096785 secs]2022-05-10T17:35:59.582+0800: 1024.444: [scrub string table, 0.0007559 secs][1 CMS-remark: 10182K(341376K)] 26789K(494976K), 0.0247741 secs] [Times: user=0.01 sys=0.00, real=0.02 secs] 
2022-05-10T17:35:59.583+0800: 1024.445: Total time for which application threads were stopped: 0.0249483 seconds, Stopping threads took: 0.0000373 seconds
2022-05-10T17:35:59.583+0800: 1024.445: [CMS-concurrent-sweep-start]
2022-05-10T17:35:59.592+0800: 1024.454: [CMS-concurrent-sweep: 0.009/0.009 secs] [Times: user=0.02 sys=0.00, real=0.01 secs] 
2022-05-10T17:35:59.592+0800: 1024.454: [CMS-concurrent-reset-start]
2022-05-10T17:35:59.593+0800: 1024.455: [CMS-concurrent-reset: 0.000/0.000 secs] [Times: user=0.00 sys=0.00, real=0.00 secs] 
2022-05-10T17:36:01.605+0800: 1026.466: Application time: 2.0211921 seconds
2022-05-10T17:36:01.605+0800: 1026.467: [GC (CMS Initial Mark) [1 CMS-initial-mark: 10182K(341376K)] 26789K(494976K), 0.0065658 secs] [Times: user=0.00 sys=0.00, real=0.01 secs] 
2022-05-10T17:36:01.612+0800: 1026.473: Total time for which application threads were stopped: 0.0067831 seconds, Stopping threads took: 0.0000441 seconds
2022-05-10T17:36:01.612+0800: 1026.473: [CMS-concurrent-mark-start]
2022-05-10T17:36:01.636+0800: 1026.498: [CMS-concurrent-mark: 0.024/0.024 secs] [Times: user=0.05 sys=0.00, real=0.02 secs] 
2022-05-10T17:36:01.636+0800: 1026.498: [CMS-concurrent-preclean-start]
2022-05-10T17:36:01.638+0800: 1026.499: [CMS-concurrent-preclean: 0.002/0.002 secs] [Times: user=0.00 sys=0.00, real=0.00 secs] 
2022-05-10T17:36:01.638+0800: 1026.499: [CMS-concurrent-abortable-preclean-start]
 CMS: abort preclean due to time 2022-05-10T17:36:06.705+0800: 1031.567: [CMS-concurrent-abortable-preclean: 0.108/5.067 secs] [Times: user=0.06 sys=0.00, real=5.07 secs] 
2022-05-10T17:36:06.705+0800: 1031.567: Application time: 5.0934685 seconds
2022-05-10T17:36:06.706+0800: 1031.567: [GC (CMS Final Remark) [YG occupancy: 16606 K (153600 K)]2022-05-10T17:36:06.706+0800: 1031.567: [Rescan (parallel) , 0.0080183 secs]2022-05-10T17:36:06.714+0800: 1031.575: [weak refs processing, 0.0000858 secs]2022-05-10T17:36:06.714+0800: 1031.575: [class unloading, 0.0060536 secs]2022-05-10T17:36:06.720+0800: 1031.581: [scrub symbol table, 0.0106997 secs]2022-05-10T17:36:06.730+0800: 1031.592: [scrub string table, 0.0008040 secs][1 CMS-remark: 10182K(341376K)] 26789K(494976K), 0.0258918 secs] [Times: user=0.08 sys=0.00, real=0.02 secs] 
2022-05-10T17:36:06.731+0800: 1031.593: Total time for which application threads were stopped: 0.0260790 seconds, Stopping threads took: 0.0000578 seconds
2022-05-10T17:36:06.732+0800: 1031.593: [CMS-concurrent-sweep-start]
2022-05-10T17:36:06.741+0800: 1031.602: [CMS-concurrent-sweep: 0.010/0.010 secs] [Times: user=0.00 sys=0.00, real=0.01 secs] 
2022-05-10T17:36:06.741+0800: 1031.602: [CMS-concurrent-reset-start]
2022-05-10T17:36:06.742+0800: 1031.603: [CMS-concurrent-reset: 0.001/0.001 secs] [Times: user=0.01 sys=0.00, real=0.00 secs] 
2022-05-10T17:36:08.754+0800: 1033.615: Application time: 2.0227160 seconds
2022-05-10T17:36:08.754+0800: 1033.616: [GC (CMS Initial Mark) [1 CMS-initial-mark: 10182K(341376K)] 26789K(494976K), 0.0036740 secs] [Times: user=0.02 sys=0.00, real=0.00 secs] 
2022-05-10T17:36:08.757+0800: 1033.619: Total time for which application threads were stopped: 0.0038160 seconds, Stopping threads took: 0.0000325 seconds
2022-05-10T17:36:08.758+0800: 1033.619: [CMS-concurrent-mark-start]
2022-05-10T17:36:08.770+0800: 1033.631: [CMS-concurrent-mark: 0.012/0.012 secs] [Times: user=0.00 sys=0.00, real=0.01 secs] 
2022-05-10T17:36:08.770+0800: 1033.632: [CMS-concurrent-preclean-start]
2022-05-10T17:36:08.771+0800: 1033.633: [CMS-concurrent-preclean: 0.001/0.001 secs] [Times: user=0.00 sys=0.00, real=0.00 secs] 
2022-05-10T17:36:08.771+0800: 1033.633: [CMS-concurrent-abortable-preclean-start]
 CMS: abort preclean due to time 2022-05-10T17:36:13.817+0800: 1038.678: [CMS-concurrent-abortable-preclean: 0.054/5.045 secs] [Times: user=0.01 sys=0.00, real=5.05 secs] 
2022-05-10T17:36:13.817+0800: 1038.678: Application time: 5.0587044 seconds
2022-05-10T17:36:13.817+0800: 1038.678: [GC (CMS Final Remark) [YG occupancy: 16606 K (153600 K)]2022-05-10T17:36:13.817+0800: 1038.678: [Rescan (parallel) , 0.0072205 secs]2022-05-10T17:36:13.824+0800: 1038.685: [weak refs processing, 0.0000719 secs]2022-05-10T17:36:13.824+0800: 1038.685: [class unloading, 0.0063787 secs]2022-05-10T17:36:13.830+0800: 1038.692: [scrub symbol table, 0.0100370 secs]2022-05-10T17:36:13.840+0800: 1038.702: [scrub string table, 0.0008048 secs][1 CMS-remark: 10182K(341376K)] 26789K(494976K), 0.0247562 secs] [Times: user=0.09 sys=0.00, real=0.02 secs] 
2022-05-10T17:36:13.841+0800: 1038.703: Total time for which application threads were stopped: 0.0249071 seconds, Stopping threads took: 0.0000369 seconds
2022-05-10T17:36:13.842+0800: 1038.703: [CMS-concurrent-sweep-start]
2022-05-10T17:36:13.851+0800: 1038.712: [CMS-concurrent-sweep: 0.009/0.009 secs] [Times: user=0.00 sys=0.00, real=0.01 secs] 
2022-05-10T17:36:13.851+0800: 1038.712: [CMS-concurrent-reset-start]
2022-05-10T17:36:13.852+0800: 1038.713: [CMS-concurrent-reset: 0.000/0.000 secs] [Times: user=0.02 sys=0.00, real=0.00 secs] 
2022-05-10T17:36:15.861+0800: 1040.722: Application time: 2.0195404 seconds
2022-05-10T17:36:15.861+0800: 1040.723: [GC (CMS Initial Mark) [1 CMS-initial-mark: 10182K(341376K)] 26789K(494976K), 0.0055265 secs] [Times: user=0.00 sys=0.00, real=0.00 secs] 
2022-05-10T17:36:15.866+0800: 1040.728: Total time for which application threads were stopped: 0.0057102 seconds, Stopping threads took: 0.0000415 seconds
2022-05-10T17:36:15.866+0800: 1040.728: [CMS-concurrent-mark-start]
2022-05-10T17:36:15.890+0800: 1040.751: [CMS-concurrent-mark: 0.023/0.023 secs] [Times: user=0.03 sys=0.00, real=0.02 secs] 
2022-05-10T17:36:15.890+0800: 1040.751: [CMS-concurrent-preclean-start]
2022-05-10T17:36:15.891+0800: 1040.752: [CMS-concurrent-preclean: 0.001/0.001 secs] [Times: user=0.00 sys=0.00, real=0.00 secs] 
2022-05-10T17:36:15.891+0800: 1040.752: [CMS-concurrent-abortable-preclean-start]
 CMS: abort preclean due to time 2022-05-10T17:36:20.949+0800: 1045.810: [CMS-concurrent-abortable-preclean: 0.077/5.058 secs] [Times: user=0.02 sys=0.00, real=5.06 secs] 
2022-05-10T17:36:20.952+0800: 1045.814: Application time: 5.0857126 seconds
2022-05-10T17:36:20.952+0800: 1045.814: [GC (CMS Final Remark) [YG occupancy: 16606 K (153600 K)]2022-05-10T17:36:20.952+0800: 1045.814: [Rescan (parallel) , 0.0074435 secs]2022-05-10T17:36:20.960+0800: 1045.822: [weak refs processing, 0.0000836 secs]2022-05-10T17:36:20.960+0800: 1045.822: [class unloading, 0.0070647 secs]2022-05-10T17:36:20.968+0800: 1045.829: [scrub symbol table, 0.0104265 secs]2022-05-10T17:36:20.978+0800: 1045.839: [scrub string table, 0.0009072 secs][1 CMS-remark: 10182K(341376K)] 26789K(494976K), 0.0262129 secs] [Times: user=0.09 sys=0.00, real=0.03 secs] 
2022-05-10T17:36:20.979+0800: 1045.840: Total time for which application threads were stopped: 0.0264240 seconds, Stopping threads took: 0.0000410 seconds
2022-05-10T17:36:20.982+0800: 1045.843: [CMS-concurrent-sweep-start]
2022-05-10T17:36:20.989+0800: 1045.850: [CMS-concurrent-sweep: 0.007/0.007 secs] [Times: user=0.00 sys=0.00, real=0.01 secs] 
2022-05-10T17:36:20.989+0800: 1045.850: [CMS-concurrent-reset-start]
2022-05-10T17:36:20.990+0800: 1045.851: [CMS-concurrent-reset: 0.000/0.000 secs] [Times: user=0.00 sys=0.00, real=0.00 secs] 
2022-05-10T17:36:22.996+0800: 1047.857: Application time: 2.0170650 seconds
2022-05-10T17:36:22.996+0800: 1047.857: [GC (CMS Initial Mark) [1 CMS-initial-mark: 10182K(341376K)] 26789K(494976K), 0.0059067 secs] [Times: user=0.00 sys=0.00, real=0.01 secs] 
2022-05-10T17:36:23.002+0800: 1047.863: Total time for which application threads were stopped: 0.0061175 seconds, Stopping threads took: 0.0000400 seconds
2022-05-10T17:36:23.002+0800: 1047.864: [CMS-concurrent-mark-start]
2022-05-10T17:36:23.027+0800: 1047.889: [CMS-concurrent-mark: 0.025/0.025 secs] [Times: user=0.06 sys=0.00, real=0.02 secs] 
2022-05-10T17:36:23.027+0800: 1047.889: [CMS-concurrent-preclean-start]
2022-05-10T17:36:23.029+0800: 1047.891: [CMS-concurrent-preclean: 0.002/0.002 secs] [Times: user=0.00 sys=0.00, real=0.00 secs] 
2022-05-10T17:36:23.029+0800: 1047.891: [CMS-concurrent-abortable-preclean-start]
 CMS: abort preclean due to time 2022-05-10T17:36:28.106+0800: 1052.967: [CMS-concurrent-abortable-preclean: 0.087/5.077 secs] [Times: user=0.06 sys=0.00, real=5.08 secs] 
2022-05-10T17:36:28.106+0800: 1052.968: Application time: 5.1040031 seconds
2022-05-10T17:36:28.106+0800: 1052.968: [GC (CMS Final Remark) [YG occupancy: 16606 K (153600 K)]2022-05-10T17:36:28.106+0800: 1052.968: [Rescan (parallel) , 0.0056438 secs]2022-05-10T17:36:28.112+0800: 1052.973: [weak refs processing, 0.0000390 secs]2022-05-10T17:36:28.112+0800: 1052.973: [class unloading, 0.0036158 secs]2022-05-10T17:36:28.115+0800: 1052.977: [scrub symbol table, 0.0050709 secs]2022-05-10T17:36:28.121+0800: 1052.982: [scrub string table, 0.0005802 secs][1 CMS-remark: 10182K(341376K)] 26789K(494976K), 0.0150881 secs] [Times: user=0.02 sys=0.00, real=0.02 secs] 
2022-05-10T17:36:28.121+0800: 1052.983: Total time for which application threads were stopped: 0.0151989 seconds, Stopping threads took: 0.0000220 seconds
2022-05-10T17:36:28.121+0800: 1052.983: [CMS-concurrent-sweep-start]
2022-05-10T17:36:28.126+0800: 1052.987: [CMS-concurrent-sweep: 0.005/0.005 secs] [Times: user=0.00 sys=0.00, real=0.00 secs] 
2022-05-10T17:36:28.126+0800: 1052.987: [CMS-concurrent-reset-start]
2022-05-10T17:36:28.127+0800: 1052.988: [CMS-concurrent-reset: 0.000/0.000 secs] [Times: user=0.00 sys=0.00, real=0.00 secs] 
2022-05-10T17:36:30.134+0800: 1054.995: Application time: 2.0125858 seconds
2022-05-10T17:36:30.134+0800: 1054.995: [GC (CMS Initial Mark) [1 CMS-initial-mark: 10182K(341376K)] 26789K(494976K), 0.0030603 secs] [Times: user=0.00 sys=0.00, real=0.00 secs] 
2022-05-10T17:36:30.137+0800: 1054.999: Total time for which application threads were stopped: 0.0031995 seconds, Stopping threads took: 0.0000344 seconds
2022-05-10T17:36:30.137+0800: 1054.999: [CMS-concurrent-mark-start]
2022-05-10T17:36:30.147+0800: 1055.009: [CMS-concurrent-mark: 0.010/0.010 secs] [Times: user=0.00 sys=0.00, real=0.01 secs] 
2022-05-10T17:36:30.147+0800: 1055.009: [CMS-concurrent-preclean-start]
2022-05-10T17:36:30.148+0800: 1055.009: [CMS-concurrent-preclean: 0.001/0.001 secs] [Times: user=0.02 sys=0.00, real=0.00 secs] 
2022-05-10T17:36:30.148+0800: 1055.010: [CMS-concurrent-abortable-preclean-start]
 CMS: abort preclean due to time 2022-05-10T17:36:35.226+0800: 1060.087: [CMS-concurrent-abortable-preclean: 0.059/5.077 secs] [Times: user=0.05 sys=0.00, real=5.08 secs] 
2022-05-10T17:36:35.226+0800: 1060.087: Application time: 5.0886554 seconds
2022-05-10T17:36:35.226+0800: 1060.087: [GC (CMS Final Remark) [YG occupancy: 16606 K (153600 K)]2022-05-10T17:36:35.226+0800: 1060.087: [Rescan (parallel) , 0.0076626 secs]2022-05-10T17:36:35.234+0800: 1060.095: [weak refs processing, 0.0000554 secs]2022-05-10T17:36:35.234+0800: 1060.095: [class unloading, 0.0042452 secs]2022-05-10T17:36:35.238+0800: 1060.099: [scrub symbol table, 0.0083392 secs]2022-05-10T17:36:35.247+0800: 1060.108: [scrub string table, 0.0005780 secs][1 CMS-remark: 10182K(341376K)] 26789K(494976K), 0.0211013 secs] [Times: user=0.08 sys=0.00, real=0.02 secs] 
2022-05-10T17:36:35.247+0800: 1060.108: Total time for which application threads were stopped: 0.0212703 seconds, Stopping threads took: 0.0000426 seconds
2022-05-10T17:36:35.247+0800: 1060.109: [CMS-concurrent-sweep-start]
2022-05-10T17:36:35.256+0800: 1060.118: [CMS-concurrent-sweep: 0.009/0.009 secs] [Times: user=0.00 sys=0.00, real=0.01 secs] 
2022-05-10T17:36:35.256+0800: 1060.118: [CMS-concurrent-reset-start]
2022-05-10T17:36:35.257+0800: 1060.118: [CMS-concurrent-reset: 0.000/0.000 secs] [Times: user=0.00 sys=0.00, real=0.00 secs] 
2022-05-10T17:36:37.265+0800: 1062.126: Application time: 2.0180521 seconds
2022-05-10T17:36:37.266+0800: 1062.127: [GC (CMS Initial Mark) [1 CMS-initial-mark: 10182K(341376K)] 26789K(494976K), 0.0075677 secs] [Times: user=0.00 sys=0.00, real=0.01 secs] 
2022-05-10T17:36:37.273+0800: 1062.134: Total time for which application threads were stopped: 0.0077912 seconds, Stopping threads took: 0.0000457 seconds
2022-05-10T17:36:37.273+0800: 1062.134: [CMS-concurrent-mark-start]
2022-05-10T17:36:37.296+0800: 1062.158: [CMS-concurrent-mark: 0.024/0.024 secs] [Times: user=0.06 sys=0.00, real=0.02 secs] 
2022-05-10T17:36:37.296+0800: 1062.158: [CMS-concurrent-preclean-start]
2022-05-10T17:36:37.299+0800: 1062.160: [CMS-concurrent-preclean: 0.002/0.002 secs] [Times: user=0.00 sys=0.00, real=0.00 secs] 
2022-05-10T17:36:37.299+0800: 1062.160: [CMS-concurrent-abortable-preclean-start]
 CMS: abort preclean due to time 2022-05-10T17:36:42.352+0800: 1067.213: [CMS-concurrent-abortable-preclean: 0.082/5.053 secs] [Times: user=0.09 sys=0.00, real=5.05 secs] 
2022-05-10T17:36:42.352+0800: 1067.213: Application time: 5.0787049 seconds
2022-05-10T17:36:42.352+0800: 1067.213: [GC (CMS Final Remark) [YG occupancy: 16606 K (153600 K)]2022-05-10T17:36:42.352+0800: 1067.213: [Rescan (parallel) , 0.0063263 secs]2022-05-10T17:36:42.358+0800: 1067.219: [weak refs processing, 0.0000430 secs]2022-05-10T17:36:42.358+0800: 1067.219: [class unloading, 0.0034782 secs]2022-05-10T17:36:42.362+0800: 1067.223: [scrub symbol table, 0.0060061 secs]2022-05-10T17:36:42.368+0800: 1067.229: [scrub string table, 0.0004618 secs][1 CMS-remark: 10182K(341376K)] 26789K(494976K), 0.0164472 secs] [Times: user=0.02 sys=0.00, real=0.02 secs] 
2022-05-10T17:36:42.368+0800: 1067.230: Total time for which application threads were stopped: 0.0165577 seconds, Stopping threads took: 0.0000251 seconds
2022-05-10T17:36:42.369+0800: 1067.230: [CMS-concurrent-sweep-start]
2022-05-10T17:36:42.373+0800: 1067.235: [CMS-concurrent-sweep: 0.005/0.005 secs] [Times: user=0.00 sys=0.00, real=0.00 secs] 
2022-05-10T17:36:42.374+0800: 1067.235: [CMS-concurrent-reset-start]
2022-05-10T17:36:42.374+0800: 1067.235: [CMS-concurrent-reset: 0.000/0.000 secs] [Times: user=0.00 sys=0.00, real=0.00 secs] 
2022-05-10T17:36:44.385+0800: 1069.246: Application time: 2.0160310 seconds
2022-05-10T17:36:44.385+0800: 1069.246: [GC (CMS Initial Mark) [1 CMS-initial-mark: 10182K(341376K)] 26789K(494976K), 0.0063602 secs] [Times: user=0.00 sys=0.00, real=0.01 secs] 
2022-05-10T17:36:44.390+0800: 1069.252: Total time for which application threads were stopped: 0.0065525 seconds, Stopping threads took: 0.0000347 seconds
2022-05-10T17:36:44.390+0800: 1069.252: [CMS-concurrent-mark-start]
2022-05-10T17:36:44.404+0800: 1069.266: [CMS-concurrent-mark: 0.014/0.014 secs] [Times: user=0.03 sys=0.00, real=0.01 secs] 
2022-05-10T17:36:44.405+0800: 1069.266: [CMS-concurrent-preclean-start]
2022-05-10T17:36:44.405+0800: 1069.267: [CMS-concurrent-preclean: 0.001/0.001 secs] [Times: user=0.00 sys=0.00, real=0.00 secs] 
2022-05-10T17:36:44.405+0800: 1069.267: [CMS-concurrent-abortable-preclean-start]
 CMS: abort preclean due to time 2022-05-10T17:36:49.459+0800: 1074.320: [CMS-concurrent-abortable-preclean: 0.076/5.053 secs] [Times: user=0.08 sys=0.00, real=5.05 secs] 
2022-05-10T17:36:49.463+0800: 1074.324: Application time: 5.0721013 seconds
2022-05-10T17:36:49.463+0800: 1074.324: [GC (CMS Final Remark) [YG occupancy: 16606 K (153600 K)]2022-05-10T17:36:49.463+0800: 1074.324: [Rescan (parallel) , 0.0072535 secs]2022-05-10T17:36:49.471+0800: 1074.332: [weak refs processing, 0.0000775 secs]2022-05-10T17:36:49.471+0800: 1074.332: [class unloading, 0.0418645 secs]2022-05-10T17:36:49.513+0800: 1074.374: [scrub symbol table, 0.0105785 secs]2022-05-10T17:36:49.523+0800: 1074.384: [scrub string table, 0.0006257 secs][1 CMS-remark: 10182K(341376K)] 26789K(494976K), 0.0606560 secs] [Times: user=0.00 sys=0.01, real=0.06 secs] 
2022-05-10T17:36:49.524+0800: 1074.385: Total time for which application threads were stopped: 0.0608303 seconds, Stopping threads took: 0.0000525 seconds
2022-05-10T17:36:49.524+0800: 1074.385: [CMS-concurrent-sweep-start]
2022-05-10T17:36:49.529+0800: 1074.391: [CMS-concurrent-sweep: 0.006/0.006 secs] [Times: user=0.00 sys=0.00, real=0.01 secs] 
2022-05-10T17:36:49.529+0800: 1074.391: [CMS-concurrent-reset-start]
2022-05-10T17:36:49.530+0800: 1074.392: [CMS-concurrent-reset: 0.000/0.000 secs] [Times: user=0.00 sys=0.00, real=0.00 secs] 
2022-05-10T17:36:51.535+0800: 1076.396: Application time: 2.0109716 seconds
2022-05-10T17:36:51.535+0800: 1076.396: [GC (CMS Initial Mark) [1 CMS-initial-mark: 10182K(341376K)] 26789K(494976K), 0.0078745 secs] [Times: user=0.02 sys=0.00, real=0.01 secs] 
2022-05-10T17:36:51.543+0800: 1076.404: Total time for which application threads were stopped: 0.0081469 seconds, Stopping threads took: 0.0000564 seconds
2022-05-10T17:36:51.543+0800: 1076.404: [CMS-concurrent-mark-start]
2022-05-10T17:36:51.585+0800: 1076.447: [CMS-concurrent-mark: 0.042/0.042 secs] [Times: user=0.03 sys=0.00, real=0.04 secs] 
2022-05-10T17:36:51.585+0800: 1076.447: [CMS-concurrent-preclean-start]
2022-05-10T17:36:51.588+0800: 1076.450: [CMS-concurrent-preclean: 0.003/0.003 secs] [Times: user=0.01 sys=0.00, real=0.00 secs] 
2022-05-10T17:36:51.589+0800: 1076.450: [CMS-concurrent-abortable-preclean-start]
 CMS: abort preclean due to time 2022-05-10T17:36:56.676+0800: 1081.538: [CMS-concurrent-abortable-preclean: 0.072/5.087 secs] [Times: user=0.05 sys=0.00, real=5.09 secs] 
2022-05-10T17:36:56.695+0800: 1081.556: Application time: 5.1519382 seconds
2022-05-10T17:36:56.695+0800: 1081.556: [GC (CMS Final Remark) [YG occupancy: 16606 K (153600 K)]2022-05-10T17:36:56.695+0800: 1081.556: [Rescan (parallel) , 0.0077303 secs]2022-05-10T17:36:56.703+0800: 1081.564: [weak refs processing, 0.0000808 secs]2022-05-10T17:36:56.703+0800: 1081.564: [class unloading, 0.0060448 secs]2022-05-10T17:36:56.709+0800: 1081.570: [scrub symbol table, 0.0105595 secs]2022-05-10T17:36:56.719+0800: 1081.581: [scrub string table, 0.0008317 secs][1 CMS-remark: 10182K(341376K)] 26789K(494976K), 0.0255301 secs] [Times: user=0.02 sys=0.00, real=0.03 secs] 
2022-05-10T17:36:56.720+0800: 1081.582: Total time for which application threads were stopped: 0.0257212 seconds, Stopping threads took: 0.0000416 seconds
2022-05-10T17:36:56.804+0800: 1081.665: [CMS-concurrent-sweep-start]
2022-05-10T17:36:56.825+0800: 1081.687: [CMS-concurrent-sweep: 0.022/0.022 secs] [Times: user=0.03 sys=0.00, real=0.02 secs] 
2022-05-10T17:36:56.825+0800: 1081.687: [CMS-concurrent-reset-start]
2022-05-10T17:36:56.826+0800: 1081.688: [CMS-concurrent-reset: 0.001/0.001 secs] [Times: user=0.00 sys=0.00, real=0.00 secs] 
2022-05-10T17:36:58.837+0800: 1083.699: Application time: 2.1166116 seconds
2022-05-10T17:36:58.837+0800: 1083.699: [GC (CMS Initial Mark) [1 CMS-initial-mark: 10182K(341376K)] 26789K(494976K), 0.0059607 secs] [Times: user=0.00 sys=0.00, real=0.01 secs] 
2022-05-10T17:36:58.843+0800: 1083.705: Total time for which application threads were stopped: 0.0061658 seconds, Stopping threads took: 0.0000390 seconds
2022-05-10T17:36:58.843+0800: 1083.705: [CMS-concurrent-mark-start]
2022-05-10T17:36:58.879+0800: 1083.741: [CMS-concurrent-mark: 0.036/0.036 secs] [Times: user=0.06 sys=0.00, real=0.04 secs] 
2022-05-10T17:36:58.879+0800: 1083.741: [CMS-concurrent-preclean-start]
2022-05-10T17:36:58.880+0800: 1083.742: [CMS-concurrent-preclean: 0.001/0.001 secs] [Times: user=0.00 sys=0.00, real=0.00 secs] 
2022-05-10T17:36:58.880+0800: 1083.742: [CMS-concurrent-abortable-preclean-start]
 CMS: abort preclean due to time 2022-05-10T17:37:03.939+0800: 1088.801: [CMS-concurrent-abortable-preclean: 0.057/5.059 secs] [Times: user=0.00 sys=0.00, real=5.06 secs] 
2022-05-10T17:37:03.939+0800: 1088.801: Application time: 5.0960418 seconds
2022-05-10T17:37:03.939+0800: 1088.801: [GC (CMS Final Remark) [YG occupancy: 16606 K (153600 K)]2022-05-10T17:37:03.939+0800: 1088.801: [Rescan (parallel) , 0.0072822 secs]2022-05-10T17:37:03.947+0800: 1088.808: [weak refs processing, 0.0000786 secs]2022-05-10T17:37:03.947+0800: 1088.808: [class unloading, 0.0057479 secs]2022-05-10T17:37:03.952+0800: 1088.814: [scrub symbol table, 0.0117862 secs]2022-05-10T17:37:03.964+0800: 1088.826: [scrub string table, 0.0007966 secs][1 CMS-remark: 10182K(341376K)] 26789K(494976K), 0.0259649 secs] [Times: user=0.03 sys=0.02, real=0.03 secs] 
2022-05-10T17:37:03.965+0800: 1088.827: Total time for which application threads were stopped: 0.0261550 seconds, Stopping threads took: 0.0000428 seconds
2022-05-10T17:37:03.965+0800: 1088.827: [CMS-concurrent-sweep-start]
2022-05-10T17:37:03.975+0800: 1088.836: [CMS-concurrent-sweep: 0.009/0.009 secs] [Times: user=0.00 sys=0.00, real=0.01 secs] 
2022-05-10T17:37:03.975+0800: 1088.836: [CMS-concurrent-reset-start]
2022-05-10T17:37:03.976+0800: 1088.837: [CMS-concurrent-reset: 0.001/0.001 secs] [Times: user=0.00 sys=0.00, real=0.00 secs] 
2022-05-10T17:37:05.992+0800: 1090.854: Application time: 2.0274895 seconds
2022-05-10T17:37:05.993+0800: 1090.855: [GC (CMS Initial Mark) [1 CMS-initial-mark: 10182K(341376K)] 26789K(494976K), 0.0076627 secs] [Times: user=0.00 sys=0.00, real=0.01 secs] 
2022-05-10T17:37:06.001+0800: 1090.862: Total time for which application threads were stopped: 0.0080574 seconds, Stopping threads took: 0.0000404 seconds
2022-05-10T17:37:06.001+0800: 1090.863: [CMS-concurrent-mark-start]
2022-05-10T17:37:06.024+0800: 1090.886: [CMS-concurrent-mark: 0.023/0.023 secs] [Times: user=0.06 sys=0.00, real=0.02 secs] 
2022-05-10T17:37:06.024+0800: 1090.886: [CMS-concurrent-preclean-start]
2022-05-10T17:37:06.026+0800: 1090.888: [CMS-concurrent-preclean: 0.002/0.002 secs] [Times: user=0.00 sys=0.00, real=0.00 secs] 
2022-05-10T17:37:06.026+0800: 1090.888: [CMS-concurrent-abortable-preclean-start]
 CMS: abort preclean due to time 2022-05-10T17:37:11.090+0800: 1095.951: [CMS-concurrent-abortable-preclean: 0.069/5.063 secs] [Times: user=0.00 sys=0.00, real=5.06 secs] 
2022-05-10T17:37:11.090+0800: 1095.951: Application time: 5.0890102 seconds
2022-05-10T17:37:11.090+0800: 1095.952: [GC (CMS Final Remark) [YG occupancy: 16606 K (153600 K)]2022-05-10T17:37:11.090+0800: 1095.952: [Rescan (parallel) , 0.0087625 secs]2022-05-10T17:37:11.099+0800: 1095.960: [weak refs processing, 0.0000872 secs]2022-05-10T17:37:11.099+0800: 1095.961: [class unloading, 0.0057579 secs]2022-05-10T17:37:11.105+0800: 1095.966: [scrub symbol table, 0.0100440 secs]2022-05-10T17:37:11.115+0800: 1095.976: [scrub string table, 0.0007740 secs][1 CMS-remark: 10182K(341376K)] 26789K(494976K), 0.0257110 secs] [Times: user=0.02 sys=0.00, real=0.03 secs] 
2022-05-10T17:37:11.116+0800: 1095.977: Total time for which application threads were stopped: 0.0258820 seconds, Stopping threads took: 0.0000395 seconds
2022-05-10T17:37:11.116+0800: 1095.977: [CMS-concurrent-sweep-start]
2022-05-10T17:37:11.127+0800: 1095.989: [CMS-concurrent-sweep: 0.011/0.011 secs] [Times: user=0.02 sys=0.00, real=0.01 secs] 
2022-05-10T17:37:11.127+0800: 1095.989: [CMS-concurrent-reset-start]
2022-05-10T17:37:11.127+0800: 1095.989: [CMS-concurrent-reset: 0.000/0.000 secs] [Times: user=0.00 sys=0.00, real=0.00 secs] 
2022-05-10T17:37:13.138+0800: 1097.999: Application time: 2.0219331 seconds
2022-05-10T17:37:13.138+0800: 1097.999: [GC (CMS Initial Mark) [1 CMS-initial-mark: 10182K(341376K)] 26789K(494976K), 0.0056686 secs] [Times: user=0.00 sys=0.00, real=0.01 secs] 
2022-05-10T17:37:13.144+0800: 1098.005: Total time for which application threads were stopped: 0.0058235 seconds, Stopping threads took: 0.0000372 seconds
2022-05-10T17:37:13.144+0800: 1098.005: [CMS-concurrent-mark-start]
2022-05-10T17:37:13.155+0800: 1098.017: [CMS-concurrent-mark: 0.012/0.012 secs] [Times: user=0.03 sys=0.00, real=0.01 secs] 
2022-05-10T17:37:13.155+0800: 1098.017: [CMS-concurrent-preclean-start]
2022-05-10T17:37:13.156+0800: 1098.018: [CMS-concurrent-preclean: 0.001/0.001 secs] [Times: user=0.00 sys=0.00, real=0.00 secs] 
2022-05-10T17:37:13.156+0800: 1098.018: [CMS-concurrent-abortable-preclean-start]
 CMS: abort preclean due to time 2022-05-10T17:37:18.214+0800: 1103.075: [CMS-concurrent-abortable-preclean: 0.084/5.057 secs] [Times: user=0.05 sys=0.00, real=5.06 secs] 
2022-05-10T17:37:18.214+0800: 1103.075: Application time: 5.0701609 seconds
2022-05-10T17:37:18.214+0800: 1103.075: [GC (CMS Final Remark) [YG occupancy: 16606 K (153600 K)]2022-05-10T17:37:18.214+0800: 1103.075: [Rescan (parallel) , 0.0054128 secs]2022-05-10T17:37:18.219+0800: 1103.081: [weak refs processing, 0.0000383 secs]2022-05-10T17:37:18.219+0800: 1103.081: [class unloading, 0.0030479 secs]2022-05-10T17:37:18.222+0800: 1103.084: [scrub symbol table, 0.0046858 secs]2022-05-10T17:37:18.227+0800: 1103.089: [scrub string table, 0.0004091 secs][1 CMS-remark: 10182K(341376K)] 26789K(494976K), 0.0137090 secs] [Times: user=0.01 sys=0.00, real=0.01 secs] 
2022-05-10T17:37:18.228+0800: 1103.089: Total time for which application threads were stopped: 0.0138042 seconds, Stopping threads took: 0.0000212 seconds
2022-05-10T17:37:18.228+0800: 1103.089: [CMS-concurrent-sweep-start]
2022-05-10T17:37:18.232+0800: 1103.094: [CMS-concurrent-sweep: 0.004/0.004 secs] [Times: user=0.00 sys=0.00, real=0.00 secs] 
2022-05-10T17:37:18.232+0800: 1103.094: [CMS-concurrent-reset-start]
2022-05-10T17:37:18.233+0800: 1103.094: [CMS-concurrent-reset: 0.000/0.000 secs] [Times: user=0.00 sys=0.00, real=0.00 secs] 
2022-05-10T17:37:20.244+0800: 1105.105: Application time: 2.0157026 seconds
2022-05-10T17:37:20.244+0800: 1105.105: [GC (CMS Initial Mark) [1 CMS-initial-mark: 10182K(341376K)] 26789K(494976K), 0.0038056 secs] [Times: user=0.00 sys=0.00, real=0.00 secs] 
2022-05-10T17:37:20.248+0800: 1105.109: Total time for which application threads were stopped: 0.0039678 seconds, Stopping threads took: 0.0000451 seconds
2022-05-10T17:37:20.248+0800: 1105.109: [CMS-concurrent-mark-start]
2022-05-10T17:37:20.257+0800: 1105.118: [CMS-concurrent-mark: 0.009/0.009 secs] [Times: user=0.00 sys=0.00, real=0.01 secs] 
2022-05-10T17:37:20.257+0800: 1105.118: [CMS-concurrent-preclean-start]
2022-05-10T17:37:20.258+0800: 1105.119: [CMS-concurrent-preclean: 0.001/0.001 secs] [Times: user=0.02 sys=0.00, real=0.00 secs] 
2022-05-10T17:37:20.258+0800: 1105.119: [CMS-concurrent-abortable-preclean-start]
 CMS: abort preclean due to time 2022-05-10T17:37:25.303+0800: 1110.165: [CMS-concurrent-abortable-preclean: 0.068/5.046 secs] [Times: user=0.02 sys=0.00, real=5.05 secs] 
2022-05-10T17:37:25.304+0800: 1110.165: Application time: 5.0563629 seconds
2022-05-10T17:37:25.304+0800: 1110.165: [GC (CMS Final Remark) [YG occupancy: 16606 K (153600 K)]2022-05-10T17:37:25.304+0800: 1110.165: [Rescan (parallel) , 0.0059037 secs]2022-05-10T17:37:25.310+0800: 1110.171: [weak refs processing, 0.0000421 secs]2022-05-10T17:37:25.310+0800: 1110.171: [class unloading, 0.0033381 secs]2022-05-10T17:37:25.313+0800: 1110.175: [scrub symbol table, 0.0072031 secs]2022-05-10T17:37:25.320+0800: 1110.182: [scrub string table, 0.0004304 secs][1 CMS-remark: 10182K(341376K)] 26789K(494976K), 0.0170566 secs] [Times: user=0.02 sys=0.00, real=0.02 secs] 
2022-05-10T17:37:25.321+0800: 1110.182: Total time for which application threads were stopped: 0.0171578 seconds, Stopping threads took: 0.0000218 seconds
2022-05-10T17:37:25.321+0800: 1110.182: [CMS-concurrent-sweep-start]
2022-05-10T17:37:25.326+0800: 1110.187: [CMS-concurrent-sweep: 0.005/0.005 secs] [Times: user=0.00 sys=0.00, real=0.00 secs] 
2022-05-10T17:37:25.326+0800: 1110.187: [CMS-concurrent-reset-start]
2022-05-10T17:37:25.326+0800: 1110.187: [CMS-concurrent-reset: 0.000/0.000 secs] [Times: user=0.00 sys=0.00, real=0.00 secs] 
2022-05-10T17:37:27.326+0800: 1112.187: Application time: 2.0051616 seconds
2022-05-10T17:37:27.327+0800: 1112.188: [GC (CMS Initial Mark) [1 CMS-initial-mark: 10182K(341376K)] 26789K(494976K), 0.0036705 secs] [Times: user=0.00 sys=0.00, real=0.00 secs] 
2022-05-10T17:37:27.330+0800: 1112.191: Total time for which application threads were stopped: 0.0038213 seconds, Stopping threads took: 0.0000361 seconds
2022-05-10T17:37:27.330+0800: 1112.191: [CMS-concurrent-mark-start]
2022-05-10T17:37:27.340+0800: 1112.202: [CMS-concurrent-mark: 0.011/0.011 secs] [Times: user=0.03 sys=0.00, real=0.01 secs] 
2022-05-10T17:37:27.340+0800: 1112.202: [CMS-concurrent-preclean-start]
2022-05-10T17:37:27.341+0800: 1112.203: [CMS-concurrent-preclean: 0.001/0.001 secs] [Times: user=0.00 sys=0.00, real=0.00 secs] 
2022-05-10T17:37:27.341+0800: 1112.203: [CMS-concurrent-abortable-preclean-start]
 CMS: abort preclean due to time 2022-05-10T17:37:32.423+0800: 1117.285: [CMS-concurrent-abortable-preclean: 0.090/5.082 secs] [Times: user=0.03 sys=0.00, real=5.08 secs] 
2022-05-10T17:37:32.424+0800: 1117.285: Application time: 5.0936653 seconds
2022-05-10T17:37:32.424+0800: 1117.285: [GC (CMS Final Remark) [YG occupancy: 16606 K (153600 K)]2022-05-10T17:37:32.424+0800: 1117.285: [Rescan (parallel) , 0.0082046 secs]2022-05-10T17:37:32.432+0800: 1117.293: [weak refs processing, 0.0000789 secs]2022-05-10T17:37:32.432+0800: 1117.293: [class unloading, 0.0056254 secs]2022-05-10T17:37:32.438+0800: 1117.299: [scrub symbol table, 0.0118296 secs]2022-05-10T17:37:32.450+0800: 1117.311: [scrub string table, 0.0008982 secs][1 CMS-remark: 10182K(341376K)] 26789K(494976K), 0.0269044 secs] [Times: user=0.06 sys=0.00, real=0.03 secs] 
2022-05-10T17:37:32.451+0800: 1117.312: Total time for which application threads were stopped: 0.0270895 seconds, Stopping threads took: 0.0000385 seconds
2022-05-10T17:37:32.451+0800: 1117.312: [CMS-concurrent-sweep-start]
2022-05-10T17:37:32.461+0800: 1117.323: [CMS-concurrent-sweep: 0.010/0.010 secs] [Times: user=0.02 sys=0.00, real=0.01 secs] 
2022-05-10T17:37:32.461+0800: 1117.323: [CMS-concurrent-reset-start]
2022-05-10T17:37:32.462+0800: 1117.323: [CMS-concurrent-reset: 0.001/0.001 secs] [Times: user=0.00 sys=0.00, real=0.00 secs] 
2022-05-10T17:37:34.488+0800: 1119.350: Application time: 2.0379861 seconds
2022-05-10T17:37:34.488+0800: 1119.350: [GC (CMS Initial Mark) [1 CMS-initial-mark: 10182K(341376K)] 26789K(494976K), 0.0067522 secs] [Times: user=0.02 sys=0.00, real=0.01 secs] 
2022-05-10T17:37:34.495+0800: 1119.357: Total time for which application threads were stopped: 0.0069610 seconds, Stopping threads took: 0.0000422 seconds
2022-05-10T17:37:34.495+0800: 1119.357: [CMS-concurrent-mark-start]
2022-05-10T17:37:34.519+0800: 1119.380: [CMS-concurrent-mark: 0.023/0.023 secs] [Times: user=0.03 sys=0.00, real=0.02 secs] 
2022-05-10T17:37:34.519+0800: 1119.380: [CMS-concurrent-preclean-start]
2022-05-10T17:37:34.521+0800: 1119.382: [CMS-concurrent-preclean: 0.002/0.002 secs] [Times: user=0.00 sys=0.00, real=0.00 secs] 
2022-05-10T17:37:34.521+0800: 1119.382: [CMS-concurrent-abortable-preclean-start]
 CMS: abort preclean due to time 2022-05-10T17:37:39.569+0800: 1124.431: [CMS-concurrent-abortable-preclean: 0.067/5.048 secs] [Times: user=0.08 sys=0.00, real=5.05 secs] 
2022-05-10T17:37:39.574+0800: 1124.435: Application time: 5.0780462 seconds
2022-05-10T17:37:39.574+0800: 1124.436: [GC (CMS Final Remark) [YG occupancy: 16606 K (153600 K)]2022-05-10T17:37:39.574+0800: 1124.436: [Rescan (parallel) , 0.0076721 secs]2022-05-10T17:37:39.582+0800: 1124.444: [weak refs processing, 0.0002173 secs]2022-05-10T17:37:39.583+0800: 1124.444: [class unloading, 0.0050284 secs]2022-05-10T17:37:39.588+0800: 1124.449: [scrub symbol table, 0.0083981 secs]2022-05-10T17:37:39.596+0800: 1124.457: [scrub string table, 0.0008325 secs][1 CMS-remark: 10182K(341376K)] 26789K(494976K), 0.0224339 secs] [Times: user=0.02 sys=0.00, real=0.02 secs] 
2022-05-10T17:37:39.597+0800: 1124.458: Total time for which application threads were stopped: 0.0231557 seconds, Stopping threads took: 0.0005670 seconds
2022-05-10T17:37:39.600+0800: 1124.461: [CMS-concurrent-sweep-start]
2022-05-10T17:37:39.609+0800: 1124.470: [CMS-concurrent-sweep: 0.009/0.009 secs] [Times: user=0.01 sys=0.00, real=0.01 secs] 
2022-05-10T17:37:39.609+0800: 1124.470: [CMS-concurrent-reset-start]
2022-05-10T17:37:39.609+0800: 1124.470: [CMS-concurrent-reset: 0.000/0.000 secs] [Times: user=0.00 sys=0.00, real=0.00 secs] 
2022-05-10T17:37:41.619+0800: 1126.480: Application time: 2.0221648 seconds
2022-05-10T17:37:41.619+0800: 1126.481: [GC (CMS Initial Mark) [1 CMS-initial-mark: 10182K(341376K)] 26789K(494976K), 0.0062038 secs] [Times: user=0.00 sys=0.00, real=0.01 secs] 
2022-05-10T17:37:41.626+0800: 1126.487: Total time for which application threads were stopped: 0.0063790 seconds, Stopping threads took: 0.0000398 seconds
2022-05-10T17:37:41.626+0800: 1126.487: [CMS-concurrent-mark-start]
2022-05-10T17:37:41.639+0800: 1126.501: [CMS-concurrent-mark: 0.014/0.014 secs] [Times: user=0.03 sys=0.00, real=0.01 secs] 
2022-05-10T17:37:41.639+0800: 1126.501: [CMS-concurrent-preclean-start]
2022-05-10T17:37:41.641+0800: 1126.502: [CMS-concurrent-preclean: 0.001/0.001 secs] [Times: user=0.00 sys=0.00, real=0.00 secs] 
2022-05-10T17:37:41.641+0800: 1126.502: [CMS-concurrent-abortable-preclean-start]
 CMS: abort preclean due to time 2022-05-10T17:37:46.732+0800: 1131.593: [CMS-concurrent-abortable-preclean: 0.066/5.091 secs] [Times: user=0.03 sys=0.00, real=5.09 secs] 
2022-05-10T17:37:46.732+0800: 1131.593: Application time: 5.1062983 seconds
2022-05-10T17:37:46.732+0800: 1131.593: [GC (CMS Final Remark) [YG occupancy: 16606 K (153600 K)]2022-05-10T17:37:46.732+0800: 1131.593: [Rescan (parallel) , 0.0064858 secs]2022-05-10T17:37:46.738+0800: 1131.600: [weak refs processing, 0.0000390 secs]2022-05-10T17:37:46.739+0800: 1131.600: [class unloading, 0.0030272 secs]2022-05-10T17:37:46.742+0800: 1131.603: [scrub symbol table, 0.0046258 secs]2022-05-10T17:37:46.746+0800: 1131.607: [scrub string table, 0.0003548 secs][1 CMS-remark: 10182K(341376K)] 26789K(494976K), 0.0146444 secs] [Times: user=0.02 sys=0.00, real=0.01 secs] 
2022-05-10T17:37:46.746+0800: 1131.608: Total time for which application threads were stopped: 0.0147431 seconds, Stopping threads took: 0.0000232 seconds
2022-05-10T17:37:46.746+0800: 1131.608: [CMS-concurrent-sweep-start]
2022-05-10T17:37:46.750+0800: 1131.612: [CMS-concurrent-sweep: 0.004/0.004 secs] [Times: user=0.00 sys=0.00, real=0.00 secs] 
2022-05-10T17:37:46.750+0800: 1131.612: [CMS-concurrent-reset-start]
2022-05-10T17:37:46.750+0800: 1131.612: [CMS-concurrent-reset: 0.000/0.000 secs] [Times: user=0.00 sys=0.00, real=0.00 secs] 
2022-05-10T17:37:48.756+0800: 1133.617: Application time: 2.0088118 seconds
2022-05-10T17:37:48.756+0800: 1133.617: [GC (CMS Initial Mark) [1 CMS-initial-mark: 10182K(341376K)] 26789K(494976K), 0.0031987 secs] [Times: user=0.02 sys=0.00, real=0.00 secs] 
2022-05-10T17:37:48.759+0800: 1133.620: Total time for which application threads were stopped: 0.0033330 seconds, Stopping threads took: 0.0000323 seconds
2022-05-10T17:37:48.759+0800: 1133.620: [CMS-concurrent-mark-start]
2022-05-10T17:37:48.769+0800: 1133.630: [CMS-concurrent-mark: 0.010/0.010 secs] [Times: user=0.00 sys=0.00, real=0.01 secs] 
2022-05-10T17:37:48.769+0800: 1133.630: [CMS-concurrent-preclean-start]
2022-05-10T17:37:48.769+0800: 1133.630: [CMS-concurrent-preclean: 0.001/0.001 secs] [Times: user=0.00 sys=0.00, real=0.00 secs] 
2022-05-10T17:37:48.769+0800: 1133.630: [CMS-concurrent-abortable-preclean-start]
 CMS: abort preclean due to time 2022-05-10T17:37:53.835+0800: 1138.696: [CMS-concurrent-abortable-preclean: 0.086/5.066 secs] [Times: user=0.00 sys=0.00, real=5.07 secs] 
2022-05-10T17:37:53.835+0800: 1138.696: Application time: 5.0765035 seconds
2022-05-10T17:37:53.835+0800: 1138.697: [GC (CMS Final Remark) [YG occupancy: 16606 K (153600 K)]2022-05-10T17:37:53.835+0800: 1138.697: [Rescan (parallel) , 0.0085493 secs]2022-05-10T17:37:53.844+0800: 1138.705: [weak refs processing, 0.0000815 secs]2022-05-10T17:37:53.844+0800: 1138.705: [class unloading, 0.0061409 secs]2022-05-10T17:37:53.850+0800: 1138.712: [scrub symbol table, 0.0116834 secs]2022-05-10T17:37:53.862+0800: 1138.723: [scrub string table, 0.0008329 secs][1 CMS-remark: 10182K(341376K)] 26789K(494976K), 0.0275663 secs] [Times: user=0.02 sys=0.02, real=0.03 secs] 
2022-05-10T17:37:53.863+0800: 1138.724: Total time for which application threads were stopped: 0.0277536 seconds, Stopping threads took: 0.0000422 seconds
2022-05-10T17:37:53.863+0800: 1138.724: [CMS-concurrent-sweep-start]
2022-05-10T17:37:53.873+0800: 1138.734: [CMS-concurrent-sweep: 0.010/0.010 secs] [Times: user=0.01 sys=0.00, real=0.01 secs] 
2022-05-10T17:37:53.873+0800: 1138.734: [CMS-concurrent-reset-start]
2022-05-10T17:37:53.873+0800: 1138.735: [CMS-concurrent-reset: 0.001/0.001 secs] [Times: user=0.00 sys=0.00, real=0.00 secs] 
2022-05-10T17:37:55.882+0800: 1140.743: Application time: 2.0189727 seconds
2022-05-10T17:37:55.882+0800: 1140.743: [GC (CMS Initial Mark) [1 CMS-initial-mark: 10182K(341376K)] 26789K(494976K), 0.0066894 secs] [Times: user=0.05 sys=0.00, real=0.01 secs] 
2022-05-10T17:37:55.889+0800: 1140.750: Total time for which application threads were stopped: 0.0069585 seconds, Stopping threads took: 0.0000674 seconds
2022-05-10T17:37:55.889+0800: 1140.750: [CMS-concurrent-mark-start]
2022-05-10T17:37:55.909+0800: 1140.771: [CMS-concurrent-mark: 0.020/0.020 secs] [Times: user=0.03 sys=0.00, real=0.02 secs] 
2022-05-10T17:37:55.909+0800: 1140.771: [CMS-concurrent-preclean-start]
2022-05-10T17:37:55.910+0800: 1140.772: [CMS-concurrent-preclean: 0.001/0.001 secs] [Times: user=0.00 sys=0.00, real=0.00 secs] 
2022-05-10T17:37:55.910+0800: 1140.772: [CMS-concurrent-abortable-preclean-start]
 CMS: abort preclean due to time 2022-05-10T17:38:00.977+0800: 1145.838: [CMS-concurrent-abortable-preclean: 0.069/5.066 secs] [Times: user=0.08 sys=0.00, real=5.07 secs] 
2022-05-10T17:38:00.977+0800: 1145.838: Application time: 5.0877914 seconds
2022-05-10T17:38:00.977+0800: 1145.838: [GC (CMS Final Remark) [YG occupancy: 16606 K (153600 K)]2022-05-10T17:38:00.977+0800: 1145.838: [Rescan (parallel) , 0.0059482 secs]2022-05-10T17:38:00.983+0800: 1145.844: [weak refs processing, 0.0000351 secs]2022-05-10T17:38:00.983+0800: 1145.844: [class unloading, 0.0028526 secs]2022-05-10T17:38:00.986+0800: 1145.847: [scrub symbol table, 0.0044748 secs]2022-05-10T17:38:00.990+0800: 1145.851: [scrub string table, 0.0003776 secs][1 CMS-remark: 10182K(341376K)] 26789K(494976K), 0.0137977 secs] [Times: user=0.00 sys=0.00, real=0.01 secs] 
2022-05-10T17:38:00.991+0800: 1145.852: Total time for which application threads were stopped: 0.0138978 seconds, Stopping threads took: 0.0000232 seconds
2022-05-10T17:38:00.991+0800: 1145.852: [CMS-concurrent-sweep-start]
2022-05-10T17:38:00.994+0800: 1145.856: [CMS-concurrent-sweep: 0.004/0.004 secs] [Times: user=0.02 sys=0.00, real=0.00 secs] 
2022-05-10T17:38:00.994+0800: 1145.856: [CMS-concurrent-reset-start]
2022-05-10T17:38:00.994+0800: 1145.856: [CMS-concurrent-reset: 0.000/0.000 secs] [Times: user=0.00 sys=0.00, real=0.00 secs] 
2022-05-10T17:38:03.007+0800: 1147.868: Application time: 2.0160991 seconds
2022-05-10T17:38:03.007+0800: 1147.868: [GC (CMS Initial Mark) [1 CMS-initial-mark: 10182K(341376K)] 26789K(494976K), 0.0034271 secs] [Times: user=0.03 sys=0.00, real=0.00 secs] 
2022-05-10T17:38:03.010+0800: 1147.872: Total time for which application threads were stopped: 0.0035422 seconds, Stopping threads took: 0.0000262 seconds
2022-05-10T17:38:03.010+0800: 1147.872: [CMS-concurrent-mark-start]
2022-05-10T17:38:03.020+0800: 1147.882: [CMS-concurrent-mark: 0.010/0.010 secs] [Times: user=0.00 sys=0.00, real=0.01 secs] 
2022-05-10T17:38:03.020+0800: 1147.882: [CMS-concurrent-preclean-start]
2022-05-10T17:38:03.021+0800: 1147.882: [CMS-concurrent-preclean: 0.001/0.001 secs] [Times: user=0.00 sys=0.00, real=0.00 secs] 
2022-05-10T17:38:03.021+0800: 1147.882: [CMS-concurrent-abortable-preclean-start]
 CMS: abort preclean due to time 2022-05-10T17:38:08.055+0800: 1152.916: [CMS-concurrent-abortable-preclean: 0.061/5.034 secs] [Times: user=0.06 sys=0.00, real=5.03 secs] 
2022-05-10T17:38:08.055+0800: 1152.916: Application time: 5.0449522 seconds
2022-05-10T17:38:08.056+0800: 1152.917: [GC (CMS Final Remark) [YG occupancy: 16606 K (153600 K)]2022-05-10T17:38:08.056+0800: 1152.917: [Rescan (parallel) , 0.0074548 secs]2022-05-10T17:38:08.063+0800: 1152.924: [weak refs processing, 0.0000776 secs]2022-05-10T17:38:08.063+0800: 1152.924: [class unloading, 0.0055347 secs]2022-05-10T17:38:08.069+0800: 1152.930: [scrub symbol table, 0.0121094 secs]2022-05-10T17:38:08.081+0800: 1152.942: [scrub string table, 0.0008148 secs][1 CMS-remark: 10182K(341376K)] 26789K(494976K), 0.0262458 secs] [Times: user=0.01 sys=0.00, real=0.03 secs] 
2022-05-10T17:38:08.082+0800: 1152.943: Total time for which application threads were stopped: 0.0264422 seconds, Stopping threads took: 0.0000486 seconds
2022-05-10T17:38:08.082+0800: 1152.943: [CMS-concurrent-sweep-start]
2022-05-10T17:38:08.092+0800: 1152.954: [CMS-concurrent-sweep: 0.011/0.011 secs] [Times: user=0.02 sys=0.00, real=0.01 secs] 
2022-05-10T17:38:08.092+0800: 1152.954: [CMS-concurrent-reset-start]
2022-05-10T17:38:08.093+0800: 1152.954: [CMS-concurrent-reset: 0.001/0.001 secs] [Times: user=0.00 sys=0.00, real=0.00 secs] 
2022-05-10T17:38:10.103+0800: 1154.964: Application time: 2.0209640 seconds
2022-05-10T17:38:10.103+0800: 1154.964: [GC (CMS Initial Mark) [1 CMS-initial-mark: 10182K(341376K)] 26789K(494976K), 0.0064021 secs] [Times: user=0.00 sys=0.00, real=0.01 secs] 
2022-05-10T17:38:10.109+0800: 1154.971: Total time for which application threads were stopped: 0.0066066 seconds, Stopping threads took: 0.0000432 seconds
2022-05-10T17:38:10.109+0800: 1154.971: [CMS-concurrent-mark-start]
2022-05-10T17:38:10.127+0800: 1154.988: [CMS-concurrent-mark: 0.017/0.017 secs] [Times: user=0.03 sys=0.00, real=0.02 secs] 
2022-05-10T17:38:10.127+0800: 1154.988: [CMS-concurrent-preclean-start]
2022-05-10T17:38:10.128+0800: 1154.989: [CMS-concurrent-preclean: 0.001/0.001 secs] [Times: user=0.00 sys=0.00, real=0.00 secs] 
2022-05-10T17:38:10.128+0800: 1154.989: [CMS-concurrent-abortable-preclean-start]
 CMS: abort preclean due to time 2022-05-10T17:38:15.182+0800: 1160.044: [CMS-concurrent-abortable-preclean: 0.056/5.054 secs] [Times: user=0.02 sys=0.00, real=5.05 secs] 
2022-05-10T17:38:15.182+0800: 1160.044: Application time: 5.0731240 seconds
2022-05-10T17:38:15.183+0800: 1160.044: [GC (CMS Final Remark) [YG occupancy: 16606 K (153600 K)]2022-05-10T17:38:15.183+0800: 1160.044: [Rescan (parallel) , 0.0065410 secs]2022-05-10T17:38:15.189+0800: 1160.050: [weak refs processing, 0.0000466 secs]2022-05-10T17:38:15.189+0800: 1160.050: [class unloading, 0.0036012 secs]2022-05-10T17:38:15.192+0800: 1160.054: [scrub symbol table, 0.0070679 secs]2022-05-10T17:38:15.200+0800: 1160.061: [scrub string table, 0.0005004 secs][1 CMS-remark: 10182K(341376K)] 26789K(494976K), 0.0179242 secs] [Times: user=0.02 sys=0.00, real=0.02 secs] 
2022-05-10T17:38:15.200+0800: 1160.062: Total time for which application threads were stopped: 0.0180444 seconds, Stopping threads took: 0.0000299 seconds
2022-05-10T17:38:15.201+0800: 1160.062: [CMS-concurrent-sweep-start]
2022-05-10T17:38:15.205+0800: 1160.067: [CMS-concurrent-sweep: 0.005/0.005 secs] [Times: user=0.00 sys=0.00, real=0.00 secs] 
2022-05-10T17:38:15.205+0800: 1160.067: [CMS-concurrent-reset-start]
2022-05-10T17:38:15.206+0800: 1160.068: [CMS-concurrent-reset: 0.000/0.000 secs] [Times: user=0.00 sys=0.00, real=0.00 secs] 
2022-05-10T17:38:17.209+0800: 1162.070: Application time: 2.0082699 seconds
2022-05-10T17:38:17.209+0800: 1162.070: [GC (CMS Initial Mark) [1 CMS-initial-mark: 10182K(341376K)] 26789K(494976K), 0.0057633 secs] [Times: user=0.03 sys=0.00, real=0.01 secs] 
2022-05-10T17:38:17.215+0800: 1162.076: Total time for which application threads were stopped: 0.0059871 seconds, Stopping threads took: 0.0000404 seconds
2022-05-10T17:38:17.215+0800: 1162.076: [CMS-concurrent-mark-start]
2022-05-10T17:38:17.230+0800: 1162.091: [CMS-concurrent-mark: 0.015/0.015 secs] [Times: user=0.03 sys=0.00, real=0.02 secs] 
2022-05-10T17:38:17.230+0800: 1162.091: [CMS-concurrent-preclean-start]
2022-05-10T17:38:17.232+0800: 1162.093: [CMS-concurrent-preclean: 0.002/0.002 secs] [Times: user=0.00 sys=0.00, real=0.00 secs] 
2022-05-10T17:38:17.232+0800: 1162.093: [CMS-concurrent-abortable-preclean-start]
 CMS: abort preclean due to time 2022-05-10T17:38:22.285+0800: 1167.146: [CMS-concurrent-abortable-preclean: 0.065/5.053 secs] [Times: user=0.13 sys=0.00, real=5.05 secs] 
2022-05-10T17:38:22.285+0800: 1167.146: Application time: 5.0699108 seconds
2022-05-10T17:38:22.285+0800: 1167.146: [GC (CMS Final Remark) [YG occupancy: 16606 K (153600 K)]2022-05-10T17:38:22.285+0800: 1167.146: [Rescan (parallel) , 0.0055623 secs]2022-05-10T17:38:22.291+0800: 1167.152: [weak refs processing, 0.0000402 secs]2022-05-10T17:38:22.291+0800: 1167.152: [class unloading, 0.0032172 secs]2022-05-10T17:38:22.294+0800: 1167.155: [scrub symbol table, 0.0049462 secs]2022-05-10T17:38:22.299+0800: 1167.160: [scrub string table, 0.0004349 secs][1 CMS-remark: 10182K(341376K)] 26789K(494976K), 0.0143174 secs] [Times: user=0.09 sys=0.00, real=0.01 secs] 
2022-05-10T17:38:22.299+0800: 1167.160: Total time for which application threads were stopped: 0.0144212 seconds, Stopping threads took: 0.0000238 seconds
2022-05-10T17:38:22.299+0800: 1167.160: [CMS-concurrent-sweep-start]
2022-05-10T17:38:22.304+0800: 1167.165: [CMS-concurrent-sweep: 0.004/0.004 secs] [Times: user=0.00 sys=0.00, real=0.00 secs] 
2022-05-10T17:38:22.304+0800: 1167.165: [CMS-concurrent-reset-start]
2022-05-10T17:38:22.304+0800: 1167.165: [CMS-concurrent-reset: 0.000/0.000 secs] [Times: user=0.00 sys=0.00, real=0.00 secs] 
2022-05-10T17:38:24.312+0800: 1169.173: Application time: 2.0130379 seconds
2022-05-10T17:38:24.312+0800: 1169.174: [GC (CMS Initial Mark) [1 CMS-initial-mark: 10182K(341376K)] 26789K(494976K), 0.0075325 secs] [Times: user=0.00 sys=0.00, real=0.01 secs] 
2022-05-10T17:38:24.320+0800: 1169.181: Total time for which application threads were stopped: 0.0078078 seconds, Stopping threads took: 0.0000655 seconds
2022-05-10T17:38:24.320+0800: 1169.181: [CMS-concurrent-mark-start]
2022-05-10T17:38:24.334+0800: 1169.195: [CMS-concurrent-mark: 0.014/0.014 secs] [Times: user=0.00 sys=0.00, real=0.01 secs] 
2022-05-10T17:38:24.334+0800: 1169.195: [CMS-concurrent-preclean-start]
2022-05-10T17:38:24.335+0800: 1169.196: [CMS-concurrent-preclean: 0.001/0.001 secs] [Times: user=0.00 sys=0.00, real=0.00 secs] 
2022-05-10T17:38:24.335+0800: 1169.196: [CMS-concurrent-abortable-preclean-start]
 CMS: abort preclean due to time 2022-05-10T17:38:29.392+0800: 1174.254: [CMS-concurrent-abortable-preclean: 0.050/5.057 secs] [Times: user=0.02 sys=0.00, real=5.06 secs] 
2022-05-10T17:38:29.392+0800: 1174.254: Application time: 5.0726663 seconds
2022-05-10T17:38:29.392+0800: 1174.254: [GC (CMS Final Remark) [YG occupancy: 16606 K (153600 K)]2022-05-10T17:38:29.392+0800: 1174.254: [Rescan (parallel) , 0.0075673 secs]2022-05-10T17:38:29.400+0800: 1174.262: [weak refs processing, 0.0000458 secs]2022-05-10T17:38:29.400+0800: 1174.262: [class unloading, 0.0037011 secs]2022-05-10T17:38:29.404+0800: 1174.265: [scrub symbol table, 0.0060999 secs]2022-05-10T17:38:29.410+0800: 1174.271: [scrub string table, 0.0003891 secs][1 CMS-remark: 10182K(341376K)] 26789K(494976K), 0.0179418 secs] [Times: user=0.11 sys=0.00, real=0.02 secs] 
2022-05-10T17:38:29.410+0800: 1174.272: Total time for which application threads were stopped: 0.0180597 seconds, Stopping threads took: 0.0000293 seconds
2022-05-10T17:38:29.410+0800: 1174.272: [CMS-concurrent-sweep-start]
2022-05-10T17:38:29.415+0800: 1174.276: [CMS-concurrent-sweep: 0.004/0.004 secs] [Times: user=0.02 sys=0.00, real=0.00 secs] 
2022-05-10T17:38:29.415+0800: 1174.276: [CMS-concurrent-reset-start]
2022-05-10T17:38:29.415+0800: 1174.277: [CMS-concurrent-reset: 0.000/0.000 secs] [Times: user=0.00 sys=0.00, real=0.00 secs] 
2022-05-10T17:38:31.420+0800: 1176.281: Application time: 2.0094138 seconds
2022-05-10T17:38:31.420+0800: 1176.281: [GC (CMS Initial Mark) [1 CMS-initial-mark: 10182K(341376K)] 26789K(494976K), 0.0042630 secs] [Times: user=0.00 sys=0.00, real=0.00 secs] 
2022-05-10T17:38:31.424+0800: 1176.286: Total time for which application threads were stopped: 0.0044023 seconds, Stopping threads took: 0.0000326 seconds
2022-05-10T17:38:31.424+0800: 1176.286: [CMS-concurrent-mark-start]
2022-05-10T17:38:31.432+0800: 1176.294: [CMS-concurrent-mark: 0.008/0.008 secs] [Times: user=0.03 sys=0.00, real=0.01 secs] 
2022-05-10T17:38:31.432+0800: 1176.294: [CMS-concurrent-preclean-start]
2022-05-10T17:38:31.433+0800: 1176.295: [CMS-concurrent-preclean: 0.001/0.001 secs] [Times: user=0.00 sys=0.00, real=0.00 secs] 
2022-05-10T17:38:31.433+0800: 1176.295: [CMS-concurrent-abortable-preclean-start]
 CMS: abort preclean due to time 2022-05-10T17:38:36.493+0800: 1181.354: [CMS-concurrent-abortable-preclean: 0.057/5.059 secs] [Times: user=0.02 sys=0.00, real=5.06 secs] 
2022-05-10T17:38:36.493+0800: 1181.354: Application time: 5.0684055 seconds
2022-05-10T17:38:36.493+0800: 1181.354: [GC (CMS Final Remark) [YG occupancy: 16606 K (153600 K)]2022-05-10T17:38:36.493+0800: 1181.354: [Rescan (parallel) , 0.0055233 secs]2022-05-10T17:38:36.499+0800: 1181.360: [weak refs processing, 0.0000386 secs]2022-05-10T17:38:36.499+0800: 1181.360: [class unloading, 0.0030311 secs]2022-05-10T17:38:36.502+0800: 1181.363: [scrub symbol table, 0.0047695 secs]2022-05-10T17:38:36.506+0800: 1181.368: [scrub string table, 0.0004133 secs][1 CMS-remark: 10182K(341376K)] 26789K(494976K), 0.0138976 secs] [Times: user=0.00 sys=0.00, real=0.01 secs] 
2022-05-10T17:38:36.507+0800: 1181.368: Total time for which application threads were stopped: 0.0139967 seconds, Stopping threads took: 0.0000217 seconds
2022-05-10T17:38:36.507+0800: 1181.368: [CMS-concurrent-sweep-start]
2022-05-10T17:38:36.512+0800: 1181.373: [CMS-concurrent-sweep: 0.005/0.005 secs] [Times: user=0.00 sys=0.00, real=0.01 secs] 
2022-05-10T17:38:36.512+0800: 1181.373: [CMS-concurrent-reset-start]
2022-05-10T17:38:36.512+0800: 1181.373: [CMS-concurrent-reset: 0.000/0.000 secs] [Times: user=0.00 sys=0.00, real=0.00 secs] 
2022-05-10T17:38:38.515+0800: 1183.376: Application time: 2.0081031 seconds
2022-05-10T17:38:38.515+0800: 1183.376: [GC (CMS Initial Mark) [1 CMS-initial-mark: 10182K(341376K)] 26789K(494976K), 0.0049988 secs] [Times: user=0.00 sys=0.00, real=0.00 secs] 
2022-05-10T17:38:38.520+0800: 1183.382: Total time for which application threads were stopped: 0.0052717 seconds, Stopping threads took: 0.0000760 seconds
2022-05-10T17:38:38.520+0800: 1183.382: [CMS-concurrent-mark-start]
2022-05-10T17:38:38.538+0800: 1183.400: [CMS-concurrent-mark: 0.018/0.018 secs] [Times: user=0.03 sys=0.00, real=0.02 secs] 
2022-05-10T17:38:38.538+0800: 1183.400: [CMS-concurrent-preclean-start]
2022-05-10T17:38:38.540+0800: 1183.402: [CMS-concurrent-preclean: 0.002/0.002 secs] [Times: user=0.02 sys=0.00, real=0.00 secs] 
2022-05-10T17:38:38.540+0800: 1183.402: [CMS-concurrent-abortable-preclean-start]
 CMS: abort preclean due to time 2022-05-10T17:38:43.616+0800: 1188.477: [CMS-concurrent-abortable-preclean: 0.072/5.076 secs] [Times: user=0.05 sys=0.00, real=5.08 secs] 
2022-05-10T17:38:43.616+0800: 1188.477: Application time: 5.0959470 seconds
2022-05-10T17:38:43.616+0800: 1188.478: [GC (CMS Final Remark) [YG occupancy: 16606 K (153600 K)]2022-05-10T17:38:43.616+0800: 1188.478: [Rescan (parallel) , 0.0073946 secs]2022-05-10T17:38:43.624+0800: 1188.485: [weak refs processing, 0.0000777 secs]2022-05-10T17:38:43.624+0800: 1188.485: [class unloading, 0.0057806 secs]2022-05-10T17:38:43.630+0800: 1188.491: [scrub symbol table, 0.0110559 secs]2022-05-10T17:38:43.641+0800: 1188.502: [scrub string table, 0.0007944 secs][1 CMS-remark: 10182K(341376K)] 26789K(494976K), 0.0253224 secs] [Times: user=0.08 sys=0.00, real=0.03 secs] 
2022-05-10T17:38:43.641+0800: 1188.503: Total time for which application threads were stopped: 0.0254989 seconds, Stopping threads took: 0.0000363 seconds
2022-05-10T17:38:43.642+0800: 1188.503: [CMS-concurrent-sweep-start]
2022-05-10T17:38:43.663+0800: 1188.525: [CMS-concurrent-sweep: 0.022/0.022 secs] [Times: user=0.00 sys=0.00, real=0.02 secs] 
2022-05-10T17:38:43.663+0800: 1188.525: [CMS-concurrent-reset-start]
2022-05-10T17:38:43.664+0800: 1188.525: [CMS-concurrent-reset: 0.001/0.001 secs] [Times: user=0.03 sys=0.00, real=0.00 secs] 
2022-05-10T17:38:45.668+0800: 1190.529: Application time: 2.0259590 seconds
2022-05-10T17:38:45.668+0800: 1190.529: [GC (CMS Initial Mark) [1 CMS-initial-mark: 10182K(341376K)] 26789K(494976K), 0.0067560 secs] [Times: user=0.00 sys=0.00, real=0.01 secs] 
2022-05-10T17:38:45.675+0800: 1190.536: Total time for which application threads were stopped: 0.0069611 seconds, Stopping threads took: 0.0000444 seconds
2022-05-10T17:38:45.675+0800: 1190.536: [CMS-concurrent-mark-start]
2022-05-10T17:38:45.691+0800: 1190.553: [CMS-concurrent-mark: 0.017/0.017 secs] [Times: user=0.03 sys=0.00, real=0.02 secs] 
2022-05-10T17:38:45.692+0800: 1190.553: [CMS-concurrent-preclean-start]
2022-05-10T17:38:45.693+0800: 1190.555: [CMS-concurrent-preclean: 0.002/0.002 secs] [Times: user=0.00 sys=0.00, real=0.00 secs] 
2022-05-10T17:38:45.693+0800: 1190.555: [CMS-concurrent-abortable-preclean-start]
 CMS: abort preclean due to time 2022-05-10T17:38:50.756+0800: 1195.617: [CMS-concurrent-abortable-preclean: 0.075/5.062 secs] [Times: user=0.08 sys=0.00, real=5.06 secs] 
2022-05-10T17:38:50.756+0800: 1195.617: Application time: 5.0814402 seconds
2022-05-10T17:38:50.756+0800: 1195.617: [GC (CMS Final Remark) [YG occupancy: 16606 K (153600 K)]2022-05-10T17:38:50.756+0800: 1195.617: [Rescan (parallel) , 0.0068635 secs]2022-05-10T17:38:50.763+0800: 1195.624: [weak refs processing, 0.0000481 secs]2022-05-10T17:38:50.763+0800: 1195.624: [class unloading, 0.0036306 secs]2022-05-10T17:38:50.767+0800: 1195.628: [scrub symbol table, 0.0076248 secs]2022-05-10T17:38:50.774+0800: 1195.636: [scrub string table, 0.0005415 secs][1 CMS-remark: 10182K(341376K)] 26789K(494976K), 0.0188812 secs] [Times: user=0.09 sys=0.00, real=0.02 secs] 
2022-05-10T17:38:50.775+0800: 1195.636: Total time for which application threads were stopped: 0.0190141 seconds, Stopping threads took: 0.0000312 seconds
2022-05-10T17:38:50.775+0800: 1195.636: [CMS-concurrent-sweep-start]
2022-05-10T17:38:50.781+0800: 1195.642: [CMS-concurrent-sweep: 0.006/0.006 secs] [Times: user=0.00 sys=0.00, real=0.01 secs] 
2022-05-10T17:38:50.781+0800: 1195.642: [CMS-concurrent-reset-start]
2022-05-10T17:38:50.781+0800: 1195.643: [CMS-concurrent-reset: 0.000/0.000 secs] [Times: user=0.00 sys=0.00, real=0.00 secs] 
2022-05-10T17:38:52.790+0800: 1197.651: Application time: 2.0146067 seconds
2022-05-10T17:38:52.790+0800: 1197.651: [GC (CMS Initial Mark) [1 CMS-initial-mark: 10182K(341376K)] 26789K(494976K), 0.0062727 secs] [Times: user=0.00 sys=0.00, real=0.01 secs] 
2022-05-10T17:38:52.796+0800: 1197.657: Total time for which application threads were stopped: 0.0064481 seconds, Stopping threads took: 0.0000375 seconds
2022-05-10T17:38:52.796+0800: 1197.657: [CMS-concurrent-mark-start]
2022-05-10T17:38:52.811+0800: 1197.672: [CMS-concurrent-mark: 0.015/0.015 secs] [Times: user=0.03 sys=0.00, real=0.02 secs] 
2022-05-10T17:38:52.811+0800: 1197.672: [CMS-concurrent-preclean-start]
2022-05-10T17:38:52.812+0800: 1197.673: [CMS-concurrent-preclean: 0.001/0.001 secs] [Times: user=0.00 sys=0.00, real=0.00 secs] 
2022-05-10T17:38:52.812+0800: 1197.673: [CMS-concurrent-abortable-preclean-start]
 CMS: abort preclean due to time 2022-05-10T17:38:57.921+0800: 1202.783: [CMS-concurrent-abortable-preclean: 0.077/5.110 secs] [Times: user=0.00 sys=0.00, real=5.11 secs] 
2022-05-10T17:38:57.921+0800: 1202.783: Application time: 5.1255705 seconds
2022-05-10T17:38:57.921+0800: 1202.783: [GC (CMS Final Remark) [YG occupancy: 16606 K (153600 K)]2022-05-10T17:38:57.921+0800: 1202.783: [Rescan (parallel) , 0.0078207 secs]2022-05-10T17:38:57.930+0800: 1202.791: [weak refs processing, 0.0000764 secs]2022-05-10T17:38:57.930+0800: 1202.791: [class unloading, 0.0055601 secs]2022-05-10T17:38:57.935+0800: 1202.797: [scrub symbol table, 0.0090893 secs]2022-05-10T17:38:57.944+0800: 1202.806: [scrub string table, 0.0004963 secs][1 CMS-remark: 10182K(341376K)] 26789K(494976K), 0.0232655 secs] [Times: user=0.09 sys=0.00, real=0.02 secs] 
2022-05-10T17:38:57.945+0800: 1202.806: Total time for which application threads were stopped: 0.0233966 seconds, Stopping threads took: 0.0000308 seconds
2022-05-10T17:38:57.946+0800: 1202.807: [CMS-concurrent-sweep-start]
2022-05-10T17:38:57.950+0800: 1202.812: [CMS-concurrent-sweep: 0.005/0.005 secs] [Times: user=0.00 sys=0.00, real=0.00 secs] 
2022-05-10T17:38:57.950+0800: 1202.812: [CMS-concurrent-reset-start]
2022-05-10T17:38:57.951+0800: 1202.812: [CMS-concurrent-reset: 0.000/0.000 secs] [Times: user=0.00 sys=0.00, real=0.00 secs] 
2022-05-10T17:38:59.963+0800: 1204.824: Application time: 2.0177992 seconds
2022-05-10T17:38:59.963+0800: 1204.824: [GC (CMS Initial Mark) [1 CMS-initial-mark: 10182K(341376K)] 26789K(494976K), 0.0067079 secs] [Times: user=0.00 sys=0.00, real=0.01 secs] 
2022-05-10T17:38:59.970+0800: 1204.831: Total time for which application threads were stopped: 0.0069140 seconds, Stopping threads took: 0.0000423 seconds
2022-05-10T17:38:59.970+0800: 1204.831: [CMS-concurrent-mark-start]
2022-05-10T17:38:59.993+0800: 1204.854: [CMS-concurrent-mark: 0.023/0.023 secs] [Times: user=0.06 sys=0.00, real=0.02 secs] 
2022-05-10T17:38:59.993+0800: 1204.854: [CMS-concurrent-preclean-start]
2022-05-10T17:38:59.994+0800: 1204.855: [CMS-concurrent-preclean: 0.002/0.002 secs] [Times: user=0.00 sys=0.00, real=0.00 secs] 
2022-05-10T17:38:59.995+0800: 1204.856: [CMS-concurrent-abortable-preclean-start]
 CMS: abort preclean due to time 2022-05-10T17:39:05.064+0800: 1209.925: [CMS-concurrent-abortable-preclean: 0.058/5.070 secs] [Times: user=0.13 sys=0.00, real=5.07 secs] 
2022-05-10T17:39:05.064+0800: 1209.925: Application time: 5.0943698 seconds
2022-05-10T17:39:05.064+0800: 1209.926: [GC (CMS Final Remark) [YG occupancy: 16606 K (153600 K)]2022-05-10T17:39:05.064+0800: 1209.926: [Rescan (parallel) , 0.0050652 secs]2022-05-10T17:39:05.069+0800: 1209.931: [weak refs processing, 0.0000345 secs]2022-05-10T17:39:05.069+0800: 1209.931: [class unloading, 0.0029129 secs]2022-05-10T17:39:05.072+0800: 1209.934: [scrub symbol table, 0.0045473 secs]2022-05-10T17:39:05.076+0800: 1209.938: [scrub string table, 0.0003894 secs][1 CMS-remark: 10182K(341376K)] 26789K(494976K), 0.0130483 secs] [Times: user=0.02 sys=0.00, real=0.01 secs] 
2022-05-10T17:39:05.077+0800: 1209.939: Total time for which application threads were stopped: 0.0131432 seconds, Stopping threads took: 0.0000214 seconds
2022-05-10T17:39:05.078+0800: 1209.939: [CMS-concurrent-sweep-start]
2022-05-10T17:39:05.081+0800: 1209.943: [CMS-concurrent-sweep: 0.004/0.004 secs] [Times: user=0.00 sys=0.00, real=0.00 secs] 
2022-05-10T17:39:05.081+0800: 1209.943: [CMS-concurrent-reset-start]
2022-05-10T17:39:05.082+0800: 1209.943: [CMS-concurrent-reset: 0.000/0.000 secs] [Times: user=0.00 sys=0.00, real=0.00 secs] 
2022-05-10T17:39:07.084+0800: 1211.945: Application time: 2.0065041 seconds
2022-05-10T17:39:07.084+0800: 1211.945: [GC (CMS Initial Mark) [1 CMS-initial-mark: 10182K(341376K)] 26789K(494976K), 0.0037167 secs] [Times: user=0.02 sys=0.02, real=0.00 secs] 
2022-05-10T17:39:07.087+0800: 1211.949: Total time for which application threads were stopped: 0.0038554 seconds, Stopping threads took: 0.0000286 seconds
2022-05-10T17:39:07.088+0800: 1211.949: [CMS-concurrent-mark-start]
2022-05-10T17:39:07.097+0800: 1211.959: [CMS-concurrent-mark: 0.010/0.010 secs] [Times: user=0.00 sys=0.00, real=0.01 secs] 
2022-05-10T17:39:07.098+0800: 1211.959: [CMS-concurrent-preclean-start]
2022-05-10T17:39:07.098+0800: 1211.959: [CMS-concurrent-preclean: 0.001/0.001 secs] [Times: user=0.00 sys=0.00, real=0.00 secs] 
2022-05-10T17:39:07.098+0800: 1211.959: [CMS-concurrent-abortable-preclean-start]
 CMS: abort preclean due to time 2022-05-10T17:39:12.163+0800: 1217.024: [CMS-concurrent-abortable-preclean: 0.055/5.065 secs] [Times: user=0.03 sys=0.00, real=5.07 secs] 
2022-05-10T17:39:12.163+0800: 1217.025: Application time: 5.0755785 seconds
2022-05-10T17:39:12.163+0800: 1217.025: [GC (CMS Final Remark) [YG occupancy: 16606 K (153600 K)]2022-05-10T17:39:12.163+0800: 1217.025: [Rescan (parallel) , 0.0070996 secs]2022-05-10T17:39:12.171+0800: 1217.032: [weak refs processing, 0.0000726 secs]2022-05-10T17:39:12.171+0800: 1217.032: [class unloading, 0.0040766 secs]2022-05-10T17:39:12.175+0800: 1217.036: [scrub symbol table, 0.0083434 secs]2022-05-10T17:39:12.183+0800: 1217.044: [scrub string table, 0.0007360 secs][1 CMS-remark: 10182K(341376K)] 26789K(494976K), 0.0205481 secs] [Times: user=0.09 sys=0.00, real=0.02 secs] 
2022-05-10T17:39:12.184+0800: 1217.045: Total time for which application threads were stopped: 0.0206856 seconds, Stopping threads took: 0.0000254 seconds
2022-05-10T17:39:12.184+0800: 1217.045: [CMS-concurrent-sweep-start]
2022-05-10T17:39:12.190+0800: 1217.051: [CMS-concurrent-sweep: 0.006/0.006 secs] [Times: user=0.00 sys=0.00, real=0.01 secs] 
2022-05-10T17:39:12.190+0800: 1217.052: [CMS-concurrent-reset-start]
2022-05-10T17:39:12.190+0800: 1217.052: [CMS-concurrent-reset: 0.000/0.000 secs] [Times: user=0.00 sys=0.00, real=0.00 secs] 
2022-05-10T17:39:14.201+0800: 1219.062: Application time: 2.0170784 seconds
2022-05-10T17:39:14.201+0800: 1219.062: [GC (CMS Initial Mark) [1 CMS-initial-mark: 10182K(341376K)] 26789K(494976K), 0.0038293 secs] [Times: user=0.00 sys=0.00, real=0.00 secs] 
2022-05-10T17:39:14.205+0800: 1219.066: Total time for which application threads were stopped: 0.0039526 seconds, Stopping threads took: 0.0000252 seconds
2022-05-10T17:39:14.205+0800: 1219.066: [CMS-concurrent-mark-start]
2022-05-10T17:39:14.216+0800: 1219.078: [CMS-concurrent-mark: 0.012/0.012 secs] [Times: user=0.03 sys=0.00, real=0.01 secs] 
2022-05-10T17:39:14.216+0800: 1219.078: [CMS-concurrent-preclean-start]
2022-05-10T17:39:14.218+0800: 1219.079: [CMS-concurrent-preclean: 0.001/0.001 secs] [Times: user=0.00 sys=0.00, real=0.00 secs] 
2022-05-10T17:39:14.218+0800: 1219.079: [CMS-concurrent-abortable-preclean-start]
 CMS: abort preclean due to time 2022-05-10T17:39:19.276+0800: 1224.138: [CMS-concurrent-abortable-preclean: 0.049/5.059 secs] [Times: user=0.05 sys=0.00, real=5.06 secs] 
2022-05-10T17:39:19.277+0800: 1224.138: Application time: 5.0718885 seconds
2022-05-10T17:39:19.277+0800: 1224.138: [GC (CMS Final Remark) [YG occupancy: 16606 K (153600 K)]2022-05-10T17:39:19.277+0800: 1224.138: [Rescan (parallel) , 0.0050682 secs]2022-05-10T17:39:19.282+0800: 1224.143: [weak refs processing, 0.0000380 secs]2022-05-10T17:39:19.282+0800: 1224.143: [class unloading, 0.0029288 secs]2022-05-10T17:39:19.285+0800: 1224.146: [scrub symbol table, 0.0050972 secs]2022-05-10T17:39:19.290+0800: 1224.152: [scrub string table, 0.0003874 secs][1 CMS-remark: 10182K(341376K)] 26789K(494976K), 0.0136454 secs] [Times: user=0.02 sys=0.00, real=0.01 secs] 
2022-05-10T17:39:19.290+0800: 1224.152: Total time for which application threads were stopped: 0.0137411 seconds, Stopping threads took: 0.0000206 seconds
2022-05-10T17:39:19.290+0800: 1224.152: [CMS-concurrent-sweep-start]
2022-05-10T17:39:19.295+0800: 1224.156: [CMS-concurrent-sweep: 0.004/0.004 secs] [Times: user=0.00 sys=0.00, real=0.01 secs] 
2022-05-10T17:39:19.295+0800: 1224.156: [CMS-concurrent-reset-start]
2022-05-10T17:39:19.296+0800: 1224.157: [CMS-concurrent-reset: 0.000/0.000 secs] [Times: user=0.00 sys=0.00, real=0.00 secs] 
2022-05-10T17:39:21.303+0800: 1226.164: Application time: 2.0122922 seconds
2022-05-10T17:39:21.303+0800: 1226.164: [GC (CMS Initial Mark) [1 CMS-initial-mark: 10182K(341376K)] 26789K(494976K), 0.0046975 secs] [Times: user=0.03 sys=0.00, real=0.00 secs] 
2022-05-10T17:39:21.307+0800: 1226.169: Total time for which application threads were stopped: 0.0048700 seconds, Stopping threads took: 0.0000360 seconds
2022-05-10T17:39:21.307+0800: 1226.169: [CMS-concurrent-mark-start]
2022-05-10T17:39:21.325+0800: 1226.186: [CMS-concurrent-mark: 0.017/0.017 secs] [Times: user=0.02 sys=0.00, real=0.02 secs] 
2022-05-10T17:39:21.325+0800: 1226.186: [CMS-concurrent-preclean-start]
2022-05-10T17:39:21.326+0800: 1226.187: [CMS-concurrent-preclean: 0.001/0.001 secs] [Times: user=0.00 sys=0.00, real=0.00 secs] 
2022-05-10T17:39:21.326+0800: 1226.187: [CMS-concurrent-abortable-preclean-start]
 CMS: abort preclean due to time 2022-05-10T17:39:26.391+0800: 1231.252: [CMS-concurrent-abortable-preclean: 0.065/5.065 secs] [Times: user=0.03 sys=0.00, real=5.07 secs] 
2022-05-10T17:39:26.391+0800: 1231.252: Application time: 5.0832670 seconds
2022-05-10T17:39:26.391+0800: 1231.252: [GC (CMS Final Remark) [YG occupancy: 16606 K (153600 K)]2022-05-10T17:39:26.391+0800: 1231.252: [Rescan (parallel) , 0.0062286 secs]2022-05-10T17:39:26.397+0800: 1231.259: [weak refs processing, 0.0000426 secs]2022-05-10T17:39:26.397+0800: 1231.259: [class unloading, 0.0033790 secs]2022-05-10T17:39:26.401+0800: 1231.262: [scrub symbol table, 0.0059104 secs]2022-05-10T17:39:26.407+0800: 1231.268: [scrub string table, 0.0004404 secs][1 CMS-remark: 10182K(341376K)] 26789K(494976K), 0.0161385 secs] [Times: user=0.01 sys=0.00, real=0.02 secs] 
2022-05-10T17:39:26.407+0800: 1231.269: Total time for which application threads were stopped: 0.0162475 seconds, Stopping threads took: 0.0000244 seconds
2022-05-10T17:39:26.407+0800: 1231.269: [CMS-concurrent-sweep-start]
2022-05-10T17:39:26.412+0800: 1231.274: [CMS-concurrent-sweep: 0.005/0.005 secs] [Times: user=0.00 sys=0.00, real=0.00 secs] 
2022-05-10T17:39:26.412+0800: 1231.274: [CMS-concurrent-reset-start]
2022-05-10T17:39:26.413+0800: 1231.274: [CMS-concurrent-reset: 0.000/0.000 secs] [Times: user=0.00 sys=0.00, real=0.00 secs] 
2022-05-10T17:39:28.419+0800: 1233.280: Application time: 2.0113593 seconds
2022-05-10T17:39:28.419+0800: 1233.280: [GC (CMS Initial Mark) [1 CMS-initial-mark: 10182K(341376K)] 26789K(494976K), 0.0040958 secs] [Times: user=0.00 sys=0.00, real=0.00 secs] 
2022-05-10T17:39:28.423+0800: 1233.284: Total time for which application threads were stopped: 0.0042438 seconds, Stopping threads took: 0.0000404 seconds
2022-05-10T17:39:28.423+0800: 1233.284: [CMS-concurrent-mark-start]
2022-05-10T17:39:28.432+0800: 1233.294: [CMS-concurrent-mark: 0.010/0.010 secs] [Times: user=0.03 sys=0.00, real=0.01 secs] 
2022-05-10T17:39:28.432+0800: 1233.294: [CMS-concurrent-preclean-start]
2022-05-10T17:39:28.433+0800: 1233.295: [CMS-concurrent-preclean: 0.001/0.001 secs] [Times: user=0.00 sys=0.00, real=0.00 secs] 
2022-05-10T17:39:28.433+0800: 1233.295: [CMS-concurrent-abortable-preclean-start]
 CMS: abort preclean due to time 2022-05-10T17:39:33.512+0800: 1238.373: [CMS-concurrent-abortable-preclean: 0.055/5.078 secs] [Times: user=0.06 sys=0.00, real=5.08 secs] 
2022-05-10T17:39:33.512+0800: 1238.373: Application time: 5.0889999 seconds
2022-05-10T17:39:33.512+0800: 1238.373: [GC (CMS Final Remark) [YG occupancy: 16606 K (153600 K)]2022-05-10T17:39:33.512+0800: 1238.373: [Rescan (parallel) , 0.0059164 secs]2022-05-10T17:39:33.518+0800: 1238.379: [weak refs processing, 0.0000733 secs]2022-05-10T17:39:33.518+0800: 1238.379: [class unloading, 0.0051730 secs]2022-05-10T17:39:33.523+0800: 1238.385: [scrub symbol table, 0.0106582 secs]2022-05-10T17:39:33.534+0800: 1238.395: [scrub string table, 0.0007331 secs][1 CMS-remark: 10182K(341376K)] 26789K(494976K), 0.0227631 secs] [Times: user=0.02 sys=0.00, real=0.02 secs] 
2022-05-10T17:39:33.535+0800: 1238.396: Total time for which application threads were stopped: 0.0228923 seconds, Stopping threads took: 0.0000251 seconds
2022-05-10T17:39:33.535+0800: 1238.396: [CMS-concurrent-sweep-start]
2022-05-10T17:39:33.543+0800: 1238.404: [CMS-concurrent-sweep: 0.008/0.008 secs] [Times: user=0.01 sys=0.00, real=0.01 secs] 
2022-05-10T17:39:33.543+0800: 1238.404: [CMS-concurrent-reset-start]
2022-05-10T17:39:33.543+0800: 1238.404: [CMS-concurrent-reset: 0.000/0.000 secs] [Times: user=0.00 sys=0.00, real=0.00 secs] 
2022-05-10T17:39:35.549+0800: 1240.410: Application time: 2.0137455 seconds
2022-05-10T17:39:35.549+0800: 1240.410: [GC (CMS Initial Mark) [1 CMS-initial-mark: 10182K(341376K)] 26789K(494976K), 0.0038909 secs] [Times: user=0.00 sys=0.00, real=0.00 secs] 
2022-05-10T17:39:35.553+0800: 1240.414: Total time for which application threads were stopped: 0.0040410 seconds, Stopping threads took: 0.0000359 seconds
2022-05-10T17:39:35.553+0800: 1240.414: [CMS-concurrent-mark-start]
2022-05-10T17:39:35.561+0800: 1240.423: [CMS-concurrent-mark: 0.009/0.009 secs] [Times: user=0.03 sys=0.00, real=0.01 secs] 
2022-05-10T17:39:35.562+0800: 1240.423: [CMS-concurrent-preclean-start]
2022-05-10T17:39:35.562+0800: 1240.424: [CMS-concurrent-preclean: 0.001/0.001 secs] [Times: user=0.00 sys=0.00, real=0.00 secs] 
2022-05-10T17:39:35.562+0800: 1240.424: [CMS-concurrent-abortable-preclean-start]
 CMS: abort preclean due to time 2022-05-10T17:39:40.633+0800: 1245.495: [CMS-concurrent-abortable-preclean: 0.051/5.071 secs] [Times: user=0.05 sys=0.00, real=5.07 secs] 
2022-05-10T17:39:40.633+0800: 1245.495: Application time: 5.0808589 seconds
2022-05-10T17:39:40.634+0800: 1245.495: [GC (CMS Final Remark) [YG occupancy: 16606 K (153600 K)]2022-05-10T17:39:40.634+0800: 1245.495: [Rescan (parallel) , 0.0048107 secs]2022-05-10T17:39:40.638+0800: 1245.500: [weak refs processing, 0.0000337 secs]2022-05-10T17:39:40.638+0800: 1245.500: [class unloading, 0.0028715 secs]2022-05-10T17:39:40.641+0800: 1245.503: [scrub symbol table, 0.0053317 secs]2022-05-10T17:39:40.647+0800: 1245.508: [scrub string table, 0.0003678 secs][1 CMS-remark: 10182K(341376K)] 26789K(494976K), 0.0135340 secs] [Times: user=0.00 sys=0.00, real=0.01 secs] 
2022-05-10T17:39:40.647+0800: 1245.508: Total time for which application threads were stopped: 0.0136275 seconds, Stopping threads took: 0.0000263 seconds
2022-05-10T17:39:40.647+0800: 1245.509: [CMS-concurrent-sweep-start]
2022-05-10T17:39:40.651+0800: 1245.513: [CMS-concurrent-sweep: 0.004/0.004 secs] [Times: user=0.01 sys=0.00, real=0.00 secs] 
2022-05-10T17:39:40.651+0800: 1245.513: [CMS-concurrent-reset-start]
2022-05-10T17:39:40.652+0800: 1245.513: [CMS-concurrent-reset: 0.000/0.000 secs] [Times: user=0.00 sys=0.00, real=0.00 secs] 
2022-05-10T17:39:42.665+0800: 1247.527: Application time: 2.0182405 seconds
2022-05-10T17:39:42.665+0800: 1247.527: [GC (CMS Initial Mark) [1 CMS-initial-mark: 10182K(341376K)] 26789K(494976K), 0.0033235 secs] [Times: user=0.00 sys=0.00, real=0.00 secs] 
2022-05-10T17:39:42.669+0800: 1247.530: Total time for which application threads were stopped: 0.0034596 seconds, Stopping threads took: 0.0000331 seconds
2022-05-10T17:39:42.669+0800: 1247.530: [CMS-concurrent-mark-start]
2022-05-10T17:39:42.678+0800: 1247.540: [CMS-concurrent-mark: 0.009/0.009 secs] [Times: user=0.00 sys=0.00, real=0.01 secs] 
2022-05-10T17:39:42.678+0800: 1247.540: [CMS-concurrent-preclean-start]
2022-05-10T17:39:42.679+0800: 1247.540: [CMS-concurrent-preclean: 0.001/0.001 secs] [Times: user=0.02 sys=0.00, real=0.00 secs] 
2022-05-10T17:39:42.679+0800: 1247.541: [CMS-concurrent-abortable-preclean-start]
 CMS: abort preclean due to time 2022-05-10T17:39:47.784+0800: 1252.645: [CMS-concurrent-abortable-preclean: 0.068/5.104 secs] [Times: user=0.03 sys=0.00, real=5.11 secs] 
2022-05-10T17:39:47.784+0800: 1252.645: Application time: 5.1148304 seconds
2022-05-10T17:39:47.784+0800: 1252.645: [GC (CMS Final Remark) [YG occupancy: 16606 K (153600 K)]2022-05-10T17:39:47.784+0800: 1252.645: [Rescan (parallel) , 0.0060062 secs]2022-05-10T17:39:47.790+0800: 1252.651: [weak refs processing, 0.0000427 secs]2022-05-10T17:39:47.790+0800: 1252.651: [class unloading, 0.0031643 secs]2022-05-10T17:39:47.793+0800: 1252.654: [scrub symbol table, 0.0050637 secs]2022-05-10T17:39:47.798+0800: 1252.659: [scrub string table, 0.0005255 secs][1 CMS-remark: 10182K(341376K)] 26789K(494976K), 0.0149541 secs] [Times: user=0.08 sys=0.01, real=0.02 secs] 
2022-05-10T17:39:47.799+0800: 1252.660: Total time for which application threads were stopped: 0.0150778 seconds, Stopping threads took: 0.0000232 seconds
2022-05-10T17:39:47.799+0800: 1252.660: [CMS-concurrent-sweep-start]
2022-05-10T17:39:47.805+0800: 1252.666: [CMS-concurrent-sweep: 0.006/0.006 secs] [Times: user=0.02 sys=0.00, real=0.01 secs] 
2022-05-10T17:39:47.805+0800: 1252.666: [CMS-concurrent-reset-start]
2022-05-10T17:39:47.806+0800: 1252.667: [CMS-concurrent-reset: 0.000/0.000 secs] [Times: user=0.00 sys=0.00, real=0.00 secs] 
2022-05-10T17:39:48.808+0800: 1253.669: Application time: 1.0090806 seconds
2022-05-10T17:39:48.808+0800: 1253.669: Total time for which application threads were stopped: 0.0001543 seconds, Stopping threads took: 0.0000509 seconds
2022-05-10T17:39:49.815+0800: 1254.676: Application time: 1.0062059 seconds
2022-05-10T17:39:49.815+0800: 1254.676: [GC (CMS Initial Mark) [1 CMS-initial-mark: 10182K(341376K)] 26789K(494976K), 0.0030917 secs] [Times: user=0.00 sys=0.00, real=0.00 secs] 
2022-05-10T17:39:49.818+0800: 1254.679: Total time for which application threads were stopped: 0.0032722 seconds, Stopping threads took: 0.0000831 seconds
2022-05-10T17:39:49.818+0800: 1254.679: [CMS-concurrent-mark-start]
2022-05-10T17:39:49.827+0800: 1254.689: [CMS-concurrent-mark: 0.010/0.010 secs] [Times: user=0.03 sys=0.00, real=0.01 secs] 
2022-05-10T17:39:49.827+0800: 1254.689: [CMS-concurrent-preclean-start]
2022-05-10T17:39:49.828+0800: 1254.690: [CMS-concurrent-preclean: 0.001/0.001 secs] [Times: user=0.00 sys=0.00, real=0.00 secs] 
2022-05-10T17:39:49.828+0800: 1254.690: [CMS-concurrent-abortable-preclean-start]
 CMS: abort preclean due to time 2022-05-10T17:39:54.881+0800: 1259.742: [CMS-concurrent-abortable-preclean: 0.057/5.052 secs] [Times: user=0.05 sys=0.00, real=5.05 secs] 
2022-05-10T17:39:54.881+0800: 1259.742: Application time: 5.0630554 seconds
2022-05-10T17:39:54.881+0800: 1259.742: [GC (CMS Final Remark) [YG occupancy: 16606 K (153600 K)]2022-05-10T17:39:54.881+0800: 1259.742: [Rescan (parallel) , 0.0060424 secs]2022-05-10T17:39:54.887+0800: 1259.748: [weak refs processing, 0.0000370 secs]2022-05-10T17:39:54.887+0800: 1259.748: [class unloading, 0.0030739 secs]2022-05-10T17:39:54.890+0800: 1259.751: [scrub symbol table, 0.0058312 secs]2022-05-10T17:39:54.896+0800: 1259.757: [scrub string table, 0.0005246 secs][1 CMS-remark: 10182K(341376K)] 26789K(494976K), 0.0156458 secs] [Times: user=0.11 sys=0.00, real=0.01 secs] 
2022-05-10T17:39:54.897+0800: 1259.758: Total time for which application threads were stopped: 0.0157528 seconds, Stopping threads took: 0.0000231 seconds
2022-05-10T17:39:54.897+0800: 1259.758: [CMS-concurrent-sweep-start]
2022-05-10T17:39:54.901+0800: 1259.763: [CMS-concurrent-sweep: 0.005/0.005 secs] [Times: user=0.02 sys=0.00, real=0.00 secs] 
2022-05-10T17:39:54.901+0800: 1259.763: [CMS-concurrent-reset-start]
2022-05-10T17:39:54.902+0800: 1259.763: [CMS-concurrent-reset: 0.000/0.000 secs] [Times: user=0.00 sys=0.00, real=0.00 secs] 
2022-05-10T17:39:56.907+0800: 1261.768: Application time: 2.0108837 seconds
2022-05-10T17:39:56.907+0800: 1261.769: [GC (CMS Initial Mark) [1 CMS-initial-mark: 10182K(341376K)] 26789K(494976K), 0.0050085 secs] [Times: user=0.00 sys=0.00, real=0.00 secs] 
2022-05-10T17:39:56.912+0800: 1261.774: Total time for which application threads were stopped: 0.0052004 seconds, Stopping threads took: 0.0000458 seconds
2022-05-10T17:39:56.912+0800: 1261.774: [CMS-concurrent-mark-start]
2022-05-10T17:39:56.926+0800: 1261.788: [CMS-concurrent-mark: 0.014/0.014 secs] [Times: user=0.03 sys=0.00, real=0.01 secs] 
2022-05-10T17:39:56.926+0800: 1261.788: [CMS-concurrent-preclean-start]
2022-05-10T17:39:56.927+0800: 1261.789: [CMS-concurrent-preclean: 0.001/0.001 secs] [Times: user=0.00 sys=0.00, real=0.00 secs] 
2022-05-10T17:39:56.927+0800: 1261.789: [CMS-concurrent-abortable-preclean-start]
 CMS: abort preclean due to time 2022-05-10T17:40:01.968+0800: 1266.829: [CMS-concurrent-abortable-preclean: 0.050/5.040 secs] [Times: user=0.03 sys=0.00, real=5.04 secs] 
2022-05-10T17:40:01.968+0800: 1266.829: Application time: 5.0553872 seconds
2022-05-10T17:40:01.968+0800: 1266.829: [GC (CMS Final Remark) [YG occupancy: 16606 K (153600 K)]2022-05-10T17:40:01.968+0800: 1266.829: [Rescan (parallel) , 0.0059135 secs]2022-05-10T17:40:01.974+0800: 1266.835: [weak refs processing, 0.0000436 secs]2022-05-10T17:40:01.974+0800: 1266.835: [class unloading, 0.0034063 secs]2022-05-10T17:40:01.978+0800: 1266.839: [scrub symbol table, 0.0080424 secs]2022-05-10T17:40:01.986+0800: 1266.847: [scrub string table, 0.0004510 secs][1 CMS-remark: 10182K(341376K)] 26789K(494976K), 0.0180225 secs] [Times: user=0.02 sys=0.00, real=0.02 secs] 
2022-05-10T17:40:01.986+0800: 1266.847: Total time for which application threads were stopped: 0.0181335 seconds, Stopping threads took: 0.0000232 seconds
2022-05-10T17:40:01.986+0800: 1266.847: [CMS-concurrent-sweep-start]
2022-05-10T17:40:01.991+0800: 1266.852: [CMS-concurrent-sweep: 0.005/0.005 secs] [Times: user=0.00 sys=0.00, real=0.00 secs] 
2022-05-10T17:40:01.991+0800: 1266.853: [CMS-concurrent-reset-start]
2022-05-10T17:40:01.992+0800: 1266.853: [CMS-concurrent-reset: 0.000/0.000 secs] [Times: user=0.00 sys=0.00, real=0.00 secs] 
2022-05-10T17:40:03.999+0800: 1268.860: Application time: 2.0124016 seconds
2022-05-10T17:40:03.999+0800: 1268.860: [GC (CMS Initial Mark) [1 CMS-initial-mark: 10182K(341376K)] 26789K(494976K), 0.0053230 secs] [Times: user=0.00 sys=0.00, real=0.00 secs] 
2022-05-10T17:40:04.004+0800: 1268.865: Total time for which application threads were stopped: 0.0055607 seconds, Stopping threads took: 0.0000695 seconds
2022-05-10T17:40:04.004+0800: 1268.865: [CMS-concurrent-mark-start]
2022-05-10T17:40:04.021+0800: 1268.883: [CMS-concurrent-mark: 0.018/0.018 secs] [Times: user=0.03 sys=0.00, real=0.02 secs] 
2022-05-10T17:40:04.022+0800: 1268.883: [CMS-concurrent-preclean-start]
2022-05-10T17:40:04.022+0800: 1268.884: [CMS-concurrent-preclean: 0.001/0.001 secs] [Times: user=0.00 sys=0.00, real=0.00 secs] 
2022-05-10T17:40:04.022+0800: 1268.884: [CMS-concurrent-abortable-preclean-start]
 CMS: abort preclean due to time 2022-05-10T17:40:09.078+0800: 1273.940: [CMS-concurrent-abortable-preclean: 0.055/5.055 secs] [Times: user=0.05 sys=0.00, real=5.06 secs] 
2022-05-10T17:40:09.078+0800: 1273.940: Application time: 5.0747277 seconds
2022-05-10T17:40:09.078+0800: 1273.940: [GC (CMS Final Remark) [YG occupancy: 16606 K (153600 K)]2022-05-10T17:40:09.079+0800: 1273.940: [Rescan (parallel) , 0.0069345 secs]2022-05-10T17:40:09.086+0800: 1273.947: [weak refs processing, 0.0000713 secs]2022-05-10T17:40:09.086+0800: 1273.947: [class unloading, 0.0061726 secs]2022-05-10T17:40:09.092+0800: 1273.953: [scrub symbol table, 0.0108595 secs]2022-05-10T17:40:09.103+0800: 1273.964: [scrub string table, 0.0007734 secs][1 CMS-remark: 10182K(341376K)] 26789K(494976K), 0.0250656 secs] [Times: user=0.09 sys=0.00, real=0.03 secs] 
2022-05-10T17:40:09.104+0800: 1273.965: Total time for which application threads were stopped: 0.0252581 seconds, Stopping threads took: 0.0000491 seconds
2022-05-10T17:40:09.104+0800: 1273.965: [CMS-concurrent-sweep-start]
2022-05-10T17:40:09.112+0800: 1273.973: [CMS-concurrent-sweep: 0.008/0.008 secs] [Times: user=0.00 sys=0.00, real=0.01 secs] 
2022-05-10T17:40:09.112+0800: 1273.973: [CMS-concurrent-reset-start]
2022-05-10T17:40:09.112+0800: 1273.974: [CMS-concurrent-reset: 0.000/0.000 secs] [Times: user=0.00 sys=0.00, real=0.00 secs] 
2022-05-10T17:40:11.126+0800: 1275.987: Application time: 2.0217836 seconds
2022-05-10T17:40:11.126+0800: 1275.987: [GC (CMS Initial Mark) [1 CMS-initial-mark: 10182K(341376K)] 26789K(494976K), 0.0049760 secs] [Times: user=0.00 sys=0.00, real=0.01 secs] 
2022-05-10T17:40:11.131+0800: 1275.992: Total time for which application threads were stopped: 0.0051702 seconds, Stopping threads took: 0.0000390 seconds
2022-05-10T17:40:11.131+0800: 1275.992: [CMS-concurrent-mark-start]
2022-05-10T17:40:11.144+0800: 1276.005: [CMS-concurrent-mark: 0.013/0.013 secs] [Times: user=0.02 sys=0.00, real=0.01 secs] 
2022-05-10T17:40:11.144+0800: 1276.005: [CMS-concurrent-preclean-start]
2022-05-10T17:40:11.145+0800: 1276.007: [CMS-concurrent-preclean: 0.001/0.001 secs] [Times: user=0.00 sys=0.00, real=0.00 secs] 
2022-05-10T17:40:11.145+0800: 1276.007: [CMS-concurrent-abortable-preclean-start]
 CMS: abort preclean due to time 2022-05-10T17:40:16.236+0800: 1281.097: [CMS-concurrent-abortable-preclean: 0.094/5.090 secs] [Times: user=0.05 sys=0.00, real=5.09 secs] 
2022-05-10T17:40:16.250+0800: 1281.111: Application time: 5.1186045 seconds
2022-05-10T17:40:16.250+0800: 1281.111: [GC (CMS Final Remark) [YG occupancy: 16606 K (153600 K)]2022-05-10T17:40:16.250+0800: 1281.111: [Rescan (parallel) , 0.0087588 secs]2022-05-10T17:40:16.259+0800: 1281.120: [weak refs processing, 0.0000996 secs]2022-05-10T17:40:16.259+0800: 1281.120: [class unloading, 0.0064218 secs]2022-05-10T17:40:16.265+0800: 1281.126: [scrub symbol table, 0.0116520 secs]2022-05-10T17:40:16.276+0800: 1281.138: [scrub string table, 0.0009392 secs][1 CMS-remark: 10182K(341376K)] 26789K(494976K), 0.0281750 secs] [Times: user=0.09 sys=0.00, real=0.03 secs] 
2022-05-10T17:40:16.277+0800: 1281.139: Total time for which application threads were stopped: 0.0283784 seconds, Stopping threads took: 0.0000414 seconds
2022-05-10T17:40:16.310+0800: 1281.172: [CMS-concurrent-sweep-start]
2022-05-10T17:40:16.321+0800: 1281.183: [CMS-concurrent-sweep: 0.011/0.011 secs] [Times: user=0.02 sys=0.00, real=0.01 secs] 
2022-05-10T17:40:16.321+0800: 1281.183: [CMS-concurrent-reset-start]
2022-05-10T17:40:16.322+0800: 1281.183: [CMS-concurrent-reset: 0.001/0.001 secs] [Times: user=0.00 sys=0.00, real=0.00 secs] 
2022-05-10T17:40:18.327+0800: 1283.188: Application time: 2.0489402 seconds
2022-05-10T17:40:18.327+0800: 1283.188: [GC (CMS Initial Mark) [1 CMS-initial-mark: 10182K(341376K)] 26789K(494976K), 0.0061305 secs] [Times: user=0.00 sys=0.00, real=0.01 secs] 
2022-05-10T17:40:18.333+0800: 1283.194: Total time for which application threads were stopped: 0.0063267 seconds, Stopping threads took: 0.0000396 seconds
2022-05-10T17:40:18.333+0800: 1283.194: [CMS-concurrent-mark-start]
2022-05-10T17:40:18.354+0800: 1283.215: [CMS-concurrent-mark: 0.021/0.021 secs] [Times: user=0.06 sys=0.00, real=0.02 secs] 
2022-05-10T17:40:18.354+0800: 1283.215: [CMS-concurrent-preclean-start]
2022-05-10T17:40:18.355+0800: 1283.217: [CMS-concurrent-preclean: 0.001/0.002 secs] [Times: user=0.00 sys=0.00, real=0.00 secs] 
2022-05-10T17:40:18.355+0800: 1283.217: [CMS-concurrent-abortable-preclean-start]
 CMS: abort preclean due to time 2022-05-10T17:40:23.400+0800: 1288.261: [CMS-concurrent-abortable-preclean: 0.090/5.044 secs] [Times: user=0.09 sys=0.00, real=5.05 secs] 
2022-05-10T17:40:23.400+0800: 1288.261: Application time: 5.0665677 seconds
2022-05-10T17:40:23.400+0800: 1288.261: [GC (CMS Final Remark) [YG occupancy: 16606 K (153600 K)]2022-05-10T17:40:23.400+0800: 1288.261: [Rescan (parallel) , 0.0053939 secs]2022-05-10T17:40:23.405+0800: 1288.267: [weak refs processing, 0.0000411 secs]2022-05-10T17:40:23.406+0800: 1288.267: [class unloading, 0.0028489 secs]2022-05-10T17:40:23.408+0800: 1288.269: [scrub symbol table, 0.0046152 secs]2022-05-10T17:40:23.413+0800: 1288.274: [scrub string table, 0.0003938 secs][1 CMS-remark: 10182K(341376K)] 26789K(494976K), 0.0134005 secs] [Times: user=0.00 sys=0.00, real=0.01 secs] 
2022-05-10T17:40:23.413+0800: 1288.275: Total time for which application threads were stopped: 0.0135008 seconds, Stopping threads took: 0.0000230 seconds
2022-05-10T17:40:23.413+0800: 1288.275: [CMS-concurrent-sweep-start]
2022-05-10T17:40:23.418+0800: 1288.279: [CMS-concurrent-sweep: 0.004/0.004 secs] [Times: user=0.02 sys=0.00, real=0.00 secs] 
2022-05-10T17:40:23.418+0800: 1288.279: [CMS-concurrent-reset-start]
2022-05-10T17:40:23.418+0800: 1288.279: [CMS-concurrent-reset: 0.000/0.000 secs] [Times: user=0.00 sys=0.00, real=0.00 secs] 
2022-05-10T17:40:25.430+0800: 1290.291: Application time: 2.0164961 seconds
2022-05-10T17:40:25.430+0800: 1290.291: [GC (CMS Initial Mark) [1 CMS-initial-mark: 10182K(341376K)] 26789K(494976K), 0.0039415 secs] [Times: user=0.00 sys=0.00, real=0.00 secs] 
2022-05-10T17:40:25.434+0800: 1290.295: Total time for which application threads were stopped: 0.0040898 seconds, Stopping threads took: 0.0000346 seconds
2022-05-10T17:40:25.434+0800: 1290.295: [CMS-concurrent-mark-start]
2022-05-10T17:40:25.447+0800: 1290.308: [CMS-concurrent-mark: 0.013/0.013 secs] [Times: user=0.03 sys=0.00, real=0.01 secs] 
2022-05-10T17:40:25.447+0800: 1290.308: [CMS-concurrent-preclean-start]
2022-05-10T17:40:25.448+0800: 1290.309: [CMS-concurrent-preclean: 0.001/0.001 secs] [Times: user=0.00 sys=0.00, real=0.00 secs] 
2022-05-10T17:40:25.448+0800: 1290.310: [CMS-concurrent-abortable-preclean-start]
 CMS: abort preclean due to time 2022-05-10T17:40:30.488+0800: 1295.349: [CMS-concurrent-abortable-preclean: 0.048/5.040 secs] [Times: user=0.06 sys=0.00, real=5.04 secs] 
2022-05-10T17:40:30.488+0800: 1295.349: Application time: 5.0541706 seconds
2022-05-10T17:40:30.488+0800: 1295.349: [GC (CMS Final Remark) [YG occupancy: 16606 K (153600 K)]2022-05-10T17:40:30.488+0800: 1295.349: [Rescan (parallel) , 0.0065106 secs]2022-05-10T17:40:30.495+0800: 1295.356: [weak refs processing, 0.0000595 secs]2022-05-10T17:40:30.495+0800: 1295.356: [class unloading, 0.0043315 secs]2022-05-10T17:40:30.499+0800: 1295.360: [scrub symbol table, 0.0065406 secs]2022-05-10T17:40:30.506+0800: 1295.367: [scrub string table, 0.0003887 secs][1 CMS-remark: 10182K(341376K)] 26789K(494976K), 0.0179781 secs] [Times: user=0.11 sys=0.00, real=0.02 secs] 
2022-05-10T17:40:30.506+0800: 1295.367: Total time for which application threads were stopped: 0.0180920 seconds, Stopping threads took: 0.0000278 seconds
2022-05-10T17:40:30.506+0800: 1295.367: [CMS-concurrent-sweep-start]
2022-05-10T17:40:30.510+0800: 1295.372: [CMS-concurrent-sweep: 0.004/0.004 secs] [Times: user=0.01 sys=0.00, real=0.00 secs] 
2022-05-10T17:40:30.510+0800: 1295.372: [CMS-concurrent-reset-start]
2022-05-10T17:40:30.511+0800: 1295.372: [CMS-concurrent-reset: 0.000/0.000 secs] [Times: user=0.00 sys=0.00, real=0.00 secs] 
2022-05-10T17:40:32.510+0800: 1297.371: Application time: 2.0038112 seconds
2022-05-10T17:40:32.510+0800: 1297.371: [GC (CMS Initial Mark) [1 CMS-initial-mark: 10182K(341376K)] 26789K(494976K), 0.0036652 secs] [Times: user=0.00 sys=0.00, real=0.00 secs] 
2022-05-10T17:40:32.514+0800: 1297.375: Total time for which application threads were stopped: 0.0038185 seconds, Stopping threads took: 0.0000347 seconds
2022-05-10T17:40:32.514+0800: 1297.375: [CMS-concurrent-mark-start]
2022-05-10T17:40:32.528+0800: 1297.389: [CMS-concurrent-mark: 0.014/0.014 secs] [Times: user=0.03 sys=0.00, real=0.01 secs] 
2022-05-10T17:40:32.528+0800: 1297.389: [CMS-concurrent-preclean-start]
2022-05-10T17:40:32.529+0800: 1297.390: [CMS-concurrent-preclean: 0.001/0.001 secs] [Times: user=0.00 sys=0.00, real=0.00 secs] 
2022-05-10T17:40:32.529+0800: 1297.390: [CMS-concurrent-abortable-preclean-start]
 CMS: abort preclean due to time 2022-05-10T17:40:37.561+0800: 1302.422: [CMS-concurrent-abortable-preclean: 0.051/5.032 secs] [Times: user=0.17 sys=0.00, real=5.03 secs] 
2022-05-10T17:40:37.561+0800: 1302.422: Application time: 5.0472309 seconds
2022-05-10T17:40:37.561+0800: 1302.422: [GC (CMS Final Remark) [YG occupancy: 16606 K (153600 K)]2022-05-10T17:40:37.561+0800: 1302.422: [Rescan (parallel) , 0.0063980 secs]2022-05-10T17:40:37.568+0800: 1302.429: [weak refs processing, 0.0000372 secs]2022-05-10T17:40:37.568+0800: 1302.429: [class unloading, 0.0035878 secs]2022-05-10T17:40:37.571+0800: 1302.432: [scrub symbol table, 0.0045622 secs]2022-05-10T17:40:37.576+0800: 1302.437: [scrub string table, 0.0004923 secs][1 CMS-remark: 10182K(341376K)] 26789K(494976K), 0.0152475 secs] [Times: user=0.01 sys=0.00, real=0.01 secs] 
2022-05-10T17:40:37.576+0800: 1302.438: Total time for which application threads were stopped: 0.0153835 seconds, Stopping threads took: 0.0000325 seconds
2022-05-10T17:40:37.576+0800: 1302.438: [CMS-concurrent-sweep-start]
2022-05-10T17:40:37.582+0800: 1302.443: [CMS-concurrent-sweep: 0.006/0.006 secs] [Times: user=0.00 sys=0.00, real=0.01 secs] 
2022-05-10T17:40:37.582+0800: 1302.443: [CMS-concurrent-reset-start]
2022-05-10T17:40:37.582+0800: 1302.444: [CMS-concurrent-reset: 0.000/0.000 secs] [Times: user=0.00 sys=0.00, real=0.00 secs] 
2022-05-10T17:40:39.583+0800: 1304.444: Application time: 2.0068430 seconds
2022-05-10T17:40:39.583+0800: 1304.445: [GC (CMS Initial Mark) [1 CMS-initial-mark: 10182K(341376K)] 26789K(494976K), 0.0053711 secs] [Times: user=0.03 sys=0.00, real=0.01 secs] 
2022-05-10T17:40:39.589+0800: 1304.450: Total time for which application threads were stopped: 0.0055791 seconds, Stopping threads took: 0.0000515 seconds
2022-05-10T17:40:39.589+0800: 1304.450: [CMS-concurrent-mark-start]
2022-05-10T17:40:39.602+0800: 1304.463: [CMS-concurrent-mark: 0.013/0.013 secs] [Times: user=0.03 sys=0.00, real=0.01 secs] 
2022-05-10T17:40:39.602+0800: 1304.464: [CMS-concurrent-preclean-start]
2022-05-10T17:40:39.603+0800: 1304.465: [CMS-concurrent-preclean: 0.001/0.001 secs] [Times: user=0.00 sys=0.00, real=0.00 secs] 
2022-05-10T17:40:39.603+0800: 1304.465: [CMS-concurrent-abortable-preclean-start]
 CMS: abort preclean due to time 2022-05-10T17:40:44.621+0800: 1309.482: [CMS-concurrent-abortable-preclean: 0.064/5.017 secs] [Times: user=0.03 sys=0.02, real=5.02 secs] 
2022-05-10T17:40:44.621+0800: 1309.482: Application time: 5.0319377 seconds
2022-05-10T17:40:44.621+0800: 1309.482: [GC (CMS Final Remark) [YG occupancy: 16606 K (153600 K)]2022-05-10T17:40:44.621+0800: 1309.482: [Rescan (parallel) , 0.0051975 secs]2022-05-10T17:40:44.626+0800: 1309.487: [weak refs processing, 0.0000382 secs]2022-05-10T17:40:44.626+0800: 1309.487: [class unloading, 0.0028593 secs]2022-05-10T17:40:44.629+0800: 1309.490: [scrub symbol table, 0.0082831 secs]2022-05-10T17:40:44.637+0800: 1309.499: [scrub string table, 0.0005572 secs][1 CMS-remark: 10182K(341376K)] 26789K(494976K), 0.0170951 secs] [Times: user=0.02 sys=0.00, real=0.02 secs] 
2022-05-10T17:40:44.638+0800: 1309.499: Total time for which application threads were stopped: 0.0172104 seconds, Stopping threads took: 0.0000270 seconds
2022-05-10T17:40:44.638+0800: 1309.499: [CMS-concurrent-sweep-start]
2022-05-10T17:40:44.642+0800: 1309.503: [CMS-concurrent-sweep: 0.004/0.004 secs] [Times: user=0.00 sys=0.00, real=0.00 secs] 
2022-05-10T17:40:44.642+0800: 1309.503: [CMS-concurrent-reset-start]
2022-05-10T17:40:44.643+0800: 1309.504: [CMS-concurrent-reset: 0.001/0.001 secs] [Times: user=0.00 sys=0.00, real=0.00 secs] 
2022-05-10T17:40:46.645+0800: 1311.506: Application time: 2.0065291 seconds
2022-05-10T17:40:46.645+0800: 1311.506: [GC (CMS Initial Mark) [1 CMS-initial-mark: 10182K(341376K)] 26789K(494976K), 0.0050515 secs] [Times: user=0.01 sys=0.00, real=0.01 secs] 
2022-05-10T17:40:46.650+0800: 1311.511: Total time for which application threads were stopped: 0.0052136 seconds, Stopping threads took: 0.0000341 seconds
2022-05-10T17:40:46.650+0800: 1311.511: [CMS-concurrent-mark-start]
2022-05-10T17:40:46.664+0800: 1311.525: [CMS-concurrent-mark: 0.014/0.014 secs] [Times: user=0.03 sys=0.00, real=0.01 secs] 
2022-05-10T17:40:46.664+0800: 1311.525: [CMS-concurrent-preclean-start]
2022-05-10T17:40:46.665+0800: 1311.526: [CMS-concurrent-preclean: 0.001/0.001 secs] [Times: user=0.00 sys=0.00, real=0.00 secs] 
2022-05-10T17:40:46.665+0800: 1311.526: [CMS-concurrent-abortable-preclean-start]
 CMS: abort preclean due to time 2022-05-10T17:40:51.697+0800: 1316.559: [CMS-concurrent-abortable-preclean: 0.055/5.032 secs] [Times: user=0.09 sys=0.00, real=5.03 secs] 
2022-05-10T17:40:51.697+0800: 1316.559: Application time: 5.0476918 seconds
2022-05-10T17:40:51.697+0800: 1316.559: [GC (CMS Final Remark) [YG occupancy: 16606 K (153600 K)]2022-05-10T17:40:51.697+0800: 1316.559: [Rescan (parallel) , 0.0051755 secs]2022-05-10T17:40:51.703+0800: 1316.564: [weak refs processing, 0.0000541 secs]2022-05-10T17:40:51.703+0800: 1316.564: [class unloading, 0.0037141 secs]2022-05-10T17:40:51.706+0800: 1316.568: [scrub symbol table, 0.0050788 secs]2022-05-10T17:40:51.711+0800: 1316.573: [scrub string table, 0.0004726 secs][1 CMS-remark: 10182K(341376K)] 26789K(494976K), 0.0146160 secs] [Times: user=0.02 sys=0.00, real=0.01 secs] 
2022-05-10T17:40:51.711+0800: 1316.573: Total time for which application threads were stopped: 0.0147143 seconds, Stopping threads took: 0.0000221 seconds
2022-05-10T17:40:51.712+0800: 1316.573: [CMS-concurrent-sweep-start]
2022-05-10T17:40:51.716+0800: 1316.578: [CMS-concurrent-sweep: 0.004/0.004 secs] [Times: user=0.00 sys=0.00, real=0.00 secs] 
2022-05-10T17:40:51.716+0800: 1316.578: [CMS-concurrent-reset-start]
2022-05-10T17:40:51.717+0800: 1316.578: [CMS-concurrent-reset: 0.000/0.000 secs] [Times: user=0.00 sys=0.00, real=0.00 secs] 
2022-05-10T17:40:53.730+0800: 1318.591: Application time: 2.0180637 seconds
2022-05-10T17:40:53.730+0800: 1318.592: [GC (CMS Initial Mark) [1 CMS-initial-mark: 10182K(341376K)] 26789K(494976K), 0.0033771 secs] [Times: user=0.00 sys=0.00, real=0.00 secs] 
2022-05-10T17:40:53.733+0800: 1318.595: Total time for which application threads were stopped: 0.0035234 seconds, Stopping threads took: 0.0000360 seconds
2022-05-10T17:40:53.733+0800: 1318.595: [CMS-concurrent-mark-start]
2022-05-10T17:40:53.745+0800: 1318.607: [CMS-concurrent-mark: 0.012/0.012 secs] [Times: user=0.03 sys=0.00, real=0.01 secs] 
2022-05-10T17:40:53.746+0800: 1318.607: [CMS-concurrent-preclean-start]
2022-05-10T17:40:53.746+0800: 1318.608: [CMS-concurrent-preclean: 0.001/0.001 secs] [Times: user=0.00 sys=0.00, real=0.00 secs] 
2022-05-10T17:40:53.746+0800: 1318.608: [CMS-concurrent-abortable-preclean-start]
 CMS: abort preclean due to time 2022-05-10T17:40:58.796+0800: 1323.658: [CMS-concurrent-abortable-preclean: 0.052/5.050 secs] [Times: user=0.03 sys=0.00, real=5.05 secs] 
2022-05-10T17:40:58.797+0800: 1323.658: Application time: 5.0634236 seconds
2022-05-10T17:40:58.797+0800: 1323.658: [GC (CMS Final Remark) [YG occupancy: 16606 K (153600 K)]2022-05-10T17:40:58.797+0800: 1323.658: [Rescan (parallel) , 0.0050318 secs]2022-05-10T17:40:58.802+0800: 1323.664: [weak refs processing, 0.0000358 secs]2022-05-10T17:40:58.802+0800: 1323.664: [class unloading, 0.0039314 secs]2022-05-10T17:40:58.806+0800: 1323.668: [scrub symbol table, 0.0066635 secs]2022-05-10T17:40:58.812+0800: 1323.674: [scrub string table, 0.0003993 secs][1 CMS-remark: 10182K(341376K)] 26789K(494976K), 0.0161873 secs] [Times: user=0.02 sys=0.00, real=0.02 secs] 
2022-05-10T17:40:58.813+0800: 1323.675: Total time for which application threads were stopped: 0.0162801 seconds, Stopping threads took: 0.0000217 seconds
2022-05-10T17:40:58.813+0800: 1323.675: [CMS-concurrent-sweep-start]
2022-05-10T17:40:58.818+0800: 1323.679: [CMS-concurrent-sweep: 0.004/0.004 secs] [Times: user=0.00 sys=0.00, real=0.01 secs] 
2022-05-10T17:40:58.818+0800: 1323.679: [CMS-concurrent-reset-start]
2022-05-10T17:40:58.818+0800: 1323.679: [CMS-concurrent-reset: 0.000/0.000 secs] [Times: user=0.00 sys=0.00, real=0.00 secs] 
2022-05-10T17:41:00.829+0800: 1325.690: Application time: 2.0152629 seconds
2022-05-10T17:41:00.829+0800: 1325.690: [GC (CMS Initial Mark) [1 CMS-initial-mark: 10182K(341376K)] 26789K(494976K), 0.0037071 secs] [Times: user=0.00 sys=0.00, real=0.00 secs] 
2022-05-10T17:41:00.832+0800: 1325.694: Total time for which application threads were stopped: 0.0038801 seconds, Stopping threads took: 0.0000399 seconds
2022-05-10T17:41:00.833+0800: 1325.694: [CMS-concurrent-mark-start]
2022-05-10T17:41:00.846+0800: 1325.707: [CMS-concurrent-mark: 0.013/0.013 secs] [Times: user=0.03 sys=0.00, real=0.01 secs] 
2022-05-10T17:41:00.846+0800: 1325.707: [CMS-concurrent-preclean-start]
2022-05-10T17:41:00.847+0800: 1325.709: [CMS-concurrent-preclean: 0.001/0.001 secs] [Times: user=0.00 sys=0.00, real=0.00 secs] 
2022-05-10T17:41:00.847+0800: 1325.709: [CMS-concurrent-abortable-preclean-start]
 CMS: abort preclean due to time 2022-05-10T17:41:05.874+0800: 1330.736: [CMS-concurrent-abortable-preclean: 0.052/5.027 secs] [Times: user=0.08 sys=0.00, real=5.03 secs] 
2022-05-10T17:41:05.874+0800: 1330.736: Application time: 5.0419213 seconds
2022-05-10T17:41:05.874+0800: 1330.736: [GC (CMS Final Remark) [YG occupancy: 16606 K (153600 K)]2022-05-10T17:41:05.874+0800: 1330.736: [Rescan (parallel) , 0.0059941 secs]2022-05-10T17:41:05.881+0800: 1330.742: [weak refs processing, 0.0000409 secs]2022-05-10T17:41:05.881+0800: 1330.742: [class unloading, 0.0034707 secs]2022-05-10T17:41:05.884+0800: 1330.745: [scrub symbol table, 0.0075364 secs]2022-05-10T17:41:05.891+0800: 1330.753: [scrub string table, 0.0006691 secs][1 CMS-remark: 10182K(341376K)] 26789K(494976K), 0.0178806 secs] [Times: user=0.02 sys=0.00, real=0.02 secs] 
2022-05-10T17:41:05.892+0800: 1330.754: Total time for which application threads were stopped: 0.0180155 seconds, Stopping threads took: 0.0000298 seconds
2022-05-10T17:41:05.892+0800: 1330.754: [CMS-concurrent-sweep-start]
2022-05-10T17:41:05.897+0800: 1330.759: [CMS-concurrent-sweep: 0.005/0.005 secs] [Times: user=0.00 sys=0.00, real=0.01 secs] 
2022-05-10T17:41:05.897+0800: 1330.759: [CMS-concurrent-reset-start]
2022-05-10T17:41:05.897+0800: 1330.759: [CMS-concurrent-reset: 0.000/0.000 secs] [Times: user=0.00 sys=0.00, real=0.00 secs] 
2022-05-10T17:41:07.900+0800: 1332.761: Application time: 2.0069524 seconds
2022-05-10T17:41:07.900+0800: 1332.761: [GC (CMS Initial Mark) [1 CMS-initial-mark: 10182K(341376K)] 26789K(494976K), 0.0050912 secs] [Times: user=0.00 sys=0.00, real=0.00 secs] 
2022-05-10T17:41:07.905+0800: 1332.766: Total time for which application threads were stopped: 0.0052457 seconds, Stopping threads took: 0.0000374 seconds
2022-05-10T17:41:07.905+0800: 1332.766: [CMS-concurrent-mark-start]
2022-05-10T17:41:07.918+0800: 1332.779: [CMS-concurrent-mark: 0.013/0.013 secs] [Times: user=0.03 sys=0.00, real=0.01 secs] 
2022-05-10T17:41:07.918+0800: 1332.780: [CMS-concurrent-preclean-start]
2022-05-10T17:41:07.919+0800: 1332.780: [CMS-concurrent-preclean: 0.001/0.001 secs] [Times: user=0.00 sys=0.00, real=0.00 secs] 
2022-05-10T17:41:07.919+0800: 1332.780: [CMS-concurrent-abortable-preclean-start]
 CMS: abort preclean due to time 2022-05-10T17:41:12.983+0800: 1337.844: [CMS-concurrent-abortable-preclean: 0.052/5.064 secs] [Times: user=0.00 sys=0.00, real=5.06 secs] 
2022-05-10T17:41:12.983+0800: 1337.844: Application time: 5.0784770 seconds
2022-05-10T17:41:12.983+0800: 1337.845: [GC (CMS Final Remark) [YG occupancy: 16606 K (153600 K)]2022-05-10T17:41:12.983+0800: 1337.845: [Rescan (parallel) , 0.0053939 secs]2022-05-10T17:41:12.989+0800: 1337.850: [weak refs processing, 0.0000351 secs]2022-05-10T17:41:12.989+0800: 1337.850: [class unloading, 0.0027502 secs]2022-05-10T17:41:12.991+0800: 1337.853: [scrub symbol table, 0.0044420 secs]2022-05-10T17:41:12.996+0800: 1337.857: [scrub string table, 0.0003538 secs][1 CMS-remark: 10182K(341376K)] 26789K(494976K), 0.0130872 secs] [Times: user=0.01 sys=0.00, real=0.01 secs] 
2022-05-10T17:41:12.996+0800: 1337.858: Total time for which application threads were stopped: 0.0131967 seconds, Stopping threads took: 0.0000273 seconds
2022-05-10T17:41:12.996+0800: 1337.858: [CMS-concurrent-sweep-start]
2022-05-10T17:41:13.001+0800: 1337.863: [CMS-concurrent-sweep: 0.005/0.005 secs] [Times: user=0.00 sys=0.00, real=0.00 secs] 
2022-05-10T17:41:13.001+0800: 1337.863: [CMS-concurrent-reset-start]
2022-05-10T17:41:13.002+0800: 1337.863: [CMS-concurrent-reset: 0.000/0.000 secs] [Times: user=0.00 sys=0.00, real=0.00 secs] 
2022-05-10T17:41:15.016+0800: 1339.877: Application time: 2.0191682 seconds
2022-05-10T17:41:15.016+0800: 1339.877: [GC (CMS Initial Mark) [1 CMS-initial-mark: 10182K(341376K)] 26789K(494976K), 0.0070790 secs] [Times: user=0.02 sys=0.00, real=0.01 secs] 
2022-05-10T17:41:15.023+0800: 1339.884: Total time for which application threads were stopped: 0.0072840 seconds, Stopping threads took: 0.0000542 seconds
2022-05-10T17:41:15.023+0800: 1339.884: [CMS-concurrent-mark-start]
2022-05-10T17:41:15.036+0800: 1339.897: [CMS-concurrent-mark: 0.013/0.013 secs] [Times: user=0.00 sys=0.00, real=0.01 secs] 
2022-05-10T17:41:15.036+0800: 1339.897: [CMS-concurrent-preclean-start]
2022-05-10T17:41:15.037+0800: 1339.898: [CMS-concurrent-preclean: 0.001/0.001 secs] [Times: user=0.00 sys=0.00, real=0.00 secs] 
2022-05-10T17:41:15.037+0800: 1339.898: [CMS-concurrent-abortable-preclean-start]
 CMS: abort preclean due to time 2022-05-10T17:41:20.094+0800: 1344.956: [CMS-concurrent-abortable-preclean: 0.055/5.057 secs] [Times: user=0.09 sys=0.00, real=5.06 secs] 
2022-05-10T17:41:20.094+0800: 1344.956: Application time: 5.0716594 seconds
2022-05-10T17:41:20.094+0800: 1344.956: [GC (CMS Final Remark) [YG occupancy: 16606 K (153600 K)]2022-05-10T17:41:20.094+0800: 1344.956: [Rescan (parallel) , 0.0054746 secs]2022-05-10T17:41:20.100+0800: 1344.961: [weak refs processing, 0.0000374 secs]2022-05-10T17:41:20.100+0800: 1344.961: [class unloading, 0.0027633 secs]2022-05-10T17:41:20.102+0800: 1344.964: [scrub symbol table, 0.0044553 secs]2022-05-10T17:41:20.107+0800: 1344.969: [scrub string table, 0.0003516 secs][1 CMS-remark: 10182K(341376K)] 26789K(494976K), 0.0131834 secs] [Times: user=0.01 sys=0.00, real=0.01 secs] 
2022-05-10T17:41:20.107+0800: 1344.969: Total time for which application threads were stopped: 0.0132835 seconds, Stopping threads took: 0.0000223 seconds
2022-05-10T17:41:20.107+0800: 1344.969: [CMS-concurrent-sweep-start]
2022-05-10T17:41:20.111+0800: 1344.973: [CMS-concurrent-sweep: 0.004/0.004 secs] [Times: user=0.00 sys=0.00, real=0.00 secs] 
2022-05-10T17:41:20.111+0800: 1344.973: [CMS-concurrent-reset-start]
2022-05-10T17:41:20.112+0800: 1344.973: [CMS-concurrent-reset: 0.000/0.000 secs] [Times: user=0.00 sys=0.00, real=0.00 secs] 
2022-05-10T17:41:22.125+0800: 1346.986: Application time: 2.0170553 seconds
2022-05-10T17:41:22.125+0800: 1346.986: [GC (CMS Initial Mark) [1 CMS-initial-mark: 10182K(341376K)] 26789K(494976K), 0.0043480 secs] [Times: user=0.00 sys=0.00, real=0.00 secs] 
2022-05-10T17:41:22.129+0800: 1346.991: Total time for which application threads were stopped: 0.0045455 seconds, Stopping threads took: 0.0000436 seconds
2022-05-10T17:41:22.129+0800: 1346.991: [CMS-concurrent-mark-start]
2022-05-10T17:41:22.142+0800: 1347.003: [CMS-concurrent-mark: 0.012/0.012 secs] [Times: user=0.03 sys=0.00, real=0.01 secs] 
2022-05-10T17:41:22.142+0800: 1347.003: [CMS-concurrent-preclean-start]
2022-05-10T17:41:22.143+0800: 1347.004: [CMS-concurrent-preclean: 0.001/0.001 secs] [Times: user=0.00 sys=0.00, real=0.00 secs] 
2022-05-10T17:41:22.143+0800: 1347.004: [CMS-concurrent-abortable-preclean-start]
 CMS: abort preclean due to time 2022-05-10T17:41:27.201+0800: 1352.062: [CMS-concurrent-abortable-preclean: 0.049/5.058 secs] [Times: user=0.00 sys=0.00, real=5.06 secs] 
2022-05-10T17:41:27.201+0800: 1352.062: Application time: 5.0716785 seconds
2022-05-10T17:41:27.201+0800: 1352.062: [GC (CMS Final Remark) [YG occupancy: 16606 K (153600 K)]2022-05-10T17:41:27.201+0800: 1352.062: [Rescan (parallel) , 0.0048555 secs]2022-05-10T17:41:27.206+0800: 1352.067: [weak refs processing, 0.0000548 secs]2022-05-10T17:41:27.206+0800: 1352.067: [class unloading, 0.0042054 secs]2022-05-10T17:41:27.210+0800: 1352.072: [scrub symbol table, 0.0057254 secs]2022-05-10T17:41:27.215+0800: 1352.077: [scrub string table, 0.0004070 secs][1 CMS-remark: 10182K(341376K)] 26789K(494976K), 0.0153840 secs] [Times: user=0.02 sys=0.00, real=0.02 secs] 
2022-05-10T17:41:27.216+0800: 1352.078: Total time for which application threads were stopped: 0.0154844 seconds, Stopping threads took: 0.0000221 seconds
2022-05-10T17:41:27.216+0800: 1352.078: [CMS-concurrent-sweep-start]
2022-05-10T17:41:27.222+0800: 1352.083: [CMS-concurrent-sweep: 0.005/0.005 secs] [Times: user=0.00 sys=0.00, real=0.01 secs] 
2022-05-10T17:41:27.222+0800: 1352.083: [CMS-concurrent-reset-start]
2022-05-10T17:41:27.222+0800: 1352.083: [CMS-concurrent-reset: 0.000/0.000 secs] [Times: user=0.00 sys=0.00, real=0.00 secs] 
2022-05-10T17:41:29.228+0800: 1354.089: Application time: 2.0116254 seconds
2022-05-10T17:41:29.228+0800: 1354.090: [GC (CMS Initial Mark) [1 CMS-initial-mark: 10182K(341376K)] 26789K(494976K), 0.0031843 secs] [Times: user=0.00 sys=0.00, real=0.00 secs] 
2022-05-10T17:41:29.232+0800: 1354.093: Total time for which application threads were stopped: 0.0033218 seconds, Stopping threads took: 0.0000295 seconds
2022-05-10T17:41:29.232+0800: 1354.093: [CMS-concurrent-mark-start]
2022-05-10T17:41:29.241+0800: 1354.103: [CMS-concurrent-mark: 0.010/0.010 secs] [Times: user=0.00 sys=0.00, real=0.01 secs] 
2022-05-10T17:41:29.242+0800: 1354.103: [CMS-concurrent-preclean-start]
2022-05-10T17:41:29.242+0800: 1354.104: [CMS-concurrent-preclean: 0.001/0.001 secs] [Times: user=0.00 sys=0.00, real=0.00 secs] 
2022-05-10T17:41:29.242+0800: 1354.104: [CMS-concurrent-abortable-preclean-start]
 CMS: abort preclean due to time 2022-05-10T17:41:34.307+0800: 1359.169: [CMS-concurrent-abortable-preclean: 0.047/5.065 secs] [Times: user=0.03 sys=0.00, real=5.06 secs] 
2022-05-10T17:41:34.307+0800: 1359.169: Application time: 5.0758685 seconds
2022-05-10T17:41:34.307+0800: 1359.169: [GC (CMS Final Remark) [YG occupancy: 16606 K (153600 K)]2022-05-10T17:41:34.307+0800: 1359.169: [Rescan (parallel) , 0.0051985 secs]2022-05-10T17:41:34.313+0800: 1359.174: [weak refs processing, 0.0000387 secs]2022-05-10T17:41:34.313+0800: 1359.174: [class unloading, 0.0039053 secs]2022-05-10T17:41:34.316+0800: 1359.178: [scrub symbol table, 0.0059200 secs]2022-05-10T17:41:34.322+0800: 1359.184: [scrub string table, 0.0005152 secs][1 CMS-remark: 10182K(341376K)] 26789K(494976K), 0.0157190 secs] [Times: user=0.02 sys=0.00, real=0.02 secs] 
2022-05-10T17:41:34.323+0800: 1359.185: Total time for which application threads were stopped: 0.0158318 seconds, Stopping threads took: 0.0000264 seconds
2022-05-10T17:41:34.323+0800: 1359.185: [CMS-concurrent-sweep-start]
2022-05-10T17:41:34.327+0800: 1359.188: [CMS-concurrent-sweep: 0.004/0.004 secs] [Times: user=0.00 sys=0.00, real=0.00 secs] 
2022-05-10T17:41:34.327+0800: 1359.189: [CMS-concurrent-reset-start]
2022-05-10T17:41:34.327+0800: 1359.189: [CMS-concurrent-reset: 0.000/0.000 secs] [Times: user=0.00 sys=0.00, real=0.00 secs] 
2022-05-10T17:41:36.328+0800: 1361.189: Application time: 2.0048267 seconds
2022-05-10T17:41:36.328+0800: 1361.189: [GC (CMS Initial Mark) [1 CMS-initial-mark: 10182K(341376K)] 26789K(494976K), 0.0029455 secs] [Times: user=0.00 sys=0.00, real=0.00 secs] 
2022-05-10T17:41:36.331+0800: 1361.192: Total time for which application threads were stopped: 0.0030878 seconds, Stopping threads took: 0.0000356 seconds
2022-05-10T17:41:36.331+0800: 1361.192: [CMS-concurrent-mark-start]
2022-05-10T17:41:36.341+0800: 1361.203: [CMS-concurrent-mark: 0.010/0.010 secs] [Times: user=0.03 sys=0.00, real=0.01 secs] 
2022-05-10T17:41:36.341+0800: 1361.203: [CMS-concurrent-preclean-start]
2022-05-10T17:41:36.342+0800: 1361.204: [CMS-concurrent-preclean: 0.001/0.001 secs] [Times: user=0.00 sys=0.00, real=0.00 secs] 
2022-05-10T17:41:36.342+0800: 1361.204: [CMS-concurrent-abortable-preclean-start]
 CMS: abort preclean due to time 2022-05-10T17:41:41.390+0800: 1366.251: [CMS-concurrent-abortable-preclean: 0.046/5.048 secs] [Times: user=0.00 sys=0.00, real=5.05 secs] 
2022-05-10T17:41:41.390+0800: 1366.252: Application time: 5.0591061 seconds
2022-05-10T17:41:41.390+0800: 1366.252: [GC (CMS Final Remark) [YG occupancy: 16606 K (153600 K)]2022-05-10T17:41:41.390+0800: 1366.252: [Rescan (parallel) , 0.0053928 secs]2022-05-10T17:41:41.395+0800: 1366.257: [weak refs processing, 0.0000315 secs]2022-05-10T17:41:41.395+0800: 1366.257: [class unloading, 0.0026504 secs]2022-05-10T17:41:41.398+0800: 1366.260: [scrub symbol table, 0.0046474 secs]2022-05-10T17:41:41.403+0800: 1366.264: [scrub string table, 0.0003584 secs][1 CMS-remark: 10182K(341376K)] 26789K(494976K), 0.0131870 secs] [Times: user=0.02 sys=0.00, real=0.01 secs] 
2022-05-10T17:41:41.403+0800: 1366.265: Total time for which application threads were stopped: 0.0132942 seconds, Stopping threads took: 0.0000286 seconds
2022-05-10T17:41:41.403+0800: 1366.265: [CMS-concurrent-sweep-start]
2022-05-10T17:41:41.408+0800: 1366.269: [CMS-concurrent-sweep: 0.004/0.004 secs] [Times: user=0.00 sys=0.00, real=0.00 secs] 
2022-05-10T17:41:41.408+0800: 1366.269: [CMS-concurrent-reset-start]
2022-05-10T17:41:41.409+0800: 1366.270: [CMS-concurrent-reset: 0.000/0.000 secs] [Times: user=0.00 sys=0.00, real=0.00 secs] 
2022-05-10T17:41:43.414+0800: 1368.275: Application time: 2.0097862 seconds
2022-05-10T17:41:43.414+0800: 1368.275: [GC (CMS Initial Mark) [1 CMS-initial-mark: 10182K(341376K)] 26789K(494976K), 0.0035725 secs] [Times: user=0.00 sys=0.00, real=0.00 secs] 
2022-05-10T17:41:43.417+0800: 1368.278: Total time for which application threads were stopped: 0.0037587 seconds, Stopping threads took: 0.0000762 seconds
2022-05-10T17:41:43.417+0800: 1368.278: [CMS-concurrent-mark-start]
2022-05-10T17:41:43.430+0800: 1368.291: [CMS-concurrent-mark: 0.013/0.013 secs] [Times: user=0.03 sys=0.00, real=0.01 secs] 
2022-05-10T17:41:43.430+0800: 1368.291: [CMS-concurrent-preclean-start]
2022-05-10T17:41:43.431+0800: 1368.292: [CMS-concurrent-preclean: 0.001/0.001 secs] [Times: user=0.00 sys=0.00, real=0.00 secs] 
2022-05-10T17:41:43.431+0800: 1368.292: [CMS-concurrent-abortable-preclean-start]
 CMS: abort preclean due to time 2022-05-10T17:41:48.494+0800: 1373.355: [CMS-concurrent-abortable-preclean: 0.051/5.063 secs] [Times: user=0.03 sys=0.00, real=5.06 secs] 
2022-05-10T17:41:48.495+0800: 1373.356: Application time: 5.0772065 seconds
2022-05-10T17:41:48.495+0800: 1373.356: [GC (CMS Final Remark) [YG occupancy: 16606 K (153600 K)]2022-05-10T17:41:48.495+0800: 1373.356: [Rescan (parallel) , 0.0048592 secs]2022-05-10T17:41:48.500+0800: 1373.361: [weak refs processing, 0.0000349 secs]2022-05-10T17:41:48.500+0800: 1373.361: [class unloading, 0.0030675 secs]2022-05-10T17:41:48.503+0800: 1373.364: [scrub symbol table, 0.0053752 secs]2022-05-10T17:41:48.508+0800: 1373.369: [scrub string table, 0.0004904 secs][1 CMS-remark: 10182K(341376K)] 26789K(494976K), 0.0139431 secs] [Times: user=0.02 sys=0.00, real=0.01 secs] 
2022-05-10T17:41:48.509+0800: 1373.370: Total time for which application threads were stopped: 0.0140337 seconds, Stopping threads took: 0.0000177 seconds
2022-05-10T17:41:48.509+0800: 1373.370: [CMS-concurrent-sweep-start]
2022-05-10T17:41:48.513+0800: 1373.374: [CMS-concurrent-sweep: 0.004/0.004 secs] [Times: user=0.00 sys=0.00, real=0.00 secs] 
2022-05-10T17:41:48.513+0800: 1373.374: [CMS-concurrent-reset-start]
2022-05-10T17:41:48.513+0800: 1373.375: [CMS-concurrent-reset: 0.000/0.000 secs] [Times: user=0.00 sys=0.00, real=0.00 secs] 
2022-05-10T17:41:50.525+0800: 1375.387: Application time: 2.0169377 seconds
2022-05-10T17:41:50.526+0800: 1375.387: [GC (CMS Initial Mark) [1 CMS-initial-mark: 10182K(341376K)] 26789K(494976K), 0.0036238 secs] [Times: user=0.00 sys=0.00, real=0.00 secs] 
2022-05-10T17:41:50.529+0800: 1375.390: Total time for which application threads were stopped: 0.0037441 seconds, Stopping threads took: 0.0000312 seconds
2022-05-10T17:41:50.529+0800: 1375.390: [CMS-concurrent-mark-start]
2022-05-10T17:41:50.540+0800: 1375.402: [CMS-concurrent-mark: 0.011/0.011 secs] [Times: user=0.03 sys=0.00, real=0.01 secs] 
2022-05-10T17:41:50.540+0800: 1375.402: [CMS-concurrent-preclean-start]
2022-05-10T17:41:50.541+0800: 1375.403: [CMS-concurrent-preclean: 0.001/0.001 secs] [Times: user=0.00 sys=0.00, real=0.00 secs] 
2022-05-10T17:41:50.541+0800: 1375.403: [CMS-concurrent-abortable-preclean-start]
 CMS: abort preclean due to time 2022-05-10T17:41:55.599+0800: 1380.460: [CMS-concurrent-abortable-preclean: 0.047/5.057 secs] [Times: user=0.00 sys=0.00, real=5.06 secs] 
2022-05-10T17:41:55.599+0800: 1380.460: Application time: 5.0699102 seconds
2022-05-10T17:41:55.599+0800: 1380.460: [GC (CMS Final Remark) [YG occupancy: 16606 K (153600 K)]2022-05-10T17:41:55.599+0800: 1380.460: [Rescan (parallel) , 0.0052533 secs]2022-05-10T17:41:55.605+0800: 1380.466: [weak refs processing, 0.0000474 secs]2022-05-10T17:41:55.605+0800: 1380.466: [class unloading, 0.0030501 secs]2022-05-10T17:41:55.607+0800: 1380.469: [scrub symbol table, 0.0051627 secs]2022-05-10T17:41:55.613+0800: 1380.474: [scrub string table, 0.0003212 secs][1 CMS-remark: 10182K(341376K)] 26789K(494976K), 0.0139636 secs] [Times: user=0.09 sys=0.00, real=0.01 secs] 
2022-05-10T17:41:55.613+0800: 1380.474: Total time for which application threads were stopped: 0.0140570 seconds, Stopping threads took: 0.0000220 seconds
2022-05-10T17:41:55.613+0800: 1380.474: [CMS-concurrent-sweep-start]
2022-05-10T17:41:55.617+0800: 1380.478: [CMS-concurrent-sweep: 0.004/0.004 secs] [Times: user=0.01 sys=0.00, real=0.00 secs] 
2022-05-10T17:41:55.617+0800: 1380.478: [CMS-concurrent-reset-start]
2022-05-10T17:41:55.617+0800: 1380.478: [CMS-concurrent-reset: 0.000/0.000 secs] [Times: user=0.00 sys=0.00, real=0.00 secs] 
2022-05-10T17:41:57.621+0800: 1382.482: Application time: 2.0079795 seconds
2022-05-10T17:41:57.621+0800: 1382.482: [GC (CMS Initial Mark) [1 CMS-initial-mark: 10182K(341376K)] 26789K(494976K), 0.0039591 secs] [Times: user=0.00 sys=0.00, real=0.00 secs] 
2022-05-10T17:41:57.625+0800: 1382.486: Total time for which application threads were stopped: 0.0040896 seconds, Stopping threads took: 0.0000337 seconds
2022-05-10T17:41:57.625+0800: 1382.486: [CMS-concurrent-mark-start]
2022-05-10T17:41:57.634+0800: 1382.496: [CMS-concurrent-mark: 0.009/0.009 secs] [Times: user=0.03 sys=0.00, real=0.01 secs] 
2022-05-10T17:41:57.635+0800: 1382.496: [CMS-concurrent-preclean-start]
2022-05-10T17:41:57.635+0800: 1382.496: [CMS-concurrent-preclean: 0.001/0.001 secs] [Times: user=0.00 sys=0.00, real=0.00 secs] 
2022-05-10T17:41:57.635+0800: 1382.496: [CMS-concurrent-abortable-preclean-start]
 CMS: abort preclean due to time 2022-05-10T17:42:02.678+0800: 1387.539: [CMS-concurrent-abortable-preclean: 0.047/5.043 secs] [Times: user=0.03 sys=0.00, real=5.04 secs] 
2022-05-10T17:42:02.678+0800: 1387.539: Application time: 5.0526874 seconds
2022-05-10T17:42:02.678+0800: 1387.539: [GC (CMS Final Remark) [YG occupancy: 16606 K (153600 K)]2022-05-10T17:42:02.678+0800: 1387.539: [Rescan (parallel) , 0.0049505 secs]2022-05-10T17:42:02.683+0800: 1387.544: [weak refs processing, 0.0000359 secs]2022-05-10T17:42:02.683+0800: 1387.544: [class unloading, 0.0036483 secs]2022-05-10T17:42:02.687+0800: 1387.548: [scrub symbol table, 0.0062199 secs]2022-05-10T17:42:02.693+0800: 1387.554: [scrub string table, 0.0003802 secs][1 CMS-remark: 10182K(341376K)] 26789K(494976K), 0.0153876 secs] [Times: user=0.08 sys=0.00, real=0.02 secs] 
2022-05-10T17:42:02.693+0800: 1387.555: Total time for which application threads were stopped: 0.0154928 seconds, Stopping threads took: 0.0000225 seconds
2022-05-10T17:42:02.693+0800: 1387.555: [CMS-concurrent-sweep-start]
2022-05-10T17:42:02.699+0800: 1387.560: [CMS-concurrent-sweep: 0.006/0.006 secs] [Times: user=0.02 sys=0.00, real=0.01 secs] 
2022-05-10T17:42:02.699+0800: 1387.560: [CMS-concurrent-reset-start]
2022-05-10T17:42:02.700+0800: 1387.561: [CMS-concurrent-reset: 0.000/0.000 secs] [Times: user=0.00 sys=0.00, real=0.00 secs] 
2022-05-10T17:42:04.703+0800: 1389.564: Application time: 2.0091631 seconds
2022-05-10T17:42:04.703+0800: 1389.564: [GC (CMS Initial Mark) [1 CMS-initial-mark: 10182K(341376K)] 26789K(494976K), 0.0049060 secs] [Times: user=0.00 sys=0.00, real=0.00 secs] 
2022-05-10T17:42:04.708+0800: 1389.569: Total time for which application threads were stopped: 0.0050861 seconds, Stopping threads took: 0.0000385 seconds
2022-05-10T17:42:04.708+0800: 1389.569: [CMS-concurrent-mark-start]
2022-05-10T17:42:04.720+0800: 1389.581: [CMS-concurrent-mark: 0.012/0.012 secs] [Times: user=0.03 sys=0.00, real=0.01 secs] 
2022-05-10T17:42:04.720+0800: 1389.581: [CMS-concurrent-preclean-start]
2022-05-10T17:42:04.721+0800: 1389.582: [CMS-concurrent-preclean: 0.001/0.001 secs] [Times: user=0.00 sys=0.00, real=0.00 secs] 
2022-05-10T17:42:04.721+0800: 1389.582: [CMS-concurrent-abortable-preclean-start]
 CMS: abort preclean due to time 2022-05-10T17:42:09.755+0800: 1394.617: [CMS-concurrent-abortable-preclean: 0.050/5.034 secs] [Times: user=0.03 sys=0.00, real=5.03 secs] 
2022-05-10T17:42:09.755+0800: 1394.617: Application time: 5.0477809 seconds
2022-05-10T17:42:09.755+0800: 1394.617: [GC (CMS Final Remark) [YG occupancy: 16606 K (153600 K)]2022-05-10T17:42:09.755+0800: 1394.617: [Rescan (parallel) , 0.0058432 secs]2022-05-10T17:42:09.762+0800: 1394.623: [weak refs processing, 0.0000461 secs]2022-05-10T17:42:09.762+0800: 1394.623: [class unloading, 0.0043558 secs]2022-05-10T17:42:09.766+0800: 1394.627: [scrub symbol table, 0.0081391 secs]2022-05-10T17:42:09.774+0800: 1394.635: [scrub string table, 0.0006193 secs][1 CMS-remark: 10182K(341376K)] 26789K(494976K), 0.0191606 secs] [Times: user=0.13 sys=0.00, real=0.02 secs] 
2022-05-10T17:42:09.775+0800: 1394.636: Total time for which application threads were stopped: 0.0192866 seconds, Stopping threads took: 0.0000258 seconds
2022-05-10T17:42:09.775+0800: 1394.636: [CMS-concurrent-sweep-start]
2022-05-10T17:42:09.780+0800: 1394.641: [CMS-concurrent-sweep: 0.005/0.005 secs] [Times: user=0.00 sys=0.00, real=0.00 secs] 
2022-05-10T17:42:09.780+0800: 1394.641: [CMS-concurrent-reset-start]
2022-05-10T17:42:09.781+0800: 1394.642: [CMS-concurrent-reset: 0.000/0.000 secs] [Times: user=0.00 sys=0.00, real=0.00 secs] 
2022-05-10T17:42:11.788+0800: 1396.649: Application time: 2.0127428 seconds
2022-05-10T17:42:11.788+0800: 1396.649: [GC (CMS Initial Mark) [1 CMS-initial-mark: 10182K(341376K)] 26789K(494976K), 0.0033374 secs] [Times: user=0.03 sys=0.00, real=0.00 secs] 
2022-05-10T17:42:11.791+0800: 1396.652: Total time for which application threads were stopped: 0.0034459 seconds, Stopping threads took: 0.0000222 seconds
2022-05-10T17:42:11.791+0800: 1396.652: [CMS-concurrent-mark-start]
2022-05-10T17:42:11.802+0800: 1396.664: [CMS-concurrent-mark: 0.012/0.012 secs] [Times: user=0.00 sys=0.00, real=0.01 secs] 
2022-05-10T17:42:11.802+0800: 1396.664: [CMS-concurrent-preclean-start]
2022-05-10T17:42:11.803+0800: 1396.665: [CMS-concurrent-preclean: 0.001/0.001 secs] [Times: user=0.00 sys=0.00, real=0.00 secs] 
2022-05-10T17:42:11.803+0800: 1396.665: [CMS-concurrent-abortable-preclean-start]
 CMS: abort preclean due to time 2022-05-10T17:42:16.842+0800: 1401.703: [CMS-concurrent-abortable-preclean: 0.056/5.038 secs] [Times: user=0.20 sys=0.00, real=5.04 secs] 
2022-05-10T17:42:16.842+0800: 1401.703: Application time: 5.0507703 seconds
2022-05-10T17:42:16.842+0800: 1401.703: [GC (CMS Final Remark) [YG occupancy: 16606 K (153600 K)]2022-05-10T17:42:16.842+0800: 1401.703: [Rescan (parallel) , 0.0060146 secs]2022-05-10T17:42:16.848+0800: 1401.709: [weak refs processing, 0.0000427 secs]2022-05-10T17:42:16.848+0800: 1401.709: [class unloading, 0.0031172 secs]2022-05-10T17:42:16.851+0800: 1401.712: [scrub symbol table, 0.0059804 secs]2022-05-10T17:42:16.857+0800: 1401.718: [scrub string table, 0.0005174 secs][1 CMS-remark: 10182K(341376K)] 26789K(494976K), 0.0158276 secs] [Times: user=0.01 sys=0.00, real=0.02 secs] 
2022-05-10T17:42:16.858+0800: 1401.719: Total time for which application threads were stopped: 0.0159511 seconds, Stopping threads took: 0.0000232 seconds
2022-05-10T17:42:16.858+0800: 1401.719: [CMS-concurrent-sweep-start]
2022-05-10T17:42:16.863+0800: 1401.724: [CMS-concurrent-sweep: 0.005/0.005 secs] [Times: user=0.00 sys=0.00, real=0.00 secs] 
2022-05-10T17:42:16.863+0800: 1401.724: [CMS-concurrent-reset-start]
2022-05-10T17:42:16.864+0800: 1401.725: [CMS-concurrent-reset: 0.000/0.000 secs] [Times: user=0.00 sys=0.00, real=0.00 secs] 
2022-05-10T17:42:18.866+0800: 1403.727: Application time: 2.0081420 seconds
2022-05-10T17:42:18.866+0800: 1403.727: [GC (CMS Initial Mark) [1 CMS-initial-mark: 10182K(341376K)] 26789K(494976K), 0.0038933 secs] [Times: user=0.03 sys=0.00, real=0.00 secs] 
2022-05-10T17:42:18.869+0800: 1403.731: Total time for which application threads were stopped: 0.0040602 seconds, Stopping threads took: 0.0000349 seconds
2022-05-10T17:42:18.869+0800: 1403.731: [CMS-concurrent-mark-start]
2022-05-10T17:42:18.884+0800: 1403.745: [CMS-concurrent-mark: 0.014/0.014 secs] [Times: user=0.03 sys=0.00, real=0.02 secs] 
2022-05-10T17:42:18.884+0800: 1403.745: [CMS-concurrent-preclean-start]
2022-05-10T17:42:18.885+0800: 1403.746: [CMS-concurrent-preclean: 0.001/0.001 secs] [Times: user=0.00 sys=0.00, real=0.00 secs] 
2022-05-10T17:42:18.885+0800: 1403.746: [CMS-concurrent-abortable-preclean-start]
 CMS: abort preclean due to time 2022-05-10T17:42:23.934+0800: 1408.796: [CMS-concurrent-abortable-preclean: 0.056/5.050 secs] [Times: user=0.05 sys=0.00, real=5.05 secs] 
2022-05-10T17:42:23.934+0800: 1408.796: Application time: 5.0648894 seconds
2022-05-10T17:42:23.934+0800: 1408.796: [GC (CMS Final Remark) [YG occupancy: 16606 K (153600 K)]2022-05-10T17:42:23.934+0800: 1408.796: [Rescan (parallel) , 0.0076667 secs]2022-05-10T17:42:23.943+0800: 1408.804: [weak refs processing, 0.0000488 secs]2022-05-10T17:42:23.943+0800: 1408.804: [class unloading, 0.0037428 secs]2022-05-10T17:42:23.946+0800: 1408.808: [scrub symbol table, 0.0074495 secs]2022-05-10T17:42:23.954+0800: 1408.815: [scrub string table, 0.0006727 secs][1 CMS-remark: 10182K(341376K)] 26789K(494976K), 0.0197625 secs] [Times: user=0.01 sys=0.00, real=0.02 secs] 
2022-05-10T17:42:23.955+0800: 1408.816: Total time for which application threads were stopped: 0.0198942 seconds, Stopping threads took: 0.0000282 seconds
2022-05-10T17:42:23.955+0800: 1408.816: [CMS-concurrent-sweep-start]
2022-05-10T17:42:23.961+0800: 1408.822: [CMS-concurrent-sweep: 0.007/0.007 secs] [Times: user=0.02 sys=0.00, real=0.01 secs] 
2022-05-10T17:42:23.961+0800: 1408.823: [CMS-concurrent-reset-start]
2022-05-10T17:42:23.962+0800: 1408.823: [CMS-concurrent-reset: 0.000/0.000 secs] [Times: user=0.00 sys=0.00, real=0.00 secs] 
2022-05-10T17:42:25.961+0800: 1410.822: Application time: 2.0065841 seconds
2022-05-10T17:42:25.961+0800: 1410.823: [GC (CMS Initial Mark) [1 CMS-initial-mark: 10182K(341376K)] 26789K(494976K), 0.0038638 secs] [Times: user=0.00 sys=0.00, real=0.00 secs] 
2022-05-10T17:42:25.965+0800: 1410.826: Total time for which application threads were stopped: 0.0040217 seconds, Stopping threads took: 0.0000336 seconds
2022-05-10T17:42:25.965+0800: 1410.826: [CMS-concurrent-mark-start]
2022-05-10T17:42:25.976+0800: 1410.838: [CMS-concurrent-mark: 0.011/0.011 secs] [Times: user=0.03 sys=0.00, real=0.01 secs] 
2022-05-10T17:42:25.976+0800: 1410.838: [CMS-concurrent-preclean-start]
2022-05-10T17:42:25.977+0800: 1410.838: [CMS-concurrent-preclean: 0.001/0.001 secs] [Times: user=0.00 sys=0.00, real=0.00 secs] 
2022-05-10T17:42:25.977+0800: 1410.838: [CMS-concurrent-abortable-preclean-start]
 CMS: abort preclean due to time 2022-05-10T17:42:31.021+0800: 1415.882: [CMS-concurrent-abortable-preclean: 0.055/5.044 secs] [Times: user=0.05 sys=0.00, real=5.04 secs] 
2022-05-10T17:42:31.021+0800: 1415.882: Application time: 5.0558912 seconds
2022-05-10T17:42:31.021+0800: 1415.882: [GC (CMS Final Remark) [YG occupancy: 16606 K (153600 K)]2022-05-10T17:42:31.021+0800: 1415.882: [Rescan (parallel) , 0.0071093 secs]2022-05-10T17:42:31.028+0800: 1415.890: [weak refs processing, 0.0000604 secs]2022-05-10T17:42:31.028+0800: 1415.890: [class unloading, 0.0052078 secs]2022-05-10T17:42:31.034+0800: 1415.895: [scrub symbol table, 0.0087122 secs]2022-05-10T17:42:31.042+0800: 1415.904: [scrub string table, 0.0007086 secs][1 CMS-remark: 10182K(341376K)] 26789K(494976K), 0.0220101 secs] [Times: user=0.09 sys=0.00, real=0.02 secs] 
2022-05-10T17:42:31.043+0800: 1415.904: Total time for which application threads were stopped: 0.0221438 seconds, Stopping threads took: 0.0000273 seconds
2022-05-10T17:42:31.043+0800: 1415.905: [CMS-concurrent-sweep-start]
2022-05-10T17:42:31.049+0800: 1415.910: [CMS-concurrent-sweep: 0.005/0.005 secs] [Times: user=0.00 sys=0.00, real=0.01 secs] 
2022-05-10T17:42:31.049+0800: 1415.910: [CMS-concurrent-reset-start]
2022-05-10T17:42:31.049+0800: 1415.910: [CMS-concurrent-reset: 0.000/0.000 secs] [Times: user=0.00 sys=0.00, real=0.00 secs] 
2022-05-10T17:42:33.062+0800: 1417.923: Application time: 2.0181459 seconds
2022-05-10T17:42:33.062+0800: 1417.923: [GC (CMS Initial Mark) [1 CMS-initial-mark: 10182K(341376K)] 26789K(494976K), 0.0040301 secs] [Times: user=0.00 sys=0.00, real=0.00 secs] 
2022-05-10T17:42:33.065+0800: 1417.927: Total time for which application threads were stopped: 0.0041537 seconds, Stopping threads took: 0.0000259 seconds
2022-05-10T17:42:33.065+0800: 1417.927: [CMS-concurrent-mark-start]
2022-05-10T17:42:33.077+0800: 1417.939: [CMS-concurrent-mark: 0.012/0.012 secs] [Times: user=0.03 sys=0.00, real=0.01 secs] 
2022-05-10T17:42:33.077+0800: 1417.939: [CMS-concurrent-preclean-start]
2022-05-10T17:42:33.078+0800: 1417.940: [CMS-concurrent-preclean: 0.001/0.001 secs] [Times: user=0.00 sys=0.00, real=0.00 secs] 
2022-05-10T17:42:33.078+0800: 1417.940: [CMS-concurrent-abortable-preclean-start]
 CMS: abort preclean due to time 2022-05-10T17:42:38.136+0800: 1422.997: [CMS-concurrent-abortable-preclean: 0.056/5.057 secs] [Times: user=0.05 sys=0.00, real=5.06 secs] 
2022-05-10T17:42:38.136+0800: 1422.997: Application time: 5.0700965 seconds
2022-05-10T17:42:38.136+0800: 1422.997: [GC (CMS Final Remark) [YG occupancy: 16606 K (153600 K)]2022-05-10T17:42:38.136+0800: 1422.997: [Rescan (parallel) , 0.0059362 secs]2022-05-10T17:42:38.142+0800: 1423.003: [weak refs processing, 0.0000391 secs]2022-05-10T17:42:38.142+0800: 1423.003: [class unloading, 0.0032004 secs]2022-05-10T17:42:38.145+0800: 1423.006: [scrub symbol table, 0.0050804 secs]2022-05-10T17:42:38.150+0800: 1423.011: [scrub string table, 0.0004306 secs][1 CMS-remark: 10182K(341376K)] 26789K(494976K), 0.0148266 secs] [Times: user=0.01 sys=0.00, real=0.01 secs] 
2022-05-10T17:42:38.150+0800: 1423.012: Total time for which application threads were stopped: 0.0149299 seconds, Stopping threads took: 0.0000228 seconds
2022-05-10T17:42:38.150+0800: 1423.012: [CMS-concurrent-sweep-start]
2022-05-10T17:42:38.157+0800: 1423.019: [CMS-concurrent-sweep: 0.007/0.007 secs] [Times: user=0.00 sys=0.00, real=0.01 secs] 
2022-05-10T17:42:38.157+0800: 1423.019: [CMS-concurrent-reset-start]
2022-05-10T17:42:38.158+0800: 1423.019: [CMS-concurrent-reset: 0.000/0.000 secs] [Times: user=0.00 sys=0.00, real=0.00 secs] 
2022-05-10T17:42:40.157+0800: 1425.018: Application time: 2.0065700 seconds
2022-05-10T17:42:40.157+0800: 1425.018: [GC (CMS Initial Mark) [1 CMS-initial-mark: 10182K(341376K)] 26789K(494976K), 0.0052798 secs] [Times: user=0.00 sys=0.00, real=0.00 secs] 
2022-05-10T17:42:40.162+0800: 1425.024: Total time for which application threads were stopped: 0.0054160 seconds, Stopping threads took: 0.0000293 seconds
2022-05-10T17:42:40.162+0800: 1425.024: [CMS-concurrent-mark-start]
2022-05-10T17:42:40.176+0800: 1425.037: [CMS-concurrent-mark: 0.013/0.013 secs] [Times: user=0.03 sys=0.00, real=0.01 secs] 
2022-05-10T17:42:40.176+0800: 1425.037: [CMS-concurrent-preclean-start]
2022-05-10T17:42:40.177+0800: 1425.038: [CMS-concurrent-preclean: 0.001/0.001 secs] [Times: user=0.00 sys=0.00, real=0.00 secs] 
2022-05-10T17:42:40.177+0800: 1425.038: [CMS-concurrent-abortable-preclean-start]
 CMS: abort preclean due to time 2022-05-10T17:42:45.222+0800: 1430.084: [CMS-concurrent-abortable-preclean: 0.053/5.046 secs] [Times: user=0.02 sys=0.00, real=5.04 secs] 
2022-05-10T17:42:45.222+0800: 1430.084: Application time: 5.0602206 seconds
2022-05-10T17:42:45.222+0800: 1430.084: [GC (CMS Final Remark) [YG occupancy: 16606 K (153600 K)]2022-05-10T17:42:45.222+0800: 1430.084: [Rescan (parallel) , 0.0067059 secs]2022-05-10T17:42:45.230+0800: 1430.091: [weak refs processing, 0.0000712 secs]2022-05-10T17:42:45.230+0800: 1430.091: [class unloading, 0.0052790 secs]2022-05-10T17:42:45.235+0800: 1430.096: [scrub symbol table, 0.0102317 secs]2022-05-10T17:42:45.245+0800: 1430.107: [scrub string table, 0.0007616 secs][1 CMS-remark: 10182K(341376K)] 26789K(494976K), 0.0232810 secs] [Times: user=0.09 sys=0.00, real=0.02 secs] 
2022-05-10T17:42:45.246+0800: 1430.107: Total time for which application threads were stopped: 0.0234459 seconds, Stopping threads took: 0.0000320 seconds
2022-05-10T17:42:45.246+0800: 1430.108: [CMS-concurrent-sweep-start]
2022-05-10T17:42:45.254+0800: 1430.115: [CMS-concurrent-sweep: 0.008/0.008 secs] [Times: user=0.00 sys=0.00, real=0.01 secs] 
2022-05-10T17:42:45.254+0800: 1430.115: [CMS-concurrent-reset-start]
2022-05-10T17:42:45.255+0800: 1430.116: [CMS-concurrent-reset: 0.000/0.000 secs] [Times: user=0.00 sys=0.00, real=0.00 secs] 
2022-05-10T17:42:47.257+0800: 1432.118: Application time: 2.0108925 seconds
2022-05-10T17:42:47.257+0800: 1432.118: [GC (CMS Initial Mark) [1 CMS-initial-mark: 10182K(341376K)] 26789K(494976K), 0.0043322 secs] [Times: user=0.00 sys=0.00, real=0.00 secs] 
2022-05-10T17:42:47.261+0800: 1432.123: Total time for which application threads were stopped: 0.0044775 seconds, Stopping threads took: 0.0000306 seconds
2022-05-10T17:42:47.261+0800: 1432.123: [CMS-concurrent-mark-start]
2022-05-10T17:42:47.276+0800: 1432.138: [CMS-concurrent-mark: 0.015/0.015 secs] [Times: user=0.03 sys=0.00, real=0.02 secs] 
2022-05-10T17:42:47.276+0800: 1432.138: [CMS-concurrent-preclean-start]
2022-05-10T17:42:47.277+0800: 1432.139: [CMS-concurrent-preclean: 0.001/0.001 secs] [Times: user=0.00 sys=0.00, real=0.00 secs] 
2022-05-10T17:42:47.277+0800: 1432.139: [CMS-concurrent-abortable-preclean-start]
2022-05-10T17:42:51.289+0800: 1436.150: Application time: 4.0273045 seconds
2022-05-10T17:42:51.289+0800: 1436.150: Total time for which application threads were stopped: 0.0001314 seconds, Stopping threads took: 0.0000320 seconds
2022-05-10T17:42:51.435+0800: 1436.296: Application time: 0.1454936 seconds
2022-05-10T17:42:51.435+0800: 1436.296: Total time for which application threads were stopped: 0.0000587 seconds, Stopping threads took: 0.0000206 seconds
2022-05-10T17:42:51.435+0800: 1436.296: Application time: 0.0000206 seconds
2022-05-10T17:42:51.435+0800: 1436.296: Total time for which application threads were stopped: 0.0000288 seconds, Stopping threads took: 0.0000063 seconds
2022-05-10T17:42:51.435+0800: 1436.296: Application time: 0.0005594 seconds
2022-05-10T17:42:51.435+0800: 1436.297: Total time for which application threads were stopped: 0.0000699 seconds, Stopping threads took: 0.0000253 seconds
2022-05-10T17:42:51.435+0800: 1436.297: Application time: 0.0000958 seconds
2022-05-10T17:42:51.436+0800: 1436.297: Total time for which application threads were stopped: 0.0000779 seconds, Stopping threads took: 0.0000169 seconds
2022-05-10T17:42:51.436+0800: 1436.297: Application time: 0.0004913 seconds
2022-05-10T17:42:51.436+0800: 1436.297: Total time for which application threads were stopped: 0.0000919 seconds, Stopping threads took: 0.0000322 seconds
2022-05-10T17:42:51.438+0800: 1436.299: Application time: 0.0014434 seconds
2022-05-10T17:42:51.438+0800: 1436.299: Total time for which application threads were stopped: 0.0001007 seconds, Stopping threads took: 0.0000319 seconds
2022-05-10T17:42:51.439+0800: 1436.300: Application time: 0.0009596 seconds
2022-05-10T17:42:51.439+0800: 1436.300: Total time for which application threads were stopped: 0.0001050 seconds, Stopping threads took: 0.0000318 seconds
2022-05-10T17:42:51.441+0800: 1436.302: Application time: 0.0024229 seconds
2022-05-10T17:42:51.441+0800: 1436.302: Total time for which application threads were stopped: 0.0000673 seconds, Stopping threads took: 0.0000195 seconds
2022-05-10T17:42:51.442+0800: 1436.303: Application time: 0.0006426 seconds
2022-05-10T17:42:51.442+0800: 1436.303: Total time for which application threads were stopped: 0.0000744 seconds, Stopping threads took: 0.0000307 seconds
2022-05-10T17:42:51.442+0800: 1436.303: Application time: 0.0001196 seconds
2022-05-10T17:42:51.442+0800: 1436.303: Total time for which application threads were stopped: 0.0000729 seconds, Stopping threads took: 0.0000274 seconds
2022-05-10T17:42:51.442+0800: 1436.303: Application time: 0.0000841 seconds
2022-05-10T17:42:51.442+0800: 1436.304: Total time for which application threads were stopped: 0.0001238 seconds, Stopping threads took: 0.0000106 seconds
2022-05-10T17:42:51.443+0800: 1436.304: Application time: 0.0004881 seconds
2022-05-10T17:42:51.443+0800: 1436.304: Total time for which application threads were stopped: 0.0000303 seconds, Stopping threads took: 0.0000089 seconds
2022-05-10T17:42:51.443+0800: 1436.305: Application time: 0.0006057 seconds
2022-05-10T17:42:51.444+0800: 1436.305: Total time for which application threads were stopped: 0.0000363 seconds, Stopping threads took: 0.0000129 seconds
2022-05-10T17:42:51.444+0800: 1436.305: Application time: 0.0004849 seconds
2022-05-10T17:42:51.444+0800: 1436.305: Total time for which application threads were stopped: 0.0000577 seconds, Stopping threads took: 0.0000219 seconds
2022-05-10T17:42:51.446+0800: 1436.307: Application time: 0.0015747 seconds
2022-05-10T17:42:51.446+0800: 1436.307: Total time for which application threads were stopped: 0.0000775 seconds, Stopping threads took: 0.0000289 seconds
Heap
 par new generation   total 153600K, used 35728K [0x00000000e0c00000, 0x00000000eb2a0000, 0x00000000eb2a0000)
  eden space 136576K,  26% used [0x00000000e0c00000, 0x00000000e2ee40c8, 0x00000000e9160000)
  from space 17024K,   0% used [0x00000000ea200000, 0x00000000ea200000, 0x00000000eb2a0000)
  to   space 17024K,   0% used [0x00000000e9160000, 0x00000000e9160000, 0x00000000ea200000)
 concurrent mark-sweep generation total 341376K, used 10182K [0x00000000eb2a0000, 0x0000000100000000, 0x0000000100000000)
 Metaspace       used 34782K, capacity 36690K, committed 37140K, reserved 1081344K
  class space    used 4402K, capacity 4757K, committed 4884K, reserved 1048576K
2022-05-10T17:42:51.451+0800: 1436.312: Application time: 0.0047300 seconds
