[0.047s][info][gc,heap] Heap region size: 1M
[0.052s][info][gc     ] Using G1
[0.052s][info][gc,heap,coops] Heap address: 0x0000000700000000, size: 4096 MB, Compressed Oops mode: Zero based, Oop shift amount: 3
[0.697s][info][safepoint    ] Entering safepoint region: Deoptimize
[0.697s][info][safepoint    ] Leaving safepoint region
[0.697s][info][safepoint    ] Total time for which application threads were stopped: 0.0003270 seconds, Stopping threads took: 0.0000880 seconds
[1.697s][info][safepoint    ] Application time: 1.0002008 seconds
[1.698s][info][safepoint    ] Entering safepoint region: Cleanup
[1.698s][info][safepoint    ] Leaving safepoint region
[1.698s][info][safepoint    ] Total time for which application threads were stopped: 0.0000922 seconds, Stopping threads took: 0.0000209 seconds
[5.738s][info][safepoint    ] Application time: 4.0407607 seconds
[5.738s][info][safepoint    ] Entering safepoint region: EnableBiasedLocking
[5.739s][info][safepoint    ] Leaving safepoint region
[5.739s][info][safepoint    ] Total time for which application threads were stopped: 0.0001148 seconds, Stopping threads took: 0.0000147 seconds
[5.863s][info][safepoint    ] Application time: 0.1245842 seconds
[5.864s][info][safepoint    ] Entering safepoint region: RevokeBias
[5.864s][info][safepoint    ] Leaving safepoint region
[5.864s][info][safepoint    ] Total time for which application threads were stopped: 0.0001716 seconds, Stopping threads took: 0.0000129 seconds
[5.864s][info][safepoint    ] Application time: 0.0006672 seconds
[5.864s][info][safepoint    ] Entering safepoint region: RevokeBias
[5.865s][info][safepoint    ] Leaving safepoint region
[5.865s][info][safepoint    ] Total time for which application threads were stopped: 0.0001530 seconds, Stopping threads took: 0.0001094 seconds
[5.866s][info][safepoint    ] Application time: 0.0014750 seconds
[5.866s][info][safepoint    ] Entering safepoint region: Deoptimize
[5.866s][info][safepoint    ] Leaving safepoint region
[5.866s][info][safepoint    ] Total time for which application threads were stopped: 0.0002063 seconds, Stopping threads took: 0.0000415 seconds
[5.867s][info][safepoint    ] Application time: 0.0003016 seconds
[5.867s][info][safepoint    ] Entering safepoint region: Deoptimize
[5.867s][info][safepoint    ] Leaving safepoint region
[5.867s][info][safepoint    ] Total time for which application threads were stopped: 0.0001957 seconds, Stopping threads took: 0.0000220 seconds
[6.040s][info][safepoint    ] Application time: 0.1727240 seconds
[6.040s][info][safepoint    ] Entering safepoint region: G1CollectForAllocation
[6.040s][info][gc,start     ] GC(0) Pause Young (Normal) (G1 Evacuation Pause)
[6.040s][info][gc,task      ] GC(0) Using 6 workers of 8 for evacuation
[6.045s][info][gc,phases    ] GC(0)   Pre Evacuate Collection Set: 0.0ms
[6.045s][info][gc,phases    ] GC(0)   Evacuate Collection Set: 4.5ms
[6.045s][info][gc,phases    ] GC(0)   Post Evacuate Collection Set: 0.5ms
[6.045s][info][gc,phases    ] GC(0)   Other: 0.6ms
[6.045s][info][gc,heap      ] GC(0) Eden regions: 24->0(150)
[6.045s][info][gc,heap      ] GC(0) Survivor regions: 0->3(3)
[6.045s][info][gc,heap      ] GC(0) Old regions: 0->3
[6.045s][info][gc,heap      ] GC(0) Humongous regions: 0->0
[6.045s][info][gc,metaspace ] GC(0) Metaspace: 15729K->15729K(1062912K)
[6.045s][info][gc           ] GC(0) Pause Young (Normal) (G1 Evacuation Pause) 24M->5M(256M) 5.814ms
[6.045s][info][gc,cpu       ] GC(0) User=0.02s Sys=0.00s Real=0.00s
[6.045s][info][safepoint    ] Leaving safepoint region
[6.045s][info][safepoint    ] Total time for which application threads were stopped: 0.0059358 seconds, Stopping threads took: 0.0000125 seconds
[6.089s][info][safepoint    ] Application time: 0.0438219 seconds
[6.089s][info][safepoint    ] Entering safepoint region: Deoptimize
[6.090s][info][safepoint    ] Leaving safepoint region
[6.090s][info][safepoint    ] Total time for which application threads were stopped: 0.0002334 seconds, Stopping threads took: 0.0000121 seconds
[6.169s][info][safepoint    ] Application time: 0.0798607 seconds
[6.170s][info][safepoint    ] Entering safepoint region: G1CollectForAllocation
[6.170s][info][gc,start     ] GC(1) Pause Young (Normal) (G1 Evacuation Pause)
[6.170s][info][gc,task      ] GC(1) Using 6 workers of 8 for evacuation
[6.173s][info][gc,phases    ] GC(1)   Pre Evacuate Collection Set: 0.0ms
[6.173s][info][gc,phases    ] GC(1)   Evacuate Collection Set: 2.5ms
[6.173s][info][gc,phases    ] GC(1)   Post Evacuate Collection Set: 0.3ms
[6.173s][info][gc,phases    ] GC(1)   Other: 0.1ms
[6.173s][info][gc,heap      ] GC(1) Eden regions: 9->0(42)
[6.173s][info][gc,heap      ] GC(1) Survivor regions: 3->1(2)
[6.173s][info][gc,heap      ] GC(1) Old regions: 3->6
[6.173s][info][gc,heap      ] GC(1) Humongous regions: 0->0
[6.173s][info][gc,metaspace ] GC(1) Metaspace: 17506K->17506K(1064960K)
[6.173s][info][gc           ] GC(1) Pause Young (Normal) (G1 Evacuation Pause) 14M->6M(256M) 3.056ms
[6.173s][info][gc,cpu       ] GC(1) User=0.01s Sys=0.00s Real=0.00s
[6.173s][info][safepoint    ] Leaving safepoint region
[6.173s][info][safepoint    ] Total time for which application threads were stopped: 0.0032076 seconds, Stopping threads took: 0.0000101 seconds
[6.177s][info][safepoint    ] Application time: 0.0046237 seconds
[6.177s][info][safepoint    ] Entering safepoint region: Deoptimize
[6.178s][info][safepoint    ] Leaving safepoint region
[6.178s][info][safepoint    ] Total time for which application threads were stopped: 0.0002191 seconds, Stopping threads took: 0.0000089 seconds
[6.192s][info][safepoint    ] Application time: 0.0142998 seconds
[6.192s][info][safepoint    ] Entering safepoint region: RevokeBias
[6.192s][info][safepoint    ] Leaving safepoint region
[6.192s][info][safepoint    ] Total time for which application threads were stopped: 0.0001706 seconds, Stopping threads took: 0.0000428 seconds
[6.192s][info][safepoint    ] Application time: 0.0001325 seconds
[6.192s][info][safepoint    ] Entering safepoint region: RevokeBias
[6.192s][info][safepoint    ] Leaving safepoint region
[6.192s][info][safepoint    ] Total time for which application threads were stopped: 0.0001413 seconds, Stopping threads took: 0.0000610 seconds
[6.194s][info][safepoint    ] Application time: 0.0013542 seconds
[6.194s][info][safepoint    ] Entering safepoint region: RevokeBias
[6.194s][info][safepoint    ] Leaving safepoint region
[6.194s][info][safepoint    ] Total time for which application threads were stopped: 0.0001491 seconds, Stopping threads took: 0.0000583 seconds
[6.194s][info][safepoint    ] Application time: 0.0003593 seconds
[6.194s][info][safepoint    ] Entering safepoint region: RevokeBias
[6.194s][info][safepoint    ] Leaving safepoint region
[6.194s][info][safepoint    ] Total time for which application threads were stopped: 0.0001085 seconds, Stopping threads took: 0.0000081 seconds
[6.195s][info][safepoint    ] Application time: 0.0007605 seconds
[6.195s][info][safepoint    ] Entering safepoint region: RevokeBias
[6.195s][info][safepoint    ] Leaving safepoint region
[6.196s][info][safepoint    ] Total time for which application threads were stopped: 0.0001977 seconds, Stopping threads took: 0.0001118 seconds
[6.196s][info][safepoint    ] Application time: 0.0001849 seconds
[6.196s][info][safepoint    ] Entering safepoint region: RevokeBias
[6.196s][info][safepoint    ] Leaving safepoint region
[6.196s][info][safepoint    ] Total time for which application threads were stopped: 0.0001594 seconds, Stopping threads took: 0.0000901 seconds
[6.197s][info][safepoint    ] Application time: 0.0013566 seconds
[6.197s][info][safepoint    ] Entering safepoint region: RevokeBias
[6.197s][info][safepoint    ] Leaving safepoint region
[6.197s][info][safepoint    ] Total time for which application threads were stopped: 0.0001490 seconds, Stopping threads took: 0.0000369 seconds
[6.198s][info][safepoint    ] Application time: 0.0001223 seconds
[6.198s][info][safepoint    ] Entering safepoint region: RevokeBias
[6.198s][info][safepoint    ] Leaving safepoint region
[6.198s][info][safepoint    ] Total time for which application threads were stopped: 0.0002134 seconds, Stopping threads took: 0.0001293 seconds
[6.198s][info][safepoint    ] Application time: 0.0003894 seconds
[6.198s][info][safepoint    ] Entering safepoint region: RevokeBias
[6.198s][info][safepoint    ] Leaving safepoint region
[6.198s][info][safepoint    ] Total time for which application threads were stopped: 0.0001183 seconds, Stopping threads took: 0.0000078 seconds
[6.200s][info][safepoint    ] Application time: 0.0018055 seconds
[6.200s][info][safepoint    ] Entering safepoint region: RevokeBias
[6.200s][info][safepoint    ] Leaving safepoint region
[6.200s][info][safepoint    ] Total time for which application threads were stopped: 0.0000947 seconds, Stopping threads took: 0.0000388 seconds
[6.201s][info][safepoint    ] Application time: 0.0011038 seconds
[6.201s][info][safepoint    ] Entering safepoint region: Deoptimize
[6.202s][info][safepoint    ] Leaving safepoint region
[6.202s][info][safepoint    ] Total time for which application threads were stopped: 0.0002354 seconds, Stopping threads took: 0.0000087 seconds
[6.203s][info][safepoint    ] Application time: 0.0015126 seconds
[6.203s][info][safepoint    ] Entering safepoint region: RevokeBias
[6.204s][info][safepoint    ] Leaving safepoint region
[6.204s][info][safepoint    ] Total time for which application threads were stopped: 0.0002559 seconds, Stopping threads took: 0.0000626 seconds
[6.207s][info][safepoint    ] Application time: 0.0031719 seconds
[6.207s][info][safepoint    ] Entering safepoint region: RevokeBias
[6.207s][info][safepoint    ] Leaving safepoint region
[6.207s][info][safepoint    ] Total time for which application threads were stopped: 0.0002169 seconds, Stopping threads took: 0.0000100 seconds
[6.208s][info][safepoint    ] Application time: 0.0006427 seconds
[6.208s][info][safepoint    ] Entering safepoint region: RevokeBias
[6.208s][info][safepoint    ] Leaving safepoint region
[6.208s][info][safepoint    ] Total time for which application threads were stopped: 0.0000844 seconds, Stopping threads took: 0.0000085 seconds
[6.208s][info][safepoint    ] Application time: 0.0001337 seconds
[6.208s][info][safepoint    ] Entering safepoint region: RevokeBias
[6.208s][info][safepoint    ] Leaving safepoint region
[6.208s][info][safepoint    ] Total time for which application threads were stopped: 0.0001343 seconds, Stopping threads took: 0.0000081 seconds
[6.209s][info][safepoint    ] Application time: 0.0004471 seconds
[6.209s][info][safepoint    ] Entering safepoint region: RevokeBias
[6.209s][info][safepoint    ] Leaving safepoint region
[6.209s][info][safepoint    ] Total time for which application threads were stopped: 0.0001552 seconds, Stopping threads took: 0.0000309 seconds
[6.209s][info][safepoint    ] Application time: 0.0001202 seconds
[6.209s][info][safepoint    ] Entering safepoint region: RevokeBias
[6.209s][info][safepoint    ] Leaving safepoint region
[6.209s][info][safepoint    ] Total time for which application threads were stopped: 0.0002070 seconds, Stopping threads took: 0.0000784 seconds
[6.211s][info][safepoint    ] Application time: 0.0020062 seconds
[6.211s][info][safepoint    ] Entering safepoint region: RevokeBias
[6.211s][info][safepoint    ] Leaving safepoint region
[6.211s][info][safepoint    ] Total time for which application threads were stopped: 0.0000623 seconds, Stopping threads took: 0.0000092 seconds
[6.211s][info][safepoint    ] Application time: 0.0002189 seconds
[6.211s][info][safepoint    ] Entering safepoint region: RevokeBias
[6.212s][info][safepoint    ] Leaving safepoint region
[6.212s][info][safepoint    ] Total time for which application threads were stopped: 0.0000869 seconds, Stopping threads took: 0.0000061 seconds
[6.212s][info][safepoint    ] Application time: 0.0000185 seconds
[6.212s][info][safepoint    ] Entering safepoint region: RevokeBias
[6.212s][info][safepoint    ] Leaving safepoint region
[6.212s][info][safepoint    ] Total time for which application threads were stopped: 0.0000422 seconds, Stopping threads took: 0.0000068 seconds
[6.212s][info][safepoint    ] Application time: 0.0002018 seconds
[6.212s][info][safepoint    ] Entering safepoint region: RevokeBias
[6.212s][info][safepoint    ] Leaving safepoint region
[6.212s][info][safepoint    ] Total time for which application threads were stopped: 0.0000994 seconds, Stopping threads took: 0.0000361 seconds
[6.212s][info][safepoint    ] Application time: 0.0000169 seconds
[6.212s][info][safepoint    ] Entering safepoint region: RevokeBias
[6.212s][info][safepoint    ] Leaving safepoint region
[6.213s][info][safepoint    ] Total time for which application threads were stopped: 0.0005209 seconds, Stopping threads took: 0.0004564 seconds
[6.213s][info][safepoint    ] Application time: 0.0000951 seconds
[6.213s][info][safepoint    ] Entering safepoint region: RevokeBias
[6.213s][info][safepoint    ] Leaving safepoint region
[6.213s][info][safepoint    ] Total time for which application threads were stopped: 0.0001088 seconds, Stopping threads took: 0.0000368 seconds
[6.213s][info][safepoint    ] Application time: 0.0000434 seconds
[6.213s][info][safepoint    ] Entering safepoint region: BulkRevokeBias
[6.213s][info][safepoint    ] Leaving safepoint region
[6.213s][info][safepoint    ] Total time for which application threads were stopped: 0.0001301 seconds, Stopping threads took: 0.0000427 seconds
[6.216s][info][safepoint    ] Application time: 0.0031528 seconds
[6.216s][info][safepoint    ] Entering safepoint region: RevokeBias
[6.216s][info][safepoint    ] Leaving safepoint region
[6.216s][info][safepoint    ] Total time for which application threads were stopped: 0.0002078 seconds, Stopping threads took: 0.0000098 seconds
[6.216s][info][safepoint    ] Application time: 0.0000196 seconds
[6.216s][info][safepoint    ] Entering safepoint region: RevokeBias
[6.216s][info][safepoint    ] Leaving safepoint region
[6.217s][info][safepoint    ] Total time for which application threads were stopped: 0.0000831 seconds, Stopping threads took: 0.0000070 seconds
[6.217s][info][safepoint    ] Application time: 0.0000161 seconds
[6.217s][info][safepoint    ] Entering safepoint region: RevokeBias
[6.217s][info][safepoint    ] Leaving safepoint region
[6.217s][info][safepoint    ] Total time for which application threads were stopped: 0.0000713 seconds, Stopping threads took: 0.0000067 seconds
[6.217s][info][safepoint    ] Application time: 0.0000142 seconds
[6.217s][info][safepoint    ] Entering safepoint region: RevokeBias
[6.217s][info][safepoint    ] Leaving safepoint region
[6.217s][info][safepoint    ] Total time for which application threads were stopped: 0.0000921 seconds, Stopping threads took: 0.0000480 seconds
[6.217s][info][safepoint    ] Application time: 0.0000218 seconds
[6.217s][info][safepoint    ] Entering safepoint region: RevokeBias
[6.217s][info][safepoint    ] Leaving safepoint region
[6.217s][info][safepoint    ] Total time for which application threads were stopped: 0.0000615 seconds, Stopping threads took: 0.0000057 seconds
[6.217s][info][safepoint    ] Application time: 0.0000387 seconds
[6.217s][info][safepoint    ] Entering safepoint region: RevokeBias
[6.217s][info][safepoint    ] Leaving safepoint region
[6.217s][info][safepoint    ] Total time for which application threads were stopped: 0.0000460 seconds, Stopping threads took: 0.0000068 seconds
[6.218s][info][safepoint    ] Application time: 0.0008423 seconds
[6.218s][info][safepoint    ] Entering safepoint region: RevokeBias
[6.218s][info][safepoint    ] Leaving safepoint region
[6.218s][info][safepoint    ] Total time for which application threads were stopped: 0.0001441 seconds, Stopping threads took: 0.0000622 seconds
[6.222s][info][safepoint    ] Application time: 0.0038393 seconds
[6.222s][info][safepoint    ] Entering safepoint region: RevokeBias
[6.222s][info][safepoint    ] Leaving safepoint region
[6.222s][info][safepoint    ] Total time for which application threads were stopped: 0.0001000 seconds, Stopping threads took: 0.0000291 seconds
[6.222s][info][safepoint    ] Application time: 0.0000226 seconds
[6.222s][info][safepoint    ] Entering safepoint region: RevokeBias
[6.222s][info][safepoint    ] Leaving safepoint region
[6.222s][info][safepoint    ] Total time for which application threads were stopped: 0.0000916 seconds, Stopping threads took: 0.0000335 seconds
[6.222s][info][safepoint    ] Application time: 0.0000366 seconds
[6.222s][info][safepoint    ] Entering safepoint region: RevokeBias
[6.222s][info][safepoint    ] Leaving safepoint region
[6.222s][info][safepoint    ] Total time for which application threads were stopped: 0.0000692 seconds, Stopping threads took: 0.0000299 seconds
[6.223s][info][safepoint    ] Application time: 0.0010687 seconds
[6.223s][info][safepoint    ] Entering safepoint region: RevokeBias
[6.223s][info][safepoint    ] Leaving safepoint region
[6.223s][info][safepoint    ] Total time for which application threads were stopped: 0.0000973 seconds, Stopping threads took: 0.0000424 seconds
[6.238s][info][safepoint    ] Application time: 0.0143140 seconds
[6.238s][info][safepoint    ] Entering safepoint region: RevokeBias
[6.238s][info][safepoint    ] Leaving safepoint region
[6.238s][info][safepoint    ] Total time for which application threads were stopped: 0.0000752 seconds, Stopping threads took: 0.0000097 seconds
[6.242s][info][safepoint    ] Application time: 0.0044700 seconds
[6.242s][info][safepoint    ] Entering safepoint region: RevokeBias
[6.242s][info][safepoint    ] Leaving safepoint region
[6.242s][info][safepoint    ] Total time for which application threads were stopped: 0.0001213 seconds, Stopping threads took: 0.0000438 seconds
[6.242s][info][safepoint    ] Application time: 0.0000277 seconds
[6.243s][info][safepoint    ] Entering safepoint region: RevokeBias
[6.243s][info][safepoint    ] Leaving safepoint region
[6.243s][info][safepoint    ] Total time for which application threads were stopped: 0.0000938 seconds, Stopping threads took: 0.0000452 seconds
[6.251s][info][safepoint    ] Application time: 0.0086444 seconds
[6.251s][info][safepoint    ] Entering safepoint region: RevokeBias
[6.251s][info][safepoint    ] Leaving safepoint region
[6.251s][info][safepoint    ] Total time for which application threads were stopped: 0.0000995 seconds, Stopping threads took: 0.0000407 seconds
[6.270s][info][safepoint    ] Application time: 0.0181808 seconds
[6.270s][info][safepoint    ] Entering safepoint region: RevokeBias
[6.270s][info][safepoint    ] Leaving safepoint region
[6.270s][info][safepoint    ] Total time for which application threads were stopped: 0.0000763 seconds, Stopping threads took: 0.0000198 seconds
[6.270s][info][safepoint    ] Application time: 0.0007862 seconds
[6.270s][info][safepoint    ] Entering safepoint region: RevokeBias
[6.271s][info][safepoint    ] Leaving safepoint region
[6.271s][info][safepoint    ] Total time for which application threads were stopped: 0.0000766 seconds, Stopping threads took: 0.0000091 seconds
[6.271s][info][safepoint    ] Application time: 0.0000200 seconds
[6.271s][info][safepoint    ] Entering safepoint region: RevokeBias
[6.271s][info][safepoint    ] Leaving safepoint region
[6.271s][info][safepoint    ] Total time for which application threads were stopped: 0.0000546 seconds, Stopping threads took: 0.0000063 seconds
[6.274s][info][safepoint    ] Application time: 0.0032101 seconds
[6.274s][info][safepoint    ] Entering safepoint region: RevokeBias
[6.274s][info][safepoint    ] Leaving safepoint region
[6.274s][info][safepoint    ] Total time for which application threads were stopped: 0.0000809 seconds, Stopping threads took: 0.0000091 seconds
[6.278s][info][safepoint    ] Application time: 0.0041403 seconds
[6.278s][info][safepoint    ] Entering safepoint region: RevokeBias
[6.278s][info][safepoint    ] Leaving safepoint region
[6.278s][info][safepoint    ] Total time for which application threads were stopped: 0.0001332 seconds, Stopping threads took: 0.0000298 seconds
[6.279s][info][safepoint    ] Application time: 0.0008814 seconds
[6.279s][info][safepoint    ] Entering safepoint region: RevokeBias
[6.279s][info][safepoint    ] Leaving safepoint region
[6.279s][info][safepoint    ] Total time for which application threads were stopped: 0.0000943 seconds, Stopping threads took: 0.0000093 seconds
[6.279s][info][safepoint    ] Application time: 0.0002075 seconds
[6.280s][info][safepoint    ] Entering safepoint region: RevokeBias
[6.280s][info][safepoint    ] Leaving safepoint region
[6.280s][info][safepoint    ] Total time for which application threads were stopped: 0.0000795 seconds, Stopping threads took: 0.0000370 seconds
[6.281s][info][safepoint    ] Application time: 0.0009644 seconds
[6.281s][info][safepoint    ] Entering safepoint region: RevokeBias
[6.281s][info][safepoint    ] Leaving safepoint region
[6.281s][info][safepoint    ] Total time for which application threads were stopped: 0.0003175 seconds, Stopping threads took: 0.0002304 seconds
[6.282s][info][safepoint    ] Application time: 0.0006259 seconds
[6.282s][info][safepoint    ] Entering safepoint region: CollectForMetadataAllocation
[6.282s][info][gc,start     ] GC(2) Pause Young (Concurrent Start) (Metadata GC Threshold)
[6.282s][info][gc,task      ] GC(2) Using 6 workers of 8 for evacuation
[6.283s][info][gc,phases    ] GC(2)   Pre Evacuate Collection Set: 0.0ms
[6.283s][info][gc,phases    ] GC(2)   Evacuate Collection Set: 1.2ms
[6.283s][info][gc,phases    ] GC(2)   Post Evacuate Collection Set: 0.1ms
[6.283s][info][gc,phases    ] GC(2)   Other: 0.2ms
[6.283s][info][gc,heap      ] GC(2) Eden regions: 15->0(62)
[6.283s][info][gc,heap      ] GC(2) Survivor regions: 1->2(6)
[6.283s][info][gc,heap      ] GC(2) Old regions: 6->6
[6.283s][info][gc,heap      ] GC(2) Humongous regions: 0->0
[6.283s][info][gc,metaspace ] GC(2) Metaspace: 20577K->20577K(1069056K)
[6.283s][info][gc           ] GC(2) Pause Young (Concurrent Start) (Metadata GC Threshold) 21M->6M(256M) 1.665ms
[6.283s][info][gc,cpu       ] GC(2) User=0.00s Sys=0.01s Real=0.00s
[6.283s][info][gc           ] GC(3) Concurrent Cycle
[6.283s][info][safepoint    ] Leaving safepoint region
[6.283s][info][gc,marking   ] GC(3) Concurrent Clear Claimed Marks
[6.283s][info][safepoint    ] Total time for which application threads were stopped: 0.0018264 seconds, Stopping threads took: 0.0000379 seconds
[6.283s][info][gc,marking   ] GC(3) Concurrent Clear Claimed Marks 0.049ms
[6.283s][info][gc,marking   ] GC(3) Concurrent Scan Root Regions
[6.284s][info][safepoint    ] Application time: 0.0001174 seconds
[6.284s][info][safepoint    ] Entering safepoint region: RevokeBias
[6.284s][info][safepoint    ] Leaving safepoint region
[6.284s][info][safepoint    ] Total time for which application threads were stopped: 0.0000919 seconds, Stopping threads took: 0.0000287 seconds
[6.284s][info][safepoint    ] Application time: 0.0000303 seconds
[6.284s][info][safepoint    ] Entering safepoint region: RevokeBias
[6.284s][info][safepoint    ] Leaving safepoint region
[6.284s][info][safepoint    ] Total time for which application threads were stopped: 0.0000951 seconds, Stopping threads took: 0.0000489 seconds
[6.284s][info][safepoint    ] Application time: 0.0000223 seconds
[6.284s][info][safepoint    ] Entering safepoint region: RevokeBias
[6.284s][info][safepoint    ] Leaving safepoint region
[6.284s][info][safepoint    ] Total time for which application threads were stopped: 0.0001660 seconds, Stopping threads took: 0.0000470 seconds
[6.285s][info][gc,marking   ] GC(3) Concurrent Scan Root Regions 1.031ms
[6.285s][info][gc,marking   ] GC(3) Concurrent Mark (6.285s)
[6.285s][info][gc,marking   ] GC(3) Concurrent Mark From Roots
[6.285s][info][gc,task      ] GC(3) Using 2 workers of 2 for marking
[6.288s][info][gc,marking   ] GC(3) Concurrent Mark From Roots 3.786ms
[6.288s][info][gc,marking   ] GC(3) Concurrent Preclean
[6.288s][info][safepoint    ] Application time: 0.0043643 seconds
[6.288s][info][safepoint    ] Entering safepoint region: RevokeBias
[6.288s][info][safepoint    ] Leaving safepoint region
[6.288s][info][safepoint    ] Total time for which application threads were stopped: 0.0000502 seconds, Stopping threads took: 0.0000101 seconds
[6.288s][info][gc,marking   ] GC(3) Concurrent Preclean 0.137ms
[6.289s][info][gc,marking   ] GC(3) Concurrent Mark (6.285s, 6.289s) 3.971ms
[6.289s][info][safepoint    ] Application time: 0.0000635 seconds
[6.289s][info][safepoint    ] Entering safepoint region: CGC_Operation
[6.289s][info][gc,start     ] GC(3) Pause Remark
[6.289s][info][gc,stringtable] GC(3) Cleaned string and symbol table, strings: 9530 processed, 9 removed, symbols: 74130 processed, 69 removed
[6.290s][info][gc            ] GC(3) Pause Remark 8M->8M(256M) 1.015ms
[6.290s][info][gc,cpu        ] GC(3) User=0.00s Sys=0.00s Real=0.00s
[6.290s][info][safepoint     ] Leaving safepoint region
[6.290s][info][safepoint     ] Total time for which application threads were stopped: 0.0011035 seconds, Stopping threads took: 0.0000132 seconds
[6.290s][info][gc,marking    ] GC(3) Concurrent Rebuild Remembered Sets
[6.290s][info][safepoint     ] Application time: 0.0002715 seconds
[6.290s][info][safepoint     ] Entering safepoint region: RevokeBias
[6.290s][info][safepoint     ] Leaving safepoint region
[6.290s][info][safepoint     ] Total time for which application threads were stopped: 0.0002297 seconds, Stopping threads took: 0.0001589 seconds
[6.293s][info][gc,marking    ] GC(3) Concurrent Rebuild Remembered Sets 3.041ms
[6.293s][info][safepoint     ] Application time: 0.0025840 seconds
[6.293s][info][safepoint     ] Entering safepoint region: CGC_Operation
[6.293s][info][gc,start      ] GC(3) Pause Cleanup
[6.293s][info][gc            ] GC(3) Pause Cleanup 8M->8M(256M) 0.054ms
[6.293s][info][gc,cpu        ] GC(3) User=0.00s Sys=0.00s Real=0.00s
[6.293s][info][safepoint     ] Leaving safepoint region
[6.293s][info][safepoint     ] Total time for which application threads were stopped: 0.0001544 seconds, Stopping threads took: 0.0000366 seconds
[6.293s][info][gc,marking    ] GC(3) Concurrent Cleanup for Next Mark
[6.294s][info][gc,marking    ] GC(3) Concurrent Cleanup for Next Mark 1.423ms
[6.294s][info][gc            ] GC(3) Concurrent Cycle 11.077ms
[6.311s][info][safepoint     ] Application time: 0.0178103 seconds
[6.311s][info][safepoint     ] Entering safepoint region: Deoptimize
[6.311s][info][safepoint     ] Leaving safepoint region
[6.311s][info][safepoint     ] Total time for which application threads were stopped: 0.0002757 seconds, Stopping threads took: 0.0000671 seconds
[6.323s][info][safepoint     ] Application time: 0.0115316 seconds
[6.323s][info][safepoint     ] Entering safepoint region: BulkRevokeBias
[6.323s][info][safepoint     ] Leaving safepoint region
[6.323s][info][safepoint     ] Total time for which application threads were stopped: 0.0001798 seconds, Stopping threads took: 0.0000539 seconds
[6.324s][info][safepoint     ] Application time: 0.0016032 seconds
[6.325s][info][safepoint     ] Entering safepoint region: BulkRevokeBias
[6.325s][info][safepoint     ] Leaving safepoint region
[6.325s][info][safepoint     ] Total time for which application threads were stopped: 0.0001866 seconds, Stopping threads took: 0.0000783 seconds
[6.326s][info][safepoint     ] Application time: 0.0016044 seconds
[6.326s][info][safepoint     ] Entering safepoint region: Deoptimize
[6.327s][info][safepoint     ] Leaving safepoint region
[6.327s][info][safepoint     ] Total time for which application threads were stopped: 0.0002600 seconds, Stopping threads took: 0.0000477 seconds
[6.330s][info][safepoint     ] Application time: 0.0035280 seconds
[6.330s][info][safepoint     ] Entering safepoint region: RevokeBias
[6.330s][info][safepoint     ] Leaving safepoint region
[6.330s][info][safepoint     ] Total time for which application threads were stopped: 0.0002139 seconds, Stopping threads took: 0.0000095 seconds
[6.330s][info][safepoint     ] Application time: 0.0001042 seconds
[6.331s][info][safepoint     ] Entering safepoint region: RevokeBias
[6.331s][info][safepoint     ] Leaving safepoint region
[6.331s][info][safepoint     ] Total time for which application threads were stopped: 0.0002043 seconds, Stopping threads took: 0.0001257 seconds
[6.331s][info][safepoint     ] Application time: 0.0001561 seconds
[6.331s][info][safepoint     ] Entering safepoint region: RevokeBias
[6.331s][info][safepoint     ] Leaving safepoint region
[6.331s][info][safepoint     ] Total time for which application threads were stopped: 0.0002612 seconds, Stopping threads took: 0.0001393 seconds
[6.331s][info][safepoint     ] Application time: 0.0000369 seconds
[6.331s][info][safepoint     ] Entering safepoint region: RevokeBias
[6.331s][info][safepoint     ] Leaving safepoint region
[6.331s][info][safepoint     ] Total time for which application threads were stopped: 0.0001212 seconds, Stopping threads took: 0.0000608 seconds
[6.332s][info][safepoint     ] Application time: 0.0002681 seconds
[6.332s][info][safepoint     ] Entering safepoint region: RevokeBias
[6.332s][info][safepoint     ] Leaving safepoint region
[6.332s][info][safepoint     ] Total time for which application threads were stopped: 0.0001136 seconds, Stopping threads took: 0.0000647 seconds
[6.332s][info][safepoint     ] Application time: 0.0003595 seconds
[6.332s][info][safepoint     ] Entering safepoint region: RevokeBias
[6.332s][info][safepoint     ] Leaving safepoint region
[6.332s][info][safepoint     ] Total time for which application threads were stopped: 0.0001778 seconds, Stopping threads took: 0.0000404 seconds
[6.333s][info][safepoint     ] Application time: 0.0001800 seconds
[6.333s][info][safepoint     ] Entering safepoint region: RevokeBias
[6.333s][info][safepoint     ] Leaving safepoint region
[6.333s][info][safepoint     ] Total time for which application threads were stopped: 0.0000770 seconds, Stopping threads took: 0.0000105 seconds
[6.339s][info][safepoint     ] Application time: 0.0065400 seconds
[6.339s][info][safepoint     ] Entering safepoint region: RevokeBias
[6.339s][info][safepoint     ] Leaving safepoint region
[6.339s][info][safepoint     ] Total time for which application threads were stopped: 0.0001182 seconds, Stopping threads took: 0.0000373 seconds
[6.362s][info][safepoint     ] Application time: 0.0223912 seconds
[6.362s][info][safepoint     ] Entering safepoint region: Deoptimize
[6.362s][info][safepoint     ] Leaving safepoint region
[6.362s][info][safepoint     ] Total time for which application threads were stopped: 0.0003972 seconds, Stopping threads took: 0.0000417 seconds
[6.435s][info][safepoint     ] Application time: 0.0727520 seconds
[6.435s][info][safepoint     ] Entering safepoint region: RevokeBias
[6.435s][info][safepoint     ] Leaving safepoint region
[6.435s][info][safepoint     ] Total time for which application threads were stopped: 0.0002100 seconds, Stopping threads took: 0.0000346 seconds
[6.436s][info][safepoint     ] Application time: 0.0001661 seconds
[6.436s][info][safepoint     ] Entering safepoint region: RevokeBias
[6.436s][info][safepoint     ] Leaving safepoint region
[6.436s][info][safepoint     ] Total time for which application threads were stopped: 0.0000942 seconds, Stopping threads took: 0.0000099 seconds
[6.440s][info][safepoint     ] Application time: 0.0042861 seconds
[6.440s][info][safepoint     ] Entering safepoint region: RevokeBias
[6.440s][info][safepoint     ] Leaving safepoint region
[6.440s][info][safepoint     ] Total time for which application threads were stopped: 0.0001224 seconds, Stopping threads took: 0.0000448 seconds
[6.440s][info][safepoint     ] Application time: 0.0001222 seconds
[6.440s][info][safepoint     ] Entering safepoint region: RevokeBias
[6.440s][info][safepoint     ] Leaving safepoint region
[6.440s][info][safepoint     ] Total time for which application threads were stopped: 0.0001598 seconds, Stopping threads took: 0.0000925 seconds
[6.441s][info][safepoint     ] Application time: 0.0007895 seconds
[6.441s][info][safepoint     ] Entering safepoint region: RevokeBias
[6.441s][info][safepoint     ] Leaving safepoint region
[6.441s][info][safepoint     ] Total time for which application threads were stopped: 0.0002162 seconds, Stopping threads took: 0.0000615 seconds
[6.442s][info][safepoint     ] Application time: 0.0000206 seconds
[6.442s][info][safepoint     ] Entering safepoint region: RevokeBias
[6.442s][info][safepoint     ] Leaving safepoint region
[6.442s][info][safepoint     ] Total time for which application threads were stopped: 0.0000798 seconds, Stopping threads took: 0.0000265 seconds
[6.442s][info][safepoint     ] Application time: 0.0001663 seconds
[6.442s][info][safepoint     ] Entering safepoint region: RevokeBias
[6.442s][info][safepoint     ] Leaving safepoint region
[6.442s][info][safepoint     ] Total time for which application threads were stopped: 0.0001644 seconds, Stopping threads took: 0.0000565 seconds
[6.442s][info][safepoint     ] Application time: 0.0000439 seconds
[6.442s][info][safepoint     ] Entering safepoint region: RevokeBias
[6.442s][info][safepoint     ] Leaving safepoint region
[6.442s][info][safepoint     ] Total time for which application threads were stopped: 0.0000940 seconds, Stopping threads took: 0.0000186 seconds
[6.443s][info][safepoint     ] Application time: 0.0004828 seconds
[6.443s][info][safepoint     ] Entering safepoint region: RevokeBias
[6.443s][info][safepoint     ] Leaving safepoint region
[6.443s][info][safepoint     ] Total time for which application threads were stopped: 0.0001649 seconds, Stopping threads took: 0.0000546 seconds
[6.443s][info][safepoint     ] Application time: 0.0000262 seconds
[6.443s][info][safepoint     ] Entering safepoint region: RevokeBias
[6.443s][info][safepoint     ] Leaving safepoint region
[6.443s][info][safepoint     ] Total time for which application threads were stopped: 0.0000629 seconds, Stopping threads took: 0.0000225 seconds
[6.443s][info][safepoint     ] Application time: 0.0002778 seconds
[6.443s][info][safepoint     ] Entering safepoint region: RevokeBias
[6.443s][info][safepoint     ] Leaving safepoint region
[6.443s][info][safepoint     ] Total time for which application threads were stopped: 0.0000641 seconds, Stopping threads took: 0.0000220 seconds
[6.443s][info][safepoint     ] Application time: 0.0000155 seconds
[6.443s][info][safepoint     ] Entering safepoint region: RevokeBias
[6.443s][info][safepoint     ] Leaving safepoint region
[6.443s][info][safepoint     ] Total time for which application threads were stopped: 0.0000579 seconds, Stopping threads took: 0.0000185 seconds
[6.446s][info][safepoint     ] Application time: 0.0028173 seconds
[6.446s][info][safepoint     ] Entering safepoint region: RevokeBias
[6.446s][info][safepoint     ] Leaving safepoint region
[6.446s][info][safepoint     ] Total time for which application threads were stopped: 0.0001589 seconds, Stopping threads took: 0.0000537 seconds
[6.452s][info][safepoint     ] Application time: 0.0053886 seconds
[6.452s][info][safepoint     ] Entering safepoint region: BulkRevokeBias
[6.452s][info][safepoint     ] Leaving safepoint region
[6.452s][info][safepoint     ] Total time for which application threads were stopped: 0.0001764 seconds, Stopping threads took: 0.0000080 seconds
[6.576s][info][safepoint     ] Application time: 0.1239071 seconds
[6.576s][info][safepoint     ] Entering safepoint region: Deoptimize
[6.576s][info][safepoint     ] Leaving safepoint region
[6.576s][info][safepoint     ] Total time for which application threads were stopped: 0.0003356 seconds, Stopping threads took: 0.0000100 seconds
[6.680s][info][safepoint     ] Application time: 0.1034118 seconds
[6.680s][info][safepoint     ] Entering safepoint region: RevokeBias
[6.680s][info][safepoint     ] Leaving safepoint region
[6.680s][info][safepoint     ] Total time for which application threads were stopped: 0.0001439 seconds, Stopping threads took: 0.0000099 seconds
[6.819s][info][safepoint     ] Application time: 0.1390937 seconds
[6.819s][info][safepoint     ] Entering safepoint region: Deoptimize
[6.819s][info][safepoint     ] Leaving safepoint region
[6.819s][info][safepoint     ] Total time for which application threads were stopped: 0.0003441 seconds, Stopping threads took: 0.0000103 seconds
[6.841s][info][safepoint     ] Application time: 0.0219809 seconds
[6.841s][info][safepoint     ] Entering safepoint region: BulkRevokeBias
[6.842s][info][safepoint     ] Leaving safepoint region
[6.842s][info][safepoint     ] Total time for which application threads were stopped: 0.0002562 seconds, Stopping threads took: 0.0000658 seconds
[6.843s][info][safepoint     ] Application time: 0.0011177 seconds
[6.843s][info][safepoint     ] Entering safepoint region: RevokeBias
[6.843s][info][safepoint     ] Leaving safepoint region
[6.843s][info][safepoint     ] Total time for which application threads were stopped: 0.0001402 seconds, Stopping threads took: 0.0000853 seconds
[6.922s][info][safepoint     ] Application time: 0.0792847 seconds
[6.922s][info][safepoint     ] Entering safepoint region: Deoptimize
[6.923s][info][safepoint     ] Leaving safepoint region
[6.923s][info][safepoint     ] Total time for which application threads were stopped: 0.0004317 seconds, Stopping threads took: 0.0000101 seconds
[7.002s][info][safepoint     ] Application time: 0.0792943 seconds
[7.002s][info][safepoint     ] Entering safepoint region: Deoptimize
[7.003s][info][safepoint     ] Leaving safepoint region
[7.003s][info][safepoint     ] Total time for which application threads were stopped: 0.0004055 seconds, Stopping threads took: 0.0000096 seconds
[7.029s][info][safepoint     ] Application time: 0.0267985 seconds
[7.029s][info][safepoint     ] Entering safepoint region: Deoptimize
[7.030s][info][safepoint     ] Leaving safepoint region
[7.030s][info][safepoint     ] Total time for which application threads were stopped: 0.0003589 seconds, Stopping threads took: 0.0000121 seconds
[7.042s][info][safepoint     ] Application time: 0.0118141 seconds
[7.042s][info][safepoint     ] Entering safepoint region: G1CollectForAllocation
[7.042s][info][gc,start      ] GC(4) Pause Young (Normal) (G1 Evacuation Pause)
[7.042s][info][gc,task       ] GC(4) Using 6 workers of 8 for evacuation
[7.046s][info][gc,phases     ] GC(4)   Pre Evacuate Collection Set: 0.0ms
[7.046s][info][gc,phases     ] GC(4)   Evacuate Collection Set: 3.9ms
[7.046s][info][gc,phases     ] GC(4)   Post Evacuate Collection Set: 0.6ms
[7.046s][info][gc,phases     ] GC(4)   Other: 0.1ms
[7.046s][info][gc,heap       ] GC(4) Eden regions: 62->0(148)
[7.046s][info][gc,heap       ] GC(4) Survivor regions: 2->5(8)
[7.046s][info][gc,heap       ] GC(4) Old regions: 6->6
[7.046s][info][gc,heap       ] GC(4) Humongous regions: 0->0
[7.046s][info][gc,metaspace  ] GC(4) Metaspace: 29565K->29565K(1077248K)
[7.046s][info][gc            ] GC(4) Pause Young (Normal) (G1 Evacuation Pause) 68M->10M(256M) 4.763ms
[7.046s][info][gc,cpu        ] GC(4) User=0.02s Sys=0.01s Real=0.01s
[7.046s][info][safepoint     ] Leaving safepoint region
[7.046s][info][safepoint     ] Total time for which application threads were stopped: 0.0048869 seconds, Stopping threads took: 0.0000096 seconds
[7.100s][info][safepoint     ] Application time: 0.0533866 seconds
[7.100s][info][safepoint     ] Entering safepoint region: Deoptimize
[7.100s][info][safepoint     ] Leaving safepoint region
[7.100s][info][safepoint     ] Total time for which application threads were stopped: 0.0003914 seconds, Stopping threads took: 0.0000119 seconds
[7.120s][info][safepoint     ] Application time: 0.0193706 seconds
[7.120s][info][safepoint     ] Entering safepoint region: Deoptimize
[7.120s][info][safepoint     ] Leaving safepoint region
[7.120s][info][safepoint     ] Total time for which application threads were stopped: 0.0003468 seconds, Stopping threads took: 0.0000092 seconds
[7.122s][info][safepoint     ] Application time: 0.0015459 seconds
[7.122s][info][safepoint     ] Entering safepoint region: RevokeBias
[7.122s][info][safepoint     ] Leaving safepoint region
[7.122s][info][safepoint     ] Total time for which application threads were stopped: 0.0001362 seconds, Stopping threads took: 0.0000460 seconds
[7.236s][info][safepoint     ] Application time: 0.1144041 seconds
[7.236s][info][safepoint     ] Entering safepoint region: Deoptimize
[7.237s][info][safepoint     ] Leaving safepoint region
[7.237s][info][safepoint     ] Total time for which application threads were stopped: 0.0003305 seconds, Stopping threads took: 0.0000111 seconds
[7.243s][info][safepoint     ] Application time: 0.0066690 seconds
[7.243s][info][safepoint     ] Entering safepoint region: Deoptimize
[7.244s][info][safepoint     ] Leaving safepoint region
[7.244s][info][safepoint     ] Total time for which application threads were stopped: 0.0003993 seconds, Stopping threads took: 0.0000119 seconds
[7.251s][info][safepoint     ] Application time: 0.0072063 seconds
[7.251s][info][safepoint     ] Entering safepoint region: Deoptimize
[7.252s][info][safepoint     ] Leaving safepoint region
[7.252s][info][safepoint     ] Total time for which application threads were stopped: 0.0006756 seconds, Stopping threads took: 0.0000217 seconds
[7.323s][info][safepoint     ] Application time: 0.0714726 seconds
[7.323s][info][safepoint     ] Entering safepoint region: Deoptimize
[7.324s][info][safepoint     ] Leaving safepoint region
[7.324s][info][safepoint     ] Total time for which application threads were stopped: 0.0003522 seconds, Stopping threads took: 0.0000103 seconds
[7.349s][info][safepoint     ] Application time: 0.0257724 seconds
[7.349s][info][safepoint     ] Entering safepoint region: RevokeBias
[7.350s][info][safepoint     ] Leaving safepoint region
[7.350s][info][safepoint     ] Total time for which application threads were stopped: 0.0001211 seconds, Stopping threads took: 0.0000508 seconds
[7.440s][info][safepoint     ] Application time: 0.0905757 seconds
[7.441s][info][safepoint     ] Entering safepoint region: CollectForMetadataAllocation
[7.441s][info][gc,start      ] GC(5) Pause Young (Concurrent Start) (Metadata GC Threshold)
[7.441s][info][gc,task       ] GC(5) Using 8 workers of 8 for evacuation
[7.446s][info][gc,phases     ] GC(5)   Pre Evacuate Collection Set: 0.1ms
[7.446s][info][gc,phases     ] GC(5)   Evacuate Collection Set: 3.9ms
[7.446s][info][gc,phases     ] GC(5)   Post Evacuate Collection Set: 0.5ms
[7.446s][info][gc,phases     ] GC(5)   Other: 0.4ms
[7.446s][info][gc,heap       ] GC(5) Eden regions: 29->0(111)
[7.446s][info][gc,heap       ] GC(5) Survivor regions: 5->8(20)
[7.446s][info][gc,heap       ] GC(5) Old regions: 6->6
[7.446s][info][gc,heap       ] GC(5) Humongous regions: 1->0
[7.446s][info][gc,metaspace  ] GC(5) Metaspace: 34755K->34755K(1081344K)
[7.446s][info][gc            ] GC(5) Pause Young (Concurrent Start) (Metadata GC Threshold) 39M->13M(256M) 5.079ms
[7.446s][info][gc,cpu        ] GC(5) User=0.03s Sys=0.00s Real=0.00s
[7.446s][info][safepoint     ] Leaving safepoint region
[7.446s][info][safepoint     ] Total time for which application threads were stopped: 0.0052972 seconds, Stopping threads took: 0.0000313 seconds
[7.446s][info][gc            ] GC(6) Concurrent Cycle
[7.446s][info][gc,marking    ] GC(6) Concurrent Clear Claimed Marks
[7.446s][info][gc,marking    ] GC(6) Concurrent Clear Claimed Marks 0.095ms
[7.446s][info][gc,marking    ] GC(6) Concurrent Scan Root Regions
[7.448s][info][gc,marking    ] GC(6) Concurrent Scan Root Regions 2.393ms
[7.449s][info][gc,marking    ] GC(6) Concurrent Mark (7.449s)
[7.449s][info][gc,marking    ] GC(6) Concurrent Mark From Roots
[7.449s][info][gc,task       ] GC(6) Using 2 workers of 2 for marking
[7.452s][info][gc,marking    ] GC(6) Concurrent Mark From Roots 3.229ms
[7.452s][info][gc,marking    ] GC(6) Concurrent Preclean
[7.452s][info][gc,marking    ] GC(6) Concurrent Preclean 0.035ms
[7.452s][info][gc,marking    ] GC(6) Concurrent Mark (7.449s, 7.452s) 3.328ms
[7.452s][info][safepoint     ] Application time: 0.0060075 seconds
[7.452s][info][safepoint     ] Entering safepoint region: CGC_Operation
[7.452s][info][gc,start      ] GC(6) Pause Remark
[7.454s][info][gc,stringtable] GC(6) Cleaned string and symbol table, strings: 18194 processed, 0 removed, symbols: 122224 processed, 382 removed
[7.454s][info][gc            ] GC(6) Pause Remark 14M->14M(256M) 1.979ms
[7.454s][info][gc,cpu        ] GC(6) User=0.01s Sys=0.00s Real=0.00s
[7.454s][info][safepoint     ] Leaving safepoint region
[7.454s][info][safepoint     ] Total time for which application threads were stopped: 0.0022859 seconds, Stopping threads took: 0.0000399 seconds
[7.454s][info][gc,marking    ] GC(6) Concurrent Rebuild Remembered Sets
[7.457s][info][gc,marking    ] GC(6) Concurrent Rebuild Remembered Sets 2.321ms
[7.457s][info][safepoint     ] Application time: 0.0024303 seconds
[7.457s][info][safepoint     ] Entering safepoint region: CGC_Operation
[7.457s][info][gc,start      ] GC(6) Pause Cleanup
[7.457s][info][gc            ] GC(6) Pause Cleanup 15M->15M(256M) 0.128ms
[7.457s][info][gc,cpu        ] GC(6) User=0.00s Sys=0.00s Real=0.00s
[7.457s][info][safepoint     ] Leaving safepoint region
[7.457s][info][safepoint     ] Total time for which application threads were stopped: 0.0003203 seconds, Stopping threads took: 0.0000873 seconds
[7.457s][info][gc,marking    ] GC(6) Concurrent Cleanup for Next Mark
[7.459s][info][gc,marking    ] GC(6) Concurrent Cleanup for Next Mark 2.174ms
[7.459s][info][gc            ] GC(6) Concurrent Cycle 13.364ms
[7.462s][info][safepoint     ] Application time: 0.0051477 seconds
[7.463s][info][safepoint     ] Entering safepoint region: RevokeBias
[7.463s][info][safepoint     ] Leaving safepoint region
[7.463s][info][safepoint     ] Total time for which application threads were stopped: 0.0008707 seconds, Stopping threads took: 0.0006859 seconds
[7.487s][info][safepoint     ] Application time: 0.0240970 seconds
[7.487s][info][safepoint     ] Entering safepoint region: Deoptimize
[7.488s][info][safepoint     ] Leaving safepoint region
[7.488s][info][safepoint     ] Total time for which application threads were stopped: 0.0006452 seconds, Stopping threads took: 0.0000340 seconds
[7.515s][info][safepoint     ] Application time: 0.0272931 seconds
[7.515s][info][safepoint     ] Entering safepoint region: Deoptimize
[7.516s][info][safepoint     ] Leaving safepoint region
[7.516s][info][safepoint     ] Total time for which application threads were stopped: 0.0004285 seconds, Stopping threads took: 0.0000105 seconds
[7.568s][info][safepoint     ] Application time: 0.0520051 seconds
[7.568s][info][safepoint     ] Entering safepoint region: RevokeBias
[7.568s][info][safepoint     ] Leaving safepoint region
[7.568s][info][safepoint     ] Total time for which application threads were stopped: 0.0002401 seconds, Stopping threads took: 0.0000114 seconds
[7.585s][info][safepoint     ] Application time: 0.0166281 seconds
[7.585s][info][safepoint     ] Entering safepoint region: RevokeBias
[7.585s][info][safepoint     ] Leaving safepoint region
[7.585s][info][safepoint     ] Total time for which application threads were stopped: 0.0001347 seconds, Stopping threads took: 0.0000286 seconds
[7.587s][info][safepoint     ] Application time: 0.0022986 seconds
[7.587s][info][safepoint     ] Entering safepoint region: RevokeBias
[7.587s][info][safepoint     ] Leaving safepoint region
[7.587s][info][safepoint     ] Total time for which application threads were stopped: 0.0000658 seconds, Stopping threads took: 0.0000094 seconds
[7.605s][info][safepoint     ] Application time: 0.0173285 seconds
[7.605s][info][safepoint     ] Entering safepoint region: RevokeBias
[7.605s][info][safepoint     ] Leaving safepoint region
[7.605s][info][safepoint     ] Total time for which application threads were stopped: 0.0001002 seconds, Stopping threads took: 0.0000107 seconds
[7.605s][info][safepoint     ] Application time: 0.0000175 seconds
[7.605s][info][safepoint     ] Entering safepoint region: RevokeBias
[7.605s][info][safepoint     ] Leaving safepoint region
[7.605s][info][safepoint     ] Total time for which application threads were stopped: 0.0000384 seconds, Stopping threads took: 0.0000077 seconds
[7.673s][info][safepoint     ] Application time: 0.0678296 seconds
[7.673s][info][safepoint     ] Entering safepoint region: Deoptimize
[7.673s][info][safepoint     ] Leaving safepoint region
[7.673s][info][safepoint     ] Total time for which application threads were stopped: 0.0003886 seconds, Stopping threads took: 0.0000107 seconds
[7.685s][info][safepoint     ] Application time: 0.0124170 seconds
[7.686s][info][safepoint     ] Entering safepoint region: Deoptimize
[7.686s][info][safepoint     ] Leaving safepoint region
[7.686s][info][safepoint     ] Total time for which application threads were stopped: 0.0004236 seconds, Stopping threads took: 0.0000099 seconds
[7.783s][info][safepoint     ] Application time: 0.0966838 seconds
[7.783s][info][safepoint     ] Entering safepoint region: RevokeBias
[7.783s][info][safepoint     ] Leaving safepoint region
[7.783s][info][safepoint     ] Total time for which application threads were stopped: 0.0002051 seconds, Stopping threads took: 0.0000286 seconds
[7.855s][info][safepoint     ] Application time: 0.0723610 seconds
[7.855s][info][safepoint     ] Entering safepoint region: RevokeBias
[7.855s][info][safepoint     ] Leaving safepoint region
[7.855s][info][safepoint     ] Total time for which application threads were stopped: 0.0000936 seconds, Stopping threads took: 0.0000133 seconds
[7.855s][info][safepoint     ] Application time: 0.0000391 seconds
[7.855s][info][safepoint     ] Entering safepoint region: RevokeBias
[7.856s][info][safepoint     ] Leaving safepoint region
[7.856s][info][safepoint     ] Total time for which application threads were stopped: 0.0000458 seconds, Stopping threads took: 0.0000070 seconds
[7.858s][info][safepoint     ] Application time: 0.0024945 seconds
[7.858s][info][safepoint     ] Entering safepoint region: RevokeBias
[7.858s][info][safepoint     ] Leaving safepoint region
[7.858s][info][safepoint     ] Total time for which application threads were stopped: 0.0001024 seconds, Stopping threads took: 0.0000144 seconds
[7.859s][info][safepoint     ] Application time: 0.0012400 seconds
[7.859s][info][safepoint     ] Entering safepoint region: RevokeBias
[7.860s][info][safepoint     ] Leaving safepoint region
[7.860s][info][safepoint     ] Total time for which application threads were stopped: 0.0001023 seconds, Stopping threads took: 0.0000378 seconds
[7.860s][info][safepoint     ] Application time: 0.0000681 seconds
[7.860s][info][safepoint     ] Entering safepoint region: RevokeBias
[7.860s][info][safepoint     ] Leaving safepoint region
[7.860s][info][safepoint     ] Total time for which application threads were stopped: 0.0000620 seconds, Stopping threads took: 0.0000238 seconds
[7.860s][info][safepoint     ] Application time: 0.0005002 seconds
[7.860s][info][safepoint     ] Entering safepoint region: RevokeBias
[7.860s][info][safepoint     ] Leaving safepoint region
[7.860s][info][safepoint     ] Total time for which application threads were stopped: 0.0000771 seconds, Stopping threads took: 0.0000115 seconds
[7.860s][info][safepoint     ] Application time: 0.0001367 seconds
[7.860s][info][safepoint     ] Entering safepoint region: RevokeBias
[7.861s][info][safepoint     ] Leaving safepoint region
[7.861s][info][safepoint     ] Total time for which application threads were stopped: 0.0000737 seconds, Stopping threads took: 0.0000083 seconds
[7.861s][info][safepoint     ] Application time: 0.0007730 seconds
[7.861s][info][safepoint     ] Entering safepoint region: RevokeBias
[7.861s][info][safepoint     ] Leaving safepoint region
[7.861s][info][safepoint     ] Total time for which application threads were stopped: 0.0000915 seconds, Stopping threads took: 0.0000123 seconds
[7.863s][info][safepoint     ] Application time: 0.0012692 seconds
[7.863s][info][safepoint     ] Entering safepoint region: RevokeBias
[7.863s][info][safepoint     ] Leaving safepoint region
[7.863s][info][safepoint     ] Total time for which application threads were stopped: 0.0001305 seconds, Stopping threads took: 0.0000672 seconds
[7.864s][info][safepoint     ] Application time: 0.0011543 seconds
[7.864s][info][safepoint     ] Entering safepoint region: RevokeBias
[7.864s][info][safepoint     ] Leaving safepoint region
[7.864s][info][safepoint     ] Total time for which application threads were stopped: 0.0001089 seconds, Stopping threads took: 0.0000547 seconds
[7.866s][info][safepoint     ] Application time: 0.0013065 seconds
[7.866s][info][safepoint     ] Entering safepoint region: RevokeBias
[7.866s][info][safepoint     ] Leaving safepoint region
[7.866s][info][safepoint     ] Total time for which application threads were stopped: 0.0000816 seconds, Stopping threads took: 0.0000236 seconds
[7.866s][info][safepoint     ] Application time: 0.0001132 seconds
[7.866s][info][safepoint     ] Entering safepoint region: RevokeBias
[7.866s][info][safepoint     ] Leaving safepoint region
[7.866s][info][safepoint     ] Total time for which application threads were stopped: 0.0000561 seconds, Stopping threads took: 0.0000241 seconds
[7.866s][info][safepoint     ] Application time: 0.0001338 seconds
[7.866s][info][safepoint     ] Entering safepoint region: RevokeBias
[7.866s][info][safepoint     ] Leaving safepoint region
[7.866s][info][safepoint     ] Total time for which application threads were stopped: 0.0000820 seconds, Stopping threads took: 0.0000177 seconds
[7.872s][info][safepoint     ] Application time: 0.0058728 seconds
[7.872s][info][safepoint     ] Entering safepoint region: RevokeBias
[7.872s][info][safepoint     ] Leaving safepoint region
[7.872s][info][safepoint     ] Total time for which application threads were stopped: 0.0001316 seconds, Stopping threads took: 0.0000531 seconds
[7.872s][info][safepoint     ] Application time: 0.0002319 seconds
[7.872s][info][safepoint     ] Entering safepoint region: RevokeBias
[7.872s][info][safepoint     ] Leaving safepoint region
[7.873s][info][safepoint     ] Total time for which application threads were stopped: 0.0001019 seconds, Stopping threads took: 0.0000157 seconds
[17.125s][info][safepoint     ] Application time: 9.2523167 seconds
[17.125s][info][safepoint     ] Entering safepoint region: RevokeBias
[17.125s][info][safepoint     ] Leaving safepoint region
[17.125s][info][safepoint     ] Total time for which application threads were stopped: 0.0001584 seconds, Stopping threads took: 0.0000303 seconds
[17.125s][info][safepoint     ] Application time: 0.0001052 seconds
[17.125s][info][safepoint     ] Entering safepoint region: RevokeBias
[17.125s][info][safepoint     ] Leaving safepoint region
[17.125s][info][safepoint     ] Total time for which application threads were stopped: 0.0001501 seconds, Stopping threads took: 0.0000214 seconds
[17.126s][info][safepoint     ] Application time: 0.0008434 seconds
[17.126s][info][safepoint     ] Entering safepoint region: RevokeBias
[17.127s][info][safepoint     ] Leaving safepoint region
[17.127s][info][safepoint     ] Total time for which application threads were stopped: 0.0002601 seconds, Stopping threads took: 0.0000504 seconds
[17.127s][info][safepoint     ] Application time: 0.0004085 seconds
[17.127s][info][safepoint     ] Entering safepoint region: RevokeBias
[17.127s][info][safepoint     ] Leaving safepoint region
[17.127s][info][safepoint     ] Total time for which application threads were stopped: 0.0001716 seconds, Stopping threads took: 0.0000234 seconds
[17.127s][info][safepoint     ] Application time: 0.0001248 seconds
[17.128s][info][safepoint     ] Entering safepoint region: RevokeBias
[17.128s][info][safepoint     ] Leaving safepoint region
[17.128s][info][safepoint     ] Total time for which application threads were stopped: 0.0001481 seconds, Stopping threads took: 0.0000161 seconds
[27.803s][info][safepoint     ] Application time: 10.6753545 seconds
[27.803s][info][safepoint     ] Entering safepoint region: G1CollectForAllocation
[27.804s][info][gc,start      ] GC(7) Pause Young (Concurrent Start) (G1 Humongous Allocation)
[27.804s][info][gc,task       ] GC(7) Using 8 workers of 8 for evacuation
[27.819s][info][gc,phases     ] GC(7)   Pre Evacuate Collection Set: 0.3ms
[27.820s][info][gc,phases     ] GC(7)   Evacuate Collection Set: 14.2ms
[27.820s][info][gc,phases     ] GC(7)   Post Evacuate Collection Set: 1.0ms
[27.820s][info][gc,phases     ] GC(7)   Other: 0.5ms
[27.820s][info][gc,heap       ] GC(7) Eden regions: 32->0(128)
[27.820s][info][gc,heap       ] GC(7) Survivor regions: 8->10(15)
[27.820s][info][gc,heap       ] GC(7) Old regions: 6->6
[27.820s][info][gc,heap       ] GC(7) Humongous regions: 0->0
[27.820s][info][gc,metaspace  ] GC(7) Metaspace: 38641K->38641K(1085440K)
[27.820s][info][gc            ] GC(7) Pause Young (Concurrent Start) (G1 Humongous Allocation) 44M->14M(256M) 16.257ms
[27.820s][info][gc,cpu        ] GC(7) User=0.11s Sys=0.01s Real=0.02s
[27.820s][info][safepoint     ] Leaving safepoint region
[27.820s][info][safepoint     ] Total time for which application threads were stopped: 0.0166208 seconds, Stopping threads took: 0.0000531 seconds
[27.820s][info][gc            ] GC(8) Concurrent Cycle
[27.820s][info][gc,marking    ] GC(8) Concurrent Clear Claimed Marks
[27.820s][info][gc,marking    ] GC(8) Concurrent Clear Claimed Marks 0.138ms
[27.820s][info][gc,marking    ] GC(8) Concurrent Scan Root Regions
[27.826s][info][gc,marking    ] GC(8) Concurrent Scan Root Regions 5.496ms
[27.826s][info][gc,marking    ] GC(8) Concurrent Mark (27.826s)
[27.826s][info][gc,marking    ] GC(8) Concurrent Mark From Roots
[27.826s][info][gc,task       ] GC(8) Using 2 workers of 2 for marking
[27.830s][info][gc,marking    ] GC(8) Concurrent Mark From Roots 4.395ms
[27.830s][info][gc,marking    ] GC(8) Concurrent Preclean
[27.830s][info][gc,marking    ] GC(8) Concurrent Preclean 0.046ms
[27.830s][info][gc,marking    ] GC(8) Concurrent Mark (27.826s, 27.830s) 4.521ms
[27.830s][info][safepoint     ] Application time: 0.0103404 seconds
[27.949s][info][safepoint     ] Entering safepoint region: CGC_Operation
[27.949s][info][gc,start      ] GC(8) Pause Remark
[27.951s][info][gc,stringtable] GC(8) Cleaned string and symbol table, strings: 20169 processed, 1 removed, symbols: 132276 processed, 103 removed
[27.952s][info][gc            ] GC(8) Pause Remark 206M->206M(256M) 2.320ms
[27.952s][info][gc,cpu        ] GC(8) User=0.01s Sys=0.00s Real=0.00s
[27.952s][info][safepoint     ] Leaving safepoint region
[27.952s][info][safepoint     ] Total time for which application threads were stopped: 0.1214120 seconds, Stopping threads took: 0.1189697 seconds
[27.952s][info][gc,marking    ] GC(8) Concurrent Rebuild Remembered Sets
[27.954s][info][gc,marking    ] GC(8) Concurrent Rebuild Remembered Sets 2.174ms
[27.954s][info][safepoint     ] Application time: 0.0022430 seconds
[27.954s][info][safepoint     ] Entering safepoint region: CGC_Operation
[27.954s][info][gc,start      ] GC(8) Pause Cleanup
[27.954s][info][gc            ] GC(8) Pause Cleanup 206M->206M(256M) 0.077ms
[27.954s][info][gc,cpu        ] GC(8) User=0.00s Sys=0.00s Real=0.00s
[27.954s][info][safepoint     ] Leaving safepoint region
[27.954s][info][safepoint     ] Total time for which application threads were stopped: 0.0002471 seconds, Stopping threads took: 0.0000110 seconds
[27.954s][info][gc,marking    ] GC(8) Concurrent Cleanup for Next Mark
[27.955s][info][gc,marking    ] GC(8) Concurrent Cleanup for Next Mark 0.431ms
[27.955s][info][gc            ] GC(8) Concurrent Cycle 134.787ms
[27.958s][info][safepoint     ] Application time: 0.0040290 seconds
[27.958s][info][safepoint     ] Entering safepoint region: G1CollectForAllocation
[27.958s][info][gc,start      ] GC(9) Pause Young (Concurrent Start) (G1 Humongous Allocation)
[27.958s][info][gc,task       ] GC(9) Using 8 workers of 8 for evacuation
[27.964s][info][gc,phases     ] GC(9)   Pre Evacuate Collection Set: 0.1ms
[27.965s][info][gc,phases     ] GC(9)   Evacuate Collection Set: 5.3ms
[27.965s][info][gc,phases     ] GC(9)   Post Evacuate Collection Set: 0.6ms
[27.965s][info][gc,phases     ] GC(9)   Other: 0.2ms
[27.965s][info][gc,heap       ] GC(9) Eden regions: 1->0(141)
[27.965s][info][gc,heap       ] GC(9) Survivor regions: 10->9(18)
[27.965s][info][gc,heap       ] GC(9) Old regions: 6->6
[27.965s][info][gc,heap       ] GC(9) Humongous regions: 191->0
[27.965s][info][gc,metaspace  ] GC(9) Metaspace: 38643K->38643K(1085440K)
[27.965s][info][gc            ] GC(9) Pause Young (Concurrent Start) (G1 Humongous Allocation) 206M->14M(256M) 6.230ms
[27.965s][info][gc,cpu        ] GC(9) User=0.04s Sys=0.00s Real=0.00s
[27.965s][info][safepoint     ] Leaving safepoint region
[27.965s][info][gc            ] GC(10) Concurrent Cycle
[27.965s][info][safepoint     ] Total time for which application threads were stopped: 0.0064478 seconds, Stopping threads took: 0.0000144 seconds
[27.965s][info][gc,marking    ] GC(10) Concurrent Clear Claimed Marks
[27.965s][info][gc,marking    ] GC(10) Concurrent Clear Claimed Marks 0.221ms
[27.965s][info][gc,marking    ] GC(10) Concurrent Scan Root Regions
[27.968s][info][gc,marking    ] GC(10) Concurrent Scan Root Regions 2.876ms
[27.968s][info][gc,marking    ] GC(10) Concurrent Mark (27.968s)
[27.968s][info][gc,marking    ] GC(10) Concurrent Mark From Roots
[27.968s][info][gc,task       ] GC(10) Using 2 workers of 2 for marking
[27.971s][info][gc,marking    ] GC(10) Concurrent Mark From Roots 2.919ms
[27.971s][info][gc,marking    ] GC(10) Concurrent Preclean
[27.971s][info][gc,marking    ] GC(10) Concurrent Preclean 0.032ms
[27.971s][info][gc,marking    ] GC(10) Concurrent Mark (27.968s, 27.971s) 3.038ms
[27.971s][info][safepoint     ] Application time: 0.0062668 seconds
[27.981s][info][safepoint     ] Entering safepoint region: CGC_Operation
[27.981s][info][gc,start      ] GC(10) Pause Remark
[27.983s][info][gc,stringtable] GC(10) Cleaned string and symbol table, strings: 20169 processed, 0 removed, symbols: 132173 processed, 0 removed
[27.983s][info][gc            ] GC(10) Pause Remark 206M->206M(256M) 1.985ms
[27.983s][info][gc,cpu        ] GC(10) User=0.01s Sys=0.00s Real=0.00s
[27.983s][info][safepoint     ] Leaving safepoint region
[27.983s][info][safepoint     ] Total time for which application threads were stopped: 0.0122746 seconds, Stopping threads took: 0.0101044 seconds
[27.983s][info][gc,marking    ] GC(10) Concurrent Rebuild Remembered Sets
[27.986s][info][gc,marking    ] GC(10) Concurrent Rebuild Remembered Sets 2.254ms
[27.986s][info][safepoint     ] Application time: 0.0023331 seconds
[27.986s][info][safepoint     ] Entering safepoint region: CGC_Operation
[27.986s][info][gc,start      ] GC(10) Pause Cleanup
[27.986s][info][gc            ] GC(10) Pause Cleanup 206M->206M(256M) 0.135ms
[27.986s][info][gc,cpu        ] GC(10) User=0.00s Sys=0.00s Real=0.00s
[27.986s][info][safepoint     ] Leaving safepoint region
[27.986s][info][safepoint     ] Total time for which application threads were stopped: 0.0003029 seconds, Stopping threads took: 0.0000129 seconds
[27.986s][info][gc,marking    ] GC(10) Concurrent Cleanup for Next Mark
[27.986s][info][gc,marking    ] GC(10) Concurrent Cleanup for Next Mark 0.422ms
[27.986s][info][gc            ] GC(10) Concurrent Cycle 21.760ms
[27.990s][info][safepoint     ] Application time: 0.0038411 seconds
[27.990s][info][safepoint     ] Entering safepoint region: G1CollectForAllocation
[27.990s][info][gc,start      ] GC(11) Pause Young (Concurrent Start) (G1 Humongous Allocation)
[27.990s][info][gc,task       ] GC(11) Using 8 workers of 8 for evacuation
[27.996s][info][gc,phases     ] GC(11)   Pre Evacuate Collection Set: 0.1ms
[27.996s][info][gc,phases     ] GC(11)   Evacuate Collection Set: 4.8ms
[27.996s][info][gc,phases     ] GC(11)   Post Evacuate Collection Set: 0.5ms
[27.996s][info][gc,phases     ] GC(11)   Other: 0.2ms
[27.996s][info][gc,heap       ] GC(11) Eden regions: 1->0(131)
[27.996s][info][gc,heap       ] GC(11) Survivor regions: 9->10(19)
[27.996s][info][gc,heap       ] GC(11) Old regions: 6->6
[27.996s][info][gc,heap       ] GC(11) Humongous regions: 191->0
[27.996s][info][gc,metaspace  ] GC(11) Metaspace: 38643K->38643K(1085440K)
[27.996s][info][gc            ] GC(11) Pause Young (Concurrent Start) (G1 Humongous Allocation) 206M->14M(256M) 5.657ms
[27.996s][info][gc,cpu        ] GC(11) User=0.04s Sys=0.00s Real=0.00s
[27.996s][info][safepoint     ] Leaving safepoint region
[27.996s][info][safepoint     ] Total time for which application threads were stopped: 0.0058303 seconds, Stopping threads took: 0.0000162 seconds
[27.996s][info][gc            ] GC(12) Concurrent Cycle
[27.996s][info][gc,marking    ] GC(12) Concurrent Clear Claimed Marks
[27.996s][info][gc,marking    ] GC(12) Concurrent Clear Claimed Marks 0.225ms
[27.996s][info][gc,marking    ] GC(12) Concurrent Scan Root Regions
[27.999s][info][gc,marking    ] GC(12) Concurrent Scan Root Regions 2.960ms
[27.999s][info][gc,marking    ] GC(12) Concurrent Mark (27.999s)
[27.999s][info][gc,marking    ] GC(12) Concurrent Mark From Roots
[27.999s][info][gc,task       ] GC(12) Using 2 workers of 2 for marking
[28.002s][info][gc,marking    ] GC(12) Concurrent Mark From Roots 2.989ms
[28.002s][info][gc,marking    ] GC(12) Concurrent Preclean
[28.002s][info][gc,marking    ] GC(12) Concurrent Preclean 0.033ms
[28.002s][info][gc,marking    ] GC(12) Concurrent Mark (27.999s, 28.002s) 3.091ms
[28.002s][info][safepoint     ] Application time: 0.0064986 seconds
[28.002s][info][safepoint     ] Entering safepoint region: CGC_Operation
[28.002s][info][gc,start      ] GC(12) Pause Remark
[28.004s][info][gc,stringtable] GC(12) Cleaned string and symbol table, strings: 20169 processed, 0 removed, symbols: 132173 processed, 0 removed
[28.004s][info][gc            ] GC(12) Pause Remark 206M->206M(256M) 1.947ms
[28.004s][info][gc,cpu        ] GC(12) User=0.01s Sys=0.00s Real=0.00s
[28.004s][info][safepoint     ] Leaving safepoint region
[28.004s][info][safepoint     ] Total time for which application threads were stopped: 0.0022038 seconds, Stopping threads took: 0.0000937 seconds
[28.004s][info][gc,marking    ] GC(12) Concurrent Rebuild Remembered Sets
[28.007s][info][gc,marking    ] GC(12) Concurrent Rebuild Remembered Sets 2.271ms
[28.007s][info][safepoint     ] Application time: 0.0024252 seconds
[28.007s][info][safepoint     ] Entering safepoint region: CGC_Operation
[28.007s][info][gc,start      ] GC(12) Pause Cleanup
[28.007s][info][gc            ] GC(12) Pause Cleanup 206M->206M(256M) 0.127ms
[28.007s][info][gc,cpu        ] GC(12) User=0.00s Sys=0.00s Real=0.00s
[28.007s][info][safepoint     ] Leaving safepoint region
[28.007s][info][safepoint     ] Total time for which application threads were stopped: 0.0003020 seconds, Stopping threads took: 0.0000142 seconds
[28.007s][info][gc,marking    ] GC(12) Concurrent Cleanup for Next Mark
[28.008s][info][gc,marking    ] GC(12) Concurrent Cleanup for Next Mark 0.252ms
[28.008s][info][gc            ] GC(12) Concurrent Cycle 11.826ms
[28.010s][info][safepoint     ] Application time: 0.0025659 seconds
[28.010s][info][safepoint     ] Entering safepoint region: G1CollectForAllocation
[28.010s][info][gc,start      ] GC(13) Pause Young (Concurrent Start) (G1 Humongous Allocation)
[28.010s][info][gc,task       ] GC(13) Using 8 workers of 8 for evacuation
[28.016s][info][gc,phases     ] GC(13)   Pre Evacuate Collection Set: 0.1ms
[28.017s][info][gc,phases     ] GC(13)   Evacuate Collection Set: 5.6ms
[28.017s][info][gc,phases     ] GC(13)   Post Evacuate Collection Set: 0.7ms
[28.017s][info][gc,phases     ] GC(13)   Other: 0.1ms
[28.017s][info][gc,heap       ] GC(13) Eden regions: 1->0(143)
[28.017s][info][gc,heap       ] GC(13) Survivor regions: 10->10(18)
[28.017s][info][gc,heap       ] GC(13) Old regions: 6->6
[28.017s][info][gc,heap       ] GC(13) Humongous regions: 191->0
[28.017s][info][gc,metaspace  ] GC(13) Metaspace: 38643K->38643K(1085440K)
[28.017s][info][gc            ] GC(13) Pause Young (Concurrent Start) (G1 Humongous Allocation) 206M->14M(256M) 6.818ms
[28.017s][info][gc,cpu        ] GC(13) User=0.04s Sys=0.00s Real=0.01s
[28.017s][info][safepoint     ] Leaving safepoint region
[28.017s][info][safepoint     ] Total time for which application threads were stopped: 0.0069735 seconds, Stopping threads took: 0.0000143 seconds
[28.017s][info][gc            ] GC(14) Concurrent Cycle
[28.017s][info][gc,marking    ] GC(14) Concurrent Clear Claimed Marks
[28.017s][info][gc,marking    ] GC(14) Concurrent Clear Claimed Marks 0.279ms
[28.017s][info][gc,marking    ] GC(14) Concurrent Scan Root Regions
[28.021s][info][gc,marking    ] GC(14) Concurrent Scan Root Regions 3.871ms
[28.021s][info][gc,marking    ] GC(14) Concurrent Mark (28.021s)
[28.021s][info][gc,marking    ] GC(14) Concurrent Mark From Roots
[28.021s][info][gc,task       ] GC(14) Using 2 workers of 2 for marking
[28.026s][info][gc,marking    ] GC(14) Concurrent Mark From Roots 5.276ms
[28.026s][info][gc,marking    ] GC(14) Concurrent Preclean
[28.026s][info][gc,marking    ] GC(14) Concurrent Preclean 0.057ms
[28.026s][info][gc,marking    ] GC(14) Concurrent Mark (28.021s, 28.026s) 5.426ms
[28.027s][info][safepoint     ] Application time: 0.0097699 seconds
[28.027s][info][safepoint     ] Entering safepoint region: CGC_Operation
[28.027s][info][gc,start      ] GC(14) Pause Remark
[28.030s][info][gc,stringtable] GC(14) Cleaned string and symbol table, strings: 20170 processed, 0 removed, symbols: 132173 processed, 0 removed
[28.030s][info][gc            ] GC(14) Pause Remark 206M->206M(256M) 2.771ms
[28.030s][info][gc,cpu        ] GC(14) User=0.01s Sys=0.00s Real=0.00s
[28.030s][info][safepoint     ] Leaving safepoint region
[28.030s][info][safepoint     ] Total time for which application threads were stopped: 0.0035220 seconds, Stopping threads took: 0.0006469 seconds
[28.030s][info][gc,marking    ] GC(14) Concurrent Rebuild Remembered Sets
[28.032s][info][gc,marking    ] GC(14) Concurrent Rebuild Remembered Sets 2.259ms
[28.032s][info][safepoint     ] Application time: 0.0023787 seconds
[28.032s][info][safepoint     ] Entering safepoint region: CGC_Operation
[28.033s][info][gc,start      ] GC(14) Pause Cleanup
[28.033s][info][gc            ] GC(14) Pause Cleanup 206M->206M(256M) 0.098ms
[28.033s][info][gc,cpu        ] GC(14) User=0.00s Sys=0.00s Real=0.00s
[28.033s][info][safepoint     ] Leaving safepoint region
[28.033s][info][safepoint     ] Total time for which application threads were stopped: 0.0002702 seconds, Stopping threads took: 0.0000307 seconds
[28.033s][info][gc,marking    ] GC(14) Concurrent Cleanup for Next Mark
[28.033s][info][gc,marking    ] GC(14) Concurrent Cleanup for Next Mark 0.515ms
[28.033s][info][gc            ] GC(14) Concurrent Cycle 16.533ms
[28.035s][info][safepoint     ] Application time: 0.0025710 seconds
[28.035s][info][safepoint     ] Entering safepoint region: G1CollectForAllocation
[28.035s][info][gc,start      ] GC(15) Pause Young (Concurrent Start) (G1 Humongous Allocation)
[28.035s][info][gc,task       ] GC(15) Using 8 workers of 8 for evacuation
[28.042s][info][gc,phases     ] GC(15)   Pre Evacuate Collection Set: 0.1ms
[28.043s][info][gc,phases     ] GC(15)   Evacuate Collection Set: 6.3ms
[28.043s][info][gc,phases     ] GC(15)   Post Evacuate Collection Set: 0.5ms
[28.043s][info][gc,phases     ] GC(15)   Other: 0.1ms
[28.043s][info][gc,heap       ] GC(15) Eden regions: 1->0(144)
[28.043s][info][gc,heap       ] GC(15) Survivor regions: 10->9(20)
[28.043s][info][gc,heap       ] GC(15) Old regions: 6->6
[28.043s][info][gc,heap       ] GC(15) Humongous regions: 191->0
[28.043s][info][gc,metaspace  ] GC(15) Metaspace: 38643K->38643K(1085440K)
[28.043s][info][gc            ] GC(15) Pause Young (Concurrent Start) (G1 Humongous Allocation) 206M->14M(256M) 7.177ms
[28.043s][info][gc,cpu        ] GC(15) User=0.03s Sys=0.00s Real=0.01s
[28.043s][info][safepoint     ] Leaving safepoint region
[28.043s][info][safepoint     ] Total time for which application threads were stopped: 0.0072989 seconds, Stopping threads took: 0.0000094 seconds
[28.043s][info][gc            ] GC(16) Concurrent Cycle
[28.043s][info][gc,marking    ] GC(16) Concurrent Clear Claimed Marks
[28.043s][info][gc,marking    ] GC(16) Concurrent Clear Claimed Marks 0.178ms
[28.043s][info][gc,marking    ] GC(16) Concurrent Scan Root Regions
[28.048s][info][gc,marking    ] GC(16) Concurrent Scan Root Regions 5.521ms
[28.048s][info][gc,marking    ] GC(16) Concurrent Mark (28.048s)
[28.048s][info][gc,marking    ] GC(16) Concurrent Mark From Roots
[28.048s][info][gc,task       ] GC(16) Using 2 workers of 2 for marking
[28.055s][info][gc,marking    ] GC(16) Concurrent Mark From Roots 6.523ms
[28.055s][info][gc,marking    ] GC(16) Concurrent Preclean
[28.055s][info][gc,marking    ] GC(16) Concurrent Preclean 0.077ms
[28.055s][info][gc,marking    ] GC(16) Concurrent Mark (28.048s, 28.055s) 6.763ms
[28.055s][info][safepoint     ] Application time: 0.0127544 seconds
[28.058s][info][safepoint     ] Entering safepoint region: CGC_Operation
[28.059s][info][gc,start      ] GC(16) Pause Remark
[28.060s][info][gc,stringtable] GC(16) Cleaned string and symbol table, strings: 20170 processed, 0 removed, symbols: 132173 processed, 0 removed
[28.061s][info][gc            ] GC(16) Pause Remark 206M->206M(256M) 2.022ms
[28.061s][info][gc,cpu        ] GC(16) User=0.02s Sys=0.00s Real=0.00s
[28.061s][info][safepoint     ] Leaving safepoint region
[28.061s][info][safepoint     ] Total time for which application threads were stopped: 0.0051323 seconds, Stopping threads took: 0.0029814 seconds
[28.061s][info][gc,marking    ] GC(16) Concurrent Rebuild Remembered Sets
[28.063s][info][gc,marking    ] GC(16) Concurrent Rebuild Remembered Sets 2.270ms
[28.063s][info][safepoint     ] Application time: 0.0024152 seconds
[28.063s][info][safepoint     ] Entering safepoint region: CGC_Operation
[28.063s][info][gc,start      ] GC(16) Pause Cleanup
[28.063s][info][gc            ] GC(16) Pause Cleanup 206M->206M(256M) 0.077ms
[28.063s][info][gc,cpu        ] GC(16) User=0.00s Sys=0.00s Real=0.00s
[28.063s][info][safepoint     ] Leaving safepoint region
[28.063s][info][safepoint     ] Total time for which application threads were stopped: 0.0002307 seconds, Stopping threads took: 0.0000230 seconds
[28.063s][info][gc,marking    ] GC(16) Concurrent Cleanup for Next Mark
[28.064s][info][gc,marking    ] GC(16) Concurrent Cleanup for Next Mark 0.274ms
[28.064s][info][gc            ] GC(16) Concurrent Cycle 21.000ms
[28.067s][info][safepoint     ] Application time: 0.0038677 seconds
[28.067s][info][safepoint     ] Entering safepoint region: G1CollectForAllocation
[28.067s][info][gc,start      ] GC(17) Pause Young (Concurrent Start) (G1 Humongous Allocation)
[28.067s][info][gc,task       ] GC(17) Using 8 workers of 8 for evacuation
[28.074s][info][gc,phases     ] GC(17)   Pre Evacuate Collection Set: 0.2ms
[28.074s][info][gc,phases     ] GC(17)   Evacuate Collection Set: 5.6ms
[28.074s][info][gc,phases     ] GC(17)   Post Evacuate Collection Set: 0.5ms
[28.074s][info][gc,phases     ] GC(17)   Other: 0.2ms
[28.074s][info][gc,heap       ] GC(17) Eden regions: 1->0(129)
[28.074s][info][gc,heap       ] GC(17) Survivor regions: 9->10(20)
[28.074s][info][gc,heap       ] GC(17) Old regions: 6->6
[28.074s][info][gc,heap       ] GC(17) Humongous regions: 191->0
[28.074s][info][gc,metaspace  ] GC(17) Metaspace: 38643K->38643K(1085440K)
[28.074s][info][gc            ] GC(17) Pause Young (Concurrent Start) (G1 Humongous Allocation) 206M->14M(256M) 6.505ms
[28.074s][info][gc,cpu        ] GC(17) User=0.04s Sys=0.00s Real=0.00s
[28.074s][info][safepoint     ] Leaving safepoint region
[28.074s][info][safepoint     ] Total time for which application threads were stopped: 0.0067332 seconds, Stopping threads took: 0.0000440 seconds
[28.074s][info][gc            ] GC(18) Concurrent Cycle
[28.074s][info][gc,marking    ] GC(18) Concurrent Clear Claimed Marks
[28.074s][info][gc,marking    ] GC(18) Concurrent Clear Claimed Marks 0.192ms
[28.074s][info][gc,marking    ] GC(18) Concurrent Scan Root Regions
[28.077s][info][gc,marking    ] GC(18) Concurrent Scan Root Regions 2.949ms
[28.077s][info][gc,marking    ] GC(18) Concurrent Mark (28.077s)
[28.077s][info][gc,marking    ] GC(18) Concurrent Mark From Roots
[28.077s][info][gc,task       ] GC(18) Using 2 workers of 2 for marking
[28.080s][info][gc,marking    ] GC(18) Concurrent Mark From Roots 2.997ms
[28.080s][info][gc,marking    ] GC(18) Concurrent Preclean
[28.080s][info][gc,marking    ] GC(18) Concurrent Preclean 0.059ms
[28.080s][info][gc,marking    ] GC(18) Concurrent Mark (28.077s, 28.080s) 3.121ms
[28.080s][info][safepoint     ] Application time: 0.0064944 seconds
[28.081s][info][safepoint     ] Entering safepoint region: CGC_Operation
[28.081s][info][gc,start      ] GC(18) Pause Remark
[28.083s][info][gc,stringtable] GC(18) Cleaned string and symbol table, strings: 20170 processed, 0 removed, symbols: 132173 processed, 0 removed
[28.083s][info][gc            ] GC(18) Pause Remark 206M->206M(256M) 2.303ms
[28.083s][info][gc,cpu        ] GC(18) User=0.02s Sys=0.00s Real=0.00s
[28.083s][info][safepoint     ] Leaving safepoint region
[28.083s][info][safepoint     ] Total time for which application threads were stopped: 0.0027200 seconds, Stopping threads took: 0.0002685 seconds
[28.083s][info][gc,marking    ] GC(18) Concurrent Rebuild Remembered Sets
[28.085s][info][gc,marking    ] GC(18) Concurrent Rebuild Remembered Sets 2.261ms
[28.085s][info][safepoint     ] Application time: 0.0023370 seconds
[28.085s][info][safepoint     ] Entering safepoint region: CGC_Operation
[28.086s][info][gc,start      ] GC(18) Pause Cleanup
[28.086s][info][gc            ] GC(18) Pause Cleanup 206M->206M(256M) 0.099ms
[28.086s][info][gc,cpu        ] GC(18) User=0.00s Sys=0.00s Real=0.00s
[28.086s][info][safepoint     ] Leaving safepoint region
[28.086s][info][safepoint     ] Total time for which application threads were stopped: 0.0002824 seconds, Stopping threads took: 0.0000119 seconds
[28.086s][info][gc,marking    ] GC(18) Concurrent Cleanup for Next Mark
[28.086s][info][gc,marking    ] GC(18) Concurrent Cleanup for Next Mark 0.224ms
[28.086s][info][gc            ] GC(18) Concurrent Cycle 12.140ms
[28.090s][info][safepoint     ] Application time: 0.0039747 seconds
[28.090s][info][safepoint     ] Entering safepoint region: G1CollectForAllocation
[28.090s][info][gc,start      ] GC(19) Pause Young (Concurrent Start) (G1 Humongous Allocation)
[28.090s][info][gc,task       ] GC(19) Using 8 workers of 8 for evacuation
[28.096s][info][gc,phases     ] GC(19)   Pre Evacuate Collection Set: 0.1ms
[28.096s][info][gc,phases     ] GC(19)   Evacuate Collection Set: 5.0ms
[28.096s][info][gc,phases     ] GC(19)   Post Evacuate Collection Set: 0.5ms
[28.096s][info][gc,phases     ] GC(19)   Other: 0.2ms
[28.096s][info][gc,heap       ] GC(19) Eden regions: 1->0(141)
[28.096s][info][gc,heap       ] GC(19) Survivor regions: 10->9(18)
[28.096s][info][gc,heap       ] GC(19) Old regions: 6->6
[28.096s][info][gc,heap       ] GC(19) Humongous regions: 191->0
[28.096s][info][gc,metaspace  ] GC(19) Metaspace: 38643K->38643K(1085440K)
[28.096s][info][gc            ] GC(19) Pause Young (Concurrent Start) (G1 Humongous Allocation) 206M->14M(256M) 5.814ms
[28.096s][info][gc,cpu        ] GC(19) User=0.04s Sys=0.00s Real=0.00s
[28.096s][info][safepoint     ] Leaving safepoint region
[28.096s][info][safepoint     ] Total time for which application threads were stopped: 0.0060376 seconds, Stopping threads took: 0.0000171 seconds
[28.096s][info][gc            ] GC(20) Concurrent Cycle
[28.096s][info][gc,marking    ] GC(20) Concurrent Clear Claimed Marks
[28.096s][info][gc,marking    ] GC(20) Concurrent Clear Claimed Marks 0.136ms
[28.096s][info][gc,marking    ] GC(20) Concurrent Scan Root Regions
[28.099s][info][gc,marking    ] GC(20) Concurrent Scan Root Regions 2.927ms
[28.099s][info][gc,marking    ] GC(20) Concurrent Mark (28.099s)
[28.099s][info][gc,marking    ] GC(20) Concurrent Mark From Roots
[28.099s][info][gc,task       ] GC(20) Using 2 workers of 2 for marking
[28.102s][info][gc,marking    ] GC(20) Concurrent Mark From Roots 3.137ms
[28.102s][info][gc,marking    ] GC(20) Concurrent Preclean
[28.102s][info][gc,marking    ] GC(20) Concurrent Preclean 0.033ms
[28.102s][info][gc,marking    ] GC(20) Concurrent Mark (28.099s, 28.102s) 3.253ms
[28.102s][info][safepoint     ] Application time: 0.0065616 seconds
[28.103s][info][safepoint     ] Entering safepoint region: CGC_Operation
[28.103s][info][gc,start      ] GC(20) Pause Remark
[28.104s][info][gc,stringtable] GC(20) Cleaned string and symbol table, strings: 20170 processed, 0 removed, symbols: 132173 processed, 0 removed
[28.105s][info][gc            ] GC(20) Pause Remark 206M->206M(256M) 1.983ms
[28.105s][info][gc,cpu        ] GC(20) User=0.01s Sys=0.00s Real=0.00s
[28.105s][info][safepoint     ] Leaving safepoint region
[28.105s][info][safepoint     ] Total time for which application threads were stopped: 0.0023682 seconds, Stopping threads took: 0.0002015 seconds
[28.105s][info][gc,marking    ] GC(20) Concurrent Rebuild Remembered Sets
[28.107s][info][gc,marking    ] GC(20) Concurrent Rebuild Remembered Sets 2.117ms
[28.107s][info][safepoint     ] Application time: 0.0022917 seconds
[28.107s][info][safepoint     ] Entering safepoint region: CGC_Operation
[28.107s][info][gc,start      ] GC(20) Pause Cleanup
[28.107s][info][gc            ] GC(20) Pause Cleanup 206M->206M(256M) 0.115ms
[28.107s][info][gc,cpu        ] GC(20) User=0.00s Sys=0.00s Real=0.00s
[28.107s][info][safepoint     ] Leaving safepoint region
[28.107s][info][safepoint     ] Total time for which application threads were stopped: 0.0002365 seconds, Stopping threads took: 0.0000143 seconds
[28.107s][info][gc,marking    ] GC(20) Concurrent Cleanup for Next Mark
[28.108s][info][gc,marking    ] GC(20) Concurrent Cleanup for Next Mark 0.230ms
[28.108s][info][gc            ] GC(20) Concurrent Cycle 11.747ms
[28.110s][info][safepoint     ] Application time: 0.0026485 seconds
[28.110s][info][safepoint     ] Entering safepoint region: G1CollectForAllocation
[28.110s][info][gc,start      ] GC(21) Pause Young (Concurrent Start) (G1 Humongous Allocation)
[28.110s][info][gc,task       ] GC(21) Using 8 workers of 8 for evacuation
[28.116s][info][gc,phases     ] GC(21)   Pre Evacuate Collection Set: 0.1ms
[28.116s][info][gc,phases     ] GC(21)   Evacuate Collection Set: 4.7ms
[28.116s][info][gc,phases     ] GC(21)   Post Evacuate Collection Set: 0.5ms
[28.116s][info][gc,phases     ] GC(21)   Other: 0.1ms
[28.116s][info][gc,heap       ] GC(21) Eden regions: 1->0(128)
[28.116s][info][gc,heap       ] GC(21) Survivor regions: 9->9(19)
[28.116s][info][gc,heap       ] GC(21) Old regions: 6->6
[28.116s][info][gc,heap       ] GC(21) Humongous regions: 191->0
[28.116s][info][gc,metaspace  ] GC(21) Metaspace: 38643K->38643K(1085440K)
[28.116s][info][gc            ] GC(21) Pause Young (Concurrent Start) (G1 Humongous Allocation) 206M->14M(256M) 5.509ms
[28.116s][info][gc,cpu        ] GC(21) User=0.04s Sys=0.01s Real=0.00s
[28.116s][info][safepoint     ] Leaving safepoint region
[28.116s][info][safepoint     ] Total time for which application threads were stopped: 0.0056537 seconds, Stopping threads took: 0.0000112 seconds
[28.116s][info][gc            ] GC(22) Concurrent Cycle
[28.116s][info][gc,marking    ] GC(22) Concurrent Clear Claimed Marks
[28.116s][info][gc,marking    ] GC(22) Concurrent Clear Claimed Marks 0.198ms
[28.116s][info][gc,marking    ] GC(22) Concurrent Scan Root Regions
[28.119s][info][gc,marking    ] GC(22) Concurrent Scan Root Regions 2.942ms
[28.119s][info][gc,marking    ] GC(22) Concurrent Mark (28.119s)
[28.119s][info][gc,marking    ] GC(22) Concurrent Mark From Roots
[28.119s][info][gc,task       ] GC(22) Using 2 workers of 2 for marking
[28.122s][info][gc,marking    ] GC(22) Concurrent Mark From Roots 2.984ms
[28.122s][info][gc,marking    ] GC(22) Concurrent Preclean
[28.122s][info][gc,marking    ] GC(22) Concurrent Preclean 0.035ms
[28.122s][info][gc,marking    ] GC(22) Concurrent Mark (28.119s, 28.122s) 3.112ms
[28.122s][info][safepoint     ] Application time: 0.0063996 seconds
[28.122s][info][safepoint     ] Entering safepoint region: CGC_Operation
[28.123s][info][gc,start      ] GC(22) Pause Remark
[28.124s][info][gc,stringtable] GC(22) Cleaned string and symbol table, strings: 20174 processed, 0 removed, symbols: 132173 processed, 0 removed
[28.124s][info][gc            ] GC(22) Pause Remark 206M->206M(256M) 1.911ms
[28.125s][info][gc,cpu        ] GC(22) User=0.01s Sys=0.00s Real=0.00s
[28.125s][info][safepoint     ] Leaving safepoint region
[28.125s][info][safepoint     ] Total time for which application threads were stopped: 0.0024436 seconds, Stopping threads took: 0.0002982 seconds
[28.125s][info][gc,marking    ] GC(22) Concurrent Rebuild Remembered Sets
[28.127s][info][gc,marking    ] GC(22) Concurrent Rebuild Remembered Sets 2.188ms
[28.127s][info][safepoint     ] Application time: 0.0022489 seconds
[28.127s][info][safepoint     ] Entering safepoint region: CGC_Operation
[28.127s][info][gc,start      ] GC(22) Pause Cleanup
[28.127s][info][gc            ] GC(22) Pause Cleanup 206M->206M(256M) 0.103ms
[28.127s][info][gc,cpu        ] GC(22) User=0.00s Sys=0.00s Real=0.00s
[28.127s][info][safepoint     ] Leaving safepoint region
[28.127s][info][safepoint     ] Total time for which application threads were stopped: 0.0002611 seconds, Stopping threads took: 0.0000149 seconds
[28.127s][info][gc,marking    ] GC(22) Concurrent Cleanup for Next Mark
[28.127s][info][gc,marking    ] GC(22) Concurrent Cleanup for Next Mark 0.285ms
[28.127s][info][gc            ] GC(22) Concurrent Cycle 11.743ms
[28.131s][info][safepoint     ] Application time: 0.0037788 seconds
[28.131s][info][safepoint     ] Entering safepoint region: G1CollectForAllocation
[28.131s][info][gc,start      ] GC(23) Pause Young (Concurrent Start) (G1 Humongous Allocation)
[28.131s][info][gc,task       ] GC(23) Using 8 workers of 8 for evacuation
[28.138s][info][gc,phases     ] GC(23)   Pre Evacuate Collection Set: 0.1ms
[28.138s][info][gc,phases     ] GC(23)   Evacuate Collection Set: 5.5ms
[28.138s][info][gc,phases     ] GC(23)   Post Evacuate Collection Set: 0.5ms
[28.138s][info][gc,phases     ] GC(23)   Other: 0.1ms
[28.138s][info][gc,heap       ] GC(23) Eden regions: 1->0(119)
[28.138s][info][gc,heap       ] GC(23) Survivor regions: 9->9(18)
[28.138s][info][gc,heap       ] GC(23) Old regions: 6->6
[28.138s][info][gc,heap       ] GC(23) Humongous regions: 191->0
[28.138s][info][gc,metaspace  ] GC(23) Metaspace: 38643K->38643K(1085440K)
[28.138s][info][gc            ] GC(23) Pause Young (Concurrent Start) (G1 Humongous Allocation) 206M->14M(256M) 6.443ms
[28.138s][info][gc,cpu        ] GC(23) User=0.04s Sys=0.00s Real=0.01s
[28.138s][info][safepoint     ] Leaving safepoint region
[28.138s][info][safepoint     ] Total time for which application threads were stopped: 0.0067308 seconds, Stopping threads took: 0.0000411 seconds
[28.138s][info][gc            ] GC(24) Concurrent Cycle
[28.138s][info][gc,marking    ] GC(24) Concurrent Clear Claimed Marks
[28.138s][info][gc,marking    ] GC(24) Concurrent Clear Claimed Marks 0.192ms
[28.138s][info][gc,marking    ] GC(24) Concurrent Scan Root Regions
[28.141s][info][gc,marking    ] GC(24) Concurrent Scan Root Regions 2.909ms
[28.141s][info][gc,marking    ] GC(24) Concurrent Mark (28.141s)
[28.141s][info][gc,marking    ] GC(24) Concurrent Mark From Roots
[28.141s][info][gc,task       ] GC(24) Using 2 workers of 2 for marking
[28.144s][info][gc,marking    ] GC(24) Concurrent Mark From Roots 3.145ms
[28.144s][info][gc,marking    ] GC(24) Concurrent Preclean
[28.144s][info][gc,marking    ] GC(24) Concurrent Preclean 0.040ms
[28.144s][info][gc,marking    ] GC(24) Concurrent Mark (28.141s, 28.144s) 3.273ms
[28.144s][info][safepoint     ] Application time: 0.0065576 seconds
[28.144s][info][safepoint     ] Entering safepoint region: CGC_Operation
[28.145s][info][gc,start      ] GC(24) Pause Remark
[28.147s][info][gc,stringtable] GC(24) Cleaned string and symbol table, strings: 20174 processed, 0 removed, symbols: 132173 processed, 0 removed
[28.147s][info][gc            ] GC(24) Pause Remark 206M->206M(256M) 2.106ms
[28.147s][info][gc,cpu        ] GC(24) User=0.01s Sys=0.00s Real=0.01s
[28.147s][info][safepoint     ] Leaving safepoint region
[28.147s][info][safepoint     ] Total time for which application threads were stopped: 0.0025031 seconds, Stopping threads took: 0.0002621 seconds
[28.147s][info][gc,marking    ] GC(24) Concurrent Rebuild Remembered Sets
[28.149s][info][gc,marking    ] GC(24) Concurrent Rebuild Remembered Sets 2.516ms
[28.149s][info][safepoint     ] Application time: 0.0026538 seconds
[28.149s][info][safepoint     ] Entering safepoint region: CGC_Operation
[28.150s][info][gc,start      ] GC(24) Pause Cleanup
[28.150s][info][gc            ] GC(24) Pause Cleanup 206M->206M(256M) 0.131ms
[28.150s][info][gc,cpu        ] GC(24) User=0.00s Sys=0.00s Real=0.00s
[28.150s][info][safepoint     ] Leaving safepoint region
[28.150s][info][safepoint     ] Total time for which application threads were stopped: 0.0003492 seconds, Stopping threads took: 0.0000144 seconds
[28.150s][info][gc,marking    ] GC(24) Concurrent Cleanup for Next Mark
[28.150s][info][gc,marking    ] GC(24) Concurrent Cleanup for Next Mark 0.370ms
[28.150s][info][gc            ] GC(24) Concurrent Cycle 12.645ms
[28.153s][info][safepoint     ] Application time: 0.0031514 seconds
[28.153s][info][safepoint     ] Entering safepoint region: G1CollectForAllocation
[28.153s][info][gc,start      ] GC(25) Pause Young (Concurrent Start) (G1 Humongous Allocation)
[28.153s][info][gc,task       ] GC(25) Using 8 workers of 8 for evacuation
[28.160s][info][gc,phases     ] GC(25)   Pre Evacuate Collection Set: 0.1ms
[28.160s][info][gc,phases     ] GC(25)   Evacuate Collection Set: 5.8ms
[28.160s][info][gc,phases     ] GC(25)   Post Evacuate Collection Set: 0.6ms
[28.160s][info][gc,phases     ] GC(25)   Other: 0.2ms
[28.160s][info][gc,heap       ] GC(25) Eden regions: 1->0(117)
[28.160s][info][gc,heap       ] GC(25) Survivor regions: 9->9(16)
[28.160s][info][gc,heap       ] GC(25) Old regions: 6->7
[28.160s][info][gc,heap       ] GC(25) Humongous regions: 191->0
[28.160s][info][gc,metaspace  ] GC(25) Metaspace: 38643K->38643K(1085440K)
[28.160s][info][gc            ] GC(25) Pause Young (Concurrent Start) (G1 Humongous Allocation) 206M->15M(256M) 6.742ms
[28.160s][info][gc,cpu        ] GC(25) User=0.03s Sys=0.00s Real=0.01s
[28.160s][info][safepoint     ] Leaving safepoint region
[28.160s][info][safepoint     ] Total time for which application threads were stopped: 0.0069319 seconds, Stopping threads took: 0.0000169 seconds
[28.160s][info][gc            ] GC(26) Concurrent Cycle
[28.160s][info][gc,marking    ] GC(26) Concurrent Clear Claimed Marks
[28.160s][info][gc,marking    ] GC(26) Concurrent Clear Claimed Marks 0.127ms
[28.160s][info][gc,marking    ] GC(26) Concurrent Scan Root Regions
[28.163s][info][gc,marking    ] GC(26) Concurrent Scan Root Regions 3.027ms
[28.163s][info][gc,marking    ] GC(26) Concurrent Mark (28.163s)
[28.163s][info][gc,marking    ] GC(26) Concurrent Mark From Roots
[28.163s][info][gc,task       ] GC(26) Using 2 workers of 2 for marking
[28.167s][info][gc,marking    ] GC(26) Concurrent Mark From Roots 3.307ms
[28.167s][info][gc,marking    ] GC(26) Concurrent Preclean
[28.167s][info][gc,marking    ] GC(26) Concurrent Preclean 0.035ms
[28.167s][info][gc,marking    ] GC(26) Concurrent Mark (28.163s, 28.167s) 3.385ms
[28.167s][info][safepoint     ] Application time: 0.0066917 seconds
[28.167s][info][safepoint     ] Entering safepoint region: CGC_Operation
[28.167s][info][gc,start      ] GC(26) Pause Remark
[28.169s][info][gc,stringtable] GC(26) Cleaned string and symbol table, strings: 20174 processed, 0 removed, symbols: 132173 processed, 0 removed
[28.169s][info][gc            ] GC(26) Pause Remark 206M->206M(256M) 2.021ms
[28.169s][info][gc,cpu        ] GC(26) User=0.01s Sys=0.00s Real=0.00s
[28.169s][info][safepoint     ] Leaving safepoint region
[28.169s][info][safepoint     ] Total time for which application threads were stopped: 0.0023111 seconds, Stopping threads took: 0.0000135 seconds
[28.169s][info][gc,marking    ] GC(26) Concurrent Rebuild Remembered Sets
[28.172s][info][gc,marking    ] GC(26) Concurrent Rebuild Remembered Sets 2.556ms
[28.172s][info][safepoint     ] Application time: 0.0026696 seconds
[28.172s][info][safepoint     ] Entering safepoint region: CGC_Operation
[28.172s][info][gc,start      ] GC(26) Pause Cleanup
[28.172s][info][gc            ] GC(26) Pause Cleanup 206M->206M(256M) 0.130ms
[28.172s][info][gc,cpu        ] GC(26) User=0.00s Sys=0.00s Real=0.00s
[28.172s][info][safepoint     ] Leaving safepoint region
[28.172s][info][safepoint     ] Total time for which application threads were stopped: 0.0003396 seconds, Stopping threads took: 0.0000437 seconds
[28.172s][info][gc,marking    ] GC(26) Concurrent Cleanup for Next Mark
[28.172s][info][gc,marking    ] GC(26) Concurrent Cleanup for Next Mark 0.283ms
[28.172s][info][gc            ] GC(26) Concurrent Cycle 12.444ms
[28.352s][info][safepoint     ] Application time: 0.1801180 seconds
[28.352s][info][safepoint     ] Entering safepoint region: G1CollectForAllocation
[28.352s][info][gc,start      ] GC(27) Pause Young (Concurrent Start) (G1 Humongous Allocation)
[28.352s][info][gc,task       ] GC(27) Using 8 workers of 8 for evacuation
[28.361s][info][gc,phases     ] GC(27)   Pre Evacuate Collection Set: 0.1ms
[28.361s][info][gc,phases     ] GC(27)   Evacuate Collection Set: 7.4ms
[28.361s][info][gc,phases     ] GC(27)   Post Evacuate Collection Set: 0.6ms
[28.361s][info][gc,phases     ] GC(27)   Other: 0.3ms
[28.361s][info][gc,heap       ] GC(27) Eden regions: 1->0(157)
[28.361s][info][gc,heap       ] GC(27) Survivor regions: 9->9(16)
[28.361s][info][gc,heap       ] GC(27) Old regions: 7->7
[28.361s][info][gc,heap       ] GC(27) Humongous regions: 382->0
[28.361s][info][gc,metaspace  ] GC(27) Metaspace: 38643K->38643K(1085440K)
[28.361s][info][gc            ] GC(27) Pause Young (Concurrent Start) (G1 Humongous Allocation) 397M->14M(447M) 8.505ms
[28.361s][info][gc,cpu        ] GC(27) User=0.03s Sys=0.00s Real=0.01s
[28.361s][info][gc            ] GC(28) Concurrent Cycle
[28.361s][info][safepoint     ] Leaving safepoint region
[28.361s][info][gc,marking    ] GC(28) Concurrent Clear Claimed Marks
[28.361s][info][safepoint     ] Total time for which application threads were stopped: 0.0087655 seconds, Stopping threads took: 0.0000432 seconds
[28.361s][info][gc,marking    ] GC(28) Concurrent Clear Claimed Marks 0.221ms
[28.361s][info][gc,marking    ] GC(28) Concurrent Scan Root Regions
[28.365s][info][gc,marking    ] GC(28) Concurrent Scan Root Regions 3.953ms
[28.365s][info][gc,marking    ] GC(28) Concurrent Mark (28.365s)
[28.365s][info][gc,marking    ] GC(28) Concurrent Mark From Roots
[28.365s][info][gc,task       ] GC(28) Using 2 workers of 2 for marking
[28.370s][info][gc,marking    ] GC(28) Concurrent Mark From Roots 4.300ms
[28.370s][info][gc,marking    ] GC(28) Concurrent Preclean
[28.370s][info][gc,marking    ] GC(28) Concurrent Preclean 0.044ms
[28.370s][info][gc,marking    ] GC(28) Concurrent Mark (28.365s, 28.370s) 4.436ms
[28.370s][info][safepoint     ] Application time: 0.0086231 seconds
[28.371s][info][safepoint     ] Entering safepoint region: CGC_Operation
[28.371s][info][gc,start      ] GC(28) Pause Remark
[28.374s][info][gc,stringtable] GC(28) Cleaned string and symbol table, strings: 20174 processed, 5 removed, symbols: 132173 processed, 0 removed
[28.374s][info][gc            ] GC(28) Pause Remark 206M->206M(447M) 3.150ms
[28.374s][info][gc,cpu        ] GC(28) User=0.02s Sys=0.00s Real=0.00s
[28.374s][info][safepoint     ] Leaving safepoint region
[28.374s][info][safepoint     ] Total time for which application threads were stopped: 0.0045160 seconds, Stopping threads took: 0.0011724 seconds
[28.374s][info][gc,marking    ] GC(28) Concurrent Rebuild Remembered Sets
[28.377s][info][gc,marking    ] GC(28) Concurrent Rebuild Remembered Sets 2.428ms
[28.377s][info][safepoint     ] Application time: 0.0026191 seconds
[28.377s][info][safepoint     ] Entering safepoint region: CGC_Operation
[28.377s][info][gc,start      ] GC(28) Pause Cleanup
[28.377s][info][gc            ] GC(28) Pause Cleanup 206M->206M(447M) 0.174ms
[28.377s][info][gc,cpu        ] GC(28) User=0.00s Sys=0.00s Real=0.00s
[28.377s][info][safepoint     ] Leaving safepoint region
[28.377s][info][safepoint     ] Total time for which application threads were stopped: 0.0004139 seconds, Stopping threads took: 0.0000464 seconds
[28.377s][info][gc,marking    ] GC(28) Concurrent Cleanup for Next Mark
[28.379s][info][gc,marking    ] GC(28) Concurrent Cleanup for Next Mark 1.581ms
[28.379s][info][gc            ] GC(28) Concurrent Cycle 18.087ms
[28.380s][info][safepoint     ] Application time: 0.0023067 seconds
[28.380s][info][safepoint     ] Entering safepoint region: G1CollectForAllocation
[28.380s][info][gc,start      ] GC(29) Pause Young (Concurrent Start) (G1 Humongous Allocation)
[28.380s][info][gc,task       ] GC(29) Using 8 workers of 8 for evacuation
[28.386s][info][gc,phases     ] GC(29)   Pre Evacuate Collection Set: 0.1ms
[28.386s][info][gc,phases     ] GC(29)   Evacuate Collection Set: 5.6ms
[28.386s][info][gc,phases     ] GC(29)   Post Evacuate Collection Set: 0.5ms
[28.386s][info][gc,phases     ] GC(29)   Other: 0.2ms
[28.386s][info][gc,heap       ] GC(29) Eden regions: 1->0(180)
[28.386s][info][gc,heap       ] GC(29) Survivor regions: 9->9(21)
[28.386s][info][gc,heap       ] GC(29) Old regions: 7->7
[28.386s][info][gc,heap       ] GC(29) Humongous regions: 191->0
[28.386s][info][gc,metaspace  ] GC(29) Metaspace: 38643K->38643K(1085440K)
[28.386s][info][gc            ] GC(29) Pause Young (Concurrent Start) (G1 Humongous Allocation) 206M->14M(447M) 6.440ms
[28.386s][info][gc,cpu        ] GC(29) User=0.04s Sys=0.00s Real=0.00s
[28.386s][info][safepoint     ] Leaving safepoint region
[28.386s][info][gc            ] GC(30) Concurrent Cycle
[28.386s][info][safepoint     ] Total time for which application threads were stopped: 0.0066451 seconds, Stopping threads took: 0.0000167 seconds
[28.386s][info][gc,marking    ] GC(30) Concurrent Clear Claimed Marks
[28.387s][info][gc,marking    ] GC(30) Concurrent Clear Claimed Marks 0.236ms
[28.387s][info][gc,marking    ] GC(30) Concurrent Scan Root Regions
[28.390s][info][gc,marking    ] GC(30) Concurrent Scan Root Regions 3.285ms
[28.390s][info][gc,marking    ] GC(30) Concurrent Mark (28.390s)
[28.390s][info][gc,marking    ] GC(30) Concurrent Mark From Roots
[28.390s][info][gc,task       ] GC(30) Using 2 workers of 2 for marking
[28.395s][info][gc,marking    ] GC(30) Concurrent Mark From Roots 4.587ms
[28.395s][info][gc,marking    ] GC(30) Concurrent Preclean
[28.395s][info][gc,marking    ] GC(30) Concurrent Preclean 0.049ms
[28.395s][info][gc,marking    ] GC(30) Concurrent Mark (28.390s, 28.395s) 4.755ms
[28.395s][info][safepoint     ] Application time: 0.0084673 seconds
[28.395s][info][safepoint     ] Entering safepoint region: CGC_Operation
[28.395s][info][gc,start      ] GC(30) Pause Remark
[28.398s][info][gc,stringtable] GC(30) Cleaned string and symbol table, strings: 20169 processed, 0 removed, symbols: 132173 processed, 0 removed
[28.398s][info][gc            ] GC(30) Pause Remark 206M->206M(447M) 3.048ms
[28.399s][info][gc,cpu        ] GC(30) User=0.01s Sys=0.00s Real=0.01s
[28.399s][info][safepoint     ] Leaving safepoint region
[28.399s][info][safepoint     ] Total time for which application threads were stopped: 0.0037464 seconds, Stopping threads took: 0.0005072 seconds
[28.399s][info][gc,marking    ] GC(30) Concurrent Rebuild Remembered Sets
[28.401s][info][gc,marking    ] GC(30) Concurrent Rebuild Remembered Sets 2.490ms
[28.401s][info][safepoint     ] Application time: 0.0026461 seconds
[28.401s][info][safepoint     ] Entering safepoint region: CGC_Operation
[28.401s][info][gc,start      ] GC(30) Pause Cleanup
[28.402s][info][gc            ] GC(30) Pause Cleanup 206M->206M(447M) 0.159ms
[28.402s][info][gc,cpu        ] GC(30) User=0.00s Sys=0.00s Real=0.00s
[28.402s][info][safepoint     ] Leaving safepoint region
[28.402s][info][safepoint     ] Total time for which application threads were stopped: 0.0003797 seconds, Stopping threads took: 0.0000155 seconds
[28.402s][info][gc,marking    ] GC(30) Concurrent Cleanup for Next Mark
[28.403s][info][gc,marking    ] GC(30) Concurrent Cleanup for Next Mark 1.452ms
[28.403s][info][gc            ] GC(30) Concurrent Cycle 16.889ms
[28.405s][info][safepoint     ] Application time: 0.0032636 seconds
[28.405s][info][safepoint     ] Entering safepoint region: G1CollectForAllocation
[28.405s][info][gc,start      ] GC(31) Pause Young (Concurrent Start) (G1 Humongous Allocation)
[28.405s][info][gc,task       ] GC(31) Using 8 workers of 8 for evacuation
[28.411s][info][gc,phases     ] GC(31)   Pre Evacuate Collection Set: 0.1ms
[28.411s][info][gc,phases     ] GC(31)   Evacuate Collection Set: 4.8ms
[28.411s][info][gc,phases     ] GC(31)   Post Evacuate Collection Set: 0.5ms
[28.411s][info][gc,phases     ] GC(31)   Other: 0.2ms
[28.411s][info][gc,heap       ] GC(31) Eden regions: 1->0(176)
[28.411s][info][gc,heap       ] GC(31) Survivor regions: 9->9(24)
[28.411s][info][gc,heap       ] GC(31) Old regions: 7->7
[28.411s][info][gc,heap       ] GC(31) Humongous regions: 191->0
[28.411s][info][gc,metaspace  ] GC(31) Metaspace: 38643K->38643K(1085440K)
[28.411s][info][gc            ] GC(31) Pause Young (Concurrent Start) (G1 Humongous Allocation) 206M->14M(447M) 5.675ms
[28.411s][info][gc,cpu        ] GC(31) User=0.03s Sys=0.00s Real=0.01s
[28.411s][info][safepoint     ] Leaving safepoint region
[28.411s][info][safepoint     ] Total time for which application threads were stopped: 0.0058750 seconds, Stopping threads took: 0.0000175 seconds
[28.411s][info][gc            ] GC(32) Concurrent Cycle
[28.411s][info][gc,marking    ] GC(32) Concurrent Clear Claimed Marks
[28.411s][info][gc,marking    ] GC(32) Concurrent Clear Claimed Marks 0.208ms
[28.411s][info][gc,marking    ] GC(32) Concurrent Scan Root Regions
[28.414s][info][gc,marking    ] GC(32) Concurrent Scan Root Regions 2.765ms
[28.414s][info][gc,marking    ] GC(32) Concurrent Mark (28.414s)
[28.414s][info][gc,marking    ] GC(32) Concurrent Mark From Roots
[28.414s][info][gc,task       ] GC(32) Using 2 workers of 2 for marking
[28.418s][info][gc,marking    ] GC(32) Concurrent Mark From Roots 4.075ms
[28.418s][info][gc,marking    ] GC(32) Concurrent Preclean
[28.418s][info][gc,marking    ] GC(32) Concurrent Preclean 0.036ms
[28.418s][info][gc,marking    ] GC(32) Concurrent Mark (28.414s, 28.418s) 4.252ms
[28.418s][info][safepoint     ] Application time: 0.0073827 seconds
[28.418s][info][safepoint     ] Entering safepoint region: CGC_Operation
[28.418s][info][gc,start      ] GC(32) Pause Remark
[28.420s][info][gc,stringtable] GC(32) Cleaned string and symbol table, strings: 20169 processed, 0 removed, symbols: 132173 processed, 0 removed
[28.420s][info][gc            ] GC(32) Pause Remark 206M->206M(447M) 2.085ms
[28.420s][info][gc,cpu        ] GC(32) User=0.01s Sys=0.00s Real=0.00s
[28.421s][info][safepoint     ] Leaving safepoint region
[28.421s][info][safepoint     ] Total time for which application threads were stopped: 0.0022748 seconds, Stopping threads took: 0.0000136 seconds
[28.421s][info][gc,marking    ] GC(32) Concurrent Rebuild Remembered Sets
[28.423s][info][gc,marking    ] GC(32) Concurrent Rebuild Remembered Sets 2.746ms
[28.423s][info][safepoint     ] Application time: 0.0028092 seconds
[28.423s][info][safepoint     ] Entering safepoint region: CGC_Operation
[28.423s][info][gc,start      ] GC(32) Pause Cleanup
[28.424s][info][gc            ] GC(32) Pause Cleanup 206M->206M(447M) 0.134ms
[28.424s][info][gc,cpu        ] GC(32) User=0.00s Sys=0.00s Real=0.00s
[28.424s][info][safepoint     ] Leaving safepoint region
[28.424s][info][safepoint     ] Total time for which application threads were stopped: 0.0002547 seconds, Stopping threads took: 0.0000127 seconds
[28.424s][info][gc,marking    ] GC(32) Concurrent Cleanup for Next Mark
[28.424s][info][gc,marking    ] GC(32) Concurrent Cleanup for Next Mark 0.457ms
[28.424s][info][gc            ] GC(32) Concurrent Cycle 13.344ms
[28.444s][info][safepoint     ] Application time: 0.0207103 seconds
[28.444s][info][safepoint     ] Entering safepoint region: G1CollectForAllocation
[28.445s][info][gc,start      ] GC(33) Pause Young (Concurrent Start) (G1 Humongous Allocation)
[28.445s][info][gc,task       ] GC(33) Using 8 workers of 8 for evacuation
[28.450s][info][gc,phases     ] GC(33)   Pre Evacuate Collection Set: 0.1ms
[28.450s][info][gc,phases     ] GC(33)   Evacuate Collection Set: 5.0ms
[28.450s][info][gc,phases     ] GC(33)   Post Evacuate Collection Set: 0.4ms
[28.450s][info][gc,phases     ] GC(33)   Other: 0.2ms
[28.450s][info][gc,heap       ] GC(33) Eden regions: 1->0(229)
[28.450s][info][gc,heap       ] GC(33) Survivor regions: 9->5(24)
[28.450s][info][gc,heap       ] GC(33) Old regions: 7->11
[28.450s][info][gc,heap       ] GC(33) Humongous regions: 382->0
[28.450s][info][gc,metaspace  ] GC(33) Metaspace: 38643K->38643K(1085440K)
[28.450s][info][gc            ] GC(33) Pause Young (Concurrent Start) (G1 Humongous Allocation) 397M->14M(447M) 5.699ms
[28.450s][info][gc,cpu        ] GC(33) User=0.04s Sys=0.00s Real=0.01s
[28.450s][info][safepoint     ] Leaving safepoint region
[28.450s][info][safepoint     ] Total time for which application threads were stopped: 0.0059133 seconds, Stopping threads took: 0.0000180 seconds
[28.450s][info][gc            ] GC(34) Concurrent Cycle
[28.450s][info][gc,marking    ] GC(34) Concurrent Clear Claimed Marks
[28.451s][info][gc,marking    ] GC(34) Concurrent Clear Claimed Marks 0.196ms
[28.451s][info][gc,marking    ] GC(34) Concurrent Scan Root Regions
[28.453s][info][gc,marking    ] GC(34) Concurrent Scan Root Regions 1.936ms
[28.453s][info][gc,marking    ] GC(34) Concurrent Mark (28.453s)
[28.453s][info][gc,marking    ] GC(34) Concurrent Mark From Roots
[28.453s][info][gc,task       ] GC(34) Using 2 workers of 2 for marking
[28.459s][info][gc,marking    ] GC(34) Concurrent Mark From Roots 6.499ms
[28.459s][info][gc,marking    ] GC(34) Concurrent Preclean
[28.459s][info][gc,marking    ] GC(34) Concurrent Preclean 0.038ms
[28.459s][info][gc,marking    ] GC(34) Concurrent Mark (28.453s, 28.459s) 6.601ms
[28.459s][info][safepoint     ] Application time: 0.0088758 seconds
[28.459s][info][safepoint     ] Entering safepoint region: CGC_Operation
[28.459s][info][gc,start      ] GC(34) Pause Remark
[28.461s][info][gc,stringtable] GC(34) Cleaned string and symbol table, strings: 20169 processed, 10 removed, symbols: 132173 processed, 0 removed
[28.461s][info][gc            ] GC(34) Pause Remark 206M->206M(447M) 2.128ms
[28.462s][info][gc,cpu        ] GC(34) User=0.01s Sys=0.00s Real=0.00s
[28.462s][info][safepoint     ] Leaving safepoint region
[28.462s][info][safepoint     ] Total time for which application threads were stopped: 0.0023308 seconds, Stopping threads took: 0.0000137 seconds
[28.462s][info][gc,marking    ] GC(34) Concurrent Rebuild Remembered Sets
[28.467s][info][gc,marking    ] GC(34) Concurrent Rebuild Remembered Sets 5.518ms
[28.467s][info][safepoint     ] Application time: 0.0056772 seconds
[28.470s][info][safepoint     ] Entering safepoint region: CGC_Operation
[28.470s][info][gc,start      ] GC(34) Pause Cleanup
[28.470s][info][gc            ] GC(34) Pause Cleanup 397M->397M(447M) 0.130ms
[28.470s][info][gc,cpu        ] GC(34) User=0.00s Sys=0.00s Real=0.00s
[28.470s][info][safepoint     ] Leaving safepoint region
[28.470s][info][safepoint     ] Total time for which application threads were stopped: 0.0029392 seconds, Stopping threads took: 0.0026519 seconds
[28.470s][info][gc,marking    ] GC(34) Concurrent Cleanup for Next Mark
[28.471s][info][gc,marking    ] GC(34) Concurrent Cleanup for Next Mark 0.524ms
[28.471s][info][gc            ] GC(34) Concurrent Cycle 20.459ms
[28.477s][info][safepoint     ] Application time: 0.0065155 seconds
[28.477s][info][safepoint     ] Entering safepoint region: G1CollectForAllocation
[28.477s][info][gc,start      ] GC(35) Pause Young (Concurrent Start) (G1 Humongous Allocation)
[28.477s][info][gc,task       ] GC(35) Using 8 workers of 8 for evacuation
[28.484s][info][gc,phases     ] GC(35)   Pre Evacuate Collection Set: 0.1ms
[28.484s][info][gc,phases     ] GC(35)   Evacuate Collection Set: 2.7ms
[28.484s][info][gc,phases     ] GC(35)   Post Evacuate Collection Set: 3.7ms
[28.484s][info][gc,phases     ] GC(35)   Other: 0.3ms
[28.484s][info][gc,heap       ] GC(35) Eden regions: 1->0(229)
[28.484s][info][gc,heap       ] GC(35) Survivor regions: 5->2(30)
[28.484s][info][gc,heap       ] GC(35) Old regions: 11->13
[28.484s][info][gc,heap       ] GC(35) Humongous regions: 382->0
[28.484s][info][gc,metaspace  ] GC(35) Metaspace: 38643K->38643K(1085440K)
[28.484s][info][gc            ] GC(35) Pause Young (Concurrent Start) (G1 Humongous Allocation) 397M->14M(916M) 6.784ms
[28.484s][info][gc,cpu        ] GC(35) User=0.02s Sys=0.01s Real=0.00s
[28.484s][info][safepoint     ] Leaving safepoint region
[28.484s][info][safepoint     ] Total time for which application threads were stopped: 0.0070692 seconds, Stopping threads took: 0.0000862 seconds
[28.484s][info][gc            ] GC(36) Concurrent Cycle
[28.484s][info][gc,marking    ] GC(36) Concurrent Clear Claimed Marks
[28.484s][info][gc,marking    ] GC(36) Concurrent Clear Claimed Marks 0.118ms
[28.484s][info][gc,marking    ] GC(36) Concurrent Scan Root Regions
[28.485s][info][gc,marking    ] GC(36) Concurrent Scan Root Regions 1.108ms
[28.485s][info][gc,marking    ] GC(36) Concurrent Mark (28.485s)
[28.485s][info][gc,marking    ] GC(36) Concurrent Mark From Roots
[28.485s][info][gc,task       ] GC(36) Using 2 workers of 2 for marking
[28.494s][info][gc,marking    ] GC(36) Concurrent Mark From Roots 8.583ms
[28.494s][info][gc,marking    ] GC(36) Concurrent Preclean
[28.494s][info][gc,marking    ] GC(36) Concurrent Preclean 0.042ms
[28.494s][info][gc,marking    ] GC(36) Concurrent Mark (28.485s, 28.494s) 8.698ms
[28.494s][info][safepoint     ] Application time: 0.0100696 seconds
[28.494s][info][safepoint     ] Entering safepoint region: CGC_Operation
[28.494s][info][gc,start      ] GC(36) Pause Remark
[28.496s][info][gc,stringtable] GC(36) Cleaned string and symbol table, strings: 20159 processed, 22 removed, symbols: 132173 processed, 0 removed
[28.496s][info][gc            ] GC(36) Pause Remark 206M->206M(916M) 2.084ms
[28.496s][info][gc,cpu        ] GC(36) User=0.01s Sys=0.00s Real=0.00s
[28.496s][info][safepoint     ] Leaving safepoint region
[28.496s][info][safepoint     ] Total time for which application threads were stopped: 0.0023260 seconds, Stopping threads took: 0.0000157 seconds
[28.496s][info][gc,marking    ] GC(36) Concurrent Rebuild Remembered Sets
[28.502s][info][gc,marking    ] GC(36) Concurrent Rebuild Remembered Sets 6.103ms
[28.503s][info][safepoint     ] Application time: 0.0062578 seconds
[28.503s][info][safepoint     ] Entering safepoint region: CGC_Operation
[28.503s][info][gc,start      ] GC(36) Pause Cleanup
[28.503s][info][gc            ] GC(36) Pause Cleanup 397M->397M(916M) 0.202ms
[28.503s][info][gc,cpu        ] GC(36) User=0.00s Sys=0.00s Real=0.00s
[28.503s][info][safepoint     ] Leaving safepoint region
[28.503s][info][safepoint     ] Total time for which application threads were stopped: 0.0004348 seconds, Stopping threads took: 0.0000460 seconds
[28.503s][info][gc,marking    ] GC(36) Concurrent Cleanup for Next Mark
[28.506s][info][gc,marking    ] GC(36) Concurrent Cleanup for Next Mark 2.905ms
[28.506s][info][gc            ] GC(36) Concurrent Cycle 22.030ms
[28.509s][info][safepoint     ] Application time: 0.0055586 seconds
[28.509s][info][safepoint     ] Entering safepoint region: G1CollectForAllocation
[28.509s][info][gc,start      ] GC(37) Pause Young (Concurrent Start) (G1 Humongous Allocation)
[28.509s][info][gc,task       ] GC(37) Using 8 workers of 8 for evacuation
[28.511s][info][gc,phases     ] GC(37)   Pre Evacuate Collection Set: 0.1ms
[28.511s][info][gc,phases     ] GC(37)   Evacuate Collection Set: 1.8ms
[28.511s][info][gc,phases     ] GC(37)   Post Evacuate Collection Set: 0.3ms
[28.511s][info][gc,phases     ] GC(37)   Other: 0.2ms
[28.511s][info][gc,heap       ] GC(37) Eden regions: 1->0(136)
[28.511s][info][gc,heap       ] GC(37) Survivor regions: 2->1(29)
[28.511s][info][gc,heap       ] GC(37) Old regions: 13->15
[28.511s][info][gc,heap       ] GC(37) Humongous regions: 382->0
[28.511s][info][gc,metaspace  ] GC(37) Metaspace: 38643K->38643K(1085440K)
[28.511s][info][gc            ] GC(37) Pause Young (Concurrent Start) (G1 Humongous Allocation) 397M->14M(916M) 2.489ms
[28.511s][info][gc,cpu        ] GC(37) User=0.01s Sys=0.00s Real=0.00s
[28.511s][info][safepoint     ] Leaving safepoint region
[28.511s][info][safepoint     ] Total time for which application threads were stopped: 0.0026996 seconds, Stopping threads took: 0.0000165 seconds
[28.511s][info][gc            ] GC(38) Concurrent Cycle
[28.511s][info][gc,marking    ] GC(38) Concurrent Clear Claimed Marks
[28.512s][info][gc,marking    ] GC(38) Concurrent Clear Claimed Marks 0.185ms
[28.512s][info][gc,marking    ] GC(38) Concurrent Scan Root Regions
[28.512s][info][gc,marking    ] GC(38) Concurrent Scan Root Regions 0.156ms
[28.512s][info][gc,marking    ] GC(38) Concurrent Mark (28.512s)
[28.512s][info][gc,marking    ] GC(38) Concurrent Mark From Roots
[28.512s][info][gc,task       ] GC(38) Using 2 workers of 2 for marking
[28.522s][info][gc,marking    ] GC(38) Concurrent Mark From Roots 10.119ms
[28.522s][info][gc,marking    ] GC(38) Concurrent Preclean
[28.522s][info][gc,marking    ] GC(38) Concurrent Preclean 0.043ms
[28.522s][info][gc,marking    ] GC(38) Concurrent Mark (28.512s, 28.522s) 10.228ms
[28.522s][info][safepoint     ] Application time: 0.0107104 seconds
[28.522s][info][safepoint     ] Entering safepoint region: CGC_Operation
[28.522s][info][gc,start      ] GC(38) Pause Remark
[28.524s][info][gc,stringtable] GC(38) Cleaned string and symbol table, strings: 20149 processed, 26 removed, symbols: 132173 processed, 0 removed
[28.524s][info][gc            ] GC(38) Pause Remark 206M->206M(916M) 2.196ms
[28.524s][info][gc,cpu        ] GC(38) User=0.02s Sys=0.00s Real=0.00s
[28.525s][info][safepoint     ] Leaving safepoint region
[28.525s][info][safepoint     ] Total time for which application threads were stopped: 0.0024349 seconds, Stopping threads took: 0.0000132 seconds
[28.525s][info][gc,marking    ] GC(38) Concurrent Rebuild Remembered Sets
[28.532s][info][gc,marking    ] GC(38) Concurrent Rebuild Remembered Sets 7.113ms
[28.532s][info][safepoint     ] Application time: 0.0072267 seconds
[28.532s][info][safepoint     ] Entering safepoint region: CGC_Operation
[28.532s][info][gc,start      ] GC(38) Pause Cleanup
[28.532s][info][gc            ] GC(38) Pause Cleanup 397M->397M(916M) 0.194ms
[28.532s][info][gc,cpu        ] GC(38) User=0.00s Sys=0.00s Real=0.00s
[28.532s][info][safepoint     ] Leaving safepoint region
[28.532s][info][safepoint     ] Total time for which application threads were stopped: 0.0003734 seconds, Stopping threads took: 0.0000141 seconds
[28.532s][info][gc,marking    ] GC(38) Concurrent Cleanup for Next Mark
[28.535s][info][gc,marking    ] GC(38) Concurrent Cleanup for Next Mark 2.472ms
[28.535s][info][gc            ] GC(38) Concurrent Cycle 23.242ms
[28.537s][info][safepoint     ] Application time: 0.0051107 seconds
[28.537s][info][safepoint     ] Entering safepoint region: G1CollectForAllocation
[28.537s][info][gc,start      ] GC(39) Pause Young (Concurrent Start) (G1 Humongous Allocation)
[28.537s][info][gc,task       ] GC(39) Using 8 workers of 8 for evacuation
[28.539s][info][gc,phases     ] GC(39)   Pre Evacuate Collection Set: 0.1ms
[28.539s][info][gc,phases     ] GC(39)   Evacuate Collection Set: 0.9ms
[28.539s][info][gc,phases     ] GC(39)   Post Evacuate Collection Set: 0.3ms
[28.539s][info][gc,phases     ] GC(39)   Other: 0.2ms
[28.539s][info][gc,heap       ] GC(39) Eden regions: 1->0(174)
[28.539s][info][gc,heap       ] GC(39) Survivor regions: 1->1(18)
[28.539s][info][gc,heap       ] GC(39) Old regions: 15->15
[28.539s][info][gc,heap       ] GC(39) Humongous regions: 382->0
[28.539s][info][gc,metaspace  ] GC(39) Metaspace: 38643K->38643K(1085440K)
[28.539s][info][gc            ] GC(39) Pause Young (Concurrent Start) (G1 Humongous Allocation) 397M->14M(916M) 1.685ms
[28.539s][info][gc,cpu        ] GC(39) User=0.00s Sys=0.00s Real=0.00s
[28.539s][info][safepoint     ] Leaving safepoint region
[28.539s][info][safepoint     ] Total time for which application threads were stopped: 0.0018636 seconds, Stopping threads took: 0.0000172 seconds
[28.539s][info][gc            ] GC(40) Concurrent Cycle
[28.539s][info][gc,marking    ] GC(40) Concurrent Clear Claimed Marks
[28.539s][info][gc,marking    ] GC(40) Concurrent Clear Claimed Marks 0.031ms
[28.539s][info][gc,marking    ] GC(40) Concurrent Scan Root Regions
[28.539s][info][gc,marking    ] GC(40) Concurrent Scan Root Regions 0.090ms
[28.539s][info][gc,marking    ] GC(40) Concurrent Mark (28.539s)
[28.539s][info][gc,marking    ] GC(40) Concurrent Mark From Roots
[28.539s][info][gc,task       ] GC(40) Using 2 workers of 2 for marking
[28.549s][info][gc,marking    ] GC(40) Concurrent Mark From Roots 9.758ms
[28.549s][info][gc,marking    ] GC(40) Concurrent Preclean
[28.549s][info][gc,marking    ] GC(40) Concurrent Preclean 0.044ms
[28.549s][info][gc,marking    ] GC(40) Concurrent Mark (28.539s, 28.549s) 9.870ms
[28.549s][info][safepoint     ] Application time: 0.0101275 seconds
[28.549s][info][safepoint     ] Entering safepoint region: CGC_Operation
[28.549s][info][gc,start      ] GC(40) Pause Remark
[28.551s][info][gc,stringtable] GC(40) Cleaned string and symbol table, strings: 20123 processed, 5 removed, symbols: 132173 processed, 0 removed
[28.552s][info][gc            ] GC(40) Pause Remark 206M->206M(916M) 2.174ms
[28.552s][info][gc,cpu        ] GC(40) User=0.01s Sys=0.00s Real=0.00s
[28.552s][info][safepoint     ] Leaving safepoint region
[28.552s][info][safepoint     ] Total time for which application threads were stopped: 0.0023798 seconds, Stopping threads took: 0.0000138 seconds
[28.552s][info][gc,marking    ] GC(40) Concurrent Rebuild Remembered Sets
[28.559s][info][gc,marking    ] GC(40) Concurrent Rebuild Remembered Sets 7.416ms
[28.559s][info][safepoint     ] Application time: 0.0075625 seconds
[28.559s][info][safepoint     ] Entering safepoint region: CGC_Operation
[28.559s][info][gc,start      ] GC(40) Pause Cleanup
[28.560s][info][gc            ] GC(40) Pause Cleanup 397M->397M(916M) 0.160ms
[28.560s][info][gc,cpu        ] GC(40) User=0.00s Sys=0.00s Real=0.00s
[28.560s][info][safepoint     ] Leaving safepoint region
[28.560s][info][safepoint     ] Total time for which application threads were stopped: 0.0003733 seconds, Stopping threads took: 0.0000154 seconds
[28.560s][info][gc,marking    ] GC(40) Concurrent Cleanup for Next Mark
[28.560s][info][gc,marking    ] GC(40) Concurrent Cleanup for Next Mark 0.753ms
[28.560s][info][gc            ] GC(40) Concurrent Cycle 21.248ms
[28.563s][info][safepoint     ] Application time: 0.0035430 seconds
[28.563s][info][safepoint     ] Entering safepoint region: G1CollectForAllocation
[28.563s][info][gc,start      ] GC(41) Pause Young (Concurrent Start) (G1 Humongous Allocation)
[28.563s][info][gc,task       ] GC(41) Using 8 workers of 8 for evacuation
[28.565s][info][gc,phases     ] GC(41)   Pre Evacuate Collection Set: 0.1ms
[28.565s][info][gc,phases     ] GC(41)   Evacuate Collection Set: 1.0ms
[28.565s][info][gc,phases     ] GC(41)   Post Evacuate Collection Set: 0.3ms
[28.565s][info][gc,phases     ] GC(41)   Other: 0.2ms
[28.565s][info][gc,heap       ] GC(41) Eden regions: 1->0(225)
[28.565s][info][gc,heap       ] GC(41) Survivor regions: 1->1(22)
[28.565s][info][gc,heap       ] GC(41) Old regions: 15->15
[28.565s][info][gc,heap       ] GC(41) Humongous regions: 382->0
[28.565s][info][gc,metaspace  ] GC(41) Metaspace: 38643K->38643K(1085440K)
[28.565s][info][gc            ] GC(41) Pause Young (Concurrent Start) (G1 Humongous Allocation) 397M->14M(916M) 1.703ms
[28.565s][info][gc,cpu        ] GC(41) User=0.00s Sys=0.00s Real=0.00s
[28.565s][info][safepoint     ] Leaving safepoint region
[28.565s][info][safepoint     ] Total time for which application threads were stopped: 0.0018805 seconds, Stopping threads took: 0.0000209 seconds
[28.565s][info][gc            ] GC(42) Concurrent Cycle
[28.565s][info][gc,marking    ] GC(42) Concurrent Clear Claimed Marks
[28.565s][info][gc,marking    ] GC(42) Concurrent Clear Claimed Marks 0.089ms
[28.565s][info][gc,marking    ] GC(42) Concurrent Scan Root Regions
[28.565s][info][gc,marking    ] GC(42) Concurrent Scan Root Regions 0.079ms
[28.565s][info][gc,marking    ] GC(42) Concurrent Mark (28.565s)
[28.565s][info][gc,marking    ] GC(42) Concurrent Mark From Roots
[28.565s][info][gc,task       ] GC(42) Using 2 workers of 2 for marking
[28.579s][info][gc,marking    ] GC(42) Concurrent Mark From Roots 13.356ms
[28.579s][info][gc,marking    ] GC(42) Concurrent Preclean
[28.579s][info][gc,marking    ] GC(42) Concurrent Preclean 0.136ms
[28.579s][info][gc,marking    ] GC(42) Concurrent Mark (28.565s, 28.579s) 13.578ms
[28.579s][info][safepoint     ] Application time: 0.0138494 seconds
[28.579s][info][safepoint     ] Entering safepoint region: CGC_Operation
[28.579s][info][gc,start      ] GC(42) Pause Remark
[28.582s][info][gc,stringtable] GC(42) Cleaned string and symbol table, strings: 20118 processed, 0 removed, symbols: 132173 processed, 0 removed
[28.583s][info][gc            ] GC(42) Pause Remark 206M->206M(916M) 3.398ms
[28.583s][info][gc,cpu        ] GC(42) User=0.02s Sys=0.00s Real=0.00s
[28.583s][info][safepoint     ] Leaving safepoint region
[28.583s][info][safepoint     ] Total time for which application threads were stopped: 0.0036722 seconds, Stopping threads took: 0.0000787 seconds
[28.583s][info][gc,marking    ] GC(42) Concurrent Rebuild Remembered Sets
[28.592s][info][gc,marking    ] GC(42) Concurrent Rebuild Remembered Sets 9.049ms
[28.592s][info][safepoint     ] Application time: 0.0092868 seconds
[28.596s][info][safepoint     ] Entering safepoint region: CGC_Operation
[28.596s][info][gc,start      ] GC(42) Pause Cleanup
[28.597s][info][gc            ] GC(42) Pause Cleanup 397M->397M(916M) 0.124ms
[28.597s][info][gc,cpu        ] GC(42) User=0.00s Sys=0.00s Real=0.00s
[28.597s][info][safepoint     ] Leaving safepoint region
[28.597s][info][safepoint     ] Total time for which application threads were stopped: 0.0045933 seconds, Stopping threads took: 0.0043687 seconds
[28.597s][info][gc,marking    ] GC(42) Concurrent Cleanup for Next Mark
[28.598s][info][gc,marking    ] GC(42) Concurrent Cleanup for Next Mark 1.255ms
[28.598s][info][gc            ] GC(42) Concurrent Cycle 32.777ms
[28.602s][info][safepoint     ] Application time: 0.0051489 seconds
[28.602s][info][safepoint     ] Entering safepoint region: G1CollectForAllocation
[28.602s][info][gc,start      ] GC(43) Pause Young (Concurrent Start) (G1 Humongous Allocation)
[28.602s][info][gc,task       ] GC(43) Using 8 workers of 8 for evacuation
[28.604s][info][gc,phases     ] GC(43)   Pre Evacuate Collection Set: 0.1ms
[28.604s][info][gc,phases     ] GC(43)   Evacuate Collection Set: 1.2ms
[28.604s][info][gc,phases     ] GC(43)   Post Evacuate Collection Set: 0.4ms
[28.604s][info][gc,phases     ] GC(43)   Other: 0.2ms
[28.604s][info][gc,heap       ] GC(43) Eden regions: 1->0(291)
[28.604s][info][gc,heap       ] GC(43) Survivor regions: 1->1(29)
[28.604s][info][gc,heap       ] GC(43) Old regions: 15->15
[28.604s][info][gc,heap       ] GC(43) Humongous regions: 382->0
[28.604s][info][gc,metaspace  ] GC(43) Metaspace: 38643K->38643K(1085440K)
[28.604s][info][gc            ] GC(43) Pause Young (Concurrent Start) (G1 Humongous Allocation) 397M->14M(916M) 2.163ms
[28.604s][info][gc,cpu        ] GC(43) User=0.00s Sys=0.00s Real=0.00s
[28.604s][info][safepoint     ] Leaving safepoint region
[28.604s][info][gc            ] GC(44) Concurrent Cycle
[28.604s][info][safepoint     ] Total time for which application threads were stopped: 0.0023356 seconds, Stopping threads took: 0.0000254 seconds
[28.604s][info][gc,marking    ] GC(44) Concurrent Clear Claimed Marks
[28.604s][info][gc,marking    ] GC(44) Concurrent Clear Claimed Marks 0.100ms
[28.604s][info][gc,marking    ] GC(44) Concurrent Scan Root Regions
[28.604s][info][gc,marking    ] GC(44) Concurrent Scan Root Regions 0.115ms
[28.604s][info][gc,marking    ] GC(44) Concurrent Mark (28.604s)
[28.604s][info][gc,marking    ] GC(44) Concurrent Mark From Roots
[28.604s][info][gc,task       ] GC(44) Using 2 workers of 2 for marking
[28.619s][info][gc,marking    ] GC(44) Concurrent Mark From Roots 14.640ms
[28.619s][info][gc,marking    ] GC(44) Concurrent Preclean
[28.619s][info][gc,marking    ] GC(44) Concurrent Preclean 0.051ms
[28.619s][info][gc,marking    ] GC(44) Concurrent Mark (28.604s, 28.619s) 14.763ms
[28.619s][info][safepoint     ] Application time: 0.0150193 seconds
[28.619s][info][safepoint     ] Entering safepoint region: CGC_Operation
[28.619s][info][gc,start      ] GC(44) Pause Remark
[28.622s][info][gc,stringtable] GC(44) Cleaned string and symbol table, strings: 20118 processed, 0 removed, symbols: 132173 processed, 0 removed
[28.622s][info][gc            ] GC(44) Pause Remark 206M->206M(916M) 3.098ms
[28.622s][info][gc,cpu        ] GC(44) User=0.01s Sys=0.00s Real=0.00s
[28.622s][info][safepoint     ] Leaving safepoint region
[28.622s][info][safepoint     ] Total time for which application threads were stopped: 0.0033314 seconds, Stopping threads took: 0.0000237 seconds
[28.623s][info][gc,marking    ] GC(44) Concurrent Rebuild Remembered Sets
[28.632s][info][gc,marking    ] GC(44) Concurrent Rebuild Remembered Sets 9.617ms
[28.632s][info][safepoint     ] Application time: 0.0097602 seconds
[28.639s][info][safepoint     ] Entering safepoint region: CGC_Operation
[28.639s][info][gc,start      ] GC(44) Pause Cleanup
[28.639s][info][gc            ] GC(44) Pause Cleanup 397M->397M(916M) 0.153ms
[28.639s][info][gc,cpu        ] GC(44) User=0.00s Sys=0.00s Real=0.00s
[28.639s][info][safepoint     ] Leaving safepoint region
[28.639s][info][safepoint     ] Total time for which application threads were stopped: 0.0069531 seconds, Stopping threads took: 0.0065825 seconds
[28.639s][info][gc,marking    ] GC(44) Concurrent Cleanup for Next Mark
[28.640s][info][gc,marking    ] GC(44) Concurrent Cleanup for Next Mark 0.772ms
[28.640s][info][gc            ] GC(44) Concurrent Cycle 35.978ms
[28.646s][info][safepoint     ] Application time: 0.0064324 seconds
[28.646s][info][safepoint     ] Entering safepoint region: G1CollectForAllocation
[28.646s][info][gc,start      ] GC(45) Pause Young (Concurrent Start) (G1 Humongous Allocation)
[28.646s][info][gc,task       ] GC(45) Using 8 workers of 8 for evacuation
[28.647s][info][gc,phases     ] GC(45)   Pre Evacuate Collection Set: 0.1ms
[28.647s][info][gc,phases     ] GC(45)   Evacuate Collection Set: 0.8ms
[28.647s][info][gc,phases     ] GC(45)   Post Evacuate Collection Set: 0.2ms
[28.647s][info][gc,phases     ] GC(45)   Other: 0.1ms
[28.647s][info][gc,heap       ] GC(45) Eden regions: 1->0(376)
[28.647s][info][gc,heap       ] GC(45) Survivor regions: 1->1(37)
[28.647s][info][gc,heap       ] GC(45) Old regions: 15->15
[28.647s][info][gc,heap       ] GC(45) Humongous regions: 382->0
[28.647s][info][gc,metaspace  ] GC(45) Metaspace: 38643K->38643K(1085440K)
[28.647s][info][gc            ] GC(45) Pause Young (Concurrent Start) (G1 Humongous Allocation) 397M->14M(916M) 1.308ms
[28.647s][info][gc,cpu        ] GC(45) User=0.00s Sys=0.00s Real=0.01s
[28.647s][info][safepoint     ] Leaving safepoint region
[28.647s][info][safepoint     ] Total time for which application threads were stopped: 0.0014825 seconds, Stopping threads took: 0.0000145 seconds
[28.647s][info][gc            ] GC(46) Concurrent Cycle
[28.647s][info][gc,marking    ] GC(46) Concurrent Clear Claimed Marks
[28.647s][info][gc,marking    ] GC(46) Concurrent Clear Claimed Marks 0.039ms
[28.647s][info][gc,marking    ] GC(46) Concurrent Scan Root Regions
[28.647s][info][gc,marking    ] GC(46) Concurrent Scan Root Regions 0.055ms
[28.647s][info][gc,marking    ] GC(46) Concurrent Mark (28.647s)
[28.647s][info][gc,marking    ] GC(46) Concurrent Mark From Roots
[28.647s][info][gc,task       ] GC(46) Using 2 workers of 2 for marking
[28.658s][info][gc,marking    ] GC(46) Concurrent Mark From Roots 10.222ms
[28.658s][info][gc,marking    ] GC(46) Concurrent Preclean
[28.658s][info][gc,marking    ] GC(46) Concurrent Preclean 0.046ms
[28.658s][info][gc,marking    ] GC(46) Concurrent Mark (28.647s, 28.658s) 10.336ms
[28.658s][info][safepoint     ] Application time: 0.0105116 seconds
[28.658s][info][safepoint     ] Entering safepoint region: CGC_Operation
[28.658s][info][gc,start      ] GC(46) Pause Remark
[28.660s][info][gc,stringtable] GC(46) Cleaned string and symbol table, strings: 20118 processed, 0 removed, symbols: 132173 processed, 0 removed
[28.660s][info][gc            ] GC(46) Pause Remark 206M->206M(916M) 2.068ms
[28.660s][info][gc,cpu        ] GC(46) User=0.01s Sys=0.00s Real=0.00s
[28.660s][info][safepoint     ] Leaving safepoint region
[28.660s][info][safepoint     ] Total time for which application threads were stopped: 0.0022189 seconds, Stopping threads took: 0.0000148 seconds
[28.660s][info][gc,marking    ] GC(46) Concurrent Rebuild Remembered Sets
[28.667s][info][gc,marking    ] GC(46) Concurrent Rebuild Remembered Sets 7.198ms
[28.667s][info][safepoint     ] Application time: 0.0072913 seconds
[28.667s][info][safepoint     ] Entering safepoint region: CGC_Operation
[28.667s][info][gc,start      ] GC(46) Pause Cleanup
[28.668s][info][gc            ] GC(46) Pause Cleanup 397M->397M(916M) 0.169ms
[28.668s][info][gc,cpu        ] GC(46) User=0.00s Sys=0.00s Real=0.00s
[28.668s][info][safepoint     ] Leaving safepoint region
[28.668s][info][safepoint     ] Total time for which application threads were stopped: 0.0003545 seconds, Stopping threads took: 0.0000142 seconds
[28.668s][info][gc,marking    ] GC(46) Concurrent Cleanup for Next Mark
[28.668s][info][gc,marking    ] GC(46) Concurrent Cleanup for Next Mark 0.763ms
[28.668s][info][gc            ] GC(46) Concurrent Cycle 21.212ms
[28.673s][info][safepoint     ] Application time: 0.0051884 seconds
[28.673s][info][safepoint     ] Entering safepoint region: G1CollectForAllocation
[28.673s][info][gc,start      ] GC(47) Pause Young (Concurrent Start) (G1 Humongous Allocation)
[28.673s][info][gc,task       ] GC(47) Using 8 workers of 8 for evacuation
[28.675s][info][gc,phases     ] GC(47)   Pre Evacuate Collection Set: 0.1ms
[28.675s][info][gc,phases     ] GC(47)   Evacuate Collection Set: 0.9ms
[28.675s][info][gc,phases     ] GC(47)   Post Evacuate Collection Set: 0.3ms
[28.675s][info][gc,phases     ] GC(47)   Other: 0.2ms
[28.675s][info][gc,heap       ] GC(47) Eden regions: 1->0(482)
[28.675s][info][gc,heap       ] GC(47) Survivor regions: 1->1(48)
[28.675s][info][gc,heap       ] GC(47) Old regions: 15->15
[28.675s][info][gc,heap       ] GC(47) Humongous regions: 382->0
[28.675s][info][gc,metaspace  ] GC(47) Metaspace: 38643K->38643K(1085440K)
[28.675s][info][gc            ] GC(47) Pause Young (Concurrent Start) (G1 Humongous Allocation) 397M->14M(916M) 1.599ms
[28.675s][info][gc,cpu        ] GC(47) User=0.00s Sys=0.00s Real=0.00s
[28.675s][info][safepoint     ] Leaving safepoint region
[28.675s][info][safepoint     ] Total time for which application threads were stopped: 0.0018230 seconds, Stopping threads took: 0.0000193 seconds
[28.675s][info][gc            ] GC(48) Concurrent Cycle
[28.675s][info][gc,marking    ] GC(48) Concurrent Clear Claimed Marks
[28.675s][info][gc,marking    ] GC(48) Concurrent Clear Claimed Marks 0.099ms
[28.675s][info][gc,marking    ] GC(48) Concurrent Scan Root Regions
[28.675s][info][gc,marking    ] GC(48) Concurrent Scan Root Regions 0.066ms
[28.675s][info][gc,marking    ] GC(48) Concurrent Mark (28.675s)
[28.675s][info][gc,marking    ] GC(48) Concurrent Mark From Roots
[28.675s][info][gc,task       ] GC(48) Using 2 workers of 2 for marking
[28.685s][info][gc,marking    ] GC(48) Concurrent Mark From Roots 10.088ms
[28.685s][info][gc,marking    ] GC(48) Concurrent Preclean
[28.685s][info][gc,marking    ] GC(48) Concurrent Preclean 0.068ms
[28.685s][info][gc,marking    ] GC(48) Concurrent Mark (28.675s, 28.685s) 10.213ms
[28.685s][info][safepoint     ] Application time: 0.0104909 seconds
[28.685s][info][safepoint     ] Entering safepoint region: CGC_Operation
[28.685s][info][gc,start      ] GC(48) Pause Remark
[28.687s][info][gc,stringtable] GC(48) Cleaned string and symbol table, strings: 20118 processed, 0 removed, symbols: 132173 processed, 0 removed
[28.687s][info][gc            ] GC(48) Pause Remark 206M->206M(916M) 2.198ms
[28.688s][info][gc,cpu        ] GC(48) User=0.01s Sys=0.00s Real=0.01s
[28.688s][info][safepoint     ] Leaving safepoint region
[28.688s][info][safepoint     ] Total time for which application threads were stopped: 0.0023823 seconds, Stopping threads took: 0.0000136 seconds
[28.688s][info][gc,marking    ] GC(48) Concurrent Rebuild Remembered Sets
[28.695s][info][gc,marking    ] GC(48) Concurrent Rebuild Remembered Sets 6.976ms
[28.695s][info][safepoint     ] Application time: 0.0070995 seconds
[28.695s][info][safepoint     ] Entering safepoint region: CGC_Operation
[28.695s][info][gc,start      ] GC(48) Pause Cleanup
[28.695s][info][gc            ] GC(48) Pause Cleanup 397M->397M(916M) 0.205ms
[28.695s][info][gc,cpu        ] GC(48) User=0.00s Sys=0.00s Real=0.00s
[28.695s][info][safepoint     ] Leaving safepoint region
[28.695s][info][safepoint     ] Total time for which application threads were stopped: 0.0004366 seconds, Stopping threads took: 0.0000139 seconds
[28.695s][info][gc,marking    ] GC(48) Concurrent Cleanup for Next Mark
[28.696s][info][gc,marking    ] GC(48) Concurrent Cleanup for Next Mark 0.726ms
[28.696s][info][gc            ] GC(48) Concurrent Cycle 21.145ms
[28.700s][info][safepoint     ] Application time: 0.0050624 seconds
[28.700s][info][safepoint     ] Entering safepoint region: G1CollectForAllocation
[28.700s][info][gc,start      ] GC(49) Pause Young (Concurrent Start) (G1 Humongous Allocation)
[28.700s][info][gc,task       ] GC(49) Using 8 workers of 8 for evacuation
[28.704s][info][gc,phases     ] GC(49)   Pre Evacuate Collection Set: 0.1ms
[28.704s][info][gc,phases     ] GC(49)   Evacuate Collection Set: 1.0ms
[28.704s][info][gc,phases     ] GC(49)   Post Evacuate Collection Set: 2.7ms
[28.704s][info][gc,phases     ] GC(49)   Other: 0.2ms
[28.704s][info][gc,heap       ] GC(49) Eden regions: 1->0(611)
[28.704s][info][gc,heap       ] GC(49) Survivor regions: 1->1(61)
[28.704s][info][gc,heap       ] GC(49) Old regions: 15->15
[28.704s][info][gc,heap       ] GC(49) Humongous regions: 382->0
[28.704s][info][gc,metaspace  ] GC(49) Metaspace: 38643K->38643K(1085440K)
[28.704s][info][gc            ] GC(49) Pause Young (Concurrent Start) (G1 Humongous Allocation) 397M->14M(1227M) 4.054ms
[28.705s][info][gc,cpu        ] GC(49) User=0.01s Sys=0.00s Real=0.00s
[28.705s][info][safepoint     ] Leaving safepoint region
[28.705s][info][gc            ] GC(50) Concurrent Cycle
[28.705s][info][safepoint     ] Total time for which application threads were stopped: 0.0043098 seconds, Stopping threads took: 0.0000157 seconds
[28.705s][info][gc,marking    ] GC(50) Concurrent Clear Claimed Marks
[28.705s][info][gc,marking    ] GC(50) Concurrent Clear Claimed Marks 0.124ms
[28.705s][info][gc,marking    ] GC(50) Concurrent Scan Root Regions
[28.705s][info][gc,marking    ] GC(50) Concurrent Scan Root Regions 0.070ms
[28.705s][info][gc,marking    ] GC(50) Concurrent Mark (28.705s)
[28.705s][info][gc,marking    ] GC(50) Concurrent Mark From Roots
[28.705s][info][gc,task       ] GC(50) Using 2 workers of 2 for marking
[28.716s][info][gc,marking    ] GC(50) Concurrent Mark From Roots 11.307ms
[28.716s][info][gc,marking    ] GC(50) Concurrent Preclean
[28.716s][info][gc,marking    ] GC(50) Concurrent Preclean 0.046ms
[28.716s][info][gc,marking    ] GC(50) Concurrent Mark (28.705s, 28.716s) 11.475ms
[28.716s][info][safepoint     ] Application time: 0.0117171 seconds
[28.722s][info][safepoint     ] Entering safepoint region: CGC_Operation
[28.722s][info][gc,start      ] GC(50) Pause Remark
[28.724s][info][gc,stringtable] GC(50) Cleaned string and symbol table, strings: 20120 processed, 0 removed, symbols: 132173 processed, 0 removed
[28.725s][info][gc            ] GC(50) Pause Remark 397M->397M(1227M) 2.140ms
[28.725s][info][gc,cpu        ] GC(50) User=0.01s Sys=0.00s Real=0.00s
[28.725s][info][safepoint     ] Leaving safepoint region
[28.725s][info][safepoint     ] Total time for which application threads were stopped: 0.0082796 seconds, Stopping threads took: 0.0059181 seconds
[28.725s][info][gc,marking    ] GC(50) Concurrent Rebuild Remembered Sets
[28.732s][info][gc,marking    ] GC(50) Concurrent Rebuild Remembered Sets 7.280ms
[28.732s][info][safepoint     ] Application time: 0.0073768 seconds
[28.869s][info][safepoint     ] Entering safepoint region: CGC_Operation
[28.869s][info][gc,start      ] GC(50) Pause Cleanup
[28.869s][info][gc            ] GC(50) Pause Cleanup 588M->588M(1227M) 0.254ms
[28.869s][info][gc,cpu        ] GC(50) User=0.00s Sys=0.00s Real=0.00s
[28.869s][info][safepoint     ] Leaving safepoint region
[28.869s][info][safepoint     ] Total time for which application threads were stopped: 0.1371212 seconds, Stopping threads took: 0.1367401 seconds
[28.869s][info][gc,marking    ] GC(50) Concurrent Cleanup for Next Mark
[28.872s][info][gc,marking    ] GC(50) Concurrent Cleanup for Next Mark 2.874ms
[28.872s][info][gc            ] GC(50) Concurrent Cycle 167.535ms
[28.876s][info][safepoint     ] Application time: 0.0065450 seconds
[28.876s][info][safepoint     ] Entering safepoint region: G1CollectForAllocation
[28.876s][info][gc,start      ] GC(51) Pause Young (Concurrent Start) (G1 Humongous Allocation)
[28.876s][info][gc,task       ] GC(51) Using 8 workers of 8 for evacuation
[28.878s][info][gc,phases     ] GC(51)   Pre Evacuate Collection Set: 0.1ms
[28.878s][info][gc,phases     ] GC(51)   Evacuate Collection Set: 1.1ms
[28.878s][info][gc,phases     ] GC(51)   Post Evacuate Collection Set: 0.5ms
[28.878s][info][gc,phases     ] GC(51)   Other: 0.2ms
[28.878s][info][gc,heap       ] GC(51) Eden regions: 2->0(735)
[28.878s][info][gc,heap       ] GC(51) Survivor regions: 1->1(77)
[28.878s][info][gc,heap       ] GC(51) Old regions: 15->15
[28.878s][info][gc,heap       ] GC(51) Humongous regions: 573->0
[28.878s][info][gc,metaspace  ] GC(51) Metaspace: 38643K->38643K(1085440K)
[28.878s][info][gc            ] GC(51) Pause Young (Concurrent Start) (G1 Humongous Allocation) 589M->14M(1227M) 1.941ms
[28.878s][info][gc,cpu        ] GC(51) User=0.01s Sys=0.00s Real=0.01s
[28.878s][info][safepoint     ] Leaving safepoint region
[28.878s][info][safepoint     ] Total time for which application threads were stopped: 0.0021347 seconds, Stopping threads took: 0.0000168 seconds
[28.878s][info][gc            ] GC(52) Concurrent Cycle
[28.878s][info][gc,marking    ] GC(52) Concurrent Clear Claimed Marks
[28.878s][info][gc,marking    ] GC(52) Concurrent Clear Claimed Marks 0.050ms
[28.878s][info][gc,marking    ] GC(52) Concurrent Scan Root Regions
[28.878s][info][gc,marking    ] GC(52) Concurrent Scan Root Regions 0.065ms
[28.878s][info][gc,marking    ] GC(52) Concurrent Mark (28.878s)
[28.878s][info][gc,marking    ] GC(52) Concurrent Mark From Roots
[28.878s][info][gc,task       ] GC(52) Using 2 workers of 2 for marking
[28.888s][info][gc,marking    ] GC(52) Concurrent Mark From Roots 9.984ms
[28.888s][info][gc,marking    ] GC(52) Concurrent Preclean
[28.888s][info][gc,marking    ] GC(52) Concurrent Preclean 0.043ms
[28.888s][info][gc,marking    ] GC(52) Concurrent Mark (28.878s, 28.888s) 10.093ms
[28.888s][info][safepoint     ] Application time: 0.0102888 seconds
[28.888s][info][safepoint     ] Entering safepoint region: CGC_Operation
[28.888s][info][gc,start      ] GC(52) Pause Remark
[28.891s][info][gc,stringtable] GC(52) Cleaned string and symbol table, strings: 20120 processed, 0 removed, symbols: 132173 processed, 0 removed
[28.891s][info][gc            ] GC(52) Pause Remark 206M->206M(1227M) 2.713ms
[28.891s][info][gc,cpu        ] GC(52) User=0.01s Sys=0.00s Real=0.00s
[28.891s][info][safepoint     ] Leaving safepoint region
[28.891s][info][safepoint     ] Total time for which application threads were stopped: 0.0029178 seconds, Stopping threads took: 0.0000137 seconds
[28.891s][info][gc,marking    ] GC(52) Concurrent Rebuild Remembered Sets
[28.898s][info][gc,marking    ] GC(52) Concurrent Rebuild Remembered Sets 7.044ms
[28.898s][info][safepoint     ] Application time: 0.0071776 seconds
[28.898s][info][safepoint     ] Entering safepoint region: CGC_Operation
[28.898s][info][gc,start      ] GC(52) Pause Cleanup
[28.899s][info][gc            ] GC(52) Pause Cleanup 397M->397M(1227M) 0.195ms
[28.899s][info][gc,cpu        ] GC(52) User=0.00s Sys=0.00s Real=0.00s
[28.899s][info][safepoint     ] Leaving safepoint region
[28.899s][info][safepoint     ] Total time for which application threads were stopped: 0.0003714 seconds, Stopping threads took: 0.0000151 seconds
[28.899s][info][gc,marking    ] GC(52) Concurrent Cleanup for Next Mark
[28.901s][info][gc,marking    ] GC(52) Concurrent Cleanup for Next Mark 2.658ms
[28.901s][info][gc            ] GC(52) Concurrent Cycle 23.490ms
[28.904s][info][safepoint     ] Application time: 0.0050467 seconds
[28.904s][info][safepoint     ] Entering safepoint region: G1CollectForAllocation
[28.904s][info][gc,start      ] GC(53) Pause Young (Concurrent Start) (G1 Humongous Allocation)
[28.904s][info][gc,task       ] GC(53) Using 8 workers of 8 for evacuation
[28.905s][info][gc,phases     ] GC(53)   Pre Evacuate Collection Set: 0.1ms
[28.905s][info][gc,phases     ] GC(53)   Evacuate Collection Set: 0.8ms
[28.905s][info][gc,phases     ] GC(53)   Post Evacuate Collection Set: 0.4ms
[28.905s][info][gc,phases     ] GC(53)   Other: 0.2ms
[28.905s][info][gc,heap       ] GC(53) Eden regions: 1->0(735)
[28.905s][info][gc,heap       ] GC(53) Survivor regions: 1->1(92)
[28.905s][info][gc,heap       ] GC(53) Old regions: 15->15
[28.905s][info][gc,heap       ] GC(53) Humongous regions: 382->0
[28.905s][info][gc,metaspace  ] GC(53) Metaspace: 38643K->38643K(1085440K)
[28.905s][info][gc            ] GC(53) Pause Young (Concurrent Start) (G1 Humongous Allocation) 397M->14M(1227M) 1.576ms
[28.905s][info][gc,cpu        ] GC(53) User=0.00s Sys=0.00s Real=0.00s
[28.905s][info][safepoint     ] Leaving safepoint region
[28.905s][info][safepoint     ] Total time for which application threads were stopped: 0.0017064 seconds, Stopping threads took: 0.0000178 seconds
[28.906s][info][gc            ] GC(54) Concurrent Cycle
[28.906s][info][gc,marking    ] GC(54) Concurrent Clear Claimed Marks
[28.906s][info][gc,marking    ] GC(54) Concurrent Clear Claimed Marks 0.030ms
[28.906s][info][gc,marking    ] GC(54) Concurrent Scan Root Regions
[28.906s][info][gc,marking    ] GC(54) Concurrent Scan Root Regions 0.064ms
[28.906s][info][gc,marking    ] GC(54) Concurrent Mark (28.906s)
[28.906s][info][gc,marking    ] GC(54) Concurrent Mark From Roots
[28.906s][info][gc,task       ] GC(54) Using 2 workers of 2 for marking
[28.915s][info][gc,marking    ] GC(54) Concurrent Mark From Roots 9.651ms
[28.915s][info][gc,marking    ] GC(54) Concurrent Preclean
[28.915s][info][gc,marking    ] GC(54) Concurrent Preclean 0.042ms
[28.915s][info][gc,marking    ] GC(54) Concurrent Mark (28.906s, 28.915s) 9.816ms
[28.915s][info][safepoint     ] Application time: 0.0100184 seconds
[28.915s][info][safepoint     ] Entering safepoint region: CGC_Operation
[28.916s][info][gc,start      ] GC(54) Pause Remark
[28.917s][info][gc,stringtable] GC(54) Cleaned string and symbol table, strings: 20120 processed, 0 removed, symbols: 132173 processed, 0 removed
[28.918s][info][gc            ] GC(54) Pause Remark 206M->206M(1227M) 2.240ms
[28.918s][info][gc,cpu        ] GC(54) User=0.01s Sys=0.00s Real=0.01s
[28.918s][info][safepoint     ] Leaving safepoint region
[28.918s][info][safepoint     ] Total time for which application threads were stopped: 0.0024486 seconds, Stopping threads took: 0.0000144 seconds
[28.918s][info][gc,marking    ] GC(54) Concurrent Rebuild Remembered Sets
[28.927s][info][gc,marking    ] GC(54) Concurrent Rebuild Remembered Sets 8.617ms
[28.927s][info][safepoint     ] Application time: 0.0087765 seconds
[28.927s][info][safepoint     ] Entering safepoint region: CGC_Operation
[28.927s][info][gc,start      ] GC(54) Pause Cleanup
[28.927s][info][gc            ] GC(54) Pause Cleanup 397M->397M(1227M) 0.185ms
[28.927s][info][gc,cpu        ] GC(54) User=0.00s Sys=0.00s Real=0.00s
[28.927s][info][safepoint     ] Leaving safepoint region
[28.927s][info][safepoint     ] Total time for which application threads were stopped: 0.0004055 seconds, Stopping threads took: 0.0000543 seconds
[28.927s][info][gc,marking    ] GC(54) Concurrent Cleanup for Next Mark
[28.928s][info][gc,marking    ] GC(54) Concurrent Cleanup for Next Mark 1.114ms
[28.928s][info][gc            ] GC(54) Concurrent Cycle 22.802ms
[28.931s][info][safepoint     ] Application time: 0.0035784 seconds
[28.931s][info][safepoint     ] Entering safepoint region: G1CollectForAllocation
[28.931s][info][gc,start      ] GC(55) Pause Young (Concurrent Start) (G1 Humongous Allocation)
[28.931s][info][gc,task       ] GC(55) Using 8 workers of 8 for evacuation
[28.933s][info][gc,phases     ] GC(55)   Pre Evacuate Collection Set: 0.1ms
[28.933s][info][gc,phases     ] GC(55)   Evacuate Collection Set: 1.0ms
[28.933s][info][gc,phases     ] GC(55)   Post Evacuate Collection Set: 0.4ms
[28.933s][info][gc,phases     ] GC(55)   Other: 0.2ms
[28.933s][info][gc,heap       ] GC(55) Eden regions: 1->0(735)
[28.933s][info][gc,heap       ] GC(55) Survivor regions: 1->1(92)
[28.933s][info][gc,heap       ] GC(55) Old regions: 15->15
[28.933s][info][gc,heap       ] GC(55) Humongous regions: 382->0
[28.933s][info][gc,metaspace  ] GC(55) Metaspace: 38643K->38643K(1085440K)
[28.933s][info][gc            ] GC(55) Pause Young (Concurrent Start) (G1 Humongous Allocation) 397M->14M(1227M) 1.788ms
[28.933s][info][gc,cpu        ] GC(55) User=0.01s Sys=0.00s Real=0.00s
[28.933s][info][safepoint     ] Leaving safepoint region
[28.933s][info][safepoint     ] Total time for which application threads were stopped: 0.0020067 seconds, Stopping threads took: 0.0000166 seconds
[28.933s][info][gc            ] GC(56) Concurrent Cycle
[28.933s][info][gc,marking    ] GC(56) Concurrent Clear Claimed Marks
[28.933s][info][gc,marking    ] GC(56) Concurrent Clear Claimed Marks 0.041ms
[28.933s][info][gc,marking    ] GC(56) Concurrent Scan Root Regions
[28.933s][info][gc,marking    ] GC(56) Concurrent Scan Root Regions 0.134ms
[28.933s][info][gc,marking    ] GC(56) Concurrent Mark (28.933s)
[28.933s][info][gc,marking    ] GC(56) Concurrent Mark From Roots
[28.933s][info][gc,task       ] GC(56) Using 2 workers of 2 for marking
[28.943s][info][gc,marking    ] GC(56) Concurrent Mark From Roots 9.811ms
[28.943s][info][gc,marking    ] GC(56) Concurrent Preclean
[28.943s][info][gc,marking    ] GC(56) Concurrent Preclean 0.069ms
[28.943s][info][gc,marking    ] GC(56) Concurrent Mark (28.933s, 28.943s) 10.006ms
[28.943s][info][safepoint     ] Application time: 0.0103185 seconds
[28.943s][info][safepoint     ] Entering safepoint region: CGC_Operation
[28.943s][info][gc,start      ] GC(56) Pause Remark
[28.945s][info][gc,stringtable] GC(56) Cleaned string and symbol table, strings: 20120 processed, 0 removed, symbols: 132173 processed, 0 removed
[28.945s][info][gc            ] GC(56) Pause Remark 206M->206M(1227M) 2.172ms
[28.945s][info][gc,cpu        ] GC(56) User=0.01s Sys=0.01s Real=0.00s
[28.945s][info][safepoint     ] Leaving safepoint region
[28.945s][info][safepoint     ] Total time for which application threads were stopped: 0.0023571 seconds, Stopping threads took: 0.0000130 seconds
[28.946s][info][gc,marking    ] GC(56) Concurrent Rebuild Remembered Sets
[28.953s][info][gc,marking    ] GC(56) Concurrent Rebuild Remembered Sets 7.061ms
[28.953s][info][safepoint     ] Application time: 0.0072018 seconds
[28.953s][info][safepoint     ] Entering safepoint region: CGC_Operation
[28.953s][info][gc,start      ] GC(56) Pause Cleanup
[28.953s][info][gc            ] GC(56) Pause Cleanup 397M->397M(1227M) 0.177ms
[28.953s][info][gc,cpu        ] GC(56) User=0.00s Sys=0.00s Real=0.00s
[28.953s][info][safepoint     ] Leaving safepoint region
[28.953s][info][safepoint     ] Total time for which application threads were stopped: 0.0003674 seconds, Stopping threads took: 0.0000147 seconds
[28.953s][info][gc,marking    ] GC(56) Concurrent Cleanup for Next Mark
[28.954s][info][gc,marking    ] GC(56) Concurrent Cleanup for Next Mark 1.023ms
[28.954s][info][gc            ] GC(56) Concurrent Cycle 21.348ms
[28.958s][info][safepoint     ] Application time: 0.0052400 seconds
[28.958s][info][safepoint     ] Entering safepoint region: G1CollectForAllocation
[28.959s][info][gc,start      ] GC(57) Pause Young (Concurrent Start) (G1 Humongous Allocation)
[28.959s][info][gc,task       ] GC(57) Using 8 workers of 8 for evacuation
[28.960s][info][gc,phases     ] GC(57)   Pre Evacuate Collection Set: 0.1ms
[28.960s][info][gc,phases     ] GC(57)   Evacuate Collection Set: 0.9ms
[28.960s][info][gc,phases     ] GC(57)   Post Evacuate Collection Set: 0.3ms
[28.960s][info][gc,phases     ] GC(57)   Other: 0.2ms
[28.960s][info][gc,heap       ] GC(57) Eden regions: 1->0(735)
[28.960s][info][gc,heap       ] GC(57) Survivor regions: 1->1(92)
[28.960s][info][gc,heap       ] GC(57) Old regions: 15->15
[28.960s][info][gc,heap       ] GC(57) Humongous regions: 382->0
[28.960s][info][gc,metaspace  ] GC(57) Metaspace: 38643K->38643K(1085440K)
[28.960s][info][gc            ] GC(57) Pause Young (Concurrent Start) (G1 Humongous Allocation) 397M->14M(1227M) 1.642ms
[28.960s][info][gc,cpu        ] GC(57) User=0.01s Sys=0.00s Real=0.00s
[28.960s][info][safepoint     ] Leaving safepoint region
[28.960s][info][safepoint     ] Total time for which application threads were stopped: 0.0018781 seconds, Stopping threads took: 0.0000185 seconds
[28.960s][info][gc            ] GC(58) Concurrent Cycle
[28.960s][info][gc,marking    ] GC(58) Concurrent Clear Claimed Marks
[28.960s][info][gc,marking    ] GC(58) Concurrent Clear Claimed Marks 0.097ms
[28.960s][info][gc,marking    ] GC(58) Concurrent Scan Root Regions
[28.961s][info][gc,marking    ] GC(58) Concurrent Scan Root Regions 0.065ms
[28.961s][info][gc,marking    ] GC(58) Concurrent Mark (28.961s)
[28.961s][info][gc,marking    ] GC(58) Concurrent Mark From Roots
[28.961s][info][gc,task       ] GC(58) Using 2 workers of 2 for marking
[28.971s][info][gc,marking    ] GC(58) Concurrent Mark From Roots 10.553ms
[28.971s][info][gc,marking    ] GC(58) Concurrent Preclean
[28.971s][info][gc,marking    ] GC(58) Concurrent Preclean 0.043ms
[28.971s][info][gc,marking    ] GC(58) Concurrent Mark (28.961s, 28.971s) 10.719ms
[28.971s][info][safepoint     ] Application time: 0.0109979 seconds
[28.971s][info][safepoint     ] Entering safepoint region: CGC_Operation
[28.971s][info][gc,start      ] GC(58) Pause Remark
[28.973s][info][gc,stringtable] GC(58) Cleaned string and symbol table, strings: 20120 processed, 0 removed, symbols: 132173 processed, 0 removed
[28.974s][info][gc            ] GC(58) Pause Remark 206M->206M(1227M) 2.231ms
[28.974s][info][gc,cpu        ] GC(58) User=0.02s Sys=0.00s Real=0.00s
[28.974s][info][safepoint     ] Leaving safepoint region
[28.974s][info][safepoint     ] Total time for which application threads were stopped: 0.0024159 seconds, Stopping threads took: 0.0000130 seconds
[28.974s][info][gc,marking    ] GC(58) Concurrent Rebuild Remembered Sets
[28.981s][info][gc,marking    ] GC(58) Concurrent Rebuild Remembered Sets 7.146ms
[28.981s][info][safepoint     ] Application time: 0.0072793 seconds
[28.981s][info][safepoint     ] Entering safepoint region: CGC_Operation
[28.981s][info][gc,start      ] GC(58) Pause Cleanup
[28.981s][info][gc            ] GC(58) Pause Cleanup 397M->397M(1227M) 0.168ms
[28.981s][info][gc,cpu        ] GC(58) User=0.00s Sys=0.00s Real=0.00s
[28.981s][info][safepoint     ] Leaving safepoint region
[28.981s][info][safepoint     ] Total time for which application threads were stopped: 0.0004020 seconds, Stopping threads took: 0.0000139 seconds
[28.981s][info][gc,marking    ] GC(58) Concurrent Cleanup for Next Mark
[28.982s][info][gc,marking    ] GC(58) Concurrent Cleanup for Next Mark 0.950ms
[28.982s][info][gc            ] GC(58) Concurrent Cycle 22.069ms
[28.987s][info][safepoint     ] Application time: 0.0050832 seconds
[28.987s][info][safepoint     ] Entering safepoint region: G1CollectForAllocation
[28.987s][info][gc,start      ] GC(59) Pause Young (Concurrent Start) (G1 Humongous Allocation)
[28.987s][info][gc,task       ] GC(59) Using 8 workers of 8 for evacuation
[28.988s][info][gc,phases     ] GC(59)   Pre Evacuate Collection Set: 0.1ms
[28.988s][info][gc,phases     ] GC(59)   Evacuate Collection Set: 1.0ms
[28.988s][info][gc,phases     ] GC(59)   Post Evacuate Collection Set: 0.3ms
[28.988s][info][gc,phases     ] GC(59)   Other: 0.2ms
[28.988s][info][gc,heap       ] GC(59) Eden regions: 1->0(735)
[28.988s][info][gc,heap       ] GC(59) Survivor regions: 1->1(92)
[28.988s][info][gc,heap       ] GC(59) Old regions: 15->15
[28.988s][info][gc,heap       ] GC(59) Humongous regions: 382->0
[28.988s][info][gc,metaspace  ] GC(59) Metaspace: 38643K->38643K(1085440K)
[28.988s][info][gc            ] GC(59) Pause Young (Concurrent Start) (G1 Humongous Allocation) 397M->14M(1227M) 1.757ms
[28.988s][info][gc,cpu        ] GC(59) User=0.00s Sys=0.00s Real=0.00s
[28.989s][info][safepoint     ] Leaving safepoint region
[28.989s][info][safepoint     ] Total time for which application threads were stopped: 0.0019711 seconds, Stopping threads took: 0.0000170 seconds
[28.989s][info][gc            ] GC(60) Concurrent Cycle
[28.989s][info][gc,marking    ] GC(60) Concurrent Clear Claimed Marks
[28.989s][info][gc,marking    ] GC(60) Concurrent Clear Claimed Marks 0.036ms
[28.989s][info][gc,marking    ] GC(60) Concurrent Scan Root Regions
[28.989s][info][gc,marking    ] GC(60) Concurrent Scan Root Regions 0.070ms
[28.989s][info][gc,marking    ] GC(60) Concurrent Mark (28.989s)
[28.989s][info][gc,marking    ] GC(60) Concurrent Mark From Roots
[28.989s][info][gc,task       ] GC(60) Using 2 workers of 2 for marking
[28.999s][info][gc,marking    ] GC(60) Concurrent Mark From Roots 10.281ms
[28.999s][info][gc,marking    ] GC(60) Concurrent Preclean
[28.999s][info][gc,marking    ] GC(60) Concurrent Preclean 0.045ms
[28.999s][info][gc,marking    ] GC(60) Concurrent Mark (28.989s, 28.999s) 10.448ms
[28.999s][info][safepoint     ] Application time: 0.0106704 seconds
[28.999s][info][safepoint     ] Entering safepoint region: CGC_Operation
[28.999s][info][gc,start      ] GC(60) Pause Remark
[29.001s][info][gc,stringtable] GC(60) Cleaned string and symbol table, strings: 20124 processed, 0 removed, symbols: 132173 processed, 0 removed
[29.001s][info][gc            ] GC(60) Pause Remark 206M->206M(1227M) 2.141ms
[29.002s][info][gc,cpu        ] GC(60) User=0.02s Sys=0.00s Real=0.00s
[29.002s][info][safepoint     ] Leaving safepoint region
[29.002s][info][safepoint     ] Total time for which application threads were stopped: 0.0023227 seconds, Stopping threads took: 0.0000144 seconds
[29.002s][info][gc,marking    ] GC(60) Concurrent Rebuild Remembered Sets
[29.010s][info][gc,marking    ] GC(60) Concurrent Rebuild Remembered Sets 7.884ms
[29.010s][info][safepoint     ] Application time: 0.0080338 seconds
[29.010s][info][safepoint     ] Entering safepoint region: CGC_Operation
[29.010s][info][gc,start      ] GC(60) Pause Cleanup
[29.010s][info][gc            ] GC(60) Pause Cleanup 397M->397M(1227M) 0.213ms
[29.010s][info][gc,cpu        ] GC(60) User=0.00s Sys=0.00s Real=0.00s
[29.010s][info][safepoint     ] Leaving safepoint region
[29.010s][info][safepoint     ] Total time for which application threads were stopped: 0.0003932 seconds, Stopping threads took: 0.0000138 seconds
[29.010s][info][gc,marking    ] GC(60) Concurrent Cleanup for Next Mark
[29.011s][info][gc,marking    ] GC(60) Concurrent Cleanup for Next Mark 0.954ms
[29.011s][info][gc            ] GC(60) Concurrent Cycle 22.403ms
[29.014s][info][safepoint     ] Application time: 0.0042795 seconds
[29.014s][info][safepoint     ] Entering safepoint region: G1CollectForAllocation
[29.015s][info][gc,start      ] GC(61) Pause Young (Concurrent Start) (G1 Humongous Allocation)
[29.015s][info][gc,task       ] GC(61) Using 8 workers of 8 for evacuation
[29.016s][info][gc,phases     ] GC(61)   Pre Evacuate Collection Set: 0.1ms
[29.016s][info][gc,phases     ] GC(61)   Evacuate Collection Set: 1.0ms
[29.016s][info][gc,phases     ] GC(61)   Post Evacuate Collection Set: 0.4ms
[29.016s][info][gc,phases     ] GC(61)   Other: 0.3ms
[29.016s][info][gc,heap       ] GC(61) Eden regions: 1->0(735)
[29.016s][info][gc,heap       ] GC(61) Survivor regions: 1->1(92)
[29.016s][info][gc,heap       ] GC(61) Old regions: 15->15
[29.016s][info][gc,heap       ] GC(61) Humongous regions: 382->0
[29.016s][info][gc,metaspace  ] GC(61) Metaspace: 38643K->38643K(1085440K)
[29.016s][info][gc            ] GC(61) Pause Young (Concurrent Start) (G1 Humongous Allocation) 397M->14M(1227M) 1.909ms
[29.016s][info][gc,cpu        ] GC(61) User=0.01s Sys=0.00s Real=0.01s
[29.016s][info][safepoint     ] Leaving safepoint region
[29.016s][info][safepoint     ] Total time for which application threads were stopped: 0.0021208 seconds, Stopping threads took: 0.0000424 seconds
[29.017s][info][gc            ] GC(62) Concurrent Cycle
[29.017s][info][gc,marking    ] GC(62) Concurrent Clear Claimed Marks
[29.017s][info][gc,marking    ] GC(62) Concurrent Clear Claimed Marks 0.107ms
[29.017s][info][gc,marking    ] GC(62) Concurrent Scan Root Regions
[29.017s][info][gc,marking    ] GC(62) Concurrent Scan Root Regions 0.075ms
[29.017s][info][gc,marking    ] GC(62) Concurrent Mark (29.017s)
[29.017s][info][gc,marking    ] GC(62) Concurrent Mark From Roots
[29.017s][info][gc,task       ] GC(62) Using 2 workers of 2 for marking
[29.027s][info][gc,marking    ] GC(62) Concurrent Mark From Roots 9.805ms
[29.027s][info][gc,marking    ] GC(62) Concurrent Preclean
[29.027s][info][gc,marking    ] GC(62) Concurrent Preclean 0.045ms
[29.027s][info][gc,marking    ] GC(62) Concurrent Mark (29.017s, 29.027s) 9.917ms
[29.027s][info][safepoint     ] Application time: 0.0102394 seconds
[29.027s][info][safepoint     ] Entering safepoint region: CGC_Operation
[29.027s][info][gc,start      ] GC(62) Pause Remark
[29.029s][info][gc,stringtable] GC(62) Cleaned string and symbol table, strings: 20124 processed, 0 removed, symbols: 132173 processed, 0 removed
[29.029s][info][gc            ] GC(62) Pause Remark 206M->206M(1227M) 2.112ms
[29.029s][info][gc,cpu        ] GC(62) User=0.02s Sys=0.00s Real=0.00s
[29.029s][info][safepoint     ] Leaving safepoint region
[29.029s][info][safepoint     ] Total time for which application threads were stopped: 0.0023115 seconds, Stopping threads took: 0.0000136 seconds
[29.029s][info][gc,marking    ] GC(62) Concurrent Rebuild Remembered Sets
[29.036s][info][gc,marking    ] GC(62) Concurrent Rebuild Remembered Sets 7.153ms
[29.036s][info][safepoint     ] Application time: 0.0073037 seconds
[29.036s][info][safepoint     ] Entering safepoint region: CGC_Operation
[29.036s][info][gc,start      ] GC(62) Pause Cleanup
[29.037s][info][gc            ] GC(62) Pause Cleanup 397M->397M(1227M) 0.171ms
[29.037s][info][gc,cpu        ] GC(62) User=0.00s Sys=0.00s Real=0.00s
[29.037s][info][safepoint     ] Leaving safepoint region
[29.037s][info][safepoint     ] Total time for which application threads were stopped: 0.0004036 seconds, Stopping threads took: 0.0000141 seconds
[29.037s][info][gc,marking    ] GC(62) Concurrent Cleanup for Next Mark
[29.038s][info][gc,marking    ] GC(62) Concurrent Cleanup for Next Mark 0.974ms
[29.038s][info][gc            ] GC(62) Concurrent Cycle 21.260ms
[29.041s][info][safepoint     ] Application time: 0.0041050 seconds
[29.041s][info][safepoint     ] Entering safepoint region: G1CollectForAllocation
[29.041s][info][gc,start      ] GC(63) Pause Young (Concurrent Start) (G1 Humongous Allocation)
[29.041s][info][gc,task       ] GC(63) Using 8 workers of 8 for evacuation
[29.043s][info][gc,phases     ] GC(63)   Pre Evacuate Collection Set: 0.1ms
[29.043s][info][gc,phases     ] GC(63)   Evacuate Collection Set: 0.9ms
[29.043s][info][gc,phases     ] GC(63)   Post Evacuate Collection Set: 0.4ms
[29.043s][info][gc,phases     ] GC(63)   Other: 0.3ms
[29.043s][info][gc,heap       ] GC(63) Eden regions: 1->0(735)
[29.043s][info][gc,heap       ] GC(63) Survivor regions: 1->1(92)
[29.043s][info][gc,heap       ] GC(63) Old regions: 15->15
[29.043s][info][gc,heap       ] GC(63) Humongous regions: 382->0
[29.043s][info][gc,metaspace  ] GC(63) Metaspace: 38643K->38643K(1085440K)
[29.043s][info][gc            ] GC(63) Pause Young (Concurrent Start) (G1 Humongous Allocation) 397M->14M(1227M) 1.803ms
[29.043s][info][gc,cpu        ] GC(63) User=0.00s Sys=0.00s Real=0.00s
[29.043s][info][safepoint     ] Leaving safepoint region
[29.043s][info][safepoint     ] Total time for which application threads were stopped: 0.0020197 seconds, Stopping threads took: 0.0000223 seconds
[29.043s][info][gc            ] GC(64) Concurrent Cycle
[29.043s][info][gc,marking    ] GC(64) Concurrent Clear Claimed Marks
[29.043s][info][gc,marking    ] GC(64) Concurrent Clear Claimed Marks 0.037ms
[29.043s][info][gc,marking    ] GC(64) Concurrent Scan Root Regions
[29.043s][info][gc,marking    ] GC(64) Concurrent Scan Root Regions 0.121ms
[29.043s][info][gc,marking    ] GC(64) Concurrent Mark (29.043s)
[29.043s][info][gc,marking    ] GC(64) Concurrent Mark From Roots
[29.043s][info][gc,task       ] GC(64) Using 2 workers of 2 for marking
[29.053s][info][gc,marking    ] GC(64) Concurrent Mark From Roots 9.872ms
[29.053s][info][gc,marking    ] GC(64) Concurrent Preclean
[29.053s][info][gc,marking    ] GC(64) Concurrent Preclean 0.043ms
[29.053s][info][gc,marking    ] GC(64) Concurrent Mark (29.043s, 29.053s) 9.983ms
[29.053s][info][safepoint     ] Application time: 0.0102896 seconds
[29.053s][info][safepoint     ] Entering safepoint region: CGC_Operation
[29.053s][info][gc,start      ] GC(64) Pause Remark
[29.055s][info][gc,stringtable] GC(64) Cleaned string and symbol table, strings: 20124 processed, 0 removed, symbols: 132173 processed, 0 removed
[29.055s][info][gc            ] GC(64) Pause Remark 206M->206M(1227M) 2.176ms
[29.056s][info][gc,cpu        ] GC(64) User=0.01s Sys=0.00s Real=0.00s
[29.056s][info][safepoint     ] Leaving safepoint region
[29.056s][info][safepoint     ] Total time for which application threads were stopped: 0.0023818 seconds, Stopping threads took: 0.0000133 seconds
[29.056s][info][gc,marking    ] GC(64) Concurrent Rebuild Remembered Sets
[29.063s][info][gc,marking    ] GC(64) Concurrent Rebuild Remembered Sets 7.086ms
[29.063s][info][safepoint     ] Application time: 0.0072179 seconds
[29.063s][info][safepoint     ] Entering safepoint region: CGC_Operation
[29.063s][info][gc,start      ] GC(64) Pause Cleanup
[29.063s][info][gc            ] GC(64) Pause Cleanup 397M->397M(1227M) 0.198ms
[29.063s][info][gc,cpu        ] GC(64) User=0.00s Sys=0.00s Real=0.00s
[29.063s][info][safepoint     ] Leaving safepoint region
[29.063s][info][safepoint     ] Total time for which application threads were stopped: 0.0003881 seconds, Stopping threads took: 0.0000153 seconds
[29.063s][info][gc,marking    ] GC(64) Concurrent Cleanup for Next Mark
[29.064s][info][gc,marking    ] GC(64) Concurrent Cleanup for Next Mark 0.948ms
[29.064s][info][gc            ] GC(64) Concurrent Cycle 21.237ms
[29.068s][info][safepoint     ] Application time: 0.0044133 seconds
[29.068s][info][safepoint     ] Entering safepoint region: G1CollectForAllocation
[29.068s][info][gc,start      ] GC(65) Pause Young (Concurrent Start) (G1 Humongous Allocation)
[29.068s][info][gc,task       ] GC(65) Using 8 workers of 8 for evacuation
[29.070s][info][gc,phases     ] GC(65)   Pre Evacuate Collection Set: 0.2ms
[29.070s][info][gc,phases     ] GC(65)   Evacuate Collection Set: 1.0ms
[29.070s][info][gc,phases     ] GC(65)   Post Evacuate Collection Set: 0.6ms
[29.070s][info][gc,phases     ] GC(65)   Other: 0.2ms
[29.070s][info][gc,heap       ] GC(65) Eden regions: 1->0(735)
[29.070s][info][gc,heap       ] GC(65) Survivor regions: 1->1(92)
[29.070s][info][gc,heap       ] GC(65) Old regions: 15->15
[29.070s][info][gc,heap       ] GC(65) Humongous regions: 382->0
[29.070s][info][gc,metaspace  ] GC(65) Metaspace: 38643K->38643K(1085440K)
[29.070s][info][gc            ] GC(65) Pause Young (Concurrent Start) (G1 Humongous Allocation) 397M->14M(1227M) 2.120ms
[29.070s][info][gc,cpu        ] GC(65) User=0.00s Sys=0.00s Real=0.00s
[29.070s][info][safepoint     ] Leaving safepoint region
[29.070s][info][safepoint     ] Total time for which application threads were stopped: 0.0023814 seconds, Stopping threads took: 0.0000432 seconds
[29.070s][info][gc            ] GC(66) Concurrent Cycle
[29.070s][info][gc,marking    ] GC(66) Concurrent Clear Claimed Marks
[29.070s][info][gc,marking    ] GC(66) Concurrent Clear Claimed Marks 0.040ms
[29.070s][info][gc,marking    ] GC(66) Concurrent Scan Root Regions
[29.070s][info][gc,marking    ] GC(66) Concurrent Scan Root Regions 0.088ms
[29.070s][info][gc,marking    ] GC(66) Concurrent Mark (29.070s)
[29.070s][info][gc,marking    ] GC(66) Concurrent Mark From Roots
[29.070s][info][gc,task       ] GC(66) Using 2 workers of 2 for marking
[29.080s][info][gc,marking    ] GC(66) Concurrent Mark From Roots 9.884ms
[29.080s][info][gc,marking    ] GC(66) Concurrent Preclean
[29.080s][info][gc,marking    ] GC(66) Concurrent Preclean 0.044ms
[29.080s][info][gc,marking    ] GC(66) Concurrent Mark (29.070s, 29.080s) 10.008ms
[29.080s][info][safepoint     ] Application time: 0.0102488 seconds
[29.080s][info][safepoint     ] Entering safepoint region: CGC_Operation
[29.080s][info][gc,start      ] GC(66) Pause Remark
[29.082s][info][gc,stringtable] GC(66) Cleaned string and symbol table, strings: 20124 processed, 0 removed, symbols: 132173 processed, 0 removed
[29.083s][info][gc            ] GC(66) Pause Remark 206M->206M(1227M) 2.270ms
[29.083s][info][gc,cpu        ] GC(66) User=0.01s Sys=0.00s Real=0.00s
[29.083s][info][safepoint     ] Leaving safepoint region
[29.083s][info][safepoint     ] Total time for which application threads were stopped: 0.0025269 seconds, Stopping threads took: 0.0000140 seconds
[29.083s][info][gc,marking    ] GC(66) Concurrent Rebuild Remembered Sets
[29.091s][info][gc,marking    ] GC(66) Concurrent Rebuild Remembered Sets 8.360ms
[29.091s][info][safepoint     ] Application time: 0.0085863 seconds
[29.091s][info][safepoint     ] Entering safepoint region: CGC_Operation
[29.092s][info][gc,start      ] GC(66) Pause Cleanup
[29.092s][info][gc            ] GC(66) Pause Cleanup 397M->397M(1227M) 0.380ms
[29.092s][info][gc,cpu        ] GC(66) User=0.01s Sys=0.00s Real=0.00s
[29.092s][info][safepoint     ] Leaving safepoint region
[29.092s][info][safepoint     ] Total time for which application threads were stopped: 0.0005771 seconds, Stopping threads took: 0.0000323 seconds
[29.092s][info][gc,marking    ] GC(66) Concurrent Cleanup for Next Mark
[29.094s][info][gc,marking    ] GC(66) Concurrent Cleanup for Next Mark 2.207ms
[29.094s][info][gc            ] GC(66) Concurrent Cycle 24.363ms
[29.096s][info][safepoint     ] Application time: 0.0039469 seconds
[29.096s][info][safepoint     ] Entering safepoint region: G1CollectForAllocation
[29.096s][info][gc,start      ] GC(67) Pause Young (Concurrent Start) (G1 Humongous Allocation)
[29.096s][info][gc,task       ] GC(67) Using 8 workers of 8 for evacuation
[29.098s][info][gc,phases     ] GC(67)   Pre Evacuate Collection Set: 0.1ms
[29.098s][info][gc,phases     ] GC(67)   Evacuate Collection Set: 1.0ms
[29.098s][info][gc,phases     ] GC(67)   Post Evacuate Collection Set: 0.4ms
[29.098s][info][gc,phases     ] GC(67)   Other: 0.2ms
[29.098s][info][gc,heap       ] GC(67) Eden regions: 1->0(735)
[29.098s][info][gc,heap       ] GC(67) Survivor regions: 1->1(92)
[29.098s][info][gc,heap       ] GC(67) Old regions: 15->15
[29.098s][info][gc,heap       ] GC(67) Humongous regions: 382->0
[29.098s][info][gc,metaspace  ] GC(67) Metaspace: 38643K->38643K(1085440K)
[29.098s][info][gc            ] GC(67) Pause Young (Concurrent Start) (G1 Humongous Allocation) 397M->14M(1227M) 1.799ms
[29.098s][info][gc,cpu        ] GC(67) User=0.00s Sys=0.00s Real=0.01s
[29.098s][info][safepoint     ] Leaving safepoint region
[29.098s][info][safepoint     ] Total time for which application threads were stopped: 0.0019476 seconds, Stopping threads took: 0.0000151 seconds
[29.098s][info][gc            ] GC(68) Concurrent Cycle
[29.098s][info][gc,marking    ] GC(68) Concurrent Clear Claimed Marks
[29.098s][info][gc,marking    ] GC(68) Concurrent Clear Claimed Marks 0.043ms
[29.098s][info][gc,marking    ] GC(68) Concurrent Scan Root Regions
[29.098s][info][gc,marking    ] GC(68) Concurrent Scan Root Regions 0.077ms
[29.098s][info][gc,marking    ] GC(68) Concurrent Mark (29.098s)
[29.098s][info][gc,marking    ] GC(68) Concurrent Mark From Roots
[29.098s][info][gc,task       ] GC(68) Using 2 workers of 2 for marking
[29.114s][info][gc,marking    ] GC(68) Concurrent Mark From Roots 15.891ms
[29.114s][info][gc,marking    ] GC(68) Concurrent Preclean
[29.114s][info][gc,marking    ] GC(68) Concurrent Preclean 0.052ms
[29.114s][info][gc,marking    ] GC(68) Concurrent Mark (29.098s, 29.114s) 16.007ms
[29.114s][info][safepoint     ] Application time: 0.0162641 seconds
[29.114s][info][safepoint     ] Entering safepoint region: CGC_Operation
[29.114s][info][gc,start      ] GC(68) Pause Remark
[29.118s][info][gc,stringtable] GC(68) Cleaned string and symbol table, strings: 20124 processed, 0 removed, symbols: 132173 processed, 0 removed
[29.118s][info][gc            ] GC(68) Pause Remark 206M->206M(1227M) 3.975ms
[29.118s][info][gc,cpu        ] GC(68) User=0.03s Sys=0.00s Real=0.01s
[29.119s][info][safepoint     ] Leaving safepoint region
[29.119s][info][safepoint     ] Total time for which application threads were stopped: 0.0042496 seconds, Stopping threads took: 0.0000592 seconds
[29.119s][info][gc,marking    ] GC(68) Concurrent Rebuild Remembered Sets
[29.129s][info][gc,marking    ] GC(68) Concurrent Rebuild Remembered Sets 10.004ms
[29.129s][info][safepoint     ] Application time: 0.0102461 seconds
[29.134s][info][safepoint     ] Entering safepoint region: CGC_Operation
[29.134s][info][gc,start      ] GC(68) Pause Cleanup
[29.134s][info][gc            ] GC(68) Pause Cleanup 397M->397M(1227M) 0.160ms
[29.134s][info][gc,cpu        ] GC(68) User=0.00s Sys=0.00s Real=0.00s
[29.134s][info][safepoint     ] Leaving safepoint region
[29.134s][info][safepoint     ] Total time for which application threads were stopped: 0.0051375 seconds, Stopping threads took: 0.0048413 seconds
[29.134s][info][gc,marking    ] GC(68) Concurrent Cleanup for Next Mark
[29.136s][info][gc,marking    ] GC(68) Concurrent Cleanup for Next Mark 2.260ms
[29.136s][info][gc            ] GC(68) Concurrent Cycle 38.305ms
[29.139s][info][safepoint     ] Application time: 0.0050783 seconds
[29.139s][info][safepoint     ] Entering safepoint region: G1CollectForAllocation
[29.139s][info][gc,start      ] GC(69) Pause Young (Concurrent Start) (G1 Humongous Allocation)
[29.139s][info][gc,task       ] GC(69) Using 8 workers of 8 for evacuation
[29.141s][info][gc,phases     ] GC(69)   Pre Evacuate Collection Set: 0.1ms
[29.141s][info][gc,phases     ] GC(69)   Evacuate Collection Set: 1.2ms
[29.141s][info][gc,phases     ] GC(69)   Post Evacuate Collection Set: 0.3ms
[29.141s][info][gc,phases     ] GC(69)   Other: 0.1ms
[29.141s][info][gc,heap       ] GC(69) Eden regions: 1->0(735)
[29.141s][info][gc,heap       ] GC(69) Survivor regions: 1->1(92)
[29.141s][info][gc,heap       ] GC(69) Old regions: 15->15
[29.141s][info][gc,heap       ] GC(69) Humongous regions: 382->0
[29.141s][info][gc,metaspace  ] GC(69) Metaspace: 38643K->38643K(1085440K)
[29.141s][info][gc            ] GC(69) Pause Young (Concurrent Start) (G1 Humongous Allocation) 397M->14M(1227M) 1.818ms
[29.141s][info][gc,cpu        ] GC(69) User=0.00s Sys=0.00s Real=0.00s
[29.141s][info][safepoint     ] Leaving safepoint region
[29.141s][info][safepoint     ] Total time for which application threads were stopped: 0.0019769 seconds, Stopping threads took: 0.0000174 seconds
[29.141s][info][gc            ] GC(70) Concurrent Cycle
[29.141s][info][gc,marking    ] GC(70) Concurrent Clear Claimed Marks
[29.141s][info][gc,marking    ] GC(70) Concurrent Clear Claimed Marks 0.317ms
[29.141s][info][gc,marking    ] GC(70) Concurrent Scan Root Regions
[29.142s][info][gc,marking    ] GC(70) Concurrent Scan Root Regions 0.164ms
[29.142s][info][gc,marking    ] GC(70) Concurrent Mark (29.142s)
[29.142s][info][gc,marking    ] GC(70) Concurrent Mark From Roots
[29.142s][info][gc,task       ] GC(70) Using 2 workers of 2 for marking
[29.157s][info][gc,marking    ] GC(70) Concurrent Mark From Roots 15.646ms
[29.157s][info][gc,marking    ] GC(70) Concurrent Preclean
[29.158s][info][gc,marking    ] GC(70) Concurrent Preclean 0.049ms
[29.158s][info][gc,marking    ] GC(70) Concurrent Mark (29.142s, 29.158s) 15.803ms
[29.158s][info][safepoint     ] Application time: 0.0165655 seconds
[29.158s][info][safepoint     ] Entering safepoint region: CGC_Operation
[29.158s][info][gc,start      ] GC(70) Pause Remark
[29.162s][info][gc,stringtable] GC(70) Cleaned string and symbol table, strings: 20124 processed, 0 removed, symbols: 132173 processed, 0 removed
[29.162s][info][gc            ] GC(70) Pause Remark 206M->206M(1227M) 4.495ms
[29.162s][info][gc,cpu        ] GC(70) User=0.03s Sys=0.00s Real=0.00s
[29.162s][info][safepoint     ] Leaving safepoint region
[29.162s][info][safepoint     ] Total time for which application threads were stopped: 0.0046727 seconds, Stopping threads took: 0.0000159 seconds
[29.162s][info][gc,marking    ] GC(70) Concurrent Rebuild Remembered Sets
[29.172s][info][gc,marking    ] GC(70) Concurrent Rebuild Remembered Sets 9.691ms
[29.172s][info][safepoint     ] Application time: 0.0098084 seconds
[29.179s][info][safepoint     ] Entering safepoint region: CGC_Operation
[29.179s][info][gc,start      ] GC(70) Pause Cleanup
[29.179s][info][gc            ] GC(70) Pause Cleanup 397M->397M(1227M) 0.114ms
[29.179s][info][gc,cpu        ] GC(70) User=0.00s Sys=0.00s Real=0.00s
[29.179s][info][safepoint     ] Leaving safepoint region
[29.179s][info][safepoint     ] Total time for which application threads were stopped: 0.0069667 seconds, Stopping threads took: 0.0067270 seconds
[29.179s][info][gc,marking    ] GC(70) Concurrent Cleanup for Next Mark
[29.180s][info][gc,marking    ] GC(70) Concurrent Cleanup for Next Mark 0.920ms
[29.180s][info][gc            ] GC(70) Concurrent Cycle 39.002ms
[29.185s][info][safepoint     ] Application time: 0.0056734 seconds
[29.185s][info][safepoint     ] Entering safepoint region: G1CollectForAllocation
[29.185s][info][gc,start      ] GC(71) Pause Young (Concurrent Start) (G1 Humongous Allocation)
[29.185s][info][gc,task       ] GC(71) Using 8 workers of 8 for evacuation
[29.186s][info][gc,phases     ] GC(71)   Pre Evacuate Collection Set: 0.1ms
[29.186s][info][gc,phases     ] GC(71)   Evacuate Collection Set: 0.8ms
[29.186s][info][gc,phases     ] GC(71)   Post Evacuate Collection Set: 0.2ms
[29.186s][info][gc,phases     ] GC(71)   Other: 0.1ms
[29.186s][info][gc,heap       ] GC(71) Eden regions: 1->0(735)
[29.186s][info][gc,heap       ] GC(71) Survivor regions: 1->1(92)
[29.186s][info][gc,heap       ] GC(71) Old regions: 15->15
[29.186s][info][gc,heap       ] GC(71) Humongous regions: 382->0
[29.186s][info][gc,metaspace  ] GC(71) Metaspace: 38643K->38643K(1085440K)
[29.186s][info][gc            ] GC(71) Pause Young (Concurrent Start) (G1 Humongous Allocation) 397M->14M(1227M) 1.312ms
[29.186s][info][gc,cpu        ] GC(71) User=0.01s Sys=0.01s Real=0.00s
[29.186s][info][safepoint     ] Leaving safepoint region
[29.186s][info][gc            ] GC(72) Concurrent Cycle
[29.186s][info][safepoint     ] Total time for which application threads were stopped: 0.0014579 seconds, Stopping threads took: 0.0000099 seconds
[29.186s][info][gc,marking    ] GC(72) Concurrent Clear Claimed Marks
[29.186s][info][gc,marking    ] GC(72) Concurrent Clear Claimed Marks 0.048ms
[29.186s][info][gc,marking    ] GC(72) Concurrent Scan Root Regions
[29.186s][info][gc,marking    ] GC(72) Concurrent Scan Root Regions 0.050ms
[29.186s][info][gc,marking    ] GC(72) Concurrent Mark (29.186s)
[29.186s][info][gc,marking    ] GC(72) Concurrent Mark From Roots
[29.186s][info][gc,task       ] GC(72) Using 2 workers of 2 for marking
[29.197s][info][gc,marking    ] GC(72) Concurrent Mark From Roots 10.817ms
[29.197s][info][gc,marking    ] GC(72) Concurrent Preclean
[29.197s][info][gc,marking    ] GC(72) Concurrent Preclean 0.041ms
[29.197s][info][gc,marking    ] GC(72) Concurrent Mark (29.186s, 29.197s) 10.980ms
[29.197s][info][safepoint     ] Application time: 0.0111104 seconds
[29.197s][info][safepoint     ] Entering safepoint region: CGC_Operation
[29.197s][info][gc,start      ] GC(72) Pause Remark
[29.199s][info][gc,stringtable] GC(72) Cleaned string and symbol table, strings: 20124 processed, 0 removed, symbols: 132173 processed, 0 removed
[29.200s][info][gc            ] GC(72) Pause Remark 206M->206M(1227M) 2.241ms
[29.200s][info][gc,cpu        ] GC(72) User=0.01s Sys=0.00s Real=0.00s
[29.200s][info][safepoint     ] Leaving safepoint region
[29.200s][info][safepoint     ] Total time for which application threads were stopped: 0.0024359 seconds, Stopping threads took: 0.0000128 seconds
[29.200s][info][gc,marking    ] GC(72) Concurrent Rebuild Remembered Sets
[29.207s][info][gc,marking    ] GC(72) Concurrent Rebuild Remembered Sets 7.073ms
[29.207s][info][safepoint     ] Application time: 0.0071508 seconds
[29.207s][info][safepoint     ] Entering safepoint region: CGC_Operation
[29.207s][info][gc,start      ] GC(72) Pause Cleanup
[29.207s][info][gc            ] GC(72) Pause Cleanup 397M->397M(1227M) 0.171ms
[29.207s][info][gc,cpu        ] GC(72) User=0.00s Sys=0.00s Real=0.00s
[29.207s][info][safepoint     ] Leaving safepoint region
[29.207s][info][safepoint     ] Total time for which application threads were stopped: 0.0003737 seconds, Stopping threads took: 0.0000146 seconds
[29.207s][info][gc,marking    ] GC(72) Concurrent Cleanup for Next Mark
[29.209s][info][gc,marking    ] GC(72) Concurrent Cleanup for Next Mark 1.177ms
[29.209s][info][gc            ] GC(72) Concurrent Cycle 22.373ms
[29.213s][info][safepoint     ] Application time: 0.0051104 seconds
[29.213s][info][safepoint     ] Entering safepoint region: G1CollectForAllocation
[29.213s][info][gc,start      ] GC(73) Pause Young (Concurrent Start) (G1 Humongous Allocation)
[29.213s][info][gc,task       ] GC(73) Using 8 workers of 8 for evacuation
[29.214s][info][gc,phases     ] GC(73)   Pre Evacuate Collection Set: 0.1ms
[29.214s][info][gc,phases     ] GC(73)   Evacuate Collection Set: 0.9ms
[29.214s][info][gc,phases     ] GC(73)   Post Evacuate Collection Set: 0.5ms
[29.214s][info][gc,phases     ] GC(73)   Other: 0.2ms
[29.214s][info][gc,heap       ] GC(73) Eden regions: 1->0(735)
[29.214s][info][gc,heap       ] GC(73) Survivor regions: 1->1(92)
[29.214s][info][gc,heap       ] GC(73) Old regions: 15->15
[29.214s][info][gc,heap       ] GC(73) Humongous regions: 382->0
[29.214s][info][gc,metaspace  ] GC(73) Metaspace: 38643K->38643K(1085440K)
[29.214s][info][gc            ] GC(73) Pause Young (Concurrent Start) (G1 Humongous Allocation) 397M->14M(1227M) 1.770ms
[29.215s][info][gc,cpu        ] GC(73) User=0.01s Sys=0.00s Real=0.00s
[29.215s][info][safepoint     ] Leaving safepoint region
[29.215s][info][safepoint     ] Total time for which application threads were stopped: 0.0019459 seconds, Stopping threads took: 0.0000159 seconds
[29.215s][info][gc            ] GC(74) Concurrent Cycle
[29.215s][info][gc,marking    ] GC(74) Concurrent Clear Claimed Marks
[29.215s][info][gc,marking    ] GC(74) Concurrent Clear Claimed Marks 0.042ms
[29.215s][info][gc,marking    ] GC(74) Concurrent Scan Root Regions
[29.215s][info][gc,marking    ] GC(74) Concurrent Scan Root Regions 0.067ms
[29.215s][info][gc,marking    ] GC(74) Concurrent Mark (29.215s)
[29.215s][info][gc,marking    ] GC(74) Concurrent Mark From Roots
[29.215s][info][gc,task       ] GC(74) Using 2 workers of 2 for marking
[29.225s][info][gc,marking    ] GC(74) Concurrent Mark From Roots 9.782ms
[29.225s][info][gc,marking    ] GC(74) Concurrent Preclean
[29.225s][info][gc,marking    ] GC(74) Concurrent Preclean 0.044ms
[29.225s][info][gc,marking    ] GC(74) Concurrent Mark (29.215s, 29.225s) 9.950ms
[29.225s][info][safepoint     ] Application time: 0.0101801 seconds
[29.225s][info][safepoint     ] Entering safepoint region: CGC_Operation
[29.225s][info][gc,start      ] GC(74) Pause Remark
[29.227s][info][gc,stringtable] GC(74) Cleaned string and symbol table, strings: 20124 processed, 0 removed, symbols: 132173 processed, 0 removed
[29.227s][info][gc            ] GC(74) Pause Remark 206M->206M(1227M) 2.115ms
[29.227s][info][gc,cpu        ] GC(74) User=0.02s Sys=0.00s Real=0.01s
[29.227s][info][safepoint     ] Leaving safepoint region
[29.227s][info][safepoint     ] Total time for which application threads were stopped: 0.0023081 seconds, Stopping threads took: 0.0000134 seconds
[29.227s][info][gc,marking    ] GC(74) Concurrent Rebuild Remembered Sets
[29.234s][info][gc,marking    ] GC(74) Concurrent Rebuild Remembered Sets 7.251ms
[29.234s][info][safepoint     ] Application time: 0.0073917 seconds
[29.234s][info][safepoint     ] Entering safepoint region: CGC_Operation
[29.235s][info][gc,start      ] GC(74) Pause Cleanup
[29.235s][info][gc            ] GC(74) Pause Cleanup 397M->397M(1227M) 0.231ms
[29.235s][info][gc,cpu        ] GC(74) User=0.00s Sys=0.00s Real=0.00s
[29.235s][info][safepoint     ] Leaving safepoint region
[29.235s][info][safepoint     ] Total time for which application threads were stopped: 0.0004494 seconds, Stopping threads took: 0.0000140 seconds
[29.235s][info][gc,marking    ] GC(74) Concurrent Cleanup for Next Mark
[29.236s][info][gc,marking    ] GC(74) Concurrent Cleanup for Next Mark 0.948ms
[29.236s][info][gc            ] GC(74) Concurrent Cycle 21.297ms
[29.239s][info][safepoint     ] Application time: 0.0041023 seconds
[29.239s][info][safepoint     ] Entering safepoint region: G1CollectForAllocation
[29.239s][info][gc,start      ] GC(75) Pause Young (Concurrent Start) (G1 Humongous Allocation)
[29.239s][info][gc,task       ] GC(75) Using 8 workers of 8 for evacuation
[29.241s][info][gc,phases     ] GC(75)   Pre Evacuate Collection Set: 0.1ms
[29.241s][info][gc,phases     ] GC(75)   Evacuate Collection Set: 1.0ms
[29.241s][info][gc,phases     ] GC(75)   Post Evacuate Collection Set: 0.3ms
[29.241s][info][gc,phases     ] GC(75)   Other: 0.3ms
[29.241s][info][gc,heap       ] GC(75) Eden regions: 1->0(735)
[29.241s][info][gc,heap       ] GC(75) Survivor regions: 1->1(92)
[29.241s][info][gc,heap       ] GC(75) Old regions: 15->15
[29.241s][info][gc,heap       ] GC(75) Humongous regions: 382->0
[29.241s][info][gc,metaspace  ] GC(75) Metaspace: 38643K->38643K(1085440K)
[29.241s][info][gc            ] GC(75) Pause Young (Concurrent Start) (G1 Humongous Allocation) 397M->14M(1227M) 1.790ms
[29.241s][info][gc,cpu        ] GC(75) User=0.00s Sys=0.00s Real=0.00s
[29.241s][info][safepoint     ] Leaving safepoint region
[29.241s][info][safepoint     ] Total time for which application threads were stopped: 0.0019650 seconds, Stopping threads took: 0.0000222 seconds
[29.241s][info][gc            ] GC(76) Concurrent Cycle
[29.241s][info][gc,marking    ] GC(76) Concurrent Clear Claimed Marks
[29.241s][info][gc,marking    ] GC(76) Concurrent Clear Claimed Marks 0.079ms
[29.241s][info][gc,marking    ] GC(76) Concurrent Scan Root Regions
[29.241s][info][gc,marking    ] GC(76) Concurrent Scan Root Regions 0.076ms
[29.241s][info][gc,marking    ] GC(76) Concurrent Mark (29.241s)
[29.241s][info][gc,marking    ] GC(76) Concurrent Mark From Roots
[29.241s][info][gc,task       ] GC(76) Using 2 workers of 2 for marking
[29.252s][info][gc,marking    ] GC(76) Concurrent Mark From Roots 10.719ms
[29.252s][info][gc,marking    ] GC(76) Concurrent Preclean
[29.252s][info][gc,marking    ] GC(76) Concurrent Preclean 0.048ms
[29.252s][info][gc,marking    ] GC(76) Concurrent Mark (29.241s, 29.252s) 10.889ms
[29.252s][info][safepoint     ] Application time: 0.0111283 seconds
[29.252s][info][safepoint     ] Entering safepoint region: CGC_Operation
[29.252s][info][gc,start      ] GC(76) Pause Remark
[29.254s][info][gc,stringtable] GC(76) Cleaned string and symbol table, strings: 20124 processed, 0 removed, symbols: 132173 processed, 0 removed
[29.255s][info][gc            ] GC(76) Pause Remark 206M->206M(1227M) 2.206ms
[29.255s][info][gc,cpu        ] GC(76) User=0.02s Sys=0.00s Real=0.00s
[29.255s][info][safepoint     ] Leaving safepoint region
[29.255s][info][safepoint     ] Total time for which application threads were stopped: 0.0024357 seconds, Stopping threads took: 0.0000139 seconds
[29.255s][info][gc,marking    ] GC(76) Concurrent Rebuild Remembered Sets
[29.263s][info][gc,marking    ] GC(76) Concurrent Rebuild Remembered Sets 8.204ms
[29.263s][info][safepoint     ] Application time: 0.0083866 seconds
[29.263s][info][safepoint     ] Entering safepoint region: CGC_Operation
[29.263s][info][gc,start      ] GC(76) Pause Cleanup
[29.263s][info][gc            ] GC(76) Pause Cleanup 397M->397M(1227M) 0.222ms
[29.263s][info][gc,cpu        ] GC(76) User=0.00s Sys=0.00s Real=0.00s
[29.263s][info][safepoint     ] Leaving safepoint region
[29.263s][info][safepoint     ] Total time for which application threads were stopped: 0.0004112 seconds, Stopping threads took: 0.0000140 seconds
[29.263s][info][gc,marking    ] GC(76) Concurrent Cleanup for Next Mark
[29.264s][info][gc,marking    ] GC(76) Concurrent Cleanup for Next Mark 0.956ms
[29.264s][info][gc            ] GC(76) Concurrent Cycle 23.379ms
[29.268s][info][safepoint     ] Application time: 0.0045050 seconds
[29.268s][info][safepoint     ] Entering safepoint region: G1CollectForAllocation
[29.268s][info][gc,start      ] GC(77) Pause Young (Concurrent Start) (G1 Humongous Allocation)
[29.268s][info][gc,task       ] GC(77) Using 8 workers of 8 for evacuation
[29.270s][info][gc,phases     ] GC(77)   Pre Evacuate Collection Set: 0.1ms
[29.270s][info][gc,phases     ] GC(77)   Evacuate Collection Set: 1.0ms
[29.270s][info][gc,phases     ] GC(77)   Post Evacuate Collection Set: 0.4ms
[29.270s][info][gc,phases     ] GC(77)   Other: 0.3ms
[29.270s][info][gc,heap       ] GC(77) Eden regions: 1->0(735)
[29.270s][info][gc,heap       ] GC(77) Survivor regions: 1->1(92)
[29.270s][info][gc,heap       ] GC(77) Old regions: 15->15
[29.270s][info][gc,heap       ] GC(77) Humongous regions: 382->0
[29.270s][info][gc,metaspace  ] GC(77) Metaspace: 38643K->38643K(1085440K)
[29.270s][info][gc            ] GC(77) Pause Young (Concurrent Start) (G1 Humongous Allocation) 397M->14M(1227M) 1.985ms
[29.270s][info][gc,cpu        ] GC(77) User=0.01s Sys=0.00s Real=0.00s
[29.270s][info][safepoint     ] Leaving safepoint region
[29.270s][info][safepoint     ] Total time for which application threads were stopped: 0.0022241 seconds, Stopping threads took: 0.0000223 seconds
[29.270s][info][gc            ] GC(78) Concurrent Cycle
[29.270s][info][gc,marking    ] GC(78) Concurrent Clear Claimed Marks
[29.270s][info][gc,marking    ] GC(78) Concurrent Clear Claimed Marks 0.068ms
[29.270s][info][gc,marking    ] GC(78) Concurrent Scan Root Regions
[29.270s][info][gc,marking    ] GC(78) Concurrent Scan Root Regions 0.067ms
[29.270s][info][gc,marking    ] GC(78) Concurrent Mark (29.270s)
[29.270s][info][gc,marking    ] GC(78) Concurrent Mark From Roots
[29.270s][info][gc,task       ] GC(78) Using 2 workers of 2 for marking
[29.281s][info][gc,marking    ] GC(78) Concurrent Mark From Roots 10.600ms
[29.281s][info][gc,marking    ] GC(78) Concurrent Preclean
[29.281s][info][gc,marking    ] GC(78) Concurrent Preclean 0.046ms
[29.281s][info][gc,marking    ] GC(78) Concurrent Mark (29.270s, 29.281s) 10.769ms
[29.281s][info][safepoint     ] Application time: 0.0109703 seconds
[29.281s][info][safepoint     ] Entering safepoint region: CGC_Operation
[29.281s][info][gc,start      ] GC(78) Pause Remark
[29.283s][info][gc,stringtable] GC(78) Cleaned string and symbol table, strings: 20124 processed, 0 removed, symbols: 132173 processed, 0 removed
[29.283s][info][gc            ] GC(78) Pause Remark 206M->206M(1227M) 2.136ms
[29.284s][info][gc,cpu        ] GC(78) User=0.01s Sys=0.00s Real=0.00s
[29.284s][info][safepoint     ] Leaving safepoint region
[29.284s][info][safepoint     ] Total time for which application threads were stopped: 0.0023271 seconds, Stopping threads took: 0.0000134 seconds
[29.284s][info][gc,marking    ] GC(78) Concurrent Rebuild Remembered Sets
[29.291s][info][gc,marking    ] GC(78) Concurrent Rebuild Remembered Sets 7.402ms
[29.291s][info][safepoint     ] Application time: 0.0076015 seconds
[29.291s][info][safepoint     ] Entering safepoint region: CGC_Operation
[29.291s][info][gc,start      ] GC(78) Pause Cleanup
[29.291s][info][gc            ] GC(78) Pause Cleanup 397M->397M(1227M) 0.182ms
[29.292s][info][gc,cpu        ] GC(78) User=0.00s Sys=0.00s Real=0.00s
[29.292s][info][safepoint     ] Leaving safepoint region
[29.292s][info][safepoint     ] Total time for which application threads were stopped: 0.0003635 seconds, Stopping threads took: 0.0000144 seconds
[29.292s][info][gc,marking    ] GC(78) Concurrent Cleanup for Next Mark
[29.293s][info][gc,marking    ] GC(78) Concurrent Cleanup for Next Mark 0.953ms
[29.293s][info][gc            ] GC(78) Concurrent Cycle 22.276ms
[29.295s][info][safepoint     ] Application time: 0.0039488 seconds
[29.296s][info][safepoint     ] Entering safepoint region: G1CollectForAllocation
[29.296s][info][gc,start      ] GC(79) Pause Young (Concurrent Start) (G1 Humongous Allocation)
[29.296s][info][gc,task       ] GC(79) Using 8 workers of 8 for evacuation
[29.297s][info][gc,phases     ] GC(79)   Pre Evacuate Collection Set: 0.2ms
[29.297s][info][gc,phases     ] GC(79)   Evacuate Collection Set: 1.0ms
[29.297s][info][gc,phases     ] GC(79)   Post Evacuate Collection Set: 0.4ms
[29.298s][info][gc,phases     ] GC(79)   Other: 0.2ms
[29.298s][info][gc,heap       ] GC(79) Eden regions: 1->0(735)
[29.298s][info][gc,heap       ] GC(79) Survivor regions: 1->1(92)
[29.298s][info][gc,heap       ] GC(79) Old regions: 15->15
[29.298s][info][gc,heap       ] GC(79) Humongous regions: 382->0
[29.298s][info][gc,metaspace  ] GC(79) Metaspace: 38643K->38643K(1085440K)
[29.298s][info][gc            ] GC(79) Pause Young (Concurrent Start) (G1 Humongous Allocation) 397M->14M(1227M) 1.846ms
[29.298s][info][gc,cpu        ] GC(79) User=0.01s Sys=0.00s Real=0.01s
[29.298s][info][safepoint     ] Leaving safepoint region
[29.298s][info][safepoint     ] Total time for which application threads were stopped: 0.0020941 seconds, Stopping threads took: 0.0000159 seconds
[29.298s][info][gc            ] GC(80) Concurrent Cycle
[29.298s][info][gc,marking    ] GC(80) Concurrent Clear Claimed Marks
[29.298s][info][gc,marking    ] GC(80) Concurrent Clear Claimed Marks 0.058ms
[29.298s][info][gc,marking    ] GC(80) Concurrent Scan Root Regions
[29.298s][info][gc,marking    ] GC(80) Concurrent Scan Root Regions 0.066ms
[29.298s][info][gc,marking    ] GC(80) Concurrent Mark (29.298s)
[29.298s][info][gc,marking    ] GC(80) Concurrent Mark From Roots
[29.298s][info][gc,task       ] GC(80) Using 2 workers of 2 for marking
[29.312s][info][gc,marking    ] GC(80) Concurrent Mark From Roots 14.572ms
[29.313s][info][gc,marking    ] GC(80) Concurrent Preclean
[29.313s][info][gc,marking    ] GC(80) Concurrent Preclean 0.068ms
[29.313s][info][gc,marking    ] GC(80) Concurrent Mark (29.298s, 29.313s) 14.804ms
[29.313s][info][safepoint     ] Application time: 0.0149967 seconds
[29.325s][info][safepoint     ] Entering safepoint region: CGC_Operation
[29.325s][info][gc,start      ] GC(80) Pause Remark
[29.330s][info][gc,stringtable] GC(80) Cleaned string and symbol table, strings: 20124 processed, 0 removed, symbols: 132173 processed, 0 removed
[29.330s][info][gc            ] GC(80) Pause Remark 397M->397M(1227M) 5.162ms
[29.330s][info][gc,cpu        ] GC(80) User=0.03s Sys=0.00s Real=0.01s
[29.330s][info][safepoint     ] Leaving safepoint region
[29.330s][info][safepoint     ] Total time for which application threads were stopped: 0.0174804 seconds, Stopping threads took: 0.0121353 seconds
[29.330s][info][gc,marking    ] GC(80) Concurrent Rebuild Remembered Sets
[29.340s][info][gc,marking    ] GC(80) Concurrent Rebuild Remembered Sets 9.408ms
[29.340s][info][safepoint     ] Application time: 0.0097982 seconds
[29.364s][info][safepoint     ] Entering safepoint region: CGC_Operation
[29.364s][info][gc,start      ] GC(80) Pause Cleanup
[29.364s][info][gc            ] GC(80) Pause Cleanup 588M->588M(1227M) 0.114ms
[29.364s][info][gc,cpu        ] GC(80) User=0.00s Sys=0.00s Real=0.00s
[29.364s][info][safepoint     ] Leaving safepoint region
[29.364s][info][safepoint     ] Total time for which application threads were stopped: 0.0240109 seconds, Stopping threads took: 0.0237998 seconds
[29.364s][info][gc,marking    ] GC(80) Concurrent Cleanup for Next Mark
[29.365s][info][gc,marking    ] GC(80) Concurrent Cleanup for Next Mark 1.214ms
[29.365s][info][gc            ] GC(80) Concurrent Cycle 67.640ms
[29.370s][info][safepoint     ] Application time: 0.0063377 seconds
[29.370s][info][safepoint     ] Entering safepoint region: G1CollectForAllocation
[29.371s][info][gc,start      ] GC(81) Pause Young (Concurrent Start) (G1 Humongous Allocation)
[29.371s][info][gc,task       ] GC(81) Using 8 workers of 8 for evacuation
[29.374s][info][gc,phases     ] GC(81)   Pre Evacuate Collection Set: 0.2ms
[29.374s][info][gc,phases     ] GC(81)   Evacuate Collection Set: 1.4ms
[29.374s][info][gc,phases     ] GC(81)   Post Evacuate Collection Set: 1.4ms
[29.374s][info][gc,phases     ] GC(81)   Other: 0.4ms
[29.374s][info][gc,heap       ] GC(81) Eden regions: 1->0(804)
[29.374s][info][gc,heap       ] GC(81) Survivor regions: 1->1(92)
[29.374s][info][gc,heap       ] GC(81) Old regions: 15->15
[29.374s][info][gc,heap       ] GC(81) Humongous regions: 573->0
[29.374s][info][gc,metaspace  ] GC(81) Metaspace: 38643K->38643K(1085440K)
[29.374s][info][gc            ] GC(81) Pause Young (Concurrent Start) (G1 Humongous Allocation) 588M->14M(1342M) 3.458ms
[29.374s][info][gc,cpu        ] GC(81) User=0.00s Sys=0.00s Real=0.00s
[29.374s][info][safepoint     ] Leaving safepoint region
[29.374s][info][gc            ] GC(82) Concurrent Cycle
[29.374s][info][safepoint     ] Total time for which application threads were stopped: 0.0037112 seconds, Stopping threads took: 0.0000459 seconds
[29.374s][info][gc,marking    ] GC(82) Concurrent Clear Claimed Marks
[29.374s][info][gc,marking    ] GC(82) Concurrent Clear Claimed Marks 0.260ms
[29.374s][info][gc,marking    ] GC(82) Concurrent Scan Root Regions
[29.375s][info][gc,marking    ] GC(82) Concurrent Scan Root Regions 0.133ms
[29.375s][info][gc,marking    ] GC(82) Concurrent Mark (29.375s)
[29.375s][info][gc,marking    ] GC(82) Concurrent Mark From Roots
[29.375s][info][gc,task       ] GC(82) Using 2 workers of 2 for marking
[29.386s][info][gc,marking    ] GC(82) Concurrent Mark From Roots 11.723ms
[29.386s][info][gc,marking    ] GC(82) Concurrent Preclean
[29.386s][info][gc,marking    ] GC(82) Concurrent Preclean 0.050ms
[29.386s][info][gc,marking    ] GC(82) Concurrent Mark (29.375s, 29.386s) 11.831ms
[29.387s][info][safepoint     ] Application time: 0.0123054 seconds
[29.387s][info][safepoint     ] Entering safepoint region: CGC_Operation
[29.387s][info][gc,start      ] GC(82) Pause Remark
[29.388s][info][gc,stringtable] GC(82) Cleaned string and symbol table, strings: 20124 processed, 0 removed, symbols: 132173 processed, 0 removed
[29.389s][info][gc            ] GC(82) Pause Remark 206M->206M(1342M) 1.991ms
[29.389s][info][gc,cpu        ] GC(82) User=0.01s Sys=0.00s Real=0.00s
[29.389s][info][safepoint     ] Leaving safepoint region
[29.389s][info][safepoint     ] Total time for which application threads were stopped: 0.0021088 seconds, Stopping threads took: 0.0000140 seconds
[29.389s][info][gc,marking    ] GC(82) Concurrent Rebuild Remembered Sets
[29.396s][info][gc,marking    ] GC(82) Concurrent Rebuild Remembered Sets 7.142ms
[29.396s][info][safepoint     ] Application time: 0.0072171 seconds
[29.396s][info][safepoint     ] Entering safepoint region: CGC_Operation
[29.396s][info][gc,start      ] GC(82) Pause Cleanup
[29.396s][info][gc            ] GC(82) Pause Cleanup 397M->397M(1342M) 0.231ms
[29.396s][info][gc,cpu        ] GC(82) User=0.00s Sys=0.00s Real=0.00s
[29.396s][info][safepoint     ] Leaving safepoint region
[29.396s][info][safepoint     ] Total time for which application threads were stopped: 0.0004176 seconds, Stopping threads took: 0.0000143 seconds
[29.396s][info][gc,marking    ] GC(82) Concurrent Cleanup for Next Mark
[29.398s][info][gc,marking    ] GC(82) Concurrent Cleanup for Next Mark 1.562ms
[29.398s][info][gc            ] GC(82) Concurrent Cycle 23.733ms
[29.413s][info][safepoint     ] Application time: 0.0163431 seconds
[29.413s][info][safepoint     ] Entering safepoint region: G1CollectForAllocation
[29.413s][info][gc,start      ] GC(83) Pause Young (Concurrent Start) (G1 Humongous Allocation)
[29.413s][info][gc,task       ] GC(83) Using 8 workers of 8 for evacuation
[29.414s][info][gc,phases     ] GC(83)   Pre Evacuate Collection Set: 0.1ms
[29.415s][info][gc,phases     ] GC(83)   Evacuate Collection Set: 1.0ms
[29.415s][info][gc,phases     ] GC(83)   Post Evacuate Collection Set: 0.4ms
[29.415s][info][gc,phases     ] GC(83)   Other: 0.2ms
[29.415s][info][gc,heap       ] GC(83) Eden regions: 1->0(804)
[29.415s][info][gc,heap       ] GC(83) Survivor regions: 1->1(101)
[29.415s][info][gc,heap       ] GC(83) Old regions: 15->15
[29.415s][info][gc,heap       ] GC(83) Humongous regions: 573->0
[29.415s][info][gc,metaspace  ] GC(83) Metaspace: 38643K->38643K(1085440K)
[29.415s][info][gc            ] GC(83) Pause Young (Concurrent Start) (G1 Humongous Allocation) 588M->14M(1342M) 1.772ms
[29.415s][info][gc,cpu        ] GC(83) User=0.00s Sys=0.00s Real=0.00s
[29.415s][info][safepoint     ] Leaving safepoint region
[29.415s][info][safepoint     ] Total time for which application threads were stopped: 0.0019323 seconds, Stopping threads took: 0.0000221 seconds
[29.415s][info][gc            ] GC(84) Concurrent Cycle
[29.415s][info][gc,marking    ] GC(84) Concurrent Clear Claimed Marks
[29.415s][info][gc,marking    ] GC(84) Concurrent Clear Claimed Marks 0.042ms
[29.415s][info][gc,marking    ] GC(84) Concurrent Scan Root Regions
[29.415s][info][gc,marking    ] GC(84) Concurrent Scan Root Regions 0.064ms
[29.415s][info][gc,marking    ] GC(84) Concurrent Mark (29.415s)
[29.415s][info][gc,marking    ] GC(84) Concurrent Mark From Roots
[29.415s][info][gc,task       ] GC(84) Using 2 workers of 2 for marking
[29.425s][info][gc,marking    ] GC(84) Concurrent Mark From Roots 9.747ms
[29.425s][info][gc,marking    ] GC(84) Concurrent Preclean
[29.425s][info][gc,marking    ] GC(84) Concurrent Preclean 0.045ms
[29.425s][info][gc,marking    ] GC(84) Concurrent Mark (29.415s, 29.425s) 9.912ms
[29.425s][info][safepoint     ] Application time: 0.0101642 seconds
[29.425s][info][safepoint     ] Entering safepoint region: CGC_Operation
[29.425s][info][gc,start      ] GC(84) Pause Remark
[29.427s][info][gc,stringtable] GC(84) Cleaned string and symbol table, strings: 20124 processed, 0 removed, symbols: 132173 processed, 0 removed
[29.427s][info][gc            ] GC(84) Pause Remark 206M->206M(1342M) 2.131ms
[29.427s][info][gc,cpu        ] GC(84) User=0.01s Sys=0.00s Real=0.01s
[29.427s][info][safepoint     ] Leaving safepoint region
[29.427s][info][safepoint     ] Total time for which application threads were stopped: 0.0023635 seconds, Stopping threads took: 0.0000128 seconds
[29.427s][info][gc,marking    ] GC(84) Concurrent Rebuild Remembered Sets
[29.434s][info][gc,marking    ] GC(84) Concurrent Rebuild Remembered Sets 7.054ms
[29.434s][info][safepoint     ] Application time: 0.0071829 seconds
[29.434s][info][safepoint     ] Entering safepoint region: CGC_Operation
[29.434s][info][gc,start      ] GC(84) Pause Cleanup
[29.435s][info][gc            ] GC(84) Pause Cleanup 397M->397M(1342M) 0.265ms
[29.435s][info][gc,cpu        ] GC(84) User=0.00s Sys=0.00s Real=0.00s
[29.435s][info][safepoint     ] Leaving safepoint region
[29.435s][info][safepoint     ] Total time for which application threads were stopped: 0.0004372 seconds, Stopping threads took: 0.0000452 seconds
[29.435s][info][gc,marking    ] GC(84) Concurrent Cleanup for Next Mark
[29.436s][info][gc,marking    ] GC(84) Concurrent Cleanup for Next Mark 1.502ms
[29.436s][info][gc            ] GC(84) Concurrent Cycle 21.727ms
[29.452s][info][safepoint     ] Application time: 0.0168427 seconds
[29.452s][info][safepoint     ] Entering safepoint region: G1CollectForAllocation
[29.452s][info][gc,start      ] GC(85) Pause Young (Concurrent Start) (G1 Humongous Allocation)
[29.452s][info][gc,task       ] GC(85) Using 8 workers of 8 for evacuation
[29.453s][info][gc,phases     ] GC(85)   Pre Evacuate Collection Set: 0.1ms
[29.453s][info][gc,phases     ] GC(85)   Evacuate Collection Set: 1.0ms
[29.453s][info][gc,phases     ] GC(85)   Post Evacuate Collection Set: 0.3ms
[29.453s][info][gc,phases     ] GC(85)   Other: 0.2ms
[29.454s][info][gc,heap       ] GC(85) Eden regions: 1->0(804)
[29.454s][info][gc,heap       ] GC(85) Survivor regions: 1->1(101)
[29.454s][info][gc,heap       ] GC(85) Old regions: 15->15
[29.454s][info][gc,heap       ] GC(85) Humongous regions: 573->0
[29.454s][info][gc,metaspace  ] GC(85) Metaspace: 38643K->38643K(1085440K)
[29.454s][info][gc            ] GC(85) Pause Young (Concurrent Start) (G1 Humongous Allocation) 588M->14M(1342M) 1.720ms
[29.454s][info][gc,cpu        ] GC(85) User=0.01s Sys=0.00s Real=0.00s
[29.454s][info][safepoint     ] Leaving safepoint region
[29.454s][info][safepoint     ] Total time for which application threads were stopped: 0.0018804 seconds, Stopping threads took: 0.0000188 seconds
[29.454s][info][gc            ] GC(86) Concurrent Cycle
[29.454s][info][gc,marking    ] GC(86) Concurrent Clear Claimed Marks
[29.454s][info][gc,marking    ] GC(86) Concurrent Clear Claimed Marks 0.103ms
[29.454s][info][gc,marking    ] GC(86) Concurrent Scan Root Regions
[29.454s][info][gc,marking    ] GC(86) Concurrent Scan Root Regions 0.071ms
[29.454s][info][gc,marking    ] GC(86) Concurrent Mark (29.454s)
[29.454s][info][gc,marking    ] GC(86) Concurrent Mark From Roots
[29.454s][info][gc,task       ] GC(86) Using 2 workers of 2 for marking
[29.464s][info][gc,marking    ] GC(86) Concurrent Mark From Roots 10.198ms
[29.464s][info][gc,marking    ] GC(86) Concurrent Preclean
[29.464s][info][gc,marking    ] GC(86) Concurrent Preclean 0.046ms
[29.464s][info][gc,marking    ] GC(86) Concurrent Mark (29.454s, 29.464s) 10.310ms
[29.464s][info][safepoint     ] Application time: 0.0106478 seconds
[29.464s][info][safepoint     ] Entering safepoint region: CGC_Operation
[29.464s][info][gc,start      ] GC(86) Pause Remark
[29.466s][info][gc,stringtable] GC(86) Cleaned string and symbol table, strings: 20124 processed, 0 removed, symbols: 132173 processed, 0 removed
[29.467s][info][gc            ] GC(86) Pause Remark 206M->206M(1342M) 2.219ms
[29.467s][info][gc,cpu        ] GC(86) User=0.01s Sys=0.00s Real=0.01s
[29.467s][info][safepoint     ] Leaving safepoint region
[29.467s][info][safepoint     ] Total time for which application threads were stopped: 0.0024163 seconds, Stopping threads took: 0.0000136 seconds
[29.467s][info][gc,marking    ] GC(86) Concurrent Rebuild Remembered Sets
[29.474s][info][gc,marking    ] GC(86) Concurrent Rebuild Remembered Sets 7.159ms
[29.474s][info][safepoint     ] Application time: 0.0072998 seconds
[29.474s][info][safepoint     ] Entering safepoint region: CGC_Operation
[29.474s][info][gc,start      ] GC(86) Pause Cleanup
[29.474s][info][gc            ] GC(86) Pause Cleanup 397M->397M(1342M) 0.215ms
[29.474s][info][gc,cpu        ] GC(86) User=0.00s Sys=0.00s Real=0.00s
[29.474s][info][safepoint     ] Leaving safepoint region
[29.474s][info][safepoint     ] Total time for which application threads were stopped: 0.0003974 seconds, Stopping threads took: 0.0000138 seconds
[29.474s][info][gc,marking    ] GC(86) Concurrent Cleanup for Next Mark
[29.475s][info][gc,marking    ] GC(86) Concurrent Cleanup for Next Mark 1.042ms
[29.475s][info][gc            ] GC(86) Concurrent Cycle 21.814ms
[29.492s][info][safepoint     ] Application time: 0.0175859 seconds
[29.492s][info][safepoint     ] Entering safepoint region: G1CollectForAllocation
[29.492s][info][gc,start      ] GC(87) Pause Young (Concurrent Start) (G1 Humongous Allocation)
[29.492s][info][gc,task       ] GC(87) Using 8 workers of 8 for evacuation
[29.494s][info][gc,phases     ] GC(87)   Pre Evacuate Collection Set: 0.1ms
[29.494s][info][gc,phases     ] GC(87)   Evacuate Collection Set: 0.9ms
[29.494s][info][gc,phases     ] GC(87)   Post Evacuate Collection Set: 0.4ms
[29.494s][info][gc,phases     ] GC(87)   Other: 0.2ms
[29.494s][info][gc,heap       ] GC(87) Eden regions: 1->0(804)
[29.494s][info][gc,heap       ] GC(87) Survivor regions: 1->1(101)
[29.494s][info][gc,heap       ] GC(87) Old regions: 15->15
[29.494s][info][gc,heap       ] GC(87) Humongous regions: 573->0
[29.494s][info][gc,metaspace  ] GC(87) Metaspace: 38643K->38643K(1085440K)
[29.494s][info][gc            ] GC(87) Pause Young (Concurrent Start) (G1 Humongous Allocation) 588M->14M(1342M) 1.675ms
[29.494s][info][gc,cpu        ] GC(87) User=0.00s Sys=0.00s Real=0.00s
[29.494s][info][safepoint     ] Leaving safepoint region
[29.494s][info][safepoint     ] Total time for which application threads were stopped: 0.0018787 seconds, Stopping threads took: 0.0000519 seconds
[29.494s][info][gc            ] GC(88) Concurrent Cycle
[29.494s][info][gc,marking    ] GC(88) Concurrent Clear Claimed Marks
[29.494s][info][gc,marking    ] GC(88) Concurrent Clear Claimed Marks 0.105ms
[29.494s][info][gc,marking    ] GC(88) Concurrent Scan Root Regions
[29.494s][info][gc,marking    ] GC(88) Concurrent Scan Root Regions 0.080ms
[29.494s][info][gc,marking    ] GC(88) Concurrent Mark (29.494s)
[29.494s][info][gc,marking    ] GC(88) Concurrent Mark From Roots
[29.494s][info][gc,task       ] GC(88) Using 2 workers of 2 for marking
[29.504s][info][gc,marking    ] GC(88) Concurrent Mark From Roots 10.117ms
[29.504s][info][gc,marking    ] GC(88) Concurrent Preclean
[29.505s][info][gc,marking    ] GC(88) Concurrent Preclean 0.046ms
[29.505s][info][gc,marking    ] GC(88) Concurrent Mark (29.494s, 29.505s) 10.271ms
[29.505s][info][safepoint     ] Application time: 0.0105998 seconds
[29.505s][info][safepoint     ] Entering safepoint region: CGC_Operation
[29.505s][info][gc,start      ] GC(88) Pause Remark
[29.507s][info][gc,stringtable] GC(88) Cleaned string and symbol table, strings: 20124 processed, 0 removed, symbols: 132173 processed, 0 removed
[29.507s][info][gc            ] GC(88) Pause Remark 206M->206M(1342M) 2.169ms
[29.507s][info][gc,cpu        ] GC(88) User=0.01s Sys=0.00s Real=0.01s
[29.507s][info][safepoint     ] Leaving safepoint region
[29.507s][info][safepoint     ] Total time for which application threads were stopped: 0.0023720 seconds, Stopping threads took: 0.0000465 seconds
[29.507s][info][gc,marking    ] GC(88) Concurrent Rebuild Remembered Sets
[29.514s][info][gc,marking    ] GC(88) Concurrent Rebuild Remembered Sets 7.077ms
[29.514s][info][safepoint     ] Application time: 0.0072240 seconds
[29.514s][info][safepoint     ] Entering safepoint region: CGC_Operation
[29.514s][info][gc,start      ] GC(88) Pause Cleanup
[29.515s][info][gc            ] GC(88) Pause Cleanup 397M->397M(1342M) 0.220ms
[29.515s][info][gc,cpu        ] GC(88) User=0.00s Sys=0.00s Real=0.00s
[29.515s][info][safepoint     ] Leaving safepoint region
[29.515s][info][safepoint     ] Total time for which application threads were stopped: 0.0003923 seconds, Stopping threads took: 0.0000147 seconds
[29.515s][info][gc,marking    ] GC(88) Concurrent Cleanup for Next Mark
[29.516s][info][gc,marking    ] GC(88) Concurrent Cleanup for Next Mark 1.032ms
[29.516s][info][gc            ] GC(88) Concurrent Cycle 21.677ms
[29.532s][info][safepoint     ] Application time: 0.0176129 seconds
[29.532s][info][safepoint     ] Entering safepoint region: G1CollectForAllocation
[29.532s][info][gc,start      ] GC(89) Pause Young (Concurrent Start) (G1 Humongous Allocation)
[29.532s][info][gc,task       ] GC(89) Using 8 workers of 8 for evacuation
[29.534s][info][gc,phases     ] GC(89)   Pre Evacuate Collection Set: 0.1ms
[29.534s][info][gc,phases     ] GC(89)   Evacuate Collection Set: 0.9ms
[29.534s][info][gc,phases     ] GC(89)   Post Evacuate Collection Set: 0.4ms
[29.534s][info][gc,phases     ] GC(89)   Other: 0.2ms
[29.534s][info][gc,heap       ] GC(89) Eden regions: 1->0(804)
[29.534s][info][gc,heap       ] GC(89) Survivor regions: 1->1(101)
[29.534s][info][gc,heap       ] GC(89) Old regions: 15->15
[29.534s][info][gc,heap       ] GC(89) Humongous regions: 573->0
[29.534s][info][gc,metaspace  ] GC(89) Metaspace: 38643K->38643K(1085440K)
[29.534s][info][gc            ] GC(89) Pause Young (Concurrent Start) (G1 Humongous Allocation) 588M->14M(1342M) 1.719ms
[29.534s][info][gc,cpu        ] GC(89) User=0.01s Sys=0.00s Real=0.00s
[29.534s][info][safepoint     ] Leaving safepoint region
[29.534s][info][safepoint     ] Total time for which application threads were stopped: 0.0019255 seconds, Stopping threads took: 0.0000175 seconds
[29.534s][info][gc            ] GC(90) Concurrent Cycle
[29.534s][info][gc,marking    ] GC(90) Concurrent Clear Claimed Marks
[29.534s][info][gc,marking    ] GC(90) Concurrent Clear Claimed Marks 0.047ms
[29.534s][info][gc,marking    ] GC(90) Concurrent Scan Root Regions
[29.534s][info][gc,marking    ] GC(90) Concurrent Scan Root Regions 0.067ms
[29.534s][info][gc,marking    ] GC(90) Concurrent Mark (29.534s)
[29.534s][info][gc,marking    ] GC(90) Concurrent Mark From Roots
[29.534s][info][gc,task       ] GC(90) Using 2 workers of 2 for marking
[29.544s][info][gc,marking    ] GC(90) Concurrent Mark From Roots 9.784ms
[29.544s][info][gc,marking    ] GC(90) Concurrent Preclean
[29.544s][info][gc,marking    ] GC(90) Concurrent Preclean 0.046ms
[29.544s][info][gc,marking    ] GC(90) Concurrent Mark (29.534s, 29.544s) 9.898ms
[29.544s][info][safepoint     ] Application time: 0.0101220 seconds
[29.544s][info][safepoint     ] Entering safepoint region: CGC_Operation
[29.544s][info][gc,start      ] GC(90) Pause Remark
[29.547s][info][gc,stringtable] GC(90) Cleaned string and symbol table, strings: 20124 processed, 0 removed, symbols: 132173 processed, 0 removed
[29.547s][info][gc            ] GC(90) Pause Remark 206M->206M(1342M) 2.573ms
[29.547s][info][gc,cpu        ] GC(90) User=0.01s Sys=0.00s Real=0.01s
[29.547s][info][safepoint     ] Leaving safepoint region
[29.547s][info][safepoint     ] Total time for which application threads were stopped: 0.0027667 seconds, Stopping threads took: 0.0000128 seconds
[29.547s][info][gc,marking    ] GC(90) Concurrent Rebuild Remembered Sets
[29.554s][info][gc,marking    ] GC(90) Concurrent Rebuild Remembered Sets 7.063ms
[29.554s][info][safepoint     ] Application time: 0.0071912 seconds
[29.554s][info][safepoint     ] Entering safepoint region: CGC_Operation
[29.554s][info][gc,start      ] GC(90) Pause Cleanup
[29.555s][info][gc            ] GC(90) Pause Cleanup 397M->397M(1342M) 0.221ms
[29.555s][info][gc,cpu        ] GC(90) User=0.00s Sys=0.00s Real=0.00s
[29.555s][info][safepoint     ] Leaving safepoint region
[29.555s][info][safepoint     ] Total time for which application threads were stopped: 0.0004127 seconds, Stopping threads took: 0.0000141 seconds
[29.555s][info][gc,marking    ] GC(90) Concurrent Cleanup for Next Mark
[29.556s][info][gc,marking    ] GC(90) Concurrent Cleanup for Next Mark 1.059ms
[29.556s][info][gc            ] GC(90) Concurrent Cycle 21.582ms
[29.573s][info][safepoint     ] Application time: 0.0178292 seconds
[29.573s][info][safepoint     ] Entering safepoint region: G1CollectForAllocation
[29.573s][info][gc,start      ] GC(91) Pause Young (Concurrent Start) (G1 Humongous Allocation)
[29.573s][info][gc,task       ] GC(91) Using 8 workers of 8 for evacuation
[29.574s][info][gc,phases     ] GC(91)   Pre Evacuate Collection Set: 0.1ms
[29.574s][info][gc,phases     ] GC(91)   Evacuate Collection Set: 1.0ms
[29.574s][info][gc,phases     ] GC(91)   Post Evacuate Collection Set: 0.3ms
[29.574s][info][gc,phases     ] GC(91)   Other: 0.2ms
[29.574s][info][gc,heap       ] GC(91) Eden regions: 1->0(804)
[29.574s][info][gc,heap       ] GC(91) Survivor regions: 1->1(101)
[29.574s][info][gc,heap       ] GC(91) Old regions: 15->15
[29.574s][info][gc,heap       ] GC(91) Humongous regions: 573->0
[29.574s][info][gc,metaspace  ] GC(91) Metaspace: 38643K->38643K(1085440K)
[29.575s][info][gc            ] GC(91) Pause Young (Concurrent Start) (G1 Humongous Allocation) 588M->14M(1342M) 1.814ms
[29.575s][info][gc,cpu        ] GC(91) User=0.00s Sys=0.00s Real=0.00s
[29.575s][info][safepoint     ] Leaving safepoint region
[29.575s][info][safepoint     ] Total time for which application threads were stopped: 0.0019896 seconds, Stopping threads took: 0.0000212 seconds
[29.575s][info][gc            ] GC(92) Concurrent Cycle
[29.575s][info][gc,marking    ] GC(92) Concurrent Clear Claimed Marks
[29.575s][info][gc,marking    ] GC(92) Concurrent Clear Claimed Marks 0.108ms
[29.575s][info][gc,marking    ] GC(92) Concurrent Scan Root Regions
[29.575s][info][gc,marking    ] GC(92) Concurrent Scan Root Regions 0.095ms
[29.575s][info][gc,marking    ] GC(92) Concurrent Mark (29.575s)
[29.575s][info][gc,marking    ] GC(92) Concurrent Mark From Roots
[29.575s][info][gc,task       ] GC(92) Using 2 workers of 2 for marking
[29.588s][info][gc,marking    ] GC(92) Concurrent Mark From Roots 12.730ms
[29.588s][info][gc,marking    ] GC(92) Concurrent Preclean
[29.588s][info][gc,marking    ] GC(92) Concurrent Preclean 0.205ms
[29.588s][info][gc,marking    ] GC(92) Concurrent Mark (29.575s, 29.588s) 13.200ms
[29.588s][info][safepoint     ] Application time: 0.0135904 seconds
[29.599s][info][safepoint     ] Entering safepoint region: CGC_Operation
[29.599s][info][gc,start      ] GC(92) Pause Remark
[29.603s][info][gc,stringtable] GC(92) Cleaned string and symbol table, strings: 20124 processed, 0 removed, symbols: 132173 processed, 0 removed
[29.604s][info][gc            ] GC(92) Pause Remark 397M->397M(1342M) 4.595ms
[29.604s][info][gc,cpu        ] GC(92) User=0.02s Sys=0.00s Real=0.00s
[29.604s][info][safepoint     ] Leaving safepoint region
[29.604s][info][safepoint     ] Total time for which application threads were stopped: 0.0158500 seconds, Stopping threads took: 0.0109708 seconds
[29.604s][info][gc,marking    ] GC(92) Concurrent Rebuild Remembered Sets
[29.614s][info][gc,marking    ] GC(92) Concurrent Rebuild Remembered Sets 9.743ms
[29.614s][info][safepoint     ] Application time: 0.0098878 seconds
[29.624s][info][safepoint     ] Entering safepoint region: CGC_Operation
[29.624s][info][gc,start      ] GC(92) Pause Cleanup
[29.625s][info][gc            ] GC(92) Pause Cleanup 588M->588M(1342M) 0.439ms
[29.625s][info][gc,cpu        ] GC(92) User=0.01s Sys=0.01s Real=0.00s
[29.625s][info][safepoint     ] Leaving safepoint region
[29.625s][info][safepoint     ] Total time for which application threads were stopped: 0.0109767 seconds, Stopping threads took: 0.0103020 seconds
[29.625s][info][gc,marking    ] GC(92) Concurrent Cleanup for Next Mark
[29.628s][info][gc,marking    ] GC(92) Concurrent Cleanup for Next Mark 2.777ms
[29.628s][info][gc            ] GC(92) Concurrent Cycle 53.285ms
[29.630s][info][safepoint     ] Application time: 0.0053419 seconds
[29.630s][info][safepoint     ] Entering safepoint region: G1CollectForAllocation
[29.630s][info][gc,start      ] GC(93) Pause Young (Concurrent Start) (G1 Humongous Allocation)
[29.630s][info][gc,task       ] GC(93) Using 8 workers of 8 for evacuation
[29.632s][info][gc,phases     ] GC(93)   Pre Evacuate Collection Set: 0.1ms
[29.632s][info][gc,phases     ] GC(93)   Evacuate Collection Set: 0.8ms
[29.632s][info][gc,phases     ] GC(93)   Post Evacuate Collection Set: 0.4ms
[29.632s][info][gc,phases     ] GC(93)   Other: 0.2ms
[29.632s][info][gc,heap       ] GC(93) Eden regions: 1->0(804)
[29.632s][info][gc,heap       ] GC(93) Survivor regions: 1->1(101)
[29.632s][info][gc,heap       ] GC(93) Old regions: 15->15
[29.632s][info][gc,heap       ] GC(93) Humongous regions: 573->0
[29.632s][info][gc,metaspace  ] GC(93) Metaspace: 38643K->38643K(1085440K)
[29.632s][info][gc            ] GC(93) Pause Young (Concurrent Start) (G1 Humongous Allocation) 588M->14M(1342M) 1.688ms
[29.632s][info][gc,cpu        ] GC(93) User=0.01s Sys=0.00s Real=0.00s
[29.632s][info][safepoint     ] Leaving safepoint region
[29.632s][info][safepoint     ] Total time for which application threads were stopped: 0.0018219 seconds, Stopping threads took: 0.0000146 seconds
[29.632s][info][gc            ] GC(94) Concurrent Cycle
[29.632s][info][gc,marking    ] GC(94) Concurrent Clear Claimed Marks
[29.632s][info][gc,marking    ] GC(94) Concurrent Clear Claimed Marks 0.094ms
[29.632s][info][gc,marking    ] GC(94) Concurrent Scan Root Regions
[29.632s][info][gc,marking    ] GC(94) Concurrent Scan Root Regions 0.064ms
[29.632s][info][gc,marking    ] GC(94) Concurrent Mark (29.632s)
[29.632s][info][gc,marking    ] GC(94) Concurrent Mark From Roots
[29.632s][info][gc,task       ] GC(94) Using 2 workers of 2 for marking
[29.648s][info][gc,marking    ] GC(94) Concurrent Mark From Roots 15.136ms
[29.648s][info][gc,marking    ] GC(94) Concurrent Preclean
[29.648s][info][gc,marking    ] GC(94) Concurrent Preclean 0.058ms
[29.648s][info][gc,marking    ] GC(94) Concurrent Mark (29.632s, 29.648s) 15.269ms
[29.648s][info][safepoint     ] Application time: 0.0155332 seconds
[29.648s][info][safepoint     ] Entering safepoint region: CGC_Operation
[29.648s][info][gc,start      ] GC(94) Pause Remark
[29.651s][info][gc,stringtable] GC(94) Cleaned string and symbol table, strings: 20124 processed, 0 removed, symbols: 132173 processed, 0 removed
[29.652s][info][gc            ] GC(94) Pause Remark 206M->206M(1342M) 3.940ms
[29.652s][info][gc,cpu        ] GC(94) User=0.03s Sys=0.00s Real=0.00s
[29.652s][info][safepoint     ] Leaving safepoint region
[29.652s][info][safepoint     ] Total time for which application threads were stopped: 0.0041577 seconds, Stopping threads took: 0.0000931 seconds
[29.652s][info][gc,marking    ] GC(94) Concurrent Rebuild Remembered Sets
[29.660s][info][gc,marking    ] GC(94) Concurrent Rebuild Remembered Sets 7.637ms
[29.660s][info][safepoint     ] Application time: 0.0078044 seconds
[29.665s][info][safepoint     ] Entering safepoint region: CGC_Operation
[29.665s][info][gc,start      ] GC(94) Pause Cleanup
[29.665s][info][gc            ] GC(94) Pause Cleanup 397M->397M(1342M) 0.196ms
[29.665s][info][gc,cpu        ] GC(94) User=0.00s Sys=0.00s Real=0.00s
[29.665s][info][safepoint     ] Leaving safepoint region
[29.666s][info][safepoint     ] Total time for which application threads were stopped: 0.0058314 seconds, Stopping threads took: 0.0054792 seconds
[29.666s][info][gc,marking    ] GC(94) Concurrent Cleanup for Next Mark
[29.667s][info][gc,marking    ] GC(94) Concurrent Cleanup for Next Mark 1.040ms
[29.667s][info][gc            ] GC(94) Concurrent Cycle 34.426ms
[29.685s][info][safepoint     ] Application time: 0.0192995 seconds
[29.685s][info][safepoint     ] Entering safepoint region: G1CollectForAllocation
[29.685s][info][gc,start      ] GC(95) Pause Young (Concurrent Start) (G1 Humongous Allocation)
[29.685s][info][gc,task       ] GC(95) Using 8 workers of 8 for evacuation
[29.687s][info][gc,phases     ] GC(95)   Pre Evacuate Collection Set: 0.1ms
[29.687s][info][gc,phases     ] GC(95)   Evacuate Collection Set: 0.9ms
[29.687s][info][gc,phases     ] GC(95)   Post Evacuate Collection Set: 0.4ms
[29.687s][info][gc,phases     ] GC(95)   Other: 0.2ms
[29.687s][info][gc,heap       ] GC(95) Eden regions: 1->0(804)
[29.687s][info][gc,heap       ] GC(95) Survivor regions: 1->1(101)
[29.687s][info][gc,heap       ] GC(95) Old regions: 15->15
[29.687s][info][gc,heap       ] GC(95) Humongous regions: 573->0
[29.687s][info][gc,metaspace  ] GC(95) Metaspace: 38643K->38643K(1085440K)
[29.687s][info][gc            ] GC(95) Pause Young (Concurrent Start) (G1 Humongous Allocation) 588M->14M(1342M) 1.766ms
[29.687s][info][gc,cpu        ] GC(95) User=0.01s Sys=0.00s Real=0.01s
[29.687s][info][safepoint     ] Leaving safepoint region
[29.687s][info][safepoint     ] Total time for which application threads were stopped: 0.0019508 seconds, Stopping threads took: 0.0000180 seconds
[29.687s][info][gc            ] GC(96) Concurrent Cycle
[29.687s][info][gc,marking    ] GC(96) Concurrent Clear Claimed Marks
[29.687s][info][gc,marking    ] GC(96) Concurrent Clear Claimed Marks 0.069ms
[29.687s][info][gc,marking    ] GC(96) Concurrent Scan Root Regions
[29.687s][info][gc,marking    ] GC(96) Concurrent Scan Root Regions 0.063ms
[29.687s][info][gc,marking    ] GC(96) Concurrent Mark (29.687s)
[29.687s][info][gc,marking    ] GC(96) Concurrent Mark From Roots
[29.687s][info][gc,task       ] GC(96) Using 2 workers of 2 for marking
[29.697s][info][gc,marking    ] GC(96) Concurrent Mark From Roots 10.050ms
[29.697s][info][gc,marking    ] GC(96) Concurrent Preclean
[29.697s][info][gc,marking    ] GC(96) Concurrent Preclean 0.042ms
[29.697s][info][gc,marking    ] GC(96) Concurrent Mark (29.687s, 29.697s) 10.155ms
[29.697s][info][safepoint     ] Application time: 0.0104254 seconds
[29.697s][info][safepoint     ] Entering safepoint region: CGC_Operation
[29.697s][info][gc,start      ] GC(96) Pause Remark
[29.699s][info][gc,stringtable] GC(96) Cleaned string and symbol table, strings: 20124 processed, 0 removed, symbols: 132173 processed, 0 removed
[29.700s][info][gc            ] GC(96) Pause Remark 206M->206M(1342M) 2.116ms
[29.700s][info][gc,cpu        ] GC(96) User=0.01s Sys=0.00s Real=0.00s
[29.700s][info][safepoint     ] Leaving safepoint region
[29.700s][info][safepoint     ] Total time for which application threads were stopped: 0.0022814 seconds, Stopping threads took: 0.0000144 seconds
[29.700s][info][gc,marking    ] GC(96) Concurrent Rebuild Remembered Sets
[29.707s][info][gc,marking    ] GC(96) Concurrent Rebuild Remembered Sets 7.024ms
[29.707s][info][safepoint     ] Application time: 0.0071533 seconds
[29.707s][info][safepoint     ] Entering safepoint region: CGC_Operation
[29.707s][info][gc,start      ] GC(96) Pause Cleanup
[29.707s][info][gc            ] GC(96) Pause Cleanup 397M->397M(1342M) 0.179ms
[29.707s][info][gc,cpu        ] GC(96) User=0.00s Sys=0.00s Real=0.00s
[29.707s][info][safepoint     ] Leaving safepoint region
[29.707s][info][safepoint     ] Total time for which application threads were stopped: 0.0003968 seconds, Stopping threads took: 0.0000134 seconds
[29.707s][info][gc,marking    ] GC(96) Concurrent Cleanup for Next Mark
[29.708s][info][gc,marking    ] GC(96) Concurrent Cleanup for Next Mark 1.038ms
[29.708s][info][gc            ] GC(96) Concurrent Cycle 21.329ms
[29.725s][info][safepoint     ] Application time: 0.0178971 seconds
[29.725s][info][safepoint     ] Entering safepoint region: G1CollectForAllocation
[29.725s][info][gc,start      ] GC(97) Pause Young (Concurrent Start) (G1 Humongous Allocation)
[29.725s][info][gc,task       ] GC(97) Using 8 workers of 8 for evacuation
[29.727s][info][gc,phases     ] GC(97)   Pre Evacuate Collection Set: 0.1ms
[29.727s][info][gc,phases     ] GC(97)   Evacuate Collection Set: 1.0ms
[29.727s][info][gc,phases     ] GC(97)   Post Evacuate Collection Set: 0.3ms
[29.727s][info][gc,phases     ] GC(97)   Other: 0.2ms
[29.727s][info][gc,heap       ] GC(97) Eden regions: 1->0(804)
[29.727s][info][gc,heap       ] GC(97) Survivor regions: 1->1(101)
[29.727s][info][gc,heap       ] GC(97) Old regions: 15->15
[29.727s][info][gc,heap       ] GC(97) Humongous regions: 573->0
[29.727s][info][gc,metaspace  ] GC(97) Metaspace: 38643K->38643K(1085440K)
[29.727s][info][gc            ] GC(97) Pause Young (Concurrent Start) (G1 Humongous Allocation) 588M->14M(1342M) 1.694ms
[29.727s][info][gc,cpu        ] GC(97) User=0.01s Sys=0.00s Real=0.01s
[29.727s][info][safepoint     ] Leaving safepoint region
[29.727s][info][safepoint     ] Total time for which application threads were stopped: 0.0018421 seconds, Stopping threads took: 0.0000181 seconds
[29.727s][info][gc            ] GC(98) Concurrent Cycle
[29.727s][info][gc,marking    ] GC(98) Concurrent Clear Claimed Marks
[29.727s][info][gc,marking    ] GC(98) Concurrent Clear Claimed Marks 0.039ms
[29.727s][info][gc,marking    ] GC(98) Concurrent Scan Root Regions
[29.727s][info][gc,marking    ] GC(98) Concurrent Scan Root Regions 0.103ms
[29.727s][info][gc,marking    ] GC(98) Concurrent Mark (29.727s)
[29.727s][info][gc,marking    ] GC(98) Concurrent Mark From Roots
[29.727s][info][gc,task       ] GC(98) Using 2 workers of 2 for marking
[29.737s][info][gc,marking    ] GC(98) Concurrent Mark From Roots 10.023ms
[29.737s][info][gc,marking    ] GC(98) Concurrent Preclean
[29.737s][info][gc,marking    ] GC(98) Concurrent Preclean 0.043ms
[29.737s][info][gc,marking    ] GC(98) Concurrent Mark (29.727s, 29.737s) 10.187ms
[29.737s][info][safepoint     ] Application time: 0.0104444 seconds
[29.737s][info][safepoint     ] Entering safepoint region: CGC_Operation
[29.738s][info][gc,start      ] GC(98) Pause Remark
[29.739s][info][gc,stringtable] GC(98) Cleaned string and symbol table, strings: 20124 processed, 0 removed, symbols: 132173 processed, 0 removed
[29.740s][info][gc            ] GC(98) Pause Remark 206M->206M(1342M) 2.063ms
[29.740s][info][gc,cpu        ] GC(98) User=0.01s Sys=0.00s Real=0.00s
[29.740s][info][safepoint     ] Leaving safepoint region
[29.740s][info][safepoint     ] Total time for which application threads were stopped: 0.0022434 seconds, Stopping threads took: 0.0000139 seconds
[29.740s][info][gc,marking    ] GC(98) Concurrent Rebuild Remembered Sets
[29.747s][info][gc,marking    ] GC(98) Concurrent Rebuild Remembered Sets 7.232ms
[29.747s][info][safepoint     ] Application time: 0.0074060 seconds
[29.747s][info][safepoint     ] Entering safepoint region: CGC_Operation
[29.747s][info][gc,start      ] GC(98) Pause Cleanup
[29.747s][info][gc            ] GC(98) Pause Cleanup 397M->397M(1342M) 0.220ms
[29.748s][info][gc,cpu        ] GC(98) User=0.00s Sys=0.00s Real=0.00s
[29.748s][info][safepoint     ] Leaving safepoint region
[29.748s][info][safepoint     ] Total time for which application threads were stopped: 0.0004637 seconds, Stopping threads took: 0.0000457 seconds
[29.748s][info][gc,marking    ] GC(98) Concurrent Cleanup for Next Mark
[29.749s][info][gc,marking    ] GC(98) Concurrent Cleanup for Next Mark 1.148ms
[29.749s][info][gc            ] GC(98) Concurrent Cycle 21.824ms
[29.764s][info][safepoint     ] Application time: 0.0162336 seconds
[29.764s][info][safepoint     ] Entering safepoint region: G1CollectForAllocation
[29.764s][info][gc,start      ] GC(99) Pause Young (Concurrent Start) (G1 Humongous Allocation)
[29.764s][info][gc,task       ] GC(99) Using 8 workers of 8 for evacuation
[29.766s][info][gc,phases     ] GC(99)   Pre Evacuate Collection Set: 0.1ms
[29.766s][info][gc,phases     ] GC(99)   Evacuate Collection Set: 0.9ms
[29.766s][info][gc,phases     ] GC(99)   Post Evacuate Collection Set: 0.4ms
[29.766s][info][gc,phases     ] GC(99)   Other: 0.2ms
[29.766s][info][gc,heap       ] GC(99) Eden regions: 1->0(804)
[29.766s][info][gc,heap       ] GC(99) Survivor regions: 1->1(101)
[29.766s][info][gc,heap       ] GC(99) Old regions: 15->15
[29.766s][info][gc,heap       ] GC(99) Humongous regions: 573->0
[29.766s][info][gc,metaspace  ] GC(99) Metaspace: 38643K->38643K(1085440K)
[29.766s][info][gc            ] GC(99) Pause Young (Concurrent Start) (G1 Humongous Allocation) 588M->14M(1342M) 1.737ms
[29.766s][info][gc,cpu        ] GC(99) User=0.00s Sys=0.00s Real=0.00s
[29.766s][info][safepoint     ] Leaving safepoint region
[29.766s][info][safepoint     ] Total time for which application threads were stopped: 0.0020421 seconds, Stopping threads took: 0.0000192 seconds
[29.766s][info][gc            ] GC(100) Concurrent Cycle
[29.766s][info][gc,marking    ] GC(100) Concurrent Clear Claimed Marks
[29.766s][info][gc,marking    ] GC(100) Concurrent Clear Claimed Marks 0.045ms
[29.766s][info][gc,marking    ] GC(100) Concurrent Scan Root Regions
[29.766s][info][gc,marking    ] GC(100) Concurrent Scan Root Regions 0.165ms
[29.766s][info][gc,marking    ] GC(100) Concurrent Mark (29.766s)
[29.766s][info][gc,marking    ] GC(100) Concurrent Mark From Roots
[29.766s][info][gc,task       ] GC(100) Using 2 workers of 2 for marking
[29.776s][info][gc,marking    ] GC(100) Concurrent Mark From Roots 10.192ms
[29.776s][info][gc,marking    ] GC(100) Concurrent Preclean
[29.777s][info][gc,marking    ] GC(100) Concurrent Preclean 0.043ms
[29.777s][info][gc,marking    ] GC(100) Concurrent Mark (29.766s, 29.777s) 10.297ms
[29.777s][info][safepoint     ] Application time: 0.0106042 seconds
[29.777s][info][safepoint     ] Entering safepoint region: CGC_Operation
[29.777s][info][gc,start      ] GC(100) Pause Remark
[29.779s][info][gc,stringtable] GC(100) Cleaned string and symbol table, strings: 20124 processed, 0 removed, symbols: 132173 processed, 0 removed
[29.779s][info][gc            ] GC(100) Pause Remark 206M->206M(1342M) 2.137ms
[29.779s][info][gc,cpu        ] GC(100) User=0.01s Sys=0.00s Real=0.00s
[29.779s][info][safepoint     ] Leaving safepoint region
[29.779s][info][safepoint     ] Total time for which application threads were stopped: 0.0023385 seconds, Stopping threads took: 0.0000130 seconds
[29.779s][info][gc,marking    ] GC(100) Concurrent Rebuild Remembered Sets
[29.786s][info][gc,marking    ] GC(100) Concurrent Rebuild Remembered Sets 7.299ms
[29.786s][info][safepoint     ] Application time: 0.0075046 seconds
[29.786s][info][safepoint     ] Entering safepoint region: CGC_Operation
[29.787s][info][gc,start      ] GC(100) Pause Cleanup
[29.787s][info][gc            ] GC(100) Pause Cleanup 397M->397M(1342M) 0.194ms
[29.787s][info][gc,cpu        ] GC(100) User=0.00s Sys=0.00s Real=0.00s
[29.787s][info][safepoint     ] Leaving safepoint region
[29.787s][info][safepoint     ] Total time for which application threads were stopped: 0.0003814 seconds, Stopping threads took: 0.0000141 seconds
[29.787s][info][gc,marking    ] GC(100) Concurrent Cleanup for Next Mark
[29.788s][info][gc,marking    ] GC(100) Concurrent Cleanup for Next Mark 1.037ms
[29.788s][info][gc            ] GC(100) Concurrent Cycle 21.939ms
[29.803s][info][safepoint     ] Application time: 0.0164405 seconds
[29.803s][info][safepoint     ] Entering safepoint region: G1CollectForAllocation
[29.804s][info][gc,start      ] GC(101) Pause Young (Concurrent Start) (G1 Humongous Allocation)
[29.804s][info][gc,task       ] GC(101) Using 8 workers of 8 for evacuation
[29.805s][info][gc,phases     ] GC(101)   Pre Evacuate Collection Set: 0.1ms
[29.805s][info][gc,phases     ] GC(101)   Evacuate Collection Set: 1.0ms
[29.805s][info][gc,phases     ] GC(101)   Post Evacuate Collection Set: 0.3ms
[29.805s][info][gc,phases     ] GC(101)   Other: 0.2ms
[29.805s][info][gc,heap       ] GC(101) Eden regions: 2->0(804)
[29.805s][info][gc,heap       ] GC(101) Survivor regions: 1->1(101)
[29.805s][info][gc,heap       ] GC(101) Old regions: 15->15
[29.805s][info][gc,heap       ] GC(101) Humongous regions: 573->0
[29.805s][info][gc,metaspace  ] GC(101) Metaspace: 38643K->38643K(1085440K)
[29.805s][info][gc            ] GC(101) Pause Young (Concurrent Start) (G1 Humongous Allocation) 588M->14M(1342M) 1.625ms
[29.805s][info][gc,cpu        ] GC(101) User=0.01s Sys=0.00s Real=0.00s
[29.805s][info][safepoint     ] Leaving safepoint region
[29.805s][info][safepoint     ] Total time for which application threads were stopped: 0.0019873 seconds, Stopping threads took: 0.0000408 seconds
[29.805s][info][gc            ] GC(102) Concurrent Cycle
[29.805s][info][gc,marking    ] GC(102) Concurrent Clear Claimed Marks
[29.805s][info][gc,marking    ] GC(102) Concurrent Clear Claimed Marks 0.027ms
[29.805s][info][gc,marking    ] GC(102) Concurrent Scan Root Regions
[29.806s][info][gc,marking    ] GC(102) Concurrent Scan Root Regions 0.140ms
[29.806s][info][gc,marking    ] GC(102) Concurrent Mark (29.806s)
[29.806s][info][gc,marking    ] GC(102) Concurrent Mark From Roots
[29.806s][info][gc,task       ] GC(102) Using 2 workers of 2 for marking
[29.816s][info][gc,marking    ] GC(102) Concurrent Mark From Roots 9.906ms
[29.816s][info][gc,marking    ] GC(102) Concurrent Preclean
[29.816s][info][gc,marking    ] GC(102) Concurrent Preclean 0.102ms
[29.816s][info][gc,marking    ] GC(102) Concurrent Mark (29.806s, 29.816s) 10.128ms
[29.816s][info][safepoint     ] Application time: 0.0104080 seconds
[29.816s][info][safepoint     ] Entering safepoint region: CGC_Operation
[29.816s][info][gc,start      ] GC(102) Pause Remark
[29.818s][info][gc,stringtable] GC(102) Cleaned string and symbol table, strings: 20124 processed, 0 removed, symbols: 132173 processed, 0 removed
[29.818s][info][gc            ] GC(102) Pause Remark 206M->206M(1342M) 2.175ms
[29.818s][info][gc,cpu        ] GC(102) User=0.01s Sys=0.00s Real=0.01s
[29.818s][info][safepoint     ] Leaving safepoint region
[29.818s][info][safepoint     ] Total time for which application threads were stopped: 0.0024438 seconds, Stopping threads took: 0.0000735 seconds
[29.818s][info][gc,marking    ] GC(102) Concurrent Rebuild Remembered Sets
[29.826s][info][gc,marking    ] GC(102) Concurrent Rebuild Remembered Sets 7.291ms
[29.826s][info][safepoint     ] Application time: 0.0074941 seconds
[29.826s][info][safepoint     ] Entering safepoint region: CGC_Operation
[29.826s][info][gc,start      ] GC(102) Pause Cleanup
[29.826s][info][gc            ] GC(102) Pause Cleanup 397M->397M(1342M) 0.206ms
[29.826s][info][gc,cpu        ] GC(102) User=0.00s Sys=0.00s Real=0.00s
[29.826s][info][safepoint     ] Leaving safepoint region
[29.826s][info][safepoint     ] Total time for which application threads were stopped: 0.0003785 seconds, Stopping threads took: 0.0000132 seconds
[29.826s][info][gc,marking    ] GC(102) Concurrent Cleanup for Next Mark
[29.827s][info][gc,marking    ] GC(102) Concurrent Cleanup for Next Mark 1.049ms
[29.827s][info][gc            ] GC(102) Concurrent Cycle 21.833ms
[29.843s][info][safepoint     ] Application time: 0.0166237 seconds
[29.843s][info][safepoint     ] Entering safepoint region: G1CollectForAllocation
[29.843s][info][gc,start      ] GC(103) Pause Young (Concurrent Start) (G1 Humongous Allocation)
[29.843s][info][gc,task       ] GC(103) Using 8 workers of 8 for evacuation
[29.845s][info][gc,phases     ] GC(103)   Pre Evacuate Collection Set: 0.1ms
[29.845s][info][gc,phases     ] GC(103)   Evacuate Collection Set: 1.3ms
[29.846s][info][gc,phases     ] GC(103)   Post Evacuate Collection Set: 0.8ms
[29.846s][info][gc,phases     ] GC(103)   Other: 0.2ms
[29.846s][info][gc,heap       ] GC(103) Eden regions: 1->0(804)
[29.846s][info][gc,heap       ] GC(103) Survivor regions: 1->1(101)
[29.846s][info][gc,heap       ] GC(103) Old regions: 15->15
[29.846s][info][gc,heap       ] GC(103) Humongous regions: 573->0
[29.846s][info][gc,metaspace  ] GC(103) Metaspace: 38643K->38643K(1085440K)
[29.846s][info][gc            ] GC(103) Pause Young (Concurrent Start) (G1 Humongous Allocation) 588M->14M(1342M) 2.771ms
[29.846s][info][gc,cpu        ] GC(103) User=0.00s Sys=0.00s Real=0.00s
[29.846s][info][safepoint     ] Leaving safepoint region
[29.846s][info][safepoint     ] Total time for which application threads were stopped: 0.0029781 seconds, Stopping threads took: 0.0000225 seconds
[29.846s][info][gc            ] GC(104) Concurrent Cycle
[29.846s][info][gc,marking    ] GC(104) Concurrent Clear Claimed Marks
[29.846s][info][gc,marking    ] GC(104) Concurrent Clear Claimed Marks 0.288ms
[29.846s][info][gc,marking    ] GC(104) Concurrent Scan Root Regions
[29.846s][info][gc,marking    ] GC(104) Concurrent Scan Root Regions 0.256ms
[29.846s][info][gc,marking    ] GC(104) Concurrent Mark (29.846s)
[29.846s][info][gc,marking    ] GC(104) Concurrent Mark From Roots
[29.846s][info][gc,task       ] GC(104) Using 2 workers of 2 for marking
[29.863s][info][gc,marking    ] GC(104) Concurrent Mark From Roots 16.127ms
[29.863s][info][gc,marking    ] GC(104) Concurrent Preclean
[29.863s][info][gc,marking    ] GC(104) Concurrent Preclean 0.096ms
[29.863s][info][gc,marking    ] GC(104) Concurrent Mark (29.846s, 29.863s) 16.352ms
[29.863s][info][safepoint     ] Application time: 0.0171716 seconds
[29.863s][info][safepoint     ] Entering safepoint region: CGC_Operation
[29.863s][info][gc,start      ] GC(104) Pause Remark
[29.866s][info][gc,stringtable] GC(104) Cleaned string and symbol table, strings: 20124 processed, 0 removed, symbols: 132173 processed, 0 removed
[29.866s][info][gc            ] GC(104) Pause Remark 206M->206M(1342M) 2.775ms
[29.866s][info][gc,cpu        ] GC(104) User=0.02s Sys=0.00s Real=0.00s
[29.866s][info][safepoint     ] Leaving safepoint region
[29.866s][info][safepoint     ] Total time for which application threads were stopped: 0.0031048 seconds, Stopping threads took: 0.0000827 seconds
[29.866s][info][gc,marking    ] GC(104) Concurrent Rebuild Remembered Sets
[29.876s][info][gc,marking    ] GC(104) Concurrent Rebuild Remembered Sets 9.505ms
[29.876s][info][safepoint     ] Application time: 0.0097808 seconds
[29.882s][info][safepoint     ] Entering safepoint region: CGC_Operation
[29.883s][info][gc,start      ] GC(104) Pause Cleanup
[29.883s][info][gc            ] GC(104) Pause Cleanup 397M->397M(1342M) 0.307ms
[29.883s][info][gc,cpu        ] GC(104) User=0.00s Sys=0.00s Real=0.00s
[29.883s][info][safepoint     ] Leaving safepoint region
[29.883s][info][safepoint     ] Total time for which application threads were stopped: 0.0070017 seconds, Stopping threads took: 0.0064953 seconds
[29.883s][info][gc,marking    ] GC(104) Concurrent Cleanup for Next Mark
[29.886s][info][gc,marking    ] GC(104) Concurrent Cleanup for Next Mark 2.540ms
[29.886s][info][gc            ] GC(104) Concurrent Cycle 39.830ms
[29.909s][info][safepoint     ] Application time: 0.0262966 seconds
[29.909s][info][safepoint     ] Entering safepoint region: G1CollectForAllocation
[29.909s][info][gc,start      ] GC(105) Pause Young (Concurrent Start) (G1 Humongous Allocation)
[29.909s][info][gc,task       ] GC(105) Using 8 workers of 8 for evacuation
[29.911s][info][gc,phases     ] GC(105)   Pre Evacuate Collection Set: 0.1ms
[29.911s][info][gc,phases     ] GC(105)   Evacuate Collection Set: 0.9ms
[29.911s][info][gc,phases     ] GC(105)   Post Evacuate Collection Set: 0.3ms
[29.911s][info][gc,phases     ] GC(105)   Other: 0.2ms
[29.911s][info][gc,heap       ] GC(105) Eden regions: 1->0(804)
[29.911s][info][gc,heap       ] GC(105) Survivor regions: 1->1(101)
[29.911s][info][gc,heap       ] GC(105) Old regions: 15->15
[29.911s][info][gc,heap       ] GC(105) Humongous regions: 573->0
[29.911s][info][gc,metaspace  ] GC(105) Metaspace: 38643K->38643K(1085440K)
[29.911s][info][gc            ] GC(105) Pause Young (Concurrent Start) (G1 Humongous Allocation) 588M->14M(1342M) 1.494ms
[29.911s][info][gc,cpu        ] GC(105) User=0.01s Sys=0.00s Real=0.00s
[29.911s][info][safepoint     ] Leaving safepoint region
[29.911s][info][safepoint     ] Total time for which application threads were stopped: 0.0016597 seconds, Stopping threads took: 0.0000157 seconds
[29.911s][info][gc            ] GC(106) Concurrent Cycle
[29.911s][info][gc,marking    ] GC(106) Concurrent Clear Claimed Marks
[29.911s][info][gc,marking    ] GC(106) Concurrent Clear Claimed Marks 0.029ms
[29.911s][info][gc,marking    ] GC(106) Concurrent Scan Root Regions
[29.911s][info][gc,marking    ] GC(106) Concurrent Scan Root Regions 0.060ms
[29.911s][info][gc,marking    ] GC(106) Concurrent Mark (29.911s)
[29.911s][info][gc,marking    ] GC(106) Concurrent Mark From Roots
[29.911s][info][gc,task       ] GC(106) Using 2 workers of 2 for marking
[29.921s][info][gc,marking    ] GC(106) Concurrent Mark From Roots 10.079ms
[29.921s][info][gc,marking    ] GC(106) Concurrent Preclean
[29.921s][info][gc,marking    ] GC(106) Concurrent Preclean 0.046ms
[29.921s][info][gc,marking    ] GC(106) Concurrent Mark (29.911s, 29.921s) 10.193ms
[29.921s][info][safepoint     ] Application time: 0.0103844 seconds
[29.921s][info][safepoint     ] Entering safepoint region: CGC_Operation
[29.921s][info][gc,start      ] GC(106) Pause Remark
[29.923s][info][gc,stringtable] GC(106) Cleaned string and symbol table, strings: 20124 processed, 0 removed, symbols: 132173 processed, 0 removed
[29.923s][info][gc            ] GC(106) Pause Remark 206M->206M(1342M) 1.990ms
[29.923s][info][gc,cpu        ] GC(106) User=0.01s Sys=0.00s Real=0.00s
[29.923s][info][safepoint     ] Leaving safepoint region
[29.923s][info][safepoint     ] Total time for which application threads were stopped: 0.0021229 seconds, Stopping threads took: 0.0000144 seconds
[29.924s][info][gc,marking    ] GC(106) Concurrent Rebuild Remembered Sets
[29.931s][info][gc,marking    ] GC(106) Concurrent Rebuild Remembered Sets 7.133ms
[29.931s][info][safepoint     ] Application time: 0.0072540 seconds
[29.931s][info][safepoint     ] Entering safepoint region: CGC_Operation
[29.931s][info][gc,start      ] GC(106) Pause Cleanup
[29.931s][info][gc            ] GC(106) Pause Cleanup 397M->397M(1342M) 0.198ms
[29.931s][info][gc,cpu        ] GC(106) User=0.00s Sys=0.00s Real=0.00s
[29.931s][info][safepoint     ] Leaving safepoint region
[29.931s][info][safepoint     ] Total time for which application threads were stopped: 0.0003801 seconds, Stopping threads took: 0.0000141 seconds
[29.931s][info][gc,marking    ] GC(106) Concurrent Cleanup for Next Mark
[29.932s][info][gc,marking    ] GC(106) Concurrent Cleanup for Next Mark 1.030ms
[29.932s][info][gc            ] GC(106) Concurrent Cycle 21.211ms
[29.949s][info][safepoint     ] Application time: 0.0176447 seconds
[29.949s][info][safepoint     ] Entering safepoint region: G1CollectForAllocation
[29.949s][info][gc,start      ] GC(107) Pause Young (Concurrent Start) (G1 Humongous Allocation)
[29.949s][info][gc,task       ] GC(107) Using 8 workers of 8 for evacuation
[29.951s][info][gc,phases     ] GC(107)   Pre Evacuate Collection Set: 0.1ms
[29.951s][info][gc,phases     ] GC(107)   Evacuate Collection Set: 1.1ms
[29.951s][info][gc,phases     ] GC(107)   Post Evacuate Collection Set: 0.3ms
[29.951s][info][gc,phases     ] GC(107)   Other: 0.2ms
[29.951s][info][gc,heap       ] GC(107) Eden regions: 1->0(804)
[29.951s][info][gc,heap       ] GC(107) Survivor regions: 1->1(101)
[29.951s][info][gc,heap       ] GC(107) Old regions: 15->15
[29.951s][info][gc,heap       ] GC(107) Humongous regions: 573->0
[29.951s][info][gc,metaspace  ] GC(107) Metaspace: 38643K->38643K(1085440K)
[29.951s][info][gc            ] GC(107) Pause Young (Concurrent Start) (G1 Humongous Allocation) 588M->14M(1342M) 1.816ms
[29.951s][info][gc,cpu        ] GC(107) User=0.00s Sys=0.01s Real=0.00s
[29.951s][info][safepoint     ] Leaving safepoint region
[29.951s][info][safepoint     ] Total time for which application threads were stopped: 0.0022069 seconds, Stopping threads took: 0.0000705 seconds
[29.951s][info][gc            ] GC(108) Concurrent Cycle
[29.951s][info][gc,marking    ] GC(108) Concurrent Clear Claimed Marks
[29.951s][info][gc,marking    ] GC(108) Concurrent Clear Claimed Marks 0.040ms
[29.951s][info][gc,marking    ] GC(108) Concurrent Scan Root Regions
[29.951s][info][gc,marking    ] GC(108) Concurrent Scan Root Regions 0.081ms
[29.951s][info][gc,marking    ] GC(108) Concurrent Mark (29.951s)
[29.951s][info][gc,marking    ] GC(108) Concurrent Mark From Roots
[29.951s][info][gc,task       ] GC(108) Using 2 workers of 2 for marking
[29.962s][info][gc,marking    ] GC(108) Concurrent Mark From Roots 10.343ms
[29.962s][info][gc,marking    ] GC(108) Concurrent Preclean
[29.962s][info][gc,marking    ] GC(108) Concurrent Preclean 0.046ms
[29.962s][info][gc,marking    ] GC(108) Concurrent Mark (29.951s, 29.962s) 10.457ms
[29.962s][info][safepoint     ] Application time: 0.0106901 seconds
[29.962s][info][safepoint     ] Entering safepoint region: CGC_Operation
[29.962s][info][gc,start      ] GC(108) Pause Remark
[29.964s][info][gc,stringtable] GC(108) Cleaned string and symbol table, strings: 20124 processed, 0 removed, symbols: 132173 processed, 0 removed
[29.964s][info][gc            ] GC(108) Pause Remark 206M->206M(1342M) 2.180ms
[29.964s][info][gc,cpu        ] GC(108) User=0.01s Sys=0.00s Real=0.00s
[29.964s][info][safepoint     ] Leaving safepoint region
[29.964s][info][safepoint     ] Total time for which application threads were stopped: 0.0023767 seconds, Stopping threads took: 0.0000135 seconds
[29.964s][info][gc,marking    ] GC(108) Concurrent Rebuild Remembered Sets
[29.971s][info][gc,marking    ] GC(108) Concurrent Rebuild Remembered Sets 7.074ms
[29.971s][info][safepoint     ] Application time: 0.0072065 seconds
[29.971s][info][safepoint     ] Entering safepoint region: CGC_Operation
[29.972s][info][gc,start      ] GC(108) Pause Cleanup
[29.972s][info][gc            ] GC(108) Pause Cleanup 397M->397M(1342M) 0.212ms
[29.972s][info][gc,cpu        ] GC(108) User=0.00s Sys=0.00s Real=0.00s
[29.972s][info][safepoint     ] Leaving safepoint region
[29.972s][info][safepoint     ] Total time for which application threads were stopped: 0.0003828 seconds, Stopping threads took: 0.0000139 seconds
[29.972s][info][gc,marking    ] GC(108) Concurrent Cleanup for Next Mark
[29.973s][info][gc,marking    ] GC(108) Concurrent Cleanup for Next Mark 1.073ms
[29.973s][info][gc            ] GC(108) Concurrent Cycle 21.773ms
[29.989s][info][safepoint     ] Application time: 0.0169936 seconds
[29.989s][info][safepoint     ] Entering safepoint region: G1CollectForAllocation
[29.989s][info][gc,start      ] GC(109) Pause Young (Concurrent Start) (G1 Humongous Allocation)
[29.989s][info][gc,task       ] GC(109) Using 8 workers of 8 for evacuation
[29.991s][info][gc,phases     ] GC(109)   Pre Evacuate Collection Set: 0.1ms
[29.991s][info][gc,phases     ] GC(109)   Evacuate Collection Set: 1.0ms
[29.991s][info][gc,phases     ] GC(109)   Post Evacuate Collection Set: 0.6ms
[29.991s][info][gc,phases     ] GC(109)   Other: 0.2ms
[29.991s][info][gc,heap       ] GC(109) Eden regions: 1->0(804)
[29.991s][info][gc,heap       ] GC(109) Survivor regions: 1->1(101)
[29.991s][info][gc,heap       ] GC(109) Old regions: 15->15
[29.991s][info][gc,heap       ] GC(109) Humongous regions: 573->0
[29.991s][info][gc,metaspace  ] GC(109) Metaspace: 38643K->38643K(1085440K)
[29.991s][info][gc            ] GC(109) Pause Young (Concurrent Start) (G1 Humongous Allocation) 588M->14M(1342M) 1.936ms
[29.991s][info][gc,cpu        ] GC(109) User=0.01s Sys=0.00s Real=0.00s
[29.991s][info][safepoint     ] Leaving safepoint region
[29.991s][info][safepoint     ] Total time for which application threads were stopped: 0.0021710 seconds, Stopping threads took: 0.0000444 seconds
[29.991s][info][gc            ] GC(110) Concurrent Cycle
[29.991s][info][gc,marking    ] GC(110) Concurrent Clear Claimed Marks
[29.991s][info][gc,marking    ] GC(110) Concurrent Clear Claimed Marks 0.114ms
[29.991s][info][gc,marking    ] GC(110) Concurrent Scan Root Regions
[29.991s][info][gc,marking    ] GC(110) Concurrent Scan Root Regions 0.070ms
[29.991s][info][gc,marking    ] GC(110) Concurrent Mark (29.991s)
[29.991s][info][gc,marking    ] GC(110) Concurrent Mark From Roots
[29.991s][info][gc,task       ] GC(110) Using 2 workers of 2 for marking
[30.002s][info][gc,marking    ] GC(110) Concurrent Mark From Roots 11.021ms
[30.002s][info][gc,marking    ] GC(110) Concurrent Preclean
[30.003s][info][gc,marking    ] GC(110) Concurrent Preclean 0.051ms
[30.003s][info][gc,marking    ] GC(110) Concurrent Mark (29.991s, 30.003s) 11.163ms
[30.003s][info][safepoint     ] Application time: 0.0115155 seconds
[30.003s][info][safepoint     ] Entering safepoint region: CGC_Operation
[30.003s][info][gc,start      ] GC(110) Pause Remark
[30.005s][info][gc,stringtable] GC(110) Cleaned string and symbol table, strings: 20124 processed, 0 removed, symbols: 132173 processed, 0 removed
[30.005s][info][gc            ] GC(110) Pause Remark 206M->206M(1342M) 2.138ms
[30.005s][info][gc,cpu        ] GC(110) User=0.01s Sys=0.00s Real=0.00s
[30.005s][info][safepoint     ] Leaving safepoint region
[30.005s][info][safepoint     ] Total time for which application threads were stopped: 0.0022716 seconds, Stopping threads took: 0.0000138 seconds
[30.005s][info][gc,marking    ] GC(110) Concurrent Rebuild Remembered Sets
[30.012s][info][gc,marking    ] GC(110) Concurrent Rebuild Remembered Sets 7.078ms
[30.012s][info][safepoint     ] Application time: 0.0072029 seconds
[30.012s][info][safepoint     ] Entering safepoint region: CGC_Operation
[30.012s][info][gc,start      ] GC(110) Pause Cleanup
[30.013s][info][gc            ] GC(110) Pause Cleanup 397M->397M(1342M) 0.337ms
[30.013s][info][gc,cpu        ] GC(110) User=0.00s Sys=0.00s Real=0.00s
[30.013s][info][safepoint     ] Leaving safepoint region
[30.013s][info][safepoint     ] Total time for which application threads were stopped: 0.0005583 seconds, Stopping threads took: 0.0000136 seconds
[30.013s][info][gc,marking    ] GC(110) Concurrent Cleanup for Next Mark
[30.014s][info][gc,marking    ] GC(110) Concurrent Cleanup for Next Mark 1.038ms
[30.014s][info][gc            ] GC(110) Concurrent Cycle 22.625ms
[30.031s][info][safepoint     ] Application time: 0.0178628 seconds
[30.031s][info][safepoint     ] Entering safepoint region: G1CollectForAllocation
[30.031s][info][gc,start      ] GC(111) Pause Young (Concurrent Start) (G1 Humongous Allocation)
[30.031s][info][gc,task       ] GC(111) Using 8 workers of 8 for evacuation
[30.033s][info][gc,phases     ] GC(111)   Pre Evacuate Collection Set: 0.1ms
[30.033s][info][gc,phases     ] GC(111)   Evacuate Collection Set: 1.6ms
[30.033s][info][gc,phases     ] GC(111)   Post Evacuate Collection Set: 0.4ms
[30.033s][info][gc,phases     ] GC(111)   Other: 0.2ms
[30.033s][info][gc,heap       ] GC(111) Eden regions: 1->0(804)
[30.033s][info][gc,heap       ] GC(111) Survivor regions: 1->1(101)
[30.033s][info][gc,heap       ] GC(111) Old regions: 15->15
[30.033s][info][gc,heap       ] GC(111) Humongous regions: 573->0
[30.033s][info][gc,metaspace  ] GC(111) Metaspace: 38643K->38643K(1085440K)
[30.033s][info][gc            ] GC(111) Pause Young (Concurrent Start) (G1 Humongous Allocation) 588M->14M(1342M) 2.401ms
[30.033s][info][gc,cpu        ] GC(111) User=0.01s Sys=0.00s Real=0.00s
[30.033s][info][safepoint     ] Leaving safepoint region
[30.033s][info][safepoint     ] Total time for which application threads were stopped: 0.0025634 seconds, Stopping threads took: 0.0000220 seconds
[30.033s][info][gc            ] GC(112) Concurrent Cycle
[30.033s][info][gc,marking    ] GC(112) Concurrent Clear Claimed Marks
[30.033s][info][gc,marking    ] GC(112) Concurrent Clear Claimed Marks 0.087ms
[30.033s][info][gc,marking    ] GC(112) Concurrent Scan Root Regions
[30.033s][info][gc,marking    ] GC(112) Concurrent Scan Root Regions 0.070ms
[30.033s][info][gc,marking    ] GC(112) Concurrent Mark (30.033s)
[30.033s][info][gc,marking    ] GC(112) Concurrent Mark From Roots
[30.033s][info][gc,task       ] GC(112) Using 2 workers of 2 for marking
[30.043s][info][gc,marking    ] GC(112) Concurrent Mark From Roots 9.886ms
[30.043s][info][gc,marking    ] GC(112) Concurrent Preclean
[30.044s][info][gc,marking    ] GC(112) Concurrent Preclean 0.045ms
[30.044s][info][gc,marking    ] GC(112) Concurrent Mark (30.033s, 30.044s) 10.056ms
[30.044s][info][safepoint     ] Application time: 0.0103499 seconds
[30.044s][info][safepoint     ] Entering safepoint region: CGC_Operation
[30.044s][info][gc,start      ] GC(112) Pause Remark
[30.046s][info][gc,stringtable] GC(112) Cleaned string and symbol table, strings: 20124 processed, 0 removed, symbols: 132173 processed, 0 removed
[30.046s][info][gc            ] GC(112) Pause Remark 206M->206M(1342M) 2.192ms
[30.046s][info][gc,cpu        ] GC(112) User=0.01s Sys=0.00s Real=0.00s
[30.046s][info][safepoint     ] Leaving safepoint region
[30.046s][info][safepoint     ] Total time for which application threads were stopped: 0.0023829 seconds, Stopping threads took: 0.0000137 seconds
[30.046s][info][gc,marking    ] GC(112) Concurrent Rebuild Remembered Sets
[30.054s][info][gc,marking    ] GC(112) Concurrent Rebuild Remembered Sets 8.273ms
[30.054s][info][safepoint     ] Application time: 0.0084331 seconds
[30.054s][info][safepoint     ] Entering safepoint region: CGC_Operation
[30.054s][info][gc,start      ] GC(112) Pause Cleanup
[30.055s][info][gc            ] GC(112) Pause Cleanup 397M->397M(1342M) 0.171ms
[30.055s][info][gc,cpu        ] GC(112) User=0.00s Sys=0.00s Real=0.00s
[30.055s][info][safepoint     ] Leaving safepoint region
[30.055s][info][safepoint     ] Total time for which application threads were stopped: 0.0002928 seconds, Stopping threads took: 0.0000144 seconds
[30.055s][info][gc,marking    ] GC(112) Concurrent Cleanup for Next Mark
[30.057s][info][gc,marking    ] GC(112) Concurrent Cleanup for Next Mark 2.086ms
[30.057s][info][gc            ] GC(112) Concurrent Cycle 23.615ms
[30.078s][info][safepoint     ] Application time: 0.0237722 seconds
[30.079s][info][safepoint     ] Entering safepoint region: G1CollectForAllocation
[30.079s][info][gc,start      ] GC(113) Pause Young (Concurrent Start) (G1 Humongous Allocation)
[30.079s][info][gc,task       ] GC(113) Using 8 workers of 8 for evacuation
[30.081s][info][gc,phases     ] GC(113)   Pre Evacuate Collection Set: 0.4ms
[30.081s][info][gc,phases     ] GC(113)   Evacuate Collection Set: 1.4ms
[30.081s][info][gc,phases     ] GC(113)   Post Evacuate Collection Set: 0.4ms
[30.081s][info][gc,phases     ] GC(113)   Other: 0.5ms
[30.081s][info][gc,heap       ] GC(113) Eden regions: 1->0(804)
[30.081s][info][gc,heap       ] GC(113) Survivor regions: 1->1(101)
[30.081s][info][gc,heap       ] GC(113) Old regions: 15->15
[30.081s][info][gc,heap       ] GC(113) Humongous regions: 573->0
[30.081s][info][gc,metaspace  ] GC(113) Metaspace: 38643K->38643K(1085440K)
[30.081s][info][gc            ] GC(113) Pause Young (Concurrent Start) (G1 Humongous Allocation) 588M->14M(1342M) 2.756ms
[30.081s][info][gc,cpu        ] GC(113) User=0.01s Sys=0.00s Real=0.00s
[30.082s][info][safepoint     ] Leaving safepoint region
[30.082s][info][gc            ] GC(114) Concurrent Cycle
[30.082s][info][safepoint     ] Total time for which application threads were stopped: 0.0029839 seconds, Stopping threads took: 0.0000155 seconds
[30.082s][info][gc,marking    ] GC(114) Concurrent Clear Claimed Marks
[30.082s][info][gc,marking    ] GC(114) Concurrent Clear Claimed Marks 0.095ms
[30.082s][info][gc,marking    ] GC(114) Concurrent Scan Root Regions
[30.082s][info][gc,marking    ] GC(114) Concurrent Scan Root Regions 0.070ms
[30.082s][info][gc,marking    ] GC(114) Concurrent Mark (30.082s)
[30.082s][info][gc,marking    ] GC(114) Concurrent Mark From Roots
[30.082s][info][gc,task       ] GC(114) Using 2 workers of 2 for marking
[30.100s][info][gc,marking    ] GC(114) Concurrent Mark From Roots 17.965ms
[30.100s][info][gc,marking    ] GC(114) Concurrent Preclean
[30.100s][info][gc,marking    ] GC(114) Concurrent Preclean 0.102ms
[30.100s][info][gc,marking    ] GC(114) Concurrent Mark (30.082s, 30.100s) 18.204ms
[30.100s][info][safepoint     ] Application time: 0.0184497 seconds
[30.100s][info][safepoint     ] Entering safepoint region: CGC_Operation
[30.100s][info][gc,start      ] GC(114) Pause Remark
[30.102s][info][gc,stringtable] GC(114) Cleaned string and symbol table, strings: 20124 processed, 0 removed, symbols: 132173 processed, 0 removed
[30.102s][info][gc            ] GC(114) Pause Remark 206M->206M(1342M) 2.220ms
[30.102s][info][gc,cpu        ] GC(114) User=0.01s Sys=0.00s Real=0.00s
[30.102s][info][safepoint     ] Leaving safepoint region
[30.102s][info][safepoint     ] Total time for which application threads were stopped: 0.0024746 seconds, Stopping threads took: 0.0000507 seconds
[30.103s][info][gc,marking    ] GC(114) Concurrent Rebuild Remembered Sets
[30.112s][info][gc,marking    ] GC(114) Concurrent Rebuild Remembered Sets 8.955ms
[30.112s][info][safepoint     ] Application time: 0.0091623 seconds
[30.118s][info][safepoint     ] Entering safepoint region: CGC_Operation
[30.118s][info][gc,start      ] GC(114) Pause Cleanup
[30.118s][info][gc            ] GC(114) Pause Cleanup 397M->397M(1342M) 0.145ms
[30.118s][info][gc,cpu        ] GC(114) User=0.00s Sys=0.00s Real=0.00s
[30.118s][info][safepoint     ] Leaving safepoint region
[30.118s][info][safepoint     ] Total time for which application threads were stopped: 0.0067183 seconds, Stopping threads took: 0.0064632 seconds
[30.118s][info][gc,marking    ] GC(114) Concurrent Cleanup for Next Mark
[30.119s][info][gc,marking    ] GC(114) Concurrent Cleanup for Next Mark 1.012ms
[30.119s][info][gc            ] GC(114) Concurrent Cycle 37.947ms
[30.136s][info][safepoint     ] Application time: 0.0180946 seconds
[30.137s][info][safepoint     ] Entering safepoint region: G1CollectForAllocation
[30.137s][info][gc,start      ] GC(115) Pause Young (Concurrent Start) (G1 Humongous Allocation)
[30.137s][info][gc,task       ] GC(115) Using 8 workers of 8 for evacuation
[30.138s][info][gc,phases     ] GC(115)   Pre Evacuate Collection Set: 0.1ms
[30.138s][info][gc,phases     ] GC(115)   Evacuate Collection Set: 1.0ms
[30.138s][info][gc,phases     ] GC(115)   Post Evacuate Collection Set: 0.4ms
[30.138s][info][gc,phases     ] GC(115)   Other: 0.2ms
[30.138s][info][gc,heap       ] GC(115) Eden regions: 1->0(804)
[30.138s][info][gc,heap       ] GC(115) Survivor regions: 1->1(101)
[30.138s][info][gc,heap       ] GC(115) Old regions: 15->15
[30.138s][info][gc,heap       ] GC(115) Humongous regions: 573->0
[30.138s][info][gc,metaspace  ] GC(115) Metaspace: 38643K->38643K(1085440K)
[30.139s][info][gc            ] GC(115) Pause Young (Concurrent Start) (G1 Humongous Allocation) 588M->14M(1342M) 1.804ms
[30.139s][info][gc,cpu        ] GC(115) User=0.01s Sys=0.00s Real=0.00s
[30.139s][info][safepoint     ] Leaving safepoint region
[30.139s][info][safepoint     ] Total time for which application threads were stopped: 0.0020097 seconds, Stopping threads took: 0.0000177 seconds
[30.139s][info][gc            ] GC(116) Concurrent Cycle
[30.139s][info][gc,marking    ] GC(116) Concurrent Clear Claimed Marks
[30.139s][info][gc,marking    ] GC(116) Concurrent Clear Claimed Marks 0.110ms
[30.139s][info][gc,marking    ] GC(116) Concurrent Scan Root Regions
[30.139s][info][gc,marking    ] GC(116) Concurrent Scan Root Regions 0.066ms
[30.139s][info][gc,marking    ] GC(116) Concurrent Mark (30.139s)
[30.139s][info][gc,marking    ] GC(116) Concurrent Mark From Roots
[30.139s][info][gc,task       ] GC(116) Using 2 workers of 2 for marking
[30.149s][info][gc,marking    ] GC(116) Concurrent Mark From Roots 10.003ms
[30.149s][info][gc,marking    ] GC(116) Concurrent Preclean
[30.149s][info][gc,marking    ] GC(116) Concurrent Preclean 0.070ms
[30.149s][info][gc,marking    ] GC(116) Concurrent Mark (30.139s, 30.149s) 10.171ms
[30.149s][info][safepoint     ] Application time: 0.0104617 seconds
[30.149s][info][safepoint     ] Entering safepoint region: CGC_Operation
[30.149s][info][gc,start      ] GC(116) Pause Remark
[30.151s][info][gc,stringtable] GC(116) Cleaned string and symbol table, strings: 20124 processed, 0 removed, symbols: 132173 processed, 0 removed
[30.151s][info][gc            ] GC(116) Pause Remark 206M->206M(1342M) 2.094ms
[30.151s][info][gc,cpu        ] GC(116) User=0.01s Sys=0.00s Real=0.00s
[30.151s][info][safepoint     ] Leaving safepoint region
[30.151s][info][safepoint     ] Total time for which application threads were stopped: 0.0022831 seconds, Stopping threads took: 0.0000469 seconds
[30.151s][info][gc,marking    ] GC(116) Concurrent Rebuild Remembered Sets
[30.158s][info][gc,marking    ] GC(116) Concurrent Rebuild Remembered Sets 7.092ms
[30.159s][info][safepoint     ] Application time: 0.0072506 seconds
[30.159s][info][safepoint     ] Entering safepoint region: CGC_Operation
[30.159s][info][gc,start      ] GC(116) Pause Cleanup
[30.159s][info][gc            ] GC(116) Pause Cleanup 397M->397M(1342M) 0.171ms
[30.159s][info][gc,cpu        ] GC(116) User=0.00s Sys=0.00s Real=0.00s
[30.159s][info][safepoint     ] Leaving safepoint region
[30.159s][info][safepoint     ] Total time for which application threads were stopped: 0.0003257 seconds, Stopping threads took: 0.0000135 seconds
[30.159s][info][gc,marking    ] GC(116) Concurrent Cleanup for Next Mark
[30.160s][info][gc,marking    ] GC(116) Concurrent Cleanup for Next Mark 1.038ms
[30.160s][info][gc            ] GC(116) Concurrent Cycle 21.401ms
[30.177s][info][safepoint     ] Application time: 0.0178216 seconds
[30.177s][info][safepoint     ] Entering safepoint region: G1CollectForAllocation
[30.177s][info][gc,start      ] GC(117) Pause Young (Concurrent Start) (G1 Humongous Allocation)
[30.177s][info][gc,task       ] GC(117) Using 8 workers of 8 for evacuation
[30.179s][info][gc,phases     ] GC(117)   Pre Evacuate Collection Set: 0.1ms
[30.179s][info][gc,phases     ] GC(117)   Evacuate Collection Set: 0.9ms
[30.179s][info][gc,phases     ] GC(117)   Post Evacuate Collection Set: 0.4ms
[30.179s][info][gc,phases     ] GC(117)   Other: 0.2ms
[30.179s][info][gc,heap       ] GC(117) Eden regions: 1->0(804)
[30.179s][info][gc,heap       ] GC(117) Survivor regions: 1->1(101)
[30.179s][info][gc,heap       ] GC(117) Old regions: 15->15
[30.179s][info][gc,heap       ] GC(117) Humongous regions: 573->0
[30.179s][info][gc,metaspace  ] GC(117) Metaspace: 38643K->38643K(1085440K)
[30.179s][info][gc            ] GC(117) Pause Young (Concurrent Start) (G1 Humongous Allocation) 588M->14M(1342M) 1.802ms
[30.179s][info][gc,cpu        ] GC(117) User=0.01s Sys=0.00s Real=0.00s
[30.179s][info][safepoint     ] Leaving safepoint region
[30.179s][info][safepoint     ] Total time for which application threads were stopped: 0.0019691 seconds, Stopping threads took: 0.0000179 seconds
[30.179s][info][gc            ] GC(118) Concurrent Cycle
[30.179s][info][gc,marking    ] GC(118) Concurrent Clear Claimed Marks
[30.179s][info][gc,marking    ] GC(118) Concurrent Clear Claimed Marks 0.134ms
[30.179s][info][gc,marking    ] GC(118) Concurrent Scan Root Regions
[30.179s][info][gc,marking    ] GC(118) Concurrent Scan Root Regions 0.070ms
[30.179s][info][gc,marking    ] GC(118) Concurrent Mark (30.179s)
[30.179s][info][gc,marking    ] GC(118) Concurrent Mark From Roots
[30.179s][info][gc,task       ] GC(118) Using 2 workers of 2 for marking
[30.189s][info][gc,marking    ] GC(118) Concurrent Mark From Roots 9.758ms
[30.189s][info][gc,marking    ] GC(118) Concurrent Preclean
[30.189s][info][gc,marking    ] GC(118) Concurrent Preclean 0.063ms
[30.189s][info][gc,marking    ] GC(118) Concurrent Mark (30.179s, 30.189s) 9.889ms
[30.189s][info][safepoint     ] Application time: 0.0101771 seconds
[30.189s][info][safepoint     ] Entering safepoint region: CGC_Operation
[30.189s][info][gc,start      ] GC(118) Pause Remark
[30.191s][info][gc,stringtable] GC(118) Cleaned string and symbol table, strings: 20124 processed, 0 removed, symbols: 132173 processed, 0 removed
[30.191s][info][gc            ] GC(118) Pause Remark 206M->206M(1342M) 2.295ms
[30.191s][info][gc,cpu        ] GC(118) User=0.01s Sys=0.00s Real=0.00s
[30.191s][info][safepoint     ] Leaving safepoint region
[30.192s][info][safepoint     ] Total time for which application threads were stopped: 0.0025260 seconds, Stopping threads took: 0.0000140 seconds
[30.192s][info][gc,marking    ] GC(118) Concurrent Rebuild Remembered Sets
[30.199s][info][gc,marking    ] GC(118) Concurrent Rebuild Remembered Sets 7.345ms
[30.199s][info][safepoint     ] Application time: 0.0075714 seconds
[30.199s][info][safepoint     ] Entering safepoint region: CGC_Operation
[30.199s][info][gc,start      ] GC(118) Pause Cleanup
[30.199s][info][gc            ] GC(118) Pause Cleanup 397M->397M(1342M) 0.195ms
[30.199s][info][gc,cpu        ] GC(118) User=0.00s Sys=0.00s Real=0.00s
[30.199s][info][safepoint     ] Leaving safepoint region
[30.199s][info][safepoint     ] Total time for which application threads were stopped: 0.0003793 seconds, Stopping threads took: 0.0000135 seconds
[30.199s][info][gc,marking    ] GC(118) Concurrent Cleanup for Next Mark
[30.201s][info][gc,marking    ] GC(118) Concurrent Cleanup for Next Mark 1.034ms
[30.201s][info][gc            ] GC(118) Concurrent Cycle 21.747ms
[30.217s][info][safepoint     ] Application time: 0.0174226 seconds
[30.217s][info][safepoint     ] Entering safepoint region: G1CollectForAllocation
[30.217s][info][gc,start      ] GC(119) Pause Young (Concurrent Start) (G1 Humongous Allocation)
[30.217s][info][gc,task       ] GC(119) Using 8 workers of 8 for evacuation
[30.219s][info][gc,phases     ] GC(119)   Pre Evacuate Collection Set: 0.1ms
[30.219s][info][gc,phases     ] GC(119)   Evacuate Collection Set: 0.9ms
[30.219s][info][gc,phases     ] GC(119)   Post Evacuate Collection Set: 0.3ms
[30.219s][info][gc,phases     ] GC(119)   Other: 0.2ms
[30.219s][info][gc,heap       ] GC(119) Eden regions: 1->0(804)
[30.219s][info][gc,heap       ] GC(119) Survivor regions: 1->1(101)
[30.219s][info][gc,heap       ] GC(119) Old regions: 15->15
[30.219s][info][gc,heap       ] GC(119) Humongous regions: 573->0
[30.219s][info][gc,metaspace  ] GC(119) Metaspace: 38643K->38643K(1085440K)
[30.219s][info][gc            ] GC(119) Pause Young (Concurrent Start) (G1 Humongous Allocation) 588M->14M(1342M) 1.599ms
[30.219s][info][gc,cpu        ] GC(119) User=0.00s Sys=0.00s Real=0.00s
[30.219s][info][safepoint     ] Leaving safepoint region
[30.219s][info][safepoint     ] Total time for which application threads were stopped: 0.0017727 seconds, Stopping threads took: 0.0000354 seconds
[30.219s][info][gc            ] GC(120) Concurrent Cycle
[30.219s][info][gc,marking    ] GC(120) Concurrent Clear Claimed Marks
[30.219s][info][gc,marking    ] GC(120) Concurrent Clear Claimed Marks 0.060ms
[30.219s][info][gc,marking    ] GC(120) Concurrent Scan Root Regions
[30.219s][info][gc,marking    ] GC(120) Concurrent Scan Root Regions 0.108ms
[30.219s][info][gc,marking    ] GC(120) Concurrent Mark (30.219s)
[30.219s][info][gc,marking    ] GC(120) Concurrent Mark From Roots
[30.219s][info][gc,task       ] GC(120) Using 2 workers of 2 for marking
[30.229s][info][gc,marking    ] GC(120) Concurrent Mark From Roots 10.071ms
[30.229s][info][gc,marking    ] GC(120) Concurrent Preclean
[30.229s][info][gc,marking    ] GC(120) Concurrent Preclean 0.076ms
[30.229s][info][gc,marking    ] GC(120) Concurrent Mark (30.219s, 30.229s) 10.253ms
[30.229s][info][safepoint     ] Application time: 0.0105523 seconds
[30.229s][info][safepoint     ] Entering safepoint region: CGC_Operation
[30.229s][info][gc,start      ] GC(120) Pause Remark
[30.232s][info][gc,stringtable] GC(120) Cleaned string and symbol table, strings: 20124 processed, 0 removed, symbols: 132173 processed, 0 removed
[30.232s][info][gc            ] GC(120) Pause Remark 206M->206M(1342M) 2.463ms
[30.232s][info][gc,cpu        ] GC(120) User=0.01s Sys=0.00s Real=0.00s
[30.232s][info][safepoint     ] Leaving safepoint region
[30.232s][info][safepoint     ] Total time for which application threads were stopped: 0.0026295 seconds, Stopping threads took: 0.0000178 seconds
[30.232s][info][gc,marking    ] GC(120) Concurrent Rebuild Remembered Sets
[30.239s][info][gc,marking    ] GC(120) Concurrent Rebuild Remembered Sets 7.154ms
[30.239s][info][safepoint     ] Application time: 0.0073013 seconds
[30.239s][info][safepoint     ] Entering safepoint region: CGC_Operation
[30.239s][info][gc,start      ] GC(120) Pause Cleanup
[30.240s][info][gc            ] GC(120) Pause Cleanup 397M->397M(1342M) 0.167ms
[30.240s][info][gc,cpu        ] GC(120) User=0.00s Sys=0.00s Real=0.00s
[30.240s][info][safepoint     ] Leaving safepoint region
[30.240s][info][safepoint     ] Total time for which application threads were stopped: 0.0003908 seconds, Stopping threads took: 0.0000456 seconds
[30.240s][info][gc,marking    ] GC(120) Concurrent Cleanup for Next Mark
[30.241s][info][gc,marking    ] GC(120) Concurrent Cleanup for Next Mark 1.184ms
[30.241s][info][gc            ] GC(120) Concurrent Cycle 22.163ms
[30.257s][info][safepoint     ] Application time: 0.0172174 seconds
[30.257s][info][safepoint     ] Entering safepoint region: G1CollectForAllocation
[30.257s][info][gc,start      ] GC(121) Pause Young (Concurrent Start) (G1 Humongous Allocation)
[30.257s][info][gc,task       ] GC(121) Using 8 workers of 8 for evacuation
[30.259s][info][gc,phases     ] GC(121)   Pre Evacuate Collection Set: 0.1ms
[30.259s][info][gc,phases     ] GC(121)   Evacuate Collection Set: 1.0ms
[30.259s][info][gc,phases     ] GC(121)   Post Evacuate Collection Set: 0.3ms
[30.259s][info][gc,phases     ] GC(121)   Other: 0.3ms
[30.259s][info][gc,heap       ] GC(121) Eden regions: 1->0(804)
[30.259s][info][gc,heap       ] GC(121) Survivor regions: 1->1(101)
[30.259s][info][gc,heap       ] GC(121) Old regions: 15->15
[30.259s][info][gc,heap       ] GC(121) Humongous regions: 573->0
[30.259s][info][gc,metaspace  ] GC(121) Metaspace: 38643K->38643K(1085440K)
[30.259s][info][gc            ] GC(121) Pause Young (Concurrent Start) (G1 Humongous Allocation) 588M->14M(1342M) 1.851ms
[30.259s][info][gc,cpu        ] GC(121) User=0.01s Sys=0.00s Real=0.00s
[30.259s][info][safepoint     ] Leaving safepoint region
[30.259s][info][safepoint     ] Total time for which application threads were stopped: 0.0019974 seconds, Stopping threads took: 0.0000213 seconds
[30.259s][info][gc            ] GC(122) Concurrent Cycle
[30.259s][info][gc,marking    ] GC(122) Concurrent Clear Claimed Marks
[30.259s][info][gc,marking    ] GC(122) Concurrent Clear Claimed Marks 0.043ms
[30.259s][info][gc,marking    ] GC(122) Concurrent Scan Root Regions
[30.259s][info][gc,marking    ] GC(122) Concurrent Scan Root Regions 0.066ms
[30.259s][info][gc,marking    ] GC(122) Concurrent Mark (30.259s)
[30.259s][info][gc,marking    ] GC(122) Concurrent Mark From Roots
[30.259s][info][gc,task       ] GC(122) Using 2 workers of 2 for marking
[30.269s][info][gc,marking    ] GC(122) Concurrent Mark From Roots 10.040ms
[30.269s][info][gc,marking    ] GC(122) Concurrent Preclean
[30.269s][info][gc,marking    ] GC(122) Concurrent Preclean 0.070ms
[30.269s][info][gc,marking    ] GC(122) Concurrent Mark (30.259s, 30.269s) 10.265ms
[30.270s][info][safepoint     ] Application time: 0.0105537 seconds
[30.270s][info][safepoint     ] Entering safepoint region: CGC_Operation
[30.270s][info][gc,start      ] GC(122) Pause Remark
[30.272s][info][gc,stringtable] GC(122) Cleaned string and symbol table, strings: 20124 processed, 0 removed, symbols: 132173 processed, 0 removed
[30.272s][info][gc            ] GC(122) Pause Remark 206M->206M(1342M) 2.407ms
[30.272s][info][gc,cpu        ] GC(122) User=0.01s Sys=0.00s Real=0.00s
[30.272s][info][safepoint     ] Leaving safepoint region
[30.272s][info][safepoint     ] Total time for which application threads were stopped: 0.0025884 seconds, Stopping threads took: 0.0000145 seconds
[30.272s][info][gc,marking    ] GC(122) Concurrent Rebuild Remembered Sets
[30.279s][info][gc,marking    ] GC(122) Concurrent Rebuild Remembered Sets 7.170ms
[30.279s][info][safepoint     ] Application time: 0.0073601 seconds
[30.280s][info][safepoint     ] Entering safepoint region: CGC_Operation
[30.280s][info][gc,start      ] GC(122) Pause Cleanup
[30.280s][info][gc            ] GC(122) Pause Cleanup 397M->397M(1342M) 0.223ms
[30.280s][info][gc,cpu        ] GC(122) User=0.00s Sys=0.00s Real=0.00s
[30.280s][info][safepoint     ] Leaving safepoint region
[30.280s][info][safepoint     ] Total time for which application threads were stopped: 0.0004050 seconds, Stopping threads took: 0.0000151 seconds
[30.280s][info][gc,marking    ] GC(122) Concurrent Cleanup for Next Mark
[30.281s][info][gc,marking    ] GC(122) Concurrent Cleanup for Next Mark 1.045ms
[30.281s][info][gc            ] GC(122) Concurrent Cycle 21.983ms
[30.298s][info][safepoint     ] Application time: 0.0184004 seconds
[30.298s][info][safepoint     ] Entering safepoint region: G1CollectForAllocation
[30.299s][info][gc,start      ] GC(123) Pause Young (Concurrent Start) (G1 Humongous Allocation)
[30.299s][info][gc,task       ] GC(123) Using 8 workers of 8 for evacuation
[30.301s][info][gc,phases     ] GC(123)   Pre Evacuate Collection Set: 0.3ms
[30.301s][info][gc,phases     ] GC(123)   Evacuate Collection Set: 1.2ms
[30.301s][info][gc,phases     ] GC(123)   Post Evacuate Collection Set: 0.3ms
[30.301s][info][gc,phases     ] GC(123)   Other: 0.4ms
[30.301s][info][gc,heap       ] GC(123) Eden regions: 1->0(804)
[30.301s][info][gc,heap       ] GC(123) Survivor regions: 1->1(101)
[30.301s][info][gc,heap       ] GC(123) Old regions: 15->15
[30.301s][info][gc,heap       ] GC(123) Humongous regions: 573->0
[30.301s][info][gc,metaspace  ] GC(123) Metaspace: 38643K->38643K(1085440K)
[30.301s][info][gc            ] GC(123) Pause Young (Concurrent Start) (G1 Humongous Allocation) 588M->14M(1342M) 2.341ms
[30.301s][info][gc,cpu        ] GC(123) User=0.01s Sys=0.01s Real=0.00s
[30.301s][info][safepoint     ] Leaving safepoint region
[30.301s][info][gc            ] GC(124) Concurrent Cycle
[30.301s][info][safepoint     ] Total time for which application threads were stopped: 0.0025580 seconds, Stopping threads took: 0.0000178 seconds
[30.301s][info][gc,marking    ] GC(124) Concurrent Clear Claimed Marks
[30.301s][info][gc,marking    ] GC(124) Concurrent Clear Claimed Marks 0.089ms
[30.301s][info][gc,marking    ] GC(124) Concurrent Scan Root Regions
[30.301s][info][gc,marking    ] GC(124) Concurrent Scan Root Regions 0.071ms
[30.301s][info][gc,marking    ] GC(124) Concurrent Mark (30.301s)
[30.301s][info][gc,marking    ] GC(124) Concurrent Mark From Roots
[30.301s][info][gc,task       ] GC(124) Using 2 workers of 2 for marking
[30.317s][info][gc,marking    ] GC(124) Concurrent Mark From Roots 16.117ms
[30.317s][info][gc,marking    ] GC(124) Concurrent Preclean
[30.317s][info][gc,marking    ] GC(124) Concurrent Preclean 0.053ms
[30.317s][info][gc,marking    ] GC(124) Concurrent Mark (30.301s, 30.317s) 16.236ms
[30.317s][info][safepoint     ] Application time: 0.0164381 seconds
[30.317s][info][safepoint     ] Entering safepoint region: CGC_Operation
[30.318s][info][gc,start      ] GC(124) Pause Remark
[30.322s][info][gc,stringtable] GC(124) Cleaned string and symbol table, strings: 20124 processed, 0 removed, symbols: 132173 processed, 0 removed
[30.322s][info][gc            ] GC(124) Pause Remark 206M->206M(1342M) 4.612ms
[30.322s][info][gc,cpu        ] GC(124) User=0.03s Sys=0.00s Real=0.00s
[30.322s][info][safepoint     ] Leaving safepoint region
[30.322s][info][safepoint     ] Total time for which application threads were stopped: 0.0048303 seconds, Stopping threads took: 0.0000137 seconds
[30.322s][info][gc,marking    ] GC(124) Concurrent Rebuild Remembered Sets
[30.332s][info][gc,marking    ] GC(124) Concurrent Rebuild Remembered Sets 9.737ms
[30.332s][info][safepoint     ] Application time: 0.0098436 seconds
[30.338s][info][safepoint     ] Entering safepoint region: CGC_Operation
[30.339s][info][gc,start      ] GC(124) Pause Cleanup
[30.339s][info][gc            ] GC(124) Pause Cleanup 397M->397M(1342M) 0.339ms
[30.339s][info][gc,cpu        ] GC(124) User=0.00s Sys=0.00s Real=0.00s
[30.339s][info][safepoint     ] Leaving safepoint region
[30.339s][info][safepoint     ] Total time for which application threads were stopped: 0.0069988 seconds, Stopping threads took: 0.0064473 seconds
[30.339s][info][gc,marking    ] GC(124) Concurrent Cleanup for Next Mark
[30.341s][info][gc,marking    ] GC(124) Concurrent Cleanup for Next Mark 2.041ms
[30.341s][info][gc            ] GC(124) Concurrent Cycle 40.410ms
[30.361s][info][safepoint     ] Application time: 0.0213871 seconds
[30.361s][info][safepoint     ] Entering safepoint region: G1CollectForAllocation
[30.361s][info][gc,start      ] GC(125) Pause Young (Concurrent Start) (G1 Humongous Allocation)
[30.361s][info][gc,task       ] GC(125) Using 8 workers of 8 for evacuation
[30.362s][info][gc,phases     ] GC(125)   Pre Evacuate Collection Set: 0.1ms
[30.362s][info][gc,phases     ] GC(125)   Evacuate Collection Set: 0.9ms
[30.362s][info][gc,phases     ] GC(125)   Post Evacuate Collection Set: 0.3ms
[30.362s][info][gc,phases     ] GC(125)   Other: 0.1ms
[30.362s][info][gc,heap       ] GC(125) Eden regions: 1->0(804)
[30.362s][info][gc,heap       ] GC(125) Survivor regions: 1->1(101)
[30.362s][info][gc,heap       ] GC(125) Old regions: 15->15
[30.362s][info][gc,heap       ] GC(125) Humongous regions: 573->0
[30.362s][info][gc,metaspace  ] GC(125) Metaspace: 38643K->38643K(1085440K)
[30.362s][info][gc            ] GC(125) Pause Young (Concurrent Start) (G1 Humongous Allocation) 588M->14M(1342M) 1.617ms
[30.362s][info][gc,cpu        ] GC(125) User=0.00s Sys=0.00s Real=0.00s
[30.362s][info][safepoint     ] Leaving safepoint region
[30.362s][info][safepoint     ] Total time for which application threads were stopped: 0.0017413 seconds, Stopping threads took: 0.0000185 seconds
[30.362s][info][gc            ] GC(126) Concurrent Cycle
[30.362s][info][gc,marking    ] GC(126) Concurrent Clear Claimed Marks
[30.363s][info][gc,marking    ] GC(126) Concurrent Clear Claimed Marks 0.086ms
[30.363s][info][gc,marking    ] GC(126) Concurrent Scan Root Regions
[30.363s][info][gc,marking    ] GC(126) Concurrent Scan Root Regions 0.094ms
[30.363s][info][gc,marking    ] GC(126) Concurrent Mark (30.363s)
[30.363s][info][gc,marking    ] GC(126) Concurrent Mark From Roots
[30.363s][info][gc,task       ] GC(126) Using 2 workers of 2 for marking
[30.373s][info][gc,marking    ] GC(126) Concurrent Mark From Roots 10.437ms
[30.373s][info][gc,marking    ] GC(126) Concurrent Preclean
[30.373s][info][gc,marking    ] GC(126) Concurrent Preclean 0.044ms
[30.373s][info][gc,marking    ] GC(126) Concurrent Mark (30.363s, 30.373s) 10.605ms
[30.373s][info][safepoint     ] Application time: 0.0109068 seconds
[30.373s][info][safepoint     ] Entering safepoint region: CGC_Operation
[30.373s][info][gc,start      ] GC(126) Pause Remark
[30.375s][info][gc,stringtable] GC(126) Cleaned string and symbol table, strings: 20124 processed, 0 removed, symbols: 132173 processed, 0 removed
[30.376s][info][gc            ] GC(126) Pause Remark 206M->206M(1342M) 2.202ms
[30.376s][info][gc,cpu        ] GC(126) User=0.01s Sys=0.00s Real=0.00s
[30.376s][info][safepoint     ] Leaving safepoint region
[30.376s][info][safepoint     ] Total time for which application threads were stopped: 0.0023914 seconds, Stopping threads took: 0.0000128 seconds
[30.376s][info][gc,marking    ] GC(126) Concurrent Rebuild Remembered Sets
[30.383s][info][gc,marking    ] GC(126) Concurrent Rebuild Remembered Sets 7.148ms
[30.383s][info][safepoint     ] Application time: 0.0073613 seconds
[30.383s][info][safepoint     ] Entering safepoint region: CGC_Operation
[30.383s][info][gc,start      ] GC(126) Pause Cleanup
[30.383s][info][gc            ] GC(126) Pause Cleanup 397M->397M(1342M) 0.184ms
[30.383s][info][gc,cpu        ] GC(126) User=0.00s Sys=0.00s Real=0.00s
[30.383s][info][safepoint     ] Leaving safepoint region
[30.383s][info][safepoint     ] Total time for which application threads were stopped: 0.0003701 seconds, Stopping threads took: 0.0000187 seconds
[30.383s][info][gc,marking    ] GC(126) Concurrent Cleanup for Next Mark
[30.385s][info][gc,marking    ] GC(126) Concurrent Cleanup for Next Mark 1.079ms
[30.385s][info][gc            ] GC(126) Concurrent Cycle 22.204ms
[30.400s][info][safepoint     ] Application time: 0.0160480 seconds
[30.400s][info][safepoint     ] Entering safepoint region: G1CollectForAllocation
[30.400s][info][gc,start      ] GC(127) Pause Young (Concurrent Start) (G1 Humongous Allocation)
[30.400s][info][gc,task       ] GC(127) Using 8 workers of 8 for evacuation
[30.401s][info][gc,phases     ] GC(127)   Pre Evacuate Collection Set: 0.2ms
[30.401s][info][gc,phases     ] GC(127)   Evacuate Collection Set: 0.9ms
[30.401s][info][gc,phases     ] GC(127)   Post Evacuate Collection Set: 0.4ms
[30.401s][info][gc,phases     ] GC(127)   Other: 0.2ms
[30.401s][info][gc,heap       ] GC(127) Eden regions: 1->0(804)
[30.401s][info][gc,heap       ] GC(127) Survivor regions: 1->1(101)
[30.401s][info][gc,heap       ] GC(127) Old regions: 15->15
[30.401s][info][gc,heap       ] GC(127) Humongous regions: 573->0
[30.401s][info][gc,metaspace  ] GC(127) Metaspace: 38643K->38643K(1085440K)
[30.401s][info][gc            ] GC(127) Pause Young (Concurrent Start) (G1 Humongous Allocation) 588M->14M(1342M) 1.698ms
[30.402s][info][gc,cpu        ] GC(127) User=0.01s Sys=0.00s Real=0.00s
[30.402s][info][safepoint     ] Leaving safepoint region
[30.402s][info][safepoint     ] Total time for which application threads were stopped: 0.0019136 seconds, Stopping threads took: 0.0000145 seconds
[30.402s][info][gc            ] GC(128) Concurrent Cycle
[30.402s][info][gc,marking    ] GC(128) Concurrent Clear Claimed Marks
[30.402s][info][gc,marking    ] GC(128) Concurrent Clear Claimed Marks 0.030ms
[30.402s][info][gc,marking    ] GC(128) Concurrent Scan Root Regions
[30.402s][info][gc,marking    ] GC(128) Concurrent Scan Root Regions 0.140ms
[30.402s][info][gc,marking    ] GC(128) Concurrent Mark (30.402s)
[30.402s][info][gc,marking    ] GC(128) Concurrent Mark From Roots
[30.402s][info][gc,task       ] GC(128) Using 2 workers of 2 for marking
[30.412s][info][gc,marking    ] GC(128) Concurrent Mark From Roots 9.832ms
[30.412s][info][gc,marking    ] GC(128) Concurrent Preclean
[30.412s][info][gc,marking    ] GC(128) Concurrent Preclean 0.045ms
[30.412s][info][gc,marking    ] GC(128) Concurrent Mark (30.402s, 30.412s) 9.999ms
[30.412s][info][safepoint     ] Application time: 0.0102862 seconds
[30.412s][info][safepoint     ] Entering safepoint region: CGC_Operation
[30.412s][info][gc,start      ] GC(128) Pause Remark
[30.414s][info][gc,stringtable] GC(128) Cleaned string and symbol table, strings: 20124 processed, 0 removed, symbols: 132173 processed, 0 removed
[30.414s][info][gc            ] GC(128) Pause Remark 206M->206M(1342M) 2.227ms
[30.414s][info][gc,cpu        ] GC(128) User=0.02s Sys=0.00s Real=0.00s
[30.414s][info][safepoint     ] Leaving safepoint region
[30.414s][info][safepoint     ] Total time for which application threads were stopped: 0.0024234 seconds, Stopping threads took: 0.0000136 seconds
[30.414s][info][gc,marking    ] GC(128) Concurrent Rebuild Remembered Sets
[30.422s][info][gc,marking    ] GC(128) Concurrent Rebuild Remembered Sets 7.147ms
[30.422s][info][safepoint     ] Application time: 0.0072977 seconds
[30.422s][info][safepoint     ] Entering safepoint region: CGC_Operation
[30.422s][info][gc,start      ] GC(128) Pause Cleanup
[30.422s][info][gc            ] GC(128) Pause Cleanup 397M->397M(1342M) 0.184ms
[30.422s][info][gc,cpu        ] GC(128) User=0.00s Sys=0.00s Real=0.00s
[30.422s][info][safepoint     ] Leaving safepoint region
[30.422s][info][safepoint     ] Total time for which application threads were stopped: 0.0003582 seconds, Stopping threads took: 0.0000148 seconds
[30.422s][info][gc,marking    ] GC(128) Concurrent Cleanup for Next Mark
[30.423s][info][gc,marking    ] GC(128) Concurrent Cleanup for Next Mark 1.031ms
[30.423s][info][gc            ] GC(128) Concurrent Cycle 21.476ms
[30.439s][info][safepoint     ] Application time: 0.0174988 seconds
[30.440s][info][safepoint     ] Entering safepoint region: G1CollectForAllocation
[30.440s][info][gc,start      ] GC(129) Pause Young (Concurrent Start) (G1 Humongous Allocation)
[30.440s][info][gc,task       ] GC(129) Using 8 workers of 8 for evacuation
[30.441s][info][gc,phases     ] GC(129)   Pre Evacuate Collection Set: 0.1ms
[30.442s][info][gc,phases     ] GC(129)   Evacuate Collection Set: 1.0ms
[30.442s][info][gc,phases     ] GC(129)   Post Evacuate Collection Set: 0.4ms
[30.442s][info][gc,phases     ] GC(129)   Other: 0.2ms
[30.442s][info][gc,heap       ] GC(129) Eden regions: 1->0(804)
[30.442s][info][gc,heap       ] GC(129) Survivor regions: 1->1(101)
[30.442s][info][gc,heap       ] GC(129) Old regions: 15->15
[30.442s][info][gc,heap       ] GC(129) Humongous regions: 573->0
[30.442s][info][gc,metaspace  ] GC(129) Metaspace: 38643K->38643K(1085440K)
[30.442s][info][gc            ] GC(129) Pause Young (Concurrent Start) (G1 Humongous Allocation) 588M->14M(1342M) 1.860ms
[30.442s][info][gc,cpu        ] GC(129) User=0.00s Sys=0.00s Real=0.00s
[30.442s][info][safepoint     ] Leaving safepoint region
[30.442s][info][safepoint     ] Total time for which application threads were stopped: 0.0020944 seconds, Stopping threads took: 0.0000174 seconds
[30.442s][info][gc            ] GC(130) Concurrent Cycle
[30.442s][info][gc,marking    ] GC(130) Concurrent Clear Claimed Marks
[30.442s][info][gc,marking    ] GC(130) Concurrent Clear Claimed Marks 0.034ms
[30.442s][info][gc,marking    ] GC(130) Concurrent Scan Root Regions
[30.442s][info][gc,marking    ] GC(130) Concurrent Scan Root Regions 0.064ms
[30.442s][info][gc,marking    ] GC(130) Concurrent Mark (30.442s)
[30.442s][info][gc,marking    ] GC(130) Concurrent Mark From Roots
[30.442s][info][gc,task       ] GC(130) Using 2 workers of 2 for marking
[30.452s][info][gc,marking    ] GC(130) Concurrent Mark From Roots 9.843ms
[30.452s][info][gc,marking    ] GC(130) Concurrent Preclean
[30.452s][info][gc,marking    ] GC(130) Concurrent Preclean 0.043ms
[30.452s][info][gc,marking    ] GC(130) Concurrent Mark (30.442s, 30.452s) 10.008ms
[30.452s][info][safepoint     ] Application time: 0.0102188 seconds
[30.452s][info][safepoint     ] Entering safepoint region: CGC_Operation
[30.452s][info][gc,start      ] GC(130) Pause Remark
[30.454s][info][gc,stringtable] GC(130) Cleaned string and symbol table, strings: 20124 processed, 0 removed, symbols: 132173 processed, 0 removed
[30.454s][info][gc            ] GC(130) Pause Remark 206M->206M(1342M) 2.300ms
[30.454s][info][gc,cpu        ] GC(130) User=0.01s Sys=0.00s Real=0.00s
[30.454s][info][safepoint     ] Leaving safepoint region
[30.454s][info][safepoint     ] Total time for which application threads were stopped: 0.0024922 seconds, Stopping threads took: 0.0000126 seconds
[30.454s][info][gc,marking    ] GC(130) Concurrent Rebuild Remembered Sets
[30.462s][info][gc,marking    ] GC(130) Concurrent Rebuild Remembered Sets 7.223ms
[30.462s][info][safepoint     ] Application time: 0.0074309 seconds
[30.462s][info][safepoint     ] Entering safepoint region: CGC_Operation
[30.462s][info][gc,start      ] GC(130) Pause Cleanup
[30.462s][info][gc            ] GC(130) Pause Cleanup 397M->397M(1342M) 0.213ms
[30.462s][info][gc,cpu        ] GC(130) User=0.00s Sys=0.00s Real=0.00s
[30.462s][info][safepoint     ] Leaving safepoint region
[30.462s][info][safepoint     ] Total time for which application threads were stopped: 0.0003938 seconds, Stopping threads took: 0.0000143 seconds
[30.462s][info][gc,marking    ] GC(130) Concurrent Cleanup for Next Mark
[30.463s][info][gc,marking    ] GC(130) Concurrent Cleanup for Next Mark 1.031ms
[30.463s][info][gc            ] GC(130) Concurrent Cycle 21.592ms
[30.479s][info][safepoint     ] Application time: 0.0165635 seconds
[30.479s][info][safepoint     ] Entering safepoint region: G1CollectForAllocation
[30.479s][info][gc,start      ] GC(131) Pause Young (Concurrent Start) (G1 Humongous Allocation)
[30.479s][info][gc,task       ] GC(131) Using 8 workers of 8 for evacuation
[30.480s][info][gc,phases     ] GC(131)   Pre Evacuate Collection Set: 0.1ms
[30.481s][info][gc,phases     ] GC(131)   Evacuate Collection Set: 0.9ms
[30.481s][info][gc,phases     ] GC(131)   Post Evacuate Collection Set: 0.3ms
[30.481s][info][gc,phases     ] GC(131)   Other: 0.2ms
[30.481s][info][gc,heap       ] GC(131) Eden regions: 1->0(804)
[30.481s][info][gc,heap       ] GC(131) Survivor regions: 1->1(101)
[30.481s][info][gc,heap       ] GC(131) Old regions: 15->15
[30.481s][info][gc,heap       ] GC(131) Humongous regions: 573->0
[30.481s][info][gc,metaspace  ] GC(131) Metaspace: 38643K->38643K(1085440K)
[30.481s][info][gc            ] GC(131) Pause Young (Concurrent Start) (G1 Humongous Allocation) 588M->14M(1342M) 1.602ms
[30.481s][info][gc,cpu        ] GC(131) User=0.00s Sys=0.00s Real=0.00s
[30.481s][info][safepoint     ] Leaving safepoint region
[30.481s][info][gc            ] GC(132) Concurrent Cycle
[30.481s][info][safepoint     ] Total time for which application threads were stopped: 0.0018131 seconds, Stopping threads took: 0.0000179 seconds
[30.481s][info][gc,marking    ] GC(132) Concurrent Clear Claimed Marks
[30.481s][info][gc,marking    ] GC(132) Concurrent Clear Claimed Marks 0.231ms
[30.481s][info][gc,marking    ] GC(132) Concurrent Scan Root Regions
[30.481s][info][gc,marking    ] GC(132) Concurrent Scan Root Regions 0.067ms
[30.481s][info][gc,marking    ] GC(132) Concurrent Mark (30.481s)
[30.481s][info][gc,marking    ] GC(132) Concurrent Mark From Roots
[30.481s][info][gc,task       ] GC(132) Using 2 workers of 2 for marking
[30.491s][info][gc,marking    ] GC(132) Concurrent Mark From Roots 10.092ms
[30.491s][info][gc,marking    ] GC(132) Concurrent Preclean
[30.491s][info][gc,marking    ] GC(132) Concurrent Preclean 0.044ms
[30.491s][info][gc,marking    ] GC(132) Concurrent Mark (30.481s, 30.491s) 10.202ms
[30.491s][info][safepoint     ] Application time: 0.0105373 seconds
[30.491s][info][safepoint     ] Entering safepoint region: CGC_Operation
[30.491s][info][gc,start      ] GC(132) Pause Remark
[30.493s][info][gc,stringtable] GC(132) Cleaned string and symbol table, strings: 20124 processed, 0 removed, symbols: 132173 processed, 0 removed
[30.494s][info][gc            ] GC(132) Pause Remark 206M->206M(1342M) 2.130ms
[30.494s][info][gc,cpu        ] GC(132) User=0.01s Sys=0.00s Real=0.00s
[30.494s][info][safepoint     ] Leaving safepoint region
[30.494s][info][safepoint     ] Total time for which application threads were stopped: 0.0023259 seconds, Stopping threads took: 0.0000136 seconds
[30.494s][info][gc,marking    ] GC(132) Concurrent Rebuild Remembered Sets
[30.501s][info][gc,marking    ] GC(132) Concurrent Rebuild Remembered Sets 7.466ms
[30.501s][info][safepoint     ] Application time: 0.0076131 seconds
[30.501s][info][safepoint     ] Entering safepoint region: CGC_Operation
[30.501s][info][gc,start      ] GC(132) Pause Cleanup
[30.502s][info][gc            ] GC(132) Pause Cleanup 397M->397M(1342M) 0.216ms
[30.502s][info][gc,cpu        ] GC(132) User=0.00s Sys=0.00s Real=0.00s
[30.502s][info][safepoint     ] Leaving safepoint region
[30.502s][info][safepoint     ] Total time for which application threads were stopped: 0.0004034 seconds, Stopping threads took: 0.0000146 seconds
[30.502s][info][gc,marking    ] GC(132) Concurrent Cleanup for Next Mark
[30.503s][info][gc,marking    ] GC(132) Concurrent Cleanup for Next Mark 1.315ms
[30.503s][info][gc            ] GC(132) Concurrent Cycle 22.351ms
[30.519s][info][safepoint     ] Application time: 0.0171334 seconds
[30.519s][info][safepoint     ] Entering safepoint region: G1CollectForAllocation
[30.519s][info][gc,start      ] GC(133) Pause Young (Concurrent Start) (G1 Humongous Allocation)
[30.519s][info][gc,task       ] GC(133) Using 8 workers of 8 for evacuation
[30.520s][info][gc,phases     ] GC(133)   Pre Evacuate Collection Set: 0.1ms
[30.520s][info][gc,phases     ] GC(133)   Evacuate Collection Set: 0.9ms
[30.520s][info][gc,phases     ] GC(133)   Post Evacuate Collection Set: 0.4ms
[30.521s][info][gc,phases     ] GC(133)   Other: 0.2ms
[30.521s][info][gc,heap       ] GC(133) Eden regions: 1->0(804)
[30.521s][info][gc,heap       ] GC(133) Survivor regions: 1->1(101)
[30.521s][info][gc,heap       ] GC(133) Old regions: 15->15
[30.521s][info][gc,heap       ] GC(133) Humongous regions: 573->0
[30.521s][info][gc,metaspace  ] GC(133) Metaspace: 38643K->38643K(1085440K)
[30.521s][info][gc            ] GC(133) Pause Young (Concurrent Start) (G1 Humongous Allocation) 588M->14M(1342M) 1.639ms
[30.521s][info][gc,cpu        ] GC(133) User=0.00s Sys=0.00s Real=0.00s
[30.521s][info][safepoint     ] Leaving safepoint region
[30.521s][info][safepoint     ] Total time for which application threads were stopped: 0.0017848 seconds, Stopping threads took: 0.0000178 seconds
[30.521s][info][gc            ] GC(134) Concurrent Cycle
[30.521s][info][gc,marking    ] GC(134) Concurrent Clear Claimed Marks
[30.521s][info][gc,marking    ] GC(134) Concurrent Clear Claimed Marks 0.146ms
[30.521s][info][gc,marking    ] GC(134) Concurrent Scan Root Regions
[30.521s][info][gc,marking    ] GC(134) Concurrent Scan Root Regions 0.157ms
[30.521s][info][gc,marking    ] GC(134) Concurrent Mark (30.521s)
[30.521s][info][gc,marking    ] GC(134) Concurrent Mark From Roots
[30.521s][info][gc,task       ] GC(134) Using 2 workers of 2 for marking
[30.537s][info][gc,marking    ] GC(134) Concurrent Mark From Roots 15.997ms
[30.537s][info][gc,marking    ] GC(134) Concurrent Preclean
[30.537s][info][gc,marking    ] GC(134) Concurrent Preclean 0.111ms
[30.537s][info][gc,marking    ] GC(134) Concurrent Mark (30.521s, 30.537s) 16.246ms
[30.537s][info][safepoint     ] Application time: 0.0166918 seconds
[30.537s][info][safepoint     ] Entering safepoint region: CGC_Operation
[30.537s][info][gc,start      ] GC(134) Pause Remark
[30.543s][info][gc,stringtable] GC(134) Cleaned string and symbol table, strings: 20124 processed, 0 removed, symbols: 132173 processed, 0 removed
[30.543s][info][gc            ] GC(134) Pause Remark 206M->206M(1342M) 5.797ms
[30.543s][info][gc,cpu        ] GC(134) User=0.03s Sys=0.00s Real=0.00s
[30.543s][info][safepoint     ] Leaving safepoint region
[30.543s][info][safepoint     ] Total time for which application threads were stopped: 0.0060264 seconds, Stopping threads took: 0.0000274 seconds
[30.543s][info][gc,marking    ] GC(134) Concurrent Rebuild Remembered Sets
[30.553s][info][gc,marking    ] GC(134) Concurrent Rebuild Remembered Sets 9.686ms
[30.553s][info][safepoint     ] Application time: 0.0100348 seconds
[30.557s][info][safepoint     ] Entering safepoint region: CGC_Operation
[30.558s][info][gc,start      ] GC(134) Pause Cleanup
[30.558s][info][gc            ] GC(134) Pause Cleanup 397M->397M(1342M) 0.627ms
[30.558s][info][gc,cpu        ] GC(134) User=0.00s Sys=0.00s Real=0.00s
[30.558s][info][safepoint     ] Leaving safepoint region
[30.558s][info][safepoint     ] Total time for which application threads were stopped: 0.0048401 seconds, Stopping threads took: 0.0040267 seconds
[30.558s][info][gc,marking    ] GC(134) Concurrent Cleanup for Next Mark
[30.560s][info][gc,marking    ] GC(134) Concurrent Cleanup for Next Mark 2.035ms
[30.560s][info][gc            ] GC(134) Concurrent Cycle 39.853ms
[30.577s][info][safepoint     ] Application time: 0.0185425 seconds
[30.577s][info][safepoint     ] Entering safepoint region: G1CollectForAllocation
[30.577s][info][gc,start      ] GC(135) Pause Young (Concurrent Start) (G1 Humongous Allocation)
[30.577s][info][gc,task       ] GC(135) Using 8 workers of 8 for evacuation
[30.579s][info][gc,phases     ] GC(135)   Pre Evacuate Collection Set: 0.1ms
[30.579s][info][gc,phases     ] GC(135)   Evacuate Collection Set: 1.0ms
[30.579s][info][gc,phases     ] GC(135)   Post Evacuate Collection Set: 0.3ms
[30.579s][info][gc,phases     ] GC(135)   Other: 0.2ms
[30.579s][info][gc,heap       ] GC(135) Eden regions: 1->0(804)
[30.579s][info][gc,heap       ] GC(135) Survivor regions: 1->1(101)
[30.579s][info][gc,heap       ] GC(135) Old regions: 15->15
[30.579s][info][gc,heap       ] GC(135) Humongous regions: 573->0
[30.579s][info][gc,metaspace  ] GC(135) Metaspace: 38643K->38643K(1085440K)
[30.579s][info][gc            ] GC(135) Pause Young (Concurrent Start) (G1 Humongous Allocation) 588M->14M(1342M) 1.669ms
[30.579s][info][gc,cpu        ] GC(135) User=0.01s Sys=0.00s Real=0.00s
[30.579s][info][safepoint     ] Leaving safepoint region
[30.579s][info][safepoint     ] Total time for which application threads were stopped: 0.0018549 seconds, Stopping threads took: 0.0000462 seconds
[30.579s][info][gc            ] GC(136) Concurrent Cycle
[30.579s][info][gc,marking    ] GC(136) Concurrent Clear Claimed Marks
[30.579s][info][gc,marking    ] GC(136) Concurrent Clear Claimed Marks 0.041ms
[30.579s][info][gc,marking    ] GC(136) Concurrent Scan Root Regions
[30.579s][info][gc,marking    ] GC(136) Concurrent Scan Root Regions 0.066ms
[30.579s][info][gc,marking    ] GC(136) Concurrent Mark (30.579s)
[30.579s][info][gc,marking    ] GC(136) Concurrent Mark From Roots
[30.579s][info][gc,task       ] GC(136) Using 2 workers of 2 for marking
[30.590s][info][gc,marking    ] GC(136) Concurrent Mark From Roots 11.071ms
[30.590s][info][gc,marking    ] GC(136) Concurrent Preclean
[30.590s][info][gc,marking    ] GC(136) Concurrent Preclean 0.047ms
[30.590s][info][gc,marking    ] GC(136) Concurrent Mark (30.579s, 30.590s) 11.190ms
[30.590s][info][safepoint     ] Application time: 0.0113865 seconds
[30.590s][info][safepoint     ] Entering safepoint region: CGC_Operation
[30.590s][info][gc,start      ] GC(136) Pause Remark
[30.592s][info][gc,stringtable] GC(136) Cleaned string and symbol table, strings: 20124 processed, 0 removed, symbols: 132173 processed, 0 removed
[30.593s][info][gc            ] GC(136) Pause Remark 206M->206M(1342M) 2.299ms
[30.593s][info][gc,cpu        ] GC(136) User=0.01s Sys=0.00s Real=0.00s
[30.593s][info][safepoint     ] Leaving safepoint region
[30.593s][info][safepoint     ] Total time for which application threads were stopped: 0.0024862 seconds, Stopping threads took: 0.0000144 seconds
[30.593s][info][gc,marking    ] GC(136) Concurrent Rebuild Remembered Sets
[30.600s][info][gc,marking    ] GC(136) Concurrent Rebuild Remembered Sets 7.425ms
[30.600s][info][safepoint     ] Application time: 0.0076052 seconds
[30.600s][info][safepoint     ] Entering safepoint region: CGC_Operation
[30.601s][info][gc,start      ] GC(136) Pause Cleanup
[30.601s][info][gc            ] GC(136) Pause Cleanup 397M->397M(1342M) 0.217ms
[30.601s][info][gc,cpu        ] GC(136) User=0.00s Sys=0.00s Real=0.00s
[30.601s][info][safepoint     ] Leaving safepoint region
[30.601s][info][safepoint     ] Total time for which application threads were stopped: 0.0004015 seconds, Stopping threads took: 0.0000157 seconds
[30.601s][info][gc,marking    ] GC(136) Concurrent Cleanup for Next Mark
[30.602s][info][gc,marking    ] GC(136) Concurrent Cleanup for Next Mark 1.338ms
[30.602s][info][gc            ] GC(136) Concurrent Cycle 23.369ms
[30.617s][info][safepoint     ] Application time: 0.0163778 seconds
[30.617s][info][safepoint     ] Entering safepoint region: G1CollectForAllocation
[30.617s][info][gc,start      ] GC(137) Pause Young (Concurrent Start) (G1 Humongous Allocation)
[30.617s][info][gc,task       ] GC(137) Using 8 workers of 8 for evacuation
[30.619s][info][gc,phases     ] GC(137)   Pre Evacuate Collection Set: 0.1ms
[30.619s][info][gc,phases     ] GC(137)   Evacuate Collection Set: 0.9ms
[30.619s][info][gc,phases     ] GC(137)   Post Evacuate Collection Set: 0.3ms
[30.619s][info][gc,phases     ] GC(137)   Other: 0.2ms
[30.619s][info][gc,heap       ] GC(137) Eden regions: 1->0(804)
[30.619s][info][gc,heap       ] GC(137) Survivor regions: 1->1(101)
[30.619s][info][gc,heap       ] GC(137) Old regions: 15->15
[30.619s][info][gc,heap       ] GC(137) Humongous regions: 573->0
[30.619s][info][gc,metaspace  ] GC(137) Metaspace: 38643K->38643K(1085440K)
[30.619s][info][gc            ] GC(137) Pause Young (Concurrent Start) (G1 Humongous Allocation) 588M->14M(1342M) 1.616ms
[30.619s][info][gc,cpu        ] GC(137) User=0.01s Sys=0.01s Real=0.00s
[30.619s][info][safepoint     ] Leaving safepoint region
[30.619s][info][safepoint     ] Total time for which application threads were stopped: 0.0018373 seconds, Stopping threads took: 0.0000576 seconds
[30.619s][info][gc            ] GC(138) Concurrent Cycle
[30.619s][info][gc,marking    ] GC(138) Concurrent Clear Claimed Marks
[30.619s][info][gc,marking    ] GC(138) Concurrent Clear Claimed Marks 0.112ms
[30.619s][info][gc,marking    ] GC(138) Concurrent Scan Root Regions
[30.619s][info][gc,marking    ] GC(138) Concurrent Scan Root Regions 0.066ms
[30.619s][info][gc,marking    ] GC(138) Concurrent Mark (30.619s)
[30.619s][info][gc,marking    ] GC(138) Concurrent Mark From Roots
[30.619s][info][gc,task       ] GC(138) Using 2 workers of 2 for marking
[30.629s][info][gc,marking    ] GC(138) Concurrent Mark From Roots 9.773ms
[30.629s][info][gc,marking    ] GC(138) Concurrent Preclean
[30.629s][info][gc,marking    ] GC(138) Concurrent Preclean 0.045ms
[30.629s][info][gc,marking    ] GC(138) Concurrent Mark (30.619s, 30.629s) 9.884ms
[30.629s][info][safepoint     ] Application time: 0.0101869 seconds
[30.629s][info][safepoint     ] Entering safepoint region: CGC_Operation
[30.629s][info][gc,start      ] GC(138) Pause Remark
[30.631s][info][gc,stringtable] GC(138) Cleaned string and symbol table, strings: 20124 processed, 0 removed, symbols: 132173 processed, 0 removed
[30.632s][info][gc            ] GC(138) Pause Remark 206M->206M(1342M) 2.211ms
[30.632s][info][gc,cpu        ] GC(138) User=0.02s Sys=0.00s Real=0.00s
[30.632s][info][safepoint     ] Leaving safepoint region
[30.632s][info][safepoint     ] Total time for which application threads were stopped: 0.0023975 seconds, Stopping threads took: 0.0000131 seconds
[30.632s][info][gc,marking    ] GC(138) Concurrent Rebuild Remembered Sets
[30.639s][info][gc,marking    ] GC(138) Concurrent Rebuild Remembered Sets 7.156ms
[30.639s][info][safepoint     ] Application time: 0.0072918 seconds
[30.639s][info][safepoint     ] Entering safepoint region: CGC_Operation
[30.639s][info][gc,start      ] GC(138) Pause Cleanup
[30.639s][info][gc            ] GC(138) Pause Cleanup 397M->397M(1342M) 0.198ms
[30.639s][info][gc,cpu        ] GC(138) User=0.00s Sys=0.00s Real=0.00s
[30.639s][info][safepoint     ] Leaving safepoint region
[30.639s][info][safepoint     ] Total time for which application threads were stopped: 0.0003938 seconds, Stopping threads took: 0.0000158 seconds
[30.639s][info][gc,marking    ] GC(138) Concurrent Cleanup for Next Mark
[30.640s][info][gc,marking    ] GC(138) Concurrent Cleanup for Next Mark 1.032ms
[30.640s][info][gc            ] GC(138) Concurrent Cycle 21.321ms
[30.657s][info][safepoint     ] Application time: 0.0175891 seconds
[30.657s][info][safepoint     ] Entering safepoint region: G1CollectForAllocation
[30.657s][info][gc,start      ] GC(139) Pause Young (Concurrent Start) (G1 Humongous Allocation)
[30.657s][info][gc,task       ] GC(139) Using 8 workers of 8 for evacuation
[30.659s][info][gc,phases     ] GC(139)   Pre Evacuate Collection Set: 0.1ms
[30.659s][info][gc,phases     ] GC(139)   Evacuate Collection Set: 0.9ms
[30.659s][info][gc,phases     ] GC(139)   Post Evacuate Collection Set: 0.4ms
[30.659s][info][gc,phases     ] GC(139)   Other: 0.2ms
[30.659s][info][gc,heap       ] GC(139) Eden regions: 1->0(804)
[30.659s][info][gc,heap       ] GC(139) Survivor regions: 1->1(101)
[30.659s][info][gc,heap       ] GC(139) Old regions: 15->15
[30.659s][info][gc,heap       ] GC(139) Humongous regions: 573->0
[30.659s][info][gc,metaspace  ] GC(139) Metaspace: 38643K->38643K(1085440K)
[30.659s][info][gc            ] GC(139) Pause Young (Concurrent Start) (G1 Humongous Allocation) 588M->14M(1342M) 1.787ms
[30.659s][info][gc,cpu        ] GC(139) User=0.01s Sys=0.00s Real=0.00s
[30.659s][info][safepoint     ] Leaving safepoint region
[30.659s][info][safepoint     ] Total time for which application threads were stopped: 0.0020385 seconds, Stopping threads took: 0.0000185 seconds
[30.659s][info][gc            ] GC(140) Concurrent Cycle
[30.659s][info][gc,marking    ] GC(140) Concurrent Clear Claimed Marks
[30.659s][info][gc,marking    ] GC(140) Concurrent Clear Claimed Marks 0.036ms
[30.659s][info][gc,marking    ] GC(140) Concurrent Scan Root Regions
[30.659s][info][gc,marking    ] GC(140) Concurrent Scan Root Regions 0.068ms
[30.659s][info][gc,marking    ] GC(140) Concurrent Mark (30.659s)
[30.659s][info][gc,marking    ] GC(140) Concurrent Mark From Roots
[30.659s][info][gc,task       ] GC(140) Using 2 workers of 2 for marking
[30.669s][info][gc,marking    ] GC(140) Concurrent Mark From Roots 9.750ms
[30.669s][info][gc,marking    ] GC(140) Concurrent Preclean
[30.669s][info][gc,marking    ] GC(140) Concurrent Preclean 0.043ms
[30.669s][info][gc,marking    ] GC(140) Concurrent Mark (30.659s, 30.669s) 9.861ms
[30.669s][info][safepoint     ] Application time: 0.0100848 seconds
[30.669s][info][safepoint     ] Entering safepoint region: CGC_Operation
[30.669s][info][gc,start      ] GC(140) Pause Remark
[30.671s][info][gc,stringtable] GC(140) Cleaned string and symbol table, strings: 20124 processed, 0 removed, symbols: 132173 processed, 0 removed
[30.672s][info][gc            ] GC(140) Pause Remark 206M->206M(1342M) 2.169ms
[30.672s][info][gc,cpu        ] GC(140) User=0.01s Sys=0.00s Real=0.00s
[30.672s][info][safepoint     ] Leaving safepoint region
[30.672s][info][safepoint     ] Total time for which application threads were stopped: 0.0023607 seconds, Stopping threads took: 0.0000134 seconds
[30.672s][info][gc,marking    ] GC(140) Concurrent Rebuild Remembered Sets
[30.679s][info][gc,marking    ] GC(140) Concurrent Rebuild Remembered Sets 7.164ms
[30.679s][info][safepoint     ] Application time: 0.0073118 seconds
[30.679s][info][safepoint     ] Entering safepoint region: CGC_Operation
[30.679s][info][gc,start      ] GC(140) Pause Cleanup
[30.679s][info][gc            ] GC(140) Pause Cleanup 397M->397M(1342M) 0.224ms
[30.679s][info][gc,cpu        ] GC(140) User=0.00s Sys=0.00s Real=0.00s
[30.679s][info][safepoint     ] Leaving safepoint region
[30.679s][info][safepoint     ] Total time for which application threads were stopped: 0.0004716 seconds, Stopping threads took: 0.0000137 seconds
[30.679s][info][gc,marking    ] GC(140) Concurrent Cleanup for Next Mark
[30.680s][info][gc,marking    ] GC(140) Concurrent Cleanup for Next Mark 1.032ms
[30.680s][info][gc            ] GC(140) Concurrent Cycle 21.291ms
[30.697s][info][safepoint     ] Application time: 0.0176632 seconds
[30.697s][info][safepoint     ] Entering safepoint region: G1CollectForAllocation
[30.697s][info][gc,start      ] GC(141) Pause Young (Concurrent Start) (G1 Humongous Allocation)
[30.697s][info][gc,task       ] GC(141) Using 8 workers of 8 for evacuation
[30.699s][info][gc,phases     ] GC(141)   Pre Evacuate Collection Set: 0.1ms
[30.699s][info][gc,phases     ] GC(141)   Evacuate Collection Set: 0.9ms
[30.699s][info][gc,phases     ] GC(141)   Post Evacuate Collection Set: 0.4ms
[30.699s][info][gc,phases     ] GC(141)   Other: 0.2ms
[30.699s][info][gc,heap       ] GC(141) Eden regions: 1->0(804)
[30.699s][info][gc,heap       ] GC(141) Survivor regions: 1->1(101)
[30.699s][info][gc,heap       ] GC(141) Old regions: 15->15
[30.699s][info][gc,heap       ] GC(141) Humongous regions: 573->0
[30.699s][info][gc,metaspace  ] GC(141) Metaspace: 38643K->38643K(1085440K)
[30.699s][info][gc            ] GC(141) Pause Young (Concurrent Start) (G1 Humongous Allocation) 588M->14M(1342M) 1.733ms
[30.699s][info][gc,cpu        ] GC(141) User=0.00s Sys=0.00s Real=0.00s
[30.699s][info][safepoint     ] Leaving safepoint region
[30.699s][info][safepoint     ] Total time for which application threads were stopped: 0.0018891 seconds, Stopping threads took: 0.0000215 seconds
[30.699s][info][gc            ] GC(142) Concurrent Cycle
[30.699s][info][gc,marking    ] GC(142) Concurrent Clear Claimed Marks
[30.699s][info][gc,marking    ] GC(142) Concurrent Clear Claimed Marks 0.110ms
[30.699s][info][gc,marking    ] GC(142) Concurrent Scan Root Regions
[30.699s][info][gc,marking    ] GC(142) Concurrent Scan Root Regions 0.068ms
[30.699s][info][gc,marking    ] GC(142) Concurrent Mark (30.699s)
[30.699s][info][gc,marking    ] GC(142) Concurrent Mark From Roots
[30.699s][info][gc,task       ] GC(142) Using 2 workers of 2 for marking
[30.710s][info][gc,marking    ] GC(142) Concurrent Mark From Roots 11.122ms
[30.710s][info][gc,marking    ] GC(142) Concurrent Preclean
[30.711s][info][gc,marking    ] GC(142) Concurrent Preclean 0.050ms
[30.711s][info][gc,marking    ] GC(142) Concurrent Mark (30.699s, 30.711s) 11.236ms
[30.711s][info][safepoint     ] Application time: 0.0115316 seconds
[30.711s][info][safepoint     ] Entering safepoint region: CGC_Operation
[30.711s][info][gc,start      ] GC(142) Pause Remark
[30.712s][info][gc,stringtable] GC(142) Cleaned string and symbol table, strings: 20124 processed, 0 removed, symbols: 132173 processed, 0 removed
[30.713s][info][gc            ] GC(142) Pause Remark 206M->206M(1342M) 2.087ms
[30.713s][info][gc,cpu        ] GC(142) User=0.01s Sys=0.00s Real=0.00s
[30.713s][info][safepoint     ] Leaving safepoint region
[30.713s][info][safepoint     ] Total time for which application threads were stopped: 0.0022657 seconds, Stopping threads took: 0.0000134 seconds
[30.713s][info][gc,marking    ] GC(142) Concurrent Rebuild Remembered Sets
[30.720s][info][gc,marking    ] GC(142) Concurrent Rebuild Remembered Sets 7.024ms
[30.720s][info][safepoint     ] Application time: 0.0071727 seconds
[30.720s][info][safepoint     ] Entering safepoint region: CGC_Operation
[30.720s][info][gc,start      ] GC(142) Pause Cleanup
[30.720s][info][gc            ] GC(142) Pause Cleanup 397M->397M(1342M) 0.211ms
[30.720s][info][gc,cpu        ] GC(142) User=0.01s Sys=0.00s Real=0.00s
[30.720s][info][safepoint     ] Leaving safepoint region
[30.720s][info][safepoint     ] Total time for which application threads were stopped: 0.0003788 seconds, Stopping threads took: 0.0000147 seconds
[30.720s][info][gc,marking    ] GC(142) Concurrent Cleanup for Next Mark
[30.722s][info][gc,marking    ] GC(142) Concurrent Cleanup for Next Mark 1.077ms
[30.722s][info][gc            ] GC(142) Concurrent Cycle 22.517ms
[30.739s][info][safepoint     ] Application time: 0.0181361 seconds
[30.739s][info][safepoint     ] Entering safepoint region: G1CollectForAllocation
[30.739s][info][gc,start      ] GC(143) Pause Young (Concurrent Start) (G1 Humongous Allocation)
[30.739s][info][gc,task       ] GC(143) Using 8 workers of 8 for evacuation
[30.741s][info][gc,phases     ] GC(143)   Pre Evacuate Collection Set: 0.1ms
[30.741s][info][gc,phases     ] GC(143)   Evacuate Collection Set: 1.1ms
[30.741s][info][gc,phases     ] GC(143)   Post Evacuate Collection Set: 0.3ms
[30.741s][info][gc,phases     ] GC(143)   Other: 0.2ms
[30.741s][info][gc,heap       ] GC(143) Eden regions: 1->0(804)
[30.741s][info][gc,heap       ] GC(143) Survivor regions: 1->1(101)
[30.741s][info][gc,heap       ] GC(143) Old regions: 15->15
[30.741s][info][gc,heap       ] GC(143) Humongous regions: 573->0
[30.741s][info][gc,metaspace  ] GC(143) Metaspace: 38643K->38643K(1085440K)
[30.741s][info][gc            ] GC(143) Pause Young (Concurrent Start) (G1 Humongous Allocation) 588M->14M(1342M) 2.031ms
[30.741s][info][gc,cpu        ] GC(143) User=0.00s Sys=0.00s Real=0.00s
[30.741s][info][safepoint     ] Leaving safepoint region
[30.741s][info][safepoint     ] Total time for which application threads were stopped: 0.0022268 seconds, Stopping threads took: 0.0000245 seconds
[30.741s][info][gc            ] GC(144) Concurrent Cycle
[30.741s][info][gc,marking    ] GC(144) Concurrent Clear Claimed Marks
[30.741s][info][gc,marking    ] GC(144) Concurrent Clear Claimed Marks 0.183ms
[30.741s][info][gc,marking    ] GC(144) Concurrent Scan Root Regions
[30.741s][info][gc,marking    ] GC(144) Concurrent Scan Root Regions 0.136ms
[30.741s][info][gc,marking    ] GC(144) Concurrent Mark (30.741s)
[30.741s][info][gc,marking    ] GC(144) Concurrent Mark From Roots
[30.741s][info][gc,task       ] GC(144) Using 2 workers of 2 for marking
[30.757s][info][gc,marking    ] GC(144) Concurrent Mark From Roots 15.989ms
[30.757s][info][gc,marking    ] GC(144) Concurrent Preclean
[30.758s][info][gc,marking    ] GC(144) Concurrent Preclean 0.144ms
[30.758s][info][gc,marking    ] GC(144) Concurrent Mark (30.741s, 30.758s) 16.297ms
[30.758s][info][safepoint     ] Application time: 0.0168742 seconds
[30.758s][info][safepoint     ] Entering safepoint region: CGC_Operation
[30.758s][info][gc,start      ] GC(144) Pause Remark
[30.762s][info][gc,stringtable] GC(144) Cleaned string and symbol table, strings: 20124 processed, 0 removed, symbols: 132173 processed, 0 removed
[30.763s][info][gc            ] GC(144) Pause Remark 206M->206M(1342M) 4.625ms
[30.763s][info][gc,cpu        ] GC(144) User=0.03s Sys=0.00s Real=0.00s
[30.763s][info][safepoint     ] Leaving safepoint region
[30.763s][info][safepoint     ] Total time for which application threads were stopped: 0.0049371 seconds, Stopping threads took: 0.0000406 seconds
[30.763s][info][gc,marking    ] GC(144) Concurrent Rebuild Remembered Sets
[30.773s][info][gc,marking    ] GC(144) Concurrent Rebuild Remembered Sets 10.474ms
[30.773s][info][safepoint     ] Application time: 0.0107118 seconds
[30.779s][info][safepoint     ] Entering safepoint region: CGC_Operation
[30.779s][info][gc,start      ] GC(144) Pause Cleanup
[30.779s][info][gc            ] GC(144) Pause Cleanup 397M->397M(1342M) 0.232ms
[30.779s][info][gc,cpu        ] GC(144) User=0.00s Sys=0.00s Real=0.00s
[30.779s][info][safepoint     ] Leaving safepoint region
[30.779s][info][safepoint     ] Total time for which application threads were stopped: 0.0054935 seconds, Stopping threads took: 0.0051428 seconds
[30.779s][info][gc,marking    ] GC(144) Concurrent Cleanup for Next Mark
[30.782s][info][gc,marking    ] GC(144) Concurrent Cleanup for Next Mark 3.215ms
[30.782s][info][gc            ] GC(144) Concurrent Cycle 41.433ms
[30.797s][info][safepoint     ] Application time: 0.0183321 seconds
[30.797s][info][safepoint     ] Entering safepoint region: G1CollectForAllocation
[30.798s][info][gc,start      ] GC(145) Pause Young (Concurrent Start) (G1 Humongous Allocation)
[30.798s][info][gc,task       ] GC(145) Using 8 workers of 8 for evacuation
[30.799s][info][gc,phases     ] GC(145)   Pre Evacuate Collection Set: 0.1ms
[30.799s][info][gc,phases     ] GC(145)   Evacuate Collection Set: 1.0ms
[30.799s][info][gc,phases     ] GC(145)   Post Evacuate Collection Set: 0.4ms
[30.799s][info][gc,phases     ] GC(145)   Other: 0.2ms
[30.799s][info][gc,heap       ] GC(145) Eden regions: 2->0(804)
[30.799s][info][gc,heap       ] GC(145) Survivor regions: 1->1(101)
[30.799s][info][gc,heap       ] GC(145) Old regions: 15->15
[30.799s][info][gc,heap       ] GC(145) Humongous regions: 573->0
[30.800s][info][gc,metaspace  ] GC(145) Metaspace: 38643K->38643K(1085440K)
[30.800s][info][gc            ] GC(145) Pause Young (Concurrent Start) (G1 Humongous Allocation) 588M->14M(1342M) 1.960ms
[30.800s][info][gc,cpu        ] GC(145) User=0.00s Sys=0.01s Real=0.00s
[30.800s][info][safepoint     ] Leaving safepoint region
[30.800s][info][safepoint     ] Total time for which application threads were stopped: 0.0021879 seconds, Stopping threads took: 0.0000177 seconds
[30.800s][info][gc            ] GC(146) Concurrent Cycle
[30.800s][info][gc,marking    ] GC(146) Concurrent Clear Claimed Marks
[30.800s][info][gc,marking    ] GC(146) Concurrent Clear Claimed Marks 0.086ms
[30.800s][info][gc,marking    ] GC(146) Concurrent Scan Root Regions
[30.800s][info][gc,marking    ] GC(146) Concurrent Scan Root Regions 0.070ms
[30.800s][info][gc,marking    ] GC(146) Concurrent Mark (30.800s)
[30.800s][info][gc,marking    ] GC(146) Concurrent Mark From Roots
[30.800s][info][gc,task       ] GC(146) Using 2 workers of 2 for marking
[30.811s][info][gc,marking    ] GC(146) Concurrent Mark From Roots 11.333ms
[30.811s][info][gc,marking    ] GC(146) Concurrent Preclean
[30.811s][info][gc,marking    ] GC(146) Concurrent Preclean 0.047ms
[30.811s][info][gc,marking    ] GC(146) Concurrent Mark (30.800s, 30.811s) 11.504ms
[30.811s][info][safepoint     ] Application time: 0.0117430 seconds
[30.811s][info][safepoint     ] Entering safepoint region: CGC_Operation
[30.811s][info][gc,start      ] GC(146) Pause Remark
[30.813s][info][gc,stringtable] GC(146) Cleaned string and symbol table, strings: 20124 processed, 0 removed, symbols: 132173 processed, 0 removed
[30.814s][info][gc            ] GC(146) Pause Remark 206M->206M(1342M) 2.229ms
[30.814s][info][gc,cpu        ] GC(146) User=0.02s Sys=0.00s Real=0.00s
[30.814s][info][safepoint     ] Leaving safepoint region
[30.814s][info][safepoint     ] Total time for which application threads were stopped: 0.0024325 seconds, Stopping threads took: 0.0000142 seconds
[30.814s][info][gc,marking    ] GC(146) Concurrent Rebuild Remembered Sets
[30.821s][info][gc,marking    ] GC(146) Concurrent Rebuild Remembered Sets 7.255ms
[30.821s][info][safepoint     ] Application time: 0.0074021 seconds
[30.821s][info][safepoint     ] Entering safepoint region: CGC_Operation
[30.821s][info][gc,start      ] GC(146) Pause Cleanup
[30.822s][info][gc            ] GC(146) Pause Cleanup 397M->397M(1342M) 0.230ms
[30.822s][info][gc,cpu        ] GC(146) User=0.00s Sys=0.00s Real=0.00s
[30.822s][info][safepoint     ] Leaving safepoint region
[30.822s][info][safepoint     ] Total time for which application threads were stopped: 0.0004513 seconds, Stopping threads took: 0.0000147 seconds
[30.822s][info][gc,marking    ] GC(146) Concurrent Cleanup for Next Mark
[30.823s][info][gc,marking    ] GC(146) Concurrent Cleanup for Next Mark 1.165ms
[30.823s][info][gc            ] GC(146) Concurrent Cycle 23.284ms
[30.839s][info][safepoint     ] Application time: 0.0175477 seconds
[30.839s][info][safepoint     ] Entering safepoint region: G1CollectForAllocation
[30.839s][info][gc,start      ] GC(147) Pause Young (Concurrent Start) (G1 Humongous Allocation)
[30.839s][info][gc,task       ] GC(147) Using 8 workers of 8 for evacuation
[30.841s][info][gc,phases     ] GC(147)   Pre Evacuate Collection Set: 0.2ms
[30.841s][info][gc,phases     ] GC(147)   Evacuate Collection Set: 1.2ms
[30.841s][info][gc,phases     ] GC(147)   Post Evacuate Collection Set: 0.4ms
[30.841s][info][gc,phases     ] GC(147)   Other: 0.2ms
[30.841s][info][gc,heap       ] GC(147) Eden regions: 1->0(804)
[30.841s][info][gc,heap       ] GC(147) Survivor regions: 1->1(101)
[30.841s][info][gc,heap       ] GC(147) Old regions: 15->15
[30.841s][info][gc,heap       ] GC(147) Humongous regions: 573->0
[30.841s][info][gc,metaspace  ] GC(147) Metaspace: 38643K->38643K(1085440K)
[30.842s][info][gc            ] GC(147) Pause Young (Concurrent Start) (G1 Humongous Allocation) 588M->14M(1342M) 2.074ms
[30.842s][info][gc,cpu        ] GC(147) User=0.00s Sys=0.00s Real=0.00s
[30.842s][info][safepoint     ] Leaving safepoint region
[30.842s][info][safepoint     ] Total time for which application threads were stopped: 0.0022613 seconds, Stopping threads took: 0.0000585 seconds
[30.842s][info][gc            ] GC(148) Concurrent Cycle
[30.842s][info][gc,marking    ] GC(148) Concurrent Clear Claimed Marks
[30.842s][info][gc,marking    ] GC(148) Concurrent Clear Claimed Marks 0.105ms
[30.842s][info][gc,marking    ] GC(148) Concurrent Scan Root Regions
[30.842s][info][gc,marking    ] GC(148) Concurrent Scan Root Regions 0.066ms
[30.842s][info][gc,marking    ] GC(148) Concurrent Mark (30.842s)
[30.842s][info][gc,marking    ] GC(148) Concurrent Mark From Roots
[30.842s][info][gc,task       ] GC(148) Using 2 workers of 2 for marking
[30.852s][info][gc,marking    ] GC(148) Concurrent Mark From Roots 9.914ms
[30.852s][info][gc,marking    ] GC(148) Concurrent Preclean
[30.852s][info][gc,marking    ] GC(148) Concurrent Preclean 0.045ms
[30.852s][info][gc,marking    ] GC(148) Concurrent Mark (30.842s, 30.852s) 10.025ms
[30.852s][info][safepoint     ] Application time: 0.0103138 seconds
[30.852s][info][safepoint     ] Entering safepoint region: CGC_Operation
[30.852s][info][gc,start      ] GC(148) Pause Remark
[30.854s][info][gc,stringtable] GC(148) Cleaned string and symbol table, strings: 20124 processed, 0 removed, symbols: 132173 processed, 0 removed
[30.854s][info][gc            ] GC(148) Pause Remark 206M->206M(1342M) 2.187ms
[30.854s][info][gc,cpu        ] GC(148) User=0.01s Sys=0.00s Real=0.00s
[30.854s][info][safepoint     ] Leaving safepoint region
[30.854s][info][safepoint     ] Total time for which application threads were stopped: 0.0023975 seconds, Stopping threads took: 0.0000161 seconds
[30.854s][info][gc,marking    ] GC(148) Concurrent Rebuild Remembered Sets
[30.861s][info][gc,marking    ] GC(148) Concurrent Rebuild Remembered Sets 7.093ms
[30.862s][info][safepoint     ] Application time: 0.0072275 seconds
[30.862s][info][safepoint     ] Entering safepoint region: CGC_Operation
[30.862s][info][gc,start      ] GC(148) Pause Cleanup
[30.862s][info][gc            ] GC(148) Pause Cleanup 397M->397M(1342M) 0.214ms
[30.862s][info][gc,cpu        ] GC(148) User=0.00s Sys=0.00s Real=0.00s
[30.862s][info][safepoint     ] Leaving safepoint region
[30.862s][info][safepoint     ] Total time for which application threads were stopped: 0.0004024 seconds, Stopping threads took: 0.0000136 seconds
[30.862s][info][gc,marking    ] GC(148) Concurrent Cleanup for Next Mark
[30.863s][info][gc,marking    ] GC(148) Concurrent Cleanup for Next Mark 1.057ms
[30.863s][info][gc            ] GC(148) Concurrent Cycle 21.429ms
[30.879s][info][safepoint     ] Application time: 0.0174279 seconds
[30.879s][info][safepoint     ] Entering safepoint region: G1CollectForAllocation
[30.880s][info][gc,start      ] GC(149) Pause Young (Concurrent Start) (G1 Humongous Allocation)
[30.880s][info][gc,task       ] GC(149) Using 8 workers of 8 for evacuation
[30.881s][info][gc,phases     ] GC(149)   Pre Evacuate Collection Set: 0.1ms
[30.881s][info][gc,phases     ] GC(149)   Evacuate Collection Set: 0.9ms
[30.881s][info][gc,phases     ] GC(149)   Post Evacuate Collection Set: 0.4ms
[30.881s][info][gc,phases     ] GC(149)   Other: 0.2ms
[30.881s][info][gc,heap       ] GC(149) Eden regions: 1->0(804)
[30.881s][info][gc,heap       ] GC(149) Survivor regions: 1->1(101)
[30.881s][info][gc,heap       ] GC(149) Old regions: 15->15
[30.881s][info][gc,heap       ] GC(149) Humongous regions: 573->0
[30.881s][info][gc,metaspace  ] GC(149) Metaspace: 38643K->38643K(1085440K)
[30.881s][info][gc            ] GC(149) Pause Young (Concurrent Start) (G1 Humongous Allocation) 588M->14M(1342M) 1.733ms
[30.881s][info][gc,cpu        ] GC(149) User=0.01s Sys=0.00s Real=0.00s
[30.881s][info][safepoint     ] Leaving safepoint region
[30.881s][info][safepoint     ] Total time for which application threads were stopped: 0.0019366 seconds, Stopping threads took: 0.0000178 seconds
[30.881s][info][gc            ] GC(150) Concurrent Cycle
[30.881s][info][gc,marking    ] GC(150) Concurrent Clear Claimed Marks
[30.882s][info][gc,marking    ] GC(150) Concurrent Clear Claimed Marks 0.063ms
[30.882s][info][gc,marking    ] GC(150) Concurrent Scan Root Regions
[30.882s][info][gc,marking    ] GC(150) Concurrent Scan Root Regions 0.065ms
[30.882s][info][gc,marking    ] GC(150) Concurrent Mark (30.882s)
[30.882s][info][gc,marking    ] GC(150) Concurrent Mark From Roots
[30.882s][info][gc,task       ] GC(150) Using 2 workers of 2 for marking
[30.892s][info][gc,marking    ] GC(150) Concurrent Mark From Roots 9.885ms
[30.892s][info][gc,marking    ] GC(150) Concurrent Preclean
[30.892s][info][gc,marking    ] GC(150) Concurrent Preclean 0.045ms
[30.892s][info][gc,marking    ] GC(150) Concurrent Mark (30.882s, 30.892s) 10.055ms
[30.892s][info][safepoint     ] Application time: 0.0103230 seconds
[30.892s][info][safepoint     ] Entering safepoint region: CGC_Operation
[30.892s][info][gc,start      ] GC(150) Pause Remark
[30.894s][info][gc,stringtable] GC(150) Cleaned string and symbol table, strings: 20124 processed, 0 removed, symbols: 132173 processed, 0 removed
[30.894s][info][gc            ] GC(150) Pause Remark 206M->206M(1342M) 2.098ms
[30.894s][info][gc,cpu        ] GC(150) User=0.01s Sys=0.00s Real=0.00s
[30.894s][info][safepoint     ] Leaving safepoint region
[30.894s][info][safepoint     ] Total time for which application threads were stopped: 0.0022979 seconds, Stopping threads took: 0.0000130 seconds
[30.894s][info][gc,marking    ] GC(150) Concurrent Rebuild Remembered Sets
[30.904s][info][gc,marking    ] GC(150) Concurrent Rebuild Remembered Sets 9.773ms
[30.904s][info][safepoint     ] Application time: 0.0099255 seconds
[30.904s][info][safepoint     ] Entering safepoint region: CGC_Operation
[30.904s][info][gc,start      ] GC(150) Pause Cleanup
[30.904s][info][gc            ] GC(150) Pause Cleanup 397M->397M(1342M) 0.215ms
[30.904s][info][gc,cpu        ] GC(150) User=0.00s Sys=0.00s Real=0.00s
[30.904s][info][safepoint     ] Leaving safepoint region
[30.904s][info][safepoint     ] Total time for which application threads were stopped: 0.0004213 seconds, Stopping threads took: 0.0000288 seconds
[30.904s][info][gc,marking    ] GC(150) Concurrent Cleanup for Next Mark
[30.905s][info][gc,marking    ] GC(150) Concurrent Cleanup for Next Mark 1.038ms
[30.905s][info][gc            ] GC(150) Concurrent Cycle 24.074ms
[30.920s][info][safepoint     ] Application time: 0.0154735 seconds
[30.920s][info][safepoint     ] Entering safepoint region: G1CollectForAllocation
[30.920s][info][gc,start      ] GC(151) Pause Young (Concurrent Start) (G1 Humongous Allocation)
[30.920s][info][gc,task       ] GC(151) Using 8 workers of 8 for evacuation
[30.922s][info][gc,phases     ] GC(151)   Pre Evacuate Collection Set: 0.1ms
[30.922s][info][gc,phases     ] GC(151)   Evacuate Collection Set: 0.9ms
[30.922s][info][gc,phases     ] GC(151)   Post Evacuate Collection Set: 0.5ms
[30.922s][info][gc,phases     ] GC(151)   Other: 0.2ms
[30.922s][info][gc,heap       ] GC(151) Eden regions: 1->0(804)
[30.922s][info][gc,heap       ] GC(151) Survivor regions: 1->1(101)
[30.922s][info][gc,heap       ] GC(151) Old regions: 15->15
[30.922s][info][gc,heap       ] GC(151) Humongous regions: 573->0
[30.922s][info][gc,metaspace  ] GC(151) Metaspace: 38643K->38643K(1085440K)
[30.922s][info][gc            ] GC(151) Pause Young (Concurrent Start) (G1 Humongous Allocation) 588M->14M(1342M) 1.800ms
[30.922s][info][gc,cpu        ] GC(151) User=0.00s Sys=0.00s Real=0.00s
[30.922s][info][safepoint     ] Leaving safepoint region
[30.922s][info][safepoint     ] Total time for which application threads were stopped: 0.0019919 seconds, Stopping threads took: 0.0000147 seconds
[30.922s][info][gc            ] GC(152) Concurrent Cycle
[30.922s][info][gc,marking    ] GC(152) Concurrent Clear Claimed Marks
[30.922s][info][gc,marking    ] GC(152) Concurrent Clear Claimed Marks 0.035ms
[30.922s][info][gc,marking    ] GC(152) Concurrent Scan Root Regions
[30.922s][info][gc,marking    ] GC(152) Concurrent Scan Root Regions 0.057ms
[30.922s][info][gc,marking    ] GC(152) Concurrent Mark (30.922s)
[30.922s][info][gc,marking    ] GC(152) Concurrent Mark From Roots
[30.922s][info][gc,task       ] GC(152) Using 2 workers of 2 for marking
[30.932s][info][gc,marking    ] GC(152) Concurrent Mark From Roots 9.977ms
[30.932s][info][gc,marking    ] GC(152) Concurrent Preclean
[30.932s][info][gc,marking    ] GC(152) Concurrent Preclean 0.045ms
[30.932s][info][gc,marking    ] GC(152) Concurrent Mark (30.922s, 30.932s) 10.128ms
[30.932s][info][safepoint     ] Application time: 0.0103365 seconds
[30.932s][info][safepoint     ] Entering safepoint region: CGC_Operation
[30.932s][info][gc,start      ] GC(152) Pause Remark
[30.934s][info][gc,stringtable] GC(152) Cleaned string and symbol table, strings: 20124 processed, 0 removed, symbols: 132173 processed, 0 removed
[30.935s][info][gc            ] GC(152) Pause Remark 206M->206M(1342M) 2.159ms
[30.935s][info][gc,cpu        ] GC(152) User=0.01s Sys=0.00s Real=0.00s
[30.935s][info][safepoint     ] Leaving safepoint region
[30.935s][info][safepoint     ] Total time for which application threads were stopped: 0.0023612 seconds, Stopping threads took: 0.0000130 seconds
[30.935s][info][gc,marking    ] GC(152) Concurrent Rebuild Remembered Sets
[30.942s][info][gc,marking    ] GC(152) Concurrent Rebuild Remembered Sets 7.163ms
[30.942s][info][safepoint     ] Application time: 0.0072942 seconds
[30.942s][info][safepoint     ] Entering safepoint region: CGC_Operation
[30.942s][info][gc,start      ] GC(152) Pause Cleanup
[30.942s][info][gc            ] GC(152) Pause Cleanup 397M->397M(1342M) 0.208ms
[30.942s][info][gc,cpu        ] GC(152) User=0.00s Sys=0.00s Real=0.00s
[30.942s][info][safepoint     ] Leaving safepoint region
[30.942s][info][safepoint     ] Total time for which application threads were stopped: 0.0003833 seconds, Stopping threads took: 0.0000153 seconds
[30.942s][info][gc,marking    ] GC(152) Concurrent Cleanup for Next Mark
[30.943s][info][gc,marking    ] GC(152) Concurrent Cleanup for Next Mark 1.031ms
[30.943s][info][gc            ] GC(152) Concurrent Cycle 21.451ms
[30.968s][info][safepoint     ] Application time: 0.0259765 seconds
[30.968s][info][safepoint     ] Entering safepoint region: G1CollectForAllocation
[30.969s][info][gc,start      ] GC(153) Pause Young (Concurrent Start) (G1 Humongous Allocation)
[30.969s][info][gc,task       ] GC(153) Using 8 workers of 8 for evacuation
[30.971s][info][gc,phases     ] GC(153)   Pre Evacuate Collection Set: 0.3ms
[30.971s][info][gc,phases     ] GC(153)   Evacuate Collection Set: 1.7ms
[30.971s][info][gc,phases     ] GC(153)   Post Evacuate Collection Set: 0.4ms
[30.971s][info][gc,phases     ] GC(153)   Other: 0.3ms
[30.971s][info][gc,heap       ] GC(153) Eden regions: 1->0(804)
[30.971s][info][gc,heap       ] GC(153) Survivor regions: 1->1(101)
[30.971s][info][gc,heap       ] GC(153) Old regions: 15->15
[30.971s][info][gc,heap       ] GC(153) Humongous regions: 573->0
[30.971s][info][gc,metaspace  ] GC(153) Metaspace: 38643K->38643K(1085440K)
[30.971s][info][gc            ] GC(153) Pause Young (Concurrent Start) (G1 Humongous Allocation) 588M->14M(1342M) 2.903ms
[30.971s][info][gc,cpu        ] GC(153) User=0.01s Sys=0.00s Real=0.00s
[30.972s][info][safepoint     ] Leaving safepoint region
[30.972s][info][gc            ] GC(154) Concurrent Cycle
[30.972s][info][safepoint     ] Total time for which application threads were stopped: 0.0030880 seconds, Stopping threads took: 0.0000263 seconds
[30.972s][info][gc,marking    ] GC(154) Concurrent Clear Claimed Marks
[30.972s][info][gc,marking    ] GC(154) Concurrent Clear Claimed Marks 0.158ms
[30.972s][info][gc,marking    ] GC(154) Concurrent Scan Root Regions
[30.972s][info][gc,marking    ] GC(154) Concurrent Scan Root Regions 0.124ms
[30.972s][info][gc,marking    ] GC(154) Concurrent Mark (30.972s)
[30.972s][info][gc,marking    ] GC(154) Concurrent Mark From Roots
[30.972s][info][gc,task       ] GC(154) Using 2 workers of 2 for marking
[30.987s][info][gc,marking    ] GC(154) Concurrent Mark From Roots 15.342ms
[30.987s][info][gc,marking    ] GC(154) Concurrent Preclean
[30.987s][info][gc,marking    ] GC(154) Concurrent Preclean 0.086ms
[30.987s][info][gc,marking    ] GC(154) Concurrent Mark (30.972s, 30.987s) 15.564ms
[30.988s][info][safepoint     ] Application time: 0.0159634 seconds
[30.988s][info][safepoint     ] Entering safepoint region: CGC_Operation
[30.988s][info][gc,start      ] GC(154) Pause Remark
[30.992s][info][gc,stringtable] GC(154) Cleaned string and symbol table, strings: 20124 processed, 0 removed, symbols: 132173 processed, 0 removed
[30.992s][info][gc            ] GC(154) Pause Remark 206M->206M(1342M) 4.444ms
[30.992s][info][gc,cpu        ] GC(154) User=0.02s Sys=0.00s Real=0.00s
[30.992s][info][safepoint     ] Leaving safepoint region
[30.992s][info][safepoint     ] Total time for which application threads were stopped: 0.0045855 seconds, Stopping threads took: 0.0000158 seconds
[30.992s][info][gc,marking    ] GC(154) Concurrent Rebuild Remembered Sets
[31.001s][info][gc,marking    ] GC(154) Concurrent Rebuild Remembered Sets 8.926ms
[31.001s][info][safepoint     ] Application time: 0.0090373 seconds
[31.004s][info][safepoint     ] Entering safepoint region: CGC_Operation
[31.004s][info][gc,start      ] GC(154) Pause Cleanup
[31.004s][info][gc            ] GC(154) Pause Cleanup 397M->397M(1342M) 0.233ms
[31.004s][info][gc,cpu        ] GC(154) User=0.00s Sys=0.00s Real=0.00s
[31.004s][info][safepoint     ] Leaving safepoint region
[31.004s][info][safepoint     ] Total time for which application threads were stopped: 0.0032188 seconds, Stopping threads took: 0.0027421 seconds
[31.004s][info][gc,marking    ] GC(154) Concurrent Cleanup for Next Mark
[31.006s][info][gc,marking    ] GC(154) Concurrent Cleanup for Next Mark 1.097ms
[31.006s][info][gc            ] GC(154) Concurrent Cycle 34.102ms
[31.024s][info][safepoint     ] Application time: 0.0198870 seconds
[31.024s][info][safepoint     ] Entering safepoint region: G1CollectForAllocation
[31.025s][info][gc,start      ] GC(155) Pause Young (Concurrent Start) (G1 Humongous Allocation)
[31.025s][info][gc,task       ] GC(155) Using 8 workers of 8 for evacuation
[31.026s][info][gc,phases     ] GC(155)   Pre Evacuate Collection Set: 0.1ms
[31.026s][info][gc,phases     ] GC(155)   Evacuate Collection Set: 1.0ms
[31.026s][info][gc,phases     ] GC(155)   Post Evacuate Collection Set: 0.4ms
[31.026s][info][gc,phases     ] GC(155)   Other: 0.2ms
[31.026s][info][gc,heap       ] GC(155) Eden regions: 1->0(804)
[31.026s][info][gc,heap       ] GC(155) Survivor regions: 1->1(101)
[31.026s][info][gc,heap       ] GC(155) Old regions: 15->15
[31.026s][info][gc,heap       ] GC(155) Humongous regions: 573->0
[31.026s][info][gc,metaspace  ] GC(155) Metaspace: 38643K->38643K(1085440K)
[31.026s][info][gc            ] GC(155) Pause Young (Concurrent Start) (G1 Humongous Allocation) 588M->14M(1342M) 1.726ms
[31.026s][info][gc,cpu        ] GC(155) User=0.01s Sys=0.00s Real=0.00s
[31.026s][info][safepoint     ] Leaving safepoint region
[31.026s][info][safepoint     ] Total time for which application threads were stopped: 0.0019487 seconds, Stopping threads took: 0.0000540 seconds
[31.026s][info][gc            ] GC(156) Concurrent Cycle
[31.026s][info][gc,marking    ] GC(156) Concurrent Clear Claimed Marks
[31.027s][info][gc,marking    ] GC(156) Concurrent Clear Claimed Marks 0.055ms
[31.027s][info][gc,marking    ] GC(156) Concurrent Scan Root Regions
[31.027s][info][gc,marking    ] GC(156) Concurrent Scan Root Regions 0.055ms
[31.027s][info][gc,marking    ] GC(156) Concurrent Mark (31.027s)
[31.027s][info][gc,marking    ] GC(156) Concurrent Mark From Roots
[31.027s][info][gc,task       ] GC(156) Using 2 workers of 2 for marking
[31.037s][info][gc,marking    ] GC(156) Concurrent Mark From Roots 10.044ms
[31.037s][info][gc,marking    ] GC(156) Concurrent Preclean
[31.037s][info][gc,marking    ] GC(156) Concurrent Preclean 0.042ms
[31.037s][info][gc,marking    ] GC(156) Concurrent Mark (31.027s, 31.037s) 10.153ms
[31.037s][info][safepoint     ] Application time: 0.0104058 seconds
[31.037s][info][safepoint     ] Entering safepoint region: CGC_Operation
[31.037s][info][gc,start      ] GC(156) Pause Remark
[31.039s][info][gc,stringtable] GC(156) Cleaned string and symbol table, strings: 20124 processed, 0 removed, symbols: 132173 processed, 0 removed
[31.039s][info][gc            ] GC(156) Pause Remark 206M->206M(1342M) 2.183ms
[31.039s][info][gc,cpu        ] GC(156) User=0.02s Sys=0.00s Real=0.00s
[31.039s][info][safepoint     ] Leaving safepoint region
[31.039s][info][safepoint     ] Total time for which application threads were stopped: 0.0023860 seconds, Stopping threads took: 0.0000142 seconds
[31.039s][info][gc,marking    ] GC(156) Concurrent Rebuild Remembered Sets
[31.046s][info][gc,marking    ] GC(156) Concurrent Rebuild Remembered Sets 6.972ms
[31.046s][info][safepoint     ] Application time: 0.0070474 seconds
[31.046s][info][safepoint     ] Entering safepoint region: CGC_Operation
[31.046s][info][gc,start      ] GC(156) Pause Cleanup
[31.047s][info][gc            ] GC(156) Pause Cleanup 397M->397M(1342M) 0.177ms
[31.047s][info][gc,cpu        ] GC(156) User=0.00s Sys=0.00s Real=0.00s
[31.047s][info][safepoint     ] Leaving safepoint region
[31.047s][info][safepoint     ] Total time for which application threads were stopped: 0.0003568 seconds, Stopping threads took: 0.0000141 seconds
[31.047s][info][gc,marking    ] GC(156) Concurrent Cleanup for Next Mark
[31.048s][info][gc,marking    ] GC(156) Concurrent Cleanup for Next Mark 1.032ms
[31.048s][info][gc            ] GC(156) Concurrent Cycle 21.286ms
[31.065s][info][safepoint     ] Application time: 0.0181108 seconds
[31.065s][info][safepoint     ] Entering safepoint region: G1CollectForAllocation
[31.065s][info][gc,start      ] GC(157) Pause Young (Concurrent Start) (G1 Humongous Allocation)
[31.065s][info][gc,task       ] GC(157) Using 8 workers of 8 for evacuation
[31.067s][info][gc,phases     ] GC(157)   Pre Evacuate Collection Set: 0.1ms
[31.067s][info][gc,phases     ] GC(157)   Evacuate Collection Set: 0.9ms
[31.067s][info][gc,phases     ] GC(157)   Post Evacuate Collection Set: 0.3ms
[31.067s][info][gc,phases     ] GC(157)   Other: 0.2ms
[31.067s][info][gc,heap       ] GC(157) Eden regions: 1->0(804)
[31.067s][info][gc,heap       ] GC(157) Survivor regions: 1->1(101)
[31.067s][info][gc,heap       ] GC(157) Old regions: 15->15
[31.067s][info][gc,heap       ] GC(157) Humongous regions: 573->0
[31.067s][info][gc,metaspace  ] GC(157) Metaspace: 38643K->38643K(1085440K)
[31.067s][info][gc            ] GC(157) Pause Young (Concurrent Start) (G1 Humongous Allocation) 588M->14M(1342M) 1.668ms
[31.067s][info][gc,cpu        ] GC(157) User=0.00s Sys=0.00s Real=0.01s
[31.067s][info][safepoint     ] Leaving safepoint region
[31.067s][info][safepoint     ] Total time for which application threads were stopped: 0.0019054 seconds, Stopping threads took: 0.0000208 seconds
[31.067s][info][gc            ] GC(158) Concurrent Cycle
[31.067s][info][gc,marking    ] GC(158) Concurrent Clear Claimed Marks
[31.067s][info][gc,marking    ] GC(158) Concurrent Clear Claimed Marks 0.039ms
[31.067s][info][gc,marking    ] GC(158) Concurrent Scan Root Regions
[31.067s][info][gc,marking    ] GC(158) Concurrent Scan Root Regions 0.082ms
[31.067s][info][gc,marking    ] GC(158) Concurrent Mark (31.067s)
[31.067s][info][gc,marking    ] GC(158) Concurrent Mark From Roots
[31.067s][info][gc,task       ] GC(158) Using 2 workers of 2 for marking
[31.077s][info][gc,marking    ] GC(158) Concurrent Mark From Roots 9.911ms
[31.077s][info][gc,marking    ] GC(158) Concurrent Preclean
[31.077s][info][gc,marking    ] GC(158) Concurrent Preclean 0.046ms
[31.077s][info][gc,marking    ] GC(158) Concurrent Mark (31.067s, 31.077s) 10.025ms
[31.077s][info][safepoint     ] Application time: 0.0102482 seconds
[31.077s][info][safepoint     ] Entering safepoint region: CGC_Operation
[31.077s][info][gc,start      ] GC(158) Pause Remark
[31.079s][info][gc,stringtable] GC(158) Cleaned string and symbol table, strings: 20124 processed, 0 removed, symbols: 132173 processed, 0 removed
[31.079s][info][gc            ] GC(158) Pause Remark 206M->206M(1342M) 2.176ms
[31.079s][info][gc,cpu        ] GC(158) User=0.01s Sys=0.00s Real=0.00s
[31.079s][info][safepoint     ] Leaving safepoint region
[31.079s][info][safepoint     ] Total time for which application threads were stopped: 0.0023672 seconds, Stopping threads took: 0.0000134 seconds
[31.079s][info][gc,marking    ] GC(158) Concurrent Rebuild Remembered Sets
[31.087s][info][gc,marking    ] GC(158) Concurrent Rebuild Remembered Sets 7.122ms
[31.087s][info][safepoint     ] Application time: 0.0072461 seconds
[31.087s][info][safepoint     ] Entering safepoint region: CGC_Operation
[31.087s][info][gc,start      ] GC(158) Pause Cleanup
[31.087s][info][gc            ] GC(158) Pause Cleanup 397M->397M(1342M) 0.221ms
[31.087s][info][gc,cpu        ] GC(158) User=0.00s Sys=0.00s Real=0.00s
[31.087s][info][safepoint     ] Leaving safepoint region
[31.087s][info][safepoint     ] Total time for which application threads were stopped: 0.0004140 seconds, Stopping threads took: 0.0000141 seconds
[31.087s][info][gc,marking    ] GC(158) Concurrent Cleanup for Next Mark
[31.088s][info][gc,marking    ] GC(158) Concurrent Cleanup for Next Mark 1.036ms
[31.088s][info][gc            ] GC(158) Concurrent Cycle 21.374ms
[31.105s][info][safepoint     ] Application time: 0.0176974 seconds
[31.105s][info][safepoint     ] Entering safepoint region: G1CollectForAllocation
[31.105s][info][gc,start      ] GC(159) Pause Young (Concurrent Start) (G1 Humongous Allocation)
[31.105s][info][gc,task       ] GC(159) Using 8 workers of 8 for evacuation
[31.106s][info][gc,phases     ] GC(159)   Pre Evacuate Collection Set: 0.1ms
[31.107s][info][gc,phases     ] GC(159)   Evacuate Collection Set: 0.9ms
[31.107s][info][gc,phases     ] GC(159)   Post Evacuate Collection Set: 0.3ms
[31.107s][info][gc,phases     ] GC(159)   Other: 0.2ms
[31.107s][info][gc,heap       ] GC(159) Eden regions: 1->0(804)
[31.107s][info][gc,heap       ] GC(159) Survivor regions: 1->1(101)
[31.107s][info][gc,heap       ] GC(159) Old regions: 15->15
[31.107s][info][gc,heap       ] GC(159) Humongous regions: 573->0
[31.107s][info][gc,metaspace  ] GC(159) Metaspace: 38643K->38643K(1085440K)
[31.107s][info][gc            ] GC(159) Pause Young (Concurrent Start) (G1 Humongous Allocation) 588M->14M(1342M) 1.658ms
[31.107s][info][gc,cpu        ] GC(159) User=0.00s Sys=0.00s Real=0.01s
[31.107s][info][safepoint     ] Leaving safepoint region
[31.107s][info][safepoint     ] Total time for which application threads were stopped: 0.0018407 seconds, Stopping threads took: 0.0000439 seconds
[31.107s][info][gc            ] GC(160) Concurrent Cycle
[31.107s][info][gc,marking    ] GC(160) Concurrent Clear Claimed Marks
[31.107s][info][gc,marking    ] GC(160) Concurrent Clear Claimed Marks 0.094ms
[31.107s][info][gc,marking    ] GC(160) Concurrent Scan Root Regions
[31.107s][info][gc,marking    ] GC(160) Concurrent Scan Root Regions 0.064ms
[31.107s][info][gc,marking    ] GC(160) Concurrent Mark (31.107s)
[31.107s][info][gc,marking    ] GC(160) Concurrent Mark From Roots
[31.107s][info][gc,task       ] GC(160) Using 2 workers of 2 for marking
[31.117s][info][gc,marking    ] GC(160) Concurrent Mark From Roots 10.393ms
[31.117s][info][gc,marking    ] GC(160) Concurrent Preclean
[31.117s][info][gc,marking    ] GC(160) Concurrent Preclean 0.073ms
[31.117s][info][gc,marking    ] GC(160) Concurrent Mark (31.107s, 31.117s) 10.552ms
[31.117s][info][safepoint     ] Application time: 0.0108286 seconds
[31.117s][info][safepoint     ] Entering safepoint region: CGC_Operation
[31.118s][info][gc,start      ] GC(160) Pause Remark
[31.120s][info][gc,stringtable] GC(160) Cleaned string and symbol table, strings: 20124 processed, 0 removed, symbols: 132173 processed, 0 removed
[31.120s][info][gc            ] GC(160) Pause Remark 206M->206M(1342M) 2.289ms
[31.120s][info][gc,cpu        ] GC(160) User=0.01s Sys=0.00s Real=0.00s
[31.120s][info][safepoint     ] Leaving safepoint region
[31.120s][info][safepoint     ] Total time for which application threads were stopped: 0.0024693 seconds, Stopping threads took: 0.0000428 seconds
[31.120s][info][gc,marking    ] GC(160) Concurrent Rebuild Remembered Sets
[31.127s][info][gc,marking    ] GC(160) Concurrent Rebuild Remembered Sets 7.065ms
[31.127s][info][safepoint     ] Application time: 0.0071964 seconds
[31.127s][info][safepoint     ] Entering safepoint region: CGC_Operation
[31.127s][info][gc,start      ] GC(160) Pause Cleanup
[31.127s][info][gc            ] GC(160) Pause Cleanup 397M->397M(1342M) 0.213ms
[31.128s][info][gc,cpu        ] GC(160) User=0.00s Sys=0.00s Real=0.00s
[31.128s][info][safepoint     ] Leaving safepoint region
[31.128s][info][safepoint     ] Total time for which application threads were stopped: 0.0003913 seconds, Stopping threads took: 0.0000132 seconds
[31.128s][info][gc,marking    ] GC(160) Concurrent Cleanup for Next Mark
[31.129s][info][gc,marking    ] GC(160) Concurrent Cleanup for Next Mark 1.089ms
[31.129s][info][gc            ] GC(160) Concurrent Cycle 22.024ms
[31.144s][info][safepoint     ] Application time: 0.0168183 seconds
[31.144s][info][safepoint     ] Entering safepoint region: G1CollectForAllocation
[31.145s][info][gc,start      ] GC(161) Pause Young (Concurrent Start) (G1 Humongous Allocation)
[31.145s][info][gc,task       ] GC(161) Using 8 workers of 8 for evacuation
[31.146s][info][gc,phases     ] GC(161)   Pre Evacuate Collection Set: 0.1ms
[31.146s][info][gc,phases     ] GC(161)   Evacuate Collection Set: 0.9ms
[31.146s][info][gc,phases     ] GC(161)   Post Evacuate Collection Set: 0.3ms
[31.146s][info][gc,phases     ] GC(161)   Other: 0.2ms
[31.146s][info][gc,heap       ] GC(161) Eden regions: 1->0(804)
[31.146s][info][gc,heap       ] GC(161) Survivor regions: 1->1(101)
[31.146s][info][gc,heap       ] GC(161) Old regions: 15->15
[31.146s][info][gc,heap       ] GC(161) Humongous regions: 573->0
[31.146s][info][gc,metaspace  ] GC(161) Metaspace: 38643K->38643K(1085440K)
[31.146s][info][gc            ] GC(161) Pause Young (Concurrent Start) (G1 Humongous Allocation) 588M->14M(1342M) 1.663ms
[31.146s][info][gc,cpu        ] GC(161) User=0.01s Sys=0.00s Real=0.00s
[31.146s][info][safepoint     ] Leaving safepoint region
[31.146s][info][safepoint     ] Total time for which application threads were stopped: 0.0018269 seconds, Stopping threads took: 0.0000242 seconds
[31.146s][info][gc            ] GC(162) Concurrent Cycle
[31.146s][info][gc,marking    ] GC(162) Concurrent Clear Claimed Marks
[31.146s][info][gc,marking    ] GC(162) Concurrent Clear Claimed Marks 0.041ms
[31.146s][info][gc,marking    ] GC(162) Concurrent Scan Root Regions
[31.146s][info][gc,marking    ] GC(162) Concurrent Scan Root Regions 0.106ms
[31.147s][info][gc,marking    ] GC(162) Concurrent Mark (31.147s)
[31.147s][info][gc,marking    ] GC(162) Concurrent Mark From Roots
[31.147s][info][gc,task       ] GC(162) Using 2 workers of 2 for marking
[31.157s][info][gc,marking    ] GC(162) Concurrent Mark From Roots 9.986ms
[31.157s][info][gc,marking    ] GC(162) Concurrent Preclean
[31.157s][info][gc,marking    ] GC(162) Concurrent Preclean 0.047ms
[31.157s][info][gc,marking    ] GC(162) Concurrent Mark (31.147s, 31.157s) 10.129ms
[31.157s][info][safepoint     ] Application time: 0.0103725 seconds
[31.157s][info][safepoint     ] Entering safepoint region: CGC_Operation
[31.157s][info][gc,start      ] GC(162) Pause Remark
[31.159s][info][gc,stringtable] GC(162) Cleaned string and symbol table, strings: 20124 processed, 0 removed, symbols: 132173 processed, 0 removed
[31.159s][info][gc            ] GC(162) Pause Remark 206M->206M(1342M) 2.116ms
[31.159s][info][gc,cpu        ] GC(162) User=0.02s Sys=0.00s Real=0.00s
[31.159s][info][safepoint     ] Leaving safepoint region
[31.159s][info][safepoint     ] Total time for which application threads were stopped: 0.0022617 seconds, Stopping threads took: 0.0000139 seconds
[31.159s][info][gc,marking    ] GC(162) Concurrent Rebuild Remembered Sets
[31.166s][info][gc,marking    ] GC(162) Concurrent Rebuild Remembered Sets 7.133ms
[31.166s][info][safepoint     ] Application time: 0.0072644 seconds
[31.166s][info][safepoint     ] Entering safepoint region: CGC_Operation
[31.166s][info][gc,start      ] GC(162) Pause Cleanup
[31.167s][info][gc            ] GC(162) Pause Cleanup 397M->397M(1342M) 0.194ms
[31.167s][info][gc,cpu        ] GC(162) User=0.00s Sys=0.00s Real=0.01s
[31.167s][info][safepoint     ] Leaving safepoint region
[31.167s][info][safepoint     ] Total time for which application threads were stopped: 0.0003737 seconds, Stopping threads took: 0.0000147 seconds
[31.167s][info][gc,marking    ] GC(162) Concurrent Cleanup for Next Mark
[31.168s][info][gc,marking    ] GC(162) Concurrent Cleanup for Next Mark 1.028ms
[31.168s][info][gc            ] GC(162) Concurrent Cycle 21.362ms
[31.183s][info][safepoint     ] Application time: 0.0166895 seconds
[31.183s][info][safepoint     ] Entering safepoint region: G1CollectForAllocation
[31.183s][info][gc,start      ] GC(163) Pause Young (Concurrent Start) (G1 Humongous Allocation)
[31.183s][info][gc,task       ] GC(163) Using 8 workers of 8 for evacuation
[31.186s][info][gc,phases     ] GC(163)   Pre Evacuate Collection Set: 0.1ms
[31.186s][info][gc,phases     ] GC(163)   Evacuate Collection Set: 1.3ms
[31.186s][info][gc,phases     ] GC(163)   Post Evacuate Collection Set: 0.9ms
[31.186s][info][gc,phases     ] GC(163)   Other: 0.2ms
[31.186s][info][gc,heap       ] GC(163) Eden regions: 1->0(804)
[31.186s][info][gc,heap       ] GC(163) Survivor regions: 1->1(101)
[31.186s][info][gc,heap       ] GC(163) Old regions: 15->15
[31.186s][info][gc,heap       ] GC(163) Humongous regions: 573->0
[31.186s][info][gc,metaspace  ] GC(163) Metaspace: 38643K->38643K(1085440K)
[31.186s][info][gc            ] GC(163) Pause Young (Concurrent Start) (G1 Humongous Allocation) 588M->14M(1342M) 2.736ms
[31.186s][info][gc,cpu        ] GC(163) User=0.00s Sys=0.00s Real=0.00s
[31.186s][info][safepoint     ] Leaving safepoint region
[31.186s][info][safepoint     ] Total time for which application threads were stopped: 0.0029245 seconds, Stopping threads took: 0.0000156 seconds
[31.186s][info][gc            ] GC(164) Concurrent Cycle
[31.186s][info][gc,marking    ] GC(164) Concurrent Clear Claimed Marks
[31.186s][info][gc,marking    ] GC(164) Concurrent Clear Claimed Marks 0.166ms
[31.186s][info][gc,marking    ] GC(164) Concurrent Scan Root Regions
[31.187s][info][gc,marking    ] GC(164) Concurrent Scan Root Regions 0.159ms
[31.187s][info][gc,marking    ] GC(164) Concurrent Mark (31.187s)
[31.187s][info][gc,marking    ] GC(164) Concurrent Mark From Roots
[31.187s][info][gc,task       ] GC(164) Using 2 workers of 2 for marking
[31.204s][info][gc,marking    ] GC(164) Concurrent Mark From Roots 17.798ms
[31.205s][info][gc,marking    ] GC(164) Concurrent Preclean
[31.205s][info][gc,marking    ] GC(164) Concurrent Preclean 0.058ms
[31.205s][info][gc,marking    ] GC(164) Concurrent Mark (31.187s, 31.205s) 17.927ms
[31.205s][info][safepoint     ] Application time: 0.0183912 seconds
[31.205s][info][safepoint     ] Entering safepoint region: CGC_Operation
[31.205s][info][gc,start      ] GC(164) Pause Remark
[31.208s][info][gc,stringtable] GC(164) Cleaned string and symbol table, strings: 20124 processed, 0 removed, symbols: 132173 processed, 0 removed
[31.209s][info][gc            ] GC(164) Pause Remark 206M->206M(1342M) 4.004ms
[31.209s][info][gc,cpu        ] GC(164) User=0.02s Sys=0.00s Real=0.01s
[31.209s][info][safepoint     ] Leaving safepoint region
[31.209s][info][safepoint     ] Total time for which application threads were stopped: 0.0042433 seconds, Stopping threads took: 0.0000179 seconds
[31.209s][info][gc,marking    ] GC(164) Concurrent Rebuild Remembered Sets
[31.219s][info][gc,marking    ] GC(164) Concurrent Rebuild Remembered Sets 10.391ms
[31.219s][info][safepoint     ] Application time: 0.0105520 seconds
[31.226s][info][safepoint     ] Entering safepoint region: CGC_Operation
[31.226s][info][gc,start      ] GC(164) Pause Cleanup
[31.226s][info][gc            ] GC(164) Pause Cleanup 397M->397M(1342M) 0.183ms
[31.226s][info][gc,cpu        ] GC(164) User=0.01s Sys=0.00s Real=0.00s
[31.226s][info][safepoint     ] Leaving safepoint region
[31.226s][info][safepoint     ] Total time for which application threads were stopped: 0.0065732 seconds, Stopping threads took: 0.0062773 seconds
[31.226s][info][gc,marking    ] GC(164) Concurrent Cleanup for Next Mark
[31.229s][info][gc,marking    ] GC(164) Concurrent Cleanup for Next Mark 2.427ms
[31.229s][info][gc            ] GC(164) Concurrent Cycle 42.483ms
[31.249s][info][safepoint     ] Application time: 0.0224722 seconds
[31.249s][info][safepoint     ] Entering safepoint region: G1CollectForAllocation
[31.249s][info][gc,start      ] GC(165) Pause Young (Concurrent Start) (G1 Humongous Allocation)
[31.249s][info][gc,task       ] GC(165) Using 8 workers of 8 for evacuation
[31.250s][info][gc,phases     ] GC(165)   Pre Evacuate Collection Set: 0.1ms
[31.250s][info][gc,phases     ] GC(165)   Evacuate Collection Set: 0.8ms
[31.250s][info][gc,phases     ] GC(165)   Post Evacuate Collection Set: 0.3ms
[31.250s][info][gc,phases     ] GC(165)   Other: 0.1ms
[31.250s][info][gc,heap       ] GC(165) Eden regions: 1->0(804)
[31.250s][info][gc,heap       ] GC(165) Survivor regions: 1->1(101)
[31.250s][info][gc,heap       ] GC(165) Old regions: 15->15
[31.250s][info][gc,heap       ] GC(165) Humongous regions: 573->0
[31.250s][info][gc,metaspace  ] GC(165) Metaspace: 38643K->38643K(1085440K)
[31.250s][info][gc            ] GC(165) Pause Young (Concurrent Start) (G1 Humongous Allocation) 588M->14M(1342M) 1.359ms
[31.250s][info][gc,cpu        ] GC(165) User=0.01s Sys=0.00s Real=0.00s
[31.250s][info][safepoint     ] Leaving safepoint region
[31.250s][info][safepoint     ] Total time for which application threads were stopped: 0.0014983 seconds, Stopping threads took: 0.0000364 seconds
[31.250s][info][gc            ] GC(166) Concurrent Cycle
[31.250s][info][gc,marking    ] GC(166) Concurrent Clear Claimed Marks
[31.250s][info][gc,marking    ] GC(166) Concurrent Clear Claimed Marks 0.030ms
[31.250s][info][gc,marking    ] GC(166) Concurrent Scan Root Regions
[31.250s][info][gc,marking    ] GC(166) Concurrent Scan Root Regions 0.100ms
[31.250s][info][gc,marking    ] GC(166) Concurrent Mark (31.250s)
[31.250s][info][gc,marking    ] GC(166) Concurrent Mark From Roots
[31.250s][info][gc,task       ] GC(166) Using 2 workers of 2 for marking
[31.261s][info][gc,marking    ] GC(166) Concurrent Mark From Roots 10.241ms
[31.261s][info][gc,marking    ] GC(166) Concurrent Preclean
[31.261s][info][gc,marking    ] GC(166) Concurrent Preclean 0.046ms
[31.261s][info][gc,marking    ] GC(166) Concurrent Mark (31.250s, 31.261s) 10.354ms
[31.261s][info][safepoint     ] Application time: 0.0105768 seconds
[31.261s][info][safepoint     ] Entering safepoint region: CGC_Operation
[31.261s][info][gc,start      ] GC(166) Pause Remark
[31.263s][info][gc,stringtable] GC(166) Cleaned string and symbol table, strings: 20124 processed, 0 removed, symbols: 132173 processed, 0 removed
[31.263s][info][gc            ] GC(166) Pause Remark 206M->206M(1342M) 2.427ms
[31.263s][info][gc,cpu        ] GC(166) User=0.02s Sys=0.00s Real=0.00s
[31.263s][info][safepoint     ] Leaving safepoint region
[31.263s][info][safepoint     ] Total time for which application threads were stopped: 0.0026148 seconds, Stopping threads took: 0.0000128 seconds
[31.263s][info][gc,marking    ] GC(166) Concurrent Rebuild Remembered Sets
[31.271s][info][gc,marking    ] GC(166) Concurrent Rebuild Remembered Sets 7.144ms
[31.271s][info][safepoint     ] Application time: 0.0072725 seconds
[31.271s][info][safepoint     ] Entering safepoint region: CGC_Operation
[31.271s][info][gc,start      ] GC(166) Pause Cleanup
[31.271s][info][gc            ] GC(166) Pause Cleanup 397M->397M(1342M) 0.203ms
[31.271s][info][gc,cpu        ] GC(166) User=0.00s Sys=0.00s Real=0.00s
[31.271s][info][safepoint     ] Leaving safepoint region
[31.271s][info][safepoint     ] Total time for which application threads were stopped: 0.0003853 seconds, Stopping threads took: 0.0000151 seconds
[31.271s][info][gc,marking    ] GC(166) Concurrent Cleanup for Next Mark
[31.272s][info][gc,marking    ] GC(166) Concurrent Cleanup for Next Mark 1.039ms
[31.272s][info][gc            ] GC(166) Concurrent Cycle 21.935ms
[31.288s][info][safepoint     ] Application time: 0.0172700 seconds
[31.288s][info][safepoint     ] Entering safepoint region: G1CollectForAllocation
[31.288s][info][gc,start      ] GC(167) Pause Young (Concurrent Start) (G1 Humongous Allocation)
[31.288s][info][gc,task       ] GC(167) Using 8 workers of 8 for evacuation
[31.290s][info][gc,phases     ] GC(167)   Pre Evacuate Collection Set: 0.2ms
[31.290s][info][gc,phases     ] GC(167)   Evacuate Collection Set: 0.9ms
[31.290s][info][gc,phases     ] GC(167)   Post Evacuate Collection Set: 0.3ms
[31.290s][info][gc,phases     ] GC(167)   Other: 0.2ms
[31.290s][info][gc,heap       ] GC(167) Eden regions: 1->0(804)
[31.290s][info][gc,heap       ] GC(167) Survivor regions: 1->1(101)
[31.290s][info][gc,heap       ] GC(167) Old regions: 15->15
[31.290s][info][gc,heap       ] GC(167) Humongous regions: 573->0
[31.290s][info][gc,metaspace  ] GC(167) Metaspace: 38643K->38643K(1085440K)
[31.290s][info][gc            ] GC(167) Pause Young (Concurrent Start) (G1 Humongous Allocation) 588M->14M(1342M) 1.672ms
[31.290s][info][gc,cpu        ] GC(167) User=0.00s Sys=0.00s Real=0.00s
[31.290s][info][safepoint     ] Leaving safepoint region
[31.290s][info][safepoint     ] Total time for which application threads were stopped: 0.0018502 seconds, Stopping threads took: 0.0000244 seconds
[31.290s][info][gc            ] GC(168) Concurrent Cycle
[31.290s][info][gc,marking    ] GC(168) Concurrent Clear Claimed Marks
[31.290s][info][gc,marking    ] GC(168) Concurrent Clear Claimed Marks 0.084ms
[31.290s][info][gc,marking    ] GC(168) Concurrent Scan Root Regions
[31.290s][info][gc,marking    ] GC(168) Concurrent Scan Root Regions 0.072ms
[31.290s][info][gc,marking    ] GC(168) Concurrent Mark (31.290s)
[31.290s][info][gc,marking    ] GC(168) Concurrent Mark From Roots
[31.290s][info][gc,task       ] GC(168) Using 2 workers of 2 for marking
[31.301s][info][gc,marking    ] GC(168) Concurrent Mark From Roots 10.541ms
[31.301s][info][gc,marking    ] GC(168) Concurrent Preclean
[31.301s][info][gc,marking    ] GC(168) Concurrent Preclean 0.050ms
[31.301s][info][gc,marking    ] GC(168) Concurrent Mark (31.290s, 31.301s) 10.707ms
[31.301s][info][safepoint     ] Application time: 0.0109506 seconds
[31.301s][info][safepoint     ] Entering safepoint region: CGC_Operation
[31.301s][info][gc,start      ] GC(168) Pause Remark
[31.303s][info][gc,stringtable] GC(168) Cleaned string and symbol table, strings: 20124 processed, 0 removed, symbols: 132173 processed, 0 removed
[31.304s][info][gc            ] GC(168) Pause Remark 206M->206M(1342M) 2.404ms
[31.304s][info][gc,cpu        ] GC(168) User=0.02s Sys=0.00s Real=0.00s
[31.304s][info][safepoint     ] Leaving safepoint region
[31.304s][info][safepoint     ] Total time for which application threads were stopped: 0.0025896 seconds, Stopping threads took: 0.0000136 seconds
[31.304s][info][gc,marking    ] GC(168) Concurrent Rebuild Remembered Sets
[31.311s][info][gc,marking    ] GC(168) Concurrent Rebuild Remembered Sets 7.385ms
[31.311s][info][safepoint     ] Application time: 0.0075289 seconds
[31.311s][info][safepoint     ] Entering safepoint region: CGC_Operation
[31.311s][info][gc,start      ] GC(168) Pause Cleanup
[31.312s][info][gc            ] GC(168) Pause Cleanup 397M->397M(1342M) 0.223ms
[31.312s][info][gc,cpu        ] GC(168) User=0.00s Sys=0.00s Real=0.00s
[31.312s][info][safepoint     ] Leaving safepoint region
[31.312s][info][safepoint     ] Total time for which application threads were stopped: 0.0003957 seconds, Stopping threads took: 0.0000143 seconds
[31.312s][info][gc,marking    ] GC(168) Concurrent Cleanup for Next Mark
[31.313s][info][gc,marking    ] GC(168) Concurrent Cleanup for Next Mark 1.031ms
[31.313s][info][gc            ] GC(168) Concurrent Cycle 22.558ms
[31.329s][info][safepoint     ] Application time: 0.0174563 seconds
[31.329s][info][safepoint     ] Entering safepoint region: G1CollectForAllocation
[31.329s][info][gc,start      ] GC(169) Pause Young (Concurrent Start) (G1 Humongous Allocation)
[31.329s][info][gc,task       ] GC(169) Using 8 workers of 8 for evacuation
[31.331s][info][gc,phases     ] GC(169)   Pre Evacuate Collection Set: 0.1ms
[31.331s][info][gc,phases     ] GC(169)   Evacuate Collection Set: 0.8ms
[31.331s][info][gc,phases     ] GC(169)   Post Evacuate Collection Set: 0.4ms
[31.331s][info][gc,phases     ] GC(169)   Other: 0.2ms
[31.331s][info][gc,heap       ] GC(169) Eden regions: 1->0(804)
[31.331s][info][gc,heap       ] GC(169) Survivor regions: 1->1(101)
[31.331s][info][gc,heap       ] GC(169) Old regions: 15->15
[31.331s][info][gc,heap       ] GC(169) Humongous regions: 573->0
[31.331s][info][gc,metaspace  ] GC(169) Metaspace: 38643K->38643K(1085440K)
[31.331s][info][gc            ] GC(169) Pause Young (Concurrent Start) (G1 Humongous Allocation) 588M->14M(1342M) 1.579ms
[31.331s][info][gc,cpu        ] GC(169) User=0.00s Sys=0.00s Real=0.00s
[31.331s][info][safepoint     ] Leaving safepoint region
[31.331s][info][safepoint     ] Total time for which application threads were stopped: 0.0017562 seconds, Stopping threads took: 0.0000173 seconds
[31.331s][info][gc            ] GC(170) Concurrent Cycle
[31.331s][info][gc,marking    ] GC(170) Concurrent Clear Claimed Marks
[31.331s][info][gc,marking    ] GC(170) Concurrent Clear Claimed Marks 0.049ms
[31.331s][info][gc,marking    ] GC(170) Concurrent Scan Root Regions
[31.331s][info][gc,marking    ] GC(170) Concurrent Scan Root Regions 0.095ms
[31.331s][info][gc,marking    ] GC(170) Concurrent Mark (31.331s)
[31.331s][info][gc,marking    ] GC(170) Concurrent Mark From Roots
[31.331s][info][gc,task       ] GC(170) Using 2 workers of 2 for marking
[31.341s][info][gc,marking    ] GC(170) Concurrent Mark From Roots 9.991ms
[31.341s][info][gc,marking    ] GC(170) Concurrent Preclean
[31.341s][info][gc,marking    ] GC(170) Concurrent Preclean 0.062ms
[31.341s][info][gc,marking    ] GC(170) Concurrent Mark (31.331s, 31.341s) 10.103ms
[31.341s][info][safepoint     ] Application time: 0.0103390 seconds
[31.341s][info][safepoint     ] Entering safepoint region: CGC_Operation
[31.341s][info][gc,start      ] GC(170) Pause Remark
[31.343s][info][gc,stringtable] GC(170) Cleaned string and symbol table, strings: 20124 processed, 0 removed, symbols: 132173 processed, 0 removed
[31.344s][info][gc            ] GC(170) Pause Remark 206M->206M(1342M) 2.139ms
[31.344s][info][gc,cpu        ] GC(170) User=0.01s Sys=0.01s Real=0.00s
[31.344s][info][safepoint     ] Leaving safepoint region
[31.344s][info][safepoint     ] Total time for which application threads were stopped: 0.0023380 seconds, Stopping threads took: 0.0000150 seconds
[31.344s][info][gc,marking    ] GC(170) Concurrent Rebuild Remembered Sets
[31.351s][info][gc,marking    ] GC(170) Concurrent Rebuild Remembered Sets 7.067ms
[31.351s][info][safepoint     ] Application time: 0.0072068 seconds
[31.351s][info][safepoint     ] Entering safepoint region: CGC_Operation
[31.351s][info][gc,start      ] GC(170) Pause Cleanup
[31.351s][info][gc            ] GC(170) Pause Cleanup 397M->397M(1342M) 0.204ms
[31.351s][info][gc,cpu        ] GC(170) User=0.00s Sys=0.00s Real=0.00s
[31.351s][info][safepoint     ] Leaving safepoint region
[31.351s][info][safepoint     ] Total time for which application threads were stopped: 0.0003738 seconds, Stopping threads took: 0.0000141 seconds
[31.351s][info][gc,marking    ] GC(170) Concurrent Cleanup for Next Mark
[31.352s][info][gc,marking    ] GC(170) Concurrent Cleanup for Next Mark 1.031ms
[31.352s][info][gc            ] GC(170) Concurrent Cycle 21.347ms
[31.369s][info][safepoint     ] Application time: 0.0175962 seconds
[31.369s][info][safepoint     ] Entering safepoint region: G1CollectForAllocation
[31.369s][info][gc,start      ] GC(171) Pause Young (Concurrent Start) (G1 Humongous Allocation)
[31.369s][info][gc,task       ] GC(171) Using 8 workers of 8 for evacuation
[31.371s][info][gc,phases     ] GC(171)   Pre Evacuate Collection Set: 0.1ms
[31.371s][info][gc,phases     ] GC(171)   Evacuate Collection Set: 0.9ms
[31.371s][info][gc,phases     ] GC(171)   Post Evacuate Collection Set: 0.4ms
[31.371s][info][gc,phases     ] GC(171)   Other: 0.2ms
[31.371s][info][gc,heap       ] GC(171) Eden regions: 1->0(804)
[31.371s][info][gc,heap       ] GC(171) Survivor regions: 1->1(101)
[31.371s][info][gc,heap       ] GC(171) Old regions: 15->15
[31.371s][info][gc,heap       ] GC(171) Humongous regions: 573->0
[31.371s][info][gc,metaspace  ] GC(171) Metaspace: 38643K->38643K(1085440K)
[31.371s][info][gc            ] GC(171) Pause Young (Concurrent Start) (G1 Humongous Allocation) 588M->14M(1342M) 1.737ms
[31.371s][info][gc,cpu        ] GC(171) User=0.01s Sys=0.00s Real=0.00s
[31.371s][info][safepoint     ] Leaving safepoint region
[31.371s][info][safepoint     ] Total time for which application threads were stopped: 0.0018957 seconds, Stopping threads took: 0.0000296 seconds
[31.371s][info][gc            ] GC(172) Concurrent Cycle
[31.371s][info][gc,marking    ] GC(172) Concurrent Clear Claimed Marks
[31.371s][info][gc,marking    ] GC(172) Concurrent Clear Claimed Marks 0.101ms
[31.371s][info][gc,marking    ] GC(172) Concurrent Scan Root Regions
[31.371s][info][gc,marking    ] GC(172) Concurrent Scan Root Regions 0.065ms
[31.371s][info][gc,marking    ] GC(172) Concurrent Mark (31.371s)
[31.371s][info][gc,marking    ] GC(172) Concurrent Mark From Roots
[31.371s][info][gc,task       ] GC(172) Using 2 workers of 2 for marking
[31.381s][info][gc,marking    ] GC(172) Concurrent Mark From Roots 10.101ms
[31.381s][info][gc,marking    ] GC(172) Concurrent Preclean
[31.381s][info][gc,marking    ] GC(172) Concurrent Preclean 0.045ms
[31.381s][info][gc,marking    ] GC(172) Concurrent Mark (31.371s, 31.381s) 10.211ms
[31.381s][info][safepoint     ] Application time: 0.0104926 seconds
[31.381s][info][safepoint     ] Entering safepoint region: CGC_Operation
[31.381s][info][gc,start      ] GC(172) Pause Remark
[31.383s][info][gc,stringtable] GC(172) Cleaned string and symbol table, strings: 20124 processed, 0 removed, symbols: 132173 processed, 0 removed
[31.384s][info][gc            ] GC(172) Pause Remark 206M->206M(1342M) 2.291ms
[31.384s][info][gc,cpu        ] GC(172) User=0.01s Sys=0.00s Real=0.00s
[31.384s][info][safepoint     ] Leaving safepoint region
[31.384s][info][safepoint     ] Total time for which application threads were stopped: 0.0024615 seconds, Stopping threads took: 0.0000143 seconds
[31.384s][info][gc,marking    ] GC(172) Concurrent Rebuild Remembered Sets
[31.391s][info][gc,marking    ] GC(172) Concurrent Rebuild Remembered Sets 7.071ms
[31.391s][info][safepoint     ] Application time: 0.0072738 seconds
[31.391s][info][safepoint     ] Entering safepoint region: CGC_Operation
[31.391s][info][gc,start      ] GC(172) Pause Cleanup
[31.391s][info][gc            ] GC(172) Pause Cleanup 397M->397M(1342M) 0.199ms
[31.391s][info][gc,cpu        ] GC(172) User=0.00s Sys=0.00s Real=0.00s
[31.391s][info][safepoint     ] Leaving safepoint region
[31.392s][info][safepoint     ] Total time for which application threads were stopped: 0.0004391 seconds, Stopping threads took: 0.0000456 seconds
[31.392s][info][gc,marking    ] GC(172) Concurrent Cleanup for Next Mark
[31.393s][info][gc,marking    ] GC(172) Concurrent Cleanup for Next Mark 1.138ms
[31.393s][info][gc            ] GC(172) Concurrent Cycle 21.866ms
[31.412s][info][safepoint     ] Application time: 0.0204879 seconds
[31.412s][info][safepoint     ] Entering safepoint region: G1CollectForAllocation
[31.412s][info][gc,start      ] GC(173) Pause Young (Concurrent Start) (G1 Humongous Allocation)
[31.412s][info][gc,task       ] GC(173) Using 8 workers of 8 for evacuation
[31.414s][info][gc,phases     ] GC(173)   Pre Evacuate Collection Set: 0.1ms
[31.414s][info][gc,phases     ] GC(173)   Evacuate Collection Set: 0.9ms
[31.414s][info][gc,phases     ] GC(173)   Post Evacuate Collection Set: 0.3ms
[31.414s][info][gc,phases     ] GC(173)   Other: 0.2ms
[31.414s][info][gc,heap       ] GC(173) Eden regions: 1->0(804)
[31.414s][info][gc,heap       ] GC(173) Survivor regions: 1->1(101)
[31.414s][info][gc,heap       ] GC(173) Old regions: 15->15
[31.414s][info][gc,heap       ] GC(173) Humongous regions: 573->0
[31.414s][info][gc,metaspace  ] GC(173) Metaspace: 38643K->38643K(1085440K)
[31.414s][info][gc            ] GC(173) Pause Young (Concurrent Start) (G1 Humongous Allocation) 588M->14M(1342M) 1.590ms
[31.414s][info][gc,cpu        ] GC(173) User=0.00s Sys=0.00s Real=0.00s
[31.414s][info][safepoint     ] Leaving safepoint region
[31.414s][info][safepoint     ] Total time for which application threads were stopped: 0.0017844 seconds, Stopping threads took: 0.0000294 seconds
[31.414s][info][gc            ] GC(174) Concurrent Cycle
[31.414s][info][gc,marking    ] GC(174) Concurrent Clear Claimed Marks
[31.414s][info][gc,marking    ] GC(174) Concurrent Clear Claimed Marks 0.092ms
[31.414s][info][gc,marking    ] GC(174) Concurrent Scan Root Regions
[31.414s][info][gc,marking    ] GC(174) Concurrent Scan Root Regions 0.148ms
[31.414s][info][gc,marking    ] GC(174) Concurrent Mark (31.414s)
[31.414s][info][gc,marking    ] GC(174) Concurrent Mark From Roots
[31.414s][info][gc,task       ] GC(174) Using 2 workers of 2 for marking
[31.432s][info][gc,marking    ] GC(174) Concurrent Mark From Roots 18.088ms
[31.432s][info][gc,marking    ] GC(174) Concurrent Preclean
[31.433s][info][gc,marking    ] GC(174) Concurrent Preclean 0.132ms
[31.433s][info][gc,marking    ] GC(174) Concurrent Mark (31.414s, 31.433s) 18.383ms
[31.433s][info][safepoint     ] Application time: 0.0187815 seconds
[31.433s][info][safepoint     ] Entering safepoint region: CGC_Operation
[31.433s][info][gc,start      ] GC(174) Pause Remark
[31.436s][info][gc,stringtable] GC(174) Cleaned string and symbol table, strings: 20124 processed, 0 removed, symbols: 132173 processed, 0 removed
[31.437s][info][gc            ] GC(174) Pause Remark 206M->206M(1342M) 4.020ms
[31.437s][info][gc,cpu        ] GC(174) User=0.02s Sys=0.00s Real=0.01s
[31.437s][info][safepoint     ] Leaving safepoint region
[31.437s][info][safepoint     ] Total time for which application threads were stopped: 0.0042329 seconds, Stopping threads took: 0.0000322 seconds
[31.437s][info][gc,marking    ] GC(174) Concurrent Rebuild Remembered Sets
[31.446s][info][gc,marking    ] GC(174) Concurrent Rebuild Remembered Sets 8.873ms
[31.446s][info][safepoint     ] Application time: 0.0091169 seconds
[31.451s][info][safepoint     ] Entering safepoint region: CGC_Operation
[31.451s][info][gc,start      ] GC(174) Pause Cleanup
[31.451s][info][gc            ] GC(174) Pause Cleanup 397M->397M(1342M) 0.209ms
[31.451s][info][gc,cpu        ] GC(174) User=0.00s Sys=0.00s Real=0.00s
[31.451s][info][safepoint     ] Leaving safepoint region
[31.451s][info][safepoint     ] Total time for which application threads were stopped: 0.0053437 seconds, Stopping threads took: 0.0049411 seconds
[31.451s][info][gc,marking    ] GC(174) Concurrent Cleanup for Next Mark
[31.452s][info][gc,marking    ] GC(174) Concurrent Cleanup for Next Mark 1.057ms
[31.452s][info][gc            ] GC(174) Concurrent Cycle 38.654ms
[31.470s][info][safepoint     ] Application time: 0.0189261 seconds
[31.470s][info][safepoint     ] Entering safepoint region: G1CollectForAllocation
[31.471s][info][gc,start      ] GC(175) Pause Young (Concurrent Start) (G1 Humongous Allocation)
[31.471s][info][gc,task       ] GC(175) Using 8 workers of 8 for evacuation
[31.472s][info][gc,phases     ] GC(175)   Pre Evacuate Collection Set: 0.1ms
[31.472s][info][gc,phases     ] GC(175)   Evacuate Collection Set: 0.9ms
[31.472s][info][gc,phases     ] GC(175)   Post Evacuate Collection Set: 0.4ms
[31.472s][info][gc,phases     ] GC(175)   Other: 0.2ms
[31.472s][info][gc,heap       ] GC(175) Eden regions: 1->0(804)
[31.472s][info][gc,heap       ] GC(175) Survivor regions: 1->1(101)
[31.472s][info][gc,heap       ] GC(175) Old regions: 15->15
[31.472s][info][gc,heap       ] GC(175) Humongous regions: 573->0
[31.472s][info][gc,metaspace  ] GC(175) Metaspace: 38643K->38643K(1085440K)
[31.472s][info][gc            ] GC(175) Pause Young (Concurrent Start) (G1 Humongous Allocation) 588M->14M(1342M) 1.609ms
[31.472s][info][gc,cpu        ] GC(175) User=0.00s Sys=0.00s Real=0.00s
[31.472s][info][safepoint     ] Leaving safepoint region
[31.472s][info][safepoint     ] Total time for which application threads were stopped: 0.0018751 seconds, Stopping threads took: 0.0000196 seconds
[31.472s][info][gc            ] GC(176) Concurrent Cycle
[31.472s][info][gc,marking    ] GC(176) Concurrent Clear Claimed Marks
[31.472s][info][gc,marking    ] GC(176) Concurrent Clear Claimed Marks 0.058ms
[31.472s][info][gc,marking    ] GC(176) Concurrent Scan Root Regions
[31.472s][info][gc,marking    ] GC(176) Concurrent Scan Root Regions 0.083ms
[31.472s][info][gc,marking    ] GC(176) Concurrent Mark (31.472s)
[31.472s][info][gc,marking    ] GC(176) Concurrent Mark From Roots
[31.472s][info][gc,task       ] GC(176) Using 2 workers of 2 for marking
[31.483s][info][gc,marking    ] GC(176) Concurrent Mark From Roots 10.294ms
[31.483s][info][gc,marking    ] GC(176) Concurrent Preclean
[31.483s][info][gc,marking    ] GC(176) Concurrent Preclean 0.045ms
[31.483s][info][gc,marking    ] GC(176) Concurrent Mark (31.472s, 31.483s) 10.407ms
[31.483s][info][safepoint     ] Application time: 0.0106440 seconds
[31.483s][info][safepoint     ] Entering safepoint region: CGC_Operation
[31.483s][info][gc,start      ] GC(176) Pause Remark
[31.485s][info][gc,stringtable] GC(176) Cleaned string and symbol table, strings: 20124 processed, 0 removed, symbols: 132173 processed, 0 removed
[31.485s][info][gc            ] GC(176) Pause Remark 206M->206M(1342M) 2.165ms
[31.485s][info][gc,cpu        ] GC(176) User=0.01s Sys=0.00s Real=0.00s
[31.485s][info][safepoint     ] Leaving safepoint region
[31.485s][info][safepoint     ] Total time for which application threads were stopped: 0.0023679 seconds, Stopping threads took: 0.0000144 seconds
[31.485s][info][gc,marking    ] GC(176) Concurrent Rebuild Remembered Sets
[31.493s][info][gc,marking    ] GC(176) Concurrent Rebuild Remembered Sets 7.218ms
[31.493s][info][safepoint     ] Application time: 0.0074070 seconds
[31.493s][info][safepoint     ] Entering safepoint region: CGC_Operation
[31.493s][info][gc,start      ] GC(176) Pause Cleanup
[31.493s][info][gc            ] GC(176) Pause Cleanup 397M->397M(1342M) 0.202ms
[31.493s][info][gc,cpu        ] GC(176) User=0.00s Sys=0.00s Real=0.00s
[31.493s][info][safepoint     ] Leaving safepoint region
[31.493s][info][safepoint     ] Total time for which application threads were stopped: 0.0004478 seconds, Stopping threads took: 0.0000486 seconds
[31.493s][info][gc,marking    ] GC(176) Concurrent Cleanup for Next Mark
[31.494s][info][gc,marking    ] GC(176) Concurrent Cleanup for Next Mark 1.039ms
[31.494s][info][gc            ] GC(176) Concurrent Cycle 22.077ms
[31.510s][info][safepoint     ] Application time: 0.0171615 seconds
[31.510s][info][safepoint     ] Entering safepoint region: G1CollectForAllocation
[31.511s][info][gc,start      ] GC(177) Pause Young (Concurrent Start) (G1 Humongous Allocation)
[31.511s][info][gc,task       ] GC(177) Using 8 workers of 8 for evacuation
[31.512s][info][gc,phases     ] GC(177)   Pre Evacuate Collection Set: 0.1ms
[31.512s][info][gc,phases     ] GC(177)   Evacuate Collection Set: 1.0ms
[31.512s][info][gc,phases     ] GC(177)   Post Evacuate Collection Set: 0.3ms
[31.512s][info][gc,phases     ] GC(177)   Other: 0.2ms
[31.512s][info][gc,heap       ] GC(177) Eden regions: 1->0(804)
[31.512s][info][gc,heap       ] GC(177) Survivor regions: 1->1(101)
[31.512s][info][gc,heap       ] GC(177) Old regions: 15->15
[31.512s][info][gc,heap       ] GC(177) Humongous regions: 573->0
[31.512s][info][gc,metaspace  ] GC(177) Metaspace: 38643K->38643K(1085440K)
[31.512s][info][gc            ] GC(177) Pause Young (Concurrent Start) (G1 Humongous Allocation) 588M->14M(1342M) 1.758ms
[31.513s][info][gc,cpu        ] GC(177) User=0.01s Sys=0.01s Real=0.00s
[31.513s][info][safepoint     ] Leaving safepoint region
[31.513s][info][gc            ] GC(178) Concurrent Cycle
[31.513s][info][safepoint     ] Total time for which application threads were stopped: 0.0020943 seconds, Stopping threads took: 0.0000211 seconds
[31.513s][info][gc,marking    ] GC(178) Concurrent Clear Claimed Marks
[31.513s][info][gc,marking    ] GC(178) Concurrent Clear Claimed Marks 0.103ms
[31.513s][info][gc,marking    ] GC(178) Concurrent Scan Root Regions
[31.513s][info][gc,marking    ] GC(178) Concurrent Scan Root Regions 0.073ms
[31.513s][info][gc,marking    ] GC(178) Concurrent Mark (31.513s)
[31.513s][info][gc,marking    ] GC(178) Concurrent Mark From Roots
[31.513s][info][gc,task       ] GC(178) Using 2 workers of 2 for marking
[31.523s][info][gc,marking    ] GC(178) Concurrent Mark From Roots 10.336ms
[31.523s][info][gc,marking    ] GC(178) Concurrent Preclean
[31.523s][info][gc,marking    ] GC(178) Concurrent Preclean 0.100ms
[31.523s][info][gc,marking    ] GC(178) Concurrent Mark (31.513s, 31.523s) 10.484ms
[31.523s][info][safepoint     ] Application time: 0.0107211 seconds
[31.523s][info][safepoint     ] Entering safepoint region: CGC_Operation
[31.523s][info][gc,start      ] GC(178) Pause Remark
[31.525s][info][gc,stringtable] GC(178) Cleaned string and symbol table, strings: 20124 processed, 0 removed, symbols: 132173 processed, 0 removed
[31.526s][info][gc            ] GC(178) Pause Remark 206M->206M(1342M) 2.202ms
[31.526s][info][gc,cpu        ] GC(178) User=0.01s Sys=0.00s Real=0.00s
[31.526s][info][safepoint     ] Leaving safepoint region
[31.526s][info][safepoint     ] Total time for which application threads were stopped: 0.0023269 seconds, Stopping threads took: 0.0000157 seconds
[31.526s][info][gc,marking    ] GC(178) Concurrent Rebuild Remembered Sets
[31.533s][info][gc,marking    ] GC(178) Concurrent Rebuild Remembered Sets 7.420ms
[31.533s][info][safepoint     ] Application time: 0.0075367 seconds
[31.533s][info][safepoint     ] Entering safepoint region: CGC_Operation
[31.533s][info][gc,start      ] GC(178) Pause Cleanup
[31.534s][info][gc            ] GC(178) Pause Cleanup 397M->397M(1342M) 0.186ms
[31.534s][info][gc,cpu        ] GC(178) User=0.00s Sys=0.00s Real=0.00s
[31.534s][info][safepoint     ] Leaving safepoint region
[31.534s][info][safepoint     ] Total time for which application threads were stopped: 0.0003737 seconds, Stopping threads took: 0.0000153 seconds
[31.534s][info][gc,marking    ] GC(178) Concurrent Cleanup for Next Mark
[31.535s][info][gc,marking    ] GC(178) Concurrent Cleanup for Next Mark 1.163ms
[31.535s][info][gc            ] GC(178) Concurrent Cycle 22.364ms
[31.549s][info][safepoint     ] Application time: 0.0154743 seconds
[31.549s][info][safepoint     ] Entering safepoint region: G1CollectForAllocation
[31.549s][info][gc,start      ] GC(179) Pause Young (Concurrent Start) (G1 Humongous Allocation)
[31.549s][info][gc,task       ] GC(179) Using 8 workers of 8 for evacuation
[31.551s][info][gc,phases     ] GC(179)   Pre Evacuate Collection Set: 0.1ms
[31.551s][info][gc,phases     ] GC(179)   Evacuate Collection Set: 1.0ms
[31.551s][info][gc,phases     ] GC(179)   Post Evacuate Collection Set: 0.4ms
[31.551s][info][gc,phases     ] GC(179)   Other: 0.2ms
[31.551s][info][gc,heap       ] GC(179) Eden regions: 1->0(804)
[31.551s][info][gc,heap       ] GC(179) Survivor regions: 1->1(101)
[31.551s][info][gc,heap       ] GC(179) Old regions: 15->15
[31.551s][info][gc,heap       ] GC(179) Humongous regions: 573->0
[31.551s][info][gc,metaspace  ] GC(179) Metaspace: 38643K->38643K(1085440K)
[31.551s][info][gc            ] GC(179) Pause Young (Concurrent Start) (G1 Humongous Allocation) 588M->14M(1342M) 1.824ms
[31.551s][info][gc,cpu        ] GC(179) User=0.01s Sys=0.00s Real=0.00s
[31.551s][info][safepoint     ] Leaving safepoint region
[31.551s][info][safepoint     ] Total time for which application threads were stopped: 0.0020046 seconds, Stopping threads took: 0.0000162 seconds
[31.551s][info][gc            ] GC(180) Concurrent Cycle
[31.551s][info][gc,marking    ] GC(180) Concurrent Clear Claimed Marks
[31.551s][info][gc,marking    ] GC(180) Concurrent Clear Claimed Marks 0.043ms
[31.551s][info][gc,marking    ] GC(180) Concurrent Scan Root Regions
[31.551s][info][gc,marking    ] GC(180) Concurrent Scan Root Regions 0.066ms
[31.551s][info][gc,marking    ] GC(180) Concurrent Mark (31.551s)
[31.551s][info][gc,marking    ] GC(180) Concurrent Mark From Roots
[31.551s][info][gc,task       ] GC(180) Using 2 workers of 2 for marking
[31.561s][info][gc,marking    ] GC(180) Concurrent Mark From Roots 10.075ms
[31.561s][info][gc,marking    ] GC(180) Concurrent Preclean
[31.562s][info][gc,marking    ] GC(180) Concurrent Preclean 0.046ms
[31.562s][info][gc,marking    ] GC(180) Concurrent Mark (31.551s, 31.562s) 10.184ms
[31.562s][info][safepoint     ] Application time: 0.0104124 seconds
[31.562s][info][safepoint     ] Entering safepoint region: CGC_Operation
[31.562s][info][gc,start      ] GC(180) Pause Remark
[31.563s][info][gc,stringtable] GC(180) Cleaned string and symbol table, strings: 20124 processed, 0 removed, symbols: 132173 processed, 0 removed
[31.564s][info][gc            ] GC(180) Pause Remark 206M->206M(1342M) 2.188ms
[31.564s][info][gc,cpu        ] GC(180) User=0.02s Sys=0.00s Real=0.00s
[31.564s][info][safepoint     ] Leaving safepoint region
[31.564s][info][safepoint     ] Total time for which application threads were stopped: 0.0023931 seconds, Stopping threads took: 0.0000136 seconds
[31.564s][info][gc,marking    ] GC(180) Concurrent Rebuild Remembered Sets
[31.571s][info][gc,marking    ] GC(180) Concurrent Rebuild Remembered Sets 7.111ms
[31.571s][info][safepoint     ] Application time: 0.0072467 seconds
[31.571s][info][safepoint     ] Entering safepoint region: CGC_Operation
[31.571s][info][gc,start      ] GC(180) Pause Cleanup
[31.572s][info][gc            ] GC(180) Pause Cleanup 397M->397M(1342M) 0.230ms
[31.572s][info][gc,cpu        ] GC(180) User=0.00s Sys=0.00s Real=0.00s
[31.572s][info][safepoint     ] Leaving safepoint region
[31.572s][info][safepoint     ] Total time for which application threads were stopped: 0.0004106 seconds, Stopping threads took: 0.0000141 seconds
[31.572s][info][gc,marking    ] GC(180) Concurrent Cleanup for Next Mark
[31.573s][info][gc,marking    ] GC(180) Concurrent Cleanup for Next Mark 1.032ms
[31.573s][info][gc            ] GC(180) Concurrent Cycle 21.517ms
[31.589s][info][safepoint     ] Application time: 0.0174818 seconds
[31.589s][info][safepoint     ] Entering safepoint region: G1CollectForAllocation
[31.589s][info][gc,start      ] GC(181) Pause Young (Concurrent Start) (G1 Humongous Allocation)
[31.589s][info][gc,task       ] GC(181) Using 8 workers of 8 for evacuation
[31.591s][info][gc,phases     ] GC(181)   Pre Evacuate Collection Set: 0.1ms
[31.591s][info][gc,phases     ] GC(181)   Evacuate Collection Set: 0.9ms
[31.591s][info][gc,phases     ] GC(181)   Post Evacuate Collection Set: 0.3ms
[31.591s][info][gc,phases     ] GC(181)   Other: 0.3ms
[31.591s][info][gc,heap       ] GC(181) Eden regions: 1->0(804)
[31.591s][info][gc,heap       ] GC(181) Survivor regions: 1->1(101)
[31.591s][info][gc,heap       ] GC(181) Old regions: 15->15
[31.591s][info][gc,heap       ] GC(181) Humongous regions: 573->0
[31.591s][info][gc,metaspace  ] GC(181) Metaspace: 38643K->38643K(1085440K)
[31.591s][info][gc            ] GC(181) Pause Young (Concurrent Start) (G1 Humongous Allocation) 588M->14M(1342M) 1.663ms
[31.591s][info][gc,cpu        ] GC(181) User=0.00s Sys=0.00s Real=0.00s
[31.591s][info][safepoint     ] Leaving safepoint region
[31.591s][info][safepoint     ] Total time for which application threads were stopped: 0.0019765 seconds, Stopping threads took: 0.0000178 seconds
[31.591s][info][gc            ] GC(182) Concurrent Cycle
[31.591s][info][gc,marking    ] GC(182) Concurrent Clear Claimed Marks
[31.591s][info][gc,marking    ] GC(182) Concurrent Clear Claimed Marks 0.072ms
[31.591s][info][gc,marking    ] GC(182) Concurrent Scan Root Regions
[31.591s][info][gc,marking    ] GC(182) Concurrent Scan Root Regions 0.099ms
[31.591s][info][gc,marking    ] GC(182) Concurrent Mark (31.591s)
[31.591s][info][gc,marking    ] GC(182) Concurrent Mark From Roots
[31.591s][info][gc,task       ] GC(182) Using 2 workers of 2 for marking
[31.602s][info][gc,marking    ] GC(182) Concurrent Mark From Roots 10.206ms
[31.602s][info][gc,marking    ] GC(182) Concurrent Preclean
[31.602s][info][gc,marking    ] GC(182) Concurrent Preclean 0.045ms
[31.602s][info][gc,marking    ] GC(182) Concurrent Mark (31.591s, 31.602s) 10.319ms
[31.602s][info][safepoint     ] Application time: 0.0105928 seconds
[31.602s][info][safepoint     ] Entering safepoint region: CGC_Operation
[31.602s][info][gc,start      ] GC(182) Pause Remark
[31.604s][info][gc,stringtable] GC(182) Cleaned string and symbol table, strings: 20124 processed, 0 removed, symbols: 132173 processed, 0 removed
[31.604s][info][gc            ] GC(182) Pause Remark 206M->206M(1342M) 2.222ms
[31.604s][info][gc,cpu        ] GC(182) User=0.01s Sys=0.00s Real=0.00s
[31.604s][info][safepoint     ] Leaving safepoint region
[31.604s][info][safepoint     ] Total time for which application threads were stopped: 0.0024190 seconds, Stopping threads took: 0.0000140 seconds
[31.604s][info][gc,marking    ] GC(182) Concurrent Rebuild Remembered Sets
[31.611s][info][gc,marking    ] GC(182) Concurrent Rebuild Remembered Sets 7.126ms
[31.611s][info][safepoint     ] Application time: 0.0072283 seconds
[31.611s][info][safepoint     ] Entering safepoint region: CGC_Operation
[31.612s][info][gc,start      ] GC(182) Pause Cleanup
[31.612s][info][gc            ] GC(182) Pause Cleanup 397M->397M(1342M) 0.198ms
[31.612s][info][gc,cpu        ] GC(182) User=0.00s Sys=0.00s Real=0.00s
[31.612s][info][safepoint     ] Leaving safepoint region
[31.612s][info][safepoint     ] Total time for which application threads were stopped: 0.0003759 seconds, Stopping threads took: 0.0000142 seconds
[31.612s][info][gc,marking    ] GC(182) Concurrent Cleanup for Next Mark
[31.613s][info][gc,marking    ] GC(182) Concurrent Cleanup for Next Mark 1.034ms
[31.613s][info][gc            ] GC(182) Concurrent Cycle 21.714ms
[31.630s][info][safepoint     ] Application time: 0.0179712 seconds
[31.630s][info][safepoint     ] Entering safepoint region: G1CollectForAllocation
[31.630s][info][gc,start      ] GC(183) Pause Young (Concurrent Start) (G1 Humongous Allocation)
[31.630s][info][gc,task       ] GC(183) Using 8 workers of 8 for evacuation
[31.634s][info][gc,phases     ] GC(183)   Pre Evacuate Collection Set: 0.4ms
[31.634s][info][gc,phases     ] GC(183)   Evacuate Collection Set: 2.1ms
[31.634s][info][gc,phases     ] GC(183)   Post Evacuate Collection Set: 1.0ms
[31.634s][info][gc,phases     ] GC(183)   Other: 0.5ms
[31.634s][info][gc,heap       ] GC(183) Eden regions: 1->0(804)
[31.634s][info][gc,heap       ] GC(183) Survivor regions: 1->1(101)
[31.634s][info][gc,heap       ] GC(183) Old regions: 15->15
[31.634s][info][gc,heap       ] GC(183) Humongous regions: 573->0
[31.634s][info][gc,metaspace  ] GC(183) Metaspace: 38643K->38643K(1085440K)
[31.634s][info][gc            ] GC(183) Pause Young (Concurrent Start) (G1 Humongous Allocation) 588M->14M(1342M) 4.215ms
[31.634s][info][gc,cpu        ] GC(183) User=0.01s Sys=0.00s Real=0.00s
[31.634s][info][safepoint     ] Leaving safepoint region
[31.634s][info][gc            ] GC(184) Concurrent Cycle
[31.634s][info][safepoint     ] Total time for which application threads were stopped: 0.0045070 seconds, Stopping threads took: 0.0000551 seconds
[31.634s][info][gc,marking    ] GC(184) Concurrent Clear Claimed Marks
[31.635s][info][gc,marking    ] GC(184) Concurrent Clear Claimed Marks 0.174ms
[31.635s][info][gc,marking    ] GC(184) Concurrent Scan Root Regions
[31.635s][info][gc,marking    ] GC(184) Concurrent Scan Root Regions 0.128ms
[31.635s][info][gc,marking    ] GC(184) Concurrent Mark (31.635s)
[31.635s][info][gc,marking    ] GC(184) Concurrent Mark From Roots
[31.635s][info][gc,task       ] GC(184) Using 2 workers of 2 for marking
[31.655s][info][gc,marking    ] GC(184) Concurrent Mark From Roots 20.491ms
[31.656s][info][gc,marking    ] GC(184) Concurrent Preclean
[31.656s][info][gc,marking    ] GC(184) Concurrent Preclean 0.158ms
[31.656s][info][gc,marking    ] GC(184) Concurrent Mark (31.635s, 31.656s) 20.916ms
[31.656s][info][safepoint     ] Application time: 0.0213565 seconds
[31.656s][info][safepoint     ] Entering safepoint region: CGC_Operation
[31.656s][info][gc,start      ] GC(184) Pause Remark
[31.659s][info][gc,stringtable] GC(184) Cleaned string and symbol table, strings: 20124 processed, 0 removed, symbols: 132173 processed, 0 removed
[31.660s][info][gc            ] GC(184) Pause Remark 206M->206M(1342M) 3.614ms
[31.660s][info][gc,cpu        ] GC(184) User=0.01s Sys=0.00s Real=0.01s
[31.660s][info][safepoint     ] Leaving safepoint region
[31.660s][info][safepoint     ] Total time for which application threads were stopped: 0.0038153 seconds, Stopping threads took: 0.0000411 seconds
[31.660s][info][gc,marking    ] GC(184) Concurrent Rebuild Remembered Sets
[31.670s][info][gc,marking    ] GC(184) Concurrent Rebuild Remembered Sets 9.883ms
[31.670s][info][safepoint     ] Application time: 0.0101344 seconds
[31.676s][info][safepoint     ] Entering safepoint region: CGC_Operation
[31.676s][info][gc,start      ] GC(184) Pause Cleanup
[31.677s][info][gc            ] GC(184) Pause Cleanup 397M->397M(1342M) 0.293ms
[31.677s][info][gc,cpu        ] GC(184) User=0.00s Sys=0.00s Real=0.01s
[31.677s][info][safepoint     ] Leaving safepoint region
[31.677s][info][safepoint     ] Total time for which application threads were stopped: 0.0067560 seconds, Stopping threads took: 0.0062478 seconds
[31.677s][info][gc,marking    ] GC(184) Concurrent Cleanup for Next Mark
[31.679s][info][gc,marking    ] GC(184) Concurrent Cleanup for Next Mark 2.376ms
[31.679s][info][gc            ] GC(184) Concurrent Cycle 44.761ms
[31.698s][info][safepoint     ] Application time: 0.0211328 seconds
[31.698s][info][safepoint     ] Entering safepoint region: G1CollectForAllocation
[31.698s][info][gc,start      ] GC(185) Pause Young (Concurrent Start) (G1 Humongous Allocation)
[31.698s][info][gc,task       ] GC(185) Using 8 workers of 8 for evacuation
[31.700s][info][gc,phases     ] GC(185)   Pre Evacuate Collection Set: 0.1ms
[31.700s][info][gc,phases     ] GC(185)   Evacuate Collection Set: 0.9ms
[31.700s][info][gc,phases     ] GC(185)   Post Evacuate Collection Set: 0.4ms
[31.700s][info][gc,phases     ] GC(185)   Other: 0.2ms
[31.700s][info][gc,heap       ] GC(185) Eden regions: 1->0(804)
[31.700s][info][gc,heap       ] GC(185) Survivor regions: 1->1(101)
[31.700s][info][gc,heap       ] GC(185) Old regions: 15->15
[31.700s][info][gc,heap       ] GC(185) Humongous regions: 573->0
[31.700s][info][gc,metaspace  ] GC(185) Metaspace: 38643K->38643K(1085440K)
[31.700s][info][gc            ] GC(185) Pause Young (Concurrent Start) (G1 Humongous Allocation) 588M->14M(1342M) 1.612ms
[31.700s][info][gc,cpu        ] GC(185) User=0.01s Sys=0.00s Real=0.00s
[31.700s][info][safepoint     ] Leaving safepoint region
[31.700s][info][safepoint     ] Total time for which application threads were stopped: 0.0018157 seconds, Stopping threads took: 0.0000161 seconds
[31.700s][info][gc            ] GC(186) Concurrent Cycle
[31.700s][info][gc,marking    ] GC(186) Concurrent Clear Claimed Marks
[31.700s][info][gc,marking    ] GC(186) Concurrent Clear Claimed Marks 0.030ms
[31.700s][info][gc,marking    ] GC(186) Concurrent Scan Root Regions
[31.700s][info][gc,marking    ] GC(186) Concurrent Scan Root Regions 0.147ms
[31.700s][info][gc,marking    ] GC(186) Concurrent Mark (31.700s)
[31.700s][info][gc,marking    ] GC(186) Concurrent Mark From Roots
[31.700s][info][gc,task       ] GC(186) Using 2 workers of 2 for marking
[31.711s][info][gc,marking    ] GC(186) Concurrent Mark From Roots 10.641ms
[31.711s][info][gc,marking    ] GC(186) Concurrent Preclean
[31.711s][info][gc,marking    ] GC(186) Concurrent Preclean 0.043ms
[31.711s][info][gc,marking    ] GC(186) Concurrent Mark (31.700s, 31.711s) 10.749ms
[31.711s][info][safepoint     ] Application time: 0.0110393 seconds
[31.711s][info][safepoint     ] Entering safepoint region: CGC_Operation
[31.711s][info][gc,start      ] GC(186) Pause Remark
[31.713s][info][gc,stringtable] GC(186) Cleaned string and symbol table, strings: 20124 processed, 0 removed, symbols: 132173 processed, 0 removed
[31.713s][info][gc            ] GC(186) Pause Remark 206M->206M(1342M) 2.196ms
[31.713s][info][gc,cpu        ] GC(186) User=0.01s Sys=0.00s Real=0.00s
[31.713s][info][safepoint     ] Leaving safepoint region
[31.713s][info][safepoint     ] Total time for which application threads were stopped: 0.0023994 seconds, Stopping threads took: 0.0000136 seconds
[31.713s][info][gc,marking    ] GC(186) Concurrent Rebuild Remembered Sets
[31.720s][info][gc,marking    ] GC(186) Concurrent Rebuild Remembered Sets 7.154ms
[31.720s][info][safepoint     ] Application time: 0.0072900 seconds
[31.720s][info][safepoint     ] Entering safepoint region: CGC_Operation
[31.721s][info][gc,start      ] GC(186) Pause Cleanup
[31.721s][info][gc            ] GC(186) Pause Cleanup 397M->397M(1342M) 0.206ms
[31.721s][info][gc,cpu        ] GC(186) User=0.00s Sys=0.00s Real=0.00s
[31.721s][info][safepoint     ] Leaving safepoint region
[31.721s][info][safepoint     ] Total time for which application threads were stopped: 0.0003871 seconds, Stopping threads took: 0.0000148 seconds
[31.721s][info][gc,marking    ] GC(186) Concurrent Cleanup for Next Mark
[31.722s][info][gc,marking    ] GC(186) Concurrent Cleanup for Next Mark 1.053ms
[31.722s][info][gc            ] GC(186) Concurrent Cycle 22.214ms
[31.739s][info][safepoint     ] Application time: 0.0180627 seconds
[31.739s][info][safepoint     ] Entering safepoint region: G1CollectForAllocation
[31.739s][info][gc,start      ] GC(187) Pause Young (Concurrent Start) (G1 Humongous Allocation)
[31.739s][info][gc,task       ] GC(187) Using 8 workers of 8 for evacuation
[31.741s][info][gc,phases     ] GC(187)   Pre Evacuate Collection Set: 0.1ms
[31.741s][info][gc,phases     ] GC(187)   Evacuate Collection Set: 1.0ms
[31.741s][info][gc,phases     ] GC(187)   Post Evacuate Collection Set: 0.4ms
[31.741s][info][gc,phases     ] GC(187)   Other: 0.2ms
[31.741s][info][gc,heap       ] GC(187) Eden regions: 1->0(804)
[31.741s][info][gc,heap       ] GC(187) Survivor regions: 1->1(101)
[31.741s][info][gc,heap       ] GC(187) Old regions: 15->15
[31.741s][info][gc,heap       ] GC(187) Humongous regions: 573->0
[31.741s][info][gc,metaspace  ] GC(187) Metaspace: 38643K->38643K(1085440K)
[31.741s][info][gc            ] GC(187) Pause Young (Concurrent Start) (G1 Humongous Allocation) 588M->14M(1342M) 1.808ms
[31.741s][info][gc,cpu        ] GC(187) User=0.00s Sys=0.00s Real=0.00s
[31.741s][info][safepoint     ] Leaving safepoint region
[31.741s][info][safepoint     ] Total time for which application threads were stopped: 0.0020444 seconds, Stopping threads took: 0.0000168 seconds
[31.741s][info][gc            ] GC(188) Concurrent Cycle
[31.741s][info][gc,marking    ] GC(188) Concurrent Clear Claimed Marks
[31.741s][info][gc,marking    ] GC(188) Concurrent Clear Claimed Marks 0.067ms
[31.741s][info][gc,marking    ] GC(188) Concurrent Scan Root Regions
[31.741s][info][gc,marking    ] GC(188) Concurrent Scan Root Regions 0.059ms
[31.741s][info][gc,marking    ] GC(188) Concurrent Mark (31.741s)
[31.741s][info][gc,marking    ] GC(188) Concurrent Mark From Roots
[31.741s][info][gc,task       ] GC(188) Using 2 workers of 2 for marking
[31.751s][info][gc,marking    ] GC(188) Concurrent Mark From Roots 9.707ms
[31.751s][info][gc,marking    ] GC(188) Concurrent Preclean
[31.751s][info][gc,marking    ] GC(188) Concurrent Preclean 0.043ms
[31.751s][info][gc,marking    ] GC(188) Concurrent Mark (31.741s, 31.751s) 9.816ms
[31.751s][info][safepoint     ] Application time: 0.0100711 seconds
[31.751s][info][safepoint     ] Entering safepoint region: CGC_Operation
[31.751s][info][gc,start      ] GC(188) Pause Remark
[31.753s][info][gc,stringtable] GC(188) Cleaned string and symbol table, strings: 20124 processed, 0 removed, symbols: 132173 processed, 0 removed
[31.753s][info][gc            ] GC(188) Pause Remark 206M->206M(1342M) 2.266ms
[31.754s][info][gc,cpu        ] GC(188) User=0.01s Sys=0.00s Real=0.00s
[31.754s][info][safepoint     ] Leaving safepoint region
[31.754s][info][safepoint     ] Total time for which application threads were stopped: 0.0024715 seconds, Stopping threads took: 0.0000144 seconds
[31.754s][info][gc,marking    ] GC(188) Concurrent Rebuild Remembered Sets
[31.761s][info][gc,marking    ] GC(188) Concurrent Rebuild Remembered Sets 7.108ms
[31.761s][info][safepoint     ] Application time: 0.0072606 seconds
[31.761s][info][safepoint     ] Entering safepoint region: CGC_Operation
[31.761s][info][gc,start      ] GC(188) Pause Cleanup
[31.761s][info][gc            ] GC(188) Pause Cleanup 397M->397M(1342M) 0.211ms
[31.761s][info][gc,cpu        ] GC(188) User=0.00s Sys=0.00s Real=0.00s
[31.761s][info][safepoint     ] Leaving safepoint region
[31.761s][info][safepoint     ] Total time for which application threads were stopped: 0.0003800 seconds, Stopping threads took: 0.0000150 seconds
[31.761s][info][gc,marking    ] GC(188) Concurrent Cleanup for Next Mark
[31.762s][info][gc,marking    ] GC(188) Concurrent Cleanup for Next Mark 1.030ms
[31.762s][info][gc            ] GC(188) Concurrent Cycle 21.279ms
[31.779s][info][safepoint     ] Application time: 0.0176074 seconds
[31.779s][info][safepoint     ] Entering safepoint region: G1CollectForAllocation
[31.779s][info][gc,start      ] GC(189) Pause Young (Concurrent Start) (G1 Humongous Allocation)
[31.779s][info][gc,task       ] GC(189) Using 8 workers of 8 for evacuation
[31.781s][info][gc,phases     ] GC(189)   Pre Evacuate Collection Set: 0.3ms
[31.781s][info][gc,phases     ] GC(189)   Evacuate Collection Set: 1.1ms
[31.781s][info][gc,phases     ] GC(189)   Post Evacuate Collection Set: 0.3ms
[31.781s][info][gc,phases     ] GC(189)   Other: 0.5ms
[31.781s][info][gc,heap       ] GC(189) Eden regions: 1->0(804)
[31.781s][info][gc,heap       ] GC(189) Survivor regions: 1->1(101)
[31.781s][info][gc,heap       ] GC(189) Old regions: 15->15
[31.781s][info][gc,heap       ] GC(189) Humongous regions: 573->0
[31.781s][info][gc,metaspace  ] GC(189) Metaspace: 38643K->38643K(1085440K)
[31.781s][info][gc            ] GC(189) Pause Young (Concurrent Start) (G1 Humongous Allocation) 588M->14M(1342M) 2.206ms
[31.781s][info][gc,cpu        ] GC(189) User=0.01s Sys=0.00s Real=0.00s
[31.781s][info][safepoint     ] Leaving safepoint region
[31.781s][info][safepoint     ] Total time for which application threads were stopped: 0.0023975 seconds, Stopping threads took: 0.0000185 seconds
[31.781s][info][gc            ] GC(190) Concurrent Cycle
[31.781s][info][gc,marking    ] GC(190) Concurrent Clear Claimed Marks
[31.781s][info][gc,marking    ] GC(190) Concurrent Clear Claimed Marks 0.047ms
[31.781s][info][gc,marking    ] GC(190) Concurrent Scan Root Regions
[31.781s][info][gc,marking    ] GC(190) Concurrent Scan Root Regions 0.058ms
[31.781s][info][gc,marking    ] GC(190) Concurrent Mark (31.781s)
[31.781s][info][gc,marking    ] GC(190) Concurrent Mark From Roots
[31.781s][info][gc,task       ] GC(190) Using 2 workers of 2 for marking
[31.792s][info][gc,marking    ] GC(190) Concurrent Mark From Roots 10.110ms
[31.792s][info][gc,marking    ] GC(190) Concurrent Preclean
[31.792s][info][gc,marking    ] GC(190) Concurrent Preclean 0.043ms
[31.792s][info][gc,marking    ] GC(190) Concurrent Mark (31.781s, 31.792s) 10.221ms
[31.792s][info][safepoint     ] Application time: 0.0103980 seconds
[31.792s][info][safepoint     ] Entering safepoint region: CGC_Operation
[31.792s][info][gc,start      ] GC(190) Pause Remark
[31.794s][info][gc,stringtable] GC(190) Cleaned string and symbol table, strings: 20124 processed, 0 removed, symbols: 132173 processed, 0 removed
[31.794s][info][gc            ] GC(190) Pause Remark 206M->206M(1342M) 2.206ms
[31.794s][info][gc,cpu        ] GC(190) User=0.01s Sys=0.00s Real=0.00s
[31.794s][info][safepoint     ] Leaving safepoint region
[31.794s][info][safepoint     ] Total time for which application threads were stopped: 0.0024083 seconds, Stopping threads took: 0.0000141 seconds
[31.794s][info][gc,marking    ] GC(190) Concurrent Rebuild Remembered Sets
[31.801s][info][gc,marking    ] GC(190) Concurrent Rebuild Remembered Sets 7.252ms
[31.802s][info][safepoint     ] Application time: 0.0074456 seconds
[31.802s][info][safepoint     ] Entering safepoint region: CGC_Operation
[31.802s][info][gc,start      ] GC(190) Pause Cleanup
[31.802s][info][gc            ] GC(190) Pause Cleanup 397M->397M(1342M) 0.204ms
[31.802s][info][gc,cpu        ] GC(190) User=0.00s Sys=0.00s Real=0.00s
[31.802s][info][safepoint     ] Leaving safepoint region
[31.802s][info][safepoint     ] Total time for which application threads were stopped: 0.0003993 seconds, Stopping threads took: 0.0000148 seconds
[31.802s][info][gc,marking    ] GC(190) Concurrent Cleanup for Next Mark
[31.803s][info][gc,marking    ] GC(190) Concurrent Cleanup for Next Mark 1.103ms
[31.803s][info][gc            ] GC(190) Concurrent Cycle 21.907ms
[31.819s][info][safepoint     ] Application time: 0.0174568 seconds
[31.820s][info][safepoint     ] Entering safepoint region: G1CollectForAllocation
[31.820s][info][gc,start      ] GC(191) Pause Young (Concurrent Start) (G1 Humongous Allocation)
[31.820s][info][gc,task       ] GC(191) Using 8 workers of 8 for evacuation
[31.821s][info][gc,phases     ] GC(191)   Pre Evacuate Collection Set: 0.1ms
[31.821s][info][gc,phases     ] GC(191)   Evacuate Collection Set: 0.9ms
[31.821s][info][gc,phases     ] GC(191)   Post Evacuate Collection Set: 0.4ms
[31.821s][info][gc,phases     ] GC(191)   Other: 0.2ms
[31.821s][info][gc,heap       ] GC(191) Eden regions: 2->0(804)
[31.821s][info][gc,heap       ] GC(191) Survivor regions: 1->1(101)
[31.821s][info][gc,heap       ] GC(191) Old regions: 15->15
[31.821s][info][gc,heap       ] GC(191) Humongous regions: 573->0
[31.821s][info][gc,metaspace  ] GC(191) Metaspace: 38643K->38643K(1085440K)
[31.821s][info][gc            ] GC(191) Pause Young (Concurrent Start) (G1 Humongous Allocation) 588M->14M(1342M) 1.646ms
[31.821s][info][gc,cpu        ] GC(191) User=0.00s Sys=0.00s Real=0.00s
[31.822s][info][safepoint     ] Leaving safepoint region
[31.822s][info][safepoint     ] Total time for which application threads were stopped: 0.0019088 seconds, Stopping threads took: 0.0000173 seconds
[31.822s][info][gc            ] GC(192) Concurrent Cycle
[31.822s][info][gc,marking    ] GC(192) Concurrent Clear Claimed Marks
[31.822s][info][gc,marking    ] GC(192) Concurrent Clear Claimed Marks 0.098ms
[31.822s][info][gc,marking    ] GC(192) Concurrent Scan Root Regions
[31.822s][info][gc,marking    ] GC(192) Concurrent Scan Root Regions 0.067ms
[31.822s][info][gc,marking    ] GC(192) Concurrent Mark (31.822s)
[31.822s][info][gc,marking    ] GC(192) Concurrent Mark From Roots
[31.822s][info][gc,task       ] GC(192) Using 2 workers of 2 for marking
[31.832s][info][gc,marking    ] GC(192) Concurrent Mark From Roots 10.557ms
[31.832s][info][gc,marking    ] GC(192) Concurrent Preclean
[31.832s][info][gc,marking    ] GC(192) Concurrent Preclean 0.048ms
[31.832s][info][gc,marking    ] GC(192) Concurrent Mark (31.822s, 31.832s) 10.665ms
[31.832s][info][safepoint     ] Application time: 0.0109487 seconds
[31.832s][info][safepoint     ] Entering safepoint region: CGC_Operation
[31.833s][info][gc,start      ] GC(192) Pause Remark
[31.835s][info][gc,stringtable] GC(192) Cleaned string and symbol table, strings: 20124 processed, 0 removed, symbols: 132173 processed, 0 removed
[31.835s][info][gc            ] GC(192) Pause Remark 206M->206M(1342M) 2.133ms
[31.835s][info][gc,cpu        ] GC(192) User=0.01s Sys=0.00s Real=0.00s
[31.835s][info][safepoint     ] Leaving safepoint region
[31.835s][info][safepoint     ] Total time for which application threads were stopped: 0.0023808 seconds, Stopping threads took: 0.0000138 seconds
[31.835s][info][gc,marking    ] GC(192) Concurrent Rebuild Remembered Sets
[31.842s][info][gc,marking    ] GC(192) Concurrent Rebuild Remembered Sets 7.286ms
[31.842s][info][safepoint     ] Application time: 0.0074837 seconds
[31.842s][info][safepoint     ] Entering safepoint region: CGC_Operation
[31.843s][info][gc,start      ] GC(192) Pause Cleanup
[31.843s][info][gc            ] GC(192) Pause Cleanup 397M->397M(1342M) 0.221ms
[31.843s][info][gc,cpu        ] GC(192) User=0.00s Sys=0.00s Real=0.00s
[31.843s][info][safepoint     ] Leaving safepoint region
[31.843s][info][safepoint     ] Total time for which application threads were stopped: 0.0004199 seconds, Stopping threads took: 0.0000160 seconds
[31.843s][info][gc,marking    ] GC(192) Concurrent Cleanup for Next Mark
[31.844s][info][gc,marking    ] GC(192) Concurrent Cleanup for Next Mark 1.093ms
[31.844s][info][gc            ] GC(192) Concurrent Cycle 22.418ms
[31.867s][info][safepoint     ] Application time: 0.0237504 seconds
[31.867s][info][safepoint     ] Entering safepoint region: G1CollectForAllocation
[31.867s][info][gc,start      ] GC(193) Pause Young (Concurrent Start) (G1 Humongous Allocation)
[31.867s][info][gc,task       ] GC(193) Using 8 workers of 8 for evacuation
[31.869s][info][gc,phases     ] GC(193)   Pre Evacuate Collection Set: 0.3ms
[31.870s][info][gc,phases     ] GC(193)   Evacuate Collection Set: 1.6ms
[31.870s][info][gc,phases     ] GC(193)   Post Evacuate Collection Set: 0.7ms
[31.870s][info][gc,phases     ] GC(193)   Other: 0.2ms
[31.870s][info][gc,heap       ] GC(193) Eden regions: 1->0(804)
[31.870s][info][gc,heap       ] GC(193) Survivor regions: 1->1(101)
[31.870s][info][gc,heap       ] GC(193) Old regions: 15->15
[31.870s][info][gc,heap       ] GC(193) Humongous regions: 573->0
[31.870s][info][gc,metaspace  ] GC(193) Metaspace: 38643K->38643K(1085440K)
[31.870s][info][gc            ] GC(193) Pause Young (Concurrent Start) (G1 Humongous Allocation) 588M->14M(1342M) 2.960ms
[31.870s][info][gc,cpu        ] GC(193) User=0.01s Sys=0.00s Real=0.00s
[31.870s][info][safepoint     ] Leaving safepoint region
[31.870s][info][gc            ] GC(194) Concurrent Cycle
[31.870s][info][safepoint     ] Total time for which application threads were stopped: 0.0031231 seconds, Stopping threads took: 0.0000258 seconds
[31.870s][info][gc,marking    ] GC(194) Concurrent Clear Claimed Marks
[31.870s][info][gc,marking    ] GC(194) Concurrent Clear Claimed Marks 0.172ms
[31.870s][info][gc,marking    ] GC(194) Concurrent Scan Root Regions
[31.870s][info][gc,marking    ] GC(194) Concurrent Scan Root Regions 0.116ms
[31.870s][info][gc,marking    ] GC(194) Concurrent Mark (31.870s)
[31.870s][info][gc,marking    ] GC(194) Concurrent Mark From Roots
[31.870s][info][gc,task       ] GC(194) Using 2 workers of 2 for marking
[31.888s][info][gc,marking    ] GC(194) Concurrent Mark From Roots 17.446ms
[31.888s][info][gc,marking    ] GC(194) Concurrent Preclean
[31.888s][info][gc,marking    ] GC(194) Concurrent Preclean 0.129ms
[31.888s][info][gc,marking    ] GC(194) Concurrent Mark (31.870s, 31.888s) 17.786ms
[31.888s][info][safepoint     ] Application time: 0.0181554 seconds
[31.888s][info][safepoint     ] Entering safepoint region: CGC_Operation
[31.888s][info][gc,start      ] GC(194) Pause Remark
[31.891s][info][gc,stringtable] GC(194) Cleaned string and symbol table, strings: 20124 processed, 0 removed, symbols: 132173 processed, 0 removed
[31.891s][info][gc            ] GC(194) Pause Remark 206M->206M(1342M) 2.800ms
[31.891s][info][gc,cpu        ] GC(194) User=0.02s Sys=0.00s Real=0.00s
[31.891s][info][safepoint     ] Leaving safepoint region
[31.891s][info][safepoint     ] Total time for which application threads were stopped: 0.0030646 seconds, Stopping threads took: 0.0000322 seconds
[31.891s][info][gc,marking    ] GC(194) Concurrent Rebuild Remembered Sets
[31.900s][info][gc,marking    ] GC(194) Concurrent Rebuild Remembered Sets 9.219ms
[31.900s][info][safepoint     ] Application time: 0.0093344 seconds
[31.905s][info][safepoint     ] Entering safepoint region: CGC_Operation
[31.906s][info][gc,start      ] GC(194) Pause Cleanup
[31.906s][info][gc            ] GC(194) Pause Cleanup 397M->397M(1342M) 0.249ms
[31.906s][info][gc,cpu        ] GC(194) User=0.00s Sys=0.00s Real=0.00s
[31.906s][info][safepoint     ] Leaving safepoint region
[31.906s][info][safepoint     ] Total time for which application threads were stopped: 0.0056395 seconds, Stopping threads took: 0.0051532 seconds
[31.906s][info][gc,marking    ] GC(194) Concurrent Cleanup for Next Mark
[31.907s][info][gc,marking    ] GC(194) Concurrent Cleanup for Next Mark 1.115ms
[31.907s][info][gc            ] GC(194) Concurrent Cycle 37.457ms
[31.925s][info][safepoint     ] Application time: 0.0186156 seconds
[31.925s][info][safepoint     ] Entering safepoint region: G1CollectForAllocation
[31.925s][info][gc,start      ] GC(195) Pause Young (Concurrent Start) (G1 Humongous Allocation)
[31.925s][info][gc,task       ] GC(195) Using 8 workers of 8 for evacuation
[31.927s][info][gc,phases     ] GC(195)   Pre Evacuate Collection Set: 0.1ms
[31.927s][info][gc,phases     ] GC(195)   Evacuate Collection Set: 1.4ms
[31.927s][info][gc,phases     ] GC(195)   Post Evacuate Collection Set: 0.5ms
[31.927s][info][gc,phases     ] GC(195)   Other: 0.3ms
[31.927s][info][gc,heap       ] GC(195) Eden regions: 1->0(804)
[31.927s][info][gc,heap       ] GC(195) Survivor regions: 1->1(101)
[31.927s][info][gc,heap       ] GC(195) Old regions: 15->15
[31.927s][info][gc,heap       ] GC(195) Humongous regions: 573->0
[31.927s][info][gc,metaspace  ] GC(195) Metaspace: 38643K->38643K(1085440K)
[31.927s][info][gc            ] GC(195) Pause Young (Concurrent Start) (G1 Humongous Allocation) 588M->14M(1342M) 2.374ms
[31.927s][info][gc,cpu        ] GC(195) User=0.01s Sys=0.00s Real=0.01s
[31.927s][info][safepoint     ] Leaving safepoint region
[31.927s][info][gc            ] GC(196) Concurrent Cycle
[31.927s][info][safepoint     ] Total time for which application threads were stopped: 0.0025808 seconds, Stopping threads took: 0.0000552 seconds
[31.927s][info][gc,marking    ] GC(196) Concurrent Clear Claimed Marks
[31.928s][info][gc,marking    ] GC(196) Concurrent Clear Claimed Marks 0.284ms
[31.928s][info][gc,marking    ] GC(196) Concurrent Scan Root Regions
[31.928s][info][gc,marking    ] GC(196) Concurrent Scan Root Regions 0.164ms
[31.928s][info][gc,marking    ] GC(196) Concurrent Mark (31.928s)
[31.928s][info][gc,marking    ] GC(196) Concurrent Mark From Roots
[31.928s][info][gc,task       ] GC(196) Using 2 workers of 2 for marking
[31.941s][info][gc,marking    ] GC(196) Concurrent Mark From Roots 13.436ms
[31.941s][info][gc,marking    ] GC(196) Concurrent Preclean
[31.941s][info][gc,marking    ] GC(196) Concurrent Preclean 0.100ms
[31.941s][info][gc,marking    ] GC(196) Concurrent Mark (31.928s, 31.941s) 13.659ms
[31.942s][info][safepoint     ] Application time: 0.0142599 seconds
[31.948s][info][safepoint     ] Entering safepoint region: CGC_Operation
[31.948s][info][gc,start      ] GC(196) Pause Remark
[31.950s][info][gc,stringtable] GC(196) Cleaned string and symbol table, strings: 20124 processed, 0 removed, symbols: 132173 processed, 0 removed
[31.950s][info][gc            ] GC(196) Pause Remark 397M->397M(1342M) 2.157ms
[31.950s][info][gc,cpu        ] GC(196) User=0.01s Sys=0.00s Real=0.00s
[31.950s][info][safepoint     ] Leaving safepoint region
[31.950s][info][safepoint     ] Total time for which application threads were stopped: 0.0084758 seconds, Stopping threads took: 0.0061294 seconds
[31.950s][info][gc,marking    ] GC(196) Concurrent Rebuild Remembered Sets
[31.957s][info][gc,marking    ] GC(196) Concurrent Rebuild Remembered Sets 7.192ms
[31.957s][info][safepoint     ] Application time: 0.0073335 seconds
[31.963s][info][safepoint     ] Entering safepoint region: CGC_Operation
[31.963s][info][gc,start      ] GC(196) Pause Cleanup
[31.963s][info][gc            ] GC(196) Pause Cleanup 588M->588M(1342M) 0.197ms
[31.963s][info][gc,cpu        ] GC(196) User=0.00s Sys=0.00s Real=0.00s
[31.963s][info][safepoint     ] Leaving safepoint region
[31.963s][info][safepoint     ] Total time for which application threads were stopped: 0.0055003 seconds, Stopping threads took: 0.0051134 seconds
[31.963s][info][gc,marking    ] GC(196) Concurrent Cleanup for Next Mark
[31.964s][info][gc,marking    ] GC(196) Concurrent Cleanup for Next Mark 1.049ms
[31.964s][info][gc            ] GC(196) Concurrent Cycle 36.860ms
[31.969s][info][safepoint     ] Application time: 0.0055946 seconds
[31.969s][info][safepoint     ] Entering safepoint region: G1CollectForAllocation
[31.969s][info][gc,start      ] GC(197) Pause Young (Concurrent Start) (G1 Humongous Allocation)
[31.969s][info][gc,task       ] GC(197) Using 8 workers of 8 for evacuation
[31.970s][info][gc,phases     ] GC(197)   Pre Evacuate Collection Set: 0.1ms
[31.970s][info][gc,phases     ] GC(197)   Evacuate Collection Set: 1.0ms
[31.970s][info][gc,phases     ] GC(197)   Post Evacuate Collection Set: 0.3ms
[31.970s][info][gc,phases     ] GC(197)   Other: 0.3ms
[31.970s][info][gc,heap       ] GC(197) Eden regions: 1->0(804)
[31.971s][info][gc,heap       ] GC(197) Survivor regions: 1->1(101)
[31.971s][info][gc,heap       ] GC(197) Old regions: 15->15
[31.971s][info][gc,heap       ] GC(197) Humongous regions: 573->0
[31.971s][info][gc,metaspace  ] GC(197) Metaspace: 38643K->38643K(1085440K)
[31.971s][info][gc            ] GC(197) Pause Young (Concurrent Start) (G1 Humongous Allocation) 588M->14M(1342M) 1.770ms
[31.971s][info][gc,cpu        ] GC(197) User=0.01s Sys=0.00s Real=0.00s
[31.971s][info][safepoint     ] Leaving safepoint region
[31.971s][info][safepoint     ] Total time for which application threads were stopped: 0.0019326 seconds, Stopping threads took: 0.0000195 seconds
[31.971s][info][gc            ] GC(198) Concurrent Cycle
[31.971s][info][gc,marking    ] GC(198) Concurrent Clear Claimed Marks
[31.971s][info][gc,marking    ] GC(198) Concurrent Clear Claimed Marks 0.046ms
[31.971s][info][gc,marking    ] GC(198) Concurrent Scan Root Regions
[31.971s][info][gc,marking    ] GC(198) Concurrent Scan Root Regions 0.069ms
[31.971s][info][gc,marking    ] GC(198) Concurrent Mark (31.971s)
[31.971s][info][gc,marking    ] GC(198) Concurrent Mark From Roots
[31.971s][info][gc,task       ] GC(198) Using 2 workers of 2 for marking
[31.981s][info][gc,marking    ] GC(198) Concurrent Mark From Roots 9.865ms
[31.981s][info][gc,marking    ] GC(198) Concurrent Preclean
[31.981s][info][gc,marking    ] GC(198) Concurrent Preclean 0.047ms
[31.981s][info][gc,marking    ] GC(198) Concurrent Mark (31.971s, 31.981s) 9.974ms
[31.981s][info][safepoint     ] Application time: 0.0101894 seconds
[31.981s][info][safepoint     ] Entering safepoint region: CGC_Operation
[31.981s][info][gc,start      ] GC(198) Pause Remark
[31.983s][info][gc,stringtable] GC(198) Cleaned string and symbol table, strings: 20124 processed, 0 removed, symbols: 132173 processed, 0 removed
[31.983s][info][gc            ] GC(198) Pause Remark 206M->206M(1342M) 2.353ms
[31.983s][info][gc,cpu        ] GC(198) User=0.01s Sys=0.00s Real=0.00s
[31.983s][info][safepoint     ] Leaving safepoint region
[31.983s][info][safepoint     ] Total time for which application threads were stopped: 0.0025462 seconds, Stopping threads took: 0.0000134 seconds
[31.983s][info][gc,marking    ] GC(198) Concurrent Rebuild Remembered Sets
[31.991s][info][gc,marking    ] GC(198) Concurrent Rebuild Remembered Sets 7.156ms
[31.991s][info][safepoint     ] Application time: 0.0072697 seconds
[31.991s][info][safepoint     ] Entering safepoint region: CGC_Operation
[31.991s][info][gc,start      ] GC(198) Pause Cleanup
[31.991s][info][gc            ] GC(198) Pause Cleanup 397M->397M(1342M) 0.185ms
[31.991s][info][gc,cpu        ] GC(198) User=0.00s Sys=0.00s Real=0.00s
[31.991s][info][safepoint     ] Leaving safepoint region
[31.991s][info][safepoint     ] Total time for which application threads were stopped: 0.0003687 seconds, Stopping threads took: 0.0000137 seconds
[31.991s][info][gc,marking    ] GC(198) Concurrent Cleanup for Next Mark
[31.992s][info][gc,marking    ] GC(198) Concurrent Cleanup for Next Mark 1.032ms
[31.992s][info][gc            ] GC(198) Concurrent Cycle 21.464ms
[32.009s][info][safepoint     ] Application time: 0.0176654 seconds
[32.009s][info][safepoint     ] Entering safepoint region: G1CollectForAllocation
[32.009s][info][gc,start      ] GC(199) Pause Young (Concurrent Start) (G1 Humongous Allocation)
[32.009s][info][gc,task       ] GC(199) Using 8 workers of 8 for evacuation
[32.011s][info][gc,phases     ] GC(199)   Pre Evacuate Collection Set: 0.1ms
[32.011s][info][gc,phases     ] GC(199)   Evacuate Collection Set: 1.0ms
[32.011s][info][gc,phases     ] GC(199)   Post Evacuate Collection Set: 0.3ms
[32.011s][info][gc,phases     ] GC(199)   Other: 0.2ms
[32.011s][info][gc,heap       ] GC(199) Eden regions: 1->0(804)
[32.011s][info][gc,heap       ] GC(199) Survivor regions: 1->1(101)
[32.011s][info][gc,heap       ] GC(199) Old regions: 15->15
[32.011s][info][gc,heap       ] GC(199) Humongous regions: 573->0
[32.011s][info][gc,metaspace  ] GC(199) Metaspace: 38643K->38643K(1085440K)
[32.011s][info][gc            ] GC(199) Pause Young (Concurrent Start) (G1 Humongous Allocation) 588M->14M(1342M) 1.783ms
[32.011s][info][gc,cpu        ] GC(199) User=0.00s Sys=0.00s Real=0.00s
[32.011s][info][safepoint     ] Leaving safepoint region
[32.011s][info][safepoint     ] Total time for which application threads were stopped: 0.0019636 seconds, Stopping threads took: 0.0000188 seconds
[32.011s][info][gc            ] GC(200) Concurrent Cycle
[32.011s][info][gc,marking    ] GC(200) Concurrent Clear Claimed Marks
[32.011s][info][gc,marking    ] GC(200) Concurrent Clear Claimed Marks 0.051ms
[32.011s][info][gc,marking    ] GC(200) Concurrent Scan Root Regions
[32.011s][info][gc,marking    ] GC(200) Concurrent Scan Root Regions 0.075ms
[32.011s][info][gc,marking    ] GC(200) Concurrent Mark (32.011s)
[32.011s][info][gc,marking    ] GC(200) Concurrent Mark From Roots
[32.011s][info][gc,task       ] GC(200) Using 2 workers of 2 for marking
[32.021s][info][gc,marking    ] GC(200) Concurrent Mark From Roots 10.283ms
[32.021s][info][gc,marking    ] GC(200) Concurrent Preclean
[32.021s][info][gc,marking    ] GC(200) Concurrent Preclean 0.047ms
[32.021s][info][gc,marking    ] GC(200) Concurrent Mark (32.011s, 32.021s) 10.411ms
[32.021s][info][safepoint     ] Application time: 0.0106716 seconds
[32.021s][info][safepoint     ] Entering safepoint region: CGC_Operation
[32.021s][info][gc,start      ] GC(200) Pause Remark
[32.023s][info][gc,stringtable] GC(200) Cleaned string and symbol table, strings: 20124 processed, 0 removed, symbols: 132173 processed, 0 removed
[32.024s][info][gc            ] GC(200) Pause Remark 206M->206M(1342M) 2.131ms
[32.024s][info][gc,cpu        ] GC(200) User=0.02s Sys=0.01s Real=0.00s
[32.024s][info][safepoint     ] Leaving safepoint region
[32.024s][info][safepoint     ] Total time for which application threads were stopped: 0.0023218 seconds, Stopping threads took: 0.0000132 seconds
[32.024s][info][gc,marking    ] GC(200) Concurrent Rebuild Remembered Sets
[32.031s][info][gc,marking    ] GC(200) Concurrent Rebuild Remembered Sets 7.024ms
[32.031s][info][safepoint     ] Application time: 0.0071522 seconds
[32.031s][info][safepoint     ] Entering safepoint region: CGC_Operation
[32.031s][info][gc,start      ] GC(200) Pause Cleanup
[32.031s][info][gc            ] GC(200) Pause Cleanup 397M->397M(1342M) 0.215ms
[32.031s][info][gc,cpu        ] GC(200) User=0.00s Sys=0.00s Real=0.00s
[32.031s][info][safepoint     ] Leaving safepoint region
[32.031s][info][safepoint     ] Total time for which application threads were stopped: 0.0003983 seconds, Stopping threads took: 0.0000134 seconds
[32.031s][info][gc,marking    ] GC(200) Concurrent Cleanup for Next Mark
[32.032s][info][gc,marking    ] GC(200) Concurrent Cleanup for Next Mark 1.039ms
[32.032s][info][gc            ] GC(200) Concurrent Cycle 21.640ms
[32.050s][info][safepoint     ] Application time: 0.0186255 seconds
[32.050s][info][safepoint     ] Entering safepoint region: G1CollectForAllocation
[32.050s][info][gc,start      ] GC(201) Pause Young (Concurrent Start) (G1 Humongous Allocation)
[32.050s][info][gc,task       ] GC(201) Using 8 workers of 8 for evacuation
[32.052s][info][gc,phases     ] GC(201)   Pre Evacuate Collection Set: 0.1ms
[32.052s][info][gc,phases     ] GC(201)   Evacuate Collection Set: 0.9ms
[32.052s][info][gc,phases     ] GC(201)   Post Evacuate Collection Set: 0.3ms
[32.052s][info][gc,phases     ] GC(201)   Other: 0.2ms
[32.052s][info][gc,heap       ] GC(201) Eden regions: 1->0(804)
[32.052s][info][gc,heap       ] GC(201) Survivor regions: 1->1(101)
[32.052s][info][gc,heap       ] GC(201) Old regions: 15->15
[32.052s][info][gc,heap       ] GC(201) Humongous regions: 573->0
[32.052s][info][gc,metaspace  ] GC(201) Metaspace: 38643K->38643K(1085440K)
[32.052s][info][gc            ] GC(201) Pause Young (Concurrent Start) (G1 Humongous Allocation) 588M->14M(1342M) 1.665ms
[32.052s][info][gc,cpu        ] GC(201) User=0.00s Sys=0.00s Real=0.00s
[32.052s][info][safepoint     ] Leaving safepoint region
[32.052s][info][safepoint     ] Total time for which application threads were stopped: 0.0019014 seconds, Stopping threads took: 0.0000170 seconds
[32.052s][info][gc            ] GC(202) Concurrent Cycle
[32.052s][info][gc,marking    ] GC(202) Concurrent Clear Claimed Marks
[32.052s][info][gc,marking    ] GC(202) Concurrent Clear Claimed Marks 0.113ms
[32.052s][info][gc,marking    ] GC(202) Concurrent Scan Root Regions
[32.052s][info][gc,marking    ] GC(202) Concurrent Scan Root Regions 0.069ms
[32.052s][info][gc,marking    ] GC(202) Concurrent Mark (32.052s)
[32.052s][info][gc,marking    ] GC(202) Concurrent Mark From Roots
[32.052s][info][gc,task       ] GC(202) Using 2 workers of 2 for marking
[32.062s][info][gc,marking    ] GC(202) Concurrent Mark From Roots 9.808ms
[32.062s][info][gc,marking    ] GC(202) Concurrent Preclean
[32.062s][info][gc,marking    ] GC(202) Concurrent Preclean 0.044ms
[32.062s][info][gc,marking    ] GC(202) Concurrent Mark (32.052s, 32.062s) 9.923ms
[32.062s][info][safepoint     ] Application time: 0.0102229 seconds
[32.062s][info][safepoint     ] Entering safepoint region: CGC_Operation
[32.062s][info][gc,start      ] GC(202) Pause Remark
[32.064s][info][gc,stringtable] GC(202) Cleaned string and symbol table, strings: 20124 processed, 0 removed, symbols: 132173 processed, 0 removed
[32.064s][info][gc            ] GC(202) Pause Remark 206M->206M(1342M) 2.159ms
[32.064s][info][gc,cpu        ] GC(202) User=0.01s Sys=0.00s Real=0.00s
[32.064s][info][safepoint     ] Leaving safepoint region
[32.064s][info][safepoint     ] Total time for which application threads were stopped: 0.0023129 seconds, Stopping threads took: 0.0000135 seconds
[32.065s][info][gc,marking    ] GC(202) Concurrent Rebuild Remembered Sets
[32.072s][info][gc,marking    ] GC(202) Concurrent Rebuild Remembered Sets 7.127ms
[32.072s][info][safepoint     ] Application time: 0.0073533 seconds
[32.072s][info][safepoint     ] Entering safepoint region: CGC_Operation
[32.072s][info][gc,start      ] GC(202) Pause Cleanup
[32.072s][info][gc            ] GC(202) Pause Cleanup 397M->397M(1342M) 0.198ms
[32.072s][info][gc,cpu        ] GC(202) User=0.00s Sys=0.00s Real=0.00s
[32.072s][info][safepoint     ] Leaving safepoint region
[32.072s][info][safepoint     ] Total time for which application threads were stopped: 0.0004318 seconds, Stopping threads took: 0.0000462 seconds
[32.072s][info][gc,marking    ] GC(202) Concurrent Cleanup for Next Mark
[32.073s][info][gc,marking    ] GC(202) Concurrent Cleanup for Next Mark 1.101ms
[32.073s][info][gc            ] GC(202) Concurrent Cycle 21.528ms
[32.098s][info][safepoint     ] Application time: 0.0259381 seconds
[32.098s][info][safepoint     ] Entering safepoint region: G1CollectForAllocation
[32.098s][info][gc,start      ] GC(203) Pause Young (Concurrent Start) (G1 Humongous Allocation)
[32.098s][info][gc,task       ] GC(203) Using 8 workers of 8 for evacuation
[32.101s][info][gc,phases     ] GC(203)   Pre Evacuate Collection Set: 0.1ms
[32.101s][info][gc,phases     ] GC(203)   Evacuate Collection Set: 1.4ms
[32.101s][info][gc,phases     ] GC(203)   Post Evacuate Collection Set: 0.5ms
[32.101s][info][gc,phases     ] GC(203)   Other: 0.2ms
[32.101s][info][gc,heap       ] GC(203) Eden regions: 1->0(804)
[32.101s][info][gc,heap       ] GC(203) Survivor regions: 1->1(101)
[32.101s][info][gc,heap       ] GC(203) Old regions: 15->15
[32.101s][info][gc,heap       ] GC(203) Humongous regions: 573->0
[32.101s][info][gc,metaspace  ] GC(203) Metaspace: 38643K->38643K(1085440K)
[32.101s][info][gc            ] GC(203) Pause Young (Concurrent Start) (G1 Humongous Allocation) 588M->14M(1342M) 2.557ms
[32.101s][info][gc,cpu        ] GC(203) User=0.00s Sys=0.00s Real=0.00s
[32.101s][info][safepoint     ] Leaving safepoint region
[32.101s][info][gc            ] GC(204) Concurrent Cycle
[32.101s][info][safepoint     ] Total time for which application threads were stopped: 0.0027727 seconds, Stopping threads took: 0.0000159 seconds
[32.101s][info][gc,marking    ] GC(204) Concurrent Clear Claimed Marks
[32.101s][info][gc,marking    ] GC(204) Concurrent Clear Claimed Marks 0.206ms
[32.101s][info][gc,marking    ] GC(204) Concurrent Scan Root Regions
[32.101s][info][gc,marking    ] GC(204) Concurrent Scan Root Regions 0.172ms
[32.102s][info][gc,marking    ] GC(204) Concurrent Mark (32.102s)
[32.102s][info][gc,marking    ] GC(204) Concurrent Mark From Roots
[32.102s][info][gc,task       ] GC(204) Using 2 workers of 2 for marking
[32.123s][info][gc,marking    ] GC(204) Concurrent Mark From Roots 21.755ms
[32.123s][info][gc,marking    ] GC(204) Concurrent Preclean
[32.123s][info][gc,marking    ] GC(204) Concurrent Preclean 0.091ms
[32.123s][info][gc,marking    ] GC(204) Concurrent Mark (32.102s, 32.123s) 21.933ms
[32.124s][info][safepoint     ] Application time: 0.0224506 seconds
[32.124s][info][safepoint     ] Entering safepoint region: CGC_Operation
[32.124s][info][gc,start      ] GC(204) Pause Remark
[32.131s][info][gc,stringtable] GC(204) Cleaned string and symbol table, strings: 20124 processed, 0 removed, symbols: 132173 processed, 0 removed
[32.132s][info][gc            ] GC(204) Pause Remark 206M->206M(1342M) 7.817ms
[32.132s][info][gc,cpu        ] GC(204) User=0.03s Sys=0.00s Real=0.01s
[32.132s][info][safepoint     ] Leaving safepoint region
[32.132s][info][safepoint     ] Total time for which application threads were stopped: 0.0081551 seconds, Stopping threads took: 0.0000229 seconds
[32.132s][info][gc,marking    ] GC(204) Concurrent Rebuild Remembered Sets
[32.143s][info][gc,marking    ] GC(204) Concurrent Rebuild Remembered Sets 10.831ms
[32.143s][info][safepoint     ] Application time: 0.0109823 seconds
[32.143s][info][safepoint     ] Entering safepoint region: CGC_Operation
[32.143s][info][gc,start      ] GC(204) Pause Cleanup
[32.143s][info][gc            ] GC(204) Pause Cleanup 397M->397M(1342M) 0.177ms
[32.143s][info][gc,cpu        ] GC(204) User=0.00s Sys=0.00s Real=0.00s
[32.143s][info][safepoint     ] Leaving safepoint region
[32.143s][info][safepoint     ] Total time for which application threads were stopped: 0.0003183 seconds, Stopping threads took: 0.0000212 seconds
[32.143s][info][gc,marking    ] GC(204) Concurrent Cleanup for Next Mark
[32.145s][info][gc,marking    ] GC(204) Concurrent Cleanup for Next Mark 1.548ms
[32.145s][info][gc            ] GC(204) Concurrent Cycle 43.728ms
[32.162s][info][safepoint     ] Application time: 0.0186240 seconds
[32.162s][info][safepoint     ] Entering safepoint region: G1CollectForAllocation
[32.162s][info][gc,start      ] GC(205) Pause Young (Concurrent Start) (G1 Humongous Allocation)
[32.162s][info][gc,task       ] GC(205) Using 8 workers of 8 for evacuation
[32.164s][info][gc,phases     ] GC(205)   Pre Evacuate Collection Set: 0.1ms
[32.164s][info][gc,phases     ] GC(205)   Evacuate Collection Set: 1.4ms
[32.164s][info][gc,phases     ] GC(205)   Post Evacuate Collection Set: 0.4ms
[32.164s][info][gc,phases     ] GC(205)   Other: 0.2ms
[32.164s][info][gc,heap       ] GC(205) Eden regions: 1->0(804)
[32.164s][info][gc,heap       ] GC(205) Survivor regions: 1->1(101)
[32.164s][info][gc,heap       ] GC(205) Old regions: 15->15
[32.164s][info][gc,heap       ] GC(205) Humongous regions: 573->0
[32.164s][info][gc,metaspace  ] GC(205) Metaspace: 38643K->38643K(1085440K)
[32.164s][info][gc            ] GC(205) Pause Young (Concurrent Start) (G1 Humongous Allocation) 588M->14M(1342M) 2.380ms
[32.164s][info][gc,cpu        ] GC(205) User=0.01s Sys=0.01s Real=0.00s
[32.164s][info][safepoint     ] Leaving safepoint region
[32.164s][info][safepoint     ] Total time for which application threads were stopped: 0.0025348 seconds, Stopping threads took: 0.0000228 seconds
[32.164s][info][gc            ] GC(206) Concurrent Cycle
[32.164s][info][gc,marking    ] GC(206) Concurrent Clear Claimed Marks
[32.165s][info][gc,marking    ] GC(206) Concurrent Clear Claimed Marks 0.159ms
[32.165s][info][gc,marking    ] GC(206) Concurrent Scan Root Regions
[32.165s][info][gc,marking    ] GC(206) Concurrent Scan Root Regions 0.133ms
[32.165s][info][gc,marking    ] GC(206) Concurrent Mark (32.165s)
[32.165s][info][gc,marking    ] GC(206) Concurrent Mark From Roots
[32.165s][info][gc,task       ] GC(206) Using 2 workers of 2 for marking
[32.180s][info][gc,marking    ] GC(206) Concurrent Mark From Roots 15.186ms
[32.180s][info][gc,marking    ] GC(206) Concurrent Preclean
[32.180s][info][gc,marking    ] GC(206) Concurrent Preclean 0.096ms
[32.180s][info][gc,marking    ] GC(206) Concurrent Mark (32.165s, 32.180s) 15.401ms
[32.180s][info][safepoint     ] Application time: 0.0158814 seconds
[32.186s][info][safepoint     ] Entering safepoint region: CGC_Operation
[32.187s][info][gc,start      ] GC(206) Pause Remark
[32.189s][info][gc,stringtable] GC(206) Cleaned string and symbol table, strings: 20124 processed, 0 removed, symbols: 132173 processed, 0 removed
[32.189s][info][gc            ] GC(206) Pause Remark 397M->397M(1342M) 2.729ms
[32.189s][info][gc,cpu        ] GC(206) User=0.02s Sys=0.00s Real=0.00s
[32.189s][info][safepoint     ] Leaving safepoint region
[32.189s][info][safepoint     ] Total time for which application threads were stopped: 0.0091662 seconds, Stopping threads took: 0.0062905 seconds
[32.189s][info][gc,marking    ] GC(206) Concurrent Rebuild Remembered Sets
[32.197s][info][gc,marking    ] GC(206) Concurrent Rebuild Remembered Sets 7.053ms
[32.197s][info][safepoint     ] Application time: 0.0071461 seconds
[32.202s][info][safepoint     ] Entering safepoint region: CGC_Operation
[32.202s][info][gc,start      ] GC(206) Pause Cleanup
[32.202s][info][gc            ] GC(206) Pause Cleanup 588M->588M(1342M) 0.197ms
[32.202s][info][gc,cpu        ] GC(206) User=0.00s Sys=0.00s Real=0.00s
[32.202s][info][safepoint     ] Leaving safepoint region
[32.202s][info][safepoint     ] Total time for which application threads were stopped: 0.0055610 seconds, Stopping threads took: 0.0052168 seconds
[32.202s][info][gc,marking    ] GC(206) Concurrent Cleanup for Next Mark
[32.203s][info][gc,marking    ] GC(206) Concurrent Cleanup for Next Mark 1.045ms
[32.203s][info][gc            ] GC(206) Concurrent Cycle 38.901ms
[32.209s][info][safepoint     ] Application time: 0.0065588 seconds
[32.209s][info][safepoint     ] Entering safepoint region: G1CollectForAllocation
[32.209s][info][gc,start      ] GC(207) Pause Young (Concurrent Start) (G1 Humongous Allocation)
[32.209s][info][gc,task       ] GC(207) Using 8 workers of 8 for evacuation
[32.211s][info][gc,phases     ] GC(207)   Pre Evacuate Collection Set: 0.1ms
[32.211s][info][gc,phases     ] GC(207)   Evacuate Collection Set: 0.9ms
[32.211s][info][gc,phases     ] GC(207)   Post Evacuate Collection Set: 0.4ms
[32.211s][info][gc,phases     ] GC(207)   Other: 0.2ms
[32.211s][info][gc,heap       ] GC(207) Eden regions: 1->0(804)
[32.211s][info][gc,heap       ] GC(207) Survivor regions: 1->1(101)
[32.211s][info][gc,heap       ] GC(207) Old regions: 15->15
[32.211s][info][gc,heap       ] GC(207) Humongous regions: 573->0
[32.211s][info][gc,metaspace  ] GC(207) Metaspace: 38643K->38643K(1085440K)
[32.211s][info][gc            ] GC(207) Pause Young (Concurrent Start) (G1 Humongous Allocation) 588M->14M(1342M) 1.763ms
[32.211s][info][gc,cpu        ] GC(207) User=0.01s Sys=0.00s Real=0.00s
[32.211s][info][safepoint     ] Leaving safepoint region
[32.211s][info][safepoint     ] Total time for which application threads were stopped: 0.0020317 seconds, Stopping threads took: 0.0000513 seconds
[32.211s][info][gc            ] GC(208) Concurrent Cycle
[32.211s][info][gc,marking    ] GC(208) Concurrent Clear Claimed Marks
[32.211s][info][gc,marking    ] GC(208) Concurrent Clear Claimed Marks 0.035ms
[32.211s][info][gc,marking    ] GC(208) Concurrent Scan Root Regions
[32.211s][info][gc,marking    ] GC(208) Concurrent Scan Root Regions 0.102ms
[32.211s][info][gc,marking    ] GC(208) Concurrent Mark (32.211s)
[32.211s][info][gc,marking    ] GC(208) Concurrent Mark From Roots
[32.211s][info][gc,task       ] GC(208) Using 2 workers of 2 for marking
[32.221s][info][gc,marking    ] GC(208) Concurrent Mark From Roots 10.231ms
[32.221s][info][gc,marking    ] GC(208) Concurrent Preclean
[32.221s][info][gc,marking    ] GC(208) Concurrent Preclean 0.046ms
[32.221s][info][gc,marking    ] GC(208) Concurrent Mark (32.211s, 32.221s) 10.399ms
[32.221s][info][safepoint     ] Application time: 0.0106701 seconds
[32.222s][info][safepoint     ] Entering safepoint region: CGC_Operation
[32.222s][info][gc,start      ] GC(208) Pause Remark
[32.223s][info][gc,stringtable] GC(208) Cleaned string and symbol table, strings: 20124 processed, 0 removed, symbols: 132174 processed, 0 removed
[32.224s][info][gc            ] GC(208) Pause Remark 206M->206M(1342M) 2.240ms
[32.224s][info][gc,cpu        ] GC(208) User=0.02s Sys=0.00s Real=0.00s
[32.224s][info][safepoint     ] Leaving safepoint region
[32.224s][info][safepoint     ] Total time for which application threads were stopped: 0.0024357 seconds, Stopping threads took: 0.0000139 seconds
[32.224s][info][gc,marking    ] GC(208) Concurrent Rebuild Remembered Sets
[32.232s][info][gc,marking    ] GC(208) Concurrent Rebuild Remembered Sets 8.001ms
[32.232s][info][safepoint     ] Application time: 0.0081785 seconds
[32.232s][info][safepoint     ] Entering safepoint region: CGC_Operation
[32.232s][info][gc,start      ] GC(208) Pause Cleanup
[32.232s][info][gc            ] GC(208) Pause Cleanup 397M->397M(1342M) 0.154ms
[32.232s][info][gc,cpu        ] GC(208) User=0.00s Sys=0.00s Real=0.00s
[32.232s][info][safepoint     ] Leaving safepoint region
[32.232s][info][safepoint     ] Total time for which application threads were stopped: 0.0002951 seconds, Stopping threads took: 0.0000184 seconds
[32.232s][info][gc,marking    ] GC(208) Concurrent Cleanup for Next Mark
[32.234s][info][gc,marking    ] GC(208) Concurrent Cleanup for Next Mark 1.396ms
[32.234s][info][gc            ] GC(208) Concurrent Cycle 23.045ms
[32.250s][info][safepoint     ] Application time: 0.0176289 seconds
[32.250s][info][safepoint     ] Entering safepoint region: G1CollectForAllocation
[32.250s][info][gc,start      ] GC(209) Pause Young (Concurrent Start) (G1 Humongous Allocation)
[32.250s][info][gc,task       ] GC(209) Using 8 workers of 8 for evacuation
[32.252s][info][gc,phases     ] GC(209)   Pre Evacuate Collection Set: 0.1ms
[32.252s][info][gc,phases     ] GC(209)   Evacuate Collection Set: 1.2ms
[32.252s][info][gc,phases     ] GC(209)   Post Evacuate Collection Set: 0.3ms
[32.252s][info][gc,phases     ] GC(209)   Other: 0.2ms
[32.252s][info][gc,heap       ] GC(209) Eden regions: 1->0(804)
[32.252s][info][gc,heap       ] GC(209) Survivor regions: 1->1(101)
[32.252s][info][gc,heap       ] GC(209) Old regions: 15->15
[32.252s][info][gc,heap       ] GC(209) Humongous regions: 573->0
[32.252s][info][gc,metaspace  ] GC(209) Metaspace: 38643K->38643K(1085440K)
[32.252s][info][gc            ] GC(209) Pause Young (Concurrent Start) (G1 Humongous Allocation) 588M->14M(1342M) 1.938ms
[32.252s][info][gc,cpu        ] GC(209) User=0.01s Sys=0.00s Real=0.00s
[32.252s][info][safepoint     ] Leaving safepoint region
[32.252s][info][safepoint     ] Total time for which application threads were stopped: 0.0020790 seconds, Stopping threads took: 0.0000165 seconds
[32.252s][info][gc            ] GC(210) Concurrent Cycle
[32.252s][info][gc,marking    ] GC(210) Concurrent Clear Claimed Marks
[32.252s][info][gc,marking    ] GC(210) Concurrent Clear Claimed Marks 0.089ms
[32.252s][info][gc,marking    ] GC(210) Concurrent Scan Root Regions
[32.252s][info][gc,marking    ] GC(210) Concurrent Scan Root Regions 0.098ms
[32.252s][info][gc,marking    ] GC(210) Concurrent Mark (32.252s)
[32.252s][info][gc,marking    ] GC(210) Concurrent Mark From Roots
[32.252s][info][gc,task       ] GC(210) Using 2 workers of 2 for marking
[32.265s][info][gc,marking    ] GC(210) Concurrent Mark From Roots 12.367ms
[32.265s][info][gc,marking    ] GC(210) Concurrent Preclean
[32.265s][info][gc,marking    ] GC(210) Concurrent Preclean 0.047ms
[32.265s][info][gc,marking    ] GC(210) Concurrent Mark (32.252s, 32.265s) 12.504ms
[32.265s][info][safepoint     ] Application time: 0.0127754 seconds
[32.265s][info][safepoint     ] Entering safepoint region: CGC_Operation
[32.265s][info][gc,start      ] GC(210) Pause Remark
[32.267s][info][gc,stringtable] GC(210) Cleaned string and symbol table, strings: 20125 processed, 0 removed, symbols: 132174 processed, 0 removed
[32.267s][info][gc            ] GC(210) Pause Remark 206M->206M(1342M) 2.183ms
[32.267s][info][gc,cpu        ] GC(210) User=0.01s Sys=0.00s Real=0.01s
[32.267s][info][safepoint     ] Leaving safepoint region
[32.267s][info][safepoint     ] Total time for which application threads were stopped: 0.0023616 seconds, Stopping threads took: 0.0000148 seconds
[32.267s][info][gc,marking    ] GC(210) Concurrent Rebuild Remembered Sets
[32.275s][info][gc,marking    ] GC(210) Concurrent Rebuild Remembered Sets 7.579ms
[32.275s][info][safepoint     ] Application time: 0.0077193 seconds
[32.275s][info][safepoint     ] Entering safepoint region: CGC_Operation
[32.275s][info][gc,start      ] GC(210) Pause Cleanup
[32.276s][info][gc            ] GC(210) Pause Cleanup 397M->397M(1342M) 0.313ms
[32.276s][info][gc,cpu        ] GC(210) User=0.00s Sys=0.00s Real=0.00s
[32.276s][info][safepoint     ] Leaving safepoint region
[32.276s][info][safepoint     ] Total time for which application threads were stopped: 0.0004662 seconds, Stopping threads took: 0.0000149 seconds
[32.276s][info][gc,marking    ] GC(210) Concurrent Cleanup for Next Mark
[32.277s][info][gc,marking    ] GC(210) Concurrent Cleanup for Next Mark 1.260ms
[32.277s][info][gc            ] GC(210) Concurrent Cycle 24.728ms
[32.294s][info][safepoint     ] Application time: 0.0186203 seconds
[32.294s][info][safepoint     ] Entering safepoint region: G1CollectForAllocation
[32.294s][info][gc,start      ] GC(211) Pause Young (Concurrent Start) (G1 Humongous Allocation)
[32.295s][info][gc,task       ] GC(211) Using 8 workers of 8 for evacuation
[32.296s][info][gc,phases     ] GC(211)   Pre Evacuate Collection Set: 0.1ms
[32.296s][info][gc,phases     ] GC(211)   Evacuate Collection Set: 0.9ms
[32.296s][info][gc,phases     ] GC(211)   Post Evacuate Collection Set: 0.4ms
[32.296s][info][gc,phases     ] GC(211)   Other: 0.2ms
[32.296s][info][gc,heap       ] GC(211) Eden regions: 1->0(804)
[32.296s][info][gc,heap       ] GC(211) Survivor regions: 1->1(101)
[32.296s][info][gc,heap       ] GC(211) Old regions: 15->15
[32.296s][info][gc,heap       ] GC(211) Humongous regions: 573->0
[32.296s][info][gc,metaspace  ] GC(211) Metaspace: 38643K->38643K(1085440K)
[32.296s][info][gc            ] GC(211) Pause Young (Concurrent Start) (G1 Humongous Allocation) 588M->14M(1342M) 1.694ms
[32.296s][info][gc,cpu        ] GC(211) User=0.01s Sys=0.00s Real=0.00s
[32.296s][info][safepoint     ] Leaving safepoint region
[32.296s][info][safepoint     ] Total time for which application threads were stopped: 0.0019213 seconds, Stopping threads took: 0.0000443 seconds
[32.296s][info][gc            ] GC(212) Concurrent Cycle
[32.296s][info][gc,marking    ] GC(212) Concurrent Clear Claimed Marks
[32.296s][info][gc,marking    ] GC(212) Concurrent Clear Claimed Marks 0.059ms
[32.296s][info][gc,marking    ] GC(212) Concurrent Scan Root Regions
[32.296s][info][gc,marking    ] GC(212) Concurrent Scan Root Regions 0.055ms
[32.296s][info][gc,marking    ] GC(212) Concurrent Mark (32.296s)
[32.296s][info][gc,marking    ] GC(212) Concurrent Mark From Roots
[32.296s][info][gc,task       ] GC(212) Using 2 workers of 2 for marking
[32.306s][info][gc,marking    ] GC(212) Concurrent Mark From Roots 9.994ms
[32.307s][info][gc,marking    ] GC(212) Concurrent Preclean
[32.307s][info][gc,marking    ] GC(212) Concurrent Preclean 0.076ms
[32.307s][info][gc,marking    ] GC(212) Concurrent Mark (32.296s, 32.307s) 10.135ms
[32.307s][info][safepoint     ] Application time: 0.0103895 seconds
[32.307s][info][safepoint     ] Entering safepoint region: CGC_Operation
[32.307s][info][gc,start      ] GC(212) Pause Remark
[32.310s][info][gc,stringtable] GC(212) Cleaned string and symbol table, strings: 20125 processed, 0 removed, symbols: 132174 processed, 0 removed
[32.310s][info][gc            ] GC(212) Pause Remark 206M->206M(1342M) 3.468ms
[32.310s][info][gc,cpu        ] GC(212) User=0.02s Sys=0.00s Real=0.00s
[32.310s][info][safepoint     ] Leaving safepoint region
[32.310s][info][safepoint     ] Total time for which application threads were stopped: 0.0036428 seconds, Stopping threads took: 0.0000456 seconds
[32.310s][info][gc,marking    ] GC(212) Concurrent Rebuild Remembered Sets
[32.319s][info][gc,marking    ] GC(212) Concurrent Rebuild Remembered Sets 8.636ms
[32.319s][info][safepoint     ] Application time: 0.0089451 seconds
[32.326s][info][safepoint     ] Entering safepoint region: CGC_Operation
[32.326s][info][gc,start      ] GC(212) Pause Cleanup
[32.327s][info][gc            ] GC(212) Pause Cleanup 397M->397M(1342M) 0.229ms
[32.327s][info][gc,cpu        ] GC(212) User=0.01s Sys=0.00s Real=0.01s
[32.327s][info][safepoint     ] Leaving safepoint region
[32.327s][info][safepoint     ] Total time for which application threads were stopped: 0.0073980 seconds, Stopping threads took: 0.0070432 seconds
[32.327s][info][gc,marking    ] GC(212) Concurrent Cleanup for Next Mark
[32.330s][info][gc,marking    ] GC(212) Concurrent Cleanup for Next Mark 3.341ms
[32.330s][info][gc            ] GC(212) Concurrent Cycle 33.967ms
[32.353s][info][safepoint     ] Application time: 0.0263837 seconds
[32.353s][info][safepoint     ] Entering safepoint region: G1CollectForAllocation
[32.353s][info][gc,start      ] GC(213) Pause Young (Concurrent Start) (G1 Humongous Allocation)
[32.353s][info][gc,task       ] GC(213) Using 8 workers of 8 for evacuation
[32.356s][info][gc,phases     ] GC(213)   Pre Evacuate Collection Set: 0.1ms
[32.356s][info][gc,phases     ] GC(213)   Evacuate Collection Set: 1.4ms
[32.356s][info][gc,phases     ] GC(213)   Post Evacuate Collection Set: 0.9ms
[32.356s][info][gc,phases     ] GC(213)   Other: 0.2ms
[32.356s][info][gc,heap       ] GC(213) Eden regions: 1->0(804)
[32.356s][info][gc,heap       ] GC(213) Survivor regions: 1->1(101)
[32.356s][info][gc,heap       ] GC(213) Old regions: 15->15
[32.356s][info][gc,heap       ] GC(213) Humongous regions: 573->0
[32.356s][info][gc,metaspace  ] GC(213) Metaspace: 38643K->38643K(1085440K)
[32.356s][info][gc            ] GC(213) Pause Young (Concurrent Start) (G1 Humongous Allocation) 588M->14M(1342M) 2.903ms
[32.356s][info][gc,cpu        ] GC(213) User=0.00s Sys=0.00s Real=0.00s
[32.356s][info][gc            ] GC(214) Concurrent Cycle
[32.356s][info][safepoint     ] Leaving safepoint region
[32.356s][info][gc,marking    ] GC(214) Concurrent Clear Claimed Marks
[32.356s][info][safepoint     ] Total time for which application threads were stopped: 0.0031078 seconds, Stopping threads took: 0.0000255 seconds
[32.356s][info][gc,marking    ] GC(214) Concurrent Clear Claimed Marks 0.116ms
[32.356s][info][gc,marking    ] GC(214) Concurrent Scan Root Regions
[32.356s][info][gc,marking    ] GC(214) Concurrent Scan Root Regions 0.065ms
[32.356s][info][gc,marking    ] GC(214) Concurrent Mark (32.356s)
[32.356s][info][gc,marking    ] GC(214) Concurrent Mark From Roots
[32.356s][info][gc,task       ] GC(214) Using 2 workers of 2 for marking
[32.369s][info][gc,marking    ] GC(214) Concurrent Mark From Roots 12.419ms
[32.369s][info][gc,marking    ] GC(214) Concurrent Preclean
[32.369s][info][gc,marking    ] GC(214) Concurrent Preclean 0.073ms
[32.369s][info][gc,marking    ] GC(214) Concurrent Mark (32.356s, 32.369s) 12.553ms
[32.369s][info][safepoint     ] Application time: 0.0127287 seconds
[32.369s][info][safepoint     ] Entering safepoint region: CGC_Operation
[32.369s][info][gc,start      ] GC(214) Pause Remark
[32.371s][info][gc,stringtable] GC(214) Cleaned string and symbol table, strings: 20125 processed, 0 removed, symbols: 132174 processed, 0 removed
[32.372s][info][gc            ] GC(214) Pause Remark 206M->206M(1342M) 2.611ms
[32.372s][info][gc,cpu        ] GC(214) User=0.01s Sys=0.00s Real=0.00s
[32.372s][info][safepoint     ] Leaving safepoint region
[32.372s][info][safepoint     ] Total time for which application threads were stopped: 0.0028584 seconds, Stopping threads took: 0.0000132 seconds
[32.372s][info][gc,marking    ] GC(214) Concurrent Rebuild Remembered Sets
[32.379s][info][gc,marking    ] GC(214) Concurrent Rebuild Remembered Sets 7.502ms
[32.379s][info][safepoint     ] Application time: 0.0075867 seconds
[32.379s][info][safepoint     ] Entering safepoint region: CGC_Operation
[32.380s][info][gc,start      ] GC(214) Pause Cleanup
[32.380s][info][gc            ] GC(214) Pause Cleanup 397M->397M(1342M) 0.205ms
[32.380s][info][gc,cpu        ] GC(214) User=0.00s Sys=0.00s Real=0.00s
[32.380s][info][safepoint     ] Leaving safepoint region
[32.380s][info][safepoint     ] Total time for which application threads were stopped: 0.0003954 seconds, Stopping threads took: 0.0000142 seconds
[32.380s][info][gc,marking    ] GC(214) Concurrent Cleanup for Next Mark
[32.381s][info][gc,marking    ] GC(214) Concurrent Cleanup for Next Mark 1.060ms
[32.381s][info][gc            ] GC(214) Concurrent Cycle 24.817ms
[32.398s][info][safepoint     ] Application time: 0.0180975 seconds
[32.398s][info][safepoint     ] Entering safepoint region: G1CollectForAllocation
[32.398s][info][gc,start      ] GC(215) Pause Young (Concurrent Start) (G1 Humongous Allocation)
[32.398s][info][gc,task       ] GC(215) Using 8 workers of 8 for evacuation
[32.400s][info][gc,phases     ] GC(215)   Pre Evacuate Collection Set: 0.1ms
[32.400s][info][gc,phases     ] GC(215)   Evacuate Collection Set: 1.1ms
[32.400s][info][gc,phases     ] GC(215)   Post Evacuate Collection Set: 0.3ms
[32.400s][info][gc,phases     ] GC(215)   Other: 0.2ms
[32.400s][info][gc,heap       ] GC(215) Eden regions: 1->0(804)
[32.400s][info][gc,heap       ] GC(215) Survivor regions: 1->1(101)
[32.400s][info][gc,heap       ] GC(215) Old regions: 15->15
[32.400s][info][gc,heap       ] GC(215) Humongous regions: 573->0
[32.400s][info][gc,metaspace  ] GC(215) Metaspace: 38643K->38643K(1085440K)
[32.400s][info][gc            ] GC(215) Pause Young (Concurrent Start) (G1 Humongous Allocation) 588M->14M(1342M) 1.811ms
[32.400s][info][gc,cpu        ] GC(215) User=0.00s Sys=0.00s Real=0.00s
[32.400s][info][safepoint     ] Leaving safepoint region
[32.400s][info][safepoint     ] Total time for which application threads were stopped: 0.0020367 seconds, Stopping threads took: 0.0000201 seconds
[32.400s][info][gc            ] GC(216) Concurrent Cycle
[32.400s][info][gc,marking    ] GC(216) Concurrent Clear Claimed Marks
[32.400s][info][gc,marking    ] GC(216) Concurrent Clear Claimed Marks 0.043ms
[32.400s][info][gc,marking    ] GC(216) Concurrent Scan Root Regions
[32.400s][info][gc,marking    ] GC(216) Concurrent Scan Root Regions 0.067ms
[32.400s][info][gc,marking    ] GC(216) Concurrent Mark (32.400s)
[32.400s][info][gc,marking    ] GC(216) Concurrent Mark From Roots
[32.400s][info][gc,task       ] GC(216) Using 2 workers of 2 for marking
[32.410s][info][gc,marking    ] GC(216) Concurrent Mark From Roots 9.926ms
[32.410s][info][gc,marking    ] GC(216) Concurrent Preclean
[32.410s][info][gc,marking    ] GC(216) Concurrent Preclean 0.043ms
[32.410s][info][gc,marking    ] GC(216) Concurrent Mark (32.400s, 32.410s) 10.091ms
[32.410s][info][safepoint     ] Application time: 0.0103409 seconds
[32.410s][info][safepoint     ] Entering safepoint region: CGC_Operation
[32.411s][info][gc,start      ] GC(216) Pause Remark
[32.412s][info][gc,stringtable] GC(216) Cleaned string and symbol table, strings: 20125 processed, 0 removed, symbols: 132174 processed, 0 removed
[32.413s][info][gc            ] GC(216) Pause Remark 206M->206M(1342M) 2.131ms
[32.413s][info][gc,cpu        ] GC(216) User=0.01s Sys=0.00s Real=0.00s
[32.413s][info][safepoint     ] Leaving safepoint region
[32.413s][info][safepoint     ] Total time for which application threads were stopped: 0.0023303 seconds, Stopping threads took: 0.0000127 seconds
[32.413s][info][gc,marking    ] GC(216) Concurrent Rebuild Remembered Sets
[32.420s][info][gc,marking    ] GC(216) Concurrent Rebuild Remembered Sets 6.989ms
[32.420s][info][safepoint     ] Application time: 0.0070707 seconds
[32.420s][info][safepoint     ] Entering safepoint region: CGC_Operation
[32.420s][info][gc,start      ] GC(216) Pause Cleanup
[32.420s][info][gc            ] GC(216) Pause Cleanup 397M->397M(1342M) 0.217ms
[32.420s][info][gc,cpu        ] GC(216) User=0.00s Sys=0.00s Real=0.00s
[32.420s][info][safepoint     ] Leaving safepoint region
[32.420s][info][safepoint     ] Total time for which application threads were stopped: 0.0003951 seconds, Stopping threads took: 0.0000130 seconds
[32.420s][info][gc,marking    ] GC(216) Concurrent Cleanup for Next Mark
[32.421s][info][gc,marking    ] GC(216) Concurrent Cleanup for Next Mark 1.147ms
[32.421s][info][gc            ] GC(216) Concurrent Cycle 21.299ms
[32.437s][info][safepoint     ] Application time: 0.0172598 seconds
[32.438s][info][safepoint     ] Entering safepoint region: G1CollectForAllocation
[32.438s][info][gc,start      ] GC(217) Pause Young (Concurrent Start) (G1 Humongous Allocation)
[32.438s][info][gc,task       ] GC(217) Using 8 workers of 8 for evacuation
[32.439s][info][gc,phases     ] GC(217)   Pre Evacuate Collection Set: 0.1ms
[32.439s][info][gc,phases     ] GC(217)   Evacuate Collection Set: 1.0ms
[32.440s][info][gc,phases     ] GC(217)   Post Evacuate Collection Set: 0.4ms
[32.440s][info][gc,phases     ] GC(217)   Other: 0.2ms
[32.440s][info][gc,heap       ] GC(217) Eden regions: 1->0(804)
[32.440s][info][gc,heap       ] GC(217) Survivor regions: 1->1(101)
[32.440s][info][gc,heap       ] GC(217) Old regions: 15->15
[32.440s][info][gc,heap       ] GC(217) Humongous regions: 573->0
[32.440s][info][gc,metaspace  ] GC(217) Metaspace: 38643K->38643K(1085440K)
[32.440s][info][gc            ] GC(217) Pause Young (Concurrent Start) (G1 Humongous Allocation) 588M->14M(1342M) 1.806ms
[32.440s][info][gc,cpu        ] GC(217) User=0.00s Sys=0.00s Real=0.00s
[32.440s][info][safepoint     ] Leaving safepoint region
[32.440s][info][safepoint     ] Total time for which application threads were stopped: 0.0020224 seconds, Stopping threads took: 0.0000185 seconds
[32.440s][info][gc            ] GC(218) Concurrent Cycle
[32.440s][info][gc,marking    ] GC(218) Concurrent Clear Claimed Marks
[32.440s][info][gc,marking    ] GC(218) Concurrent Clear Claimed Marks 0.101ms
[32.440s][info][gc,marking    ] GC(218) Concurrent Scan Root Regions
[32.440s][info][gc,marking    ] GC(218) Concurrent Scan Root Regions 0.066ms
[32.440s][info][gc,marking    ] GC(218) Concurrent Mark (32.440s)
[32.440s][info][gc,marking    ] GC(218) Concurrent Mark From Roots
[32.440s][info][gc,task       ] GC(218) Using 2 workers of 2 for marking
[32.450s][info][gc,marking    ] GC(218) Concurrent Mark From Roots 10.469ms
[32.450s][info][gc,marking    ] GC(218) Concurrent Preclean
[32.450s][info][gc,marking    ] GC(218) Concurrent Preclean 0.102ms
[32.451s][info][gc,marking    ] GC(218) Concurrent Mark (32.440s, 32.451s) 10.634ms
[32.451s][info][safepoint     ] Application time: 0.0109617 seconds
[32.451s][info][safepoint     ] Entering safepoint region: CGC_Operation
[32.451s][info][gc,start      ] GC(218) Pause Remark
[32.453s][info][gc,stringtable] GC(218) Cleaned string and symbol table, strings: 20125 processed, 0 removed, symbols: 132174 processed, 0 removed
[32.453s][info][gc            ] GC(218) Pause Remark 206M->206M(1342M) 2.256ms
[32.453s][info][gc,cpu        ] GC(218) User=0.01s Sys=0.00s Real=0.00s
[32.453s][info][safepoint     ] Leaving safepoint region
[32.453s][info][safepoint     ] Total time for which application threads were stopped: 0.0024561 seconds, Stopping threads took: 0.0000405 seconds
[32.453s][info][gc,marking    ] GC(218) Concurrent Rebuild Remembered Sets
[32.460s][info][gc,marking    ] GC(218) Concurrent Rebuild Remembered Sets 7.036ms
[32.460s][info][safepoint     ] Application time: 0.0071259 seconds
[32.460s][info][safepoint     ] Entering safepoint region: CGC_Operation
[32.460s][info][gc,start      ] GC(218) Pause Cleanup
[32.461s][info][gc            ] GC(218) Pause Cleanup 397M->397M(1342M) 0.198ms
[32.461s][info][gc,cpu        ] GC(218) User=0.01s Sys=0.00s Real=0.00s
[32.461s][info][safepoint     ] Leaving safepoint region
[32.461s][info][safepoint     ] Total time for which application threads were stopped: 0.0004432 seconds, Stopping threads took: 0.0000693 seconds
[32.461s][info][gc,marking    ] GC(218) Concurrent Cleanup for Next Mark
[32.462s][info][gc,marking    ] GC(218) Concurrent Cleanup for Next Mark 1.037ms
[32.462s][info][gc            ] GC(218) Concurrent Cycle 22.063ms
[32.476s][info][safepoint     ] Application time: 0.0154809 seconds
[32.476s][info][safepoint     ] Entering safepoint region: G1CollectForAllocation
[32.477s][info][gc,start      ] GC(219) Pause Young (Concurrent Start) (G1 Humongous Allocation)
[32.477s][info][gc,task       ] GC(219) Using 8 workers of 8 for evacuation
[32.478s][info][gc,phases     ] GC(219)   Pre Evacuate Collection Set: 0.1ms
[32.478s][info][gc,phases     ] GC(219)   Evacuate Collection Set: 1.0ms
[32.478s][info][gc,phases     ] GC(219)   Post Evacuate Collection Set: 0.3ms
[32.478s][info][gc,phases     ] GC(219)   Other: 0.3ms
[32.478s][info][gc,heap       ] GC(219) Eden regions: 1->0(804)
[32.478s][info][gc,heap       ] GC(219) Survivor regions: 1->1(101)
[32.478s][info][gc,heap       ] GC(219) Old regions: 15->15
[32.478s][info][gc,heap       ] GC(219) Humongous regions: 573->0
[32.478s][info][gc,metaspace  ] GC(219) Metaspace: 38643K->38643K(1085440K)
[32.478s][info][gc            ] GC(219) Pause Young (Concurrent Start) (G1 Humongous Allocation) 588M->14M(1342M) 1.770ms
[32.478s][info][gc,cpu        ] GC(219) User=0.01s Sys=0.00s Real=0.00s
[32.478s][info][safepoint     ] Leaving safepoint region
[32.478s][info][safepoint     ] Total time for which application threads were stopped: 0.0020361 seconds, Stopping threads took: 0.0000276 seconds
[32.478s][info][gc            ] GC(220) Concurrent Cycle
[32.478s][info][gc,marking    ] GC(220) Concurrent Clear Claimed Marks
[32.478s][info][gc,marking    ] GC(220) Concurrent Clear Claimed Marks 0.033ms
[32.478s][info][gc,marking    ] GC(220) Concurrent Scan Root Regions
[32.479s][info][gc,marking    ] GC(220) Concurrent Scan Root Regions 0.082ms
[32.479s][info][gc,marking    ] GC(220) Concurrent Mark (32.479s)
[32.479s][info][gc,marking    ] GC(220) Concurrent Mark From Roots
[32.479s][info][gc,task       ] GC(220) Using 2 workers of 2 for marking
[32.489s][info][gc,marking    ] GC(220) Concurrent Mark From Roots 10.083ms
[32.489s][info][gc,marking    ] GC(220) Concurrent Preclean
[32.489s][info][gc,marking    ] GC(220) Concurrent Preclean 0.042ms
[32.489s][info][gc,marking    ] GC(220) Concurrent Mark (32.479s, 32.489s) 10.174ms
[32.489s][info][safepoint     ] Application time: 0.0103997 seconds
[32.489s][info][safepoint     ] Entering safepoint region: CGC_Operation
[32.489s][info][gc,start      ] GC(220) Pause Remark
[32.491s][info][gc,stringtable] GC(220) Cleaned string and symbol table, strings: 20125 processed, 0 removed, symbols: 132174 processed, 0 removed
[32.491s][info][gc            ] GC(220) Pause Remark 206M->206M(1342M) 2.163ms
[32.491s][info][gc,cpu        ] GC(220) User=0.01s Sys=0.01s Real=0.00s
[32.491s][info][safepoint     ] Leaving safepoint region
[32.491s][info][safepoint     ] Total time for which application threads were stopped: 0.0024017 seconds, Stopping threads took: 0.0000139 seconds
[32.491s][info][gc,marking    ] GC(220) Concurrent Rebuild Remembered Sets
[32.498s][info][gc,marking    ] GC(220) Concurrent Rebuild Remembered Sets 7.123ms
[32.498s][info][safepoint     ] Application time: 0.0072528 seconds
[32.498s][info][safepoint     ] Entering safepoint region: CGC_Operation
[32.499s][info][gc,start      ] GC(220) Pause Cleanup
[32.499s][info][gc            ] GC(220) Pause Cleanup 397M->397M(1342M) 0.158ms
[32.499s][info][gc,cpu        ] GC(220) User=0.00s Sys=0.00s Real=0.00s
[32.499s][info][safepoint     ] Leaving safepoint region
[32.499s][info][safepoint     ] Total time for which application threads were stopped: 0.0003665 seconds, Stopping threads took: 0.0000395 seconds
[32.499s][info][gc,marking    ] GC(220) Concurrent Cleanup for Next Mark
[32.500s][info][gc,marking    ] GC(220) Concurrent Cleanup for Next Mark 1.034ms
[32.500s][info][gc            ] GC(220) Concurrent Cycle 21.536ms
[32.516s][info][safepoint     ] Application time: 0.0173843 seconds
[32.516s][info][safepoint     ] Entering safepoint region: G1CollectForAllocation
[32.516s][info][gc,start      ] GC(221) Pause Young (Concurrent Start) (G1 Humongous Allocation)
[32.517s][info][gc,task       ] GC(221) Using 8 workers of 8 for evacuation
[32.518s][info][gc,phases     ] GC(221)   Pre Evacuate Collection Set: 0.1ms
[32.518s][info][gc,phases     ] GC(221)   Evacuate Collection Set: 0.9ms
[32.518s][info][gc,phases     ] GC(221)   Post Evacuate Collection Set: 0.4ms
[32.518s][info][gc,phases     ] GC(221)   Other: 0.2ms
[32.518s][info][gc,heap       ] GC(221) Eden regions: 1->0(804)
[32.518s][info][gc,heap       ] GC(221) Survivor regions: 1->1(101)
[32.518s][info][gc,heap       ] GC(221) Old regions: 15->15
[32.518s][info][gc,heap       ] GC(221) Humongous regions: 573->0
[32.518s][info][gc,metaspace  ] GC(221) Metaspace: 38643K->38643K(1085440K)
[32.518s][info][gc            ] GC(221) Pause Young (Concurrent Start) (G1 Humongous Allocation) 588M->14M(1342M) 1.732ms
[32.518s][info][gc,cpu        ] GC(221) User=0.00s Sys=0.00s Real=0.00s
[32.518s][info][safepoint     ] Leaving safepoint region
[32.518s][info][safepoint     ] Total time for which application threads were stopped: 0.0019606 seconds, Stopping threads took: 0.0000173 seconds
[32.518s][info][gc            ] GC(222) Concurrent Cycle
[32.518s][info][gc,marking    ] GC(222) Concurrent Clear Claimed Marks
[32.518s][info][gc,marking    ] GC(222) Concurrent Clear Claimed Marks 0.105ms
[32.518s][info][gc,marking    ] GC(222) Concurrent Scan Root Regions
[32.519s][info][gc,marking    ] GC(222) Concurrent Scan Root Regions 0.068ms
[32.519s][info][gc,marking    ] GC(222) Concurrent Mark (32.519s)
[32.519s][info][gc,marking    ] GC(222) Concurrent Mark From Roots
[32.519s][info][gc,task       ] GC(222) Using 2 workers of 2 for marking
[32.528s][info][gc,marking    ] GC(222) Concurrent Mark From Roots 9.941ms
[32.529s][info][gc,marking    ] GC(222) Concurrent Preclean
[32.529s][info][gc,marking    ] GC(222) Concurrent Preclean 0.044ms
[32.529s][info][gc,marking    ] GC(222) Concurrent Mark (32.519s, 32.529s) 10.109ms
[32.529s][info][safepoint     ] Application time: 0.0104063 seconds
[32.529s][info][safepoint     ] Entering safepoint region: CGC_Operation
[32.529s][info][gc,start      ] GC(222) Pause Remark
[32.531s][info][gc,stringtable] GC(222) Cleaned string and symbol table, strings: 20125 processed, 0 removed, symbols: 132174 processed, 0 removed
[32.531s][info][gc            ] GC(222) Pause Remark 206M->206M(1342M) 2.161ms
[32.531s][info][gc,cpu        ] GC(222) User=0.01s Sys=0.00s Real=0.00s
[32.531s][info][safepoint     ] Leaving safepoint region
[32.531s][info][safepoint     ] Total time for which application threads were stopped: 0.0023863 seconds, Stopping threads took: 0.0000133 seconds
[32.531s][info][gc,marking    ] GC(222) Concurrent Rebuild Remembered Sets
[32.538s][info][gc,marking    ] GC(222) Concurrent Rebuild Remembered Sets 6.988ms
[32.538s][info][safepoint     ] Application time: 0.0071147 seconds
[32.538s][info][safepoint     ] Entering safepoint region: CGC_Operation
[32.538s][info][gc,start      ] GC(222) Pause Cleanup
[32.539s][info][gc            ] GC(222) Pause Cleanup 397M->397M(1342M) 0.210ms
[32.539s][info][gc,cpu        ] GC(222) User=0.00s Sys=0.00s Real=0.00s
[32.539s][info][safepoint     ] Leaving safepoint region
[32.539s][info][safepoint     ] Total time for which application threads were stopped: 0.0004282 seconds, Stopping threads took: 0.0000429 seconds
[32.539s][info][gc,marking    ] GC(222) Concurrent Cleanup for Next Mark
[32.540s][info][gc,marking    ] GC(222) Concurrent Cleanup for Next Mark 1.036ms
[32.540s][info][gc            ] GC(222) Concurrent Cycle 21.422ms
[32.557s][info][safepoint     ] Application time: 0.0183350 seconds
[32.557s][info][safepoint     ] Entering safepoint region: G1CollectForAllocation
[32.557s][info][gc,start      ] GC(223) Pause Young (Concurrent Start) (G1 Humongous Allocation)
[32.557s][info][gc,task       ] GC(223) Using 8 workers of 8 for evacuation
[32.559s][info][gc,phases     ] GC(223)   Pre Evacuate Collection Set: 0.1ms
[32.559s][info][gc,phases     ] GC(223)   Evacuate Collection Set: 1.0ms
[32.559s][info][gc,phases     ] GC(223)   Post Evacuate Collection Set: 0.3ms
[32.559s][info][gc,phases     ] GC(223)   Other: 0.3ms
[32.559s][info][gc,heap       ] GC(223) Eden regions: 1->0(804)
[32.559s][info][gc,heap       ] GC(223) Survivor regions: 1->1(101)
[32.559s][info][gc,heap       ] GC(223) Old regions: 15->15
[32.559s][info][gc,heap       ] GC(223) Humongous regions: 573->0
[32.559s][info][gc,metaspace  ] GC(223) Metaspace: 38643K->38643K(1085440K)
[32.559s][info][gc            ] GC(223) Pause Young (Concurrent Start) (G1 Humongous Allocation) 588M->14M(1342M) 1.728ms
[32.559s][info][gc,cpu        ] GC(223) User=0.01s Sys=0.00s Real=0.00s
[32.559s][info][safepoint     ] Leaving safepoint region
[32.559s][info][safepoint     ] Total time for which application threads were stopped: 0.0019599 seconds, Stopping threads took: 0.0000169 seconds
[32.559s][info][gc            ] GC(224) Concurrent Cycle
[32.559s][info][gc,marking    ] GC(224) Concurrent Clear Claimed Marks
[32.559s][info][gc,marking    ] GC(224) Concurrent Clear Claimed Marks 0.099ms
[32.559s][info][gc,marking    ] GC(224) Concurrent Scan Root Regions
[32.559s][info][gc,marking    ] GC(224) Concurrent Scan Root Regions 0.075ms
[32.559s][info][gc,marking    ] GC(224) Concurrent Mark (32.559s)
[32.559s][info][gc,marking    ] GC(224) Concurrent Mark From Roots
[32.559s][info][gc,task       ] GC(224) Using 2 workers of 2 for marking
[32.573s][info][gc,marking    ] GC(224) Concurrent Mark From Roots 13.704ms
[32.573s][info][gc,marking    ] GC(224) Concurrent Preclean
[32.573s][info][gc,marking    ] GC(224) Concurrent Preclean 0.057ms
[32.573s][info][gc,marking    ] GC(224) Concurrent Mark (32.559s, 32.573s) 13.825ms
[32.573s][info][safepoint     ] Application time: 0.0140852 seconds
[32.573s][info][safepoint     ] Entering safepoint region: CGC_Operation
[32.573s][info][gc,start      ] GC(224) Pause Remark
[32.577s][info][gc,stringtable] GC(224) Cleaned string and symbol table, strings: 20125 processed, 0 removed, symbols: 132174 processed, 0 removed
[32.577s][info][gc            ] GC(224) Pause Remark 206M->206M(1342M) 4.098ms
[32.577s][info][gc,cpu        ] GC(224) User=0.02s Sys=0.00s Real=0.01s
[32.577s][info][safepoint     ] Leaving safepoint region
[32.577s][info][safepoint     ] Total time for which application threads were stopped: 0.0042499 seconds, Stopping threads took: 0.0000166 seconds
[32.577s][info][gc,marking    ] GC(224) Concurrent Rebuild Remembered Sets
[32.586s][info][gc,marking    ] GC(224) Concurrent Rebuild Remembered Sets 9.002ms
[32.587s][info][safepoint     ] Application time: 0.0091417 seconds
[32.593s][info][safepoint     ] Entering safepoint region: CGC_Operation
[32.593s][info][gc,start      ] GC(224) Pause Cleanup
[32.594s][info][gc            ] GC(224) Pause Cleanup 397M->397M(1342M) 0.521ms
[32.594s][info][gc,cpu        ] GC(224) User=0.00s Sys=0.00s Real=0.00s
[32.594s][info][safepoint     ] Leaving safepoint region
[32.594s][info][safepoint     ] Total time for which application threads were stopped: 0.0070806 seconds, Stopping threads took: 0.0063135 seconds
[32.594s][info][gc,marking    ] GC(224) Concurrent Cleanup for Next Mark
[32.596s][info][gc,marking    ] GC(224) Concurrent Cleanup for Next Mark 2.210ms
[32.596s][info][gc            ] GC(224) Concurrent Cycle 36.941ms
[32.621s][info][safepoint     ] Application time: 0.0269655 seconds
[32.621s][info][safepoint     ] Entering safepoint region: G1CollectForAllocation
[32.621s][info][gc,start      ] GC(225) Pause Young (Concurrent Start) (G1 Humongous Allocation)
[32.621s][info][gc,task       ] GC(225) Using 8 workers of 8 for evacuation
[32.623s][info][gc,phases     ] GC(225)   Pre Evacuate Collection Set: 0.3ms
[32.623s][info][gc,phases     ] GC(225)   Evacuate Collection Set: 1.1ms
[32.623s][info][gc,phases     ] GC(225)   Post Evacuate Collection Set: 0.3ms
[32.623s][info][gc,phases     ] GC(225)   Other: 0.3ms
[32.623s][info][gc,heap       ] GC(225) Eden regions: 1->0(804)
[32.623s][info][gc,heap       ] GC(225) Survivor regions: 1->1(101)
[32.623s][info][gc,heap       ] GC(225) Old regions: 15->15
[32.623s][info][gc,heap       ] GC(225) Humongous regions: 573->0
[32.623s][info][gc,metaspace  ] GC(225) Metaspace: 38643K->38643K(1085440K)
[32.623s][info][gc            ] GC(225) Pause Young (Concurrent Start) (G1 Humongous Allocation) 588M->14M(1342M) 2.016ms
[32.623s][info][gc,cpu        ] GC(225) User=0.01s Sys=0.00s Real=0.00s
[32.623s][info][safepoint     ] Leaving safepoint region
[32.623s][info][gc            ] GC(226) Concurrent Cycle
[32.623s][info][safepoint     ] Total time for which application threads were stopped: 0.0022202 seconds, Stopping threads took: 0.0000332 seconds
[32.623s][info][gc,marking    ] GC(226) Concurrent Clear Claimed Marks
[32.623s][info][gc,marking    ] GC(226) Concurrent Clear Claimed Marks 0.069ms
[32.623s][info][gc,marking    ] GC(226) Concurrent Scan Root Regions
[32.623s][info][gc,marking    ] GC(226) Concurrent Scan Root Regions 0.072ms
[32.623s][info][gc,marking    ] GC(226) Concurrent Mark (32.623s)
[32.623s][info][gc,marking    ] GC(226) Concurrent Mark From Roots
[32.623s][info][gc,task       ] GC(226) Using 2 workers of 2 for marking
[32.633s][info][gc,marking    ] GC(226) Concurrent Mark From Roots 10.099ms
[32.633s][info][gc,marking    ] GC(226) Concurrent Preclean
[32.633s][info][gc,marking    ] GC(226) Concurrent Preclean 0.075ms
[32.633s][info][gc,marking    ] GC(226) Concurrent Mark (32.623s, 32.633s) 10.314ms
[32.633s][info][safepoint     ] Application time: 0.0104830 seconds
[32.633s][info][safepoint     ] Entering safepoint region: CGC_Operation
[32.634s][info][gc,start      ] GC(226) Pause Remark
[32.635s][info][gc,stringtable] GC(226) Cleaned string and symbol table, strings: 20125 processed, 0 removed, symbols: 132174 processed, 0 removed
[32.636s][info][gc            ] GC(226) Pause Remark 206M->206M(1342M) 2.087ms
[32.636s][info][gc,cpu        ] GC(226) User=0.01s Sys=0.00s Real=0.00s
[32.636s][info][safepoint     ] Leaving safepoint region
[32.636s][info][safepoint     ] Total time for which application threads were stopped: 0.0022741 seconds, Stopping threads took: 0.0000132 seconds
[32.636s][info][gc,marking    ] GC(226) Concurrent Rebuild Remembered Sets
[32.643s][info][gc,marking    ] GC(226) Concurrent Rebuild Remembered Sets 7.343ms
[32.643s][info][safepoint     ] Application time: 0.0074693 seconds
[32.643s][info][safepoint     ] Entering safepoint region: CGC_Operation
[32.643s][info][gc,start      ] GC(226) Pause Cleanup
[32.644s][info][gc            ] GC(226) Pause Cleanup 397M->397M(1342M) 0.264ms
[32.644s][info][gc,cpu        ] GC(226) User=0.00s Sys=0.00s Real=0.00s
[32.644s][info][safepoint     ] Leaving safepoint region
[32.644s][info][safepoint     ] Total time for which application threads were stopped: 0.0004618 seconds, Stopping threads took: 0.0000271 seconds
[32.644s][info][gc,marking    ] GC(226) Concurrent Cleanup for Next Mark
[32.645s][info][gc,marking    ] GC(226) Concurrent Cleanup for Next Mark 1.053ms
[32.645s][info][gc            ] GC(226) Concurrent Cycle 21.859ms
[32.661s][info][safepoint     ] Application time: 0.0177047 seconds
[32.661s][info][safepoint     ] Entering safepoint region: G1CollectForAllocation
[32.662s][info][gc,start      ] GC(227) Pause Young (Concurrent Start) (G1 Humongous Allocation)
[32.662s][info][gc,task       ] GC(227) Using 8 workers of 8 for evacuation
[32.663s][info][gc,phases     ] GC(227)   Pre Evacuate Collection Set: 0.1ms
[32.663s][info][gc,phases     ] GC(227)   Evacuate Collection Set: 0.9ms
[32.663s][info][gc,phases     ] GC(227)   Post Evacuate Collection Set: 0.4ms
[32.663s][info][gc,phases     ] GC(227)   Other: 0.2ms
[32.663s][info][gc,heap       ] GC(227) Eden regions: 1->0(804)
[32.663s][info][gc,heap       ] GC(227) Survivor regions: 1->1(101)
[32.663s][info][gc,heap       ] GC(227) Old regions: 15->15
[32.663s][info][gc,heap       ] GC(227) Humongous regions: 573->0
[32.663s][info][gc,metaspace  ] GC(227) Metaspace: 38643K->38643K(1085440K)
[32.663s][info][gc            ] GC(227) Pause Young (Concurrent Start) (G1 Humongous Allocation) 588M->14M(1342M) 1.766ms
[32.663s][info][gc,cpu        ] GC(227) User=0.00s Sys=0.00s Real=0.00s
[32.663s][info][safepoint     ] Leaving safepoint region
[32.663s][info][safepoint     ] Total time for which application threads were stopped: 0.0020010 seconds, Stopping threads took: 0.0000165 seconds
[32.663s][info][gc            ] GC(228) Concurrent Cycle
[32.664s][info][gc,marking    ] GC(228) Concurrent Clear Claimed Marks
[32.664s][info][gc,marking    ] GC(228) Concurrent Clear Claimed Marks 0.068ms
[32.664s][info][gc,marking    ] GC(228) Concurrent Scan Root Regions
[32.664s][info][gc,marking    ] GC(228) Concurrent Scan Root Regions 0.057ms
[32.664s][info][gc,marking    ] GC(228) Concurrent Mark (32.664s)
[32.664s][info][gc,marking    ] GC(228) Concurrent Mark From Roots
[32.664s][info][gc,task       ] GC(228) Using 2 workers of 2 for marking
[32.674s][info][gc,marking    ] GC(228) Concurrent Mark From Roots 10.145ms
[32.674s][info][gc,marking    ] GC(228) Concurrent Preclean
[32.674s][info][gc,marking    ] GC(228) Concurrent Preclean 0.043ms
[32.674s][info][gc,marking    ] GC(228) Concurrent Mark (32.664s, 32.674s) 10.312ms
[32.674s][info][safepoint     ] Application time: 0.0105707 seconds
[32.674s][info][safepoint     ] Entering safepoint region: CGC_Operation
[32.674s][info][gc,start      ] GC(228) Pause Remark
[32.676s][info][gc,stringtable] GC(228) Cleaned string and symbol table, strings: 20125 processed, 0 removed, symbols: 132174 processed, 0 removed
[32.676s][info][gc            ] GC(228) Pause Remark 206M->206M(1342M) 2.214ms
[32.676s][info][gc,cpu        ] GC(228) User=0.01s Sys=0.00s Real=0.01s
[32.676s][info][safepoint     ] Leaving safepoint region
[32.676s][info][safepoint     ] Total time for which application threads were stopped: 0.0024282 seconds, Stopping threads took: 0.0000142 seconds
[32.677s][info][gc,marking    ] GC(228) Concurrent Rebuild Remembered Sets
[32.684s][info][gc,marking    ] GC(228) Concurrent Rebuild Remembered Sets 6.995ms
[32.684s][info][safepoint     ] Application time: 0.0070763 seconds
[32.684s][info][safepoint     ] Entering safepoint region: CGC_Operation
[32.684s][info][gc,start      ] GC(228) Pause Cleanup
[32.684s][info][gc            ] GC(228) Pause Cleanup 397M->397M(1342M) 0.180ms
[32.684s][info][gc,cpu        ] GC(228) User=0.00s Sys=0.00s Real=0.00s
[32.684s][info][safepoint     ] Leaving safepoint region
[32.684s][info][safepoint     ] Total time for which application threads were stopped: 0.0004170 seconds, Stopping threads took: 0.0000448 seconds
[32.684s][info][gc,marking    ] GC(228) Concurrent Cleanup for Next Mark
[32.685s][info][gc,marking    ] GC(228) Concurrent Cleanup for Next Mark 1.041ms
[32.685s][info][gc            ] GC(228) Concurrent Cycle 21.590ms
[32.700s][info][safepoint     ] Application time: 0.0164527 seconds
[32.701s][info][safepoint     ] Entering safepoint region: G1CollectForAllocation
[32.701s][info][gc,start      ] GC(229) Pause Young (Concurrent Start) (G1 Humongous Allocation)
[32.701s][info][gc,task       ] GC(229) Using 8 workers of 8 for evacuation
[32.703s][info][gc,phases     ] GC(229)   Pre Evacuate Collection Set: 0.2ms
[32.703s][info][gc,phases     ] GC(229)   Evacuate Collection Set: 1.0ms
[32.703s][info][gc,phases     ] GC(229)   Post Evacuate Collection Set: 0.6ms
[32.703s][info][gc,phases     ] GC(229)   Other: 0.2ms
[32.703s][info][gc,heap       ] GC(229) Eden regions: 1->0(804)
[32.703s][info][gc,heap       ] GC(229) Survivor regions: 1->1(101)
[32.703s][info][gc,heap       ] GC(229) Old regions: 15->15
[32.703s][info][gc,heap       ] GC(229) Humongous regions: 573->0
[32.703s][info][gc,metaspace  ] GC(229) Metaspace: 38643K->38643K(1085440K)
[32.703s][info][gc            ] GC(229) Pause Young (Concurrent Start) (G1 Humongous Allocation) 588M->14M(1342M) 2.014ms
[32.703s][info][gc,cpu        ] GC(229) User=0.01s Sys=0.00s Real=0.00s
[32.703s][info][safepoint     ] Leaving safepoint region
[32.703s][info][safepoint     ] Total time for which application threads were stopped: 0.0022587 seconds, Stopping threads took: 0.0000429 seconds
[32.703s][info][gc            ] GC(230) Concurrent Cycle
[32.703s][info][gc,marking    ] GC(230) Concurrent Clear Claimed Marks
[32.703s][info][gc,marking    ] GC(230) Concurrent Clear Claimed Marks 0.030ms
[32.703s][info][gc,marking    ] GC(230) Concurrent Scan Root Regions
[32.703s][info][gc,marking    ] GC(230) Concurrent Scan Root Regions 0.151ms
[32.703s][info][gc,marking    ] GC(230) Concurrent Mark (32.703s)
[32.703s][info][gc,marking    ] GC(230) Concurrent Mark From Roots
[32.703s][info][gc,task       ] GC(230) Using 2 workers of 2 for marking
[32.714s][info][gc,marking    ] GC(230) Concurrent Mark From Roots 10.685ms
[32.714s][info][gc,marking    ] GC(230) Concurrent Preclean
[32.714s][info][gc,marking    ] GC(230) Concurrent Preclean 0.071ms
[32.714s][info][gc,marking    ] GC(230) Concurrent Mark (32.703s, 32.714s) 10.818ms
[32.714s][info][safepoint     ] Application time: 0.0111261 seconds
[32.714s][info][safepoint     ] Entering safepoint region: CGC_Operation
[32.714s][info][gc,start      ] GC(230) Pause Remark
[32.716s][info][gc,stringtable] GC(230) Cleaned string and symbol table, strings: 20125 processed, 0 removed, symbols: 132174 processed, 0 removed
[32.716s][info][gc            ] GC(230) Pause Remark 206M->206M(1342M) 2.440ms
[32.717s][info][gc,cpu        ] GC(230) User=0.01s Sys=0.00s Real=0.01s
[32.717s][info][safepoint     ] Leaving safepoint region
[32.717s][info][safepoint     ] Total time for which application threads were stopped: 0.0026891 seconds, Stopping threads took: 0.0000449 seconds
[32.717s][info][gc,marking    ] GC(230) Concurrent Rebuild Remembered Sets
[32.724s][info][gc,marking    ] GC(230) Concurrent Rebuild Remembered Sets 7.280ms
[32.724s][info][safepoint     ] Application time: 0.0074551 seconds
[32.724s][info][safepoint     ] Entering safepoint region: CGC_Operation
[32.724s][info][gc,start      ] GC(230) Pause Cleanup
[32.724s][info][gc            ] GC(230) Pause Cleanup 397M->397M(1342M) 0.217ms
[32.724s][info][gc,cpu        ] GC(230) User=0.00s Sys=0.00s Real=0.00s
[32.724s][info][safepoint     ] Leaving safepoint region
[32.724s][info][safepoint     ] Total time for which application threads were stopped: 0.0003793 seconds, Stopping threads took: 0.0000452 seconds
[32.724s][info][gc,marking    ] GC(230) Concurrent Cleanup for Next Mark
[32.726s][info][gc,marking    ] GC(230) Concurrent Cleanup for Next Mark 1.045ms
[32.726s][info][gc            ] GC(230) Concurrent Cycle 22.784ms
[32.742s][info][safepoint     ] Application time: 0.0171030 seconds
[32.742s][info][safepoint     ] Entering safepoint region: G1CollectForAllocation
[32.742s][info][gc,start      ] GC(231) Pause Young (Concurrent Start) (G1 Humongous Allocation)
[32.742s][info][gc,task       ] GC(231) Using 8 workers of 8 for evacuation
[32.744s][info][gc,phases     ] GC(231)   Pre Evacuate Collection Set: 0.1ms
[32.744s][info][gc,phases     ] GC(231)   Evacuate Collection Set: 1.0ms
[32.744s][info][gc,phases     ] GC(231)   Post Evacuate Collection Set: 0.5ms
[32.744s][info][gc,phases     ] GC(231)   Other: 0.2ms
[32.744s][info][gc,heap       ] GC(231) Eden regions: 1->0(804)
[32.744s][info][gc,heap       ] GC(231) Survivor regions: 1->1(101)
[32.744s][info][gc,heap       ] GC(231) Old regions: 15->15
[32.744s][info][gc,heap       ] GC(231) Humongous regions: 573->0
[32.744s][info][gc,metaspace  ] GC(231) Metaspace: 38643K->38643K(1085440K)
[32.744s][info][gc            ] GC(231) Pause Young (Concurrent Start) (G1 Humongous Allocation) 588M->14M(1342M) 1.900ms
[32.744s][info][gc,cpu        ] GC(231) User=0.01s Sys=0.00s Real=0.00s
[32.744s][info][safepoint     ] Leaving safepoint region
[32.744s][info][safepoint     ] Total time for which application threads were stopped: 0.0022917 seconds, Stopping threads took: 0.0000365 seconds
[32.744s][info][gc            ] GC(232) Concurrent Cycle
[32.744s][info][gc,marking    ] GC(232) Concurrent Clear Claimed Marks
[32.744s][info][gc,marking    ] GC(232) Concurrent Clear Claimed Marks 0.061ms
[32.744s][info][gc,marking    ] GC(232) Concurrent Scan Root Regions
[32.744s][info][gc,marking    ] GC(232) Concurrent Scan Root Regions 0.109ms
[32.744s][info][gc,marking    ] GC(232) Concurrent Mark (32.744s)
[32.744s][info][gc,marking    ] GC(232) Concurrent Mark From Roots
[32.744s][info][gc,task       ] GC(232) Using 2 workers of 2 for marking
[32.756s][info][gc,marking    ] GC(232) Concurrent Mark From Roots 11.864ms
[32.756s][info][gc,marking    ] GC(232) Concurrent Preclean
[32.756s][info][gc,marking    ] GC(232) Concurrent Preclean 0.171ms
[32.756s][info][gc,marking    ] GC(232) Concurrent Mark (32.744s, 32.756s) 12.116ms
[32.756s][info][safepoint     ] Application time: 0.0124905 seconds
[32.764s][info][safepoint     ] Entering safepoint region: CGC_Operation
[32.764s][info][gc,start      ] GC(232) Pause Remark
[32.767s][info][gc,stringtable] GC(232) Cleaned string and symbol table, strings: 20125 processed, 0 removed, symbols: 132174 processed, 0 removed
[32.767s][info][gc            ] GC(232) Pause Remark 397M->397M(1342M) 2.942ms
[32.767s][info][gc,cpu        ] GC(232) User=0.02s Sys=0.00s Real=0.01s
[32.767s][info][safepoint     ] Leaving safepoint region
[32.767s][info][safepoint     ] Total time for which application threads were stopped: 0.0104808 seconds, Stopping threads took: 0.0074070 seconds
[32.767s][info][gc,marking    ] GC(232) Concurrent Rebuild Remembered Sets
[32.777s][info][gc,marking    ] GC(232) Concurrent Rebuild Remembered Sets 9.680ms
[32.777s][info][safepoint     ] Application time: 0.0099232 seconds
[32.788s][info][safepoint     ] Entering safepoint region: CGC_Operation
[32.788s][info][gc,start      ] GC(232) Pause Cleanup
[32.788s][info][gc            ] GC(232) Pause Cleanup 588M->588M(1342M) 0.521ms
[32.788s][info][gc,cpu        ] GC(232) User=0.00s Sys=0.00s Real=0.00s
[32.788s][info][safepoint     ] Leaving safepoint region
[32.789s][info][safepoint     ] Total time for which application threads were stopped: 0.0116659 seconds, Stopping threads took: 0.0108314 seconds
[32.789s][info][gc,marking    ] GC(232) Concurrent Cleanup for Next Mark
[32.791s][info][gc,marking    ] GC(232) Concurrent Cleanup for Next Mark 2.409ms
[32.791s][info][gc            ] GC(232) Concurrent Cycle 47.144ms
[32.794s][info][safepoint     ] Application time: 0.0052579 seconds
[32.794s][info][safepoint     ] Entering safepoint region: G1CollectForAllocation
[32.794s][info][gc,start      ] GC(233) Pause Young (Concurrent Start) (G1 Humongous Allocation)
[32.794s][info][gc,task       ] GC(233) Using 8 workers of 8 for evacuation
[32.798s][info][gc,phases     ] GC(233)   Pre Evacuate Collection Set: 0.2ms
[32.798s][info][gc,phases     ] GC(233)   Evacuate Collection Set: 2.0ms
[32.798s][info][gc,phases     ] GC(233)   Post Evacuate Collection Set: 1.5ms
[32.798s][info][gc,phases     ] GC(233)   Other: 0.3ms
[32.798s][info][gc,heap       ] GC(233) Eden regions: 2->0(804)
[32.798s][info][gc,heap       ] GC(233) Survivor regions: 1->1(101)
[32.798s][info][gc,heap       ] GC(233) Old regions: 15->15
[32.798s][info][gc,heap       ] GC(233) Humongous regions: 573->0
[32.798s][info][gc,metaspace  ] GC(233) Metaspace: 38643K->38643K(1085440K)
[32.798s][info][gc            ] GC(233) Pause Young (Concurrent Start) (G1 Humongous Allocation) 588M->14M(1342M) 4.431ms
[32.798s][info][gc,cpu        ] GC(233) User=0.01s Sys=0.00s Real=0.01s
[32.798s][info][safepoint     ] Leaving safepoint region
[32.798s][info][safepoint     ] Total time for which application threads were stopped: 0.0046489 seconds, Stopping threads took: 0.0000170 seconds
[32.798s][info][gc            ] GC(234) Concurrent Cycle
[32.799s][info][gc,marking    ] GC(234) Concurrent Clear Claimed Marks
[32.799s][info][gc,marking    ] GC(234) Concurrent Clear Claimed Marks 0.407ms
[32.799s][info][gc,marking    ] GC(234) Concurrent Scan Root Regions
[32.799s][info][gc,marking    ] GC(234) Concurrent Scan Root Regions 0.171ms
[32.799s][info][gc,marking    ] GC(234) Concurrent Mark (32.799s)
[32.799s][info][gc,marking    ] GC(234) Concurrent Mark From Roots
[32.799s][info][gc,task       ] GC(234) Using 2 workers of 2 for marking
[32.821s][info][gc,marking    ] GC(234) Concurrent Mark From Roots 22.060ms
[32.821s][info][gc,marking    ] GC(234) Concurrent Preclean
[32.821s][info][gc,marking    ] GC(234) Concurrent Preclean 0.054ms
[32.821s][info][gc,marking    ] GC(234) Concurrent Mark (32.799s, 32.821s) 22.176ms
[32.821s][info][safepoint     ] Application time: 0.0229074 seconds
[32.821s][info][safepoint     ] Entering safepoint region: CGC_Operation
[32.822s][info][gc,start      ] GC(234) Pause Remark
[32.825s][info][gc,stringtable] GC(234) Cleaned string and symbol table, strings: 20125 processed, 0 removed, symbols: 132174 processed, 0 removed
[32.825s][info][gc            ] GC(234) Pause Remark 206M->206M(1342M) 3.716ms
[32.825s][info][gc,cpu        ] GC(234) User=0.02s Sys=0.00s Real=0.00s
[32.825s][info][safepoint     ] Leaving safepoint region
[32.825s][info][safepoint     ] Total time for which application threads were stopped: 0.0039049 seconds, Stopping threads took: 0.0000166 seconds
[32.825s][info][gc,marking    ] GC(234) Concurrent Rebuild Remembered Sets
[32.836s][info][gc,marking    ] GC(234) Concurrent Rebuild Remembered Sets 10.658ms
[32.836s][info][safepoint     ] Application time: 0.0108010 seconds
[32.836s][info][safepoint     ] Entering safepoint region: CGC_Operation
[32.836s][info][gc,start      ] GC(234) Pause Cleanup
[32.836s][info][gc            ] GC(234) Pause Cleanup 397M->397M(1342M) 0.180ms
[32.836s][info][gc,cpu        ] GC(234) User=0.00s Sys=0.00s Real=0.01s
[32.837s][info][safepoint     ] Leaving safepoint region
[32.837s][info][safepoint     ] Total time for which application threads were stopped: 0.0003570 seconds, Stopping threads took: 0.0000235 seconds
[32.837s][info][gc,marking    ] GC(234) Concurrent Cleanup for Next Mark
[32.838s][info][gc,marking    ] GC(234) Concurrent Cleanup for Next Mark 1.338ms
[32.838s][info][gc            ] GC(234) Concurrent Cycle 39.492ms
[32.856s][info][safepoint     ] Application time: 0.0193778 seconds
[32.856s][info][safepoint     ] Entering safepoint region: G1CollectForAllocation
[32.856s][info][gc,start      ] GC(235) Pause Young (Concurrent Start) (G1 Humongous Allocation)
[32.856s][info][gc,task       ] GC(235) Using 8 workers of 8 for evacuation
[32.858s][info][gc,phases     ] GC(235)   Pre Evacuate Collection Set: 0.1ms
[32.858s][info][gc,phases     ] GC(235)   Evacuate Collection Set: 1.4ms
[32.858s][info][gc,phases     ] GC(235)   Post Evacuate Collection Set: 0.4ms
[32.858s][info][gc,phases     ] GC(235)   Other: 0.2ms
[32.858s][info][gc,heap       ] GC(235) Eden regions: 1->0(804)
[32.858s][info][gc,heap       ] GC(235) Survivor regions: 1->1(101)
[32.858s][info][gc,heap       ] GC(235) Old regions: 15->15
[32.858s][info][gc,heap       ] GC(235) Humongous regions: 573->0
[32.858s][info][gc,metaspace  ] GC(235) Metaspace: 38643K->38643K(1085440K)
[32.858s][info][gc            ] GC(235) Pause Young (Concurrent Start) (G1 Humongous Allocation) 588M->14M(1342M) 2.137ms
[32.858s][info][gc,cpu        ] GC(235) User=0.00s Sys=0.00s Real=0.01s
[32.858s][info][safepoint     ] Leaving safepoint region
[32.858s][info][gc            ] GC(236) Concurrent Cycle
[32.858s][info][safepoint     ] Total time for which application threads were stopped: 0.0023607 seconds, Stopping threads took: 0.0000709 seconds
[32.858s][info][gc,marking    ] GC(236) Concurrent Clear Claimed Marks
[32.858s][info][gc,marking    ] GC(236) Concurrent Clear Claimed Marks 0.150ms
[32.859s][info][gc,marking    ] GC(236) Concurrent Scan Root Regions
[32.859s][info][gc,marking    ] GC(236) Concurrent Scan Root Regions 0.104ms
[32.859s][info][gc,marking    ] GC(236) Concurrent Mark (32.859s)
[32.859s][info][gc,marking    ] GC(236) Concurrent Mark From Roots
[32.859s][info][gc,task       ] GC(236) Using 2 workers of 2 for marking
[32.871s][info][gc,marking    ] GC(236) Concurrent Mark From Roots 12.472ms
[32.871s][info][gc,marking    ] GC(236) Concurrent Preclean
[32.871s][info][gc,marking    ] GC(236) Concurrent Preclean 0.048ms
[32.871s][info][gc,marking    ] GC(236) Concurrent Mark (32.859s, 32.871s) 12.589ms
[32.871s][info][safepoint     ] Application time: 0.0128981 seconds
[32.871s][info][safepoint     ] Entering safepoint region: CGC_Operation
[32.871s][info][gc,start      ] GC(236) Pause Remark
[32.873s][info][gc,stringtable] GC(236) Cleaned string and symbol table, strings: 20125 processed, 0 removed, symbols: 132174 processed, 0 removed
[32.873s][info][gc            ] GC(236) Pause Remark 206M->206M(1342M) 1.789ms
[32.873s][info][gc,cpu        ] GC(236) User=0.01s Sys=0.00s Real=0.00s
[32.873s][info][safepoint     ] Leaving safepoint region
[32.873s][info][safepoint     ] Total time for which application threads were stopped: 0.0019044 seconds, Stopping threads took: 0.0000158 seconds
[32.873s][info][gc,marking    ] GC(236) Concurrent Rebuild Remembered Sets
[32.881s][info][gc,marking    ] GC(236) Concurrent Rebuild Remembered Sets 8.140ms
[32.881s][info][safepoint     ] Application time: 0.0083114 seconds
[32.882s][info][safepoint     ] Entering safepoint region: CGC_Operation
[32.882s][info][gc,start      ] GC(236) Pause Cleanup
[32.882s][info][gc            ] GC(236) Pause Cleanup 397M->397M(1342M) 0.267ms
[32.882s][info][gc,cpu        ] GC(236) User=0.00s Sys=0.00s Real=0.00s
[32.882s][info][safepoint     ] Leaving safepoint region
[32.882s][info][safepoint     ] Total time for which application threads were stopped: 0.0004757 seconds, Stopping threads took: 0.0000488 seconds
[32.882s][info][gc,marking    ] GC(236) Concurrent Cleanup for Next Mark
[32.883s][info][gc,marking    ] GC(236) Concurrent Cleanup for Next Mark 1.220ms
[32.883s][info][gc            ] GC(236) Concurrent Cycle 24.967ms
[32.898s][info][safepoint     ] Application time: 0.0159645 seconds
[32.898s][info][safepoint     ] Entering safepoint region: G1CollectForAllocation
[32.898s][info][gc,start      ] GC(237) Pause Young (Concurrent Start) (G1 Humongous Allocation)
[32.898s][info][gc,task       ] GC(237) Using 8 workers of 8 for evacuation
[32.900s][info][gc,phases     ] GC(237)   Pre Evacuate Collection Set: 0.1ms
[32.900s][info][gc,phases     ] GC(237)   Evacuate Collection Set: 1.0ms
[32.900s][info][gc,phases     ] GC(237)   Post Evacuate Collection Set: 0.3ms
[32.900s][info][gc,phases     ] GC(237)   Other: 0.2ms
[32.900s][info][gc,heap       ] GC(237) Eden regions: 1->0(804)
[32.900s][info][gc,heap       ] GC(237) Survivor regions: 1->1(101)
[32.900s][info][gc,heap       ] GC(237) Old regions: 15->15
[32.900s][info][gc,heap       ] GC(237) Humongous regions: 573->0
[32.900s][info][gc,metaspace  ] GC(237) Metaspace: 38643K->38643K(1085440K)
[32.900s][info][gc            ] GC(237) Pause Young (Concurrent Start) (G1 Humongous Allocation) 588M->14M(1342M) 1.810ms
[32.900s][info][gc,cpu        ] GC(237) User=0.01s Sys=0.00s Real=0.00s
[32.900s][info][safepoint     ] Leaving safepoint region
[32.900s][info][safepoint     ] Total time for which application threads were stopped: 0.0019978 seconds, Stopping threads took: 0.0000183 seconds
[32.900s][info][gc            ] GC(238) Concurrent Cycle
[32.900s][info][gc,marking    ] GC(238) Concurrent Clear Claimed Marks
[32.900s][info][gc,marking    ] GC(238) Concurrent Clear Claimed Marks 0.077ms
[32.900s][info][gc,marking    ] GC(238) Concurrent Scan Root Regions
[32.900s][info][gc,marking    ] GC(238) Concurrent Scan Root Regions 0.070ms
[32.900s][info][gc,marking    ] GC(238) Concurrent Mark (32.900s)
[32.900s][info][gc,marking    ] GC(238) Concurrent Mark From Roots
[32.900s][info][gc,task       ] GC(238) Using 2 workers of 2 for marking
[32.911s][info][gc,marking    ] GC(238) Concurrent Mark From Roots 11.002ms
[32.911s][info][gc,marking    ] GC(238) Concurrent Preclean
[32.911s][info][gc,marking    ] GC(238) Concurrent Preclean 0.123ms
[32.911s][info][gc,marking    ] GC(238) Concurrent Mark (32.900s, 32.911s) 11.231ms
[32.911s][info][safepoint     ] Application time: 0.0114910 seconds
[32.912s][info][safepoint     ] Entering safepoint region: CGC_Operation
[32.912s][info][gc,start      ] GC(238) Pause Remark
[32.914s][info][gc,stringtable] GC(238) Cleaned string and symbol table, strings: 20125 processed, 0 removed, symbols: 132174 processed, 0 removed
[32.914s][info][gc            ] GC(238) Pause Remark 206M->206M(1342M) 2.598ms
[32.914s][info][gc,cpu        ] GC(238) User=0.01s Sys=0.00s Real=0.00s
[32.914s][info][safepoint     ] Leaving safepoint region
[32.914s][info][safepoint     ] Total time for which application threads were stopped: 0.0027822 seconds, Stopping threads took: 0.0000133 seconds
[32.914s][info][gc,marking    ] GC(238) Concurrent Rebuild Remembered Sets
[32.923s][info][gc,marking    ] GC(238) Concurrent Rebuild Remembered Sets 8.218ms
[32.923s][info][safepoint     ] Application time: 0.0083091 seconds
[32.923s][info][safepoint     ] Entering safepoint region: CGC_Operation
[32.923s][info][gc,start      ] GC(238) Pause Cleanup
[32.923s][info][gc            ] GC(238) Pause Cleanup 397M->397M(1342M) 0.205ms
[32.923s][info][gc,cpu        ] GC(238) User=0.00s Sys=0.00s Real=0.00s
[32.923s][info][safepoint     ] Leaving safepoint region
[32.923s][info][safepoint     ] Total time for which application threads were stopped: 0.0003790 seconds, Stopping threads took: 0.0000156 seconds
[32.923s][info][gc,marking    ] GC(238) Concurrent Cleanup for Next Mark
[32.924s][info][gc,marking    ] GC(238) Concurrent Cleanup for Next Mark 1.059ms
[32.924s][info][gc            ] GC(238) Concurrent Cycle 24.062ms
[32.942s][info][safepoint     ] Application time: 0.0189620 seconds
[32.942s][info][safepoint     ] Entering safepoint region: G1CollectForAllocation
[32.942s][info][gc,start      ] GC(239) Pause Young (Concurrent Start) (G1 Humongous Allocation)
[32.942s][info][gc,task       ] GC(239) Using 8 workers of 8 for evacuation
[32.944s][info][gc,phases     ] GC(239)   Pre Evacuate Collection Set: 0.1ms
[32.944s][info][gc,phases     ] GC(239)   Evacuate Collection Set: 0.9ms
[32.944s][info][gc,phases     ] GC(239)   Post Evacuate Collection Set: 0.4ms
[32.944s][info][gc,phases     ] GC(239)   Other: 0.2ms
[32.944s][info][gc,heap       ] GC(239) Eden regions: 1->0(804)
[32.944s][info][gc,heap       ] GC(239) Survivor regions: 1->1(101)
[32.944s][info][gc,heap       ] GC(239) Old regions: 15->15
[32.944s][info][gc,heap       ] GC(239) Humongous regions: 573->0
[32.944s][info][gc,metaspace  ] GC(239) Metaspace: 38643K->38643K(1085440K)
[32.944s][info][gc            ] GC(239) Pause Young (Concurrent Start) (G1 Humongous Allocation) 588M->14M(1342M) 1.751ms
[32.944s][info][gc,cpu        ] GC(239) User=0.00s Sys=0.00s Real=0.00s
[32.944s][info][safepoint     ] Leaving safepoint region
[32.944s][info][safepoint     ] Total time for which application threads were stopped: 0.0019717 seconds, Stopping threads took: 0.0000178 seconds
[32.944s][info][gc            ] GC(240) Concurrent Cycle
[32.944s][info][gc,marking    ] GC(240) Concurrent Clear Claimed Marks
[32.944s][info][gc,marking    ] GC(240) Concurrent Clear Claimed Marks 0.098ms
[32.944s][info][gc,marking    ] GC(240) Concurrent Scan Root Regions
[32.944s][info][gc,marking    ] GC(240) Concurrent Scan Root Regions 0.095ms
[32.944s][info][gc,marking    ] GC(240) Concurrent Mark (32.944s)
[32.944s][info][gc,marking    ] GC(240) Concurrent Mark From Roots
[32.944s][info][gc,task       ] GC(240) Using 2 workers of 2 for marking
[32.954s][info][gc,marking    ] GC(240) Concurrent Mark From Roots 9.926ms
[32.954s][info][gc,marking    ] GC(240) Concurrent Preclean
[32.954s][info][gc,marking    ] GC(240) Concurrent Preclean 0.065ms
[32.954s][info][gc,marking    ] GC(240) Concurrent Mark (32.944s, 32.954s) 10.102ms
[32.954s][info][safepoint     ] Application time: 0.0103806 seconds
[32.954s][info][safepoint     ] Entering safepoint region: CGC_Operation
[32.954s][info][gc,start      ] GC(240) Pause Remark
[32.956s][info][gc,stringtable] GC(240) Cleaned string and symbol table, strings: 20127 processed, 0 removed, symbols: 132174 processed, 0 removed
[32.957s][info][gc            ] GC(240) Pause Remark 206M->206M(1342M) 2.243ms
[32.957s][info][gc,cpu        ] GC(240) User=0.01s Sys=0.00s Real=0.01s
[32.957s][info][safepoint     ] Leaving safepoint region
[32.957s][info][safepoint     ] Total time for which application threads were stopped: 0.0023830 seconds, Stopping threads took: 0.0000160 seconds
[32.957s][info][gc,marking    ] GC(240) Concurrent Rebuild Remembered Sets
[32.964s][info][gc,marking    ] GC(240) Concurrent Rebuild Remembered Sets 7.149ms
[32.964s][info][safepoint     ] Application time: 0.0073177 seconds
[32.964s][info][safepoint     ] Entering safepoint region: CGC_Operation
[32.964s][info][gc,start      ] GC(240) Pause Cleanup
[32.964s][info][gc            ] GC(240) Pause Cleanup 397M->397M(1342M) 0.194ms
[32.964s][info][gc,cpu        ] GC(240) User=0.00s Sys=0.00s Real=0.00s
[32.964s][info][safepoint     ] Leaving safepoint region
[32.965s][info][safepoint     ] Total time for which application threads were stopped: 0.0003774 seconds, Stopping threads took: 0.0000143 seconds
[32.965s][info][gc,marking    ] GC(240) Concurrent Cleanup for Next Mark
[32.966s][info][gc,marking    ] GC(240) Concurrent Cleanup for Next Mark 1.030ms
[32.966s][info][gc            ] GC(240) Concurrent Cycle 21.585ms
[32.982s][info][safepoint     ] Application time: 0.0178234 seconds
[32.982s][info][safepoint     ] Entering safepoint region: G1CollectForAllocation
[32.983s][info][gc,start      ] GC(241) Pause Young (Concurrent Start) (G1 Humongous Allocation)
[32.983s][info][gc,task       ] GC(241) Using 8 workers of 8 for evacuation
[32.984s][info][gc,phases     ] GC(241)   Pre Evacuate Collection Set: 0.2ms
[32.984s][info][gc,phases     ] GC(241)   Evacuate Collection Set: 0.9ms
[32.984s][info][gc,phases     ] GC(241)   Post Evacuate Collection Set: 0.3ms
[32.984s][info][gc,phases     ] GC(241)   Other: 0.2ms
[32.984s][info][gc,heap       ] GC(241) Eden regions: 1->0(804)
[32.984s][info][gc,heap       ] GC(241) Survivor regions: 1->1(101)
[32.984s][info][gc,heap       ] GC(241) Old regions: 15->15
[32.984s][info][gc,heap       ] GC(241) Humongous regions: 573->0
[32.984s][info][gc,metaspace  ] GC(241) Metaspace: 38643K->38643K(1085440K)
[32.984s][info][gc            ] GC(241) Pause Young (Concurrent Start) (G1 Humongous Allocation) 588M->14M(1342M) 1.622ms
[32.984s][info][gc,cpu        ] GC(241) User=0.01s Sys=0.00s Real=0.00s
[32.984s][info][safepoint     ] Leaving safepoint region
[32.984s][info][safepoint     ] Total time for which application threads were stopped: 0.0018358 seconds, Stopping threads took: 0.0000179 seconds
[32.984s][info][gc            ] GC(242) Concurrent Cycle
[32.984s][info][gc,marking    ] GC(242) Concurrent Clear Claimed Marks
[32.984s][info][gc,marking    ] GC(242) Concurrent Clear Claimed Marks 0.050ms
[32.984s][info][gc,marking    ] GC(242) Concurrent Scan Root Regions
[32.984s][info][gc,marking    ] GC(242) Concurrent Scan Root Regions 0.096ms
[32.984s][info][gc,marking    ] GC(242) Concurrent Mark (32.984s)
[32.984s][info][gc,marking    ] GC(242) Concurrent Mark From Roots
[32.984s][info][gc,task       ] GC(242) Using 2 workers of 2 for marking
[32.994s][info][gc,marking    ] GC(242) Concurrent Mark From Roots 9.807ms
[32.994s][info][gc,marking    ] GC(242) Concurrent Preclean
[32.994s][info][gc,marking    ] GC(242) Concurrent Preclean 0.045ms
[32.994s][info][gc,marking    ] GC(242) Concurrent Mark (32.984s, 32.994s) 9.918ms
[32.994s][info][safepoint     ] Application time: 0.0101481 seconds
[32.994s][info][safepoint     ] Entering safepoint region: CGC_Operation
[32.995s][info][gc,start      ] GC(242) Pause Remark
[32.996s][info][gc,stringtable] GC(242) Cleaned string and symbol table, strings: 20127 processed, 0 removed, symbols: 132174 processed, 0 removed
[32.997s][info][gc            ] GC(242) Pause Remark 206M->206M(1342M) 2.054ms
[32.997s][info][gc,cpu        ] GC(242) User=0.02s Sys=0.00s Real=0.01s
[32.997s][info][safepoint     ] Leaving safepoint region
[32.997s][info][safepoint     ] Total time for which application threads were stopped: 0.0022220 seconds, Stopping threads took: 0.0000136 seconds
[32.997s][info][gc,marking    ] GC(242) Concurrent Rebuild Remembered Sets
[33.004s][info][gc,marking    ] GC(242) Concurrent Rebuild Remembered Sets 7.113ms
[33.004s][info][safepoint     ] Application time: 0.0073387 seconds
[33.004s][info][safepoint     ] Entering safepoint region: CGC_Operation
[33.004s][info][gc,start      ] GC(242) Pause Cleanup
[33.004s][info][gc            ] GC(242) Pause Cleanup 397M->397M(1342M) 0.209ms
[33.004s][info][gc,cpu        ] GC(242) User=0.00s Sys=0.00s Real=0.00s
[33.004s][info][safepoint     ] Leaving safepoint region
[33.004s][info][safepoint     ] Total time for which application threads were stopped: 0.0003892 seconds, Stopping threads took: 0.0000146 seconds
[33.004s][info][gc,marking    ] GC(242) Concurrent Cleanup for Next Mark
[33.006s][info][gc,marking    ] GC(242) Concurrent Cleanup for Next Mark 1.082ms
[33.006s][info][gc            ] GC(242) Concurrent Cycle 21.239ms
[33.028s][info][safepoint     ] Application time: 0.0231364 seconds
[33.028s][info][safepoint     ] Entering safepoint region: G1CollectForAllocation
[33.028s][info][gc,start      ] GC(243) Pause Young (Concurrent Start) (G1 Humongous Allocation)
[33.028s][info][gc,task       ] GC(243) Using 8 workers of 8 for evacuation
[33.030s][info][gc,phases     ] GC(243)   Pre Evacuate Collection Set: 0.1ms
[33.030s][info][gc,phases     ] GC(243)   Evacuate Collection Set: 1.1ms
[33.030s][info][gc,phases     ] GC(243)   Post Evacuate Collection Set: 0.9ms
[33.030s][info][gc,phases     ] GC(243)   Other: 0.3ms
[33.030s][info][gc,heap       ] GC(243) Eden regions: 1->0(804)
[33.030s][info][gc,heap       ] GC(243) Survivor regions: 1->1(101)
[33.030s][info][gc,heap       ] GC(243) Old regions: 15->15
[33.030s][info][gc,heap       ] GC(243) Humongous regions: 573->0
[33.030s][info][gc,metaspace  ] GC(243) Metaspace: 38643K->38643K(1085440K)
[33.030s][info][gc            ] GC(243) Pause Young (Concurrent Start) (G1 Humongous Allocation) 588M->14M(1342M) 2.690ms
[33.031s][info][gc,cpu        ] GC(243) User=0.01s Sys=0.00s Real=0.00s
[33.031s][info][safepoint     ] Leaving safepoint region
[33.031s][info][safepoint     ] Total time for which application threads were stopped: 0.0029191 seconds, Stopping threads took: 0.0000377 seconds
[33.031s][info][gc            ] GC(244) Concurrent Cycle
[33.031s][info][gc,marking    ] GC(244) Concurrent Clear Claimed Marks
[33.031s][info][gc,marking    ] GC(244) Concurrent Clear Claimed Marks 0.108ms
[33.031s][info][gc,marking    ] GC(244) Concurrent Scan Root Regions
[33.031s][info][gc,marking    ] GC(244) Concurrent Scan Root Regions 0.109ms
[33.031s][info][gc,marking    ] GC(244) Concurrent Mark (33.031s)
[33.031s][info][gc,marking    ] GC(244) Concurrent Mark From Roots
[33.031s][info][gc,task       ] GC(244) Using 2 workers of 2 for marking
[33.048s][info][gc,marking    ] GC(244) Concurrent Mark From Roots 16.927ms
[33.048s][info][gc,marking    ] GC(244) Concurrent Preclean
[33.048s][info][gc,marking    ] GC(244) Concurrent Preclean 0.105ms
[33.048s][info][gc,marking    ] GC(244) Concurrent Mark (33.031s, 33.048s) 17.156ms
[33.048s][info][safepoint     ] Application time: 0.0175490 seconds
[33.048s][info][safepoint     ] Entering safepoint region: CGC_Operation
[33.048s][info][gc,start      ] GC(244) Pause Remark
[33.051s][info][gc,stringtable] GC(244) Cleaned string and symbol table, strings: 20127 processed, 0 removed, symbols: 132174 processed, 0 removed
[33.051s][info][gc            ] GC(244) Pause Remark 206M->206M(1342M) 3.115ms
[33.051s][info][gc,cpu        ] GC(244) User=0.02s Sys=0.00s Real=0.00s
[33.051s][info][safepoint     ] Leaving safepoint region
[33.051s][info][safepoint     ] Total time for which application threads were stopped: 0.0033266 seconds, Stopping threads took: 0.0000282 seconds
[33.052s][info][gc,marking    ] GC(244) Concurrent Rebuild Remembered Sets
[33.061s][info][gc,marking    ] GC(244) Concurrent Rebuild Remembered Sets 9.891ms
[33.062s][info][safepoint     ] Application time: 0.0101378 seconds
[33.067s][info][safepoint     ] Entering safepoint region: CGC_Operation
[33.067s][info][gc,start      ] GC(244) Pause Cleanup
[33.067s][info][gc            ] GC(244) Pause Cleanup 397M->397M(1342M) 0.140ms
[33.067s][info][gc,cpu        ] GC(244) User=0.00s Sys=0.00s Real=0.00s
[33.067s][info][safepoint     ] Leaving safepoint region
[33.067s][info][safepoint     ] Total time for which application threads were stopped: 0.0055973 seconds, Stopping threads took: 0.0053277 seconds
[33.067s][info][gc,marking    ] GC(244) Concurrent Cleanup for Next Mark
[33.068s][info][gc,marking    ] GC(244) Concurrent Cleanup for Next Mark 1.100ms
[33.068s][info][gc            ] GC(244) Concurrent Cycle 37.866ms
[33.087s][info][safepoint     ] Application time: 0.0197421 seconds
[33.087s][info][safepoint     ] Entering safepoint region: G1CollectForAllocation
[33.087s][info][gc,start      ] GC(245) Pause Young (Concurrent Start) (G1 Humongous Allocation)
[33.087s][info][gc,task       ] GC(245) Using 8 workers of 8 for evacuation
[33.089s][info][gc,phases     ] GC(245)   Pre Evacuate Collection Set: 0.1ms
[33.089s][info][gc,phases     ] GC(245)   Evacuate Collection Set: 1.1ms
[33.089s][info][gc,phases     ] GC(245)   Post Evacuate Collection Set: 0.4ms
[33.089s][info][gc,phases     ] GC(245)   Other: 0.2ms
[33.089s][info][gc,heap       ] GC(245) Eden regions: 1->0(804)
[33.089s][info][gc,heap       ] GC(245) Survivor regions: 1->1(101)
[33.089s][info][gc,heap       ] GC(245) Old regions: 15->15
[33.089s][info][gc,heap       ] GC(245) Humongous regions: 573->0
[33.089s][info][gc,metaspace  ] GC(245) Metaspace: 38643K->38643K(1085440K)
[33.089s][info][gc            ] GC(245) Pause Young (Concurrent Start) (G1 Humongous Allocation) 588M->14M(1342M) 1.895ms
[33.089s][info][gc,cpu        ] GC(245) User=0.00s Sys=0.00s Real=0.00s
[33.089s][info][safepoint     ] Leaving safepoint region
[33.089s][info][safepoint     ] Total time for which application threads were stopped: 0.0021325 seconds, Stopping threads took: 0.0000224 seconds
[33.089s][info][gc            ] GC(246) Concurrent Cycle
[33.089s][info][gc,marking    ] GC(246) Concurrent Clear Claimed Marks
[33.089s][info][gc,marking    ] GC(246) Concurrent Clear Claimed Marks 0.105ms
[33.089s][info][gc,marking    ] GC(246) Concurrent Scan Root Regions
[33.089s][info][gc,marking    ] GC(246) Concurrent Scan Root Regions 0.067ms
[33.089s][info][gc,marking    ] GC(246) Concurrent Mark (33.089s)
[33.089s][info][gc,marking    ] GC(246) Concurrent Mark From Roots
[33.089s][info][gc,task       ] GC(246) Using 2 workers of 2 for marking
[33.100s][info][gc,marking    ] GC(246) Concurrent Mark From Roots 10.114ms
[33.100s][info][gc,marking    ] GC(246) Concurrent Preclean
[33.100s][info][gc,marking    ] GC(246) Concurrent Preclean 0.044ms
[33.100s][info][gc,marking    ] GC(246) Concurrent Mark (33.089s, 33.100s) 10.225ms
[33.100s][info][safepoint     ] Application time: 0.0105325 seconds
[33.100s][info][safepoint     ] Entering safepoint region: CGC_Operation
[33.100s][info][gc,start      ] GC(246) Pause Remark
[33.102s][info][gc,stringtable] GC(246) Cleaned string and symbol table, strings: 20127 processed, 0 removed, symbols: 132174 processed, 0 removed
[33.102s][info][gc            ] GC(246) Pause Remark 206M->206M(1342M) 2.198ms
[33.102s][info][gc,cpu        ] GC(246) User=0.01s Sys=0.00s Real=0.00s
[33.102s][info][safepoint     ] Leaving safepoint region
[33.102s][info][safepoint     ] Total time for which application threads were stopped: 0.0023919 seconds, Stopping threads took: 0.0000147 seconds
[33.102s][info][gc,marking    ] GC(246) Concurrent Rebuild Remembered Sets
[33.109s][info][gc,marking    ] GC(246) Concurrent Rebuild Remembered Sets 7.167ms
[33.109s][info][safepoint     ] Application time: 0.0073041 seconds
[33.109s][info][safepoint     ] Entering safepoint region: CGC_Operation
[33.110s][info][gc,start      ] GC(246) Pause Cleanup
[33.110s][info][gc            ] GC(246) Pause Cleanup 397M->397M(1342M) 0.226ms
[33.110s][info][gc,cpu        ] GC(246) User=0.00s Sys=0.00s Real=0.00s
[33.110s][info][safepoint     ] Leaving safepoint region
[33.110s][info][safepoint     ] Total time for which application threads were stopped: 0.0004021 seconds, Stopping threads took: 0.0000140 seconds
[33.110s][info][gc,marking    ] GC(246) Concurrent Cleanup for Next Mark
[33.111s][info][gc,marking    ] GC(246) Concurrent Cleanup for Next Mark 1.029ms
[33.111s][info][gc            ] GC(246) Concurrent Cycle 21.665ms
[33.127s][info][safepoint     ] Application time: 0.0176109 seconds
[33.128s][info][safepoint     ] Entering safepoint region: G1CollectForAllocation
[33.128s][info][gc,start      ] GC(247) Pause Young (Concurrent Start) (G1 Humongous Allocation)
[33.128s][info][gc,task       ] GC(247) Using 8 workers of 8 for evacuation
[33.130s][info][gc,phases     ] GC(247)   Pre Evacuate Collection Set: 0.2ms
[33.130s][info][gc,phases     ] GC(247)   Evacuate Collection Set: 1.2ms
[33.130s][info][gc,phases     ] GC(247)   Post Evacuate Collection Set: 0.4ms
[33.130s][info][gc,phases     ] GC(247)   Other: 0.2ms
[33.130s][info][gc,heap       ] GC(247) Eden regions: 1->0(804)
[33.130s][info][gc,heap       ] GC(247) Survivor regions: 1->1(101)
[33.130s][info][gc,heap       ] GC(247) Old regions: 15->15
[33.130s][info][gc,heap       ] GC(247) Humongous regions: 573->0
[33.130s][info][gc,metaspace  ] GC(247) Metaspace: 38643K->38643K(1085440K)
[33.130s][info][gc            ] GC(247) Pause Young (Concurrent Start) (G1 Humongous Allocation) 588M->14M(1342M) 2.102ms
[33.130s][info][gc,cpu        ] GC(247) User=0.01s Sys=0.00s Real=0.00s
[33.130s][info][safepoint     ] Leaving safepoint region
[33.130s][info][safepoint     ] Total time for which application threads were stopped: 0.0023573 seconds, Stopping threads took: 0.0000270 seconds
[33.130s][info][gc            ] GC(248) Concurrent Cycle
[33.130s][info][gc,marking    ] GC(248) Concurrent Clear Claimed Marks
[33.130s][info][gc,marking    ] GC(248) Concurrent Clear Claimed Marks 0.040ms
[33.130s][info][gc,marking    ] GC(248) Concurrent Scan Root Regions
[33.130s][info][gc,marking    ] GC(248) Concurrent Scan Root Regions 0.098ms
[33.130s][info][gc,marking    ] GC(248) Concurrent Mark (33.130s)
[33.130s][info][gc,marking    ] GC(248) Concurrent Mark From Roots
[33.130s][info][gc,task       ] GC(248) Using 2 workers of 2 for marking
[33.142s][info][gc,marking    ] GC(248) Concurrent Mark From Roots 11.797ms
[33.142s][info][gc,marking    ] GC(248) Concurrent Preclean
[33.142s][info][gc,marking    ] GC(248) Concurrent Preclean 0.049ms
[33.142s][info][gc,marking    ] GC(248) Concurrent Mark (33.130s, 33.142s) 11.920ms
[33.142s][info][safepoint     ] Application time: 0.0121725 seconds
[33.142s][info][safepoint     ] Entering safepoint region: CGC_Operation
[33.142s][info][gc,start      ] GC(248) Pause Remark
[33.144s][info][gc,stringtable] GC(248) Cleaned string and symbol table, strings: 20127 processed, 0 removed, symbols: 132174 processed, 0 removed
[33.145s][info][gc            ] GC(248) Pause Remark 206M->206M(1342M) 2.393ms
[33.145s][info][gc,cpu        ] GC(248) User=0.02s Sys=0.00s Real=0.00s
[33.145s][info][safepoint     ] Leaving safepoint region
[33.145s][info][safepoint     ] Total time for which application threads were stopped: 0.0025496 seconds, Stopping threads took: 0.0000149 seconds
[33.145s][info][gc,marking    ] GC(248) Concurrent Rebuild Remembered Sets
[33.152s][info][gc,marking    ] GC(248) Concurrent Rebuild Remembered Sets 7.026ms
[33.152s][info][safepoint     ] Application time: 0.0071182 seconds
[33.152s][info][safepoint     ] Entering safepoint region: CGC_Operation
[33.152s][info][gc,start      ] GC(248) Pause Cleanup
[33.152s][info][gc            ] GC(248) Pause Cleanup 397M->397M(1342M) 0.186ms
[33.152s][info][gc,cpu        ] GC(248) User=0.00s Sys=0.00s Real=0.00s
[33.152s][info][safepoint     ] Leaving safepoint region
[33.152s][info][safepoint     ] Total time for which application threads were stopped: 0.0003763 seconds, Stopping threads took: 0.0000153 seconds
[33.152s][info][gc,marking    ] GC(248) Concurrent Cleanup for Next Mark
[33.153s][info][gc,marking    ] GC(248) Concurrent Cleanup for Next Mark 1.325ms
[33.154s][info][gc            ] GC(248) Concurrent Cycle 23.636ms
[33.169s][info][safepoint     ] Application time: 0.0168931 seconds
[33.169s][info][safepoint     ] Entering safepoint region: G1CollectForAllocation
[33.169s][info][gc,start      ] GC(249) Pause Young (Concurrent Start) (G1 Humongous Allocation)
[33.169s][info][gc,task       ] GC(249) Using 8 workers of 8 for evacuation
[33.171s][info][gc,phases     ] GC(249)   Pre Evacuate Collection Set: 0.1ms
[33.171s][info][gc,phases     ] GC(249)   Evacuate Collection Set: 1.4ms
[33.171s][info][gc,phases     ] GC(249)   Post Evacuate Collection Set: 0.4ms
[33.171s][info][gc,phases     ] GC(249)   Other: 0.2ms
[33.171s][info][gc,heap       ] GC(249) Eden regions: 1->0(804)
[33.171s][info][gc,heap       ] GC(249) Survivor regions: 1->1(101)
[33.171s][info][gc,heap       ] GC(249) Old regions: 15->15
[33.171s][info][gc,heap       ] GC(249) Humongous regions: 573->0
[33.171s][info][gc,metaspace  ] GC(249) Metaspace: 38643K->38643K(1085440K)
[33.171s][info][gc            ] GC(249) Pause Young (Concurrent Start) (G1 Humongous Allocation) 588M->14M(1342M) 2.262ms
[33.171s][info][gc,cpu        ] GC(249) User=0.00s Sys=0.00s Real=0.00s
[33.171s][info][gc            ] GC(250) Concurrent Cycle
[33.171s][info][safepoint     ] Leaving safepoint region
[33.172s][info][gc,marking    ] GC(250) Concurrent Clear Claimed Marks
[33.172s][info][safepoint     ] Total time for which application threads were stopped: 0.0024745 seconds, Stopping threads took: 0.0000254 seconds
[33.172s][info][gc,marking    ] GC(250) Concurrent Clear Claimed Marks 0.314ms
[33.172s][info][gc,marking    ] GC(250) Concurrent Scan Root Regions
[33.172s][info][gc,marking    ] GC(250) Concurrent Scan Root Regions 0.098ms
[33.172s][info][gc,marking    ] GC(250) Concurrent Mark (33.172s)
[33.172s][info][gc,marking    ] GC(250) Concurrent Mark From Roots
[33.172s][info][gc,task       ] GC(250) Using 2 workers of 2 for marking
[33.189s][info][gc,marking    ] GC(250) Concurrent Mark From Roots 17.166ms
[33.189s][info][gc,marking    ] GC(250) Concurrent Preclean
[33.189s][info][gc,marking    ] GC(250) Concurrent Preclean 0.095ms
[33.189s][info][gc,marking    ] GC(250) Concurrent Mark (33.172s, 33.189s) 17.364ms
[33.189s][info][safepoint     ] Application time: 0.0178295 seconds
[33.195s][info][safepoint     ] Entering safepoint region: CGC_Operation
[33.195s][info][gc,start      ] GC(250) Pause Remark
[33.198s][info][gc,stringtable] GC(250) Cleaned string and symbol table, strings: 20127 processed, 0 removed, symbols: 132174 processed, 0 removed
[33.199s][info][gc            ] GC(250) Pause Remark 397M->397M(1342M) 3.735ms
[33.199s][info][gc,cpu        ] GC(250) User=0.02s Sys=0.00s Real=0.01s
[33.199s][info][safepoint     ] Leaving safepoint region
[33.199s][info][safepoint     ] Total time for which application threads were stopped: 0.0093939 seconds, Stopping threads took: 0.0053896 seconds
[33.199s][info][gc,marking    ] GC(250) Concurrent Rebuild Remembered Sets
[33.207s][info][gc,marking    ] GC(250) Concurrent Rebuild Remembered Sets 8.352ms
[33.207s][info][safepoint     ] Application time: 0.0084586 seconds
[33.211s][info][safepoint     ] Entering safepoint region: CGC_Operation
[33.212s][info][gc,start      ] GC(250) Pause Cleanup
[33.212s][info][gc            ] GC(250) Pause Cleanup 588M->588M(1342M) 0.212ms
[33.212s][info][gc,cpu        ] GC(250) User=0.00s Sys=0.00s Real=0.00s
[33.212s][info][safepoint     ] Leaving safepoint region
[33.212s][info][safepoint     ] Total time for which application threads were stopped: 0.0044716 seconds, Stopping threads took: 0.0040942 seconds
[33.212s][info][gc,marking    ] GC(250) Concurrent Cleanup for Next Mark
[33.213s][info][gc,marking    ] GC(250) Concurrent Cleanup for Next Mark 1.053ms
[33.213s][info][gc            ] GC(250) Concurrent Cycle 41.470ms
[33.218s][info][safepoint     ] Application time: 0.0064161 seconds
[33.218s][info][safepoint     ] Entering safepoint region: G1CollectForAllocation
[33.219s][info][gc,start      ] GC(251) Pause Young (Concurrent Start) (G1 Humongous Allocation)
[33.219s][info][gc,task       ] GC(251) Using 8 workers of 8 for evacuation
[33.220s][info][gc,phases     ] GC(251)   Pre Evacuate Collection Set: 0.1ms
[33.220s][info][gc,phases     ] GC(251)   Evacuate Collection Set: 0.9ms
[33.220s][info][gc,phases     ] GC(251)   Post Evacuate Collection Set: 0.4ms
[33.220s][info][gc,phases     ] GC(251)   Other: 0.3ms
[33.220s][info][gc,heap       ] GC(251) Eden regions: 1->0(804)
[33.220s][info][gc,heap       ] GC(251) Survivor regions: 1->1(101)
[33.220s][info][gc,heap       ] GC(251) Old regions: 15->15
[33.220s][info][gc,heap       ] GC(251) Humongous regions: 573->0
[33.220s][info][gc,metaspace  ] GC(251) Metaspace: 38643K->38643K(1085440K)
[33.220s][info][gc            ] GC(251) Pause Young (Concurrent Start) (G1 Humongous Allocation) 588M->14M(1342M) 1.663ms
[33.220s][info][gc,cpu        ] GC(251) User=0.01s Sys=0.00s Real=0.00s
[33.220s][info][safepoint     ] Leaving safepoint region
[33.220s][info][safepoint     ] Total time for which application threads were stopped: 0.0019200 seconds, Stopping threads took: 0.0000162 seconds
[33.220s][info][gc            ] GC(252) Concurrent Cycle
[33.220s][info][gc,marking    ] GC(252) Concurrent Clear Claimed Marks
[33.220s][info][gc,marking    ] GC(252) Concurrent Clear Claimed Marks 0.057ms
[33.220s][info][gc,marking    ] GC(252) Concurrent Scan Root Regions
[33.220s][info][gc,marking    ] GC(252) Concurrent Scan Root Regions 0.067ms
[33.220s][info][gc,marking    ] GC(252) Concurrent Mark (33.220s)
[33.220s][info][gc,marking    ] GC(252) Concurrent Mark From Roots
[33.220s][info][gc,task       ] GC(252) Using 2 workers of 2 for marking
[33.231s][info][gc,marking    ] GC(252) Concurrent Mark From Roots 10.169ms
[33.231s][info][gc,marking    ] GC(252) Concurrent Preclean
[33.231s][info][gc,marking    ] GC(252) Concurrent Preclean 0.046ms
[33.231s][info][gc,marking    ] GC(252) Concurrent Mark (33.220s, 33.231s) 10.335ms
[33.231s][info][safepoint     ] Application time: 0.0105728 seconds
[33.231s][info][safepoint     ] Entering safepoint region: CGC_Operation
[33.231s][info][gc,start      ] GC(252) Pause Remark
[33.233s][info][gc,stringtable] GC(252) Cleaned string and symbol table, strings: 20127 processed, 0 removed, symbols: 132174 processed, 0 removed
[33.233s][info][gc            ] GC(252) Pause Remark 206M->206M(1342M) 2.163ms
[33.233s][info][gc,cpu        ] GC(252) User=0.01s Sys=0.00s Real=0.00s
[33.233s][info][safepoint     ] Leaving safepoint region
[33.233s][info][safepoint     ] Total time for which application threads were stopped: 0.0023586 seconds, Stopping threads took: 0.0000126 seconds
[33.233s][info][gc,marking    ] GC(252) Concurrent Rebuild Remembered Sets
[33.242s][info][gc,marking    ] GC(252) Concurrent Rebuild Remembered Sets 8.249ms
[33.242s][info][safepoint     ] Application time: 0.0084754 seconds
[33.242s][info][safepoint     ] Entering safepoint region: CGC_Operation
[33.242s][info][gc,start      ] GC(252) Pause Cleanup
[33.242s][info][gc            ] GC(252) Pause Cleanup 397M->397M(1342M) 0.475ms
[33.242s][info][gc,cpu        ] GC(252) User=0.00s Sys=0.00s Real=0.00s
[33.242s][info][safepoint     ] Leaving safepoint region
[33.242s][info][safepoint     ] Total time for which application threads were stopped: 0.0006830 seconds, Stopping threads took: 0.0000179 seconds
[33.242s][info][gc,marking    ] GC(252) Concurrent Cleanup for Next Mark
[33.245s][info][gc,marking    ] GC(252) Concurrent Cleanup for Next Mark 2.513ms
[33.245s][info][gc            ] GC(252) Concurrent Cycle 24.689ms
[33.267s][info][safepoint     ] Application time: 0.0241443 seconds
[33.267s][info][safepoint     ] Entering safepoint region: G1CollectForAllocation
[33.267s][info][gc,start      ] GC(253) Pause Young (Concurrent Start) (G1 Humongous Allocation)
[33.267s][info][gc,task       ] GC(253) Using 8 workers of 8 for evacuation
[33.272s][info][gc,phases     ] GC(253)   Pre Evacuate Collection Set: 0.6ms
[33.272s][info][gc,phases     ] GC(253)   Evacuate Collection Set: 2.8ms
[33.272s][info][gc,phases     ] GC(253)   Post Evacuate Collection Set: 0.4ms
[33.272s][info][gc,phases     ] GC(253)   Other: 0.8ms
[33.272s][info][gc,heap       ] GC(253) Eden regions: 1->0(804)
[33.272s][info][gc,heap       ] GC(253) Survivor regions: 1->1(101)
[33.272s][info][gc,heap       ] GC(253) Old regions: 15->15
[33.272s][info][gc,heap       ] GC(253) Humongous regions: 573->0
[33.272s][info][gc,metaspace  ] GC(253) Metaspace: 38643K->38643K(1085440K)
[33.272s][info][gc            ] GC(253) Pause Young (Concurrent Start) (G1 Humongous Allocation) 588M->14M(1342M) 4.721ms
[33.272s][info][gc,cpu        ] GC(253) User=0.01s Sys=0.01s Real=0.00s
[33.272s][info][safepoint     ] Leaving safepoint region
[33.272s][info][safepoint     ] Total time for which application threads were stopped: 0.0053295 seconds, Stopping threads took: 0.0000976 seconds
[33.272s][info][gc            ] GC(254) Concurrent Cycle
[33.272s][info][gc,marking    ] GC(254) Concurrent Clear Claimed Marks
[33.272s][info][gc,marking    ] GC(254) Concurrent Clear Claimed Marks 0.338ms
[33.272s][info][gc,marking    ] GC(254) Concurrent Scan Root Regions
[33.273s][info][gc,marking    ] GC(254) Concurrent Scan Root Regions 0.213ms
[33.273s][info][gc,marking    ] GC(254) Concurrent Mark (33.273s)
[33.273s][info][gc,marking    ] GC(254) Concurrent Mark From Roots
[33.273s][info][gc,task       ] GC(254) Using 2 workers of 2 for marking
[33.293s][info][gc,marking    ] GC(254) Concurrent Mark From Roots 20.515ms
[33.293s][info][gc,marking    ] GC(254) Concurrent Preclean
[33.293s][info][gc,marking    ] GC(254) Concurrent Preclean 0.055ms
[33.293s][info][gc,marking    ] GC(254) Concurrent Mark (33.273s, 33.293s) 20.645ms
[33.293s][info][safepoint     ] Application time: 0.0214196 seconds
[33.293s][info][safepoint     ] Entering safepoint region: CGC_Operation
[33.293s][info][gc,start      ] GC(254) Pause Remark
[33.299s][info][gc,stringtable] GC(254) Cleaned string and symbol table, strings: 20127 processed, 0 removed, symbols: 132174 processed, 0 removed
[33.299s][info][gc            ] GC(254) Pause Remark 206M->206M(1342M) 5.831ms
[33.299s][info][gc,cpu        ] GC(254) User=0.02s Sys=0.00s Real=0.01s
[33.299s][info][safepoint     ] Leaving safepoint region
[33.299s][info][safepoint     ] Total time for which application threads were stopped: 0.0060530 seconds, Stopping threads took: 0.0000150 seconds
[33.299s][info][gc,marking    ] GC(254) Concurrent Rebuild Remembered Sets
[33.310s][info][gc,marking    ] GC(254) Concurrent Rebuild Remembered Sets 10.150ms
[33.310s][info][safepoint     ] Application time: 0.0102486 seconds
[33.310s][info][safepoint     ] Entering safepoint region: CGC_Operation
[33.310s][info][gc,start      ] GC(254) Pause Cleanup
[33.310s][info][gc            ] GC(254) Pause Cleanup 397M->397M(1342M) 0.140ms
[33.310s][info][gc,cpu        ] GC(254) User=0.00s Sys=0.00s Real=0.00s
[33.310s][info][safepoint     ] Leaving safepoint region
[33.310s][info][safepoint     ] Total time for which application threads were stopped: 0.0002767 seconds, Stopping threads took: 0.0000231 seconds
[33.310s][info][gc,marking    ] GC(254) Concurrent Cleanup for Next Mark
[33.312s][info][gc,marking    ] GC(254) Concurrent Cleanup for Next Mark 1.574ms
[33.312s][info][gc            ] GC(254) Concurrent Cycle 39.770ms
[33.327s][info][safepoint     ] Application time: 0.0173736 seconds
[33.327s][info][safepoint     ] Entering safepoint region: G1CollectForAllocation
[33.327s][info][gc,start      ] GC(255) Pause Young (Concurrent Start) (G1 Humongous Allocation)
[33.327s][info][gc,task       ] GC(255) Using 8 workers of 8 for evacuation
[33.329s][info][gc,phases     ] GC(255)   Pre Evacuate Collection Set: 0.1ms
[33.329s][info][gc,phases     ] GC(255)   Evacuate Collection Set: 0.8ms
[33.329s][info][gc,phases     ] GC(255)   Post Evacuate Collection Set: 0.3ms
[33.329s][info][gc,phases     ] GC(255)   Other: 0.1ms
[33.329s][info][gc,heap       ] GC(255) Eden regions: 1->0(804)
[33.329s][info][gc,heap       ] GC(255) Survivor regions: 1->1(101)
[33.329s][info][gc,heap       ] GC(255) Old regions: 15->15
[33.329s][info][gc,heap       ] GC(255) Humongous regions: 573->0
[33.329s][info][gc,metaspace  ] GC(255) Metaspace: 38643K->38643K(1085440K)
[33.329s][info][gc            ] GC(255) Pause Young (Concurrent Start) (G1 Humongous Allocation) 588M->14M(1342M) 1.402ms
[33.329s][info][gc,cpu        ] GC(255) User=0.01s Sys=0.00s Real=0.00s
[33.329s][info][safepoint     ] Leaving safepoint region
[33.329s][info][safepoint     ] Total time for which application threads were stopped: 0.0015175 seconds, Stopping threads took: 0.0000149 seconds
[33.329s][info][gc            ] GC(256) Concurrent Cycle
[33.329s][info][gc,marking    ] GC(256) Concurrent Clear Claimed Marks
[33.329s][info][gc,marking    ] GC(256) Concurrent Clear Claimed Marks 0.034ms
[33.329s][info][gc,marking    ] GC(256) Concurrent Scan Root Regions
[33.329s][info][gc,marking    ] GC(256) Concurrent Scan Root Regions 0.066ms
[33.329s][info][gc,marking    ] GC(256) Concurrent Mark (33.329s)
[33.329s][info][gc,marking    ] GC(256) Concurrent Mark From Roots
[33.329s][info][gc,task       ] GC(256) Using 2 workers of 2 for marking
[33.340s][info][gc,marking    ] GC(256) Concurrent Mark From Roots 10.823ms
[33.340s][info][gc,marking    ] GC(256) Concurrent Preclean
[33.340s][info][gc,marking    ] GC(256) Concurrent Preclean 0.102ms
[33.340s][info][gc,marking    ] GC(256) Concurrent Mark (33.329s, 33.340s) 11.044ms
[33.340s][info][safepoint     ] Application time: 0.0112516 seconds
[33.340s][info][safepoint     ] Entering safepoint region: CGC_Operation
[33.340s][info][gc,start      ] GC(256) Pause Remark
[33.342s][info][gc,stringtable] GC(256) Cleaned string and symbol table, strings: 20127 processed, 0 removed, symbols: 132174 processed, 0 removed
[33.343s][info][gc            ] GC(256) Pause Remark 206M->206M(1342M) 2.162ms
[33.343s][info][gc,cpu        ] GC(256) User=0.01s Sys=0.00s Real=0.00s
[33.343s][info][safepoint     ] Leaving safepoint region
[33.343s][info][safepoint     ] Total time for which application threads were stopped: 0.0023439 seconds, Stopping threads took: 0.0000149 seconds
[33.343s][info][gc,marking    ] GC(256) Concurrent Rebuild Remembered Sets
[33.350s][info][gc,marking    ] GC(256) Concurrent Rebuild Remembered Sets 7.091ms
[33.350s][info][safepoint     ] Application time: 0.0072010 seconds
[33.350s][info][safepoint     ] Entering safepoint region: CGC_Operation
[33.350s][info][gc,start      ] GC(256) Pause Cleanup
[33.350s][info][gc            ] GC(256) Pause Cleanup 397M->397M(1342M) 0.225ms
[33.350s][info][gc,cpu        ] GC(256) User=0.00s Sys=0.00s Real=0.00s
[33.350s][info][safepoint     ] Leaving safepoint region
[33.350s][info][safepoint     ] Total time for which application threads were stopped: 0.0003780 seconds, Stopping threads took: 0.0000151 seconds
[33.350s][info][gc,marking    ] GC(256) Concurrent Cleanup for Next Mark
[33.351s][info][gc,marking    ] GC(256) Concurrent Cleanup for Next Mark 1.023ms
[33.351s][info][gc            ] GC(256) Concurrent Cycle 22.354ms
[33.367s][info][safepoint     ] Application time: 0.0162904 seconds
[33.367s][info][safepoint     ] Entering safepoint region: G1CollectForAllocation
[33.367s][info][gc,start      ] GC(257) Pause Young (Concurrent Start) (G1 Humongous Allocation)
[33.367s][info][gc,task       ] GC(257) Using 8 workers of 8 for evacuation
[33.368s][info][gc,phases     ] GC(257)   Pre Evacuate Collection Set: 0.1ms
[33.369s][info][gc,phases     ] GC(257)   Evacuate Collection Set: 0.9ms
[33.369s][info][gc,phases     ] GC(257)   Post Evacuate Collection Set: 0.3ms
[33.369s][info][gc,phases     ] GC(257)   Other: 0.3ms
[33.369s][info][gc,heap       ] GC(257) Eden regions: 1->0(804)
[33.369s][info][gc,heap       ] GC(257) Survivor regions: 1->1(101)
[33.369s][info][gc,heap       ] GC(257) Old regions: 15->15
[33.369s][info][gc,heap       ] GC(257) Humongous regions: 573->0
[33.369s][info][gc,metaspace  ] GC(257) Metaspace: 38643K->38643K(1085440K)
[33.369s][info][gc            ] GC(257) Pause Young (Concurrent Start) (G1 Humongous Allocation) 588M->14M(1342M) 1.804ms
[33.369s][info][gc,cpu        ] GC(257) User=0.00s Sys=0.00s Real=0.00s
[33.369s][info][safepoint     ] Leaving safepoint region
[33.369s][info][safepoint     ] Total time for which application threads were stopped: 0.0020120 seconds, Stopping threads took: 0.0000475 seconds
[33.369s][info][gc            ] GC(258) Concurrent Cycle
[33.369s][info][gc,marking    ] GC(258) Concurrent Clear Claimed Marks
[33.369s][info][gc,marking    ] GC(258) Concurrent Clear Claimed Marks 0.055ms
[33.369s][info][gc,marking    ] GC(258) Concurrent Scan Root Regions
[33.369s][info][gc,marking    ] GC(258) Concurrent Scan Root Regions 0.143ms
[33.369s][info][gc,marking    ] GC(258) Concurrent Mark (33.369s)
[33.369s][info][gc,marking    ] GC(258) Concurrent Mark From Roots
[33.369s][info][gc,task       ] GC(258) Using 2 workers of 2 for marking
[33.379s][info][gc,marking    ] GC(258) Concurrent Mark From Roots 9.894ms
[33.379s][info][gc,marking    ] GC(258) Concurrent Preclean
[33.379s][info][gc,marking    ] GC(258) Concurrent Preclean 0.044ms
[33.379s][info][gc,marking    ] GC(258) Concurrent Mark (33.369s, 33.379s) 10.005ms
[33.379s][info][safepoint     ] Application time: 0.0103457 seconds
[33.379s][info][safepoint     ] Entering safepoint region: CGC_Operation
[33.379s][info][gc,start      ] GC(258) Pause Remark
[33.381s][info][gc,stringtable] GC(258) Cleaned string and symbol table, strings: 20127 processed, 0 removed, symbols: 132174 processed, 0 removed
[33.381s][info][gc            ] GC(258) Pause Remark 206M->206M(1342M) 2.304ms
[33.381s][info][gc,cpu        ] GC(258) User=0.01s Sys=0.00s Real=0.00s
[33.381s][info][safepoint     ] Leaving safepoint region
[33.381s][info][safepoint     ] Total time for which application threads were stopped: 0.0024693 seconds, Stopping threads took: 0.0000134 seconds
[33.382s][info][gc,marking    ] GC(258) Concurrent Rebuild Remembered Sets
[33.389s][info][gc,marking    ] GC(258) Concurrent Rebuild Remembered Sets 7.157ms
[33.389s][info][safepoint     ] Application time: 0.0072554 seconds
[33.389s][info][safepoint     ] Entering safepoint region: CGC_Operation
[33.389s][info][gc,start      ] GC(258) Pause Cleanup
[33.389s][info][gc            ] GC(258) Pause Cleanup 397M->397M(1342M) 0.183ms
[33.389s][info][gc,cpu        ] GC(258) User=0.00s Sys=0.00s Real=0.00s
[33.389s][info][safepoint     ] Leaving safepoint region
[33.389s][info][safepoint     ] Total time for which application threads were stopped: 0.0004054 seconds, Stopping threads took: 0.0000148 seconds
[33.389s][info][gc,marking    ] GC(258) Concurrent Cleanup for Next Mark
[33.390s][info][gc,marking    ] GC(258) Concurrent Cleanup for Next Mark 1.031ms
[33.390s][info][gc            ] GC(258) Concurrent Cycle 21.570ms
[33.407s][info][safepoint     ] Application time: 0.0173803 seconds
[33.407s][info][safepoint     ] Entering safepoint region: G1CollectForAllocation
[33.407s][info][gc,start      ] GC(259) Pause Young (Concurrent Start) (G1 Humongous Allocation)
[33.407s][info][gc,task       ] GC(259) Using 8 workers of 8 for evacuation
[33.408s][info][gc,phases     ] GC(259)   Pre Evacuate Collection Set: 0.1ms
[33.409s][info][gc,phases     ] GC(259)   Evacuate Collection Set: 1.0ms
[33.409s][info][gc,phases     ] GC(259)   Post Evacuate Collection Set: 0.3ms
[33.409s][info][gc,phases     ] GC(259)   Other: 0.2ms
[33.409s][info][gc,heap       ] GC(259) Eden regions: 1->0(804)
[33.409s][info][gc,heap       ] GC(259) Survivor regions: 1->1(101)
[33.409s][info][gc,heap       ] GC(259) Old regions: 15->15
[33.409s][info][gc,heap       ] GC(259) Humongous regions: 573->0
[33.409s][info][gc,metaspace  ] GC(259) Metaspace: 38643K->38643K(1085440K)
[33.409s][info][gc            ] GC(259) Pause Young (Concurrent Start) (G1 Humongous Allocation) 588M->14M(1342M) 1.718ms
[33.409s][info][gc,cpu        ] GC(259) User=0.01s Sys=0.00s Real=0.00s
[33.409s][info][safepoint     ] Leaving safepoint region
[33.409s][info][gc            ] GC(260) Concurrent Cycle
[33.409s][info][safepoint     ] Total time for which application threads were stopped: 0.0019978 seconds, Stopping threads took: 0.0000184 seconds
[33.409s][info][gc,marking    ] GC(260) Concurrent Clear Claimed Marks
[33.409s][info][gc,marking    ] GC(260) Concurrent Clear Claimed Marks 0.084ms
[33.409s][info][gc,marking    ] GC(260) Concurrent Scan Root Regions
[33.409s][info][gc,marking    ] GC(260) Concurrent Scan Root Regions 0.115ms
[33.409s][info][gc,marking    ] GC(260) Concurrent Mark (33.409s)
[33.409s][info][gc,marking    ] GC(260) Concurrent Mark From Roots
[33.409s][info][gc,task       ] GC(260) Using 2 workers of 2 for marking
[33.419s][info][gc,marking    ] GC(260) Concurrent Mark From Roots 10.515ms
[33.420s][info][gc,marking    ] GC(260) Concurrent Preclean
[33.420s][info][gc,marking    ] GC(260) Concurrent Preclean 0.044ms
[33.420s][info][gc,marking    ] GC(260) Concurrent Mark (33.409s, 33.420s) 10.683ms
[33.420s][info][safepoint     ] Application time: 0.0109543 seconds
[33.420s][info][safepoint     ] Entering safepoint region: CGC_Operation
[33.420s][info][gc,start      ] GC(260) Pause Remark
[33.422s][info][gc,stringtable] GC(260) Cleaned string and symbol table, strings: 20128 processed, 0 removed, symbols: 132174 processed, 0 removed
[33.422s][info][gc            ] GC(260) Pause Remark 206M->206M(1342M) 2.139ms
[33.422s][info][gc,cpu        ] GC(260) User=0.01s Sys=0.00s Real=0.00s
[33.422s][info][safepoint     ] Leaving safepoint region
[33.422s][info][safepoint     ] Total time for which application threads were stopped: 0.0023447 seconds, Stopping threads took: 0.0000128 seconds
[33.422s][info][gc,marking    ] GC(260) Concurrent Rebuild Remembered Sets
[33.429s][info][gc,marking    ] GC(260) Concurrent Rebuild Remembered Sets 7.012ms
[33.429s][info][safepoint     ] Application time: 0.0070909 seconds
[33.429s][info][safepoint     ] Entering safepoint region: CGC_Operation
[33.429s][info][gc,start      ] GC(260) Pause Cleanup
[33.429s][info][gc            ] GC(260) Pause Cleanup 397M->397M(1342M) 0.235ms
[33.430s][info][gc,cpu        ] GC(260) User=0.00s Sys=0.00s Real=0.00s
[33.430s][info][safepoint     ] Leaving safepoint region
[33.430s][info][safepoint     ] Total time for which application threads were stopped: 0.0004196 seconds, Stopping threads took: 0.0000137 seconds
[33.430s][info][gc,marking    ] GC(260) Concurrent Cleanup for Next Mark
[33.431s][info][gc,marking    ] GC(260) Concurrent Cleanup for Next Mark 1.083ms
[33.431s][info][gc            ] GC(260) Concurrent Cycle 22.011ms
[33.447s][info][safepoint     ] Application time: 0.0177596 seconds
[33.447s][info][safepoint     ] Entering safepoint region: G1CollectForAllocation
[33.448s][info][gc,start      ] GC(261) Pause Young (Concurrent Start) (G1 Humongous Allocation)
[33.448s][info][gc,task       ] GC(261) Using 8 workers of 8 for evacuation
[33.449s][info][gc,phases     ] GC(261)   Pre Evacuate Collection Set: 0.1ms
[33.449s][info][gc,phases     ] GC(261)   Evacuate Collection Set: 1.0ms
[33.449s][info][gc,phases     ] GC(261)   Post Evacuate Collection Set: 0.3ms
[33.449s][info][gc,phases     ] GC(261)   Other: 0.2ms
[33.449s][info][gc,heap       ] GC(261) Eden regions: 1->0(804)
[33.449s][info][gc,heap       ] GC(261) Survivor regions: 1->1(101)
[33.449s][info][gc,heap       ] GC(261) Old regions: 15->15
[33.449s][info][gc,heap       ] GC(261) Humongous regions: 573->0
[33.449s][info][gc,metaspace  ] GC(261) Metaspace: 38643K->38643K(1085440K)
[33.449s][info][gc            ] GC(261) Pause Young (Concurrent Start) (G1 Humongous Allocation) 588M->14M(1342M) 1.755ms
[33.449s][info][gc,cpu        ] GC(261) User=0.00s Sys=0.00s Real=0.00s
[33.449s][info][safepoint     ] Leaving safepoint region
[33.449s][info][safepoint     ] Total time for which application threads were stopped: 0.0019084 seconds, Stopping threads took: 0.0000223 seconds
[33.449s][info][gc            ] GC(262) Concurrent Cycle
[33.449s][info][gc,marking    ] GC(262) Concurrent Clear Claimed Marks
[33.449s][info][gc,marking    ] GC(262) Concurrent Clear Claimed Marks 0.037ms
[33.449s][info][gc,marking    ] GC(262) Concurrent Scan Root Regions
[33.449s][info][gc,marking    ] GC(262) Concurrent Scan Root Regions 0.084ms
[33.449s][info][gc,marking    ] GC(262) Concurrent Mark (33.449s)
[33.450s][info][gc,marking    ] GC(262) Concurrent Mark From Roots
[33.450s][info][gc,task       ] GC(262) Using 2 workers of 2 for marking
[33.460s][info][gc,marking    ] GC(262) Concurrent Mark From Roots 10.329ms
[33.460s][info][gc,marking    ] GC(262) Concurrent Preclean
[33.460s][info][gc,marking    ] GC(262) Concurrent Preclean 0.044ms
[33.460s][info][gc,marking    ] GC(262) Concurrent Mark (33.449s, 33.460s) 10.440ms
[33.460s][info][safepoint     ] Application time: 0.0106667 seconds
[33.460s][info][safepoint     ] Entering safepoint region: CGC_Operation
[33.460s][info][gc,start      ] GC(262) Pause Remark
[33.462s][info][gc,stringtable] GC(262) Cleaned string and symbol table, strings: 20128 processed, 0 removed, symbols: 132174 processed, 0 removed
[33.462s][info][gc            ] GC(262) Pause Remark 206M->206M(1342M) 2.242ms
[33.462s][info][gc,cpu        ] GC(262) User=0.02s Sys=0.00s Real=0.00s
[33.462s][info][safepoint     ] Leaving safepoint region
[33.462s][info][safepoint     ] Total time for which application threads were stopped: 0.0024351 seconds, Stopping threads took: 0.0000131 seconds
[33.462s][info][gc,marking    ] GC(262) Concurrent Rebuild Remembered Sets
[33.470s][info][gc,marking    ] GC(262) Concurrent Rebuild Remembered Sets 7.243ms
[33.470s][info][safepoint     ] Application time: 0.0074057 seconds
[33.470s][info][safepoint     ] Entering safepoint region: CGC_Operation
[33.470s][info][gc,start      ] GC(262) Pause Cleanup
[33.470s][info][gc            ] GC(262) Pause Cleanup 397M->397M(1342M) 0.203ms
[33.470s][info][gc,cpu        ] GC(262) User=0.00s Sys=0.00s Real=0.00s
[33.470s][info][safepoint     ] Leaving safepoint region
[33.470s][info][safepoint     ] Total time for which application threads were stopped: 0.0004216 seconds, Stopping threads took: 0.0000330 seconds
[33.470s][info][gc,marking    ] GC(262) Concurrent Cleanup for Next Mark
[33.471s][info][gc,marking    ] GC(262) Concurrent Cleanup for Next Mark 1.141ms
[33.471s][info][gc            ] GC(262) Concurrent Cycle 22.175ms
[33.488s][info][safepoint     ] Application time: 0.0176223 seconds
[33.488s][info][safepoint     ] Entering safepoint region: G1CollectForAllocation
[33.488s][info][gc,start      ] GC(263) Pause Young (Concurrent Start) (G1 Humongous Allocation)
[33.488s][info][gc,task       ] GC(263) Using 8 workers of 8 for evacuation
[33.492s][info][gc,phases     ] GC(263)   Pre Evacuate Collection Set: 0.2ms
[33.492s][info][gc,phases     ] GC(263)   Evacuate Collection Set: 2.2ms
[33.492s][info][gc,phases     ] GC(263)   Post Evacuate Collection Set: 1.4ms
[33.492s][info][gc,phases     ] GC(263)   Other: 0.3ms
[33.492s][info][gc,heap       ] GC(263) Eden regions: 1->0(804)
[33.492s][info][gc,heap       ] GC(263) Survivor regions: 1->1(101)
[33.492s][info][gc,heap       ] GC(263) Old regions: 15->15
[33.492s][info][gc,heap       ] GC(263) Humongous regions: 573->0
[33.492s][info][gc,metaspace  ] GC(263) Metaspace: 38643K->38643K(1085440K)
[33.492s][info][gc            ] GC(263) Pause Young (Concurrent Start) (G1 Humongous Allocation) 588M->14M(1342M) 4.233ms
[33.492s][info][gc,cpu        ] GC(263) User=0.00s Sys=0.00s Real=0.00s
[33.492s][info][safepoint     ] Leaving safepoint region
[33.492s][info][gc            ] GC(264) Concurrent Cycle
[33.492s][info][safepoint     ] Total time for which application threads were stopped: 0.0044254 seconds, Stopping threads took: 0.0000177 seconds
[33.492s][info][gc,marking    ] GC(264) Concurrent Clear Claimed Marks
[33.493s][info][gc,marking    ] GC(264) Concurrent Clear Claimed Marks 0.260ms
[33.493s][info][gc,marking    ] GC(264) Concurrent Scan Root Regions
[33.493s][info][gc,marking    ] GC(264) Concurrent Scan Root Regions 0.108ms
[33.493s][info][gc,marking    ] GC(264) Concurrent Mark (33.493s)
[33.493s][info][gc,marking    ] GC(264) Concurrent Mark From Roots
[33.493s][info][gc,task       ] GC(264) Using 2 workers of 2 for marking
[33.515s][info][gc,marking    ] GC(264) Concurrent Mark From Roots 22.130ms
[33.515s][info][gc,marking    ] GC(264) Concurrent Preclean
[33.515s][info][gc,marking    ] GC(264) Concurrent Preclean 0.245ms
[33.516s][info][gc,marking    ] GC(264) Concurrent Mark (33.493s, 33.516s) 22.695ms
[33.516s][info][safepoint     ] Application time: 0.0232453 seconds
[33.535s][info][safepoint     ] Entering safepoint region: CGC_Operation
[33.535s][info][gc,start      ] GC(264) Pause Remark
[33.539s][info][gc,stringtable] GC(264) Cleaned string and symbol table, strings: 20128 processed, 0 removed, symbols: 132174 processed, 0 removed
[33.539s][info][gc            ] GC(264) Pause Remark 397M->397M(1342M) 4.606ms
[33.539s][info][gc,cpu        ] GC(264) User=0.02s Sys=0.00s Real=0.01s
[33.539s][info][safepoint     ] Leaving safepoint region
[33.540s][info][safepoint     ] Total time for which application threads were stopped: 0.0237492 seconds, Stopping threads took: 0.0189764 seconds
[33.540s][info][gc,marking    ] GC(264) Concurrent Rebuild Remembered Sets
[33.548s][info][gc,marking    ] GC(264) Concurrent Rebuild Remembered Sets 8.173ms
[33.548s][info][safepoint     ] Application time: 0.0083144 seconds
[33.552s][info][safepoint     ] Entering safepoint region: CGC_Operation
[33.552s][info][gc,start      ] GC(264) Pause Cleanup
[33.552s][info][gc            ] GC(264) Pause Cleanup 588M->588M(1342M) 0.316ms
[33.553s][info][gc,cpu        ] GC(264) User=0.00s Sys=0.00s Real=0.00s
[33.553s][info][safepoint     ] Leaving safepoint region
[33.553s][info][safepoint     ] Total time for which application threads were stopped: 0.0046855 seconds, Stopping threads took: 0.0041975 seconds
[33.553s][info][gc,marking    ] GC(264) Concurrent Cleanup for Next Mark
[33.554s][info][gc,marking    ] GC(264) Concurrent Cleanup for Next Mark 1.379ms
[33.554s][info][gc            ] GC(264) Concurrent Cycle 61.636ms
[33.559s][info][safepoint     ] Application time: 0.0062058 seconds
[33.559s][info][safepoint     ] Entering safepoint region: G1CollectForAllocation
[33.559s][info][gc,start      ] GC(265) Pause Young (Concurrent Start) (G1 Humongous Allocation)
[33.559s][info][gc,task       ] GC(265) Using 8 workers of 8 for evacuation
[33.561s][info][gc,phases     ] GC(265)   Pre Evacuate Collection Set: 0.2ms
[33.561s][info][gc,phases     ] GC(265)   Evacuate Collection Set: 1.0ms
[33.561s][info][gc,phases     ] GC(265)   Post Evacuate Collection Set: 0.4ms
[33.561s][info][gc,phases     ] GC(265)   Other: 0.2ms
[33.561s][info][gc,heap       ] GC(265) Eden regions: 1->0(804)
[33.561s][info][gc,heap       ] GC(265) Survivor regions: 1->1(101)
[33.561s][info][gc,heap       ] GC(265) Old regions: 15->15
[33.561s][info][gc,heap       ] GC(265) Humongous regions: 573->0
[33.561s][info][gc,metaspace  ] GC(265) Metaspace: 38643K->38643K(1085440K)
[33.561s][info][gc            ] GC(265) Pause Young (Concurrent Start) (G1 Humongous Allocation) 588M->14M(1342M) 1.930ms
[33.561s][info][gc,cpu        ] GC(265) User=0.00s Sys=0.01s Real=0.00s
[33.561s][info][safepoint     ] Leaving safepoint region
[33.561s][info][safepoint     ] Total time for which application threads were stopped: 0.0022046 seconds, Stopping threads took: 0.0000178 seconds
[33.561s][info][gc            ] GC(266) Concurrent Cycle
[33.561s][info][gc,marking    ] GC(266) Concurrent Clear Claimed Marks
[33.561s][info][gc,marking    ] GC(266) Concurrent Clear Claimed Marks 0.044ms
[33.561s][info][gc,marking    ] GC(266) Concurrent Scan Root Regions
[33.561s][info][gc,marking    ] GC(266) Concurrent Scan Root Regions 0.068ms
[33.561s][info][gc,marking    ] GC(266) Concurrent Mark (33.561s)
[33.561s][info][gc,marking    ] GC(266) Concurrent Mark From Roots
[33.561s][info][gc,task       ] GC(266) Using 2 workers of 2 for marking
[33.572s][info][gc,marking    ] GC(266) Concurrent Mark From Roots 10.756ms
[33.572s][info][gc,marking    ] GC(266) Concurrent Preclean
[33.572s][info][gc,marking    ] GC(266) Concurrent Preclean 0.050ms
[33.572s][info][gc,marking    ] GC(266) Concurrent Mark (33.561s, 33.572s) 10.904ms
[33.572s][info][safepoint     ] Application time: 0.0111060 seconds
[33.572s][info][safepoint     ] Entering safepoint region: CGC_Operation
[33.572s][info][gc,start      ] GC(266) Pause Remark
[33.575s][info][gc,stringtable] GC(266) Cleaned string and symbol table, strings: 20128 processed, 0 removed, symbols: 132174 processed, 0 removed
[33.576s][info][gc            ] GC(266) Pause Remark 206M->206M(1342M) 3.105ms
[33.576s][info][gc,cpu        ] GC(266) User=0.02s Sys=0.00s Real=0.00s
[33.576s][info][safepoint     ] Leaving safepoint region
[33.576s][info][safepoint     ] Total time for which application threads were stopped: 0.0034164 seconds, Stopping threads took: 0.0000167 seconds
[33.576s][info][gc,marking    ] GC(266) Concurrent Rebuild Remembered Sets
[33.584s][info][gc,marking    ] GC(266) Concurrent Rebuild Remembered Sets 7.835ms
[33.584s][info][safepoint     ] Application time: 0.0079892 seconds
[33.584s][info][safepoint     ] Entering safepoint region: CGC_Operation
[33.584s][info][gc,start      ] GC(266) Pause Cleanup
[33.584s][info][gc            ] GC(266) Pause Cleanup 397M->397M(1342M) 0.209ms
[33.584s][info][gc,cpu        ] GC(266) User=0.00s Sys=0.00s Real=0.00s
[33.584s][info][safepoint     ] Leaving safepoint region
[33.584s][info][safepoint     ] Total time for which application threads were stopped: 0.0005017 seconds, Stopping threads took: 0.0000464 seconds
[33.584s][info][gc,marking    ] GC(266) Concurrent Cleanup for Next Mark
[33.585s][info][gc,marking    ] GC(266) Concurrent Cleanup for Next Mark 1.086ms
[33.585s][info][gc            ] GC(266) Concurrent Cycle 24.228ms
[33.601s][info][safepoint     ] Application time: 0.0168180 seconds
[33.601s][info][safepoint     ] Entering safepoint region: G1CollectForAllocation
[33.601s][info][gc,start      ] GC(267) Pause Young (Concurrent Start) (G1 Humongous Allocation)
[33.601s][info][gc,task       ] GC(267) Using 8 workers of 8 for evacuation
[33.603s][info][gc,phases     ] GC(267)   Pre Evacuate Collection Set: 0.1ms
[33.603s][info][gc,phases     ] GC(267)   Evacuate Collection Set: 1.0ms
[33.603s][info][gc,phases     ] GC(267)   Post Evacuate Collection Set: 0.4ms
[33.603s][info][gc,phases     ] GC(267)   Other: 0.2ms
[33.603s][info][gc,heap       ] GC(267) Eden regions: 1->0(804)
[33.603s][info][gc,heap       ] GC(267) Survivor regions: 1->1(101)
[33.603s][info][gc,heap       ] GC(267) Old regions: 15->15
[33.603s][info][gc,heap       ] GC(267) Humongous regions: 573->0
[33.603s][info][gc,metaspace  ] GC(267) Metaspace: 38643K->38643K(1085440K)
[33.603s][info][gc            ] GC(267) Pause Young (Concurrent Start) (G1 Humongous Allocation) 588M->14M(1342M) 1.869ms
[33.603s][info][gc,cpu        ] GC(267) User=0.00s Sys=0.00s Real=0.00s
[33.603s][info][safepoint     ] Leaving safepoint region
[33.603s][info][safepoint     ] Total time for which application threads were stopped: 0.0020685 seconds, Stopping threads took: 0.0000471 seconds
[33.603s][info][gc            ] GC(268) Concurrent Cycle
[33.603s][info][gc,marking    ] GC(268) Concurrent Clear Claimed Marks
[33.603s][info][gc,marking    ] GC(268) Concurrent Clear Claimed Marks 0.033ms
[33.603s][info][gc,marking    ] GC(268) Concurrent Scan Root Regions
[33.603s][info][gc,marking    ] GC(268) Concurrent Scan Root Regions 0.073ms
[33.603s][info][gc,marking    ] GC(268) Concurrent Mark (33.603s)
[33.603s][info][gc,marking    ] GC(268) Concurrent Mark From Roots
[33.603s][info][gc,task       ] GC(268) Using 2 workers of 2 for marking
[33.614s][info][gc,marking    ] GC(268) Concurrent Mark From Roots 10.571ms
[33.614s][info][gc,marking    ] GC(268) Concurrent Preclean
[33.614s][info][gc,marking    ] GC(268) Concurrent Preclean 0.047ms
[33.614s][info][gc,marking    ] GC(268) Concurrent Mark (33.603s, 33.614s) 10.750ms
[33.614s][info][safepoint     ] Application time: 0.0109869 seconds
[33.614s][info][safepoint     ] Entering safepoint region: CGC_Operation
[33.614s][info][gc,start      ] GC(268) Pause Remark
[33.616s][info][gc,stringtable] GC(268) Cleaned string and symbol table, strings: 20128 processed, 0 removed, symbols: 132174 processed, 0 removed
[33.617s][info][gc            ] GC(268) Pause Remark 206M->206M(1342M) 2.507ms
[33.617s][info][gc,cpu        ] GC(268) User=0.02s Sys=0.00s Real=0.01s
[33.617s][info][safepoint     ] Leaving safepoint region
[33.617s][info][safepoint     ] Total time for which application threads were stopped: 0.0027162 seconds, Stopping threads took: 0.0000156 seconds
[33.617s][info][gc,marking    ] GC(268) Concurrent Rebuild Remembered Sets
[33.624s][info][gc,marking    ] GC(268) Concurrent Rebuild Remembered Sets 7.008ms
[33.624s][info][safepoint     ] Application time: 0.0071390 seconds
[33.624s][info][safepoint     ] Entering safepoint region: CGC_Operation
[33.624s][info][gc,start      ] GC(268) Pause Cleanup
[33.624s][info][gc            ] GC(268) Pause Cleanup 397M->397M(1342M) 0.230ms
[33.624s][info][gc,cpu        ] GC(268) User=0.00s Sys=0.00s Real=0.00s
[33.624s][info][safepoint     ] Leaving safepoint region
[33.624s][info][safepoint     ] Total time for which application threads were stopped: 0.0004777 seconds, Stopping threads took: 0.0000161 seconds
[33.625s][info][gc,marking    ] GC(268) Concurrent Cleanup for Next Mark
[33.626s][info][gc,marking    ] GC(268) Concurrent Cleanup for Next Mark 1.078ms
[33.626s][info][gc            ] GC(268) Concurrent Cycle 22.469ms
[33.643s][info][safepoint     ] Application time: 0.0181440 seconds
[33.643s][info][safepoint     ] Entering safepoint region: G1CollectForAllocation
[33.643s][info][gc,start      ] GC(269) Pause Young (Concurrent Start) (G1 Humongous Allocation)
[33.643s][info][gc,task       ] GC(269) Using 8 workers of 8 for evacuation
[33.645s][info][gc,phases     ] GC(269)   Pre Evacuate Collection Set: 0.2ms
[33.645s][info][gc,phases     ] GC(269)   Evacuate Collection Set: 1.2ms
[33.645s][info][gc,phases     ] GC(269)   Post Evacuate Collection Set: 0.4ms
[33.645s][info][gc,phases     ] GC(269)   Other: 0.2ms
[33.645s][info][gc,heap       ] GC(269) Eden regions: 1->0(804)
[33.645s][info][gc,heap       ] GC(269) Survivor regions: 1->1(101)
[33.645s][info][gc,heap       ] GC(269) Old regions: 15->15
[33.645s][info][gc,heap       ] GC(269) Humongous regions: 573->0
[33.645s][info][gc,metaspace  ] GC(269) Metaspace: 38643K->38643K(1085440K)
[33.645s][info][gc            ] GC(269) Pause Young (Concurrent Start) (G1 Humongous Allocation) 588M->14M(1342M) 2.293ms
[33.645s][info][gc,cpu        ] GC(269) User=0.00s Sys=0.00s Real=0.00s
[33.645s][info][safepoint     ] Leaving safepoint region
[33.645s][info][gc            ] GC(270) Concurrent Cycle
[33.645s][info][safepoint     ] Total time for which application threads were stopped: 0.0024515 seconds, Stopping threads took: 0.0000183 seconds
[33.645s][info][gc,marking    ] GC(270) Concurrent Clear Claimed Marks
[33.645s][info][gc,marking    ] GC(270) Concurrent Clear Claimed Marks 0.176ms
[33.645s][info][gc,marking    ] GC(270) Concurrent Scan Root Regions
[33.645s][info][gc,marking    ] GC(270) Concurrent Scan Root Regions 0.080ms
[33.645s][info][gc,marking    ] GC(270) Concurrent Mark (33.645s)
[33.645s][info][gc,marking    ] GC(270) Concurrent Mark From Roots
[33.646s][info][gc,task       ] GC(270) Using 2 workers of 2 for marking
[33.661s][info][gc,marking    ] GC(270) Concurrent Mark From Roots 15.915ms
[33.662s][info][gc,marking    ] GC(270) Concurrent Preclean
[33.662s][info][gc,marking    ] GC(270) Concurrent Preclean 0.145ms
[33.662s][info][gc,marking    ] GC(270) Concurrent Mark (33.645s, 33.662s) 16.226ms
[33.662s][info][safepoint     ] Application time: 0.0166235 seconds
[33.667s][info][safepoint     ] Entering safepoint region: CGC_Operation
[33.667s][info][gc,start      ] GC(270) Pause Remark
[33.671s][info][gc,stringtable] GC(270) Cleaned string and symbol table, strings: 20128 processed, 0 removed, symbols: 132174 processed, 0 removed
[33.671s][info][gc            ] GC(270) Pause Remark 397M->397M(1342M) 3.785ms
[33.671s][info][gc,cpu        ] GC(270) User=0.02s Sys=0.00s Real=0.00s
[33.671s][info][safepoint     ] Leaving safepoint region
[33.671s][info][safepoint     ] Total time for which application threads were stopped: 0.0095496 seconds, Stopping threads took: 0.0055470 seconds
[33.671s][info][gc,marking    ] GC(270) Concurrent Rebuild Remembered Sets
[33.681s][info][gc,marking    ] GC(270) Concurrent Rebuild Remembered Sets 9.093ms
[33.681s][info][safepoint     ] Application time: 0.0092059 seconds
[33.684s][info][safepoint     ] Entering safepoint region: CGC_Operation
[33.684s][info][gc,start      ] GC(270) Pause Cleanup
[33.684s][info][gc            ] GC(270) Pause Cleanup 588M->588M(1342M) 0.117ms
[33.684s][info][gc,cpu        ] GC(270) User=0.00s Sys=0.00s Real=0.00s
[33.684s][info][safepoint     ] Leaving safepoint region
[33.684s][info][safepoint     ] Total time for which application threads were stopped: 0.0033455 seconds, Stopping threads took: 0.0030917 seconds
[33.684s][info][gc,marking    ] GC(270) Concurrent Cleanup for Next Mark
[33.685s][info][gc,marking    ] GC(270) Concurrent Cleanup for Next Mark 1.016ms
[33.685s][info][gc            ] GC(270) Concurrent Cycle 39.939ms
[33.690s][info][safepoint     ] Application time: 0.0064620 seconds
[33.691s][info][safepoint     ] Entering safepoint region: G1CollectForAllocation
[33.691s][info][gc,start      ] GC(271) Pause Young (Concurrent Start) (G1 Humongous Allocation)
[33.691s][info][gc,task       ] GC(271) Using 8 workers of 8 for evacuation
[33.692s][info][gc,phases     ] GC(271)   Pre Evacuate Collection Set: 0.2ms
[33.692s][info][gc,phases     ] GC(271)   Evacuate Collection Set: 0.9ms
[33.692s][info][gc,phases     ] GC(271)   Post Evacuate Collection Set: 0.4ms
[33.692s][info][gc,phases     ] GC(271)   Other: 0.2ms
[33.692s][info][gc,heap       ] GC(271) Eden regions: 1->0(804)
[33.693s][info][gc,heap       ] GC(271) Survivor regions: 1->1(101)
[33.693s][info][gc,heap       ] GC(271) Old regions: 15->15
[33.693s][info][gc,heap       ] GC(271) Humongous regions: 573->0
[33.693s][info][gc,metaspace  ] GC(271) Metaspace: 38643K->38643K(1085440K)
[33.693s][info][gc            ] GC(271) Pause Young (Concurrent Start) (G1 Humongous Allocation) 588M->14M(1342M) 1.893ms
[33.693s][info][gc,cpu        ] GC(271) User=0.01s Sys=0.00s Real=0.00s
[33.693s][info][safepoint     ] Leaving safepoint region
[33.693s][info][safepoint     ] Total time for which application threads were stopped: 0.0020750 seconds, Stopping threads took: 0.0000189 seconds
[33.693s][info][gc            ] GC(272) Concurrent Cycle
[33.693s][info][gc,marking    ] GC(272) Concurrent Clear Claimed Marks
[33.693s][info][gc,marking    ] GC(272) Concurrent Clear Claimed Marks 0.046ms
[33.693s][info][gc,marking    ] GC(272) Concurrent Scan Root Regions
[33.693s][info][gc,marking    ] GC(272) Concurrent Scan Root Regions 0.070ms
[33.693s][info][gc,marking    ] GC(272) Concurrent Mark (33.693s)
[33.693s][info][gc,marking    ] GC(272) Concurrent Mark From Roots
[33.693s][info][gc,task       ] GC(272) Using 2 workers of 2 for marking
[33.705s][info][gc,marking    ] GC(272) Concurrent Mark From Roots 12.371ms
[33.706s][info][gc,marking    ] GC(272) Concurrent Preclean
[33.706s][info][gc,marking    ] GC(272) Concurrent Preclean 0.151ms
[33.706s][info][gc,marking    ] GC(272) Concurrent Mark (33.693s, 33.706s) 12.790ms
[33.706s][info][safepoint     ] Application time: 0.0131725 seconds
[33.720s][info][safepoint     ] Entering safepoint region: CGC_Operation
[33.720s][info][gc,start      ] GC(272) Pause Remark
[33.724s][info][gc,stringtable] GC(272) Cleaned string and symbol table, strings: 20128 processed, 0 removed, symbols: 132174 processed, 0 removed
[33.724s][info][gc            ] GC(272) Pause Remark 397M->397M(1342M) 4.591ms
[33.725s][info][gc,cpu        ] GC(272) User=0.02s Sys=0.00s Real=0.00s
[33.725s][info][safepoint     ] Leaving safepoint region
[33.725s][info][safepoint     ] Total time for which application threads were stopped: 0.0186909 seconds, Stopping threads took: 0.0139298 seconds
[33.725s][info][gc,marking    ] GC(272) Concurrent Rebuild Remembered Sets
[33.734s][info][gc,marking    ] GC(272) Concurrent Rebuild Remembered Sets 9.652ms
[33.735s][info][safepoint     ] Application time: 0.0099243 seconds
[33.747s][info][safepoint     ] Entering safepoint region: CGC_Operation
[33.747s][info][gc,start      ] GC(272) Pause Cleanup
[33.747s][info][gc            ] GC(272) Pause Cleanup 588M->588M(1342M) 0.195ms
[33.747s][info][gc,cpu        ] GC(272) User=0.00s Sys=0.00s Real=0.00s
[33.747s][info][safepoint     ] Leaving safepoint region
[33.747s][info][safepoint     ] Total time for which application threads were stopped: 0.0128974 seconds, Stopping threads took: 0.0125267 seconds
[33.747s][info][gc,marking    ] GC(272) Concurrent Cleanup for Next Mark
[33.749s][info][gc,marking    ] GC(272) Concurrent Cleanup for Next Mark 1.956ms
[33.750s][info][gc            ] GC(272) Concurrent Cycle 56.927ms
[33.753s][info][safepoint     ] Application time: 0.0051764 seconds
[33.753s][info][safepoint     ] Entering safepoint region: G1CollectForAllocation
[33.753s][info][gc,start      ] GC(273) Pause Young (Concurrent Start) (G1 Humongous Allocation)
[33.753s][info][gc,task       ] GC(273) Using 8 workers of 8 for evacuation
[33.755s][info][gc,phases     ] GC(273)   Pre Evacuate Collection Set: 0.2ms
[33.756s][info][gc,phases     ] GC(273)   Evacuate Collection Set: 1.2ms
[33.756s][info][gc,phases     ] GC(273)   Post Evacuate Collection Set: 0.7ms
[33.756s][info][gc,phases     ] GC(273)   Other: 0.4ms
[33.756s][info][gc,heap       ] GC(273) Eden regions: 1->0(804)
[33.756s][info][gc,heap       ] GC(273) Survivor regions: 1->1(101)
[33.756s][info][gc,heap       ] GC(273) Old regions: 15->15
[33.756s][info][gc,heap       ] GC(273) Humongous regions: 573->0
[33.756s][info][gc,metaspace  ] GC(273) Metaspace: 38643K->38643K(1085440K)
[33.756s][info][gc            ] GC(273) Pause Young (Concurrent Start) (G1 Humongous Allocation) 588M->14M(1342M) 3.062ms
[33.756s][info][gc,cpu        ] GC(273) User=0.01s Sys=0.00s Real=0.00s
[33.756s][info][safepoint     ] Leaving safepoint region
[33.756s][info][gc            ] GC(274) Concurrent Cycle
[33.756s][info][safepoint     ] Total time for which application threads were stopped: 0.0034980 seconds, Stopping threads took: 0.0000660 seconds
[33.756s][info][gc,marking    ] GC(274) Concurrent Clear Claimed Marks
[33.757s][info][gc,marking    ] GC(274) Concurrent Clear Claimed Marks 0.466ms
[33.757s][info][gc,marking    ] GC(274) Concurrent Scan Root Regions
[33.757s][info][gc,marking    ] GC(274) Concurrent Scan Root Regions 0.258ms
[33.757s][info][gc,marking    ] GC(274) Concurrent Mark (33.757s)
[33.757s][info][gc,marking    ] GC(274) Concurrent Mark From Roots
[33.757s][info][gc,task       ] GC(274) Using 2 workers of 2 for marking
[33.772s][info][gc,marking    ] GC(274) Concurrent Mark From Roots 14.470ms
[33.772s][info][gc,marking    ] GC(274) Concurrent Preclean
[33.772s][info][gc,marking    ] GC(274) Concurrent Preclean 0.061ms
[33.772s][info][gc,marking    ] GC(274) Concurrent Mark (33.757s, 33.772s) 14.628ms
[33.772s][info][safepoint     ] Application time: 0.0155339 seconds
[33.778s][info][safepoint     ] Entering safepoint region: CGC_Operation
[33.778s][info][gc,start      ] GC(274) Pause Remark
[33.780s][info][gc,stringtable] GC(274) Cleaned string and symbol table, strings: 20128 processed, 0 removed, symbols: 132174 processed, 0 removed
[33.780s][info][gc            ] GC(274) Pause Remark 397M->397M(1342M) 2.183ms
[33.780s][info][gc,cpu        ] GC(274) User=0.02s Sys=0.00s Real=0.00s
[33.780s][info][safepoint     ] Leaving safepoint region
[33.780s][info][safepoint     ] Total time for which application threads were stopped: 0.0083216 seconds, Stopping threads took: 0.0059651 seconds
[33.780s][info][gc,marking    ] GC(274) Concurrent Rebuild Remembered Sets
[33.788s][info][gc,marking    ] GC(274) Concurrent Rebuild Remembered Sets 7.303ms
[33.788s][info][safepoint     ] Application time: 0.0074305 seconds
[33.792s][info][safepoint     ] Entering safepoint region: CGC_Operation
[33.793s][info][gc,start      ] GC(274) Pause Cleanup
[33.793s][info][gc            ] GC(274) Pause Cleanup 588M->588M(1342M) 0.222ms
[33.793s][info][gc,cpu        ] GC(274) User=0.00s Sys=0.00s Real=0.00s
[33.793s][info][safepoint     ] Leaving safepoint region
[33.793s][info][safepoint     ] Total time for which application threads were stopped: 0.0051015 seconds, Stopping threads took: 0.0047462 seconds
[33.793s][info][gc,marking    ] GC(274) Concurrent Cleanup for Next Mark
[33.794s][info][gc,marking    ] GC(274) Concurrent Cleanup for Next Mark 1.055ms
[33.794s][info][gc            ] GC(274) Concurrent Cycle 37.754ms
[33.799s][info][safepoint     ] Application time: 0.0064748 seconds
[33.799s][info][safepoint     ] Entering safepoint region: G1CollectForAllocation
[33.800s][info][gc,start      ] GC(275) Pause Young (Concurrent Start) (G1 Humongous Allocation)
[33.800s][info][gc,task       ] GC(275) Using 8 workers of 8 for evacuation
[33.801s][info][gc,phases     ] GC(275)   Pre Evacuate Collection Set: 0.1ms
[33.801s][info][gc,phases     ] GC(275)   Evacuate Collection Set: 1.1ms
[33.801s][info][gc,phases     ] GC(275)   Post Evacuate Collection Set: 0.5ms
[33.801s][info][gc,phases     ] GC(275)   Other: 0.2ms
[33.801s][info][gc,heap       ] GC(275) Eden regions: 2->0(804)
[33.801s][info][gc,heap       ] GC(275) Survivor regions: 1->1(101)
[33.802s][info][gc,heap       ] GC(275) Old regions: 15->15
[33.802s][info][gc,heap       ] GC(275) Humongous regions: 573->0
[33.802s][info][gc,metaspace  ] GC(275) Metaspace: 38643K->38643K(1085440K)
[33.802s][info][gc            ] GC(275) Pause Young (Concurrent Start) (G1 Humongous Allocation) 588M->14M(1342M) 2.020ms
[33.802s][info][gc,cpu        ] GC(275) User=0.01s Sys=0.00s Real=0.00s
[33.802s][info][safepoint     ] Leaving safepoint region
[33.802s][info][safepoint     ] Total time for which application threads were stopped: 0.0022355 seconds, Stopping threads took: 0.0000195 seconds
[33.802s][info][gc            ] GC(276) Concurrent Cycle
[33.802s][info][gc,marking    ] GC(276) Concurrent Clear Claimed Marks
[33.802s][info][gc,marking    ] GC(276) Concurrent Clear Claimed Marks 0.050ms
[33.802s][info][gc,marking    ] GC(276) Concurrent Scan Root Regions
[33.802s][info][gc,marking    ] GC(276) Concurrent Scan Root Regions 0.069ms
[33.802s][info][gc,marking    ] GC(276) Concurrent Mark (33.802s)
[33.802s][info][gc,marking    ] GC(276) Concurrent Mark From Roots
[33.802s][info][gc,task       ] GC(276) Using 2 workers of 2 for marking
[33.812s][info][gc,marking    ] GC(276) Concurrent Mark From Roots 9.912ms
[33.812s][info][gc,marking    ] GC(276) Concurrent Preclean
[33.812s][info][gc,marking    ] GC(276) Concurrent Preclean 0.046ms
[33.812s][info][gc,marking    ] GC(276) Concurrent Mark (33.802s, 33.812s) 10.036ms
[33.812s][info][safepoint     ] Application time: 0.0102695 seconds
[33.812s][info][safepoint     ] Entering safepoint region: CGC_Operation
[33.812s][info][gc,start      ] GC(276) Pause Remark
[33.814s][info][gc,stringtable] GC(276) Cleaned string and symbol table, strings: 20128 processed, 0 removed, symbols: 132174 processed, 0 removed
[33.814s][info][gc            ] GC(276) Pause Remark 206M->206M(1342M) 2.042ms
[33.814s][info][gc,cpu        ] GC(276) User=0.01s Sys=0.00s Real=0.00s
[33.814s][info][safepoint     ] Leaving safepoint region
[33.814s][info][safepoint     ] Total time for which application threads were stopped: 0.0022487 seconds, Stopping threads took: 0.0000158 seconds
[33.814s][info][gc,marking    ] GC(276) Concurrent Rebuild Remembered Sets
[33.821s][info][gc,marking    ] GC(276) Concurrent Rebuild Remembered Sets 7.135ms
[33.821s][info][safepoint     ] Application time: 0.0073447 seconds
[33.822s][info][safepoint     ] Entering safepoint region: CGC_Operation
[33.822s][info][gc,start      ] GC(276) Pause Cleanup
[33.822s][info][gc            ] GC(276) Pause Cleanup 397M->397M(1342M) 0.210ms
[33.822s][info][gc,cpu        ] GC(276) User=0.01s Sys=0.00s Real=0.00s
[33.822s][info][safepoint     ] Leaving safepoint region
[33.822s][info][safepoint     ] Total time for which application threads were stopped: 0.0004494 seconds, Stopping threads took: 0.0000169 seconds
[33.822s][info][gc,marking    ] GC(276) Concurrent Cleanup for Next Mark
[33.823s][info][gc,marking    ] GC(276) Concurrent Cleanup for Next Mark 1.033ms
[33.823s][info][gc            ] GC(276) Concurrent Cycle 21.424ms
[33.838s][info][safepoint     ] Application time: 0.0164314 seconds
[33.839s][info][safepoint     ] Entering safepoint region: G1CollectForAllocation
[33.839s][info][gc,start      ] GC(277) Pause Young (Concurrent Start) (G1 Humongous Allocation)
[33.839s][info][gc,task       ] GC(277) Using 8 workers of 8 for evacuation
[33.840s][info][gc,phases     ] GC(277)   Pre Evacuate Collection Set: 0.1ms
[33.840s][info][gc,phases     ] GC(277)   Evacuate Collection Set: 1.0ms
[33.840s][info][gc,phases     ] GC(277)   Post Evacuate Collection Set: 0.4ms
[33.841s][info][gc,phases     ] GC(277)   Other: 0.2ms
[33.841s][info][gc,heap       ] GC(277) Eden regions: 1->0(804)
[33.841s][info][gc,heap       ] GC(277) Survivor regions: 1->1(101)
[33.841s][info][gc,heap       ] GC(277) Old regions: 15->15
[33.841s][info][gc,heap       ] GC(277) Humongous regions: 573->0
[33.841s][info][gc,metaspace  ] GC(277) Metaspace: 38643K->38643K(1085440K)
[33.841s][info][gc            ] GC(277) Pause Young (Concurrent Start) (G1 Humongous Allocation) 588M->14M(1342M) 1.998ms
[33.841s][info][gc,cpu        ] GC(277) User=0.01s Sys=0.00s Real=0.00s
[33.841s][info][safepoint     ] Leaving safepoint region
[33.841s][info][safepoint     ] Total time for which application threads were stopped: 0.0021971 seconds, Stopping threads took: 0.0000225 seconds
[33.841s][info][gc            ] GC(278) Concurrent Cycle
[33.841s][info][gc,marking    ] GC(278) Concurrent Clear Claimed Marks
[33.841s][info][gc,marking    ] GC(278) Concurrent Clear Claimed Marks 0.036ms
[33.841s][info][gc,marking    ] GC(278) Concurrent Scan Root Regions
[33.841s][info][gc,marking    ] GC(278) Concurrent Scan Root Regions 0.079ms
[33.841s][info][gc,marking    ] GC(278) Concurrent Mark (33.841s)
[33.841s][info][gc,marking    ] GC(278) Concurrent Mark From Roots
[33.841s][info][gc,task       ] GC(278) Using 2 workers of 2 for marking
[33.851s][info][gc,marking    ] GC(278) Concurrent Mark From Roots 9.795ms
[33.851s][info][gc,marking    ] GC(278) Concurrent Preclean
[33.851s][info][gc,marking    ] GC(278) Concurrent Preclean 0.047ms
[33.851s][info][gc,marking    ] GC(278) Concurrent Mark (33.841s, 33.851s) 9.918ms
[33.851s][info][safepoint     ] Application time: 0.0101348 seconds
[33.851s][info][safepoint     ] Entering safepoint region: CGC_Operation
[33.851s][info][gc,start      ] GC(278) Pause Remark
[33.853s][info][gc,stringtable] GC(278) Cleaned string and symbol table, strings: 20128 processed, 0 removed, symbols: 132174 processed, 0 removed
[33.853s][info][gc            ] GC(278) Pause Remark 206M->206M(1342M) 2.185ms
[33.853s][info][gc,cpu        ] GC(278) User=0.01s Sys=0.00s Real=0.00s
[33.853s][info][safepoint     ] Leaving safepoint region
[33.853s][info][safepoint     ] Total time for which application threads were stopped: 0.0023895 seconds, Stopping threads took: 0.0000151 seconds
[33.853s][info][gc,marking    ] GC(278) Concurrent Rebuild Remembered Sets
[33.860s][info][gc,marking    ] GC(278) Concurrent Rebuild Remembered Sets 7.039ms
[33.860s][info][safepoint     ] Application time: 0.0071326 seconds
[33.860s][info][safepoint     ] Entering safepoint region: CGC_Operation
[33.860s][info][gc,start      ] GC(278) Pause Cleanup
[33.861s][info][gc            ] GC(278) Pause Cleanup 397M->397M(1342M) 0.227ms
[33.861s][info][gc,cpu        ] GC(278) User=0.00s Sys=0.00s Real=0.00s
[33.861s][info][safepoint     ] Leaving safepoint region
[33.861s][info][safepoint     ] Total time for which application threads were stopped: 0.0003859 seconds, Stopping threads took: 0.0000157 seconds
[33.861s][info][gc,marking    ] GC(278) Concurrent Cleanup for Next Mark
[33.862s][info][gc,marking    ] GC(278) Concurrent Cleanup for Next Mark 1.034ms
[33.862s][info][gc            ] GC(278) Concurrent Cycle 21.154ms
[33.877s][info][safepoint     ] Application time: 0.0161115 seconds
[33.877s][info][safepoint     ] Entering safepoint region: G1CollectForAllocation
[33.877s][info][gc,start      ] GC(279) Pause Young (Concurrent Start) (G1 Humongous Allocation)
[33.877s][info][gc,task       ] GC(279) Using 8 workers of 8 for evacuation
[33.879s][info][gc,phases     ] GC(279)   Pre Evacuate Collection Set: 0.1ms
[33.879s][info][gc,phases     ] GC(279)   Evacuate Collection Set: 0.9ms
[33.879s][info][gc,phases     ] GC(279)   Post Evacuate Collection Set: 0.4ms
[33.879s][info][gc,phases     ] GC(279)   Other: 0.2ms
[33.879s][info][gc,heap       ] GC(279) Eden regions: 1->0(804)
[33.879s][info][gc,heap       ] GC(279) Survivor regions: 1->1(101)
[33.879s][info][gc,heap       ] GC(279) Old regions: 15->15
[33.879s][info][gc,heap       ] GC(279) Humongous regions: 573->0
[33.879s][info][gc,metaspace  ] GC(279) Metaspace: 38643K->38643K(1085440K)
[33.879s][info][gc            ] GC(279) Pause Young (Concurrent Start) (G1 Humongous Allocation) 588M->14M(1342M) 1.726ms
[33.879s][info][gc,cpu        ] GC(279) User=0.00s Sys=0.00s Real=0.00s
[33.879s][info][safepoint     ] Leaving safepoint region
[33.879s][info][safepoint     ] Total time for which application threads were stopped: 0.0018795 seconds, Stopping threads took: 0.0000227 seconds
[33.879s][info][gc            ] GC(280) Concurrent Cycle
[33.879s][info][gc,marking    ] GC(280) Concurrent Clear Claimed Marks
[33.879s][info][gc,marking    ] GC(280) Concurrent Clear Claimed Marks 0.033ms
[33.879s][info][gc,marking    ] GC(280) Concurrent Scan Root Regions
[33.879s][info][gc,marking    ] GC(280) Concurrent Scan Root Regions 0.102ms
[33.879s][info][gc,marking    ] GC(280) Concurrent Mark (33.879s)
[33.879s][info][gc,marking    ] GC(280) Concurrent Mark From Roots
[33.879s][info][gc,task       ] GC(280) Using 2 workers of 2 for marking
[33.889s][info][gc,marking    ] GC(280) Concurrent Mark From Roots 10.336ms
[33.890s][info][gc,marking    ] GC(280) Concurrent Preclean
[33.890s][info][gc,marking    ] GC(280) Concurrent Preclean 0.051ms
[33.890s][info][gc,marking    ] GC(280) Concurrent Mark (33.879s, 33.890s) 10.514ms
[33.890s][info][safepoint     ] Application time: 0.0108054 seconds
[33.890s][info][safepoint     ] Entering safepoint region: CGC_Operation
[33.890s][info][gc,start      ] GC(280) Pause Remark
[33.892s][info][gc,stringtable] GC(280) Cleaned string and symbol table, strings: 20128 processed, 0 removed, symbols: 132174 processed, 0 removed
[33.892s][info][gc            ] GC(280) Pause Remark 206M->206M(1342M) 2.326ms
[33.892s][info][gc,cpu        ] GC(280) User=0.01s Sys=0.00s Real=0.00s
[33.892s][info][safepoint     ] Leaving safepoint region
[33.892s][info][safepoint     ] Total time for which application threads were stopped: 0.0025256 seconds, Stopping threads took: 0.0000158 seconds
[33.892s][info][gc,marking    ] GC(280) Concurrent Rebuild Remembered Sets
[33.901s][info][gc,marking    ] GC(280) Concurrent Rebuild Remembered Sets 8.883ms
[33.901s][info][safepoint     ] Application time: 0.0090883 seconds
[33.902s][info][safepoint     ] Entering safepoint region: CGC_Operation
[33.902s][info][gc,start      ] GC(280) Pause Cleanup
[33.902s][info][gc            ] GC(280) Pause Cleanup 397M->397M(1342M) 0.275ms
[33.902s][info][gc,cpu        ] GC(280) User=0.00s Sys=0.00s Real=0.00s
[33.902s][info][safepoint     ] Leaving safepoint region
[33.902s][info][safepoint     ] Total time for which application threads were stopped: 0.0011655 seconds, Stopping threads took: 0.0006938 seconds
[33.903s][info][gc,marking    ] GC(280) Concurrent Cleanup for Next Mark
[33.906s][info][gc,marking    ] GC(280) Concurrent Cleanup for Next Mark 3.475ms
[33.906s][info][gc            ] GC(280) Concurrent Cycle 27.295ms
[33.921s][info][safepoint     ] Application time: 0.0189902 seconds
[33.922s][info][safepoint     ] Entering safepoint region: G1CollectForAllocation
[33.922s][info][gc,start      ] GC(281) Pause Young (Concurrent Start) (G1 Humongous Allocation)
[33.922s][info][gc,task       ] GC(281) Using 8 workers of 8 for evacuation
[33.924s][info][gc,phases     ] GC(281)   Pre Evacuate Collection Set: 0.1ms
[33.924s][info][gc,phases     ] GC(281)   Evacuate Collection Set: 1.6ms
[33.924s][info][gc,phases     ] GC(281)   Post Evacuate Collection Set: 0.4ms
[33.924s][info][gc,phases     ] GC(281)   Other: 0.2ms
[33.924s][info][gc,heap       ] GC(281) Eden regions: 1->0(804)
[33.924s][info][gc,heap       ] GC(281) Survivor regions: 1->1(101)
[33.924s][info][gc,heap       ] GC(281) Old regions: 15->15
[33.924s][info][gc,heap       ] GC(281) Humongous regions: 573->0
[33.924s][info][gc,metaspace  ] GC(281) Metaspace: 38643K->38643K(1085440K)
[33.924s][info][gc            ] GC(281) Pause Young (Concurrent Start) (G1 Humongous Allocation) 588M->14M(1342M) 2.486ms
[33.924s][info][gc,cpu        ] GC(281) User=0.01s Sys=0.00s Real=0.00s
[33.924s][info][safepoint     ] Leaving safepoint region
[33.924s][info][safepoint     ] Total time for which application threads were stopped: 0.0026642 seconds, Stopping threads took: 0.0000200 seconds
[33.924s][info][gc            ] GC(282) Concurrent Cycle
[33.924s][info][gc,marking    ] GC(282) Concurrent Clear Claimed Marks
[33.924s][info][gc,marking    ] GC(282) Concurrent Clear Claimed Marks 0.129ms
[33.924s][info][gc,marking    ] GC(282) Concurrent Scan Root Regions
[33.924s][info][gc,marking    ] GC(282) Concurrent Scan Root Regions 0.075ms
[33.924s][info][gc,marking    ] GC(282) Concurrent Mark (33.924s)
[33.924s][info][gc,marking    ] GC(282) Concurrent Mark From Roots
[33.924s][info][gc,task       ] GC(282) Using 2 workers of 2 for marking
[33.937s][info][gc,marking    ] GC(282) Concurrent Mark From Roots 12.225ms
[33.937s][info][gc,marking    ] GC(282) Concurrent Preclean
[33.937s][info][gc,marking    ] GC(282) Concurrent Preclean 0.057ms
[33.937s][info][gc,marking    ] GC(282) Concurrent Mark (33.924s, 33.937s) 12.357ms
[33.937s][info][safepoint     ] Application time: 0.0126580 seconds
[33.937s][info][safepoint     ] Entering safepoint region: CGC_Operation
[33.937s][info][gc,start      ] GC(282) Pause Remark
[33.939s][info][gc,stringtable] GC(282) Cleaned string and symbol table, strings: 20128 processed, 0 removed, symbols: 132174 processed, 0 removed
[33.940s][info][gc            ] GC(282) Pause Remark 206M->206M(1342M) 2.784ms
[33.940s][info][gc,cpu        ] GC(282) User=0.02s Sys=0.00s Real=0.00s
[33.940s][info][safepoint     ] Leaving safepoint region
[33.940s][info][safepoint     ] Total time for which application threads were stopped: 0.0030136 seconds, Stopping threads took: 0.0000179 seconds
[33.940s][info][gc,marking    ] GC(282) Concurrent Rebuild Remembered Sets
[33.948s][info][gc,marking    ] GC(282) Concurrent Rebuild Remembered Sets 7.849ms
[33.948s][info][safepoint     ] Application time: 0.0080730 seconds
[33.948s][info][safepoint     ] Entering safepoint region: CGC_Operation
[33.948s][info][gc,start      ] GC(282) Pause Cleanup
[33.949s][info][gc            ] GC(282) Pause Cleanup 397M->397M(1342M) 0.243ms
[33.949s][info][gc,cpu        ] GC(282) User=0.00s Sys=0.00s Real=0.00s
[33.949s][info][safepoint     ] Leaving safepoint region
[33.949s][info][safepoint     ] Total time for which application threads were stopped: 0.0005990 seconds, Stopping threads took: 0.0001922 seconds
[33.949s][info][gc,marking    ] GC(282) Concurrent Cleanup for Next Mark
[33.950s][info][gc,marking    ] GC(282) Concurrent Cleanup for Next Mark 1.170ms
[33.950s][info][gc            ] GC(282) Concurrent Cycle 25.734ms
[33.972s][info][safepoint     ] Application time: 0.0235947 seconds
[33.972s][info][safepoint     ] Entering safepoint region: G1CollectForAllocation
[33.972s][info][gc,start      ] GC(283) Pause Young (Concurrent Start) (G1 Humongous Allocation)
[33.973s][info][gc,task       ] GC(283) Using 8 workers of 8 for evacuation
[33.975s][info][gc,phases     ] GC(283)   Pre Evacuate Collection Set: 0.2ms
[33.975s][info][gc,phases     ] GC(283)   Evacuate Collection Set: 1.4ms
[33.975s][info][gc,phases     ] GC(283)   Post Evacuate Collection Set: 0.5ms
[33.975s][info][gc,phases     ] GC(283)   Other: 0.2ms
[33.975s][info][gc,heap       ] GC(283) Eden regions: 1->0(804)
[33.975s][info][gc,heap       ] GC(283) Survivor regions: 1->1(101)
[33.975s][info][gc,heap       ] GC(283) Old regions: 15->15
[33.975s][info][gc,heap       ] GC(283) Humongous regions: 573->0
[33.975s][info][gc,metaspace  ] GC(283) Metaspace: 38643K->38643K(1085440K)
[33.975s][info][gc            ] GC(283) Pause Young (Concurrent Start) (G1 Humongous Allocation) 588M->14M(1342M) 2.516ms
[33.975s][info][gc,cpu        ] GC(283) User=0.01s Sys=0.00s Real=0.00s
[33.975s][info][safepoint     ] Leaving safepoint region
[33.975s][info][gc            ] GC(284) Concurrent Cycle
[33.975s][info][safepoint     ] Total time for which application threads were stopped: 0.0027579 seconds, Stopping threads took: 0.0000338 seconds
[33.975s][info][gc,marking    ] GC(284) Concurrent Clear Claimed Marks
[33.975s][info][gc,marking    ] GC(284) Concurrent Clear Claimed Marks 0.222ms
[33.975s][info][gc,marking    ] GC(284) Concurrent Scan Root Regions
[33.976s][info][gc,marking    ] GC(284) Concurrent Scan Root Regions 0.203ms
[33.976s][info][gc,marking    ] GC(284) Concurrent Mark (33.976s)
[33.976s][info][gc,marking    ] GC(284) Concurrent Mark From Roots
[33.976s][info][gc,task       ] GC(284) Using 2 workers of 2 for marking
[33.994s][info][gc,marking    ] GC(284) Concurrent Mark From Roots 18.297ms
[33.994s][info][gc,marking    ] GC(284) Concurrent Preclean
[33.994s][info][gc,marking    ] GC(284) Concurrent Preclean 0.066ms
[33.994s][info][gc,marking    ] GC(284) Concurrent Mark (33.976s, 33.994s) 18.456ms
[33.994s][info][safepoint     ] Application time: 0.0189795 seconds
[33.994s][info][safepoint     ] Entering safepoint region: CGC_Operation
[33.994s][info][gc,start      ] GC(284) Pause Remark
[33.998s][info][gc,stringtable] GC(284) Cleaned string and symbol table, strings: 20128 processed, 0 removed, symbols: 132174 processed, 0 removed
[33.998s][info][gc            ] GC(284) Pause Remark 206M->206M(1342M) 4.037ms
[33.998s][info][gc,cpu        ] GC(284) User=0.02s Sys=0.00s Real=0.01s
[33.999s][info][safepoint     ] Leaving safepoint region
[33.999s][info][safepoint     ] Total time for which application threads were stopped: 0.0043870 seconds, Stopping threads took: 0.0000184 seconds
[33.999s][info][gc,marking    ] GC(284) Concurrent Rebuild Remembered Sets
[34.010s][info][gc,marking    ] GC(284) Concurrent Rebuild Remembered Sets 11.309ms
[34.010s][info][safepoint     ] Application time: 0.0115799 seconds
[34.016s][info][safepoint     ] Entering safepoint region: CGC_Operation
[34.016s][info][gc,start      ] GC(284) Pause Cleanup
[34.016s][info][gc            ] GC(284) Pause Cleanup 397M->397M(1342M) 0.319ms
[34.017s][info][gc,cpu        ] GC(284) User=0.00s Sys=0.00s Real=0.01s
[34.017s][info][safepoint     ] Leaving safepoint region
[34.017s][info][safepoint     ] Total time for which application threads were stopped: 0.0063890 seconds, Stopping threads took: 0.0058532 seconds
[34.017s][info][gc,marking    ] GC(284) Concurrent Cleanup for Next Mark
[34.020s][info][gc,marking    ] GC(284) Concurrent Cleanup for Next Mark 3.767ms
[34.020s][info][gc            ] GC(284) Concurrent Cycle 45.398ms
[34.045s][info][safepoint     ] Application time: 0.0283932 seconds
[34.045s][info][safepoint     ] Entering safepoint region: G1CollectForAllocation
[34.045s][info][gc,start      ] GC(285) Pause Young (Concurrent Start) (G1 Humongous Allocation)
[34.045s][info][gc,task       ] GC(285) Using 8 workers of 8 for evacuation
[34.048s][info][gc,phases     ] GC(285)   Pre Evacuate Collection Set: 0.2ms
[34.048s][info][gc,phases     ] GC(285)   Evacuate Collection Set: 1.6ms
[34.048s][info][gc,phases     ] GC(285)   Post Evacuate Collection Set: 0.4ms
[34.048s][info][gc,phases     ] GC(285)   Other: 0.3ms
[34.048s][info][gc,heap       ] GC(285) Eden regions: 1->0(804)
[34.048s][info][gc,heap       ] GC(285) Survivor regions: 1->1(101)
[34.048s][info][gc,heap       ] GC(285) Old regions: 15->15
[34.048s][info][gc,heap       ] GC(285) Humongous regions: 573->0
[34.048s][info][gc,metaspace  ] GC(285) Metaspace: 38643K->38643K(1085440K)
[34.048s][info][gc            ] GC(285) Pause Young (Concurrent Start) (G1 Humongous Allocation) 588M->14M(1342M) 2.581ms
[34.048s][info][gc,cpu        ] GC(285) User=0.01s Sys=0.00s Real=0.01s
[34.048s][info][safepoint     ] Leaving safepoint region
[34.048s][info][gc            ] GC(286) Concurrent Cycle
[34.048s][info][safepoint     ] Total time for which application threads were stopped: 0.0028878 seconds, Stopping threads took: 0.0000860 seconds
[34.048s][info][gc,marking    ] GC(286) Concurrent Clear Claimed Marks
[34.048s][info][gc,marking    ] GC(286) Concurrent Clear Claimed Marks 0.203ms
[34.048s][info][gc,marking    ] GC(286) Concurrent Scan Root Regions
[34.049s][info][gc,marking    ] GC(286) Concurrent Scan Root Regions 0.183ms
[34.049s][info][gc,marking    ] GC(286) Concurrent Mark (34.049s)
[34.049s][info][gc,marking    ] GC(286) Concurrent Mark From Roots
[34.049s][info][gc,task       ] GC(286) Using 2 workers of 2 for marking
[34.066s][info][gc,marking    ] GC(286) Concurrent Mark From Roots 17.849ms
[34.066s][info][gc,marking    ] GC(286) Concurrent Preclean
[34.067s][info][gc,marking    ] GC(286) Concurrent Preclean 0.087ms
[34.067s][info][gc,marking    ] GC(286) Concurrent Mark (34.049s, 34.067s) 18.034ms
[34.067s][info][safepoint     ] Application time: 0.0185114 seconds
[34.071s][info][safepoint     ] Entering safepoint region: CGC_Operation
[34.071s][info][gc,start      ] GC(286) Pause Remark
[34.074s][info][gc,stringtable] GC(286) Cleaned string and symbol table, strings: 20128 processed, 0 removed, symbols: 132174 processed, 0 removed
[34.075s][info][gc            ] GC(286) Pause Remark 397M->397M(1342M) 4.075ms
[34.075s][info][gc,cpu        ] GC(286) User=0.01s Sys=0.00s Real=0.00s
[34.075s][info][safepoint     ] Leaving safepoint region
[34.075s][info][safepoint     ] Total time for which application threads were stopped: 0.0085203 seconds, Stopping threads took: 0.0039569 seconds
[34.075s][info][gc,marking    ] GC(286) Concurrent Rebuild Remembered Sets
[34.087s][info][gc,marking    ] GC(286) Concurrent Rebuild Remembered Sets 11.869ms
[34.087s][info][safepoint     ] Application time: 0.0120508 seconds
[34.093s][info][safepoint     ] Entering safepoint region: CGC_Operation
[34.093s][info][gc,start      ] GC(286) Pause Cleanup
[34.094s][info][gc            ] GC(286) Pause Cleanup 588M->588M(1342M) 0.805ms
[34.094s][info][gc,cpu        ] GC(286) User=0.00s Sys=0.00s Real=0.00s
[34.094s][info][safepoint     ] Leaving safepoint region
[34.094s][info][safepoint     ] Total time for which application threads were stopped: 0.0070233 seconds, Stopping threads took: 0.0058974 seconds
[34.094s][info][gc,marking    ] GC(286) Concurrent Cleanup for Next Mark
[34.096s][info][gc,marking    ] GC(286) Concurrent Cleanup for Next Mark 1.626ms
[34.096s][info][gc            ] GC(286) Concurrent Cycle 48.005ms
[34.100s][info][safepoint     ] Application time: 0.0052474 seconds
[34.100s][info][safepoint     ] Entering safepoint region: G1CollectForAllocation
[34.100s][info][gc,start      ] GC(287) Pause Young (Concurrent Start) (G1 Humongous Allocation)
[34.100s][info][gc,task       ] GC(287) Using 8 workers of 8 for evacuation
[34.102s][info][gc,phases     ] GC(287)   Pre Evacuate Collection Set: 0.2ms
[34.102s][info][gc,phases     ] GC(287)   Evacuate Collection Set: 1.4ms
[34.102s][info][gc,phases     ] GC(287)   Post Evacuate Collection Set: 0.5ms
[34.102s][info][gc,phases     ] GC(287)   Other: 0.2ms
[34.102s][info][gc,heap       ] GC(287) Eden regions: 1->0(804)
[34.102s][info][gc,heap       ] GC(287) Survivor regions: 1->1(101)
[34.102s][info][gc,heap       ] GC(287) Old regions: 15->15
[34.102s][info][gc,heap       ] GC(287) Humongous regions: 573->0
[34.102s][info][gc,metaspace  ] GC(287) Metaspace: 38643K->38643K(1085440K)
[34.102s][info][gc            ] GC(287) Pause Young (Concurrent Start) (G1 Humongous Allocation) 588M->14M(1342M) 2.567ms
[34.102s][info][gc,cpu        ] GC(287) User=0.01s Sys=0.00s Real=0.00s
[34.102s][info][safepoint     ] Leaving safepoint region
[34.102s][info][gc            ] GC(288) Concurrent Cycle
[34.102s][info][safepoint     ] Total time for which application threads were stopped: 0.0028321 seconds, Stopping threads took: 0.0000282 seconds
[34.102s][info][gc,marking    ] GC(288) Concurrent Clear Claimed Marks
[34.103s][info][gc,marking    ] GC(288) Concurrent Clear Claimed Marks 0.251ms
[34.103s][info][gc,marking    ] GC(288) Concurrent Scan Root Regions
[34.103s][info][gc,marking    ] GC(288) Concurrent Scan Root Regions 0.555ms
[34.104s][info][gc,marking    ] GC(288) Concurrent Mark (34.104s)
[34.104s][info][gc,marking    ] GC(288) Concurrent Mark From Roots
[34.104s][info][gc,task       ] GC(288) Using 2 workers of 2 for marking
[34.123s][info][gc,marking    ] GC(288) Concurrent Mark From Roots 19.286ms
[34.123s][info][gc,marking    ] GC(288) Concurrent Preclean
[34.123s][info][gc,marking    ] GC(288) Concurrent Preclean 0.104ms
[34.123s][info][gc,marking    ] GC(288) Concurrent Mark (34.104s, 34.123s) 19.526ms
[34.123s][info][safepoint     ] Application time: 0.0206749 seconds
[34.136s][info][safepoint     ] Entering safepoint region: CGC_Operation
[34.140s][info][gc,start      ] GC(288) Pause Remark
[34.155s][info][gc,stringtable] GC(288) Cleaned string and symbol table, strings: 20128 processed, 0 removed, symbols: 132174 processed, 0 removed
[34.156s][info][gc            ] GC(288) Pause Remark 397M->397M(1342M) 16.835ms
[34.156s][info][gc,cpu        ] GC(288) User=0.01s Sys=0.00s Real=0.02s
[34.156s][info][safepoint     ] Leaving safepoint region
[34.157s][info][safepoint     ] Total time for which application threads were stopped: 0.0332720 seconds, Stopping threads took: 0.0127111 seconds
[34.157s][info][gc,marking    ] GC(288) Concurrent Rebuild Remembered Sets
[34.168s][info][gc,marking    ] GC(288) Concurrent Rebuild Remembered Sets 11.812ms
[34.169s][info][safepoint     ] Application time: 0.0119729 seconds
[34.173s][info][safepoint     ] Entering safepoint region: CGC_Operation
[34.173s][info][gc,start      ] GC(288) Pause Cleanup
[34.173s][info][gc            ] GC(288) Pause Cleanup 589M->589M(1342M) 0.318ms
[34.173s][info][gc,cpu        ] GC(288) User=0.00s Sys=0.00s Real=0.00s
[34.173s][info][safepoint     ] Leaving safepoint region
[34.173s][info][safepoint     ] Total time for which application threads were stopped: 0.0048230 seconds, Stopping threads took: 0.0043128 seconds
[34.173s][info][gc,marking    ] GC(288) Concurrent Cleanup for Next Mark
[34.174s][info][safepoint     ] Application time: 0.0010115 seconds
[34.175s][info][safepoint     ] Entering safepoint region: RevokeBias
[34.175s][info][safepoint     ] Leaving safepoint region
[34.175s][info][safepoint     ] Total time for which application threads were stopped: 0.0001625 seconds, Stopping threads took: 0.0000297 seconds
[34.176s][info][gc,marking    ] GC(288) Concurrent Cleanup for Next Mark 2.298ms
[34.176s][info][gc            ] GC(288) Concurrent Cycle 73.374ms
[34.179s][info][safepoint     ] Application time: 0.0038920 seconds
[34.179s][info][safepoint     ] Entering safepoint region: G1CollectForAllocation
[34.179s][info][gc,start      ] GC(289) Pause Young (Concurrent Start) (G1 Humongous Allocation)
[34.179s][info][gc,task       ] GC(289) Using 8 workers of 8 for evacuation
[34.181s][info][gc,phases     ] GC(289)   Pre Evacuate Collection Set: 0.1ms
[34.181s][info][gc,phases     ] GC(289)   Evacuate Collection Set: 1.7ms
[34.181s][info][gc,phases     ] GC(289)   Post Evacuate Collection Set: 0.4ms
[34.181s][info][gc,phases     ] GC(289)   Other: 0.2ms
[34.181s][info][gc,heap       ] GC(289) Eden regions: 2->0(804)
[34.181s][info][gc,heap       ] GC(289) Survivor regions: 1->1(101)
[34.181s][info][gc,heap       ] GC(289) Old regions: 15->15
[34.181s][info][gc,heap       ] GC(289) Humongous regions: 573->0
[34.181s][info][gc,metaspace  ] GC(289) Metaspace: 38647K->38647K(1085440K)
[34.181s][info][gc            ] GC(289) Pause Young (Concurrent Start) (G1 Humongous Allocation) 589M->15M(1342M) 2.584ms
[34.182s][info][gc,cpu        ] GC(289) User=0.01s Sys=0.01s Real=0.00s
[34.182s][info][safepoint     ] Leaving safepoint region
[34.182s][info][gc            ] GC(290) Concurrent Cycle
[34.182s][info][safepoint     ] Total time for which application threads were stopped: 0.0029696 seconds, Stopping threads took: 0.0001214 seconds
[34.182s][info][gc,marking    ] GC(290) Concurrent Clear Claimed Marks
[34.182s][info][gc,marking    ] GC(290) Concurrent Clear Claimed Marks 0.207ms
[34.182s][info][gc,marking    ] GC(290) Concurrent Scan Root Regions
[34.182s][info][gc,marking    ] GC(290) Concurrent Scan Root Regions 0.100ms
[34.182s][info][gc,marking    ] GC(290) Concurrent Mark (34.182s)
[34.182s][info][gc,marking    ] GC(290) Concurrent Mark From Roots
[34.182s][info][gc,task       ] GC(290) Using 2 workers of 2 for marking
[34.202s][info][gc,marking    ] GC(290) Concurrent Mark From Roots 19.469ms
[34.202s][info][gc,marking    ] GC(290) Concurrent Preclean
[34.202s][info][gc,marking    ] GC(290) Concurrent Preclean 0.239ms
[34.202s][info][gc,marking    ] GC(290) Concurrent Mark (34.182s, 34.202s) 19.988ms
[34.202s][info][safepoint     ] Application time: 0.0204671 seconds
[34.214s][info][safepoint     ] Entering safepoint region: CGC_Operation
[34.214s][info][gc,start      ] GC(290) Pause Remark
[34.216s][info][gc,stringtable] GC(290) Cleaned string and symbol table, strings: 20131 processed, 0 removed, symbols: 132181 processed, 0 removed
[34.217s][info][gc            ] GC(290) Pause Remark 397M->397M(1342M) 2.946ms
[34.217s][info][gc,cpu        ] GC(290) User=0.02s Sys=0.00s Real=0.01s
[34.217s][info][safepoint     ] Leaving safepoint region
[34.217s][info][safepoint     ] Total time for which application threads were stopped: 0.0146789 seconds, Stopping threads took: 0.0114132 seconds
[34.217s][info][gc,marking    ] GC(290) Concurrent Rebuild Remembered Sets
[34.230s][info][gc,marking    ] GC(290) Concurrent Rebuild Remembered Sets 12.574ms
[34.230s][info][safepoint     ] Application time: 0.0127576 seconds
[34.238s][info][safepoint     ] Entering safepoint region: CGC_Operation
[34.238s][info][gc,start      ] GC(290) Pause Cleanup
[34.238s][info][gc            ] GC(290) Pause Cleanup 588M->588M(1342M) 0.255ms
[34.238s][info][gc,cpu        ] GC(290) User=0.00s Sys=0.00s Real=0.00s
[34.238s][info][safepoint     ] Leaving safepoint region
[34.238s][info][safepoint     ] Total time for which application threads were stopped: 0.0087105 seconds, Stopping threads took: 0.0083122 seconds
[34.239s][info][gc,marking    ] GC(290) Concurrent Cleanup for Next Mark
[34.242s][info][gc,marking    ] GC(290) Concurrent Cleanup for Next Mark 3.708ms
[34.242s][info][gc            ] GC(290) Concurrent Cycle 60.739ms
[34.244s][info][safepoint     ] Application time: 0.0055635 seconds
[34.244s][info][safepoint     ] Entering safepoint region: G1CollectForAllocation
[34.244s][info][gc,start      ] GC(291) Pause Young (Concurrent Start) (G1 Humongous Allocation)
[34.244s][info][gc,task       ] GC(291) Using 8 workers of 8 for evacuation
[34.247s][info][gc,phases     ] GC(291)   Pre Evacuate Collection Set: 0.4ms
[34.248s][info][gc,phases     ] GC(291)   Evacuate Collection Set: 1.7ms
[34.248s][info][gc,phases     ] GC(291)   Post Evacuate Collection Set: 0.7ms
[34.248s][info][gc,phases     ] GC(291)   Other: 0.5ms
[34.248s][info][gc,heap       ] GC(291) Eden regions: 1->0(804)
[34.248s][info][gc,heap       ] GC(291) Survivor regions: 1->1(101)
[34.248s][info][gc,heap       ] GC(291) Old regions: 15->15
[34.248s][info][gc,heap       ] GC(291) Humongous regions: 573->0
[34.248s][info][gc,metaspace  ] GC(291) Metaspace: 38647K->38647K(1085440K)
[34.248s][info][gc            ] GC(291) Pause Young (Concurrent Start) (G1 Humongous Allocation) 588M->15M(1342M) 3.310ms
[34.248s][info][gc,cpu        ] GC(291) User=0.01s Sys=0.00s Real=0.01s
[34.248s][info][safepoint     ] Leaving safepoint region
[34.248s][info][gc            ] GC(292) Concurrent Cycle
[34.248s][info][safepoint     ] Total time for which application threads were stopped: 0.0035392 seconds, Stopping threads took: 0.0000380 seconds
[34.248s][info][gc,marking    ] GC(292) Concurrent Clear Claimed Marks
[34.248s][info][gc,marking    ] GC(292) Concurrent Clear Claimed Marks 0.268ms
[34.248s][info][gc,marking    ] GC(292) Concurrent Scan Root Regions
[34.248s][info][gc,marking    ] GC(292) Concurrent Scan Root Regions 0.260ms
[34.248s][info][gc,marking    ] GC(292) Concurrent Mark (34.248s)
[34.248s][info][gc,marking    ] GC(292) Concurrent Mark From Roots
[34.248s][info][gc,task       ] GC(292) Using 2 workers of 2 for marking
[34.267s][info][gc,marking    ] GC(292) Concurrent Mark From Roots 18.688ms
[34.267s][info][gc,marking    ] GC(292) Concurrent Preclean
[34.267s][info][gc,marking    ] GC(292) Concurrent Preclean 0.181ms
[34.267s][info][gc,marking    ] GC(292) Concurrent Mark (34.248s, 34.267s) 18.995ms
[34.267s][info][safepoint     ] Application time: 0.0197724 seconds
[34.279s][info][safepoint     ] Entering safepoint region: CGC_Operation
[34.279s][info][gc,start      ] GC(292) Pause Remark
[34.285s][info][gc,stringtable] GC(292) Cleaned string and symbol table, strings: 20131 processed, 0 removed, symbols: 132181 processed, 0 removed
[34.285s][info][gc            ] GC(292) Pause Remark 397M->397M(1342M) 5.540ms
[34.285s][info][gc,cpu        ] GC(292) User=0.03s Sys=0.01s Real=0.00s
[34.285s][info][safepoint     ] Leaving safepoint region
[34.285s][info][safepoint     ] Total time for which application threads were stopped: 0.0174167 seconds, Stopping threads took: 0.0116863 seconds
[34.285s][info][gc,marking    ] GC(292) Concurrent Rebuild Remembered Sets
[34.296s][info][gc,marking    ] GC(292) Concurrent Rebuild Remembered Sets 11.235ms
[34.296s][info][safepoint     ] Application time: 0.0114671 seconds
[34.306s][info][safepoint     ] Entering safepoint region: CGC_Operation
[34.306s][info][gc,start      ] GC(292) Pause Cleanup
[34.307s][info][gc            ] GC(292) Pause Cleanup 588M->588M(1342M) 0.274ms
[34.307s][info][gc,cpu        ] GC(292) User=0.00s Sys=0.00s Real=0.00s
[34.307s][info][safepoint     ] Leaving safepoint region
[34.307s][info][safepoint     ] Total time for which application threads were stopped: 0.0103487 seconds, Stopping threads took: 0.0099008 seconds
[34.307s][info][gc,marking    ] GC(292) Concurrent Cleanup for Next Mark
[34.308s][info][gc,marking    ] GC(292) Concurrent Cleanup for Next Mark 1.470ms
[34.308s][info][gc            ] GC(292) Concurrent Cycle 60.743ms
[34.312s][info][safepoint     ] Application time: 0.0052588 seconds
[34.312s][info][safepoint     ] Entering safepoint region: G1CollectForAllocation
[34.312s][info][gc,start      ] GC(293) Pause Young (Concurrent Start) (G1 Humongous Allocation)
[34.312s][info][gc,task       ] GC(293) Using 8 workers of 8 for evacuation
[34.316s][info][gc,phases     ] GC(293)   Pre Evacuate Collection Set: 0.2ms
[34.316s][info][gc,phases     ] GC(293)   Evacuate Collection Set: 1.7ms
[34.316s][info][gc,phases     ] GC(293)   Post Evacuate Collection Set: 1.1ms
[34.316s][info][gc,phases     ] GC(293)   Other: 0.4ms
[34.316s][info][gc,heap       ] GC(293) Eden regions: 1->0(804)
[34.316s][info][gc,heap       ] GC(293) Survivor regions: 1->1(101)
[34.316s][info][gc,heap       ] GC(293) Old regions: 15->15
[34.316s][info][gc,heap       ] GC(293) Humongous regions: 573->0
[34.316s][info][gc,metaspace  ] GC(293) Metaspace: 38647K->38647K(1085440K)
[34.316s][info][gc            ] GC(293) Pause Young (Concurrent Start) (G1 Humongous Allocation) 588M->15M(1342M) 3.712ms
[34.316s][info][gc,cpu        ] GC(293) User=0.01s Sys=0.00s Real=0.00s
[34.316s][info][safepoint     ] Leaving safepoint region
[34.316s][info][safepoint     ] Total time for which application threads were stopped: 0.0040280 seconds, Stopping threads took: 0.0000431 seconds
[34.316s][info][gc            ] GC(294) Concurrent Cycle
[34.316s][info][gc,marking    ] GC(294) Concurrent Clear Claimed Marks
[34.317s][info][gc,marking    ] GC(294) Concurrent Clear Claimed Marks 0.622ms
[34.317s][info][gc,marking    ] GC(294) Concurrent Scan Root Regions
[34.317s][info][gc,marking    ] GC(294) Concurrent Scan Root Regions 0.248ms
[34.317s][info][gc,marking    ] GC(294) Concurrent Mark (34.317s)
[34.318s][info][gc,marking    ] GC(294) Concurrent Mark From Roots
[34.318s][info][gc,task       ] GC(294) Using 2 workers of 2 for marking
[34.335s][info][gc,marking    ] GC(294) Concurrent Mark From Roots 17.879ms
[34.336s][info][gc,marking    ] GC(294) Concurrent Preclean
[34.336s][info][gc,marking    ] GC(294) Concurrent Preclean 0.159ms
[34.336s][info][gc,marking    ] GC(294) Concurrent Mark (34.317s, 34.336s) 18.274ms
[34.336s][info][safepoint     ] Application time: 0.0194500 seconds
[34.345s][info][safepoint     ] Entering safepoint region: CGC_Operation
[34.346s][info][gc,start      ] GC(294) Pause Remark
[34.351s][info][gc,stringtable] GC(294) Cleaned string and symbol table, strings: 20131 processed, 0 removed, symbols: 132181 processed, 0 removed
[34.352s][info][gc            ] GC(294) Pause Remark 397M->397M(1342M) 6.140ms
[34.352s][info][gc,cpu        ] GC(294) User=0.03s Sys=0.00s Real=0.01s
[34.352s][info][safepoint     ] Leaving safepoint region
[34.352s][info][safepoint     ] Total time for which application threads were stopped: 0.0160107 seconds, Stopping threads took: 0.0096055 seconds
[34.352s][info][gc,marking    ] GC(294) Concurrent Rebuild Remembered Sets
[34.363s][info][gc,marking    ] GC(294) Concurrent Rebuild Remembered Sets 11.005ms
[34.363s][info][safepoint     ] Application time: 0.0111972 seconds
[34.371s][info][safepoint     ] Entering safepoint region: CGC_Operation
[34.372s][info][gc,start      ] GC(294) Pause Cleanup
[34.372s][info][gc            ] GC(294) Pause Cleanup 588M->588M(1342M) 0.191ms
[34.372s][info][gc,cpu        ] GC(294) User=0.00s Sys=0.00s Real=0.00s
[34.372s][info][safepoint     ] Leaving safepoint region
[34.372s][info][safepoint     ] Total time for which application threads were stopped: 0.0089215 seconds, Stopping threads took: 0.0085371 seconds
[34.372s][info][gc,marking    ] GC(294) Concurrent Cleanup for Next Mark
[34.373s][info][gc,marking    ] GC(294) Concurrent Cleanup for Next Mark 1.450ms
[34.374s][info][gc            ] GC(294) Concurrent Cycle 57.189ms
[34.378s][info][safepoint     ] Application time: 0.0055646 seconds
[34.378s][info][safepoint     ] Entering safepoint region: G1CollectForAllocation
[34.378s][info][gc,start      ] GC(295) Pause Young (Concurrent Start) (G1 Humongous Allocation)
[34.378s][info][gc,task       ] GC(295) Using 8 workers of 8 for evacuation
[34.380s][info][gc,phases     ] GC(295)   Pre Evacuate Collection Set: 0.2ms
[34.380s][info][gc,phases     ] GC(295)   Evacuate Collection Set: 1.4ms
[34.380s][info][gc,phases     ] GC(295)   Post Evacuate Collection Set: 0.5ms
[34.380s][info][gc,phases     ] GC(295)   Other: 0.2ms
[34.380s][info][gc,heap       ] GC(295) Eden regions: 1->0(804)
[34.380s][info][gc,heap       ] GC(295) Survivor regions: 1->1(101)
[34.380s][info][gc,heap       ] GC(295) Old regions: 15->15
[34.380s][info][gc,heap       ] GC(295) Humongous regions: 573->0
[34.380s][info][gc,metaspace  ] GC(295) Metaspace: 38647K->38647K(1085440K)
[34.380s][info][gc            ] GC(295) Pause Young (Concurrent Start) (G1 Humongous Allocation) 588M->15M(1342M) 2.320ms
[34.380s][info][gc,cpu        ] GC(295) User=0.00s Sys=0.00s Real=0.00s
[34.380s][info][safepoint     ] Leaving safepoint region
[34.380s][info][safepoint     ] Total time for which application threads were stopped: 0.0025348 seconds, Stopping threads took: 0.0000621 seconds
[34.380s][info][gc            ] GC(296) Concurrent Cycle
[34.380s][info][gc,marking    ] GC(296) Concurrent Clear Claimed Marks
[34.380s][info][gc,marking    ] GC(296) Concurrent Clear Claimed Marks 0.165ms
[34.380s][info][gc,marking    ] GC(296) Concurrent Scan Root Regions
[34.381s][info][gc,marking    ] GC(296) Concurrent Scan Root Regions 0.302ms
[34.381s][info][gc,marking    ] GC(296) Concurrent Mark (34.381s)
[34.381s][info][gc,marking    ] GC(296) Concurrent Mark From Roots
[34.381s][info][gc,task       ] GC(296) Using 2 workers of 2 for marking
[34.399s][info][gc,marking    ] GC(296) Concurrent Mark From Roots 18.088ms
[34.399s][info][gc,marking    ] GC(296) Concurrent Preclean
[34.399s][info][gc,marking    ] GC(296) Concurrent Preclean 0.301ms
[34.400s][info][gc,marking    ] GC(296) Concurrent Mark (34.381s, 34.400s) 18.699ms
[34.400s][info][safepoint     ] Application time: 0.0194294 seconds
[34.414s][info][safepoint     ] Entering safepoint region: CGC_Operation
[34.414s][info][gc,start      ] GC(296) Pause Remark
[34.418s][info][gc,stringtable] GC(296) Cleaned string and symbol table, strings: 20131 processed, 0 removed, symbols: 132181 processed, 0 removed
[34.418s][info][gc            ] GC(296) Pause Remark 397M->397M(1342M) 3.997ms
[34.418s][info][gc,cpu        ] GC(296) User=0.02s Sys=0.00s Real=0.01s
[34.418s][info][safepoint     ] Leaving safepoint region
[34.418s][info][safepoint     ] Total time for which application threads were stopped: 0.0186833 seconds, Stopping threads took: 0.0144794 seconds
[34.418s][info][gc,marking    ] GC(296) Concurrent Rebuild Remembered Sets
[34.428s][info][gc,marking    ] GC(296) Concurrent Rebuild Remembered Sets 9.840ms
[34.428s][info][safepoint     ] Application time: 0.0100862 seconds
[34.439s][info][safepoint     ] Entering safepoint region: CGC_Operation
[34.439s][info][gc,start      ] GC(296) Pause Cleanup
[34.439s][info][gc            ] GC(296) Pause Cleanup 588M->588M(1342M) 0.168ms
[34.439s][info][gc,cpu        ] GC(296) User=0.00s Sys=0.00s Real=0.00s
[34.439s][info][safepoint     ] Leaving safepoint region
[34.439s][info][safepoint     ] Total time for which application threads were stopped: 0.0109539 seconds, Stopping threads took: 0.0106474 seconds
[34.439s][info][gc,marking    ] GC(296) Concurrent Cleanup for Next Mark
[34.441s][info][gc,marking    ] GC(296) Concurrent Cleanup for Next Mark 1.313ms
[34.441s][info][gc            ] GC(296) Concurrent Cycle 60.744ms
[34.445s][info][safepoint     ] Application time: 0.0052382 seconds
[34.445s][info][safepoint     ] Entering safepoint region: G1CollectForAllocation
[34.445s][info][gc,start      ] GC(297) Pause Young (Concurrent Start) (G1 Humongous Allocation)
[34.445s][info][gc,task       ] GC(297) Using 8 workers of 8 for evacuation
[34.447s][info][gc,phases     ] GC(297)   Pre Evacuate Collection Set: 0.1ms
[34.447s][info][gc,phases     ] GC(297)   Evacuate Collection Set: 1.1ms
[34.447s][info][gc,phases     ] GC(297)   Post Evacuate Collection Set: 0.7ms
[34.447s][info][gc,phases     ] GC(297)   Other: 0.2ms
[34.447s][info][gc,heap       ] GC(297) Eden regions: 1->0(804)
[34.447s][info][gc,heap       ] GC(297) Survivor regions: 1->1(101)
[34.447s][info][gc,heap       ] GC(297) Old regions: 15->15
[34.447s][info][gc,heap       ] GC(297) Humongous regions: 573->0
[34.447s][info][gc,metaspace  ] GC(297) Metaspace: 38647K->38647K(1085440K)
[34.447s][info][gc            ] GC(297) Pause Young (Concurrent Start) (G1 Humongous Allocation) 588M->15M(1342M) 2.266ms
[34.447s][info][gc,cpu        ] GC(297) User=0.01s Sys=0.00s Real=0.01s
[34.447s][info][safepoint     ] Leaving safepoint region
[34.447s][info][safepoint     ] Total time for which application threads were stopped: 0.0024650 seconds, Stopping threads took: 0.0000299 seconds
[34.447s][info][gc            ] GC(298) Concurrent Cycle
[34.447s][info][gc,marking    ] GC(298) Concurrent Clear Claimed Marks
[34.447s][info][gc,marking    ] GC(298) Concurrent Clear Claimed Marks 0.050ms
[34.447s][info][gc,marking    ] GC(298) Concurrent Scan Root Regions
[34.447s][info][gc,marking    ] GC(298) Concurrent Scan Root Regions 0.119ms
[34.447s][info][gc,marking    ] GC(298) Concurrent Mark (34.447s)
[34.447s][info][gc,marking    ] GC(298) Concurrent Mark From Roots
[34.447s][info][gc,task       ] GC(298) Using 2 workers of 2 for marking
[34.462s][info][gc,marking    ] GC(298) Concurrent Mark From Roots 14.189ms
[34.462s][info][gc,marking    ] GC(298) Concurrent Preclean
[34.462s][info][gc,marking    ] GC(298) Concurrent Preclean 0.055ms
[34.462s][info][gc,marking    ] GC(298) Concurrent Mark (34.447s, 34.462s) 14.370ms
[34.462s][info][safepoint     ] Application time: 0.0147089 seconds
[34.462s][info][safepoint     ] Entering safepoint region: CGC_Operation
[34.462s][info][gc,start      ] GC(298) Pause Remark
[34.467s][info][gc,stringtable] GC(298) Cleaned string and symbol table, strings: 20131 processed, 0 removed, symbols: 132181 processed, 0 removed
[34.467s][info][gc            ] GC(298) Pause Remark 206M->206M(1342M) 4.854ms
[34.467s][info][gc,cpu        ] GC(298) User=0.02s Sys=0.00s Real=0.01s
[34.467s][info][safepoint     ] Leaving safepoint region
[34.467s][info][safepoint     ] Total time for which application threads were stopped: 0.0051126 seconds, Stopping threads took: 0.0000408 seconds
[34.467s][info][gc,marking    ] GC(298) Concurrent Rebuild Remembered Sets
[34.475s][info][gc,marking    ] GC(298) Concurrent Rebuild Remembered Sets 8.190ms
[34.475s][info][safepoint     ] Application time: 0.0083470 seconds
[34.475s][info][safepoint     ] Entering safepoint region: CGC_Operation
[34.476s][info][gc,start      ] GC(298) Pause Cleanup
[34.476s][info][gc            ] GC(298) Pause Cleanup 397M->397M(1342M) 0.297ms
[34.476s][info][gc,cpu        ] GC(298) User=0.00s Sys=0.00s Real=0.00s
[34.476s][info][safepoint     ] Leaving safepoint region
[34.476s][info][safepoint     ] Total time for which application threads were stopped: 0.0004985 seconds, Stopping threads took: 0.0000252 seconds
[34.476s][info][gc,marking    ] GC(298) Concurrent Cleanup for Next Mark
[34.479s][info][gc,marking    ] GC(298) Concurrent Cleanup for Next Mark 3.170ms
[34.479s][info][gc            ] GC(298) Concurrent Cycle 32.029ms
[34.494s][info][safepoint     ] Application time: 0.0184952 seconds
[34.495s][info][safepoint     ] Entering safepoint region: G1CollectForAllocation
[34.495s][info][gc,start      ] GC(299) Pause Young (Concurrent Start) (G1 Humongous Allocation)
[34.495s][info][gc,task       ] GC(299) Using 8 workers of 8 for evacuation
[34.496s][info][gc,phases     ] GC(299)   Pre Evacuate Collection Set: 0.2ms
[34.496s][info][gc,phases     ] GC(299)   Evacuate Collection Set: 0.9ms
[34.496s][info][gc,phases     ] GC(299)   Post Evacuate Collection Set: 0.4ms
[34.496s][info][gc,phases     ] GC(299)   Other: 0.3ms
[34.496s][info][gc,heap       ] GC(299) Eden regions: 1->0(804)
[34.496s][info][gc,heap       ] GC(299) Survivor regions: 1->1(101)
[34.497s][info][gc,heap       ] GC(299) Old regions: 15->15
[34.497s][info][gc,heap       ] GC(299) Humongous regions: 573->0
[34.497s][info][gc,metaspace  ] GC(299) Metaspace: 38647K->38647K(1085440K)
[34.497s][info][gc            ] GC(299) Pause Young (Concurrent Start) (G1 Humongous Allocation) 588M->15M(1342M) 1.897ms
[34.497s][info][gc,cpu        ] GC(299) User=0.01s Sys=0.00s Real=0.01s
[34.497s][info][safepoint     ] Leaving safepoint region
[34.497s][info][safepoint     ] Total time for which application threads were stopped: 0.0021137 seconds, Stopping threads took: 0.0000271 seconds
[34.497s][info][gc            ] GC(300) Concurrent Cycle
[34.497s][info][gc,marking    ] GC(300) Concurrent Clear Claimed Marks
[34.497s][info][gc,marking    ] GC(300) Concurrent Clear Claimed Marks 0.034ms
[34.497s][info][gc,marking    ] GC(300) Concurrent Scan Root Regions
[34.497s][info][gc,marking    ] GC(300) Concurrent Scan Root Regions 0.069ms
[34.497s][info][gc,marking    ] GC(300) Concurrent Mark (34.497s)
[34.497s][info][gc,marking    ] GC(300) Concurrent Mark From Roots
[34.497s][info][gc,task       ] GC(300) Using 2 workers of 2 for marking
[34.509s][info][gc,marking    ] GC(300) Concurrent Mark From Roots 11.918ms
[34.509s][info][gc,marking    ] GC(300) Concurrent Preclean
[34.509s][info][gc,marking    ] GC(300) Concurrent Preclean 0.114ms
[34.509s][info][gc,marking    ] GC(300) Concurrent Mark (34.497s, 34.509s) 12.184ms
[34.509s][info][safepoint     ] Application time: 0.0124234 seconds
[34.509s][info][safepoint     ] Entering safepoint region: CGC_Operation
[34.509s][info][gc,start      ] GC(300) Pause Remark
[34.512s][info][gc,stringtable] GC(300) Cleaned string and symbol table, strings: 20131 processed, 0 removed, symbols: 132181 processed, 0 removed
[34.512s][info][gc            ] GC(300) Pause Remark 206M->206M(1342M) 3.144ms
[34.512s][info][gc,cpu        ] GC(300) User=0.02s Sys=0.00s Real=0.00s
[34.512s][info][safepoint     ] Leaving safepoint region
[34.512s][info][safepoint     ] Total time for which application threads were stopped: 0.0033702 seconds, Stopping threads took: 0.0000303 seconds
[34.512s][info][gc,marking    ] GC(300) Concurrent Rebuild Remembered Sets
[34.520s][info][gc,marking    ] GC(300) Concurrent Rebuild Remembered Sets 8.015ms
[34.521s][info][safepoint     ] Application time: 0.0081299 seconds
[34.521s][info][safepoint     ] Entering safepoint region: CGC_Operation
[34.521s][info][gc,start      ] GC(300) Pause Cleanup
[34.521s][info][gc            ] GC(300) Pause Cleanup 397M->397M(1342M) 0.190ms
[34.521s][info][gc,cpu        ] GC(300) User=0.00s Sys=0.00s Real=0.00s
[34.521s][info][safepoint     ] Leaving safepoint region
[34.521s][info][safepoint     ] Total time for which application threads were stopped: 0.0005353 seconds, Stopping threads took: 0.0002279 seconds
[34.521s][info][gc,marking    ] GC(300) Concurrent Cleanup for Next Mark
[34.523s][info][gc,marking    ] GC(300) Concurrent Cleanup for Next Mark 1.347ms
[34.523s][info][gc            ] GC(300) Concurrent Cycle 25.933ms
[34.539s][info][safepoint     ] Application time: 0.0178369 seconds
[34.539s][info][safepoint     ] Entering safepoint region: G1CollectForAllocation
[34.539s][info][gc,start      ] GC(301) Pause Young (Concurrent Start) (G1 Humongous Allocation)
[34.539s][info][gc,task       ] GC(301) Using 8 workers of 8 for evacuation
[34.541s][info][gc,phases     ] GC(301)   Pre Evacuate Collection Set: 0.2ms
[34.541s][info][gc,phases     ] GC(301)   Evacuate Collection Set: 1.0ms
[34.541s][info][gc,phases     ] GC(301)   Post Evacuate Collection Set: 0.3ms
[34.541s][info][gc,phases     ] GC(301)   Other: 0.2ms
[34.541s][info][gc,heap       ] GC(301) Eden regions: 1->0(804)
[34.541s][info][gc,heap       ] GC(301) Survivor regions: 1->1(101)
[34.541s][info][gc,heap       ] GC(301) Old regions: 15->15
[34.541s][info][gc,heap       ] GC(301) Humongous regions: 573->0
[34.541s][info][gc,metaspace  ] GC(301) Metaspace: 38647K->38647K(1085440K)
[34.541s][info][gc            ] GC(301) Pause Young (Concurrent Start) (G1 Humongous Allocation) 588M->15M(1342M) 1.729ms
[34.541s][info][gc,cpu        ] GC(301) User=0.01s Sys=0.00s Real=0.00s
[34.541s][info][safepoint     ] Leaving safepoint region
[34.541s][info][gc            ] GC(302) Concurrent Cycle
[34.541s][info][safepoint     ] Total time for which application threads were stopped: 0.0020325 seconds, Stopping threads took: 0.0000658 seconds
[34.541s][info][gc,marking    ] GC(302) Concurrent Clear Claimed Marks
[34.541s][info][gc,marking    ] GC(302) Concurrent Clear Claimed Marks 0.138ms
[34.541s][info][gc,marking    ] GC(302) Concurrent Scan Root Regions
[34.541s][info][gc,marking    ] GC(302) Concurrent Scan Root Regions 0.095ms
[34.541s][info][gc,marking    ] GC(302) Concurrent Mark (34.541s)
[34.541s][info][gc,marking    ] GC(302) Concurrent Mark From Roots
[34.541s][info][gc,task       ] GC(302) Using 2 workers of 2 for marking
[34.555s][info][gc,marking    ] GC(302) Concurrent Mark From Roots 14.022ms
[34.555s][info][gc,marking    ] GC(302) Concurrent Preclean
[34.555s][info][gc,marking    ] GC(302) Concurrent Preclean 0.067ms
[34.555s][info][gc,marking    ] GC(302) Concurrent Mark (34.541s, 34.555s) 14.158ms
[34.556s][info][safepoint     ] Application time: 0.0144084 seconds
[34.562s][info][safepoint     ] Entering safepoint region: CGC_Operation
[34.562s][info][gc,start      ] GC(302) Pause Remark
[34.567s][info][gc,stringtable] GC(302) Cleaned string and symbol table, strings: 20131 processed, 0 removed, symbols: 132181 processed, 0 removed
[34.567s][info][gc            ] GC(302) Pause Remark 397M->397M(1342M) 5.030ms
[34.567s][info][gc,cpu        ] GC(302) User=0.02s Sys=0.00s Real=0.01s
[34.567s][info][safepoint     ] Leaving safepoint region
[34.567s][info][safepoint     ] Total time for which application threads were stopped: 0.0116498 seconds, Stopping threads took: 0.0064811 seconds
[34.567s][info][gc,marking    ] GC(302) Concurrent Rebuild Remembered Sets
[34.577s][info][gc,marking    ] GC(302) Concurrent Rebuild Remembered Sets 9.555ms
[34.577s][info][safepoint     ] Application time: 0.0097342 seconds
[34.583s][info][safepoint     ] Entering safepoint region: CGC_Operation
[34.583s][info][gc,start      ] GC(302) Pause Cleanup
[34.583s][info][gc            ] GC(302) Pause Cleanup 588M->588M(1342M) 0.147ms
[34.583s][info][gc,cpu        ] GC(302) User=0.00s Sys=0.00s Real=0.00s
[34.583s][info][safepoint     ] Leaving safepoint region
[34.583s][info][safepoint     ] Total time for which application threads were stopped: 0.0058940 seconds, Stopping threads took: 0.0056324 seconds
[34.583s][info][gc,marking    ] GC(302) Concurrent Cleanup for Next Mark
[34.584s][info][gc,marking    ] GC(302) Concurrent Cleanup for Next Mark 1.350ms
[34.584s][info][gc            ] GC(302) Concurrent Cycle 43.265ms
[34.588s][info][safepoint     ] Application time: 0.0051276 seconds
[34.588s][info][safepoint     ] Entering safepoint region: G1CollectForAllocation
[34.588s][info][gc,start      ] GC(303) Pause Young (Concurrent Start) (G1 Humongous Allocation)
[34.588s][info][gc,task       ] GC(303) Using 8 workers of 8 for evacuation
[34.590s][info][gc,phases     ] GC(303)   Pre Evacuate Collection Set: 0.1ms
[34.590s][info][gc,phases     ] GC(303)   Evacuate Collection Set: 1.2ms
[34.590s][info][gc,phases     ] GC(303)   Post Evacuate Collection Set: 0.3ms
[34.590s][info][gc,phases     ] GC(303)   Other: 0.2ms
[34.590s][info][gc,heap       ] GC(303) Eden regions: 1->0(804)
[34.590s][info][gc,heap       ] GC(303) Survivor regions: 1->1(101)
[34.590s][info][gc,heap       ] GC(303) Old regions: 15->15
[34.590s][info][gc,heap       ] GC(303) Humongous regions: 573->0
[34.590s][info][gc,metaspace  ] GC(303) Metaspace: 38647K->38647K(1085440K)
[34.590s][info][gc            ] GC(303) Pause Young (Concurrent Start) (G1 Humongous Allocation) 588M->15M(1342M) 1.938ms
[34.590s][info][gc,cpu        ] GC(303) User=0.01s Sys=0.00s Real=0.00s
[34.590s][info][safepoint     ] Leaving safepoint region
[34.590s][info][gc            ] GC(304) Concurrent Cycle
[34.590s][info][safepoint     ] Total time for which application threads were stopped: 0.0020842 seconds, Stopping threads took: 0.0000187 seconds
[34.590s][info][gc,marking    ] GC(304) Concurrent Clear Claimed Marks
[34.590s][info][gc,marking    ] GC(304) Concurrent Clear Claimed Marks 0.162ms
[34.590s][info][gc,marking    ] GC(304) Concurrent Scan Root Regions
[34.590s][info][gc,marking    ] GC(304) Concurrent Scan Root Regions 0.111ms
[34.590s][info][gc,marking    ] GC(304) Concurrent Mark (34.590s)
[34.591s][info][gc,marking    ] GC(304) Concurrent Mark From Roots
[34.591s][info][gc,task       ] GC(304) Using 2 workers of 2 for marking
[34.606s][info][gc,marking    ] GC(304) Concurrent Mark From Roots 15.026ms
[34.606s][info][gc,marking    ] GC(304) Concurrent Preclean
[34.606s][info][gc,marking    ] GC(304) Concurrent Preclean 0.083ms
[34.606s][info][gc,marking    ] GC(304) Concurrent Mark (34.590s, 34.606s) 15.232ms
[34.606s][info][safepoint     ] Application time: 0.0155852 seconds
[34.611s][info][safepoint     ] Entering safepoint region: CGC_Operation
[34.612s][info][gc,start      ] GC(304) Pause Remark
[34.615s][info][gc,stringtable] GC(304) Cleaned string and symbol table, strings: 20131 processed, 0 removed, symbols: 132181 processed, 0 removed
[34.616s][info][gc            ] GC(304) Pause Remark 397M->397M(1342M) 4.123ms
[34.616s][info][gc,cpu        ] GC(304) User=0.02s Sys=0.00s Real=0.00s
[34.616s][info][safepoint     ] Leaving safepoint region
[34.616s][info][safepoint     ] Total time for which application threads were stopped: 0.0101120 seconds, Stopping threads took: 0.0057013 seconds
[34.616s][info][gc,marking    ] GC(304) Concurrent Rebuild Remembered Sets
[34.626s][info][gc,marking    ] GC(304) Concurrent Rebuild Remembered Sets 10.029ms
[34.626s][info][safepoint     ] Application time: 0.0103149 seconds
[34.631s][info][safepoint     ] Entering safepoint region: CGC_Operation
[34.631s][info][gc,start      ] GC(304) Pause Cleanup
[34.631s][info][gc            ] GC(304) Pause Cleanup 588M->588M(1342M) 0.122ms
[34.631s][info][gc,cpu        ] GC(304) User=0.00s Sys=0.00s Real=0.00s
[34.631s][info][safepoint     ] Leaving safepoint region
[34.631s][info][safepoint     ] Total time for which application threads were stopped: 0.0051375 seconds, Stopping threads took: 0.0049140 seconds
[34.631s][info][gc,marking    ] GC(304) Concurrent Cleanup for Next Mark
[34.633s][info][gc,marking    ] GC(304) Concurrent Cleanup for Next Mark 1.285ms
[34.633s][info][gc            ] GC(304) Concurrent Cycle 42.669ms
[34.637s][info][safepoint     ] Application time: 0.0051517 seconds
[34.637s][info][safepoint     ] Entering safepoint region: G1CollectForAllocation
[34.637s][info][gc,start      ] GC(305) Pause Young (Concurrent Start) (G1 Humongous Allocation)
[34.637s][info][gc,task       ] GC(305) Using 8 workers of 8 for evacuation
[34.638s][info][gc,phases     ] GC(305)   Pre Evacuate Collection Set: 0.1ms
[34.638s][info][gc,phases     ] GC(305)   Evacuate Collection Set: 0.9ms
[34.638s][info][gc,phases     ] GC(305)   Post Evacuate Collection Set: 0.3ms
[34.638s][info][gc,phases     ] GC(305)   Other: 0.2ms
[34.638s][info][gc,heap       ] GC(305) Eden regions: 1->0(804)
[34.638s][info][gc,heap       ] GC(305) Survivor regions: 1->1(101)
[34.638s][info][gc,heap       ] GC(305) Old regions: 15->15
[34.638s][info][gc,heap       ] GC(305) Humongous regions: 573->0
[34.638s][info][gc,metaspace  ] GC(305) Metaspace: 38647K->38647K(1085440K)
[34.638s][info][gc            ] GC(305) Pause Young (Concurrent Start) (G1 Humongous Allocation) 588M->15M(1342M) 1.595ms
[34.638s][info][gc,cpu        ] GC(305) User=0.01s Sys=0.00s Real=0.00s
[34.638s][info][safepoint     ] Leaving safepoint region
[34.638s][info][safepoint     ] Total time for which application threads were stopped: 0.0017147 seconds, Stopping threads took: 0.0000176 seconds
[34.638s][info][gc            ] GC(306) Concurrent Cycle
[34.638s][info][gc,marking    ] GC(306) Concurrent Clear Claimed Marks
[34.639s][info][gc,marking    ] GC(306) Concurrent Clear Claimed Marks 0.164ms
[34.639s][info][gc,marking    ] GC(306) Concurrent Scan Root Regions
[34.639s][info][gc,marking    ] GC(306) Concurrent Scan Root Regions 0.097ms
[34.639s][info][gc,marking    ] GC(306) Concurrent Mark (34.639s)
[34.639s][info][gc,marking    ] GC(306) Concurrent Mark From Roots
[34.639s][info][gc,task       ] GC(306) Using 2 workers of 2 for marking
[34.654s][info][gc,marking    ] GC(306) Concurrent Mark From Roots 15.336ms
[34.654s][info][gc,marking    ] GC(306) Concurrent Preclean
[34.654s][info][gc,marking    ] GC(306) Concurrent Preclean 0.066ms
[34.654s][info][gc,marking    ] GC(306) Concurrent Mark (34.639s, 34.654s) 15.475ms
[34.654s][info][safepoint     ] Application time: 0.0158228 seconds
[34.661s][info][safepoint     ] Entering safepoint region: CGC_Operation
[34.661s][info][gc,start      ] GC(306) Pause Remark
[34.668s][info][gc,stringtable] GC(306) Cleaned string and symbol table, strings: 20131 processed, 0 removed, symbols: 132181 processed, 0 removed
[34.668s][info][gc            ] GC(306) Pause Remark 397M->397M(1342M) 7.019ms
[34.668s][info][gc,cpu        ] GC(306) User=0.03s Sys=0.00s Real=0.01s
[34.668s][info][safepoint     ] Leaving safepoint region
[34.668s][info][safepoint     ] Total time for which application threads were stopped: 0.0140983 seconds, Stopping threads took: 0.0068818 seconds
[34.668s][info][gc,marking    ] GC(306) Concurrent Rebuild Remembered Sets
[34.680s][info][gc,marking    ] GC(306) Concurrent Rebuild Remembered Sets 11.298ms
[34.680s][info][safepoint     ] Application time: 0.0114955 seconds
[34.691s][info][safepoint     ] Entering safepoint region: CGC_Operation
[34.691s][info][gc,start      ] GC(306) Pause Cleanup
[34.691s][info][gc            ] GC(306) Pause Cleanup 588M->588M(1342M) 0.338ms
[34.692s][info][gc,cpu        ] GC(306) User=0.01s Sys=0.00s Real=0.00s
[34.692s][info][safepoint     ] Leaving safepoint region
[34.692s][info][safepoint     ] Total time for which application threads were stopped: 0.0117748 seconds, Stopping threads took: 0.0110841 seconds
[34.692s][info][gc,marking    ] GC(306) Concurrent Cleanup for Next Mark
[34.696s][info][gc,marking    ] GC(306) Concurrent Cleanup for Next Mark 4.573ms
[34.697s][info][gc            ] GC(306) Concurrent Cycle 58.229ms
[34.697s][info][safepoint     ] Application time: 0.0053264 seconds
[34.697s][info][safepoint     ] Entering safepoint region: G1CollectForAllocation
[34.697s][info][gc,start      ] GC(307) Pause Young (Concurrent Start) (G1 Humongous Allocation)
[34.697s][info][gc,task       ] GC(307) Using 8 workers of 8 for evacuation
[34.701s][info][gc,phases     ] GC(307)   Pre Evacuate Collection Set: 0.2ms
[34.701s][info][gc,phases     ] GC(307)   Evacuate Collection Set: 1.7ms
[34.701s][info][gc,phases     ] GC(307)   Post Evacuate Collection Set: 1.5ms
[34.701s][info][gc,phases     ] GC(307)   Other: 0.4ms
[34.701s][info][gc,heap       ] GC(307) Eden regions: 1->0(804)
[34.701s][info][gc,heap       ] GC(307) Survivor regions: 1->1(101)
[34.701s][info][gc,heap       ] GC(307) Old regions: 15->15
[34.701s][info][gc,heap       ] GC(307) Humongous regions: 573->0
[34.701s][info][gc,metaspace  ] GC(307) Metaspace: 38647K->38647K(1085440K)
[34.702s][info][gc            ] GC(307) Pause Young (Concurrent Start) (G1 Humongous Allocation) 588M->15M(1342M) 4.201ms
[34.702s][info][gc,cpu        ] GC(307) User=0.01s Sys=0.00s Real=0.00s
[34.702s][info][safepoint     ] Leaving safepoint region
[34.702s][info][safepoint     ] Total time for which application threads were stopped: 0.0047091 seconds, Stopping threads took: 0.0000657 seconds
[34.702s][info][gc            ] GC(308) Concurrent Cycle
[34.702s][info][gc,marking    ] GC(308) Concurrent Clear Claimed Marks
[34.702s][info][gc,marking    ] GC(308) Concurrent Clear Claimed Marks 0.374ms
[34.702s][info][gc,marking    ] GC(308) Concurrent Scan Root Regions
[34.703s][info][gc,marking    ] GC(308) Concurrent Scan Root Regions 0.203ms
[34.703s][info][gc,marking    ] GC(308) Concurrent Mark (34.703s)
[34.703s][info][gc,marking    ] GC(308) Concurrent Mark From Roots
[34.703s][info][gc,task       ] GC(308) Using 2 workers of 2 for marking
[34.721s][info][gc,marking    ] GC(308) Concurrent Mark From Roots 18.703ms
[34.721s][info][gc,marking    ] GC(308) Concurrent Preclean
[34.722s][info][gc,marking    ] GC(308) Concurrent Preclean 0.238ms
[34.722s][info][gc,marking    ] GC(308) Concurrent Mark (34.703s, 34.722s) 19.094ms
[34.722s][info][safepoint     ] Application time: 0.0198463 seconds
[34.722s][info][safepoint     ] Entering safepoint region: CGC_Operation
[34.722s][info][gc,start      ] GC(308) Pause Remark
[34.725s][info][gc,stringtable] GC(308) Cleaned string and symbol table, strings: 20131 processed, 0 removed, symbols: 132181 processed, 0 removed
[34.726s][info][gc            ] GC(308) Pause Remark 206M->206M(1342M) 4.259ms
[34.726s][info][gc,cpu        ] GC(308) User=0.02s Sys=0.00s Real=0.00s
[34.726s][info][safepoint     ] Leaving safepoint region
[34.726s][info][safepoint     ] Total time for which application threads were stopped: 0.0045850 seconds, Stopping threads took: 0.0000623 seconds
[34.726s][info][gc,marking    ] GC(308) Concurrent Rebuild Remembered Sets
[34.737s][info][gc,marking    ] GC(308) Concurrent Rebuild Remembered Sets 10.607ms
[34.737s][info][safepoint     ] Application time: 0.0108751 seconds
[34.737s][info][safepoint     ] Entering safepoint region: CGC_Operation
[34.737s][info][gc,start      ] GC(308) Pause Cleanup
[34.738s][info][gc            ] GC(308) Pause Cleanup 397M->397M(1342M) 0.235ms
[34.738s][info][gc,cpu        ] GC(308) User=0.00s Sys=0.00s Real=0.00s
[34.738s][info][safepoint     ] Leaving safepoint region
[34.738s][info][safepoint     ] Total time for which application threads were stopped: 0.0004982 seconds, Stopping threads took: 0.0000447 seconds
[34.738s][info][gc,marking    ] GC(308) Concurrent Cleanup for Next Mark
[34.739s][info][gc,marking    ] GC(308) Concurrent Cleanup for Next Mark 1.276ms
[34.739s][info][gc            ] GC(308) Concurrent Cycle 37.289ms
[34.755s][info][safepoint     ] Application time: 0.0174426 seconds
[34.755s][info][safepoint     ] Entering safepoint region: G1CollectForAllocation
[34.755s][info][gc,start      ] GC(309) Pause Young (Concurrent Start) (G1 Humongous Allocation)
[34.755s][info][gc,task       ] GC(309) Using 8 workers of 8 for evacuation
[34.757s][info][gc,phases     ] GC(309)   Pre Evacuate Collection Set: 0.1ms
[34.757s][info][gc,phases     ] GC(309)   Evacuate Collection Set: 1.2ms
[34.757s][info][gc,phases     ] GC(309)   Post Evacuate Collection Set: 0.3ms
[34.757s][info][gc,phases     ] GC(309)   Other: 0.2ms
[34.757s][info][gc,heap       ] GC(309) Eden regions: 1->0(804)
[34.757s][info][gc,heap       ] GC(309) Survivor regions: 1->1(101)
[34.757s][info][gc,heap       ] GC(309) Old regions: 15->15
[34.757s][info][gc,heap       ] GC(309) Humongous regions: 573->0
[34.757s][info][gc,metaspace  ] GC(309) Metaspace: 38647K->38647K(1085440K)
[34.757s][info][gc            ] GC(309) Pause Young (Concurrent Start) (G1 Humongous Allocation) 588M->15M(1342M) 1.897ms
[34.757s][info][gc,cpu        ] GC(309) User=0.01s Sys=0.00s Real=0.01s
[34.757s][info][safepoint     ] Leaving safepoint region
[34.757s][info][safepoint     ] Total time for which application threads were stopped: 0.0020202 seconds, Stopping threads took: 0.0000175 seconds
[34.757s][info][gc            ] GC(310) Concurrent Cycle
[34.757s][info][gc,marking    ] GC(310) Concurrent Clear Claimed Marks
[34.757s][info][gc,marking    ] GC(310) Concurrent Clear Claimed Marks 0.085ms
[34.757s][info][gc,marking    ] GC(310) Concurrent Scan Root Regions
[34.757s][info][gc,marking    ] GC(310) Concurrent Scan Root Regions 0.128ms
[34.757s][info][gc,marking    ] GC(310) Concurrent Mark (34.757s)
[34.758s][info][gc,marking    ] GC(310) Concurrent Mark From Roots
[34.758s][info][gc,task       ] GC(310) Using 2 workers of 2 for marking
[34.770s][info][gc,marking    ] GC(310) Concurrent Mark From Roots 12.175ms
[34.770s][info][gc,marking    ] GC(310) Concurrent Preclean
[34.770s][info][gc,marking    ] GC(310) Concurrent Preclean 0.060ms
[34.770s][info][gc,marking    ] GC(310) Concurrent Mark (34.757s, 34.770s) 12.298ms
[34.770s][info][safepoint     ] Application time: 0.0126152 seconds
[34.770s][info][safepoint     ] Entering safepoint region: CGC_Operation
[34.770s][info][gc,start      ] GC(310) Pause Remark
[34.773s][info][gc,stringtable] GC(310) Cleaned string and symbol table, strings: 20131 processed, 0 removed, symbols: 132181 processed, 0 removed
[34.773s][info][gc            ] GC(310) Pause Remark 206M->206M(1342M) 2.941ms
[34.773s][info][gc,cpu        ] GC(310) User=0.02s Sys=0.00s Real=0.00s
[34.773s][info][safepoint     ] Leaving safepoint region
[34.773s][info][safepoint     ] Total time for which application threads were stopped: 0.0032860 seconds, Stopping threads took: 0.0000151 seconds
[34.773s][info][gc,marking    ] GC(310) Concurrent Rebuild Remembered Sets
[34.783s][info][gc,marking    ] GC(310) Concurrent Rebuild Remembered Sets 9.712ms
[34.783s][info][safepoint     ] Application time: 0.0099185 seconds
[34.783s][info][safepoint     ] Entering safepoint region: CGC_Operation
[34.783s][info][gc,start      ] GC(310) Pause Cleanup
[34.783s][info][gc            ] GC(310) Pause Cleanup 397M->397M(1342M) 0.210ms
[34.783s][info][gc,cpu        ] GC(310) User=0.00s Sys=0.00s Real=0.00s
[34.784s][info][safepoint     ] Leaving safepoint region
[34.784s][info][safepoint     ] Total time for which application threads were stopped: 0.0004134 seconds, Stopping threads took: 0.0000155 seconds
[34.784s][info][gc,marking    ] GC(310) Concurrent Cleanup for Next Mark
[34.785s][info][gc,marking    ] GC(310) Concurrent Cleanup for Next Mark 1.415ms
[34.785s][info][gc            ] GC(310) Concurrent Cycle 27.825ms
[34.802s][info][safepoint     ] Application time: 0.0187603 seconds
[34.802s][info][safepoint     ] Entering safepoint region: G1CollectForAllocation
[34.802s][info][gc,start      ] GC(311) Pause Young (Concurrent Start) (G1 Humongous Allocation)
[34.802s][info][gc,task       ] GC(311) Using 8 workers of 8 for evacuation
[34.804s][info][gc,phases     ] GC(311)   Pre Evacuate Collection Set: 0.1ms
[34.804s][info][gc,phases     ] GC(311)   Evacuate Collection Set: 1.3ms
[34.804s][info][gc,phases     ] GC(311)   Post Evacuate Collection Set: 0.4ms
[34.804s][info][gc,phases     ] GC(311)   Other: 0.2ms
[34.804s][info][gc,heap       ] GC(311) Eden regions: 2->0(804)
[34.804s][info][gc,heap       ] GC(311) Survivor regions: 1->1(101)
[34.804s][info][gc,heap       ] GC(311) Old regions: 15->15
[34.804s][info][gc,heap       ] GC(311) Humongous regions: 573->0
[34.804s][info][gc,metaspace  ] GC(311) Metaspace: 38647K->38647K(1085440K)
[34.804s][info][gc            ] GC(311) Pause Young (Concurrent Start) (G1 Humongous Allocation) 589M->15M(1342M) 2.035ms
[34.804s][info][gc,cpu        ] GC(311) User=0.01s Sys=0.00s Real=0.00s
[34.804s][info][safepoint     ] Leaving safepoint region
[34.804s][info][gc            ] GC(312) Concurrent Cycle
[34.804s][info][safepoint     ] Total time for which application threads were stopped: 0.0021498 seconds, Stopping threads took: 0.0000151 seconds
[34.804s][info][gc,marking    ] GC(312) Concurrent Clear Claimed Marks
[34.805s][info][gc,marking    ] GC(312) Concurrent Clear Claimed Marks 0.142ms
[34.805s][info][gc,marking    ] GC(312) Concurrent Scan Root Regions
[34.805s][info][gc,marking    ] GC(312) Concurrent Scan Root Regions 0.160ms
[34.805s][info][gc,marking    ] GC(312) Concurrent Mark (34.805s)
[34.805s][info][gc,marking    ] GC(312) Concurrent Mark From Roots
[34.805s][info][gc,task       ] GC(312) Using 2 workers of 2 for marking
[34.819s][info][gc,marking    ] GC(312) Concurrent Mark From Roots 14.042ms
[34.819s][info][gc,marking    ] GC(312) Concurrent Preclean
[34.819s][info][gc,marking    ] GC(312) Concurrent Preclean 0.072ms
[34.819s][info][gc,marking    ] GC(312) Concurrent Mark (34.805s, 34.819s) 14.192ms
[34.819s][info][safepoint     ] Application time: 0.0145748 seconds
[34.826s][info][safepoint     ] Entering safepoint region: CGC_Operation
[34.826s][info][gc,start      ] GC(312) Pause Remark
[34.831s][info][gc,stringtable] GC(312) Cleaned string and symbol table, strings: 20131 processed, 0 removed, symbols: 132181 processed, 0 removed
[34.831s][info][gc            ] GC(312) Pause Remark 397M->397M(1342M) 4.990ms
[34.831s][info][gc,cpu        ] GC(312) User=0.02s Sys=0.00s Real=0.01s
[34.831s][info][safepoint     ] Leaving safepoint region
[34.831s][info][safepoint     ] Total time for which application threads were stopped: 0.0122845 seconds, Stopping threads took: 0.0070409 seconds
[34.831s][info][gc,marking    ] GC(312) Concurrent Rebuild Remembered Sets
[34.840s][info][gc,marking    ] GC(312) Concurrent Rebuild Remembered Sets 8.819ms
[34.840s][info][safepoint     ] Application time: 0.0089224 seconds
[34.846s][info][safepoint     ] Entering safepoint region: CGC_Operation
[34.846s][info][gc,start      ] GC(312) Pause Cleanup
[34.846s][info][gc            ] GC(312) Pause Cleanup 588M->588M(1342M) 0.182ms
[34.846s][info][gc,cpu        ] GC(312) User=0.00s Sys=0.00s Real=0.01s
[34.847s][info][safepoint     ] Leaving safepoint region
[34.847s][info][safepoint     ] Total time for which application threads were stopped: 0.0062008 seconds, Stopping threads took: 0.0058707 seconds
[34.847s][info][gc,marking    ] GC(312) Concurrent Cleanup for Next Mark
[34.848s][info][gc,marking    ] GC(312) Concurrent Cleanup for Next Mark 1.468ms
[34.848s][info][gc            ] GC(312) Concurrent Cycle 43.604ms
[34.852s][info][safepoint     ] Application time: 0.0055452 seconds
[34.852s][info][safepoint     ] Entering safepoint region: G1CollectForAllocation
[34.852s][info][gc,start      ] GC(313) Pause Young (Concurrent Start) (G1 Humongous Allocation)
[34.852s][info][gc,task       ] GC(313) Using 8 workers of 8 for evacuation
[34.854s][info][gc,phases     ] GC(313)   Pre Evacuate Collection Set: 0.1ms
[34.854s][info][gc,phases     ] GC(313)   Evacuate Collection Set: 1.1ms
[34.854s][info][gc,phases     ] GC(313)   Post Evacuate Collection Set: 0.3ms
[34.854s][info][gc,phases     ] GC(313)   Other: 0.2ms
[34.854s][info][gc,heap       ] GC(313) Eden regions: 1->0(804)
[34.854s][info][gc,heap       ] GC(313) Survivor regions: 1->1(101)
[34.854s][info][gc,heap       ] GC(313) Old regions: 15->15
[34.854s][info][gc,heap       ] GC(313) Humongous regions: 573->0
[34.854s][info][gc,metaspace  ] GC(313) Metaspace: 38647K->38647K(1085440K)
[34.854s][info][gc            ] GC(313) Pause Young (Concurrent Start) (G1 Humongous Allocation) 588M->15M(1342M) 1.768ms
[34.854s][info][gc,cpu        ] GC(313) User=0.01s Sys=0.00s Real=0.00s
[34.854s][info][safepoint     ] Leaving safepoint region
[34.854s][info][gc            ] GC(314) Concurrent Cycle
[34.854s][info][safepoint     ] Total time for which application threads were stopped: 0.0018955 seconds, Stopping threads took: 0.0000146 seconds
[34.854s][info][gc,marking    ] GC(314) Concurrent Clear Claimed Marks
[34.854s][info][gc,marking    ] GC(314) Concurrent Clear Claimed Marks 0.079ms
[34.854s][info][gc,marking    ] GC(314) Concurrent Scan Root Regions
[34.854s][info][gc,marking    ] GC(314) Concurrent Scan Root Regions 0.122ms
[34.854s][info][gc,marking    ] GC(314) Concurrent Mark (34.854s)
[34.854s][info][gc,marking    ] GC(314) Concurrent Mark From Roots
[34.854s][info][gc,task       ] GC(314) Using 2 workers of 2 for marking
[34.866s][info][gc,marking    ] GC(314) Concurrent Mark From Roots 11.431ms
[34.866s][info][gc,marking    ] GC(314) Concurrent Preclean
[34.866s][info][gc,marking    ] GC(314) Concurrent Preclean 0.069ms
[34.866s][info][gc,marking    ] GC(314) Concurrent Mark (34.854s, 34.866s) 11.569ms
[34.866s][info][safepoint     ] Application time: 0.0118451 seconds
[34.866s][info][safepoint     ] Entering safepoint region: CGC_Operation
[34.866s][info][gc,start      ] GC(314) Pause Remark
[34.868s][info][gc,stringtable] GC(314) Cleaned string and symbol table, strings: 20131 processed, 0 removed, symbols: 132181 processed, 0 removed
[34.868s][info][gc            ] GC(314) Pause Remark 206M->206M(1342M) 2.173ms
[34.868s][info][gc,cpu        ] GC(314) User=0.01s Sys=0.00s Real=0.01s
[34.868s][info][safepoint     ] Leaving safepoint region
[34.868s][info][safepoint     ] Total time for which application threads were stopped: 0.0023377 seconds, Stopping threads took: 0.0000133 seconds
[34.868s][info][gc,marking    ] GC(314) Concurrent Rebuild Remembered Sets
[34.875s][info][gc,marking    ] GC(314) Concurrent Rebuild Remembered Sets 7.087ms
[34.876s][info][safepoint     ] Application time: 0.0072974 seconds
[34.876s][info][safepoint     ] Entering safepoint region: CGC_Operation
[34.876s][info][gc,start      ] GC(314) Pause Cleanup
[34.876s][info][gc            ] GC(314) Pause Cleanup 397M->397M(1342M) 0.183ms
[34.876s][info][gc,cpu        ] GC(314) User=0.00s Sys=0.00s Real=0.00s
[34.876s][info][safepoint     ] Leaving safepoint region
[34.876s][info][safepoint     ] Total time for which application threads were stopped: 0.0003492 seconds, Stopping threads took: 0.0000147 seconds
[34.876s][info][gc,marking    ] GC(314) Concurrent Cleanup for Next Mark
[34.877s][info][gc,marking    ] GC(314) Concurrent Cleanup for Next Mark 1.414ms
[34.877s][info][gc            ] GC(314) Concurrent Cycle 23.374ms
[34.892s][info][safepoint     ] Application time: 0.0156503 seconds
[34.892s][info][safepoint     ] Entering safepoint region: G1CollectForAllocation
[34.892s][info][gc,start      ] GC(315) Pause Young (Concurrent Start) (G1 Humongous Allocation)
[34.892s][info][gc,task       ] GC(315) Using 8 workers of 8 for evacuation
[34.894s][info][gc,phases     ] GC(315)   Pre Evacuate Collection Set: 0.2ms
[34.894s][info][gc,phases     ] GC(315)   Evacuate Collection Set: 1.1ms
[34.894s][info][gc,phases     ] GC(315)   Post Evacuate Collection Set: 0.3ms
[34.894s][info][gc,phases     ] GC(315)   Other: 0.3ms
[34.894s][info][gc,heap       ] GC(315) Eden regions: 1->0(804)
[34.894s][info][gc,heap       ] GC(315) Survivor regions: 1->1(101)
[34.894s][info][gc,heap       ] GC(315) Old regions: 15->15
[34.894s][info][gc,heap       ] GC(315) Humongous regions: 573->0
[34.894s][info][gc,metaspace  ] GC(315) Metaspace: 38647K->38647K(1085440K)
[34.894s][info][gc            ] GC(315) Pause Young (Concurrent Start) (G1 Humongous Allocation) 589M->15M(1342M) 2.057ms
[34.894s][info][gc,cpu        ] GC(315) User=0.01s Sys=0.00s Real=0.00s
[34.894s][info][safepoint     ] Leaving safepoint region
[34.894s][info][safepoint     ] Total time for which application threads were stopped: 0.0022375 seconds, Stopping threads took: 0.0000212 seconds
[34.894s][info][gc            ] GC(316) Concurrent Cycle
[34.894s][info][gc,marking    ] GC(316) Concurrent Clear Claimed Marks
[34.894s][info][gc,marking    ] GC(316) Concurrent Clear Claimed Marks 0.102ms
[34.894s][info][gc,marking    ] GC(316) Concurrent Scan Root Regions
[34.894s][info][gc,marking    ] GC(316) Concurrent Scan Root Regions 0.072ms
[34.894s][info][gc,marking    ] GC(316) Concurrent Mark (34.894s)
[34.894s][info][gc,marking    ] GC(316) Concurrent Mark From Roots
[34.894s][info][gc,task       ] GC(316) Using 2 workers of 2 for marking
[34.905s][info][gc,marking    ] GC(316) Concurrent Mark From Roots 10.545ms
[34.905s][info][gc,marking    ] GC(316) Concurrent Preclean
[34.905s][info][gc,marking    ] GC(316) Concurrent Preclean 0.075ms
[34.905s][info][gc,marking    ] GC(316) Concurrent Mark (34.894s, 34.905s) 10.721ms
[34.905s][info][safepoint     ] Application time: 0.0110468 seconds
[34.905s][info][safepoint     ] Entering safepoint region: CGC_Operation
[34.905s][info][gc,start      ] GC(316) Pause Remark
[34.907s][info][gc,stringtable] GC(316) Cleaned string and symbol table, strings: 20131 processed, 0 removed, symbols: 132181 processed, 0 removed
[34.907s][info][gc            ] GC(316) Pause Remark 206M->206M(1342M) 2.336ms
[34.907s][info][gc,cpu        ] GC(316) User=0.01s Sys=0.00s Real=0.01s
[34.907s][info][safepoint     ] Leaving safepoint region
[34.907s][info][safepoint     ] Total time for which application threads were stopped: 0.0025429 seconds, Stopping threads took: 0.0000442 seconds
[34.907s][info][gc,marking    ] GC(316) Concurrent Rebuild Remembered Sets
[34.916s][info][gc,marking    ] GC(316) Concurrent Rebuild Remembered Sets 8.192ms
[34.916s][info][safepoint     ] Application time: 0.0082828 seconds
[34.916s][info][safepoint     ] Entering safepoint region: CGC_Operation
[34.916s][info][gc,start      ] GC(316) Pause Cleanup
[34.916s][info][gc            ] GC(316) Pause Cleanup 397M->397M(1342M) 0.274ms
[34.916s][info][gc,cpu        ] GC(316) User=0.00s Sys=0.00s Real=0.00s
[34.916s][info][safepoint     ] Leaving safepoint region
[34.916s][info][safepoint     ] Total time for which application threads were stopped: 0.0004599 seconds, Stopping threads took: 0.0000332 seconds
[34.916s][info][gc,marking    ] GC(316) Concurrent Cleanup for Next Mark
[34.919s][info][gc,marking    ] GC(316) Concurrent Cleanup for Next Mark 3.021ms
[34.919s][info][gc            ] GC(316) Concurrent Cycle 25.431ms
[34.942s][info][safepoint     ] Application time: 0.0260624 seconds
[34.942s][info][safepoint     ] Entering safepoint region: G1CollectForAllocation
[34.942s][info][gc,start      ] GC(317) Pause Young (Concurrent Start) (G1 Humongous Allocation)
[34.942s][info][gc,task       ] GC(317) Using 8 workers of 8 for evacuation
[34.946s][info][gc,phases     ] GC(317)   Pre Evacuate Collection Set: 0.1ms
[34.946s][info][gc,phases     ] GC(317)   Evacuate Collection Set: 2.6ms
[34.946s][info][gc,phases     ] GC(317)   Post Evacuate Collection Set: 0.8ms
[34.946s][info][gc,phases     ] GC(317)   Other: 0.2ms
[34.946s][info][gc,heap       ] GC(317) Eden regions: 1->0(804)
[34.946s][info][gc,heap       ] GC(317) Survivor regions: 1->1(101)
[34.946s][info][gc,heap       ] GC(317) Old regions: 15->15
[34.946s][info][gc,heap       ] GC(317) Humongous regions: 573->0
[34.946s][info][gc,metaspace  ] GC(317) Metaspace: 38647K->38647K(1085440K)
[34.946s][info][gc            ] GC(317) Pause Young (Concurrent Start) (G1 Humongous Allocation) 588M->15M(1342M) 4.016ms
[34.947s][info][gc,cpu        ] GC(317) User=0.00s Sys=0.00s Real=0.01s
[34.947s][info][gc            ] GC(318) Concurrent Cycle
[34.947s][info][safepoint     ] Leaving safepoint region
[34.947s][info][gc,marking    ] GC(318) Concurrent Clear Claimed Marks
[34.947s][info][safepoint     ] Total time for which application threads were stopped: 0.0042408 seconds, Stopping threads took: 0.0000245 seconds
[34.947s][info][gc,marking    ] GC(318) Concurrent Clear Claimed Marks 0.161ms
[34.947s][info][gc,marking    ] GC(318) Concurrent Scan Root Regions
[34.947s][info][gc,marking    ] GC(318) Concurrent Scan Root Regions 0.160ms
[34.947s][info][gc,marking    ] GC(318) Concurrent Mark (34.947s)
[34.947s][info][gc,marking    ] GC(318) Concurrent Mark From Roots
[34.947s][info][gc,task       ] GC(318) Using 2 workers of 2 for marking
[34.967s][info][gc,marking    ] GC(318) Concurrent Mark From Roots 19.909ms
[34.967s][info][gc,marking    ] GC(318) Concurrent Preclean
[34.967s][info][gc,marking    ] GC(318) Concurrent Preclean 0.105ms
[34.967s][info][gc,marking    ] GC(318) Concurrent Mark (34.947s, 34.967s) 20.181ms
[34.967s][info][safepoint     ] Application time: 0.0205600 seconds
[34.967s][info][safepoint     ] Entering safepoint region: CGC_Operation
[34.967s][info][gc,start      ] GC(318) Pause Remark
[34.970s][info][gc,stringtable] GC(318) Cleaned string and symbol table, strings: 20131 processed, 0 removed, symbols: 132181 processed, 0 removed
[34.971s][info][gc            ] GC(318) Pause Remark 206M->206M(1342M) 3.271ms
[34.971s][info][gc,cpu        ] GC(318) User=0.01s Sys=0.01s Real=0.00s
[34.971s][info][safepoint     ] Leaving safepoint region
[34.971s][info][safepoint     ] Total time for which application threads were stopped: 0.0034469 seconds, Stopping threads took: 0.0000153 seconds
[34.971s][info][gc,marking    ] GC(318) Concurrent Rebuild Remembered Sets
[34.980s][info][gc,marking    ] GC(318) Concurrent Rebuild Remembered Sets 9.570ms
[34.980s][info][safepoint     ] Application time: 0.0097512 seconds
[34.982s][info][safepoint     ] Entering safepoint region: CGC_Operation
[34.982s][info][gc,start      ] GC(318) Pause Cleanup
[34.983s][info][gc            ] GC(318) Pause Cleanup 397M->397M(1342M) 0.196ms
[34.983s][info][gc,cpu        ] GC(318) User=0.00s Sys=0.00s Real=0.00s
[34.983s][info][safepoint     ] Leaving safepoint region
[34.983s][info][safepoint     ] Total time for which application threads were stopped: 0.0022595 seconds, Stopping threads took: 0.0019244 seconds
[34.983s][info][gc,marking    ] GC(318) Concurrent Cleanup for Next Mark
[34.984s][info][gc,marking    ] GC(318) Concurrent Cleanup for Next Mark 1.275ms
[34.984s][info][gc            ] GC(318) Concurrent Cycle 37.566ms
[35.003s][info][safepoint     ] Application time: 0.0201996 seconds
[35.003s][info][safepoint     ] Entering safepoint region: G1CollectForAllocation
[35.003s][info][gc,start      ] GC(319) Pause Young (Concurrent Start) (G1 Humongous Allocation)
[35.003s][info][gc,task       ] GC(319) Using 8 workers of 8 for evacuation
[35.005s][info][gc,phases     ] GC(319)   Pre Evacuate Collection Set: 0.1ms
[35.005s][info][gc,phases     ] GC(319)   Evacuate Collection Set: 0.8ms
[35.005s][info][gc,phases     ] GC(319)   Post Evacuate Collection Set: 0.4ms
[35.005s][info][gc,phases     ] GC(319)   Other: 0.2ms
[35.005s][info][gc,heap       ] GC(319) Eden regions: 1->0(804)
[35.005s][info][gc,heap       ] GC(319) Survivor regions: 1->1(101)
[35.005s][info][gc,heap       ] GC(319) Old regions: 15->16
[35.005s][info][gc,heap       ] GC(319) Humongous regions: 573->0
[35.005s][info][gc,metaspace  ] GC(319) Metaspace: 38647K->38647K(1085440K)
[35.005s][info][gc            ] GC(319) Pause Young (Concurrent Start) (G1 Humongous Allocation) 588M->15M(1342M) 1.611ms
[35.005s][info][gc,cpu        ] GC(319) User=0.00s Sys=0.00s Real=0.00s
[35.005s][info][safepoint     ] Leaving safepoint region
[35.005s][info][safepoint     ] Total time for which application threads were stopped: 0.0017520 seconds, Stopping threads took: 0.0000145 seconds
[35.005s][info][gc            ] GC(320) Concurrent Cycle
[35.005s][info][gc,marking    ] GC(320) Concurrent Clear Claimed Marks
[35.005s][info][gc,marking    ] GC(320) Concurrent Clear Claimed Marks 0.145ms
[35.005s][info][gc,marking    ] GC(320) Concurrent Scan Root Regions
[35.005s][info][gc,marking    ] GC(320) Concurrent Scan Root Regions 0.071ms
[35.005s][info][gc,marking    ] GC(320) Concurrent Mark (35.005s)
[35.005s][info][gc,marking    ] GC(320) Concurrent Mark From Roots
[35.005s][info][gc,task       ] GC(320) Using 2 workers of 2 for marking
[35.018s][info][gc,marking    ] GC(320) Concurrent Mark From Roots 13.099ms
[35.018s][info][gc,marking    ] GC(320) Concurrent Preclean
[35.018s][info][gc,marking    ] GC(320) Concurrent Preclean 0.050ms
[35.018s][info][gc,marking    ] GC(320) Concurrent Mark (35.005s, 35.018s) 13.214ms
[35.018s][info][safepoint     ] Application time: 0.0135877 seconds
[35.025s][info][safepoint     ] Entering safepoint region: CGC_Operation
[35.026s][info][gc,start      ] GC(320) Pause Remark
[35.028s][info][gc,stringtable] GC(320) Cleaned string and symbol table, strings: 20131 processed, 0 removed, symbols: 132181 processed, 0 removed
[35.029s][info][gc            ] GC(320) Pause Remark 397M->397M(1342M) 3.120ms
[35.029s][info][gc,cpu        ] GC(320) User=0.02s Sys=0.00s Real=0.01s
[35.029s][info][safepoint     ] Leaving safepoint region
[35.029s][info][safepoint     ] Total time for which application threads were stopped: 0.0105141 seconds, Stopping threads took: 0.0072282 seconds
[35.029s][info][gc,marking    ] GC(320) Concurrent Rebuild Remembered Sets
[35.036s][info][gc,marking    ] GC(320) Concurrent Rebuild Remembered Sets 7.030ms
[35.036s][info][safepoint     ] Application time: 0.0072160 seconds
[35.042s][info][safepoint     ] Entering safepoint region: CGC_Operation
[35.042s][info][gc,start      ] GC(320) Pause Cleanup
[35.042s][info][gc            ] GC(320) Pause Cleanup 588M->588M(1342M) 0.209ms
[35.042s][info][gc,cpu        ] GC(320) User=0.00s Sys=0.00s Real=0.00s
[35.042s][info][safepoint     ] Leaving safepoint region
[35.042s][info][safepoint     ] Total time for which application threads were stopped: 0.0060026 seconds, Stopping threads took: 0.0056110 seconds
[35.042s][info][gc,marking    ] GC(320) Concurrent Cleanup for Next Mark
[35.043s][info][gc,marking    ] GC(320) Concurrent Cleanup for Next Mark 1.031ms
[35.043s][info][gc            ] GC(320) Concurrent Cycle 38.447ms
[35.048s][info][safepoint     ] Application time: 0.0056450 seconds
[35.048s][info][safepoint     ] Entering safepoint region: G1CollectForAllocation
[35.048s][info][gc,start      ] GC(321) Pause Young (Concurrent Start) (G1 Humongous Allocation)
[35.048s][info][gc,task       ] GC(321) Using 8 workers of 8 for evacuation
[35.050s][info][gc,phases     ] GC(321)   Pre Evacuate Collection Set: 0.1ms
[35.050s][info][gc,phases     ] GC(321)   Evacuate Collection Set: 1.0ms
[35.050s][info][gc,phases     ] GC(321)   Post Evacuate Collection Set: 0.4ms
[35.050s][info][gc,phases     ] GC(321)   Other: 0.2ms
[35.050s][info][gc,heap       ] GC(321) Eden regions: 1->0(804)
[35.050s][info][gc,heap       ] GC(321) Survivor regions: 1->1(101)
[35.050s][info][gc,heap       ] GC(321) Old regions: 16->16
[35.050s][info][gc,heap       ] GC(321) Humongous regions: 573->0
[35.050s][info][gc,metaspace  ] GC(321) Metaspace: 38647K->38647K(1085440K)
[35.050s][info][gc            ] GC(321) Pause Young (Concurrent Start) (G1 Humongous Allocation) 588M->15M(1342M) 1.760ms
[35.050s][info][gc,cpu        ] GC(321) User=0.01s Sys=0.00s Real=0.00s
[35.050s][info][safepoint     ] Leaving safepoint region
[35.050s][info][safepoint     ] Total time for which application threads were stopped: 0.0019965 seconds, Stopping threads took: 0.0000446 seconds
[35.050s][info][gc            ] GC(322) Concurrent Cycle
[35.050s][info][gc,marking    ] GC(322) Concurrent Clear Claimed Marks
[35.050s][info][gc,marking    ] GC(322) Concurrent Clear Claimed Marks 0.102ms
[35.050s][info][gc,marking    ] GC(322) Concurrent Scan Root Regions
[35.050s][info][gc,marking    ] GC(322) Concurrent Scan Root Regions 0.067ms
[35.050s][info][gc,marking    ] GC(322) Concurrent Mark (35.050s)
[35.050s][info][gc,marking    ] GC(322) Concurrent Mark From Roots
[35.050s][info][gc,task       ] GC(322) Using 2 workers of 2 for marking
[35.060s][info][gc,marking    ] GC(322) Concurrent Mark From Roots 10.110ms
[35.060s][info][gc,marking    ] GC(322) Concurrent Preclean
[35.060s][info][gc,marking    ] GC(322) Concurrent Preclean 0.045ms
[35.060s][info][gc,marking    ] GC(322) Concurrent Mark (35.050s, 35.060s) 10.281ms
[35.060s][info][safepoint     ] Application time: 0.0105628 seconds
[35.060s][info][safepoint     ] Entering safepoint region: CGC_Operation
[35.060s][info][gc,start      ] GC(322) Pause Remark
[35.062s][info][gc,stringtable] GC(322) Cleaned string and symbol table, strings: 20131 processed, 0 removed, symbols: 132181 processed, 0 removed
[35.063s][info][gc            ] GC(322) Pause Remark 206M->206M(1342M) 2.361ms
[35.063s][info][gc,cpu        ] GC(322) User=0.02s Sys=0.00s Real=0.00s
[35.063s][info][safepoint     ] Leaving safepoint region
[35.063s][info][safepoint     ] Total time for which application threads were stopped: 0.0025593 seconds, Stopping threads took: 0.0000137 seconds
[35.063s][info][gc,marking    ] GC(322) Concurrent Rebuild Remembered Sets
[35.070s][info][gc,marking    ] GC(322) Concurrent Rebuild Remembered Sets 7.002ms
[35.070s][info][safepoint     ] Application time: 0.0071215 seconds
[35.070s][info][safepoint     ] Entering safepoint region: CGC_Operation
[35.070s][info][gc,start      ] GC(322) Pause Cleanup
[35.070s][info][gc            ] GC(322) Pause Cleanup 397M->397M(1342M) 0.230ms
[35.070s][info][gc,cpu        ] GC(322) User=0.00s Sys=0.00s Real=0.00s
[35.070s][info][safepoint     ] Leaving safepoint region
[35.070s][info][safepoint     ] Total time for which application threads were stopped: 0.0004149 seconds, Stopping threads took: 0.0000138 seconds
[35.070s][info][gc,marking    ] GC(322) Concurrent Cleanup for Next Mark
[35.072s][info][gc,marking    ] GC(322) Concurrent Cleanup for Next Mark 1.034ms
[35.072s][info][gc            ] GC(322) Concurrent Cycle 21.725ms
[35.088s][info][safepoint     ] Application time: 0.0172774 seconds
[35.088s][info][safepoint     ] Entering safepoint region: G1CollectForAllocation
[35.088s][info][gc,start      ] GC(323) Pause Young (Concurrent Start) (G1 Humongous Allocation)
[35.088s][info][gc,task       ] GC(323) Using 8 workers of 8 for evacuation
[35.090s][info][gc,phases     ] GC(323)   Pre Evacuate Collection Set: 0.1ms
[35.090s][info][gc,phases     ] GC(323)   Evacuate Collection Set: 1.0ms
[35.090s][info][gc,phases     ] GC(323)   Post Evacuate Collection Set: 0.4ms
[35.090s][info][gc,phases     ] GC(323)   Other: 0.2ms
[35.090s][info][gc,heap       ] GC(323) Eden regions: 1->0(804)
[35.090s][info][gc,heap       ] GC(323) Survivor regions: 1->1(101)
[35.090s][info][gc,heap       ] GC(323) Old regions: 16->16
[35.090s][info][gc,heap       ] GC(323) Humongous regions: 573->0
[35.090s][info][gc,metaspace  ] GC(323) Metaspace: 38647K->38647K(1085440K)
[35.090s][info][gc            ] GC(323) Pause Young (Concurrent Start) (G1 Humongous Allocation) 588M->15M(1342M) 1.740ms
[35.090s][info][gc,cpu        ] GC(323) User=0.00s Sys=0.00s Real=0.00s
[35.090s][info][safepoint     ] Leaving safepoint region
[35.090s][info][safepoint     ] Total time for which application threads were stopped: 0.0019570 seconds, Stopping threads took: 0.0000158 seconds
[35.090s][info][gc            ] GC(324) Concurrent Cycle
[35.090s][info][gc,marking    ] GC(324) Concurrent Clear Claimed Marks
[35.090s][info][gc,marking    ] GC(324) Concurrent Clear Claimed Marks 0.098ms
[35.090s][info][gc,marking    ] GC(324) Concurrent Scan Root Regions
[35.090s][info][gc,marking    ] GC(324) Concurrent Scan Root Regions 0.076ms
[35.090s][info][gc,marking    ] GC(324) Concurrent Mark (35.090s)
[35.090s][info][gc,marking    ] GC(324) Concurrent Mark From Roots
[35.090s][info][gc,task       ] GC(324) Using 2 workers of 2 for marking
[35.100s][info][gc,marking    ] GC(324) Concurrent Mark From Roots 9.834ms
[35.100s][info][gc,marking    ] GC(324) Concurrent Preclean
[35.100s][info][gc,marking    ] GC(324) Concurrent Preclean 0.045ms
[35.100s][info][gc,marking    ] GC(324) Concurrent Mark (35.090s, 35.100s) 10.004ms
[35.100s][info][safepoint     ] Application time: 0.0103180 seconds
[35.100s][info][safepoint     ] Entering safepoint region: CGC_Operation
[35.100s][info][gc,start      ] GC(324) Pause Remark
[35.102s][info][gc,stringtable] GC(324) Cleaned string and symbol table, strings: 20131 processed, 0 removed, symbols: 132181 processed, 0 removed
[35.102s][info][gc            ] GC(324) Pause Remark 206M->206M(1342M) 2.140ms
[35.102s][info][gc,cpu        ] GC(324) User=0.01s Sys=0.00s Real=0.00s
[35.102s][info][safepoint     ] Leaving safepoint region
[35.102s][info][safepoint     ] Total time for which application threads were stopped: 0.0023364 seconds, Stopping threads took: 0.0000143 seconds
[35.102s][info][gc,marking    ] GC(324) Concurrent Rebuild Remembered Sets
[35.110s][info][gc,marking    ] GC(324) Concurrent Rebuild Remembered Sets 7.281ms
[35.110s][info][safepoint     ] Application time: 0.0073984 seconds
[35.110s][info][safepoint     ] Entering safepoint region: CGC_Operation
[35.110s][info][gc,start      ] GC(324) Pause Cleanup
[35.110s][info][gc            ] GC(324) Pause Cleanup 397M->397M(1342M) 0.195ms
[35.110s][info][gc,cpu        ] GC(324) User=0.00s Sys=0.00s Real=0.00s
[35.110s][info][safepoint     ] Leaving safepoint region
[35.110s][info][safepoint     ] Total time for which application threads were stopped: 0.0003622 seconds, Stopping threads took: 0.0000481 seconds
[35.110s][info][gc,marking    ] GC(324) Concurrent Cleanup for Next Mark
[35.111s][info][gc,marking    ] GC(324) Concurrent Cleanup for Next Mark 1.101ms
[35.111s][info][gc            ] GC(324) Concurrent Cycle 21.552ms
[35.128s][info][safepoint     ] Application time: 0.0175552 seconds
[35.128s][info][safepoint     ] Entering safepoint region: G1CollectForAllocation
[35.128s][info][gc,start      ] GC(325) Pause Young (Concurrent Start) (G1 Humongous Allocation)
[35.128s][info][gc,task       ] GC(325) Using 8 workers of 8 for evacuation
[35.130s][info][gc,phases     ] GC(325)   Pre Evacuate Collection Set: 0.1ms
[35.130s][info][gc,phases     ] GC(325)   Evacuate Collection Set: 1.1ms
[35.130s][info][gc,phases     ] GC(325)   Post Evacuate Collection Set: 0.4ms
[35.130s][info][gc,phases     ] GC(325)   Other: 0.2ms
[35.130s][info][gc,heap       ] GC(325) Eden regions: 1->0(804)
[35.130s][info][gc,heap       ] GC(325) Survivor regions: 1->1(101)
[35.130s][info][gc,heap       ] GC(325) Old regions: 16->16
[35.130s][info][gc,heap       ] GC(325) Humongous regions: 573->0
[35.130s][info][gc,metaspace  ] GC(325) Metaspace: 38647K->38647K(1085440K)
[35.130s][info][gc            ] GC(325) Pause Young (Concurrent Start) (G1 Humongous Allocation) 588M->15M(1342M) 1.877ms
[35.130s][info][gc,cpu        ] GC(325) User=0.01s Sys=0.00s Real=0.00s
[35.130s][info][safepoint     ] Leaving safepoint region
[35.130s][info][safepoint     ] Total time for which application threads were stopped: 0.0021080 seconds, Stopping threads took: 0.0000196 seconds
[35.130s][info][gc            ] GC(326) Concurrent Cycle
[35.130s][info][gc,marking    ] GC(326) Concurrent Clear Claimed Marks
[35.130s][info][gc,marking    ] GC(326) Concurrent Clear Claimed Marks 0.057ms
[35.130s][info][gc,marking    ] GC(326) Concurrent Scan Root Regions
[35.130s][info][gc,marking    ] GC(326) Concurrent Scan Root Regions 0.071ms
[35.130s][info][gc,marking    ] GC(326) Concurrent Mark (35.130s)
[35.130s][info][gc,marking    ] GC(326) Concurrent Mark From Roots
[35.130s][info][gc,task       ] GC(326) Using 2 workers of 2 for marking
[35.141s][info][gc,marking    ] GC(326) Concurrent Mark From Roots 10.758ms
[35.141s][info][gc,marking    ] GC(326) Concurrent Preclean
[35.141s][info][gc,marking    ] GC(326) Concurrent Preclean 0.046ms
[35.141s][info][gc,marking    ] GC(326) Concurrent Mark (35.130s, 35.141s) 10.870ms
[35.141s][info][safepoint     ] Application time: 0.0110846 seconds
[35.141s][info][safepoint     ] Entering safepoint region: CGC_Operation
[35.141s][info][gc,start      ] GC(326) Pause Remark
[35.143s][info][gc,stringtable] GC(326) Cleaned string and symbol table, strings: 20131 processed, 0 removed, symbols: 132181 processed, 0 removed
[35.143s][info][gc            ] GC(326) Pause Remark 206M->206M(1342M) 2.219ms
[35.143s][info][gc,cpu        ] GC(326) User=0.01s Sys=0.01s Real=0.00s
[35.143s][info][safepoint     ] Leaving safepoint region
[35.143s][info][safepoint     ] Total time for which application threads were stopped: 0.0024165 seconds, Stopping threads took: 0.0000132 seconds
[35.143s][info][gc,marking    ] GC(326) Concurrent Rebuild Remembered Sets
[35.151s][info][gc,marking    ] GC(326) Concurrent Rebuild Remembered Sets 7.057ms
[35.151s][info][safepoint     ] Application time: 0.0071441 seconds
[35.151s][info][safepoint     ] Entering safepoint region: CGC_Operation
[35.151s][info][gc,start      ] GC(326) Pause Cleanup
[35.151s][info][gc            ] GC(326) Pause Cleanup 397M->397M(1342M) 0.159ms
[35.151s][info][gc,cpu        ] GC(326) User=0.00s Sys=0.00s Real=0.00s
[35.151s][info][safepoint     ] Leaving safepoint region
[35.151s][info][safepoint     ] Total time for which application threads were stopped: 0.0004839 seconds, Stopping threads took: 0.0000134 seconds
[35.151s][info][gc,marking    ] GC(326) Concurrent Cleanup for Next Mark
[35.152s][info][gc,marking    ] GC(326) Concurrent Cleanup for Next Mark 1.110ms
[35.152s][info][gc            ] GC(326) Concurrent Cycle 22.356ms
[35.174s][info][safepoint     ] Application time: 0.0233783 seconds
[35.175s][info][safepoint     ] Entering safepoint region: G1CollectForAllocation
[35.175s][info][gc,start      ] GC(327) Pause Young (Concurrent Start) (G1 Humongous Allocation)
[35.175s][info][gc,task       ] GC(327) Using 8 workers of 8 for evacuation
[35.178s][info][gc,phases     ] GC(327)   Pre Evacuate Collection Set: 0.4ms
[35.178s][info][gc,phases     ] GC(327)   Evacuate Collection Set: 1.6ms
[35.178s][info][gc,phases     ] GC(327)   Post Evacuate Collection Set: 1.0ms
[35.178s][info][gc,phases     ] GC(327)   Other: 0.5ms
[35.178s][info][gc,heap       ] GC(327) Eden regions: 1->0(804)
[35.178s][info][gc,heap       ] GC(327) Survivor regions: 1->1(101)
[35.178s][info][gc,heap       ] GC(327) Old regions: 16->16
[35.178s][info][gc,heap       ] GC(327) Humongous regions: 573->0
[35.178s][info][gc,metaspace  ] GC(327) Metaspace: 38647K->38647K(1085440K)
[35.178s][info][gc            ] GC(327) Pause Young (Concurrent Start) (G1 Humongous Allocation) 588M->15M(1342M) 3.661ms
[35.179s][info][gc,cpu        ] GC(327) User=0.01s Sys=0.00s Real=0.01s
[35.179s][info][safepoint     ] Leaving safepoint region
[35.179s][info][gc            ] GC(328) Concurrent Cycle
[35.179s][info][safepoint     ] Total time for which application threads were stopped: 0.0040332 seconds, Stopping threads took: 0.0000784 seconds
[35.179s][info][gc,marking    ] GC(328) Concurrent Clear Claimed Marks
[35.179s][info][gc,marking    ] GC(328) Concurrent Clear Claimed Marks 0.332ms
[35.179s][info][gc,marking    ] GC(328) Concurrent Scan Root Regions
[35.179s][info][gc,marking    ] GC(328) Concurrent Scan Root Regions 0.155ms
[35.179s][info][gc,marking    ] GC(328) Concurrent Mark (35.179s)
[35.179s][info][gc,marking    ] GC(328) Concurrent Mark From Roots
[35.179s][info][gc,task       ] GC(328) Using 2 workers of 2 for marking
[35.195s][info][gc,marking    ] GC(328) Concurrent Mark From Roots 15.612ms
[35.195s][info][gc,marking    ] GC(328) Concurrent Preclean
[35.195s][info][gc,marking    ] GC(328) Concurrent Preclean 0.143ms
[35.195s][info][gc,marking    ] GC(328) Concurrent Mark (35.179s, 35.195s) 15.907ms
[35.195s][info][safepoint     ] Application time: 0.0164683 seconds
[35.195s][info][safepoint     ] Entering safepoint region: CGC_Operation
[35.195s][info][gc,start      ] GC(328) Pause Remark
[35.198s][info][gc,stringtable] GC(328) Cleaned string and symbol table, strings: 20131 processed, 0 removed, symbols: 132181 processed, 0 removed
[35.198s][info][gc            ] GC(328) Pause Remark 206M->206M(1342M) 3.075ms
[35.198s][info][gc,cpu        ] GC(328) User=0.02s Sys=0.00s Real=0.01s
[35.198s][info][safepoint     ] Leaving safepoint region
[35.198s][info][safepoint     ] Total time for which application threads were stopped: 0.0032119 seconds, Stopping threads took: 0.0000163 seconds
[35.198s][info][gc,marking    ] GC(328) Concurrent Rebuild Remembered Sets
[35.208s][info][gc,marking    ] GC(328) Concurrent Rebuild Remembered Sets 9.644ms
[35.208s][info][safepoint     ] Application time: 0.0099153 seconds
[35.213s][info][safepoint     ] Entering safepoint region: CGC_Operation
[35.213s][info][gc,start      ] GC(328) Pause Cleanup
[35.213s][info][gc            ] GC(328) Pause Cleanup 397M->397M(1342M) 0.157ms
[35.213s][info][gc,cpu        ] GC(328) User=0.00s Sys=0.00s Real=0.00s
[35.213s][info][safepoint     ] Leaving safepoint region
[35.213s][info][safepoint     ] Total time for which application threads were stopped: 0.0045875 seconds, Stopping threads took: 0.0042897 seconds
[35.213s][info][gc,marking    ] GC(328) Concurrent Cleanup for Next Mark
[35.214s][info][gc,marking    ] GC(328) Concurrent Cleanup for Next Mark 1.023ms
[35.214s][info][gc            ] GC(328) Concurrent Cycle 35.419ms
[35.230s][info][safepoint     ] Application time: 0.0171706 seconds
[35.230s][info][safepoint     ] Entering safepoint region: G1CollectForAllocation
[35.230s][info][gc,start      ] GC(329) Pause Young (Concurrent Start) (G1 Humongous Allocation)
[35.230s][info][gc,task       ] GC(329) Using 8 workers of 8 for evacuation
[35.232s][info][gc,phases     ] GC(329)   Pre Evacuate Collection Set: 0.1ms
[35.232s][info][gc,phases     ] GC(329)   Evacuate Collection Set: 0.8ms
[35.232s][info][gc,phases     ] GC(329)   Post Evacuate Collection Set: 0.3ms
[35.232s][info][gc,phases     ] GC(329)   Other: 0.1ms
[35.232s][info][gc,heap       ] GC(329) Eden regions: 1->0(804)
[35.232s][info][gc,heap       ] GC(329) Survivor regions: 1->1(101)
[35.232s][info][gc,heap       ] GC(329) Old regions: 16->16
[35.232s][info][gc,heap       ] GC(329) Humongous regions: 573->0
[35.232s][info][gc,metaspace  ] GC(329) Metaspace: 38647K->38647K(1085440K)
[35.232s][info][gc            ] GC(329) Pause Young (Concurrent Start) (G1 Humongous Allocation) 588M->15M(1342M) 1.437ms
[35.232s][info][gc,cpu        ] GC(329) User=0.00s Sys=0.00s Real=0.00s
[35.232s][info][safepoint     ] Leaving safepoint region
[35.232s][info][safepoint     ] Total time for which application threads were stopped: 0.0015587 seconds, Stopping threads took: 0.0000149 seconds
[35.232s][info][gc            ] GC(330) Concurrent Cycle
[35.232s][info][gc,marking    ] GC(330) Concurrent Clear Claimed Marks
[35.232s][info][gc,marking    ] GC(330) Concurrent Clear Claimed Marks 0.028ms
[35.232s][info][gc,marking    ] GC(330) Concurrent Scan Root Regions
[35.232s][info][gc,marking    ] GC(330) Concurrent Scan Root Regions 0.128ms
[35.232s][info][gc,marking    ] GC(330) Concurrent Mark (35.232s)
[35.232s][info][gc,marking    ] GC(330) Concurrent Mark From Roots
[35.232s][info][gc,task       ] GC(330) Using 2 workers of 2 for marking
[35.242s][info][gc,marking    ] GC(330) Concurrent Mark From Roots 10.249ms
[35.242s][info][gc,marking    ] GC(330) Concurrent Preclean
[35.242s][info][gc,marking    ] GC(330) Concurrent Preclean 0.047ms
[35.242s][info][gc,marking    ] GC(330) Concurrent Mark (35.232s, 35.242s) 10.417ms
[35.242s][info][safepoint     ] Application time: 0.0106601 seconds
[35.242s][info][safepoint     ] Entering safepoint region: CGC_Operation
[35.242s][info][gc,start      ] GC(330) Pause Remark
[35.244s][info][gc,stringtable] GC(330) Cleaned string and symbol table, strings: 20131 processed, 0 removed, symbols: 132181 processed, 0 removed
[35.245s][info][gc            ] GC(330) Pause Remark 206M->206M(1342M) 2.203ms
[35.245s][info][gc,cpu        ] GC(330) User=0.01s Sys=0.00s Real=0.00s
[35.245s][info][safepoint     ] Leaving safepoint region
[35.245s][info][safepoint     ] Total time for which application threads were stopped: 0.0024017 seconds, Stopping threads took: 0.0000139 seconds
[35.245s][info][gc,marking    ] GC(330) Concurrent Rebuild Remembered Sets
[35.252s][info][gc,marking    ] GC(330) Concurrent Rebuild Remembered Sets 7.413ms
[35.252s][info][safepoint     ] Application time: 0.0076178 seconds
[35.252s][info][safepoint     ] Entering safepoint region: CGC_Operation
[35.253s][info][gc,start      ] GC(330) Pause Cleanup
[35.253s][info][gc            ] GC(330) Pause Cleanup 397M->397M(1342M) 0.241ms
[35.253s][info][gc,cpu        ] GC(330) User=0.00s Sys=0.00s Real=0.00s
[35.253s][info][safepoint     ] Leaving safepoint region
[35.253s][info][safepoint     ] Total time for which application threads were stopped: 0.0004579 seconds, Stopping threads took: 0.0000150 seconds
[35.253s][info][gc,marking    ] GC(330) Concurrent Cleanup for Next Mark
[35.254s][info][gc,marking    ] GC(330) Concurrent Cleanup for Next Mark 1.345ms
[35.254s][info][gc            ] GC(330) Concurrent Cycle 22.654ms
[35.270s][info][safepoint     ] Application time: 0.0168057 seconds
[35.270s][info][safepoint     ] Entering safepoint region: G1CollectForAllocation
[35.270s][info][gc,start      ] GC(331) Pause Young (Concurrent Start) (G1 Humongous Allocation)
[35.270s][info][gc,task       ] GC(331) Using 8 workers of 8 for evacuation
[35.271s][info][gc,phases     ] GC(331)   Pre Evacuate Collection Set: 0.1ms
[35.271s][info][gc,phases     ] GC(331)   Evacuate Collection Set: 0.8ms
[35.271s][info][gc,phases     ] GC(331)   Post Evacuate Collection Set: 0.3ms
[35.271s][info][gc,phases     ] GC(331)   Other: 0.2ms
[35.271s][info][gc,heap       ] GC(331) Eden regions: 1->0(804)
[35.271s][info][gc,heap       ] GC(331) Survivor regions: 1->1(101)
[35.271s][info][gc,heap       ] GC(331) Old regions: 16->16
[35.271s][info][gc,heap       ] GC(331) Humongous regions: 573->0
[35.271s][info][gc,metaspace  ] GC(331) Metaspace: 38647K->38647K(1085440K)
[35.271s][info][gc            ] GC(331) Pause Young (Concurrent Start) (G1 Humongous Allocation) 588M->15M(1342M) 1.574ms
[35.271s][info][gc,cpu        ] GC(331) User=0.01s Sys=0.00s Real=0.00s
[35.271s][info][safepoint     ] Leaving safepoint region
[35.271s][info][safepoint     ] Total time for which application threads were stopped: 0.0017173 seconds, Stopping threads took: 0.0000152 seconds
[35.271s][info][gc            ] GC(332) Concurrent Cycle
[35.271s][info][gc,marking    ] GC(332) Concurrent Clear Claimed Marks
[35.272s][info][gc,marking    ] GC(332) Concurrent Clear Claimed Marks 0.100ms
[35.272s][info][gc,marking    ] GC(332) Concurrent Scan Root Regions
[35.272s][info][gc,marking    ] GC(332) Concurrent Scan Root Regions 0.073ms
[35.272s][info][gc,marking    ] GC(332) Concurrent Mark (35.272s)
[35.272s][info][gc,marking    ] GC(332) Concurrent Mark From Roots
[35.272s][info][gc,task       ] GC(332) Using 2 workers of 2 for marking
[35.282s][info][gc,marking    ] GC(332) Concurrent Mark From Roots 10.362ms
[35.282s][info][gc,marking    ] GC(332) Concurrent Preclean
[35.282s][info][gc,marking    ] GC(332) Concurrent Preclean 0.048ms
[35.282s][info][gc,marking    ] GC(332) Concurrent Mark (35.272s, 35.282s) 10.534ms
[35.282s][info][safepoint     ] Application time: 0.0107943 seconds
[35.282s][info][safepoint     ] Entering safepoint region: CGC_Operation
[35.282s][info][gc,start      ] GC(332) Pause Remark
[35.284s][info][gc,stringtable] GC(332) Cleaned string and symbol table, strings: 20131 processed, 0 removed, symbols: 132181 processed, 0 removed
[35.285s][info][gc            ] GC(332) Pause Remark 206M->206M(1342M) 2.170ms
[35.285s][info][gc,cpu        ] GC(332) User=0.02s Sys=0.00s Real=0.00s
[35.285s][info][safepoint     ] Leaving safepoint region
[35.285s][info][safepoint     ] Total time for which application threads were stopped: 0.0023587 seconds, Stopping threads took: 0.0000128 seconds
[35.285s][info][gc,marking    ] GC(332) Concurrent Rebuild Remembered Sets
[35.292s][info][gc,marking    ] GC(332) Concurrent Rebuild Remembered Sets 7.078ms
[35.292s][info][safepoint     ] Application time: 0.0072793 seconds
[35.292s][info][safepoint     ] Entering safepoint region: CGC_Operation
[35.292s][info][gc,start      ] GC(332) Pause Cleanup
[35.292s][info][gc            ] GC(332) Pause Cleanup 397M->397M(1342M) 0.267ms
[35.292s][info][gc,cpu        ] GC(332) User=0.00s Sys=0.00s Real=0.00s
[35.292s][info][safepoint     ] Leaving safepoint region
[35.292s][info][safepoint     ] Total time for which application threads were stopped: 0.0004672 seconds, Stopping threads took: 0.0000140 seconds
[35.292s][info][gc,marking    ] GC(332) Concurrent Cleanup for Next Mark
[35.294s][info][gc,marking    ] GC(332) Concurrent Cleanup for Next Mark 1.188ms
[35.294s][info][gc            ] GC(332) Concurrent Cycle 22.212ms
[35.310s][info][safepoint     ] Application time: 0.0171894 seconds
[35.310s][info][safepoint     ] Entering safepoint region: G1CollectForAllocation
[35.310s][info][gc,start      ] GC(333) Pause Young (Concurrent Start) (G1 Humongous Allocation)
[35.310s][info][gc,task       ] GC(333) Using 8 workers of 8 for evacuation
[35.324s][info][gc,phases     ] GC(333)   Pre Evacuate Collection Set: 0.1ms
[35.324s][info][gc,phases     ] GC(333)   Evacuate Collection Set: 0.8ms
[35.324s][info][gc,phases     ] GC(333)   Post Evacuate Collection Set: 12.9ms
[35.324s][info][gc,phases     ] GC(333)   Other: 0.2ms
[35.324s][info][gc,heap       ] GC(333) Eden regions: 1->0(804)
[35.324s][info][gc,heap       ] GC(333) Survivor regions: 1->1(101)
[35.324s][info][gc,heap       ] GC(333) Old regions: 16->16
[35.324s][info][gc,heap       ] GC(333) Humongous regions: 573->0
[35.324s][info][gc,metaspace  ] GC(333) Metaspace: 38647K->38647K(1085440K)
[35.324s][info][gc            ] GC(333) Pause Young (Concurrent Start) (G1 Humongous Allocation) 588M->15M(1342M) 14.252ms
[35.324s][info][gc,cpu        ] GC(333) User=0.00s Sys=0.00s Real=0.01s
[35.324s][info][safepoint     ] Leaving safepoint region
[35.324s][info][safepoint     ] Total time for which application threads were stopped: 0.0143910 seconds, Stopping threads took: 0.0000169 seconds
[35.325s][info][gc            ] GC(334) Concurrent Cycle
[35.325s][info][gc,marking    ] GC(334) Concurrent Clear Claimed Marks
[35.325s][info][gc,marking    ] GC(334) Concurrent Clear Claimed Marks 0.184ms
[35.325s][info][gc,marking    ] GC(334) Concurrent Scan Root Regions
[35.326s][info][gc,marking    ] GC(334) Concurrent Scan Root Regions 0.708ms
[35.326s][info][gc,marking    ] GC(334) Concurrent Mark (35.326s)
[35.326s][info][gc,marking    ] GC(334) Concurrent Mark From Roots
[35.326s][info][gc,task       ] GC(334) Using 2 workers of 2 for marking
[35.346s][info][gc,marking    ] GC(334) Concurrent Mark From Roots 20.611ms
[35.346s][info][gc,marking    ] GC(334) Concurrent Preclean
[35.346s][info][gc,marking    ] GC(334) Concurrent Preclean 0.085ms
[35.346s][info][gc,marking    ] GC(334) Concurrent Mark (35.326s, 35.346s) 20.799ms
[35.346s][info][safepoint     ] Application time: 0.0223746 seconds
[35.355s][info][safepoint     ] Entering safepoint region: CGC_Operation
[35.355s][info][gc,start      ] GC(334) Pause Remark
[35.359s][info][gc,stringtable] GC(334) Cleaned string and symbol table, strings: 20131 processed, 0 removed, symbols: 132181 processed, 0 removed
[35.359s][info][gc            ] GC(334) Pause Remark 397M->397M(1342M) 4.442ms
[35.359s][info][gc,cpu        ] GC(334) User=0.02s Sys=0.00s Real=0.01s
[35.359s][info][safepoint     ] Leaving safepoint region
[35.359s][info][safepoint     ] Total time for which application threads were stopped: 0.0129943 seconds, Stopping threads took: 0.0084016 seconds
[35.359s][info][gc,marking    ] GC(334) Concurrent Rebuild Remembered Sets
[35.371s][info][gc,marking    ] GC(334) Concurrent Rebuild Remembered Sets 11.723ms
[35.371s][info][safepoint     ] Application time: 0.0118604 seconds
[35.373s][info][safepoint     ] Entering safepoint region: CGC_Operation
[35.373s][info][gc,start      ] GC(334) Pause Cleanup
[35.373s][info][gc            ] GC(334) Pause Cleanup 588M->588M(1342M) 0.198ms
[35.373s][info][gc,cpu        ] GC(334) User=0.00s Sys=0.00s Real=0.00s
[35.373s][info][safepoint     ] Leaving safepoint region
[35.373s][info][safepoint     ] Total time for which application threads were stopped: 0.0020134 seconds, Stopping threads took: 0.0016899 seconds
[35.373s][info][gc,marking    ] GC(334) Concurrent Cleanup for Next Mark
[35.375s][info][gc,marking    ] GC(334) Concurrent Cleanup for Next Mark 1.308ms
[35.375s][info][gc            ] GC(334) Concurrent Cycle 50.236ms
[35.379s][info][safepoint     ] Application time: 0.0053130 seconds
[35.379s][info][safepoint     ] Entering safepoint region: G1CollectForAllocation
[35.379s][info][gc,start      ] GC(335) Pause Young (Concurrent Start) (G1 Humongous Allocation)
[35.379s][info][gc,task       ] GC(335) Using 8 workers of 8 for evacuation
[35.381s][info][gc,phases     ] GC(335)   Pre Evacuate Collection Set: 0.1ms
[35.381s][info][gc,phases     ] GC(335)   Evacuate Collection Set: 0.9ms
[35.381s][info][gc,phases     ] GC(335)   Post Evacuate Collection Set: 0.3ms
[35.381s][info][gc,phases     ] GC(335)   Other: 0.3ms
[35.381s][info][gc,heap       ] GC(335) Eden regions: 1->0(804)
[35.381s][info][gc,heap       ] GC(335) Survivor regions: 1->1(101)
[35.381s][info][gc,heap       ] GC(335) Old regions: 16->16
[35.381s][info][gc,heap       ] GC(335) Humongous regions: 573->0
[35.381s][info][gc,metaspace  ] GC(335) Metaspace: 38647K->38647K(1085440K)
[35.381s][info][gc            ] GC(335) Pause Young (Concurrent Start) (G1 Humongous Allocation) 588M->15M(1342M) 1.776ms
[35.381s][info][gc,cpu        ] GC(335) User=0.01s Sys=0.00s Real=0.00s
[35.381s][info][safepoint     ] Leaving safepoint region
[35.381s][info][gc            ] GC(336) Concurrent Cycle
[35.381s][info][safepoint     ] Total time for which application threads were stopped: 0.0019138 seconds, Stopping threads took: 0.0000215 seconds
[35.381s][info][gc,marking    ] GC(336) Concurrent Clear Claimed Marks
[35.381s][info][gc,marking    ] GC(336) Concurrent Clear Claimed Marks 0.117ms
[35.381s][info][gc,marking    ] GC(336) Concurrent Scan Root Regions
[35.381s][info][gc,marking    ] GC(336) Concurrent Scan Root Regions 0.175ms
[35.381s][info][gc,marking    ] GC(336) Concurrent Mark (35.381s)
[35.381s][info][gc,marking    ] GC(336) Concurrent Mark From Roots
[35.381s][info][gc,task       ] GC(336) Using 2 workers of 2 for marking
[35.397s][info][gc,marking    ] GC(336) Concurrent Mark From Roots 16.233ms
[35.397s][info][gc,marking    ] GC(336) Concurrent Preclean
[35.397s][info][gc,marking    ] GC(336) Concurrent Preclean 0.068ms
[35.397s][info][gc,marking    ] GC(336) Concurrent Mark (35.381s, 35.397s) 16.395ms
[35.397s][info][safepoint     ] Application time: 0.0167346 seconds
[35.403s][info][safepoint     ] Entering safepoint region: CGC_Operation
[35.403s][info][gc,start      ] GC(336) Pause Remark
[35.406s][info][gc,stringtable] GC(336) Cleaned string and symbol table, strings: 20131 processed, 0 removed, symbols: 132181 processed, 0 removed
[35.406s][info][gc            ] GC(336) Pause Remark 397M->397M(1342M) 3.241ms
[35.407s][info][gc,cpu        ] GC(336) User=0.01s Sys=0.00s Real=0.01s
[35.407s][info][safepoint     ] Leaving safepoint region
[35.407s][info][safepoint     ] Total time for which application threads were stopped: 0.0090396 seconds, Stopping threads took: 0.0056301 seconds
[35.407s][info][gc,marking    ] GC(336) Concurrent Rebuild Remembered Sets
[35.417s][info][gc,marking    ] GC(336) Concurrent Rebuild Remembered Sets 10.595ms
[35.417s][info][safepoint     ] Application time: 0.0107140 seconds
[35.420s][info][safepoint     ] Entering safepoint region: CGC_Operation
[35.421s][info][gc,start      ] GC(336) Pause Cleanup
[35.421s][info][gc            ] GC(336) Pause Cleanup 588M->588M(1342M) 0.175ms
[35.421s][info][gc,cpu        ] GC(336) User=0.00s Sys=0.00s Real=0.00s
[35.421s][info][safepoint     ] Leaving safepoint region
[35.421s][info][safepoint     ] Total time for which application threads were stopped: 0.0034851 seconds, Stopping threads took: 0.0031816 seconds
[35.421s][info][gc,marking    ] GC(336) Concurrent Cleanup for Next Mark
[35.422s][info][gc,marking    ] GC(336) Concurrent Cleanup for Next Mark 1.424ms
[35.422s][info][gc            ] GC(336) Concurrent Cycle 41.588ms
[35.426s][info][safepoint     ] Application time: 0.0053046 seconds
[35.426s][info][safepoint     ] Entering safepoint region: G1CollectForAllocation
[35.426s][info][gc,start      ] GC(337) Pause Young (Concurrent Start) (G1 Humongous Allocation)
[35.426s][info][gc,task       ] GC(337) Using 8 workers of 8 for evacuation
[35.428s][info][gc,phases     ] GC(337)   Pre Evacuate Collection Set: 0.2ms
[35.428s][info][gc,phases     ] GC(337)   Evacuate Collection Set: 1.3ms
[35.428s][info][gc,phases     ] GC(337)   Post Evacuate Collection Set: 0.4ms
[35.428s][info][gc,phases     ] GC(337)   Other: 0.2ms
[35.428s][info][gc,heap       ] GC(337) Eden regions: 1->0(804)
[35.428s][info][gc,heap       ] GC(337) Survivor regions: 1->1(101)
[35.428s][info][gc,heap       ] GC(337) Old regions: 16->16
[35.429s][info][gc,heap       ] GC(337) Humongous regions: 573->0
[35.429s][info][gc,metaspace  ] GC(337) Metaspace: 38647K->38647K(1085440K)
[35.429s][info][gc            ] GC(337) Pause Young (Concurrent Start) (G1 Humongous Allocation) 588M->15M(1342M) 2.297ms
[35.429s][info][gc,cpu        ] GC(337) User=0.01s Sys=0.00s Real=0.01s
[35.429s][info][safepoint     ] Leaving safepoint region
[35.429s][info][gc            ] GC(338) Concurrent Cycle
[35.429s][info][safepoint     ] Total time for which application threads were stopped: 0.0024546 seconds, Stopping threads took: 0.0000228 seconds
[35.429s][info][gc,marking    ] GC(338) Concurrent Clear Claimed Marks
[35.429s][info][gc,marking    ] GC(338) Concurrent Clear Claimed Marks 0.171ms
[35.429s][info][gc,marking    ] GC(338) Concurrent Scan Root Regions
[35.429s][info][gc,marking    ] GC(338) Concurrent Scan Root Regions 0.104ms
[35.429s][info][gc,marking    ] GC(338) Concurrent Mark (35.429s)
[35.429s][info][gc,marking    ] GC(338) Concurrent Mark From Roots
[35.429s][info][gc,task       ] GC(338) Using 2 workers of 2 for marking
[35.445s][info][gc,marking    ] GC(338) Concurrent Mark From Roots 16.150ms
[35.445s][info][gc,marking    ] GC(338) Concurrent Preclean
[35.445s][info][gc,marking    ] GC(338) Concurrent Preclean 0.091ms
[35.445s][info][gc,marking    ] GC(338) Concurrent Mark (35.429s, 35.445s) 16.338ms
[35.445s][info][safepoint     ] Application time: 0.0166700 seconds
[35.451s][info][safepoint     ] Entering safepoint region: CGC_Operation
[35.451s][info][gc,start      ] GC(338) Pause Remark
[35.453s][info][gc,stringtable] GC(338) Cleaned string and symbol table, strings: 20131 processed, 0 removed, symbols: 132181 processed, 0 removed
[35.454s][info][gc            ] GC(338) Pause Remark 397M->397M(1342M) 2.738ms
[35.454s][info][gc,cpu        ] GC(338) User=0.01s Sys=0.00s Real=0.00s
[35.454s][info][safepoint     ] Leaving safepoint region
[35.454s][info][safepoint     ] Total time for which application threads were stopped: 0.0084952 seconds, Stopping threads took: 0.0056148 seconds
[35.454s][info][gc,marking    ] GC(338) Concurrent Rebuild Remembered Sets
[35.464s][info][gc,marking    ] GC(338) Concurrent Rebuild Remembered Sets 10.224ms
[35.464s][info][safepoint     ] Application time: 0.0103410 seconds
[35.469s][info][safepoint     ] Entering safepoint region: CGC_Operation
[35.469s][info][gc,start      ] GC(338) Pause Cleanup
[35.469s][info][gc            ] GC(338) Pause Cleanup 588M->588M(1342M) 0.194ms
[35.469s][info][gc,cpu        ] GC(338) User=0.00s Sys=0.00s Real=0.00s
[35.469s][info][safepoint     ] Leaving safepoint region
[35.469s][info][safepoint     ] Total time for which application threads were stopped: 0.0046788 seconds, Stopping threads took: 0.0043367 seconds
[35.469s][info][gc,marking    ] GC(338) Concurrent Cleanup for Next Mark
[35.471s][info][gc,marking    ] GC(338) Concurrent Cleanup for Next Mark 1.682ms
[35.471s][info][gc            ] GC(338) Concurrent Cycle 42.086ms
[35.474s][info][safepoint     ] Application time: 0.0051185 seconds
[35.474s][info][safepoint     ] Entering safepoint region: G1CollectForAllocation
[35.474s][info][gc,start      ] GC(339) Pause Young (Concurrent Start) (G1 Humongous Allocation)
[35.474s][info][gc,task       ] GC(339) Using 8 workers of 8 for evacuation
[35.478s][info][gc,phases     ] GC(339)   Pre Evacuate Collection Set: 0.1ms
[35.479s][info][gc,phases     ] GC(339)   Evacuate Collection Set: 1.8ms
[35.479s][info][gc,phases     ] GC(339)   Post Evacuate Collection Set: 1.8ms
[35.479s][info][gc,phases     ] GC(339)   Other: 0.3ms
[35.479s][info][gc,heap       ] GC(339) Eden regions: 1->0(870)
[35.479s][info][gc,heap       ] GC(339) Survivor regions: 1->1(101)
[35.479s][info][gc,heap       ] GC(339) Old regions: 16->16
[35.479s][info][gc,heap       ] GC(339) Humongous regions: 573->0
[35.479s][info][gc,metaspace  ] GC(339) Metaspace: 38647K->38647K(1085440K)
[35.479s][info][gc            ] GC(339) Pause Young (Concurrent Start) (G1 Humongous Allocation) 588M->15M(1453M) 5.101ms
[35.479s][info][gc,cpu        ] GC(339) User=0.01s Sys=0.01s Real=0.01s
[35.479s][info][safepoint     ] Leaving safepoint region
[35.479s][info][gc            ] GC(340) Concurrent Cycle
[35.479s][info][safepoint     ] Total time for which application threads were stopped: 0.0052578 seconds, Stopping threads took: 0.0000225 seconds
[35.479s][info][gc,marking    ] GC(340) Concurrent Clear Claimed Marks
[35.480s][info][gc,marking    ] GC(340) Concurrent Clear Claimed Marks 0.172ms
[35.480s][info][gc,marking    ] GC(340) Concurrent Scan Root Regions
[35.480s][info][gc,marking    ] GC(340) Concurrent Scan Root Regions 0.102ms
[35.480s][info][gc,marking    ] GC(340) Concurrent Mark (35.480s)
[35.480s][info][gc,marking    ] GC(340) Concurrent Mark From Roots
[35.480s][info][gc,task       ] GC(340) Using 2 workers of 2 for marking
[35.497s][info][gc,marking    ] GC(340) Concurrent Mark From Roots 17.466ms
[35.497s][info][gc,marking    ] GC(340) Concurrent Preclean
[35.497s][info][gc,marking    ] GC(340) Concurrent Preclean 0.093ms
[35.497s][info][gc,marking    ] GC(340) Concurrent Mark (35.480s, 35.497s) 17.666ms
[35.497s][info][safepoint     ] Application time: 0.0180048 seconds
[35.503s][info][safepoint     ] Entering safepoint region: CGC_Operation
[35.503s][info][gc,start      ] GC(340) Pause Remark
[35.508s][info][gc,stringtable] GC(340) Cleaned string and symbol table, strings: 20131 processed, 0 removed, symbols: 132181 processed, 0 removed
[35.509s][info][gc            ] GC(340) Pause Remark 397M->397M(1453M) 5.416ms
[35.509s][info][gc,cpu        ] GC(340) User=0.02s Sys=0.00s Real=0.01s
[35.509s][info][safepoint     ] Leaving safepoint region
[35.509s][info][safepoint     ] Total time for which application threads were stopped: 0.0114992 seconds, Stopping threads took: 0.0057137 seconds
[35.509s][info][gc,marking    ] GC(340) Concurrent Rebuild Remembered Sets
[35.522s][info][gc,marking    ] GC(340) Concurrent Rebuild Remembered Sets 13.223ms
[35.522s][info][safepoint     ] Application time: 0.0134206 seconds
[35.525s][info][safepoint     ] Entering safepoint region: CGC_Operation
[35.525s][info][gc,start      ] GC(340) Pause Cleanup
[35.525s][info][gc            ] GC(340) Pause Cleanup 588M->588M(1453M) 0.221ms
[35.525s][info][gc,cpu        ] GC(340) User=0.00s Sys=0.00s Real=0.00s
[35.525s][info][safepoint     ] Leaving safepoint region
[35.525s][info][safepoint     ] Total time for which application threads were stopped: 0.0028226 seconds, Stopping threads took: 0.0024394 seconds
[35.525s][info][gc,marking    ] GC(340) Concurrent Cleanup for Next Mark
[35.528s][info][gc,marking    ] GC(340) Concurrent Cleanup for Next Mark 2.295ms
[35.528s][info][gc            ] GC(340) Concurrent Cycle 48.365ms
[35.530s][info][safepoint     ] Application time: 0.0051356 seconds
[35.531s][info][safepoint     ] Entering safepoint region: G1CollectForAllocation
[35.531s][info][gc,start      ] GC(341) Pause Young (Concurrent Start) (G1 Humongous Allocation)
[35.531s][info][gc,task       ] GC(341) Using 8 workers of 8 for evacuation
[35.533s][info][gc,phases     ] GC(341)   Pre Evacuate Collection Set: 0.1ms
[35.533s][info][gc,phases     ] GC(341)   Evacuate Collection Set: 1.5ms
[35.533s][info][gc,phases     ] GC(341)   Post Evacuate Collection Set: 0.5ms
[35.533s][info][gc,phases     ] GC(341)   Other: 0.2ms
[35.533s][info][gc,heap       ] GC(341) Eden regions: 1->0(870)
[35.533s][info][gc,heap       ] GC(341) Survivor regions: 1->1(109)
[35.533s][info][gc,heap       ] GC(341) Old regions: 16->16
[35.533s][info][gc,heap       ] GC(341) Humongous regions: 573->0
[35.533s][info][gc,metaspace  ] GC(341) Metaspace: 38647K->38647K(1085440K)
[35.533s][info][gc            ] GC(341) Pause Young (Concurrent Start) (G1 Humongous Allocation) 588M->15M(1453M) 2.442ms
[35.533s][info][gc,cpu        ] GC(341) User=0.01s Sys=0.00s Real=0.00s
[35.533s][info][safepoint     ] Leaving safepoint region
[35.533s][info][gc            ] GC(342) Concurrent Cycle
[35.533s][info][safepoint     ] Total time for which application threads were stopped: 0.0026251 seconds, Stopping threads took: 0.0000233 seconds
[35.533s][info][gc,marking    ] GC(342) Concurrent Clear Claimed Marks
[35.533s][info][gc,marking    ] GC(342) Concurrent Clear Claimed Marks 0.163ms
[35.533s][info][gc,marking    ] GC(342) Concurrent Scan Root Regions
[35.533s][info][gc,marking    ] GC(342) Concurrent Scan Root Regions 0.110ms
[35.534s][info][gc,marking    ] GC(342) Concurrent Mark (35.534s)
[35.534s][info][gc,marking    ] GC(342) Concurrent Mark From Roots
[35.534s][info][gc,task       ] GC(342) Using 2 workers of 2 for marking
[35.551s][info][gc,marking    ] GC(342) Concurrent Mark From Roots 17.520ms
[35.551s][info][gc,marking    ] GC(342) Concurrent Preclean
[35.551s][info][gc,marking    ] GC(342) Concurrent Preclean 0.127ms
[35.551s][info][gc,marking    ] GC(342) Concurrent Mark (35.534s, 35.551s) 17.791ms
[35.551s][info][safepoint     ] Application time: 0.0181813 seconds
[35.561s][info][safepoint     ] Entering safepoint region: CGC_Operation
[35.561s][info][gc,start      ] GC(342) Pause Remark
[35.566s][info][gc,stringtable] GC(342) Cleaned string and symbol table, strings: 20131 processed, 0 removed, symbols: 132181 processed, 0 removed
[35.567s][info][gc            ] GC(342) Pause Remark 397M->397M(1453M) 5.585ms
[35.567s][info][gc,cpu        ] GC(342) User=0.02s Sys=0.01s Real=0.01s
[35.567s][info][safepoint     ] Leaving safepoint region
[35.567s][info][safepoint     ] Total time for which application threads were stopped: 0.0152941 seconds, Stopping threads took: 0.0094293 seconds
[35.567s][info][gc,marking    ] GC(342) Concurrent Rebuild Remembered Sets
[35.581s][info][gc,marking    ] GC(342) Concurrent Rebuild Remembered Sets 14.308ms
[35.581s][info][safepoint     ] Application time: 0.0144389 seconds
[35.586s][info][safepoint     ] Entering safepoint region: CGC_Operation
[35.587s][info][gc,start      ] GC(342) Pause Cleanup
[35.587s][info][gc            ] GC(342) Pause Cleanup 588M->588M(1453M) 0.645ms
[35.587s][info][gc,cpu        ] GC(342) User=0.00s Sys=0.00s Real=0.00s
[35.587s][info][safepoint     ] Leaving safepoint region
[35.587s][info][safepoint     ] Total time for which application threads were stopped: 0.0061737 seconds, Stopping threads took: 0.0051081 seconds
[35.588s][info][gc,marking    ] GC(342) Concurrent Cleanup for Next Mark
[35.591s][info][gc,marking    ] GC(342) Concurrent Cleanup for Next Mark 3.212ms
[35.591s][info][gc            ] GC(342) Concurrent Cycle 57.656ms
[35.593s][info][safepoint     ] Application time: 0.0054286 seconds
[35.593s][info][safepoint     ] Entering safepoint region: G1CollectForAllocation
[35.593s][info][gc,start      ] GC(343) Pause Young (Concurrent Start) (G1 Humongous Allocation)
[35.593s][info][gc,task       ] GC(343) Using 8 workers of 8 for evacuation
[35.597s][info][gc,phases     ] GC(343)   Pre Evacuate Collection Set: 0.3ms
[35.597s][info][gc,phases     ] GC(343)   Evacuate Collection Set: 2.7ms
[35.597s][info][gc,phases     ] GC(343)   Post Evacuate Collection Set: 0.5ms
[35.597s][info][gc,phases     ] GC(343)   Other: 0.7ms
[35.597s][info][gc,heap       ] GC(343) Eden regions: 1->0(870)
[35.597s][info][gc,heap       ] GC(343) Survivor regions: 1->1(109)
[35.597s][info][gc,heap       ] GC(343) Old regions: 16->16
[35.598s][info][gc,heap       ] GC(343) Humongous regions: 573->0
[35.598s][info][gc,metaspace  ] GC(343) Metaspace: 38647K->38647K(1085440K)
[35.598s][info][gc            ] GC(343) Pause Young (Concurrent Start) (G1 Humongous Allocation) 588M->15M(1453M) 4.323ms
[35.598s][info][gc,cpu        ] GC(343) User=0.00s Sys=0.00s Real=0.01s
[35.598s][info][safepoint     ] Leaving safepoint region
[35.598s][info][gc            ] GC(344) Concurrent Cycle
[35.598s][info][safepoint     ] Total time for which application threads were stopped: 0.0046681 seconds, Stopping threads took: 0.0000673 seconds
[35.598s][info][gc,marking    ] GC(344) Concurrent Clear Claimed Marks
[35.598s][info][gc,marking    ] GC(344) Concurrent Clear Claimed Marks 0.164ms
[35.598s][info][gc,marking    ] GC(344) Concurrent Scan Root Regions
[35.598s][info][gc,marking    ] GC(344) Concurrent Scan Root Regions 0.148ms
[35.598s][info][gc,marking    ] GC(344) Concurrent Mark (35.598s)
[35.598s][info][gc,marking    ] GC(344) Concurrent Mark From Roots
[35.598s][info][gc,task       ] GC(344) Using 2 workers of 2 for marking
[35.621s][info][gc,marking    ] GC(344) Concurrent Mark From Roots 22.484ms
[35.621s][info][gc,marking    ] GC(344) Concurrent Preclean
[35.621s][info][gc,marking    ] GC(344) Concurrent Preclean 0.131ms
[35.621s][info][gc,marking    ] GC(344) Concurrent Mark (35.598s, 35.621s) 22.782ms
[35.621s][info][safepoint     ] Application time: 0.0232388 seconds
[35.621s][info][safepoint     ] Entering safepoint region: CGC_Operation
[35.621s][info][gc,start      ] GC(344) Pause Remark
[35.629s][info][gc,stringtable] GC(344) Cleaned string and symbol table, strings: 20131 processed, 0 removed, symbols: 132181 processed, 0 removed
[35.629s][info][gc            ] GC(344) Pause Remark 206M->206M(1453M) 7.982ms
[35.629s][info][gc,cpu        ] GC(344) User=0.03s Sys=0.00s Real=0.01s
[35.629s][info][safepoint     ] Leaving safepoint region
[35.629s][info][safepoint     ] Total time for which application threads were stopped: 0.0082066 seconds, Stopping threads took: 0.0000266 seconds
[35.629s][info][gc,marking    ] GC(344) Concurrent Rebuild Remembered Sets
[35.640s][info][gc,marking    ] GC(344) Concurrent Rebuild Remembered Sets 11.111ms
[35.640s][info][safepoint     ] Application time: 0.0112265 seconds
[35.640s][info][safepoint     ] Entering safepoint region: CGC_Operation
[35.641s][info][gc,start      ] GC(344) Pause Cleanup
[35.641s][info][gc            ] GC(344) Pause Cleanup 397M->397M(1453M) 0.234ms
[35.641s][info][gc,cpu        ] GC(344) User=0.00s Sys=0.00s Real=0.00s
[35.641s][info][safepoint     ] Leaving safepoint region
[35.641s][info][safepoint     ] Total time for which application threads were stopped: 0.0003891 seconds, Stopping threads took: 0.0000239 seconds
[35.641s][info][gc,marking    ] GC(344) Concurrent Cleanup for Next Mark
[35.643s][info][gc,marking    ] GC(344) Concurrent Cleanup for Next Mark 2.325ms
[35.643s][info][gc            ] GC(344) Concurrent Cycle 45.626ms
[35.660s][info][safepoint     ] Application time: 0.0195145 seconds
[35.661s][info][safepoint     ] Entering safepoint region: G1CollectForAllocation
[35.661s][info][gc,start      ] GC(345) Pause Young (Concurrent Start) (G1 Humongous Allocation)
[35.661s][info][gc,task       ] GC(345) Using 8 workers of 8 for evacuation
[35.663s][info][gc,phases     ] GC(345)   Pre Evacuate Collection Set: 0.4ms
[35.663s][info][gc,phases     ] GC(345)   Evacuate Collection Set: 1.7ms
[35.663s][info][gc,phases     ] GC(345)   Post Evacuate Collection Set: 0.3ms
[35.664s][info][gc,phases     ] GC(345)   Other: 0.4ms
[35.664s][info][gc,heap       ] GC(345) Eden regions: 1->0(870)
[35.664s][info][gc,heap       ] GC(345) Survivor regions: 1->1(109)
[35.664s][info][gc,heap       ] GC(345) Old regions: 16->16
[35.664s][info][gc,heap       ] GC(345) Humongous regions: 573->0
[35.664s][info][gc,metaspace  ] GC(345) Metaspace: 38647K->38647K(1085440K)
[35.664s][info][gc            ] GC(345) Pause Young (Concurrent Start) (G1 Humongous Allocation) 588M->15M(1453M) 2.852ms
[35.664s][info][gc,cpu        ] GC(345) User=0.01s Sys=0.00s Real=0.00s
[35.664s][info][safepoint     ] Leaving safepoint region
[35.664s][info][gc            ] GC(346) Concurrent Cycle
[35.664s][info][safepoint     ] Total time for which application threads were stopped: 0.0030924 seconds, Stopping threads took: 0.0000458 seconds
[35.664s][info][gc,marking    ] GC(346) Concurrent Clear Claimed Marks
[35.664s][info][gc,marking    ] GC(346) Concurrent Clear Claimed Marks 0.132ms
[35.664s][info][gc,marking    ] GC(346) Concurrent Scan Root Regions
[35.664s][info][gc,marking    ] GC(346) Concurrent Scan Root Regions 0.149ms
[35.664s][info][gc,marking    ] GC(346) Concurrent Mark (35.664s)
[35.664s][info][gc,marking    ] GC(346) Concurrent Mark From Roots
[35.664s][info][gc,task       ] GC(346) Using 2 workers of 2 for marking
[35.684s][info][gc,marking    ] GC(346) Concurrent Mark From Roots 19.677ms
[35.684s][info][gc,marking    ] GC(346) Concurrent Preclean
[35.684s][info][gc,marking    ] GC(346) Concurrent Preclean 0.052ms
[35.684s][info][gc,marking    ] GC(346) Concurrent Mark (35.664s, 35.684s) 19.813ms
[35.684s][info][safepoint     ] Application time: 0.0202082 seconds
[35.684s][info][safepoint     ] Entering safepoint region: CGC_Operation
[35.684s][info][gc,start      ] GC(346) Pause Remark
[35.686s][info][gc,stringtable] GC(346) Cleaned string and symbol table, strings: 20131 processed, 0 removed, symbols: 132181 processed, 0 removed
[35.686s][info][gc            ] GC(346) Pause Remark 206M->206M(1453M) 2.250ms
[35.686s][info][gc,cpu        ] GC(346) User=0.01s Sys=0.00s Real=0.00s
[35.686s][info][safepoint     ] Leaving safepoint region
[35.686s][info][safepoint     ] Total time for which application threads were stopped: 0.0024142 seconds, Stopping threads took: 0.0000164 seconds
[35.686s][info][gc,marking    ] GC(346) Concurrent Rebuild Remembered Sets
[35.697s][info][gc,marking    ] GC(346) Concurrent Rebuild Remembered Sets 11.009ms
[35.697s][info][safepoint     ] Application time: 0.0111297 seconds
[35.701s][info][safepoint     ] Entering safepoint region: CGC_Operation
[35.702s][info][gc,start      ] GC(346) Pause Cleanup
[35.702s][info][gc            ] GC(346) Pause Cleanup 397M->397M(1453M) 0.147ms
[35.702s][info][gc,cpu        ] GC(346) User=0.00s Sys=0.00s Real=0.00s
[35.702s][info][safepoint     ] Leaving safepoint region
[35.702s][info][safepoint     ] Total time for which application threads were stopped: 0.0042653 seconds, Stopping threads took: 0.0039930 seconds
[35.702s][info][gc,marking    ] GC(346) Concurrent Cleanup for Next Mark
[35.703s][info][gc,marking    ] GC(346) Concurrent Cleanup for Next Mark 1.441ms
[35.703s][info][gc            ] GC(346) Concurrent Cycle 39.660ms
[35.723s][info][safepoint     ] Application time: 0.0211597 seconds
[35.723s][info][safepoint     ] Entering safepoint region: G1CollectForAllocation
[35.724s][info][gc,start      ] GC(347) Pause Young (Concurrent Start) (G1 Humongous Allocation)
[35.724s][info][gc,task       ] GC(347) Using 8 workers of 8 for evacuation
[35.727s][info][gc,phases     ] GC(347)   Pre Evacuate Collection Set: 0.5ms
[35.727s][info][gc,phases     ] GC(347)   Evacuate Collection Set: 1.1ms
[35.727s][info][gc,phases     ] GC(347)   Post Evacuate Collection Set: 1.4ms
[35.727s][info][gc,phases     ] GC(347)   Other: 0.8ms
[35.727s][info][gc,heap       ] GC(347) Eden regions: 1->0(870)
[35.727s][info][gc,heap       ] GC(347) Survivor regions: 1->1(109)
[35.727s][info][gc,heap       ] GC(347) Old regions: 16->16
[35.727s][info][gc,heap       ] GC(347) Humongous regions: 573->0
[35.727s][info][gc,metaspace  ] GC(347) Metaspace: 38647K->38647K(1085440K)
[35.728s][info][gc            ] GC(347) Pause Young (Concurrent Start) (G1 Humongous Allocation) 588M->15M(1453M) 4.034ms
[35.728s][info][gc,cpu        ] GC(347) User=0.01s Sys=0.00s Real=0.01s
[35.728s][info][safepoint     ] Leaving safepoint region
[35.728s][info][gc            ] GC(348) Concurrent Cycle
[35.728s][info][safepoint     ] Total time for which application threads were stopped: 0.0045488 seconds, Stopping threads took: 0.0001436 seconds
[35.728s][info][gc,marking    ] GC(348) Concurrent Clear Claimed Marks
[35.728s][info][gc,marking    ] GC(348) Concurrent Clear Claimed Marks 0.386ms
[35.728s][info][gc,marking    ] GC(348) Concurrent Scan Root Regions
[35.728s][info][gc,marking    ] GC(348) Concurrent Scan Root Regions 0.101ms
[35.728s][info][gc,marking    ] GC(348) Concurrent Mark (35.728s)
[35.728s][info][gc,marking    ] GC(348) Concurrent Mark From Roots
[35.728s][info][gc,task       ] GC(348) Using 2 workers of 2 for marking
[35.752s][info][gc,marking    ] GC(348) Concurrent Mark From Roots 23.586ms
[35.752s][info][gc,marking    ] GC(348) Concurrent Preclean
[35.752s][info][gc,marking    ] GC(348) Concurrent Preclean 0.075ms
[35.752s][info][gc,marking    ] GC(348) Concurrent Mark (35.728s, 35.752s) 23.760ms
[35.752s][info][safepoint     ] Application time: 0.0242911 seconds
[35.761s][info][safepoint     ] Entering safepoint region: CGC_Operation
[35.761s][info][gc,start      ] GC(348) Pause Remark
[35.769s][info][gc,stringtable] GC(348) Cleaned string and symbol table, strings: 20131 processed, 0 removed, symbols: 132181 processed, 0 removed
[35.769s][info][gc            ] GC(348) Pause Remark 397M->397M(1453M) 8.106ms
[35.769s][info][gc,cpu        ] GC(348) User=0.02s Sys=0.00s Real=0.01s
[35.769s][info][safepoint     ] Leaving safepoint region
[35.769s][info][safepoint     ] Total time for which application threads were stopped: 0.0172323 seconds, Stopping threads took: 0.0088433 seconds
[35.770s][info][gc,marking    ] GC(348) Concurrent Rebuild Remembered Sets
[35.783s][info][gc,marking    ] GC(348) Concurrent Rebuild Remembered Sets 13.242ms
[35.783s][info][safepoint     ] Application time: 0.0133892 seconds
[35.788s][info][safepoint     ] Entering safepoint region: CGC_Operation
[35.788s][info][gc,start      ] GC(348) Pause Cleanup
[35.788s][info][gc            ] GC(348) Pause Cleanup 588M->588M(1453M) 0.242ms
[35.788s][info][gc,cpu        ] GC(348) User=0.00s Sys=0.00s Real=0.00s
[35.788s][info][safepoint     ] Leaving safepoint region
[35.788s][info][safepoint     ] Total time for which application threads were stopped: 0.0052767 seconds, Stopping threads took: 0.0048030 seconds
[35.788s][info][gc,marking    ] GC(348) Concurrent Cleanup for Next Mark
[35.792s][info][gc,marking    ] GC(348) Concurrent Cleanup for Next Mark 3.634ms
[35.792s][info][gc            ] GC(348) Concurrent Cycle 64.291ms
[35.793s][info][safepoint     ] Application time: 0.0051184 seconds
[35.793s][info][safepoint     ] Entering safepoint region: G1CollectForAllocation
[35.794s][info][gc,start      ] GC(349) Pause Young (Concurrent Start) (G1 Humongous Allocation)
[35.794s][info][gc,task       ] GC(349) Using 8 workers of 8 for evacuation
[35.799s][info][gc,phases     ] GC(349)   Pre Evacuate Collection Set: 0.3ms
[35.799s][info][gc,phases     ] GC(349)   Evacuate Collection Set: 3.5ms
[35.799s][info][gc,phases     ] GC(349)   Post Evacuate Collection Set: 1.4ms
[35.799s][info][gc,phases     ] GC(349)   Other: 0.6ms
[35.799s][info][gc,heap       ] GC(349) Eden regions: 2->0(870)
[35.799s][info][gc,heap       ] GC(349) Survivor regions: 1->1(109)
[35.799s][info][gc,heap       ] GC(349) Old regions: 16->16
[35.799s][info][gc,heap       ] GC(349) Humongous regions: 573->0
[35.799s][info][gc,metaspace  ] GC(349) Metaspace: 38647K->38647K(1085440K)
[35.800s][info][gc            ] GC(349) Pause Young (Concurrent Start) (G1 Humongous Allocation) 589M->15M(1453M) 6.186ms
[35.800s][info][gc,cpu        ] GC(349) User=0.01s Sys=0.01s Real=0.01s
[35.800s][info][safepoint     ] Leaving safepoint region
[35.800s][info][gc            ] GC(350) Concurrent Cycle
[35.800s][info][safepoint     ] Total time for which application threads were stopped: 0.0064606 seconds, Stopping threads took: 0.0000175 seconds
[35.800s][info][gc,marking    ] GC(350) Concurrent Clear Claimed Marks
[35.800s][info][gc,marking    ] GC(350) Concurrent Clear Claimed Marks 0.264ms
[35.800s][info][gc,marking    ] GC(350) Concurrent Scan Root Regions
[35.801s][info][gc,marking    ] GC(350) Concurrent Scan Root Regions 0.983ms
[35.801s][info][gc,marking    ] GC(350) Concurrent Mark (35.801s)
[35.801s][info][gc,marking    ] GC(350) Concurrent Mark From Roots
[35.801s][info][gc,task       ] GC(350) Using 2 workers of 2 for marking
[35.827s][info][gc,marking    ] GC(350) Concurrent Mark From Roots 25.638ms
[35.827s][info][gc,marking    ] GC(350) Concurrent Preclean
[35.827s][info][gc,marking    ] GC(350) Concurrent Preclean 0.290ms
[35.828s][info][gc,marking    ] GC(350) Concurrent Mark (35.801s, 35.827s) 26.237ms
[35.828s][info][safepoint     ] Application time: 0.0277634 seconds
[35.842s][info][safepoint     ] Entering safepoint region: CGC_Operation
[35.842s][info][gc,start      ] GC(350) Pause Remark
[35.848s][info][gc,stringtable] GC(350) Cleaned string and symbol table, strings: 20131 processed, 0 removed, symbols: 132181 processed, 0 removed
[35.848s][info][gc            ] GC(350) Pause Remark 397M->397M(1453M) 6.296ms
[35.848s][info][gc,cpu        ] GC(350) User=0.02s Sys=0.00s Real=0.01s
[35.849s][info][safepoint     ] Leaving safepoint region
[35.849s][info][safepoint     ] Total time for which application threads were stopped: 0.0208228 seconds, Stopping threads took: 0.0141835 seconds
[35.849s][info][gc,marking    ] GC(350) Concurrent Rebuild Remembered Sets
[35.862s][info][gc,marking    ] GC(350) Concurrent Rebuild Remembered Sets 13.603ms
[35.862s][info][safepoint     ] Application time: 0.0138289 seconds
[35.870s][info][safepoint     ] Entering safepoint region: CGC_Operation
[35.870s][info][gc,start      ] GC(350) Pause Cleanup
[35.871s][info][gc            ] GC(350) Pause Cleanup 588M->588M(1453M) 0.296ms
[35.871s][info][gc,cpu        ] GC(350) User=0.00s Sys=0.00s Real=0.00s
[35.871s][info][safepoint     ] Leaving safepoint region
[35.871s][info][safepoint     ] Total time for which application threads were stopped: 0.0082725 seconds, Stopping threads took: 0.0077250 seconds
[35.871s][info][gc,marking    ] GC(350) Concurrent Cleanup for Next Mark
[35.873s][info][gc,marking    ] GC(350) Concurrent Cleanup for Next Mark 2.382ms
[35.873s][info][gc            ] GC(350) Concurrent Cycle 73.414ms
[35.876s][info][safepoint     ] Application time: 0.0055026 seconds
[35.877s][info][safepoint     ] Entering safepoint region: G1CollectForAllocation
[35.877s][info][gc,start      ] GC(351) Pause Young (Concurrent Start) (G1 Humongous Allocation)
[35.877s][info][gc,task       ] GC(351) Using 8 workers of 8 for evacuation
[35.885s][info][gc,phases     ] GC(351)   Pre Evacuate Collection Set: 0.6ms
[35.885s][info][gc,phases     ] GC(351)   Evacuate Collection Set: 2.7ms
[35.885s][info][gc,phases     ] GC(351)   Post Evacuate Collection Set: 3.0ms
[35.885s][info][gc,phases     ] GC(351)   Other: 1.4ms
[35.885s][info][gc,heap       ] GC(351) Eden regions: 1->0(972)
[35.885s][info][gc,heap       ] GC(351) Survivor regions: 1->1(109)
[35.885s][info][gc,heap       ] GC(351) Old regions: 16->16
[35.885s][info][gc,heap       ] GC(351) Humongous regions: 573->0
[35.885s][info][gc,metaspace  ] GC(351) Metaspace: 38647K->38647K(1085440K)
[35.885s][info][gc            ] GC(351) Pause Young (Concurrent Start) (G1 Humongous Allocation) 588M->15M(1623M) 7.852ms
[35.885s][info][gc,cpu        ] GC(351) User=0.01s Sys=0.00s Real=0.00s
[35.885s][info][safepoint     ] Leaving safepoint region
[35.885s][info][gc            ] GC(352) Concurrent Cycle
[35.885s][info][safepoint     ] Total time for which application threads were stopped: 0.0082962 seconds, Stopping threads took: 0.0001005 seconds
[35.885s][info][gc,marking    ] GC(352) Concurrent Clear Claimed Marks
[35.885s][info][gc,marking    ] GC(352) Concurrent Clear Claimed Marks 0.287ms
[35.885s][info][gc,marking    ] GC(352) Concurrent Scan Root Regions
[35.885s][info][gc,marking    ] GC(352) Concurrent Scan Root Regions 0.104ms
[35.885s][info][gc,marking    ] GC(352) Concurrent Mark (35.885s)
[35.885s][info][gc,marking    ] GC(352) Concurrent Mark From Roots
[35.885s][info][gc,task       ] GC(352) Using 2 workers of 2 for marking
[35.910s][info][gc,marking    ] GC(352) Concurrent Mark From Roots 24.491ms
[35.910s][info][gc,marking    ] GC(352) Concurrent Preclean
[35.910s][info][gc,marking    ] GC(352) Concurrent Preclean 0.082ms
[35.910s][info][gc,marking    ] GC(352) Concurrent Mark (35.885s, 35.910s) 24.679ms
[35.910s][info][safepoint     ] Application time: 0.0252066 seconds
[35.922s][info][safepoint     ] Entering safepoint region: CGC_Operation
[35.923s][info][gc,start      ] GC(352) Pause Remark
[35.931s][info][gc,stringtable] GC(352) Cleaned string and symbol table, strings: 20131 processed, 0 removed, symbols: 132181 processed, 0 removed
[35.932s][info][gc            ] GC(352) Pause Remark 398M->398M(1623M) 9.031ms
[35.932s][info][gc,cpu        ] GC(352) User=0.02s Sys=0.00s Real=0.01s
[35.932s][info][safepoint     ] Leaving safepoint region
[35.932s][info][safepoint     ] Total time for which application threads were stopped: 0.0215516 seconds, Stopping threads took: 0.0121429 seconds
[35.932s][info][gc,marking    ] GC(352) Concurrent Rebuild Remembered Sets
[35.948s][info][gc,marking    ] GC(352) Concurrent Rebuild Remembered Sets 16.115ms
[35.948s][info][safepoint     ] Application time: 0.0164106 seconds
[35.953s][info][safepoint     ] Entering safepoint region: CGC_Operation
[35.953s][info][gc,start      ] GC(352) Pause Cleanup
[35.954s][info][gc            ] GC(352) Pause Cleanup 589M->589M(1623M) 0.260ms
[35.954s][info][gc,cpu        ] GC(352) User=0.00s Sys=0.00s Real=0.00s
[35.954s][info][safepoint     ] Leaving safepoint region
[35.954s][info][safepoint     ] Total time for which application threads were stopped: 0.0054162 seconds, Stopping threads took: 0.0049283 seconds
[35.954s][info][gc,marking    ] GC(352) Concurrent Cleanup for Next Mark
[35.957s][info][gc,marking    ] GC(352) Concurrent Cleanup for Next Mark 3.558ms
[35.957s][info][gc            ] GC(352) Concurrent Cycle 72.431ms
[35.960s][info][safepoint     ] Application time: 0.0062204 seconds
[35.960s][info][safepoint     ] Entering safepoint region: G1CollectForAllocation
[35.960s][info][gc,start      ] GC(353) Pause Young (Concurrent Start) (G1 Humongous Allocation)
[35.961s][info][gc,task       ] GC(353) Using 8 workers of 8 for evacuation
[35.965s][info][gc,phases     ] GC(353)   Pre Evacuate Collection Set: 0.4ms
[35.965s][info][gc,phases     ] GC(353)   Evacuate Collection Set: 2.6ms
[35.965s][info][gc,phases     ] GC(353)   Post Evacuate Collection Set: 0.5ms
[35.965s][info][gc,phases     ] GC(353)   Other: 1.0ms
[35.965s][info][gc,heap       ] GC(353) Eden regions: 1->0(972)
[35.965s][info][gc,heap       ] GC(353) Survivor regions: 1->1(122)
[35.965s][info][gc,heap       ] GC(353) Old regions: 16->16
[35.965s][info][gc,heap       ] GC(353) Humongous regions: 573->0
[35.965s][info][gc,metaspace  ] GC(353) Metaspace: 38647K->38647K(1085440K)
[35.965s][info][gc            ] GC(353) Pause Young (Concurrent Start) (G1 Humongous Allocation) 589M->15M(1623M) 4.517ms
[35.965s][info][gc,cpu        ] GC(353) User=0.01s Sys=0.00s Real=0.00s
[35.965s][info][gc            ] GC(354) Concurrent Cycle
[35.965s][info][safepoint     ] Leaving safepoint region
[35.965s][info][gc,marking    ] GC(354) Concurrent Clear Claimed Marks
[35.965s][info][safepoint     ] Total time for which application threads were stopped: 0.0052132 seconds, Stopping threads took: 0.0000725 seconds
[35.966s][info][gc,marking    ] GC(354) Concurrent Clear Claimed Marks 0.560ms
[35.966s][info][gc,marking    ] GC(354) Concurrent Scan Root Regions
[35.966s][info][gc,marking    ] GC(354) Concurrent Scan Root Regions 0.348ms
[35.966s][info][gc,marking    ] GC(354) Concurrent Mark (35.966s)
[35.966s][info][gc,marking    ] GC(354) Concurrent Mark From Roots
[35.966s][info][gc,task       ] GC(354) Using 2 workers of 2 for marking
[35.988s][info][gc,marking    ] GC(354) Concurrent Mark From Roots 21.443ms
[35.988s][info][gc,marking    ] GC(354) Concurrent Preclean
[35.988s][info][gc,marking    ] GC(354) Concurrent Preclean 0.067ms
[35.988s][info][gc,marking    ] GC(354) Concurrent Mark (35.966s, 35.988s) 21.578ms
[35.988s][info][safepoint     ] Application time: 0.0222705 seconds
[36.009s][info][safepoint     ] Entering safepoint region: CGC_Operation
[36.009s][info][gc,start      ] GC(354) Pause Remark
[36.022s][info][gc,stringtable] GC(354) Cleaned string and symbol table, strings: 20131 processed, 0 removed, symbols: 132181 processed, 0 removed
[36.022s][info][gc            ] GC(354) Pause Remark 397M->397M(1623M) 13.374ms
[36.022s][info][gc,cpu        ] GC(354) User=0.02s Sys=0.01s Real=0.01s
[36.022s][info][safepoint     ] Leaving safepoint region
[36.022s][info][safepoint     ] Total time for which application threads were stopped: 0.0344433 seconds, Stopping threads took: 0.0208996 seconds
[36.022s][info][gc,marking    ] GC(354) Concurrent Rebuild Remembered Sets
[36.053s][info][gc,marking    ] GC(354) Concurrent Rebuild Remembered Sets 30.549ms
[36.053s][info][safepoint     ] Application time: 0.0306623 seconds
[36.307s][info][safepoint     ] Entering safepoint region: CGC_Operation
[36.308s][info][gc,start      ] GC(354) Pause Cleanup
[36.309s][info][gc            ] GC(354) Pause Cleanup 779M->779M(1623M) 0.612ms
[36.309s][info][gc,cpu        ] GC(354) User=0.00s Sys=0.00s Real=0.00s
[36.309s][info][safepoint     ] Leaving safepoint region
[36.309s][info][safepoint     ] Total time for which application threads were stopped: 0.2558066 seconds, Stopping threads took: 0.2549202 seconds
[36.309s][info][gc,marking    ] GC(354) Concurrent Cleanup for Next Mark
[36.313s][info][gc,marking    ] GC(354) Concurrent Cleanup for Next Mark 4.478ms
[36.313s][info][gc            ] GC(354) Concurrent Cycle 348.245ms
[36.314s][info][safepoint     ] Application time: 0.0052289 seconds
[36.314s][info][safepoint     ] Entering safepoint region: G1CollectForAllocation
[36.314s][info][gc,start      ] GC(355) Pause Young (Concurrent Start) (G1 Humongous Allocation)
[36.314s][info][gc,task       ] GC(355) Using 8 workers of 8 for evacuation
[36.316s][info][gc,phases     ] GC(355)   Pre Evacuate Collection Set: 0.1ms
[36.316s][info][gc,phases     ] GC(355)   Evacuate Collection Set: 1.1ms
[36.316s][info][gc,phases     ] GC(355)   Post Evacuate Collection Set: 0.4ms
[36.316s][info][gc,phases     ] GC(355)   Other: 0.2ms
[36.316s][info][gc,heap       ] GC(355) Eden regions: 1->0(972)
[36.316s][info][gc,heap       ] GC(355) Survivor regions: 1->1(122)
[36.316s][info][gc,heap       ] GC(355) Old regions: 16->16
[36.316s][info][gc,heap       ] GC(355) Humongous regions: 764->0
[36.316s][info][gc,metaspace  ] GC(355) Metaspace: 38647K->38647K(1085440K)
[36.316s][info][gc            ] GC(355) Pause Young (Concurrent Start) (G1 Humongous Allocation) 779M->15M(1623M) 1.931ms
[36.316s][info][gc,cpu        ] GC(355) User=0.00s Sys=0.00s Real=0.00s
[36.316s][info][safepoint     ] Leaving safepoint region
[36.316s][info][safepoint     ] Total time for which application threads were stopped: 0.0020931 seconds, Stopping threads took: 0.0000409 seconds
[36.316s][info][gc            ] GC(356) Concurrent Cycle
[36.316s][info][gc,marking    ] GC(356) Concurrent Clear Claimed Marks
[36.316s][info][gc,marking    ] GC(356) Concurrent Clear Claimed Marks 0.065ms
[36.316s][info][gc,marking    ] GC(356) Concurrent Scan Root Regions
[36.316s][info][gc,marking    ] GC(356) Concurrent Scan Root Regions 0.063ms
[36.316s][info][gc,marking    ] GC(356) Concurrent Mark (36.316s)
[36.316s][info][gc,marking    ] GC(356) Concurrent Mark From Roots
[36.316s][info][gc,task       ] GC(356) Using 2 workers of 2 for marking
[36.329s][info][gc,marking    ] GC(356) Concurrent Mark From Roots 12.844ms
[36.329s][info][gc,marking    ] GC(356) Concurrent Preclean
[36.329s][info][gc,marking    ] GC(356) Concurrent Preclean 0.067ms
[36.329s][info][gc,marking    ] GC(356) Concurrent Mark (36.316s, 36.329s) 12.998ms
[36.329s][info][safepoint     ] Application time: 0.0132164 seconds
[36.336s][info][safepoint     ] Entering safepoint region: CGC_Operation
[36.337s][info][gc,start      ] GC(356) Pause Remark
[36.340s][info][gc,stringtable] GC(356) Cleaned string and symbol table, strings: 20131 processed, 0 removed, symbols: 132181 processed, 0 removed
[36.340s][info][gc            ] GC(356) Pause Remark 397M->397M(1623M) 3.570ms
[36.340s][info][gc,cpu        ] GC(356) User=0.01s Sys=0.00s Real=0.00s
[36.340s][info][safepoint     ] Leaving safepoint region
[36.340s][info][safepoint     ] Total time for which application threads were stopped: 0.0107496 seconds, Stopping threads took: 0.0070279 seconds
[36.340s][info][gc,marking    ] GC(356) Concurrent Rebuild Remembered Sets
[36.352s][info][gc,marking    ] GC(356) Concurrent Rebuild Remembered Sets 11.532ms
[36.352s][info][safepoint     ] Application time: 0.0116901 seconds
[36.355s][info][safepoint     ] Entering safepoint region: CGC_Operation
[36.356s][info][gc,start      ] GC(356) Pause Cleanup
[36.356s][info][gc            ] GC(356) Pause Cleanup 588M->588M(1623M) 0.207ms
[36.356s][info][gc,cpu        ] GC(356) User=0.00s Sys=0.00s Real=0.00s
[36.356s][info][safepoint     ] Leaving safepoint region
[36.356s][info][safepoint     ] Total time for which application threads were stopped: 0.0038780 seconds, Stopping threads took: 0.0035394 seconds
[36.356s][info][gc,marking    ] GC(356) Concurrent Cleanup for Next Mark
[36.359s][info][gc,marking    ] GC(356) Concurrent Cleanup for Next Mark 3.280ms
[36.359s][info][gc            ] GC(356) Concurrent Cycle 43.026ms
[36.361s][info][safepoint     ] Application time: 0.0052330 seconds
[36.361s][info][safepoint     ] Entering safepoint region: G1CollectForAllocation
[36.361s][info][gc,start      ] GC(357) Pause Young (Concurrent Start) (G1 Humongous Allocation)
[36.361s][info][gc,task       ] GC(357) Using 8 workers of 8 for evacuation
[36.365s][info][gc,phases     ] GC(357)   Pre Evacuate Collection Set: 0.2ms
[36.365s][info][gc,phases     ] GC(357)   Evacuate Collection Set: 2.0ms
[36.365s][info][gc,phases     ] GC(357)   Post Evacuate Collection Set: 1.2ms
[36.365s][info][gc,phases     ] GC(357)   Other: 0.3ms
[36.365s][info][gc,heap       ] GC(357) Eden regions: 1->0(972)
[36.365s][info][gc,heap       ] GC(357) Survivor regions: 1->1(122)
[36.365s][info][gc,heap       ] GC(357) Old regions: 16->16
[36.365s][info][gc,heap       ] GC(357) Humongous regions: 573->0
[36.365s][info][gc,metaspace  ] GC(357) Metaspace: 38647K->38647K(1085440K)
[36.365s][info][gc            ] GC(357) Pause Young (Concurrent Start) (G1 Humongous Allocation) 588M->15M(1623M) 3.833ms
[36.365s][info][gc,cpu        ] GC(357) User=0.01s Sys=0.00s Real=0.00s
[36.365s][info][safepoint     ] Leaving safepoint region
[36.365s][info][gc            ] GC(358) Concurrent Cycle
[36.365s][info][safepoint     ] Total time for which application threads were stopped: 0.0041016 seconds, Stopping threads took: 0.0000519 seconds
[36.365s][info][gc,marking    ] GC(358) Concurrent Clear Claimed Marks
[36.366s][info][gc,marking    ] GC(358) Concurrent Clear Claimed Marks 0.191ms
[36.366s][info][gc,marking    ] GC(358) Concurrent Scan Root Regions
[36.366s][info][gc,marking    ] GC(358) Concurrent Scan Root Regions 0.181ms
[36.366s][info][gc,marking    ] GC(358) Concurrent Mark (36.366s)
[36.366s][info][gc,marking    ] GC(358) Concurrent Mark From Roots
[36.366s][info][gc,task       ] GC(358) Using 2 workers of 2 for marking
[36.388s][info][gc,marking    ] GC(358) Concurrent Mark From Roots 21.543ms
[36.388s][info][gc,marking    ] GC(358) Concurrent Preclean
[36.388s][info][gc,marking    ] GC(358) Concurrent Preclean 0.113ms
[36.388s][info][gc,marking    ] GC(358) Concurrent Mark (36.366s, 36.388s) 21.791ms
[36.388s][info][safepoint     ] Application time: 0.0226704 seconds
[36.396s][info][safepoint     ] Entering safepoint region: CGC_Operation
[36.397s][info][gc,start      ] GC(358) Pause Remark
[36.402s][info][gc,stringtable] GC(358) Cleaned string and symbol table, strings: 20131 processed, 0 removed, symbols: 132181 processed, 0 removed
[36.403s][info][gc            ] GC(358) Pause Remark 397M->397M(1623M) 5.979ms
[36.403s][info][gc,cpu        ] GC(358) User=0.02s Sys=0.00s Real=0.00s
[36.403s][info][safepoint     ] Leaving safepoint region
[36.403s][info][safepoint     ] Total time for which application threads were stopped: 0.0147292 seconds, Stopping threads took: 0.0082756 seconds
[36.403s][info][gc,marking    ] GC(358) Concurrent Rebuild Remembered Sets
[36.416s][info][gc,marking    ] GC(358) Concurrent Rebuild Remembered Sets 13.350ms
[36.417s][info][safepoint     ] Application time: 0.0136894 seconds
[36.424s][info][safepoint     ] Entering safepoint region: CGC_Operation
[36.424s][info][gc,start      ] GC(358) Pause Cleanup
[36.424s][info][gc            ] GC(358) Pause Cleanup 588M->588M(1623M) 0.311ms
[36.424s][info][gc,cpu        ] GC(358) User=0.00s Sys=0.00s Real=0.00s
[36.424s][info][safepoint     ] Leaving safepoint region
[36.424s][info][safepoint     ] Total time for which application threads were stopped: 0.0074626 seconds, Stopping threads took: 0.0069852 seconds
[36.424s][info][gc,marking    ] GC(358) Concurrent Cleanup for Next Mark
[36.429s][info][gc,marking    ] GC(358) Concurrent Cleanup for Next Mark 5.053ms
[36.430s][info][gc            ] GC(358) Concurrent Cycle 64.198ms
[36.462s][info][safepoint     ] Application time: 0.0373670 seconds
[36.462s][info][safepoint     ] Entering safepoint region: G1CollectForAllocation
[36.462s][info][gc,start      ] GC(359) Pause Young (Concurrent Start) (G1 Humongous Allocation)
[36.462s][info][gc,task       ] GC(359) Using 8 workers of 8 for evacuation
[36.464s][info][gc,phases     ] GC(359)   Pre Evacuate Collection Set: 0.1ms
[36.464s][info][gc,phases     ] GC(359)   Evacuate Collection Set: 1.1ms
[36.464s][info][gc,phases     ] GC(359)   Post Evacuate Collection Set: 0.4ms
[36.464s][info][gc,phases     ] GC(359)   Other: 0.3ms
[36.464s][info][gc,heap       ] GC(359) Eden regions: 1->0(972)
[36.464s][info][gc,heap       ] GC(359) Survivor regions: 1->1(122)
[36.464s][info][gc,heap       ] GC(359) Old regions: 16->16
[36.464s][info][gc,heap       ] GC(359) Humongous regions: 764->0
[36.464s][info][gc,metaspace  ] GC(359) Metaspace: 38647K->38647K(1085440K)
[36.464s][info][gc            ] GC(359) Pause Young (Concurrent Start) (G1 Humongous Allocation) 779M->15M(1623M) 2.057ms
[36.464s][info][gc,cpu        ] GC(359) User=0.00s Sys=0.00s Real=0.00s
[36.464s][info][safepoint     ] Leaving safepoint region
[36.464s][info][gc            ] GC(360) Concurrent Cycle
[36.464s][info][safepoint     ] Total time for which application threads were stopped: 0.0021922 seconds, Stopping threads took: 0.0000164 seconds
[36.464s][info][gc,marking    ] GC(360) Concurrent Clear Claimed Marks
[36.464s][info][gc,marking    ] GC(360) Concurrent Clear Claimed Marks 0.138ms
[36.464s][info][gc,marking    ] GC(360) Concurrent Scan Root Regions
[36.464s][info][gc,marking    ] GC(360) Concurrent Scan Root Regions 0.137ms
[36.464s][info][gc,marking    ] GC(360) Concurrent Mark (36.464s)
[36.464s][info][gc,marking    ] GC(360) Concurrent Mark From Roots
[36.464s][info][gc,task       ] GC(360) Using 2 workers of 2 for marking
[36.477s][info][gc,marking    ] GC(360) Concurrent Mark From Roots 13.105ms
[36.477s][info][gc,marking    ] GC(360) Concurrent Preclean
[36.477s][info][gc,marking    ] GC(360) Concurrent Preclean 0.090ms
[36.477s][info][gc,marking    ] GC(360) Concurrent Mark (36.464s, 36.477s) 13.305ms
[36.478s][info][safepoint     ] Application time: 0.0136443 seconds
[36.484s][info][safepoint     ] Entering safepoint region: CGC_Operation
[36.484s][info][gc,start      ] GC(360) Pause Remark
[36.489s][info][gc,stringtable] GC(360) Cleaned string and symbol table, strings: 20131 processed, 0 removed, symbols: 132181 processed, 0 removed
[36.489s][info][gc            ] GC(360) Pause Remark 397M->397M(1623M) 4.596ms
[36.489s][info][gc,cpu        ] GC(360) User=0.01s Sys=0.00s Real=0.01s
[36.489s][info][safepoint     ] Leaving safepoint region
[36.489s][info][safepoint     ] Total time for which application threads were stopped: 0.0116432 seconds, Stopping threads took: 0.0068862 seconds
[36.489s][info][gc,marking    ] GC(360) Concurrent Rebuild Remembered Sets
[36.498s][info][gc,marking    ] GC(360) Concurrent Rebuild Remembered Sets 8.840ms
[36.498s][info][safepoint     ] Application time: 0.0089464 seconds
[36.502s][info][safepoint     ] Entering safepoint region: CGC_Operation
[36.502s][info][gc,start      ] GC(360) Pause Cleanup
[36.502s][info][gc            ] GC(360) Pause Cleanup 588M->588M(1623M) 0.286ms
[36.502s][info][gc,cpu        ] GC(360) User=0.00s Sys=0.00s Real=0.00s
[36.502s][info][safepoint     ] Leaving safepoint region
[36.502s][info][safepoint     ] Total time for which application threads were stopped: 0.0042711 seconds, Stopping threads took: 0.0038248 seconds
[36.502s][info][gc,marking    ] GC(360) Concurrent Cleanup for Next Mark
[36.504s][info][gc,marking    ] GC(360) Concurrent Cleanup for Next Mark 1.638ms
[36.504s][info][gc            ] GC(360) Concurrent Cycle 40.322ms
[36.508s][info][safepoint     ] Application time: 0.0050851 seconds
[36.508s][info][safepoint     ] Entering safepoint region: G1CollectForAllocation
[36.508s][info][gc,start      ] GC(361) Pause Young (Concurrent Start) (G1 Humongous Allocation)
[36.508s][info][gc,task       ] GC(361) Using 8 workers of 8 for evacuation
[36.509s][info][gc,phases     ] GC(361)   Pre Evacuate Collection Set: 0.1ms
[36.509s][info][gc,phases     ] GC(361)   Evacuate Collection Set: 1.1ms
[36.510s][info][gc,phases     ] GC(361)   Post Evacuate Collection Set: 0.4ms
[36.510s][info][gc,phases     ] GC(361)   Other: 0.2ms
[36.510s][info][gc,heap       ] GC(361) Eden regions: 1->0(972)
[36.510s][info][gc,heap       ] GC(361) Survivor regions: 1->1(122)
[36.510s][info][gc,heap       ] GC(361) Old regions: 16->16
[36.510s][info][gc,heap       ] GC(361) Humongous regions: 573->0
[36.510s][info][gc,metaspace  ] GC(361) Metaspace: 38647K->38647K(1085440K)
[36.510s][info][gc            ] GC(361) Pause Young (Concurrent Start) (G1 Humongous Allocation) 588M->15M(1623M) 1.924ms
[36.510s][info][gc,cpu        ] GC(361) User=0.01s Sys=0.00s Real=0.00s
[36.510s][info][safepoint     ] Leaving safepoint region
[36.510s][info][gc            ] GC(362) Concurrent Cycle
[36.510s][info][safepoint     ] Total time for which application threads were stopped: 0.0020506 seconds, Stopping threads took: 0.0000147 seconds
[36.510s][info][gc,marking    ] GC(362) Concurrent Clear Claimed Marks
[36.510s][info][gc,marking    ] GC(362) Concurrent Clear Claimed Marks 0.142ms
[36.510s][info][gc,marking    ] GC(362) Concurrent Scan Root Regions
[36.510s][info][gc,marking    ] GC(362) Concurrent Scan Root Regions 0.094ms
[36.510s][info][gc,marking    ] GC(362) Concurrent Mark (36.510s)
[36.510s][info][gc,marking    ] GC(362) Concurrent Mark From Roots
[36.510s][info][gc,task       ] GC(362) Using 2 workers of 2 for marking
[36.524s][info][gc,marking    ] GC(362) Concurrent Mark From Roots 13.912ms
[36.524s][info][gc,marking    ] GC(362) Concurrent Preclean
[36.524s][info][gc,marking    ] GC(362) Concurrent Preclean 0.197ms
[36.524s][info][gc,marking    ] GC(362) Concurrent Mark (36.510s, 36.524s) 14.365ms
[36.524s][info][safepoint     ] Application time: 0.0148275 seconds
[36.540s][info][safepoint     ] Entering safepoint region: CGC_Operation
[36.540s][info][gc,start      ] GC(362) Pause Remark
[36.547s][info][gc,stringtable] GC(362) Cleaned string and symbol table, strings: 20131 processed, 0 removed, symbols: 132181 processed, 0 removed
[36.548s][info][gc            ] GC(362) Pause Remark 397M->397M(1623M) 7.325ms
[36.548s][info][gc,cpu        ] GC(362) User=0.02s Sys=0.00s Real=0.01s
[36.548s][info][safepoint     ] Leaving safepoint region
[36.548s][info][safepoint     ] Total time for which application threads were stopped: 0.0233958 seconds, Stopping threads took: 0.0159082 seconds
[36.548s][info][gc,marking    ] GC(362) Concurrent Rebuild Remembered Sets
[36.560s][info][gc,marking    ] GC(362) Concurrent Rebuild Remembered Sets 12.326ms
[36.561s][info][safepoint     ] Application time: 0.0129854 seconds
[36.569s][info][safepoint     ] Entering safepoint region: CGC_Operation
[36.569s][info][gc,start      ] GC(362) Pause Cleanup
[36.570s][info][gc            ] GC(362) Pause Cleanup 588M->588M(1623M) 0.213ms
[36.570s][info][gc,cpu        ] GC(362) User=0.00s Sys=0.00s Real=0.00s
[36.570s][info][safepoint     ] Leaving safepoint region
[36.570s][info][safepoint     ] Total time for which application threads were stopped: 0.0087956 seconds, Stopping threads took: 0.0083405 seconds
[36.570s][info][gc,marking    ] GC(362) Concurrent Cleanup for Next Mark
[36.571s][info][gc,marking    ] GC(362) Concurrent Cleanup for Next Mark 1.420ms
[36.571s][info][gc            ] GC(362) Concurrent Cycle 61.735ms
[36.575s][info][safepoint     ] Application time: 0.0053910 seconds
[36.575s][info][safepoint     ] Entering safepoint region: G1CollectForAllocation
[36.575s][info][gc,start      ] GC(363) Pause Young (Concurrent Start) (G1 Humongous Allocation)
[36.576s][info][gc,task       ] GC(363) Using 8 workers of 8 for evacuation
[36.578s][info][gc,phases     ] GC(363)   Pre Evacuate Collection Set: 0.2ms
[36.578s][info][gc,phases     ] GC(363)   Evacuate Collection Set: 1.5ms
[36.578s][info][gc,phases     ] GC(363)   Post Evacuate Collection Set: 0.4ms
[36.578s][info][gc,phases     ] GC(363)   Other: 0.4ms
[36.578s][info][gc,heap       ] GC(363) Eden regions: 1->0(972)
[36.578s][info][gc,heap       ] GC(363) Survivor regions: 1->1(122)
[36.578s][info][gc,heap       ] GC(363) Old regions: 16->16
[36.578s][info][gc,heap       ] GC(363) Humongous regions: 573->0
[36.578s][info][gc,metaspace  ] GC(363) Metaspace: 38647K->38647K(1085440K)
[36.578s][info][gc            ] GC(363) Pause Young (Concurrent Start) (G1 Humongous Allocation) 588M->15M(1623M) 2.542ms
[36.578s][info][gc,cpu        ] GC(363) User=0.01s Sys=0.01s Real=0.01s
[36.578s][info][safepoint     ] Leaving safepoint region
[36.578s][info][safepoint     ] Total time for which application threads were stopped: 0.0027568 seconds, Stopping threads took: 0.0000227 seconds
[36.578s][info][gc            ] GC(364) Concurrent Cycle
[36.578s][info][gc,marking    ] GC(364) Concurrent Clear Claimed Marks
[36.578s][info][gc,marking    ] GC(364) Concurrent Clear Claimed Marks 0.036ms
[36.578s][info][gc,marking    ] GC(364) Concurrent Scan Root Regions
[36.578s][info][gc,marking    ] GC(364) Concurrent Scan Root Regions 0.101ms
[36.578s][info][gc,marking    ] GC(364) Concurrent Mark (36.578s)
[36.578s][info][gc,marking    ] GC(364) Concurrent Mark From Roots
[36.578s][info][gc,task       ] GC(364) Using 2 workers of 2 for marking
[36.592s][info][gc,marking    ] GC(364) Concurrent Mark From Roots 13.954ms
[36.592s][info][gc,marking    ] GC(364) Concurrent Preclean
[36.592s][info][gc,marking    ] GC(364) Concurrent Preclean 0.063ms
[36.592s][info][gc,marking    ] GC(364) Concurrent Mark (36.578s, 36.592s) 14.090ms
[36.592s][info][safepoint     ] Application time: 0.0143792 seconds
[36.599s][info][safepoint     ] Entering safepoint region: CGC_Operation
[36.599s][info][gc,start      ] GC(364) Pause Remark
[36.603s][info][gc,stringtable] GC(364) Cleaned string and symbol table, strings: 20131 processed, 0 removed, symbols: 132181 processed, 0 removed
[36.603s][info][gc            ] GC(364) Pause Remark 397M->397M(1623M) 4.053ms
[36.603s][info][gc,cpu        ] GC(364) User=0.02s Sys=0.00s Real=0.00s
[36.603s][info][safepoint     ] Leaving safepoint region
[36.603s][info][safepoint     ] Total time for which application threads were stopped: 0.0108981 seconds, Stopping threads took: 0.0066497 seconds
[36.603s][info][gc,marking    ] GC(364) Concurrent Rebuild Remembered Sets
[36.613s][info][gc,marking    ] GC(364) Concurrent Rebuild Remembered Sets 9.229ms
[36.613s][info][safepoint     ] Application time: 0.0093315 seconds
[36.616s][info][safepoint     ] Entering safepoint region: CGC_Operation
[36.616s][info][gc,start      ] GC(364) Pause Cleanup
[36.616s][info][gc            ] GC(364) Pause Cleanup 588M->588M(1623M) 0.170ms
[36.616s][info][gc,cpu        ] GC(364) User=0.00s Sys=0.00s Real=0.01s
[36.616s][info][safepoint     ] Leaving safepoint region
[36.617s][info][safepoint     ] Total time for which application threads were stopped: 0.0038186 seconds, Stopping threads took: 0.0035284 seconds
[36.617s][info][gc,marking    ] GC(364) Concurrent Cleanup for Next Mark
[36.618s][info][gc,marking    ] GC(364) Concurrent Cleanup for Next Mark 1.784ms
[36.618s][info][gc            ] GC(364) Concurrent Cycle 40.329ms
[36.622s][info][safepoint     ] Application time: 0.0051512 seconds
[36.622s][info][safepoint     ] Entering safepoint region: G1CollectForAllocation
[36.622s][info][gc,start      ] GC(365) Pause Young (Concurrent Start) (G1 Humongous Allocation)
[36.622s][info][gc,task       ] GC(365) Using 8 workers of 8 for evacuation
[36.624s][info][gc,phases     ] GC(365)   Pre Evacuate Collection Set: 0.1ms
[36.624s][info][gc,phases     ] GC(365)   Evacuate Collection Set: 1.1ms
[36.624s][info][gc,phases     ] GC(365)   Post Evacuate Collection Set: 0.4ms
[36.624s][info][gc,phases     ] GC(365)   Other: 0.2ms
[36.624s][info][gc,heap       ] GC(365) Eden regions: 1->0(972)
[36.624s][info][gc,heap       ] GC(365) Survivor regions: 1->1(122)
[36.624s][info][gc,heap       ] GC(365) Old regions: 16->16
[36.624s][info][gc,heap       ] GC(365) Humongous regions: 573->0
[36.624s][info][gc,metaspace  ] GC(365) Metaspace: 38647K->38647K(1085440K)
[36.624s][info][gc            ] GC(365) Pause Young (Concurrent Start) (G1 Humongous Allocation) 588M->15M(1623M) 1.818ms
[36.624s][info][gc,cpu        ] GC(365) User=0.00s Sys=0.00s Real=0.00s
[36.624s][info][safepoint     ] Leaving safepoint region
[36.624s][info][gc            ] GC(366) Concurrent Cycle
[36.624s][info][safepoint     ] Total time for which application threads were stopped: 0.0019863 seconds, Stopping threads took: 0.0000159 seconds
[36.624s][info][gc,marking    ] GC(366) Concurrent Clear Claimed Marks
[36.624s][info][gc,marking    ] GC(366) Concurrent Clear Claimed Marks 0.134ms
[36.624s][info][gc,marking    ] GC(366) Concurrent Scan Root Regions
[36.624s][info][gc,marking    ] GC(366) Concurrent Scan Root Regions 0.099ms
[36.624s][info][gc,marking    ] GC(366) Concurrent Mark (36.624s)
[36.624s][info][gc,marking    ] GC(366) Concurrent Mark From Roots
[36.624s][info][gc,task       ] GC(366) Using 2 workers of 2 for marking
[36.638s][info][gc,marking    ] GC(366) Concurrent Mark From Roots 14.386ms
[36.638s][info][gc,marking    ] GC(366) Concurrent Preclean
[36.639s][info][gc,marking    ] GC(366) Concurrent Preclean 0.085ms
[36.639s][info][gc,marking    ] GC(366) Concurrent Mark (36.624s, 36.639s) 14.555ms
[36.639s][info][safepoint     ] Application time: 0.0148369 seconds
[36.644s][info][safepoint     ] Entering safepoint region: CGC_Operation
[36.645s][info][gc,start      ] GC(366) Pause Remark
[36.648s][info][gc,stringtable] GC(366) Cleaned string and symbol table, strings: 20131 processed, 0 removed, symbols: 132181 processed, 0 removed
[36.648s][info][gc            ] GC(366) Pause Remark 397M->397M(1623M) 3.485ms
[36.648s][info][gc,cpu        ] GC(366) User=0.02s Sys=0.00s Real=0.01s
[36.648s][info][safepoint     ] Leaving safepoint region
[36.648s][info][safepoint     ] Total time for which application threads were stopped: 0.0095934 seconds, Stopping threads took: 0.0059020 seconds
[36.648s][info][gc,marking    ] GC(366) Concurrent Rebuild Remembered Sets
[36.656s][info][gc,marking    ] GC(366) Concurrent Rebuild Remembered Sets 7.921ms
[36.656s][info][safepoint     ] Application time: 0.0080104 seconds
[36.661s][info][safepoint     ] Entering safepoint region: CGC_Operation
[36.661s][info][gc,start      ] GC(366) Pause Cleanup
[36.661s][info][gc            ] GC(366) Pause Cleanup 588M->588M(1623M) 0.157ms
[36.661s][info][gc,cpu        ] GC(366) User=0.00s Sys=0.00s Real=0.00s
[36.661s][info][safepoint     ] Leaving safepoint region
[36.661s][info][safepoint     ] Total time for which application threads were stopped: 0.0045837 seconds, Stopping threads took: 0.0043235 seconds
[36.661s][info][gc,marking    ] GC(366) Concurrent Cleanup for Next Mark
[36.662s][info][gc,marking    ] GC(366) Concurrent Cleanup for Next Mark 1.321ms
[36.662s][info][gc            ] GC(366) Concurrent Cycle 38.511ms
[36.666s][info][safepoint     ] Application time: 0.0053253 seconds
[36.666s][info][safepoint     ] Entering safepoint region: G1CollectForAllocation
[36.666s][info][gc,start      ] GC(367) Pause Young (Concurrent Start) (G1 Humongous Allocation)
[36.666s][info][gc,task       ] GC(367) Using 8 workers of 8 for evacuation
[36.668s][info][gc,phases     ] GC(367)   Pre Evacuate Collection Set: 0.1ms
[36.668s][info][gc,phases     ] GC(367)   Evacuate Collection Set: 0.9ms
[36.668s][info][gc,phases     ] GC(367)   Post Evacuate Collection Set: 0.4ms
[36.668s][info][gc,phases     ] GC(367)   Other: 0.2ms
[36.668s][info][gc,heap       ] GC(367) Eden regions: 1->0(972)
[36.668s][info][gc,heap       ] GC(367) Survivor regions: 1->1(122)
[36.668s][info][gc,heap       ] GC(367) Old regions: 16->16
[36.668s][info][gc,heap       ] GC(367) Humongous regions: 573->0
[36.668s][info][gc,metaspace  ] GC(367) Metaspace: 38647K->38647K(1085440K)
[36.668s][info][gc            ] GC(367) Pause Young (Concurrent Start) (G1 Humongous Allocation) 588M->15M(1623M) 1.609ms
[36.668s][info][gc,cpu        ] GC(367) User=0.00s Sys=0.00s Real=0.01s
[36.668s][info][safepoint     ] Leaving safepoint region
[36.668s][info][safepoint     ] Total time for which application threads were stopped: 0.0017226 seconds, Stopping threads took: 0.0000125 seconds
[36.668s][info][gc            ] GC(368) Concurrent Cycle
[36.668s][info][gc,marking    ] GC(368) Concurrent Clear Claimed Marks
[36.668s][info][gc,marking    ] GC(368) Concurrent Clear Claimed Marks 0.058ms
[36.668s][info][gc,marking    ] GC(368) Concurrent Scan Root Regions
[36.668s][info][gc,marking    ] GC(368) Concurrent Scan Root Regions 0.118ms
[36.668s][info][gc,marking    ] GC(368) Concurrent Mark (36.668s)
[36.668s][info][gc,marking    ] GC(368) Concurrent Mark From Roots
[36.668s][info][gc,task       ] GC(368) Using 2 workers of 2 for marking
[36.678s][info][gc,marking    ] GC(368) Concurrent Mark From Roots 9.855ms
[36.678s][info][gc,marking    ] GC(368) Concurrent Preclean
[36.678s][info][gc,marking    ] GC(368) Concurrent Preclean 0.044ms
[36.678s][info][gc,marking    ] GC(368) Concurrent Mark (36.668s, 36.678s) 10.023ms
[36.678s][info][safepoint     ] Application time: 0.0102665 seconds
[36.678s][info][safepoint     ] Entering safepoint region: CGC_Operation
[36.678s][info][gc,start      ] GC(368) Pause Remark
[36.680s][info][gc,stringtable] GC(368) Cleaned string and symbol table, strings: 20131 processed, 0 removed, symbols: 132181 processed, 0 removed
[36.681s][info][gc            ] GC(368) Pause Remark 206M->206M(1623M) 2.215ms
[36.681s][info][gc,cpu        ] GC(368) User=0.01s Sys=0.00s Real=0.00s
[36.681s][info][safepoint     ] Leaving safepoint region
[36.681s][info][safepoint     ] Total time for which application threads were stopped: 0.0024126 seconds, Stopping threads took: 0.0000137 seconds
[36.681s][info][gc,marking    ] GC(368) Concurrent Rebuild Remembered Sets
[36.688s][info][gc,marking    ] GC(368) Concurrent Rebuild Remembered Sets 7.029ms
[36.688s][info][safepoint     ] Application time: 0.0071178 seconds
[36.688s][info][safepoint     ] Entering safepoint region: CGC_Operation
[36.688s][info][gc,start      ] GC(368) Pause Cleanup
[36.688s][info][gc            ] GC(368) Pause Cleanup 397M->397M(1623M) 0.227ms
[36.688s][info][gc,cpu        ] GC(368) User=0.00s Sys=0.00s Real=0.00s
[36.688s][info][safepoint     ] Leaving safepoint region
[36.688s][info][safepoint     ] Total time for which application threads were stopped: 0.0003993 seconds, Stopping threads took: 0.0000141 seconds
[36.688s][info][gc,marking    ] GC(368) Concurrent Cleanup for Next Mark
[36.689s][info][gc,marking    ] GC(368) Concurrent Cleanup for Next Mark 1.254ms
[36.689s][info][gc            ] GC(368) Concurrent Cycle 21.513ms
[36.706s][info][safepoint     ] Application time: 0.0177908 seconds
[36.706s][info][safepoint     ] Entering safepoint region: G1CollectForAllocation
[36.706s][info][gc,start      ] GC(369) Pause Young (Concurrent Start) (G1 Humongous Allocation)
[36.706s][info][gc,task       ] GC(369) Using 8 workers of 8 for evacuation
[36.708s][info][gc,phases     ] GC(369)   Pre Evacuate Collection Set: 0.1ms
[36.709s][info][gc,phases     ] GC(369)   Evacuate Collection Set: 1.1ms
[36.709s][info][gc,phases     ] GC(369)   Post Evacuate Collection Set: 1.0ms
[36.709s][info][gc,phases     ] GC(369)   Other: 0.2ms
[36.709s][info][gc,heap       ] GC(369) Eden regions: 1->0(972)
[36.709s][info][gc,heap       ] GC(369) Survivor regions: 1->1(122)
[36.709s][info][gc,heap       ] GC(369) Old regions: 16->16
[36.709s][info][gc,heap       ] GC(369) Humongous regions: 573->0
[36.709s][info][gc,metaspace  ] GC(369) Metaspace: 38647K->38647K(1085440K)
[36.709s][info][gc            ] GC(369) Pause Young (Concurrent Start) (G1 Humongous Allocation) 588M->15M(1623M) 2.686ms
[36.709s][info][gc,cpu        ] GC(369) User=0.01s Sys=0.00s Real=0.01s
[36.709s][info][safepoint     ] Leaving safepoint region
[36.709s][info][safepoint     ] Total time for which application threads were stopped: 0.0028710 seconds, Stopping threads took: 0.0000219 seconds
[36.709s][info][gc            ] GC(370) Concurrent Cycle
[36.709s][info][gc,marking    ] GC(370) Concurrent Clear Claimed Marks
[36.709s][info][gc,marking    ] GC(370) Concurrent Clear Claimed Marks 0.153ms
[36.709s][info][gc,marking    ] GC(370) Concurrent Scan Root Regions
[36.709s][info][gc,marking    ] GC(370) Concurrent Scan Root Regions 0.137ms
[36.709s][info][gc,marking    ] GC(370) Concurrent Mark (36.709s)
[36.709s][info][gc,marking    ] GC(370) Concurrent Mark From Roots
[36.709s][info][gc,task       ] GC(370) Using 2 workers of 2 for marking
[36.720s][info][gc,marking    ] GC(370) Concurrent Mark From Roots 10.364ms
[36.720s][info][gc,marking    ] GC(370) Concurrent Preclean
[36.720s][info][gc,marking    ] GC(370) Concurrent Preclean 0.050ms
[36.720s][info][gc,marking    ] GC(370) Concurrent Mark (36.709s, 36.720s) 10.479ms
[36.720s][info][safepoint     ] Application time: 0.0108634 seconds
[36.720s][info][safepoint     ] Entering safepoint region: CGC_Operation
[36.720s][info][gc,start      ] GC(370) Pause Remark
[36.722s][info][gc,stringtable] GC(370) Cleaned string and symbol table, strings: 20131 processed, 0 removed, symbols: 132181 processed, 0 removed
[36.722s][info][gc            ] GC(370) Pause Remark 206M->206M(1623M) 2.257ms
[36.722s][info][gc,cpu        ] GC(370) User=0.02s Sys=0.00s Real=0.00s
[36.722s][info][safepoint     ] Leaving safepoint region
[36.722s][info][safepoint     ] Total time for which application threads were stopped: 0.0024598 seconds, Stopping threads took: 0.0000148 seconds
[36.722s][info][gc,marking    ] GC(370) Concurrent Rebuild Remembered Sets
[36.730s][info][gc,marking    ] GC(370) Concurrent Rebuild Remembered Sets 7.661ms
[36.730s][info][safepoint     ] Application time: 0.0077818 seconds
[36.730s][info][safepoint     ] Entering safepoint region: CGC_Operation
[36.731s][info][gc,start      ] GC(370) Pause Cleanup
[36.731s][info][gc            ] GC(370) Pause Cleanup 397M->397M(1623M) 0.215ms
[36.731s][info][gc,cpu        ] GC(370) User=0.00s Sys=0.00s Real=0.00s
[36.731s][info][safepoint     ] Leaving safepoint region
[36.731s][info][safepoint     ] Total time for which application threads were stopped: 0.0008475 seconds, Stopping threads took: 0.0004769 seconds
[36.731s][info][gc,marking    ] GC(370) Concurrent Cleanup for Next Mark
[36.732s][info][gc,marking    ] GC(370) Concurrent Cleanup for Next Mark 1.254ms
[36.732s][info][gc            ] GC(370) Concurrent Cycle 23.295ms
[36.748s][info][safepoint     ] Application time: 0.0166802 seconds
[36.748s][info][safepoint     ] Entering safepoint region: G1CollectForAllocation
[36.748s][info][gc,start      ] GC(371) Pause Young (Concurrent Start) (G1 Humongous Allocation)
[36.748s][info][gc,task       ] GC(371) Using 8 workers of 8 for evacuation
[36.749s][info][gc,phases     ] GC(371)   Pre Evacuate Collection Set: 0.2ms
[36.749s][info][gc,phases     ] GC(371)   Evacuate Collection Set: 0.9ms
[36.749s][info][gc,phases     ] GC(371)   Post Evacuate Collection Set: 0.5ms
[36.749s][info][gc,phases     ] GC(371)   Other: 0.2ms
[36.749s][info][gc,heap       ] GC(371) Eden regions: 1->0(972)
[36.749s][info][gc,heap       ] GC(371) Survivor regions: 1->1(122)
[36.749s][info][gc,heap       ] GC(371) Old regions: 16->16
[36.749s][info][gc,heap       ] GC(371) Humongous regions: 573->0
[36.749s][info][gc,metaspace  ] GC(371) Metaspace: 38647K->38647K(1085440K)
[36.750s][info][gc            ] GC(371) Pause Young (Concurrent Start) (G1 Humongous Allocation) 588M->15M(1623M) 1.822ms
[36.750s][info][gc,cpu        ] GC(371) User=0.01s Sys=0.00s Real=0.00s
[36.750s][info][safepoint     ] Leaving safepoint region
[36.750s][info][safepoint     ] Total time for which application threads were stopped: 0.0019983 seconds, Stopping threads took: 0.0000157 seconds
[36.750s][info][gc            ] GC(372) Concurrent Cycle
[36.750s][info][gc,marking    ] GC(372) Concurrent Clear Claimed Marks
[36.750s][info][gc,marking    ] GC(372) Concurrent Clear Claimed Marks 0.105ms
[36.750s][info][gc,marking    ] GC(372) Concurrent Scan Root Regions
[36.750s][info][gc,marking    ] GC(372) Concurrent Scan Root Regions 0.081ms
[36.750s][info][gc,marking    ] GC(372) Concurrent Mark (36.750s)
[36.750s][info][gc,marking    ] GC(372) Concurrent Mark From Roots
[36.750s][info][gc,task       ] GC(372) Using 2 workers of 2 for marking
[36.761s][info][gc,marking    ] GC(372) Concurrent Mark From Roots 10.811ms
[36.761s][info][gc,marking    ] GC(372) Concurrent Preclean
[36.761s][info][gc,marking    ] GC(372) Concurrent Preclean 0.078ms
[36.761s][info][gc,marking    ] GC(372) Concurrent Mark (36.750s, 36.761s) 10.953ms
[36.761s][info][safepoint     ] Application time: 0.0112289 seconds
[36.761s][info][safepoint     ] Entering safepoint region: CGC_Operation
[36.761s][info][gc,start      ] GC(372) Pause Remark
[36.763s][info][gc,stringtable] GC(372) Cleaned string and symbol table, strings: 20131 processed, 0 removed, symbols: 132181 processed, 0 removed
[36.763s][info][gc            ] GC(372) Pause Remark 206M->206M(1623M) 2.172ms
[36.763s][info][gc,cpu        ] GC(372) User=0.02s Sys=0.00s Real=0.00s
[36.763s][info][safepoint     ] Leaving safepoint region
[36.763s][info][safepoint     ] Total time for which application threads were stopped: 0.0024302 seconds, Stopping threads took: 0.0000745 seconds
[36.763s][info][gc,marking    ] GC(372) Concurrent Rebuild Remembered Sets
[36.770s][info][gc,marking    ] GC(372) Concurrent Rebuild Remembered Sets 7.018ms
[36.770s][info][safepoint     ] Application time: 0.0071479 seconds
[36.770s][info][safepoint     ] Entering safepoint region: CGC_Operation
[36.771s][info][gc,start      ] GC(372) Pause Cleanup
[36.771s][info][gc            ] GC(372) Pause Cleanup 397M->397M(1623M) 0.249ms
[36.771s][info][gc,cpu        ] GC(372) User=0.00s Sys=0.00s Real=0.00s
[36.771s][info][safepoint     ] Leaving safepoint region
[36.771s][info][safepoint     ] Total time for which application threads were stopped: 0.0004314 seconds, Stopping threads took: 0.0000142 seconds
[36.771s][info][gc,marking    ] GC(372) Concurrent Cleanup for Next Mark
[36.772s][info][gc,marking    ] GC(372) Concurrent Cleanup for Next Mark 1.262ms
[36.772s][info][gc            ] GC(372) Concurrent Cycle 22.566ms
[36.787s][info][safepoint     ] Application time: 0.0160524 seconds
[36.787s][info][safepoint     ] Entering safepoint region: G1CollectForAllocation
[36.787s][info][gc,start      ] GC(373) Pause Young (Concurrent Start) (G1 Humongous Allocation)
[36.787s][info][gc,task       ] GC(373) Using 8 workers of 8 for evacuation
[36.789s][info][gc,phases     ] GC(373)   Pre Evacuate Collection Set: 0.1ms
[36.789s][info][gc,phases     ] GC(373)   Evacuate Collection Set: 1.1ms
[36.789s][info][gc,phases     ] GC(373)   Post Evacuate Collection Set: 0.5ms
[36.789s][info][gc,phases     ] GC(373)   Other: 0.2ms
[36.789s][info][gc,heap       ] GC(373) Eden regions: 1->0(972)
[36.789s][info][gc,heap       ] GC(373) Survivor regions: 1->1(122)
[36.789s][info][gc,heap       ] GC(373) Old regions: 16->16
[36.789s][info][gc,heap       ] GC(373) Humongous regions: 573->0
[36.789s][info][gc,metaspace  ] GC(373) Metaspace: 38647K->38647K(1085440K)
[36.789s][info][gc            ] GC(373) Pause Young (Concurrent Start) (G1 Humongous Allocation) 589M->15M(1623M) 2.031ms
[36.789s][info][gc,cpu        ] GC(373) User=0.00s Sys=0.00s Real=0.00s
[36.789s][info][safepoint     ] Leaving safepoint region
[36.789s][info][safepoint     ] Total time for which application threads were stopped: 0.0022047 seconds, Stopping threads took: 0.0000221 seconds
[36.789s][info][gc            ] GC(374) Concurrent Cycle
[36.789s][info][gc,marking    ] GC(374) Concurrent Clear Claimed Marks
[36.789s][info][gc,marking    ] GC(374) Concurrent Clear Claimed Marks 0.061ms
[36.789s][info][gc,marking    ] GC(374) Concurrent Scan Root Regions
[36.789s][info][gc,marking    ] GC(374) Concurrent Scan Root Regions 0.075ms
[36.789s][info][gc,marking    ] GC(374) Concurrent Mark (36.789s)
[36.789s][info][gc,marking    ] GC(374) Concurrent Mark From Roots
[36.789s][info][gc,task       ] GC(374) Using 2 workers of 2 for marking
[36.806s][info][gc,marking    ] GC(374) Concurrent Mark From Roots 16.246ms
[36.806s][info][gc,marking    ] GC(374) Concurrent Preclean
[36.806s][info][gc,marking    ] GC(374) Concurrent Preclean 0.053ms
[36.806s][info][gc,marking    ] GC(374) Concurrent Mark (36.789s, 36.806s) 16.363ms
[36.806s][info][safepoint     ] Application time: 0.0166033 seconds
[36.806s][info][safepoint     ] Entering safepoint region: CGC_Operation
[36.806s][info][gc,start      ] GC(374) Pause Remark
[36.811s][info][gc,stringtable] GC(374) Cleaned string and symbol table, strings: 20131 processed, 0 removed, symbols: 132181 processed, 0 removed
[36.814s][info][gc            ] GC(374) Pause Remark 207M->207M(1623M) 8.126ms
[36.814s][info][gc,cpu        ] GC(374) User=0.03s Sys=0.00s Real=0.01s
[36.814s][info][safepoint     ] Leaving safepoint region
[36.814s][info][safepoint     ] Total time for which application threads were stopped: 0.0084377 seconds, Stopping threads took: 0.0000158 seconds
[36.814s][info][gc,marking    ] GC(374) Concurrent Rebuild Remembered Sets
[36.826s][info][gc,marking    ] GC(374) Concurrent Rebuild Remembered Sets 11.986ms
[36.826s][info][safepoint     ] Application time: 0.0121692 seconds
[36.832s][info][safepoint     ] Entering safepoint region: CGC_Operation
[36.832s][info][gc,start      ] GC(374) Pause Cleanup
[36.833s][info][gc            ] GC(374) Pause Cleanup 398M->398M(1623M) 0.604ms
[36.833s][info][gc,cpu        ] GC(374) User=0.00s Sys=0.00s Real=0.00s
[36.833s][info][safepoint     ] Leaving safepoint region
[36.833s][info][safepoint     ] Total time for which application threads were stopped: 0.0066622 seconds, Stopping threads took: 0.0056438 seconds
[36.833s][info][gc,marking    ] GC(374) Concurrent Cleanup for Next Mark
[36.835s][info][gc,marking    ] GC(374) Concurrent Cleanup for Next Mark 1.694ms
[36.835s][info][gc            ] GC(374) Concurrent Cycle 45.799ms
[36.857s][info][safepoint     ] Application time: 0.0243316 seconds
[36.858s][info][safepoint     ] Entering safepoint region: G1CollectForAllocation
[36.858s][info][gc,start      ] GC(375) Pause Young (Concurrent Start) (G1 Humongous Allocation)
[36.858s][info][gc,task       ] GC(375) Using 8 workers of 8 for evacuation
[36.860s][info][gc,phases     ] GC(375)   Pre Evacuate Collection Set: 0.1ms
[36.860s][info][gc,phases     ] GC(375)   Evacuate Collection Set: 1.4ms
[36.860s][info][gc,phases     ] GC(375)   Post Evacuate Collection Set: 0.3ms
[36.860s][info][gc,phases     ] GC(375)   Other: 0.2ms
[36.860s][info][gc,heap       ] GC(375) Eden regions: 1->0(972)
[36.860s][info][gc,heap       ] GC(375) Survivor regions: 1->1(122)
[36.860s][info][gc,heap       ] GC(375) Old regions: 16->16
[36.860s][info][gc,heap       ] GC(375) Humongous regions: 573->0
[36.860s][info][gc,metaspace  ] GC(375) Metaspace: 38647K->38647K(1085440K)
[36.860s][info][gc            ] GC(375) Pause Young (Concurrent Start) (G1 Humongous Allocation) 589M->15M(1623M) 2.165ms
[36.860s][info][gc,cpu        ] GC(375) User=0.00s Sys=0.01s Real=0.00s
[36.860s][info][safepoint     ] Leaving safepoint region
[36.860s][info][gc            ] GC(376) Concurrent Cycle
[36.860s][info][safepoint     ] Total time for which application threads were stopped: 0.0023300 seconds, Stopping threads took: 0.0000153 seconds
[36.860s][info][gc,marking    ] GC(376) Concurrent Clear Claimed Marks
[36.860s][info][gc,marking    ] GC(376) Concurrent Clear Claimed Marks 0.122ms
[36.860s][info][gc,marking    ] GC(376) Concurrent Scan Root Regions
[36.860s][info][gc,marking    ] GC(376) Concurrent Scan Root Regions 0.068ms
[36.860s][info][gc,marking    ] GC(376) Concurrent Mark (36.860s)
[36.860s][info][gc,marking    ] GC(376) Concurrent Mark From Roots
[36.860s][info][gc,task       ] GC(376) Using 2 workers of 2 for marking
[36.875s][info][gc,marking    ] GC(376) Concurrent Mark From Roots 15.160ms
[36.875s][info][gc,marking    ] GC(376) Concurrent Preclean
[36.875s][info][gc,marking    ] GC(376) Concurrent Preclean 0.135ms
[36.876s][info][gc,marking    ] GC(376) Concurrent Mark (36.860s, 36.876s) 15.424ms
[36.876s][info][safepoint     ] Application time: 0.0156821 seconds
[36.881s][info][safepoint     ] Entering safepoint region: CGC_Operation
[36.882s][info][gc,start      ] GC(376) Pause Remark
[36.885s][info][gc,stringtable] GC(376) Cleaned string and symbol table, strings: 20131 processed, 0 removed, symbols: 132181 processed, 0 removed
[36.885s][info][gc            ] GC(376) Pause Remark 397M->397M(1623M) 3.407ms
[36.885s][info][gc,cpu        ] GC(376) User=0.01s Sys=0.00s Real=0.00s
[36.885s][info][safepoint     ] Leaving safepoint region
[36.885s][info][safepoint     ] Total time for which application threads were stopped: 0.0094379 seconds, Stopping threads took: 0.0058954 seconds
[36.885s][info][gc,marking    ] GC(376) Concurrent Rebuild Remembered Sets
[36.895s][info][gc,marking    ] GC(376) Concurrent Rebuild Remembered Sets 9.721ms
[36.895s][info][safepoint     ] Application time: 0.0098323 seconds
[36.899s][info][safepoint     ] Entering safepoint region: CGC_Operation
[36.899s][info][gc,start      ] GC(376) Pause Cleanup
[36.899s][info][gc            ] GC(376) Pause Cleanup 589M->589M(1623M) 0.189ms
[36.899s][info][gc,cpu        ] GC(376) User=0.00s Sys=0.00s Real=0.00s
[36.899s][info][safepoint     ] Leaving safepoint region
[36.899s][info][safepoint     ] Total time for which application threads were stopped: 0.0042742 seconds, Stopping threads took: 0.0039752 seconds
[36.899s][info][gc,marking    ] GC(376) Concurrent Cleanup for Next Mark
[36.901s][info][gc,marking    ] GC(376) Concurrent Cleanup for Next Mark 1.902ms
[36.901s][info][gc            ] GC(376) Concurrent Cycle 41.337ms
[36.904s][info][safepoint     ] Application time: 0.0051392 seconds
[36.904s][info][safepoint     ] Entering safepoint region: G1CollectForAllocation
[36.905s][info][gc,start      ] GC(377) Pause Young (Concurrent Start) (G1 Humongous Allocation)
[36.905s][info][gc,task       ] GC(377) Using 8 workers of 8 for evacuation
[36.907s][info][gc,phases     ] GC(377)   Pre Evacuate Collection Set: 0.1ms
[36.907s][info][gc,phases     ] GC(377)   Evacuate Collection Set: 1.4ms
[36.907s][info][gc,phases     ] GC(377)   Post Evacuate Collection Set: 0.4ms
[36.907s][info][gc,phases     ] GC(377)   Other: 0.3ms
[36.907s][info][gc,heap       ] GC(377) Eden regions: 1->0(972)
[36.907s][info][gc,heap       ] GC(377) Survivor regions: 1->1(122)
[36.907s][info][gc,heap       ] GC(377) Old regions: 16->16
[36.907s][info][gc,heap       ] GC(377) Humongous regions: 573->0
[36.907s][info][gc,metaspace  ] GC(377) Metaspace: 38647K->38647K(1085440K)
[36.907s][info][gc            ] GC(377) Pause Young (Concurrent Start) (G1 Humongous Allocation) 589M->15M(1623M) 2.308ms
[36.907s][info][gc,cpu        ] GC(377) User=0.00s Sys=0.00s Real=0.01s
[36.907s][info][safepoint     ] Leaving safepoint region
[36.907s][info][safepoint     ] Total time for which application threads were stopped: 0.0025054 seconds, Stopping threads took: 0.0000339 seconds
[36.907s][info][gc            ] GC(378) Concurrent Cycle
[36.907s][info][gc,marking    ] GC(378) Concurrent Clear Claimed Marks
[36.907s][info][gc,marking    ] GC(378) Concurrent Clear Claimed Marks 0.159ms
[36.907s][info][gc,marking    ] GC(378) Concurrent Scan Root Regions
[36.907s][info][gc,marking    ] GC(378) Concurrent Scan Root Regions 0.108ms
[36.907s][info][gc,marking    ] GC(378) Concurrent Mark (36.907s)
[36.907s][info][gc,marking    ] GC(378) Concurrent Mark From Roots
[36.907s][info][gc,task       ] GC(378) Using 2 workers of 2 for marking
[36.927s][info][gc,marking    ] GC(378) Concurrent Mark From Roots 20.019ms
[36.927s][info][gc,marking    ] GC(378) Concurrent Preclean
[36.928s][info][gc,marking    ] GC(378) Concurrent Preclean 0.252ms
[36.928s][info][gc,marking    ] GC(378) Concurrent Mark (36.907s, 36.928s) 20.415ms
[36.928s][info][safepoint     ] Application time: 0.0208488 seconds
[36.936s][info][safepoint     ] Entering safepoint region: CGC_Operation
[36.936s][info][gc,start      ] GC(378) Pause Remark
[36.940s][info][gc,stringtable] GC(378) Cleaned string and symbol table, strings: 20131 processed, 0 removed, symbols: 132181 processed, 0 removed
[36.940s][info][gc            ] GC(378) Pause Remark 397M->397M(1623M) 4.007ms
[36.940s][info][gc,cpu        ] GC(378) User=0.02s Sys=0.00s Real=0.01s
[36.940s][info][safepoint     ] Leaving safepoint region
[36.940s][info][safepoint     ] Total time for which application threads were stopped: 0.0124063 seconds, Stopping threads took: 0.0082176 seconds
[36.940s][info][gc,marking    ] GC(378) Concurrent Rebuild Remembered Sets
[36.951s][info][gc,marking    ] GC(378) Concurrent Rebuild Remembered Sets 10.264ms
[36.951s][info][safepoint     ] Application time: 0.0104093 seconds
[36.954s][info][safepoint     ] Entering safepoint region: CGC_Operation
[36.955s][info][gc,start      ] GC(378) Pause Cleanup
[36.955s][info][gc            ] GC(378) Pause Cleanup 588M->588M(1623M) 0.233ms
[36.955s][info][gc,cpu        ] GC(378) User=0.00s Sys=0.00s Real=0.00s
[36.955s][info][safepoint     ] Leaving safepoint region
[36.955s][info][safepoint     ] Total time for which application threads were stopped: 0.0041487 seconds, Stopping threads took: 0.0036833 seconds
[36.955s][info][gc,marking    ] GC(378) Concurrent Cleanup for Next Mark
[36.957s][info][gc,marking    ] GC(378) Concurrent Cleanup for Next Mark 1.836ms
[36.957s][info][gc            ] GC(378) Concurrent Cycle 49.969ms
[36.960s][info][safepoint     ] Application time: 0.0051569 seconds
[36.960s][info][safepoint     ] Entering safepoint region: G1CollectForAllocation
[36.960s][info][gc,start      ] GC(379) Pause Young (Concurrent Start) (G1 Humongous Allocation)
[36.960s][info][gc,task       ] GC(379) Using 8 workers of 8 for evacuation
[36.964s][info][gc,phases     ] GC(379)   Pre Evacuate Collection Set: 0.2ms
[36.964s][info][gc,phases     ] GC(379)   Evacuate Collection Set: 1.5ms
[36.964s][info][gc,phases     ] GC(379)   Post Evacuate Collection Set: 1.5ms
[36.964s][info][gc,phases     ] GC(379)   Other: 0.3ms
[36.964s][info][gc,heap       ] GC(379) Eden regions: 1->0(972)
[36.964s][info][gc,heap       ] GC(379) Survivor regions: 1->1(122)
[36.964s][info][gc,heap       ] GC(379) Old regions: 16->16
[36.964s][info][gc,heap       ] GC(379) Humongous regions: 573->0
[36.964s][info][gc,metaspace  ] GC(379) Metaspace: 38647K->38647K(1085440K)
[36.964s][info][gc            ] GC(379) Pause Young (Concurrent Start) (G1 Humongous Allocation) 588M->15M(1623M) 3.905ms
[36.964s][info][gc,cpu        ] GC(379) User=0.01s Sys=0.01s Real=0.00s
[36.964s][info][safepoint     ] Leaving safepoint region
[36.964s][info][gc            ] GC(380) Concurrent Cycle
[36.964s][info][safepoint     ] Total time for which application threads were stopped: 0.0040978 seconds, Stopping threads took: 0.0000302 seconds
[36.964s][info][gc,marking    ] GC(380) Concurrent Clear Claimed Marks
[36.964s][info][gc,marking    ] GC(380) Concurrent Clear Claimed Marks 0.219ms
[36.965s][info][gc,marking    ] GC(380) Concurrent Scan Root Regions
[36.965s][info][gc,marking    ] GC(380) Concurrent Scan Root Regions 0.138ms
[36.965s][info][gc,marking    ] GC(380) Concurrent Mark (36.965s)
[36.965s][info][gc,marking    ] GC(380) Concurrent Mark From Roots
[36.965s][info][gc,task       ] GC(380) Using 2 workers of 2 for marking
[36.981s][info][gc,marking    ] GC(380) Concurrent Mark From Roots 15.809ms
[36.981s][info][gc,marking    ] GC(380) Concurrent Preclean
[36.981s][info][gc,marking    ] GC(380) Concurrent Preclean 0.212ms
[36.981s][info][gc,marking    ] GC(380) Concurrent Mark (36.965s, 36.981s) 16.235ms
[36.981s][info][safepoint     ] Application time: 0.0167360 seconds
[36.988s][info][safepoint     ] Entering safepoint region: CGC_Operation
[36.988s][info][gc,start      ] GC(380) Pause Remark
[36.992s][info][gc,stringtable] GC(380) Cleaned string and symbol table, strings: 20131 processed, 0 removed, symbols: 132181 processed, 0 removed
[36.992s][info][gc            ] GC(380) Pause Remark 397M->397M(1623M) 3.851ms
[36.992s][info][gc,cpu        ] GC(380) User=0.02s Sys=0.00s Real=0.00s
[36.992s][info][safepoint     ] Leaving safepoint region
[36.992s][info][safepoint     ] Total time for which application threads were stopped: 0.0113476 seconds, Stopping threads took: 0.0073411 seconds
[36.992s][info][gc,marking    ] GC(380) Concurrent Rebuild Remembered Sets
[37.003s][info][gc,marking    ] GC(380) Concurrent Rebuild Remembered Sets 10.394ms
[37.003s][info][safepoint     ] Application time: 0.0105443 seconds
[37.011s][info][safepoint     ] Entering safepoint region: CGC_Operation
[37.011s][info][gc,start      ] GC(380) Pause Cleanup
[37.012s][info][gc            ] GC(380) Pause Cleanup 588M->588M(1623M) 0.471ms
[37.012s][info][gc,cpu        ] GC(380) User=0.00s Sys=0.00s Real=0.00s
[37.012s][info][safepoint     ] Leaving safepoint region
[37.012s][info][safepoint     ] Total time for which application threads were stopped: 0.0090919 seconds, Stopping threads took: 0.0082809 seconds
[37.012s][info][gc,marking    ] GC(380) Concurrent Cleanup for Next Mark
[37.018s][info][gc,marking    ] GC(380) Concurrent Cleanup for Next Mark 5.401ms
[37.018s][info][gc            ] GC(380) Concurrent Cycle 53.488ms
[37.041s][info][safepoint     ] Application time: 0.0291823 seconds
[37.042s][info][safepoint     ] Entering safepoint region: G1CollectForAllocation
[37.042s][info][gc,start      ] GC(381) Pause Young (Concurrent Start) (G1 Humongous Allocation)
[37.042s][info][gc,task       ] GC(381) Using 8 workers of 8 for evacuation
[37.045s][info][gc,phases     ] GC(381)   Pre Evacuate Collection Set: 0.5ms
[37.045s][info][gc,phases     ] GC(381)   Evacuate Collection Set: 1.5ms
[37.045s][info][gc,phases     ] GC(381)   Post Evacuate Collection Set: 0.5ms
[37.045s][info][gc,phases     ] GC(381)   Other: 0.8ms
[37.045s][info][gc,heap       ] GC(381) Eden regions: 1->0(972)
[37.045s][info][gc,heap       ] GC(381) Survivor regions: 1->1(122)
[37.045s][info][gc,heap       ] GC(381) Old regions: 16->16
[37.045s][info][gc,heap       ] GC(381) Humongous regions: 764->0
[37.045s][info][gc,metaspace  ] GC(381) Metaspace: 38647K->38647K(1085440K)
[37.045s][info][gc            ] GC(381) Pause Young (Concurrent Start) (G1 Humongous Allocation) 779M->15M(1623M) 3.317ms
[37.045s][info][gc,cpu        ] GC(381) User=0.01s Sys=0.00s Real=0.00s
[37.045s][info][safepoint     ] Leaving safepoint region
[37.045s][info][safepoint     ] Total time for which application threads were stopped: 0.0038048 seconds, Stopping threads took: 0.0001688 seconds
[37.045s][info][gc            ] GC(382) Concurrent Cycle
[37.045s][info][gc,marking    ] GC(382) Concurrent Clear Claimed Marks
[37.046s][info][gc,marking    ] GC(382) Concurrent Clear Claimed Marks 0.316ms
[37.046s][info][gc,marking    ] GC(382) Concurrent Scan Root Regions
[37.046s][info][gc,marking    ] GC(382) Concurrent Scan Root Regions 0.316ms
[37.046s][info][gc,marking    ] GC(382) Concurrent Mark (37.046s)
[37.046s][info][gc,marking    ] GC(382) Concurrent Mark From Roots
[37.046s][info][gc,task       ] GC(382) Using 2 workers of 2 for marking
[37.063s][info][gc,marking    ] GC(382) Concurrent Mark From Roots 16.329ms
[37.063s][info][gc,marking    ] GC(382) Concurrent Preclean
[37.063s][info][gc,marking    ] GC(382) Concurrent Preclean 0.094ms
[37.063s][info][gc,marking    ] GC(382) Concurrent Mark (37.046s, 37.063s) 16.596ms
[37.063s][info][safepoint     ] Application time: 0.0175965 seconds
[37.070s][info][safepoint     ] Entering safepoint region: CGC_Operation
[37.070s][info][gc,start      ] GC(382) Pause Remark
[37.075s][info][gc,stringtable] GC(382) Cleaned string and symbol table, strings: 20131 processed, 0 removed, symbols: 132181 processed, 0 removed
[37.076s][info][gc            ] GC(382) Pause Remark 397M->397M(1623M) 5.866ms
[37.076s][info][gc,cpu        ] GC(382) User=0.02s Sys=0.01s Real=0.00s
[37.076s][info][safepoint     ] Leaving safepoint region
[37.076s][info][safepoint     ] Total time for which application threads were stopped: 0.0130080 seconds, Stopping threads took: 0.0069869 seconds
[37.076s][info][gc,marking    ] GC(382) Concurrent Rebuild Remembered Sets
[37.086s][info][gc,marking    ] GC(382) Concurrent Rebuild Remembered Sets 10.157ms
[37.086s][info][safepoint     ] Application time: 0.0102635 seconds
[37.090s][info][safepoint     ] Entering safepoint region: CGC_Operation
[37.090s][info][gc,start      ] GC(382) Pause Cleanup
[37.090s][info][gc            ] GC(382) Pause Cleanup 588M->588M(1623M) 0.229ms
[37.090s][info][gc,cpu        ] GC(382) User=0.00s Sys=0.00s Real=0.00s
[37.090s][info][safepoint     ] Leaving safepoint region
[37.090s][info][safepoint     ] Total time for which application threads were stopped: 0.0042148 seconds, Stopping threads took: 0.0038335 seconds
[37.090s][info][gc,marking    ] GC(382) Concurrent Cleanup for Next Mark
[37.092s][info][gc,marking    ] GC(382) Concurrent Cleanup for Next Mark 1.691ms
[37.092s][info][gc            ] GC(382) Concurrent Cycle 46.901ms
[37.096s][info][safepoint     ] Application time: 0.0050878 seconds
[37.096s][info][safepoint     ] Entering safepoint region: G1CollectForAllocation
[37.096s][info][gc,start      ] GC(383) Pause Young (Concurrent Start) (G1 Humongous Allocation)
[37.096s][info][gc,task       ] GC(383) Using 8 workers of 8 for evacuation
[37.098s][info][gc,phases     ] GC(383)   Pre Evacuate Collection Set: 0.2ms
[37.098s][info][gc,phases     ] GC(383)   Evacuate Collection Set: 1.1ms
[37.098s][info][gc,phases     ] GC(383)   Post Evacuate Collection Set: 0.4ms
[37.098s][info][gc,phases     ] GC(383)   Other: 0.2ms
[37.098s][info][gc,heap       ] GC(383) Eden regions: 1->0(972)
[37.098s][info][gc,heap       ] GC(383) Survivor regions: 1->1(122)
[37.098s][info][gc,heap       ] GC(383) Old regions: 16->16
[37.098s][info][gc,heap       ] GC(383) Humongous regions: 573->0
[37.098s][info][gc,metaspace  ] GC(383) Metaspace: 38647K->38647K(1085440K)
[37.098s][info][gc            ] GC(383) Pause Young (Concurrent Start) (G1 Humongous Allocation) 588M->15M(1623M) 2.036ms
[37.098s][info][gc,cpu        ] GC(383) User=0.01s Sys=0.00s Real=0.01s
[37.098s][info][safepoint     ] Leaving safepoint region
[37.098s][info][gc            ] GC(384) Concurrent Cycle
[37.098s][info][safepoint     ] Total time for which application threads were stopped: 0.0022471 seconds, Stopping threads took: 0.0000356 seconds
[37.098s][info][gc,marking    ] GC(384) Concurrent Clear Claimed Marks
[37.098s][info][gc,marking    ] GC(384) Concurrent Clear Claimed Marks 0.150ms
[37.098s][info][gc,marking    ] GC(384) Concurrent Scan Root Regions
[37.098s][info][gc,marking    ] GC(384) Concurrent Scan Root Regions 0.104ms
[37.098s][info][gc,marking    ] GC(384) Concurrent Mark (37.098s)
[37.098s][info][gc,marking    ] GC(384) Concurrent Mark From Roots
[37.098s][info][gc,task       ] GC(384) Using 2 workers of 2 for marking
[37.113s][info][gc,marking    ] GC(384) Concurrent Mark From Roots 15.298ms
[37.114s][info][gc,marking    ] GC(384) Concurrent Preclean
[37.114s][info][gc,marking    ] GC(384) Concurrent Preclean 0.089ms
[37.114s][info][gc,marking    ] GC(384) Concurrent Mark (37.098s, 37.114s) 15.569ms
[37.114s][info][safepoint     ] Application time: 0.0159267 seconds
[37.120s][info][safepoint     ] Entering safepoint region: CGC_Operation
[37.120s][info][gc,start      ] GC(384) Pause Remark
[37.123s][info][gc,stringtable] GC(384) Cleaned string and symbol table, strings: 20131 processed, 0 removed, symbols: 132181 processed, 0 removed
[37.124s][info][gc            ] GC(384) Pause Remark 397M->397M(1623M) 3.616ms
[37.124s][info][gc,cpu        ] GC(384) User=0.02s Sys=0.00s Real=0.00s
[37.124s][info][safepoint     ] Leaving safepoint region
[37.124s][info][safepoint     ] Total time for which application threads were stopped: 0.0100043 seconds, Stopping threads took: 0.0061503 seconds
[37.124s][info][gc,marking    ] GC(384) Concurrent Rebuild Remembered Sets
[37.135s][info][gc,marking    ] GC(384) Concurrent Rebuild Remembered Sets 10.861ms
[37.135s][info][safepoint     ] Application time: 0.0111087 seconds
[37.139s][info][safepoint     ] Entering safepoint region: CGC_Operation
[37.139s][info][gc,start      ] GC(384) Pause Cleanup
[37.140s][info][gc            ] GC(384) Pause Cleanup 589M->589M(1623M) 0.282ms
[37.140s][info][gc,cpu        ] GC(384) User=0.00s Sys=0.00s Real=0.00s
[37.140s][info][safepoint     ] Leaving safepoint region
[37.140s][info][safepoint     ] Total time for which application threads were stopped: 0.0048071 seconds, Stopping threads took: 0.0043484 seconds
[37.140s][info][gc,marking    ] GC(384) Concurrent Cleanup for Next Mark
[37.142s][info][gc,marking    ] GC(384) Concurrent Cleanup for Next Mark 1.884ms
[37.142s][info][gc            ] GC(384) Concurrent Cycle 43.955ms
[37.145s][info][safepoint     ] Application time: 0.0051654 seconds
[37.145s][info][safepoint     ] Entering safepoint region: G1CollectForAllocation
[37.145s][info][gc,start      ] GC(385) Pause Young (Concurrent Start) (G1 Humongous Allocation)
[37.145s][info][gc,task       ] GC(385) Using 8 workers of 8 for evacuation
[37.148s][info][gc,phases     ] GC(385)   Pre Evacuate Collection Set: 0.1ms
[37.148s][info][gc,phases     ] GC(385)   Evacuate Collection Set: 0.9ms
[37.148s][info][gc,phases     ] GC(385)   Post Evacuate Collection Set: 1.3ms
[37.148s][info][gc,phases     ] GC(385)   Other: 0.3ms
[37.148s][info][gc,heap       ] GC(385) Eden regions: 2->0(972)
[37.148s][info][gc,heap       ] GC(385) Survivor regions: 1->1(122)
[37.148s][info][gc,heap       ] GC(385) Old regions: 16->16
[37.148s][info][gc,heap       ] GC(385) Humongous regions: 573->0
[37.148s][info][gc,metaspace  ] GC(385) Metaspace: 38647K->38647K(1085440K)
[37.148s][info][gc            ] GC(385) Pause Young (Concurrent Start) (G1 Humongous Allocation) 589M->15M(1623M) 2.900ms
[37.148s][info][gc,cpu        ] GC(385) User=0.01s Sys=0.00s Real=0.01s
[37.148s][info][safepoint     ] Leaving safepoint region
[37.148s][info][safepoint     ] Total time for which application threads were stopped: 0.0030669 seconds, Stopping threads took: 0.0000167 seconds
[37.148s][info][gc            ] GC(386) Concurrent Cycle
[37.148s][info][gc,marking    ] GC(386) Concurrent Clear Claimed Marks
[37.148s][info][gc,marking    ] GC(386) Concurrent Clear Claimed Marks 0.189ms
[37.148s][info][gc,marking    ] GC(386) Concurrent Scan Root Regions
[37.148s][info][gc,marking    ] GC(386) Concurrent Scan Root Regions 0.100ms
[37.149s][info][gc,marking    ] GC(386) Concurrent Mark (37.149s)
[37.149s][info][gc,marking    ] GC(386) Concurrent Mark From Roots
[37.149s][info][gc,task       ] GC(386) Using 2 workers of 2 for marking
[37.165s][info][gc,marking    ] GC(386) Concurrent Mark From Roots 16.936ms
[37.166s][info][gc,marking    ] GC(386) Concurrent Preclean
[37.166s][info][gc,marking    ] GC(386) Concurrent Preclean 0.105ms
[37.166s][info][gc,marking    ] GC(386) Concurrent Mark (37.149s, 37.166s) 17.162ms
[37.166s][info][safepoint     ] Application time: 0.0176226 seconds
[37.172s][info][safepoint     ] Entering safepoint region: CGC_Operation
[37.172s][info][gc,start      ] GC(386) Pause Remark
[37.175s][info][gc,stringtable] GC(386) Cleaned string and symbol table, strings: 20131 processed, 0 removed, symbols: 132181 processed, 0 removed
[37.176s][info][gc            ] GC(386) Pause Remark 397M->397M(1623M) 3.845ms
[37.176s][info][gc,cpu        ] GC(386) User=0.02s Sys=0.01s Real=0.00s
[37.176s][info][safepoint     ] Leaving safepoint region
[37.176s][info][safepoint     ] Total time for which application threads were stopped: 0.0101607 seconds, Stopping threads took: 0.0061705 seconds
[37.176s][info][gc,marking    ] GC(386) Concurrent Rebuild Remembered Sets
[37.186s][info][gc,marking    ] GC(386) Concurrent Rebuild Remembered Sets 10.458ms
[37.186s][info][safepoint     ] Application time: 0.0105619 seconds
[37.190s][info][safepoint     ] Entering safepoint region: CGC_Operation
[37.190s][info][gc,start      ] GC(386) Pause Cleanup
[37.190s][info][gc            ] GC(386) Pause Cleanup 588M->588M(1623M) 0.213ms
[37.190s][info][gc,cpu        ] GC(386) User=0.01s Sys=0.00s Real=0.00s
[37.190s][info][safepoint     ] Leaving safepoint region
[37.190s][info][safepoint     ] Total time for which application threads were stopped: 0.0037494 seconds, Stopping threads took: 0.0034142 seconds
[37.190s][info][gc,marking    ] GC(386) Concurrent Cleanup for Next Mark
[37.192s][info][gc,marking    ] GC(386) Concurrent Cleanup for Next Mark 1.725ms
[37.192s][info][gc            ] GC(386) Concurrent Cycle 43.953ms
[37.196s][info][safepoint     ] Application time: 0.0053574 seconds
[37.196s][info][safepoint     ] Entering safepoint region: G1CollectForAllocation
[37.196s][info][gc,start      ] GC(387) Pause Young (Concurrent Start) (G1 Humongous Allocation)
[37.196s][info][gc,task       ] GC(387) Using 8 workers of 8 for evacuation
[37.199s][info][gc,phases     ] GC(387)   Pre Evacuate Collection Set: 0.4ms
[37.199s][info][gc,phases     ] GC(387)   Evacuate Collection Set: 2.4ms
[37.199s][info][gc,phases     ] GC(387)   Post Evacuate Collection Set: 0.4ms
[37.199s][info][gc,phases     ] GC(387)   Other: 0.5ms
[37.199s][info][gc,heap       ] GC(387) Eden regions: 1->0(972)
[37.199s][info][gc,heap       ] GC(387) Survivor regions: 1->1(122)
[37.199s][info][gc,heap       ] GC(387) Old regions: 16->16
[37.199s][info][gc,heap       ] GC(387) Humongous regions: 573->0
[37.199s][info][gc,metaspace  ] GC(387) Metaspace: 38647K->38647K(1085440K)
[37.200s][info][gc            ] GC(387) Pause Young (Concurrent Start) (G1 Humongous Allocation) 588M->15M(1623M) 3.769ms
[37.200s][info][gc,cpu        ] GC(387) User=0.01s Sys=0.00s Real=0.01s
[37.200s][info][safepoint     ] Leaving safepoint region
[37.200s][info][safepoint     ] Total time for which application threads were stopped: 0.0039752 seconds, Stopping threads took: 0.0000161 seconds
[37.200s][info][gc            ] GC(388) Concurrent Cycle
[37.200s][info][gc,marking    ] GC(388) Concurrent Clear Claimed Marks
[37.200s][info][gc,marking    ] GC(388) Concurrent Clear Claimed Marks 0.146ms
[37.200s][info][gc,marking    ] GC(388) Concurrent Scan Root Regions
[37.200s][info][gc,marking    ] GC(388) Concurrent Scan Root Regions 0.095ms
[37.200s][info][gc,marking    ] GC(388) Concurrent Mark (37.200s)
[37.200s][info][gc,marking    ] GC(388) Concurrent Mark From Roots
[37.200s][info][gc,task       ] GC(388) Using 2 workers of 2 for marking
[37.218s][info][gc,marking    ] GC(388) Concurrent Mark From Roots 18.355ms
[37.218s][info][gc,marking    ] GC(388) Concurrent Preclean
[37.219s][info][gc,marking    ] GC(388) Concurrent Preclean 0.177ms
[37.219s][info][gc,marking    ] GC(388) Concurrent Mark (37.200s, 37.219s) 18.665ms
[37.219s][info][safepoint     ] Application time: 0.0190053 seconds
[37.223s][info][safepoint     ] Entering safepoint region: CGC_Operation
[37.224s][info][gc,start      ] GC(388) Pause Remark
[37.227s][info][gc,stringtable] GC(388) Cleaned string and symbol table, strings: 20134 processed, 0 removed, symbols: 132181 processed, 0 removed
[37.228s][info][gc            ] GC(388) Pause Remark 398M->398M(1623M) 3.939ms
[37.228s][info][gc,cpu        ] GC(388) User=0.02s Sys=0.00s Real=0.01s
[37.228s][info][safepoint     ] Leaving safepoint region
[37.228s][info][safepoint     ] Total time for which application threads were stopped: 0.0089624 seconds, Stopping threads took: 0.0048434 seconds
[37.228s][info][gc,marking    ] GC(388) Concurrent Rebuild Remembered Sets
[37.238s][info][gc,marking    ] GC(388) Concurrent Rebuild Remembered Sets 10.477ms
[37.238s][info][safepoint     ] Application time: 0.0106447 seconds
[37.242s][info][safepoint     ] Entering safepoint region: CGC_Operation
[37.243s][info][gc,start      ] GC(388) Pause Cleanup
[37.243s][info][gc            ] GC(388) Pause Cleanup 589M->589M(1623M) 0.220ms
[37.243s][info][gc,cpu        ] GC(388) User=0.00s Sys=0.00s Real=0.00s
[37.243s][info][safepoint     ] Leaving safepoint region
[37.243s][info][safepoint     ] Total time for which application threads were stopped: 0.0045306 seconds, Stopping threads took: 0.0041658 seconds
[37.243s][info][gc,marking    ] GC(388) Concurrent Cleanup for Next Mark
[37.245s][info][gc,marking    ] GC(388) Concurrent Cleanup for Next Mark 1.827ms
[37.245s][info][gc            ] GC(388) Concurrent Cycle 45.154ms
[37.248s][info][safepoint     ] Application time: 0.0051166 seconds
[37.248s][info][safepoint     ] Entering safepoint region: G1CollectForAllocation
[37.248s][info][gc,start      ] GC(389) Pause Young (Concurrent Start) (G1 Humongous Allocation)
[37.248s][info][gc,task       ] GC(389) Using 8 workers of 8 for evacuation
[37.251s][info][gc,phases     ] GC(389)   Pre Evacuate Collection Set: 0.2ms
[37.251s][info][gc,phases     ] GC(389)   Evacuate Collection Set: 1.8ms
[37.251s][info][gc,phases     ] GC(389)   Post Evacuate Collection Set: 0.5ms
[37.251s][info][gc,phases     ] GC(389)   Other: 0.3ms
[37.251s][info][gc,heap       ] GC(389) Eden regions: 1->0(972)
[37.251s][info][gc,heap       ] GC(389) Survivor regions: 1->1(122)
[37.251s][info][gc,heap       ] GC(389) Old regions: 16->16
[37.251s][info][gc,heap       ] GC(389) Humongous regions: 573->0
[37.251s][info][gc,metaspace  ] GC(389) Metaspace: 38647K->38647K(1085440K)
[37.251s][info][gc            ] GC(389) Pause Young (Concurrent Start) (G1 Humongous Allocation) 589M->15M(1623M) 2.774ms
[37.251s][info][gc,cpu        ] GC(389) User=0.01s Sys=0.00s Real=0.00s
[37.251s][info][safepoint     ] Leaving safepoint region
[37.251s][info][gc            ] GC(390) Concurrent Cycle
[37.251s][info][safepoint     ] Total time for which application threads were stopped: 0.0029892 seconds, Stopping threads took: 0.0000269 seconds
[37.251s][info][gc,marking    ] GC(390) Concurrent Clear Claimed Marks
[37.251s][info][gc,marking    ] GC(390) Concurrent Clear Claimed Marks 0.187ms
[37.251s][info][gc,marking    ] GC(390) Concurrent Scan Root Regions
[37.251s][info][gc,marking    ] GC(390) Concurrent Scan Root Regions 0.110ms
[37.251s][info][gc,marking    ] GC(390) Concurrent Mark (37.251s)
[37.251s][info][gc,marking    ] GC(390) Concurrent Mark From Roots
[37.251s][info][gc,task       ] GC(390) Using 2 workers of 2 for marking
[37.272s][info][gc,marking    ] GC(390) Concurrent Mark From Roots 20.114ms
[37.272s][info][gc,marking    ] GC(390) Concurrent Preclean
[37.272s][info][gc,marking    ] GC(390) Concurrent Preclean 0.169ms
[37.272s][info][gc,marking    ] GC(390) Concurrent Mark (37.251s, 37.272s) 20.404ms
[37.272s][info][safepoint     ] Application time: 0.0208648 seconds
[37.280s][info][safepoint     ] Entering safepoint region: CGC_Operation
[37.280s][info][gc,start      ] GC(390) Pause Remark
[37.287s][info][gc,stringtable] GC(390) Cleaned string and symbol table, strings: 20135 processed, 0 removed, symbols: 132181 processed, 0 removed
[37.288s][info][gc            ] GC(390) Pause Remark 398M->398M(1623M) 7.851ms
[37.288s][info][gc,cpu        ] GC(390) User=0.03s Sys=0.01s Real=0.01s
[37.288s][info][safepoint     ] Leaving safepoint region
[37.288s][info][safepoint     ] Total time for which application threads were stopped: 0.0157395 seconds, Stopping threads took: 0.0076291 seconds
[37.288s][info][gc,marking    ] GC(390) Concurrent Rebuild Remembered Sets
[37.299s][info][gc,marking    ] GC(390) Concurrent Rebuild Remembered Sets 11.454ms
[37.299s][info][safepoint     ] Application time: 0.0116904 seconds
[37.308s][info][safepoint     ] Entering safepoint region: CGC_Operation
[37.308s][info][gc,start      ] GC(390) Pause Cleanup
[37.308s][info][gc            ] GC(390) Pause Cleanup 589M->589M(1623M) 0.227ms
[37.308s][info][gc,cpu        ] GC(390) User=0.00s Sys=0.00s Real=0.00s
[37.308s][info][safepoint     ] Leaving safepoint region
[37.308s][info][safepoint     ] Total time for which application threads were stopped: 0.0088395 seconds, Stopping threads took: 0.0084127 seconds
[37.308s][info][gc,marking    ] GC(390) Concurrent Cleanup for Next Mark
[37.310s][info][gc,marking    ] GC(390) Concurrent Cleanup for Next Mark 1.703ms
[37.310s][info][gc            ] GC(390) Concurrent Cycle 59.097ms
[37.314s][info][safepoint     ] Application time: 0.0051832 seconds
[37.314s][info][safepoint     ] Entering safepoint region: G1CollectForAllocation
[37.314s][info][gc,start      ] GC(391) Pause Young (Concurrent Start) (G1 Humongous Allocation)
[37.314s][info][gc,task       ] GC(391) Using 8 workers of 8 for evacuation
[37.316s][info][gc,phases     ] GC(391)   Pre Evacuate Collection Set: 0.2ms
[37.316s][info][gc,phases     ] GC(391)   Evacuate Collection Set: 1.3ms
[37.316s][info][gc,phases     ] GC(391)   Post Evacuate Collection Set: 0.5ms
[37.316s][info][gc,phases     ] GC(391)   Other: 0.4ms
[37.316s][info][gc,heap       ] GC(391) Eden regions: 1->0(972)
[37.316s][info][gc,heap       ] GC(391) Survivor regions: 1->1(122)
[37.316s][info][gc,heap       ] GC(391) Old regions: 16->16
[37.316s][info][gc,heap       ] GC(391) Humongous regions: 573->0
[37.316s][info][gc,metaspace  ] GC(391) Metaspace: 38647K->38647K(1085440K)
[37.316s][info][gc            ] GC(391) Pause Young (Concurrent Start) (G1 Humongous Allocation) 589M->15M(1623M) 2.466ms
[37.316s][info][gc,cpu        ] GC(391) User=0.01s Sys=0.00s Real=0.00s
[37.316s][info][safepoint     ] Leaving safepoint region
[37.316s][info][safepoint     ] Total time for which application threads were stopped: 0.0027439 seconds, Stopping threads took: 0.0000942 seconds
[37.316s][info][gc            ] GC(392) Concurrent Cycle
[37.316s][info][gc,marking    ] GC(392) Concurrent Clear Claimed Marks
[37.317s][info][gc,marking    ] GC(392) Concurrent Clear Claimed Marks 0.150ms
[37.317s][info][gc,marking    ] GC(392) Concurrent Scan Root Regions
[37.317s][info][gc,marking    ] GC(392) Concurrent Scan Root Regions 0.104ms
[37.317s][info][gc,marking    ] GC(392) Concurrent Mark (37.317s)
[37.317s][info][gc,marking    ] GC(392) Concurrent Mark From Roots
[37.317s][info][gc,task       ] GC(392) Using 2 workers of 2 for marking
[37.332s][info][gc,marking    ] GC(392) Concurrent Mark From Roots 15.171ms
[37.332s][info][gc,marking    ] GC(392) Concurrent Preclean
[37.332s][info][gc,marking    ] GC(392) Concurrent Preclean 0.156ms
[37.332s][info][gc,marking    ] GC(392) Concurrent Mark (37.317s, 37.332s) 15.421ms
[37.332s][info][safepoint     ] Application time: 0.0158275 seconds
[37.339s][info][safepoint     ] Entering safepoint region: CGC_Operation
[37.339s][info][gc,start      ] GC(392) Pause Remark
[37.342s][info][gc,stringtable] GC(392) Cleaned string and symbol table, strings: 20135 processed, 0 removed, symbols: 132181 processed, 0 removed
[37.343s][info][gc            ] GC(392) Pause Remark 397M->397M(1623M) 3.402ms
[37.343s][info][gc,cpu        ] GC(392) User=0.02s Sys=0.00s Real=0.00s
[37.343s][info][safepoint     ] Leaving safepoint region
[37.343s][info][safepoint     ] Total time for which application threads were stopped: 0.0103615 seconds, Stopping threads took: 0.0067510 seconds
[37.343s][info][gc,marking    ] GC(392) Concurrent Rebuild Remembered Sets
[37.353s][info][gc,marking    ] GC(392) Concurrent Rebuild Remembered Sets 10.659ms
[37.353s][info][safepoint     ] Application time: 0.0107737 seconds
[37.356s][info][safepoint     ] Entering safepoint region: CGC_Operation
[37.356s][info][gc,start      ] GC(392) Pause Cleanup
[37.357s][info][gc            ] GC(392) Pause Cleanup 588M->588M(1623M) 0.249ms
[37.357s][info][gc,cpu        ] GC(392) User=0.00s Sys=0.00s Real=0.01s
[37.357s][info][safepoint     ] Leaving safepoint region
[37.357s][info][safepoint     ] Total time for which application threads were stopped: 0.0031987 seconds, Stopping threads took: 0.0027907 seconds
[37.357s][info][gc,marking    ] GC(392) Concurrent Cleanup for Next Mark
[37.359s][info][gc,marking    ] GC(392) Concurrent Cleanup for Next Mark 1.840ms
[37.359s][info][gc            ] GC(392) Concurrent Cycle 42.223ms
[37.362s][info][safepoint     ] Application time: 0.0051065 seconds
[37.362s][info][safepoint     ] Entering safepoint region: G1CollectForAllocation
[37.362s][info][gc,start      ] GC(393) Pause Young (Concurrent Start) (G1 Humongous Allocation)
[37.362s][info][gc,task       ] GC(393) Using 8 workers of 8 for evacuation
[37.364s][info][gc,phases     ] GC(393)   Pre Evacuate Collection Set: 0.1ms
[37.364s][info][gc,phases     ] GC(393)   Evacuate Collection Set: 0.9ms
[37.364s][info][gc,phases     ] GC(393)   Post Evacuate Collection Set: 1.1ms
[37.364s][info][gc,phases     ] GC(393)   Other: 0.2ms
[37.364s][info][gc,heap       ] GC(393) Eden regions: 1->0(972)
[37.364s][info][gc,heap       ] GC(393) Survivor regions: 1->1(122)
[37.364s][info][gc,heap       ] GC(393) Old regions: 16->16
[37.364s][info][gc,heap       ] GC(393) Humongous regions: 573->0
[37.364s][info][gc,metaspace  ] GC(393) Metaspace: 38647K->38647K(1085440K)
[37.365s][info][gc            ] GC(393) Pause Young (Concurrent Start) (G1 Humongous Allocation) 588M->15M(1623M) 2.613ms
[37.365s][info][gc,cpu        ] GC(393) User=0.01s Sys=0.00s Real=0.00s
[37.365s][info][safepoint     ] Leaving safepoint region
[37.365s][info][gc            ] GC(394) Concurrent Cycle
[37.365s][info][safepoint     ] Total time for which application threads were stopped: 0.0028474 seconds, Stopping threads took: 0.0000346 seconds
[37.365s][info][gc,marking    ] GC(394) Concurrent Clear Claimed Marks
[37.365s][info][gc,marking    ] GC(394) Concurrent Clear Claimed Marks 0.308ms
[37.365s][info][gc,marking    ] GC(394) Concurrent Scan Root Regions
[37.365s][info][gc,marking    ] GC(394) Concurrent Scan Root Regions 0.108ms
[37.365s][info][gc,marking    ] GC(394) Concurrent Mark (37.365s)
[37.365s][info][gc,marking    ] GC(394) Concurrent Mark From Roots
[37.365s][info][gc,task       ] GC(394) Using 2 workers of 2 for marking
[37.380s][info][gc,marking    ] GC(394) Concurrent Mark From Roots 14.903ms
[37.380s][info][gc,marking    ] GC(394) Concurrent Preclean
[37.380s][info][gc,marking    ] GC(394) Concurrent Preclean 0.103ms
[37.380s][info][gc,marking    ] GC(394) Concurrent Mark (37.365s, 37.380s) 15.133ms
[37.380s][info][safepoint     ] Application time: 0.0156587 seconds
[37.386s][info][safepoint     ] Entering safepoint region: CGC_Operation
[37.386s][info][gc,start      ] GC(394) Pause Remark
[37.388s][info][gc,stringtable] GC(394) Cleaned string and symbol table, strings: 20135 processed, 0 removed, symbols: 132181 processed, 0 removed
[37.388s][info][gc            ] GC(394) Pause Remark 397M->397M(1623M) 2.297ms
[37.388s][info][gc,cpu        ] GC(394) User=0.02s Sys=0.00s Real=0.01s
[37.389s][info][safepoint     ] Leaving safepoint region
[37.389s][info][safepoint     ] Total time for which application threads were stopped: 0.0080651 seconds, Stopping threads took: 0.0055236 seconds
[37.389s][info][gc,marking    ] GC(394) Concurrent Rebuild Remembered Sets
[37.396s][info][gc,marking    ] GC(394) Concurrent Rebuild Remembered Sets 7.296ms
[37.396s][info][safepoint     ] Application time: 0.0074308 seconds
[37.402s][info][safepoint     ] Entering safepoint region: CGC_Operation
[37.402s][info][gc,start      ] GC(394) Pause Cleanup
[37.403s][info][gc            ] GC(394) Pause Cleanup 588M->588M(1623M) 0.228ms
[37.403s][info][gc,cpu        ] GC(394) User=0.00s Sys=0.00s Real=0.00s
[37.403s][info][safepoint     ] Leaving safepoint region
[37.403s][info][safepoint     ] Total time for which application threads were stopped: 0.0066390 seconds, Stopping threads took: 0.0062359 seconds
[37.403s][info][gc,marking    ] GC(394) Concurrent Cleanup for Next Mark
[37.404s][info][gc,marking    ] GC(394) Concurrent Cleanup for Next Mark 1.465ms
[37.404s][info][gc            ] GC(394) Concurrent Cycle 39.569ms
[37.409s][info][safepoint     ] Application time: 0.0064498 seconds
[37.409s][info][safepoint     ] Entering safepoint region: G1CollectForAllocation
[37.409s][info][gc,start      ] GC(395) Pause Young (Concurrent Start) (G1 Humongous Allocation)
[37.409s][info][gc,task       ] GC(395) Using 8 workers of 8 for evacuation
[37.411s][info][gc,phases     ] GC(395)   Pre Evacuate Collection Set: 0.1ms
[37.411s][info][gc,phases     ] GC(395)   Evacuate Collection Set: 0.9ms
[37.411s][info][gc,phases     ] GC(395)   Post Evacuate Collection Set: 0.5ms
[37.411s][info][gc,phases     ] GC(395)   Other: 0.2ms
[37.411s][info][gc,heap       ] GC(395) Eden regions: 1->0(972)
[37.411s][info][gc,heap       ] GC(395) Survivor regions: 1->1(122)
[37.411s][info][gc,heap       ] GC(395) Old regions: 16->16
[37.411s][info][gc,heap       ] GC(395) Humongous regions: 573->0
[37.411s][info][gc,metaspace  ] GC(395) Metaspace: 38647K->38647K(1085440K)
[37.411s][info][gc            ] GC(395) Pause Young (Concurrent Start) (G1 Humongous Allocation) 588M->15M(1623M) 1.800ms
[37.411s][info][gc,cpu        ] GC(395) User=0.01s Sys=0.00s Real=0.00s
[37.411s][info][safepoint     ] Leaving safepoint region
[37.411s][info][safepoint     ] Total time for which application threads were stopped: 0.0020085 seconds, Stopping threads took: 0.0000163 seconds
[37.411s][info][gc            ] GC(396) Concurrent Cycle
[37.411s][info][gc,marking    ] GC(396) Concurrent Clear Claimed Marks
[37.411s][info][gc,marking    ] GC(396) Concurrent Clear Claimed Marks 0.045ms
[37.411s][info][gc,marking    ] GC(396) Concurrent Scan Root Regions
[37.411s][info][gc,marking    ] GC(396) Concurrent Scan Root Regions 0.116ms
[37.411s][info][gc,marking    ] GC(396) Concurrent Mark (37.411s)
[37.411s][info][gc,marking    ] GC(396) Concurrent Mark From Roots
[37.411s][info][gc,task       ] GC(396) Using 2 workers of 2 for marking
[37.424s][info][gc,marking    ] GC(396) Concurrent Mark From Roots 12.343ms
[37.424s][info][gc,marking    ] GC(396) Concurrent Preclean
[37.424s][info][gc,marking    ] GC(396) Concurrent Preclean 0.047ms
[37.424s][info][gc,marking    ] GC(396) Concurrent Mark (37.411s, 37.424s) 12.552ms
[37.424s][info][safepoint     ] Application time: 0.0128572 seconds
[37.424s][info][safepoint     ] Entering safepoint region: CGC_Operation
[37.424s][info][gc,start      ] GC(396) Pause Remark
[37.426s][info][gc,stringtable] GC(396) Cleaned string and symbol table, strings: 20135 processed, 0 removed, symbols: 132181 processed, 0 removed
[37.426s][info][gc            ] GC(396) Pause Remark 206M->206M(1623M) 2.205ms
[37.426s][info][gc,cpu        ] GC(396) User=0.01s Sys=0.00s Real=0.00s
[37.426s][info][safepoint     ] Leaving safepoint region
[37.426s][info][safepoint     ] Total time for which application threads were stopped: 0.0023701 seconds, Stopping threads took: 0.0000143 seconds
[37.426s][info][gc,marking    ] GC(396) Concurrent Rebuild Remembered Sets
[37.434s][info][gc,marking    ] GC(396) Concurrent Rebuild Remembered Sets 7.205ms
[37.434s][info][safepoint     ] Application time: 0.0073317 seconds
[37.434s][info][safepoint     ] Entering safepoint region: CGC_Operation
[37.434s][info][gc,start      ] GC(396) Pause Cleanup
[37.434s][info][gc            ] GC(396) Pause Cleanup 397M->397M(1623M) 0.252ms
[37.434s][info][gc,cpu        ] GC(396) User=0.00s Sys=0.00s Real=0.00s
[37.434s][info][safepoint     ] Leaving safepoint region
[37.434s][info][safepoint     ] Total time for which application threads were stopped: 0.0004293 seconds, Stopping threads took: 0.0000147 seconds
[37.434s][info][gc,marking    ] GC(396) Concurrent Cleanup for Next Mark
[37.435s][info][gc,marking    ] GC(396) Concurrent Cleanup for Next Mark 1.289ms
[37.436s][info][gc            ] GC(396) Concurrent Cycle 24.339ms
[37.452s][info][safepoint     ] Application time: 0.0176665 seconds
[37.452s][info][safepoint     ] Entering safepoint region: G1CollectForAllocation
[37.452s][info][gc,start      ] GC(397) Pause Young (Concurrent Start) (G1 Humongous Allocation)
[37.452s][info][gc,task       ] GC(397) Using 8 workers of 8 for evacuation
[37.454s][info][gc,phases     ] GC(397)   Pre Evacuate Collection Set: 0.1ms
[37.454s][info][gc,phases     ] GC(397)   Evacuate Collection Set: 1.4ms
[37.454s][info][gc,phases     ] GC(397)   Post Evacuate Collection Set: 0.3ms
[37.454s][info][gc,phases     ] GC(397)   Other: 0.3ms
[37.454s][info][gc,heap       ] GC(397) Eden regions: 1->0(972)
[37.454s][info][gc,heap       ] GC(397) Survivor regions: 1->1(122)
[37.454s][info][gc,heap       ] GC(397) Old regions: 16->16
[37.454s][info][gc,heap       ] GC(397) Humongous regions: 573->0
[37.454s][info][gc,metaspace  ] GC(397) Metaspace: 38647K->38647K(1085440K)
[37.454s][info][gc            ] GC(397) Pause Young (Concurrent Start) (G1 Humongous Allocation) 588M->15M(1623M) 2.320ms
[37.454s][info][gc,cpu        ] GC(397) User=0.01s Sys=0.00s Real=0.00s
[37.454s][info][safepoint     ] Leaving safepoint region
[37.454s][info][gc            ] GC(398) Concurrent Cycle
[37.454s][info][safepoint     ] Total time for which application threads were stopped: 0.0025207 seconds, Stopping threads took: 0.0000302 seconds
[37.454s][info][gc,marking    ] GC(398) Concurrent Clear Claimed Marks
[37.455s][info][gc,marking    ] GC(398) Concurrent Clear Claimed Marks 0.157ms
[37.455s][info][gc,marking    ] GC(398) Concurrent Scan Root Regions
[37.455s][info][gc,marking    ] GC(398) Concurrent Scan Root Regions 0.107ms
[37.455s][info][gc,marking    ] GC(398) Concurrent Mark (37.455s)
[37.455s][info][gc,marking    ] GC(398) Concurrent Mark From Roots
[37.455s][info][gc,task       ] GC(398) Using 2 workers of 2 for marking
[37.473s][info][gc,marking    ] GC(398) Concurrent Mark From Roots 18.248ms
[37.473s][info][gc,marking    ] GC(398) Concurrent Preclean
[37.473s][info][gc,marking    ] GC(398) Concurrent Preclean 0.136ms
[37.473s][info][gc,marking    ] GC(398) Concurrent Mark (37.455s, 37.473s) 18.631ms
[37.473s][info][safepoint     ] Application time: 0.0189911 seconds
[37.490s][info][safepoint     ] Entering safepoint region: CGC_Operation
[37.490s][info][gc,start      ] GC(398) Pause Remark
[37.496s][info][gc,stringtable] GC(398) Cleaned string and symbol table, strings: 20135 processed, 0 removed, symbols: 132181 processed, 0 removed
[37.496s][info][gc            ] GC(398) Pause Remark 397M->397M(1623M) 6.197ms
[37.496s][info][gc,cpu        ] GC(398) User=0.03s Sys=0.00s Real=0.00s
[37.496s][info][safepoint     ] Leaving safepoint region
[37.496s][info][safepoint     ] Total time for which application threads were stopped: 0.0230279 seconds, Stopping threads took: 0.0165426 seconds
[37.497s][info][gc,marking    ] GC(398) Concurrent Rebuild Remembered Sets
[37.509s][info][gc,marking    ] GC(398) Concurrent Rebuild Remembered Sets 12.011ms
[37.509s][info][safepoint     ] Application time: 0.0121383 seconds
[37.513s][info][safepoint     ] Entering safepoint region: CGC_Operation
[37.513s][info][gc,start      ] GC(398) Pause Cleanup
[37.513s][info][gc            ] GC(398) Pause Cleanup 588M->588M(1623M) 0.285ms
[37.513s][info][gc,cpu        ] GC(398) User=0.00s Sys=0.00s Real=0.00s
[37.513s][info][safepoint     ] Leaving safepoint region
[37.513s][info][safepoint     ] Total time for which application threads were stopped: 0.0045170 seconds, Stopping threads took: 0.0040572 seconds
[37.513s][info][gc,marking    ] GC(398) Concurrent Cleanup for Next Mark
[37.516s][info][gc,marking    ] GC(398) Concurrent Cleanup for Next Mark 2.682ms
[37.516s][info][gc            ] GC(398) Concurrent Cycle 61.654ms
[37.519s][info][safepoint     ] Application time: 0.0053255 seconds
[37.519s][info][safepoint     ] Entering safepoint region: G1CollectForAllocation
[37.519s][info][gc,start      ] GC(399) Pause Young (Concurrent Start) (G1 Humongous Allocation)
[37.519s][info][gc,task       ] GC(399) Using 8 workers of 8 for evacuation
[37.520s][info][gc,phases     ] GC(399)   Pre Evacuate Collection Set: 0.1ms
[37.520s][info][gc,phases     ] GC(399)   Evacuate Collection Set: 0.9ms
[37.520s][info][gc,phases     ] GC(399)   Post Evacuate Collection Set: 0.4ms
[37.520s][info][gc,phases     ] GC(399)   Other: 0.2ms
[37.520s][info][gc,heap       ] GC(399) Eden regions: 1->0(972)
[37.520s][info][gc,heap       ] GC(399) Survivor regions: 1->1(122)
[37.520s][info][gc,heap       ] GC(399) Old regions: 16->16
[37.520s][info][gc,heap       ] GC(399) Humongous regions: 573->0
[37.520s][info][gc,metaspace  ] GC(399) Metaspace: 38647K->38647K(1085440K)
[37.520s][info][gc            ] GC(399) Pause Young (Concurrent Start) (G1 Humongous Allocation) 588M->15M(1623M) 1.715ms
[37.520s][info][gc,cpu        ] GC(399) User=0.01s Sys=0.00s Real=0.00s
[37.520s][info][gc            ] GC(400) Concurrent Cycle
[37.520s][info][safepoint     ] Leaving safepoint region
[37.521s][info][gc,marking    ] GC(400) Concurrent Clear Claimed Marks
[37.521s][info][safepoint     ] Total time for which application threads were stopped: 0.0019393 seconds, Stopping threads took: 0.0000165 seconds
[37.521s][info][gc,marking    ] GC(400) Concurrent Clear Claimed Marks 0.163ms
[37.521s][info][gc,marking    ] GC(400) Concurrent Scan Root Regions
[37.521s][info][gc,marking    ] GC(400) Concurrent Scan Root Regions 0.109ms
[37.521s][info][gc,marking    ] GC(400) Concurrent Mark (37.521s)
[37.521s][info][gc,marking    ] GC(400) Concurrent Mark From Roots
[37.521s][info][gc,task       ] GC(400) Using 2 workers of 2 for marking
[37.536s][info][gc,marking    ] GC(400) Concurrent Mark From Roots 15.250ms
[37.536s][info][gc,marking    ] GC(400) Concurrent Preclean
[37.536s][info][gc,marking    ] GC(400) Concurrent Preclean 0.127ms
[37.536s][info][gc,marking    ] GC(400) Concurrent Mark (37.521s, 37.536s) 15.493ms
[37.536s][info][safepoint     ] Application time: 0.0158077 seconds
[37.543s][info][safepoint     ] Entering safepoint region: CGC_Operation
[37.543s][info][gc,start      ] GC(400) Pause Remark
[37.547s][info][gc,stringtable] GC(400) Cleaned string and symbol table, strings: 20135 processed, 0 removed, symbols: 132181 processed, 0 removed
[37.547s][info][gc            ] GC(400) Pause Remark 397M->397M(1623M) 3.657ms
[37.547s][info][gc,cpu        ] GC(400) User=0.02s Sys=0.00s Real=0.01s
[37.547s][info][safepoint     ] Leaving safepoint region
[37.547s][info][safepoint     ] Total time for which application threads were stopped: 0.0106590 seconds, Stopping threads took: 0.0068439 seconds
[37.547s][info][gc,marking    ] GC(400) Concurrent Rebuild Remembered Sets
[37.557s][info][gc,marking    ] GC(400) Concurrent Rebuild Remembered Sets 9.944ms
[37.557s][info][safepoint     ] Application time: 0.0101231 seconds
[37.563s][info][safepoint     ] Entering safepoint region: CGC_Operation
[37.563s][info][gc,start      ] GC(400) Pause Cleanup
[37.563s][info][gc            ] GC(400) Pause Cleanup 588M->588M(1623M) 0.181ms
[37.563s][info][gc,cpu        ] GC(400) User=0.00s Sys=0.00s Real=0.00s
[37.563s][info][safepoint     ] Leaving safepoint region
[37.563s][info][safepoint     ] Total time for which application threads were stopped: 0.0059941 seconds, Stopping threads took: 0.0056938 seconds
[37.563s][info][gc,marking    ] GC(400) Concurrent Cleanup for Next Mark
[37.566s][info][gc,marking    ] GC(400) Concurrent Cleanup for Next Mark 2.865ms
[37.566s][info][gc            ] GC(400) Concurrent Cycle 45.767ms
[37.569s][info][safepoint     ] Application time: 0.0053980 seconds
[37.569s][info][safepoint     ] Entering safepoint region: G1CollectForAllocation
[37.569s][info][gc,start      ] GC(401) Pause Young (Concurrent Start) (G1 Humongous Allocation)
[37.569s][info][gc,task       ] GC(401) Using 8 workers of 8 for evacuation
[37.571s][info][gc,phases     ] GC(401)   Pre Evacuate Collection Set: 0.1ms
[37.571s][info][gc,phases     ] GC(401)   Evacuate Collection Set: 1.3ms
[37.571s][info][gc,phases     ] GC(401)   Post Evacuate Collection Set: 0.4ms
[37.571s][info][gc,phases     ] GC(401)   Other: 0.2ms
[37.571s][info][gc,heap       ] GC(401) Eden regions: 1->0(972)
[37.571s][info][gc,heap       ] GC(401) Survivor regions: 1->1(122)
[37.571s][info][gc,heap       ] GC(401) Old regions: 16->16
[37.571s][info][gc,heap       ] GC(401) Humongous regions: 573->0
[37.571s][info][gc,metaspace  ] GC(401) Metaspace: 38647K->38647K(1085440K)
[37.571s][info][gc            ] GC(401) Pause Young (Concurrent Start) (G1 Humongous Allocation) 588M->15M(1623M) 2.201ms
[37.571s][info][gc,cpu        ] GC(401) User=0.01s Sys=0.00s Real=0.00s
[37.571s][info][safepoint     ] Leaving safepoint region
[37.571s][info][safepoint     ] Total time for which application threads were stopped: 0.0023962 seconds, Stopping threads took: 0.0000293 seconds
[37.571s][info][gc            ] GC(402) Concurrent Cycle
[37.571s][info][gc,marking    ] GC(402) Concurrent Clear Claimed Marks
[37.571s][info][gc,marking    ] GC(402) Concurrent Clear Claimed Marks 0.172ms
[37.571s][info][gc,marking    ] GC(402) Concurrent Scan Root Regions
[37.571s][info][gc,marking    ] GC(402) Concurrent Scan Root Regions 0.108ms
[37.571s][info][gc,marking    ] GC(402) Concurrent Mark (37.571s)
[37.571s][info][gc,marking    ] GC(402) Concurrent Mark From Roots
[37.571s][info][gc,task       ] GC(402) Using 2 workers of 2 for marking
[37.587s][info][gc,marking    ] GC(402) Concurrent Mark From Roots 15.590ms
[37.587s][info][gc,marking    ] GC(402) Concurrent Preclean
[37.587s][info][gc,marking    ] GC(402) Concurrent Preclean 0.120ms
[37.587s][info][gc,marking    ] GC(402) Concurrent Mark (37.571s, 37.587s) 15.805ms
[37.587s][info][safepoint     ] Application time: 0.0162263 seconds
[37.594s][info][safepoint     ] Entering safepoint region: CGC_Operation
[37.595s][info][gc,start      ] GC(402) Pause Remark
[37.599s][info][gc,stringtable] GC(402) Cleaned string and symbol table, strings: 20135 processed, 0 removed, symbols: 132181 processed, 0 removed
[37.599s][info][gc            ] GC(402) Pause Remark 397M->397M(1623M) 4.429ms
[37.599s][info][gc,cpu        ] GC(402) User=0.02s Sys=0.00s Real=0.01s
[37.599s][info][safepoint     ] Leaving safepoint region
[37.599s][info][safepoint     ] Total time for which application threads were stopped: 0.0117404 seconds, Stopping threads took: 0.0070729 seconds
[37.599s][info][gc,marking    ] GC(402) Concurrent Rebuild Remembered Sets
[37.610s][info][gc,marking    ] GC(402) Concurrent Rebuild Remembered Sets 10.563ms
[37.610s][info][safepoint     ] Application time: 0.0107336 seconds
[37.616s][info][safepoint     ] Entering safepoint region: CGC_Operation
[37.616s][info][gc,start      ] GC(402) Pause Cleanup
[37.617s][info][gc            ] GC(402) Pause Cleanup 588M->588M(1623M) 0.505ms
[37.617s][info][gc,cpu        ] GC(402) User=0.00s Sys=0.00s Real=0.01s
[37.617s][info][safepoint     ] Leaving safepoint region
[37.617s][info][safepoint     ] Total time for which application threads were stopped: 0.0069098 seconds, Stopping threads took: 0.0061962 seconds
[37.617s][info][gc,marking    ] GC(402) Concurrent Cleanup for Next Mark
[37.619s][info][gc,marking    ] GC(402) Concurrent Cleanup for Next Mark 1.855ms
[37.619s][info][gc            ] GC(402) Concurrent Cycle 47.652ms
[37.622s][info][safepoint     ] Application time: 0.0052572 seconds
[37.622s][info][safepoint     ] Entering safepoint region: G1CollectForAllocation
[37.622s][info][gc,start      ] GC(403) Pause Young (Concurrent Start) (G1 Humongous Allocation)
[37.622s][info][gc,task       ] GC(403) Using 8 workers of 8 for evacuation
[37.624s][info][gc,phases     ] GC(403)   Pre Evacuate Collection Set: 0.1ms
[37.624s][info][gc,phases     ] GC(403)   Evacuate Collection Set: 1.3ms
[37.624s][info][gc,phases     ] GC(403)   Post Evacuate Collection Set: 0.4ms
[37.624s][info][gc,phases     ] GC(403)   Other: 0.2ms
[37.624s][info][gc,heap       ] GC(403) Eden regions: 1->0(972)
[37.624s][info][gc,heap       ] GC(403) Survivor regions: 1->1(122)
[37.624s][info][gc,heap       ] GC(403) Old regions: 16->16
[37.624s][info][gc,heap       ] GC(403) Humongous regions: 573->0
[37.624s][info][gc,metaspace  ] GC(403) Metaspace: 38647K->38647K(1085440K)
[37.624s][info][gc            ] GC(403) Pause Young (Concurrent Start) (G1 Humongous Allocation) 588M->15M(1623M) 2.153ms
[37.624s][info][gc,cpu        ] GC(403) User=0.01s Sys=0.01s Real=0.00s
[37.624s][info][safepoint     ] Leaving safepoint region
[37.624s][info][gc            ] GC(404) Concurrent Cycle
[37.624s][info][safepoint     ] Total time for which application threads were stopped: 0.0022879 seconds, Stopping threads took: 0.0000177 seconds
[37.624s][info][gc,marking    ] GC(404) Concurrent Clear Claimed Marks
[37.625s][info][gc,marking    ] GC(404) Concurrent Clear Claimed Marks 0.152ms
[37.625s][info][gc,marking    ] GC(404) Concurrent Scan Root Regions
[37.625s][info][gc,marking    ] GC(404) Concurrent Scan Root Regions 0.175ms
[37.625s][info][gc,marking    ] GC(404) Concurrent Mark (37.625s)
[37.625s][info][gc,marking    ] GC(404) Concurrent Mark From Roots
[37.625s][info][gc,task       ] GC(404) Using 2 workers of 2 for marking
[37.641s][info][gc,marking    ] GC(404) Concurrent Mark From Roots 15.686ms
[37.641s][info][gc,marking    ] GC(404) Concurrent Preclean
[37.641s][info][gc,marking    ] GC(404) Concurrent Preclean 0.084ms
[37.641s][info][gc,marking    ] GC(404) Concurrent Mark (37.625s, 37.641s) 15.874ms
[37.641s][info][safepoint     ] Application time: 0.0163060 seconds
[37.647s][info][safepoint     ] Entering safepoint region: CGC_Operation
[37.647s][info][gc,start      ] GC(404) Pause Remark
[37.650s][info][gc,stringtable] GC(404) Cleaned string and symbol table, strings: 20135 processed, 0 removed, symbols: 132181 processed, 0 removed
[37.650s][info][gc            ] GC(404) Pause Remark 397M->397M(1623M) 3.282ms
[37.650s][info][gc,cpu        ] GC(404) User=0.02s Sys=0.00s Real=0.00s
[37.650s][info][safepoint     ] Leaving safepoint region
[37.650s][info][safepoint     ] Total time for which application threads were stopped: 0.0093785 seconds, Stopping threads took: 0.0059603 seconds
[37.650s][info][gc,marking    ] GC(404) Concurrent Rebuild Remembered Sets
[37.659s][info][gc,marking    ] GC(404) Concurrent Rebuild Remembered Sets 8.549ms
[37.659s][info][safepoint     ] Application time: 0.0086590 seconds
[37.665s][info][safepoint     ] Entering safepoint region: CGC_Operation
[37.665s][info][gc,start      ] GC(404) Pause Cleanup
[37.665s][info][gc            ] GC(404) Pause Cleanup 588M->588M(1623M) 0.233ms
[37.665s][info][gc,cpu        ] GC(404) User=0.00s Sys=0.00s Real=0.00s
[37.665s][info][safepoint     ] Leaving safepoint region
[37.665s][info][safepoint     ] Total time for which application threads were stopped: 0.0063838 seconds, Stopping threads took: 0.0059600 seconds
[37.665s][info][gc,marking    ] GC(404) Concurrent Cleanup for Next Mark
[37.667s][info][gc,marking    ] GC(404) Concurrent Cleanup for Next Mark 1.696ms
[37.667s][info][gc            ] GC(404) Concurrent Cycle 42.701ms
[37.670s][info][safepoint     ] Application time: 0.0051749 seconds
[37.671s][info][safepoint     ] Entering safepoint region: G1CollectForAllocation
[37.671s][info][gc,start      ] GC(405) Pause Young (Concurrent Start) (G1 Humongous Allocation)
[37.671s][info][gc,task       ] GC(405) Using 8 workers of 8 for evacuation
[37.673s][info][gc,phases     ] GC(405)   Pre Evacuate Collection Set: 0.2ms
[37.673s][info][gc,phases     ] GC(405)   Evacuate Collection Set: 1.9ms
[37.673s][info][gc,phases     ] GC(405)   Post Evacuate Collection Set: 0.5ms
[37.674s][info][gc,phases     ] GC(405)   Other: 0.2ms
[37.674s][info][gc,heap       ] GC(405) Eden regions: 1->0(972)
[37.674s][info][gc,heap       ] GC(405) Survivor regions: 1->1(122)
[37.674s][info][gc,heap       ] GC(405) Old regions: 16->16
[37.674s][info][gc,heap       ] GC(405) Humongous regions: 573->0
[37.674s][info][gc,metaspace  ] GC(405) Metaspace: 38647K->38647K(1085440K)
[37.674s][info][gc            ] GC(405) Pause Young (Concurrent Start) (G1 Humongous Allocation) 588M->15M(1623M) 3.048ms
[37.674s][info][gc,cpu        ] GC(405) User=0.00s Sys=0.00s Real=0.00s
[37.674s][info][safepoint     ] Leaving safepoint region
[37.674s][info][gc            ] GC(406) Concurrent Cycle
[37.674s][info][safepoint     ] Total time for which application threads were stopped: 0.0032833 seconds, Stopping threads took: 0.0000175 seconds
[37.674s][info][gc,marking    ] GC(406) Concurrent Clear Claimed Marks
[37.674s][info][gc,marking    ] GC(406) Concurrent Clear Claimed Marks 0.171ms
[37.674s][info][gc,marking    ] GC(406) Concurrent Scan Root Regions
[37.674s][info][gc,marking    ] GC(406) Concurrent Scan Root Regions 0.143ms
[37.674s][info][gc,marking    ] GC(406) Concurrent Mark (37.674s)
[37.674s][info][gc,marking    ] GC(406) Concurrent Mark From Roots
[37.674s][info][gc,task       ] GC(406) Using 2 workers of 2 for marking
[37.694s][info][gc,marking    ] GC(406) Concurrent Mark From Roots 20.036ms
[37.694s][info][gc,marking    ] GC(406) Concurrent Preclean
[37.694s][info][gc,marking    ] GC(406) Concurrent Preclean 0.065ms
[37.694s][info][gc,marking    ] GC(406) Concurrent Mark (37.674s, 37.694s) 20.177ms
[37.694s][info][safepoint     ] Application time: 0.0205748 seconds
[37.694s][info][safepoint     ] Entering safepoint region: CGC_Operation
[37.695s][info][gc,start      ] GC(406) Pause Remark
[37.698s][info][gc,stringtable] GC(406) Cleaned string and symbol table, strings: 20135 processed, 0 removed, symbols: 132181 processed, 0 removed
[37.699s][info][gc            ] GC(406) Pause Remark 206M->206M(1623M) 4.077ms
[37.699s][info][gc,cpu        ] GC(406) User=0.02s Sys=0.00s Real=0.01s
[37.699s][info][safepoint     ] Leaving safepoint region
[37.699s][info][safepoint     ] Total time for which application threads were stopped: 0.0042976 seconds, Stopping threads took: 0.0000243 seconds
[37.699s][info][gc,marking    ] GC(406) Concurrent Rebuild Remembered Sets
[37.711s][info][gc,marking    ] GC(406) Concurrent Rebuild Remembered Sets 11.703ms
[37.711s][info][safepoint     ] Application time: 0.0120878 seconds
[37.716s][info][safepoint     ] Entering safepoint region: CGC_Operation
[37.717s][info][gc,start      ] GC(406) Pause Cleanup
[37.717s][info][gc            ] GC(406) Pause Cleanup 397M->397M(1623M) 0.489ms
[37.717s][info][gc,cpu        ] GC(406) User=0.00s Sys=0.00s Real=0.00s
[37.717s][info][safepoint     ] Leaving safepoint region
[37.717s][info][safepoint     ] Total time for which application threads were stopped: 0.0063467 seconds, Stopping threads took: 0.0056298 seconds
[37.717s][info][gc,marking    ] GC(406) Concurrent Cleanup for Next Mark
[37.719s][info][gc,marking    ] GC(406) Concurrent Cleanup for Next Mark 1.826ms
[37.719s][info][gc            ] GC(406) Concurrent Cycle 45.368ms
[37.736s][info][safepoint     ] Application time: 0.0185536 seconds
[37.736s][info][safepoint     ] Entering safepoint region: G1CollectForAllocation
[37.736s][info][gc,start      ] GC(407) Pause Young (Concurrent Start) (G1 Humongous Allocation)
[37.736s][info][gc,task       ] GC(407) Using 8 workers of 8 for evacuation
[37.738s][info][gc,phases     ] GC(407)   Pre Evacuate Collection Set: 0.1ms
[37.738s][info][gc,phases     ] GC(407)   Evacuate Collection Set: 1.3ms
[37.738s][info][gc,phases     ] GC(407)   Post Evacuate Collection Set: 0.4ms
[37.738s][info][gc,phases     ] GC(407)   Other: 0.2ms
[37.738s][info][gc,heap       ] GC(407) Eden regions: 1->0(972)
[37.738s][info][gc,heap       ] GC(407) Survivor regions: 1->1(122)
[37.738s][info][gc,heap       ] GC(407) Old regions: 16->16
[37.738s][info][gc,heap       ] GC(407) Humongous regions: 573->0
[37.738s][info][gc,metaspace  ] GC(407) Metaspace: 38647K->38647K(1085440K)
[37.738s][info][gc            ] GC(407) Pause Young (Concurrent Start) (G1 Humongous Allocation) 588M->15M(1623M) 2.138ms
[37.738s][info][gc,cpu        ] GC(407) User=0.00s Sys=0.00s Real=0.01s
[37.738s][info][safepoint     ] Leaving safepoint region
[37.738s][info][gc            ] GC(408) Concurrent Cycle
[37.738s][info][safepoint     ] Total time for which application threads were stopped: 0.0022871 seconds, Stopping threads took: 0.0000244 seconds
[37.738s][info][gc,marking    ] GC(408) Concurrent Clear Claimed Marks
[37.738s][info][gc,marking    ] GC(408) Concurrent Clear Claimed Marks 0.131ms
[37.738s][info][gc,marking    ] GC(408) Concurrent Scan Root Regions
[37.738s][info][gc,marking    ] GC(408) Concurrent Scan Root Regions 0.126ms
[37.738s][info][gc,marking    ] GC(408) Concurrent Mark (37.738s)
[37.739s][info][gc,marking    ] GC(408) Concurrent Mark From Roots
[37.739s][info][gc,task       ] GC(408) Using 2 workers of 2 for marking
[37.753s][info][gc,marking    ] GC(408) Concurrent Mark From Roots 14.805ms
[37.753s][info][gc,marking    ] GC(408) Concurrent Preclean
[37.753s][info][gc,marking    ] GC(408) Concurrent Preclean 0.079ms
[37.753s][info][gc,marking    ] GC(408) Concurrent Mark (37.738s, 37.753s) 14.985ms
[37.754s][info][safepoint     ] Application time: 0.0153394 seconds
[37.760s][info][safepoint     ] Entering safepoint region: CGC_Operation
[37.760s][info][gc,start      ] GC(408) Pause Remark
[37.763s][info][gc,stringtable] GC(408) Cleaned string and symbol table, strings: 20135 processed, 0 removed, symbols: 132181 processed, 0 removed
[37.763s][info][gc            ] GC(408) Pause Remark 397M->397M(1623M) 3.460ms
[37.763s][info][gc,cpu        ] GC(408) User=0.02s Sys=0.00s Real=0.00s
[37.763s][info][safepoint     ] Leaving safepoint region
[37.763s][info][safepoint     ] Total time for which application threads were stopped: 0.0096734 seconds, Stopping threads took: 0.0060489 seconds
[37.763s][info][gc,marking    ] GC(408) Concurrent Rebuild Remembered Sets
[37.772s][info][gc,marking    ] GC(408) Concurrent Rebuild Remembered Sets 8.959ms
[37.772s][info][safepoint     ] Application time: 0.0091010 seconds
[37.777s][info][safepoint     ] Entering safepoint region: CGC_Operation
[37.777s][info][gc,start      ] GC(408) Pause Cleanup
[37.777s][info][gc            ] GC(408) Pause Cleanup 588M->588M(1623M) 0.232ms
[37.777s][info][gc,cpu        ] GC(408) User=0.00s Sys=0.00s Real=0.00s
[37.777s][info][safepoint     ] Leaving safepoint region
[37.777s][info][safepoint     ] Total time for which application threads were stopped: 0.0046216 seconds, Stopping threads took: 0.0042494 seconds
[37.777s][info][gc,marking    ] GC(408) Concurrent Cleanup for Next Mark
[37.779s][info][gc,marking    ] GC(408) Concurrent Cleanup for Next Mark 1.593ms
[37.779s][info][gc            ] GC(408) Concurrent Cycle 40.532ms
[37.783s][info][safepoint     ] Application time: 0.0056282 seconds
[37.783s][info][safepoint     ] Entering safepoint region: G1CollectForAllocation
[37.783s][info][gc,start      ] GC(409) Pause Young (Concurrent Start) (G1 Humongous Allocation)
[37.783s][info][gc,task       ] GC(409) Using 8 workers of 8 for evacuation
[37.784s][info][gc,phases     ] GC(409)   Pre Evacuate Collection Set: 0.1ms
[37.784s][info][gc,phases     ] GC(409)   Evacuate Collection Set: 0.8ms
[37.784s][info][gc,phases     ] GC(409)   Post Evacuate Collection Set: 0.4ms
[37.784s][info][gc,phases     ] GC(409)   Other: 0.2ms
[37.784s][info][gc,heap       ] GC(409) Eden regions: 1->0(972)
[37.784s][info][gc,heap       ] GC(409) Survivor regions: 1->1(122)
[37.784s][info][gc,heap       ] GC(409) Old regions: 16->16
[37.784s][info][gc,heap       ] GC(409) Humongous regions: 573->0
[37.784s][info][gc,metaspace  ] GC(409) Metaspace: 38647K->38647K(1085440K)
[37.784s][info][gc            ] GC(409) Pause Young (Concurrent Start) (G1 Humongous Allocation) 588M->15M(1623M) 1.553ms
[37.784s][info][gc,cpu        ] GC(409) User=0.01s Sys=0.00s Real=0.00s
[37.784s][info][safepoint     ] Leaving safepoint region
[37.784s][info][gc            ] GC(410) Concurrent Cycle
[37.784s][info][safepoint     ] Total time for which application threads were stopped: 0.0016694 seconds, Stopping threads took: 0.0000168 seconds
[37.784s][info][gc,marking    ] GC(410) Concurrent Clear Claimed Marks
[37.785s][info][gc,marking    ] GC(410) Concurrent Clear Claimed Marks 0.143ms
[37.785s][info][gc,marking    ] GC(410) Concurrent Scan Root Regions
[37.785s][info][gc,marking    ] GC(410) Concurrent Scan Root Regions 0.113ms
[37.785s][info][gc,marking    ] GC(410) Concurrent Mark (37.785s)
[37.785s][info][gc,marking    ] GC(410) Concurrent Mark From Roots
[37.785s][info][gc,task       ] GC(410) Using 2 workers of 2 for marking
[37.799s][info][gc,marking    ] GC(410) Concurrent Mark From Roots 14.220ms
[37.799s][info][gc,marking    ] GC(410) Concurrent Preclean
[37.799s][info][gc,marking    ] GC(410) Concurrent Preclean 0.117ms
[37.799s][info][gc,marking    ] GC(410) Concurrent Mark (37.785s, 37.799s) 14.458ms
[37.799s][info][safepoint     ] Application time: 0.0148292 seconds
[37.806s][info][safepoint     ] Entering safepoint region: CGC_Operation
[37.806s][info][gc,start      ] GC(410) Pause Remark
[37.810s][info][gc,stringtable] GC(410) Cleaned string and symbol table, strings: 20135 processed, 0 removed, symbols: 132181 processed, 0 removed
[37.810s][info][gc            ] GC(410) Pause Remark 398M->398M(1623M) 3.851ms
[37.810s][info][gc,cpu        ] GC(410) User=0.02s Sys=0.00s Real=0.01s
[37.810s][info][safepoint     ] Leaving safepoint region
[37.810s][info][safepoint     ] Total time for which application threads were stopped: 0.0106462 seconds, Stopping threads took: 0.0066625 seconds
[37.810s][info][gc,marking    ] GC(410) Concurrent Rebuild Remembered Sets
[37.819s][info][gc,marking    ] GC(410) Concurrent Rebuild Remembered Sets 9.232ms
[37.819s][info][safepoint     ] Application time: 0.0093715 seconds
[37.823s][info][safepoint     ] Entering safepoint region: CGC_Operation
[37.823s][info][gc,start      ] GC(410) Pause Cleanup
[37.824s][info][gc            ] GC(410) Pause Cleanup 589M->589M(1623M) 0.347ms
[37.824s][info][gc,cpu        ] GC(410) User=0.01s Sys=0.00s Real=0.00s
[37.824s][info][safepoint     ] Leaving safepoint region
[37.824s][info][safepoint     ] Total time for which application threads were stopped: 0.0045920 seconds, Stopping threads took: 0.0040965 seconds
[37.824s][info][gc,marking    ] GC(410) Concurrent Cleanup for Next Mark
[37.826s][info][gc,marking    ] GC(410) Concurrent Cleanup for Next Mark 1.586ms
[37.826s][info][gc            ] GC(410) Concurrent Cycle 41.196ms
[37.829s][info][safepoint     ] Application time: 0.0050810 seconds
[37.829s][info][safepoint     ] Entering safepoint region: G1CollectForAllocation
[37.829s][info][gc,start      ] GC(411) Pause Young (Concurrent Start) (G1 Humongous Allocation)
[37.829s][info][gc,task       ] GC(411) Using 8 workers of 8 for evacuation
[37.831s][info][gc,phases     ] GC(411)   Pre Evacuate Collection Set: 0.1ms
[37.831s][info][gc,phases     ] GC(411)   Evacuate Collection Set: 1.3ms
[37.831s][info][gc,phases     ] GC(411)   Post Evacuate Collection Set: 0.4ms
[37.831s][info][gc,phases     ] GC(411)   Other: 0.2ms
[37.831s][info][gc,heap       ] GC(411) Eden regions: 2->0(972)
[37.831s][info][gc,heap       ] GC(411) Survivor regions: 1->1(122)
[37.831s][info][gc,heap       ] GC(411) Old regions: 16->16
[37.831s][info][gc,heap       ] GC(411) Humongous regions: 573->0
[37.831s][info][gc,metaspace  ] GC(411) Metaspace: 38647K->38647K(1085440K)
[37.831s][info][gc            ] GC(411) Pause Young (Concurrent Start) (G1 Humongous Allocation) 589M->15M(1623M) 2.297ms
[37.832s][info][gc,cpu        ] GC(411) User=0.00s Sys=0.00s Real=0.00s
[37.832s][info][safepoint     ] Leaving safepoint region
[37.832s][info][gc            ] GC(412) Concurrent Cycle
[37.832s][info][safepoint     ] Total time for which application threads were stopped: 0.0025377 seconds, Stopping threads took: 0.0000190 seconds
[37.832s][info][gc,marking    ] GC(412) Concurrent Clear Claimed Marks
[37.832s][info][gc,marking    ] GC(412) Concurrent Clear Claimed Marks 0.182ms
[37.832s][info][gc,marking    ] GC(412) Concurrent Scan Root Regions
[37.832s][info][gc,marking    ] GC(412) Concurrent Scan Root Regions 0.100ms
[37.832s][info][gc,marking    ] GC(412) Concurrent Mark (37.832s)
[37.832s][info][gc,marking    ] GC(412) Concurrent Mark From Roots
[37.832s][info][gc,task       ] GC(412) Using 2 workers of 2 for marking
[37.846s][info][gc,marking    ] GC(412) Concurrent Mark From Roots 14.043ms
[37.846s][info][gc,marking    ] GC(412) Concurrent Preclean
[37.846s][info][gc,marking    ] GC(412) Concurrent Preclean 0.135ms
[37.846s][info][gc,marking    ] GC(412) Concurrent Mark (37.832s, 37.846s) 14.302ms
[37.846s][info][safepoint     ] Application time: 0.0146685 seconds
[37.852s][info][safepoint     ] Entering safepoint region: CGC_Operation
[37.852s][info][gc,start      ] GC(412) Pause Remark
[37.854s][info][gc,stringtable] GC(412) Cleaned string and symbol table, strings: 20135 processed, 0 removed, symbols: 132181 processed, 0 removed
[37.854s][info][gc            ] GC(412) Pause Remark 397M->397M(1623M) 1.806ms
[37.854s][info][gc,cpu        ] GC(412) User=0.01s Sys=0.00s Real=0.00s
[37.854s][info][safepoint     ] Leaving safepoint region
[37.854s][info][safepoint     ] Total time for which application threads were stopped: 0.0077610 seconds, Stopping threads took: 0.0058201 seconds
[37.854s][info][gc,marking    ] GC(412) Concurrent Rebuild Remembered Sets
[37.862s][info][gc,marking    ] GC(412) Concurrent Rebuild Remembered Sets 7.712ms
[37.862s][info][safepoint     ] Application time: 0.0078202 seconds
[37.867s][info][safepoint     ] Entering safepoint region: CGC_Operation
[37.867s][info][gc,start      ] GC(412) Pause Cleanup
[37.868s][info][gc            ] GC(412) Pause Cleanup 588M->588M(1623M) 0.232ms
[37.868s][info][gc,cpu        ] GC(412) User=0.00s Sys=0.00s Real=0.00s
[37.868s][info][safepoint     ] Leaving safepoint region
[37.868s][info][safepoint     ] Total time for which application threads were stopped: 0.0057213 seconds, Stopping threads took: 0.0053384 seconds
[37.868s][info][gc,marking    ] GC(412) Concurrent Cleanup for Next Mark
[37.869s][info][gc,marking    ] GC(412) Concurrent Cleanup for Next Mark 1.451ms
[37.869s][info][gc            ] GC(412) Concurrent Cycle 37.591ms
[37.874s][info][safepoint     ] Application time: 0.0062258 seconds
[37.874s][info][safepoint     ] Entering safepoint region: G1CollectForAllocation
[37.874s][info][gc,start      ] GC(413) Pause Young (Concurrent Start) (G1 Humongous Allocation)
[37.874s][info][gc,task       ] GC(413) Using 8 workers of 8 for evacuation
[37.875s][info][gc,phases     ] GC(413)   Pre Evacuate Collection Set: 0.1ms
[37.876s][info][gc,phases     ] GC(413)   Evacuate Collection Set: 0.8ms
[37.876s][info][gc,phases     ] GC(413)   Post Evacuate Collection Set: 0.3ms
[37.876s][info][gc,phases     ] GC(413)   Other: 0.2ms
[37.876s][info][gc,heap       ] GC(413) Eden regions: 1->0(972)
[37.876s][info][gc,heap       ] GC(413) Survivor regions: 1->1(122)
[37.876s][info][gc,heap       ] GC(413) Old regions: 16->16
[37.876s][info][gc,heap       ] GC(413) Humongous regions: 573->0
[37.876s][info][gc,metaspace  ] GC(413) Metaspace: 38647K->38647K(1085440K)
[37.876s][info][gc            ] GC(413) Pause Young (Concurrent Start) (G1 Humongous Allocation) 588M->15M(1623M) 1.564ms
[37.876s][info][gc,cpu        ] GC(413) User=0.01s Sys=0.00s Real=0.00s
[37.876s][info][safepoint     ] Leaving safepoint region
[37.876s][info][gc            ] GC(414) Concurrent Cycle
[37.876s][info][safepoint     ] Total time for which application threads were stopped: 0.0017223 seconds, Stopping threads took: 0.0000206 seconds
[37.876s][info][gc,marking    ] GC(414) Concurrent Clear Claimed Marks
[37.876s][info][gc,marking    ] GC(414) Concurrent Clear Claimed Marks 0.123ms
[37.876s][info][gc,marking    ] GC(414) Concurrent Scan Root Regions
[37.876s][info][gc,marking    ] GC(414) Concurrent Scan Root Regions 0.087ms
[37.876s][info][gc,marking    ] GC(414) Concurrent Mark (37.876s)
[37.876s][info][gc,marking    ] GC(414) Concurrent Mark From Roots
[37.876s][info][gc,task       ] GC(414) Using 2 workers of 2 for marking
[37.891s][info][gc,marking    ] GC(414) Concurrent Mark From Roots 15.358ms
[37.891s][info][gc,marking    ] GC(414) Concurrent Preclean
[37.891s][info][gc,marking    ] GC(414) Concurrent Preclean 0.141ms
[37.892s][info][gc,marking    ] GC(414) Concurrent Mark (37.876s, 37.892s) 15.623ms
[37.892s][info][safepoint     ] Application time: 0.0159124 seconds
[37.902s][info][safepoint     ] Entering safepoint region: CGC_Operation
[37.902s][info][gc,start      ] GC(414) Pause Remark
[37.907s][info][gc,stringtable] GC(414) Cleaned string and symbol table, strings: 20135 processed, 0 removed, symbols: 132181 processed, 0 removed
[37.907s][info][gc            ] GC(414) Pause Remark 397M->397M(1623M) 5.772ms
[37.908s][info][gc,cpu        ] GC(414) User=0.03s Sys=0.00s Real=0.01s
[37.908s][info][safepoint     ] Leaving safepoint region
[37.908s][info][safepoint     ] Total time for which application threads were stopped: 0.0160445 seconds, Stopping threads took: 0.0099498 seconds
[37.908s][info][gc,marking    ] GC(414) Concurrent Rebuild Remembered Sets
[37.918s][info][gc,marking    ] GC(414) Concurrent Rebuild Remembered Sets 10.245ms
[37.918s][info][safepoint     ] Application time: 0.0104856 seconds
[37.929s][info][safepoint     ] Entering safepoint region: CGC_Operation
[37.929s][info][gc,start      ] GC(414) Pause Cleanup
[37.930s][info][gc            ] GC(414) Pause Cleanup 589M->589M(1623M) 0.233ms
[37.930s][info][gc,cpu        ] GC(414) User=0.00s Sys=0.00s Real=0.00s
[37.930s][info][safepoint     ] Leaving safepoint region
[37.930s][info][safepoint     ] Total time for which application threads were stopped: 0.0114141 seconds, Stopping threads took: 0.0110015 seconds
[37.930s][info][gc,marking    ] GC(414) Concurrent Cleanup for Next Mark
[37.932s][info][gc,marking    ] GC(414) Concurrent Cleanup for Next Mark 2.693ms
[37.932s][info][gc            ] GC(414) Concurrent Cycle 56.869ms
[37.936s][info][safepoint     ] Application time: 0.0065949 seconds
[37.936s][info][safepoint     ] Entering safepoint region: G1CollectForAllocation
[37.937s][info][gc,start      ] GC(415) Pause Young (Concurrent Start) (G1 Humongous Allocation)
[37.937s][info][gc,task       ] GC(415) Using 8 workers of 8 for evacuation
[37.939s][info][gc,phases     ] GC(415)   Pre Evacuate Collection Set: 0.2ms
[37.939s][info][gc,phases     ] GC(415)   Evacuate Collection Set: 1.5ms
[37.939s][info][gc,phases     ] GC(415)   Post Evacuate Collection Set: 0.5ms
[37.939s][info][gc,phases     ] GC(415)   Other: 0.3ms
[37.939s][info][gc,heap       ] GC(415) Eden regions: 1->0(972)
[37.939s][info][gc,heap       ] GC(415) Survivor regions: 1->1(122)
[37.939s][info][gc,heap       ] GC(415) Old regions: 16->16
[37.939s][info][gc,heap       ] GC(415) Humongous regions: 573->0
[37.939s][info][gc,metaspace  ] GC(415) Metaspace: 38647K->38647K(1085440K)
[37.939s][info][gc            ] GC(415) Pause Young (Concurrent Start) (G1 Humongous Allocation) 589M->15M(1623M) 2.563ms
[37.939s][info][gc,cpu        ] GC(415) User=0.00s Sys=0.00s Real=0.00s
[37.939s][info][safepoint     ] Leaving safepoint region
[37.939s][info][safepoint     ] Total time for which application threads were stopped: 0.0029253 seconds, Stopping threads took: 0.0000444 seconds
[37.939s][info][gc            ] GC(416) Concurrent Cycle
[37.939s][info][gc,marking    ] GC(416) Concurrent Clear Claimed Marks
[37.939s][info][gc,marking    ] GC(416) Concurrent Clear Claimed Marks 0.150ms
[37.939s][info][gc,marking    ] GC(416) Concurrent Scan Root Regions
[37.939s][info][gc,marking    ] GC(416) Concurrent Scan Root Regions 0.093ms
[37.940s][info][gc,marking    ] GC(416) Concurrent Mark (37.940s)
[37.940s][info][gc,marking    ] GC(416) Concurrent Mark From Roots
[37.940s][info][gc,task       ] GC(416) Using 2 workers of 2 for marking
[37.956s][info][gc,marking    ] GC(416) Concurrent Mark From Roots 16.155ms
[37.956s][info][gc,marking    ] GC(416) Concurrent Preclean
[37.956s][info][gc,marking    ] GC(416) Concurrent Preclean 0.112ms
[37.956s][info][gc,marking    ] GC(416) Concurrent Mark (37.940s, 37.956s) 16.385ms
[37.956s][info][safepoint     ] Application time: 0.0167538 seconds
[37.961s][info][safepoint     ] Entering safepoint region: CGC_Operation
[37.961s][info][gc,start      ] GC(416) Pause Remark
[37.965s][info][gc,stringtable] GC(416) Cleaned string and symbol table, strings: 20135 processed, 0 removed, symbols: 132181 processed, 0 removed
[37.965s][info][gc            ] GC(416) Pause Remark 397M->397M(1623M) 3.622ms
[37.965s][info][gc,cpu        ] GC(416) User=0.02s Sys=0.01s Real=0.00s
[37.965s][info][safepoint     ] Leaving safepoint region
[37.965s][info][safepoint     ] Total time for which application threads were stopped: 0.0090145 seconds, Stopping threads took: 0.0052563 seconds
[37.965s][info][gc,marking    ] GC(416) Concurrent Rebuild Remembered Sets
[37.973s][info][gc,marking    ] GC(416) Concurrent Rebuild Remembered Sets 7.937ms
[37.973s][info][safepoint     ] Application time: 0.0080312 seconds
[37.977s][info][safepoint     ] Entering safepoint region: CGC_Operation
[37.978s][info][gc,start      ] GC(416) Pause Cleanup
[37.978s][info][gc            ] GC(416) Pause Cleanup 588M->588M(1623M) 0.147ms
[37.978s][info][gc,cpu        ] GC(416) User=0.00s Sys=0.00s Real=0.00s
[37.978s][info][safepoint     ] Leaving safepoint region
[37.978s][info][safepoint     ] Total time for which application threads were stopped: 0.0047459 seconds, Stopping threads took: 0.0043931 seconds
[37.978s][info][gc,marking    ] GC(416) Concurrent Cleanup for Next Mark
[37.979s][info][gc,marking    ] GC(416) Concurrent Cleanup for Next Mark 1.436ms
[37.979s][info][gc            ] GC(416) Concurrent Cycle 40.227ms
[37.984s][info][safepoint     ] Application time: 0.0063546 seconds
[37.984s][info][safepoint     ] Entering safepoint region: G1CollectForAllocation
[37.984s][info][gc,start      ] GC(417) Pause Young (Concurrent Start) (G1 Humongous Allocation)
[37.984s][info][gc,task       ] GC(417) Using 8 workers of 8 for evacuation
[37.986s][info][gc,phases     ] GC(417)   Pre Evacuate Collection Set: 0.1ms
[37.986s][info][gc,phases     ] GC(417)   Evacuate Collection Set: 0.8ms
[37.986s][info][gc,phases     ] GC(417)   Post Evacuate Collection Set: 0.3ms
[37.986s][info][gc,phases     ] GC(417)   Other: 0.1ms
[37.986s][info][gc,heap       ] GC(417) Eden regions: 1->0(972)
[37.986s][info][gc,heap       ] GC(417) Survivor regions: 1->1(122)
[37.986s][info][gc,heap       ] GC(417) Old regions: 16->16
[37.986s][info][gc,heap       ] GC(417) Humongous regions: 573->0
[37.986s][info][gc,metaspace  ] GC(417) Metaspace: 38647K->38647K(1085440K)
[37.986s][info][gc            ] GC(417) Pause Young (Concurrent Start) (G1 Humongous Allocation) 588M->15M(1623M) 1.427ms
[37.986s][info][gc,cpu        ] GC(417) User=0.01s Sys=0.00s Real=0.00s
[37.986s][info][safepoint     ] Leaving safepoint region
[37.986s][info][safepoint     ] Total time for which application threads were stopped: 0.0016378 seconds, Stopping threads took: 0.0000360 seconds
[37.986s][info][gc            ] GC(418) Concurrent Cycle
[37.986s][info][gc,marking    ] GC(418) Concurrent Clear Claimed Marks
[37.986s][info][gc,marking    ] GC(418) Concurrent Clear Claimed Marks 0.031ms
[37.986s][info][gc,marking    ] GC(418) Concurrent Scan Root Regions
[37.986s][info][gc,marking    ] GC(418) Concurrent Scan Root Regions 0.058ms
[37.986s][info][gc,marking    ] GC(418) Concurrent Mark (37.986s)
[37.986s][info][gc,marking    ] GC(418) Concurrent Mark From Roots
[37.986s][info][gc,task       ] GC(418) Using 2 workers of 2 for marking
[37.997s][info][gc,marking    ] GC(418) Concurrent Mark From Roots 10.963ms
[37.997s][info][gc,marking    ] GC(418) Concurrent Preclean
[37.997s][info][gc,marking    ] GC(418) Concurrent Preclean 0.045ms
[37.997s][info][gc,marking    ] GC(418) Concurrent Mark (37.986s, 37.997s) 11.070ms
[37.997s][info][safepoint     ] Application time: 0.0112462 seconds
[37.997s][info][safepoint     ] Entering safepoint region: CGC_Operation
[37.997s][info][gc,start      ] GC(418) Pause Remark
[37.999s][info][gc,stringtable] GC(418) Cleaned string and symbol table, strings: 20135 processed, 0 removed, symbols: 132181 processed, 0 removed
[38.000s][info][gc            ] GC(418) Pause Remark 206M->206M(1623M) 2.499ms
[38.000s][info][gc,cpu        ] GC(418) User=0.01s Sys=0.00s Real=0.00s
[38.000s][info][safepoint     ] Leaving safepoint region
[38.000s][info][safepoint     ] Total time for which application threads were stopped: 0.0027599 seconds, Stopping threads took: 0.0000140 seconds
[38.000s][info][gc,marking    ] GC(418) Concurrent Rebuild Remembered Sets
[38.008s][info][gc,marking    ] GC(418) Concurrent Rebuild Remembered Sets 8.413ms
[38.009s][info][safepoint     ] Application time: 0.0085433 seconds
[38.009s][info][safepoint     ] Entering safepoint region: CGC_Operation
[38.009s][info][gc,start      ] GC(418) Pause Cleanup
[38.009s][info][gc            ] GC(418) Pause Cleanup 397M->397M(1623M) 0.154ms
[38.009s][info][gc,cpu        ] GC(418) User=0.00s Sys=0.00s Real=0.00s
[38.009s][info][safepoint     ] Leaving safepoint region
[38.009s][info][safepoint     ] Total time for which application threads were stopped: 0.0004227 seconds, Stopping threads took: 0.0000144 seconds
[38.009s][info][gc,marking    ] GC(418) Concurrent Cleanup for Next Mark
[38.010s][info][gc,marking    ] GC(418) Concurrent Cleanup for Next Mark 1.449ms
[38.011s][info][gc            ] GC(418) Concurrent Cycle 24.522ms
[38.026s][info][safepoint     ] Application time: 0.0171992 seconds
[38.026s][info][safepoint     ] Entering safepoint region: G1CollectForAllocation
[38.026s][info][gc,start      ] GC(419) Pause Young (Concurrent Start) (G1 Humongous Allocation)
[38.026s][info][gc,task       ] GC(419) Using 8 workers of 8 for evacuation
[38.028s][info][gc,phases     ] GC(419)   Pre Evacuate Collection Set: 0.1ms
[38.028s][info][gc,phases     ] GC(419)   Evacuate Collection Set: 1.1ms
[38.028s][info][gc,phases     ] GC(419)   Post Evacuate Collection Set: 0.4ms
[38.028s][info][gc,phases     ] GC(419)   Other: 0.2ms
[38.028s][info][gc,heap       ] GC(419) Eden regions: 1->0(972)
[38.028s][info][gc,heap       ] GC(419) Survivor regions: 1->1(122)
[38.028s][info][gc,heap       ] GC(419) Old regions: 16->16
[38.028s][info][gc,heap       ] GC(419) Humongous regions: 573->0
[38.028s][info][gc,metaspace  ] GC(419) Metaspace: 38647K->38647K(1085440K)
[38.028s][info][gc            ] GC(419) Pause Young (Concurrent Start) (G1 Humongous Allocation) 588M->15M(1623M) 1.977ms
[38.028s][info][gc,cpu        ] GC(419) User=0.00s Sys=0.00s Real=0.01s
[38.028s][info][safepoint     ] Leaving safepoint region
[38.028s][info][gc            ] GC(420) Concurrent Cycle
[38.028s][info][safepoint     ] Total time for which application threads were stopped: 0.0021086 seconds, Stopping threads took: 0.0000167 seconds
[38.028s][info][gc,marking    ] GC(420) Concurrent Clear Claimed Marks
[38.029s][info][gc,marking    ] GC(420) Concurrent Clear Claimed Marks 0.169ms
[38.029s][info][gc,marking    ] GC(420) Concurrent Scan Root Regions
[38.029s][info][gc,marking    ] GC(420) Concurrent Scan Root Regions 0.122ms
[38.029s][info][gc,marking    ] GC(420) Concurrent Mark (38.029s)
[38.029s][info][gc,marking    ] GC(420) Concurrent Mark From Roots
[38.029s][info][gc,task       ] GC(420) Using 2 workers of 2 for marking
[38.042s][info][gc,marking    ] GC(420) Concurrent Mark From Roots 13.525ms
[38.042s][info][gc,marking    ] GC(420) Concurrent Preclean
[38.042s][info][gc,marking    ] GC(420) Concurrent Preclean 0.057ms
[38.042s][info][gc,marking    ] GC(420) Concurrent Mark (38.029s, 38.042s) 13.663ms
[38.042s][info][safepoint     ] Application time: 0.0140738 seconds
[38.049s][info][safepoint     ] Entering safepoint region: CGC_Operation
[38.049s][info][gc,start      ] GC(420) Pause Remark
[38.052s][info][gc,stringtable] GC(420) Cleaned string and symbol table, strings: 20135 processed, 0 removed, symbols: 132181 processed, 0 removed
[38.052s][info][gc            ] GC(420) Pause Remark 397M->397M(1623M) 2.587ms
[38.052s][info][gc,cpu        ] GC(420) User=0.02s Sys=0.00s Real=0.00s
[38.052s][info][safepoint     ] Leaving safepoint region
[38.052s][info][safepoint     ] Total time for which application threads were stopped: 0.0095080 seconds, Stopping threads took: 0.0067190 seconds
[38.052s][info][gc,marking    ] GC(420) Concurrent Rebuild Remembered Sets
[38.061s][info][gc,marking    ] GC(420) Concurrent Rebuild Remembered Sets 8.587ms
[38.061s][info][safepoint     ] Application time: 0.0086859 seconds
[38.065s][info][safepoint     ] Entering safepoint region: CGC_Operation
[38.065s][info][gc,start      ] GC(420) Pause Cleanup
[38.065s][info][gc            ] GC(420) Pause Cleanup 588M->588M(1623M) 0.245ms
[38.065s][info][gc,cpu        ] GC(420) User=0.00s Sys=0.00s Real=0.00s
[38.065s][info][safepoint     ] Leaving safepoint region
[38.065s][info][safepoint     ] Total time for which application threads were stopped: 0.0046263 seconds, Stopping threads took: 0.0042568 seconds
[38.065s][info][gc,marking    ] GC(420) Concurrent Cleanup for Next Mark
[38.067s][info][gc,marking    ] GC(420) Concurrent Cleanup for Next Mark 1.621ms
[38.067s][info][gc            ] GC(420) Concurrent Cycle 38.695ms
[38.072s][info][safepoint     ] Application time: 0.0064582 seconds
[38.072s][info][safepoint     ] Entering safepoint region: G1CollectForAllocation
[38.072s][info][gc,start      ] GC(421) Pause Young (Concurrent Start) (G1 Humongous Allocation)
[38.072s][info][gc,task       ] GC(421) Using 8 workers of 8 for evacuation
[38.074s][info][gc,phases     ] GC(421)   Pre Evacuate Collection Set: 0.1ms
[38.074s][info][gc,phases     ] GC(421)   Evacuate Collection Set: 1.3ms
[38.074s][info][gc,phases     ] GC(421)   Post Evacuate Collection Set: 0.6ms
[38.074s][info][gc,phases     ] GC(421)   Other: 0.2ms
[38.074s][info][gc,heap       ] GC(421) Eden regions: 1->0(972)
[38.074s][info][gc,heap       ] GC(421) Survivor regions: 1->1(122)
[38.074s][info][gc,heap       ] GC(421) Old regions: 16->16
[38.074s][info][gc,heap       ] GC(421) Humongous regions: 573->0
[38.074s][info][gc,metaspace  ] GC(421) Metaspace: 38647K->38647K(1085440K)
[38.074s][info][gc            ] GC(421) Pause Young (Concurrent Start) (G1 Humongous Allocation) 588M->15M(1623M) 2.365ms
[38.074s][info][gc,cpu        ] GC(421) User=0.01s Sys=0.00s Real=0.00s
[38.074s][info][safepoint     ] Leaving safepoint region
[38.074s][info][safepoint     ] Total time for which application threads were stopped: 0.0025158 seconds, Stopping threads took: 0.0000157 seconds
[38.074s][info][gc            ] GC(422) Concurrent Cycle
[38.074s][info][gc,marking    ] GC(422) Concurrent Clear Claimed Marks
[38.075s][info][gc,marking    ] GC(422) Concurrent Clear Claimed Marks 0.160ms
[38.075s][info][gc,marking    ] GC(422) Concurrent Scan Root Regions
[38.075s][info][gc,marking    ] GC(422) Concurrent Scan Root Regions 0.083ms
[38.075s][info][gc,marking    ] GC(422) Concurrent Mark (38.075s)
[38.075s][info][gc,marking    ] GC(422) Concurrent Mark From Roots
[38.075s][info][gc,task       ] GC(422) Using 2 workers of 2 for marking
[38.087s][info][gc,marking    ] GC(422) Concurrent Mark From Roots 12.090ms
[38.087s][info][gc,marking    ] GC(422) Concurrent Preclean
[38.087s][info][gc,marking    ] GC(422) Concurrent Preclean 0.059ms
[38.087s][info][gc,marking    ] GC(422) Concurrent Mark (38.075s, 38.087s) 12.224ms
[38.087s][info][safepoint     ] Application time: 0.0125839 seconds
[38.099s][info][safepoint     ] Entering safepoint region: CGC_Operation
[38.099s][info][gc,start      ] GC(422) Pause Remark
[38.101s][info][gc,stringtable] GC(422) Cleaned string and symbol table, strings: 20135 processed, 0 removed, symbols: 132181 processed, 0 removed
[38.101s][info][gc            ] GC(422) Pause Remark 397M->397M(1623M) 2.104ms
[38.101s][info][gc,cpu        ] GC(422) User=0.02s Sys=0.00s Real=0.00s
[38.101s][info][safepoint     ] Leaving safepoint region
[38.102s][info][safepoint     ] Total time for which application threads were stopped: 0.0145812 seconds, Stopping threads took: 0.0122501 seconds
[38.102s][info][gc,marking    ] GC(422) Concurrent Rebuild Remembered Sets
[38.110s][info][gc,marking    ] GC(422) Concurrent Rebuild Remembered Sets 8.187ms
[38.110s][info][safepoint     ] Application time: 0.0083305 seconds
[38.119s][info][safepoint     ] Entering safepoint region: CGC_Operation
[38.119s][info][gc,start      ] GC(422) Pause Cleanup
[38.119s][info][gc            ] GC(422) Pause Cleanup 588M->588M(1623M) 0.148ms
[38.119s][info][gc,cpu        ] GC(422) User=0.00s Sys=0.00s Real=0.00s
[38.119s][info][safepoint     ] Leaving safepoint region
[38.119s][info][safepoint     ] Total time for which application threads were stopped: 0.0089858 seconds, Stopping threads took: 0.0087183 seconds
[38.119s][info][gc,marking    ] GC(422) Concurrent Cleanup for Next Mark
[38.122s][info][gc,marking    ] GC(422) Concurrent Cleanup for Next Mark 3.466ms
[38.122s][info][gc            ] GC(422) Concurrent Cycle 48.098ms
[38.125s][info][safepoint     ] Application time: 0.0062325 seconds
[38.125s][info][safepoint     ] Entering safepoint region: G1CollectForAllocation
[38.125s][info][gc,start      ] GC(423) Pause Young (Concurrent Start) (G1 Humongous Allocation)
[38.125s][info][gc,task       ] GC(423) Using 8 workers of 8 for evacuation
[38.128s][info][gc,phases     ] GC(423)   Pre Evacuate Collection Set: 0.3ms
[38.128s][info][gc,phases     ] GC(423)   Evacuate Collection Set: 1.3ms
[38.128s][info][gc,phases     ] GC(423)   Post Evacuate Collection Set: 0.8ms
[38.128s][info][gc,phases     ] GC(423)   Other: 0.5ms
[38.128s][info][gc,heap       ] GC(423) Eden regions: 1->0(972)
[38.128s][info][gc,heap       ] GC(423) Survivor regions: 1->1(122)
[38.128s][info][gc,heap       ] GC(423) Old regions: 16->16
[38.128s][info][gc,heap       ] GC(423) Humongous regions: 573->0
[38.128s][info][gc,metaspace  ] GC(423) Metaspace: 38647K->38647K(1085440K)
[38.128s][info][gc            ] GC(423) Pause Young (Concurrent Start) (G1 Humongous Allocation) 588M->15M(1623M) 3.025ms
[38.129s][info][gc,cpu        ] GC(423) User=0.01s Sys=0.00s Real=0.01s
[38.129s][info][gc            ] GC(424) Concurrent Cycle
[38.129s][info][safepoint     ] Leaving safepoint region
[38.129s][info][gc,marking    ] GC(424) Concurrent Clear Claimed Marks
[38.129s][info][safepoint     ] Total time for which application threads were stopped: 0.0034312 seconds, Stopping threads took: 0.0000501 seconds
[38.129s][info][gc,marking    ] GC(424) Concurrent Clear Claimed Marks 0.369ms
[38.129s][info][gc,marking    ] GC(424) Concurrent Scan Root Regions
[38.129s][info][gc,marking    ] GC(424) Concurrent Scan Root Regions 0.156ms
[38.129s][info][gc,marking    ] GC(424) Concurrent Mark (38.129s)
[38.129s][info][gc,marking    ] GC(424) Concurrent Mark From Roots
[38.129s][info][gc,task       ] GC(424) Using 2 workers of 2 for marking
[38.145s][info][gc,marking    ] GC(424) Concurrent Mark From Roots 15.942ms
[38.145s][info][gc,marking    ] GC(424) Concurrent Preclean
[38.145s][info][gc,marking    ] GC(424) Concurrent Preclean 0.050ms
[38.145s][info][gc,marking    ] GC(424) Concurrent Mark (38.129s, 38.145s) 16.058ms
[38.145s][info][safepoint     ] Application time: 0.0166053 seconds
[38.145s][info][safepoint     ] Entering safepoint region: CGC_Operation
[38.145s][info][gc,start      ] GC(424) Pause Remark
[38.148s][info][gc,stringtable] GC(424) Cleaned string and symbol table, strings: 20135 processed, 0 removed, symbols: 132181 processed, 0 removed
[38.148s][info][gc            ] GC(424) Pause Remark 206M->206M(1623M) 2.581ms
[38.148s][info][gc,cpu        ] GC(424) User=0.02s Sys=0.00s Real=0.01s
[38.148s][info][safepoint     ] Leaving safepoint region
[38.148s][info][safepoint     ] Total time for which application threads were stopped: 0.0027554 seconds, Stopping threads took: 0.0000136 seconds
[38.148s][info][gc,marking    ] GC(424) Concurrent Rebuild Remembered Sets
[38.157s][info][gc,marking    ] GC(424) Concurrent Rebuild Remembered Sets 8.723ms
[38.157s][info][safepoint     ] Application time: 0.0088303 seconds
[38.157s][info][safepoint     ] Entering safepoint region: CGC_Operation
[38.157s][info][gc,start      ] GC(424) Pause Cleanup
[38.157s][info][gc            ] GC(424) Pause Cleanup 397M->397M(1623M) 0.285ms
[38.157s][info][gc,cpu        ] GC(424) User=0.00s Sys=0.00s Real=0.00s
[38.157s][info][safepoint     ] Leaving safepoint region
[38.157s][info][safepoint     ] Total time for which application threads were stopped: 0.0004736 seconds, Stopping threads took: 0.0000137 seconds
[38.157s][info][gc,marking    ] GC(424) Concurrent Cleanup for Next Mark
[38.160s][info][gc,marking    ] GC(424) Concurrent Cleanup for Next Mark 2.168ms
[38.160s][info][gc            ] GC(424) Concurrent Cycle 31.154ms
[38.175s][info][safepoint     ] Application time: 0.0176258 seconds
[38.175s][info][safepoint     ] Entering safepoint region: G1CollectForAllocation
[38.175s][info][gc,start      ] GC(425) Pause Young (Concurrent Start) (G1 Humongous Allocation)
[38.175s][info][gc,task       ] GC(425) Using 8 workers of 8 for evacuation
[38.178s][info][gc,phases     ] GC(425)   Pre Evacuate Collection Set: 0.3ms
[38.178s][info][gc,phases     ] GC(425)   Evacuate Collection Set: 1.5ms
[38.178s][info][gc,phases     ] GC(425)   Post Evacuate Collection Set: 0.4ms
[38.178s][info][gc,phases     ] GC(425)   Other: 0.3ms
[38.178s][info][gc,heap       ] GC(425) Eden regions: 1->0(972)
[38.178s][info][gc,heap       ] GC(425) Survivor regions: 1->1(122)
[38.178s][info][gc,heap       ] GC(425) Old regions: 16->16
[38.178s][info][gc,heap       ] GC(425) Humongous regions: 573->0
[38.178s][info][gc,metaspace  ] GC(425) Metaspace: 38647K->38647K(1085440K)
[38.178s][info][gc            ] GC(425) Pause Young (Concurrent Start) (G1 Humongous Allocation) 588M->15M(1623M) 2.526ms
[38.178s][info][gc,cpu        ] GC(425) User=0.01s Sys=0.00s Real=0.01s
[38.178s][info][safepoint     ] Leaving safepoint region
[38.178s][info][safepoint     ] Total time for which application threads were stopped: 0.0026928 seconds, Stopping threads took: 0.0000223 seconds
[38.178s][info][gc            ] GC(426) Concurrent Cycle
[38.178s][info][gc,marking    ] GC(426) Concurrent Clear Claimed Marks
[38.178s][info][gc,marking    ] GC(426) Concurrent Clear Claimed Marks 0.142ms
[38.178s][info][gc,marking    ] GC(426) Concurrent Scan Root Regions
[38.178s][info][gc,marking    ] GC(426) Concurrent Scan Root Regions 0.098ms
[38.178s][info][gc,marking    ] GC(426) Concurrent Mark (38.178s)
[38.178s][info][gc,marking    ] GC(426) Concurrent Mark From Roots
[38.178s][info][gc,task       ] GC(426) Using 2 workers of 2 for marking
[38.190s][info][gc,marking    ] GC(426) Concurrent Mark From Roots 12.291ms
[38.190s][info][gc,marking    ] GC(426) Concurrent Preclean
[38.191s][info][gc,marking    ] GC(426) Concurrent Preclean 0.048ms
[38.191s][info][gc,marking    ] GC(426) Concurrent Mark (38.178s, 38.191s) 12.405ms
[38.191s][info][safepoint     ] Application time: 0.0127576 seconds
[38.197s][info][safepoint     ] Entering safepoint region: CGC_Operation
[38.197s][info][gc,start      ] GC(426) Pause Remark
[38.200s][info][gc,stringtable] GC(426) Cleaned string and symbol table, strings: 20135 processed, 0 removed, symbols: 132181 processed, 0 removed
[38.200s][info][gc            ] GC(426) Pause Remark 397M->397M(1623M) 2.452ms
[38.200s][info][gc,cpu        ] GC(426) User=0.01s Sys=0.00s Real=0.00s
[38.200s][info][safepoint     ] Leaving safepoint region
[38.200s][info][safepoint     ] Total time for which application threads were stopped: 0.0093762 seconds, Stopping threads took: 0.0066852 seconds
[38.200s][info][gc,marking    ] GC(426) Concurrent Rebuild Remembered Sets
[38.208s][info][gc,marking    ] GC(426) Concurrent Rebuild Remembered Sets 7.638ms
[38.208s][info][safepoint     ] Application time: 0.0078597 seconds
[38.214s][info][safepoint     ] Entering safepoint region: CGC_Operation
[38.215s][info][gc,start      ] GC(426) Pause Cleanup
[38.215s][info][gc            ] GC(426) Pause Cleanup 588M->588M(1623M) 0.282ms
[38.215s][info][gc,cpu        ] GC(426) User=0.00s Sys=0.00s Real=0.00s
[38.215s][info][safepoint     ] Leaving safepoint region
[38.215s][info][safepoint     ] Total time for which application threads were stopped: 0.0071181 seconds, Stopping threads took: 0.0066745 seconds
[38.215s][info][gc,marking    ] GC(426) Concurrent Cleanup for Next Mark
[38.216s][info][gc,marking    ] GC(426) Concurrent Cleanup for Next Mark 1.324ms
[38.216s][info][gc            ] GC(426) Concurrent Cycle 38.529ms
[38.221s][info][safepoint     ] Application time: 0.0062763 seconds
[38.221s][info][safepoint     ] Entering safepoint region: G1CollectForAllocation
[38.221s][info][gc,start      ] GC(427) Pause Young (Concurrent Start) (G1 Humongous Allocation)
[38.221s][info][gc,task       ] GC(427) Using 8 workers of 8 for evacuation
[38.224s][info][gc,phases     ] GC(427)   Pre Evacuate Collection Set: 0.2ms
[38.224s][info][gc,phases     ] GC(427)   Evacuate Collection Set: 1.3ms
[38.224s][info][gc,phases     ] GC(427)   Post Evacuate Collection Set: 0.4ms
[38.224s][info][gc,phases     ] GC(427)   Other: 0.2ms
[38.224s][info][gc,heap       ] GC(427) Eden regions: 1->0(972)
[38.224s][info][gc,heap       ] GC(427) Survivor regions: 1->1(122)
[38.224s][info][gc,heap       ] GC(427) Old regions: 16->16
[38.224s][info][gc,heap       ] GC(427) Humongous regions: 573->0
[38.224s][info][gc,metaspace  ] GC(427) Metaspace: 38647K->38647K(1085440K)
[38.224s][info][gc            ] GC(427) Pause Young (Concurrent Start) (G1 Humongous Allocation) 588M->15M(1623M) 2.309ms
[38.224s][info][gc,cpu        ] GC(427) User=0.00s Sys=0.00s Real=0.00s
[38.224s][info][safepoint     ] Leaving safepoint region
[38.224s][info][safepoint     ] Total time for which application threads were stopped: 0.0025366 seconds, Stopping threads took: 0.0000453 seconds
[38.224s][info][gc            ] GC(428) Concurrent Cycle
[38.224s][info][gc,marking    ] GC(428) Concurrent Clear Claimed Marks
[38.224s][info][gc,marking    ] GC(428) Concurrent Clear Claimed Marks 0.094ms
[38.224s][info][gc,marking    ] GC(428) Concurrent Scan Root Regions
[38.224s][info][gc,marking    ] GC(428) Concurrent Scan Root Regions 0.070ms
[38.224s][info][gc,marking    ] GC(428) Concurrent Mark (38.224s)
[38.224s][info][gc,marking    ] GC(428) Concurrent Mark From Roots
[38.224s][info][gc,task       ] GC(428) Using 2 workers of 2 for marking
[38.239s][info][gc,marking    ] GC(428) Concurrent Mark From Roots 14.855ms
[38.239s][info][gc,marking    ] GC(428) Concurrent Preclean
[38.239s][info][gc,marking    ] GC(428) Concurrent Preclean 0.113ms
[38.239s][info][gc,marking    ] GC(428) Concurrent Mark (38.224s, 38.239s) 15.126ms
[38.239s][info][safepoint     ] Application time: 0.0154166 seconds
[38.250s][info][safepoint     ] Entering safepoint region: CGC_Operation
[38.250s][info][gc,start      ] GC(428) Pause Remark
[38.252s][info][gc,stringtable] GC(428) Cleaned string and symbol table, strings: 20135 processed, 0 removed, symbols: 132181 processed, 0 removed
[38.252s][info][gc            ] GC(428) Pause Remark 397M->397M(1623M) 2.033ms
[38.252s][info][gc,cpu        ] GC(428) User=0.01s Sys=0.01s Real=0.00s
[38.252s][info][safepoint     ] Leaving safepoint region
[38.253s][info][safepoint     ] Total time for which application threads were stopped: 0.0132484 seconds, Stopping threads took: 0.0111062 seconds
[38.253s][info][gc,marking    ] GC(428) Concurrent Rebuild Remembered Sets
[38.260s][info][gc,marking    ] GC(428) Concurrent Rebuild Remembered Sets 7.872ms
[38.260s][info][safepoint     ] Application time: 0.0079829 seconds
[38.265s][info][safepoint     ] Entering safepoint region: CGC_Operation
[38.265s][info][gc,start      ] GC(428) Pause Cleanup
[38.266s][info][gc            ] GC(428) Pause Cleanup 588M->588M(1623M) 0.183ms
[38.266s][info][gc,cpu        ] GC(428) User=0.00s Sys=0.00s Real=0.00s
[38.266s][info][safepoint     ] Leaving safepoint region
[38.266s][info][safepoint     ] Total time for which application threads were stopped: 0.0051477 seconds, Stopping threads took: 0.0047791 seconds
[38.266s][info][gc,marking    ] GC(428) Concurrent Cleanup for Next Mark
[38.267s][info][gc,marking    ] GC(428) Concurrent Cleanup for Next Mark 1.210ms
[38.267s][info][gc            ] GC(428) Concurrent Cycle 43.095ms
[38.272s][info][safepoint     ] Application time: 0.0064449 seconds
[38.272s][info][safepoint     ] Entering safepoint region: G1CollectForAllocation
[38.272s][info][gc,start      ] GC(429) Pause Young (Concurrent Start) (G1 Humongous Allocation)
[38.272s][info][gc,task       ] GC(429) Using 8 workers of 8 for evacuation
[38.274s][info][gc,phases     ] GC(429)   Pre Evacuate Collection Set: 0.1ms
[38.274s][info][gc,phases     ] GC(429)   Evacuate Collection Set: 0.9ms
[38.274s][info][gc,phases     ] GC(429)   Post Evacuate Collection Set: 0.3ms
[38.274s][info][gc,phases     ] GC(429)   Other: 0.2ms
[38.274s][info][gc,heap       ] GC(429) Eden regions: 1->0(972)
[38.274s][info][gc,heap       ] GC(429) Survivor regions: 1->1(122)
[38.274s][info][gc,heap       ] GC(429) Old regions: 16->16
[38.274s][info][gc,heap       ] GC(429) Humongous regions: 573->0
[38.274s][info][gc,metaspace  ] GC(429) Metaspace: 38647K->38647K(1085440K)
[38.274s][info][gc            ] GC(429) Pause Young (Concurrent Start) (G1 Humongous Allocation) 588M->15M(1623M) 1.567ms
[38.274s][info][gc,cpu        ] GC(429) User=0.01s Sys=0.00s Real=0.00s
[38.274s][info][safepoint     ] Leaving safepoint region
[38.274s][info][safepoint     ] Total time for which application threads were stopped: 0.0017132 seconds, Stopping threads took: 0.0000106 seconds
[38.274s][info][gc            ] GC(430) Concurrent Cycle
[38.274s][info][gc,marking    ] GC(430) Concurrent Clear Claimed Marks
[38.274s][info][gc,marking    ] GC(430) Concurrent Clear Claimed Marks 0.029ms
[38.274s][info][gc,marking    ] GC(430) Concurrent Scan Root Regions
[38.274s][info][gc,marking    ] GC(430) Concurrent Scan Root Regions 0.152ms
[38.274s][info][gc,marking    ] GC(430) Concurrent Mark (38.274s)
[38.274s][info][gc,marking    ] GC(430) Concurrent Mark From Roots
[38.274s][info][gc,task       ] GC(430) Using 2 workers of 2 for marking
[38.285s][info][gc,marking    ] GC(430) Concurrent Mark From Roots 11.252ms
[38.285s][info][gc,marking    ] GC(430) Concurrent Preclean
[38.285s][info][gc,marking    ] GC(430) Concurrent Preclean 0.046ms
[38.285s][info][gc,marking    ] GC(430) Concurrent Mark (38.274s, 38.285s) 11.361ms
[38.285s][info][safepoint     ] Application time: 0.0116487 seconds
[38.286s][info][safepoint     ] Entering safepoint region: CGC_Operation
[38.286s][info][gc,start      ] GC(430) Pause Remark
[38.287s][info][gc,stringtable] GC(430) Cleaned string and symbol table, strings: 20135 processed, 0 removed, symbols: 132181 processed, 0 removed
[38.288s][info][gc            ] GC(430) Pause Remark 206M->206M(1623M) 2.181ms
[38.288s][info][gc,cpu        ] GC(430) User=0.01s Sys=0.00s Real=0.01s
[38.288s][info][safepoint     ] Leaving safepoint region
[38.288s][info][safepoint     ] Total time for which application threads were stopped: 0.0023863 seconds, Stopping threads took: 0.0000139 seconds
[38.288s][info][gc,marking    ] GC(430) Concurrent Rebuild Remembered Sets
[38.295s][info][gc,marking    ] GC(430) Concurrent Rebuild Remembered Sets 7.016ms
[38.295s][info][safepoint     ] Application time: 0.0071507 seconds
[38.295s][info][safepoint     ] Entering safepoint region: CGC_Operation
[38.295s][info][gc,start      ] GC(430) Pause Cleanup
[38.295s][info][gc            ] GC(430) Pause Cleanup 397M->397M(1623M) 0.240ms
[38.295s][info][gc,cpu        ] GC(430) User=0.00s Sys=0.00s Real=0.00s
[38.296s][info][safepoint     ] Leaving safepoint region
[38.296s][info][safepoint     ] Total time for which application threads were stopped: 0.0004553 seconds, Stopping threads took: 0.0000136 seconds
[38.296s][info][gc,marking    ] GC(430) Concurrent Cleanup for Next Mark
[38.297s][info][gc,marking    ] GC(430) Concurrent Cleanup for Next Mark 1.256ms
[38.297s][info][gc            ] GC(430) Concurrent Cycle 23.008ms
[38.313s][info][safepoint     ] Application time: 0.0176722 seconds
[38.313s][info][safepoint     ] Entering safepoint region: G1CollectForAllocation
[38.313s][info][gc,start      ] GC(431) Pause Young (Concurrent Start) (G1 Humongous Allocation)
[38.313s][info][gc,task       ] GC(431) Using 8 workers of 8 for evacuation
[38.315s][info][gc,phases     ] GC(431)   Pre Evacuate Collection Set: 0.1ms
[38.315s][info][gc,phases     ] GC(431)   Evacuate Collection Set: 0.9ms
[38.315s][info][gc,phases     ] GC(431)   Post Evacuate Collection Set: 0.3ms
[38.315s][info][gc,phases     ] GC(431)   Other: 0.2ms
[38.315s][info][gc,heap       ] GC(431) Eden regions: 1->0(972)
[38.315s][info][gc,heap       ] GC(431) Survivor regions: 1->1(122)
[38.315s][info][gc,heap       ] GC(431) Old regions: 16->16
[38.315s][info][gc,heap       ] GC(431) Humongous regions: 573->0
[38.315s][info][gc,metaspace  ] GC(431) Metaspace: 38647K->38647K(1085440K)
[38.315s][info][gc            ] GC(431) Pause Young (Concurrent Start) (G1 Humongous Allocation) 588M->15M(1623M) 1.672ms
[38.315s][info][gc,cpu        ] GC(431) User=0.00s Sys=0.00s Real=0.00s
[38.315s][info][safepoint     ] Leaving safepoint region
[38.315s][info][safepoint     ] Total time for which application threads were stopped: 0.0019015 seconds, Stopping threads took: 0.0000181 seconds
[38.315s][info][gc            ] GC(432) Concurrent Cycle
[38.315s][info][gc,marking    ] GC(432) Concurrent Clear Claimed Marks
[38.315s][info][gc,marking    ] GC(432) Concurrent Clear Claimed Marks 0.044ms
[38.315s][info][gc,marking    ] GC(432) Concurrent Scan Root Regions
[38.315s][info][gc,marking    ] GC(432) Concurrent Scan Root Regions 0.073ms
[38.315s][info][gc,marking    ] GC(432) Concurrent Mark (38.315s)
[38.315s][info][gc,marking    ] GC(432) Concurrent Mark From Roots
[38.315s][info][gc,task       ] GC(432) Using 2 workers of 2 for marking
[38.326s][info][gc,marking    ] GC(432) Concurrent Mark From Roots 10.173ms
[38.326s][info][gc,marking    ] GC(432) Concurrent Preclean
[38.326s][info][gc,marking    ] GC(432) Concurrent Preclean 0.045ms
[38.326s][info][gc,marking    ] GC(432) Concurrent Mark (38.315s, 38.326s) 10.301ms
[38.326s][info][safepoint     ] Application time: 0.0105816 seconds
[38.326s][info][safepoint     ] Entering safepoint region: CGC_Operation
[38.326s][info][gc,start      ] GC(432) Pause Remark
[38.328s][info][gc,stringtable] GC(432) Cleaned string and symbol table, strings: 20135 processed, 0 removed, symbols: 132181 processed, 0 removed
[38.328s][info][gc            ] GC(432) Pause Remark 206M->206M(1623M) 2.071ms
[38.328s][info][gc,cpu        ] GC(432) User=0.01s Sys=0.00s Real=0.01s
[38.328s][info][safepoint     ] Leaving safepoint region
[38.328s][info][safepoint     ] Total time for which application threads were stopped: 0.0022643 seconds, Stopping threads took: 0.0000127 seconds
[38.328s][info][gc,marking    ] GC(432) Concurrent Rebuild Remembered Sets
[38.335s][info][gc,marking    ] GC(432) Concurrent Rebuild Remembered Sets 7.118ms
[38.335s][info][safepoint     ] Application time: 0.0073029 seconds
[38.335s][info][safepoint     ] Entering safepoint region: CGC_Operation
[38.335s][info][gc,start      ] GC(432) Pause Cleanup
[38.336s][info][gc            ] GC(432) Pause Cleanup 397M->397M(1623M) 0.234ms
[38.336s][info][gc,cpu        ] GC(432) User=0.00s Sys=0.00s Real=0.00s
[38.336s][info][safepoint     ] Leaving safepoint region
[38.336s][info][safepoint     ] Total time for which application threads were stopped: 0.0004421 seconds, Stopping threads took: 0.0000130 seconds
[38.336s][info][gc,marking    ] GC(432) Concurrent Cleanup for Next Mark
[38.337s][info][gc,marking    ] GC(432) Concurrent Cleanup for Next Mark 1.361ms
[38.337s][info][gc            ] GC(432) Concurrent Cycle 22.162ms
[38.357s][info][safepoint     ] Application time: 0.0216273 seconds
[38.357s][info][safepoint     ] Entering safepoint region: G1CollectForAllocation
[38.358s][info][gc,start      ] GC(433) Pause Young (Concurrent Start) (G1 Humongous Allocation)
[38.358s][info][gc,task       ] GC(433) Using 8 workers of 8 for evacuation
[38.359s][info][gc,phases     ] GC(433)   Pre Evacuate Collection Set: 0.1ms
[38.359s][info][gc,phases     ] GC(433)   Evacuate Collection Set: 0.8ms
[38.359s][info][gc,phases     ] GC(433)   Post Evacuate Collection Set: 0.3ms
[38.359s][info][gc,phases     ] GC(433)   Other: 0.2ms
[38.359s][info][gc,heap       ] GC(433) Eden regions: 1->0(972)
[38.359s][info][gc,heap       ] GC(433) Survivor regions: 1->1(122)
[38.359s][info][gc,heap       ] GC(433) Old regions: 16->16
[38.359s][info][gc,heap       ] GC(433) Humongous regions: 573->0
[38.359s][info][gc,metaspace  ] GC(433) Metaspace: 38647K->38647K(1085440K)
[38.359s][info][gc            ] GC(433) Pause Young (Concurrent Start) (G1 Humongous Allocation) 588M->15M(1623M) 1.593ms
[38.359s][info][gc,cpu        ] GC(433) User=0.00s Sys=0.00s Real=0.00s
[38.359s][info][safepoint     ] Leaving safepoint region
[38.359s][info][gc            ] GC(434) Concurrent Cycle
[38.359s][info][safepoint     ] Total time for which application threads were stopped: 0.0017137 seconds, Stopping threads took: 0.0000159 seconds
[38.359s][info][gc,marking    ] GC(434) Concurrent Clear Claimed Marks
[38.359s][info][gc,marking    ] GC(434) Concurrent Clear Claimed Marks 0.133ms
[38.359s][info][gc,marking    ] GC(434) Concurrent Scan Root Regions
[38.359s][info][gc,marking    ] GC(434) Concurrent Scan Root Regions 0.092ms
[38.359s][info][gc,marking    ] GC(434) Concurrent Mark (38.359s)
[38.359s][info][gc,marking    ] GC(434) Concurrent Mark From Roots
[38.360s][info][gc,task       ] GC(434) Using 2 workers of 2 for marking
[38.376s][info][gc,marking    ] GC(434) Concurrent Mark From Roots 16.043ms
[38.376s][info][gc,marking    ] GC(434) Concurrent Preclean
[38.376s][info][gc,marking    ] GC(434) Concurrent Preclean 0.082ms
[38.376s][info][gc,marking    ] GC(434) Concurrent Mark (38.359s, 38.376s) 16.256ms
[38.376s][info][safepoint     ] Application time: 0.0165542 seconds
[38.376s][info][safepoint     ] Entering safepoint region: CGC_Operation
[38.376s][info][gc,start      ] GC(434) Pause Remark
[38.378s][info][gc,stringtable] GC(434) Cleaned string and symbol table, strings: 20135 processed, 0 removed, symbols: 132181 processed, 0 removed
[38.379s][info][gc            ] GC(434) Pause Remark 206M->206M(1623M) 2.740ms
[38.379s][info][gc,cpu        ] GC(434) User=0.02s Sys=0.00s Real=0.01s
[38.379s][info][safepoint     ] Leaving safepoint region
[38.379s][info][safepoint     ] Total time for which application threads were stopped: 0.0029391 seconds, Stopping threads took: 0.0000221 seconds
[38.379s][info][gc,marking    ] GC(434) Concurrent Rebuild Remembered Sets
[38.388s][info][gc,marking    ] GC(434) Concurrent Rebuild Remembered Sets 9.010ms
[38.388s][info][safepoint     ] Application time: 0.0095453 seconds
[38.393s][info][safepoint     ] Entering safepoint region: CGC_Operation
[38.393s][info][gc,start      ] GC(434) Pause Cleanup
[38.394s][info][gc            ] GC(434) Pause Cleanup 397M->397M(1623M) 0.238ms
[38.394s][info][gc,cpu        ] GC(434) User=0.00s Sys=0.00s Real=0.00s
[38.394s][info][safepoint     ] Leaving safepoint region
[38.394s][info][safepoint     ] Total time for which application threads were stopped: 0.0054602 seconds, Stopping threads took: 0.0049993 seconds
[38.394s][info][gc,marking    ] GC(434) Concurrent Cleanup for Next Mark
[38.396s][info][gc,marking    ] GC(434) Concurrent Cleanup for Next Mark 2.309ms
[38.396s][info][gc            ] GC(434) Concurrent Cycle 37.019ms
[38.414s][info][safepoint     ] Application time: 0.0206231 seconds
[38.414s][info][safepoint     ] Entering safepoint region: G1CollectForAllocation
[38.415s][info][gc,start      ] GC(435) Pause Young (Concurrent Start) (G1 Humongous Allocation)
[38.415s][info][gc,task       ] GC(435) Using 8 workers of 8 for evacuation
[38.417s][info][gc,phases     ] GC(435)   Pre Evacuate Collection Set: 0.1ms
[38.417s][info][gc,phases     ] GC(435)   Evacuate Collection Set: 1.1ms
[38.417s][info][gc,phases     ] GC(435)   Post Evacuate Collection Set: 0.5ms
[38.417s][info][gc,phases     ] GC(435)   Other: 0.2ms
[38.417s][info][gc,heap       ] GC(435) Eden regions: 1->0(972)
[38.417s][info][gc,heap       ] GC(435) Survivor regions: 1->1(122)
[38.417s][info][gc,heap       ] GC(435) Old regions: 16->16
[38.417s][info][gc,heap       ] GC(435) Humongous regions: 573->0
[38.417s][info][gc,metaspace  ] GC(435) Metaspace: 38647K->38647K(1085440K)
[38.417s][info][gc            ] GC(435) Pause Young (Concurrent Start) (G1 Humongous Allocation) 588M->15M(1623M) 2.117ms
[38.417s][info][gc,cpu        ] GC(435) User=0.01s Sys=0.00s Real=0.01s
[38.417s][info][safepoint     ] Leaving safepoint region
[38.417s][info][safepoint     ] Total time for which application threads were stopped: 0.0023098 seconds, Stopping threads took: 0.0000344 seconds
[38.417s][info][gc            ] GC(436) Concurrent Cycle
[38.417s][info][gc,marking    ] GC(436) Concurrent Clear Claimed Marks
[38.417s][info][gc,marking    ] GC(436) Concurrent Clear Claimed Marks 0.152ms
[38.417s][info][gc,marking    ] GC(436) Concurrent Scan Root Regions
[38.417s][info][gc,marking    ] GC(436) Concurrent Scan Root Regions 0.151ms
[38.417s][info][gc,marking    ] GC(436) Concurrent Mark (38.417s)
[38.417s][info][gc,marking    ] GC(436) Concurrent Mark From Roots
[38.417s][info][gc,task       ] GC(436) Using 2 workers of 2 for marking
[38.429s][info][gc,marking    ] GC(436) Concurrent Mark From Roots 11.618ms
[38.429s][info][gc,marking    ] GC(436) Concurrent Preclean
[38.429s][info][gc,marking    ] GC(436) Concurrent Preclean 0.072ms
[38.429s][info][gc,marking    ] GC(436) Concurrent Mark (38.417s, 38.429s) 11.754ms
[38.429s][info][safepoint     ] Application time: 0.0121632 seconds
[38.429s][info][safepoint     ] Entering safepoint region: CGC_Operation
[38.429s][info][gc,start      ] GC(436) Pause Remark
[38.431s][info][gc,stringtable] GC(436) Cleaned string and symbol table, strings: 20135 processed, 0 removed, symbols: 132181 processed, 0 removed
[38.431s][info][gc            ] GC(436) Pause Remark 206M->206M(1623M) 2.216ms
[38.431s][info][gc,cpu        ] GC(436) User=0.01s Sys=0.00s Real=0.00s
[38.431s][info][safepoint     ] Leaving safepoint region
[38.431s][info][safepoint     ] Total time for which application threads were stopped: 0.0024869 seconds, Stopping threads took: 0.0000145 seconds
[38.432s][info][gc,marking    ] GC(436) Concurrent Rebuild Remembered Sets
[38.439s][info][gc,marking    ] GC(436) Concurrent Rebuild Remembered Sets 7.109ms
[38.439s][info][safepoint     ] Application time: 0.0073062 seconds
[38.439s][info][safepoint     ] Entering safepoint region: CGC_Operation
[38.439s][info][gc,start      ] GC(436) Pause Cleanup
[38.439s][info][gc            ] GC(436) Pause Cleanup 397M->397M(1623M) 0.184ms
[38.439s][info][gc,cpu        ] GC(436) User=0.00s Sys=0.00s Real=0.00s
[38.439s][info][safepoint     ] Leaving safepoint region
[38.439s][info][safepoint     ] Total time for which application threads were stopped: 0.0004006 seconds, Stopping threads took: 0.0000146 seconds
[38.439s][info][gc,marking    ] GC(436) Concurrent Cleanup for Next Mark
[38.440s][info][gc,marking    ] GC(436) Concurrent Cleanup for Next Mark 1.260ms
[38.440s][info][gc            ] GC(436) Concurrent Cycle 23.691ms
[38.457s][info][safepoint     ] Application time: 0.0182851 seconds
[38.458s][info][safepoint     ] Entering safepoint region: G1CollectForAllocation
[38.458s][info][gc,start      ] GC(437) Pause Young (Concurrent Start) (G1 Humongous Allocation)
[38.458s][info][gc,task       ] GC(437) Using 8 workers of 8 for evacuation
[38.459s][info][gc,phases     ] GC(437)   Pre Evacuate Collection Set: 0.1ms
[38.459s][info][gc,phases     ] GC(437)   Evacuate Collection Set: 0.9ms
[38.459s][info][gc,phases     ] GC(437)   Post Evacuate Collection Set: 0.4ms
[38.459s][info][gc,phases     ] GC(437)   Other: 0.2ms
[38.459s][info][gc,heap       ] GC(437) Eden regions: 1->0(972)
[38.459s][info][gc,heap       ] GC(437) Survivor regions: 1->1(122)
[38.459s][info][gc,heap       ] GC(437) Old regions: 16->16
[38.459s][info][gc,heap       ] GC(437) Humongous regions: 573->0
[38.459s][info][gc,metaspace  ] GC(437) Metaspace: 38647K->38647K(1085440K)
[38.459s][info][gc            ] GC(437) Pause Young (Concurrent Start) (G1 Humongous Allocation) 588M->15M(1623M) 1.746ms
[38.459s][info][gc,cpu        ] GC(437) User=0.01s Sys=0.00s Real=0.00s
[38.459s][info][safepoint     ] Leaving safepoint region
[38.459s][info][safepoint     ] Total time for which application threads were stopped: 0.0019713 seconds, Stopping threads took: 0.0000172 seconds
[38.460s][info][gc            ] GC(438) Concurrent Cycle
[38.460s][info][gc,marking    ] GC(438) Concurrent Clear Claimed Marks
[38.460s][info][gc,marking    ] GC(438) Concurrent Clear Claimed Marks 0.047ms
[38.460s][info][gc,marking    ] GC(438) Concurrent Scan Root Regions
[38.460s][info][gc,marking    ] GC(438) Concurrent Scan Root Regions 0.070ms
[38.460s][info][gc,marking    ] GC(438) Concurrent Mark (38.460s)
[38.460s][info][gc,marking    ] GC(438) Concurrent Mark From Roots
[38.460s][info][gc,task       ] GC(438) Using 2 workers of 2 for marking
[38.470s][info][gc,marking    ] GC(438) Concurrent Mark From Roots 10.538ms
[38.470s][info][gc,marking    ] GC(438) Concurrent Preclean
[38.470s][info][gc,marking    ] GC(438) Concurrent Preclean 0.075ms
[38.470s][info][gc,marking    ] GC(438) Concurrent Mark (38.460s, 38.470s) 10.673ms
[38.470s][info][safepoint     ] Application time: 0.0109138 seconds
[38.470s][info][safepoint     ] Entering safepoint region: CGC_Operation
[38.471s][info][gc,start      ] GC(438) Pause Remark
[38.472s][info][gc,stringtable] GC(438) Cleaned string and symbol table, strings: 20135 processed, 0 removed, symbols: 132181 processed, 0 removed
[38.473s][info][gc            ] GC(438) Pause Remark 206M->206M(1623M) 2.220ms
[38.473s][info][gc,cpu        ] GC(438) User=0.02s Sys=0.00s Real=0.00s
[38.473s][info][safepoint     ] Leaving safepoint region
[38.473s][info][safepoint     ] Total time for which application threads were stopped: 0.0024346 seconds, Stopping threads took: 0.0000145 seconds
[38.473s][info][gc,marking    ] GC(438) Concurrent Rebuild Remembered Sets
[38.480s][info][gc,marking    ] GC(438) Concurrent Rebuild Remembered Sets 6.965ms
[38.480s][info][safepoint     ] Application time: 0.0070864 seconds
[38.480s][info][safepoint     ] Entering safepoint region: CGC_Operation
[38.480s][info][gc,start      ] GC(438) Pause Cleanup
[38.480s][info][gc            ] GC(438) Pause Cleanup 397M->397M(1623M) 0.200ms
[38.480s][info][gc,cpu        ] GC(438) User=0.00s Sys=0.00s Real=0.00s
[38.480s][info][safepoint     ] Leaving safepoint region
[38.480s][info][safepoint     ] Total time for which application threads were stopped: 0.0003748 seconds, Stopping threads took: 0.0000136 seconds
[38.480s][info][gc,marking    ] GC(438) Concurrent Cleanup for Next Mark
[38.482s][info][gc,marking    ] GC(438) Concurrent Cleanup for Next Mark 1.259ms
[38.482s][info][gc            ] GC(438) Concurrent Cycle 22.120ms
[38.497s][info][safepoint     ] Application time: 0.0163248 seconds
[38.497s][info][safepoint     ] Entering safepoint region: G1CollectForAllocation
[38.497s][info][gc,start      ] GC(439) Pause Young (Concurrent Start) (G1 Humongous Allocation)
[38.497s][info][gc,task       ] GC(439) Using 8 workers of 8 for evacuation
[38.499s][info][gc,phases     ] GC(439)   Pre Evacuate Collection Set: 0.2ms
[38.499s][info][gc,phases     ] GC(439)   Evacuate Collection Set: 1.2ms
[38.499s][info][gc,phases     ] GC(439)   Post Evacuate Collection Set: 0.4ms
[38.499s][info][gc,phases     ] GC(439)   Other: 0.3ms
[38.499s][info][gc,heap       ] GC(439) Eden regions: 1->0(972)
[38.499s][info][gc,heap       ] GC(439) Survivor regions: 1->1(122)
[38.499s][info][gc,heap       ] GC(439) Old regions: 16->16
[38.499s][info][gc,heap       ] GC(439) Humongous regions: 573->0
[38.499s][info][gc,metaspace  ] GC(439) Metaspace: 38647K->38647K(1085440K)
[38.499s][info][gc            ] GC(439) Pause Young (Concurrent Start) (G1 Humongous Allocation) 588M->15M(1623M) 2.158ms
[38.499s][info][gc,cpu        ] GC(439) User=0.00s Sys=0.00s Real=0.00s
[38.499s][info][safepoint     ] Leaving safepoint region
[38.499s][info][safepoint     ] Total time for which application threads were stopped: 0.0023003 seconds, Stopping threads took: 0.0000165 seconds
[38.499s][info][gc            ] GC(440) Concurrent Cycle
[38.499s][info][gc,marking    ] GC(440) Concurrent Clear Claimed Marks
[38.499s][info][gc,marking    ] GC(440) Concurrent Clear Claimed Marks 0.096ms
[38.499s][info][gc,marking    ] GC(440) Concurrent Scan Root Regions
[38.499s][info][gc,marking    ] GC(440) Concurrent Scan Root Regions 0.067ms
[38.499s][info][gc,marking    ] GC(440) Concurrent Mark (38.499s)
[38.499s][info][gc,marking    ] GC(440) Concurrent Mark From Roots
[38.499s][info][gc,task       ] GC(440) Using 2 workers of 2 for marking
[38.509s][info][gc,marking    ] GC(440) Concurrent Mark From Roots 10.121ms
[38.509s][info][gc,marking    ] GC(440) Concurrent Preclean
[38.509s][info][gc,marking    ] GC(440) Concurrent Preclean 0.048ms
[38.509s][info][gc,marking    ] GC(440) Concurrent Mark (38.499s, 38.509s) 10.236ms
[38.509s][info][safepoint     ] Application time: 0.0104765 seconds
[38.510s][info][safepoint     ] Entering safepoint region: CGC_Operation
[38.510s][info][gc,start      ] GC(440) Pause Remark
[38.511s][info][gc,stringtable] GC(440) Cleaned string and symbol table, strings: 20135 processed, 0 removed, symbols: 132181 processed, 0 removed
[38.512s][info][gc            ] GC(440) Pause Remark 206M->206M(1623M) 2.090ms
[38.512s][info][gc,cpu        ] GC(440) User=0.01s Sys=0.00s Real=0.00s
[38.512s][info][safepoint     ] Leaving safepoint region
[38.512s][info][safepoint     ] Total time for which application threads were stopped: 0.0023301 seconds, Stopping threads took: 0.0000143 seconds
[38.512s][info][gc,marking    ] GC(440) Concurrent Rebuild Remembered Sets
[38.519s][info][gc,marking    ] GC(440) Concurrent Rebuild Remembered Sets 7.018ms
[38.519s][info][safepoint     ] Application time: 0.0071352 seconds
[38.519s][info][safepoint     ] Entering safepoint region: CGC_Operation
[38.519s][info][gc,start      ] GC(440) Pause Cleanup
[38.519s][info][gc            ] GC(440) Pause Cleanup 397M->397M(1623M) 0.210ms
[38.519s][info][gc,cpu        ] GC(440) User=0.00s Sys=0.00s Real=0.00s
[38.519s][info][safepoint     ] Leaving safepoint region
[38.519s][info][safepoint     ] Total time for which application threads were stopped: 0.0003826 seconds, Stopping threads took: 0.0000133 seconds
[38.519s][info][gc,marking    ] GC(440) Concurrent Cleanup for Next Mark
[38.521s][info][gc,marking    ] GC(440) Concurrent Cleanup for Next Mark 1.293ms
[38.521s][info][gc            ] GC(440) Concurrent Cycle 21.704ms
[38.535s][info][safepoint     ] Application time: 0.0156993 seconds
[38.535s][info][safepoint     ] Entering safepoint region: G1CollectForAllocation
[38.535s][info][gc,start      ] GC(441) Pause Young (Concurrent Start) (G1 Humongous Allocation)
[38.535s][info][gc,task       ] GC(441) Using 8 workers of 8 for evacuation
[38.537s][info][gc,phases     ] GC(441)   Pre Evacuate Collection Set: 0.1ms
[38.537s][info][gc,phases     ] GC(441)   Evacuate Collection Set: 1.0ms
[38.537s][info][gc,phases     ] GC(441)   Post Evacuate Collection Set: 0.5ms
[38.537s][info][gc,phases     ] GC(441)   Other: 0.2ms
[38.537s][info][gc,heap       ] GC(441) Eden regions: 1->0(972)
[38.537s][info][gc,heap       ] GC(441) Survivor regions: 1->1(122)
[38.537s][info][gc,heap       ] GC(441) Old regions: 16->16
[38.537s][info][gc,heap       ] GC(441) Humongous regions: 573->0
[38.537s][info][gc,metaspace  ] GC(441) Metaspace: 38647K->38647K(1085440K)
[38.537s][info][gc            ] GC(441) Pause Young (Concurrent Start) (G1 Humongous Allocation) 588M->15M(1623M) 1.832ms
[38.537s][info][gc,cpu        ] GC(441) User=0.01s Sys=0.00s Real=0.01s
[38.537s][info][safepoint     ] Leaving safepoint region
[38.537s][info][safepoint     ] Total time for which application threads were stopped: 0.0020490 seconds, Stopping threads took: 0.0000179 seconds
[38.537s][info][gc            ] GC(442) Concurrent Cycle
[38.537s][info][gc,marking    ] GC(442) Concurrent Clear Claimed Marks
[38.537s][info][gc,marking    ] GC(442) Concurrent Clear Claimed Marks 0.067ms
[38.537s][info][gc,marking    ] GC(442) Concurrent Scan Root Regions
[38.537s][info][gc,marking    ] GC(442) Concurrent Scan Root Regions 0.064ms
[38.537s][info][gc,marking    ] GC(442) Concurrent Mark (38.537s)
[38.537s][info][gc,marking    ] GC(442) Concurrent Mark From Roots
[38.537s][info][gc,task       ] GC(442) Using 2 workers of 2 for marking
[38.547s][info][gc,marking    ] GC(442) Concurrent Mark From Roots 9.866ms
[38.547s][info][gc,marking    ] GC(442) Concurrent Preclean
[38.547s][info][gc,marking    ] GC(442) Concurrent Preclean 0.044ms
[38.547s][info][gc,marking    ] GC(442) Concurrent Mark (38.537s, 38.547s) 9.976ms
[38.547s][info][safepoint     ] Application time: 0.0102212 seconds
[38.547s][info][safepoint     ] Entering safepoint region: CGC_Operation
[38.548s][info][gc,start      ] GC(442) Pause Remark
[38.549s][info][gc,stringtable] GC(442) Cleaned string and symbol table, strings: 20135 processed, 0 removed, symbols: 132181 processed, 0 removed
[38.550s][info][gc            ] GC(442) Pause Remark 206M->206M(1623M) 2.237ms
[38.550s][info][gc,cpu        ] GC(442) User=0.02s Sys=0.00s Real=0.00s
[38.550s][info][safepoint     ] Leaving safepoint region
[38.550s][info][safepoint     ] Total time for which application threads were stopped: 0.0024202 seconds, Stopping threads took: 0.0000138 seconds
[38.550s][info][gc,marking    ] GC(442) Concurrent Rebuild Remembered Sets
[38.558s][info][gc,marking    ] GC(442) Concurrent Rebuild Remembered Sets 7.563ms
[38.558s][info][safepoint     ] Application time: 0.0077257 seconds
[38.558s][info][safepoint     ] Entering safepoint region: CGC_Operation
[38.558s][info][gc,start      ] GC(442) Pause Cleanup
[38.558s][info][gc            ] GC(442) Pause Cleanup 397M->397M(1623M) 0.195ms
[38.558s][info][gc,cpu        ] GC(442) User=0.00s Sys=0.01s Real=0.00s
[38.558s][info][safepoint     ] Leaving safepoint region
[38.558s][info][safepoint     ] Total time for which application threads were stopped: 0.0003935 seconds, Stopping threads took: 0.0000154 seconds
[38.558s][info][gc,marking    ] GC(442) Concurrent Cleanup for Next Mark
[38.559s][info][gc,marking    ] GC(442) Concurrent Cleanup for Next Mark 1.446ms
[38.560s][info][gc            ] GC(442) Concurrent Cycle 22.258ms
[38.575s][info][safepoint     ] Application time: 0.0166375 seconds
[38.575s][info][safepoint     ] Entering safepoint region: G1CollectForAllocation
[38.575s][info][gc,start      ] GC(443) Pause Young (Concurrent Start) (G1 Humongous Allocation)
[38.575s][info][gc,task       ] GC(443) Using 8 workers of 8 for evacuation
[38.576s][info][gc,phases     ] GC(443)   Pre Evacuate Collection Set: 0.1ms
[38.576s][info][gc,phases     ] GC(443)   Evacuate Collection Set: 0.9ms
[38.576s][info][gc,phases     ] GC(443)   Post Evacuate Collection Set: 0.3ms
[38.576s][info][gc,phases     ] GC(443)   Other: 0.2ms
[38.576s][info][gc,heap       ] GC(443) Eden regions: 1->0(972)
[38.576s][info][gc,heap       ] GC(443) Survivor regions: 1->1(122)
[38.576s][info][gc,heap       ] GC(443) Old regions: 16->16
[38.576s][info][gc,heap       ] GC(443) Humongous regions: 573->0
[38.576s][info][gc,metaspace  ] GC(443) Metaspace: 38647K->38647K(1085440K)
[38.577s][info][gc            ] GC(443) Pause Young (Concurrent Start) (G1 Humongous Allocation) 588M->15M(1623M) 1.638ms
[38.577s][info][gc,cpu        ] GC(443) User=0.00s Sys=0.00s Real=0.01s
[38.577s][info][safepoint     ] Leaving safepoint region
[38.577s][info][safepoint     ] Total time for which application threads were stopped: 0.0018563 seconds, Stopping threads took: 0.0000438 seconds
[38.577s][info][gc            ] GC(444) Concurrent Cycle
[38.577s][info][gc,marking    ] GC(444) Concurrent Clear Claimed Marks
[38.577s][info][gc,marking    ] GC(444) Concurrent Clear Claimed Marks 0.039ms
[38.577s][info][gc,marking    ] GC(444) Concurrent Scan Root Regions
[38.577s][info][gc,marking    ] GC(444) Concurrent Scan Root Regions 0.084ms
[38.577s][info][gc,marking    ] GC(444) Concurrent Mark (38.577s)
[38.577s][info][gc,marking    ] GC(444) Concurrent Mark From Roots
[38.577s][info][gc,task       ] GC(444) Using 2 workers of 2 for marking
[38.587s][info][gc,marking    ] GC(444) Concurrent Mark From Roots 9.988ms
[38.587s][info][gc,marking    ] GC(444) Concurrent Preclean
[38.587s][info][gc,marking    ] GC(444) Concurrent Preclean 0.073ms
[38.587s][info][gc,marking    ] GC(444) Concurrent Mark (38.577s, 38.587s) 10.121ms
[38.587s][info][safepoint     ] Application time: 0.0103350 seconds
[38.587s][info][safepoint     ] Entering safepoint region: CGC_Operation
[38.587s][info][gc,start      ] GC(444) Pause Remark
[38.590s][info][gc,stringtable] GC(444) Cleaned string and symbol table, strings: 20135 processed, 0 removed, symbols: 132181 processed, 0 removed
[38.590s][info][gc            ] GC(444) Pause Remark 206M->206M(1623M) 2.927ms
[38.590s][info][gc,cpu        ] GC(444) User=0.02s Sys=0.00s Real=0.00s
[38.590s][info][safepoint     ] Leaving safepoint region
[38.590s][info][safepoint     ] Total time for which application threads were stopped: 0.0031812 seconds, Stopping threads took: 0.0000451 seconds
[38.590s][info][gc,marking    ] GC(444) Concurrent Rebuild Remembered Sets
[38.598s][info][gc,marking    ] GC(444) Concurrent Rebuild Remembered Sets 7.498ms
[38.598s][info][safepoint     ] Application time: 0.0076237 seconds
[38.598s][info][safepoint     ] Entering safepoint region: CGC_Operation
[38.598s][info][gc,start      ] GC(444) Pause Cleanup
[38.598s][info][gc            ] GC(444) Pause Cleanup 397M->397M(1623M) 0.204ms
[38.598s][info][gc,cpu        ] GC(444) User=0.00s Sys=0.00s Real=0.00s
[38.598s][info][safepoint     ] Leaving safepoint region
[38.598s][info][safepoint     ] Total time for which application threads were stopped: 0.0004189 seconds, Stopping threads took: 0.0000469 seconds
[38.598s][info][gc,marking    ] GC(444) Concurrent Cleanup for Next Mark
[38.599s][info][gc,marking    ] GC(444) Concurrent Cleanup for Next Mark 1.245ms
[38.600s][info][gc            ] GC(444) Concurrent Cycle 22.937ms
[38.615s][info][safepoint     ] Application time: 0.0170715 seconds
[38.615s][info][safepoint     ] Entering safepoint region: G1CollectForAllocation
[38.615s][info][gc,start      ] GC(445) Pause Young (Concurrent Start) (G1 Humongous Allocation)
[38.616s][info][gc,task       ] GC(445) Using 8 workers of 8 for evacuation
[38.617s][info][gc,phases     ] GC(445)   Pre Evacuate Collection Set: 0.1ms
[38.617s][info][gc,phases     ] GC(445)   Evacuate Collection Set: 1.2ms
[38.617s][info][gc,phases     ] GC(445)   Post Evacuate Collection Set: 0.4ms
[38.617s][info][gc,phases     ] GC(445)   Other: 0.2ms
[38.617s][info][gc,heap       ] GC(445) Eden regions: 1->0(972)
[38.617s][info][gc,heap       ] GC(445) Survivor regions: 1->1(122)
[38.617s][info][gc,heap       ] GC(445) Old regions: 16->16
[38.617s][info][gc,heap       ] GC(445) Humongous regions: 573->0
[38.617s][info][gc,metaspace  ] GC(445) Metaspace: 38647K->38647K(1085440K)
[38.617s][info][gc            ] GC(445) Pause Young (Concurrent Start) (G1 Humongous Allocation) 588M->15M(1623M) 1.977ms
[38.618s][info][gc,cpu        ] GC(445) User=0.00s Sys=0.00s Real=0.01s
[38.618s][info][safepoint     ] Leaving safepoint region
[38.618s][info][safepoint     ] Total time for which application threads were stopped: 0.0022038 seconds, Stopping threads took: 0.0000418 seconds
[38.618s][info][gc            ] GC(446) Concurrent Cycle
[38.618s][info][gc,marking    ] GC(446) Concurrent Clear Claimed Marks
[38.618s][info][gc,marking    ] GC(446) Concurrent Clear Claimed Marks 0.047ms
[38.618s][info][gc,marking    ] GC(446) Concurrent Scan Root Regions
[38.618s][info][gc,marking    ] GC(446) Concurrent Scan Root Regions 0.067ms
[38.618s][info][gc,marking    ] GC(446) Concurrent Mark (38.618s)
[38.618s][info][gc,marking    ] GC(446) Concurrent Mark From Roots
[38.618s][info][gc,task       ] GC(446) Using 2 workers of 2 for marking
[38.628s][info][gc,marking    ] GC(446) Concurrent Mark From Roots 9.913ms
[38.628s][info][gc,marking    ] GC(446) Concurrent Preclean
[38.628s][info][gc,marking    ] GC(446) Concurrent Preclean 0.049ms
[38.628s][info][gc,marking    ] GC(446) Concurrent Mark (38.618s, 38.628s) 10.120ms
[38.628s][info][safepoint     ] Application time: 0.0103302 seconds
[38.628s][info][safepoint     ] Entering safepoint region: CGC_Operation
[38.628s][info][gc,start      ] GC(446) Pause Remark
[38.631s][info][gc,stringtable] GC(446) Cleaned string and symbol table, strings: 20135 processed, 0 removed, symbols: 132181 processed, 0 removed
[38.631s][info][gc            ] GC(446) Pause Remark 206M->206M(1623M) 3.136ms
[38.631s][info][gc,cpu        ] GC(446) User=0.02s Sys=0.00s Real=0.00s
[38.631s][info][safepoint     ] Leaving safepoint region
[38.631s][info][safepoint     ] Total time for which application threads were stopped: 0.0033121 seconds, Stopping threads took: 0.0000485 seconds
[38.631s][info][gc,marking    ] GC(446) Concurrent Rebuild Remembered Sets
[38.632s][info][safepoint     ] Application time: 0.0012382 seconds
[38.639s][info][safepoint     ] Entering safepoint region: RevokeBias
[38.640s][info][safepoint     ] Leaving safepoint region
[38.640s][info][safepoint     ] Total time for which application threads were stopped: 0.0071921 seconds, Stopping threads took: 0.0070403 seconds
[38.640s][info][safepoint     ] Application time: 0.0006403 seconds
[38.640s][info][safepoint     ] Entering safepoint region: RevokeBias
[38.640s][info][safepoint     ] Leaving safepoint region
[38.641s][info][safepoint     ] Total time for which application threads were stopped: 0.0001641 seconds, Stopping threads took: 0.0000158 seconds
[38.641s][info][safepoint     ] Application time: 0.0008164 seconds
[38.641s][info][safepoint     ] Entering safepoint region: RevokeBias
[38.641s][info][safepoint     ] Leaving safepoint region
[38.641s][info][safepoint     ] Total time for which application threads were stopped: 0.0000904 seconds, Stopping threads took: 0.0000158 seconds
[38.644s][info][safepoint     ] Application time: 0.0020255 seconds
[38.644s][info][safepoint     ] Entering safepoint region: RevokeBias
[38.644s][info][safepoint     ] Leaving safepoint region
[38.644s][info][safepoint     ] Total time for which application threads were stopped: 0.0000759 seconds, Stopping threads took: 0.0000138 seconds
[38.644s][info][safepoint     ] Application time: 0.0006710 seconds
[38.644s][info][safepoint     ] Entering safepoint region: RevokeBias
[38.644s][info][safepoint     ] Leaving safepoint region
[38.644s][info][safepoint     ] Total time for which application threads were stopped: 0.0001070 seconds, Stopping threads took: 0.0000107 seconds
[38.645s][info][safepoint     ] Application time: 0.0004220 seconds
[38.657s][info][safepoint     ] Entering safepoint region: RevokeBias
[38.658s][info][safepoint     ] Leaving safepoint region
[38.658s][info][safepoint     ] Total time for which application threads were stopped: 0.0126460 seconds, Stopping threads took: 0.0125460 seconds
[38.658s][info][safepoint     ] Application time: 0.0005061 seconds
[38.658s][info][safepoint     ] Entering safepoint region: RevokeBias
[38.658s][info][safepoint     ] Leaving safepoint region
[38.658s][info][safepoint     ] Total time for which application threads were stopped: 0.0000944 seconds, Stopping threads took: 0.0000160 seconds
[38.661s][info][gc,marking    ] GC(446) Concurrent Rebuild Remembered Sets 29.880ms
[38.661s][info][safepoint     ] Application time: 0.0030066 seconds
[38.661s][info][safepoint     ] Entering safepoint region: CGC_Operation
[38.661s][info][gc,start      ] GC(446) Pause Cleanup
[38.662s][info][gc            ] GC(446) Pause Cleanup 590M->590M(1623M) 0.168ms
[38.662s][info][gc,cpu        ] GC(446) User=0.00s Sys=0.00s Real=0.00s
[38.662s][info][safepoint     ] Leaving safepoint region
[38.662s][info][safepoint     ] Total time for which application threads were stopped: 0.0004156 seconds, Stopping threads took: 0.0001507 seconds
[38.662s][info][gc,marking    ] GC(446) Concurrent Cleanup for Next Mark
[38.662s][info][safepoint     ] Application time: 0.0000935 seconds
[38.662s][info][safepoint     ] Entering safepoint region: RevokeBias
[38.662s][info][safepoint     ] Leaving safepoint region
[38.662s][info][safepoint     ] Total time for which application threads were stopped: 0.0000906 seconds, Stopping threads took: 0.0000076 seconds
[38.664s][info][gc,marking    ] GC(446) Concurrent Cleanup for Next Mark 2.323ms
[38.664s][info][gc            ] GC(446) Concurrent Cycle 46.548ms
[38.667s][info][safepoint     ] Application time: 0.0050969 seconds
[38.677s][info][safepoint     ] Entering safepoint region: RevokeBias
[38.677s][info][safepoint     ] Leaving safepoint region
[38.677s][info][safepoint     ] Total time for which application threads were stopped: 0.0101066 seconds, Stopping threads took: 0.0100388 seconds
[38.677s][info][safepoint     ] Application time: 0.0001125 seconds
[38.677s][info][safepoint     ] Entering safepoint region: RevokeBias
[38.677s][info][safepoint     ] Leaving safepoint region
[38.677s][info][safepoint     ] Total time for which application threads were stopped: 0.0000891 seconds, Stopping threads took: 0.0000097 seconds
[38.678s][info][safepoint     ] Application time: 0.0002361 seconds
[38.678s][info][safepoint     ] Entering safepoint region: RevokeBias
[38.678s][info][safepoint     ] Leaving safepoint region
[38.678s][info][safepoint     ] Total time for which application threads were stopped: 0.0001566 seconds, Stopping threads took: 0.0000154 seconds
[38.678s][info][safepoint     ] Application time: 0.0000704 seconds
[38.678s][info][safepoint     ] Entering safepoint region: RevokeBias
[38.678s][info][safepoint     ] Leaving safepoint region
[38.678s][info][safepoint     ] Total time for which application threads were stopped: 0.0000723 seconds, Stopping threads took: 0.0000115 seconds
[38.679s][info][safepoint     ] Application time: 0.0010142 seconds
[38.679s][info][safepoint     ] Entering safepoint region: RevokeBias
[38.679s][info][safepoint     ] Leaving safepoint region
[38.679s][info][safepoint     ] Total time for which application threads were stopped: 0.0001027 seconds, Stopping threads took: 0.0000182 seconds
[38.679s][info][safepoint     ] Application time: 0.0001091 seconds
[38.679s][info][safepoint     ] Entering safepoint region: RevokeBias
[38.679s][info][safepoint     ] Leaving safepoint region
[38.679s][info][safepoint     ] Total time for which application threads were stopped: 0.0000924 seconds, Stopping threads took: 0.0000108 seconds
[38.679s][info][safepoint     ] Application time: 0.0000322 seconds
[38.679s][info][safepoint     ] Entering safepoint region: RevokeBias
[38.679s][info][safepoint     ] Leaving safepoint region
[38.679s][info][safepoint     ] Total time for which application threads were stopped: 0.0000416 seconds, Stopping threads took: 0.0000075 seconds
[38.680s][info][safepoint     ] Application time: 0.0000613 seconds
[38.680s][info][safepoint     ] Entering safepoint region: RevokeBias
[38.680s][info][safepoint     ] Leaving safepoint region
[38.680s][info][safepoint     ] Total time for which application threads were stopped: 0.0000462 seconds, Stopping threads took: 0.0000093 seconds
[38.680s][info][safepoint     ] Application time: 0.0000166 seconds
[38.680s][info][safepoint     ] Entering safepoint region: RevokeBias
[38.680s][info][safepoint     ] Leaving safepoint region
[38.680s][info][safepoint     ] Total time for which application threads were stopped: 0.0000510 seconds, Stopping threads took: 0.0000063 seconds
[38.680s][info][safepoint     ] Application time: 0.0000342 seconds
[38.680s][info][safepoint     ] Entering safepoint region: RevokeBias
[38.680s][info][safepoint     ] Leaving safepoint region
[38.680s][info][safepoint     ] Total time for which application threads were stopped: 0.0000641 seconds, Stopping threads took: 0.0000063 seconds
[38.680s][info][safepoint     ] Application time: 0.0000462 seconds
[38.680s][info][safepoint     ] Entering safepoint region: RevokeBias
[38.680s][info][safepoint     ] Leaving safepoint region
[38.680s][info][safepoint     ] Total time for which application threads were stopped: 0.0000570 seconds, Stopping threads took: 0.0000067 seconds
[38.680s][info][safepoint     ] Application time: 0.0002073 seconds
[38.680s][info][safepoint     ] Entering safepoint region: RevokeBias
[38.680s][info][safepoint     ] Leaving safepoint region
[38.680s][info][safepoint     ] Total time for which application threads were stopped: 0.0000483 seconds, Stopping threads took: 0.0000085 seconds
[38.680s][info][safepoint     ] Application time: 0.0000530 seconds
[38.680s][info][safepoint     ] Entering safepoint region: RevokeBias
[38.680s][info][safepoint     ] Leaving safepoint region
[38.680s][info][safepoint     ] Total time for which application threads were stopped: 0.0000542 seconds, Stopping threads took: 0.0000082 seconds
[38.680s][info][safepoint     ] Application time: 0.0000996 seconds
[38.680s][info][safepoint     ] Entering safepoint region: RevokeBias
[38.681s][info][safepoint     ] Leaving safepoint region
[38.681s][info][safepoint     ] Total time for which application threads were stopped: 0.0000565 seconds, Stopping threads took: 0.0000082 seconds
[38.681s][info][safepoint     ] Application time: 0.0000294 seconds
[38.681s][info][safepoint     ] Entering safepoint region: RevokeBias
[38.681s][info][safepoint     ] Leaving safepoint region
[38.681s][info][safepoint     ] Total time for which application threads were stopped: 0.0000564 seconds, Stopping threads took: 0.0000073 seconds
[38.681s][info][safepoint     ] Application time: 0.0000828 seconds
[38.681s][info][safepoint     ] Entering safepoint region: RevokeBias
[38.681s][info][safepoint     ] Leaving safepoint region
[38.681s][info][safepoint     ] Total time for which application threads were stopped: 0.0000502 seconds, Stopping threads took: 0.0000088 seconds
[38.681s][info][safepoint     ] Application time: 0.0000498 seconds
[38.681s][info][safepoint     ] Entering safepoint region: RevokeBias
[38.681s][info][safepoint     ] Leaving safepoint region
[38.681s][info][safepoint     ] Total time for which application threads were stopped: 0.0000646 seconds, Stopping threads took: 0.0000064 seconds
[38.681s][info][safepoint     ] Application time: 0.0000257 seconds
[38.681s][info][safepoint     ] Entering safepoint region: RevokeBias
[38.681s][info][safepoint     ] Leaving safepoint region
[38.681s][info][safepoint     ] Total time for which application threads were stopped: 0.0000806 seconds, Stopping threads took: 0.0000070 seconds
[38.681s][info][safepoint     ] Application time: 0.0000265 seconds
[38.681s][info][safepoint     ] Entering safepoint region: RevokeBias
[38.681s][info][safepoint     ] Leaving safepoint region
[38.681s][info][safepoint     ] Total time for which application threads were stopped: 0.0000487 seconds, Stopping threads took: 0.0000064 seconds
[38.681s][info][safepoint     ] Application time: 0.0000396 seconds
[38.681s][info][safepoint     ] Entering safepoint region: RevokeBias
[38.681s][info][safepoint     ] Leaving safepoint region
[38.681s][info][safepoint     ] Total time for which application threads were stopped: 0.0000428 seconds, Stopping threads took: 0.0000068 seconds
[38.681s][info][safepoint     ] Application time: 0.0000878 seconds
[38.681s][info][safepoint     ] Entering safepoint region: RevokeBias
[38.681s][info][safepoint     ] Leaving safepoint region
[38.681s][info][safepoint     ] Total time for which application threads were stopped: 0.0000362 seconds, Stopping threads took: 0.0000063 seconds
[38.682s][info][safepoint     ] Application time: 0.0004711 seconds
[38.682s][info][safepoint     ] Entering safepoint region: RevokeBias
[38.682s][info][safepoint     ] Leaving safepoint region
[38.682s][info][safepoint     ] Total time for which application threads were stopped: 0.0000384 seconds, Stopping threads took: 0.0000071 seconds
[38.682s][info][safepoint     ] Application time: 0.0003006 seconds
[38.682s][info][safepoint     ] Entering safepoint region: RevokeBias
[38.682s][info][safepoint     ] Leaving safepoint region
[38.682s][info][safepoint     ] Total time for which application threads were stopped: 0.0000780 seconds, Stopping threads took: 0.0000071 seconds
[38.682s][info][safepoint     ] Application time: 0.0000182 seconds
[38.682s][info][safepoint     ] Entering safepoint region: G1CollectForAllocation
[38.682s][info][gc,start      ] GC(447) Pause Young (Concurrent Start) (G1 Humongous Allocation)
[38.682s][info][gc,task       ] GC(447) Using 8 workers of 8 for evacuation
[38.684s][info][gc,phases     ] GC(447)   Pre Evacuate Collection Set: 0.1ms
[38.685s][info][gc,phases     ] GC(447)   Evacuate Collection Set: 1.0ms
[38.685s][info][gc,phases     ] GC(447)   Post Evacuate Collection Set: 0.8ms
[38.685s][info][gc,phases     ] GC(447)   Other: 0.2ms
[38.685s][info][gc,heap       ] GC(447) Eden regions: 3->0(972)
[38.685s][info][gc,heap       ] GC(447) Survivor regions: 1->1(122)
[38.685s][info][gc,heap       ] GC(447) Old regions: 16->16
[38.685s][info][gc,heap       ] GC(447) Humongous regions: 764->0
[38.685s][info][gc,metaspace  ] GC(447) Metaspace: 38722K->38722K(1085440K)
[38.685s][info][gc            ] GC(447) Pause Young (Concurrent Start) (G1 Humongous Allocation) 781M->15M(1623M) 2.325ms
[38.685s][info][gc,cpu        ] GC(447) User=0.00s Sys=0.00s Real=0.00s
[38.685s][info][safepoint     ] Leaving safepoint region
[38.685s][info][gc            ] GC(448) Concurrent Cycle
[38.685s][info][safepoint     ] Total time for which application threads were stopped: 0.0024617 seconds, Stopping threads took: 0.0000127 seconds
[38.685s][info][gc,marking    ] GC(448) Concurrent Clear Claimed Marks
[38.685s][info][gc,marking    ] GC(448) Concurrent Clear Claimed Marks 0.130ms
[38.685s][info][gc,marking    ] GC(448) Concurrent Scan Root Regions
[38.685s][info][safepoint     ] Application time: 0.0002390 seconds
[38.686s][info][gc,marking    ] GC(448) Concurrent Scan Root Regions 0.548ms
[38.686s][info][gc,marking    ] GC(448) Concurrent Mark (38.686s)
[38.686s][info][gc,marking    ] GC(448) Concurrent Mark From Roots
[38.686s][info][gc,task       ] GC(448) Using 2 workers of 2 for marking
[38.699s][info][safepoint     ] Entering safepoint region: RevokeBias
[38.700s][info][safepoint     ] Leaving safepoint region
[38.700s][info][safepoint     ] Total time for which application threads were stopped: 0.0144933 seconds, Stopping threads took: 0.0143392 seconds
[38.700s][info][safepoint     ] Application time: 0.0001342 seconds
[38.700s][info][safepoint     ] Entering safepoint region: RevokeBias
[38.700s][info][safepoint     ] Leaving safepoint region
[38.700s][info][safepoint     ] Total time for which application threads were stopped: 0.0000875 seconds, Stopping threads took: 0.0000251 seconds
[38.700s][info][safepoint     ] Application time: 0.0001753 seconds
[38.700s][info][safepoint     ] Entering safepoint region: RevokeBias
[38.700s][info][safepoint     ] Leaving safepoint region
[38.700s][info][safepoint     ] Total time for which application threads were stopped: 0.0001282 seconds, Stopping threads took: 0.0000747 seconds
[38.700s][info][safepoint     ] Application time: 0.0000928 seconds
[38.700s][info][safepoint     ] Entering safepoint region: RevokeBias
[38.700s][info][safepoint     ] Leaving safepoint region
[38.700s][info][safepoint     ] Total time for which application threads were stopped: 0.0001010 seconds, Stopping threads took: 0.0000197 seconds
[38.701s][info][safepoint     ] Application time: 0.0001051 seconds
[38.701s][info][safepoint     ] Entering safepoint region: RevokeBias
[38.701s][info][safepoint     ] Leaving safepoint region
[38.701s][info][safepoint     ] Total time for which application threads were stopped: 0.0001060 seconds, Stopping threads took: 0.0000190 seconds
[38.701s][info][safepoint     ] Application time: 0.0002904 seconds
[38.701s][info][safepoint     ] Entering safepoint region: RevokeBias
[38.701s][info][safepoint     ] Leaving safepoint region
[38.701s][info][safepoint     ] Total time for which application threads were stopped: 0.0001365 seconds, Stopping threads took: 0.0000652 seconds
[38.701s][info][safepoint     ] Application time: 0.0003593 seconds
[38.702s][info][safepoint     ] Entering safepoint region: RevokeBias
[38.702s][info][safepoint     ] Leaving safepoint region
[38.702s][info][safepoint     ] Total time for which application threads were stopped: 0.0000599 seconds, Stopping threads took: 0.0000099 seconds
[38.702s][info][safepoint     ] Application time: 0.0001331 seconds
[38.702s][info][safepoint     ] Entering safepoint region: RevokeBias
[38.702s][info][safepoint     ] Leaving safepoint region
[38.702s][info][safepoint     ] Total time for which application threads were stopped: 0.0000636 seconds, Stopping threads took: 0.0000091 seconds
[38.702s][info][safepoint     ] Application time: 0.0000519 seconds
[38.702s][info][safepoint     ] Entering safepoint region: RevokeBias
[38.702s][info][safepoint     ] Leaving safepoint region
[38.702s][info][safepoint     ] Total time for which application threads were stopped: 0.0000454 seconds, Stopping threads took: 0.0000078 seconds
[38.702s][info][safepoint     ] Application time: 0.0000835 seconds
[38.702s][info][safepoint     ] Entering safepoint region: RevokeBias
[38.702s][info][safepoint     ] Leaving safepoint region
[38.702s][info][safepoint     ] Total time for which application threads were stopped: 0.0000469 seconds, Stopping threads took: 0.0000084 seconds
[38.704s][info][safepoint     ] Application time: 0.0020976 seconds
[38.704s][info][safepoint     ] Entering safepoint region: RevokeBias
[38.704s][info][safepoint     ] Leaving safepoint region
[38.704s][info][safepoint     ] Total time for which application threads were stopped: 0.0000815 seconds, Stopping threads took: 0.0000150 seconds
[38.705s][info][safepoint     ] Application time: 0.0008464 seconds
[38.716s][info][safepoint     ] Entering safepoint region: RevokeBias
[38.716s][info][safepoint     ] Leaving safepoint region
[38.716s][info][safepoint     ] Total time for which application threads were stopped: 0.0107439 seconds, Stopping threads took: 0.0105835 seconds
[38.716s][info][safepoint     ] Application time: 0.0001372 seconds
[38.716s][info][safepoint     ] Entering safepoint region: RevokeBias
[38.716s][info][safepoint     ] Leaving safepoint region
[38.716s][info][safepoint     ] Total time for which application threads were stopped: 0.0000883 seconds, Stopping threads took: 0.0000153 seconds
[38.717s][info][safepoint     ] Application time: 0.0004381 seconds
[38.717s][info][safepoint     ] Entering safepoint region: RevokeBias
[38.717s][info][safepoint     ] Leaving safepoint region
[38.717s][info][safepoint     ] Total time for which application threads were stopped: 0.0000562 seconds, Stopping threads took: 0.0000096 seconds
[38.717s][info][safepoint     ] Application time: 0.0000811 seconds
[38.717s][info][safepoint     ] Entering safepoint region: RevokeBias
[38.717s][info][safepoint     ] Leaving safepoint region
[38.717s][info][safepoint     ] Total time for which application threads were stopped: 0.0000429 seconds, Stopping threads took: 0.0000089 seconds
[38.717s][info][safepoint     ] Application time: 0.0001862 seconds
[38.717s][info][safepoint     ] Entering safepoint region: RevokeBias
[38.717s][info][safepoint     ] Leaving safepoint region
[38.717s][info][safepoint     ] Total time for which application threads were stopped: 0.0000511 seconds, Stopping threads took: 0.0000097 seconds
[38.717s][info][safepoint     ] Application time: 0.0000417 seconds
[38.717s][info][safepoint     ] Entering safepoint region: RevokeBias
[38.717s][info][safepoint     ] Leaving safepoint region
[38.717s][info][safepoint     ] Total time for which application threads were stopped: 0.0000573 seconds, Stopping threads took: 0.0000079 seconds
[38.717s][info][safepoint     ] Application time: 0.0001323 seconds
[38.717s][info][safepoint     ] Entering safepoint region: RevokeBias
[38.717s][info][safepoint     ] Leaving safepoint region
[38.718s][info][safepoint     ] Total time for which application threads were stopped: 0.0000550 seconds, Stopping threads took: 0.0000101 seconds
[38.718s][info][safepoint     ] Application time: 0.0000972 seconds
[38.718s][info][safepoint     ] Entering safepoint region: RevokeBias
[38.718s][info][safepoint     ] Leaving safepoint region
[38.718s][info][safepoint     ] Total time for which application threads were stopped: 0.0000473 seconds, Stopping threads took: 0.0000083 seconds
[38.719s][info][safepoint     ] Application time: 0.0008835 seconds
[38.719s][info][safepoint     ] Entering safepoint region: RevokeBias
[38.719s][info][safepoint     ] Leaving safepoint region
[38.719s][info][safepoint     ] Total time for which application threads were stopped: 0.0001177 seconds, Stopping threads took: 0.0000139 seconds
[38.720s][info][safepoint     ] Application time: 0.0012203 seconds
[38.720s][info][safepoint     ] Entering safepoint region: RevokeBias
[38.720s][info][safepoint     ] Leaving safepoint region
[38.720s][info][safepoint     ] Total time for which application threads were stopped: 0.0001525 seconds, Stopping threads took: 0.0000646 seconds
[38.721s][info][safepoint     ] Application time: 0.0004473 seconds
[38.721s][info][safepoint     ] Entering safepoint region: RevokeBias
[38.721s][info][safepoint     ] Leaving safepoint region
[38.721s][info][safepoint     ] Total time for which application threads were stopped: 0.0001442 seconds, Stopping threads took: 0.0000337 seconds
[38.721s][info][safepoint     ] Application time: 0.0001010 seconds
[38.721s][info][safepoint     ] Entering safepoint region: RevokeBias
[38.721s][info][safepoint     ] Leaving safepoint region
[38.721s][info][safepoint     ] Total time for which application threads were stopped: 0.0000875 seconds, Stopping threads took: 0.0000328 seconds
[38.721s][info][safepoint     ] Application time: 0.0001191 seconds
[38.727s][info][safepoint     ] Entering safepoint region: RevokeBias
[38.727s][info][safepoint     ] Leaving safepoint region
[38.727s][info][safepoint     ] Total time for which application threads were stopped: 0.0061246 seconds, Stopping threads took: 0.0060575 seconds
[38.727s][info][safepoint     ] Application time: 0.0001686 seconds
[38.728s][info][safepoint     ] Entering safepoint region: RevokeBias
[38.728s][info][safepoint     ] Leaving safepoint region
[38.728s][info][safepoint     ] Total time for which application threads were stopped: 0.0000943 seconds, Stopping threads took: 0.0000214 seconds
[38.728s][info][safepoint     ] Application time: 0.0000828 seconds
[38.728s][info][safepoint     ] Entering safepoint region: RevokeBias
[38.728s][info][safepoint     ] Leaving safepoint region
[38.728s][info][safepoint     ] Total time for which application threads were stopped: 0.0000513 seconds, Stopping threads took: 0.0000082 seconds
[38.728s][info][safepoint     ] Application time: 0.0000549 seconds
[38.728s][info][safepoint     ] Entering safepoint region: RevokeBias
[38.728s][info][safepoint     ] Leaving safepoint region
[38.728s][info][safepoint     ] Total time for which application threads were stopped: 0.0000343 seconds, Stopping threads took: 0.0000075 seconds
[38.728s][info][safepoint     ] Application time: 0.0000859 seconds
[38.728s][info][safepoint     ] Entering safepoint region: RevokeBias
[38.728s][info][safepoint     ] Leaving safepoint region
[38.728s][info][safepoint     ] Total time for which application threads were stopped: 0.0000418 seconds, Stopping threads took: 0.0000077 seconds
[38.728s][info][safepoint     ] Application time: 0.0000433 seconds
[38.728s][info][safepoint     ] Entering safepoint region: RevokeBias
[38.728s][info][safepoint     ] Leaving safepoint region
[38.728s][info][safepoint     ] Total time for which application threads were stopped: 0.0000356 seconds, Stopping threads took: 0.0000071 seconds
[38.728s][info][safepoint     ] Application time: 0.0000356 seconds
[38.728s][info][safepoint     ] Entering safepoint region: RevokeBias
[38.728s][info][safepoint     ] Leaving safepoint region
[38.728s][info][safepoint     ] Total time for which application threads were stopped: 0.0000344 seconds, Stopping threads took: 0.0000061 seconds
[38.728s][info][safepoint     ] Application time: 0.0000478 seconds
[38.728s][info][safepoint     ] Entering safepoint region: RevokeBias
[38.728s][info][safepoint     ] Leaving safepoint region
[38.728s][info][safepoint     ] Total time for which application threads were stopped: 0.0000430 seconds, Stopping threads took: 0.0000067 seconds
[38.728s][info][safepoint     ] Application time: 0.0000397 seconds
[38.728s][info][safepoint     ] Entering safepoint region: RevokeBias
[38.728s][info][safepoint     ] Leaving safepoint region
[38.728s][info][safepoint     ] Total time for which application threads were stopped: 0.0000392 seconds, Stopping threads took: 0.0000065 seconds
[38.728s][info][safepoint     ] Application time: 0.0000386 seconds
[38.728s][info][safepoint     ] Entering safepoint region: BulkRevokeBias
[38.729s][info][safepoint     ] Leaving safepoint region
[38.729s][info][safepoint     ] Total time for which application threads were stopped: 0.0000949 seconds, Stopping threads took: 0.0000064 seconds
[38.729s][info][safepoint     ] Application time: 0.0000464 seconds
[38.729s][info][safepoint     ] Entering safepoint region: RevokeBias
[38.729s][info][safepoint     ] Leaving safepoint region
[38.729s][info][safepoint     ] Total time for which application threads were stopped: 0.0000338 seconds, Stopping threads took: 0.0000061 seconds
[38.729s][info][safepoint     ] Application time: 0.0000350 seconds
[38.729s][info][safepoint     ] Entering safepoint region: RevokeBias
[38.729s][info][safepoint     ] Leaving safepoint region
[38.729s][info][safepoint     ] Total time for which application threads were stopped: 0.0000383 seconds, Stopping threads took: 0.0000088 seconds
[38.729s][info][safepoint     ] Application time: 0.0000486 seconds
[38.729s][info][safepoint     ] Entering safepoint region: RevokeBias
[38.729s][info][safepoint     ] Leaving safepoint region
[38.729s][info][safepoint     ] Total time for which application threads were stopped: 0.0000475 seconds, Stopping threads took: 0.0000186 seconds
[38.729s][info][safepoint     ] Application time: 0.0003109 seconds
[38.729s][info][safepoint     ] Entering safepoint region: RevokeBias
[38.729s][info][safepoint     ] Leaving safepoint region
[38.729s][info][safepoint     ] Total time for which application threads were stopped: 0.0000670 seconds, Stopping threads took: 0.0000168 seconds
[38.730s][info][safepoint     ] Application time: 0.0003729 seconds
[38.730s][info][safepoint     ] Entering safepoint region: RevokeBias
[38.730s][info][safepoint     ] Leaving safepoint region
[38.730s][info][safepoint     ] Total time for which application threads were stopped: 0.0000503 seconds, Stopping threads took: 0.0000078 seconds
[38.730s][info][safepoint     ] Application time: 0.0000641 seconds
[38.730s][info][safepoint     ] Entering safepoint region: RevokeBias
[38.730s][info][safepoint     ] Leaving safepoint region
[38.730s][info][safepoint     ] Total time for which application threads were stopped: 0.0000550 seconds, Stopping threads took: 0.0000210 seconds
[38.730s][info][safepoint     ] Application time: 0.0000954 seconds
[38.730s][info][safepoint     ] Entering safepoint region: RevokeBias
[38.730s][info][safepoint     ] Leaving safepoint region
[38.730s][info][safepoint     ] Total time for which application threads were stopped: 0.0000484 seconds, Stopping threads took: 0.0000155 seconds
[38.730s][info][safepoint     ] Application time: 0.0002485 seconds
[38.730s][info][safepoint     ] Entering safepoint region: RevokeBias
[38.730s][info][safepoint     ] Leaving safepoint region
[38.730s][info][safepoint     ] Total time for which application threads were stopped: 0.0000603 seconds, Stopping threads took: 0.0000090 seconds
[38.735s][info][gc,marking    ] GC(448) Concurrent Mark From Roots 49.917ms
[38.736s][info][gc,marking    ] GC(448) Concurrent Preclean
[38.736s][info][gc,marking    ] GC(448) Concurrent Preclean 0.064ms
[38.736s][info][gc,marking    ] GC(448) Concurrent Mark (38.686s, 38.736s) 50.037ms
[38.736s][info][safepoint     ] Application time: 0.0052326 seconds
[38.740s][info][safepoint     ] Entering safepoint region: CGC_Operation
[38.740s][info][gc,start      ] GC(448) Pause Remark
[38.741s][info][gc,stringtable] GC(448) Cleaned string and symbol table, strings: 20196 processed, 2 removed, symbols: 132437 processed, 0 removed
[38.742s][info][gc            ] GC(448) Pause Remark 786M->786M(1623M) 2.021ms
[38.742s][info][gc,cpu        ] GC(448) User=0.02s Sys=0.00s Real=0.00s
[38.742s][info][safepoint     ] Leaving safepoint region
[38.742s][info][safepoint     ] Total time for which application threads were stopped: 0.0062098 seconds, Stopping threads took: 0.0040279 seconds
[38.742s][info][gc,marking    ] GC(448) Concurrent Rebuild Remembered Sets
[38.749s][info][gc,marking    ] GC(448) Concurrent Rebuild Remembered Sets 7.465ms
[38.749s][info][safepoint     ] Application time: 0.0075825 seconds
[38.858s][info][safepoint     ] Entering safepoint region: CGC_Operation
[38.858s][info][gc,start      ] GC(448) Pause Cleanup
[38.858s][info][gc            ] GC(448) Pause Cleanup 977M->977M(1623M) 0.260ms
[38.858s][info][gc,cpu        ] GC(448) User=0.00s Sys=0.00s Real=0.00s
[38.858s][info][safepoint     ] Leaving safepoint region
[38.858s][info][safepoint     ] Total time for which application threads were stopped: 0.1087804 seconds, Stopping threads took: 0.1083843 seconds
[38.858s][info][gc,marking    ] GC(448) Concurrent Cleanup for Next Mark
[38.861s][info][gc,marking    ] GC(448) Concurrent Cleanup for Next Mark 2.355ms
[38.862s][info][gc            ] GC(448) Concurrent Cycle 176.814ms
[38.862s][info][gc,heap,exit  ] Heap
[38.862s][info][gc,heap,exit  ]  garbage-first heap   total 1661952K, used 999495K [0x0000000700000000, 0x0000000800000000)
[38.862s][info][gc,heap,exit  ]   region size 1024K, 8 young (8192K), 1 survivors (1024K)
[38.862s][info][gc,heap,exit  ]  Metaspace       used 38796K, capacity 40028K, committed 40092K, reserved 1085440K
[38.862s][info][gc,heap,exit  ]   class space    used 4624K, capacity 5150K, committed 5196K, reserved 1048576K
[38.862s][info][safepoint     ] Application time: 0.0035685 seconds
[38.862s][info][safepoint     ] Entering safepoint region: Exit
