Java HotSpot(TM) 64-Bit Server VM (25.192-b12) for linux-amd64 JRE (1.8.0_192-b12), built on Oct  6 2018 06:46:09 by "java_re" with gcc 7.3.0
Memory: 4k page, physical 4966400k(4959788k free), swap 0k(0k free)
CommandLine flags: -XX:+HeapDumpOnOutOfMemoryError -XX:HeapDumpPath=/oom/ccloud.pmap -XX:InitialHeapSize=2097152000 -XX:MaxHeapSize=3355443200 -XX:MaxNewSize=1048576000 -XX:NewSize=1048576000 -XX:+PreserveFramePointer -XX:+PrintGC -XX:+PrintGCDateStamps -XX:+PrintGCDetails -XX:+PrintGCTimeStamps -XX:+PrintHeapAtGC -XX:+UnlockExperimentalVMOptions -XX:+UseCGroupMemoryLimitForHeap -XX:+UseCompressedClassPointers -XX:+UseCompressedOops -XX:+UseParallelGC 
{Heap before GC invocations=1 (full 0):
 PSYoungGen      total 896000K, used 384136K [0x0000000781800000, 0x00000007c0000000, 0x00000007c0000000)
  eden space 768000K, 50% used [0x0000000781800000,0x0000000798f22190,0x00000007b0600000)
  from space 128000K, 0% used [0x00000007b8300000,0x00000007b8300000,0x00000007c0000000)
  to   space 128000K, 0% used [0x00000007b0600000,0x00000007b0600000,0x00000007b8300000)
 ParOldGen       total 1024000K, used 0K [0x00000006f8000000, 0x0000000736800000, 0x0000000781800000)
  object space 1024000K, 0% used [0x00000006f8000000,0x00000006f8000000,0x0000000736800000)
 Metaspace       used 20847K, capacity 21178K, committed 21296K, reserved 1067008K
  class space    used 3020K, capacity 3146K, committed 3200K, reserved 1048576K
2022-06-20T08:00:33.140+0800: 5.433: [GC (Metadata GC Threshold) [PSYoungGen: 384136K->16679K(896000K)] 384136K->16679K(1920000K), 0.0713258 secs] [Times: user=0.12 sys=0.07, real=0.07 secs] 
Heap after GC invocations=1 (full 0):
 PSYoungGen      total 896000K, used 16679K [0x0000000781800000, 0x00000007c0000000, 0x00000007c0000000)
  eden space 768000K, 0% used [0x0000000781800000,0x0000000781800000,0x00000007b0600000)
  from space 128000K, 13% used [0x00000007b0600000,0x00000007b1649e58,0x00000007b8300000)
  to   space 128000K, 0% used [0x00000007b8300000,0x00000007b8300000,0x00000007c0000000)
 ParOldGen       total 1024000K, used 0K [0x00000006f8000000, 0x0000000736800000, 0x0000000781800000)
  object space 1024000K, 0% used [0x00000006f8000000,0x00000006f8000000,0x0000000736800000)
 Metaspace       used 20847K, capacity 21178K, committed 21296K, reserved 1067008K
  class space    used 3020K, capacity 3146K, committed 3200K, reserved 1048576K
}
{Heap before GC invocations=2 (full 1):
 PSYoungGen      total 896000K, used 16679K [0x0000000781800000, 0x00000007c0000000, 0x00000007c0000000)
  eden space 768000K, 0% used [0x0000000781800000,0x0000000781800000,0x00000007b0600000)
  from space 128000K, 13% used [0x00000007b0600000,0x00000007b1649e58,0x00000007b8300000)
  to   space 128000K, 0% used [0x00000007b8300000,0x00000007b8300000,0x00000007c0000000)
 ParOldGen       total 1024000K, used 0K [0x00000006f8000000, 0x0000000736800000, 0x0000000781800000)
  object space 1024000K, 0% used [0x00000006f8000000,0x00000006f8000000,0x0000000736800000)
 Metaspace       used 20847K, capacity 21178K, committed 21296K, reserved 1067008K
  class space    used 3020K, capacity 3146K, committed 3200K, reserved 1048576K
2022-06-20T08:00:33.211+0800: 5.504: [Full GC (Metadata GC Threshold) [PSYoungGen: 16679K->0K(896000K)] [ParOldGen: 0K->15816K(1075200K)] 16679K->15816K(1971200K), [Metaspace: 20847K->20847K(1067008K)], 0.0440377 secs] [Times: user=0.10 sys=0.01, real=0.04 secs] 
Heap after GC invocations=2 (full 1):
 PSYoungGen      total 896000K, used 0K [0x0000000781800000, 0x00000007c0000000, 0x00000007c0000000)
  eden space 768000K, 0% used [0x0000000781800000,0x0000000781800000,0x00000007b0600000)
  from space 128000K, 0% used [0x00000007b0600000,0x00000007b0600000,0x00000007b8300000)
  to   space 128000K, 0% used [0x00000007b8300000,0x00000007b8300000,0x00000007c0000000)
 ParOldGen       total 1075200K, used 15816K [0x00000006f8000000, 0x0000000739a00000, 0x0000000781800000)
  object space 1075200K, 1% used [0x00000006f8000000,0x00000006f8f72220,0x0000000739a00000)
 Metaspace       used 20847K, capacity 21178K, committed 21296K, reserved 1067008K
  class space    used 3020K, capacity 3146K, committed 3200K, reserved 1048576K
}
{Heap before GC invocations=3 (full 1):
 PSYoungGen      total 896000K, used 768000K [0x0000000781800000, 0x00000007c0000000, 0x00000007c0000000)
  eden space 768000K, 100% used [0x0000000781800000,0x00000007b0600000,0x00000007b0600000)
  from space 128000K, 0% used [0x00000007b0600000,0x00000007b0600000,0x00000007b8300000)
  to   space 128000K, 0% used [0x00000007b8300000,0x00000007b8300000,0x00000007c0000000)
 ParOldGen       total 1075200K, used 15816K [0x00000006f8000000, 0x0000000739a00000, 0x0000000781800000)
  object space 1075200K, 1% used [0x00000006f8000000,0x00000006f8f72220,0x0000000739a00000)
 Metaspace       used 29633K, capacity 30130K, committed 30336K, reserved 1075200K
  class space    used 4561K, capacity 4726K, committed 4736K, reserved 1048576K
2022-06-20T08:00:58.620+0800: 30.913: [GC (Allocation Failure) [PSYoungGen: 768000K->40674K(896000K)] 783816K->56491K(1971200K), 0.1294027 secs] [Times: user=0.14 sys=0.15, real=0.13 secs] 
Heap after GC invocations=3 (full 1):
 PSYoungGen      total 896000K, used 40674K [0x0000000781800000, 0x00000007c0000000, 0x00000007c0000000)
  eden space 768000K, 0% used [0x0000000781800000,0x0000000781800000,0x00000007b0600000)
  from space 128000K, 31% used [0x00000007b8300000,0x00000007baab8b90,0x00000007c0000000)
  to   space 128000K, 0% used [0x00000007b0600000,0x00000007b0600000,0x00000007b8300000)
 ParOldGen       total 1075200K, used 15816K [0x00000006f8000000, 0x0000000739a00000, 0x0000000781800000)
  object space 1075200K, 1% used [0x00000006f8000000,0x00000006f8f72220,0x0000000739a00000)
 Metaspace       used 29633K, capacity 30130K, committed 30336K, reserved 1075200K
  class space    used 4561K, capacity 4726K, committed 4736K, reserved 1048576K
}
{Heap before GC invocations=4 (full 1):
 PSYoungGen      total 896000K, used 564405K [0x0000000781800000, 0x00000007c0000000, 0x00000007c0000000)
  eden space 768000K, 68% used [0x0000000781800000,0x00000007a1774938,0x00000007b0600000)
  from space 128000K, 31% used [0x00000007b8300000,0x00000007baab8b90,0x00000007c0000000)
  to   space 128000K, 0% used [0x00000007b0600000,0x00000007b0600000,0x00000007b8300000)
 ParOldGen       total 1075200K, used 15816K [0x00000006f8000000, 0x0000000739a00000, 0x0000000781800000)
  object space 1075200K, 1% used [0x00000006f8000000,0x00000006f8f72220,0x0000000739a00000)
 Metaspace       used 34700K, capacity 35336K, committed 35456K, reserved 1079296K
  class space    used 5204K, capacity 5423K, committed 5504K, reserved 1048576K
2022-06-20T08:01:09.302+0800: 41.595: [GC (Metadata GC Threshold) [PSYoungGen: 564405K->62525K(896000K)] 580221K->78341K(1971200K), 0.0854612 secs] [Times: user=0.08 sys=0.07, real=0.09 secs] 
Heap after GC invocations=4 (full 1):
 PSYoungGen      total 896000K, used 62525K [0x0000000781800000, 0x00000007c0000000, 0x00000007c0000000)
  eden space 768000K, 0% used [0x0000000781800000,0x0000000781800000,0x00000007b0600000)
  from space 128000K, 48% used [0x00000007b0600000,0x00000007b430f430,0x00000007b8300000)
  to   space 128000K, 0% used [0x00000007b8300000,0x00000007b8300000,0x00000007c0000000)
 ParOldGen       total 1075200K, used 15816K [0x00000006f8000000, 0x0000000739a00000, 0x0000000781800000)
  object space 1075200K, 1% used [0x00000006f8000000,0x00000006f8f72220,0x0000000739a00000)
 Metaspace       used 34700K, capacity 35336K, committed 35456K, reserved 1079296K
  class space    used 5204K, capacity 5423K, committed 5504K, reserved 1048576K
}
{Heap before GC invocations=5 (full 2):
 PSYoungGen      total 896000K, used 62525K [0x0000000781800000, 0x00000007c0000000, 0x00000007c0000000)
  eden space 768000K, 0% used [0x0000000781800000,0x0000000781800000,0x00000007b0600000)
  from space 128000K, 48% used [0x00000007b0600000,0x00000007b430f430,0x00000007b8300000)
  to   space 128000K, 0% used [0x00000007b8300000,0x00000007b8300000,0x00000007c0000000)
 ParOldGen       total 1075200K, used 15816K [0x00000006f8000000, 0x0000000739a00000, 0x0000000781800000)
  object space 1075200K, 1% used [0x00000006f8000000,0x00000006f8f72220,0x0000000739a00000)
 Metaspace       used 34700K, capacity 35336K, committed 35456K, reserved 1079296K
  class space    used 5204K, capacity 5423K, committed 5504K, reserved 1048576K
2022-06-20T08:01:09.388+0800: 41.680: [Full GC (Metadata GC Threshold) [PSYoungGen: 62525K->0K(896000K)] [ParOldGen: 15816K->62868K(1517568K)] 78341K->62868K(2413568K), [Metaspace: 34700K->34692K(1079296K)], 0.0894803 secs] [Times: user=0.19 sys=0.04, real=0.09 secs] 
Heap after GC invocations=5 (full 2):
 PSYoungGen      total 896000K, used 0K [0x0000000781800000, 0x00000007c0000000, 0x00000007c0000000)
  eden space 768000K, 0% used [0x0000000781800000,0x0000000781800000,0x00000007b0600000)
  from space 128000K, 0% used [0x00000007b0600000,0x00000007b0600000,0x00000007b8300000)
  to   space 128000K, 0% used [0x00000007b8300000,0x00000007b8300000,0x00000007c0000000)
 ParOldGen       total 1517568K, used 62868K [0x00000006f8000000, 0x0000000754a00000, 0x0000000781800000)
  object space 1517568K, 4% used [0x00000006f8000000,0x00000006fbd65020,0x0000000754a00000)
 Metaspace       used 34692K, capacity 35312K, committed 35456K, reserved 1079296K
  class space    used 5202K, capacity 5415K, committed 5504K, reserved 1048576K
}
{Heap before GC invocations=6 (full 2):
 PSYoungGen      total 896000K, used 768000K [0x0000000781800000, 0x00000007c0000000, 0x00000007c0000000)
  eden space 768000K, 100% used [0x0000000781800000,0x00000007b0600000,0x00000007b0600000)
  from space 128000K, 0% used [0x00000007b0600000,0x00000007b0600000,0x00000007b8300000)
  to   space 128000K, 0% used [0x00000007b8300000,0x00000007b8300000,0x00000007c0000000)
 ParOldGen       total 1517568K, used 62868K [0x00000006f8000000, 0x0000000754a00000, 0x0000000781800000)
  object space 1517568K, 4% used [0x00000006f8000000,0x00000006fbd65020,0x0000000754a00000)
 Metaspace       used 39333K, capacity 40050K, committed 40192K, reserved 1083392K
  class space    used 5774K, capacity 6049K, committed 6144K, reserved 1048576K
2022-06-20T08:01:15.289+0800: 47.582: [GC (Allocation Failure) [PSYoungGen: 768000K->16985K(896000K)] 830868K->79861K(2413568K), 0.0418772 secs] [Times: user=0.11 sys=0.04, real=0.04 secs] 
Heap after GC invocations=6 (full 2):
 PSYoungGen      total 896000K, used 16985K [0x0000000781800000, 0x00000007c0000000, 0x00000007c0000000)
  eden space 768000K, 0% used [0x0000000781800000,0x0000000781800000,0x00000007b0600000)
  from space 128000K, 13% used [0x00000007b8300000,0x00000007b93965d8,0x00000007c0000000)
  to   space 128000K, 0% used [0x00000007b0600000,0x00000007b0600000,0x00000007b8300000)
 ParOldGen       total 1517568K, used 62876K [0x00000006f8000000, 0x0000000754a00000, 0x0000000781800000)
  object space 1517568K, 4% used [0x00000006f8000000,0x00000006fbd67020,0x0000000754a00000)
 Metaspace       used 39333K, capacity 40050K, committed 40192K, reserved 1083392K
  class space    used 5774K, capacity 6049K, committed 6144K, reserved 1048576K
}
{Heap before GC invocations=7 (full 2):
 PSYoungGen      total 896000K, used 784985K [0x0000000781800000, 0x00000007c0000000, 0x00000007c0000000)
  eden space 768000K, 100% used [0x0000000781800000,0x00000007b0600000,0x00000007b0600000)
  from space 128000K, 13% used [0x00000007b8300000,0x00000007b93965d8,0x00000007c0000000)
  to   space 128000K, 0% used [0x00000007b0600000,0x00000007b0600000,0x00000007b8300000)
 ParOldGen       total 1517568K, used 62876K [0x00000006f8000000, 0x0000000754a00000, 0x0000000781800000)
  object space 1517568K, 4% used [0x00000006f8000000,0x00000006fbd67020,0x0000000754a00000)
 Metaspace       used 39897K, capacity 40690K, committed 40960K, reserved 1083392K
  class space    used 5858K, capacity 6113K, committed 6144K, reserved 1048576K
2022-06-20T08:01:16.366+0800: 48.659: [GC (Allocation Failure) [PSYoungGen: 784985K->5577K(896000K)] 847861K->68461K(2413568K), 0.0114109 secs] [Times: user=0.05 sys=0.00, real=0.01 secs] 
Heap after GC invocations=7 (full 2):
 PSYoungGen      total 896000K, used 5577K [0x0000000781800000, 0x00000007c0000000, 0x00000007c0000000)
  eden space 768000K, 0% used [0x0000000781800000,0x0000000781800000,0x00000007b0600000)
  from space 128000K, 4% used [0x00000007b0600000,0x00000007b0b72468,0x00000007b8300000)
  to   space 73216K, 0% used [0x00000007bb880000,0x00000007bb880000,0x00000007c0000000)
 ParOldGen       total 1517568K, used 62884K [0x00000006f8000000, 0x0000000754a00000, 0x0000000781800000)
  object space 1517568K, 4% used [0x00000006f8000000,0x00000006fbd69020,0x0000000754a00000)
 Metaspace       used 39897K, capacity 40690K, committed 40960K, reserved 1083392K
  class space    used 5858K, capacity 6113K, committed 6144K, reserved 1048576K
}
{Heap before GC invocations=8 (full 2):
 PSYoungGen      total 896000K, used 773577K [0x0000000781800000, 0x00000007c0000000, 0x00000007c0000000)
  eden space 768000K, 100% used [0x0000000781800000,0x00000007b0600000,0x00000007b0600000)
  from space 128000K, 4% used [0x00000007b0600000,0x00000007b0b72468,0x00000007b8300000)
  to   space 73216K, 0% used [0x00000007bb880000,0x00000007bb880000,0x00000007c0000000)
 ParOldGen       total 1517568K, used 62884K [0x00000006f8000000, 0x0000000754a00000, 0x0000000781800000)
  object space 1517568K, 4% used [0x00000006f8000000,0x00000006fbd69020,0x0000000754a00000)
 Metaspace       used 40754K, capacity 41488K, committed 41600K, reserved 1085440K
  class space    used 5993K, capacity 6245K, committed 6272K, reserved 1048576K
2022-06-20T08:01:17.275+0800: 49.568: [GC (Allocation Failure) [PSYoungGen: 773577K->9965K(953344K)] 836461K->72857K(2470912K), 0.0207671 secs] [Times: user=0.07 sys=0.01, real=0.02 secs] 
Heap after GC invocations=8 (full 2):
 PSYoungGen      total 953344K, used 9965K [0x0000000781800000, 0x00000007c0000000, 0x00000007c0000000)
  eden space 880128K, 0% used [0x0000000781800000,0x0000000781800000,0x00000007b7380000)
  from space 73216K, 13% used [0x00000007bb880000,0x00000007bc23b660,0x00000007c0000000)
  to   space 70656K, 0% used [0x00000007b7380000,0x00000007b7380000,0x00000007bb880000)
 ParOldGen       total 1517568K, used 62892K [0x00000006f8000000, 0x0000000754a00000, 0x0000000781800000)
  object space 1517568K, 4% used [0x00000006f8000000,0x00000006fbd6b020,0x0000000754a00000)
 Metaspace       used 40754K, capacity 41488K, committed 41600K, reserved 1085440K
  class space    used 5993K, capacity 6245K, committed 6272K, reserved 1048576K
}
{Heap before GC invocations=9 (full 2):
 PSYoungGen      total 953344K, used 890093K [0x0000000781800000, 0x00000007c0000000, 0x00000007c0000000)
  eden space 880128K, 100% used [0x0000000781800000,0x00000007b7380000,0x00000007b7380000)
  from space 73216K, 13% used [0x00000007bb880000,0x00000007bc23b660,0x00000007c0000000)
  to   space 70656K, 0% used [0x00000007b7380000,0x00000007b7380000,0x00000007bb880000)
 ParOldGen       total 1517568K, used 62892K [0x00000006f8000000, 0x0000000754a00000, 0x0000000781800000)
  object space 1517568K, 4% used [0x00000006f8000000,0x00000006fbd6b020,0x0000000754a00000)
 Metaspace       used 44201K, capacity 44938K, committed 45184K, reserved 1087488K
  class space    used 6484K, capacity 6734K, committed 6784K, reserved 1048576K
2022-06-20T08:01:18.593+0800: 50.886: [GC (Allocation Failure) [PSYoungGen: 890093K->8491K(950784K)] 952985K->71391K(2468352K), 0.0194717 secs] [Times: user=0.05 sys=0.01, real=0.02 secs] 
Heap after GC invocations=9 (full 2):
 PSYoungGen      total 950784K, used 8491K [0x0000000781800000, 0x00000007c0000000, 0x00000007c0000000)
  eden space 880128K, 0% used [0x0000000781800000,0x0000000781800000,0x00000007b7380000)
  from space 70656K, 12% used [0x00000007b7380000,0x00000007b7bcad30,0x00000007bb880000)
  to   space 68096K, 0% used [0x00000007bbd80000,0x00000007bbd80000,0x00000007c0000000)
 ParOldGen       total 1517568K, used 62900K [0x00000006f8000000, 0x0000000754a00000, 0x0000000781800000)
  object space 1517568K, 4% used [0x00000006f8000000,0x00000006fbd6d020,0x0000000754a00000)
 Metaspace       used 44201K, capacity 44938K, committed 45184K, reserved 1087488K
  class space    used 6484K, capacity 6734K, committed 6784K, reserved 1048576K
}
{Heap before GC invocations=10 (full 2):
 PSYoungGen      total 950784K, used 888619K [0x0000000781800000, 0x00000007c0000000, 0x00000007c0000000)
  eden space 880128K, 100% used [0x0000000781800000,0x00000007b7380000,0x00000007b7380000)
  from space 70656K, 12% used [0x00000007b7380000,0x00000007b7bcad30,0x00000007bb880000)
  to   space 68096K, 0% used [0x00000007bbd80000,0x00000007bbd80000,0x00000007c0000000)
 ParOldGen       total 1517568K, used 62900K [0x00000006f8000000, 0x0000000754a00000, 0x0000000781800000)
  object space 1517568K, 4% used [0x00000006f8000000,0x00000006fbd6d020,0x0000000754a00000)
 Metaspace       used 45710K, capacity 46574K, committed 46976K, reserved 1089536K
  class space    used 6707K, capacity 6996K, committed 7040K, reserved 1048576K
2022-06-20T08:01:19.837+0800: 52.130: [GC (Allocation Failure) [PSYoungGen: 888619K->2704K(957440K)] 951519K->69776K(2475008K), 0.0106411 secs] [Times: user=0.04 sys=0.00, real=0.01 secs] 
Heap after GC invocations=10 (full 2):
 PSYoungGen      total 957440K, used 2704K [0x0000000781800000, 0x00000007c0000000, 0x00000007c0000000)
  eden space 889344K, 0% used [0x0000000781800000,0x0000000781800000,0x00000007b7c80000)
  from space 68096K, 3% used [0x00000007bbd80000,0x00000007bc024020,0x00000007c0000000)
  to   space 66560K, 0% used [0x00000007b7c80000,0x00000007b7c80000,0x00000007bbd80000)
 ParOldGen       total 1517568K, used 67072K [0x00000006f8000000, 0x0000000754a00000, 0x0000000781800000)
  object space 1517568K, 4% used [0x00000006f8000000,0x00000006fc180288,0x0000000754a00000)
 Metaspace       used 45710K, capacity 46574K, committed 46976K, reserved 1089536K
  class space    used 6707K, capacity 6996K, committed 7040K, reserved 1048576K
}
{Heap before GC invocations=11 (full 2):
 PSYoungGen      total 957440K, used 892048K [0x0000000781800000, 0x00000007c0000000, 0x00000007c0000000)
  eden space 889344K, 100% used [0x0000000781800000,0x00000007b7c80000,0x00000007b7c80000)
  from space 68096K, 3% used [0x00000007bbd80000,0x00000007bc024020,0x00000007c0000000)
  to   space 66560K, 0% used [0x00000007b7c80000,0x00000007b7c80000,0x00000007bbd80000)
 ParOldGen       total 1517568K, used 67072K [0x00000006f8000000, 0x0000000754a00000, 0x0000000781800000)
  object space 1517568K, 4% used [0x00000006f8000000,0x00000006fc180288,0x0000000754a00000)
 Metaspace       used 47632K, capacity 48430K, committed 48768K, reserved 1091584K
  class space    used 6939K, capacity 7188K, committed 7296K, reserved 1048576K
2022-06-20T08:01:20.611+0800: 52.904: [GC (Allocation Failure) [PSYoungGen: 892048K->2690K(955904K)] 959120K->70134K(2473472K), 0.0117172 secs] [Times: user=0.05 sys=0.01, real=0.01 secs] 
Heap after GC invocations=11 (full 2):
 PSYoungGen      total 955904K, used 2690K [0x0000000781800000, 0x00000007c0000000, 0x00000007c0000000)
  eden space 889344K, 0% used [0x0000000781800000,0x0000000781800000,0x00000007b7c80000)
  from space 66560K, 4% used [0x00000007b7c80000,0x00000007b7f208b8,0x00000007bbd80000)
  to   space 65024K, 0% used [0x00000007bc080000,0x00000007bc080000,0x00000007c0000000)
 ParOldGen       total 1517568K, used 67444K [0x00000006f8000000, 0x0000000754a00000, 0x0000000781800000)
  object space 1517568K, 4% used [0x00000006f8000000,0x00000006fc1dd298,0x0000000754a00000)
 Metaspace       used 47632K, capacity 48430K, committed 48768K, reserved 1091584K
  class space    used 6939K, capacity 7188K, committed 7296K, reserved 1048576K
}
{Heap before GC invocations=12 (full 2):
 PSYoungGen      total 955904K, used 892034K [0x0000000781800000, 0x00000007c0000000, 0x00000007c0000000)
  eden space 889344K, 100% used [0x0000000781800000,0x00000007b7c80000,0x00000007b7c80000)
  from space 66560K, 4% used [0x00000007b7c80000,0x00000007b7f208b8,0x00000007bbd80000)
  to   space 65024K, 0% used [0x00000007bc080000,0x00000007bc080000,0x00000007c0000000)
 ParOldGen       total 1517568K, used 67444K [0x00000006f8000000, 0x0000000754a00000, 0x0000000781800000)
  object space 1517568K, 4% used [0x00000006f8000000,0x00000006fc1dd298,0x0000000754a00000)
 Metaspace       used 49464K, capacity 50254K, committed 50432K, reserved 1091584K
  class space    used 7154K, capacity 7412K, committed 7424K, reserved 1048576K
2022-06-20T08:01:21.101+0800: 53.394: [GC (Allocation Failure) [PSYoungGen: 892034K->1712K(960512K)] 959478K->70549K(2478080K), 0.0093526 secs] [Times: user=0.03 sys=0.00, real=0.01 secs] 
Heap after GC invocations=12 (full 2):
 PSYoungGen      total 960512K, used 1712K [0x0000000781800000, 0x00000007c0000000, 0x00000007c0000000)
  eden space 895488K, 0% used [0x0000000781800000,0x0000000781800000,0x00000007b8280000)
  from space 65024K, 2% used [0x00000007bc080000,0x00000007bc22c010,0x00000007c0000000)
  to   space 63488K, 0% used [0x00000007b8280000,0x00000007b8280000,0x00000007bc080000)
 ParOldGen       total 1517568K, used 68837K [0x00000006f8000000, 0x0000000754a00000, 0x0000000781800000)
  object space 1517568K, 4% used [0x00000006f8000000,0x00000006fc3394f8,0x0000000754a00000)
 Metaspace       used 49464K, capacity 50254K, committed 50432K, reserved 1091584K
  class space    used 7154K, capacity 7412K, committed 7424K, reserved 1048576K
}
{Heap before GC invocations=13 (full 2):
 PSYoungGen      total 960512K, used 897200K [0x0000000781800000, 0x00000007c0000000, 0x00000007c0000000)
  eden space 895488K, 100% used [0x0000000781800000,0x00000007b8280000,0x00000007b8280000)
  from space 65024K, 2% used [0x00000007bc080000,0x00000007bc22c010,0x00000007c0000000)
  to   space 63488K, 0% used [0x00000007b8280000,0x00000007b8280000,0x00000007bc080000)
 ParOldGen       total 1517568K, used 68837K [0x00000006f8000000, 0x0000000754a00000, 0x0000000781800000)
  object space 1517568K, 4% used [0x00000006f8000000,0x00000006fc3394f8,0x0000000754a00000)
 Metaspace       used 50758K, capacity 51534K, committed 51840K, reserved 1093632K
  class space    used 7280K, capacity 7540K, committed 7552K, reserved 1048576K
2022-06-20T08:01:21.557+0800: 53.849: [GC (Allocation Failure) [PSYoungGen: 897200K->1344K(958976K)] 966037K->71059K(2476544K), 0.0135129 secs] [Times: user=0.02 sys=0.03, real=0.01 secs] 
Heap after GC invocations=13 (full 2):
 PSYoungGen      total 958976K, used 1344K [0x0000000781800000, 0x00000007c0000000, 0x00000007c0000000)
  eden space 895488K, 0% used [0x0000000781800000,0x0000000781800000,0x00000007b8280000)
  from space 63488K, 2% used [0x00000007b8280000,0x00000007b83d0000,0x00000007bc080000)
  to   space 61440K, 0% used [0x00000007bc400000,0x00000007bc400000,0x00000007c0000000)
 ParOldGen       total 1517568K, used 69715K [0x00000006f8000000, 0x0000000754a00000, 0x0000000781800000)
  object space 1517568K, 4% used [0x00000006f8000000,0x00000006fc414e80,0x0000000754a00000)
 Metaspace       used 50758K, capacity 51534K, committed 51840K, reserved 1093632K
  class space    used 7280K, capacity 7540K, committed 7552K, reserved 1048576K
}
{Heap before GC invocations=14 (full 2):
 PSYoungGen      total 958976K, used 896832K [0x0000000781800000, 0x00000007c0000000, 0x00000007c0000000)
  eden space 895488K, 100% used [0x0000000781800000,0x00000007b8280000,0x00000007b8280000)
  from space 63488K, 2% used [0x00000007b8280000,0x00000007b83d0000,0x00000007bc080000)
  to   space 61440K, 0% used [0x00000007bc400000,0x00000007bc400000,0x00000007c0000000)
 ParOldGen       total 1517568K, used 69715K [0x00000006f8000000, 0x0000000754a00000, 0x0000000781800000)
  object space 1517568K, 4% used [0x00000006f8000000,0x00000006fc414e80,0x0000000754a00000)
 Metaspace       used 53116K, capacity 53870K, committed 54272K, reserved 1095680K
  class space    used 7580K, capacity 7828K, committed 7936K, reserved 1048576K
2022-06-20T08:01:22.052+0800: 54.345: [GC (Allocation Failure) [PSYoungGen: 896832K->1888K(965120K)] 966547K->72147K(2482688K), 0.0055942 secs] [Times: user=0.01 sys=0.00, real=0.01 secs] 
Heap after GC invocations=14 (full 2):
 PSYoungGen      total 965120K, used 1888K [0x0000000781800000, 0x00000007c0000000, 0x00000007c0000000)
  eden space 903680K, 0% used [0x0000000781800000,0x0000000781800000,0x00000007b8a80000)
  from space 61440K, 3% used [0x00000007bc400000,0x00000007bc5d8000,0x00000007c0000000)
  to   space 58880K, 0% used [0x00000007b8a80000,0x00000007b8a80000,0x00000007bc400000)
 ParOldGen       total 1517568K, used 70259K [0x00000006f8000000, 0x0000000754a00000, 0x0000000781800000)
  object space 1517568K, 4% used [0x00000006f8000000,0x00000006fc49ce90,0x0000000754a00000)
 Metaspace       used 53116K, capacity 53870K, committed 54272K, reserved 1095680K
  class space    used 7580K, capacity 7828K, committed 7936K, reserved 1048576K
}
{Heap before GC invocations=15 (full 2):
 PSYoungGen      total 965120K, used 905568K [0x0000000781800000, 0x00000007c0000000, 0x00000007c0000000)
  eden space 903680K, 100% used [0x0000000781800000,0x00000007b8a80000,0x00000007b8a80000)
  from space 61440K, 3% used [0x00000007bc400000,0x00000007bc5d8000,0x00000007c0000000)
  to   space 58880K, 0% used [0x00000007b8a80000,0x00000007b8a80000,0x00000007bc400000)
 ParOldGen       total 1517568K, used 70259K [0x00000006f8000000, 0x0000000754a00000, 0x0000000781800000)
  object space 1517568K, 4% used [0x00000006f8000000,0x00000006fc49ce90,0x0000000754a00000)
 Metaspace       used 54327K, capacity 55168K, committed 55424K, reserved 1097728K
  class space    used 7741K, capacity 8023K, committed 8064K, reserved 1048576K
2022-06-20T08:01:22.548+0800: 54.841: [GC (Allocation Failure) [PSYoungGen: 905568K->1120K(962560K)] 975827K->72475K(2480128K), 0.0073002 secs] [Times: user=0.02 sys=0.00, real=0.00 secs] 
Heap after GC invocations=15 (full 2):
 PSYoungGen      total 962560K, used 1120K [0x0000000781800000, 0x00000007c0000000, 0x00000007c0000000)
  eden space 903680K, 0% used [0x0000000781800000,0x0000000781800000,0x00000007b8a80000)
  from space 58880K, 1% used [0x00000007b8a80000,0x00000007b8b98010,0x00000007bc400000)
  to   space 56832K, 0% used [0x00000007bc880000,0x00000007bc880000,0x00000007c0000000)
 ParOldGen       total 1517568K, used 71355K [0x00000006f8000000, 0x0000000754a00000, 0x0000000781800000)
  object space 1517568K, 4% used [0x00000006f8000000,0x00000006fc5aeea0,0x0000000754a00000)
 Metaspace       used 54327K, capacity 55168K, committed 55424K, reserved 1097728K
  class space    used 7741K, capacity 8023K, committed 8064K, reserved 1048576K
}
{Heap before GC invocations=16 (full 2):
 PSYoungGen      total 962560K, used 904800K [0x0000000781800000, 0x00000007c0000000, 0x00000007c0000000)
  eden space 903680K, 100% used [0x0000000781800000,0x00000007b8a80000,0x00000007b8a80000)
  from space 58880K, 1% used [0x00000007b8a80000,0x00000007b8b98010,0x00000007bc400000)
  to   space 56832K, 0% used [0x00000007bc880000,0x00000007bc880000,0x00000007c0000000)
 ParOldGen       total 1517568K, used 71355K [0x00000006f8000000, 0x0000000754a00000, 0x0000000781800000)
  object space 1517568K, 4% used [0x00000006f8000000,0x00000006fc5aeea0,0x0000000754a00000)
 Metaspace       used 55905K, capacity 56746K, committed 57216K, reserved 1097728K
  class space    used 7941K, capacity 8214K, committed 8320K, reserved 1048576K
2022-06-20T08:01:22.996+0800: 55.289: [GC (Allocation Failure) [PSYoungGen: 904800K->1504K(969728K)] 976155K->73307K(2487296K), 0.0094068 secs] [Times: user=0.02 sys=0.01, real=0.00 secs] 
Heap after GC invocations=16 (full 2):
 PSYoungGen      total 969728K, used 1504K [0x0000000781800000, 0x00000007c0000000, 0x00000007c0000000)
  eden space 912896K, 0% used [0x0000000781800000,0x0000000781800000,0x00000007b9380000)
  from space 56832K, 2% used [0x00000007bc880000,0x00000007bc9f8010,0x00000007c0000000)
  to   space 54272K, 0% used [0x00000007b9380000,0x00000007b9380000,0x00000007bc880000)
 ParOldGen       total 1517568K, used 71803K [0x00000006f8000000, 0x0000000754a00000, 0x0000000781800000)
  object space 1517568K, 4% used [0x00000006f8000000,0x00000006fc61eeb0,0x0000000754a00000)
 Metaspace       used 55905K, capacity 56746K, committed 57216K, reserved 1097728K
  class space    used 7941K, capacity 8214K, committed 8320K, reserved 1048576K
}
{Heap before GC invocations=17 (full 2):
 PSYoungGen      total 969728K, used 696511K [0x0000000781800000, 0x00000007c0000000, 0x00000007c0000000)
  eden space 912896K, 76% used [0x0000000781800000,0x00000007abeb7c98,0x00000007b9380000)
  from space 56832K, 2% used [0x00000007bc880000,0x00000007bc9f8010,0x00000007c0000000)
  to   space 54272K, 0% used [0x00000007b9380000,0x00000007b9380000,0x00000007bc880000)
 ParOldGen       total 1517568K, used 71803K [0x00000006f8000000, 0x0000000754a00000, 0x0000000781800000)
  object space 1517568K, 4% used [0x00000006f8000000,0x00000006fc61eeb0,0x0000000754a00000)
 Metaspace       used 58085K, capacity 58858K, committed 59096K, reserved 1099776K
  class space    used 8133K, capacity 8406K, committed 8448K, reserved 1048576K
2022-06-20T08:01:23.422+0800: 55.715: [GC (Metadata GC Threshold) [PSYoungGen: 696511K->1088K(967168K)] 768314K->73575K(2484736K), 0.0093210 secs] [Times: user=0.03 sys=0.00, real=0.01 secs] 
Heap after GC invocations=17 (full 2):
 PSYoungGen      total 967168K, used 1088K [0x0000000781800000, 0x00000007c0000000, 0x00000007c0000000)
  eden space 912896K, 0% used [0x0000000781800000,0x0000000781800000,0x00000007b9380000)
  from space 54272K, 2% used [0x00000007b9380000,0x00000007b9490010,0x00000007bc880000)
  to   space 51712K, 0% used [0x00000007bcd80000,0x00000007bcd80000,0x00000007c0000000)
 ParOldGen       total 1517568K, used 72487K [0x00000006f8000000, 0x0000000754a00000, 0x0000000781800000)
  object space 1517568K, 4% used [0x00000006f8000000,0x00000006fc6c9ed0,0x0000000754a00000)
 Metaspace       used 58085K, capacity 58858K, committed 59096K, reserved 1099776K
  class space    used 8133K, capacity 8406K, committed 8448K, reserved 1048576K
}
{Heap before GC invocations=18 (full 3):
 PSYoungGen      total 967168K, used 1088K [0x0000000781800000, 0x00000007c0000000, 0x00000007c0000000)
  eden space 912896K, 0% used [0x0000000781800000,0x0000000781800000,0x00000007b9380000)
  from space 54272K, 2% used [0x00000007b9380000,0x00000007b9490010,0x00000007bc880000)
  to   space 51712K, 0% used [0x00000007bcd80000,0x00000007bcd80000,0x00000007c0000000)
 ParOldGen       total 1517568K, used 72487K [0x00000006f8000000, 0x0000000754a00000, 0x0000000781800000)
  object space 1517568K, 4% used [0x00000006f8000000,0x00000006fc6c9ed0,0x0000000754a00000)
 Metaspace       used 58085K, capacity 58858K, committed 59096K, reserved 1099776K
  class space    used 8133K, capacity 8406K, committed 8448K, reserved 1048576K
2022-06-20T08:01:23.432+0800: 55.725: [Full GC (Metadata GC Threshold) [PSYoungGen: 1088K->0K(967168K)] [ParOldGen: 72487K->24698K(1720832K)] 73575K->24698K(2688000K), [Metaspace: 58085K->58084K(1099776K)], 0.1443967 secs] [Times: user=0.44 sys=0.04, real=0.15 secs] 
Heap after GC invocations=18 (full 3):
 PSYoungGen      total 967168K, used 0K [0x0000000781800000, 0x00000007c0000000, 0x00000007c0000000)
  eden space 912896K, 0% used [0x0000000781800000,0x0000000781800000,0x00000007b9380000)
  from space 54272K, 0% used [0x00000007b9380000,0x00000007b9380000,0x00000007bc880000)
  to   space 51712K, 0% used [0x00000007bcd80000,0x00000007bcd80000,0x00000007c0000000)
 ParOldGen       total 1720832K, used 24698K [0x00000006f8000000, 0x0000000761080000, 0x0000000781800000)
  object space 1720832K, 1% used [0x00000006f8000000,0x00000006f981ea08,0x0000000761080000)
 Metaspace       used 58084K, capacity 58852K, committed 59096K, reserved 1099776K
  class space    used 8132K, capacity 8404K, committed 8448K, reserved 1048576K
}
{Heap before GC invocations=19 (full 3):
 PSYoungGen      total 967168K, used 912896K [0x0000000781800000, 0x00000007c0000000, 0x00000007c0000000)
  eden space 912896K, 100% used [0x0000000781800000,0x00000007b9380000,0x00000007b9380000)
  from space 54272K, 0% used [0x00000007b9380000,0x00000007b9380000,0x00000007bc880000)
  to   space 51712K, 0% used [0x00000007bcd80000,0x00000007bcd80000,0x00000007c0000000)
 ParOldGen       total 1720832K, used 24698K [0x00000006f8000000, 0x0000000761080000, 0x0000000781800000)
  object space 1720832K, 1% used [0x00000006f8000000,0x00000006f981ea08,0x0000000761080000)
 Metaspace       used 59690K, capacity 60536K, committed 60888K, reserved 1101824K
  class space    used 8401K, capacity 8688K, committed 8704K, reserved 1048576K
2022-06-20T08:01:24.157+0800: 56.449: [GC (Allocation Failure) [PSYoungGen: 912896K->2144K(974848K)] 937594K->26850K(2695680K), 0.0117816 secs] [Times: user=0.04 sys=0.00, real=0.01 secs] 
Heap after GC invocations=19 (full 3):
 PSYoungGen      total 974848K, used 2144K [0x0000000781800000, 0x00000007c0000000, 0x00000007c0000000)
  eden space 923136K, 0% used [0x0000000781800000,0x0000000781800000,0x00000007b9d80000)
  from space 51712K, 4% used [0x00000007bcd80000,0x00000007bcf98000,0x00000007c0000000)
  to   space 49152K, 0% used [0x00000007b9d80000,0x00000007b9d80000,0x00000007bcd80000)
 ParOldGen       total 1720832K, used 24706K [0x00000006f8000000, 0x0000000761080000, 0x0000000781800000)
  object space 1720832K, 1% used [0x00000006f8000000,0x00000006f9820a08,0x0000000761080000)
 Metaspace       used 59690K, capacity 60536K, committed 60888K, reserved 1101824K
  class space    used 8401K, capacity 8688K, committed 8704K, reserved 1048576K
}
{Heap before GC invocations=20 (full 3):
 PSYoungGen      total 974848K, used 925280K [0x0000000781800000, 0x00000007c0000000, 0x00000007c0000000)
  eden space 923136K, 100% used [0x0000000781800000,0x00000007b9d80000,0x00000007b9d80000)
  from space 51712K, 4% used [0x00000007bcd80000,0x00000007bcf98000,0x00000007c0000000)
  to   space 49152K, 0% used [0x00000007b9d80000,0x00000007b9d80000,0x00000007bcd80000)
 ParOldGen       total 1720832K, used 24706K [0x00000006f8000000, 0x0000000761080000, 0x0000000781800000)
  object space 1720832K, 1% used [0x00000006f8000000,0x00000006f9820a08,0x0000000761080000)
 Metaspace       used 61541K, capacity 62480K, committed 62808K, reserved 1103872K
  class space    used 8666K, capacity 8966K, committed 9088K, reserved 1048576K
2022-06-20T08:01:25.158+0800: 57.451: [GC (Allocation Failure) [PSYoungGen: 925280K->1632K(972288K)] 949986K->27438K(2693120K), 0.0138555 secs] [Times: user=0.02 sys=0.01, real=0.01 secs] 
Heap after GC invocations=20 (full 3):
 PSYoungGen      total 972288K, used 1632K [0x0000000781800000, 0x00000007c0000000, 0x00000007c0000000)
  eden space 923136K, 0% used [0x0000000781800000,0x0000000781800000,0x00000007b9d80000)
  from space 49152K, 3% used [0x00000007b9d80000,0x00000007b9f18000,0x00000007bcd80000)
  to   space 46592K, 0% used [0x00000007bd280000,0x00000007bd280000,0x00000007c0000000)
 ParOldGen       total 1720832K, used 25806K [0x00000006f8000000, 0x0000000761080000, 0x0000000781800000)
  object space 1720832K, 1% used [0x00000006f8000000,0x00000006f9933a18,0x0000000761080000)
 Metaspace       used 61541K, capacity 62480K, committed 62808K, reserved 1103872K
  class space    used 8666K, capacity 8966K, committed 9088K, reserved 1048576K
}
{Heap before GC invocations=21 (full 3):
 PSYoungGen      total 972288K, used 924768K [0x0000000781800000, 0x00000007c0000000, 0x00000007c0000000)
  eden space 923136K, 100% used [0x0000000781800000,0x00000007b9d80000,0x00000007b9d80000)
  from space 49152K, 3% used [0x00000007b9d80000,0x00000007b9f18000,0x00000007bcd80000)
  to   space 46592K, 0% used [0x00000007bd280000,0x00000007bd280000,0x00000007c0000000)
 ParOldGen       total 1720832K, used 25806K [0x00000006f8000000, 0x0000000761080000, 0x0000000781800000)
  object space 1720832K, 1% used [0x00000006f8000000,0x00000006f9933a18,0x0000000761080000)
 Metaspace       used 63689K, capacity 64592K, committed 64856K, reserved 1105920K
  class space    used 8976K, capacity 9286K, committed 9344K, reserved 1048576K
2022-06-20T08:01:26.290+0800: 58.583: [GC (Allocation Failure) [PSYoungGen: 924768K->1248K(979968K)] 950574K->27894K(2700800K), 0.0070143 secs] [Times: user=0.01 sys=0.00, real=0.01 secs] 
Heap after GC invocations=21 (full 3):
 PSYoungGen      total 979968K, used 1248K [0x0000000781800000, 0x00000007c0000000, 0x00000007c0000000)
  eden space 933376K, 0% used [0x0000000781800000,0x0000000781800000,0x00000007ba780000)
  from space 46592K, 2% used [0x00000007bd280000,0x00000007bd3b8000,0x00000007c0000000)
  to   space 44032K, 0% used [0x00000007ba780000,0x00000007ba780000,0x00000007bd280000)
 ParOldGen       total 1720832K, used 26646K [0x00000006f8000000, 0x0000000761080000, 0x0000000781800000)
  object space 1720832K, 1% used [0x00000006f8000000,0x00000006f9a05a28,0x0000000761080000)
 Metaspace       used 63689K, capacity 64592K, committed 64856K, reserved 1105920K
  class space    used 8976K, capacity 9286K, committed 9344K, reserved 1048576K
}
{Heap before GC invocations=22 (full 3):
 PSYoungGen      total 979968K, used 934624K [0x0000000781800000, 0x00000007c0000000, 0x00000007c0000000)
  eden space 933376K, 100% used [0x0000000781800000,0x00000007ba780000,0x00000007ba780000)
  from space 46592K, 2% used [0x00000007bd280000,0x00000007bd3b8000,0x00000007c0000000)
  to   space 44032K, 0% used [0x00000007ba780000,0x00000007ba780000,0x00000007bd280000)
 ParOldGen       total 1720832K, used 26646K [0x00000006f8000000, 0x0000000761080000, 0x0000000781800000)
  object space 1720832K, 1% used [0x00000006f8000000,0x00000006f9a05a28,0x0000000761080000)
 Metaspace       used 65394K, capacity 66268K, committed 66648K, reserved 1105920K
  class space    used 9203K, capacity 9482K, committed 9600K, reserved 1048576K
2022-06-20T08:01:27.722+0800: 60.015: [GC (Allocation Failure) [PSYoungGen: 934624K->4756K(977408K)] 961270K->31771K(2698240K), 0.0115428 secs] [Times: user=0.03 sys=0.01, real=0.01 secs] 
Heap after GC invocations=22 (full 3):
 PSYoungGen      total 977408K, used 4756K [0x0000000781800000, 0x00000007c0000000, 0x00000007c0000000)
  eden space 933376K, 0% used [0x0000000781800000,0x0000000781800000,0x00000007ba780000)
  from space 44032K, 10% used [0x00000007ba780000,0x00000007bac251e8,0x00000007bd280000)
  to   space 41472K, 0% used [0x00000007bd780000,0x00000007bd780000,0x00000007c0000000)
 ParOldGen       total 1720832K, used 27014K [0x00000006f8000000, 0x0000000761080000, 0x0000000781800000)
  object space 1720832K, 1% used [0x00000006f8000000,0x00000006f9a61a28,0x0000000761080000)
 Metaspace       used 65394K, capacity 66268K, committed 66648K, reserved 1105920K
  class space    used 9203K, capacity 9482K, committed 9600K, reserved 1048576K
}
{Heap before GC invocations=23 (full 3):
 PSYoungGen      total 977408K, used 938132K [0x0000000781800000, 0x00000007c0000000, 0x00000007c0000000)
  eden space 933376K, 100% used [0x0000000781800000,0x00000007ba780000,0x00000007ba780000)
  from space 44032K, 10% used [0x00000007ba780000,0x00000007bac251e8,0x00000007bd280000)
  to   space 41472K, 0% used [0x00000007bd780000,0x00000007bd780000,0x00000007c0000000)
 ParOldGen       total 1720832K, used 27014K [0x00000006f8000000, 0x0000000761080000, 0x0000000781800000)
  object space 1720832K, 1% used [0x00000006f8000000,0x00000006f9a61a28,0x0000000761080000)
 Metaspace       used 66089K, capacity 67126K, committed 67288K, reserved 1107968K
  class space    used 9297K, capacity 9609K, committed 9728K, reserved 1048576K
2022-06-20T08:01:29.512+0800: 61.805: [GC (Allocation Failure) [PSYoungGen: 938132K->15104K(983552K)] 965147K->43496K(2704384K), 0.0298469 secs] [Times: user=0.10 sys=0.02, real=0.03 secs] 
Heap after GC invocations=23 (full 3):
 PSYoungGen      total 983552K, used 15104K [0x0000000781800000, 0x00000007c0000000, 0x00000007c0000000)
  eden space 942080K, 0% used [0x0000000781800000,0x0000000781800000,0x00000007bb000000)
  from space 41472K, 36% used [0x00000007bd780000,0x00000007be640000,0x00000007c0000000)
  to   space 40448K, 0% used [0x00000007bb000000,0x00000007bb000000,0x00000007bd780000)
 ParOldGen       total 1720832K, used 28392K [0x00000006f8000000, 0x0000000761080000, 0x0000000781800000)
  object space 1720832K, 1% used [0x00000006f8000000,0x00000006f9bba3b8,0x0000000761080000)
 Metaspace       used 66089K, capacity 67126K, committed 67288K, reserved 1107968K
  class space    used 9297K, capacity 9609K, committed 9728K, reserved 1048576K
}
{Heap before GC invocations=24 (full 3):
 PSYoungGen      total 983552K, used 957184K [0x0000000781800000, 0x00000007c0000000, 0x00000007c0000000)
  eden space 942080K, 100% used [0x0000000781800000,0x00000007bb000000,0x00000007bb000000)
  from space 41472K, 36% used [0x00000007bd780000,0x00000007be640000,0x00000007c0000000)
  to   space 40448K, 0% used [0x00000007bb000000,0x00000007bb000000,0x00000007bd780000)
 ParOldGen       total 1720832K, used 28392K [0x00000006f8000000, 0x0000000761080000, 0x0000000781800000)
  object space 1720832K, 1% used [0x00000006f8000000,0x00000006f9bba3b8,0x0000000761080000)
 Metaspace       used 66091K, capacity 67126K, committed 67288K, reserved 1107968K
  class space    used 9297K, capacity 9609K, committed 9728K, reserved 1048576K
2022-06-20T08:01:30.412+0800: 62.704: [GC (Allocation Failure) [PSYoungGen: 957184K->3072K(982528K)] 985576K->45417K(2703360K), 0.0332786 secs] [Times: user=0.07 sys=0.04, real=0.03 secs] 
Heap after GC invocations=24 (full 3):
 PSYoungGen      total 982528K, used 3072K [0x0000000781800000, 0x00000007c0000000, 0x00000007c0000000)
  eden space 942080K, 0% used [0x0000000781800000,0x0000000781800000,0x00000007bb000000)
  from space 40448K, 7% used [0x00000007bb000000,0x00000007bb300000,0x00000007bd780000)
  to   space 38400K, 0% used [0x00000007bda80000,0x00000007bda80000,0x00000007c0000000)
 ParOldGen       total 1720832K, used 42345K [0x00000006f8000000, 0x0000000761080000, 0x0000000781800000)
  object space 1720832K, 2% used [0x00000006f8000000,0x00000006fa95a7c0,0x0000000761080000)
 Metaspace       used 66091K, capacity 67126K, committed 67288K, reserved 1107968K
  class space    used 9297K, capacity 9609K, committed 9728K, reserved 1048576K
}
{Heap before GC invocations=25 (full 3):
 PSYoungGen      total 982528K, used 945152K [0x0000000781800000, 0x00000007c0000000, 0x00000007c0000000)
  eden space 942080K, 100% used [0x0000000781800000,0x00000007bb000000,0x00000007bb000000)
  from space 40448K, 7% used [0x00000007bb000000,0x00000007bb300000,0x00000007bd780000)
  to   space 38400K, 0% used [0x00000007bda80000,0x00000007bda80000,0x00000007c0000000)
 ParOldGen       total 1720832K, used 42345K [0x00000006f8000000, 0x0000000761080000, 0x0000000781800000)
  object space 1720832K, 2% used [0x00000006f8000000,0x00000006fa95a7c0,0x0000000761080000)
 Metaspace       used 66096K, capacity 67126K, committed 67288K, reserved 1107968K
  class space    used 9298K, capacity 9609K, committed 9728K, reserved 1048576K
2022-06-20T08:01:31.216+0800: 63.509: [GC (Allocation Failure) [PSYoungGen: 945152K->2496K(987648K)] 987497K->47433K(2708480K), 0.0137266 secs] [Times: user=0.03 sys=0.01, real=0.02 secs] 
Heap after GC invocations=25 (full 3):
 PSYoungGen      total 987648K, used 2496K [0x0000000781800000, 0x00000007c0000000, 0x00000007c0000000)
  eden space 949248K, 0% used [0x0000000781800000,0x0000000781800000,0x00000007bb700000)
  from space 38400K, 6% used [0x00000007bda80000,0x00000007bdcf0000,0x00000007c0000000)
  to   space 36352K, 0% used [0x00000007bb700000,0x00000007bb700000,0x00000007bda80000)
 ParOldGen       total 1720832K, used 44937K [0x00000006f8000000, 0x0000000761080000, 0x0000000781800000)
  object space 1720832K, 2% used [0x00000006f8000000,0x00000006fabe27c0,0x0000000761080000)
 Metaspace       used 66096K, capacity 67126K, committed 67288K, reserved 1107968K
  class space    used 9298K, capacity 9609K, committed 9728K, reserved 1048576K
}
{Heap before GC invocations=26 (full 3):
 PSYoungGen      total 987648K, used 951744K [0x0000000781800000, 0x00000007c0000000, 0x00000007c0000000)
  eden space 949248K, 100% used [0x0000000781800000,0x00000007bb700000,0x00000007bb700000)
  from space 38400K, 6% used [0x00000007bda80000,0x00000007bdcf0000,0x00000007c0000000)
  to   space 36352K, 0% used [0x00000007bb700000,0x00000007bb700000,0x00000007bda80000)
 ParOldGen       total 1720832K, used 44937K [0x00000006f8000000, 0x0000000761080000, 0x0000000781800000)
  object space 1720832K, 2% used [0x00000006f8000000,0x00000006fabe27c0,0x0000000761080000)
 Metaspace       used 66152K, capacity 67190K, committed 67544K, reserved 1107968K
  class space    used 9300K, capacity 9609K, committed 9728K, reserved 1048576K
2022-06-20T08:01:31.889+0800: 64.182: [GC (Allocation Failure) [PSYoungGen: 951744K->1952K(985600K)] 996681K->48921K(2706432K), 0.0124258 secs] [Times: user=0.04 sys=0.01, real=0.01 secs] 
Heap after GC invocations=26 (full 3):
 PSYoungGen      total 985600K, used 1952K [0x0000000781800000, 0x00000007c0000000, 0x00000007c0000000)
  eden space 949248K, 0% used [0x0000000781800000,0x0000000781800000,0x00000007bb700000)
  from space 36352K, 5% used [0x00000007bb700000,0x00000007bb8e8000,0x00000007bda80000)
  to   space 34304K, 0% used [0x00000007bde80000,0x00000007bde80000,0x00000007c0000000)
 ParOldGen       total 1720832K, used 46969K [0x00000006f8000000, 0x0000000761080000, 0x0000000781800000)
  object space 1720832K, 2% used [0x00000006f8000000,0x00000006fadde7c0,0x0000000761080000)
 Metaspace       used 66152K, capacity 67190K, committed 67544K, reserved 1107968K
  class space    used 9300K, capacity 9609K, committed 9728K, reserved 1048576K
}
{Heap before GC invocations=27 (full 3):
 PSYoungGen      total 985600K, used 951200K [0x0000000781800000, 0x00000007c0000000, 0x00000007c0000000)
  eden space 949248K, 100% used [0x0000000781800000,0x00000007bb700000,0x00000007bb700000)
  from space 36352K, 5% used [0x00000007bb700000,0x00000007bb8e8000,0x00000007bda80000)
  to   space 34304K, 0% used [0x00000007bde80000,0x00000007bde80000,0x00000007c0000000)
 ParOldGen       total 1720832K, used 46969K [0x00000006f8000000, 0x0000000761080000, 0x0000000781800000)
  object space 1720832K, 2% used [0x00000006f8000000,0x00000006fadde7c0,0x0000000761080000)
 Metaspace       used 66155K, capacity 67190K, committed 67544K, reserved 1107968K
  class space    used 9300K, capacity 9609K, committed 9728K, reserved 1048576K
2022-06-20T08:01:32.556+0800: 64.849: [GC (Allocation Failure) [PSYoungGen: 951200K->1888K(991744K)] 998169K->50313K(2712576K), 0.0098226 secs] [Times: user=0.02 sys=0.01, real=0.01 secs] 
Heap after GC invocations=27 (full 3):
 PSYoungGen      total 991744K, used 1888K [0x0000000781800000, 0x00000007c0000000, 0x00000007c0000000)
  eden space 957440K, 0% used [0x0000000781800000,0x0000000781800000,0x00000007bbf00000)
  from space 34304K, 5% used [0x00000007bde80000,0x00000007be058000,0x00000007c0000000)
  to   space 32256K, 0% used [0x00000007bbf00000,0x00000007bbf00000,0x00000007bde80000)
 ParOldGen       total 1720832K, used 48425K [0x00000006f8000000, 0x0000000761080000, 0x0000000781800000)
  object space 1720832K, 2% used [0x00000006f8000000,0x00000006faf4a7c0,0x0000000761080000)
 Metaspace       used 66155K, capacity 67190K, committed 67544K, reserved 1107968K
  class space    used 9300K, capacity 9609K, committed 9728K, reserved 1048576K
}
{Heap before GC invocations=28 (full 3):
 PSYoungGen      total 991744K, used 959328K [0x0000000781800000, 0x00000007c0000000, 0x00000007c0000000)
  eden space 957440K, 100% used [0x0000000781800000,0x00000007bbf00000,0x00000007bbf00000)
  from space 34304K, 5% used [0x00000007bde80000,0x00000007be058000,0x00000007c0000000)
  to   space 32256K, 0% used [0x00000007bbf00000,0x00000007bbf00000,0x00000007bde80000)
 ParOldGen       total 1720832K, used 48425K [0x00000006f8000000, 0x0000000761080000, 0x0000000781800000)
  object space 1720832K, 2% used [0x00000006f8000000,0x00000006faf4a7c0,0x0000000761080000)
 Metaspace       used 66162K, capacity 67190K, committed 67544K, reserved 1107968K
  class space    used 9300K, capacity 9609K, committed 9728K, reserved 1048576K
2022-06-20T08:01:33.237+0800: 65.530: [GC (Allocation Failure) [PSYoungGen: 959328K->2496K(989696K)] 1007753K->52345K(2710528K), 0.0097666 secs] [Times: user=0.02 sys=0.01, real=0.01 secs] 
Heap after GC invocations=28 (full 3):
 PSYoungGen      total 989696K, used 2496K [0x0000000781800000, 0x00000007c0000000, 0x00000007c0000000)
  eden space 957440K, 0% used [0x0000000781800000,0x0000000781800000,0x00000007bbf00000)
  from space 32256K, 7% used [0x00000007bbf00000,0x00000007bc170000,0x00000007bde80000)
  to   space 30720K, 0% used [0x00000007be200000,0x00000007be200000,0x00000007c0000000)
 ParOldGen       total 1720832K, used 49849K [0x00000006f8000000, 0x0000000761080000, 0x0000000781800000)
  object space 1720832K, 2% used [0x00000006f8000000,0x00000006fb0ae7c0,0x0000000761080000)
 Metaspace       used 66162K, capacity 67190K, committed 67544K, reserved 1107968K
  class space    used 9300K, capacity 9609K, committed 9728K, reserved 1048576K
}
{Heap before GC invocations=29 (full 3):
 PSYoungGen      total 989696K, used 959936K [0x0000000781800000, 0x00000007c0000000, 0x00000007c0000000)
  eden space 957440K, 100% used [0x0000000781800000,0x00000007bbf00000,0x00000007bbf00000)
  from space 32256K, 7% used [0x00000007bbf00000,0x00000007bc170000,0x00000007bde80000)
  to   space 30720K, 0% used [0x00000007be200000,0x00000007be200000,0x00000007c0000000)
 ParOldGen       total 1720832K, used 49849K [0x00000006f8000000, 0x0000000761080000, 0x0000000781800000)
  object space 1720832K, 2% used [0x00000006f8000000,0x00000006fb0ae7c0,0x0000000761080000)
 Metaspace       used 66162K, capacity 67190K, committed 67544K, reserved 1107968K
  class space    used 9300K, capacity 9609K, committed 9728K, reserved 1048576K
2022-06-20T08:01:33.970+0800: 66.263: [GC (Allocation Failure) [PSYoungGen: 959936K->2144K(995328K)] 1009785K->53965K(2716160K), 0.0119843 secs] [Times: user=0.05 sys=0.00, real=0.01 secs] 
Heap after GC invocations=29 (full 3):
 PSYoungGen      total 995328K, used 2144K [0x0000000781800000, 0x00000007c0000000, 0x00000007c0000000)
  eden space 964608K, 0% used [0x0000000781800000,0x0000000781800000,0x00000007bc600000)
  from space 30720K, 6% used [0x00000007be200000,0x00000007be418000,0x00000007c0000000)
  to   space 28672K, 0% used [0x00000007bc600000,0x00000007bc600000,0x00000007be200000)
 ParOldGen       total 1720832K, used 51821K [0x00000006f8000000, 0x0000000761080000, 0x0000000781800000)
  object space 1720832K, 3% used [0x00000006f8000000,0x00000006fb29b7d0,0x0000000761080000)
 Metaspace       used 66162K, capacity 67190K, committed 67544K, reserved 1107968K
  class space    used 9300K, capacity 9609K, committed 9728K, reserved 1048576K
}
{Heap before GC invocations=30 (full 3):
 PSYoungGen      total 995328K, used 966752K [0x0000000781800000, 0x00000007c0000000, 0x00000007c0000000)
  eden space 964608K, 100% used [0x0000000781800000,0x00000007bc600000,0x00000007bc600000)
  from space 30720K, 6% used [0x00000007be200000,0x00000007be418000,0x00000007c0000000)
  to   space 28672K, 0% used [0x00000007bc600000,0x00000007bc600000,0x00000007be200000)
 ParOldGen       total 1720832K, used 51821K [0x00000006f8000000, 0x0000000761080000, 0x0000000781800000)
  object space 1720832K, 3% used [0x00000006f8000000,0x00000006fb29b7d0,0x0000000761080000)
 Metaspace       used 66350K, capacity 67324K, committed 67544K, reserved 1107968K
  class space    used 9321K, capacity 9610K, committed 9728K, reserved 1048576K
2022-06-20T08:01:34.768+0800: 67.061: [GC (Allocation Failure) [PSYoungGen: 966752K->4896K(993280K)] 1018573K->58358K(2714112K), 0.0150537 secs] [Times: user=0.05 sys=0.00, real=0.01 secs] 
Heap after GC invocations=30 (full 3):
 PSYoungGen      total 993280K, used 4896K [0x0000000781800000, 0x00000007c0000000, 0x00000007c0000000)
  eden space 964608K, 0% used [0x0000000781800000,0x0000000781800000,0x00000007bc600000)
  from space 28672K, 17% used [0x00000007bc600000,0x00000007bcac81f0,0x00000007be200000)
  to   space 26624K, 0% used [0x00000007be600000,0x00000007be600000,0x00000007c0000000)
 ParOldGen       total 1720832K, used 53461K [0x00000006f8000000, 0x0000000761080000, 0x0000000781800000)
  object space 1720832K, 3% used [0x00000006f8000000,0x00000006fb4357d0,0x0000000761080000)
 Metaspace       used 66350K, capacity 67324K, committed 67544K, reserved 1107968K
  class space    used 9321K, capacity 9610K, committed 9728K, reserved 1048576K
}
{Heap before GC invocations=31 (full 3):
 PSYoungGen      total 993280K, used 969504K [0x0000000781800000, 0x00000007c0000000, 0x00000007c0000000)
  eden space 964608K, 100% used [0x0000000781800000,0x00000007bc600000,0x00000007bc600000)
  from space 28672K, 17% used [0x00000007bc600000,0x00000007bcac81f0,0x00000007be200000)
  to   space 26624K, 0% used [0x00000007be600000,0x00000007be600000,0x00000007c0000000)
 ParOldGen       total 1720832K, used 53461K [0x00000006f8000000, 0x0000000761080000, 0x0000000781800000)
  object space 1720832K, 3% used [0x00000006f8000000,0x00000006fb4357d0,0x0000000761080000)
 Metaspace       used 67661K, capacity 68738K, committed 68952K, reserved 1107968K
  class space    used 9429K, capacity 9739K, committed 9856K, reserved 1048576K
2022-06-20T08:01:35.613+0800: 67.906: [GC (Allocation Failure) [PSYoungGen: 969504K->1715K(998912K)] 1022966K->56809K(2719744K), 0.0091394 secs] [Times: user=0.02 sys=0.01, real=0.01 secs] 
Heap after GC invocations=31 (full 3):
 PSYoungGen      total 998912K, used 1715K [0x0000000781800000, 0x00000007c0000000, 0x00000007c0000000)
  eden space 972288K, 0% used [0x0000000781800000,0x0000000781800000,0x00000007bcd80000)
  from space 26624K, 6% used [0x00000007be600000,0x00000007be7acd70,0x00000007c0000000)
  to   space 25088K, 0% used [0x00000007bcd80000,0x00000007bcd80000,0x00000007be600000)
 ParOldGen       total 1720832K, used 55093K [0x00000006f8000000, 0x0000000761080000, 0x0000000781800000)
  object space 1720832K, 3% used [0x00000006f8000000,0x00000006fb5cd7f0,0x0000000761080000)
 Metaspace       used 67661K, capacity 68738K, committed 68952K, reserved 1107968K
  class space    used 9429K, capacity 9739K, committed 9856K, reserved 1048576K
}
{Heap before GC invocations=32 (full 3):
 PSYoungGen      total 998912K, used 974003K [0x0000000781800000, 0x00000007c0000000, 0x00000007c0000000)
  eden space 972288K, 100% used [0x0000000781800000,0x00000007bcd80000,0x00000007bcd80000)
  from space 26624K, 6% used [0x00000007be600000,0x00000007be7acd70,0x00000007c0000000)
  to   space 25088K, 0% used [0x00000007bcd80000,0x00000007bcd80000,0x00000007be600000)
 ParOldGen       total 1720832K, used 55093K [0x00000006f8000000, 0x0000000761080000, 0x0000000781800000)
  object space 1720832K, 3% used [0x00000006f8000000,0x00000006fb5cd7f0,0x0000000761080000)
 Metaspace       used 69132K, capacity 70178K, committed 70360K, reserved 1110016K
  class space    used 9595K, capacity 9899K, committed 9984K, reserved 1048576K
2022-06-20T08:01:36.579+0800: 68.871: [GC (Allocation Failure) [PSYoungGen: 974003K->1472K(997376K)] 1029097K->57328K(2718208K), 0.0092391 secs] [Times: user=0.02 sys=0.01, real=0.01 secs] 
Heap after GC invocations=32 (full 3):
 PSYoungGen      total 997376K, used 1472K [0x0000000781800000, 0x00000007c0000000, 0x00000007c0000000)
  eden space 972288K, 0% used [0x0000000781800000,0x0000000781800000,0x00000007bcd80000)
  from space 25088K, 5% used [0x00000007bcd80000,0x00000007bcef0000,0x00000007be600000)
  to   space 24064K, 0% used [0x00000007be880000,0x00000007be880000,0x00000007c0000000)
 ParOldGen       total 1720832K, used 55856K [0x00000006f8000000, 0x0000000761080000, 0x0000000781800000)
  object space 1720832K, 3% used [0x00000006f8000000,0x00000006fb68c3e0,0x0000000761080000)
 Metaspace       used 69132K, capacity 70178K, committed 70360K, reserved 1110016K
  class space    used 9595K, capacity 9899K, committed 9984K, reserved 1048576K
}
{Heap before GC invocations=33 (full 3):
 PSYoungGen      total 997376K, used 973760K [0x0000000781800000, 0x00000007c0000000, 0x00000007c0000000)
  eden space 972288K, 100% used [0x0000000781800000,0x00000007bcd80000,0x00000007bcd80000)
  from space 25088K, 5% used [0x00000007bcd80000,0x00000007bcef0000,0x00000007be600000)
  to   space 24064K, 0% used [0x00000007be880000,0x00000007be880000,0x00000007c0000000)
 ParOldGen       total 1720832K, used 55856K [0x00000006f8000000, 0x0000000761080000, 0x0000000781800000)
  object space 1720832K, 3% used [0x00000006f8000000,0x00000006fb68c3e0,0x0000000761080000)
 Metaspace       used 71747K, capacity 72802K, committed 72920K, reserved 1112064K
  class space    used 9860K, capacity 10191K, committed 10240K, reserved 1048576K
2022-06-20T08:01:37.670+0800: 69.963: [GC (Allocation Failure) [PSYoungGen: 973760K->1896K(1001472K)] 1029616K->58105K(2722304K), 0.0099492 secs] [Times: user=0.02 sys=0.00, real=0.01 secs] 
Heap after GC invocations=33 (full 3):
 PSYoungGen      total 1001472K, used 1896K [0x0000000781800000, 0x00000007c0000000, 0x00000007c0000000)
  eden space 977408K, 0% used [0x0000000781800000,0x0000000781800000,0x00000007bd280000)
  from space 24064K, 7% used [0x00000007be880000,0x00000007bea5a030,0x00000007c0000000)
  to   space 22528K, 0% used [0x00000007bd280000,0x00000007bd280000,0x00000007be880000)
 ParOldGen       total 1720832K, used 56208K [0x00000006f8000000, 0x0000000761080000, 0x0000000781800000)
  object space 1720832K, 3% used [0x00000006f8000000,0x00000006fb6e43e0,0x0000000761080000)
 Metaspace       used 71747K, capacity 72802K, committed 72920K, reserved 1112064K
  class space    used 9860K, capacity 10191K, committed 10240K, reserved 1048576K
}
{Heap before GC invocations=34 (full 3):
 PSYoungGen      total 1001472K, used 979304K [0x0000000781800000, 0x00000007c0000000, 0x00000007c0000000)
  eden space 977408K, 100% used [0x0000000781800000,0x00000007bd280000,0x00000007bd280000)
  from space 24064K, 7% used [0x00000007be880000,0x00000007bea5a030,0x00000007c0000000)
  to   space 22528K, 0% used [0x00000007bd280000,0x00000007bd280000,0x00000007be880000)
 ParOldGen       total 1720832K, used 56208K [0x00000006f8000000, 0x0000000761080000, 0x0000000781800000)
  object space 1720832K, 3% used [0x00000006f8000000,0x00000006fb6e43e0,0x0000000761080000)
 Metaspace       used 73520K, capacity 74554K, committed 74968K, reserved 1114112K
  class space    used 10073K, capacity 10387K, committed 10496K, reserved 1048576K
2022-06-20T08:01:38.817+0800: 71.110: [GC (Allocation Failure) [PSYoungGen: 979304K->2016K(999936K)] 1035513K->58940K(2720768K), 0.0148422 secs] [Times: user=0.06 sys=0.01, real=0.01 secs] 
Heap after GC invocations=34 (full 3):
 PSYoungGen      total 999936K, used 2016K [0x0000000781800000, 0x00000007c0000000, 0x00000007c0000000)
  eden space 977408K, 0% used [0x0000000781800000,0x0000000781800000,0x00000007bd280000)
  from space 22528K, 8% used [0x00000007bd280000,0x00000007bd478010,0x00000007be880000)
  to   space 20992K, 0% used [0x00000007beb80000,0x00000007beb80000,0x00000007c0000000)
 ParOldGen       total 1720832K, used 56924K [0x00000006f8000000, 0x0000000761080000, 0x0000000781800000)
  object space 1720832K, 3% used [0x00000006f8000000,0x00000006fb797010,0x0000000761080000)
 Metaspace       used 73520K, capacity 74554K, committed 74968K, reserved 1114112K
  class space    used 10073K, capacity 10387K, committed 10496K, reserved 1048576K
}
{Heap before GC invocations=35 (full 3):
 PSYoungGen      total 999936K, used 979424K [0x0000000781800000, 0x00000007c0000000, 0x00000007c0000000)
  eden space 977408K, 100% used [0x0000000781800000,0x00000007bd280000,0x00000007bd280000)
  from space 22528K, 8% used [0x00000007bd280000,0x00000007bd478010,0x00000007be880000)
  to   space 20992K, 0% used [0x00000007beb80000,0x00000007beb80000,0x00000007c0000000)
 ParOldGen       total 1720832K, used 56924K [0x00000006f8000000, 0x0000000761080000, 0x0000000781800000)
  object space 1720832K, 3% used [0x00000006f8000000,0x00000006fb797010,0x0000000761080000)
 Metaspace       used 74505K, capacity 75526K, committed 75864K, reserved 1114112K
  class space    used 10191K, capacity 10517K, committed 10624K, reserved 1048576K
2022-06-20T08:01:39.874+0800: 72.167: [GC (Allocation Failure) [PSYoungGen: 979424K->3728K(1004544K)] 1036348K->61756K(2725376K), 0.0131650 secs] [Times: user=0.05 sys=0.00, real=0.02 secs] 
Heap after GC invocations=35 (full 3):
 PSYoungGen      total 1004544K, used 3728K [0x0000000781800000, 0x00000007c0000000, 0x00000007c0000000)
  eden space 983552K, 0% used [0x0000000781800000,0x0000000781800000,0x00000007bd880000)
  from space 20992K, 17% used [0x00000007beb80000,0x00000007bef24118,0x00000007c0000000)
  to   space 19456K, 0% used [0x00000007bd880000,0x00000007bd880000,0x00000007beb80000)
 ParOldGen       total 1720832K, used 58028K [0x00000006f8000000, 0x0000000761080000, 0x0000000781800000)
  object space 1720832K, 3% used [0x00000006f8000000,0x00000006fb8ab050,0x0000000761080000)
 Metaspace       used 74505K, capacity 75526K, committed 75864K, reserved 1114112K
  class space    used 10191K, capacity 10517K, committed 10624K, reserved 1048576K
}
{Heap before GC invocations=36 (full 3):
 PSYoungGen      total 1004544K, used 987280K [0x0000000781800000, 0x00000007c0000000, 0x00000007c0000000)
  eden space 983552K, 100% used [0x0000000781800000,0x00000007bd880000,0x00000007bd880000)
  from space 20992K, 17% used [0x00000007beb80000,0x00000007bef24118,0x00000007c0000000)
  to   space 19456K, 0% used [0x00000007bd880000,0x00000007bd880000,0x00000007beb80000)
 ParOldGen       total 1720832K, used 58028K [0x00000006f8000000, 0x0000000761080000, 0x0000000781800000)
  object space 1720832K, 3% used [0x00000006f8000000,0x00000006fb8ab050,0x0000000761080000)
 Metaspace       used 75144K, capacity 76172K, committed 76376K, reserved 1116160K
  class space    used 10276K, capacity 10582K, committed 10624K, reserved 1048576K
2022-06-20T08:01:41.129+0800: 73.422: [GC (Allocation Failure) [PSYoungGen: 987280K->7328K(1003008K)] 1045308K->67782K(2723840K), 0.0204565 secs] [Times: user=0.05 sys=0.01, real=0.02 secs] 
Heap after GC invocations=36 (full 3):
 PSYoungGen      total 1003008K, used 7328K [0x0000000781800000, 0x00000007c0000000, 0x00000007c0000000)
  eden space 983552K, 0% used [0x0000000781800000,0x0000000781800000,0x00000007bd880000)
  from space 19456K, 37% used [0x00000007bd880000,0x00000007bdfa8000,0x00000007beb80000)
  to   space 18944K, 0% used [0x00000007bed80000,0x00000007bed80000,0x00000007c0000000)
 ParOldGen       total 1720832K, used 60454K [0x00000006f8000000, 0x0000000761080000, 0x0000000781800000)
  object space 1720832K, 3% used [0x00000006f8000000,0x00000006fbb09998,0x0000000761080000)
 Metaspace       used 75144K, capacity 76172K, committed 76376K, reserved 1116160K
  class space    used 10276K, capacity 10582K, committed 10624K, reserved 1048576K
}
{Heap before GC invocations=37 (full 3):
 PSYoungGen      total 1003008K, used 990880K [0x0000000781800000, 0x00000007c0000000, 0x00000007c0000000)
  eden space 983552K, 100% used [0x0000000781800000,0x00000007bd880000,0x00000007bd880000)
  from space 19456K, 37% used [0x00000007bd880000,0x00000007bdfa8000,0x00000007beb80000)
  to   space 18944K, 0% used [0x00000007bed80000,0x00000007bed80000,0x00000007c0000000)
 ParOldGen       total 1720832K, used 60454K [0x00000006f8000000, 0x0000000761080000, 0x0000000781800000)
  object space 1720832K, 3% used [0x00000006f8000000,0x00000006fbb09998,0x0000000761080000)
 Metaspace       used 75716K, capacity 76804K, committed 77016K, reserved 1116160K
  class space    used 10370K, capacity 10682K, committed 10752K, reserved 1048576K
2022-06-20T08:01:42.493+0800: 74.786: [GC (Allocation Failure) [PSYoungGen: 990880K->2048K(1006080K)] 1051334K->62879K(2726912K), 0.0095762 secs] [Times: user=0.02 sys=0.01, real=0.01 secs] 
Heap after GC invocations=37 (full 3):
 PSYoungGen      total 1006080K, used 2048K [0x0000000781800000, 0x00000007c0000000, 0x00000007c0000000)
  eden space 987136K, 0% used [0x0000000781800000,0x0000000781800000,0x00000007bdc00000)
  from space 18944K, 10% used [0x00000007bed80000,0x00000007bef80000,0x00000007c0000000)
  to   space 17920K, 0% used [0x00000007bdc00000,0x00000007bdc00000,0x00000007bed80000)
 ParOldGen       total 1720832K, used 60831K [0x00000006f8000000, 0x0000000761080000, 0x0000000781800000)
  object space 1720832K, 3% used [0x00000006f8000000,0x00000006fbb67f48,0x0000000761080000)
 Metaspace       used 75716K, capacity 76804K, committed 77016K, reserved 1116160K
  class space    used 10370K, capacity 10682K, committed 10752K, reserved 1048576K
}
{Heap before GC invocations=38 (full 3):
 PSYoungGen      total 1006080K, used 989184K [0x0000000781800000, 0x00000007c0000000, 0x00000007c0000000)
  eden space 987136K, 100% used [0x0000000781800000,0x00000007bdc00000,0x00000007bdc00000)
  from space 18944K, 10% used [0x00000007bed80000,0x00000007bef80000,0x00000007c0000000)
  to   space 17920K, 0% used [0x00000007bdc00000,0x00000007bdc00000,0x00000007bed80000)
 ParOldGen       total 1720832K, used 60831K [0x00000006f8000000, 0x0000000761080000, 0x0000000781800000)
  object space 1720832K, 3% used [0x00000006f8000000,0x00000006fbb67f48,0x0000000761080000)
 Metaspace       used 76942K, capacity 78028K, committed 78424K, reserved 1116160K
  class space    used 10482K, capacity 10786K, committed 10880K, reserved 1048576K
2022-06-20T08:01:43.853+0800: 76.146: [GC (Allocation Failure) [PSYoungGen: 989184K->17072K(1004544K)] 1050015K->78540K(2725376K), 0.0147524 secs] [Times: user=0.04 sys=0.00, real=0.02 secs] 
Heap after GC invocations=38 (full 3):
 PSYoungGen      total 1004544K, used 17072K [0x0000000781800000, 0x00000007c0000000, 0x00000007c0000000)
  eden space 987136K, 0% used [0x0000000781800000,0x0000000781800000,0x00000007bdc00000)
  from space 17408K, 98% used [0x00000007bdc00000,0x00000007becac030,0x00000007bed00000)
  to   space 19456K, 0% used [0x00000007bed00000,0x00000007bed00000,0x00000007c0000000)
 ParOldGen       total 1720832K, used 61468K [0x00000006f8000000, 0x0000000761080000, 0x0000000781800000)
  object space 1720832K, 3% used [0x00000006f8000000,0x00000006fbc07200,0x0000000761080000)
 Metaspace       used 76942K, capacity 78028K, committed 78424K, reserved 1116160K
  class space    used 10482K, capacity 10786K, committed 10880K, reserved 1048576K
}
{Heap before GC invocations=39 (full 3):
 PSYoungGen      total 1004544K, used 1004208K [0x0000000781800000, 0x00000007c0000000, 0x00000007c0000000)
  eden space 987136K, 100% used [0x0000000781800000,0x00000007bdc00000,0x00000007bdc00000)
  from space 17408K, 98% used [0x00000007bdc00000,0x00000007becac030,0x00000007bed00000)
  to   space 19456K, 0% used [0x00000007bed00000,0x00000007bed00000,0x00000007c0000000)
 ParOldGen       total 1720832K, used 61468K [0x00000006f8000000, 0x0000000761080000, 0x0000000781800000)
  object space 1720832K, 3% used [0x00000006f8000000,0x00000006fbc07200,0x0000000761080000)
 Metaspace       used 77232K, capacity 78354K, committed 78680K, reserved 1118208K
  class space    used 10534K, capacity 10851K, committed 10880K, reserved 1048576K
2022-06-20T08:01:45.561+0800: 77.854: [GC (Allocation Failure) [PSYoungGen: 1004208K->3104K(1002496K)] 1065676K->65708K(2723328K), 0.0138042 secs] [Times: user=0.02 sys=0.01, real=0.01 secs] 
Heap after GC invocations=39 (full 3):
 PSYoungGen      total 1002496K, used 3104K [0x0000000781800000, 0x00000007c0000000, 0x00000007c0000000)
  eden space 983040K, 0% used [0x0000000781800000,0x0000000781800000,0x00000007bd800000)
  from space 19456K, 15% used [0x00000007bed00000,0x00000007bf008000,0x00000007c0000000)
  to   space 20480K, 0% used [0x00000007bd800000,0x00000007bd800000,0x00000007bec00000)
 ParOldGen       total 1720832K, used 62604K [0x00000006f8000000, 0x0000000761080000, 0x0000000781800000)
  object space 1720832K, 3% used [0x00000006f8000000,0x00000006fbd23260,0x0000000761080000)
 Metaspace       used 77232K, capacity 78354K, committed 78680K, reserved 1118208K
  class space    used 10534K, capacity 10851K, committed 10880K, reserved 1048576K
}
{Heap before GC invocations=40 (full 3):
 PSYoungGen      total 1002496K, used 986144K [0x0000000781800000, 0x00000007c0000000, 0x00000007c0000000)
  eden space 983040K, 100% used [0x0000000781800000,0x00000007bd800000,0x00000007bd800000)
  from space 19456K, 15% used [0x00000007bed00000,0x00000007bf008000,0x00000007c0000000)
  to   space 20480K, 0% used [0x00000007bd800000,0x00000007bd800000,0x00000007bec00000)
 ParOldGen       total 1720832K, used 62604K [0x00000006f8000000, 0x0000000761080000, 0x0000000781800000)
  object space 1720832K, 3% used [0x00000006f8000000,0x00000006fbd23260,0x0000000761080000)
 Metaspace       used 78885K, capacity 80056K, committed 80216K, reserved 1118208K
  class space    used 10753K, capacity 11060K, committed 11136K, reserved 1048576K
2022-06-20T08:01:46.642+0800: 78.935: [GC (Allocation Failure) [PSYoungGen: 986144K->4704K(1003520K)] 1048748K->68724K(2724352K), 0.0160724 secs] [Times: user=0.05 sys=0.00, real=0.02 secs] 
Heap after GC invocations=40 (full 3):
 PSYoungGen      total 1003520K, used 4704K [0x0000000781800000, 0x00000007c0000000, 0x00000007c0000000)
  eden space 983040K, 0% used [0x0000000781800000,0x0000000781800000,0x00000007bd800000)
  from space 20480K, 22% used [0x00000007bd800000,0x00000007bdc98000,0x00000007bec00000)
  to   space 18944K, 0% used [0x00000007bed80000,0x00000007bed80000,0x00000007c0000000)
 ParOldGen       total 1720832K, used 64020K [0x00000006f8000000, 0x0000000761080000, 0x0000000781800000)
  object space 1720832K, 3% used [0x00000006f8000000,0x00000006fbe85260,0x0000000761080000)
 Metaspace       used 78885K, capacity 80056K, committed 80216K, reserved 1118208K
  class space    used 10753K, capacity 11060K, committed 11136K, reserved 1048576K
}
{Heap before GC invocations=41 (full 3):
 PSYoungGen      total 1003520K, used 987744K [0x0000000781800000, 0x00000007c0000000, 0x00000007c0000000)
  eden space 983040K, 100% used [0x0000000781800000,0x00000007bd800000,0x00000007bd800000)
  from space 20480K, 22% used [0x00000007bd800000,0x00000007bdc98000,0x00000007bec00000)
  to   space 18944K, 0% used [0x00000007bed80000,0x00000007bed80000,0x00000007c0000000)
 ParOldGen       total 1720832K, used 64020K [0x00000006f8000000, 0x0000000761080000, 0x0000000781800000)
  object space 1720832K, 3% used [0x00000006f8000000,0x00000006fbe85260,0x0000000761080000)
 Metaspace       used 82128K, capacity 83320K, committed 83672K, reserved 1122304K
  class space    used 11121K, capacity 11426K, committed 11520K, reserved 1048576K
2022-06-20T08:01:48.271+0800: 80.564: [GC (Allocation Failure) [PSYoungGen: 987744K->3088K(1006080K)] 1051764K->71140K(2726912K), 0.0124761 secs] [Times: user=0.06 sys=0.01, real=0.01 secs] 
Heap after GC invocations=41 (full 3):
 PSYoungGen      total 1006080K, used 3088K [0x0000000781800000, 0x00000007c0000000, 0x00000007c0000000)
  eden space 987136K, 0% used [0x0000000781800000,0x0000000781800000,0x00000007bdc00000)
  from space 18944K, 16% used [0x00000007bed80000,0x00000007bf084010,0x00000007c0000000)
  to   space 17920K, 0% used [0x00000007bdc00000,0x00000007bdc00000,0x00000007bed80000)
 ParOldGen       total 1720832K, used 68052K [0x00000006f8000000, 0x0000000761080000, 0x0000000781800000)
  object space 1720832K, 3% used [0x00000006f8000000,0x00000006fc2751b0,0x0000000761080000)
 Metaspace       used 82128K, capacity 83320K, committed 83672K, reserved 1122304K
  class space    used 11121K, capacity 11426K, committed 11520K, reserved 1048576K
}
{Heap before GC invocations=42 (full 3):
 PSYoungGen      total 1006080K, used 990224K [0x0000000781800000, 0x00000007c0000000, 0x00000007c0000000)
  eden space 987136K, 100% used [0x0000000781800000,0x00000007bdc00000,0x00000007bdc00000)
  from space 18944K, 16% used [0x00000007bed80000,0x00000007bf084010,0x00000007c0000000)
  to   space 17920K, 0% used [0x00000007bdc00000,0x00000007bdc00000,0x00000007bed80000)
 ParOldGen       total 1720832K, used 68052K [0x00000006f8000000, 0x0000000761080000, 0x0000000781800000)
  object space 1720832K, 3% used [0x00000006f8000000,0x00000006fc2751b0,0x0000000761080000)
 Metaspace       used 85016K, capacity 86238K, committed 86616K, reserved 1124352K
  class space    used 11463K, capacity 11779K, committed 11904K, reserved 1048576K
2022-06-20T08:01:49.852+0800: 82.145: [GC (Allocation Failure) [PSYoungGen: 990224K->6612K(1005056K)] 1058276K->76984K(2725888K), 0.0214881 secs] [Times: user=0.04 sys=0.01, real=0.02 secs] 
Heap after GC invocations=42 (full 3):
 PSYoungGen      total 1005056K, used 6612K [0x0000000781800000, 0x00000007c0000000, 0x00000007c0000000)
  eden space 987136K, 0% used [0x0000000781800000,0x0000000781800000,0x00000007bdc00000)
  from space 17920K, 36% used [0x00000007bdc00000,0x00000007be275030,0x00000007bed80000)
  to   space 17408K, 0% used [0x00000007bef00000,0x00000007bef00000,0x00000007c0000000)
 ParOldGen       total 1720832K, used 70372K [0x00000006f8000000, 0x0000000761080000, 0x0000000781800000)
  object space 1720832K, 4% used [0x00000006f8000000,0x00000006fc4b9200,0x0000000761080000)
 Metaspace       used 85016K, capacity 86238K, committed 86616K, reserved 1124352K
  class space    used 11463K, capacity 11779K, committed 11904K, reserved 1048576K
}
{Heap before GC invocations=43 (full 3):
 PSYoungGen      total 1005056K, used 993748K [0x0000000781800000, 0x00000007c0000000, 0x00000007c0000000)
  eden space 987136K, 100% used [0x0000000781800000,0x00000007bdc00000,0x00000007bdc00000)
  from space 17920K, 36% used [0x00000007bdc00000,0x00000007be275030,0x00000007bed80000)
  to   space 17408K, 0% used [0x00000007bef00000,0x00000007bef00000,0x00000007c0000000)
 ParOldGen       total 1720832K, used 70372K [0x00000006f8000000, 0x0000000761080000, 0x0000000781800000)
  object space 1720832K, 4% used [0x00000006f8000000,0x00000006fc4b9200,0x0000000761080000)
 Metaspace       used 86584K, capacity 87786K, committed 88152K, reserved 1126400K
  class space    used 11699K, capacity 12037K, committed 12160K, reserved 1048576K
2022-06-20T08:01:52.357+0800: 84.650: [GC (Allocation Failure) [PSYoungGen: 993748K->2078K(1007104K)] 1064120K->78174K(2727936K), 0.0151155 secs] [Times: user=0.03 sys=0.02, real=0.01 secs] 
Heap after GC invocations=43 (full 3):
 PSYoungGen      total 1007104K, used 2078K [0x0000000781800000, 0x00000007c0000000, 0x00000007c0000000)
  eden space 989696K, 0% used [0x0000000781800000,0x0000000781800000,0x00000007bde80000)
  from space 17408K, 11% used [0x00000007bef00000,0x00000007bf107900,0x00000007c0000000)
  to   space 16896K, 0% used [0x00000007bde80000,0x00000007bde80000,0x00000007bef00000)
 ParOldGen       total 1720832K, used 76096K [0x00000006f8000000, 0x0000000761080000, 0x0000000781800000)
  object space 1720832K, 4% used [0x00000006f8000000,0x00000006fca501b8,0x0000000761080000)
 Metaspace       used 86584K, capacity 87786K, committed 88152K, reserved 1126400K
  class space    used 11699K, capacity 12037K, committed 12160K, reserved 1048576K
}
{Heap before GC invocations=44 (full 3):
 PSYoungGen      total 1007104K, used 991774K [0x0000000781800000, 0x00000007c0000000, 0x00000007c0000000)
  eden space 989696K, 100% used [0x0000000781800000,0x00000007bde80000,0x00000007bde80000)
  from space 17408K, 11% used [0x00000007bef00000,0x00000007bf107900,0x00000007c0000000)
  to   space 16896K, 0% used [0x00000007bde80000,0x00000007bde80000,0x00000007bef00000)
 ParOldGen       total 1720832K, used 76096K [0x00000006f8000000, 0x0000000761080000, 0x0000000781800000)
  object space 1720832K, 4% used [0x00000006f8000000,0x00000006fca501b8,0x0000000761080000)
 Metaspace       used 88637K, capacity 89812K, committed 90072K, reserved 1126400K
  class space    used 11848K, capacity 12172K, committed 12288K, reserved 1048576K
2022-06-20T08:01:53.795+0800: 86.087: [GC (Allocation Failure) [PSYoungGen: 991774K->3616K(1006592K)] 1067870K->80943K(2727424K), 0.0103991 secs] [Times: user=0.02 sys=0.00, real=0.01 secs] 
Heap after GC invocations=44 (full 3):
 PSYoungGen      total 1006592K, used 3616K [0x0000000781800000, 0x00000007c0000000, 0x00000007c0000000)
  eden space 989696K, 0% used [0x0000000781800000,0x0000000781800000,0x00000007bde80000)
  from space 16896K, 21% used [0x00000007bde80000,0x00000007be208000,0x00000007bef00000)
  to   space 15872K, 0% used [0x00000007bf080000,0x00000007bf080000,0x00000007c0000000)
 ParOldGen       total 1720832K, used 77327K [0x00000006f8000000, 0x0000000761080000, 0x0000000781800000)
  object space 1720832K, 4% used [0x00000006f8000000,0x00000006fcb83fa8,0x0000000761080000)
 Metaspace       used 88637K, capacity 89812K, committed 90072K, reserved 1126400K
  class space    used 11848K, capacity 12172K, committed 12288K, reserved 1048576K
}
{Heap before GC invocations=45 (full 3):
 PSYoungGen      total 1006592K, used 993312K [0x0000000781800000, 0x00000007c0000000, 0x00000007c0000000)
  eden space 989696K, 100% used [0x0000000781800000,0x00000007bde80000,0x00000007bde80000)
  from space 16896K, 21% used [0x00000007bde80000,0x00000007be208000,0x00000007bef00000)
  to   space 15872K, 0% used [0x00000007bf080000,0x00000007bf080000,0x00000007c0000000)
 ParOldGen       total 1720832K, used 77327K [0x00000006f8000000, 0x0000000761080000, 0x0000000781800000)
  object space 1720832K, 4% used [0x00000006f8000000,0x00000006fcb83fa8,0x0000000761080000)
 Metaspace       used 89476K, capacity 90676K, committed 91096K, reserved 1128448K
  class space    used 11887K, capacity 12204K, committed 12288K, reserved 1048576K
2022-06-20T08:01:54.807+0800: 87.100: [GC (Allocation Failure) [PSYoungGen: 993312K->3888K(1009152K)] 1070639K->84265K(2729984K), 0.0116252 secs] [Times: user=0.04 sys=0.01, real=0.01 secs] 
Heap after GC invocations=45 (full 3):
 PSYoungGen      total 1009152K, used 3888K [0x0000000781800000, 0x00000007c0000000, 0x00000007c0000000)
  eden space 993280K, 0% used [0x0000000781800000,0x0000000781800000,0x00000007be200000)
  from space 15872K, 24% used [0x00000007bf080000,0x00000007bf44c020,0x00000007c0000000)
  to   space 14848K, 0% used [0x00000007be200000,0x00000007be200000,0x00000007bf080000)
 ParOldGen       total 1720832K, used 80377K [0x00000006f8000000, 0x0000000761080000, 0x0000000781800000)
  object space 1720832K, 4% used [0x00000006f8000000,0x00000006fce7e738,0x0000000761080000)
 Metaspace       used 89476K, capacity 90676K, committed 91096K, reserved 1128448K
  class space    used 11887K, capacity 12204K, committed 12288K, reserved 1048576K
}
{Heap before GC invocations=46 (full 3):
 PSYoungGen      total 1009152K, used 997168K [0x0000000781800000, 0x00000007c0000000, 0x00000007c0000000)
  eden space 993280K, 100% used [0x0000000781800000,0x00000007be200000,0x00000007be200000)
  from space 15872K, 24% used [0x00000007bf080000,0x00000007bf44c020,0x00000007c0000000)
  to   space 14848K, 0% used [0x00000007be200000,0x00000007be200000,0x00000007bf080000)
 ParOldGen       total 1720832K, used 80377K [0x00000006f8000000, 0x0000000761080000, 0x0000000781800000)
  object space 1720832K, 4% used [0x00000006f8000000,0x00000006fce7e738,0x0000000761080000)
 Metaspace       used 90215K, capacity 91450K, committed 91864K, reserved 1128448K
  class space    used 11935K, capacity 12269K, committed 12288K, reserved 1048576K
2022-06-20T08:01:55.851+0800: 88.144: [GC (Allocation Failure) [PSYoungGen: 997168K->3744K(1008128K)] 1077545K->87587K(2728960K), 0.0126325 secs] [Times: user=0.04 sys=0.01, real=0.01 secs] 
Heap after GC invocations=46 (full 3):
 PSYoungGen      total 1008128K, used 3744K [0x0000000781800000, 0x00000007c0000000, 0x00000007c0000000)
  eden space 993280K, 0% used [0x0000000781800000,0x0000000781800000,0x00000007be200000)
  from space 14848K, 25% used [0x00000007be200000,0x00000007be5a8000,0x00000007bf080000)
  to   space 13824K, 0% used [0x00000007bf280000,0x00000007bf280000,0x00000007c0000000)
 ParOldGen       total 1720832K, used 83843K [0x00000006f8000000, 0x0000000761080000, 0x0000000781800000)
  object space 1720832K, 4% used [0x00000006f8000000,0x00000006fd1e0d98,0x0000000761080000)
 Metaspace       used 90215K, capacity 91450K, committed 91864K, reserved 1128448K
  class space    used 11935K, capacity 12269K, committed 12288K, reserved 1048576K
}
{Heap before GC invocations=47 (full 3):
 PSYoungGen      total 1008128K, used 997024K [0x0000000781800000, 0x00000007c0000000, 0x00000007c0000000)
  eden space 993280K, 100% used [0x0000000781800000,0x00000007be200000,0x00000007be200000)
  from space 14848K, 25% used [0x00000007be200000,0x00000007be5a8000,0x00000007bf080000)
  to   space 13824K, 0% used [0x00000007bf280000,0x00000007bf280000,0x00000007c0000000)
 ParOldGen       total 1720832K, used 83843K [0x00000006f8000000, 0x0000000761080000, 0x0000000781800000)
  object space 1720832K, 4% used [0x00000006f8000000,0x00000006fd1e0d98,0x0000000761080000)
 Metaspace       used 91077K, capacity 92288K, committed 92760K, reserved 1130496K
  class space    used 11998K, capacity 12334K, committed 12416K, reserved 1048576K
2022-06-20T08:01:56.976+0800: 89.268: [GC (Allocation Failure) [PSYoungGen: 997024K->4224K(1010688K)] 1080867K->91398K(2731520K), 0.0136491 secs] [Times: user=0.04 sys=0.00, real=0.02 secs] 
Heap after GC invocations=47 (full 3):
 PSYoungGen      total 1010688K, used 4224K [0x0000000781800000, 0x00000007c0000000, 0x00000007c0000000)
  eden space 996864K, 0% used [0x0000000781800000,0x0000000781800000,0x00000007be580000)
  from space 13824K, 30% used [0x00000007bf280000,0x00000007bf6a0000,0x00000007c0000000)
  to   space 13312K, 0% used [0x00000007be580000,0x00000007be580000,0x00000007bf280000)
 ParOldGen       total 1720832K, used 87174K [0x00000006f8000000, 0x0000000761080000, 0x0000000781800000)
  object space 1720832K, 5% used [0x00000006f8000000,0x00000006fd521998,0x0000000761080000)
 Metaspace       used 91077K, capacity 92288K, committed 92760K, reserved 1130496K
  class space    used 11998K, capacity 12334K, committed 12416K, reserved 1048576K
}
{Heap before GC invocations=48 (full 3):
 PSYoungGen      total 1010688K, used 1001088K [0x0000000781800000, 0x00000007c0000000, 0x00000007c0000000)
  eden space 996864K, 100% used [0x0000000781800000,0x00000007be580000,0x00000007be580000)
  from space 13824K, 30% used [0x00000007bf280000,0x00000007bf6a0000,0x00000007c0000000)
  to   space 13312K, 0% used [0x00000007be580000,0x00000007be580000,0x00000007bf280000)
 ParOldGen       total 1720832K, used 87174K [0x00000006f8000000, 0x0000000761080000, 0x0000000781800000)
  object space 1720832K, 5% used [0x00000006f8000000,0x00000006fd521998,0x0000000761080000)
 Metaspace       used 94045K, capacity 95318K, committed 95576K, reserved 1132544K
  class space    used 12316K, capacity 12643K, committed 12672K, reserved 1048576K
2022-06-20T08:01:58.373+0800: 90.666: [GC (Allocation Failure) [PSYoungGen: 1001088K->5243K(1010176K)] 1088262K->96268K(2731008K), 0.0100495 secs] [Times: user=0.03 sys=0.00, real=0.01 secs] 
Heap after GC invocations=48 (full 3):
 PSYoungGen      total 1010176K, used 5243K [0x0000000781800000, 0x00000007c0000000, 0x00000007c0000000)
  eden space 996864K, 0% used [0x0000000781800000,0x0000000781800000,0x00000007be580000)
  from space 13312K, 39% used [0x00000007be580000,0x00000007bea9ede0,0x00000007bf280000)
  to   space 12800K, 0% used [0x00000007bf380000,0x00000007bf380000,0x00000007c0000000)
 ParOldGen       total 1720832K, used 91024K [0x00000006f8000000, 0x0000000761080000, 0x0000000781800000)
  object space 1720832K, 5% used [0x00000006f8000000,0x00000006fd8e4340,0x0000000761080000)
 Metaspace       used 94045K, capacity 95318K, committed 95576K, reserved 1132544K
  class space    used 12316K, capacity 12643K, committed 12672K, reserved 1048576K
}
{Heap before GC invocations=49 (full 3):
 PSYoungGen      total 1010176K, used 1002107K [0x0000000781800000, 0x00000007c0000000, 0x00000007c0000000)
  eden space 996864K, 100% used [0x0000000781800000,0x00000007be580000,0x00000007be580000)
  from space 13312K, 39% used [0x00000007be580000,0x00000007bea9ede0,0x00000007bf280000)
  to   space 12800K, 0% used [0x00000007bf380000,0x00000007bf380000,0x00000007c0000000)
 ParOldGen       total 1720832K, used 91024K [0x00000006f8000000, 0x0000000761080000, 0x0000000781800000)
  object space 1720832K, 5% used [0x00000006f8000000,0x00000006fd8e4340,0x0000000761080000)
 Metaspace       used 95572K, capacity 96846K, committed 97112K, reserved 1134592K
  class space    used 12501K, capacity 12820K, committed 12928K, reserved 1048576K
2022-06-20T08:02:00.916+0800: 93.209: [GC (Allocation Failure) [PSYoungGen: 1002107K->8686K(1010176K)] 1093132K->104237K(2731008K), 0.0264379 secs] [Times: user=0.07 sys=0.01, real=0.02 secs] 
Heap after GC invocations=49 (full 3):
 PSYoungGen      total 1010176K, used 8686K [0x0000000781800000, 0x00000007c0000000, 0x00000007c0000000)
  eden space 997376K, 0% used [0x0000000781800000,0x0000000781800000,0x00000007be600000)
  from space 12800K, 67% used [0x00000007bf380000,0x00000007bfbfb940,0x00000007c0000000)
  to   space 13312K, 0% used [0x00000007be600000,0x00000007be600000,0x00000007bf300000)
 ParOldGen       total 1720832K, used 95551K [0x00000006f8000000, 0x0000000761080000, 0x0000000781800000)
  object space 1720832K, 5% used [0x00000006f8000000,0x00000006fdd4fd88,0x0000000761080000)
 Metaspace       used 95572K, capacity 96846K, committed 97112K, reserved 1134592K
  class space    used 12501K, capacity 12820K, committed 12928K, reserved 1048576K
}
{Heap before GC invocations=50 (full 3):
 PSYoungGen      total 1010176K, used 624880K [0x0000000781800000, 0x00000007c0000000, 0x00000007c0000000)
  eden space 997376K, 61% used [0x0000000781800000,0x00000007a71c07f8,0x00000007be600000)
  from space 12800K, 67% used [0x00000007bf380000,0x00000007bfbfb940,0x00000007c0000000)
  to   space 13312K, 0% used [0x00000007be600000,0x00000007be600000,0x00000007bf300000)
 ParOldGen       total 1720832K, used 95551K [0x00000006f8000000, 0x0000000761080000, 0x0000000781800000)
  object space 1720832K, 5% used [0x00000006f8000000,0x00000006fdd4fd88,0x0000000761080000)
 Metaspace       used 97059K, capacity 98318K, committed 98496K, reserved 1134592K
  class space    used 12587K, capacity 12924K, committed 12928K, reserved 1048576K
2022-06-20T08:02:01.744+0800: 94.037: [GC (Metadata GC Threshold) [PSYoungGen: 624880K->13303K(1010688K)] 720431K->132479K(2731520K), 0.0259298 secs] [Times: user=0.06 sys=0.02, real=0.03 secs] 
Heap after GC invocations=50 (full 3):
 PSYoungGen      total 1010688K, used 13303K [0x0000000781800000, 0x00000007c0000000, 0x00000007c0000000)
  eden space 997376K, 0% used [0x0000000781800000,0x0000000781800000,0x00000007be600000)
  from space 13312K, 99% used [0x00000007be600000,0x00000007bf2fdef8,0x00000007bf300000)
  to   space 13312K, 0% used [0x00000007bf300000,0x00000007bf300000,0x00000007c0000000)
 ParOldGen       total 1720832K, used 119175K [0x00000006f8000000, 0x0000000761080000, 0x0000000781800000)
  object space 1720832K, 6% used [0x00000006f8000000,0x00000006ff461fc8,0x0000000761080000)
 Metaspace       used 97059K, capacity 98318K, committed 98496K, reserved 1134592K
  class space    used 12587K, capacity 12924K, committed 12928K, reserved 1048576K
}
{Heap before GC invocations=51 (full 4):
 PSYoungGen      total 1010688K, used 13303K [0x0000000781800000, 0x00000007c0000000, 0x00000007c0000000)
  eden space 997376K, 0% used [0x0000000781800000,0x0000000781800000,0x00000007be600000)
  from space 13312K, 99% used [0x00000007be600000,0x00000007bf2fdef8,0x00000007bf300000)
  to   space 13312K, 0% used [0x00000007bf300000,0x00000007bf300000,0x00000007c0000000)
 ParOldGen       total 1720832K, used 119175K [0x00000006f8000000, 0x0000000761080000, 0x0000000781800000)
  object space 1720832K, 6% used [0x00000006f8000000,0x00000006ff461fc8,0x0000000761080000)
 Metaspace       used 97059K, capacity 98318K, committed 98496K, reserved 1134592K
  class space    used 12587K, capacity 12924K, committed 12928K, reserved 1048576K
2022-06-20T08:02:01.770+0800: 94.063: [Full GC (Metadata GC Threshold) [PSYoungGen: 13303K->0K(1010688K)] [ParOldGen: 119175K->125249K(2165760K)] 132479K->125249K(3176448K), [Metaspace: 97059K->97058K(1134592K)], 0.3496581 secs] [Times: user=1.00 sys=0.04, real=0.35 secs] 
Heap after GC invocations=51 (full 4):
 PSYoungGen      total 1010688K, used 0K [0x0000000781800000, 0x00000007c0000000, 0x00000007c0000000)
  eden space 997376K, 0% used [0x0000000781800000,0x0000000781800000,0x00000007be600000)
  from space 13312K, 0% used [0x00000007be600000,0x00000007be600000,0x00000007bf300000)
  to   space 13312K, 0% used [0x00000007bf300000,0x00000007bf300000,0x00000007c0000000)
 ParOldGen       total 2165760K, used 125249K [0x00000006f8000000, 0x000000077c300000, 0x0000000781800000)
  object space 2165760K, 5% used [0x00000006f8000000,0x00000006ffa50510,0x000000077c300000)
 Metaspace       used 97058K, capacity 98312K, committed 98496K, reserved 1134592K
  class space    used 12587K, capacity 12922K, committed 12928K, reserved 1048576K
}
{Heap before GC invocations=52 (full 4):
 PSYoungGen      total 1010688K, used 997376K [0x0000000781800000, 0x00000007c0000000, 0x00000007c0000000)
  eden space 997376K, 100% used [0x0000000781800000,0x00000007be600000,0x00000007be600000)
  from space 13312K, 0% used [0x00000007be600000,0x00000007be600000,0x00000007bf300000)
  to   space 13312K, 0% used [0x00000007bf300000,0x00000007bf300000,0x00000007c0000000)
 ParOldGen       total 2165760K, used 125249K [0x00000006f8000000, 0x000000077c300000, 0x0000000781800000)
  object space 2165760K, 5% used [0x00000006f8000000,0x00000006ffa50510,0x000000077c300000)
 Metaspace       used 99692K, capacity 101174K, committed 101336K, reserved 1136640K
  class space    used 12883K, capacity 13232K, committed 13312K, reserved 1048576K
2022-06-20T08:02:03.475+0800: 95.768: [GC (Allocation Failure) [PSYoungGen: 997376K->4660K(990208K)] 1122625K->129917K(3155968K), 0.0109265 secs] [Times: user=0.03 sys=0.00, real=0.02 secs] 
Heap after GC invocations=52 (full 4):
 PSYoungGen      total 990208K, used 4660K [0x0000000781800000, 0x00000007c0000000, 0x00000007c0000000)
  eden space 976896K, 0% used [0x0000000781800000,0x0000000781800000,0x00000007bd200000)
  from space 13312K, 35% used [0x00000007bf300000,0x00000007bf78d1e8,0x00000007c0000000)
  to   space 23552K, 0% used [0x00000007bd200000,0x00000007bd200000,0x00000007be900000)
 ParOldGen       total 2165760K, used 125257K [0x00000006f8000000, 0x000000077c300000, 0x0000000781800000)
  object space 2165760K, 5% used [0x00000006f8000000,0x00000006ffa52510,0x000000077c300000)
 Metaspace       used 99692K, capacity 101174K, committed 101336K, reserved 1136640K
  class space    used 12883K, capacity 13232K, committed 13312K, reserved 1048576K
}
{Heap before GC invocations=53 (full 4):
 PSYoungGen      total 990208K, used 981556K [0x0000000781800000, 0x00000007c0000000, 0x00000007c0000000)
  eden space 976896K, 100% used [0x0000000781800000,0x00000007bd200000,0x00000007bd200000)
  from space 13312K, 35% used [0x00000007bf300000,0x00000007bf78d1e8,0x00000007c0000000)
  to   space 23552K, 0% used [0x00000007bd200000,0x00000007bd200000,0x00000007be900000)
 ParOldGen       total 2165760K, used 125257K [0x00000006f8000000, 0x000000077c300000, 0x0000000781800000)
  object space 2165760K, 5% used [0x00000006f8000000,0x00000006ffa52510,0x000000077c300000)
 Metaspace       used 101302K, capacity 102790K, committed 103000K, reserved 1138688K
  class space    used 13012K, capacity 13386K, committed 13440K, reserved 1048576K
2022-06-20T08:02:04.945+0800: 97.238: [GC (Allocation Failure) [PSYoungGen: 981556K->4832K(1000448K)] 1106813K->131520K(3166208K), 0.0174379 secs] [Times: user=0.05 sys=0.00, real=0.02 secs] 
Heap after GC invocations=53 (full 4):
 PSYoungGen      total 1000448K, used 4832K [0x0000000781800000, 0x00000007c0000000, 0x00000007c0000000)
  eden space 976896K, 0% used [0x0000000781800000,0x0000000781800000,0x00000007bd200000)
  from space 23552K, 20% used [0x00000007bd200000,0x00000007bd6b8050,0x00000007be900000)
  to   space 22528K, 0% used [0x00000007bea00000,0x00000007bea00000,0x00000007c0000000)
 ParOldGen       total 2165760K, used 126687K [0x00000006f8000000, 0x000000077c300000, 0x0000000781800000)
  object space 2165760K, 5% used [0x00000006f8000000,0x00000006ffbb7fc8,0x000000077c300000)
 Metaspace       used 101302K, capacity 102790K, committed 103000K, reserved 1138688K
  class space    used 13012K, capacity 13386K, committed 13440K, reserved 1048576K
}
{Heap before GC invocations=54 (full 4):
 PSYoungGen      total 1000448K, used 981728K [0x0000000781800000, 0x00000007c0000000, 0x00000007c0000000)
  eden space 976896K, 100% used [0x0000000781800000,0x00000007bd200000,0x00000007bd200000)
  from space 23552K, 20% used [0x00000007bd200000,0x00000007bd6b8050,0x00000007be900000)
  to   space 22528K, 0% used [0x00000007bea00000,0x00000007bea00000,0x00000007c0000000)
 ParOldGen       total 2165760K, used 126687K [0x00000006f8000000, 0x000000077c300000, 0x0000000781800000)
  object space 2165760K, 5% used [0x00000006f8000000,0x00000006ffbb7fc8,0x000000077c300000)
 Metaspace       used 102856K, capacity 104382K, committed 104664K, reserved 1140736K
  class space    used 13192K, capacity 13567K, committed 13568K, reserved 1048576K
2022-06-20T08:02:06.297+0800: 98.590: [GC (Allocation Failure) [PSYoungGen: 981728K->3755K(1002496K)] 1108416K->134459K(3168256K), 0.0167565 secs] [Times: user=0.09 sys=0.01, real=0.01 secs] 
Heap after GC invocations=54 (full 4):
 PSYoungGen      total 1002496K, used 3755K [0x0000000781800000, 0x00000007c0000000, 0x00000007c0000000)
  eden space 979968K, 0% used [0x0000000781800000,0x0000000781800000,0x00000007bd500000)
  from space 22528K, 16% used [0x00000007bea00000,0x00000007bedaad20,0x00000007c0000000)
  to   space 21504K, 0% used [0x00000007bd500000,0x00000007bd500000,0x00000007bea00000)
 ParOldGen       total 2165760K, used 130704K [0x00000006f8000000, 0x000000077c300000, 0x0000000781800000)
  object space 2165760K, 6% used [0x00000006f8000000,0x00000006fffa4038,0x000000077c300000)
 Metaspace       used 102856K, capacity 104382K, committed 104664K, reserved 1140736K
  class space    used 13192K, capacity 13567K, committed 13568K, reserved 1048576K
}
{Heap before GC invocations=55 (full 4):
 PSYoungGen      total 1002496K, used 983723K [0x0000000781800000, 0x00000007c0000000, 0x00000007c0000000)
  eden space 979968K, 100% used [0x0000000781800000,0x00000007bd500000,0x00000007bd500000)
  from space 22528K, 16% used [0x00000007bea00000,0x00000007bedaad20,0x00000007c0000000)
  to   space 21504K, 0% used [0x00000007bd500000,0x00000007bd500000,0x00000007bea00000)
 ParOldGen       total 2165760K, used 130704K [0x00000006f8000000, 0x000000077c300000, 0x0000000781800000)
  object space 2165760K, 6% used [0x00000006f8000000,0x00000006fffa4038,0x000000077c300000)
 Metaspace       used 106100K, capacity 107828K, committed 107992K, reserved 1142784K
  class space    used 13606K, capacity 14006K, committed 14080K, reserved 1048576K
2022-06-20T08:02:07.763+0800: 100.056: [GC (Allocation Failure) [PSYoungGen: 983723K->4902K(1001472K)] 1114427K->138566K(3167232K), 0.0141094 secs] [Times: user=0.04 sys=0.00, real=0.02 secs] 
Heap after GC invocations=55 (full 4):
 PSYoungGen      total 1001472K, used 4902K [0x0000000781800000, 0x00000007c0000000, 0x00000007c0000000)
  eden space 979968K, 0% used [0x0000000781800000,0x0000000781800000,0x00000007bd500000)
  from space 21504K, 22% used [0x00000007bd500000,0x00000007bd9c9a28,0x00000007bea00000)
  to   space 20480K, 0% used [0x00000007bec00000,0x00000007bec00000,0x00000007c0000000)
 ParOldGen       total 2165760K, used 133663K [0x00000006f8000000, 0x000000077c300000, 0x0000000781800000)
  object space 2165760K, 6% used [0x00000006f8000000,0x0000000700287f58,0x000000077c300000)
 Metaspace       used 106100K, capacity 107828K, committed 107992K, reserved 1142784K
  class space    used 13606K, capacity 14006K, committed 14080K, reserved 1048576K
}
{Heap before GC invocations=56 (full 4):
 PSYoungGen      total 1001472K, used 984870K [0x0000000781800000, 0x00000007c0000000, 0x00000007c0000000)
  eden space 979968K, 100% used [0x0000000781800000,0x00000007bd500000,0x00000007bd500000)
  from space 21504K, 22% used [0x00000007bd500000,0x00000007bd9c9a28,0x00000007bea00000)
  to   space 20480K, 0% used [0x00000007bec00000,0x00000007bec00000,0x00000007c0000000)
 ParOldGen       total 2165760K, used 133663K [0x00000006f8000000, 0x000000077c300000, 0x0000000781800000)
  object space 2165760K, 6% used [0x00000006f8000000,0x0000000700287f58,0x000000077c300000)
 Metaspace       used 108542K, capacity 110244K, committed 110552K, reserved 1144832K
  class space    used 13889K, capacity 14300K, committed 14336K, reserved 1048576K
2022-06-20T08:02:08.936+0800: 101.229: [GC (Allocation Failure) [PSYoungGen: 984870K->2384K(1004032K)] 1118534K->139452K(3169792K), 0.0175499 secs] [Times: user=0.04 sys=0.00, real=0.01 secs] 
Heap after GC invocations=56 (full 4):
 PSYoungGen      total 1004032K, used 2384K [0x0000000781800000, 0x00000007c0000000, 0x00000007c0000000)
  eden space 983552K, 0% used [0x0000000781800000,0x0000000781800000,0x00000007bd880000)
  from space 20480K, 11% used [0x00000007bec00000,0x00000007bee54010,0x00000007c0000000)
  to   space 19968K, 0% used [0x00000007bd880000,0x00000007bd880000,0x00000007bec00000)
 ParOldGen       total 2165760K, used 137068K [0x00000006f8000000, 0x000000077c300000, 0x0000000781800000)
  object space 2165760K, 6% used [0x00000006f8000000,0x00000007005db150,0x000000077c300000)
 Metaspace       used 108542K, capacity 110244K, committed 110552K, reserved 1144832K
  class space    used 13889K, capacity 14300K, committed 14336K, reserved 1048576K
}
{Heap before GC invocations=57 (full 4):
 PSYoungGen      total 1004032K, used 985936K [0x0000000781800000, 0x00000007c0000000, 0x00000007c0000000)
  eden space 983552K, 100% used [0x0000000781800000,0x00000007bd880000,0x00000007bd880000)
  from space 20480K, 11% used [0x00000007bec00000,0x00000007bee54010,0x00000007c0000000)
  to   space 19968K, 0% used [0x00000007bd880000,0x00000007bd880000,0x00000007bec00000)
 ParOldGen       total 2165760K, used 137068K [0x00000006f8000000, 0x000000077c300000, 0x0000000781800000)
  object space 2165760K, 6% used [0x00000006f8000000,0x00000007005db150,0x000000077c300000)
 Metaspace       used 110732K, capacity 112446K, committed 112728K, reserved 1146880K
  class space    used 14194K, capacity 14607K, committed 14720K, reserved 1048576K
2022-06-20T08:02:10.075+0800: 102.368: [GC (Allocation Failure) [PSYoungGen: 985936K->3872K(1003520K)] 1123004K->142143K(3169280K), 0.0127279 secs] [Times: user=0.03 sys=0.00, real=0.02 secs] 
Heap after GC invocations=57 (full 4):
 PSYoungGen      total 1003520K, used 3872K [0x0000000781800000, 0x00000007c0000000, 0x00000007c0000000)
  eden space 983552K, 0% used [0x0000000781800000,0x0000000781800000,0x00000007bd880000)
  from space 19968K, 19% used [0x00000007bd880000,0x00000007bdc48100,0x00000007bec00000)
  to   space 18944K, 0% used [0x00000007bed80000,0x00000007bed80000,0x00000007c0000000)
 ParOldGen       total 2165760K, used 138271K [0x00000006f8000000, 0x000000077c300000, 0x0000000781800000)
  object space 2165760K, 6% used [0x00000006f8000000,0x0000000700707e50,0x000000077c300000)
 Metaspace       used 110732K, capacity 112446K, committed 112728K, reserved 1146880K
  class space    used 14194K, capacity 14607K, committed 14720K, reserved 1048576K
}
{Heap before GC invocations=58 (full 4):
 PSYoungGen      total 1003520K, used 987424K [0x0000000781800000, 0x00000007c0000000, 0x00000007c0000000)
  eden space 983552K, 100% used [0x0000000781800000,0x00000007bd880000,0x00000007bd880000)
  from space 19968K, 19% used [0x00000007bd880000,0x00000007bdc48100,0x00000007bec00000)
  to   space 18944K, 0% used [0x00000007bed80000,0x00000007bed80000,0x00000007c0000000)
 ParOldGen       total 2165760K, used 138271K [0x00000006f8000000, 0x000000077c300000, 0x0000000781800000)
  object space 2165760K, 6% used [0x00000006f8000000,0x0000000700707e50,0x000000077c300000)
 Metaspace       used 112706K, capacity 114436K, committed 114776K, reserved 1148928K
  class space    used 14456K, capacity 14865K, committed 14976K, reserved 1048576K
2022-06-20T08:02:11.100+0800: 103.393: [GC (Allocation Failure) [PSYoungGen: 987424K->2304K(1005568K)] 1125695K->143088K(3171328K), 0.0165322 secs] [Times: user=0.04 sys=0.00, real=0.02 secs] 
Heap after GC invocations=58 (full 4):
 PSYoungGen      total 1005568K, used 2304K [0x0000000781800000, 0x00000007c0000000, 0x00000007c0000000)
  eden space 986624K, 0% used [0x0000000781800000,0x0000000781800000,0x00000007bdb80000)
  from space 18944K, 12% used [0x00000007bed80000,0x00000007befc0030,0x00000007c0000000)
  to   space 18432K, 0% used [0x00000007bdb80000,0x00000007bdb80000,0x00000007bed80000)
 ParOldGen       total 2165760K, used 140784K [0x00000006f8000000, 0x000000077c300000, 0x0000000781800000)
  object space 2165760K, 6% used [0x00000006f8000000,0x000000070097c230,0x000000077c300000)
 Metaspace       used 112706K, capacity 114436K, committed 114776K, reserved 1148928K
  class space    used 14456K, capacity 14865K, committed 14976K, reserved 1048576K
}
{Heap before GC invocations=59 (full 4):
 PSYoungGen      total 1005568K, used 988928K [0x0000000781800000, 0x00000007c0000000, 0x00000007c0000000)
  eden space 986624K, 100% used [0x0000000781800000,0x00000007bdb80000,0x00000007bdb80000)
  from space 18944K, 12% used [0x00000007bed80000,0x00000007befc0030,0x00000007c0000000)
  to   space 18432K, 0% used [0x00000007bdb80000,0x00000007bdb80000,0x00000007bed80000)
 ParOldGen       total 2165760K, used 140784K [0x00000006f8000000, 0x000000077c300000, 0x0000000781800000)
  object space 2165760K, 6% used [0x00000006f8000000,0x000000070097c230,0x000000077c300000)
 Metaspace       used 113609K, capacity 115348K, committed 115672K, reserved 1150976K
  class space    used 14602K, capacity 15035K, committed 15104K, reserved 1048576K
2022-06-20T08:02:11.956+0800: 104.249: [GC (Allocation Failure) [PSYoungGen: 988928K->1280K(1005056K)] 1129712K->142880K(3170816K), 0.0110126 secs] [Times: user=0.03 sys=0.00, real=0.01 secs] 
Heap after GC invocations=59 (full 4):
 PSYoungGen      total 1005056K, used 1280K [0x0000000781800000, 0x00000007c0000000, 0x00000007c0000000)
  eden space 986624K, 0% used [0x0000000781800000,0x0000000781800000,0x00000007bdb80000)
  from space 18432K, 6% used [0x00000007bdb80000,0x00000007bdcc0010,0x00000007bed80000)
  to   space 17920K, 0% used [0x00000007bee80000,0x00000007bee80000,0x00000007c0000000)
 ParOldGen       total 2165760K, used 141600K [0x00000006f8000000, 0x000000077c300000, 0x0000000781800000)
  object space 2165760K, 6% used [0x00000006f8000000,0x0000000700a482a0,0x000000077c300000)
 Metaspace       used 113609K, capacity 115348K, committed 115672K, reserved 1150976K
  class space    used 14602K, capacity 15035K, committed 15104K, reserved 1048576K
}
{Heap before GC invocations=60 (full 4):
 PSYoungGen      total 1005056K, used 987904K [0x0000000781800000, 0x00000007c0000000, 0x00000007c0000000)
  eden space 986624K, 100% used [0x0000000781800000,0x00000007bdb80000,0x00000007bdb80000)
  from space 18432K, 6% used [0x00000007bdb80000,0x00000007bdcc0010,0x00000007bed80000)
  to   space 17920K, 0% used [0x00000007bee80000,0x00000007bee80000,0x00000007c0000000)
 ParOldGen       total 2165760K, used 141600K [0x00000006f8000000, 0x000000077c300000, 0x0000000781800000)
  object space 2165760K, 6% used [0x00000006f8000000,0x0000000700a482a0,0x000000077c300000)
 Metaspace       used 114878K, capacity 116684K, committed 117080K, reserved 1150976K
  class space    used 14727K, capacity 15135K, committed 15232K, reserved 1048576K
2022-06-20T08:02:13.025+0800: 105.318: [GC (Allocation Failure) [PSYoungGen: 987904K->2438K(1006592K)] 1129504K->144568K(3172352K), 0.0107169 secs] [Times: user=0.04 sys=0.00, real=0.01 secs] 
Heap after GC invocations=60 (full 4):
 PSYoungGen      total 1006592K, used 2438K [0x0000000781800000, 0x00000007c0000000, 0x00000007c0000000)
  eden space 988672K, 0% used [0x0000000781800000,0x0000000781800000,0x00000007bdd80000)
  from space 17920K, 13% used [0x00000007bee80000,0x00000007bf0e19f0,0x00000007c0000000)
  to   space 17408K, 0% used [0x00000007bdd80000,0x00000007bdd80000,0x00000007bee80000)
 ParOldGen       total 2165760K, used 142130K [0x00000006f8000000, 0x000000077c300000, 0x0000000781800000)
  object space 2165760K, 6% used [0x00000006f8000000,0x0000000700acc8a8,0x000000077c300000)
 Metaspace       used 114878K, capacity 116684K, committed 117080K, reserved 1150976K
  class space    used 14727K, capacity 15135K, committed 15232K, reserved 1048576K
}
{Heap before GC invocations=61 (full 4):
 PSYoungGen      total 1006592K, used 991110K [0x0000000781800000, 0x00000007c0000000, 0x00000007c0000000)
  eden space 988672K, 100% used [0x0000000781800000,0x00000007bdd80000,0x00000007bdd80000)
  from space 17920K, 13% used [0x00000007bee80000,0x00000007bf0e19f0,0x00000007c0000000)
  to   space 17408K, 0% used [0x00000007bdd80000,0x00000007bdd80000,0x00000007bee80000)
 ParOldGen       total 2165760K, used 142130K [0x00000006f8000000, 0x000000077c300000, 0x0000000781800000)
  object space 2165760K, 6% used [0x00000006f8000000,0x0000000700acc8a8,0x000000077c300000)
 Metaspace       used 117288K, capacity 119504K, committed 119640K, reserved 1153024K
  class space    used 14969K, capacity 15425K, committed 15488K, reserved 1048576K
2022-06-20T08:02:14.849+0800: 107.142: [GC (Allocation Failure) [PSYoungGen: 991110K->5072K(1006080K)] 1133240K->148537K(3171840K), 0.0144106 secs] [Times: user=0.04 sys=0.01, real=0.01 secs] 
Heap after GC invocations=61 (full 4):
 PSYoungGen      total 1006080K, used 5072K [0x0000000781800000, 0x00000007c0000000, 0x00000007c0000000)
  eden space 988672K, 0% used [0x0000000781800000,0x0000000781800000,0x00000007bdd80000)
  from space 17408K, 29% used [0x00000007bdd80000,0x00000007be274020,0x00000007bee80000)
  to   space 15872K, 0% used [0x00000007bf080000,0x00000007bf080000,0x00000007c0000000)
 ParOldGen       total 2165760K, used 143465K [0x00000006f8000000, 0x000000077c300000, 0x0000000781800000)
  object space 2165760K, 6% used [0x00000006f8000000,0x0000000700c1a598,0x000000077c300000)
 Metaspace       used 117288K, capacity 119504K, committed 119640K, reserved 1153024K
  class space    used 14969K, capacity 15425K, committed 15488K, reserved 1048576K
}
{Heap before GC invocations=62 (full 4):
 PSYoungGen      total 1006080K, used 993744K [0x0000000781800000, 0x00000007c0000000, 0x00000007c0000000)
  eden space 988672K, 100% used [0x0000000781800000,0x00000007bdd80000,0x00000007bdd80000)
  from space 17408K, 29% used [0x00000007bdd80000,0x00000007be274020,0x00000007bee80000)
  to   space 15872K, 0% used [0x00000007bf080000,0x00000007bf080000,0x00000007c0000000)
 ParOldGen       total 2165760K, used 143465K [0x00000006f8000000, 0x000000077c300000, 0x0000000781800000)
  object space 2165760K, 6% used [0x00000006f8000000,0x0000000700c1a598,0x000000077c300000)
 Metaspace       used 118873K, capacity 121106K, committed 121304K, reserved 1155072K
  class space    used 15118K, capacity 15590K, committed 15616K, reserved 1048576K
2022-06-20T08:02:16.484+0800: 108.776: [GC (Allocation Failure) [PSYoungGen: 993744K->4288K(1008640K)] 1137209K->151592K(3174400K), 0.0210363 secs] [Times: user=0.06 sys=0.01, real=0.02 secs] 
Heap after GC invocations=62 (full 4):
 PSYoungGen      total 1008640K, used 4288K [0x0000000781800000, 0x00000007c0000000, 0x00000007c0000000)
  eden space 992768K, 0% used [0x0000000781800000,0x0000000781800000,0x00000007be180000)
  from space 15872K, 27% used [0x00000007bf080000,0x00000007bf4b0000,0x00000007c0000000)
  to   space 15360K, 0% used [0x00000007be180000,0x00000007be180000,0x00000007bf080000)
 ParOldGen       total 2165760K, used 147304K [0x00000006f8000000, 0x000000077c300000, 0x0000000781800000)
  object space 2165760K, 6% used [0x00000006f8000000,0x0000000700fda1e0,0x000000077c300000)
 Metaspace       used 118873K, capacity 121106K, committed 121304K, reserved 1155072K
  class space    used 15118K, capacity 15590K, committed 15616K, reserved 1048576K
}
{Heap before GC invocations=63 (full 4):
 PSYoungGen      total 1008640K, used 997056K [0x0000000781800000, 0x00000007c0000000, 0x00000007c0000000)
  eden space 992768K, 100% used [0x0000000781800000,0x00000007be180000,0x00000007be180000)
  from space 15872K, 27% used [0x00000007bf080000,0x00000007bf4b0000,0x00000007c0000000)
  to   space 15360K, 0% used [0x00000007be180000,0x00000007be180000,0x00000007bf080000)
 ParOldGen       total 2165760K, used 147304K [0x00000006f8000000, 0x000000077c300000, 0x0000000781800000)
  object space 2165760K, 6% used [0x00000006f8000000,0x0000000700fda1e0,0x000000077c300000)
 Metaspace       used 120584K, capacity 122950K, committed 123096K, reserved 1157120K
  class space    used 15253K, capacity 15748K, committed 15872K, reserved 1048576K
2022-06-20T08:02:18.179+0800: 110.472: [GC (Allocation Failure) [PSYoungGen: 997056K->5376K(1008128K)] 1144360K->155968K(3173888K), 0.0195930 secs] [Times: user=0.07 sys=0.01, real=0.02 secs] 
Heap after GC invocations=63 (full 4):
 PSYoungGen      total 1008128K, used 5376K [0x0000000781800000, 0x00000007c0000000, 0x00000007c0000000)
  eden space 992768K, 0% used [0x0000000781800000,0x0000000781800000,0x00000007be180000)
  from space 15360K, 35% used [0x00000007be180000,0x00000007be6c0010,0x00000007bf080000)
  to   space 14336K, 0% used [0x00000007bf200000,0x00000007bf200000,0x00000007c0000000)
 ParOldGen       total 2165760K, used 150592K [0x00000006f8000000, 0x000000077c300000, 0x0000000781800000)
  object space 2165760K, 6% used [0x00000006f8000000,0x00000007013101f0,0x000000077c300000)
 Metaspace       used 120584K, capacity 122950K, committed 123096K, reserved 1157120K
  class space    used 15253K, capacity 15748K, committed 15872K, reserved 1048576K
}
{Heap before GC invocations=64 (full 4):
 PSYoungGen      total 1008128K, used 998144K [0x0000000781800000, 0x00000007c0000000, 0x00000007c0000000)
  eden space 992768K, 100% used [0x0000000781800000,0x00000007be180000,0x00000007be180000)
  from space 15360K, 35% used [0x00000007be180000,0x00000007be6c0010,0x00000007bf080000)
  to   space 14336K, 0% used [0x00000007bf200000,0x00000007bf200000,0x00000007c0000000)
 ParOldGen       total 2165760K, used 150592K [0x00000006f8000000, 0x000000077c300000, 0x0000000781800000)
  object space 2165760K, 6% used [0x00000006f8000000,0x00000007013101f0,0x000000077c300000)
 Metaspace       used 121757K, capacity 124120K, committed 124376K, reserved 1157120K
  class space    used 15367K, capacity 15863K, committed 15872K, reserved 1048576K
2022-06-20T08:02:19.513+0800: 111.806: [GC (Allocation Failure) [PSYoungGen: 998144K->3200K(1010176K)] 1148736K->158195K(3175936K), 0.0196029 secs] [Times: user=0.05 sys=0.01, real=0.02 secs] 
Heap after GC invocations=64 (full 4):
 PSYoungGen      total 1010176K, used 3200K [0x0000000781800000, 0x00000007c0000000, 0x00000007c0000000)
  eden space 995840K, 0% used [0x0000000781800000,0x0000000781800000,0x00000007be480000)
  from space 14336K, 22% used [0x00000007bf200000,0x00000007bf520000,0x00000007c0000000)
  to   space 13824K, 0% used [0x00000007be480000,0x00000007be480000,0x00000007bf200000)
 ParOldGen       total 2165760K, used 154995K [0x00000006f8000000, 0x000000077c300000, 0x0000000781800000)
  object space 2165760K, 7% used [0x00000006f8000000,0x000000070175cc98,0x000000077c300000)
 Metaspace       used 121757K, capacity 124120K, committed 124376K, reserved 1157120K
  class space    used 15367K, capacity 15863K, committed 15872K, reserved 1048576K
}
{Heap before GC invocations=65 (full 4):
 PSYoungGen      total 1010176K, used 999040K [0x0000000781800000, 0x00000007c0000000, 0x00000007c0000000)
  eden space 995840K, 100% used [0x0000000781800000,0x00000007be480000,0x00000007be480000)
  from space 14336K, 22% used [0x00000007bf200000,0x00000007bf520000,0x00000007c0000000)
  to   space 13824K, 0% used [0x00000007be480000,0x00000007be480000,0x00000007bf200000)
 ParOldGen       total 2165760K, used 154995K [0x00000006f8000000, 0x000000077c300000, 0x0000000781800000)
  object space 2165760K, 7% used [0x00000006f8000000,0x000000070175cc98,0x000000077c300000)
 Metaspace       used 124876K, capacity 127224K, committed 127448K, reserved 1161216K
  class space    used 15781K, capacity 16279K, committed 16384K, reserved 1048576K
2022-06-20T08:02:20.869+0800: 113.162: [GC (Allocation Failure) [PSYoungGen: 999040K->3529K(1009664K)] 1154035K->160944K(3175424K), 0.0234162 secs] [Times: user=0.05 sys=0.01, real=0.02 secs] 
Heap after GC invocations=65 (full 4):
 PSYoungGen      total 1009664K, used 3529K [0x0000000781800000, 0x00000007c0000000, 0x00000007c0000000)
  eden space 995840K, 0% used [0x0000000781800000,0x0000000781800000,0x00000007be480000)
  from space 13824K, 25% used [0x00000007be480000,0x00000007be7f2660,0x00000007bf200000)
  to   space 13312K, 0% used [0x00000007bf300000,0x00000007bf300000,0x00000007c0000000)
 ParOldGen       total 2165760K, used 157415K [0x00000006f8000000, 0x000000077c300000, 0x0000000781800000)
  object space 2165760K, 7% used [0x00000006f8000000,0x00000007019b9ca8,0x000000077c300000)
 Metaspace       used 124876K, capacity 127224K, committed 127448K, reserved 1161216K
  class space    used 15781K, capacity 16279K, committed 16384K, reserved 1048576K
}
{Heap before GC invocations=66 (full 4):
 PSYoungGen      total 1009664K, used 999369K [0x0000000781800000, 0x00000007c0000000, 0x00000007c0000000)
  eden space 995840K, 100% used [0x0000000781800000,0x00000007be480000,0x00000007be480000)
  from space 13824K, 25% used [0x00000007be480000,0x00000007be7f2660,0x00000007bf200000)
  to   space 13312K, 0% used [0x00000007bf300000,0x00000007bf300000,0x00000007c0000000)
 ParOldGen       total 2165760K, used 157415K [0x00000006f8000000, 0x000000077c300000, 0x0000000781800000)
  object space 2165760K, 7% used [0x00000006f8000000,0x00000007019b9ca8,0x000000077c300000)
 Metaspace       used 126806K, capacity 129278K, committed 129368K, reserved 1163264K
  class space    used 15958K, capacity 16478K, committed 16512K, reserved 1048576K
2022-06-20T08:02:22.661+0800: 114.954: [GC (Allocation Failure) [PSYoungGen: 999369K->5904K(1011200K)] 1156784K->164307K(3176960K), 0.0166202 secs] [Times: user=0.04 sys=0.00, real=0.02 secs] 
Heap after GC invocations=66 (full 4):
 PSYoungGen      total 1011200K, used 5904K [0x0000000781800000, 0x00000007c0000000, 0x00000007c0000000)
  eden space 997888K, 0% used [0x0000000781800000,0x0000000781800000,0x00000007be680000)
  from space 13312K, 44% used [0x00000007bf300000,0x00000007bf8c4080,0x00000007c0000000)
  to   space 12800K, 0% used [0x00000007be680000,0x00000007be680000,0x00000007bf300000)
 ParOldGen       total 2165760K, used 158403K [0x00000006f8000000, 0x000000077c300000, 0x0000000781800000)
  object space 2165760K, 7% used [0x00000006f8000000,0x0000000701ab0cb8,0x000000077c300000)
 Metaspace       used 126806K, capacity 129278K, committed 129368K, reserved 1163264K
  class space    used 15958K, capacity 16478K, committed 16512K, reserved 1048576K
}
{Heap before GC invocations=67 (full 4):
 PSYoungGen      total 1011200K, used 1003792K [0x0000000781800000, 0x00000007c0000000, 0x00000007c0000000)
  eden space 997888K, 100% used [0x0000000781800000,0x00000007be680000,0x00000007be680000)
  from space 13312K, 44% used [0x00000007bf300000,0x00000007bf8c4080,0x00000007c0000000)
  to   space 12800K, 0% used [0x00000007be680000,0x00000007be680000,0x00000007bf300000)
 ParOldGen       total 2165760K, used 158403K [0x00000006f8000000, 0x000000077c300000, 0x0000000781800000)
  object space 2165760K, 7% used [0x00000006f8000000,0x0000000701ab0cb8,0x000000077c300000)
 Metaspace       used 128745K, capacity 131258K, committed 131288K, reserved 1163264K
  class space    used 16091K, capacity 16622K, committed 16640K, reserved 1048576K
2022-06-20T08:02:24.505+0800: 116.798: [GC (Allocation Failure) [PSYoungGen: 1003792K->5712K(1010688K)] 1162195K->168740K(3176448K), 0.0187647 secs] [Times: user=0.08 sys=0.01, real=0.02 secs] 
Heap after GC invocations=67 (full 4):
 PSYoungGen      total 1010688K, used 5712K [0x0000000781800000, 0x00000007c0000000, 0x00000007c0000000)
  eden space 997888K, 0% used [0x0000000781800000,0x0000000781800000,0x00000007be680000)
  from space 12800K, 44% used [0x00000007be680000,0x00000007bec14020,0x00000007bf300000)
  to   space 12288K, 0% used [0x00000007bf400000,0x00000007bf400000,0x00000007c0000000)
 ParOldGen       total 2165760K, used 163028K [0x00000006f8000000, 0x000000077c300000, 0x0000000781800000)
  object space 2165760K, 7% used [0x00000006f8000000,0x0000000701f352d8,0x000000077c300000)
 Metaspace       used 128745K, capacity 131258K, committed 131288K, reserved 1163264K
  class space    used 16091K, capacity 16622K, committed 16640K, reserved 1048576K
}
{Heap before GC invocations=68 (full 4):
 PSYoungGen      total 1010688K, used 1003600K [0x0000000781800000, 0x00000007c0000000, 0x00000007c0000000)
  eden space 997888K, 100% used [0x0000000781800000,0x00000007be680000,0x00000007be680000)
  from space 12800K, 44% used [0x00000007be680000,0x00000007bec14020,0x00000007bf300000)
  to   space 12288K, 0% used [0x00000007bf400000,0x00000007bf400000,0x00000007c0000000)
 ParOldGen       total 2165760K, used 163028K [0x00000006f8000000, 0x000000077c300000, 0x0000000781800000)
  object space 2165760K, 7% used [0x00000006f8000000,0x0000000701f352d8,0x000000077c300000)
 Metaspace       used 131024K, capacity 133622K, committed 133848K, reserved 1167360K
  class space    used 16286K, capacity 16808K, committed 16896K, reserved 1048576K
2022-06-20T08:02:26.504+0800: 118.796: [GC (Allocation Failure) [PSYoungGen: 1003600K->6112K(1012224K)] 1166628K->173717K(3177984K), 0.0168761 secs] [Times: user=0.05 sys=0.01, real=0.02 secs] 
Heap after GC invocations=68 (full 4):
 PSYoungGen      total 1012224K, used 6112K [0x0000000781800000, 0x00000007c0000000, 0x00000007c0000000)
  eden space 999936K, 0% used [0x0000000781800000,0x0000000781800000,0x00000007be880000)
  from space 12288K, 49% used [0x00000007bf400000,0x00000007bf9f8010,0x00000007c0000000)
  to   space 11776K, 0% used [0x00000007be880000,0x00000007be880000,0x00000007bf400000)
 ParOldGen       total 2165760K, used 167605K [0x00000006f8000000, 0x000000077c300000, 0x0000000781800000)
  object space 2165760K, 7% used [0x00000006f8000000,0x00000007023ad418,0x000000077c300000)
 Metaspace       used 131024K, capacity 133622K, committed 133848K, reserved 1167360K
  class space    used 16286K, capacity 16808K, committed 16896K, reserved 1048576K
}
{Heap before GC invocations=69 (full 4):
 PSYoungGen      total 1012224K, used 1006048K [0x0000000781800000, 0x00000007c0000000, 0x00000007c0000000)
  eden space 999936K, 100% used [0x0000000781800000,0x00000007be880000,0x00000007be880000)
  from space 12288K, 49% used [0x00000007bf400000,0x00000007bf9f8010,0x00000007c0000000)
  to   space 11776K, 0% used [0x00000007be880000,0x00000007be880000,0x00000007bf400000)
 ParOldGen       total 2165760K, used 167605K [0x00000006f8000000, 0x000000077c300000, 0x0000000781800000)
  object space 2165760K, 7% used [0x00000006f8000000,0x00000007023ad418,0x000000077c300000)
 Metaspace       used 132395K, capacity 134998K, committed 135256K, reserved 1167360K
  class space    used 16445K, capacity 16968K, committed 17024K, reserved 1048576K
2022-06-20T08:02:27.431+0800: 119.724: [GC (Allocation Failure) [PSYoungGen: 1006048K->1408K(1011712K)] 1173653K->174069K(3177472K), 0.0198034 secs] [Times: user=0.05 sys=0.00, real=0.02 secs] 
Heap after GC invocations=69 (full 4):
 PSYoungGen      total 1011712K, used 1408K [0x0000000781800000, 0x00000007c0000000, 0x00000007c0000000)
  eden space 999936K, 0% used [0x0000000781800000,0x0000000781800000,0x00000007be880000)
  from space 11776K, 11% used [0x00000007be880000,0x00000007be9e0000,0x00000007bf400000)
  to   space 11776K, 0% used [0x00000007bf480000,0x00000007bf480000,0x00000007c0000000)
 ParOldGen       total 2165760K, used 172661K [0x00000006f8000000, 0x000000077c300000, 0x0000000781800000)
  object space 2165760K, 7% used [0x00000006f8000000,0x000000070289d4a8,0x000000077c300000)
 Metaspace       used 132395K, capacity 134998K, committed 135256K, reserved 1167360K
  class space    used 16445K, capacity 16968K, committed 17024K, reserved 1048576K
}
{Heap before GC invocations=70 (full 4):
 PSYoungGen      total 1011712K, used 1001344K [0x0000000781800000, 0x00000007c0000000, 0x00000007c0000000)
  eden space 999936K, 100% used [0x0000000781800000,0x00000007be880000,0x00000007be880000)
  from space 11776K, 11% used [0x00000007be880000,0x00000007be9e0000,0x00000007bf400000)
  to   space 11776K, 0% used [0x00000007bf480000,0x00000007bf480000,0x00000007c0000000)
 ParOldGen       total 2165760K, used 172661K [0x00000006f8000000, 0x000000077c300000, 0x0000000781800000)
  object space 2165760K, 7% used [0x00000006f8000000,0x000000070289d4a8,0x000000077c300000)
 Metaspace       used 135068K, capacity 137700K, committed 137944K, reserved 1169408K
  class space    used 16782K, capacity 17332K, committed 17408K, reserved 1048576K
2022-06-20T08:02:28.563+0800: 120.856: [GC (Allocation Failure) [PSYoungGen: 1001344K->4644K(1012736K)] 1174005K->177513K(3178496K), 0.0207079 secs] [Times: user=0.04 sys=0.01, real=0.02 secs] 
Heap after GC invocations=70 (full 4):
 PSYoungGen      total 1012736K, used 4644K [0x0000000781800000, 0x00000007c0000000, 0x00000007c0000000)
  eden space 1000960K, 0% used [0x0000000781800000,0x0000000781800000,0x00000007be980000)
  from space 11776K, 39% used [0x00000007bf480000,0x00000007bf909168,0x00000007c0000000)
  to   space 11264K, 0% used [0x00000007be980000,0x00000007be980000,0x00000007bf480000)
 ParOldGen       total 2165760K, used 172869K [0x00000006f8000000, 0x000000077c300000, 0x0000000781800000)
  object space 2165760K, 7% used [0x00000006f8000000,0x00000007028d14a8,0x000000077c300000)
 Metaspace       used 135068K, capacity 137700K, committed 137944K, reserved 1169408K
  class space    used 16782K, capacity 17332K, committed 17408K, reserved 1048576K
}
{Heap before GC invocations=71 (full 4):
 PSYoungGen      total 1012736K, used 1005604K [0x0000000781800000, 0x00000007c0000000, 0x00000007c0000000)
  eden space 1000960K, 100% used [0x0000000781800000,0x00000007be980000,0x00000007be980000)
  from space 11776K, 39% used [0x00000007bf480000,0x00000007bf909168,0x00000007c0000000)
  to   space 11264K, 0% used [0x00000007be980000,0x00000007be980000,0x00000007bf480000)
 ParOldGen       total 2165760K, used 172869K [0x00000006f8000000, 0x000000077c300000, 0x0000000781800000)
  object space 2165760K, 7% used [0x00000006f8000000,0x00000007028d14a8,0x000000077c300000)
 Metaspace       used 136213K, capacity 138852K, committed 139096K, reserved 1171456K
  class space    used 16935K, capacity 17471K, committed 17536K, reserved 1048576K
2022-06-20T08:02:29.476+0800: 121.769: [GC (Allocation Failure) [PSYoungGen: 1005604K->5844K(1012224K)] 1178473K->181511K(3177984K), 0.0211591 secs] [Times: user=0.05 sys=0.00, real=0.02 secs] 
Heap after GC invocations=71 (full 4):
 PSYoungGen      total 1012224K, used 5844K [0x0000000781800000, 0x00000007c0000000, 0x00000007c0000000)
  eden space 1000960K, 0% used [0x0000000781800000,0x0000000781800000,0x00000007be980000)
  from space 11264K, 51% used [0x00000007be980000,0x00000007bef351b8,0x00000007bf480000)
  to   space 11264K, 0% used [0x00000007bf500000,0x00000007bf500000,0x00000007c0000000)
 ParOldGen       total 2165760K, used 175667K [0x00000006f8000000, 0x000000077c300000, 0x0000000781800000)
  object space 2165760K, 8% used [0x00000006f8000000,0x0000000702b8cd08,0x000000077c300000)
 Metaspace       used 136213K, capacity 138852K, committed 139096K, reserved 1171456K
  class space    used 16935K, capacity 17471K, committed 17536K, reserved 1048576K
}
{Heap before GC invocations=72 (full 4):
 PSYoungGen      total 1012224K, used 1006804K [0x0000000781800000, 0x00000007c0000000, 0x00000007c0000000)
  eden space 1000960K, 100% used [0x0000000781800000,0x00000007be980000,0x00000007be980000)
  from space 11264K, 51% used [0x00000007be980000,0x00000007bef351b8,0x00000007bf480000)
  to   space 11264K, 0% used [0x00000007bf500000,0x00000007bf500000,0x00000007c0000000)
 ParOldGen       total 2165760K, used 175667K [0x00000006f8000000, 0x000000077c300000, 0x0000000781800000)
  object space 2165760K, 8% used [0x00000006f8000000,0x0000000702b8cd08,0x000000077c300000)
 Metaspace       used 138223K, capacity 140928K, committed 141144K, reserved 1173504K
  class space    used 17209K, capacity 17769K, committed 17792K, reserved 1048576K
2022-06-20T08:02:30.846+0800: 123.138: [GC (Allocation Failure) [PSYoungGen: 1006804K->5104K(1013248K)] 1182471K->183747K(3179008K), 0.0216834 secs] [Times: user=0.07 sys=0.00, real=0.03 secs] 
Heap after GC invocations=72 (full 4):
 PSYoungGen      total 1013248K, used 5104K [0x0000000781800000, 0x00000007c0000000, 0x00000007c0000000)
  eden space 1001984K, 0% used [0x0000000781800000,0x0000000781800000,0x00000007bea80000)
  from space 11264K, 45% used [0x00000007bf500000,0x00000007bf9fc010,0x00000007c0000000)
  to   space 10752K, 0% used [0x00000007bea80000,0x00000007bea80000,0x00000007bf500000)
 ParOldGen       total 2165760K, used 178643K [0x00000006f8000000, 0x000000077c300000, 0x0000000781800000)
  object space 2165760K, 8% used [0x00000006f8000000,0x0000000702e74dd8,0x000000077c300000)
 Metaspace       used 138223K, capacity 140928K, committed 141144K, reserved 1173504K
  class space    used 17209K, capacity 17769K, committed 17792K, reserved 1048576K
}
{Heap before GC invocations=73 (full 4):
 PSYoungGen      total 1013248K, used 1007088K [0x0000000781800000, 0x00000007c0000000, 0x00000007c0000000)
  eden space 1001984K, 100% used [0x0000000781800000,0x00000007bea80000,0x00000007bea80000)
  from space 11264K, 45% used [0x00000007bf500000,0x00000007bf9fc010,0x00000007c0000000)
  to   space 10752K, 0% used [0x00000007bea80000,0x00000007bea80000,0x00000007bf500000)
 ParOldGen       total 2165760K, used 178643K [0x00000006f8000000, 0x000000077c300000, 0x0000000781800000)
  object space 2165760K, 8% used [0x00000006f8000000,0x0000000702e74dd8,0x000000077c300000)
 Metaspace       used 139529K, capacity 142268K, committed 142424K, reserved 1173504K
  class space    used 17391K, capacity 17957K, committed 18048K, reserved 1048576K
2022-06-20T08:02:32.405+0800: 124.698: [GC (Allocation Failure) [PSYoungGen: 1007088K->4640K(1012736K)] 1185731K->185187K(3178496K), 0.0168038 secs] [Times: user=0.05 sys=0.00, real=0.02 secs] 
Heap after GC invocations=73 (full 4):
 PSYoungGen      total 1012736K, used 4640K [0x0000000781800000, 0x00000007c0000000, 0x00000007c0000000)
  eden space 1001984K, 0% used [0x0000000781800000,0x0000000781800000,0x00000007bea80000)
  from space 10752K, 43% used [0x00000007bea80000,0x00000007bef08000,0x00000007bf500000)
  to   space 10240K, 0% used [0x00000007bf600000,0x00000007bf600000,0x00000007c0000000)
 ParOldGen       total 2165760K, used 180547K [0x00000006f8000000, 0x000000077c300000, 0x0000000781800000)
  object space 2165760K, 8% used [0x00000006f8000000,0x0000000703050dd8,0x000000077c300000)
 Metaspace       used 139529K, capacity 142268K, committed 142424K, reserved 1173504K
  class space    used 17391K, capacity 17957K, committed 18048K, reserved 1048576K
}
{Heap before GC invocations=74 (full 4):
 PSYoungGen      total 1012736K, used 1006624K [0x0000000781800000, 0x00000007c0000000, 0x00000007c0000000)
  eden space 1001984K, 100% used [0x0000000781800000,0x00000007bea80000,0x00000007bea80000)
  from space 10752K, 43% used [0x00000007bea80000,0x00000007bef08000,0x00000007bf500000)
  to   space 10240K, 0% used [0x00000007bf600000,0x00000007bf600000,0x00000007c0000000)
 ParOldGen       total 2165760K, used 180547K [0x00000006f8000000, 0x000000077c300000, 0x0000000781800000)
  object space 2165760K, 8% used [0x00000006f8000000,0x0000000703050dd8,0x000000077c300000)
 Metaspace       used 140932K, capacity 143848K, committed 144088K, reserved 1175552K
  class space    used 17557K, capacity 18147K, committed 18176K, reserved 1048576K
2022-06-20T08:02:33.203+0800: 125.496: [GC (Allocation Failure) [PSYoungGen: 1006624K->10216K(1008640K)] 1187171K->194472K(3174400K), 0.0284180 secs] [Times: user=0.09 sys=0.01, real=0.03 secs] 
Heap after GC invocations=74 (full 4):
 PSYoungGen      total 1008640K, used 10216K [0x0000000781800000, 0x00000007c0000000, 0x00000007c0000000)
  eden space 998400K, 0% used [0x0000000781800000,0x0000000781800000,0x00000007be700000)
  from space 10240K, 99% used [0x00000007bf600000,0x00000007bfffa1f0,0x00000007c0000000)
  to   space 12800K, 0% used [0x00000007be700000,0x00000007be700000,0x00000007bf380000)
 ParOldGen       total 2165760K, used 184255K [0x00000006f8000000, 0x000000077c300000, 0x0000000781800000)
  object space 2165760K, 8% used [0x00000006f8000000,0x00000007033efe50,0x000000077c300000)
 Metaspace       used 140932K, capacity 143848K, committed 144088K, reserved 1175552K
  class space    used 17557K, capacity 18147K, committed 18176K, reserved 1048576K
}
{Heap before GC invocations=75 (full 4):
 PSYoungGen      total 1008640K, used 1008616K [0x0000000781800000, 0x00000007c0000000, 0x00000007c0000000)
  eden space 998400K, 100% used [0x0000000781800000,0x00000007be700000,0x00000007be700000)
  from space 10240K, 99% used [0x00000007bf600000,0x00000007bfffa1f0,0x00000007c0000000)
  to   space 12800K, 0% used [0x00000007be700000,0x00000007be700000,0x00000007bf380000)
 ParOldGen       total 2165760K, used 184255K [0x00000006f8000000, 0x000000077c300000, 0x0000000781800000)
  object space 2165760K, 8% used [0x00000006f8000000,0x00000007033efe50,0x000000077c300000)
 Metaspace       used 142465K, capacity 145338K, committed 145496K, reserved 1177600K
  class space    used 17686K, capacity 18278K, committed 18304K, reserved 1048576K
2022-06-20T08:02:33.749+0800: 126.042: [GC (Allocation Failure) [PSYoungGen: 1008616K->12793K(1011200K)] 1192872K->222441K(3176960K), 0.0364168 secs] [Times: user=0.05 sys=0.02, real=0.03 secs] 
Heap after GC invocations=75 (full 4):
 PSYoungGen      total 1011200K, used 12793K [0x0000000781800000, 0x00000007c0000000, 0x00000007c0000000)
  eden space 998400K, 0% used [0x0000000781800000,0x0000000781800000,0x00000007be700000)
  from space 12800K, 99% used [0x00000007be700000,0x00000007bf37e740,0x00000007bf380000)
  to   space 12800K, 0% used [0x00000007bf380000,0x00000007bf380000,0x00000007c0000000)
 ParOldGen       total 2165760K, used 209647K [0x00000006f8000000, 0x000000077c300000, 0x0000000781800000)
  object space 2165760K, 9% used [0x00000006f8000000,0x0000000704cbbfc0,0x000000077c300000)
 Metaspace       used 142465K, capacity 145338K, committed 145496K, reserved 1177600K
  class space    used 17686K, capacity 18278K, committed 18304K, reserved 1048576K
}
{Heap before GC invocations=76 (full 4):
 PSYoungGen      total 1011200K, used 1011193K [0x0000000781800000, 0x00000007c0000000, 0x00000007c0000000)
  eden space 998400K, 100% used [0x0000000781800000,0x00000007be700000,0x00000007be700000)
  from space 12800K, 99% used [0x00000007be700000,0x00000007bf37e740,0x00000007bf380000)
  to   space 12800K, 0% used [0x00000007bf380000,0x00000007bf380000,0x00000007c0000000)
 ParOldGen       total 2165760K, used 209647K [0x00000006f8000000, 0x000000077c300000, 0x0000000781800000)
  object space 2165760K, 9% used [0x00000006f8000000,0x0000000704cbbfc0,0x000000077c300000)
 Metaspace       used 145306K, capacity 148406K, committed 148696K, reserved 1179648K
  class space    used 17974K, capacity 18645K, committed 18688K, reserved 1048576K
2022-06-20T08:02:34.445+0800: 126.738: [GC (Allocation Failure) [PSYoungGen: 1011193K->12776K(978432K)] 1220841K->235721K(3144192K), 0.0187774 secs] [Times: user=0.06 sys=0.01, real=0.02 secs] 
Heap after GC invocations=76 (full 4):
 PSYoungGen      total 978432K, used 12776K [0x0000000781800000, 0x00000007c0000000, 0x00000007c0000000)
  eden space 965632K, 0% used [0x0000000781800000,0x0000000781800000,0x00000007bc700000)
  from space 12800K, 99% used [0x00000007bf380000,0x00000007bfffa3e0,0x00000007c0000000)
  to   space 29184K, 0% used [0x00000007bc700000,0x00000007bc700000,0x00000007be380000)
 ParOldGen       total 2165760K, used 222944K [0x00000006f8000000, 0x000000077c300000, 0x0000000781800000)
  object space 2165760K, 10% used [0x00000006f8000000,0x00000007059b80f8,0x000000077c300000)
 Metaspace       used 145306K, capacity 148406K, committed 148696K, reserved 1179648K
  class space    used 17974K, capacity 18645K, committed 18688K, reserved 1048576K
}
{Heap before GC invocations=77 (full 4):
 PSYoungGen      total 978432K, used 978408K [0x0000000781800000, 0x00000007c0000000, 0x00000007c0000000)
  eden space 965632K, 100% used [0x0000000781800000,0x00000007bc700000,0x00000007bc700000)
  from space 12800K, 99% used [0x00000007bf380000,0x00000007bfffa3e0,0x00000007c0000000)
  to   space 29184K, 0% used [0x00000007bc700000,0x00000007bc700000,0x00000007be380000)
 ParOldGen       total 2165760K, used 222944K [0x00000006f8000000, 0x000000077c300000, 0x0000000781800000)
  object space 2165760K, 10% used [0x00000006f8000000,0x00000007059b80f8,0x000000077c300000)
 Metaspace       used 148196K, capacity 151278K, committed 151384K, reserved 1181696K
  class space    used 18367K, capacity 19001K, committed 19072K, reserved 1048576K
2022-06-20T08:02:35.680+0800: 127.973: [GC (Allocation Failure) [PSYoungGen: 978408K->8355K(994816K)] 1201353K->240070K(3160576K), 0.0274435 secs] [Times: user=0.06 sys=0.01, real=0.03 secs] 
Heap after GC invocations=77 (full 4):
 PSYoungGen      total 994816K, used 8355K [0x0000000781800000, 0x00000007c0000000, 0x00000007c0000000)
  eden space 965632K, 0% used [0x0000000781800000,0x0000000781800000,0x00000007bc700000)
  from space 29184K, 28% used [0x00000007bc700000,0x00000007bcf28cb8,0x00000007be380000)
  to   space 27648K, 0% used [0x00000007be500000,0x00000007be500000,0x00000007c0000000)
 ParOldGen       total 2165760K, used 231715K [0x00000006f8000000, 0x000000077c300000, 0x0000000781800000)
  object space 2165760K, 10% used [0x00000006f8000000,0x0000000706248dc8,0x000000077c300000)
 Metaspace       used 148196K, capacity 151278K, committed 151384K, reserved 1181696K
  class space    used 18367K, capacity 19001K, committed 19072K, reserved 1048576K
}
{Heap before GC invocations=78 (full 4):
 PSYoungGen      total 994816K, used 973987K [0x0000000781800000, 0x00000007c0000000, 0x00000007c0000000)
  eden space 965632K, 100% used [0x0000000781800000,0x00000007bc700000,0x00000007bc700000)
  from space 29184K, 28% used [0x00000007bc700000,0x00000007bcf28cb8,0x00000007be380000)
  to   space 27648K, 0% used [0x00000007be500000,0x00000007be500000,0x00000007c0000000)
 ParOldGen       total 2165760K, used 231715K [0x00000006f8000000, 0x000000077c300000, 0x0000000781800000)
  object space 2165760K, 10% used [0x00000006f8000000,0x0000000706248dc8,0x000000077c300000)
 Metaspace       used 149729K, capacity 152878K, committed 153048K, reserved 1183744K
  class space    used 18533K, capacity 19193K, committed 19200K, reserved 1048576K
2022-06-20T08:02:36.587+0800: 128.880: [GC (Allocation Failure) [PSYoungGen: 973987K->992K(996352K)] 1205702K->237054K(3162112K), 0.0123838 secs] [Times: user=0.03 sys=0.00, real=0.01 secs] 
Heap after GC invocations=78 (full 4):
 PSYoungGen      total 996352K, used 992K [0x0000000781800000, 0x00000007c0000000, 0x00000007c0000000)
  eden space 968704K, 0% used [0x0000000781800000,0x0000000781800000,0x00000007bca00000)
  from space 27648K, 3% used [0x00000007be500000,0x00000007be5f8000,0x00000007c0000000)
  to   space 27648K, 0% used [0x00000007bca00000,0x00000007bca00000,0x00000007be500000)
 ParOldGen       total 2165760K, used 236062K [0x00000006f8000000, 0x000000077c300000, 0x0000000781800000)
  object space 2165760K, 10% used [0x00000006f8000000,0x0000000706687818,0x000000077c300000)
 Metaspace       used 149729K, capacity 152878K, committed 153048K, reserved 1183744K
  class space    used 18533K, capacity 19193K, committed 19200K, reserved 1048576K
}
{Heap before GC invocations=79 (full 4):
 PSYoungGen      total 996352K, used 969696K [0x0000000781800000, 0x00000007c0000000, 0x00000007c0000000)
  eden space 968704K, 100% used [0x0000000781800000,0x00000007bca00000,0x00000007bca00000)
  from space 27648K, 3% used [0x00000007be500000,0x00000007be5f8000,0x00000007c0000000)
  to   space 27648K, 0% used [0x00000007bca00000,0x00000007bca00000,0x00000007be500000)
 ParOldGen       total 2165760K, used 236062K [0x00000006f8000000, 0x000000077c300000, 0x0000000781800000)
  object space 2165760K, 10% used [0x00000006f8000000,0x0000000706687818,0x000000077c300000)
 Metaspace       used 150878K, capacity 153940K, committed 154072K, reserved 1183744K
  class space    used 18719K, capacity 19354K, committed 19456K, reserved 1048576K
2022-06-20T08:02:37.518+0800: 129.810: [GC (Allocation Failure) [PSYoungGen: 969696K->1665K(996352K)] 1205758K->237879K(3162112K), 0.0133303 secs] [Times: user=0.03 sys=0.00, real=0.01 secs] 
Heap after GC invocations=79 (full 4):
 PSYoungGen      total 996352K, used 1665K [0x0000000781800000, 0x00000007c0000000, 0x00000007c0000000)
  eden space 968704K, 0% used [0x0000000781800000,0x0000000781800000,0x00000007bca00000)
  from space 27648K, 6% used [0x00000007bca00000,0x00000007bcba0520,0x00000007be500000)
  to   space 27136K, 0% used [0x00000007be580000,0x00000007be580000,0x00000007c0000000)
 ParOldGen       total 2165760K, used 236214K [0x00000006f8000000, 0x000000077c300000, 0x0000000781800000)
  object space 2165760K, 10% used [0x00000006f8000000,0x00000007066ad818,0x000000077c300000)
 Metaspace       used 150878K, capacity 153940K, committed 154072K, reserved 1183744K
  class space    used 18719K, capacity 19354K, committed 19456K, reserved 1048576K
}
{Heap before GC invocations=80 (full 4):
 PSYoungGen      total 996352K, used 970369K [0x0000000781800000, 0x00000007c0000000, 0x00000007c0000000)
  eden space 968704K, 100% used [0x0000000781800000,0x00000007bca00000,0x00000007bca00000)
  from space 27648K, 6% used [0x00000007bca00000,0x00000007bcba0520,0x00000007be500000)
  to   space 27136K, 0% used [0x00000007be580000,0x00000007be580000,0x00000007c0000000)
 ParOldGen       total 2165760K, used 236214K [0x00000006f8000000, 0x000000077c300000, 0x0000000781800000)
  object space 2165760K, 10% used [0x00000006f8000000,0x00000007066ad818,0x000000077c300000)
 Metaspace       used 152157K, capacity 155430K, committed 155736K, reserved 1185792K
  class space    used 18862K, capacity 19531K, committed 19584K, reserved 1048576K
2022-06-20T08:02:38.619+0800: 130.912: [GC (Allocation Failure) [PSYoungGen: 970369K->3968K(997888K)] 1206583K->240575K(3163648K), 0.0131279 secs] [Times: user=0.04 sys=0.00, real=0.01 secs] 
Heap after GC invocations=80 (full 4):
 PSYoungGen      total 997888K, used 3968K [0x0000000781800000, 0x00000007c0000000, 0x00000007c0000000)
  eden space 970752K, 0% used [0x0000000781800000,0x0000000781800000,0x00000007bcc00000)
  from space 27136K, 14% used [0x00000007be580000,0x00000007be960000,0x00000007c0000000)
  to   space 26112K, 0% used [0x00000007bcc00000,0x00000007bcc00000,0x00000007be580000)
 ParOldGen       total 2165760K, used 236607K [0x00000006f8000000, 0x000000077c300000, 0x0000000781800000)
  object space 2165760K, 10% used [0x00000006f8000000,0x000000070670fd38,0x000000077c300000)
 Metaspace       used 152157K, capacity 155430K, committed 155736K, reserved 1185792K
  class space    used 18862K, capacity 19531K, committed 19584K, reserved 1048576K
}
{Heap before GC invocations=81 (full 4):
 PSYoungGen      total 997888K, used 974720K [0x0000000781800000, 0x00000007c0000000, 0x00000007c0000000)
  eden space 970752K, 100% used [0x0000000781800000,0x00000007bcc00000,0x00000007bcc00000)
  from space 27136K, 14% used [0x00000007be580000,0x00000007be960000,0x00000007c0000000)
  to   space 26112K, 0% used [0x00000007bcc00000,0x00000007bcc00000,0x00000007be580000)
 ParOldGen       total 2165760K, used 236607K [0x00000006f8000000, 0x000000077c300000, 0x0000000781800000)
  object space 2165760K, 10% used [0x00000006f8000000,0x000000070670fd38,0x000000077c300000)
 Metaspace       used 153010K, capacity 156312K, committed 156632K, reserved 1185792K
  class space    used 18970K, capacity 19630K, committed 19712K, reserved 1048576K
2022-06-20T08:02:39.644+0800: 131.937: [GC (Allocation Failure) [PSYoungGen: 974720K->3104K(996864K)] 1211327K->242923K(3162624K), 0.0163525 secs] [Times: user=0.07 sys=0.00, real=0.02 secs] 
Heap after GC invocations=81 (full 4):
 PSYoungGen      total 996864K, used 3104K [0x0000000781800000, 0x00000007c0000000, 0x00000007c0000000)
  eden space 970752K, 0% used [0x0000000781800000,0x0000000781800000,0x00000007bcc00000)
  from space 26112K, 11% used [0x00000007bcc00000,0x00000007bcf08000,0x00000007be580000)
  to   space 25088K, 0% used [0x00000007be780000,0x00000007be780000,0x00000007c0000000)
 ParOldGen       total 2165760K, used 239819K [0x00000006f8000000, 0x000000077c300000, 0x0000000781800000)
  object space 2165760K, 11% used [0x00000006f8000000,0x0000000706a32d78,0x000000077c300000)
 Metaspace       used 153010K, capacity 156312K, committed 156632K, reserved 1185792K
  class space    used 18970K, capacity 19630K, committed 19712K, reserved 1048576K
}
{Heap before GC invocations=82 (full 4):
 PSYoungGen      total 996864K, used 973856K [0x0000000781800000, 0x00000007c0000000, 0x00000007c0000000)
  eden space 970752K, 100% used [0x0000000781800000,0x00000007bcc00000,0x00000007bcc00000)
  from space 26112K, 11% used [0x00000007bcc00000,0x00000007bcf08000,0x00000007be580000)
  to   space 25088K, 0% used [0x00000007be780000,0x00000007be780000,0x00000007c0000000)
 ParOldGen       total 2165760K, used 239819K [0x00000006f8000000, 0x000000077c300000, 0x0000000781800000)
  object space 2165760K, 11% used [0x00000006f8000000,0x0000000706a32d78,0x000000077c300000)
 Metaspace       used 154699K, capacity 158210K, committed 158296K, reserved 1187840K
  class space    used 19106K, capacity 19798K, committed 19840K, reserved 1048576K
2022-06-20T08:02:41.065+0800: 133.357: [GC (Allocation Failure) [PSYoungGen: 973856K->14816K(996864K)] 1213675K->257048K(3162624K), 0.0211206 secs] [Times: user=0.06 sys=0.01, real=0.02 secs] 
Heap after GC invocations=82 (full 4):
 PSYoungGen      total 996864K, used 14816K [0x0000000781800000, 0x00000007c0000000, 0x00000007c0000000)
  eden space 971776K, 0% used [0x0000000781800000,0x0000000781800000,0x00000007bcd00000)
  from space 25088K, 59% used [0x00000007be780000,0x00000007bf5f8020,0x00000007c0000000)
  to   space 26112K, 0% used [0x00000007bcd00000,0x00000007bcd00000,0x00000007be680000)
 ParOldGen       total 2165760K, used 242232K [0x00000006f8000000, 0x000000077c300000, 0x0000000781800000)
  object space 2165760K, 11% used [0x00000006f8000000,0x0000000706c8e058,0x000000077c300000)
 Metaspace       used 154699K, capacity 158210K, committed 158296K, reserved 1187840K
  class space    used 19106K, capacity 19798K, committed 19840K, reserved 1048576K
}
{Heap before GC invocations=83 (full 4):
 PSYoungGen      total 996864K, used 986592K [0x0000000781800000, 0x00000007c0000000, 0x00000007c0000000)
  eden space 971776K, 100% used [0x0000000781800000,0x00000007bcd00000,0x00000007bcd00000)
  from space 25088K, 59% used [0x00000007be780000,0x00000007bf5f8020,0x00000007c0000000)
  to   space 26112K, 0% used [0x00000007bcd00000,0x00000007bcd00000,0x00000007be680000)
 ParOldGen       total 2165760K, used 242232K [0x00000006f8000000, 0x000000077c300000, 0x0000000781800000)
  object space 2165760K, 11% used [0x00000006f8000000,0x0000000706c8e058,0x000000077c300000)
 Metaspace       used 155525K, capacity 158988K, committed 159192K, reserved 1187840K
  class space    used 19228K, capacity 19928K, committed 19968K, reserved 1048576K
2022-06-20T08:02:42.105+0800: 134.398: [GC (Allocation Failure) [PSYoungGen: 986592K->3584K(997888K)] 1228824K->259816K(3163648K), 0.0211672 secs] [Times: user=0.11 sys=0.01, real=0.03 secs] 
Heap after GC invocations=83 (full 4):
 PSYoungGen      total 997888K, used 3584K [0x0000000781800000, 0x00000007c0000000, 0x00000007c0000000)
  eden space 971776K, 0% used [0x0000000781800000,0x0000000781800000,0x00000007bcd00000)
  from space 26112K, 13% used [0x00000007bcd00000,0x00000007bd080000,0x00000007be680000)
  to   space 25088K, 0% used [0x00000007be780000,0x00000007be780000,0x00000007c0000000)
 ParOldGen       total 2165760K, used 256232K [0x00000006f8000000, 0x000000077c300000, 0x0000000781800000)
  object space 2165760K, 11% used [0x00000006f8000000,0x0000000707a3a098,0x000000077c300000)
 Metaspace       used 155525K, capacity 158988K, committed 159192K, reserved 1187840K
  class space    used 19228K, capacity 19928K, committed 19968K, reserved 1048576K
}
{Heap before GC invocations=84 (full 4):
 PSYoungGen      total 997888K, used 975360K [0x0000000781800000, 0x00000007c0000000, 0x00000007c0000000)
  eden space 971776K, 100% used [0x0000000781800000,0x00000007bcd00000,0x00000007bcd00000)
  from space 26112K, 13% used [0x00000007bcd00000,0x00000007bd080000,0x00000007be680000)
  to   space 25088K, 0% used [0x00000007be780000,0x00000007be780000,0x00000007c0000000)
 ParOldGen       total 2165760K, used 256232K [0x00000006f8000000, 0x000000077c300000, 0x0000000781800000)
  object space 2165760K, 11% used [0x00000006f8000000,0x0000000707a3a098,0x000000077c300000)
 Metaspace       used 156644K, capacity 160184K, committed 160344K, reserved 1189888K
  class space    used 19367K, capacity 20072K, committed 20096K, reserved 1048576K
2022-06-20T08:02:43.104+0800: 135.397: [GC (Allocation Failure) [PSYoungGen: 975360K->4016K(999936K)] 1231592K->263024K(3165696K), 0.0131543 secs] [Times: user=0.06 sys=0.01, real=0.02 secs] 
Heap after GC invocations=84 (full 4):
 PSYoungGen      total 999936K, used 4016K [0x0000000781800000, 0x00000007c0000000, 0x00000007c0000000)
  eden space 974848K, 0% used [0x0000000781800000,0x0000000781800000,0x00000007bd000000)
  from space 25088K, 16% used [0x00000007be780000,0x00000007beb6c060,0x00000007c0000000)
  to   space 24064K, 0% used [0x00000007bd000000,0x00000007bd000000,0x00000007be780000)
 ParOldGen       total 2165760K, used 259008K [0x00000006f8000000, 0x000000077c300000, 0x0000000781800000)
  object space 2165760K, 11% used [0x00000006f8000000,0x0000000707cf0098,0x000000077c300000)
 Metaspace       used 156644K, capacity 160184K, committed 160344K, reserved 1189888K
  class space    used 19367K, capacity 20072K, committed 20096K, reserved 1048576K
}
{Heap before GC invocations=85 (full 4):
 PSYoungGen      total 999936K, used 978864K [0x0000000781800000, 0x00000007c0000000, 0x00000007c0000000)
  eden space 974848K, 100% used [0x0000000781800000,0x00000007bd000000,0x00000007bd000000)
  from space 25088K, 16% used [0x00000007be780000,0x00000007beb6c060,0x00000007c0000000)
  to   space 24064K, 0% used [0x00000007bd000000,0x00000007bd000000,0x00000007be780000)
 ParOldGen       total 2165760K, used 259008K [0x00000006f8000000, 0x000000077c300000, 0x0000000781800000)
  object space 2165760K, 11% used [0x00000006f8000000,0x0000000707cf0098,0x000000077c300000)
 Metaspace       used 158902K, capacity 162506K, committed 162776K, reserved 1191936K
  class space    used 19645K, capacity 20401K, committed 20480K, reserved 1048576K
2022-06-20T08:02:44.745+0800: 137.038: [GC (Allocation Failure) [PSYoungGen: 978864K->15926K(991232K)] 1237872K->277758K(3156992K), 0.0233645 secs] [Times: user=0.08 sys=0.01, real=0.03 secs] 
Heap after GC invocations=85 (full 4):
 PSYoungGen      total 991232K, used 15926K [0x0000000781800000, 0x00000007c0000000, 0x00000007c0000000)
  eden space 974848K, 0% used [0x0000000781800000,0x0000000781800000,0x00000007bd000000)
  from space 16384K, 97% used [0x00000007bd000000,0x00000007bdf8d8d8,0x00000007be000000)
  to   space 25600K, 0% used [0x00000007be700000,0x00000007be700000,0x00000007c0000000)
 ParOldGen       total 2165760K, used 261832K [0x00000006f8000000, 0x000000077c300000, 0x0000000781800000)
  object space 2165760K, 12% used [0x00000006f8000000,0x0000000707fb2158,0x000000077c300000)
 Metaspace       used 158902K, capacity 162506K, committed 162776K, reserved 1191936K
  class space    used 19645K, capacity 20401K, committed 20480K, reserved 1048576K
}
{Heap before GC invocations=86 (full 4):
 PSYoungGen      total 991232K, used 990774K [0x0000000781800000, 0x00000007c0000000, 0x00000007c0000000)
  eden space 974848K, 100% used [0x0000000781800000,0x00000007bd000000,0x00000007bd000000)
  from space 16384K, 97% used [0x00000007bd000000,0x00000007bdf8d8d8,0x00000007be000000)
  to   space 25600K, 0% used [0x00000007be700000,0x00000007be700000,0x00000007c0000000)
 ParOldGen       total 2165760K, used 261832K [0x00000006f8000000, 0x000000077c300000, 0x0000000781800000)
  object space 2165760K, 12% used [0x00000006f8000000,0x0000000707fb2158,0x000000077c300000)
 Metaspace       used 159862K, capacity 163494K, committed 163672K, reserved 1191936K
  class space    used 19767K, capacity 20534K, committed 20608K, reserved 1048576K
2022-06-20T08:02:45.486+0800: 137.778: [GC (Allocation Failure) [PSYoungGen: 990774K->20716K(992256K)] 1252606K->286002K(3158016K), 0.0506076 secs] [Times: user=0.07 sys=0.00, real=0.06 secs] 
Heap after GC invocations=86 (full 4):
 PSYoungGen      total 992256K, used 20716K [0x0000000781800000, 0x00000007c0000000, 0x00000007c0000000)
  eden space 966656K, 0% used [0x0000000781800000,0x0000000781800000,0x00000007bc800000)
  from space 25600K, 80% used [0x00000007be700000,0x00000007bfb3b348,0x00000007c0000000)
  to   space 28672K, 0% used [0x00000007bc800000,0x00000007bc800000,0x00000007be400000)
 ParOldGen       total 2165760K, used 265285K [0x00000006f8000000, 0x000000077c300000, 0x0000000781800000)
  object space 2165760K, 12% used [0x00000006f8000000,0x00000007083115f8,0x000000077c300000)
 Metaspace       used 159862K, capacity 163494K, committed 163672K, reserved 1191936K
  class space    used 19767K, capacity 20534K, committed 20608K, reserved 1048576K
}
{Heap before GC invocations=87 (full 4):
 PSYoungGen      total 992256K, used 987372K [0x0000000781800000, 0x00000007c0000000, 0x00000007c0000000)
  eden space 966656K, 100% used [0x0000000781800000,0x00000007bc800000,0x00000007bc800000)
  from space 25600K, 80% used [0x00000007be700000,0x00000007bfb3b348,0x00000007c0000000)
  to   space 28672K, 0% used [0x00000007bc800000,0x00000007bc800000,0x00000007be400000)
 ParOldGen       total 2165760K, used 265285K [0x00000006f8000000, 0x000000077c300000, 0x0000000781800000)
  object space 2165760K, 12% used [0x00000006f8000000,0x00000007083115f8,0x000000077c300000)
 Metaspace       used 160427K, capacity 164118K, committed 164160K, reserved 1193984K
  class space    used 19818K, capacity 20607K, committed 20608K, reserved 1048576K
2022-06-20T08:02:46.541+0800: 138.834: [GC (Allocation Failure) [PSYoungGen: 987372K->28659K(995328K)] 1252658K->331377K(3161088K), 0.0559050 secs] [Times: user=0.13 sys=0.01, real=0.06 secs] 
Heap after GC invocations=87 (full 4):
 PSYoungGen      total 995328K, used 28659K [0x0000000781800000, 0x00000007c0000000, 0x00000007c0000000)
  eden space 966656K, 0% used [0x0000000781800000,0x0000000781800000,0x00000007bc800000)
  from space 28672K, 99% used [0x00000007bc800000,0x00000007be3fce00,0x00000007be400000)
  to   space 28672K, 0% used [0x00000007be400000,0x00000007be400000,0x00000007c0000000)
 ParOldGen       total 2165760K, used 302718K [0x00000006f8000000, 0x000000077c300000, 0x0000000781800000)
  object space 2165760K, 13% used [0x00000006f8000000,0x000000070a79f8e0,0x000000077c300000)
 Metaspace       used 160427K, capacity 164118K, committed 164160K, reserved 1193984K
  class space    used 19818K, capacity 20607K, committed 20608K, reserved 1048576K
}
{Heap before GC invocations=88 (full 4):
 PSYoungGen      total 995328K, used 51265K [0x0000000781800000, 0x00000007c0000000, 0x00000007c0000000)
  eden space 966656K, 2% used [0x0000000781800000,0x0000000782e13748,0x00000007bc800000)
  from space 28672K, 99% used [0x00000007bc800000,0x00000007be3fce00,0x00000007be400000)
  to   space 28672K, 0% used [0x00000007be400000,0x00000007be400000,0x00000007c0000000)
 ParOldGen       total 2165760K, used 302718K [0x00000006f8000000, 0x000000077c300000, 0x0000000781800000)
  object space 2165760K, 13% used [0x00000006f8000000,0x000000070a79f8e0,0x000000077c300000)
 Metaspace       used 160446K, capacity 164122K, committed 164160K, reserved 1193984K
  class space    used 19818K, capacity 20607K, committed 20608K, reserved 1048576K
2022-06-20T08:02:46.619+0800: 138.912: [GC (Metadata GC Threshold) [PSYoungGen: 51265K->192K(958464K)] 353983K->324812K(3124224K), 0.0121851 secs] [Times: user=0.03 sys=0.02, real=0.01 secs] 
Heap after GC invocations=88 (full 4):
 PSYoungGen      total 958464K, used 192K [0x0000000781800000, 0x00000007c0000000, 0x00000007c0000000)
  eden space 929792K, 0% used [0x0000000781800000,0x0000000781800000,0x00000007ba400000)
  from space 28672K, 0% used [0x00000007be400000,0x00000007be430000,0x00000007c0000000)
  to   space 47104K, 0% used [0x00000007ba400000,0x00000007ba400000,0x00000007bd200000)
 ParOldGen       total 2165760K, used 324620K [0x00000006f8000000, 0x000000077c300000, 0x0000000781800000)
  object space 2165760K, 14% used [0x00000006f8000000,0x000000070bd030f8,0x000000077c300000)
 Metaspace       used 160446K, capacity 164122K, committed 164160K, reserved 1193984K
  class space    used 19818K, capacity 20607K, committed 20608K, reserved 1048576K
}
{Heap before GC invocations=89 (full 5):
 PSYoungGen      total 958464K, used 192K [0x0000000781800000, 0x00000007c0000000, 0x00000007c0000000)
  eden space 929792K, 0% used [0x0000000781800000,0x0000000781800000,0x00000007ba400000)
  from space 28672K, 0% used [0x00000007be400000,0x00000007be430000,0x00000007c0000000)
  to   space 47104K, 0% used [0x00000007ba400000,0x00000007ba400000,0x00000007bd200000)
 ParOldGen       total 2165760K, used 324620K [0x00000006f8000000, 0x000000077c300000, 0x0000000781800000)
  object space 2165760K, 14% used [0x00000006f8000000,0x000000070bd030f8,0x000000077c300000)
 Metaspace       used 160446K, capacity 164122K, committed 164160K, reserved 1193984K
  class space    used 19818K, capacity 20607K, committed 20608K, reserved 1048576K
2022-06-20T08:02:46.632+0800: 138.924: [Full GC (Metadata GC Threshold) [PSYoungGen: 192K->0K(958464K)] [ParOldGen: 324620K->203839K(2252800K)] 324812K->203839K(3211264K), [Metaspace: 160446K->160436K(1193984K)], 0.5452203 secs] [Times: user=1.60 sys=0.04, real=0.55 secs] 
Heap after GC invocations=89 (full 5):
 PSYoungGen      total 958464K, used 0K [0x0000000781800000, 0x00000007c0000000, 0x00000007c0000000)
  eden space 929792K, 0% used [0x0000000781800000,0x0000000781800000,0x00000007ba400000)
  from space 28672K, 0% used [0x00000007be400000,0x00000007be400000,0x00000007c0000000)
  to   space 47104K, 0% used [0x00000007ba400000,0x00000007ba400000,0x00000007bd200000)
 ParOldGen       total 2252800K, used 203839K [0x00000006f8000000, 0x0000000781800000, 0x0000000781800000)
  object space 2252800K, 9% used [0x00000006f8000000,0x000000070470fc40,0x0000000781800000)
 Metaspace       used 160436K, capacity 164098K, committed 164160K, reserved 1193984K
  class space    used 19814K, capacity 20597K, committed 20608K, reserved 1048576K
}
{Heap before GC invocations=90 (full 5):
 PSYoungGen      total 958464K, used 929792K [0x0000000781800000, 0x00000007c0000000, 0x00000007c0000000)
  eden space 929792K, 100% used [0x0000000781800000,0x00000007ba400000,0x00000007ba400000)
  from space 28672K, 0% used [0x00000007be400000,0x00000007be400000,0x00000007c0000000)
  to   space 47104K, 0% used [0x00000007ba400000,0x00000007ba400000,0x00000007bd200000)
 ParOldGen       total 2252800K, used 203839K [0x00000006f8000000, 0x0000000781800000, 0x0000000781800000)
  object space 2252800K, 9% used [0x00000006f8000000,0x000000070470fc40,0x0000000781800000)
 Metaspace       used 163702K, capacity 167936K, committed 168128K, reserved 1196032K
  class space    used 20087K, capacity 20973K, committed 20992K, reserved 1048576K
2022-06-20T08:03:25.849+0800: 178.142: [GC (Allocation Failure) [PSYoungGen: 929792K->17350K(976896K)] 1133631K->221197K(3229696K), 0.0155274 secs] [Times: user=0.04 sys=0.01, real=0.01 secs] 
Heap after GC invocations=90 (full 5):
 PSYoungGen      total 976896K, used 17350K [0x0000000781800000, 0x00000007c0000000, 0x00000007c0000000)
  eden space 929792K, 0% used [0x0000000781800000,0x0000000781800000,0x00000007ba400000)
  from space 47104K, 36% used [0x00000007ba400000,0x00000007bb4f1830,0x00000007bd200000)
  to   space 45056K, 0% used [0x00000007bd400000,0x00000007bd400000,0x00000007c0000000)
 ParOldGen       total 2252800K, used 203847K [0x00000006f8000000, 0x0000000781800000, 0x0000000781800000)
  object space 2252800K, 9% used [0x00000006f8000000,0x0000000704711c40,0x0000000781800000)
 Metaspace       used 163702K, capacity 167936K, committed 168128K, reserved 1196032K
  class space    used 20087K, capacity 20973K, committed 20992K, reserved 1048576K
}
{Heap before GC invocations=91 (full 5):
 PSYoungGen      total 976896K, used 947142K [0x0000000781800000, 0x00000007c0000000, 0x00000007c0000000)
  eden space 929792K, 100% used [0x0000000781800000,0x00000007ba400000,0x00000007ba400000)
  from space 47104K, 36% used [0x00000007ba400000,0x00000007bb4f1830,0x00000007bd200000)
  to   space 45056K, 0% used [0x00000007bd400000,0x00000007bd400000,0x00000007c0000000)
 ParOldGen       total 2252800K, used 203847K [0x00000006f8000000, 0x0000000781800000, 0x0000000781800000)
  object space 2252800K, 9% used [0x00000006f8000000,0x0000000704711c40,0x0000000781800000)
 Metaspace       used 165343K, capacity 169776K, committed 170048K, reserved 1198080K
  class space    used 20112K, capacity 21013K, committed 21120K, reserved 1048576K
2022-06-20T08:04:11.162+0800: 223.455: [GC (Allocation Failure) [PSYoungGen: 947142K->12383K(982016K)] 1150989K->221743K(3234816K), 0.0264077 secs] [Times: user=0.07 sys=0.02, real=0.03 secs] 
Heap after GC invocations=91 (full 5):
 PSYoungGen      total 982016K, used 12383K [0x0000000781800000, 0x00000007c0000000, 0x00000007c0000000)
  eden space 936960K, 0% used [0x0000000781800000,0x0000000781800000,0x00000007bab00000)
  from space 45056K, 27% used [0x00000007bd400000,0x00000007be017e20,0x00000007c0000000)
  to   space 41984K, 0% used [0x00000007bab00000,0x00000007bab00000,0x00000007bd400000)
 ParOldGen       total 2252800K, used 209359K [0x00000006f8000000, 0x0000000781800000, 0x0000000781800000)
  object space 2252800K, 9% used [0x00000006f8000000,0x0000000704c73e48,0x0000000781800000)
 Metaspace       used 165343K, capacity 169776K, committed 170048K, reserved 1198080K
  class space    used 20112K, capacity 21013K, committed 21120K, reserved 1048576K
}
{Heap before GC invocations=92 (full 5):
 PSYoungGen      total 982016K, used 949343K [0x0000000781800000, 0x00000007c0000000, 0x00000007c0000000)
  eden space 936960K, 100% used [0x0000000781800000,0x00000007bab00000,0x00000007bab00000)
  from space 45056K, 27% used [0x00000007bd400000,0x00000007be017e20,0x00000007c0000000)
  to   space 41984K, 0% used [0x00000007bab00000,0x00000007bab00000,0x00000007bd400000)
 ParOldGen       total 2252800K, used 209359K [0x00000006f8000000, 0x0000000781800000, 0x0000000781800000)
  object space 2252800K, 9% used [0x00000006f8000000,0x0000000704c73e48,0x0000000781800000)
 Metaspace       used 165923K, capacity 170458K, committed 170560K, reserved 1198080K
  class space    used 20115K, capacity 21018K, committed 21120K, reserved 1048576K
2022-06-20T08:04:49.612+0800: 261.904: [GC (Allocation Failure) [PSYoungGen: 949343K->11433K(978944K)] 1158703K->222286K(3231744K), 0.0210665 secs] [Times: user=0.05 sys=0.01, real=0.02 secs] 
Heap after GC invocations=92 (full 5):
 PSYoungGen      total 978944K, used 11433K [0x0000000781800000, 0x00000007c0000000, 0x00000007c0000000)
  eden space 936960K, 0% used [0x0000000781800000,0x0000000781800000,0x00000007bab00000)
  from space 41984K, 27% used [0x00000007bab00000,0x00000007bb62a738,0x00000007bd400000)
  to   space 39936K, 0% used [0x00000007bd900000,0x00000007bd900000,0x00000007c0000000)
 ParOldGen       total 2252800K, used 210852K [0x00000006f8000000, 0x0000000781800000, 0x0000000781800000)
  object space 2252800K, 9% used [0x00000006f8000000,0x0000000704de9238,0x0000000781800000)
 Metaspace       used 165923K, capacity 170458K, committed 170560K, reserved 1198080K
  class space    used 20115K, capacity 21018K, committed 21120K, reserved 1048576K
}
{Heap before GC invocations=93 (full 5):
 PSYoungGen      total 978944K, used 948393K [0x0000000781800000, 0x00000007c0000000, 0x00000007c0000000)
  eden space 936960K, 100% used [0x0000000781800000,0x00000007bab00000,0x00000007bab00000)
  from space 41984K, 27% used [0x00000007bab00000,0x00000007bb62a738,0x00000007bd400000)
  to   space 39936K, 0% used [0x00000007bd900000,0x00000007bd900000,0x00000007c0000000)
 ParOldGen       total 2252800K, used 210852K [0x00000006f8000000, 0x0000000781800000, 0x0000000781800000)
  object space 2252800K, 9% used [0x00000006f8000000,0x0000000704de9238,0x0000000781800000)
 Metaspace       used 166109K, capacity 170686K, committed 170816K, reserved 1200128K
  class space    used 20118K, capacity 21024K, committed 21120K, reserved 1048576K
2022-06-20T08:05:17.914+0800: 290.207: [GC (Allocation Failure) [PSYoungGen: 948393K->11318K(986624K)] 1159246K->222738K(3239424K), 0.0236565 secs] [Times: user=0.05 sys=0.02, real=0.03 secs] 
Heap after GC invocations=93 (full 5):
 PSYoungGen      total 986624K, used 11318K [0x0000000781800000, 0x00000007c0000000, 0x00000007c0000000)
  eden space 946688K, 0% used [0x0000000781800000,0x0000000781800000,0x00000007bb480000)
  from space 39936K, 28% used [0x00000007bd900000,0x00000007be40daf8,0x00000007c0000000)
  to   space 37376K, 0% used [0x00000007bb480000,0x00000007bb480000,0x00000007bd900000)
 ParOldGen       total 2252800K, used 211420K [0x00000006f8000000, 0x0000000781800000, 0x0000000781800000)
  object space 2252800K, 9% used [0x00000006f8000000,0x0000000704e77028,0x0000000781800000)
 Metaspace       used 166109K, capacity 170686K, committed 170816K, reserved 1200128K
  class space    used 20118K, capacity 21024K, committed 21120K, reserved 1048576K
}
{Heap before GC invocations=94 (full 5):
 PSYoungGen      total 986624K, used 958006K [0x0000000781800000, 0x00000007c0000000, 0x00000007c0000000)
  eden space 946688K, 100% used [0x0000000781800000,0x00000007bb480000,0x00000007bb480000)
  from space 39936K, 28% used [0x00000007bd900000,0x00000007be40daf8,0x00000007c0000000)
  to   space 37376K, 0% used [0x00000007bb480000,0x00000007bb480000,0x00000007bd900000)
 ParOldGen       total 2252800K, used 211420K [0x00000006f8000000, 0x0000000781800000, 0x0000000781800000)
  object space 2252800K, 9% used [0x00000006f8000000,0x0000000704e77028,0x0000000781800000)
 Metaspace       used 166166K, capacity 170698K, committed 170816K, reserved 1200128K
  class space    used 20119K, capacity 21026K, committed 21120K, reserved 1048576K
2022-06-20T08:05:44.830+0800: 317.123: [GC (Allocation Failure) [PSYoungGen: 958006K->11091K(984064K)] 1169426K->223106K(3236864K), 0.0219826 secs] [Times: user=0.04 sys=0.02, real=0.02 secs] 
Heap after GC invocations=94 (full 5):
 PSYoungGen      total 984064K, used 11091K [0x0000000781800000, 0x00000007c0000000, 0x00000007c0000000)
  eden space 946688K, 0% used [0x0000000781800000,0x0000000781800000,0x00000007bb480000)
  from space 37376K, 29% used [0x00000007bb480000,0x00000007bbf54e90,0x00000007bd900000)
  to   space 35840K, 0% used [0x00000007bdd00000,0x00000007bdd00000,0x00000007c0000000)
 ParOldGen       total 2252800K, used 212014K [0x00000006f8000000, 0x0000000781800000, 0x0000000781800000)
  object space 2252800K, 9% used [0x00000006f8000000,0x0000000704f0b9a8,0x0000000781800000)
 Metaspace       used 166166K, capacity 170698K, committed 170816K, reserved 1200128K
  class space    used 20119K, capacity 21026K, committed 21120K, reserved 1048576K
}
{Heap before GC invocations=95 (full 5):
 PSYoungGen      total 984064K, used 957779K [0x0000000781800000, 0x00000007c0000000, 0x00000007c0000000)
  eden space 946688K, 100% used [0x0000000781800000,0x00000007bb480000,0x00000007bb480000)
  from space 37376K, 29% used [0x00000007bb480000,0x00000007bbf54e90,0x00000007bd900000)
  to   space 35840K, 0% used [0x00000007bdd00000,0x00000007bdd00000,0x00000007c0000000)
 ParOldGen       total 2252800K, used 212014K [0x00000006f8000000, 0x0000000781800000, 0x0000000781800000)
  object space 2252800K, 9% used [0x00000006f8000000,0x0000000704f0b9a8,0x0000000781800000)
 Metaspace       used 166248K, capacity 170768K, committed 171072K, reserved 1200128K
  class space    used 20121K, capacity 21027K, committed 21120K, reserved 1048576K
2022-06-20T08:05:59.311+0800: 331.604: [GC (Allocation Failure) [PSYoungGen: 957779K->11844K(990208K)] 1169794K->224214K(3243008K), 0.0210629 secs] [Times: user=0.04 sys=0.02, real=0.02 secs] 
Heap after GC invocations=95 (full 5):
 PSYoungGen      total 990208K, used 11844K [0x0000000781800000, 0x00000007c0000000, 0x00000007c0000000)
  eden space 954368K, 0% used [0x0000000781800000,0x0000000781800000,0x00000007bbc00000)
  from space 35840K, 33% used [0x00000007bdd00000,0x00000007be891048,0x00000007c0000000)
  to   space 33792K, 0% used [0x00000007bbc00000,0x00000007bbc00000,0x00000007bdd00000)
 ParOldGen       total 2252800K, used 212370K [0x00000006f8000000, 0x0000000781800000, 0x0000000781800000)
  object space 2252800K, 9% used [0x00000006f8000000,0x0000000704f64b90,0x0000000781800000)
 Metaspace       used 166248K, capacity 170768K, committed 171072K, reserved 1200128K
  class space    used 20121K, capacity 21027K, committed 21120K, reserved 1048576K
}
{Heap before GC invocations=96 (full 5):
 PSYoungGen      total 990208K, used 966212K [0x0000000781800000, 0x00000007c0000000, 0x00000007c0000000)
  eden space 954368K, 100% used [0x0000000781800000,0x00000007bbc00000,0x00000007bbc00000)
  from space 35840K, 33% used [0x00000007bdd00000,0x00000007be891048,0x00000007c0000000)
  to   space 33792K, 0% used [0x00000007bbc00000,0x00000007bbc00000,0x00000007bdd00000)
 ParOldGen       total 2252800K, used 212370K [0x00000006f8000000, 0x0000000781800000, 0x0000000781800000)
  object space 2252800K, 9% used [0x00000006f8000000,0x0000000704f64b90,0x0000000781800000)
 Metaspace       used 166426K, capacity 170964K, committed 171072K, reserved 1200128K
  class space    used 20123K, capacity 21027K, committed 21120K, reserved 1048576K
2022-06-20T08:06:30.733+0800: 363.026: [GC (Allocation Failure) [PSYoungGen: 966212K->11306K(988160K)] 1178582K->224436K(3240960K), 0.0258551 secs] [Times: user=0.06 sys=0.02, real=0.03 secs] 
Heap after GC invocations=96 (full 5):
 PSYoungGen      total 988160K, used 11306K [0x0000000781800000, 0x00000007c0000000, 0x00000007c0000000)
  eden space 954368K, 0% used [0x0000000781800000,0x0000000781800000,0x00000007bbc00000)
  from space 33792K, 33% used [0x00000007bbc00000,0x00000007bc70a8a0,0x00000007bdd00000)
  to   space 31744K, 0% used [0x00000007be100000,0x00000007be100000,0x00000007c0000000)
 ParOldGen       total 2252800K, used 213129K [0x00000006f8000000, 0x0000000781800000, 0x0000000781800000)
  object space 2252800K, 9% used [0x00000006f8000000,0x00000007050227a0,0x0000000781800000)
 Metaspace       used 166426K, capacity 170964K, committed 171072K, reserved 1200128K
  class space    used 20123K, capacity 21027K, committed 21120K, reserved 1048576K
}
{Heap before GC invocations=97 (full 5):
 PSYoungGen      total 988160K, used 965674K [0x0000000781800000, 0x00000007c0000000, 0x00000007c0000000)
  eden space 954368K, 100% used [0x0000000781800000,0x00000007bbc00000,0x00000007bbc00000)
  from space 33792K, 33% used [0x00000007bbc00000,0x00000007bc70a8a0,0x00000007bdd00000)
  to   space 31744K, 0% used [0x00000007be100000,0x00000007be100000,0x00000007c0000000)
 ParOldGen       total 2252800K, used 213129K [0x00000006f8000000, 0x0000000781800000, 0x0000000781800000)
  object space 2252800K, 9% used [0x00000006f8000000,0x00000007050227a0,0x0000000781800000)
 Metaspace       used 166459K, capacity 170964K, committed 171072K, reserved 1200128K
  class space    used 20123K, capacity 21027K, committed 21120K, reserved 1048576K
2022-06-20T08:06:55.074+0800: 387.367: [GC (Allocation Failure) [PSYoungGen: 965674K->10903K(993792K)] 1178804K->224568K(3246592K), 0.0132717 secs] [Times: user=0.04 sys=0.01, real=0.02 secs] 
Heap after GC invocations=97 (full 5):
 PSYoungGen      total 993792K, used 10903K [0x0000000781800000, 0x00000007c0000000, 0x00000007c0000000)
  eden space 962048K, 0% used [0x0000000781800000,0x0000000781800000,0x00000007bc380000)
  from space 31744K, 34% used [0x00000007be100000,0x00000007beba5e98,0x00000007c0000000)
  to   space 30208K, 0% used [0x00000007bc380000,0x00000007bc380000,0x00000007be100000)
 ParOldGen       total 2252800K, used 213664K [0x00000006f8000000, 0x0000000781800000, 0x0000000781800000)
  object space 2252800K, 9% used [0x00000006f8000000,0x00000007050a8308,0x0000000781800000)
 Metaspace       used 166459K, capacity 170964K, committed 171072K, reserved 1200128K
  class space    used 20123K, capacity 21027K, committed 21120K, reserved 1048576K
}
{Heap before GC invocations=98 (full 5):
 PSYoungGen      total 993792K, used 972951K [0x0000000781800000, 0x00000007c0000000, 0x00000007c0000000)
  eden space 962048K, 100% used [0x0000000781800000,0x00000007bc380000,0x00000007bc380000)
  from space 31744K, 34% used [0x00000007be100000,0x00000007beba5e98,0x00000007c0000000)
  to   space 30208K, 0% used [0x00000007bc380000,0x00000007bc380000,0x00000007be100000)
 ParOldGen       total 2252800K, used 213664K [0x00000006f8000000, 0x0000000781800000, 0x0000000781800000)
  object space 2252800K, 9% used [0x00000006f8000000,0x00000007050a8308,0x0000000781800000)
 Metaspace       used 166562K, capacity 171096K, committed 171328K, reserved 1200128K
  class space    used 20123K, capacity 21027K, committed 21120K, reserved 1048576K
2022-06-20T08:07:19.813+0800: 412.106: [GC (Allocation Failure) [PSYoungGen: 972951K->15200K(992256K)] 1186616K->229056K(3245056K), 0.0183945 secs] [Times: user=0.05 sys=0.00, real=0.02 secs] 
Heap after GC invocations=98 (full 5):
 PSYoungGen      total 992256K, used 15200K [0x0000000781800000, 0x00000007c0000000, 0x00000007c0000000)
  eden space 962048K, 0% used [0x0000000781800000,0x0000000781800000,0x00000007bc380000)
  from space 30208K, 50% used [0x00000007bc380000,0x00000007bd258038,0x00000007be100000)
  to   space 29696K, 0% used [0x00000007be300000,0x00000007be300000,0x00000007c0000000)
 ParOldGen       total 2252800K, used 213856K [0x00000006f8000000, 0x0000000781800000, 0x0000000781800000)
  object space 2252800K, 9% used [0x00000006f8000000,0x00000007050d81d0,0x0000000781800000)
 Metaspace       used 166562K, capacity 171096K, committed 171328K, reserved 1200128K
  class space    used 20123K, capacity 21027K, committed 21120K, reserved 1048576K
}
{Heap before GC invocations=99 (full 5):
 PSYoungGen      total 992256K, used 977248K [0x0000000781800000, 0x00000007c0000000, 0x00000007c0000000)
  eden space 962048K, 100% used [0x0000000781800000,0x00000007bc380000,0x00000007bc380000)
  from space 30208K, 50% used [0x00000007bc380000,0x00000007bd258038,0x00000007be100000)
  to   space 29696K, 0% used [0x00000007be300000,0x00000007be300000,0x00000007c0000000)
 ParOldGen       total 2252800K, used 213856K [0x00000006f8000000, 0x0000000781800000, 0x0000000781800000)
  object space 2252800K, 9% used [0x00000006f8000000,0x00000007050d81d0,0x0000000781800000)
 Metaspace       used 166960K, capacity 171470K, committed 171584K, reserved 1200128K
  class space    used 20154K, capacity 21064K, committed 21120K, reserved 1048576K
2022-06-20T08:07:42.748+0800: 435.041: [GC (Allocation Failure) [PSYoungGen: 977248K->11239K(995840K)] 1191104K->225575K(3248640K), 0.0142328 secs] [Times: user=0.04 sys=0.00, real=0.01 secs] 
Heap after GC invocations=99 (full 5):
 PSYoungGen      total 995840K, used 11239K [0x0000000781800000, 0x00000007c0000000, 0x00000007c0000000)
  eden space 966144K, 0% used [0x0000000781800000,0x0000000781800000,0x00000007bc780000)
  from space 29696K, 37% used [0x00000007be300000,0x00000007bedf9e88,0x00000007c0000000)
  to   space 28160K, 0% used [0x00000007bc780000,0x00000007bc780000,0x00000007be300000)
 ParOldGen       total 2252800K, used 214335K [0x00000006f8000000, 0x0000000781800000, 0x0000000781800000)
  object space 2252800K, 9% used [0x00000006f8000000,0x000000070514ff90,0x0000000781800000)
 Metaspace       used 166960K, capacity 171470K, committed 171584K, reserved 1200128K
  class space    used 20154K, capacity 21064K, committed 21120K, reserved 1048576K
}
{Heap before GC invocations=100 (full 5):
 PSYoungGen      total 995840K, used 977383K [0x0000000781800000, 0x00000007c0000000, 0x00000007c0000000)
  eden space 966144K, 100% used [0x0000000781800000,0x00000007bc780000,0x00000007bc780000)
  from space 29696K, 37% used [0x00000007be300000,0x00000007bedf9e88,0x00000007c0000000)
  to   space 28160K, 0% used [0x00000007bc780000,0x00000007bc780000,0x00000007be300000)
 ParOldGen       total 2252800K, used 214335K [0x00000006f8000000, 0x0000000781800000, 0x0000000781800000)
  object space 2252800K, 9% used [0x00000006f8000000,0x000000070514ff90,0x0000000781800000)
 Metaspace       used 167174K, capacity 171698K, committed 171840K, reserved 1200128K
  class space    used 20172K, capacity 21077K, committed 21120K, reserved 1048576K
2022-06-20T08:08:01.558+0800: 453.850: [GC (Allocation Failure) [PSYoungGen: 977383K->11405K(994304K)] 1191719K->225749K(3247104K), 0.0185704 secs] [Times: user=0.04 sys=0.01, real=0.02 secs] 
Heap after GC invocations=100 (full 5):
 PSYoungGen      total 994304K, used 11405K [0x0000000781800000, 0x00000007c0000000, 0x00000007c0000000)
  eden space 966144K, 0% used [0x0000000781800000,0x0000000781800000,0x00000007bc780000)
  from space 28160K, 40% used [0x00000007bc780000,0x00000007bd2a3580,0x00000007be300000)
  to   space 27136K, 0% used [0x00000007be580000,0x00000007be580000,0x00000007c0000000)
 ParOldGen       total 2252800K, used 214343K [0x00000006f8000000, 0x0000000781800000, 0x0000000781800000)
  object space 2252800K, 9% used [0x00000006f8000000,0x0000000705151f90,0x0000000781800000)
 Metaspace       used 167174K, capacity 171698K, committed 171840K, reserved 1200128K
  class space    used 20172K, capacity 21077K, committed 21120K, reserved 1048576K
}
{Heap before GC invocations=101 (full 5):
 PSYoungGen      total 994304K, used 977549K [0x0000000781800000, 0x00000007c0000000, 0x00000007c0000000)
  eden space 966144K, 100% used [0x0000000781800000,0x00000007bc780000,0x00000007bc780000)
  from space 28160K, 40% used [0x00000007bc780000,0x00000007bd2a3580,0x00000007be300000)
  to   space 27136K, 0% used [0x00000007be580000,0x00000007be580000,0x00000007c0000000)
 ParOldGen       total 2252800K, used 214343K [0x00000006f8000000, 0x0000000781800000, 0x0000000781800000)
  object space 2252800K, 9% used [0x00000006f8000000,0x0000000705151f90,0x0000000781800000)
 Metaspace       used 167233K, capacity 171762K, committed 171840K, reserved 1200128K
  class space    used 20173K, capacity 21077K, committed 21120K, reserved 1048576K
2022-06-20T08:08:26.504+0800: 478.796: [GC (Allocation Failure) [PSYoungGen: 977549K->11725K(998400K)] 1191893K->226077K(3251200K), 0.0144572 secs] [Times: user=0.04 sys=0.01, real=0.02 secs] 
Heap after GC invocations=101 (full 5):
 PSYoungGen      total 998400K, used 11725K [0x0000000781800000, 0x00000007c0000000, 0x00000007c0000000)
  eden space 971264K, 0% used [0x0000000781800000,0x0000000781800000,0x00000007bcc80000)
  from space 27136K, 43% used [0x00000007be580000,0x00000007bf0f35a0,0x00000007c0000000)
  to   space 25600K, 0% used [0x00000007bcc80000,0x00000007bcc80000,0x00000007be580000)
 ParOldGen       total 2252800K, used 214351K [0x00000006f8000000, 0x0000000781800000, 0x0000000781800000)
  object space 2252800K, 9% used [0x00000006f8000000,0x0000000705153f90,0x0000000781800000)
 Metaspace       used 167233K, capacity 171762K, committed 171840K, reserved 1200128K
  class space    used 20173K, capacity 21077K, committed 21120K, reserved 1048576K
}
{Heap before GC invocations=102 (full 5):
 PSYoungGen      total 998400K, used 982989K [0x0000000781800000, 0x00000007c0000000, 0x00000007c0000000)
  eden space 971264K, 100% used [0x0000000781800000,0x00000007bcc80000,0x00000007bcc80000)
  from space 27136K, 43% used [0x00000007be580000,0x00000007bf0f35a0,0x00000007c0000000)
  to   space 25600K, 0% used [0x00000007bcc80000,0x00000007bcc80000,0x00000007be580000)
 ParOldGen       total 2252800K, used 214351K [0x00000006f8000000, 0x0000000781800000, 0x0000000781800000)
  object space 2252800K, 9% used [0x00000006f8000000,0x0000000705153f90,0x0000000781800000)
 Metaspace       used 167291K, capacity 171854K, committed 172096K, reserved 1200128K
  class space    used 20178K, capacity 21081K, committed 21120K, reserved 1048576K
2022-06-20T08:08:57.878+0800: 510.170: [GC (Allocation Failure) [PSYoungGen: 982989K->13395K(996864K)] 1197341K->227754K(3249664K), 0.0152101 secs] [Times: user=0.05 sys=0.00, real=0.01 secs] 
Heap after GC invocations=102 (full 5):
 PSYoungGen      total 996864K, used 13395K [0x0000000781800000, 0x00000007c0000000, 0x00000007c0000000)
  eden space 971264K, 0% used [0x0000000781800000,0x0000000781800000,0x00000007bcc80000)
  from space 25600K, 52% used [0x00000007bcc80000,0x00000007bd994c18,0x00000007be580000)
  to   space 24576K, 0% used [0x00000007be800000,0x00000007be800000,0x00000007c0000000)
 ParOldGen       total 2252800K, used 214359K [0x00000006f8000000, 0x0000000781800000, 0x0000000781800000)
  object space 2252800K, 9% used [0x00000006f8000000,0x0000000705155f90,0x0000000781800000)
 Metaspace       used 167291K, capacity 171854K, committed 172096K, reserved 1200128K
  class space    used 20178K, capacity 21081K, committed 21120K, reserved 1048576K
}
{Heap before GC invocations=103 (full 5):
 PSYoungGen      total 996864K, used 984659K [0x0000000781800000, 0x00000007c0000000, 0x00000007c0000000)
  eden space 971264K, 100% used [0x0000000781800000,0x00000007bcc80000,0x00000007bcc80000)
  from space 25600K, 52% used [0x00000007bcc80000,0x00000007bd994c18,0x00000007be580000)
  to   space 24576K, 0% used [0x00000007be800000,0x00000007be800000,0x00000007c0000000)
 ParOldGen       total 2252800K, used 214359K [0x00000006f8000000, 0x0000000781800000, 0x0000000781800000)
  object space 2252800K, 9% used [0x00000006f8000000,0x0000000705155f90,0x0000000781800000)
 Metaspace       used 167369K, capacity 171942K, committed 172096K, reserved 1200128K
  class space    used 20180K, capacity 21085K, committed 21120K, reserved 1048576K
2022-06-20T08:09:20.700+0800: 532.993: [GC (Allocation Failure) [PSYoungGen: 984659K->12349K(1000448K)] 1199018K->226717K(3253248K), 0.0142669 secs] [Times: user=0.05 sys=0.00, real=0.01 secs] 
Heap after GC invocations=103 (full 5):
 PSYoungGen      total 1000448K, used 12349K [0x0000000781800000, 0x00000007c0000000, 0x00000007c0000000)
  eden space 975872K, 0% used [0x0000000781800000,0x0000000781800000,0x00000007bd100000)
  from space 24576K, 50% used [0x00000007be800000,0x00000007bf40f5e0,0x00000007c0000000)
  to   space 23552K, 0% used [0x00000007bd100000,0x00000007bd100000,0x00000007be800000)
 ParOldGen       total 2252800K, used 214367K [0x00000006f8000000, 0x0000000781800000, 0x0000000781800000)
  object space 2252800K, 9% used [0x00000006f8000000,0x0000000705157f90,0x0000000781800000)
 Metaspace       used 167369K, capacity 171942K, committed 172096K, reserved 1200128K
  class space    used 20180K, capacity 21085K, committed 21120K, reserved 1048576K
}
{Heap before GC invocations=104 (full 5):
 PSYoungGen      total 1000448K, used 988221K [0x0000000781800000, 0x00000007c0000000, 0x00000007c0000000)
  eden space 975872K, 100% used [0x0000000781800000,0x00000007bd100000,0x00000007bd100000)
  from space 24576K, 50% used [0x00000007be800000,0x00000007bf40f5e0,0x00000007c0000000)
  to   space 23552K, 0% used [0x00000007bd100000,0x00000007bd100000,0x00000007be800000)
 ParOldGen       total 2252800K, used 214367K [0x00000006f8000000, 0x0000000781800000, 0x0000000781800000)
  object space 2252800K, 9% used [0x00000006f8000000,0x0000000705157f90,0x0000000781800000)
 Metaspace       used 167538K, capacity 172172K, committed 172352K, reserved 1200128K
  class space    used 20198K, capacity 21118K, committed 21120K, reserved 1048576K
2022-06-20T08:09:54.390+0800: 566.683: [GC (Allocation Failure) [PSYoungGen: 988221K->13313K(999424K)] 1202589K->227688K(3252224K), 0.0191301 secs] [Times: user=0.05 sys=0.01, real=0.02 secs] 
Heap after GC invocations=104 (full 5):
 PSYoungGen      total 999424K, used 13313K [0x0000000781800000, 0x00000007c0000000, 0x00000007c0000000)
  eden space 975872K, 0% used [0x0000000781800000,0x0000000781800000,0x00000007bd100000)
  from space 23552K, 56% used [0x00000007bd100000,0x00000007bde00460,0x00000007be800000)
  to   space 22528K, 0% used [0x00000007bea00000,0x00000007bea00000,0x00000007c0000000)
 ParOldGen       total 2252800K, used 214375K [0x00000006f8000000, 0x0000000781800000, 0x0000000781800000)
  object space 2252800K, 9% used [0x00000006f8000000,0x0000000705159f90,0x0000000781800000)
 Metaspace       used 167538K, capacity 172172K, committed 172352K, reserved 1200128K
  class space    used 20198K, capacity 21118K, committed 21120K, reserved 1048576K
}
{Heap before GC invocations=105 (full 5):
 PSYoungGen      total 999424K, used 989185K [0x0000000781800000, 0x00000007c0000000, 0x00000007c0000000)
  eden space 975872K, 100% used [0x0000000781800000,0x00000007bd100000,0x00000007bd100000)
  from space 23552K, 56% used [0x00000007bd100000,0x00000007bde00460,0x00000007be800000)
  to   space 22528K, 0% used [0x00000007bea00000,0x00000007bea00000,0x00000007c0000000)
 ParOldGen       total 2252800K, used 214375K [0x00000006f8000000, 0x0000000781800000, 0x0000000781800000)
  object space 2252800K, 9% used [0x00000006f8000000,0x0000000705159f90,0x0000000781800000)
 Metaspace       used 169213K, capacity 173826K, committed 174144K, reserved 1202176K
  class space    used 20366K, capacity 21268K, committed 21376K, reserved 1048576K
2022-06-20T08:09:55.385+0800: 567.678: [GC (Allocation Failure) [PSYoungGen: 989185K->17949K(999424K)] 1203560K->232333K(3252224K), 0.0182155 secs] [Times: user=0.08 sys=0.01, real=0.02 secs] 
Heap after GC invocations=105 (full 5):
 PSYoungGen      total 999424K, used 17949K [0x0000000781800000, 0x00000007c0000000, 0x00000007c0000000)
  eden space 976896K, 0% used [0x0000000781800000,0x0000000781800000,0x00000007bd200000)
  from space 22528K, 79% used [0x00000007bea00000,0x00000007bfb875c0,0x00000007c0000000)
  to   space 23552K, 0% used [0x00000007bd200000,0x00000007bd200000,0x00000007be900000)
 ParOldGen       total 2252800K, used 214383K [0x00000006f8000000, 0x0000000781800000, 0x0000000781800000)
  object space 2252800K, 9% used [0x00000006f8000000,0x000000070515bf90,0x0000000781800000)
 Metaspace       used 169213K, capacity 173826K, committed 174144K, reserved 1202176K
  class space    used 20366K, capacity 21268K, committed 21376K, reserved 1048576K
}
{Heap before GC invocations=106 (full 5):
 PSYoungGen      total 999424K, used 994845K [0x0000000781800000, 0x00000007c0000000, 0x00000007c0000000)
  eden space 976896K, 100% used [0x0000000781800000,0x00000007bd200000,0x00000007bd200000)
  from space 22528K, 79% used [0x00000007bea00000,0x00000007bfb875c0,0x00000007c0000000)
  to   space 23552K, 0% used [0x00000007bd200000,0x00000007bd200000,0x00000007be900000)
 ParOldGen       total 2252800K, used 214383K [0x00000006f8000000, 0x0000000781800000, 0x0000000781800000)
  object space 2252800K, 9% used [0x00000006f8000000,0x000000070515bf90,0x0000000781800000)
 Metaspace       used 171072K, capacity 175820K, committed 176064K, reserved 1204224K
  class space    used 20527K, capacity 21461K, committed 21504K, reserved 1048576K
2022-06-20T08:10:03.044+0800: 575.337: [GC (Allocation Failure) [PSYoungGen: 994845K->23538K(1000448K)] 1209229K->238090K(3253248K), 0.0211138 secs] [Times: user=0.05 sys=0.01, real=0.02 secs] 
Heap after GC invocations=106 (full 5):
 PSYoungGen      total 1000448K, used 23538K [0x0000000781800000, 0x00000007c0000000, 0x00000007c0000000)
  eden space 976896K, 0% used [0x0000000781800000,0x0000000781800000,0x00000007bd200000)
  from space 23552K, 99% used [0x00000007bd200000,0x00000007be8fc8d8,0x00000007be900000)
  to   space 23552K, 0% used [0x00000007be900000,0x00000007be900000,0x00000007c0000000)
 ParOldGen       total 2252800K, used 214551K [0x00000006f8000000, 0x0000000781800000, 0x0000000781800000)
  object space 2252800K, 9% used [0x00000006f8000000,0x0000000705185f90,0x0000000781800000)
 Metaspace       used 171072K, capacity 175820K, committed 176064K, reserved 1204224K
  class space    used 20527K, capacity 21461K, committed 21504K, reserved 1048576K
}
{Heap before GC invocations=107 (full 5):
 PSYoungGen      total 1000448K, used 1000434K [0x0000000781800000, 0x00000007c0000000, 0x00000007c0000000)
  eden space 976896K, 100% used [0x0000000781800000,0x00000007bd200000,0x00000007bd200000)
  from space 23552K, 99% used [0x00000007bd200000,0x00000007be8fc8d8,0x00000007be900000)
  to   space 23552K, 0% used [0x00000007be900000,0x00000007be900000,0x00000007c0000000)
 ParOldGen       total 2252800K, used 214551K [0x00000006f8000000, 0x0000000781800000, 0x0000000781800000)
  object space 2252800K, 9% used [0x00000006f8000000,0x0000000705185f90,0x0000000781800000)
 Metaspace       used 171235K, capacity 176004K, committed 176064K, reserved 1204224K
  class space    used 20538K, capacity 21481K, committed 21504K, reserved 1048576K
2022-06-20T08:10:34.653+0800: 606.946: [GC (Allocation Failure) [PSYoungGen: 1000434K->22957K(990208K)] 1214986K->238114K(3243008K), 0.0223607 secs] [Times: user=0.07 sys=0.00, real=0.02 secs] 
Heap after GC invocations=107 (full 5):
 PSYoungGen      total 990208K, used 22957K [0x0000000781800000, 0x00000007c0000000, 0x00000007c0000000)
  eden space 966656K, 0% used [0x0000000781800000,0x0000000781800000,0x00000007bc800000)
  from space 23552K, 97% used [0x00000007be900000,0x00000007bff6b680,0x00000007c0000000)
  to   space 28672K, 0% used [0x00000007bc800000,0x00000007bc800000,0x00000007be400000)
 ParOldGen       total 2252800K, used 215157K [0x00000006f8000000, 0x0000000781800000, 0x0000000781800000)
  object space 2252800K, 9% used [0x00000006f8000000,0x000000070521d4f0,0x0000000781800000)
 Metaspace       used 171235K, capacity 176004K, committed 176064K, reserved 1204224K
  class space    used 20538K, capacity 21481K, committed 21504K, reserved 1048576K
}
{Heap before GC invocations=108 (full 5):
 PSYoungGen      total 990208K, used 989613K [0x0000000781800000, 0x00000007c0000000, 0x00000007c0000000)
  eden space 966656K, 100% used [0x0000000781800000,0x00000007bc800000,0x00000007bc800000)
  from space 23552K, 97% used [0x00000007be900000,0x00000007bff6b680,0x00000007c0000000)
  to   space 28672K, 0% used [0x00000007bc800000,0x00000007bc800000,0x00000007be400000)
 ParOldGen       total 2252800K, used 215157K [0x00000006f8000000, 0x0000000781800000, 0x0000000781800000)
  object space 2252800K, 9% used [0x00000006f8000000,0x000000070521d4f0,0x0000000781800000)
 Metaspace       used 174692K, capacity 179598K, committed 179776K, reserved 1208320K
  class space    used 20875K, capacity 21855K, committed 21888K, reserved 1048576K
2022-06-20T08:10:43.061+0800: 615.353: [GC (Allocation Failure) [PSYoungGen: 989613K->28641K(995328K)] 1204770K->253553K(3248128K), 0.0351405 secs] [Times: user=0.07 sys=0.00, real=0.03 secs] 
Heap after GC invocations=108 (full 5):
 PSYoungGen      total 995328K, used 28641K [0x0000000781800000, 0x00000007c0000000, 0x00000007c0000000)
  eden space 966656K, 0% used [0x0000000781800000,0x0000000781800000,0x00000007bc800000)
  from space 28672K, 99% used [0x00000007bc800000,0x00000007be3f8748,0x00000007be400000)
  to   space 28672K, 0% used [0x00000007be400000,0x00000007be400000,0x00000007c0000000)
 ParOldGen       total 2252800K, used 224911K [0x00000006f8000000, 0x0000000781800000, 0x0000000781800000)
  object space 2252800K, 9% used [0x00000006f8000000,0x0000000705ba3e80,0x0000000781800000)
 Metaspace       used 174692K, capacity 179598K, committed 179776K, reserved 1208320K
  class space    used 20875K, capacity 21855K, committed 21888K, reserved 1048576K
}
{Heap before GC invocations=109 (full 5):
 PSYoungGen      total 995328K, used 995297K [0x0000000781800000, 0x00000007c0000000, 0x00000007c0000000)
  eden space 966656K, 100% used [0x0000000781800000,0x00000007bc800000,0x00000007bc800000)
  from space 28672K, 99% used [0x00000007bc800000,0x00000007be3f8748,0x00000007be400000)
  to   space 28672K, 0% used [0x00000007be400000,0x00000007be400000,0x00000007c0000000)
 ParOldGen       total 2252800K, used 224911K [0x00000006f8000000, 0x0000000781800000, 0x0000000781800000)
  object space 2252800K, 9% used [0x00000006f8000000,0x0000000705ba3e80,0x0000000781800000)
 Metaspace       used 175176K, capacity 180188K, committed 180416K, reserved 1208320K
  class space    used 20935K, capacity 21922K, committed 22016K, reserved 1048576K
2022-06-20T08:11:04.106+0800: 636.399: [GC (Allocation Failure) [PSYoungGen: 995297K->28640K(956416K)] 1220209K->280399K(3209216K), 0.0446151 secs] [Times: user=0.09 sys=0.02, real=0.05 secs] 
Heap after GC invocations=109 (full 5):
 PSYoungGen      total 956416K, used 28640K [0x0000000781800000, 0x00000007c0000000, 0x00000007c0000000)
  eden space 927744K, 0% used [0x0000000781800000,0x0000000781800000,0x00000007ba200000)
  from space 28672K, 99% used [0x00000007be400000,0x00000007bfff81b8,0x00000007c0000000)
  to   space 48128K, 0% used [0x00000007ba200000,0x00000007ba200000,0x00000007bd100000)
 ParOldGen       total 2252800K, used 251758K [0x00000006f8000000, 0x0000000781800000, 0x0000000781800000)
  object space 2252800K, 11% used [0x00000006f8000000,0x00000007075dbbc8,0x0000000781800000)
 Metaspace       used 175176K, capacity 180188K, committed 180416K, reserved 1208320K
  class space    used 20935K, capacity 21922K, committed 22016K, reserved 1048576K
}
{Heap before GC invocations=110 (full 5):
 PSYoungGen      total 956416K, used 956384K [0x0000000781800000, 0x00000007c0000000, 0x00000007c0000000)
  eden space 927744K, 100% used [0x0000000781800000,0x00000007ba200000,0x00000007ba200000)
  from space 28672K, 99% used [0x00000007be400000,0x00000007bfff81b8,0x00000007c0000000)
  to   space 48128K, 0% used [0x00000007ba200000,0x00000007ba200000,0x00000007bd100000)
 ParOldGen       total 2252800K, used 251758K [0x00000006f8000000, 0x0000000781800000, 0x0000000781800000)
  object space 2252800K, 11% used [0x00000006f8000000,0x00000007075dbbc8,0x0000000781800000)
 Metaspace       used 175985K, capacity 181186K, committed 181312K, reserved 1208320K
  class space    used 21028K, capacity 22059K, committed 22144K, reserved 1048576K
2022-06-20T08:11:19.923+0800: 652.215: [GC (Allocation Failure) [PSYoungGen: 956384K->33384K(961536K)] 1208143K->285986K(3214336K), 0.0267178 secs] [Times: user=0.08 sys=0.00, real=0.03 secs] 
Heap after GC invocations=110 (full 5):
 PSYoungGen      total 961536K, used 33384K [0x0000000781800000, 0x00000007c0000000, 0x00000007c0000000)
  eden space 927744K, 0% used [0x0000000781800000,0x0000000781800000,0x00000007ba200000)
  from space 33792K, 98% used [0x00000007ba200000,0x00000007bc29a298,0x00000007bc300000)
  to   space 50176K, 0% used [0x00000007bcf00000,0x00000007bcf00000,0x00000007c0000000)
 ParOldGen       total 2252800K, used 252602K [0x00000006f8000000, 0x0000000781800000, 0x0000000781800000)
  object space 2252800K, 11% used [0x00000006f8000000,0x00000007076ae8a8,0x0000000781800000)
 Metaspace       used 175985K, capacity 181186K, committed 181312K, reserved 1208320K
  class space    used 21028K, capacity 22059K, committed 22144K, reserved 1048576K
}
{Heap before GC invocations=111 (full 5):
 PSYoungGen      total 961536K, used 961128K [0x0000000781800000, 0x00000007c0000000, 0x00000007c0000000)
  eden space 927744K, 100% used [0x0000000781800000,0x00000007ba200000,0x00000007ba200000)
  from space 33792K, 98% used [0x00000007ba200000,0x00000007bc29a298,0x00000007bc300000)
  to   space 50176K, 0% used [0x00000007bcf00000,0x00000007bcf00000,0x00000007c0000000)
 ParOldGen       total 2252800K, used 252602K [0x00000006f8000000, 0x0000000781800000, 0x0000000781800000)
  object space 2252800K, 11% used [0x00000006f8000000,0x00000007076ae8a8,0x0000000781800000)
 Metaspace       used 176015K, capacity 181186K, committed 181312K, reserved 1208320K
  class space    used 21028K, capacity 22059K, committed 22144K, reserved 1048576K
2022-06-20T08:11:42.741+0800: 675.034: [GC (Allocation Failure) [PSYoungGen: 961128K->31895K(972800K)] 1213730K->284505K(3225600K), 0.0242398 secs] [Times: user=0.06 sys=0.02, real=0.02 secs] 
Heap after GC invocations=111 (full 5):
 PSYoungGen      total 972800K, used 31895K [0x0000000781800000, 0x00000007c0000000, 0x00000007c0000000)
  eden space 922624K, 0% used [0x0000000781800000,0x0000000781800000,0x00000007b9d00000)
  from space 50176K, 63% used [0x00000007bcf00000,0x00000007bee25dd0,0x00000007c0000000)
  to   space 50688K, 0% used [0x00000007b9d00000,0x00000007b9d00000,0x00000007bce80000)
 ParOldGen       total 2252800K, used 252610K [0x00000006f8000000, 0x0000000781800000, 0x0000000781800000)
  object space 2252800K, 11% used [0x00000006f8000000,0x00000007076b08a8,0x0000000781800000)
 Metaspace       used 176015K, capacity 181186K, committed 181312K, reserved 1208320K
  class space    used 21028K, capacity 22059K, committed 22144K, reserved 1048576K
}
{Heap before GC invocations=112 (full 5):
 PSYoungGen      total 972800K, used 954519K [0x0000000781800000, 0x00000007c0000000, 0x00000007c0000000)
  eden space 922624K, 100% used [0x0000000781800000,0x00000007b9d00000,0x00000007b9d00000)
  from space 50176K, 63% used [0x00000007bcf00000,0x00000007bee25dd0,0x00000007c0000000)
  to   space 50688K, 0% used [0x00000007b9d00000,0x00000007b9d00000,0x00000007bce80000)
 ParOldGen       total 2252800K, used 252610K [0x00000006f8000000, 0x0000000781800000, 0x0000000781800000)
  object space 2252800K, 11% used [0x00000006f8000000,0x00000007076b08a8,0x0000000781800000)
 Metaspace       used 176097K, capacity 181314K, committed 181568K, reserved 1208320K
  class space    used 21028K, capacity 22059K, committed 22144K, reserved 1048576K
2022-06-20T08:12:08.994+0800: 701.287: [GC (Allocation Failure) [PSYoungGen: 954519K->32391K(955392K)] 1207129K->285010K(3208192K), 0.0279104 secs] [Times: user=0.07 sys=0.00, real=0.03 secs] 
Heap after GC invocations=112 (full 5):
 PSYoungGen      total 955392K, used 32391K [0x0000000781800000, 0x00000007c0000000, 0x00000007c0000000)
  eden space 922624K, 0% used [0x0000000781800000,0x0000000781800000,0x00000007b9d00000)
  from space 32768K, 98% used [0x00000007b9d00000,0x00000007bbca1fd8,0x00000007bbd00000)
  to   space 51200K, 0% used [0x00000007bce00000,0x00000007bce00000,0x00000007c0000000)
 ParOldGen       total 2252800K, used 252618K [0x00000006f8000000, 0x0000000781800000, 0x0000000781800000)
  object space 2252800K, 11% used [0x00000006f8000000,0x00000007076b28a8,0x0000000781800000)
 Metaspace       used 176097K, capacity 181314K, committed 181568K, reserved 1208320K
  class space    used 21028K, capacity 22059K, committed 22144K, reserved 1048576K
}
{Heap before GC invocations=113 (full 5):
 PSYoungGen      total 955392K, used 955015K [0x0000000781800000, 0x00000007c0000000, 0x00000007c0000000)
  eden space 922624K, 100% used [0x0000000781800000,0x00000007b9d00000,0x00000007b9d00000)
  from space 32768K, 98% used [0x00000007b9d00000,0x00000007bbca1fd8,0x00000007bbd00000)
  to   space 51200K, 0% used [0x00000007bce00000,0x00000007bce00000,0x00000007c0000000)
 ParOldGen       total 2252800K, used 252618K [0x00000006f8000000, 0x0000000781800000, 0x0000000781800000)
  object space 2252800K, 11% used [0x00000006f8000000,0x00000007076b28a8,0x0000000781800000)
 Metaspace       used 176168K, capacity 181378K, committed 181568K, reserved 1208320K
  class space    used 21028K, capacity 22059K, committed 22144K, reserved 1048576K
2022-06-20T08:12:31.455+0800: 723.748: [GC (Allocation Failure) [PSYoungGen: 955015K->33026K(971776K)] 1207634K->285652K(3224576K), 0.0238018 secs] [Times: user=0.08 sys=0.01, real=0.03 secs] 
Heap after GC invocations=113 (full 5):
 PSYoungGen      total 971776K, used 33026K [0x0000000781800000, 0x00000007c0000000, 0x00000007c0000000)
  eden space 920576K, 0% used [0x0000000781800000,0x0000000781800000,0x00000007b9b00000)
  from space 51200K, 64% used [0x00000007bce00000,0x00000007bee40940,0x00000007c0000000)
  to   space 51712K, 0% used [0x00000007b9b00000,0x00000007b9b00000,0x00000007bcd80000)
 ParOldGen       total 2252800K, used 252626K [0x00000006f8000000, 0x0000000781800000, 0x0000000781800000)
  object space 2252800K, 11% used [0x00000006f8000000,0x00000007076b48a8,0x0000000781800000)
 Metaspace       used 176168K, capacity 181378K, committed 181568K, reserved 1208320K
  class space    used 21028K, capacity 22059K, committed 22144K, reserved 1048576K
}
{Heap before GC invocations=114 (full 5):
 PSYoungGen      total 971776K, used 953602K [0x0000000781800000, 0x00000007c0000000, 0x00000007c0000000)
  eden space 920576K, 100% used [0x0000000781800000,0x00000007b9b00000,0x00000007b9b00000)
  from space 51200K, 64% used [0x00000007bce00000,0x00000007bee40940,0x00000007c0000000)
  to   space 51712K, 0% used [0x00000007b9b00000,0x00000007b9b00000,0x00000007bcd80000)
 ParOldGen       total 2252800K, used 252626K [0x00000006f8000000, 0x0000000781800000, 0x0000000781800000)
  object space 2252800K, 11% used [0x00000006f8000000,0x00000007076b48a8,0x0000000781800000)
 Metaspace       used 176205K, capacity 181378K, committed 181568K, reserved 1208320K
  class space    used 21028K, capacity 22059K, committed 22144K, reserved 1048576K
2022-06-20T08:12:57.984+0800: 750.276: [GC (Allocation Failure) [PSYoungGen: 953602K->32360K(972288K)] 1206228K->284994K(3225088K), 0.0226848 secs] [Times: user=0.07 sys=0.00, real=0.03 secs] 
Heap after GC invocations=114 (full 5):
 PSYoungGen      total 972288K, used 32360K [0x0000000781800000, 0x00000007c0000000, 0x00000007c0000000)
  eden space 920576K, 0% used [0x0000000781800000,0x0000000781800000,0x00000007b9b00000)
  from space 51712K, 62% used [0x00000007b9b00000,0x00000007bba9a198,0x00000007bcd80000)
  to   space 51712K, 0% used [0x00000007bcd80000,0x00000007bcd80000,0x00000007c0000000)
 ParOldGen       total 2252800K, used 252634K [0x00000006f8000000, 0x0000000781800000, 0x0000000781800000)
  object space 2252800K, 11% used [0x00000006f8000000,0x00000007076b68a8,0x0000000781800000)
 Metaspace       used 176205K, capacity 181378K, committed 181568K, reserved 1208320K
  class space    used 21028K, capacity 22059K, committed 22144K, reserved 1048576K
}
{Heap before GC invocations=115 (full 5):
 PSYoungGen      total 972288K, used 952936K [0x0000000781800000, 0x00000007c0000000, 0x00000007c0000000)
  eden space 920576K, 100% used [0x0000000781800000,0x00000007b9b00000,0x00000007b9b00000)
  from space 51712K, 62% used [0x00000007b9b00000,0x00000007bba9a198,0x00000007bcd80000)
  to   space 51712K, 0% used [0x00000007bcd80000,0x00000007bcd80000,0x00000007c0000000)
 ParOldGen       total 2252800K, used 252634K [0x00000006f8000000, 0x0000000781800000, 0x0000000781800000)
  object space 2252800K, 11% used [0x00000006f8000000,0x00000007076b68a8,0x0000000781800000)
 Metaspace       used 176242K, capacity 181442K, committed 181568K, reserved 1208320K
  class space    used 21028K, capacity 22059K, committed 22144K, reserved 1048576K
2022-06-20T08:13:27.845+0800: 780.138: [GC (Allocation Failure) [PSYoungGen: 952936K->32261K(972288K)] 1205570K->284904K(3225088K), 0.0138306 secs] [Times: user=0.04 sys=0.00, real=0.02 secs] 
Heap after GC invocations=115 (full 5):
 PSYoungGen      total 972288K, used 32261K [0x0000000781800000, 0x00000007c0000000, 0x00000007c0000000)
  eden space 920576K, 0% used [0x0000000781800000,0x0000000781800000,0x00000007b9b00000)
  from space 51712K, 62% used [0x00000007bcd80000,0x00000007bed017f8,0x00000007c0000000)
  to   space 51712K, 0% used [0x00000007b9b00000,0x00000007b9b00000,0x00000007bcd80000)
 ParOldGen       total 2252800K, used 252642K [0x00000006f8000000, 0x0000000781800000, 0x0000000781800000)
  object space 2252800K, 11% used [0x00000006f8000000,0x00000007076b88a8,0x0000000781800000)
 Metaspace       used 176242K, capacity 181442K, committed 181568K, reserved 1208320K
  class space    used 21028K, capacity 22059K, committed 22144K, reserved 1048576K
}
{Heap before GC invocations=116 (full 5):
 PSYoungGen      total 972288K, used 952837K [0x0000000781800000, 0x00000007c0000000, 0x00000007c0000000)
  eden space 920576K, 100% used [0x0000000781800000,0x00000007b9b00000,0x00000007b9b00000)
  from space 51712K, 62% used [0x00000007bcd80000,0x00000007bed017f8,0x00000007c0000000)
  to   space 51712K, 0% used [0x00000007b9b00000,0x00000007b9b00000,0x00000007bcd80000)
 ParOldGen       total 2252800K, used 252642K [0x00000006f8000000, 0x0000000781800000, 0x0000000781800000)
  object space 2252800K, 11% used [0x00000006f8000000,0x00000007076b88a8,0x0000000781800000)
 Metaspace       used 176263K, capacity 181442K, committed 181568K, reserved 1208320K
  class space    used 21028K, capacity 22059K, committed 22144K, reserved 1048576K
2022-06-20T08:13:55.116+0800: 807.409: [GC (Allocation Failure) [PSYoungGen: 952837K->32471K(972288K)] 1205480K->285113K(3225088K), 0.0196963 secs] [Times: user=0.06 sys=0.01, real=0.02 secs] 
Heap after GC invocations=116 (full 5):
 PSYoungGen      total 972288K, used 32471K [0x0000000781800000, 0x00000007c0000000, 0x00000007c0000000)
  eden space 920576K, 0% used [0x0000000781800000,0x0000000781800000,0x00000007b9b00000)
  from space 51712K, 62% used [0x00000007b9b00000,0x00000007bbab5dd8,0x00000007bcd80000)
  to   space 51200K, 0% used [0x00000007bce00000,0x00000007bce00000,0x00000007c0000000)
 ParOldGen       total 2252800K, used 252642K [0x00000006f8000000, 0x0000000781800000, 0x0000000781800000)
  object space 2252800K, 11% used [0x00000006f8000000,0x00000007076b88a8,0x0000000781800000)
 Metaspace       used 176263K, capacity 181442K, committed 181568K, reserved 1208320K
  class space    used 21028K, capacity 22059K, committed 22144K, reserved 1048576K
}
{Heap before GC invocations=117 (full 5):
 PSYoungGen      total 972288K, used 953047K [0x0000000781800000, 0x00000007c0000000, 0x00000007c0000000)
  eden space 920576K, 100% used [0x0000000781800000,0x00000007b9b00000,0x00000007b9b00000)
  from space 51712K, 62% used [0x00000007b9b00000,0x00000007bbab5dd8,0x00000007bcd80000)
  to   space 51200K, 0% used [0x00000007bce00000,0x00000007bce00000,0x00000007c0000000)
 ParOldGen       total 2252800K, used 252642K [0x00000006f8000000, 0x0000000781800000, 0x0000000781800000)
  object space 2252800K, 11% used [0x00000006f8000000,0x00000007076b88a8,0x0000000781800000)
 Metaspace       used 176581K, capacity 181888K, committed 182080K, reserved 1210368K
  class space    used 21068K, capacity 22114K, committed 22144K, reserved 1048576K
2022-06-20T08:14:13.073+0800: 825.366: [GC (Allocation Failure) [PSYoungGen: 953047K->32747K(972800K)] 1205689K->285397K(3225600K), 0.0153326 secs] [Times: user=0.05 sys=0.01, real=0.02 secs] 
Heap after GC invocations=117 (full 5):
 PSYoungGen      total 972800K, used 32747K [0x0000000781800000, 0x00000007c0000000, 0x00000007c0000000)
  eden space 921600K, 0% used [0x0000000781800000,0x0000000781800000,0x00000007b9c00000)
  from space 51200K, 63% used [0x00000007bce00000,0x00000007bedfae60,0x00000007c0000000)
  to   space 51200K, 0% used [0x00000007b9c00000,0x00000007b9c00000,0x00000007bce00000)
 ParOldGen       total 2252800K, used 252650K [0x00000006f8000000, 0x0000000781800000, 0x0000000781800000)
  object space 2252800K, 11% used [0x00000006f8000000,0x00000007076ba8a8,0x0000000781800000)
 Metaspace       used 176581K, capacity 181888K, committed 182080K, reserved 1210368K
  class space    used 21068K, capacity 22114K, committed 22144K, reserved 1048576K
}
{Heap before GC invocations=118 (full 5):
 PSYoungGen      total 972800K, used 954347K [0x0000000781800000, 0x00000007c0000000, 0x00000007c0000000)
  eden space 921600K, 100% used [0x0000000781800000,0x00000007b9c00000,0x00000007b9c00000)
  from space 51200K, 63% used [0x00000007bce00000,0x00000007bedfae60,0x00000007c0000000)
  to   space 51200K, 0% used [0x00000007b9c00000,0x00000007b9c00000,0x00000007bce00000)
 ParOldGen       total 2252800K, used 252650K [0x00000006f8000000, 0x0000000781800000, 0x0000000781800000)
  object space 2252800K, 11% used [0x00000006f8000000,0x00000007076ba8a8,0x0000000781800000)
 Metaspace       used 176621K, capacity 181956K, committed 182080K, reserved 1210368K
  class space    used 21068K, capacity 22114K, committed 22144K, reserved 1048576K
2022-06-20T08:14:29.593+0800: 841.886: [GC (Allocation Failure) [PSYoungGen: 954347K->32882K(972800K)] 1206997K->285540K(3225600K), 0.0184356 secs] [Times: user=0.06 sys=0.00, real=0.02 secs] 
Heap after GC invocations=118 (full 5):
 PSYoungGen      total 972800K, used 32882K [0x0000000781800000, 0x00000007c0000000, 0x00000007c0000000)
  eden space 921600K, 0% used [0x0000000781800000,0x0000000781800000,0x00000007b9c00000)
  from space 51200K, 64% used [0x00000007b9c00000,0x00000007bbc1cb10,0x00000007bce00000)
  to   space 50688K, 0% used [0x00000007bce80000,0x00000007bce80000,0x00000007c0000000)
 ParOldGen       total 2252800K, used 252658K [0x00000006f8000000, 0x0000000781800000, 0x0000000781800000)
  object space 2252800K, 11% used [0x00000006f8000000,0x00000007076bc8a8,0x0000000781800000)
 Metaspace       used 176621K, capacity 181956K, committed 182080K, reserved 1210368K
  class space    used 21068K, capacity 22114K, committed 22144K, reserved 1048576K
}
{Heap before GC invocations=119 (full 5):
 PSYoungGen      total 972800K, used 954482K [0x0000000781800000, 0x00000007c0000000, 0x00000007c0000000)
  eden space 921600K, 100% used [0x0000000781800000,0x00000007b9c00000,0x00000007b9c00000)
  from space 51200K, 64% used [0x00000007b9c00000,0x00000007bbc1cb10,0x00000007bce00000)
  to   space 50688K, 0% used [0x00000007bce80000,0x00000007bce80000,0x00000007c0000000)
 ParOldGen       total 2252800K, used 252658K [0x00000006f8000000, 0x0000000781800000, 0x0000000781800000)
  object space 2252800K, 11% used [0x00000006f8000000,0x00000007076bc8a8,0x0000000781800000)
 Metaspace       used 176720K, capacity 182034K, committed 182080K, reserved 1210368K
  class space    used 21077K, capacity 22127K, committed 22144K, reserved 1048576K
2022-06-20T08:14:51.081+0800: 863.374: [GC (Allocation Failure) [PSYoungGen: 954482K->33043K(973824K)] 1207140K->285709K(3226624K), 0.0230758 secs] [Times: user=0.08 sys=0.00, real=0.02 secs] 
Heap after GC invocations=119 (full 5):
 PSYoungGen      total 973824K, used 33043K [0x0000000781800000, 0x00000007c0000000, 0x00000007c0000000)
  eden space 923136K, 0% used [0x0000000781800000,0x0000000781800000,0x00000007b9d80000)
  from space 50688K, 65% used [0x00000007bce80000,0x00000007beec4c70,0x00000007c0000000)
  to   space 50176K, 0% used [0x00000007b9d80000,0x00000007b9d80000,0x00000007bce80000)
 ParOldGen       total 2252800K, used 252666K [0x00000006f8000000, 0x0000000781800000, 0x0000000781800000)
  object space 2252800K, 11% used [0x00000006f8000000,0x00000007076be8a8,0x0000000781800000)
 Metaspace       used 176720K, capacity 182034K, committed 182080K, reserved 1210368K
  class space    used 21077K, capacity 22127K, committed 22144K, reserved 1048576K
}
{Heap before GC invocations=120 (full 5):
 PSYoungGen      total 973824K, used 956179K [0x0000000781800000, 0x00000007c0000000, 0x00000007c0000000)
  eden space 923136K, 100% used [0x0000000781800000,0x00000007b9d80000,0x00000007b9d80000)
  from space 50688K, 65% used [0x00000007bce80000,0x00000007beec4c70,0x00000007c0000000)
  to   space 50176K, 0% used [0x00000007b9d80000,0x00000007b9d80000,0x00000007bce80000)
 ParOldGen       total 2252800K, used 252666K [0x00000006f8000000, 0x0000000781800000, 0x0000000781800000)
  object space 2252800K, 11% used [0x00000006f8000000,0x00000007076be8a8,0x0000000781800000)
 Metaspace       used 176930K, capacity 182272K, committed 182336K, reserved 1210368K
  class space    used 21091K, capacity 22134K, committed 22144K, reserved 1048576K
2022-06-20T08:15:11.286+0800: 883.579: [GC (Allocation Failure) [PSYoungGen: 956179K->30215K(973312K)] 1208845K->286377K(3226112K), 0.0234751 secs] [Times: user=0.08 sys=0.02, real=0.03 secs] 
Heap after GC invocations=120 (full 5):
 PSYoungGen      total 973312K, used 30215K [0x0000000781800000, 0x00000007c0000000, 0x00000007c0000000)
  eden space 923136K, 0% used [0x0000000781800000,0x0000000781800000,0x00000007b9d80000)
  from space 50176K, 60% used [0x00000007b9d80000,0x00000007bbb01fb8,0x00000007bce80000)
  to   space 48640K, 0% used [0x00000007bd080000,0x00000007bd080000,0x00000007c0000000)
 ParOldGen       total 2252800K, used 256161K [0x00000006f8000000, 0x0000000781800000, 0x0000000781800000)
  object space 2252800K, 11% used [0x00000006f8000000,0x0000000707a28748,0x0000000781800000)
 Metaspace       used 176930K, capacity 182272K, committed 182336K, reserved 1210368K
  class space    used 21091K, capacity 22134K, committed 22144K, reserved 1048576K
}
{Heap before GC invocations=121 (full 5):
 PSYoungGen      total 973312K, used 953351K [0x0000000781800000, 0x00000007c0000000, 0x00000007c0000000)
  eden space 923136K, 100% used [0x0000000781800000,0x00000007b9d80000,0x00000007b9d80000)
  from space 50176K, 60% used [0x00000007b9d80000,0x00000007bbb01fb8,0x00000007bce80000)
  to   space 48640K, 0% used [0x00000007bd080000,0x00000007bd080000,0x00000007c0000000)
 ParOldGen       total 2252800K, used 256161K [0x00000006f8000000, 0x0000000781800000, 0x0000000781800000)
  object space 2252800K, 11% used [0x00000006f8000000,0x0000000707a28748,0x0000000781800000)
 Metaspace       used 177584K, capacity 183326K, committed 183488K, reserved 1210368K
  class space    used 21175K, capacity 22263K, committed 22272K, reserved 1048576K
2022-06-20T08:15:25.258+0800: 897.551: [GC (Allocation Failure) [PSYoungGen: 953351K->24286K(976384K)] 1209513K->286496K(3229184K), 0.0249052 secs] [Times: user=0.06 sys=0.02, real=0.02 secs] 
Heap after GC invocations=121 (full 5):
 PSYoungGen      total 976384K, used 24286K [0x0000000781800000, 0x00000007c0000000, 0x00000007c0000000)
  eden space 927744K, 0% used [0x0000000781800000,0x0000000781800000,0x00000007ba200000)
  from space 48640K, 49% used [0x00000007bd080000,0x00000007be837960,0x00000007c0000000)
  to   space 47616K, 0% used [0x00000007ba200000,0x00000007ba200000,0x00000007bd080000)
 ParOldGen       total 2252800K, used 262209K [0x00000006f8000000, 0x0000000781800000, 0x0000000781800000)
  object space 2252800K, 11% used [0x00000006f8000000,0x00000007080107a0,0x0000000781800000)
 Metaspace       used 177584K, capacity 183326K, committed 183488K, reserved 1210368K
  class space    used 21175K, capacity 22263K, committed 22272K, reserved 1048576K
}
{Heap before GC invocations=122 (full 5):
 PSYoungGen      total 976384K, used 952030K [0x0000000781800000, 0x00000007c0000000, 0x00000007c0000000)
  eden space 927744K, 100% used [0x0000000781800000,0x00000007ba200000,0x00000007ba200000)
  from space 48640K, 49% used [0x00000007bd080000,0x00000007be837960,0x00000007c0000000)
  to   space 47616K, 0% used [0x00000007ba200000,0x00000007ba200000,0x00000007bd080000)
 ParOldGen       total 2252800K, used 262209K [0x00000006f8000000, 0x0000000781800000, 0x0000000781800000)
  object space 2252800K, 11% used [0x00000006f8000000,0x00000007080107a0,0x0000000781800000)
 Metaspace       used 177974K, capacity 183912K, committed 184128K, reserved 1210368K
  class space    used 21224K, capacity 22350K, committed 22400K, reserved 1048576K
2022-06-20T08:15:42.399+0800: 914.691: [GC (Allocation Failure) [PSYoungGen: 952030K->28459K(975360K)] 1214240K->290717K(3228160K), 0.0182416 secs] [Times: user=0.05 sys=0.00, real=0.02 secs] 
Heap after GC invocations=122 (full 5):
 PSYoungGen      total 975360K, used 28459K [0x0000000781800000, 0x00000007c0000000, 0x00000007c0000000)
  eden space 927744K, 0% used [0x0000000781800000,0x0000000781800000,0x00000007ba200000)
  from space 47616K, 59% used [0x00000007ba200000,0x00000007bbdcad48,0x00000007bd080000)
  to   space 45568K, 0% used [0x00000007bd380000,0x00000007bd380000,0x00000007c0000000)
 ParOldGen       total 2252800K, used 262257K [0x00000006f8000000, 0x0000000781800000, 0x0000000781800000)
  object space 2252800K, 11% used [0x00000006f8000000,0x000000070801c7a0,0x0000000781800000)
 Metaspace       used 177974K, capacity 183912K, committed 184128K, reserved 1210368K
  class space    used 21224K, capacity 22350K, committed 22400K, reserved 1048576K
}
{Heap before GC invocations=123 (full 5):
 PSYoungGen      total 975360K, used 956203K [0x0000000781800000, 0x00000007c0000000, 0x00000007c0000000)
  eden space 927744K, 100% used [0x0000000781800000,0x00000007ba200000,0x00000007ba200000)
  from space 47616K, 59% used [0x00000007ba200000,0x00000007bbdcad48,0x00000007bd080000)
  to   space 45568K, 0% used [0x00000007bd380000,0x00000007bd380000,0x00000007c0000000)
 ParOldGen       total 2252800K, used 262257K [0x00000006f8000000, 0x0000000781800000, 0x0000000781800000)
  object space 2252800K, 11% used [0x00000006f8000000,0x000000070801c7a0,0x0000000781800000)
 Metaspace       used 177997K, capacity 183912K, committed 184128K, reserved 1210368K
  class space    used 21224K, capacity 22350K, committed 22400K, reserved 1048576K
2022-06-20T08:16:03.606+0800: 935.899: [GC (Allocation Failure) [PSYoungGen: 956203K->25832K(979456K)] 1218461K->288490K(3232256K), 0.0194014 secs] [Times: user=0.05 sys=0.01, real=0.02 secs] 
Heap after GC invocations=123 (full 5):
 PSYoungGen      total 979456K, used 25832K [0x0000000781800000, 0x00000007c0000000, 0x00000007c0000000)
  eden space 933888K, 0% used [0x0000000781800000,0x0000000781800000,0x00000007ba800000)
  from space 45568K, 56% used [0x00000007bd380000,0x00000007becba010,0x00000007c0000000)
  to   space 44544K, 0% used [0x00000007ba800000,0x00000007ba800000,0x00000007bd380000)
 ParOldGen       total 2252800K, used 262658K [0x00000006f8000000, 0x0000000781800000, 0x0000000781800000)
  object space 2252800K, 11% used [0x00000006f8000000,0x0000000708080af8,0x0000000781800000)
 Metaspace       used 177997K, capacity 183912K, committed 184128K, reserved 1210368K
  class space    used 21224K, capacity 22350K, committed 22400K, reserved 1048576K
}
{Heap before GC invocations=124 (full 5):
 PSYoungGen      total 979456K, used 959720K [0x0000000781800000, 0x00000007c0000000, 0x00000007c0000000)
  eden space 933888K, 100% used [0x0000000781800000,0x00000007ba800000,0x00000007ba800000)
  from space 45568K, 56% used [0x00000007bd380000,0x00000007becba010,0x00000007c0000000)
  to   space 44544K, 0% used [0x00000007ba800000,0x00000007ba800000,0x00000007bd380000)
 ParOldGen       total 2252800K, used 262658K [0x00000006f8000000, 0x0000000781800000, 0x0000000781800000)
  object space 2252800K, 11% used [0x00000006f8000000,0x0000000708080af8,0x0000000781800000)
 Metaspace       used 178024K, capacity 183912K, committed 184128K, reserved 1210368K
  class space    used 21224K, capacity 22350K, committed 22400K, reserved 1048576K
2022-06-20T08:16:24.951+0800: 957.244: [GC (Allocation Failure) [PSYoungGen: 959720K->15520K(978432K)] 1222378K->287370K(3231232K), 0.0204941 secs] [Times: user=0.05 sys=0.01, real=0.02 secs] 
Heap after GC invocations=124 (full 5):
 PSYoungGen      total 978432K, used 15520K [0x0000000781800000, 0x00000007c0000000, 0x00000007c0000000)
  eden space 933888K, 0% used [0x0000000781800000,0x0000000781800000,0x00000007ba800000)
  from space 44544K, 34% used [0x00000007ba800000,0x00000007bb728220,0x00000007bd380000)
  to   space 45056K, 0% used [0x00000007bd400000,0x00000007bd400000,0x00000007c0000000)
 ParOldGen       total 2252800K, used 271849K [0x00000006f8000000, 0x0000000781800000, 0x0000000781800000)
  object space 2252800K, 12% used [0x00000006f8000000,0x000000070897a680,0x0000000781800000)
 Metaspace       used 178024K, capacity 183912K, committed 184128K, reserved 1210368K
  class space    used 21224K, capacity 22350K, committed 22400K, reserved 1048576K
}
{Heap before GC invocations=125 (full 5):
 PSYoungGen      total 978432K, used 949408K [0x0000000781800000, 0x00000007c0000000, 0x00000007c0000000)
  eden space 933888K, 100% used [0x0000000781800000,0x00000007ba800000,0x00000007ba800000)
  from space 44544K, 34% used [0x00000007ba800000,0x00000007bb728220,0x00000007bd380000)
  to   space 45056K, 0% used [0x00000007bd400000,0x00000007bd400000,0x00000007c0000000)
 ParOldGen       total 2252800K, used 271849K [0x00000006f8000000, 0x0000000781800000, 0x0000000781800000)
  object space 2252800K, 12% used [0x00000006f8000000,0x000000070897a680,0x0000000781800000)
 Metaspace       used 178031K, capacity 183976K, committed 184128K, reserved 1210368K
  class space    used 21224K, capacity 22350K, committed 22400K, reserved 1048576K
2022-06-20T08:16:36.366+0800: 968.659: [GC (Allocation Failure) [PSYoungGen: 949408K->14270K(978944K)] 1221258K->286561K(3231744K), 0.0182739 secs] [Times: user=0.06 sys=0.00, real=0.01 secs] 
Heap after GC invocations=125 (full 5):
 PSYoungGen      total 978944K, used 14270K [0x0000000781800000, 0x00000007c0000000, 0x00000007c0000000)
  eden space 933888K, 0% used [0x0000000781800000,0x0000000781800000,0x00000007ba800000)
  from space 45056K, 31% used [0x00000007bd400000,0x00000007be1efa30,0x00000007c0000000)
  to   space 45056K, 0% used [0x00000007ba800000,0x00000007ba800000,0x00000007bd400000)
 ParOldGen       total 2252800K, used 272290K [0x00000006f8000000, 0x0000000781800000, 0x0000000781800000)
  object space 2252800K, 12% used [0x00000006f8000000,0x00000007089e8a08,0x0000000781800000)
 Metaspace       used 178031K, capacity 183976K, committed 184128K, reserved 1210368K
  class space    used 21224K, capacity 22350K, committed 22400K, reserved 1048576K
}
{Heap before GC invocations=126 (full 5):
 PSYoungGen      total 978944K, used 948158K [0x0000000781800000, 0x00000007c0000000, 0x00000007c0000000)
  eden space 933888K, 100% used [0x0000000781800000,0x00000007ba800000,0x00000007ba800000)
  from space 45056K, 31% used [0x00000007bd400000,0x00000007be1efa30,0x00000007c0000000)
  to   space 45056K, 0% used [0x00000007ba800000,0x00000007ba800000,0x00000007bd400000)
 ParOldGen       total 2252800K, used 272290K [0x00000006f8000000, 0x0000000781800000, 0x0000000781800000)
  object space 2252800K, 12% used [0x00000006f8000000,0x00000007089e8a08,0x0000000781800000)
 Metaspace       used 178052K, capacity 183976K, committed 184128K, reserved 1210368K
  class space    used 21224K, capacity 22350K, committed 22400K, reserved 1048576K
2022-06-20T08:17:00.051+0800: 992.344: [GC (Allocation Failure) [PSYoungGen: 948158K->15360K(978944K)] 1220449K->287682K(3231744K), 0.0141441 secs] [Times: user=0.04 sys=0.00, real=0.01 secs] 
Heap after GC invocations=126 (full 5):
 PSYoungGen      total 978944K, used 15360K [0x0000000781800000, 0x00000007c0000000, 0x00000007c0000000)
  eden space 933888K, 0% used [0x0000000781800000,0x0000000781800000,0x00000007ba800000)
  from space 45056K, 34% used [0x00000007ba800000,0x00000007bb7001b8,0x00000007bd400000)
  to   space 45056K, 0% used [0x00000007bd400000,0x00000007bd400000,0x00000007c0000000)
 ParOldGen       total 2252800K, used 272322K [0x00000006f8000000, 0x0000000781800000, 0x0000000781800000)
  object space 2252800K, 12% used [0x00000006f8000000,0x00000007089f0a08,0x0000000781800000)
 Metaspace       used 178052K, capacity 183976K, committed 184128K, reserved 1210368K
  class space    used 21224K, capacity 22350K, committed 22400K, reserved 1048576K
}
{Heap before GC invocations=127 (full 5):
 PSYoungGen      total 978944K, used 949248K [0x0000000781800000, 0x00000007c0000000, 0x00000007c0000000)
  eden space 933888K, 100% used [0x0000000781800000,0x00000007ba800000,0x00000007ba800000)
  from space 45056K, 34% used [0x00000007ba800000,0x00000007bb7001b8,0x00000007bd400000)
  to   space 45056K, 0% used [0x00000007bd400000,0x00000007bd400000,0x00000007c0000000)
 ParOldGen       total 2252800K, used 272322K [0x00000006f8000000, 0x0000000781800000, 0x0000000781800000)
  object space 2252800K, 12% used [0x00000006f8000000,0x00000007089f0a08,0x0000000781800000)
 Metaspace       used 178274K, capacity 184252K, committed 184512K, reserved 1212416K
  class space    used 21249K, capacity 22406K, committed 22528K, reserved 1048576K
2022-06-20T08:17:20.373+0800: 1012.666: [GC (Allocation Failure) [PSYoungGen: 949248K->15548K(979456K)] 1221570K->288106K(3232256K), 0.0192432 secs] [Times: user=0.05 sys=0.01, real=0.02 secs] 
Heap after GC invocations=127 (full 5):
 PSYoungGen      total 979456K, used 15548K [0x0000000781800000, 0x00000007c0000000, 0x00000007c0000000)
  eden space 934400K, 0% used [0x0000000781800000,0x0000000781800000,0x00000007ba880000)
  from space 45056K, 34% used [0x00000007bd400000,0x00000007be32f048,0x00000007c0000000)
  to   space 44544K, 0% used [0x00000007ba880000,0x00000007ba880000,0x00000007bd400000)
 ParOldGen       total 2252800K, used 272558K [0x00000006f8000000, 0x0000000781800000, 0x0000000781800000)
  object space 2252800K, 12% used [0x00000006f8000000,0x0000000708a2b808,0x0000000781800000)
 Metaspace       used 178274K, capacity 184252K, committed 184512K, reserved 1212416K
  class space    used 21249K, capacity 22406K, committed 22528K, reserved 1048576K
}
{Heap before GC invocations=128 (full 5):
 PSYoungGen      total 979456K, used 949948K [0x0000000781800000, 0x00000007c0000000, 0x00000007c0000000)
  eden space 934400K, 100% used [0x0000000781800000,0x00000007ba880000,0x00000007ba880000)
  from space 45056K, 34% used [0x00000007bd400000,0x00000007be32f048,0x00000007c0000000)
  to   space 44544K, 0% used [0x00000007ba880000,0x00000007ba880000,0x00000007bd400000)
 ParOldGen       total 2252800K, used 272558K [0x00000006f8000000, 0x0000000781800000, 0x0000000781800000)
  object space 2252800K, 12% used [0x00000006f8000000,0x0000000708a2b808,0x0000000781800000)
 Metaspace       used 178300K, capacity 184252K, committed 184512K, reserved 1212416K
  class space    used 21249K, capacity 22406K, committed 22528K, reserved 1048576K
2022-06-20T08:17:38.846+0800: 1031.139: [GC (Allocation Failure) [PSYoungGen: 949948K->15812K(978944K)] 1222506K->288454K(3231744K), 0.0117020 secs] [Times: user=0.04 sys=0.00, real=0.01 secs] 
Heap after GC invocations=128 (full 5):
 PSYoungGen      total 978944K, used 15812K [0x0000000781800000, 0x00000007c0000000, 0x00000007c0000000)
  eden space 934400K, 0% used [0x0000000781800000,0x0000000781800000,0x00000007ba880000)
  from space 44544K, 35% used [0x00000007ba880000,0x00000007bb7f1380,0x00000007bd400000)
  to   space 44032K, 0% used [0x00000007bd500000,0x00000007bd500000,0x00000007c0000000)
 ParOldGen       total 2252800K, used 272641K [0x00000006f8000000, 0x0000000781800000, 0x0000000781800000)
  object space 2252800K, 12% used [0x00000006f8000000,0x0000000708a40530,0x0000000781800000)
 Metaspace       used 178300K, capacity 184252K, committed 184512K, reserved 1212416K
  class space    used 21249K, capacity 22406K, committed 22528K, reserved 1048576K
}
{Heap before GC invocations=129 (full 5):
 PSYoungGen      total 978944K, used 950212K [0x0000000781800000, 0x00000007c0000000, 0x00000007c0000000)
  eden space 934400K, 100% used [0x0000000781800000,0x00000007ba880000,0x00000007ba880000)
  from space 44544K, 35% used [0x00000007ba880000,0x00000007bb7f1380,0x00000007bd400000)
  to   space 44032K, 0% used [0x00000007bd500000,0x00000007bd500000,0x00000007c0000000)
 ParOldGen       total 2252800K, used 272641K [0x00000006f8000000, 0x0000000781800000, 0x0000000781800000)
  object space 2252800K, 12% used [0x00000006f8000000,0x0000000708a40530,0x0000000781800000)
 Metaspace       used 178316K, capacity 184252K, committed 184512K, reserved 1212416K
  class space    used 21249K, capacity 22406K, committed 22528K, reserved 1048576K
2022-06-20T08:17:56.817+0800: 1049.110: [GC (Allocation Failure) [PSYoungGen: 950212K->15448K(980992K)] 1222854K->288181K(3233792K), 0.0173496 secs] [Times: user=0.05 sys=0.00, real=0.01 secs] 
Heap after GC invocations=129 (full 5):
 PSYoungGen      total 980992K, used 15448K [0x0000000781800000, 0x00000007c0000000, 0x00000007c0000000)
  eden space 936960K, 0% used [0x0000000781800000,0x0000000781800000,0x00000007bab00000)
  from space 44032K, 35% used [0x00000007bd500000,0x00000007be416370,0x00000007c0000000)
  to   space 43008K, 0% used [0x00000007bab00000,0x00000007bab00000,0x00000007bd500000)
 ParOldGen       total 2252800K, used 272732K [0x00000006f8000000, 0x0000000781800000, 0x0000000781800000)
  object space 2252800K, 12% used [0x00000006f8000000,0x0000000708a57290,0x0000000781800000)
 Metaspace       used 178316K, capacity 184252K, committed 184512K, reserved 1212416K
  class space    used 21249K, capacity 22406K, committed 22528K, reserved 1048576K
}
{Heap before GC invocations=130 (full 5):
 PSYoungGen      total 980992K, used 952408K [0x0000000781800000, 0x00000007c0000000, 0x00000007c0000000)
  eden space 936960K, 100% used [0x0000000781800000,0x00000007bab00000,0x00000007bab00000)
  from space 44032K, 35% used [0x00000007bd500000,0x00000007be416370,0x00000007c0000000)
  to   space 43008K, 0% used [0x00000007bab00000,0x00000007bab00000,0x00000007bd500000)
 ParOldGen       total 2252800K, used 272732K [0x00000006f8000000, 0x0000000781800000, 0x0000000781800000)
  object space 2252800K, 12% used [0x00000006f8000000,0x0000000708a57290,0x0000000781800000)
 Metaspace       used 178338K, capacity 184380K, committed 184768K, reserved 1212416K
  class space    used 21249K, capacity 22406K, committed 22528K, reserved 1048576K
2022-06-20T08:18:14.039+0800: 1066.332: [GC (Allocation Failure) [PSYoungGen: 952408K->15229K(979968K)] 1225141K->287993K(3232768K), 0.0186961 secs] [Times: user=0.06 sys=0.00, real=0.02 secs] 
Heap after GC invocations=130 (full 5):
 PSYoungGen      total 979968K, used 15229K [0x0000000781800000, 0x00000007c0000000, 0x00000007c0000000)
  eden space 936960K, 0% used [0x0000000781800000,0x0000000781800000,0x00000007bab00000)
  from space 43008K, 35% used [0x00000007bab00000,0x00000007bb9df530,0x00000007bd500000)
  to   space 41984K, 0% used [0x00000007bd700000,0x00000007bd700000,0x00000007c0000000)
 ParOldGen       total 2252800K, used 272764K [0x00000006f8000000, 0x0000000781800000, 0x0000000781800000)
  object space 2252800K, 12% used [0x00000006f8000000,0x0000000708a5f290,0x0000000781800000)
 Metaspace       used 178338K, capacity 184380K, committed 184768K, reserved 1212416K
  class space    used 21249K, capacity 22406K, committed 22528K, reserved 1048576K
}
{Heap before GC invocations=131 (full 5):
 PSYoungGen      total 979968K, used 952189K [0x0000000781800000, 0x00000007c0000000, 0x00000007c0000000)
  eden space 936960K, 100% used [0x0000000781800000,0x00000007bab00000,0x00000007bab00000)
  from space 43008K, 35% used [0x00000007bab00000,0x00000007bb9df530,0x00000007bd500000)
  to   space 41984K, 0% used [0x00000007bd700000,0x00000007bd700000,0x00000007c0000000)
 ParOldGen       total 2252800K, used 272764K [0x00000006f8000000, 0x0000000781800000, 0x0000000781800000)
  object space 2252800K, 12% used [0x00000006f8000000,0x0000000708a5f290,0x0000000781800000)
 Metaspace       used 178354K, capacity 184394K, committed 184768K, reserved 1212416K
  class space    used 21249K, capacity 22407K, committed 22528K, reserved 1048576K
2022-06-20T08:18:34.728+0800: 1087.021: [GC (Allocation Failure) [PSYoungGen: 952189K->15532K(983040K)] 1224953K->288376K(3235840K), 0.0182689 secs] [Times: user=0.06 sys=0.00, real=0.02 secs] 
Heap after GC invocations=131 (full 5):
 PSYoungGen      total 983040K, used 15532K [0x0000000781800000, 0x00000007c0000000, 0x00000007c0000000)
  eden space 941056K, 0% used [0x0000000781800000,0x0000000781800000,0x00000007baf00000)
  from space 41984K, 36% used [0x00000007bd700000,0x00000007be62b320,0x00000007c0000000)
  to   space 40960K, 0% used [0x00000007baf00000,0x00000007baf00000,0x00000007bd700000)
 ParOldGen       total 2252800K, used 272844K [0x00000006f8000000, 0x0000000781800000, 0x0000000781800000)
  object space 2252800K, 12% used [0x00000006f8000000,0x0000000708a730d8,0x0000000781800000)
 Metaspace       used 178354K, capacity 184394K, committed 184768K, reserved 1212416K
  class space    used 21249K, capacity 22407K, committed 22528K, reserved 1048576K
}
{Heap before GC invocations=132 (full 5):
 PSYoungGen      total 983040K, used 956588K [0x0000000781800000, 0x00000007c0000000, 0x00000007c0000000)
  eden space 941056K, 100% used [0x0000000781800000,0x00000007baf00000,0x00000007baf00000)
  from space 41984K, 36% used [0x00000007bd700000,0x00000007be62b320,0x00000007c0000000)
  to   space 40960K, 0% used [0x00000007baf00000,0x00000007baf00000,0x00000007bd700000)
 ParOldGen       total 2252800K, used 272844K [0x00000006f8000000, 0x0000000781800000, 0x0000000781800000)
  object space 2252800K, 12% used [0x00000006f8000000,0x0000000708a730d8,0x0000000781800000)
 Metaspace       used 178368K, capacity 184394K, committed 184768K, reserved 1212416K
  class space    used 21250K, capacity 22407K, committed 22528K, reserved 1048576K
2022-06-20T08:18:54.647+0800: 1106.940: [GC (Allocation Failure) [PSYoungGen: 956588K->15178K(982016K)] 1229432K->288305K(3234816K), 0.0187160 secs] [Times: user=0.05 sys=0.01, real=0.01 secs] 
Heap after GC invocations=132 (full 5):
 PSYoungGen      total 982016K, used 15178K [0x0000000781800000, 0x00000007c0000000, 0x00000007c0000000)
  eden space 941056K, 0% used [0x0000000781800000,0x0000000781800000,0x00000007baf00000)
  from space 40960K, 37% used [0x00000007baf00000,0x00000007bbdd2880,0x00000007bd700000)
  to   space 39936K, 0% used [0x00000007bd900000,0x00000007bd900000,0x00000007c0000000)
 ParOldGen       total 2252800K, used 273127K [0x00000006f8000000, 0x0000000781800000, 0x0000000781800000)
  object space 2252800K, 12% used [0x00000006f8000000,0x0000000708ab9dd8,0x0000000781800000)
 Metaspace       used 178368K, capacity 184394K, committed 184768K, reserved 1212416K
  class space    used 21250K, capacity 22407K, committed 22528K, reserved 1048576K
}
{Heap before GC invocations=133 (full 5):
 PSYoungGen      total 982016K, used 956234K [0x0000000781800000, 0x00000007c0000000, 0x00000007c0000000)
  eden space 941056K, 100% used [0x0000000781800000,0x00000007baf00000,0x00000007baf00000)
  from space 40960K, 37% used [0x00000007baf00000,0x00000007bbdd2880,0x00000007bd700000)
  to   space 39936K, 0% used [0x00000007bd900000,0x00000007bd900000,0x00000007c0000000)
 ParOldGen       total 2252800K, used 273127K [0x00000006f8000000, 0x0000000781800000, 0x0000000781800000)
  object space 2252800K, 12% used [0x00000006f8000000,0x0000000708ab9dd8,0x0000000781800000)
 Metaspace       used 178404K, capacity 184394K, committed 184768K, reserved 1212416K
  class space    used 21250K, capacity 22407K, committed 22528K, reserved 1048576K
2022-06-20T08:19:17.047+0800: 1129.340: [GC (Allocation Failure) [PSYoungGen: 956234K->14825K(985088K)] 1229361K->288043K(3237888K), 0.0184132 secs] [Times: user=0.05 sys=0.00, real=0.01 secs] 
Heap after GC invocations=133 (full 5):
 PSYoungGen      total 985088K, used 14825K [0x0000000781800000, 0x00000007c0000000, 0x00000007c0000000)
  eden space 945152K, 0% used [0x0000000781800000,0x0000000781800000,0x00000007bb300000)
  from space 39936K, 37% used [0x00000007bd900000,0x00000007be77a4b0,0x00000007c0000000)
  to   space 38912K, 0% used [0x00000007bb300000,0x00000007bb300000,0x00000007bd900000)
 ParOldGen       total 2252800K, used 273218K [0x00000006f8000000, 0x0000000781800000, 0x0000000781800000)
  object space 2252800K, 12% used [0x00000006f8000000,0x0000000708ad0b38,0x0000000781800000)
 Metaspace       used 178404K, capacity 184394K, committed 184768K, reserved 1212416K
  class space    used 21250K, capacity 22407K, committed 22528K, reserved 1048576K
}
{Heap before GC invocations=134 (full 5):
 PSYoungGen      total 985088K, used 959977K [0x0000000781800000, 0x00000007c0000000, 0x00000007c0000000)
  eden space 945152K, 100% used [0x0000000781800000,0x00000007bb300000,0x00000007bb300000)
  from space 39936K, 37% used [0x00000007bd900000,0x00000007be77a4b0,0x00000007c0000000)
  to   space 38912K, 0% used [0x00000007bb300000,0x00000007bb300000,0x00000007bd900000)
 ParOldGen       total 2252800K, used 273218K [0x00000006f8000000, 0x0000000781800000, 0x0000000781800000)
  object space 2252800K, 12% used [0x00000006f8000000,0x0000000708ad0b38,0x0000000781800000)
 Metaspace       used 178422K, capacity 184394K, committed 184768K, reserved 1212416K
  class space    used 21250K, capacity 22407K, committed 22528K, reserved 1048576K
2022-06-20T08:19:40.931+0800: 1153.224: [GC (Allocation Failure) [PSYoungGen: 959977K->14742K(984064K)] 1233195K->288152K(3236864K), 0.0187045 secs] [Times: user=0.06 sys=0.00, real=0.02 secs] 
Heap after GC invocations=134 (full 5):
 PSYoungGen      total 984064K, used 14742K [0x0000000781800000, 0x00000007c0000000, 0x00000007c0000000)
  eden space 945152K, 0% used [0x0000000781800000,0x0000000781800000,0x00000007bb300000)
  from space 38912K, 37% used [0x00000007bb300000,0x00000007bc1658f8,0x00000007bd900000)
  to   space 37888K, 0% used [0x00000007bdb00000,0x00000007bdb00000,0x00000007c0000000)
 ParOldGen       total 2252800K, used 273410K [0x00000006f8000000, 0x0000000781800000, 0x0000000781800000)
  object space 2252800K, 12% used [0x00000006f8000000,0x0000000708b00a18,0x0000000781800000)
 Metaspace       used 178422K, capacity 184394K, committed 184768K, reserved 1212416K
  class space    used 21250K, capacity 22407K, committed 22528K, reserved 1048576K
}
{Heap before GC invocations=135 (full 5):
 PSYoungGen      total 984064K, used 959894K [0x0000000781800000, 0x00000007c0000000, 0x00000007c0000000)
  eden space 945152K, 100% used [0x0000000781800000,0x00000007bb300000,0x00000007bb300000)
  from space 38912K, 37% used [0x00000007bb300000,0x00000007bc1658f8,0x00000007bd900000)
  to   space 37888K, 0% used [0x00000007bdb00000,0x00000007bdb00000,0x00000007c0000000)
 ParOldGen       total 2252800K, used 273410K [0x00000006f8000000, 0x0000000781800000, 0x0000000781800000)
  object space 2252800K, 12% used [0x00000006f8000000,0x0000000708b00a18,0x0000000781800000)
 Metaspace       used 178431K, capacity 184458K, committed 184768K, reserved 1212416K
  class space    used 21250K, capacity 22407K, committed 22528K, reserved 1048576K
2022-06-20T08:19:55.881+0800: 1168.174: [GC (Allocation Failure) [PSYoungGen: 959894K->14657K(987136K)] 1233304K->288510K(3239936K), 0.0195145 secs] [Times: user=0.05 sys=0.02, real=0.02 secs] 
Heap after GC invocations=135 (full 5):
 PSYoungGen      total 987136K, used 14657K [0x0000000781800000, 0x00000007c0000000, 0x00000007c0000000)
  eden space 949248K, 0% used [0x0000000781800000,0x0000000781800000,0x00000007bb700000)
  from space 37888K, 38% used [0x00000007bdb00000,0x00000007be950468,0x00000007c0000000)
  to   space 36864K, 0% used [0x00000007bb700000,0x00000007bb700000,0x00000007bdb00000)
 ParOldGen       total 2252800K, used 273853K [0x00000006f8000000, 0x0000000781800000, 0x0000000781800000)
  object space 2252800K, 12% used [0x00000006f8000000,0x0000000708b6f778,0x0000000781800000)
 Metaspace       used 178431K, capacity 184458K, committed 184768K, reserved 1212416K
  class space    used 21250K, capacity 22407K, committed 22528K, reserved 1048576K
}
{Heap before GC invocations=136 (full 5):
 PSYoungGen      total 987136K, used 963905K [0x0000000781800000, 0x00000007c0000000, 0x00000007c0000000)
  eden space 949248K, 100% used [0x0000000781800000,0x00000007bb700000,0x00000007bb700000)
  from space 37888K, 38% used [0x00000007bdb00000,0x00000007be950468,0x00000007c0000000)
  to   space 36864K, 0% used [0x00000007bb700000,0x00000007bb700000,0x00000007bdb00000)
 ParOldGen       total 2252800K, used 273853K [0x00000006f8000000, 0x0000000781800000, 0x0000000781800000)
  object space 2252800K, 12% used [0x00000006f8000000,0x0000000708b6f778,0x0000000781800000)
 Metaspace       used 178438K, capacity 184458K, committed 184768K, reserved 1212416K
  class space    used 21250K, capacity 22407K, committed 22528K, reserved 1048576K
2022-06-20T08:20:13.371+0800: 1185.663: [GC (Allocation Failure) [PSYoungGen: 963905K->14201K(986112K)] 1237758K->288291K(3238912K), 0.0170726 secs] [Times: user=0.04 sys=0.00, real=0.02 secs] 
Heap after GC invocations=136 (full 5):
 PSYoungGen      total 986112K, used 14201K [0x0000000781800000, 0x00000007c0000000, 0x00000007c0000000)
  eden space 949248K, 0% used [0x0000000781800000,0x0000000781800000,0x00000007bb700000)
  from space 36864K, 38% used [0x00000007bb700000,0x00000007bc4de4e8,0x00000007bdb00000)
  to   space 35840K, 0% used [0x00000007bdd00000,0x00000007bdd00000,0x00000007c0000000)
 ParOldGen       total 2252800K, used 274089K [0x00000006f8000000, 0x0000000781800000, 0x0000000781800000)
  object space 2252800K, 12% used [0x00000006f8000000,0x0000000708baa798,0x0000000781800000)
 Metaspace       used 178438K, capacity 184458K, committed 184768K, reserved 1212416K
  class space    used 21250K, capacity 22407K, committed 22528K, reserved 1048576K
}
{Heap before GC invocations=137 (full 5):
 PSYoungGen      total 986112K, used 963449K [0x0000000781800000, 0x00000007c0000000, 0x00000007c0000000)
  eden space 949248K, 100% used [0x0000000781800000,0x00000007bb700000,0x00000007bb700000)
  from space 36864K, 38% used [0x00000007bb700000,0x00000007bc4de4e8,0x00000007bdb00000)
  to   space 35840K, 0% used [0x00000007bdd00000,0x00000007bdd00000,0x00000007c0000000)
 ParOldGen       total 2252800K, used 274089K [0x00000006f8000000, 0x0000000781800000, 0x0000000781800000)
  object space 2252800K, 12% used [0x00000006f8000000,0x0000000708baa798,0x0000000781800000)
 Metaspace       used 178455K, capacity 184458K, committed 184768K, reserved 1212416K
  class space    used 21250K, capacity 22407K, committed 22528K, reserved 1048576K
2022-06-20T08:20:41.135+0800: 1213.428: [GC (Allocation Failure) [PSYoungGen: 963449K->14516K(989184K)] 1237539K->288779K(3241984K), 0.0160026 secs] [Times: user=0.04 sys=0.00, real=0.02 secs] 
Heap after GC invocations=137 (full 5):
 PSYoungGen      total 989184K, used 14516K [0x0000000781800000, 0x00000007c0000000, 0x00000007c0000000)
  eden space 953344K, 0% used [0x0000000781800000,0x0000000781800000,0x00000007bbb00000)
  from space 35840K, 40% used [0x00000007bdd00000,0x00000007beb2d0f0,0x00000007c0000000)
  to   space 34816K, 0% used [0x00000007bbb00000,0x00000007bbb00000,0x00000007bdd00000)
 ParOldGen       total 2252800K, used 274263K [0x00000006f8000000, 0x0000000781800000, 0x0000000781800000)
  object space 2252800K, 12% used [0x00000006f8000000,0x0000000708bd5c50,0x0000000781800000)
 Metaspace       used 178455K, capacity 184458K, committed 184768K, reserved 1212416K
  class space    used 21250K, capacity 22407K, committed 22528K, reserved 1048576K
}
{Heap before GC invocations=138 (full 5):
 PSYoungGen      total 989184K, used 967860K [0x0000000781800000, 0x00000007c0000000, 0x00000007c0000000)
  eden space 953344K, 100% used [0x0000000781800000,0x00000007bbb00000,0x00000007bbb00000)
  from space 35840K, 40% used [0x00000007bdd00000,0x00000007beb2d0f0,0x00000007c0000000)
  to   space 34816K, 0% used [0x00000007bbb00000,0x00000007bbb00000,0x00000007bdd00000)
 ParOldGen       total 2252800K, used 274263K [0x00000006f8000000, 0x0000000781800000, 0x0000000781800000)
  object space 2252800K, 12% used [0x00000006f8000000,0x0000000708bd5c50,0x0000000781800000)
 Metaspace       used 178462K, capacity 184458K, committed 184768K, reserved 1212416K
  class space    used 21250K, capacity 22407K, committed 22528K, reserved 1048576K
2022-06-20T08:21:14.111+0800: 1246.404: [GC (Allocation Failure) [PSYoungGen: 967860K->14337K(988160K)] 1242123K->288632K(3240960K), 0.0192761 secs] [Times: user=0.04 sys=0.01, real=0.02 secs] 
Heap after GC invocations=138 (full 5):
 PSYoungGen      total 988160K, used 14337K [0x0000000781800000, 0x00000007c0000000, 0x00000007c0000000)
  eden space 953344K, 0% used [0x0000000781800000,0x0000000781800000,0x00000007bbb00000)
  from space 34816K, 41% used [0x00000007bbb00000,0x00000007bc900480,0x00000007bdd00000)
  to   space 33792K, 0% used [0x00000007bdf00000,0x00000007bdf00000,0x00000007c0000000)
 ParOldGen       total 2252800K, used 274295K [0x00000006f8000000, 0x0000000781800000, 0x0000000781800000)
  object space 2252800K, 12% used [0x00000006f8000000,0x0000000708bddc50,0x0000000781800000)
 Metaspace       used 178462K, capacity 184458K, committed 184768K, reserved 1212416K
  class space    used 21250K, capacity 22407K, committed 22528K, reserved 1048576K
}
{Heap before GC invocations=139 (full 5):
 PSYoungGen      total 988160K, used 967681K [0x0000000781800000, 0x00000007c0000000, 0x00000007c0000000)
  eden space 953344K, 100% used [0x0000000781800000,0x00000007bbb00000,0x00000007bbb00000)
  from space 34816K, 41% used [0x00000007bbb00000,0x00000007bc900480,0x00000007bdd00000)
  to   space 33792K, 0% used [0x00000007bdf00000,0x00000007bdf00000,0x00000007c0000000)
 ParOldGen       total 2252800K, used 274295K [0x00000006f8000000, 0x0000000781800000, 0x0000000781800000)
  object space 2252800K, 12% used [0x00000006f8000000,0x0000000708bddc50,0x0000000781800000)
 Metaspace       used 178477K, capacity 184462K, committed 184768K, reserved 1212416K
  class space    used 21251K, capacity 22407K, committed 22528K, reserved 1048576K
2022-06-20T08:21:32.729+0800: 1265.022: [GC (Allocation Failure) [PSYoungGen: 967681K->14321K(991232K)] 1241976K->288844K(3244032K), 0.0164536 secs] [Times: user=0.04 sys=0.01, real=0.01 secs] 
Heap after GC invocations=139 (full 5):
 PSYoungGen      total 991232K, used 14321K [0x0000000781800000, 0x00000007c0000000, 0x00000007c0000000)
  eden space 957440K, 0% used [0x0000000781800000,0x0000000781800000,0x00000007bbf00000)
  from space 33792K, 42% used [0x00000007bdf00000,0x00000007becfc5a0,0x00000007c0000000)
  to   space 32768K, 0% used [0x00000007bbf00000,0x00000007bbf00000,0x00000007bdf00000)
 ParOldGen       total 2252800K, used 274522K [0x00000006f8000000, 0x0000000781800000, 0x0000000781800000)
  object space 2252800K, 12% used [0x00000006f8000000,0x0000000708c16b98,0x0000000781800000)
 Metaspace       used 178477K, capacity 184462K, committed 184768K, reserved 1212416K
  class space    used 21251K, capacity 22407K, committed 22528K, reserved 1048576K
}
{Heap before GC invocations=140 (full 5):
 PSYoungGen      total 991232K, used 971761K [0x0000000781800000, 0x00000007c0000000, 0x00000007c0000000)
  eden space 957440K, 100% used [0x0000000781800000,0x00000007bbf00000,0x00000007bbf00000)
  from space 33792K, 42% used [0x00000007bdf00000,0x00000007becfc5a0,0x00000007c0000000)
  to   space 32768K, 0% used [0x00000007bbf00000,0x00000007bbf00000,0x00000007bdf00000)
 ParOldGen       total 2252800K, used 274522K [0x00000006f8000000, 0x0000000781800000, 0x0000000781800000)
  object space 2252800K, 12% used [0x00000006f8000000,0x0000000708c16b98,0x0000000781800000)
 Metaspace       used 178522K, capacity 184462K, committed 184768K, reserved 1212416K
  class space    used 21252K, capacity 22407K, committed 22528K, reserved 1048576K
2022-06-20T08:22:00.633+0800: 1292.926: [GC (Allocation Failure) [PSYoungGen: 971761K->14438K(990208K)] 1246284K->289060K(3243008K), 0.0120601 secs] [Times: user=0.03 sys=0.00, real=0.01 secs] 
Heap after GC invocations=140 (full 5):
 PSYoungGen      total 990208K, used 14438K [0x0000000781800000, 0x00000007c0000000, 0x00000007c0000000)
  eden space 957440K, 0% used [0x0000000781800000,0x0000000781800000,0x00000007bbf00000)
  from space 32768K, 44% used [0x00000007bbf00000,0x00000007bcd19830,0x00000007bdf00000)
  to   space 31744K, 0% used [0x00000007be100000,0x00000007be100000,0x00000007c0000000)
 ParOldGen       total 2252800K, used 274622K [0x00000006f8000000, 0x0000000781800000, 0x0000000781800000)
  object space 2252800K, 12% used [0x00000006f8000000,0x0000000708c2f8f8,0x0000000781800000)
 Metaspace       used 178522K, capacity 184462K, committed 184768K, reserved 1212416K
  class space    used 21252K, capacity 22407K, committed 22528K, reserved 1048576K
}
{Heap before GC invocations=141 (full 5):
 PSYoungGen      total 990208K, used 971878K [0x0000000781800000, 0x00000007c0000000, 0x00000007c0000000)
  eden space 957440K, 100% used [0x0000000781800000,0x00000007bbf00000,0x00000007bbf00000)
  from space 32768K, 44% used [0x00000007bbf00000,0x00000007bcd19830,0x00000007bdf00000)
  to   space 31744K, 0% used [0x00000007be100000,0x00000007be100000,0x00000007c0000000)
 ParOldGen       total 2252800K, used 274622K [0x00000006f8000000, 0x0000000781800000, 0x0000000781800000)
  object space 2252800K, 12% used [0x00000006f8000000,0x0000000708c2f8f8,0x0000000781800000)
 Metaspace       used 178560K, capacity 184528K, committed 184768K, reserved 1212416K
  class space    used 21255K, capacity 22408K, committed 22528K, reserved 1048576K
2022-06-20T08:22:43.738+0800: 1336.031: [GC (Allocation Failure) [PSYoungGen: 971878K->14135K(993280K)] 1246500K->289159K(3246080K), 0.0258064 secs] [Times: user=0.06 sys=0.01, real=0.02 secs] 
Heap after GC invocations=141 (full 5):
 PSYoungGen      total 993280K, used 14135K [0x0000000781800000, 0x00000007c0000000, 0x00000007c0000000)
  eden space 961536K, 0% used [0x0000000781800000,0x0000000781800000,0x00000007bc300000)
  from space 31744K, 44% used [0x00000007be100000,0x00000007beecdd68,0x00000007c0000000)
  to   space 30720K, 0% used [0x00000007bc300000,0x00000007bc300000,0x00000007be100000)
 ParOldGen       total 2252800K, used 275023K [0x00000006f8000000, 0x0000000781800000, 0x0000000781800000)
  object space 2252800K, 12% used [0x00000006f8000000,0x0000000708c93f48,0x0000000781800000)
 Metaspace       used 178560K, capacity 184528K, committed 184768K, reserved 1212416K
  class space    used 21255K, capacity 22408K, committed 22528K, reserved 1048576K
}
{Heap before GC invocations=142 (full 5):
 PSYoungGen      total 993280K, used 975671K [0x0000000781800000, 0x00000007c0000000, 0x00000007c0000000)
  eden space 961536K, 100% used [0x0000000781800000,0x00000007bc300000,0x00000007bc300000)
  from space 31744K, 44% used [0x00000007be100000,0x00000007beecdd68,0x00000007c0000000)
  to   space 30720K, 0% used [0x00000007bc300000,0x00000007bc300000,0x00000007be100000)
 ParOldGen       total 2252800K, used 275023K [0x00000006f8000000, 0x0000000781800000, 0x0000000781800000)
  object space 2252800K, 12% used [0x00000006f8000000,0x0000000708c93f48,0x0000000781800000)
 Metaspace       used 178565K, capacity 184528K, committed 184768K, reserved 1212416K
  class space    used 21255K, capacity 22408K, committed 22528K, reserved 1048576K
2022-06-20T08:23:04.852+0800: 1357.144: [GC (Allocation Failure) [PSYoungGen: 975671K->12733K(992256K)] 1250695K->288524K(3245056K), 0.0182922 secs] [Times: user=0.04 sys=0.01, real=0.02 secs] 
Heap after GC invocations=142 (full 5):
 PSYoungGen      total 992256K, used 12733K [0x0000000781800000, 0x00000007c0000000, 0x00000007c0000000)
  eden space 961536K, 0% used [0x0000000781800000,0x0000000781800000,0x00000007bc300000)
  from space 30720K, 41% used [0x00000007bc300000,0x00000007bcf6f410,0x00000007be100000)
  to   space 30208K, 0% used [0x00000007be280000,0x00000007be280000,0x00000007c0000000)
 ParOldGen       total 2252800K, used 275791K [0x00000006f8000000, 0x0000000781800000, 0x0000000781800000)
  object space 2252800K, 12% used [0x00000006f8000000,0x0000000708d53da0,0x0000000781800000)
 Metaspace       used 178565K, capacity 184528K, committed 184768K, reserved 1212416K
  class space    used 21255K, capacity 22408K, committed 22528K, reserved 1048576K
}
{Heap before GC invocations=143 (full 5):
 PSYoungGen      total 992256K, used 974269K [0x0000000781800000, 0x00000007c0000000, 0x00000007c0000000)
  eden space 961536K, 100% used [0x0000000781800000,0x00000007bc300000,0x00000007bc300000)
  from space 30720K, 41% used [0x00000007bc300000,0x00000007bcf6f410,0x00000007be100000)
  to   space 30208K, 0% used [0x00000007be280000,0x00000007be280000,0x00000007c0000000)
 ParOldGen       total 2252800K, used 275791K [0x00000006f8000000, 0x0000000781800000, 0x0000000781800000)
  object space 2252800K, 12% used [0x00000006f8000000,0x0000000708d53da0,0x0000000781800000)
 Metaspace       used 178602K, capacity 184528K, committed 184768K, reserved 1212416K
  class space    used 21255K, capacity 22408K, committed 22528K, reserved 1048576K
2022-06-20T08:23:39.919+0800: 1392.212: [GC (Allocation Failure) [PSYoungGen: 974269K->12764K(994816K)] 1250060K->288630K(3247616K), 0.0147001 secs] [Times: user=0.04 sys=0.00, real=0.01 secs] 
Heap after GC invocations=143 (full 5):
 PSYoungGen      total 994816K, used 12764K [0x0000000781800000, 0x00000007c0000000, 0x00000007c0000000)
  eden space 964608K, 0% used [0x0000000781800000,0x0000000781800000,0x00000007bc600000)
  from space 30208K, 42% used [0x00000007be280000,0x00000007beef72b8,0x00000007c0000000)
  to   space 29184K, 0% used [0x00000007bc600000,0x00000007bc600000,0x00000007be280000)
 ParOldGen       total 2252800K, used 275865K [0x00000006f8000000, 0x0000000781800000, 0x0000000781800000)
  object space 2252800K, 12% used [0x00000006f8000000,0x0000000708d665f0,0x0000000781800000)
 Metaspace       used 178602K, capacity 184528K, committed 184768K, reserved 1212416K
  class space    used 21255K, capacity 22408K, committed 22528K, reserved 1048576K
}
{Heap before GC invocations=144 (full 5):
 PSYoungGen      total 994816K, used 977372K [0x0000000781800000, 0x00000007c0000000, 0x00000007c0000000)
  eden space 964608K, 100% used [0x0000000781800000,0x00000007bc600000,0x00000007bc600000)
  from space 30208K, 42% used [0x00000007be280000,0x00000007beef72b8,0x00000007c0000000)
  to   space 29184K, 0% used [0x00000007bc600000,0x00000007bc600000,0x00000007be280000)
 ParOldGen       total 2252800K, used 275865K [0x00000006f8000000, 0x0000000781800000, 0x0000000781800000)
  object space 2252800K, 12% used [0x00000006f8000000,0x0000000708d665f0,0x0000000781800000)
 Metaspace       used 178619K, capacity 184592K, committed 184768K, reserved 1212416K
  class space    used 21255K, capacity 22408K, committed 22528K, reserved 1048576K
2022-06-20T08:23:58.078+0800: 1410.370: [GC (Allocation Failure) [PSYoungGen: 977372K->12944K(993792K)] 1253238K->288857K(3246592K), 0.0141501 secs] [Times: user=0.04 sys=0.00, real=0.01 secs] 
Heap after GC invocations=144 (full 5):
 PSYoungGen      total 993792K, used 12944K [0x0000000781800000, 0x00000007c0000000, 0x00000007c0000000)
  eden space 964608K, 0% used [0x0000000781800000,0x0000000781800000,0x00000007bc600000)
  from space 29184K, 44% used [0x00000007bc600000,0x00000007bd2a41d0,0x00000007be280000)
  to   space 28672K, 0% used [0x00000007be400000,0x00000007be400000,0x00000007c0000000)
 ParOldGen       total 2252800K, used 275913K [0x00000006f8000000, 0x0000000781800000, 0x0000000781800000)
  object space 2252800K, 12% used [0x00000006f8000000,0x0000000708d72610,0x0000000781800000)
 Metaspace       used 178619K, capacity 184592K, committed 184768K, reserved 1212416K
  class space    used 21255K, capacity 22408K, committed 22528K, reserved 1048576K
}
{Heap before GC invocations=145 (full 5):
 PSYoungGen      total 993792K, used 977552K [0x0000000781800000, 0x00000007c0000000, 0x00000007c0000000)
  eden space 964608K, 100% used [0x0000000781800000,0x00000007bc600000,0x00000007bc600000)
  from space 29184K, 44% used [0x00000007bc600000,0x00000007bd2a41d0,0x00000007be280000)
  to   space 28672K, 0% used [0x00000007be400000,0x00000007be400000,0x00000007c0000000)
 ParOldGen       total 2252800K, used 275913K [0x00000006f8000000, 0x0000000781800000, 0x0000000781800000)
  object space 2252800K, 12% used [0x00000006f8000000,0x0000000708d72610,0x0000000781800000)
 Metaspace       used 179019K, capacity 184996K, committed 185280K, reserved 1212416K
  class space    used 21301K, capacity 22448K, committed 22528K, reserved 1048576K
2022-06-20T08:24:21.827+0800: 1434.120: [GC (Allocation Failure) [PSYoungGen: 977552K->13405K(996352K)] 1253465K->289469K(3249152K), 0.0193778 secs] [Times: user=0.05 sys=0.00, real=0.02 secs] 
Heap after GC invocations=145 (full 5):
 PSYoungGen      total 996352K, used 13405K [0x0000000781800000, 0x00000007c0000000, 0x00000007c0000000)
  eden space 967680K, 0% used [0x0000000781800000,0x0000000781800000,0x00000007bc900000)
  from space 28672K, 46% used [0x00000007be400000,0x00000007bf1176b8,0x00000007c0000000)
  to   space 27648K, 0% used [0x00000007bc900000,0x00000007bc900000,0x00000007be400000)
 ParOldGen       total 2252800K, used 276064K [0x00000006f8000000, 0x0000000781800000, 0x0000000781800000)
  object space 2252800K, 12% used [0x00000006f8000000,0x0000000708d980d0,0x0000000781800000)
 Metaspace       used 179019K, capacity 184996K, committed 185280K, reserved 1212416K
  class space    used 21301K, capacity 22448K, committed 22528K, reserved 1048576K
}
{Heap before GC invocations=146 (full 5):
 PSYoungGen      total 996352K, used 981085K [0x0000000781800000, 0x00000007c0000000, 0x00000007c0000000)
  eden space 967680K, 100% used [0x0000000781800000,0x00000007bc900000,0x00000007bc900000)
  from space 28672K, 46% used [0x00000007be400000,0x00000007bf1176b8,0x00000007c0000000)
  to   space 27648K, 0% used [0x00000007bc900000,0x00000007bc900000,0x00000007be400000)
 ParOldGen       total 2252800K, used 276064K [0x00000006f8000000, 0x0000000781800000, 0x0000000781800000)
  object space 2252800K, 12% used [0x00000006f8000000,0x0000000708d980d0,0x0000000781800000)
 Metaspace       used 179842K, capacity 186032K, committed 186176K, reserved 1212416K
  class space    used 21422K, capacity 22612K, committed 22656K, reserved 1048576K
2022-06-20T08:24:40.974+0800: 1453.267: [GC (Allocation Failure) [PSYoungGen: 981085K->14966K(995328K)] 1257149K->291062K(3248128K), 0.0158573 secs] [Times: user=0.03 sys=0.01, real=0.02 secs] 
Heap after GC invocations=146 (full 5):
 PSYoungGen      total 995328K, used 14966K [0x0000000781800000, 0x00000007c0000000, 0x00000007c0000000)
  eden space 967680K, 0% used [0x0000000781800000,0x0000000781800000,0x00000007bc900000)
  from space 27648K, 54% used [0x00000007bc900000,0x00000007bd79d948,0x00000007be400000)
  to   space 26624K, 0% used [0x00000007be600000,0x00000007be600000,0x00000007c0000000)
 ParOldGen       total 2252800K, used 276096K [0x00000006f8000000, 0x0000000781800000, 0x0000000781800000)
  object space 2252800K, 12% used [0x00000006f8000000,0x0000000708da00d0,0x0000000781800000)
 Metaspace       used 179842K, capacity 186032K, committed 186176K, reserved 1212416K
  class space    used 21422K, capacity 22612K, committed 22656K, reserved 1048576K
}
{Heap before GC invocations=147 (full 5):
 PSYoungGen      total 995328K, used 982646K [0x0000000781800000, 0x00000007c0000000, 0x00000007c0000000)
  eden space 967680K, 100% used [0x0000000781800000,0x00000007bc900000,0x00000007bc900000)
  from space 27648K, 54% used [0x00000007bc900000,0x00000007bd79d948,0x00000007be400000)
  to   space 26624K, 0% used [0x00000007be600000,0x00000007be600000,0x00000007c0000000)
 ParOldGen       total 2252800K, used 276096K [0x00000006f8000000, 0x0000000781800000, 0x0000000781800000)
  object space 2252800K, 12% used [0x00000006f8000000,0x0000000708da00d0,0x0000000781800000)
 Metaspace       used 180450K, capacity 186876K, committed 187072K, reserved 1214464K
  class space    used 21518K, capacity 22740K, committed 22784K, reserved 1048576K
2022-06-20T08:25:03.395+0800: 1475.688: [GC (Allocation Failure) [PSYoungGen: 982646K->16187K(998400K)] 1258742K->292402K(3251200K), 0.0147345 secs] [Times: user=0.05 sys=0.00, real=0.02 secs] 
Heap after GC invocations=147 (full 5):
 PSYoungGen      total 998400K, used 16187K [0x0000000781800000, 0x00000007c0000000, 0x00000007c0000000)
  eden space 971776K, 0% used [0x0000000781800000,0x0000000781800000,0x00000007bcd00000)
  from space 26624K, 60% used [0x00000007be600000,0x00000007bf5cee60,0x00000007c0000000)
  to   space 25600K, 0% used [0x00000007bcd00000,0x00000007bcd00000,0x00000007be600000)
 ParOldGen       total 2252800K, used 276214K [0x00000006f8000000, 0x0000000781800000, 0x0000000781800000)
  object space 2252800K, 12% used [0x00000006f8000000,0x0000000708dbdb38,0x0000000781800000)
 Metaspace       used 180450K, capacity 186876K, committed 187072K, reserved 1214464K
  class space    used 21518K, capacity 22740K, committed 22784K, reserved 1048576K
}
{Heap before GC invocations=148 (full 5):
 PSYoungGen      total 998400K, used 987963K [0x0000000781800000, 0x00000007c0000000, 0x00000007c0000000)
  eden space 971776K, 100% used [0x0000000781800000,0x00000007bcd00000,0x00000007bcd00000)
  from space 26624K, 60% used [0x00000007be600000,0x00000007bf5cee60,0x00000007c0000000)
  to   space 25600K, 0% used [0x00000007bcd00000,0x00000007bcd00000,0x00000007be600000)
 ParOldGen       total 2252800K, used 276214K [0x00000006f8000000, 0x0000000781800000, 0x0000000781800000)
  object space 2252800K, 12% used [0x00000006f8000000,0x0000000708dbdb38,0x0000000781800000)
 Metaspace       used 180938K, capacity 187824K, committed 187968K, reserved 1214464K
  class space    used 21605K, capacity 22898K, committed 22912K, reserved 1048576K
2022-06-20T08:25:17.003+0800: 1489.296: [GC (Allocation Failure) [PSYoungGen: 987963K->16052K(997376K)] 1264178K->292299K(3250176K), 0.0224104 secs] [Times: user=0.06 sys=0.02, real=0.02 secs] 
Heap after GC invocations=148 (full 5):
 PSYoungGen      total 997376K, used 16052K [0x0000000781800000, 0x00000007c0000000, 0x00000007c0000000)
  eden space 971776K, 0% used [0x0000000781800000,0x0000000781800000,0x00000007bcd00000)
  from space 25600K, 62% used [0x00000007bcd00000,0x00000007bdcad320,0x00000007be600000)
  to   space 25088K, 0% used [0x00000007be780000,0x00000007be780000,0x00000007c0000000)
 ParOldGen       total 2252800K, used 276246K [0x00000006f8000000, 0x0000000781800000, 0x0000000781800000)
  object space 2252800K, 12% used [0x00000006f8000000,0x0000000708dc5b38,0x0000000781800000)
 Metaspace       used 180938K, capacity 187824K, committed 187968K, reserved 1214464K
  class space    used 21605K, capacity 22898K, committed 22912K, reserved 1048576K
}
{Heap before GC invocations=149 (full 5):
 PSYoungGen      total 997376K, used 987828K [0x0000000781800000, 0x00000007c0000000, 0x00000007c0000000)
  eden space 971776K, 100% used [0x0000000781800000,0x00000007bcd00000,0x00000007bcd00000)
  from space 25600K, 62% used [0x00000007bcd00000,0x00000007bdcad320,0x00000007be600000)
  to   space 25088K, 0% used [0x00000007be780000,0x00000007be780000,0x00000007c0000000)
 ParOldGen       total 2252800K, used 276246K [0x00000006f8000000, 0x0000000781800000, 0x0000000781800000)
  object space 2252800K, 12% used [0x00000006f8000000,0x0000000708dc5b38,0x0000000781800000)
 Metaspace       used 181409K, capacity 188342K, committed 188608K, reserved 1214464K
  class space    used 21670K, capacity 22963K, committed 23040K, reserved 1048576K
2022-06-20T08:25:28.003+0800: 1500.296: [GC (Allocation Failure) [PSYoungGen: 987828K->16588K(999424K)] 1264075K->292893K(3252224K), 0.0192775 secs] [Times: user=0.05 sys=0.01, real=0.02 secs] 
Heap after GC invocations=149 (full 5):
 PSYoungGen      total 999424K, used 16588K [0x0000000781800000, 0x00000007c0000000, 0x00000007c0000000)
  eden space 974336K, 0% used [0x0000000781800000,0x0000000781800000,0x00000007bcf80000)
  from space 25088K, 66% used [0x00000007be780000,0x00000007bf7b3048,0x00000007c0000000)
  to   space 24576K, 0% used [0x00000007bcf80000,0x00000007bcf80000,0x00000007be780000)
 ParOldGen       total 2252800K, used 276305K [0x00000006f8000000, 0x0000000781800000, 0x0000000781800000)
  object space 2252800K, 12% used [0x00000006f8000000,0x0000000708dd44c0,0x0000000781800000)
 Metaspace       used 181409K, capacity 188342K, committed 188608K, reserved 1214464K
  class space    used 21670K, capacity 22963K, committed 23040K, reserved 1048576K
}
{Heap before GC invocations=150 (full 5):
 PSYoungGen      total 999424K, used 990924K [0x0000000781800000, 0x00000007c0000000, 0x00000007c0000000)
  eden space 974336K, 100% used [0x0000000781800000,0x00000007bcf80000,0x00000007bcf80000)
  from space 25088K, 66% used [0x00000007be780000,0x00000007bf7b3048,0x00000007c0000000)
  to   space 24576K, 0% used [0x00000007bcf80000,0x00000007bcf80000,0x00000007be780000)
 ParOldGen       total 2252800K, used 276305K [0x00000006f8000000, 0x0000000781800000, 0x0000000781800000)
  object space 2252800K, 12% used [0x00000006f8000000,0x0000000708dd44c0,0x0000000781800000)
 Metaspace       used 181451K, capacity 188354K, committed 188608K, reserved 1214464K
  class space    used 21672K, capacity 22965K, committed 23040K, reserved 1048576K
2022-06-20T08:25:41.300+0800: 1513.592: [GC (Allocation Failure) [PSYoungGen: 990924K->16268K(998912K)] 1267229K->292597K(3251712K), 0.0169900 secs] [Times: user=0.05 sys=0.00, real=0.02 secs] 
Heap after GC invocations=150 (full 5):
 PSYoungGen      total 998912K, used 16268K [0x0000000781800000, 0x00000007c0000000, 0x00000007c0000000)
  eden space 974336K, 0% used [0x0000000781800000,0x0000000781800000,0x00000007bcf80000)
  from space 24576K, 66% used [0x00000007bcf80000,0x00000007bdf63068,0x00000007be780000)
  to   space 23552K, 0% used [0x00000007be900000,0x00000007be900000,0x00000007c0000000)
 ParOldGen       total 2252800K, used 276329K [0x00000006f8000000, 0x0000000781800000, 0x0000000781800000)
  object space 2252800K, 12% used [0x00000006f8000000,0x0000000708dda4c0,0x0000000781800000)
 Metaspace       used 181451K, capacity 188354K, committed 188608K, reserved 1214464K
  class space    used 21672K, capacity 22965K, committed 23040K, reserved 1048576K
}
{Heap before GC invocations=151 (full 5):
 PSYoungGen      total 998912K, used 990604K [0x0000000781800000, 0x00000007c0000000, 0x00000007c0000000)
  eden space 974336K, 100% used [0x0000000781800000,0x00000007bcf80000,0x00000007bcf80000)
  from space 24576K, 66% used [0x00000007bcf80000,0x00000007bdf63068,0x00000007be780000)
  to   space 23552K, 0% used [0x00000007be900000,0x00000007be900000,0x00000007c0000000)
 ParOldGen       total 2252800K, used 276329K [0x00000006f8000000, 0x0000000781800000, 0x0000000781800000)
  object space 2252800K, 12% used [0x00000006f8000000,0x0000000708dda4c0,0x0000000781800000)
 Metaspace       used 181485K, capacity 188442K, committed 188608K, reserved 1214464K
  class space    used 21674K, capacity 22969K, committed 23040K, reserved 1048576K
2022-06-20T08:26:04.161+0800: 1536.454: [GC (Allocation Failure) [PSYoungGen: 990604K->16364K(1000960K)] 1266933K->292725K(3253760K), 0.0226048 secs] [Times: user=0.06 sys=0.01, real=0.02 secs] 
Heap after GC invocations=151 (full 5):
 PSYoungGen      total 1000960K, used 16364K [0x0000000781800000, 0x00000007c0000000, 0x00000007c0000000)
  eden space 977408K, 0% used [0x0000000781800000,0x0000000781800000,0x00000007bd280000)
  from space 23552K, 69% used [0x00000007be900000,0x00000007bf8fb028,0x00000007c0000000)
  to   space 23040K, 0% used [0x00000007bd280000,0x00000007bd280000,0x00000007be900000)
 ParOldGen       total 2252800K, used 276361K [0x00000006f8000000, 0x0000000781800000, 0x0000000781800000)
  object space 2252800K, 12% used [0x00000006f8000000,0x0000000708de24c0,0x0000000781800000)
 Metaspace       used 181485K, capacity 188442K, committed 188608K, reserved 1214464K
  class space    used 21674K, capacity 22969K, committed 23040K, reserved 1048576K
}
{Heap before GC invocations=152 (full 5):
 PSYoungGen      total 1000960K, used 993772K [0x0000000781800000, 0x00000007c0000000, 0x00000007c0000000)
  eden space 977408K, 100% used [0x0000000781800000,0x00000007bd280000,0x00000007bd280000)
  from space 23552K, 69% used [0x00000007be900000,0x00000007bf8fb028,0x00000007c0000000)
  to   space 23040K, 0% used [0x00000007bd280000,0x00000007bd280000,0x00000007be900000)
 ParOldGen       total 2252800K, used 276361K [0x00000006f8000000, 0x0000000781800000, 0x0000000781800000)
  object space 2252800K, 12% used [0x00000006f8000000,0x0000000708de24c0,0x0000000781800000)
 Metaspace       used 181755K, capacity 188968K, committed 189248K, reserved 1216512K
  class space    used 21719K, capacity 23046K, committed 23168K, reserved 1048576K
2022-06-20T08:26:20.148+0800: 1552.441: [GC (Allocation Failure) [PSYoungGen: 993772K->16137K(1000448K)] 1270133K->292642K(3253248K), 0.0169135 secs] [Times: user=0.05 sys=0.01, real=0.01 secs] 
Heap after GC invocations=152 (full 5):
 PSYoungGen      total 1000448K, used 16137K [0x0000000781800000, 0x00000007c0000000, 0x00000007c0000000)
  eden space 977408K, 0% used [0x0000000781800000,0x0000000781800000,0x00000007bd280000)
  from space 23040K, 70% used [0x00000007bd280000,0x00000007be242598,0x00000007be900000)
  to   space 22528K, 0% used [0x00000007bea00000,0x00000007bea00000,0x00000007c0000000)
 ParOldGen       total 2252800K, used 276505K [0x00000006f8000000, 0x0000000781800000, 0x0000000781800000)
  object space 2252800K, 12% used [0x00000006f8000000,0x0000000708e06580,0x0000000781800000)
 Metaspace       used 181755K, capacity 188968K, committed 189248K, reserved 1216512K
  class space    used 21719K, capacity 23046K, committed 23168K, reserved 1048576K
}
{Heap before GC invocations=153 (full 5):
 PSYoungGen      total 1000448K, used 993545K [0x0000000781800000, 0x00000007c0000000, 0x00000007c0000000)
  eden space 977408K, 100% used [0x0000000781800000,0x00000007bd280000,0x00000007bd280000)
  from space 23040K, 70% used [0x00000007bd280000,0x00000007be242598,0x00000007be900000)
  to   space 22528K, 0% used [0x00000007bea00000,0x00000007bea00000,0x00000007c0000000)
 ParOldGen       total 2252800K, used 276505K [0x00000006f8000000, 0x0000000781800000, 0x0000000781800000)
  object space 2252800K, 12% used [0x00000006f8000000,0x0000000708e06580,0x0000000781800000)
 Metaspace       used 181801K, capacity 189032K, committed 189248K, reserved 1216512K
  class space    used 21719K, capacity 23046K, committed 23168K, reserved 1048576K
2022-06-20T08:26:57.111+0800: 1589.404: [GC (Allocation Failure) [PSYoungGen: 993545K->16675K(1001472K)] 1270050K->293371K(3254272K), 0.0230399 secs] [Times: user=0.06 sys=0.02, real=0.02 secs] 
Heap after GC invocations=153 (full 5):
 PSYoungGen      total 1001472K, used 16675K [0x0000000781800000, 0x00000007c0000000, 0x00000007c0000000)
  eden space 978944K, 0% used [0x0000000781800000,0x0000000781800000,0x00000007bd400000)
  from space 22528K, 74% used [0x00000007bea00000,0x00000007bfa48d48,0x00000007c0000000)
  to   space 22528K, 0% used [0x00000007bd400000,0x00000007bd400000,0x00000007bea00000)
 ParOldGen       total 2252800K, used 276696K [0x00000006f8000000, 0x0000000781800000, 0x0000000781800000)
  object space 2252800K, 12% used [0x00000006f8000000,0x0000000708e36080,0x0000000781800000)
 Metaspace       used 181801K, capacity 189032K, committed 189248K, reserved 1216512K
  class space    used 21719K, capacity 23046K, committed 23168K, reserved 1048576K
}
{Heap before GC invocations=154 (full 5):
 PSYoungGen      total 1001472K, used 995619K [0x0000000781800000, 0x00000007c0000000, 0x00000007c0000000)
  eden space 978944K, 100% used [0x0000000781800000,0x00000007bd400000,0x00000007bd400000)
  from space 22528K, 74% used [0x00000007bea00000,0x00000007bfa48d48,0x00000007c0000000)
  to   space 22528K, 0% used [0x00000007bd400000,0x00000007bd400000,0x00000007bea00000)
 ParOldGen       total 2252800K, used 276696K [0x00000006f8000000, 0x0000000781800000, 0x0000000781800000)
  object space 2252800K, 12% used [0x00000006f8000000,0x0000000708e36080,0x0000000781800000)
 Metaspace       used 181873K, capacity 189096K, committed 189248K, reserved 1216512K
  class space    used 21719K, capacity 23046K, committed 23168K, reserved 1048576K
2022-06-20T08:27:24.153+0800: 1616.446: [GC (Allocation Failure) [PSYoungGen: 995619K->16130K(1001472K)] 1272315K->292858K(3254272K), 0.0168301 secs] [Times: user=0.06 sys=0.00, real=0.02 secs] 
Heap after GC invocations=154 (full 5):
 PSYoungGen      total 1001472K, used 16130K [0x0000000781800000, 0x00000007c0000000, 0x00000007c0000000)
  eden space 978944K, 0% used [0x0000000781800000,0x0000000781800000,0x00000007bd400000)
  from space 22528K, 71% used [0x00000007bd400000,0x00000007be3c0b48,0x00000007bea00000)
  to   space 22016K, 0% used [0x00000007bea80000,0x00000007bea80000,0x00000007c0000000)
 ParOldGen       total 2252800K, used 276728K [0x00000006f8000000, 0x0000000781800000, 0x0000000781800000)
  object space 2252800K, 12% used [0x00000006f8000000,0x0000000708e3e080,0x0000000781800000)
 Metaspace       used 181873K, capacity 189096K, committed 189248K, reserved 1216512K
  class space    used 21719K, capacity 23046K, committed 23168K, reserved 1048576K
}
{Heap before GC invocations=155 (full 5):
 PSYoungGen      total 1001472K, used 995074K [0x0000000781800000, 0x00000007c0000000, 0x00000007c0000000)
  eden space 978944K, 100% used [0x0000000781800000,0x00000007bd400000,0x00000007bd400000)
  from space 22528K, 71% used [0x00000007bd400000,0x00000007be3c0b48,0x00000007bea00000)
  to   space 22016K, 0% used [0x00000007bea80000,0x00000007bea80000,0x00000007c0000000)
 ParOldGen       total 2252800K, used 276728K [0x00000006f8000000, 0x0000000781800000, 0x0000000781800000)
  object space 2252800K, 12% used [0x00000006f8000000,0x0000000708e3e080,0x0000000781800000)
 Metaspace       used 181906K, capacity 189096K, committed 189248K, reserved 1216512K
  class space    used 21719K, capacity 23046K, committed 23168K, reserved 1048576K
2022-06-20T08:27:51.879+0800: 1644.172: [GC (Allocation Failure) [PSYoungGen: 995074K->19200K(1000960K)] 1271802K->295968K(3253760K), 0.0216087 secs] [Times: user=0.06 sys=0.01, real=0.02 secs] 
Heap after GC invocations=155 (full 5):
 PSYoungGen      total 1000960K, used 19200K [0x0000000781800000, 0x00000007c0000000, 0x00000007c0000000)
  eden space 978944K, 0% used [0x0000000781800000,0x0000000781800000,0x00000007bd400000)
  from space 22016K, 87% used [0x00000007bea80000,0x00000007bfd402a8,0x00000007c0000000)
  to   space 22528K, 0% used [0x00000007bd400000,0x00000007bd400000,0x00000007bea00000)
 ParOldGen       total 2252800K, used 276768K [0x00000006f8000000, 0x0000000781800000, 0x0000000781800000)
  object space 2252800K, 12% used [0x00000006f8000000,0x0000000708e48090,0x0000000781800000)
 Metaspace       used 181906K, capacity 189096K, committed 189248K, reserved 1216512K
  class space    used 21719K, capacity 23046K, committed 23168K, reserved 1048576K
}
{Heap before GC invocations=156 (full 5):
 PSYoungGen      total 1000960K, used 998144K [0x0000000781800000, 0x00000007c0000000, 0x00000007c0000000)
  eden space 978944K, 100% used [0x0000000781800000,0x00000007bd400000,0x00000007bd400000)
  from space 22016K, 87% used [0x00000007bea80000,0x00000007bfd402a8,0x00000007c0000000)
  to   space 22528K, 0% used [0x00000007bd400000,0x00000007bd400000,0x00000007bea00000)
 ParOldGen       total 2252800K, used 276768K [0x00000006f8000000, 0x0000000781800000, 0x0000000781800000)
  object space 2252800K, 12% used [0x00000006f8000000,0x0000000708e48090,0x0000000781800000)
 Metaspace       used 181949K, capacity 189160K, committed 189504K, reserved 1216512K
  class space    used 21719K, capacity 23046K, committed 23168K, reserved 1048576K
2022-06-20T08:28:17.311+0800: 1669.604: [GC (Allocation Failure) [PSYoungGen: 998144K->16272K(1001472K)] 1274912K->293104K(3254272K), 0.0243171 secs] [Times: user=0.07 sys=0.00, real=0.02 secs] 
Heap after GC invocations=156 (full 5):
 PSYoungGen      total 1001472K, used 16272K [0x0000000781800000, 0x00000007c0000000, 0x00000007c0000000)
  eden space 978944K, 0% used [0x0000000781800000,0x0000000781800000,0x00000007bd400000)
  from space 22528K, 72% used [0x00000007bd400000,0x00000007be3e40f0,0x00000007bea00000)
  to   space 22016K, 0% used [0x00000007bea80000,0x00000007bea80000,0x00000007c0000000)
 ParOldGen       total 2252800K, used 276832K [0x00000006f8000000, 0x0000000781800000, 0x0000000781800000)
  object space 2252800K, 12% used [0x00000006f8000000,0x0000000708e580c0,0x0000000781800000)
 Metaspace       used 181949K, capacity 189160K, committed 189504K, reserved 1216512K
  class space    used 21719K, capacity 23046K, committed 23168K, reserved 1048576K
}
{Heap before GC invocations=157 (full 5):
 PSYoungGen      total 1001472K, used 995216K [0x0000000781800000, 0x00000007c0000000, 0x00000007c0000000)
  eden space 978944K, 100% used [0x0000000781800000,0x00000007bd400000,0x00000007bd400000)
  from space 22528K, 72% used [0x00000007bd400000,0x00000007be3e40f0,0x00000007bea00000)
  to   space 22016K, 0% used [0x00000007bea80000,0x00000007bea80000,0x00000007c0000000)
 ParOldGen       total 2252800K, used 276832K [0x00000006f8000000, 0x0000000781800000, 0x0000000781800000)
  object space 2252800K, 12% used [0x00000006f8000000,0x0000000708e580c0,0x0000000781800000)
 Metaspace       used 181975K, capacity 189184K, committed 189504K, reserved 1216512K
  class space    used 21722K, capacity 23050K, committed 23168K, reserved 1048576K
2022-06-20T08:28:29.494+0800: 1681.787: [GC (Allocation Failure) [PSYoungGen: 995216K->16289K(1002496K)] 1272048K->293185K(3255296K), 0.0173055 secs] [Times: user=0.05 sys=0.00, real=0.02 secs] 
Heap after GC invocations=157 (full 5):
 PSYoungGen      total 1002496K, used 16289K [0x0000000781800000, 0x00000007c0000000, 0x00000007c0000000)
  eden space 980480K, 0% used [0x0000000781800000,0x0000000781800000,0x00000007bd580000)
  from space 22016K, 73% used [0x00000007bea80000,0x00000007bfa68520,0x00000007c0000000)
  to   space 21504K, 0% used [0x00000007bd580000,0x00000007bd580000,0x00000007bea80000)
 ParOldGen       total 2252800K, used 276896K [0x00000006f8000000, 0x0000000781800000, 0x0000000781800000)
  object space 2252800K, 12% used [0x00000006f8000000,0x0000000708e680f0,0x0000000781800000)
 Metaspace       used 181975K, capacity 189184K, committed 189504K, reserved 1216512K
  class space    used 21722K, capacity 23050K, committed 23168K, reserved 1048576K
}
{Heap before GC invocations=158 (full 5):
 PSYoungGen      total 1002496K, used 996769K [0x0000000781800000, 0x00000007c0000000, 0x00000007c0000000)
  eden space 980480K, 100% used [0x0000000781800000,0x00000007bd580000,0x00000007bd580000)
  from space 22016K, 73% used [0x00000007bea80000,0x00000007bfa68520,0x00000007c0000000)
  to   space 21504K, 0% used [0x00000007bd580000,0x00000007bd580000,0x00000007bea80000)
 ParOldGen       total 2252800K, used 276896K [0x00000006f8000000, 0x0000000781800000, 0x0000000781800000)
  object space 2252800K, 12% used [0x00000006f8000000,0x0000000708e680f0,0x0000000781800000)
 Metaspace       used 181994K, capacity 189196K, committed 189504K, reserved 1216512K
  class space    used 21723K, capacity 23052K, committed 23168K, reserved 1048576K
2022-06-20T08:28:44.332+0800: 1696.625: [GC (Allocation Failure) [PSYoungGen: 996769K->16404K(1001984K)] 1273665K->293332K(3254784K), 0.0138001 secs] [Times: user=0.04 sys=0.00, real=0.01 secs] 
Heap after GC invocations=158 (full 5):
 PSYoungGen      total 1001984K, used 16404K [0x0000000781800000, 0x00000007c0000000, 0x00000007c0000000)
  eden space 980480K, 0% used [0x0000000781800000,0x0000000781800000,0x00000007bd580000)
  from space 21504K, 76% used [0x00000007bd580000,0x00000007be585110,0x00000007bea80000)
  to   space 20992K, 0% used [0x00000007beb80000,0x00000007beb80000,0x00000007c0000000)
 ParOldGen       total 2252800K, used 276928K [0x00000006f8000000, 0x0000000781800000, 0x0000000781800000)
  object space 2252800K, 12% used [0x00000006f8000000,0x0000000708e700f0,0x0000000781800000)
 Metaspace       used 181994K, capacity 189196K, committed 189504K, reserved 1216512K
  class space    used 21723K, capacity 23052K, committed 23168K, reserved 1048576K
}
{Heap before GC invocations=159 (full 5):
 PSYoungGen      total 1001984K, used 996884K [0x0000000781800000, 0x00000007c0000000, 0x00000007c0000000)
  eden space 980480K, 100% used [0x0000000781800000,0x00000007bd580000,0x00000007bd580000)
  from space 21504K, 76% used [0x00000007bd580000,0x00000007be585110,0x00000007bea80000)
  to   space 20992K, 0% used [0x00000007beb80000,0x00000007beb80000,0x00000007c0000000)
 ParOldGen       total 2252800K, used 276928K [0x00000006f8000000, 0x0000000781800000, 0x0000000781800000)
  object space 2252800K, 12% used [0x00000006f8000000,0x0000000708e700f0,0x0000000781800000)
 Metaspace       used 182006K, capacity 189196K, committed 189504K, reserved 1216512K
  class space    used 21723K, capacity 23052K, committed 23168K, reserved 1048576K
2022-06-20T08:29:09.062+0800: 1721.355: [GC (Allocation Failure) [PSYoungGen: 996884K->16385K(1003520K)] 1273812K->293388K(3256320K), 0.0185209 secs] [Times: user=0.05 sys=0.00, real=0.02 secs] 
Heap after GC invocations=159 (full 5):
 PSYoungGen      total 1003520K, used 16385K [0x0000000781800000, 0x00000007c0000000, 0x00000007c0000000)
  eden space 982528K, 0% used [0x0000000781800000,0x0000000781800000,0x00000007bd780000)
  from space 20992K, 78% used [0x00000007beb80000,0x00000007bfb80500,0x00000007c0000000)
  to   space 20480K, 0% used [0x00000007bd780000,0x00000007bd780000,0x00000007beb80000)
 ParOldGen       total 2252800K, used 277003K [0x00000006f8000000, 0x0000000781800000, 0x0000000781800000)
  object space 2252800K, 12% used [0x00000006f8000000,0x0000000708e82e50,0x0000000781800000)
 Metaspace       used 182006K, capacity 189196K, committed 189504K, reserved 1216512K
  class space    used 21723K, capacity 23052K, committed 23168K, reserved 1048576K
}
{Heap before GC invocations=160 (full 5):
 PSYoungGen      total 1003520K, used 998913K [0x0000000781800000, 0x00000007c0000000, 0x00000007c0000000)
  eden space 982528K, 100% used [0x0000000781800000,0x00000007bd780000,0x00000007bd780000)
  from space 20992K, 78% used [0x00000007beb80000,0x00000007bfb80500,0x00000007c0000000)
  to   space 20480K, 0% used [0x00000007bd780000,0x00000007bd780000,0x00000007beb80000)
 ParOldGen       total 2252800K, used 277003K [0x00000006f8000000, 0x0000000781800000, 0x0000000781800000)
  object space 2252800K, 12% used [0x00000006f8000000,0x0000000708e82e50,0x0000000781800000)
 Metaspace       used 182122K, capacity 189382K, committed 189504K, reserved 1216512K
  class space    used 21742K, capacity 23083K, committed 23168K, reserved 1048576K
2022-06-20T08:29:22.688+0800: 1734.981: [GC (Allocation Failure) [PSYoungGen: 998913K->15838K(1003008K)] 1275916K->293277K(3255808K), 0.0192995 secs] [Times: user=0.05 sys=0.01, real=0.02 secs] 
Heap after GC invocations=160 (full 5):
 PSYoungGen      total 1003008K, used 15838K [0x0000000781800000, 0x00000007c0000000, 0x00000007c0000000)
  eden space 982528K, 0% used [0x0000000781800000,0x0000000781800000,0x00000007bd780000)
  from space 20480K, 77% used [0x00000007bd780000,0x00000007be6f7b70,0x00000007beb80000)
  to   space 19968K, 0% used [0x00000007bec80000,0x00000007bec80000,0x00000007c0000000)
 ParOldGen       total 2252800K, used 277439K [0x00000006f8000000, 0x0000000781800000, 0x0000000781800000)
  object space 2252800K, 12% used [0x00000006f8000000,0x0000000708eefc48,0x0000000781800000)
 Metaspace       used 182122K, capacity 189382K, committed 189504K, reserved 1216512K
  class space    used 21742K, capacity 23083K, committed 23168K, reserved 1048576K
}
{Heap before GC invocations=161 (full 5):
 PSYoungGen      total 1003008K, used 998366K [0x0000000781800000, 0x00000007c0000000, 0x00000007c0000000)
  eden space 982528K, 100% used [0x0000000781800000,0x00000007bd780000,0x00000007bd780000)
  from space 20480K, 77% used [0x00000007bd780000,0x00000007be6f7b70,0x00000007beb80000)
  to   space 19968K, 0% used [0x00000007bec80000,0x00000007bec80000,0x00000007c0000000)
 ParOldGen       total 2252800K, used 277439K [0x00000006f8000000, 0x0000000781800000, 0x0000000781800000)
  object space 2252800K, 12% used [0x00000006f8000000,0x0000000708eefc48,0x0000000781800000)
 Metaspace       used 182125K, capacity 189382K, committed 189504K, reserved 1216512K
  class space    used 21742K, capacity 23083K, committed 23168K, reserved 1048576K
2022-06-20T08:29:40.516+0800: 1752.809: [GC (Allocation Failure) [PSYoungGen: 998366K->14650K(1004032K)] 1275805K->293188K(3256832K), 0.0196683 secs] [Times: user=0.06 sys=0.00, real=0.01 secs] 
Heap after GC invocations=161 (full 5):
 PSYoungGen      total 1004032K, used 14650K [0x0000000781800000, 0x00000007c0000000, 0x00000007c0000000)
  eden space 984064K, 0% used [0x0000000781800000,0x0000000781800000,0x00000007bd900000)
  from space 19968K, 73% used [0x00000007bec80000,0x00000007bface8d0,0x00000007c0000000)
  to   space 19968K, 0% used [0x00000007bd900000,0x00000007bd900000,0x00000007bec80000)
 ParOldGen       total 2252800K, used 278538K [0x00000006f8000000, 0x0000000781800000, 0x0000000781800000)
  object space 2252800K, 12% used [0x00000006f8000000,0x0000000709002ad8,0x0000000781800000)
 Metaspace       used 182125K, capacity 189382K, committed 189504K, reserved 1216512K
  class space    used 21742K, capacity 23083K, committed 23168K, reserved 1048576K
}
{Heap before GC invocations=162 (full 5):
 PSYoungGen      total 1004032K, used 998714K [0x0000000781800000, 0x00000007c0000000, 0x00000007c0000000)
  eden space 984064K, 100% used [0x0000000781800000,0x00000007bd900000,0x00000007bd900000)
  from space 19968K, 73% used [0x00000007bec80000,0x00000007bface8d0,0x00000007c0000000)
  to   space 19968K, 0% used [0x00000007bd900000,0x00000007bd900000,0x00000007bec80000)
 ParOldGen       total 2252800K, used 278538K [0x00000006f8000000, 0x0000000781800000, 0x0000000781800000)
  object space 2252800K, 12% used [0x00000006f8000000,0x0000000709002ad8,0x0000000781800000)
 Metaspace       used 182126K, capacity 189382K, committed 189504K, reserved 1216512K
  class space    used 21742K, capacity 23083K, committed 23168K, reserved 1048576K
2022-06-20T08:30:03.414+0800: 1775.706: [GC (Allocation Failure) [PSYoungGen: 998714K->13354K(1004032K)] 1277252K->293388K(3256832K), 0.0128094 secs] [Times: user=0.04 sys=0.00, real=0.02 secs] 
Heap after GC invocations=162 (full 5):
 PSYoungGen      total 1004032K, used 13354K [0x0000000781800000, 0x00000007c0000000, 0x00000007c0000000)
  eden space 984064K, 0% used [0x0000000781800000,0x0000000781800000,0x00000007bd900000)
  from space 19968K, 66% used [0x00000007bd900000,0x00000007be60a8a0,0x00000007bec80000)
  to   space 19968K, 0% used [0x00000007bec80000,0x00000007bec80000,0x00000007c0000000)
 ParOldGen       total 2252800K, used 280034K [0x00000006f8000000, 0x0000000781800000, 0x0000000781800000)
  object space 2252800K, 12% used [0x00000006f8000000,0x0000000709178a88,0x0000000781800000)
 Metaspace       used 182126K, capacity 189382K, committed 189504K, reserved 1216512K
  class space    used 21742K, capacity 23083K, committed 23168K, reserved 1048576K
}
{Heap before GC invocations=163 (full 5):
 PSYoungGen      total 1004032K, used 997418K [0x0000000781800000, 0x00000007c0000000, 0x00000007c0000000)
  eden space 984064K, 100% used [0x0000000781800000,0x00000007bd900000,0x00000007bd900000)
  from space 19968K, 66% used [0x00000007bd900000,0x00000007be60a8a0,0x00000007bec80000)
  to   space 19968K, 0% used [0x00000007bec80000,0x00000007bec80000,0x00000007c0000000)
 ParOldGen       total 2252800K, used 280034K [0x00000006f8000000, 0x0000000781800000, 0x0000000781800000)
  object space 2252800K, 12% used [0x00000006f8000000,0x0000000709178a88,0x0000000781800000)
 Metaspace       used 182139K, capacity 189382K, committed 189504K, reserved 1216512K
  class space    used 21742K, capacity 23083K, committed 23168K, reserved 1048576K
2022-06-20T08:30:19.739+0800: 1792.032: [GC (Allocation Failure) [PSYoungGen: 997418K->19954K(991744K)] 1277452K->312717K(3244544K), 0.0311334 secs] [Times: user=0.12 sys=0.00, real=0.03 secs] 
Heap after GC invocations=163 (full 5):
 PSYoungGen      total 991744K, used 19954K [0x0000000781800000, 0x00000007c0000000, 0x00000007c0000000)
  eden space 971776K, 0% used [0x0000000781800000,0x0000000781800000,0x00000007bcd00000)
  from space 19968K, 99% used [0x00000007bec80000,0x00000007bfffc880,0x00000007c0000000)
  to   space 26112K, 0% used [0x00000007bcd00000,0x00000007bcd00000,0x00000007be680000)
 ParOldGen       total 2252800K, used 292763K [0x00000006f8000000, 0x0000000781800000, 0x0000000781800000)
  object space 2252800K, 12% used [0x00000006f8000000,0x0000000709de6ed8,0x0000000781800000)
 Metaspace       used 182139K, capacity 189382K, committed 189504K, reserved 1216512K
  class space    used 21742K, capacity 23083K, committed 23168K, reserved 1048576K
}
{Heap before GC invocations=164 (full 5):
 PSYoungGen      total 991744K, used 991730K [0x0000000781800000, 0x00000007c0000000, 0x00000007c0000000)
  eden space 971776K, 100% used [0x0000000781800000,0x00000007bcd00000,0x00000007bcd00000)
  from space 19968K, 99% used [0x00000007bec80000,0x00000007bfffc880,0x00000007c0000000)
  to   space 26112K, 0% used [0x00000007bcd00000,0x00000007bcd00000,0x00000007be680000)
 ParOldGen       total 2252800K, used 292763K [0x00000006f8000000, 0x0000000781800000, 0x0000000781800000)
  object space 2252800K, 12% used [0x00000006f8000000,0x0000000709de6ed8,0x0000000781800000)
 Metaspace       used 182189K, capacity 189476K, committed 189760K, reserved 1216512K
  class space    used 21744K, capacity 23086K, committed 23168K, reserved 1048576K
2022-06-20T08:30:39.110+0800: 1811.403: [GC (Allocation Failure) [PSYoungGen: 991730K->21466K(993280K)] 1284493K->314598K(3246080K), 0.0252067 secs] [Times: user=0.08 sys=0.00, real=0.02 secs] 
Heap after GC invocations=164 (full 5):
 PSYoungGen      total 993280K, used 21466K [0x0000000781800000, 0x00000007c0000000, 0x00000007c0000000)
  eden space 971776K, 0% used [0x0000000781800000,0x0000000781800000,0x00000007bcd00000)
  from space 21504K, 99% used [0x00000007bcd00000,0x00000007be1f6b28,0x00000007be200000)
  to   space 26624K, 0% used [0x00000007be600000,0x00000007be600000,0x00000007c0000000)
 ParOldGen       total 2252800K, used 293131K [0x00000006f8000000, 0x0000000781800000, 0x0000000781800000)
  object space 2252800K, 13% used [0x00000006f8000000,0x0000000709e42ef8,0x0000000781800000)
 Metaspace       used 182189K, capacity 189476K, committed 189760K, reserved 1216512K
  class space    used 21744K, capacity 23086K, committed 23168K, reserved 1048576K
}
{Heap before GC invocations=165 (full 5):
 PSYoungGen      total 993280K, used 993242K [0x0000000781800000, 0x00000007c0000000, 0x00000007c0000000)
  eden space 971776K, 100% used [0x0000000781800000,0x00000007bcd00000,0x00000007bcd00000)
  from space 21504K, 99% used [0x00000007bcd00000,0x00000007be1f6b28,0x00000007be200000)
  to   space 26624K, 0% used [0x00000007be600000,0x00000007be600000,0x00000007c0000000)
 ParOldGen       total 2252800K, used 293131K [0x00000006f8000000, 0x0000000781800000, 0x0000000781800000)
  object space 2252800K, 13% used [0x00000006f8000000,0x0000000709e42ef8,0x0000000781800000)
 Metaspace       used 182348K, capacity 189674K, committed 189760K, reserved 1216512K
  class space    used 21761K, capacity 23109K, committed 23168K, reserved 1048576K
2022-06-20T08:31:03.865+0800: 1836.158: [GC (Allocation Failure) [PSYoungGen: 993242K->15076K(997888K)] 1286374K->308216K(3250688K), 0.0180545 secs] [Times: user=0.05 sys=0.00, real=0.02 secs] 
Heap after GC invocations=165 (full 5):
 PSYoungGen      total 997888K, used 15076K [0x0000000781800000, 0x00000007c0000000, 0x00000007c0000000)
  eden space 971264K, 0% used [0x0000000781800000,0x0000000781800000,0x00000007bcc80000)
  from space 26624K, 56% used [0x00000007be600000,0x00000007bf4b91b0,0x00000007c0000000)
  to   space 26112K, 0% used [0x00000007bcc80000,0x00000007bcc80000,0x00000007be600000)
 ParOldGen       total 2252800K, used 293139K [0x00000006f8000000, 0x0000000781800000, 0x0000000781800000)
  object space 2252800K, 13% used [0x00000006f8000000,0x0000000709e44ef8,0x0000000781800000)
 Metaspace       used 182348K, capacity 189674K, committed 189760K, reserved 1216512K
  class space    used 21761K, capacity 23109K, committed 23168K, reserved 1048576K
}
{Heap before GC invocations=166 (full 5):
 PSYoungGen      total 997888K, used 986340K [0x0000000781800000, 0x00000007c0000000, 0x00000007c0000000)
  eden space 971264K, 100% used [0x0000000781800000,0x00000007bcc80000,0x00000007bcc80000)
  from space 26624K, 56% used [0x00000007be600000,0x00000007bf4b91b0,0x00000007c0000000)
  to   space 26112K, 0% used [0x00000007bcc80000,0x00000007bcc80000,0x00000007be600000)
 ParOldGen       total 2252800K, used 293139K [0x00000006f8000000, 0x0000000781800000, 0x0000000781800000)
  object space 2252800K, 13% used [0x00000006f8000000,0x0000000709e44ef8,0x0000000781800000)
 Metaspace       used 182604K, capacity 190020K, committed 190272K, reserved 1216512K
  class space    used 21776K, capacity 23124K, committed 23168K, reserved 1048576K
2022-06-20T08:31:33.631+0800: 1865.924: [GC (Allocation Failure) [PSYoungGen: 986340K->19649K(997376K)] 1279480K->312821K(3250176K), 0.0176027 secs] [Times: user=0.05 sys=0.00, real=0.02 secs] 
Heap after GC invocations=166 (full 5):
 PSYoungGen      total 997376K, used 19649K [0x0000000781800000, 0x00000007c0000000, 0x00000007c0000000)
  eden space 971264K, 0% used [0x0000000781800000,0x0000000781800000,0x00000007bcc80000)
  from space 26112K, 75% used [0x00000007bcc80000,0x00000007bdfb0640,0x00000007be600000)
  to   space 26112K, 0% used [0x00000007be680000,0x00000007be680000,0x00000007c0000000)
 ParOldGen       total 2252800K, used 293171K [0x00000006f8000000, 0x0000000781800000, 0x0000000781800000)
  object space 2252800K, 13% used [0x00000006f8000000,0x0000000709e4cef8,0x0000000781800000)
 Metaspace       used 182604K, capacity 190020K, committed 190272K, reserved 1216512K
  class space    used 21776K, capacity 23124K, committed 23168K, reserved 1048576K
}
{Heap before GC invocations=167 (full 5):
 PSYoungGen      total 997376K, used 990913K [0x0000000781800000, 0x00000007c0000000, 0x00000007c0000000)
  eden space 971264K, 100% used [0x0000000781800000,0x00000007bcc80000,0x00000007bcc80000)
  from space 26112K, 75% used [0x00000007bcc80000,0x00000007bdfb0640,0x00000007be600000)
  to   space 26112K, 0% used [0x00000007be680000,0x00000007be680000,0x00000007c0000000)
 ParOldGen       total 2252800K, used 293171K [0x00000006f8000000, 0x0000000781800000, 0x0000000781800000)
  object space 2252800K, 13% used [0x00000006f8000000,0x0000000709e4cef8,0x0000000781800000)
 Metaspace       used 182685K, capacity 190084K, committed 190272K, reserved 1216512K
  class space    used 21780K, capacity 23124K, committed 23168K, reserved 1048576K
2022-06-20T08:31:48.385+0800: 1880.678: [GC (Allocation Failure) [PSYoungGen: 990913K->19330K(997888K)] 1284085K->312630K(3250688K), 0.0211395 secs] [Times: user=0.06 sys=0.00, real=0.03 secs] 
Heap after GC invocations=167 (full 5):
 PSYoungGen      total 997888K, used 19330K [0x0000000781800000, 0x00000007c0000000, 0x00000007c0000000)
  eden space 971776K, 0% used [0x0000000781800000,0x0000000781800000,0x00000007bcd00000)
  from space 26112K, 74% used [0x00000007be680000,0x00000007bf960a80,0x00000007c0000000)
  to   space 26112K, 0% used [0x00000007bcd00000,0x00000007bcd00000,0x00000007be680000)
 ParOldGen       total 2252800K, used 293299K [0x00000006f8000000, 0x0000000781800000, 0x0000000781800000)
  object space 2252800K, 13% used [0x00000006f8000000,0x0000000709e6cef8,0x0000000781800000)
 Metaspace       used 182685K, capacity 190084K, committed 190272K, reserved 1216512K
  class space    used 21780K, capacity 23124K, committed 23168K, reserved 1048576K
}
{Heap before GC invocations=168 (full 5):
 PSYoungGen      total 997888K, used 991106K [0x0000000781800000, 0x00000007c0000000, 0x00000007c0000000)
  eden space 971776K, 100% used [0x0000000781800000,0x00000007bcd00000,0x00000007bcd00000)
  from space 26112K, 74% used [0x00000007be680000,0x00000007bf960a80,0x00000007c0000000)
  to   space 26112K, 0% used [0x00000007bcd00000,0x00000007bcd00000,0x00000007be680000)
 ParOldGen       total 2252800K, used 293299K [0x00000006f8000000, 0x0000000781800000, 0x0000000781800000)
  object space 2252800K, 13% used [0x00000006f8000000,0x0000000709e6cef8,0x0000000781800000)
 Metaspace       used 182737K, capacity 190186K, committed 190272K, reserved 1216512K
  class space    used 21782K, capacity 23158K, committed 23168K, reserved 1048576K
2022-06-20T08:31:59.613+0800: 1891.906: [GC (Allocation Failure) [PSYoungGen: 991106K->19202K(997888K)] 1284406K->312541K(3250688K), 0.0168159 secs] [Times: user=0.05 sys=0.00, real=0.02 secs] 
Heap after GC invocations=168 (full 5):
 PSYoungGen      total 997888K, used 19202K [0x0000000781800000, 0x00000007c0000000, 0x00000007c0000000)
  eden space 971776K, 0% used [0x0000000781800000,0x0000000781800000,0x00000007bcd00000)
  from space 26112K, 73% used [0x00000007bcd00000,0x00000007bdfc0820,0x00000007be680000)
  to   space 25600K, 0% used [0x00000007be700000,0x00000007be700000,0x00000007c0000000)
 ParOldGen       total 2252800K, used 293339K [0x00000006f8000000, 0x0000000781800000, 0x0000000781800000)
  object space 2252800K, 13% used [0x00000006f8000000,0x0000000709e76ef8,0x0000000781800000)
 Metaspace       used 182737K, capacity 190186K, committed 190272K, reserved 1216512K
  class space    used 21782K, capacity 23158K, committed 23168K, reserved 1048576K
}
{Heap before GC invocations=169 (full 5):
 PSYoungGen      total 997888K, used 990978K [0x0000000781800000, 0x00000007c0000000, 0x00000007c0000000)
  eden space 971776K, 100% used [0x0000000781800000,0x00000007bcd00000,0x00000007bcd00000)
  from space 26112K, 73% used [0x00000007bcd00000,0x00000007bdfc0820,0x00000007be680000)
  to   space 25600K, 0% used [0x00000007be700000,0x00000007be700000,0x00000007c0000000)
 ParOldGen       total 2252800K, used 293339K [0x00000006f8000000, 0x0000000781800000, 0x0000000781800000)
  object space 2252800K, 13% used [0x00000006f8000000,0x0000000709e76ef8,0x0000000781800000)
 Metaspace       used 182795K, capacity 190186K, committed 190272K, reserved 1216512K
  class space    used 21782K, capacity 23158K, committed 23168K, reserved 1048576K
2022-06-20T08:32:20.139+0800: 1912.432: [GC (Allocation Failure) [PSYoungGen: 990978K->25570K(990208K)] 1284317K->323734K(3243008K), 0.0330343 secs] [Times: user=0.08 sys=0.02, real=0.03 secs] 
Heap after GC invocations=169 (full 5):
 PSYoungGen      total 990208K, used 25570K [0x0000000781800000, 0x00000007c0000000, 0x00000007c0000000)
  eden space 964608K, 0% used [0x0000000781800000,0x0000000781800000,0x00000007bc600000)
  from space 25600K, 99% used [0x00000007be700000,0x00000007bfff8ac0,0x00000007c0000000)
  to   space 29696K, 0% used [0x00000007bc600000,0x00000007bc600000,0x00000007be300000)
 ParOldGen       total 2252800K, used 298163K [0x00000006f8000000, 0x0000000781800000, 0x0000000781800000)
  object space 2252800K, 13% used [0x00000006f8000000,0x000000070a32cef8,0x0000000781800000)
 Metaspace       used 182795K, capacity 190186K, committed 190272K, reserved 1216512K
  class space    used 21782K, capacity 23158K, committed 23168K, reserved 1048576K
}
{Heap before GC invocations=170 (full 5):
 PSYoungGen      total 990208K, used 990178K [0x0000000781800000, 0x00000007c0000000, 0x00000007c0000000)
  eden space 964608K, 100% used [0x0000000781800000,0x00000007bc600000,0x00000007bc600000)
  from space 25600K, 99% used [0x00000007be700000,0x00000007bfff8ac0,0x00000007c0000000)
  to   space 29696K, 0% used [0x00000007bc600000,0x00000007bc600000,0x00000007be300000)
 ParOldGen       total 2252800K, used 298163K [0x00000006f8000000, 0x0000000781800000, 0x0000000781800000)
  object space 2252800K, 13% used [0x00000006f8000000,0x000000070a32cef8,0x0000000781800000)
 Metaspace       used 182861K, capacity 190256K, committed 190272K, reserved 1216512K
  class space    used 21783K, capacity 23159K, committed 23168K, reserved 1048576K
2022-06-20T08:32:41.192+0800: 1933.484: [GC (Allocation Failure) [PSYoungGen: 990178K->20316K(994304K)] 1288342K->318668K(3247104K), 0.0227159 secs] [Times: user=0.06 sys=0.01, real=0.02 secs] 
Heap after GC invocations=170 (full 5):
 PSYoungGen      total 994304K, used 20316K [0x0000000781800000, 0x00000007c0000000, 0x00000007c0000000)
  eden space 964608K, 0% used [0x0000000781800000,0x0000000781800000,0x00000007bc600000)
  from space 29696K, 68% used [0x00000007bc600000,0x00000007bd9d7338,0x00000007be300000)
  to   space 28672K, 0% used [0x00000007be400000,0x00000007be400000,0x00000007c0000000)
 ParOldGen       total 2252800K, used 298351K [0x00000006f8000000, 0x0000000781800000, 0x0000000781800000)
  object space 2252800K, 13% used [0x00000006f8000000,0x000000070a35bf48,0x0000000781800000)
 Metaspace       used 182861K, capacity 190256K, committed 190272K, reserved 1216512K
  class space    used 21783K, capacity 23159K, committed 23168K, reserved 1048576K
}
{Heap before GC invocations=171 (full 5):
 PSYoungGen      total 994304K, used 984924K [0x0000000781800000, 0x00000007c0000000, 0x00000007c0000000)
  eden space 964608K, 100% used [0x0000000781800000,0x00000007bc600000,0x00000007bc600000)
  from space 29696K, 68% used [0x00000007bc600000,0x00000007bd9d7338,0x00000007be300000)
  to   space 28672K, 0% used [0x00000007be400000,0x00000007be400000,0x00000007c0000000)
 ParOldGen       total 2252800K, used 298351K [0x00000006f8000000, 0x0000000781800000, 0x0000000781800000)
  object space 2252800K, 13% used [0x00000006f8000000,0x000000070a35bf48,0x0000000781800000)
 Metaspace       used 182882K, capacity 190256K, committed 190272K, reserved 1216512K
  class space    used 21783K, capacity 23159K, committed 23168K, reserved 1048576K
2022-06-20T08:33:10.400+0800: 1962.693: [GC (Allocation Failure) [PSYoungGen: 984924K->16285K(995328K)] 1283276K->314645K(3248128K), 0.0173946 secs] [Times: user=0.05 sys=0.00, real=0.02 secs] 
Heap after GC invocations=171 (full 5):
 PSYoungGen      total 995328K, used 16285K [0x0000000781800000, 0x00000007c0000000, 0x00000007c0000000)
  eden space 966656K, 0% used [0x0000000781800000,0x0000000781800000,0x00000007bc800000)
  from space 28672K, 56% used [0x00000007be400000,0x00000007bf3e75c8,0x00000007c0000000)
  to   space 28672K, 0% used [0x00000007bc800000,0x00000007bc800000,0x00000007be400000)
 ParOldGen       total 2252800K, used 298359K [0x00000006f8000000, 0x0000000781800000, 0x0000000781800000)
  object space 2252800K, 13% used [0x00000006f8000000,0x000000070a35df48,0x0000000781800000)
 Metaspace       used 182882K, capacity 190256K, committed 190272K, reserved 1216512K
  class space    used 21783K, capacity 23159K, committed 23168K, reserved 1048576K
}
{Heap before GC invocations=172 (full 5):
 PSYoungGen      total 995328K, used 982941K [0x0000000781800000, 0x00000007c0000000, 0x00000007c0000000)
  eden space 966656K, 100% used [0x0000000781800000,0x00000007bc800000,0x00000007bc800000)
  from space 28672K, 56% used [0x00000007be400000,0x00000007bf3e75c8,0x00000007c0000000)
  to   space 28672K, 0% used [0x00000007bc800000,0x00000007bc800000,0x00000007be400000)
 ParOldGen       total 2252800K, used 298359K [0x00000006f8000000, 0x0000000781800000, 0x0000000781800000)
  object space 2252800K, 13% used [0x00000006f8000000,0x000000070a35df48,0x0000000781800000)
 Metaspace       used 182884K, capacity 190256K, committed 190272K, reserved 1216512K
  class space    used 21783K, capacity 23159K, committed 23168K, reserved 1048576K
2022-06-20T08:33:21.406+0800: 1973.699: [GC (Allocation Failure) [PSYoungGen: 982941K->20521K(995328K)] 1281301K->318905K(3248128K), 0.0225989 secs] [Times: user=0.07 sys=0.01, real=0.02 secs] 
Heap after GC invocations=172 (full 5):
 PSYoungGen      total 995328K, used 20521K [0x0000000781800000, 0x00000007c0000000, 0x00000007c0000000)
  eden space 966656K, 0% used [0x0000000781800000,0x0000000781800000,0x00000007bc800000)
  from space 28672K, 71% used [0x00000007bc800000,0x00000007bdc0a790,0x00000007be400000)
  to   space 28160K, 0% used [0x00000007be480000,0x00000007be480000,0x00000007c0000000)
 ParOldGen       total 2252800K, used 298383K [0x00000006f8000000, 0x0000000781800000, 0x0000000781800000)
  object space 2252800K, 13% used [0x00000006f8000000,0x000000070a363f48,0x0000000781800000)
 Metaspace       used 182884K, capacity 190256K, committed 190272K, reserved 1216512K
  class space    used 21783K, capacity 23159K, committed 23168K, reserved 1048576K
}
{Heap before GC invocations=173 (full 5):
 PSYoungGen      total 995328K, used 987177K [0x0000000781800000, 0x00000007c0000000, 0x00000007c0000000)
  eden space 966656K, 100% used [0x0000000781800000,0x00000007bc800000,0x00000007bc800000)
  from space 28672K, 71% used [0x00000007bc800000,0x00000007bdc0a790,0x00000007be400000)
  to   space 28160K, 0% used [0x00000007be480000,0x00000007be480000,0x00000007c0000000)
 ParOldGen       total 2252800K, used 298383K [0x00000006f8000000, 0x0000000781800000, 0x0000000781800000)
  object space 2252800K, 13% used [0x00000006f8000000,0x000000070a363f48,0x0000000781800000)
 Metaspace       used 182898K, capacity 190268K, committed 190528K, reserved 1216512K
  class space    used 21784K, capacity 23161K, committed 23168K, reserved 1048576K
2022-06-20T08:33:50.499+0800: 2002.792: [GC (Allocation Failure) [PSYoungGen: 987177K->22151K(995840K)] 1285561K->320607K(3248640K), 0.0216656 secs] [Times: user=0.07 sys=0.00, real=0.02 secs] 
Heap after GC invocations=173 (full 5):
 PSYoungGen      total 995840K, used 22151K [0x0000000781800000, 0x00000007c0000000, 0x00000007c0000000)
  eden space 967680K, 0% used [0x0000000781800000,0x0000000781800000,0x00000007bc900000)
  from space 28160K, 78% used [0x00000007be480000,0x00000007bfa21ec0,0x00000007c0000000)
  to   space 28160K, 0% used [0x00000007bc900000,0x00000007bc900000,0x00000007be480000)
 ParOldGen       total 2252800K, used 298455K [0x00000006f8000000, 0x0000000781800000, 0x0000000781800000)
  object space 2252800K, 13% used [0x00000006f8000000,0x000000070a375f58,0x0000000781800000)
 Metaspace       used 182898K, capacity 190268K, committed 190528K, reserved 1216512K
  class space    used 21784K, capacity 23161K, committed 23168K, reserved 1048576K
}
{Heap before GC invocations=174 (full 5):
 PSYoungGen      total 995840K, used 989831K [0x0000000781800000, 0x00000007c0000000, 0x00000007c0000000)
  eden space 967680K, 100% used [0x0000000781800000,0x00000007bc900000,0x00000007bc900000)
  from space 28160K, 78% used [0x00000007be480000,0x00000007bfa21ec0,0x00000007c0000000)
  to   space 28160K, 0% used [0x00000007bc900000,0x00000007bc900000,0x00000007be480000)
 ParOldGen       total 2252800K, used 298455K [0x00000006f8000000, 0x0000000781800000, 0x0000000781800000)
  object space 2252800K, 13% used [0x00000006f8000000,0x000000070a375f58,0x0000000781800000)
 Metaspace       used 183006K, capacity 190472K, committed 190656K, reserved 1216512K
  class space    used 21798K, capacity 23177K, committed 23296K, reserved 1048576K
2022-06-20T08:34:08.309+0800: 2020.602: [GC (Allocation Failure) [PSYoungGen: 989831K->16803K(995840K)] 1288287K->315402K(3248640K), 0.0172326 secs] [Times: user=0.05 sys=0.00, real=0.02 secs] 
Heap after GC invocations=174 (full 5):
 PSYoungGen      total 995840K, used 16803K [0x0000000781800000, 0x00000007c0000000, 0x00000007c0000000)
  eden space 967680K, 0% used [0x0000000781800000,0x0000000781800000,0x00000007bc900000)
  from space 28160K, 59% used [0x00000007bc900000,0x00000007bd968c58,0x00000007be480000)
  to   space 28160K, 0% used [0x00000007be480000,0x00000007be480000,0x00000007c0000000)
 ParOldGen       total 2252800K, used 298599K [0x00000006f8000000, 0x0000000781800000, 0x0000000781800000)
  object space 2252800K, 13% used [0x00000006f8000000,0x000000070a399f98,0x0000000781800000)
 Metaspace       used 183006K, capacity 190472K, committed 190656K, reserved 1216512K
  class space    used 21798K, capacity 23177K, committed 23296K, reserved 1048576K
}
{Heap before GC invocations=175 (full 5):
 PSYoungGen      total 995840K, used 984483K [0x0000000781800000, 0x00000007c0000000, 0x00000007c0000000)
  eden space 967680K, 100% used [0x0000000781800000,0x00000007bc900000,0x00000007bc900000)
  from space 28160K, 59% used [0x00000007bc900000,0x00000007bd968c58,0x00000007be480000)
  to   space 28160K, 0% used [0x00000007be480000,0x00000007be480000,0x00000007c0000000)
 ParOldGen       total 2252800K, used 298599K [0x00000006f8000000, 0x0000000781800000, 0x0000000781800000)
  object space 2252800K, 13% used [0x00000006f8000000,0x000000070a399f98,0x0000000781800000)
 Metaspace       used 183093K, capacity 190536K, committed 190656K, reserved 1216512K
  class space    used 21803K, capacity 23177K, committed 23296K, reserved 1048576K
2022-06-20T08:34:16.196+0800: 2028.489: [GC (Allocation Failure) [PSYoungGen: 984483K->17055K(996352K)] 1283082K->315711K(3249152K), 0.0219750 secs] [Times: user=0.07 sys=0.01, real=0.03 secs] 
Heap after GC invocations=175 (full 5):
 PSYoungGen      total 996352K, used 17055K [0x0000000781800000, 0x00000007c0000000, 0x00000007c0000000)
  eden space 968192K, 0% used [0x0000000781800000,0x0000000781800000,0x00000007bc980000)
  from space 28160K, 60% used [0x00000007be480000,0x00000007bf527e48,0x00000007c0000000)
  to   space 27648K, 0% used [0x00000007bc980000,0x00000007bc980000,0x00000007be480000)
 ParOldGen       total 2252800K, used 298655K [0x00000006f8000000, 0x0000000781800000, 0x0000000781800000)
  object space 2252800K, 13% used [0x00000006f8000000,0x000000070a3a7f98,0x0000000781800000)
 Metaspace       used 183093K, capacity 190536K, committed 190656K, reserved 1216512K
  class space    used 21803K, capacity 23177K, committed 23296K, reserved 1048576K
}
{Heap before GC invocations=176 (full 5):
 PSYoungGen      total 996352K, used 985247K [0x0000000781800000, 0x00000007c0000000, 0x00000007c0000000)
  eden space 968192K, 100% used [0x0000000781800000,0x00000007bc980000,0x00000007bc980000)
  from space 28160K, 60% used [0x00000007be480000,0x00000007bf527e48,0x00000007c0000000)
  to   space 27648K, 0% used [0x00000007bc980000,0x00000007bc980000,0x00000007be480000)
 ParOldGen       total 2252800K, used 298655K [0x00000006f8000000, 0x0000000781800000, 0x0000000781800000)
  object space 2252800K, 13% used [0x00000006f8000000,0x000000070a3a7f98,0x0000000781800000)
 Metaspace       used 183111K, capacity 190536K, committed 190656K, reserved 1216512K
  class space    used 21803K, capacity 23177K, committed 23296K, reserved 1048576K
2022-06-20T08:34:31.854+0800: 2044.147: [GC (Allocation Failure) [PSYoungGen: 985247K->21342K(995840K)] 1283903K->320022K(3248640K), 0.0221298 secs] [Times: user=0.07 sys=0.00, real=0.03 secs] 
Heap after GC invocations=176 (full 5):
 PSYoungGen      total 995840K, used 21342K [0x0000000781800000, 0x00000007c0000000, 0x00000007c0000000)
  eden space 968192K, 0% used [0x0000000781800000,0x0000000781800000,0x00000007bc980000)
  from space 27648K, 77% used [0x00000007bc980000,0x00000007bde57998,0x00000007be480000)
  to   space 27648K, 0% used [0x00000007be500000,0x00000007be500000,0x00000007c0000000)
 ParOldGen       total 2252800K, used 298679K [0x00000006f8000000, 0x0000000781800000, 0x0000000781800000)
  object space 2252800K, 13% used [0x00000006f8000000,0x000000070a3adf98,0x0000000781800000)
 Metaspace       used 183111K, capacity 190536K, committed 190656K, reserved 1216512K
  class space    used 21803K, capacity 23177K, committed 23296K, reserved 1048576K
}
{Heap before GC invocations=177 (full 5):
 PSYoungGen      total 995840K, used 989534K [0x0000000781800000, 0x00000007c0000000, 0x00000007c0000000)
  eden space 968192K, 100% used [0x0000000781800000,0x00000007bc980000,0x00000007bc980000)
  from space 27648K, 77% used [0x00000007bc980000,0x00000007bde57998,0x00000007be480000)
  to   space 27648K, 0% used [0x00000007be500000,0x00000007be500000,0x00000007c0000000)
 ParOldGen       total 2252800K, used 298679K [0x00000006f8000000, 0x0000000781800000, 0x0000000781800000)
  object space 2252800K, 13% used [0x00000006f8000000,0x000000070a3adf98,0x0000000781800000)
 Metaspace       used 183151K, capacity 190600K, committed 190912K, reserved 1216512K
  class space    used 21803K, capacity 23177K, committed 23296K, reserved 1048576K
2022-06-20T08:34:53.077+0800: 2065.370: [GC (Allocation Failure) [PSYoungGen: 989534K->16285K(996864K)] 1288214K->315009K(3249664K), 0.0193264 secs] [Times: user=0.06 sys=0.00, real=0.02 secs] 
Heap after GC invocations=177 (full 5):
 PSYoungGen      total 996864K, used 16285K [0x0000000781800000, 0x00000007c0000000, 0x00000007c0000000)
  eden space 969216K, 0% used [0x0000000781800000,0x0000000781800000,0x00000007bca80000)
  from space 27648K, 58% used [0x00000007be500000,0x00000007bf4e76c8,0x00000007c0000000)
  to   space 27136K, 0% used [0x00000007bca80000,0x00000007bca80000,0x00000007be500000)
 ParOldGen       total 2252800K, used 298723K [0x00000006f8000000, 0x0000000781800000, 0x0000000781800000)
  object space 2252800K, 13% used [0x00000006f8000000,0x000000070a3b8fb8,0x0000000781800000)
 Metaspace       used 183151K, capacity 190600K, committed 190912K, reserved 1216512K
  class space    used 21803K, capacity 23177K, committed 23296K, reserved 1048576K
}
{Heap before GC invocations=178 (full 5):
 PSYoungGen      total 996864K, used 985501K [0x0000000781800000, 0x00000007c0000000, 0x00000007c0000000)
  eden space 969216K, 100% used [0x0000000781800000,0x00000007bca80000,0x00000007bca80000)
  from space 27648K, 58% used [0x00000007be500000,0x00000007bf4e76c8,0x00000007c0000000)
  to   space 27136K, 0% used [0x00000007bca80000,0x00000007bca80000,0x00000007be500000)
 ParOldGen       total 2252800K, used 298723K [0x00000006f8000000, 0x0000000781800000, 0x0000000781800000)
  object space 2252800K, 13% used [0x00000006f8000000,0x000000070a3b8fb8,0x0000000781800000)
 Metaspace       used 183161K, capacity 190606K, committed 190912K, reserved 1216512K
  class space    used 21804K, capacity 23178K, committed 23296K, reserved 1048576K
2022-06-20T08:35:06.300+0800: 2078.593: [GC (Allocation Failure) [PSYoungGen: 985501K->15582K(996352K)] 1284225K->315466K(3249152K), 0.0200782 secs] [Times: user=0.06 sys=0.01, real=0.02 secs] 
Heap after GC invocations=178 (full 5):
 PSYoungGen      total 996352K, used 15582K [0x0000000781800000, 0x00000007c0000000, 0x00000007c0000000)
  eden space 969216K, 0% used [0x0000000781800000,0x0000000781800000,0x00000007bca80000)
  from space 27136K, 57% used [0x00000007bca80000,0x00000007bd9b7968,0x00000007be500000)
  to   space 27136K, 0% used [0x00000007be580000,0x00000007be580000,0x00000007c0000000)
 ParOldGen       total 2252800K, used 299884K [0x00000006f8000000, 0x0000000781800000, 0x0000000781800000)
  object space 2252800K, 13% used [0x00000006f8000000,0x000000070a4db038,0x0000000781800000)
 Metaspace       used 183161K, capacity 190606K, committed 190912K, reserved 1216512K
  class space    used 21804K, capacity 23178K, committed 23296K, reserved 1048576K
}
{Heap before GC invocations=179 (full 5):
 PSYoungGen      total 996352K, used 984798K [0x0000000781800000, 0x00000007c0000000, 0x00000007c0000000)
  eden space 969216K, 100% used [0x0000000781800000,0x00000007bca80000,0x00000007bca80000)
  from space 27136K, 57% used [0x00000007bca80000,0x00000007bd9b7968,0x00000007be500000)
  to   space 27136K, 0% used [0x00000007be580000,0x00000007be580000,0x00000007c0000000)
 ParOldGen       total 2252800K, used 299884K [0x00000006f8000000, 0x0000000781800000, 0x0000000781800000)
  object space 2252800K, 13% used [0x00000006f8000000,0x000000070a4db038,0x0000000781800000)
 Metaspace       used 183172K, capacity 190610K, committed 190912K, reserved 1216512K
  class space    used 21804K, capacity 23178K, committed 23296K, reserved 1048576K
2022-06-20T08:35:20.941+0800: 2093.234: [GC (Allocation Failure) [PSYoungGen: 984798K->14900K(997376K)] 1284682K->315496K(3250176K), 0.0141135 secs] [Times: user=0.04 sys=0.00, real=0.01 secs] 
Heap after GC invocations=179 (full 5):
 PSYoungGen      total 997376K, used 14900K [0x0000000781800000, 0x00000007c0000000, 0x00000007c0000000)
  eden space 970240K, 0% used [0x0000000781800000,0x0000000781800000,0x00000007bcb80000)
  from space 27136K, 54% used [0x00000007be580000,0x00000007bf40d240,0x00000007c0000000)
  to   space 26624K, 0% used [0x00000007bcb80000,0x00000007bcb80000,0x00000007be580000)
 ParOldGen       total 2252800K, used 300595K [0x00000006f8000000, 0x0000000781800000, 0x0000000781800000)
  object space 2252800K, 13% used [0x00000006f8000000,0x000000070a58ce48,0x0000000781800000)
 Metaspace       used 183172K, capacity 190610K, committed 190912K, reserved 1216512K
  class space    used 21804K, capacity 23178K, committed 23296K, reserved 1048576K
}
{Heap before GC invocations=180 (full 5):
 PSYoungGen      total 997376K, used 985140K [0x0000000781800000, 0x00000007c0000000, 0x00000007c0000000)
  eden space 970240K, 100% used [0x0000000781800000,0x00000007bcb80000,0x00000007bcb80000)
  from space 27136K, 54% used [0x00000007be580000,0x00000007bf40d240,0x00000007c0000000)
  to   space 26624K, 0% used [0x00000007bcb80000,0x00000007bcb80000,0x00000007be580000)
 ParOldGen       total 2252800K, used 300595K [0x00000006f8000000, 0x0000000781800000, 0x0000000781800000)
  object space 2252800K, 13% used [0x00000006f8000000,0x000000070a58ce48,0x0000000781800000)
 Metaspace       used 183185K, capacity 190610K, committed 190912K, reserved 1216512K
  class space    used 21804K, capacity 23178K, committed 23296K, reserved 1048576K
2022-06-20T08:35:46.803+0800: 2119.096: [GC (Allocation Failure) [PSYoungGen: 985140K->14634K(996864K)] 1285736K->315590K(3249664K), 0.0173344 secs] [Times: user=0.05 sys=0.00, real=0.02 secs] 
Heap after GC invocations=180 (full 5):
 PSYoungGen      total 996864K, used 14634K [0x0000000781800000, 0x00000007c0000000, 0x00000007c0000000)
  eden space 970240K, 0% used [0x0000000781800000,0x0000000781800000,0x00000007bcb80000)
  from space 26624K, 54% used [0x00000007bcb80000,0x00000007bd9caa10,0x00000007be580000)
  to   space 26624K, 0% used [0x00000007be600000,0x00000007be600000,0x00000007c0000000)
 ParOldGen       total 2252800K, used 300955K [0x00000006f8000000, 0x0000000781800000, 0x0000000781800000)
  object space 2252800K, 13% used [0x00000006f8000000,0x000000070a5e6e78,0x0000000781800000)
 Metaspace       used 183185K, capacity 190610K, committed 190912K, reserved 1216512K
  class space    used 21804K, capacity 23178K, committed 23296K, reserved 1048576K
}
{Heap before GC invocations=181 (full 5):
 PSYoungGen      total 996864K, used 984874K [0x0000000781800000, 0x00000007c0000000, 0x00000007c0000000)
  eden space 970240K, 100% used [0x0000000781800000,0x00000007bcb80000,0x00000007bcb80000)
  from space 26624K, 54% used [0x00000007bcb80000,0x00000007bd9caa10,0x00000007be580000)
  to   space 26624K, 0% used [0x00000007be600000,0x00000007be600000,0x00000007c0000000)
 ParOldGen       total 2252800K, used 300955K [0x00000006f8000000, 0x0000000781800000, 0x0000000781800000)
  object space 2252800K, 13% used [0x00000006f8000000,0x000000070a5e6e78,0x0000000781800000)
 Metaspace       used 183321K, capacity 190750K, committed 190912K, reserved 1216512K
  class space    used 21814K, capacity 23180K, committed 23296K, reserved 1048576K
2022-06-20T08:36:10.250+0800: 2142.543: [GC (Allocation Failure) [PSYoungGen: 984874K->14814K(997888K)] 1285830K->316439K(3250688K), 0.0162588 secs] [Times: user=0.04 sys=0.01, real=0.02 secs] 
Heap after GC invocations=181 (full 5):
 PSYoungGen      total 997888K, used 14814K [0x0000000781800000, 0x00000007c0000000, 0x00000007c0000000)
  eden space 971264K, 0% used [0x0000000781800000,0x0000000781800000,0x00000007bcc80000)
  from space 26624K, 55% used [0x00000007be600000,0x00000007bf477840,0x00000007c0000000)
  to   space 26112K, 0% used [0x00000007bcc80000,0x00000007bcc80000,0x00000007be600000)
 ParOldGen       total 2252800K, used 301625K [0x00000006f8000000, 0x0000000781800000, 0x0000000781800000)
  object space 2252800K, 13% used [0x00000006f8000000,0x000000070a68e660,0x0000000781800000)
 Metaspace       used 183321K, capacity 190750K, committed 190912K, reserved 1216512K
  class space    used 21814K, capacity 23180K, committed 23296K, reserved 1048576K
}
{Heap before GC invocations=182 (full 5):
 PSYoungGen      total 997888K, used 986078K [0x0000000781800000, 0x00000007c0000000, 0x00000007c0000000)
  eden space 971264K, 100% used [0x0000000781800000,0x00000007bcc80000,0x00000007bcc80000)
  from space 26624K, 55% used [0x00000007be600000,0x00000007bf477840,0x00000007c0000000)
  to   space 26112K, 0% used [0x00000007bcc80000,0x00000007bcc80000,0x00000007be600000)
 ParOldGen       total 2252800K, used 301625K [0x00000006f8000000, 0x0000000781800000, 0x0000000781800000)
  object space 2252800K, 13% used [0x00000006f8000000,0x000000070a68e660,0x0000000781800000)
 Metaspace       used 183325K, capacity 190750K, committed 190912K, reserved 1216512K
  class space    used 21814K, capacity 23180K, committed 23296K, reserved 1048576K
2022-06-20T08:36:21.288+0800: 2153.581: [GC (Allocation Failure) [PSYoungGen: 986078K->19724K(997376K)] 1287703K->321398K(3250176K), 0.0195956 secs] [Times: user=0.06 sys=0.00, real=0.02 secs] 
Heap after GC invocations=182 (full 5):
 PSYoungGen      total 997376K, used 19724K [0x0000000781800000, 0x00000007c0000000, 0x00000007c0000000)
  eden space 971264K, 0% used [0x0000000781800000,0x0000000781800000,0x00000007bcc80000)
  from space 26112K, 75% used [0x00000007bcc80000,0x00000007bdfc3340,0x00000007be600000)
  to   space 26112K, 0% used [0x00000007be680000,0x00000007be680000,0x00000007c0000000)
 ParOldGen       total 2252800K, used 301673K [0x00000006f8000000, 0x0000000781800000, 0x0000000781800000)
  object space 2252800K, 13% used [0x00000006f8000000,0x000000070a69a670,0x0000000781800000)
 Metaspace       used 183325K, capacity 190750K, committed 190912K, reserved 1216512K
  class space    used 21814K, capacity 23180K, committed 23296K, reserved 1048576K
}
{Heap before GC invocations=183 (full 5):
 PSYoungGen      total 997376K, used 990988K [0x0000000781800000, 0x00000007c0000000, 0x00000007c0000000)
  eden space 971264K, 100% used [0x0000000781800000,0x00000007bcc80000,0x00000007bcc80000)
  from space 26112K, 75% used [0x00000007bcc80000,0x00000007bdfc3340,0x00000007be600000)
  to   space 26112K, 0% used [0x00000007be680000,0x00000007be680000,0x00000007c0000000)
 ParOldGen       total 2252800K, used 301673K [0x00000006f8000000, 0x0000000781800000, 0x0000000781800000)
  object space 2252800K, 13% used [0x00000006f8000000,0x000000070a69a670,0x0000000781800000)
 Metaspace       used 183330K, capacity 190754K, committed 190912K, reserved 1216512K
  class space    used 21814K, capacity 23180K, committed 23296K, reserved 1048576K
2022-06-20T08:36:34.074+0800: 2166.366: [GC (Allocation Failure) [PSYoungGen: 990988K->14760K(997888K)] 1292662K->316473K(3250688K), 0.0155423 secs] [Times: user=0.05 sys=0.00, real=0.02 secs] 
Heap after GC invocations=183 (full 5):
 PSYoungGen      total 997888K, used 14760K [0x0000000781800000, 0x00000007c0000000, 0x00000007c0000000)
  eden space 971776K, 0% used [0x0000000781800000,0x0000000781800000,0x00000007bcd00000)
  from space 26112K, 56% used [0x00000007be680000,0x00000007bf4ea098,0x00000007c0000000)
  to   space 26112K, 0% used [0x00000007bcd00000,0x00000007bcd00000,0x00000007be680000)
 ParOldGen       total 2252800K, used 301713K [0x00000006f8000000, 0x0000000781800000, 0x0000000781800000)
  object space 2252800K, 13% used [0x00000006f8000000,0x000000070a6a4670,0x0000000781800000)
 Metaspace       used 183330K, capacity 190754K, committed 190912K, reserved 1216512K
  class space    used 21814K, capacity 23180K, committed 23296K, reserved 1048576K
}
{Heap before GC invocations=184 (full 5):
 PSYoungGen      total 997888K, used 986536K [0x0000000781800000, 0x00000007c0000000, 0x00000007c0000000)
  eden space 971776K, 100% used [0x0000000781800000,0x00000007bcd00000,0x00000007bcd00000)
  from space 26112K, 56% used [0x00000007be680000,0x00000007bf4ea098,0x00000007c0000000)
  to   space 26112K, 0% used [0x00000007bcd00000,0x00000007bcd00000,0x00000007be680000)
 ParOldGen       total 2252800K, used 301713K [0x00000006f8000000, 0x0000000781800000, 0x0000000781800000)
  object space 2252800K, 13% used [0x00000006f8000000,0x000000070a6a4670,0x0000000781800000)
 Metaspace       used 183342K, capacity 190818K, committed 191168K, reserved 1216512K
  class space    used 21814K, capacity 23180K, committed 23296K, reserved 1048576K
2022-06-20T08:36:49.453+0800: 2181.746: [GC (Allocation Failure) [PSYoungGen: 986536K->13853K(997888K)] 1288249K->316499K(3250688K), 0.0187032 secs] [Times: user=0.05 sys=0.00, real=0.02 secs] 
Heap after GC invocations=184 (full 5):
 PSYoungGen      total 997888K, used 13853K [0x0000000781800000, 0x00000007c0000000, 0x00000007c0000000)
  eden space 971776K, 0% used [0x0000000781800000,0x0000000781800000,0x00000007bcd00000)
  from space 26112K, 53% used [0x00000007bcd00000,0x00000007bda877c8,0x00000007be680000)
  to   space 25600K, 0% used [0x00000007be700000,0x00000007be700000,0x00000007c0000000)
 ParOldGen       total 2252800K, used 302645K [0x00000006f8000000, 0x0000000781800000, 0x0000000781800000)
  object space 2252800K, 13% used [0x00000006f8000000,0x000000070a78d450,0x0000000781800000)
 Metaspace       used 183342K, capacity 190818K, committed 191168K, reserved 1216512K
  class space    used 21814K, capacity 23180K, committed 23296K, reserved 1048576K
}
{Heap before GC invocations=185 (full 5):
 PSYoungGen      total 997888K, used 985629K [0x0000000781800000, 0x00000007c0000000, 0x00000007c0000000)
  eden space 971776K, 100% used [0x0000000781800000,0x00000007bcd00000,0x00000007bcd00000)
  from space 26112K, 53% used [0x00000007bcd00000,0x00000007bda877c8,0x00000007be680000)
  to   space 25600K, 0% used [0x00000007be700000,0x00000007be700000,0x00000007c0000000)
 ParOldGen       total 2252800K, used 302645K [0x00000006f8000000, 0x0000000781800000, 0x0000000781800000)
  object space 2252800K, 13% used [0x00000006f8000000,0x000000070a78d450,0x0000000781800000)
 Metaspace       used 183439K, capacity 190960K, committed 191168K, reserved 1216512K
  class space    used 21829K, capacity 23193K, committed 23296K, reserved 1048576K
2022-06-20T08:37:01.171+0800: 2193.463: [GC (Allocation Failure) [PSYoungGen: 985629K->14171K(998400K)] 1288275K->316913K(3251200K), 0.0169320 secs] [Times: user=0.05 sys=0.00, real=0.02 secs] 
Heap after GC invocations=185 (full 5):
 PSYoungGen      total 998400K, used 14171K [0x0000000781800000, 0x00000007c0000000, 0x00000007c0000000)
  eden space 972800K, 0% used [0x0000000781800000,0x0000000781800000,0x00000007bce00000)
  from space 25600K, 55% used [0x00000007be700000,0x00000007bf4d6f28,0x00000007c0000000)
  to   space 25600K, 0% used [0x00000007bce00000,0x00000007bce00000,0x00000007be700000)
 ParOldGen       total 2252800K, used 302742K [0x00000006f8000000, 0x0000000781800000, 0x0000000781800000)
  object space 2252800K, 13% used [0x00000006f8000000,0x000000070a7a58b0,0x0000000781800000)
 Metaspace       used 183439K, capacity 190960K, committed 191168K, reserved 1216512K
  class space    used 21829K, capacity 23193K, committed 23296K, reserved 1048576K
}
{Heap before GC invocations=186 (full 5):
 PSYoungGen      total 998400K, used 986971K [0x0000000781800000, 0x00000007c0000000, 0x00000007c0000000)
  eden space 972800K, 100% used [0x0000000781800000,0x00000007bce00000,0x00000007bce00000)
  from space 25600K, 55% used [0x00000007be700000,0x00000007bf4d6f28,0x00000007c0000000)
  to   space 25600K, 0% used [0x00000007bce00000,0x00000007bce00000,0x00000007be700000)
 ParOldGen       total 2252800K, used 302742K [0x00000006f8000000, 0x0000000781800000, 0x0000000781800000)
  object space 2252800K, 13% used [0x00000006f8000000,0x000000070a7a58b0,0x0000000781800000)
 Metaspace       used 183493K, capacity 190978K, committed 191168K, reserved 1216512K
  class space    used 21834K, capacity 23196K, committed 23296K, reserved 1048576K
2022-06-20T08:37:10.475+0800: 2202.768: [GC (Allocation Failure) [PSYoungGen: 986971K->14464K(998400K)] 1289713K->317254K(3251200K), 0.0154463 secs] [Times: user=0.04 sys=0.00, real=0.02 secs] 
Heap after GC invocations=186 (full 5):
 PSYoungGen      total 998400K, used 14464K [0x0000000781800000, 0x00000007c0000000, 0x00000007c0000000)
  eden space 972800K, 0% used [0x0000000781800000,0x0000000781800000,0x00000007bce00000)
  from space 25600K, 56% used [0x00000007bce00000,0x00000007bdc201a8,0x00000007be700000)
  to   space 25088K, 0% used [0x00000007be780000,0x00000007be780000,0x00000007c0000000)
 ParOldGen       total 2252800K, used 302790K [0x00000006f8000000, 0x0000000781800000, 0x0000000781800000)
  object space 2252800K, 13% used [0x00000006f8000000,0x000000070a7b18c0,0x0000000781800000)
 Metaspace       used 183493K, capacity 190978K, committed 191168K, reserved 1216512K
  class space    used 21834K, capacity 23196K, committed 23296K, reserved 1048576K
}
{Heap before GC invocations=187 (full 5):
 PSYoungGen      total 998400K, used 987264K [0x0000000781800000, 0x00000007c0000000, 0x00000007c0000000)
  eden space 972800K, 100% used [0x0000000781800000,0x00000007bce00000,0x00000007bce00000)
  from space 25600K, 56% used [0x00000007bce00000,0x00000007bdc201a8,0x00000007be700000)
  to   space 25088K, 0% used [0x00000007be780000,0x00000007be780000,0x00000007c0000000)
 ParOldGen       total 2252800K, used 302790K [0x00000006f8000000, 0x0000000781800000, 0x0000000781800000)
  object space 2252800K, 13% used [0x00000006f8000000,0x000000070a7b18c0,0x0000000781800000)
 Metaspace       used 183513K, capacity 190978K, committed 191168K, reserved 1216512K
  class space    used 21834K, capacity 23196K, committed 23296K, reserved 1048576K
2022-06-20T08:37:30.828+0800: 2223.121: [GC (Allocation Failure) [PSYoungGen: 987264K->14514K(999424K)] 1290054K->317353K(3252224K), 0.0180192 secs] [Times: user=0.05 sys=0.00, real=0.02 secs] 
Heap after GC invocations=187 (full 5):
 PSYoungGen      total 999424K, used 14514K [0x0000000781800000, 0x00000007c0000000, 0x00000007c0000000)
  eden space 974336K, 0% used [0x0000000781800000,0x0000000781800000,0x00000007bcf80000)
  from space 25088K, 57% used [0x00000007be780000,0x00000007bf5acb48,0x00000007c0000000)
  to   space 24576K, 0% used [0x00000007bcf80000,0x00000007bcf80000,0x00000007be780000)
 ParOldGen       total 2252800K, used 302838K [0x00000006f8000000, 0x0000000781800000, 0x0000000781800000)
  object space 2252800K, 13% used [0x00000006f8000000,0x000000070a7bd8e0,0x0000000781800000)
 Metaspace       used 183513K, capacity 190978K, committed 191168K, reserved 1216512K
  class space    used 21834K, capacity 23196K, committed 23296K, reserved 1048576K
}
{Heap before GC invocations=188 (full 5):
 PSYoungGen      total 999424K, used 988850K [0x0000000781800000, 0x00000007c0000000, 0x00000007c0000000)
  eden space 974336K, 100% used [0x0000000781800000,0x00000007bcf80000,0x00000007bcf80000)
  from space 25088K, 57% used [0x00000007be780000,0x00000007bf5acb48,0x00000007c0000000)
  to   space 24576K, 0% used [0x00000007bcf80000,0x00000007bcf80000,0x00000007be780000)
 ParOldGen       total 2252800K, used 302838K [0x00000006f8000000, 0x0000000781800000, 0x0000000781800000)
  object space 2252800K, 13% used [0x00000006f8000000,0x000000070a7bd8e0,0x0000000781800000)
 Metaspace       used 183525K, capacity 191042K, committed 191168K, reserved 1216512K
  class space    used 21834K, capacity 23196K, committed 23296K, reserved 1048576K
2022-06-20T08:37:56.579+0800: 2248.872: [GC (Allocation Failure) [PSYoungGen: 988850K->16471K(998912K)] 1291689K->319453K(3251712K), 0.0225968 secs] [Times: user=0.06 sys=0.00, real=0.02 secs] 
Heap after GC invocations=188 (full 5):
 PSYoungGen      total 998912K, used 16471K [0x0000000781800000, 0x00000007c0000000, 0x00000007c0000000)
  eden space 974336K, 0% used [0x0000000781800000,0x0000000781800000,0x00000007bcf80000)
  from space 24576K, 67% used [0x00000007bcf80000,0x00000007bdf95c40,0x00000007be780000)
  to   space 23552K, 0% used [0x00000007be900000,0x00000007be900000,0x00000007c0000000)
 ParOldGen       total 2252800K, used 302982K [0x00000006f8000000, 0x0000000781800000, 0x0000000781800000)
  object space 2252800K, 13% used [0x00000006f8000000,0x000000070a7e1910,0x0000000781800000)
 Metaspace       used 183525K, capacity 191042K, committed 191168K, reserved 1216512K
  class space    used 21834K, capacity 23196K, committed 23296K, reserved 1048576K
}
{Heap before GC invocations=189 (full 5):
 PSYoungGen      total 998912K, used 990807K [0x0000000781800000, 0x00000007c0000000, 0x00000007c0000000)
  eden space 974336K, 100% used [0x0000000781800000,0x00000007bcf80000,0x00000007bcf80000)
  from space 24576K, 67% used [0x00000007bcf80000,0x00000007bdf95c40,0x00000007be780000)
  to   space 23552K, 0% used [0x00000007be900000,0x00000007be900000,0x00000007c0000000)
 ParOldGen       total 2252800K, used 302982K [0x00000006f8000000, 0x0000000781800000, 0x0000000781800000)
  object space 2252800K, 13% used [0x00000006f8000000,0x000000070a7e1910,0x0000000781800000)
 Metaspace       used 183567K, capacity 191054K, committed 191168K, reserved 1216512K
  class space    used 21835K, capacity 23198K, committed 23296K, reserved 1048576K
2022-06-20T08:38:28.926+0800: 2281.219: [GC (Allocation Failure) [PSYoungGen: 990807K->14757K(1000448K)] 1293789K->317891K(3253248K), 0.0153412 secs] [Times: user=0.04 sys=0.00, real=0.01 secs] 
Heap after GC invocations=189 (full 5):
 PSYoungGen      total 1000448K, used 14757K [0x0000000781800000, 0x00000007c0000000, 0x00000007c0000000)
  eden space 976896K, 0% used [0x0000000781800000,0x0000000781800000,0x00000007bd200000)
  from space 23552K, 62% used [0x00000007be900000,0x00000007bf769678,0x00000007c0000000)
  to   space 23552K, 0% used [0x00000007bd200000,0x00000007bd200000,0x00000007be900000)
 ParOldGen       total 2252800K, used 303134K [0x00000006f8000000, 0x0000000781800000, 0x0000000781800000)
  object space 2252800K, 13% used [0x00000006f8000000,0x000000070a807910,0x0000000781800000)
 Metaspace       used 183567K, capacity 191054K, committed 191168K, reserved 1216512K
  class space    used 21835K, capacity 23198K, committed 23296K, reserved 1048576K
}
{Heap before GC invocations=190 (full 5):
 PSYoungGen      total 1000448K, used 991653K [0x0000000781800000, 0x00000007c0000000, 0x00000007c0000000)
  eden space 976896K, 100% used [0x0000000781800000,0x00000007bd200000,0x00000007bd200000)
  from space 23552K, 62% used [0x00000007be900000,0x00000007bf769678,0x00000007c0000000)
  to   space 23552K, 0% used [0x00000007bd200000,0x00000007bd200000,0x00000007be900000)
 ParOldGen       total 2252800K, used 303134K [0x00000006f8000000, 0x0000000781800000, 0x0000000781800000)
  object space 2252800K, 13% used [0x00000006f8000000,0x000000070a807910,0x0000000781800000)
 Metaspace       used 183789K, capacity 191442K, committed 191680K, reserved 1218560K
  class space    used 21871K, capacity 23262K, committed 23296K, reserved 1048576K
2022-06-20T08:38:42.059+0800: 2294.351: [GC (Allocation Failure) [PSYoungGen: 991653K->19212K(1000448K)] 1294787K->322535K(3253248K), 0.0234193 secs] [Times: user=0.07 sys=0.01, real=0.02 secs] 
Heap after GC invocations=190 (full 5):
 PSYoungGen      total 1000448K, used 19212K [0x0000000781800000, 0x00000007c0000000, 0x00000007c0000000)
  eden space 976896K, 0% used [0x0000000781800000,0x0000000781800000,0x00000007bd200000)
  from space 23552K, 81% used [0x00000007bd200000,0x00000007be4c31a0,0x00000007be900000)
  to   space 23552K, 0% used [0x00000007be900000,0x00000007be900000,0x00000007c0000000)
 ParOldGen       total 2252800K, used 303323K [0x00000006f8000000, 0x0000000781800000, 0x0000000781800000)
  object space 2252800K, 13% used [0x00000006f8000000,0x000000070a836d90,0x0000000781800000)
 Metaspace       used 183789K, capacity 191442K, committed 191680K, reserved 1218560K
  class space    used 21871K, capacity 23262K, committed 23296K, reserved 1048576K
}
{Heap before GC invocations=191 (full 5):
 PSYoungGen      total 1000448K, used 996108K [0x0000000781800000, 0x00000007c0000000, 0x00000007c0000000)
  eden space 976896K, 100% used [0x0000000781800000,0x00000007bd200000,0x00000007bd200000)
  from space 23552K, 81% used [0x00000007bd200000,0x00000007be4c31a0,0x00000007be900000)
  to   space 23552K, 0% used [0x00000007be900000,0x00000007be900000,0x00000007c0000000)
 ParOldGen       total 2252800K, used 303323K [0x00000006f8000000, 0x0000000781800000, 0x0000000781800000)
  object space 2252800K, 13% used [0x00000006f8000000,0x000000070a836d90,0x0000000781800000)
 Metaspace       used 183801K, capacity 191442K, committed 191680K, reserved 1218560K
  class space    used 21871K, capacity 23262K, committed 23296K, reserved 1048576K
2022-06-20T08:38:58.519+0800: 2310.811: [GC (Allocation Failure) [PSYoungGen: 996108K->14835K(1000448K)] 1299431K->318183K(3253248K), 0.0124269 secs] [Times: user=0.04 sys=0.00, real=0.01 secs] 
Heap after GC invocations=191 (full 5):
 PSYoungGen      total 1000448K, used 14835K [0x0000000781800000, 0x00000007c0000000, 0x00000007c0000000)
  eden space 976896K, 0% used [0x0000000781800000,0x0000000781800000,0x00000007bd200000)
  from space 23552K, 62% used [0x00000007be900000,0x00000007bf77cfe8,0x00000007c0000000)
  to   space 23552K, 0% used [0x00000007bd200000,0x00000007bd200000,0x00000007be900000)
 ParOldGen       total 2252800K, used 303347K [0x00000006f8000000, 0x0000000781800000, 0x0000000781800000)
  object space 2252800K, 13% used [0x00000006f8000000,0x000000070a83cd90,0x0000000781800000)
 Metaspace       used 183801K, capacity 191442K, committed 191680K, reserved 1218560K
  class space    used 21871K, capacity 23262K, committed 23296K, reserved 1048576K
}
{Heap before GC invocations=192 (full 5):
 PSYoungGen      total 1000448K, used 991731K [0x0000000781800000, 0x00000007c0000000, 0x00000007c0000000)
  eden space 976896K, 100% used [0x0000000781800000,0x00000007bd200000,0x00000007bd200000)
  from space 23552K, 62% used [0x00000007be900000,0x00000007bf77cfe8,0x00000007c0000000)
  to   space 23552K, 0% used [0x00000007bd200000,0x00000007bd200000,0x00000007be900000)
 ParOldGen       total 2252800K, used 303347K [0x00000006f8000000, 0x0000000781800000, 0x0000000781800000)
  object space 2252800K, 13% used [0x00000006f8000000,0x000000070a83cd90,0x0000000781800000)
 Metaspace       used 183809K, capacity 191442K, committed 191680K, reserved 1218560K
  class space    used 21871K, capacity 23262K, committed 23296K, reserved 1048576K
2022-06-20T08:39:14.566+0800: 2326.859: [GC (Allocation Failure) [PSYoungGen: 991731K->14189K(1000448K)] 1295079K->317568K(3253248K), 0.0147611 secs] [Times: user=0.04 sys=0.00, real=0.01 secs] 
Heap after GC invocations=192 (full 5):
 PSYoungGen      total 1000448K, used 14189K [0x0000000781800000, 0x00000007c0000000, 0x00000007c0000000)
  eden space 976896K, 0% used [0x0000000781800000,0x0000000781800000,0x00000007bd200000)
  from space 23552K, 60% used [0x00000007bd200000,0x00000007bdfdb4f0,0x00000007be900000)
  to   space 23040K, 0% used [0x00000007be980000,0x00000007be980000,0x00000007c0000000)
 ParOldGen       total 2252800K, used 303379K [0x00000006f8000000, 0x0000000781800000, 0x0000000781800000)
  object space 2252800K, 13% used [0x00000006f8000000,0x000000070a844d90,0x0000000781800000)
 Metaspace       used 183809K, capacity 191442K, committed 191680K, reserved 1218560K
  class space    used 21871K, capacity 23262K, committed 23296K, reserved 1048576K
}
{Heap before GC invocations=193 (full 5):
 PSYoungGen      total 1000448K, used 991085K [0x0000000781800000, 0x00000007c0000000, 0x00000007c0000000)
  eden space 976896K, 100% used [0x0000000781800000,0x00000007bd200000,0x00000007bd200000)
  from space 23552K, 60% used [0x00000007bd200000,0x00000007bdfdb4f0,0x00000007be900000)
  to   space 23040K, 0% used [0x00000007be980000,0x00000007be980000,0x00000007c0000000)
 ParOldGen       total 2252800K, used 303379K [0x00000006f8000000, 0x0000000781800000, 0x0000000781800000)
  object space 2252800K, 13% used [0x00000006f8000000,0x000000070a844d90,0x0000000781800000)
 Metaspace       used 183810K, capacity 191442K, committed 191680K, reserved 1218560K
  class space    used 21871K, capacity 23262K, committed 23296K, reserved 1048576K
2022-06-20T08:39:35.318+0800: 2347.611: [GC (Allocation Failure) [PSYoungGen: 991085K->14076K(1001472K)] 1294464K->317500K(3254272K), 0.0229528 secs] [Times: user=0.06 sys=0.01, real=0.02 secs] 
Heap after GC invocations=193 (full 5):
 PSYoungGen      total 1001472K, used 14076K [0x0000000781800000, 0x00000007c0000000, 0x00000007c0000000)
  eden space 978432K, 0% used [0x0000000781800000,0x0000000781800000,0x00000007bd380000)
  from space 23040K, 61% used [0x00000007be980000,0x00000007bf73f2a0,0x00000007c0000000)
  to   space 22528K, 0% used [0x00000007bd380000,0x00000007bd380000,0x00000007be980000)
 ParOldGen       total 2252800K, used 303423K [0x00000006f8000000, 0x0000000781800000, 0x0000000781800000)
  object space 2252800K, 13% used [0x00000006f8000000,0x000000070a84fdb0,0x0000000781800000)
 Metaspace       used 183810K, capacity 191442K, committed 191680K, reserved 1218560K
  class space    used 21871K, capacity 23262K, committed 23296K, reserved 1048576K
}
{Heap before GC invocations=194 (full 5):
 PSYoungGen      total 1001472K, used 992508K [0x0000000781800000, 0x00000007c0000000, 0x00000007c0000000)
  eden space 978432K, 100% used [0x0000000781800000,0x00000007bd380000,0x00000007bd380000)
  from space 23040K, 61% used [0x00000007be980000,0x00000007bf73f2a0,0x00000007c0000000)
  to   space 22528K, 0% used [0x00000007bd380000,0x00000007bd380000,0x00000007be980000)
 ParOldGen       total 2252800K, used 303423K [0x00000006f8000000, 0x0000000781800000, 0x0000000781800000)
  object space 2252800K, 13% used [0x00000006f8000000,0x000000070a84fdb0,0x0000000781800000)
 Metaspace       used 184401K, capacity 192044K, committed 192320K, reserved 1218560K
  class space    used 21946K, capacity 23345K, committed 23424K, reserved 1048576K
2022-06-20T08:39:49.933+0800: 2362.226: [GC (Allocation Failure) [PSYoungGen: 992508K->14973K(1000960K)] 1295932K->318429K(3253760K), 0.0191679 secs] [Times: user=0.05 sys=0.01, real=0.02 secs] 
Heap after GC invocations=194 (full 5):
 PSYoungGen      total 1000960K, used 14973K [0x0000000781800000, 0x00000007c0000000, 0x00000007c0000000)
  eden space 978432K, 0% used [0x0000000781800000,0x0000000781800000,0x00000007bd380000)
  from space 22528K, 66% used [0x00000007bd380000,0x00000007be21f6e0,0x00000007be980000)
  to   space 22016K, 0% used [0x00000007bea80000,0x00000007bea80000,0x00000007c0000000)
 ParOldGen       total 2252800K, used 303455K [0x00000006f8000000, 0x0000000781800000, 0x0000000781800000)
  object space 2252800K, 13% used [0x00000006f8000000,0x000000070a857db0,0x0000000781800000)
 Metaspace       used 184401K, capacity 192044K, committed 192320K, reserved 1218560K
  class space    used 21946K, capacity 23345K, committed 23424K, reserved 1048576K
}
{Heap before GC invocations=195 (full 5):
 PSYoungGen      total 1000960K, used 993405K [0x0000000781800000, 0x00000007c0000000, 0x00000007c0000000)
  eden space 978432K, 100% used [0x0000000781800000,0x00000007bd380000,0x00000007bd380000)
  from space 22528K, 66% used [0x00000007bd380000,0x00000007be21f6e0,0x00000007be980000)
  to   space 22016K, 0% used [0x00000007bea80000,0x00000007bea80000,0x00000007c0000000)
 ParOldGen       total 2252800K, used 303455K [0x00000006f8000000, 0x0000000781800000, 0x0000000781800000)
  object space 2252800K, 13% used [0x00000006f8000000,0x000000070a857db0,0x0000000781800000)
 Metaspace       used 186546K, capacity 194294K, committed 194496K, reserved 1220608K
  class space    used 22256K, capacity 23704K, committed 23808K, reserved 1048576K
2022-06-20T08:39:51.066+0800: 2363.359: [GC (Allocation Failure) [PSYoungGen: 993405K->17338K(1001984K)] 1296861K->320833K(3254784K), 0.0247863 secs] [Times: user=0.09 sys=0.01, real=0.03 secs] 
Heap after GC invocations=195 (full 5):
 PSYoungGen      total 1001984K, used 17338K [0x0000000781800000, 0x00000007c0000000, 0x00000007c0000000)
  eden space 979968K, 0% used [0x0000000781800000,0x0000000781800000,0x00000007bd500000)
  from space 22016K, 78% used [0x00000007bea80000,0x00000007bfb6e8c0,0x00000007c0000000)
  to   space 22016K, 0% used [0x00000007bd500000,0x00000007bd500000,0x00000007bea80000)
 ParOldGen       total 2252800K, used 303495K [0x00000006f8000000, 0x0000000781800000, 0x0000000781800000)
  object space 2252800K, 13% used [0x00000006f8000000,0x000000070a861dd0,0x0000000781800000)
 Metaspace       used 186546K, capacity 194294K, committed 194496K, reserved 1220608K
  class space    used 22256K, capacity 23704K, committed 23808K, reserved 1048576K
}
{Heap before GC invocations=196 (full 5):
 PSYoungGen      total 1001984K, used 997306K [0x0000000781800000, 0x00000007c0000000, 0x00000007c0000000)
  eden space 979968K, 100% used [0x0000000781800000,0x00000007bd500000,0x00000007bd500000)
  from space 22016K, 78% used [0x00000007bea80000,0x00000007bfb6e8c0,0x00000007c0000000)
  to   space 22016K, 0% used [0x00000007bd500000,0x00000007bd500000,0x00000007bea80000)
 ParOldGen       total 2252800K, used 303495K [0x00000006f8000000, 0x0000000781800000, 0x0000000781800000)
  object space 2252800K, 13% used [0x00000006f8000000,0x000000070a861dd0,0x0000000781800000)
 Metaspace       used 187083K, capacity 194850K, committed 195008K, reserved 1220608K
  class space    used 22319K, capacity 23755K, committed 23808K, reserved 1048576K
2022-06-20T08:40:03.929+0800: 2376.222: [GC (Allocation Failure) [PSYoungGen: 997306K->21992K(986624K)] 1300801K->359458K(3239424K), 0.0522976 secs] [Times: user=0.09 sys=0.03, real=0.05 secs] 
Heap after GC invocations=196 (full 5):
 PSYoungGen      total 986624K, used 21992K [0x0000000781800000, 0x00000007c0000000, 0x00000007c0000000)
  eden space 964608K, 0% used [0x0000000781800000,0x0000000781800000,0x00000007bc600000)
  from space 22016K, 99% used [0x00000007bd500000,0x00000007bea7a030,0x00000007bea80000)
  to   space 22016K, 0% used [0x00000007bea80000,0x00000007bea80000,0x00000007c0000000)
 ParOldGen       total 2252800K, used 337466K [0x00000006f8000000, 0x0000000781800000, 0x0000000781800000)
  object space 2252800K, 14% used [0x00000006f8000000,0x000000070c98e8a0,0x0000000781800000)
 Metaspace       used 187083K, capacity 194850K, committed 195008K, reserved 1220608K
  class space    used 22319K, capacity 23755K, committed 23808K, reserved 1048576K
}
{Heap before GC invocations=197 (full 5):
 PSYoungGen      total 986624K, used 986600K [0x0000000781800000, 0x00000007c0000000, 0x00000007c0000000)
  eden space 964608K, 100% used [0x0000000781800000,0x00000007bc600000,0x00000007bc600000)
  from space 22016K, 99% used [0x00000007bd500000,0x00000007bea7a030,0x00000007bea80000)
  to   space 22016K, 0% used [0x00000007bea80000,0x00000007bea80000,0x00000007c0000000)
 ParOldGen       total 2252800K, used 337466K [0x00000006f8000000, 0x0000000781800000, 0x0000000781800000)
  object space 2252800K, 14% used [0x00000006f8000000,0x000000070c98e8a0,0x0000000781800000)
 Metaspace       used 187313K, capacity 195112K, committed 195264K, reserved 1220608K
  class space    used 22355K, capacity 23796K, committed 23808K, reserved 1048576K
2022-06-20T08:40:14.451+0800: 2386.744: [GC (Allocation Failure) [PSYoungGen: 986600K->21532K(975360K)] 1324066K->359102K(3228160K), 0.0173393 secs] [Times: user=0.06 sys=0.00, real=0.02 secs] 
Heap after GC invocations=197 (full 5):
 PSYoungGen      total 975360K, used 21532K [0x0000000781800000, 0x00000007c0000000, 0x00000007c0000000)
  eden space 953344K, 0% used [0x0000000781800000,0x0000000781800000,0x00000007bbb00000)
  from space 22016K, 97% used [0x00000007bea80000,0x00000007bff872d8,0x00000007c0000000)
  to   space 35328K, 0% used [0x00000007bbb00000,0x00000007bbb00000,0x00000007bdd80000)
 ParOldGen       total 2252800K, used 337570K [0x00000006f8000000, 0x0000000781800000, 0x0000000781800000)
  object space 2252800K, 14% used [0x00000006f8000000,0x000000070c9a88c0,0x0000000781800000)
 Metaspace       used 187313K, capacity 195112K, committed 195264K, reserved 1220608K
  class space    used 22355K, capacity 23796K, committed 23808K, reserved 1048576K
}
{Heap before GC invocations=198 (full 5):
 PSYoungGen      total 975360K, used 974876K [0x0000000781800000, 0x00000007c0000000, 0x00000007c0000000)
  eden space 953344K, 100% used [0x0000000781800000,0x00000007bbb00000,0x00000007bbb00000)
  from space 22016K, 97% used [0x00000007bea80000,0x00000007bff872d8,0x00000007c0000000)
  to   space 35328K, 0% used [0x00000007bbb00000,0x00000007bbb00000,0x00000007bdd80000)
 ParOldGen       total 2252800K, used 337570K [0x00000006f8000000, 0x0000000781800000, 0x0000000781800000)
  object space 2252800K, 14% used [0x00000006f8000000,0x000000070c9a88c0,0x0000000781800000)
 Metaspace       used 187368K, capacity 195182K, committed 195264K, reserved 1220608K
  class space    used 22361K, capacity 23797K, committed 23808K, reserved 1048576K
2022-06-20T08:40:26.289+0800: 2398.582: [GC (Allocation Failure) [PSYoungGen: 974876K->21571K(988672K)] 1312446K->359149K(3241472K), 0.0184776 secs] [Times: user=0.06 sys=0.01, real=0.02 secs] 
Heap after GC invocations=198 (full 5):
 PSYoungGen      total 988672K, used 21571K [0x0000000781800000, 0x00000007c0000000, 0x00000007c0000000)
  eden space 953344K, 0% used [0x0000000781800000,0x0000000781800000,0x00000007bbb00000)
  from space 35328K, 61% used [0x00000007bbb00000,0x00000007bd010f28,0x00000007bdd80000)
  to   space 34304K, 0% used [0x00000007bde80000,0x00000007bde80000,0x00000007c0000000)
 ParOldGen       total 2252800K, used 337578K [0x00000006f8000000, 0x0000000781800000, 0x0000000781800000)
  object space 2252800K, 14% used [0x00000006f8000000,0x000000070c9aa8c0,0x0000000781800000)
 Metaspace       used 187368K, capacity 195182K, committed 195264K, reserved 1220608K
  class space    used 22361K, capacity 23797K, committed 23808K, reserved 1048576K
}
{Heap before GC invocations=199 (full 5):
 PSYoungGen      total 988672K, used 974915K [0x0000000781800000, 0x00000007c0000000, 0x00000007c0000000)
  eden space 953344K, 100% used [0x0000000781800000,0x00000007bbb00000,0x00000007bbb00000)
  from space 35328K, 61% used [0x00000007bbb00000,0x00000007bd010f28,0x00000007bdd80000)
  to   space 34304K, 0% used [0x00000007bde80000,0x00000007bde80000,0x00000007c0000000)
 ParOldGen       total 2252800K, used 337578K [0x00000006f8000000, 0x0000000781800000, 0x0000000781800000)
  object space 2252800K, 14% used [0x00000006f8000000,0x000000070c9aa8c0,0x0000000781800000)
 Metaspace       used 187394K, capacity 195186K, committed 195264K, reserved 1220608K
  class space    used 22361K, capacity 23797K, committed 23808K, reserved 1048576K
2022-06-20T08:40:39.385+0800: 2411.678: [GC (Allocation Failure) [PSYoungGen: 974915K->21911K(990208K)] 1312493K->359533K(3243008K), 0.0162967 secs] [Times: user=0.04 sys=0.00, real=0.02 secs] 
Heap after GC invocations=199 (full 5):
 PSYoungGen      total 990208K, used 21911K [0x0000000781800000, 0x00000007c0000000, 0x00000007c0000000)
  eden space 955904K, 0% used [0x0000000781800000,0x0000000781800000,0x00000007bbd80000)
  from space 34304K, 63% used [0x00000007bde80000,0x00000007bf3e5d78,0x00000007c0000000)
  to   space 33792K, 0% used [0x00000007bbd80000,0x00000007bbd80000,0x00000007bde80000)
 ParOldGen       total 2252800K, used 337622K [0x00000006f8000000, 0x0000000781800000, 0x0000000781800000)
  object space 2252800K, 14% used [0x00000006f8000000,0x000000070c9b58e0,0x0000000781800000)
 Metaspace       used 187394K, capacity 195186K, committed 195264K, reserved 1220608K
  class space    used 22361K, capacity 23797K, committed 23808K, reserved 1048576K
}
{Heap before GC invocations=200 (full 5):
 PSYoungGen      total 990208K, used 977815K [0x0000000781800000, 0x00000007c0000000, 0x00000007c0000000)
  eden space 955904K, 100% used [0x0000000781800000,0x00000007bbd80000,0x00000007bbd80000)
  from space 34304K, 63% used [0x00000007bde80000,0x00000007bf3e5d78,0x00000007c0000000)
  to   space 33792K, 0% used [0x00000007bbd80000,0x00000007bbd80000,0x00000007bde80000)
 ParOldGen       total 2252800K, used 337622K [0x00000006f8000000, 0x0000000781800000, 0x0000000781800000)
  object space 2252800K, 14% used [0x00000006f8000000,0x000000070c9b58e0,0x0000000781800000)
 Metaspace       used 187400K, capacity 195186K, committed 195264K, reserved 1220608K
  class space    used 22361K, capacity 23797K, committed 23808K, reserved 1048576K
2022-06-20T08:40:49.897+0800: 2422.190: [GC (Allocation Failure) [PSYoungGen: 977815K->21653K(989696K)] 1315437K->359515K(3242496K), 0.0202674 secs] [Times: user=0.06 sys=0.00, real=0.02 secs] 
Heap after GC invocations=200 (full 5):
 PSYoungGen      total 989696K, used 21653K [0x0000000781800000, 0x00000007c0000000, 0x00000007c0000000)
  eden space 955904K, 0% used [0x0000000781800000,0x0000000781800000,0x00000007bbd80000)
  from space 33792K, 64% used [0x00000007bbd80000,0x00000007bd2a5588,0x00000007bde80000)
  to   space 32768K, 0% used [0x00000007be000000,0x00000007be000000,0x00000007c0000000)
 ParOldGen       total 2252800K, used 337862K [0x00000006f8000000, 0x0000000781800000, 0x0000000781800000)
  object space 2252800K, 14% used [0x00000006f8000000,0x000000070c9f18e0,0x0000000781800000)
 Metaspace       used 187400K, capacity 195186K, committed 195264K, reserved 1220608K
  class space    used 22361K, capacity 23797K, committed 23808K, reserved 1048576K
}
{Heap before GC invocations=201 (full 5):
 PSYoungGen      total 989696K, used 977557K [0x0000000781800000, 0x00000007c0000000, 0x00000007c0000000)
  eden space 955904K, 100% used [0x0000000781800000,0x00000007bbd80000,0x00000007bbd80000)
  from space 33792K, 64% used [0x00000007bbd80000,0x00000007bd2a5588,0x00000007bde80000)
  to   space 32768K, 0% used [0x00000007be000000,0x00000007be000000,0x00000007c0000000)
 ParOldGen       total 2252800K, used 337862K [0x00000006f8000000, 0x0000000781800000, 0x0000000781800000)
  object space 2252800K, 14% used [0x00000006f8000000,0x000000070c9f18e0,0x0000000781800000)
 Metaspace       used 187433K, capacity 195250K, committed 195264K, reserved 1220608K
  class space    used 22361K, capacity 23797K, committed 23808K, reserved 1048576K
2022-06-20T08:41:09.829+0800: 2442.122: [GC (Allocation Failure) [PSYoungGen: 977557K->21881K(991744K)] 1315419K->359978K(3244544K), 0.0191563 secs] [Times: user=0.06 sys=0.00, real=0.02 secs] 
Heap after GC invocations=201 (full 5):
 PSYoungGen      total 991744K, used 21881K [0x0000000781800000, 0x00000007c0000000, 0x00000007c0000000)
  eden space 958976K, 0% used [0x0000000781800000,0x0000000781800000,0x00000007bc080000)
  from space 32768K, 66% used [0x00000007be000000,0x00000007bf55e450,0x00000007c0000000)
  to   space 32256K, 0% used [0x00000007bc080000,0x00000007bc080000,0x00000007be000000)
 ParOldGen       total 2252800K, used 338097K [0x00000006f8000000, 0x0000000781800000, 0x0000000781800000)
  object space 2252800K, 15% used [0x00000006f8000000,0x000000070ca2c710,0x0000000781800000)
 Metaspace       used 187433K, capacity 195250K, committed 195264K, reserved 1220608K
  class space    used 22361K, capacity 23797K, committed 23808K, reserved 1048576K
}
{Heap before GC invocations=202 (full 5):
 PSYoungGen      total 991744K, used 980857K [0x0000000781800000, 0x00000007c0000000, 0x00000007c0000000)
  eden space 958976K, 100% used [0x0000000781800000,0x00000007bc080000,0x00000007bc080000)
  from space 32768K, 66% used [0x00000007be000000,0x00000007bf55e450,0x00000007c0000000)
  to   space 32256K, 0% used [0x00000007bc080000,0x00000007bc080000,0x00000007be000000)
 ParOldGen       total 2252800K, used 338097K [0x00000006f8000000, 0x0000000781800000, 0x0000000781800000)
  object space 2252800K, 15% used [0x00000006f8000000,0x000000070ca2c710,0x0000000781800000)
 Metaspace       used 187453K, capacity 195250K, committed 195264K, reserved 1220608K
  class space    used 22361K, capacity 23797K, committed 23808K, reserved 1048576K
2022-06-20T08:41:24.184+0800: 2456.477: [GC (Allocation Failure) [PSYoungGen: 980857K->21694K(991232K)] 1318954K->359824K(3244032K), 0.0205612 secs] [Times: user=0.06 sys=0.00, real=0.02 secs] 
Heap after GC invocations=202 (full 5):
 PSYoungGen      total 991232K, used 21694K [0x0000000781800000, 0x00000007c0000000, 0x00000007c0000000)
  eden space 958976K, 0% used [0x0000000781800000,0x0000000781800000,0x00000007bc080000)
  from space 32256K, 67% used [0x00000007bc080000,0x00000007bd5af9c8,0x00000007be000000)
  to   space 31232K, 0% used [0x00000007be180000,0x00000007be180000,0x00000007c0000000)
 ParOldGen       total 2252800K, used 338129K [0x00000006f8000000, 0x0000000781800000, 0x0000000781800000)
  object space 2252800K, 15% used [0x00000006f8000000,0x000000070ca34710,0x0000000781800000)
 Metaspace       used 187453K, capacity 195250K, committed 195264K, reserved 1220608K
  class space    used 22361K, capacity 23797K, committed 23808K, reserved 1048576K
}
{Heap before GC invocations=203 (full 5):
 PSYoungGen      total 991232K, used 980670K [0x0000000781800000, 0x00000007c0000000, 0x00000007c0000000)
  eden space 958976K, 100% used [0x0000000781800000,0x00000007bc080000,0x00000007bc080000)
  from space 32256K, 67% used [0x00000007bc080000,0x00000007bd5af9c8,0x00000007be000000)
  to   space 31232K, 0% used [0x00000007be180000,0x00000007be180000,0x00000007c0000000)
 ParOldGen       total 2252800K, used 338129K [0x00000006f8000000, 0x0000000781800000, 0x0000000781800000)
  object space 2252800K, 15% used [0x00000006f8000000,0x000000070ca34710,0x0000000781800000)
 Metaspace       used 187460K, capacity 195250K, committed 195264K, reserved 1220608K
  class space    used 22361K, capacity 23797K, committed 23808K, reserved 1048576K
2022-06-20T08:41:35.021+0800: 2467.313: [GC (Allocation Failure) [PSYoungGen: 980670K->22335K(993280K)] 1318800K->360504K(3246080K), 0.0207853 secs] [Times: user=0.06 sys=0.01, real=0.02 secs] 
Heap after GC invocations=203 (full 5):
 PSYoungGen      total 993280K, used 22335K [0x0000000781800000, 0x00000007c0000000, 0x00000007c0000000)
  eden space 962048K, 0% used [0x0000000781800000,0x0000000781800000,0x00000007bc380000)
  from space 31232K, 71% used [0x00000007be180000,0x00000007bf74fc28,0x00000007c0000000)
  to   space 30720K, 0% used [0x00000007bc380000,0x00000007bc380000,0x00000007be180000)
 ParOldGen       total 2252800K, used 338169K [0x00000006f8000000, 0x0000000781800000, 0x0000000781800000)
  object space 2252800K, 15% used [0x00000006f8000000,0x000000070ca3e720,0x0000000781800000)
 Metaspace       used 187460K, capacity 195250K, committed 195264K, reserved 1220608K
  class space    used 22361K, capacity 23797K, committed 23808K, reserved 1048576K
}
{Heap before GC invocations=204 (full 5):
 PSYoungGen      total 993280K, used 984383K [0x0000000781800000, 0x00000007c0000000, 0x00000007c0000000)
  eden space 962048K, 100% used [0x0000000781800000,0x00000007bc380000,0x00000007bc380000)
  from space 31232K, 71% used [0x00000007be180000,0x00000007bf74fc28,0x00000007c0000000)
  to   space 30720K, 0% used [0x00000007bc380000,0x00000007bc380000,0x00000007be180000)
 ParOldGen       total 2252800K, used 338169K [0x00000006f8000000, 0x0000000781800000, 0x0000000781800000)
  object space 2252800K, 15% used [0x00000006f8000000,0x000000070ca3e720,0x0000000781800000)
 Metaspace       used 187464K, capacity 195250K, committed 195264K, reserved 1220608K
  class space    used 22361K, capacity 23797K, committed 23808K, reserved 1048576K
2022-06-20T08:41:45.522+0800: 2477.815: [GC (Allocation Failure) [PSYoungGen: 984383K->21814K(992768K)] 1322552K->360368K(3245568K), 0.0216682 secs] [Times: user=0.06 sys=0.01, real=0.02 secs] 
Heap after GC invocations=204 (full 5):
 PSYoungGen      total 992768K, used 21814K [0x0000000781800000, 0x00000007c0000000, 0x00000007c0000000)
  eden space 962048K, 0% used [0x0000000781800000,0x0000000781800000,0x00000007bc380000)
  from space 30720K, 71% used [0x00000007bc380000,0x00000007bd8cda30,0x00000007be180000)
  to   space 30208K, 0% used [0x00000007be280000,0x00000007be280000,0x00000007c0000000)
 ParOldGen       total 2252800K, used 338553K [0x00000006f8000000, 0x0000000781800000, 0x0000000781800000)
  object space 2252800K, 15% used [0x00000006f8000000,0x000000070ca9e708,0x0000000781800000)
 Metaspace       used 187464K, capacity 195250K, committed 195264K, reserved 1220608K
  class space    used 22361K, capacity 23797K, committed 23808K, reserved 1048576K
}
{Heap before GC invocations=205 (full 5):
 PSYoungGen      total 992768K, used 983862K [0x0000000781800000, 0x00000007c0000000, 0x00000007c0000000)
  eden space 962048K, 100% used [0x0000000781800000,0x00000007bc380000,0x00000007bc380000)
  from space 30720K, 71% used [0x00000007bc380000,0x00000007bd8cda30,0x00000007be180000)
  to   space 30208K, 0% used [0x00000007be280000,0x00000007be280000,0x00000007c0000000)
 ParOldGen       total 2252800K, used 338553K [0x00000006f8000000, 0x0000000781800000, 0x0000000781800000)
  object space 2252800K, 15% used [0x00000006f8000000,0x000000070ca9e708,0x0000000781800000)
 Metaspace       used 187477K, capacity 195250K, committed 195264K, reserved 1220608K
  class space    used 22361K, capacity 23797K, committed 23808K, reserved 1048576K
2022-06-20T08:41:55.628+0800: 2487.920: [GC (Allocation Failure) [PSYoungGen: 983862K->21724K(994304K)] 1322416K->360485K(3247104K), 0.0223706 secs] [Times: user=0.06 sys=0.01, real=0.02 secs] 
Heap after GC invocations=205 (full 5):
 PSYoungGen      total 994304K, used 21724K [0x0000000781800000, 0x00000007c0000000, 0x00000007c0000000)
  eden space 964096K, 0% used [0x0000000781800000,0x0000000781800000,0x00000007bc580000)
  from space 30208K, 71% used [0x00000007be280000,0x00000007bf7b7228,0x00000007c0000000)
  to   space 29696K, 0% used [0x00000007bc580000,0x00000007bc580000,0x00000007be280000)
 ParOldGen       total 2252800K, used 338760K [0x00000006f8000000, 0x0000000781800000, 0x0000000781800000)
  object space 2252800K, 15% used [0x00000006f8000000,0x000000070cad23a8,0x0000000781800000)
 Metaspace       used 187477K, capacity 195250K, committed 195264K, reserved 1220608K
  class space    used 22361K, capacity 23797K, committed 23808K, reserved 1048576K
}
{Heap before GC invocations=206 (full 5):
 PSYoungGen      total 994304K, used 985820K [0x0000000781800000, 0x00000007c0000000, 0x00000007c0000000)
  eden space 964096K, 100% used [0x0000000781800000,0x00000007bc580000,0x00000007bc580000)
  from space 30208K, 71% used [0x00000007be280000,0x00000007bf7b7228,0x00000007c0000000)
  to   space 29696K, 0% used [0x00000007bc580000,0x00000007bc580000,0x00000007be280000)
 ParOldGen       total 2252800K, used 338760K [0x00000006f8000000, 0x0000000781800000, 0x0000000781800000)
  object space 2252800K, 15% used [0x00000006f8000000,0x000000070cad23a8,0x0000000781800000)
 Metaspace       used 187491K, capacity 195250K, committed 195264K, reserved 1220608K
  class space    used 22361K, capacity 23797K, committed 23808K, reserved 1048576K
2022-06-20T08:42:09.849+0800: 2502.142: [GC (Allocation Failure) [PSYoungGen: 985820K->21788K(993792K)] 1324581K->360608K(3246592K), 0.0114210 secs] [Times: user=0.04 sys=0.00, real=0.01 secs] 
Heap after GC invocations=206 (full 5):
 PSYoungGen      total 993792K, used 21788K [0x0000000781800000, 0x00000007c0000000, 0x00000007c0000000)
  eden space 964096K, 0% used [0x0000000781800000,0x0000000781800000,0x00000007bc580000)
  from space 29696K, 73% used [0x00000007bc580000,0x00000007bdac7208,0x00000007be280000)
  to   space 29184K, 0% used [0x00000007be380000,0x00000007be380000,0x00000007c0000000)
 ParOldGen       total 2252800K, used 338820K [0x00000006f8000000, 0x0000000781800000, 0x0000000781800000)
  object space 2252800K, 15% used [0x00000006f8000000,0x000000070cae10b0,0x0000000781800000)
 Metaspace       used 187491K, capacity 195250K, committed 195264K, reserved 1220608K
  class space    used 22361K, capacity 23797K, committed 23808K, reserved 1048576K
}
{Heap before GC invocations=207 (full 5):
 PSYoungGen      total 993792K, used 985884K [0x0000000781800000, 0x00000007c0000000, 0x00000007c0000000)
  eden space 964096K, 100% used [0x0000000781800000,0x00000007bc580000,0x00000007bc580000)
  from space 29696K, 73% used [0x00000007bc580000,0x00000007bdac7208,0x00000007be280000)
  to   space 29184K, 0% used [0x00000007be380000,0x00000007be380000,0x00000007c0000000)
 ParOldGen       total 2252800K, used 338820K [0x00000006f8000000, 0x0000000781800000, 0x0000000781800000)
  object space 2252800K, 15% used [0x00000006f8000000,0x000000070cae10b0,0x0000000781800000)
 Metaspace       used 187491K, capacity 195250K, committed 195264K, reserved 1220608K
  class space    used 22361K, capacity 23797K, committed 23808K, reserved 1048576K
2022-06-20T08:42:22.724+0800: 2515.017: [GC (Allocation Failure) [PSYoungGen: 985884K->21288K(995840K)] 1324704K->360141K(3248640K), 0.0120111 secs] [Times: user=0.04 sys=0.00, real=0.01 secs] 
Heap after GC invocations=207 (full 5):
 PSYoungGen      total 995840K, used 21288K [0x0000000781800000, 0x00000007c0000000, 0x00000007c0000000)
  eden space 966656K, 0% used [0x0000000781800000,0x0000000781800000,0x00000007bc800000)
  from space 29184K, 72% used [0x00000007be380000,0x00000007bf84a380,0x00000007c0000000)
  to   space 28160K, 0% used [0x00000007bc800000,0x00000007bc800000,0x00000007be380000)
 ParOldGen       total 2252800K, used 338852K [0x00000006f8000000, 0x0000000781800000, 0x0000000781800000)
  object space 2252800K, 15% used [0x00000006f8000000,0x000000070cae90b0,0x0000000781800000)
 Metaspace       used 187491K, capacity 195250K, committed 195264K, reserved 1220608K
  class space    used 22361K, capacity 23797K, committed 23808K, reserved 1048576K
}
{Heap before GC invocations=208 (full 5):
 PSYoungGen      total 995840K, used 987944K [0x0000000781800000, 0x00000007c0000000, 0x00000007c0000000)
  eden space 966656K, 100% used [0x0000000781800000,0x00000007bc800000,0x00000007bc800000)
  from space 29184K, 72% used [0x00000007be380000,0x00000007bf84a380,0x00000007c0000000)
  to   space 28160K, 0% used [0x00000007bc800000,0x00000007bc800000,0x00000007be380000)
 ParOldGen       total 2252800K, used 338852K [0x00000006f8000000, 0x0000000781800000, 0x0000000781800000)
  object space 2252800K, 15% used [0x00000006f8000000,0x000000070cae90b0,0x0000000781800000)
 Metaspace       used 187521K, capacity 195314K, committed 195520K, reserved 1220608K
  class space    used 22361K, capacity 23797K, committed 23808K, reserved 1048576K
2022-06-20T08:42:37.419+0800: 2529.712: [GC (Allocation Failure) [PSYoungGen: 987944K->21464K(994816K)] 1326797K->360468K(3247616K), 0.0246764 secs] [Times: user=0.07 sys=0.02, real=0.02 secs] 
Heap after GC invocations=208 (full 5):
 PSYoungGen      total 994816K, used 21464K [0x0000000781800000, 0x00000007c0000000, 0x00000007c0000000)
  eden space 966656K, 0% used [0x0000000781800000,0x0000000781800000,0x00000007bc800000)
  from space 28160K, 76% used [0x00000007bc800000,0x00000007bdcf6150,0x00000007be380000)
  to   space 27648K, 0% used [0x00000007be500000,0x00000007be500000,0x00000007c0000000)
 ParOldGen       total 2252800K, used 339004K [0x00000006f8000000, 0x0000000781800000, 0x0000000781800000)
  object space 2252800K, 15% used [0x00000006f8000000,0x000000070cb0f0e0,0x0000000781800000)
 Metaspace       used 187521K, capacity 195314K, committed 195520K, reserved 1220608K
  class space    used 22361K, capacity 23797K, committed 23808K, reserved 1048576K
}
{Heap before GC invocations=209 (full 5):
 PSYoungGen      total 994816K, used 988120K [0x0000000781800000, 0x00000007c0000000, 0x00000007c0000000)
  eden space 966656K, 100% used [0x0000000781800000,0x00000007bc800000,0x00000007bc800000)
  from space 28160K, 76% used [0x00000007bc800000,0x00000007bdcf6150,0x00000007be380000)
  to   space 27648K, 0% used [0x00000007be500000,0x00000007be500000,0x00000007c0000000)
 ParOldGen       total 2252800K, used 339004K [0x00000006f8000000, 0x0000000781800000, 0x0000000781800000)
  object space 2252800K, 15% used [0x00000006f8000000,0x000000070cb0f0e0,0x0000000781800000)
 Metaspace       used 187531K, capacity 195314K, committed 195520K, reserved 1220608K
  class space    used 22361K, capacity 23797K, committed 23808K, reserved 1048576K
2022-06-20T08:43:00.871+0800: 2553.164: [GC (Allocation Failure) [PSYoungGen: 988120K->21022K(996864K)] 1327124K->360458K(3249664K), 0.0192977 secs] [Times: user=0.06 sys=0.00, real=0.02 secs] 
Heap after GC invocations=209 (full 5):
 PSYoungGen      total 996864K, used 21022K [0x0000000781800000, 0x00000007c0000000, 0x00000007c0000000)
  eden space 969216K, 0% used [0x0000000781800000,0x0000000781800000,0x00000007bca80000)
  from space 27648K, 76% used [0x00000007be500000,0x00000007bf987830,0x00000007c0000000)
  to   space 27136K, 0% used [0x00000007bca80000,0x00000007bca80000,0x00000007be500000)
 ParOldGen       total 2252800K, used 339436K [0x00000006f8000000, 0x0000000781800000, 0x0000000781800000)
  object space 2252800K, 15% used [0x00000006f8000000,0x000000070cb7b380,0x0000000781800000)
 Metaspace       used 187531K, capacity 195314K, committed 195520K, reserved 1220608K
  class space    used 22361K, capacity 23797K, committed 23808K, reserved 1048576K
}
{Heap before GC invocations=210 (full 5):
 PSYoungGen      total 996864K, used 990238K [0x0000000781800000, 0x00000007c0000000, 0x00000007c0000000)
  eden space 969216K, 100% used [0x0000000781800000,0x00000007bca80000,0x00000007bca80000)
  from space 27648K, 76% used [0x00000007be500000,0x00000007bf987830,0x00000007c0000000)
  to   space 27136K, 0% used [0x00000007bca80000,0x00000007bca80000,0x00000007be500000)
 ParOldGen       total 2252800K, used 339436K [0x00000006f8000000, 0x0000000781800000, 0x0000000781800000)
  object space 2252800K, 15% used [0x00000006f8000000,0x000000070cb7b380,0x0000000781800000)
 Metaspace       used 187538K, capacity 195314K, committed 195520K, reserved 1220608K
  class space    used 22361K, capacity 23797K, committed 23808K, reserved 1048576K
2022-06-20T08:43:12.976+0800: 2565.269: [GC (Allocation Failure) [PSYoungGen: 990238K->20217K(996352K)] 1329674K->360742K(3249152K), 0.0172873 secs] [Times: user=0.05 sys=0.00, real=0.01 secs] 
Heap after GC invocations=210 (full 5):
 PSYoungGen      total 996352K, used 20217K [0x0000000781800000, 0x00000007c0000000, 0x00000007c0000000)
  eden space 969216K, 0% used [0x0000000781800000,0x0000000781800000,0x00000007bca80000)
  from space 27136K, 74% used [0x00000007bca80000,0x00000007bde3e7d8,0x00000007be500000)
  to   space 26624K, 0% used [0x00000007be600000,0x00000007be600000,0x00000007c0000000)
 ParOldGen       total 2252800K, used 340524K [0x00000006f8000000, 0x0000000781800000, 0x0000000781800000)
  object space 2252800K, 15% used [0x00000006f8000000,0x000000070cc8b380,0x0000000781800000)
 Metaspace       used 187538K, capacity 195314K, committed 195520K, reserved 1220608K
  class space    used 22361K, capacity 23797K, committed 23808K, reserved 1048576K
}
{Heap before GC invocations=211 (full 5):
 PSYoungGen      total 996352K, used 989433K [0x0000000781800000, 0x00000007c0000000, 0x00000007c0000000)
  eden space 969216K, 100% used [0x0000000781800000,0x00000007bca80000,0x00000007bca80000)
  from space 27136K, 74% used [0x00000007bca80000,0x00000007bde3e7d8,0x00000007be500000)
  to   space 26624K, 0% used [0x00000007be600000,0x00000007be600000,0x00000007c0000000)
 ParOldGen       total 2252800K, used 340524K [0x00000006f8000000, 0x0000000781800000, 0x0000000781800000)
  object space 2252800K, 15% used [0x00000006f8000000,0x000000070cc8b380,0x0000000781800000)
 Metaspace       used 187571K, capacity 195386K, committed 195520K, reserved 1220608K
  class space    used 22365K, capacity 23801K, committed 23808K, reserved 1048576K
2022-06-20T08:43:33.609+0800: 2585.902: [GC (Allocation Failure) [PSYoungGen: 989433K->12537K(995328K)] 1329958K->359981K(3248128K), 0.0210265 secs] [Times: user=0.06 sys=0.00, real=0.02 secs] 
Heap after GC invocations=211 (full 5):
 PSYoungGen      total 995328K, used 12537K [0x0000000781800000, 0x00000007c0000000, 0x00000007c0000000)
  eden space 968704K, 0% used [0x0000000781800000,0x0000000781800000,0x00000007bca00000)
  from space 26624K, 47% used [0x00000007be600000,0x00000007bf23e5e8,0x00000007c0000000)
  to   space 27648K, 0% used [0x00000007bca00000,0x00000007bca00000,0x00000007be500000)
 ParOldGen       total 2252800K, used 347444K [0x00000006f8000000, 0x0000000781800000, 0x0000000781800000)
  object space 2252800K, 15% used [0x00000006f8000000,0x000000070d34d1b0,0x0000000781800000)
 Metaspace       used 187571K, capacity 195386K, committed 195520K, reserved 1220608K
  class space    used 22365K, capacity 23801K, committed 23808K, reserved 1048576K
}
{Heap before GC invocations=212 (full 5):
 PSYoungGen      total 995328K, used 981241K [0x0000000781800000, 0x00000007c0000000, 0x00000007c0000000)
  eden space 968704K, 100% used [0x0000000781800000,0x00000007bca00000,0x00000007bca00000)
  from space 26624K, 47% used [0x00000007be600000,0x00000007bf23e5e8,0x00000007c0000000)
  to   space 27648K, 0% used [0x00000007bca00000,0x00000007bca00000,0x00000007be500000)
 ParOldGen       total 2252800K, used 347444K [0x00000006f8000000, 0x0000000781800000, 0x0000000781800000)
  object space 2252800K, 15% used [0x00000006f8000000,0x000000070d34d1b0,0x0000000781800000)
 Metaspace       used 187578K, capacity 195390K, committed 195520K, reserved 1220608K
  class space    used 22366K, capacity 23801K, committed 23808K, reserved 1048576K
2022-06-20T08:43:50.263+0800: 2602.556: [GC (Allocation Failure) [PSYoungGen: 981241K->12440K(981504K)] 1328685K->360174K(3234304K), 0.0180033 secs] [Times: user=0.04 sys=0.01, real=0.02 secs] 
Heap after GC invocations=212 (full 5):
 PSYoungGen      total 981504K, used 12440K [0x0000000781800000, 0x00000007c0000000, 0x00000007c0000000)
  eden space 968704K, 0% used [0x0000000781800000,0x0000000781800000,0x00000007bca00000)
  from space 12800K, 97% used [0x00000007bca00000,0x00000007bd626168,0x00000007bd680000)
  to   space 28160K, 0% used [0x00000007be480000,0x00000007be480000,0x00000007c0000000)
 ParOldGen       total 2252800K, used 347733K [0x00000006f8000000, 0x0000000781800000, 0x0000000781800000)
  object space 2252800K, 15% used [0x00000006f8000000,0x000000070d3957c8,0x0000000781800000)
 Metaspace       used 187578K, capacity 195390K, committed 195520K, reserved 1220608K
  class space    used 22366K, capacity 23801K, committed 23808K, reserved 1048576K
}
{Heap before GC invocations=213 (full 5):
 PSYoungGen      total 981504K, used 981144K [0x0000000781800000, 0x00000007c0000000, 0x00000007c0000000)
  eden space 968704K, 100% used [0x0000000781800000,0x00000007bca00000,0x00000007bca00000)
  from space 12800K, 97% used [0x00000007bca00000,0x00000007bd626168,0x00000007bd680000)
  to   space 28160K, 0% used [0x00000007be480000,0x00000007be480000,0x00000007c0000000)
 ParOldGen       total 2252800K, used 347733K [0x00000006f8000000, 0x0000000781800000, 0x0000000781800000)
  object space 2252800K, 15% used [0x00000006f8000000,0x000000070d3957c8,0x0000000781800000)
 Metaspace       used 187620K, capacity 195456K, committed 195648K, reserved 1220608K
  class space    used 22372K, capacity 23812K, committed 23936K, reserved 1048576K
2022-06-20T08:44:07.710+0800: 2620.003: [GC (Allocation Failure) [PSYoungGen: 981144K->12344K(994816K)] 1328878K->360372K(3247616K), 0.0192438 secs] [Times: user=0.05 sys=0.00, real=0.02 secs] 
Heap after GC invocations=213 (full 5):
 PSYoungGen      total 994816K, used 12344K [0x0000000781800000, 0x00000007c0000000, 0x00000007c0000000)
  eden space 966656K, 0% used [0x0000000781800000,0x0000000781800000,0x00000007bc800000)
  from space 28160K, 43% used [0x00000007be480000,0x00000007bf08e178,0x00000007c0000000)
  to   space 28672K, 0% used [0x00000007bc800000,0x00000007bc800000,0x00000007be400000)
 ParOldGen       total 2252800K, used 348028K [0x00000006f8000000, 0x0000000781800000, 0x0000000781800000)
  object space 2252800K, 15% used [0x00000006f8000000,0x000000070d3df238,0x0000000781800000)
 Metaspace       used 187620K, capacity 195456K, committed 195648K, reserved 1220608K
  class space    used 22372K, capacity 23812K, committed 23936K, reserved 1048576K
}
{Heap before GC invocations=214 (full 5):
 PSYoungGen      total 994816K, used 979000K [0x0000000781800000, 0x00000007c0000000, 0x00000007c0000000)
  eden space 966656K, 100% used [0x0000000781800000,0x00000007bc800000,0x00000007bc800000)
  from space 28160K, 43% used [0x00000007be480000,0x00000007bf08e178,0x00000007c0000000)
  to   space 28672K, 0% used [0x00000007bc800000,0x00000007bc800000,0x00000007be400000)
 ParOldGen       total 2252800K, used 348028K [0x00000006f8000000, 0x0000000781800000, 0x0000000781800000)
  object space 2252800K, 15% used [0x00000006f8000000,0x000000070d3df238,0x0000000781800000)
 Metaspace       used 187621K, capacity 195456K, committed 195648K, reserved 1220608K
  class space    used 22372K, capacity 23812K, committed 23936K, reserved 1048576K
2022-06-20T08:44:19.577+0800: 2631.870: [GC (Allocation Failure) [PSYoungGen: 979000K->12105K(995328K)] 1327028K->360171K(3248128K), 0.0136335 secs] [Times: user=0.04 sys=0.00, real=0.01 secs] 
Heap after GC invocations=214 (full 5):
 PSYoungGen      total 995328K, used 12105K [0x0000000781800000, 0x00000007c0000000, 0x00000007c0000000)
  eden space 966656K, 0% used [0x0000000781800000,0x0000000781800000,0x00000007bc800000)
  from space 28672K, 42% used [0x00000007bc800000,0x00000007bd3d24b0,0x00000007be400000)
  to   space 28672K, 0% used [0x00000007be400000,0x00000007be400000,0x00000007c0000000)
 ParOldGen       total 2252800K, used 348066K [0x00000006f8000000, 0x0000000781800000, 0x0000000781800000)
  object space 2252800K, 15% used [0x00000006f8000000,0x000000070d3e88a0,0x0000000781800000)
 Metaspace       used 187621K, capacity 195456K, committed 195648K, reserved 1220608K
  class space    used 22372K, capacity 23812K, committed 23936K, reserved 1048576K
}
{Heap before GC invocations=215 (full 5):
 PSYoungGen      total 995328K, used 978761K [0x0000000781800000, 0x00000007c0000000, 0x00000007c0000000)
  eden space 966656K, 100% used [0x0000000781800000,0x00000007bc800000,0x00000007bc800000)
  from space 28672K, 42% used [0x00000007bc800000,0x00000007bd3d24b0,0x00000007be400000)
  to   space 28672K, 0% used [0x00000007be400000,0x00000007be400000,0x00000007c0000000)
 ParOldGen       total 2252800K, used 348066K [0x00000006f8000000, 0x0000000781800000, 0x0000000781800000)
  object space 2252800K, 15% used [0x00000006f8000000,0x000000070d3e88a0,0x0000000781800000)
 Metaspace       used 187622K, capacity 195456K, committed 195648K, reserved 1220608K
  class space    used 22372K, capacity 23812K, committed 23936K, reserved 1048576K
2022-06-20T08:44:30.990+0800: 2643.283: [GC (Allocation Failure) [PSYoungGen: 978761K->12009K(995328K)] 1326827K->360107K(3248128K), 0.0152366 secs] [Times: user=0.04 sys=0.00, real=0.01 secs] 
Heap after GC invocations=215 (full 5):
 PSYoungGen      total 995328K, used 12009K [0x0000000781800000, 0x00000007c0000000, 0x00000007c0000000)
  eden space 966656K, 0% used [0x0000000781800000,0x0000000781800000,0x00000007bc800000)
  from space 28672K, 41% used [0x00000007be400000,0x00000007befba4b0,0x00000007c0000000)
  to   space 28672K, 0% used [0x00000007bc800000,0x00000007bc800000,0x00000007be400000)
 ParOldGen       total 2252800K, used 348098K [0x00000006f8000000, 0x0000000781800000, 0x0000000781800000)
  object space 2252800K, 15% used [0x00000006f8000000,0x000000070d3f08a0,0x0000000781800000)
 Metaspace       used 187622K, capacity 195456K, committed 195648K, reserved 1220608K
  class space    used 22372K, capacity 23812K, committed 23936K, reserved 1048576K
}
{Heap before GC invocations=216 (full 5):
 PSYoungGen      total 995328K, used 978665K [0x0000000781800000, 0x00000007c0000000, 0x00000007c0000000)
  eden space 966656K, 100% used [0x0000000781800000,0x00000007bc800000,0x00000007bc800000)
  from space 28672K, 41% used [0x00000007be400000,0x00000007befba4b0,0x00000007c0000000)
  to   space 28672K, 0% used [0x00000007bc800000,0x00000007bc800000,0x00000007be400000)
 ParOldGen       total 2252800K, used 348098K [0x00000006f8000000, 0x0000000781800000, 0x0000000781800000)
  object space 2252800K, 15% used [0x00000006f8000000,0x000000070d3f08a0,0x0000000781800000)
 Metaspace       used 187628K, capacity 195456K, committed 195648K, reserved 1220608K
  class space    used 22372K, capacity 23812K, committed 23936K, reserved 1048576K
2022-06-20T08:44:56.600+0800: 2668.893: [GC (Allocation Failure) [PSYoungGen: 978665K->11944K(995328K)] 1326763K->360374K(3248128K), 0.0112612 secs] [Times: user=0.03 sys=0.00, real=0.01 secs] 
Heap after GC invocations=216 (full 5):
 PSYoungGen      total 995328K, used 11944K [0x0000000781800000, 0x00000007c0000000, 0x00000007c0000000)
  eden space 966656K, 0% used [0x0000000781800000,0x0000000781800000,0x00000007bc800000)
  from space 28672K, 41% used [0x00000007bc800000,0x00000007bd3aa078,0x00000007be400000)
  to   space 28672K, 0% used [0x00000007be400000,0x00000007be400000,0x00000007c0000000)
 ParOldGen       total 2252800K, used 348430K [0x00000006f8000000, 0x0000000781800000, 0x0000000781800000)
  object space 2252800K, 15% used [0x00000006f8000000,0x000000070d443998,0x0000000781800000)
 Metaspace       used 187628K, capacity 195456K, committed 195648K, reserved 1220608K
  class space    used 22372K, capacity 23812K, committed 23936K, reserved 1048576K
}
{Heap before GC invocations=217 (full 5):
 PSYoungGen      total 995328K, used 978600K [0x0000000781800000, 0x00000007c0000000, 0x00000007c0000000)
  eden space 966656K, 100% used [0x0000000781800000,0x00000007bc800000,0x00000007bc800000)
  from space 28672K, 41% used [0x00000007bc800000,0x00000007bd3aa078,0x00000007be400000)
  to   space 28672K, 0% used [0x00000007be400000,0x00000007be400000,0x00000007c0000000)
 ParOldGen       total 2252800K, used 348430K [0x00000006f8000000, 0x0000000781800000, 0x0000000781800000)
  object space 2252800K, 15% used [0x00000006f8000000,0x000000070d443998,0x0000000781800000)
 Metaspace       used 187648K, capacity 195464K, committed 195648K, reserved 1220608K
  class space    used 22372K, capacity 23812K, committed 23936K, reserved 1048576K
2022-06-20T08:45:18.522+0800: 2690.815: [GC (Allocation Failure) [PSYoungGen: 978600K->11683K(995840K)] 1327030K->360210K(3248640K), 0.0146181 secs] [Times: user=0.05 sys=0.00, real=0.02 secs] 
Heap after GC invocations=217 (full 5):
 PSYoungGen      total 995840K, used 11683K [0x0000000781800000, 0x00000007c0000000, 0x00000007c0000000)
  eden space 967168K, 0% used [0x0000000781800000,0x0000000781800000,0x00000007bc880000)
  from space 28672K, 40% used [0x00000007be400000,0x00000007bef68f58,0x00000007c0000000)
  to   space 28160K, 0% used [0x00000007bc880000,0x00000007bc880000,0x00000007be400000)
 ParOldGen       total 2252800K, used 348526K [0x00000006f8000000, 0x0000000781800000, 0x0000000781800000)
  object space 2252800K, 15% used [0x00000006f8000000,0x000000070d45b9b8,0x0000000781800000)
 Metaspace       used 187648K, capacity 195464K, committed 195648K, reserved 1220608K
  class space    used 22372K, capacity 23812K, committed 23936K, reserved 1048576K
}
{Heap before GC invocations=218 (full 5):
 PSYoungGen      total 995840K, used 978851K [0x0000000781800000, 0x00000007c0000000, 0x00000007c0000000)
  eden space 967168K, 100% used [0x0000000781800000,0x00000007bc880000,0x00000007bc880000)
  from space 28672K, 40% used [0x00000007be400000,0x00000007bef68f58,0x00000007c0000000)
  to   space 28160K, 0% used [0x00000007bc880000,0x00000007bc880000,0x00000007be400000)
 ParOldGen       total 2252800K, used 348526K [0x00000006f8000000, 0x0000000781800000, 0x0000000781800000)
  object space 2252800K, 15% used [0x00000006f8000000,0x000000070d45b9b8,0x0000000781800000)
 Metaspace       used 187649K, capacity 195464K, committed 195648K, reserved 1220608K
  class space    used 22372K, capacity 23812K, committed 23936K, reserved 1048576K
2022-06-20T08:45:38.421+0800: 2710.714: [GC (Allocation Failure) [PSYoungGen: 978851K->12496K(995328K)] 1327378K->361171K(3248128K), 0.0182062 secs] [Times: user=0.05 sys=0.00, real=0.02 secs] 
Heap after GC invocations=218 (full 5):
 PSYoungGen      total 995328K, used 12496K [0x0000000781800000, 0x00000007c0000000, 0x00000007c0000000)
  eden space 967168K, 0% used [0x0000000781800000,0x0000000781800000,0x00000007bc880000)
  from space 28160K, 44% used [0x00000007bc880000,0x00000007bd4b41c8,0x00000007be400000)
  to   space 27648K, 0% used [0x00000007be500000,0x00000007be500000,0x00000007c0000000)
 ParOldGen       total 2252800K, used 348675K [0x00000006f8000000, 0x0000000781800000, 0x0000000781800000)
  object space 2252800K, 15% used [0x00000006f8000000,0x000000070d480cf8,0x0000000781800000)
 Metaspace       used 187649K, capacity 195464K, committed 195648K, reserved 1220608K
  class space    used 22372K, capacity 23812K, committed 23936K, reserved 1048576K
}
{Heap before GC invocations=219 (full 5):
 PSYoungGen      total 995328K, used 979664K [0x0000000781800000, 0x00000007c0000000, 0x00000007c0000000)
  eden space 967168K, 100% used [0x0000000781800000,0x00000007bc880000,0x00000007bc880000)
  from space 28160K, 44% used [0x00000007bc880000,0x00000007bd4b41c8,0x00000007be400000)
  to   space 27648K, 0% used [0x00000007be500000,0x00000007be500000,0x00000007c0000000)
 ParOldGen       total 2252800K, used 348675K [0x00000006f8000000, 0x0000000781800000, 0x0000000781800000)
  object space 2252800K, 15% used [0x00000006f8000000,0x000000070d480cf8,0x0000000781800000)
 Metaspace       used 187649K, capacity 195464K, committed 195648K, reserved 1220608K
  class space    used 22372K, capacity 23812K, committed 23936K, reserved 1048576K
2022-06-20T08:46:05.216+0800: 2737.509: [GC (Allocation Failure) [PSYoungGen: 979664K->12401K(996864K)] 1328339K->361084K(3249664K), 0.0190986 secs] [Times: user=0.05 sys=0.00, real=0.01 secs] 
Heap after GC invocations=219 (full 5):
 PSYoungGen      total 996864K, used 12401K [0x0000000781800000, 0x00000007c0000000, 0x00000007c0000000)
  eden space 969216K, 0% used [0x0000000781800000,0x0000000781800000,0x00000007bca80000)
  from space 27648K, 44% used [0x00000007be500000,0x00000007bf11c5a0,0x00000007c0000000)
  to   space 27136K, 0% used [0x00000007bca80000,0x00000007bca80000,0x00000007be500000)
 ParOldGen       total 2252800K, used 348683K [0x00000006f8000000, 0x0000000781800000, 0x0000000781800000)
  object space 2252800K, 15% used [0x00000006f8000000,0x000000070d482cf8,0x0000000781800000)
 Metaspace       used 187649K, capacity 195464K, committed 195648K, reserved 1220608K
  class space    used 22372K, capacity 23812K, committed 23936K, reserved 1048576K
}
{Heap before GC invocations=220 (full 5):
 PSYoungGen      total 996864K, used 981617K [0x0000000781800000, 0x00000007c0000000, 0x00000007c0000000)
  eden space 969216K, 100% used [0x0000000781800000,0x00000007bca80000,0x00000007bca80000)
  from space 27648K, 44% used [0x00000007be500000,0x00000007bf11c5a0,0x00000007c0000000)
  to   space 27136K, 0% used [0x00000007bca80000,0x00000007bca80000,0x00000007be500000)
 ParOldGen       total 2252800K, used 348683K [0x00000006f8000000, 0x0000000781800000, 0x0000000781800000)
  object space 2252800K, 15% used [0x00000006f8000000,0x000000070d482cf8,0x0000000781800000)
 Metaspace       used 187651K, capacity 195464K, committed 195648K, reserved 1220608K
  class space    used 22372K, capacity 23812K, committed 23936K, reserved 1048576K
2022-06-20T08:46:20.619+0800: 2752.912: [GC (Allocation Failure) [PSYoungGen: 981617K->12119K(996352K)] 1330300K->360826K(3249152K), 0.0204930 secs] [Times: user=0.04 sys=0.01, real=0.02 secs] 
Heap after GC invocations=220 (full 5):
 PSYoungGen      total 996352K, used 12119K [0x0000000781800000, 0x00000007c0000000, 0x00000007c0000000)
  eden space 969216K, 0% used [0x0000000781800000,0x0000000781800000,0x00000007bca80000)
  from space 27136K, 44% used [0x00000007bca80000,0x00000007bd655c70,0x00000007be500000)
  to   space 26624K, 0% used [0x00000007be600000,0x00000007be600000,0x00000007c0000000)
 ParOldGen       total 2252800K, used 348707K [0x00000006f8000000, 0x0000000781800000, 0x0000000781800000)
  object space 2252800K, 15% used [0x00000006f8000000,0x000000070d488cf8,0x0000000781800000)
 Metaspace       used 187651K, capacity 195464K, committed 195648K, reserved 1220608K
  class space    used 22372K, capacity 23812K, committed 23936K, reserved 1048576K
}
{Heap before GC invocations=221 (full 5):
 PSYoungGen      total 996352K, used 981335K [0x0000000781800000, 0x00000007c0000000, 0x00000007c0000000)
  eden space 969216K, 100% used [0x0000000781800000,0x00000007bca80000,0x00000007bca80000)
  from space 27136K, 44% used [0x00000007bca80000,0x00000007bd655c70,0x00000007be500000)
  to   space 26624K, 0% used [0x00000007be600000,0x00000007be600000,0x00000007c0000000)
 ParOldGen       total 2252800K, used 348707K [0x00000006f8000000, 0x0000000781800000, 0x0000000781800000)
  object space 2252800K, 15% used [0x00000006f8000000,0x000000070d488cf8,0x0000000781800000)
 Metaspace       used 187670K, capacity 195528K, committed 195904K, reserved 1220608K
  class space    used 22372K, capacity 23812K, committed 23936K, reserved 1048576K
2022-06-20T08:46:41.609+0800: 2773.902: [GC (Allocation Failure) [PSYoungGen: 981335K->12026K(997888K)] 1330042K->360765K(3250688K), 0.0141242 secs] [Times: user=0.04 sys=0.00, real=0.01 secs] 
Heap after GC invocations=221 (full 5):
 PSYoungGen      total 997888K, used 12026K [0x0000000781800000, 0x00000007c0000000, 0x00000007c0000000)
  eden space 971264K, 0% used [0x0000000781800000,0x0000000781800000,0x00000007bcc80000)
  from space 26624K, 45% used [0x00000007be600000,0x00000007bf1bea50,0x00000007c0000000)
  to   space 26112K, 0% used [0x00000007bcc80000,0x00000007bcc80000,0x00000007be600000)
 ParOldGen       total 2252800K, used 348739K [0x00000006f8000000, 0x0000000781800000, 0x0000000781800000)
  object space 2252800K, 15% used [0x00000006f8000000,0x000000070d490cf8,0x0000000781800000)
 Metaspace       used 187670K, capacity 195528K, committed 195904K, reserved 1220608K
  class space    used 22372K, capacity 23812K, committed 23936K, reserved 1048576K
}
{Heap before GC invocations=222 (full 5):
 PSYoungGen      total 997888K, used 983290K [0x0000000781800000, 0x00000007c0000000, 0x00000007c0000000)
  eden space 971264K, 100% used [0x0000000781800000,0x00000007bcc80000,0x00000007bcc80000)
  from space 26624K, 45% used [0x00000007be600000,0x00000007bf1bea50,0x00000007c0000000)
  to   space 26112K, 0% used [0x00000007bcc80000,0x00000007bcc80000,0x00000007be600000)
 ParOldGen       total 2252800K, used 348739K [0x00000006f8000000, 0x0000000781800000, 0x0000000781800000)
  object space 2252800K, 15% used [0x00000006f8000000,0x000000070d490cf8,0x0000000781800000)
 Metaspace       used 187671K, capacity 195528K, committed 195904K, reserved 1220608K
  class space    used 22372K, capacity 23812K, committed 23936K, reserved 1048576K
2022-06-20T08:46:54.946+0800: 2787.239: [GC (Allocation Failure) [PSYoungGen: 983290K->12199K(997376K)] 1332029K->360946K(3250176K), 0.0167457 secs] [Times: user=0.04 sys=0.00, real=0.01 secs] 
Heap after GC invocations=222 (full 5):
 PSYoungGen      total 997376K, used 12199K [0x0000000781800000, 0x00000007c0000000, 0x00000007c0000000)
  eden space 971264K, 0% used [0x0000000781800000,0x0000000781800000,0x00000007bcc80000)
  from space 26112K, 46% used [0x00000007bcc80000,0x00000007bd869c40,0x00000007be600000)
  to   space 25600K, 0% used [0x00000007be700000,0x00000007be700000,0x00000007c0000000)
 ParOldGen       total 2252800K, used 348747K [0x00000006f8000000, 0x0000000781800000, 0x0000000781800000)
  object space 2252800K, 15% used [0x00000006f8000000,0x000000070d492cf8,0x0000000781800000)
 Metaspace       used 187671K, capacity 195528K, committed 195904K, reserved 1220608K
  class space    used 22372K, capacity 23812K, committed 23936K, reserved 1048576K
}
{Heap before GC invocations=223 (full 5):
 PSYoungGen      total 997376K, used 983463K [0x0000000781800000, 0x00000007c0000000, 0x00000007c0000000)
  eden space 971264K, 100% used [0x0000000781800000,0x00000007bcc80000,0x00000007bcc80000)
  from space 26112K, 46% used [0x00000007bcc80000,0x00000007bd869c40,0x00000007be600000)
  to   space 25600K, 0% used [0x00000007be700000,0x00000007be700000,0x00000007c0000000)
 ParOldGen       total 2252800K, used 348747K [0x00000006f8000000, 0x0000000781800000, 0x0000000781800000)
  object space 2252800K, 15% used [0x00000006f8000000,0x000000070d492cf8,0x0000000781800000)
 Metaspace       used 187759K, capacity 195598K, committed 195904K, reserved 1220608K
  class space    used 22376K, capacity 23813K, committed 23936K, reserved 1048576K
2022-06-20T08:47:15.117+0800: 2807.410: [GC (Allocation Failure) [PSYoungGen: 983463K->12979K(999424K)] 1332210K->361759K(3252224K), 0.0199759 secs] [Times: user=0.05 sys=0.01, real=0.02 secs] 
Heap after GC invocations=223 (full 5):
 PSYoungGen      total 999424K, used 12979K [0x0000000781800000, 0x00000007c0000000, 0x00000007c0000000)
  eden space 973824K, 0% used [0x0000000781800000,0x0000000781800000,0x00000007bcf00000)
  from space 25600K, 50% used [0x00000007be700000,0x00000007bf3acfc0,0x00000007c0000000)
  to   space 24576K, 0% used [0x00000007bcf00000,0x00000007bcf00000,0x00000007be700000)
 ParOldGen       total 2252800K, used 348779K [0x00000006f8000000, 0x0000000781800000, 0x0000000781800000)
  object space 2252800K, 15% used [0x00000006f8000000,0x000000070d49acf8,0x0000000781800000)
 Metaspace       used 187759K, capacity 195598K, committed 195904K, reserved 1220608K
  class space    used 22376K, capacity 23813K, committed 23936K, reserved 1048576K
}
{Heap before GC invocations=224 (full 5):
 PSYoungGen      total 999424K, used 986803K [0x0000000781800000, 0x00000007c0000000, 0x00000007c0000000)
  eden space 973824K, 100% used [0x0000000781800000,0x00000007bcf00000,0x00000007bcf00000)
  from space 25600K, 50% used [0x00000007be700000,0x00000007bf3acfc0,0x00000007c0000000)
  to   space 24576K, 0% used [0x00000007bcf00000,0x00000007bcf00000,0x00000007be700000)
 ParOldGen       total 2252800K, used 348779K [0x00000006f8000000, 0x0000000781800000, 0x0000000781800000)
  object space 2252800K, 15% used [0x00000006f8000000,0x000000070d49acf8,0x0000000781800000)
 Metaspace       used 187764K, capacity 195598K, committed 195904K, reserved 1220608K
  class space    used 22376K, capacity 23813K, committed 23936K, reserved 1048576K
2022-06-20T08:47:34.480+0800: 2826.772: [GC (Allocation Failure) [PSYoungGen: 986803K->12470K(998400K)] 1335583K->361282K(3251200K), 0.0137916 secs] [Times: user=0.04 sys=0.00, real=0.01 secs] 
Heap after GC invocations=224 (full 5):
 PSYoungGen      total 998400K, used 12470K [0x0000000781800000, 0x00000007c0000000, 0x00000007c0000000)
  eden space 973824K, 0% used [0x0000000781800000,0x0000000781800000,0x00000007bcf00000)
  from space 24576K, 50% used [0x00000007bcf00000,0x00000007bdb2dba0,0x00000007be700000)
  to   space 24064K, 0% used [0x00000007be880000,0x00000007be880000,0x00000007c0000000)
 ParOldGen       total 2252800K, used 348811K [0x00000006f8000000, 0x0000000781800000, 0x0000000781800000)
  object space 2252800K, 15% used [0x00000006f8000000,0x000000070d4a2cf8,0x0000000781800000)
 Metaspace       used 187764K, capacity 195598K, committed 195904K, reserved 1220608K
  class space    used 22376K, capacity 23813K, committed 23936K, reserved 1048576K
}
{Heap before GC invocations=225 (full 5):
 PSYoungGen      total 998400K, used 986294K [0x0000000781800000, 0x00000007c0000000, 0x00000007c0000000)
  eden space 973824K, 100% used [0x0000000781800000,0x00000007bcf00000,0x00000007bcf00000)
  from space 24576K, 50% used [0x00000007bcf00000,0x00000007bdb2dba0,0x00000007be700000)
  to   space 24064K, 0% used [0x00000007be880000,0x00000007be880000,0x00000007c0000000)
 ParOldGen       total 2252800K, used 348811K [0x00000006f8000000, 0x0000000781800000, 0x0000000781800000)
  object space 2252800K, 15% used [0x00000006f8000000,0x000000070d4a2cf8,0x0000000781800000)
 Metaspace       used 187876K, capacity 195824K, committed 196160K, reserved 1222656K
  class space    used 22396K, capacity 23840K, committed 23936K, reserved 1048576K
2022-06-20T08:47:44.658+0800: 2836.951: [GC (Allocation Failure) [PSYoungGen: 986294K->12667K(1000448K)] 1335106K->361502K(3253248K), 0.0140788 secs] [Times: user=0.04 sys=0.00, real=0.01 secs] 
Heap after GC invocations=225 (full 5):
 PSYoungGen      total 1000448K, used 12667K [0x0000000781800000, 0x00000007c0000000, 0x00000007c0000000)
  eden space 976384K, 0% used [0x0000000781800000,0x0000000781800000,0x00000007bd180000)
  from space 24064K, 52% used [0x00000007be880000,0x00000007bf4dee00,0x00000007c0000000)
  to   space 23552K, 0% used [0x00000007bd180000,0x00000007bd180000,0x00000007be880000)
 ParOldGen       total 2252800K, used 348835K [0x00000006f8000000, 0x0000000781800000, 0x0000000781800000)
  object space 2252800K, 15% used [0x00000006f8000000,0x000000070d4a8cf8,0x0000000781800000)
 Metaspace       used 187876K, capacity 195824K, committed 196160K, reserved 1222656K
  class space    used 22396K, capacity 23840K, committed 23936K, reserved 1048576K
}
{Heap before GC invocations=226 (full 5):
 PSYoungGen      total 1000448K, used 989051K [0x0000000781800000, 0x00000007c0000000, 0x00000007c0000000)
  eden space 976384K, 100% used [0x0000000781800000,0x00000007bd180000,0x00000007bd180000)
  from space 24064K, 52% used [0x00000007be880000,0x00000007bf4dee00,0x00000007c0000000)
  to   space 23552K, 0% used [0x00000007bd180000,0x00000007bd180000,0x00000007be880000)
 ParOldGen       total 2252800K, used 348835K [0x00000006f8000000, 0x0000000781800000, 0x0000000781800000)
  object space 2252800K, 15% used [0x00000006f8000000,0x000000070d4a8cf8,0x0000000781800000)
 Metaspace       used 187880K, capacity 195824K, committed 196160K, reserved 1222656K
  class space    used 22396K, capacity 23840K, committed 23936K, reserved 1048576K
2022-06-20T08:48:05.632+0800: 2857.925: [GC (Allocation Failure) [PSYoungGen: 989051K->12683K(999936K)] 1337886K->361630K(3252736K), 0.0199476 secs] [Times: user=0.05 sys=0.00, real=0.02 secs] 
Heap after GC invocations=226 (full 5):
 PSYoungGen      total 999936K, used 12683K [0x0000000781800000, 0x00000007c0000000, 0x00000007c0000000)
  eden space 976384K, 0% used [0x0000000781800000,0x0000000781800000,0x00000007bd180000)
  from space 23552K, 53% used [0x00000007bd180000,0x00000007bdde2d90,0x00000007be880000)
  to   space 23040K, 0% used [0x00000007be980000,0x00000007be980000,0x00000007c0000000)
 ParOldGen       total 2252800K, used 348947K [0x00000006f8000000, 0x0000000781800000, 0x0000000781800000)
  object space 2252800K, 15% used [0x00000006f8000000,0x000000070d4c4cf8,0x0000000781800000)
 Metaspace       used 187880K, capacity 195824K, committed 196160K, reserved 1222656K
  class space    used 22396K, capacity 23840K, committed 23936K, reserved 1048576K
}
{Heap before GC invocations=227 (full 5):
 PSYoungGen      total 999936K, used 989067K [0x0000000781800000, 0x00000007c0000000, 0x00000007c0000000)
  eden space 976384K, 100% used [0x0000000781800000,0x00000007bd180000,0x00000007bd180000)
  from space 23552K, 53% used [0x00000007bd180000,0x00000007bdde2d90,0x00000007be880000)
  to   space 23040K, 0% used [0x00000007be980000,0x00000007be980000,0x00000007c0000000)
 ParOldGen       total 2252800K, used 348947K [0x00000006f8000000, 0x0000000781800000, 0x0000000781800000)
  object space 2252800K, 15% used [0x00000006f8000000,0x000000070d4c4cf8,0x0000000781800000)
 Metaspace       used 187894K, capacity 195824K, committed 196160K, reserved 1222656K
  class space    used 22396K, capacity 23840K, committed 23936K, reserved 1048576K
2022-06-20T08:48:28.659+0800: 2880.952: [GC (Allocation Failure) [PSYoungGen: 989067K->12198K(1001984K)] 1338014K->361249K(3254784K), 0.0165950 secs] [Times: user=0.05 sys=0.00, real=0.01 secs] 
Heap after GC invocations=227 (full 5):
 PSYoungGen      total 1001984K, used 12198K [0x0000000781800000, 0x00000007c0000000, 0x00000007c0000000)
  eden space 978944K, 0% used [0x0000000781800000,0x0000000781800000,0x00000007bd400000)
  from space 23040K, 52% used [0x00000007be980000,0x00000007bf5699e0,0x00000007c0000000)
  to   space 22016K, 0% used [0x00000007bd400000,0x00000007bd400000,0x00000007be980000)
 ParOldGen       total 2252800K, used 349051K [0x00000006f8000000, 0x0000000781800000, 0x0000000781800000)
  object space 2252800K, 15% used [0x00000006f8000000,0x000000070d4ded18,0x0000000781800000)
 Metaspace       used 187894K, capacity 195824K, committed 196160K, reserved 1222656K
  class space    used 22396K, capacity 23840K, committed 23936K, reserved 1048576K
}
{Heap before GC invocations=228 (full 5):
 PSYoungGen      total 1001984K, used 991142K [0x0000000781800000, 0x00000007c0000000, 0x00000007c0000000)
  eden space 978944K, 100% used [0x0000000781800000,0x00000007bd400000,0x00000007bd400000)
  from space 23040K, 52% used [0x00000007be980000,0x00000007bf5699e0,0x00000007c0000000)
  to   space 22016K, 0% used [0x00000007bd400000,0x00000007bd400000,0x00000007be980000)
 ParOldGen       total 2252800K, used 349051K [0x00000006f8000000, 0x0000000781800000, 0x0000000781800000)
  object space 2252800K, 15% used [0x00000006f8000000,0x000000070d4ded18,0x0000000781800000)
 Metaspace       used 187947K, capacity 195930K, committed 196160K, reserved 1222656K
  class space    used 22401K, capacity 23847K, committed 23936K, reserved 1048576K
2022-06-20T08:48:46.977+0800: 2899.270: [GC (Allocation Failure) [PSYoungGen: 991142K->12455K(1000960K)] 1340193K->361614K(3253760K), 0.0186678 secs] [Times: user=0.05 sys=0.01, real=0.01 secs] 
Heap after GC invocations=228 (full 5):
 PSYoungGen      total 1000960K, used 12455K [0x0000000781800000, 0x00000007c0000000, 0x00000007c0000000)
  eden space 978944K, 0% used [0x0000000781800000,0x0000000781800000,0x00000007bd400000)
  from space 22016K, 56% used [0x00000007bd400000,0x00000007be029f08,0x00000007be980000)
  to   space 21504K, 0% used [0x00000007beb00000,0x00000007beb00000,0x00000007c0000000)
 ParOldGen       total 2252800K, used 349158K [0x00000006f8000000, 0x0000000781800000, 0x0000000781800000)
  object space 2252800K, 15% used [0x00000006f8000000,0x000000070d4f9990,0x0000000781800000)
 Metaspace       used 187947K, capacity 195930K, committed 196160K, reserved 1222656K
  class space    used 22401K, capacity 23847K, committed 23936K, reserved 1048576K
}
{Heap before GC invocations=229 (full 5):
 PSYoungGen      total 1000960K, used 991399K [0x0000000781800000, 0x00000007c0000000, 0x00000007c0000000)
  eden space 978944K, 100% used [0x0000000781800000,0x00000007bd400000,0x00000007bd400000)
  from space 22016K, 56% used [0x00000007bd400000,0x00000007be029f08,0x00000007be980000)
  to   space 21504K, 0% used [0x00000007beb00000,0x00000007beb00000,0x00000007c0000000)
 ParOldGen       total 2252800K, used 349158K [0x00000006f8000000, 0x0000000781800000, 0x0000000781800000)
  object space 2252800K, 15% used [0x00000006f8000000,0x000000070d4f9990,0x0000000781800000)
 Metaspace       used 187956K, capacity 195930K, committed 196160K, reserved 1222656K
  class space    used 22401K, capacity 23847K, committed 23936K, reserved 1048576K
2022-06-20T08:49:02.688+0800: 2914.981: [GC (Allocation Failure) [PSYoungGen: 991399K->12839K(1003008K)] 1340558K->362022K(3255808K), 0.0216310 secs] [Times: user=0.07 sys=0.01, real=0.02 secs] 
Heap after GC invocations=229 (full 5):
 PSYoungGen      total 1003008K, used 12839K [0x0000000781800000, 0x00000007c0000000, 0x00000007c0000000)
  eden space 981504K, 0% used [0x0000000781800000,0x0000000781800000,0x00000007bd680000)
  from space 21504K, 59% used [0x00000007beb00000,0x00000007bf789f08,0x00000007c0000000)
  to   space 20992K, 0% used [0x00000007bd680000,0x00000007bd680000,0x00000007beb00000)
 ParOldGen       total 2252800K, used 349182K [0x00000006f8000000, 0x0000000781800000, 0x0000000781800000)
  object space 2252800K, 15% used [0x00000006f8000000,0x000000070d4ff990,0x0000000781800000)
 Metaspace       used 187956K, capacity 195930K, committed 196160K, reserved 1222656K
  class space    used 22401K, capacity 23847K, committed 23936K, reserved 1048576K
}
{Heap before GC invocations=230 (full 5):
 PSYoungGen      total 1003008K, used 994343K [0x0000000781800000, 0x00000007c0000000, 0x00000007c0000000)
  eden space 981504K, 100% used [0x0000000781800000,0x00000007bd680000,0x00000007bd680000)
  from space 21504K, 59% used [0x00000007beb00000,0x00000007bf789f08,0x00000007c0000000)
  to   space 20992K, 0% used [0x00000007bd680000,0x00000007bd680000,0x00000007beb00000)
 ParOldGen       total 2252800K, used 349182K [0x00000006f8000000, 0x0000000781800000, 0x0000000781800000)
  object space 2252800K, 15% used [0x00000006f8000000,0x000000070d4ff990,0x0000000781800000)
 Metaspace       used 188043K, capacity 196054K, committed 196160K, reserved 1222656K
  class space    used 22412K, capacity 23857K, committed 23936K, reserved 1048576K
2022-06-20T08:49:14.964+0800: 2927.257: [GC (Allocation Failure) [PSYoungGen: 994343K->12688K(1002496K)] 1343526K->361894K(3255296K), 0.0156624 secs] [Times: user=0.05 sys=0.00, real=0.02 secs] 
Heap after GC invocations=230 (full 5):
 PSYoungGen      total 1002496K, used 12688K [0x0000000781800000, 0x00000007c0000000, 0x00000007c0000000)
  eden space 981504K, 0% used [0x0000000781800000,0x0000000781800000,0x00000007bd680000)
  from space 20992K, 60% used [0x00000007bd680000,0x00000007be2e4058,0x00000007beb00000)
  to   space 20480K, 0% used [0x00000007bec00000,0x00000007bec00000,0x00000007c0000000)
 ParOldGen       total 2252800K, used 349206K [0x00000006f8000000, 0x0000000781800000, 0x0000000781800000)
  object space 2252800K, 15% used [0x00000006f8000000,0x000000070d505990,0x0000000781800000)
 Metaspace       used 188043K, capacity 196054K, committed 196160K, reserved 1222656K
  class space    used 22412K, capacity 23857K, committed 23936K, reserved 1048576K
}
{Heap before GC invocations=231 (full 5):
 PSYoungGen      total 1002496K, used 994192K [0x0000000781800000, 0x00000007c0000000, 0x00000007c0000000)
  eden space 981504K, 100% used [0x0000000781800000,0x00000007bd680000,0x00000007bd680000)
  from space 20992K, 60% used [0x00000007bd680000,0x00000007be2e4058,0x00000007beb00000)
  to   space 20480K, 0% used [0x00000007bec00000,0x00000007bec00000,0x00000007c0000000)
 ParOldGen       total 2252800K, used 349206K [0x00000006f8000000, 0x0000000781800000, 0x0000000781800000)
  object space 2252800K, 15% used [0x00000006f8000000,0x000000070d505990,0x0000000781800000)
 Metaspace       used 188100K, capacity 196154K, committed 196416K, reserved 1222656K
  class space    used 22421K, capacity 23873K, committed 23936K, reserved 1048576K
2022-06-20T08:49:29.688+0800: 2941.981: [GC (Allocation Failure) [PSYoungGen: 994192K->12690K(1004032K)] 1343398K->361928K(3256832K), 0.0148096 secs] [Times: user=0.05 sys=0.00, real=0.01 secs] 
Heap after GC invocations=231 (full 5):
 PSYoungGen      total 1004032K, used 12690K [0x0000000781800000, 0x00000007c0000000, 0x00000007c0000000)
  eden space 983552K, 0% used [0x0000000781800000,0x0000000781800000,0x00000007bd880000)
  from space 20480K, 61% used [0x00000007bec00000,0x00000007bf8648e8,0x00000007c0000000)
  to   space 19968K, 0% used [0x00000007bd880000,0x00000007bd880000,0x00000007bec00000)
 ParOldGen       total 2252800K, used 349238K [0x00000006f8000000, 0x0000000781800000, 0x0000000781800000)
  object space 2252800K, 15% used [0x00000006f8000000,0x000000070d50d990,0x0000000781800000)
 Metaspace       used 188100K, capacity 196154K, committed 196416K, reserved 1222656K
  class space    used 22421K, capacity 23873K, committed 23936K, reserved 1048576K
}
{Heap before GC invocations=232 (full 5):
 PSYoungGen      total 1004032K, used 996242K [0x0000000781800000, 0x00000007c0000000, 0x00000007c0000000)
  eden space 983552K, 100% used [0x0000000781800000,0x00000007bd880000,0x00000007bd880000)
  from space 20480K, 61% used [0x00000007bec00000,0x00000007bf8648e8,0x00000007c0000000)
  to   space 19968K, 0% used [0x00000007bd880000,0x00000007bd880000,0x00000007bec00000)
 ParOldGen       total 2252800K, used 349238K [0x00000006f8000000, 0x0000000781800000, 0x0000000781800000)
  object space 2252800K, 15% used [0x00000006f8000000,0x000000070d50d990,0x0000000781800000)
 Metaspace       used 188100K, capacity 196154K, committed 196416K, reserved 1222656K
  class space    used 22421K, capacity 23873K, committed 23936K, reserved 1048576K
2022-06-20T08:49:52.477+0800: 2964.770: [GC (Allocation Failure) [PSYoungGen: 996242K->12736K(1003520K)] 1345480K->362031K(3256320K), 0.0142676 secs] [Times: user=0.04 sys=0.00, real=0.01 secs] 
Heap after GC invocations=232 (full 5):
 PSYoungGen      total 1003520K, used 12736K [0x0000000781800000, 0x00000007c0000000, 0x00000007c0000000)
  eden space 983552K, 0% used [0x0000000781800000,0x0000000781800000,0x00000007bd880000)
  from space 19968K, 63% used [0x00000007bd880000,0x00000007be4f0288,0x00000007bec00000)
  to   space 19456K, 0% used [0x00000007bed00000,0x00000007bed00000,0x00000007c0000000)
 ParOldGen       total 2252800K, used 349294K [0x00000006f8000000, 0x0000000781800000, 0x0000000781800000)
  object space 2252800K, 15% used [0x00000006f8000000,0x000000070d51b9b0,0x0000000781800000)
 Metaspace       used 188100K, capacity 196154K, committed 196416K, reserved 1222656K
  class space    used 22421K, capacity 23873K, committed 23936K, reserved 1048576K
}
{Heap before GC invocations=233 (full 5):
 PSYoungGen      total 1003520K, used 996288K [0x0000000781800000, 0x00000007c0000000, 0x00000007c0000000)
  eden space 983552K, 100% used [0x0000000781800000,0x00000007bd880000,0x00000007bd880000)
  from space 19968K, 63% used [0x00000007bd880000,0x00000007be4f0288,0x00000007bec00000)
  to   space 19456K, 0% used [0x00000007bed00000,0x00000007bed00000,0x00000007c0000000)
 ParOldGen       total 2252800K, used 349294K [0x00000006f8000000, 0x0000000781800000, 0x0000000781800000)
  object space 2252800K, 15% used [0x00000006f8000000,0x000000070d51b9b0,0x0000000781800000)
 Metaspace       used 188110K, capacity 196154K, committed 196416K, reserved 1222656K
  class space    used 22421K, capacity 23873K, committed 23936K, reserved 1048576K
2022-06-20T08:50:27.520+0800: 2999.813: [GC (Allocation Failure) [PSYoungGen: 996288K->12516K(1005056K)] 1345583K->361987K(3257856K), 0.0161207 secs] [Times: user=0.04 sys=0.00, real=0.02 secs] 
Heap after GC invocations=233 (full 5):
 PSYoungGen      total 1005056K, used 12516K [0x0000000781800000, 0x00000007c0000000, 0x00000007c0000000)
  eden space 985600K, 0% used [0x0000000781800000,0x0000000781800000,0x00000007bda80000)
  from space 19456K, 64% used [0x00000007bed00000,0x00000007bf939368,0x00000007c0000000)
  to   space 18944K, 0% used [0x00000007bda80000,0x00000007bda80000,0x00000007bed00000)
 ParOldGen       total 2252800K, used 349470K [0x00000006f8000000, 0x0000000781800000, 0x0000000781800000)
  object space 2252800K, 15% used [0x00000006f8000000,0x000000070d5479f0,0x0000000781800000)
 Metaspace       used 188110K, capacity 196154K, committed 196416K, reserved 1222656K
  class space    used 22421K, capacity 23873K, committed 23936K, reserved 1048576K
}
{Heap before GC invocations=234 (full 5):
 PSYoungGen      total 1005056K, used 998116K [0x0000000781800000, 0x00000007c0000000, 0x00000007c0000000)
  eden space 985600K, 100% used [0x0000000781800000,0x00000007bda80000,0x00000007bda80000)
  from space 19456K, 64% used [0x00000007bed00000,0x00000007bf939368,0x00000007c0000000)
  to   space 18944K, 0% used [0x00000007bda80000,0x00000007bda80000,0x00000007bed00000)
 ParOldGen       total 2252800K, used 349470K [0x00000006f8000000, 0x0000000781800000, 0x0000000781800000)
  object space 2252800K, 15% used [0x00000006f8000000,0x000000070d5479f0,0x0000000781800000)
 Metaspace       used 188113K, capacity 196154K, committed 196416K, reserved 1222656K
  class space    used 22421K, capacity 23873K, committed 23936K, reserved 1048576K
2022-06-20T08:50:52.291+0800: 3024.583: [GC (Allocation Failure) [PSYoungGen: 998116K->12291K(1004544K)] 1347587K->361995K(3257344K), 0.0176370 secs] [Times: user=0.05 sys=0.01, real=0.02 secs] 
Heap after GC invocations=234 (full 5):
 PSYoungGen      total 1004544K, used 12291K [0x0000000781800000, 0x00000007c0000000, 0x00000007c0000000)
  eden space 985600K, 0% used [0x0000000781800000,0x0000000781800000,0x00000007bda80000)
  from space 18944K, 64% used [0x00000007bda80000,0x00000007be680f50,0x00000007bed00000)
  to   space 18432K, 0% used [0x00000007bee00000,0x00000007bee00000,0x00000007c0000000)
 ParOldGen       total 2252800K, used 349703K [0x00000006f8000000, 0x0000000781800000, 0x0000000781800000)
  object space 2252800K, 15% used [0x00000006f8000000,0x000000070d581df8,0x0000000781800000)
 Metaspace       used 188113K, capacity 196154K, committed 196416K, reserved 1222656K
  class space    used 22421K, capacity 23873K, committed 23936K, reserved 1048576K
}
{Heap before GC invocations=235 (full 5):
 PSYoungGen      total 1004544K, used 997891K [0x0000000781800000, 0x00000007c0000000, 0x00000007c0000000)
  eden space 985600K, 100% used [0x0000000781800000,0x00000007bda80000,0x00000007bda80000)
  from space 18944K, 64% used [0x00000007bda80000,0x00000007be680f50,0x00000007bed00000)
  to   space 18432K, 0% used [0x00000007bee00000,0x00000007bee00000,0x00000007c0000000)
 ParOldGen       total 2252800K, used 349703K [0x00000006f8000000, 0x0000000781800000, 0x0000000781800000)
  object space 2252800K, 15% used [0x00000006f8000000,0x000000070d581df8,0x0000000781800000)
 Metaspace       used 188115K, capacity 196154K, committed 196416K, reserved 1222656K
  class space    used 22421K, capacity 23873K, committed 23936K, reserved 1048576K
2022-06-20T08:51:15.018+0800: 3047.310: [GC (Allocation Failure) [PSYoungGen: 997891K->13118K(1006080K)] 1347595K->362830K(3258880K), 0.0244217 secs] [Times: user=0.06 sys=0.01, real=0.02 secs] 
Heap after GC invocations=235 (full 5):
 PSYoungGen      total 1006080K, used 13118K [0x0000000781800000, 0x00000007c0000000, 0x00000007c0000000)
  eden space 987648K, 0% used [0x0000000781800000,0x0000000781800000,0x00000007bdc80000)
  from space 18432K, 71% used [0x00000007bee00000,0x00000007bfacfb48,0x00000007c0000000)
  to   space 17920K, 0% used [0x00000007bdc80000,0x00000007bdc80000,0x00000007bee00000)
 ParOldGen       total 2252800K, used 349711K [0x00000006f8000000, 0x0000000781800000, 0x0000000781800000)
  object space 2252800K, 15% used [0x00000006f8000000,0x000000070d583df8,0x0000000781800000)
 Metaspace       used 188115K, capacity 196154K, committed 196416K, reserved 1222656K
  class space    used 22421K, capacity 23873K, committed 23936K, reserved 1048576K
}
{Heap before GC invocations=236 (full 5):
 PSYoungGen      total 1006080K, used 1000766K [0x0000000781800000, 0x00000007c0000000, 0x00000007c0000000)
  eden space 987648K, 100% used [0x0000000781800000,0x00000007bdc80000,0x00000007bdc80000)
  from space 18432K, 71% used [0x00000007bee00000,0x00000007bfacfb48,0x00000007c0000000)
  to   space 17920K, 0% used [0x00000007bdc80000,0x00000007bdc80000,0x00000007bee00000)
 ParOldGen       total 2252800K, used 349711K [0x00000006f8000000, 0x0000000781800000, 0x0000000781800000)
  object space 2252800K, 15% used [0x00000006f8000000,0x000000070d583df8,0x0000000781800000)
 Metaspace       used 188118K, capacity 196166K, committed 196416K, reserved 1222656K
  class space    used 22421K, capacity 23873K, committed 23936K, reserved 1048576K
2022-06-20T08:51:30.188+0800: 3062.480: [GC (Allocation Failure) [PSYoungGen: 1000766K->13375K(1005568K)] 1350478K->363119K(3258368K), 0.0218167 secs] [Times: user=0.06 sys=0.00, real=0.02 secs] 
Heap after GC invocations=236 (full 5):
 PSYoungGen      total 1005568K, used 13375K [0x0000000781800000, 0x00000007c0000000, 0x00000007c0000000)
  eden space 987648K, 0% used [0x0000000781800000,0x0000000781800000,0x00000007bdc80000)
  from space 17920K, 74% used [0x00000007bdc80000,0x00000007be98fe28,0x00000007bee00000)
  to   space 17920K, 0% used [0x00000007bee80000,0x00000007bee80000,0x00000007c0000000)
 ParOldGen       total 2252800K, used 349743K [0x00000006f8000000, 0x0000000781800000, 0x0000000781800000)
  object space 2252800K, 15% used [0x00000006f8000000,0x000000070d58bdf8,0x0000000781800000)
 Metaspace       used 188118K, capacity 196166K, committed 196416K, reserved 1222656K
  class space    used 22421K, capacity 23873K, committed 23936K, reserved 1048576K
}
{Heap before GC invocations=237 (full 5):
 PSYoungGen      total 1005568K, used 1001023K [0x0000000781800000, 0x00000007c0000000, 0x00000007c0000000)
  eden space 987648K, 100% used [0x0000000781800000,0x00000007bdc80000,0x00000007bdc80000)
  from space 17920K, 74% used [0x00000007bdc80000,0x00000007be98fe28,0x00000007bee00000)
  to   space 17920K, 0% used [0x00000007bee80000,0x00000007bee80000,0x00000007c0000000)
 ParOldGen       total 2252800K, used 349743K [0x00000006f8000000, 0x0000000781800000, 0x0000000781800000)
  object space 2252800K, 15% used [0x00000006f8000000,0x000000070d58bdf8,0x0000000781800000)
 Metaspace       used 188122K, capacity 196166K, committed 196416K, reserved 1222656K
  class space    used 22421K, capacity 23873K, committed 23936K, reserved 1048576K
2022-06-20T08:51:53.818+0800: 3086.110: [GC (Allocation Failure) [PSYoungGen: 1001023K->13012K(1006592K)] 1350767K->362764K(3259392K), 0.0179806 secs] [Times: user=0.05 sys=0.01, real=0.01 secs] 
Heap after GC invocations=237 (full 5):
 PSYoungGen      total 1006592K, used 13012K [0x0000000781800000, 0x00000007c0000000, 0x00000007c0000000)
  eden space 988672K, 0% used [0x0000000781800000,0x0000000781800000,0x00000007bdd80000)
  from space 17920K, 72% used [0x00000007bee80000,0x00000007bfb35270,0x00000007c0000000)
  to   space 17408K, 0% used [0x00000007bdd80000,0x00000007bdd80000,0x00000007bee80000)
 ParOldGen       total 2252800K, used 349751K [0x00000006f8000000, 0x0000000781800000, 0x0000000781800000)
  object space 2252800K, 15% used [0x00000006f8000000,0x000000070d58ddf8,0x0000000781800000)
 Metaspace       used 188122K, capacity 196166K, committed 196416K, reserved 1222656K
  class space    used 22421K, capacity 23873K, committed 23936K, reserved 1048576K
}
{Heap before GC invocations=238 (full 5):
 PSYoungGen      total 1006592K, used 1001684K [0x0000000781800000, 0x00000007c0000000, 0x00000007c0000000)
  eden space 988672K, 100% used [0x0000000781800000,0x00000007bdd80000,0x00000007bdd80000)
  from space 17920K, 72% used [0x00000007bee80000,0x00000007bfb35270,0x00000007c0000000)
  to   space 17408K, 0% used [0x00000007bdd80000,0x00000007bdd80000,0x00000007bee80000)
 ParOldGen       total 2252800K, used 349751K [0x00000006f8000000, 0x0000000781800000, 0x0000000781800000)
  object space 2252800K, 15% used [0x00000006f8000000,0x000000070d58ddf8,0x0000000781800000)
 Metaspace       used 188161K, capacity 196214K, committed 196416K, reserved 1222656K
  class space    used 22427K, capacity 23881K, committed 23936K, reserved 1048576K
2022-06-20T08:52:21.482+0800: 3113.774: [GC (Allocation Failure) [PSYoungGen: 1001684K->12663K(1006080K)] 1351436K->362723K(3258880K), 0.0171085 secs] [Times: user=0.04 sys=0.00, real=0.02 secs] 
Heap after GC invocations=238 (full 5):
 PSYoungGen      total 1006080K, used 12663K [0x0000000781800000, 0x00000007c0000000, 0x00000007c0000000)
  eden space 988672K, 0% used [0x0000000781800000,0x0000000781800000,0x00000007bdd80000)
  from space 17408K, 72% used [0x00000007bdd80000,0x00000007be9ddf10,0x00000007bee80000)
  to   space 16896K, 0% used [0x00000007bef80000,0x00000007bef80000,0x00000007c0000000)
 ParOldGen       total 2252800K, used 350059K [0x00000006f8000000, 0x0000000781800000, 0x0000000781800000)
  object space 2252800K, 15% used [0x00000006f8000000,0x000000070d5dae38,0x0000000781800000)
 Metaspace       used 188161K, capacity 196214K, committed 196416K, reserved 1222656K
  class space    used 22427K, capacity 23881K, committed 23936K, reserved 1048576K
}
{Heap before GC invocations=239 (full 5):
 PSYoungGen      total 1006080K, used 1001335K [0x0000000781800000, 0x00000007c0000000, 0x00000007c0000000)
  eden space 988672K, 100% used [0x0000000781800000,0x00000007bdd80000,0x00000007bdd80000)
  from space 17408K, 72% used [0x00000007bdd80000,0x00000007be9ddf10,0x00000007bee80000)
  to   space 16896K, 0% used [0x00000007bef80000,0x00000007bef80000,0x00000007c0000000)
 ParOldGen       total 2252800K, used 350059K [0x00000006f8000000, 0x0000000781800000, 0x0000000781800000)
  object space 2252800K, 15% used [0x00000006f8000000,0x000000070d5dae38,0x0000000781800000)
 Metaspace       used 188161K, capacity 196214K, committed 196416K, reserved 1222656K
  class space    used 22427K, capacity 23881K, committed 23936K, reserved 1048576K
2022-06-20T08:52:38.021+0800: 3130.314: [GC (Allocation Failure) [PSYoungGen: 1001335K->12621K(1007104K)] 1351395K->362704K(3259904K), 0.0182122 secs] [Times: user=0.06 sys=0.01, real=0.02 secs] 
Heap after GC invocations=239 (full 5):
 PSYoungGen      total 1007104K, used 12621K [0x0000000781800000, 0x00000007c0000000, 0x00000007c0000000)
  eden space 990208K, 0% used [0x0000000781800000,0x0000000781800000,0x00000007bdf00000)
  from space 16896K, 74% used [0x00000007bef80000,0x00000007bfbd3558,0x00000007c0000000)
  to   space 16896K, 0% used [0x00000007bdf00000,0x00000007bdf00000,0x00000007bef80000)
 ParOldGen       total 2252800K, used 350083K [0x00000006f8000000, 0x0000000781800000, 0x0000000781800000)
  object space 2252800K, 15% used [0x00000006f8000000,0x000000070d5e0e38,0x0000000781800000)
 Metaspace       used 188161K, capacity 196214K, committed 196416K, reserved 1222656K
  class space    used 22427K, capacity 23881K, committed 23936K, reserved 1048576K
}
{Heap before GC invocations=240 (full 5):
 PSYoungGen      total 1007104K, used 1002829K [0x0000000781800000, 0x00000007c0000000, 0x00000007c0000000)
  eden space 990208K, 100% used [0x0000000781800000,0x00000007bdf00000,0x00000007bdf00000)
  from space 16896K, 74% used [0x00000007bef80000,0x00000007bfbd3558,0x00000007c0000000)
  to   space 16896K, 0% used [0x00000007bdf00000,0x00000007bdf00000,0x00000007bef80000)
 ParOldGen       total 2252800K, used 350083K [0x00000006f8000000, 0x0000000781800000, 0x0000000781800000)
  object space 2252800K, 15% used [0x00000006f8000000,0x000000070d5e0e38,0x0000000781800000)
 Metaspace       used 188176K, capacity 196278K, committed 196416K, reserved 1222656K
  class space    used 22427K, capacity 23881K, committed 23936K, reserved 1048576K
2022-06-20T08:52:57.765+0800: 3150.058: [GC (Allocation Failure) [PSYoungGen: 1002829K->12732K(1007104K)] 1352912K->362912K(3259904K), 0.0200347 secs] [Times: user=0.05 sys=0.01, real=0.02 secs] 
Heap after GC invocations=240 (full 5):
 PSYoungGen      total 1007104K, used 12732K [0x0000000781800000, 0x00000007c0000000, 0x00000007c0000000)
  eden space 990208K, 0% used [0x0000000781800000,0x0000000781800000,0x00000007bdf00000)
  from space 16896K, 75% used [0x00000007bdf00000,0x00000007beb6f168,0x00000007bef80000)
  to   space 16384K, 0% used [0x00000007bf000000,0x00000007bf000000,0x00000007c0000000)
 ParOldGen       total 2252800K, used 350180K [0x00000006f8000000, 0x0000000781800000, 0x0000000781800000)
  object space 2252800K, 15% used [0x00000006f8000000,0x000000070d5f9078,0x0000000781800000)
 Metaspace       used 188176K, capacity 196278K, committed 196416K, reserved 1222656K
  class space    used 22427K, capacity 23881K, committed 23936K, reserved 1048576K
}
{Heap before GC invocations=241 (full 5):
 PSYoungGen      total 1007104K, used 1002940K [0x0000000781800000, 0x00000007c0000000, 0x00000007c0000000)
  eden space 990208K, 100% used [0x0000000781800000,0x00000007bdf00000,0x00000007bdf00000)
  from space 16896K, 75% used [0x00000007bdf00000,0x00000007beb6f168,0x00000007bef80000)
  to   space 16384K, 0% used [0x00000007bf000000,0x00000007bf000000,0x00000007c0000000)
 ParOldGen       total 2252800K, used 350180K [0x00000006f8000000, 0x0000000781800000, 0x0000000781800000)
  object space 2252800K, 15% used [0x00000006f8000000,0x000000070d5f9078,0x0000000781800000)
 Metaspace       used 188359K, capacity 196670K, committed 196928K, reserved 1222656K
  class space    used 22453K, capacity 23925K, committed 23936K, reserved 1048576K
2022-06-20T08:53:14.130+0800: 3166.423: [GC (Allocation Failure) [PSYoungGen: 1002940K->12999K(1007616K)] 1353120K->363211K(3260416K), 0.0150069 secs] [Times: user=0.03 sys=0.00, real=0.01 secs] 
Heap after GC invocations=241 (full 5):
 PSYoungGen      total 1007616K, used 12999K [0x0000000781800000, 0x00000007c0000000, 0x00000007c0000000)
  eden space 991232K, 0% used [0x0000000781800000,0x0000000781800000,0x00000007be000000)
  from space 16384K, 79% used [0x00000007bf000000,0x00000007bfcb1e38,0x00000007c0000000)
  to   space 16384K, 0% used [0x00000007be000000,0x00000007be000000,0x00000007bf000000)
 ParOldGen       total 2252800K, used 350211K [0x00000006f8000000, 0x0000000781800000, 0x0000000781800000)
  object space 2252800K, 15% used [0x00000006f8000000,0x000000070d600fc8,0x0000000781800000)
 Metaspace       used 188359K, capacity 196670K, committed 196928K, reserved 1222656K
  class space    used 22453K, capacity 23925K, committed 23936K, reserved 1048576K
}
{Heap before GC invocations=242 (full 5):
 PSYoungGen      total 1007616K, used 1004231K [0x0000000781800000, 0x00000007c0000000, 0x00000007c0000000)
  eden space 991232K, 100% used [0x0000000781800000,0x00000007be000000,0x00000007be000000)
  from space 16384K, 79% used [0x00000007bf000000,0x00000007bfcb1e38,0x00000007c0000000)
  to   space 16384K, 0% used [0x00000007be000000,0x00000007be000000,0x00000007bf000000)
 ParOldGen       total 2252800K, used 350211K [0x00000006f8000000, 0x0000000781800000, 0x0000000781800000)
  object space 2252800K, 15% used [0x00000006f8000000,0x000000070d600fc8,0x0000000781800000)
 Metaspace       used 188718K, capacity 197142K, committed 197312K, reserved 1222656K
  class space    used 22489K, capacity 24013K, committed 24064K, reserved 1048576K
2022-06-20T08:53:26.146+0800: 3178.439: [GC (Allocation Failure) [PSYoungGen: 1004231K->16381K(1007616K)] 1354443K->376871K(3260416K), 0.0285793 secs] [Times: user=0.09 sys=0.01, real=0.02 secs] 
Heap after GC invocations=242 (full 5):
 PSYoungGen      total 1007616K, used 16381K [0x0000000781800000, 0x00000007c0000000, 0x00000007c0000000)
  eden space 991232K, 0% used [0x0000000781800000,0x0000000781800000,0x00000007be000000)
  from space 16384K, 99% used [0x00000007be000000,0x00000007befff6b8,0x00000007bf000000)
  to   space 16384K, 0% used [0x00000007bf000000,0x00000007bf000000,0x00000007c0000000)
 ParOldGen       total 2252800K, used 360490K [0x00000006f8000000, 0x0000000781800000, 0x0000000781800000)
  object space 2252800K, 16% used [0x00000006f8000000,0x000000070e00a910,0x0000000781800000)
 Metaspace       used 188718K, capacity 197142K, committed 197312K, reserved 1222656K
  class space    used 22489K, capacity 24013K, committed 24064K, reserved 1048576K
}
{Heap before GC invocations=243 (full 5):
 PSYoungGen      total 1007616K, used 1007613K [0x0000000781800000, 0x00000007c0000000, 0x00000007c0000000)
  eden space 991232K, 100% used [0x0000000781800000,0x00000007be000000,0x00000007be000000)
  from space 16384K, 99% used [0x00000007be000000,0x00000007befff6b8,0x00000007bf000000)
  to   space 16384K, 0% used [0x00000007bf000000,0x00000007bf000000,0x00000007c0000000)
 ParOldGen       total 2252800K, used 360490K [0x00000006f8000000, 0x0000000781800000, 0x0000000781800000)
  object space 2252800K, 16% used [0x00000006f8000000,0x000000070e00a910,0x0000000781800000)
 Metaspace       used 188740K, capacity 197142K, committed 197312K, reserved 1222656K
  class space    used 22489K, capacity 24013K, committed 24064K, reserved 1048576K
2022-06-20T08:53:51.945+0800: 3204.238: [GC (Allocation Failure) [PSYoungGen: 1007613K->16377K(997376K)] 1368103K->377611K(3250176K), 0.0184088 secs] [Times: user=0.06 sys=0.00, real=0.02 secs] 
Heap after GC invocations=243 (full 5):
 PSYoungGen      total 997376K, used 16377K [0x0000000781800000, 0x00000007c0000000, 0x00000007c0000000)
  eden space 980992K, 0% used [0x0000000781800000,0x0000000781800000,0x00000007bd600000)
  from space 16384K, 99% used [0x00000007bf000000,0x00000007bfffe600,0x00000007c0000000)
  to   space 21504K, 0% used [0x00000007bd600000,0x00000007bd600000,0x00000007beb00000)
 ParOldGen       total 2252800K, used 361233K [0x00000006f8000000, 0x0000000781800000, 0x0000000781800000)
  object space 2252800K, 16% used [0x00000006f8000000,0x000000070e0c47f0,0x0000000781800000)
 Metaspace       used 188740K, capacity 197142K, committed 197312K, reserved 1222656K
  class space    used 22489K, capacity 24013K, committed 24064K, reserved 1048576K
}
{Heap before GC invocations=244 (full 5):
 PSYoungGen      total 997376K, used 997369K [0x0000000781800000, 0x00000007c0000000, 0x00000007c0000000)
  eden space 980992K, 100% used [0x0000000781800000,0x00000007bd600000,0x00000007bd600000)
  from space 16384K, 99% used [0x00000007bf000000,0x00000007bfffe600,0x00000007c0000000)
  to   space 21504K, 0% used [0x00000007bd600000,0x00000007bd600000,0x00000007beb00000)
 ParOldGen       total 2252800K, used 361233K [0x00000006f8000000, 0x0000000781800000, 0x0000000781800000)
  object space 2252800K, 16% used [0x00000006f8000000,0x000000070e0c47f0,0x0000000781800000)
 Metaspace       used 188745K, capacity 197146K, committed 197312K, reserved 1222656K
  class space    used 22489K, capacity 24013K, committed 24064K, reserved 1048576K
2022-06-20T08:54:05.141+0800: 3217.434: [GC (Allocation Failure) [PSYoungGen: 997369K->16981K(1002496K)] 1358603K->378359K(3255296K), 0.0158779 secs] [Times: user=0.04 sys=0.00, real=0.02 secs] 
Heap after GC invocations=244 (full 5):
 PSYoungGen      total 1002496K, used 16981K [0x0000000781800000, 0x00000007c0000000, 0x00000007c0000000)
  eden space 980992K, 0% used [0x0000000781800000,0x0000000781800000,0x00000007bd600000)
  from space 21504K, 78% used [0x00000007bd600000,0x00000007be6957e0,0x00000007beb00000)
  to   space 21504K, 0% used [0x00000007beb00000,0x00000007beb00000,0x00000007c0000000)
 ParOldGen       total 2252800K, used 361377K [0x00000006f8000000, 0x0000000781800000, 0x0000000781800000)
  object space 2252800K, 16% used [0x00000006f8000000,0x000000070e0e8740,0x0000000781800000)
 Metaspace       used 188745K, capacity 197146K, committed 197312K, reserved 1222656K
  class space    used 22489K, capacity 24013K, committed 24064K, reserved 1048576K
}
{Heap before GC invocations=245 (full 5):
 PSYoungGen      total 1002496K, used 997973K [0x0000000781800000, 0x00000007c0000000, 0x00000007c0000000)
  eden space 980992K, 100% used [0x0000000781800000,0x00000007bd600000,0x00000007bd600000)
  from space 21504K, 78% used [0x00000007bd600000,0x00000007be6957e0,0x00000007beb00000)
  to   space 21504K, 0% used [0x00000007beb00000,0x00000007beb00000,0x00000007c0000000)
 ParOldGen       total 2252800K, used 361377K [0x00000006f8000000, 0x0000000781800000, 0x0000000781800000)
  object space 2252800K, 16% used [0x00000006f8000000,0x000000070e0e8740,0x0000000781800000)
 Metaspace       used 188790K, capacity 197230K, committed 197312K, reserved 1222656K
  class space    used 22492K, capacity 24015K, committed 24064K, reserved 1048576K
2022-06-20T08:54:19.993+0800: 3232.286: [GC (Allocation Failure) [PSYoungGen: 997973K->18400K(1001472K)] 1359351K->379778K(3254272K), 0.0141312 secs] [Times: user=0.04 sys=0.00, real=0.02 secs] 
Heap after GC invocations=245 (full 5):
 PSYoungGen      total 1001472K, used 18400K [0x0000000781800000, 0x00000007c0000000, 0x00000007c0000000)
  eden space 979968K, 0% used [0x0000000781800000,0x0000000781800000,0x00000007bd500000)
  from space 21504K, 85% used [0x00000007beb00000,0x00000007bfcf81c8,0x00000007c0000000)
  to   space 22016K, 0% used [0x00000007bd500000,0x00000007bd500000,0x00000007bea80000)
 ParOldGen       total 2252800K, used 361377K [0x00000006f8000000, 0x0000000781800000, 0x0000000781800000)
  object space 2252800K, 16% used [0x00000006f8000000,0x000000070e0e8740,0x0000000781800000)
 Metaspace       used 188790K, capacity 197230K, committed 197312K, reserved 1222656K
  class space    used 22492K, capacity 24015K, committed 24064K, reserved 1048576K
}
{Heap before GC invocations=246 (full 5):
 PSYoungGen      total 1001472K, used 998368K [0x0000000781800000, 0x00000007c0000000, 0x00000007c0000000)
  eden space 979968K, 100% used [0x0000000781800000,0x00000007bd500000,0x00000007bd500000)
  from space 21504K, 85% used [0x00000007beb00000,0x00000007bfcf81c8,0x00000007c0000000)
  to   space 22016K, 0% used [0x00000007bd500000,0x00000007bd500000,0x00000007bea80000)
 ParOldGen       total 2252800K, used 361377K [0x00000006f8000000, 0x0000000781800000, 0x0000000781800000)
  object space 2252800K, 16% used [0x00000006f8000000,0x000000070e0e8740,0x0000000781800000)
 Metaspace       used 188809K, capacity 197230K, committed 197312K, reserved 1222656K
  class space    used 22492K, capacity 24015K, committed 24064K, reserved 1048576K
2022-06-20T08:54:30.934+0800: 3243.227: [GC (Allocation Failure) [PSYoungGen: 998368K->17816K(997888K)] 1359746K->379194K(3250688K), 0.0253361 secs] [Times: user=0.06 sys=0.00, real=0.03 secs] 
Heap after GC invocations=246 (full 5):
 PSYoungGen      total 997888K, used 17816K [0x0000000781800000, 0x00000007c0000000, 0x00000007c0000000)
  eden space 979968K, 0% used [0x0000000781800000,0x0000000781800000,0x00000007bd500000)
  from space 17920K, 99% used [0x00000007bd500000,0x00000007be6663d8,0x00000007be680000)
  to   space 22528K, 0% used [0x00000007bea00000,0x00000007bea00000,0x00000007c0000000)
 ParOldGen       total 2252800K, used 361377K [0x00000006f8000000, 0x0000000781800000, 0x0000000781800000)
  object space 2252800K, 16% used [0x00000006f8000000,0x000000070e0e8740,0x0000000781800000)
 Metaspace       used 188809K, capacity 197230K, committed 197312K, reserved 1222656K
  class space    used 22492K, capacity 24015K, committed 24064K, reserved 1048576K
}
{Heap before GC invocations=247 (full 5):
 PSYoungGen      total 997888K, used 997784K [0x0000000781800000, 0x00000007c0000000, 0x00000007c0000000)
  eden space 979968K, 100% used [0x0000000781800000,0x00000007bd500000,0x00000007bd500000)
  from space 17920K, 99% used [0x00000007bd500000,0x00000007be6663d8,0x00000007be680000)
  to   space 22528K, 0% used [0x00000007bea00000,0x00000007bea00000,0x00000007c0000000)
 ParOldGen       total 2252800K, used 361377K [0x00000006f8000000, 0x0000000781800000, 0x0000000781800000)
  object space 2252800K, 16% used [0x00000006f8000000,0x000000070e0e8740,0x0000000781800000)
 Metaspace       used 188825K, capacity 197236K, committed 197312K, reserved 1222656K
  class space    used 22492K, capacity 24016K, committed 24064K, reserved 1048576K
2022-06-20T08:54:45.256+0800: 3257.549: [GC (Allocation Failure) [PSYoungGen: 997784K->17489K(1001472K)] 1359162K->378899K(3254272K), 0.0216944 secs] [Times: user=0.07 sys=0.00, real=0.03 secs] 
Heap after GC invocations=247 (full 5):
 PSYoungGen      total 1001472K, used 17489K [0x0000000781800000, 0x00000007c0000000, 0x00000007c0000000)
  eden space 978944K, 0% used [0x0000000781800000,0x0000000781800000,0x00000007bd400000)
  from space 22528K, 77% used [0x00000007bea00000,0x00000007bfb146c0,0x00000007c0000000)
  to   space 22528K, 0% used [0x00000007bd400000,0x00000007bd400000,0x00000007bea00000)
 ParOldGen       total 2252800K, used 361409K [0x00000006f8000000, 0x0000000781800000, 0x0000000781800000)
  object space 2252800K, 16% used [0x00000006f8000000,0x000000070e0f0750,0x0000000781800000)
 Metaspace       used 188825K, capacity 197236K, committed 197312K, reserved 1222656K
  class space    used 22492K, capacity 24016K, committed 24064K, reserved 1048576K
}
{Heap before GC invocations=248 (full 5):
 PSYoungGen      total 1001472K, used 996433K [0x0000000781800000, 0x00000007c0000000, 0x00000007c0000000)
  eden space 978944K, 100% used [0x0000000781800000,0x00000007bd400000,0x00000007bd400000)
  from space 22528K, 77% used [0x00000007bea00000,0x00000007bfb146c0,0x00000007c0000000)
  to   space 22528K, 0% used [0x00000007bd400000,0x00000007bd400000,0x00000007bea00000)
 ParOldGen       total 2252800K, used 361409K [0x00000006f8000000, 0x0000000781800000, 0x0000000781800000)
  object space 2252800K, 16% used [0x00000006f8000000,0x000000070e0f0750,0x0000000781800000)
 Metaspace       used 188943K, capacity 197384K, committed 197568K, reserved 1222656K
  class space    used 22505K, capacity 24030K, committed 24064K, reserved 1048576K
2022-06-20T08:54:55.543+0800: 3267.835: [GC (Allocation Failure) [PSYoungGen: 996433K->18382K(997376K)] 1357843K->379882K(3250176K), 0.0262659 secs] [Times: user=0.07 sys=0.02, real=0.03 secs] 
Heap after GC invocations=248 (full 5):
 PSYoungGen      total 997376K, used 18382K [0x0000000781800000, 0x00000007c0000000, 0x00000007c0000000)
  eden space 978944K, 0% used [0x0000000781800000,0x0000000781800000,0x00000007bd400000)
  from space 18432K, 99% used [0x00000007bd400000,0x00000007be5f3a60,0x00000007be600000)
  to   space 23040K, 0% used [0x00000007be980000,0x00000007be980000,0x00000007c0000000)
 ParOldGen       total 2252800K, used 361500K [0x00000006f8000000, 0x0000000781800000, 0x0000000781800000)
  object space 2252800K, 16% used [0x00000006f8000000,0x000000070e107108,0x0000000781800000)
 Metaspace       used 188943K, capacity 197384K, committed 197568K, reserved 1222656K
  class space    used 22505K, capacity 24030K, committed 24064K, reserved 1048576K
}
{Heap before GC invocations=249 (full 5):
 PSYoungGen      total 997376K, used 997326K [0x0000000781800000, 0x00000007c0000000, 0x00000007c0000000)
  eden space 978944K, 100% used [0x0000000781800000,0x00000007bd400000,0x00000007bd400000)
  from space 18432K, 99% used [0x00000007bd400000,0x00000007be5f3a60,0x00000007be600000)
  to   space 23040K, 0% used [0x00000007be980000,0x00000007be980000,0x00000007c0000000)
 ParOldGen       total 2252800K, used 361500K [0x00000006f8000000, 0x0000000781800000, 0x0000000781800000)
  object space 2252800K, 16% used [0x00000006f8000000,0x000000070e107108,0x0000000781800000)
 Metaspace       used 189158K, capacity 197690K, committed 197952K, reserved 1222656K
  class space    used 22535K, capacity 24069K, committed 24192K, reserved 1048576K
2022-06-20T08:55:04.536+0800: 3276.829: [GC (Allocation Failure) [PSYoungGen: 997326K->18597K(1000960K)] 1358826K->380130K(3253760K), 0.0243776 secs] [Times: user=0.07 sys=0.00, real=0.02 secs] 
Heap after GC invocations=249 (full 5):
 PSYoungGen      total 1000960K, used 18597K [0x0000000781800000, 0x00000007c0000000, 0x00000007c0000000)
  eden space 977920K, 0% used [0x0000000781800000,0x0000000781800000,0x00000007bd300000)
  from space 23040K, 80% used [0x00000007be980000,0x00000007bfba97c8,0x00000007c0000000)
  to   space 23040K, 0% used [0x00000007bd300000,0x00000007bd300000,0x00000007be980000)
 ParOldGen       total 2252800K, used 361532K [0x00000006f8000000, 0x0000000781800000, 0x0000000781800000)
  object space 2252800K, 16% used [0x00000006f8000000,0x000000070e10f108,0x0000000781800000)
 Metaspace       used 189158K, capacity 197690K, committed 197952K, reserved 1222656K
  class space    used 22535K, capacity 24069K, committed 24192K, reserved 1048576K
}
{Heap before GC invocations=250 (full 5):
 PSYoungGen      total 1000960K, used 996517K [0x0000000781800000, 0x00000007c0000000, 0x00000007c0000000)
  eden space 977920K, 100% used [0x0000000781800000,0x00000007bd300000,0x00000007bd300000)
  from space 23040K, 80% used [0x00000007be980000,0x00000007bfba97c8,0x00000007c0000000)
  to   space 23040K, 0% used [0x00000007bd300000,0x00000007bd300000,0x00000007be980000)
 ParOldGen       total 2252800K, used 361532K [0x00000006f8000000, 0x0000000781800000, 0x0000000781800000)
  object space 2252800K, 16% used [0x00000006f8000000,0x000000070e10f108,0x0000000781800000)
 Metaspace       used 189362K, capacity 198126K, committed 198208K, reserved 1222656K
  class space    used 22574K, capacity 24131K, committed 24192K, reserved 1048576K
2022-06-20T08:55:17.301+0800: 3289.594: [GC (Allocation Failure) [PSYoungGen: 996517K->18881K(996864K)] 1358050K->380650K(3249664K), 0.0194842 secs] [Times: user=0.06 sys=0.00, real=0.02 secs] 
Heap after GC invocations=250 (full 5):
 PSYoungGen      total 996864K, used 18881K [0x0000000781800000, 0x00000007c0000000, 0x00000007c0000000)
  eden space 977920K, 0% used [0x0000000781800000,0x0000000781800000,0x00000007bd300000)
  from space 18944K, 99% used [0x00000007bd300000,0x00000007be570528,0x00000007be580000)
  to   space 23552K, 0% used [0x00000007be900000,0x00000007be900000,0x00000007c0000000)
 ParOldGen       total 2252800K, used 361769K [0x00000006f8000000, 0x0000000781800000, 0x0000000781800000)
  object space 2252800K, 16% used [0x00000006f8000000,0x000000070e14a520,0x0000000781800000)
 Metaspace       used 189362K, capacity 198126K, committed 198208K, reserved 1222656K
  class space    used 22574K, capacity 24131K, committed 24192K, reserved 1048576K
}
{Heap before GC invocations=251 (full 5):
 PSYoungGen      total 996864K, used 996801K [0x0000000781800000, 0x00000007c0000000, 0x00000007c0000000)
  eden space 977920K, 100% used [0x0000000781800000,0x00000007bd300000,0x00000007bd300000)
  from space 18944K, 99% used [0x00000007bd300000,0x00000007be570528,0x00000007be580000)
  to   space 23552K, 0% used [0x00000007be900000,0x00000007be900000,0x00000007c0000000)
 ParOldGen       total 2252800K, used 361769K [0x00000006f8000000, 0x0000000781800000, 0x0000000781800000)
  object space 2252800K, 16% used [0x00000006f8000000,0x000000070e14a520,0x0000000781800000)
 Metaspace       used 189375K, capacity 198138K, committed 198208K, reserved 1222656K
  class space    used 22577K, capacity 24135K, committed 24192K, reserved 1048576K
2022-06-20T08:55:37.783+0800: 3310.075: [GC (Allocation Failure) [PSYoungGen: 996801K->20832K(998400K)] 1358570K->382633K(3251200K), 0.0218942 secs] [Times: user=0.06 sys=0.00, real=0.02 secs] 
Heap after GC invocations=251 (full 5):
 PSYoungGen      total 998400K, used 20832K [0x0000000781800000, 0x00000007c0000000, 0x00000007c0000000)
  eden space 974848K, 0% used [0x0000000781800000,0x0000000781800000,0x00000007bd000000)
  from space 23552K, 88% used [0x00000007be900000,0x00000007bfd580a8,0x00000007c0000000)
  to   space 24576K, 0% used [0x00000007bd000000,0x00000007bd000000,0x00000007be800000)
 ParOldGen       total 2252800K, used 361801K [0x00000006f8000000, 0x0000000781800000, 0x0000000781800000)
  object space 2252800K, 16% used [0x00000006f8000000,0x000000070e152520,0x0000000781800000)
 Metaspace       used 189375K, capacity 198138K, committed 198208K, reserved 1222656K
  class space    used 22577K, capacity 24135K, committed 24192K, reserved 1048576K
}
{Heap before GC invocations=252 (full 5):
 PSYoungGen      total 998400K, used 995680K [0x0000000781800000, 0x00000007c0000000, 0x00000007c0000000)
  eden space 974848K, 100% used [0x0000000781800000,0x00000007bd000000,0x00000007bd000000)
  from space 23552K, 88% used [0x00000007be900000,0x00000007bfd580a8,0x00000007c0000000)
  to   space 24576K, 0% used [0x00000007bd000000,0x00000007bd000000,0x00000007be800000)
 ParOldGen       total 2252800K, used 361801K [0x00000006f8000000, 0x0000000781800000, 0x0000000781800000)
  object space 2252800K, 16% used [0x00000006f8000000,0x000000070e152520,0x0000000781800000)
 Metaspace       used 189388K, capacity 198144K, committed 198208K, reserved 1222656K
  class space    used 22578K, capacity 24136K, committed 24192K, reserved 1048576K
2022-06-20T08:55:57.368+0800: 3329.661: [GC (Allocation Failure) [PSYoungGen: 995680K->18511K(999424K)] 1357481K->380360K(3252224K), 0.0218299 secs] [Times: user=0.06 sys=0.00, real=0.02 secs] 
Heap after GC invocations=252 (full 5):
 PSYoungGen      total 999424K, used 18511K [0x0000000781800000, 0x00000007c0000000, 0x00000007c0000000)
  eden space 974848K, 0% used [0x0000000781800000,0x0000000781800000,0x00000007bd000000)
  from space 24576K, 75% used [0x00000007bd000000,0x00000007be213e58,0x00000007be800000)
  to   space 24064K, 0% used [0x00000007be880000,0x00000007be880000,0x00000007c0000000)
 ParOldGen       total 2252800K, used 361849K [0x00000006f8000000, 0x0000000781800000, 0x0000000781800000)
  object space 2252800K, 16% used [0x00000006f8000000,0x000000070e15e540,0x0000000781800000)
 Metaspace       used 189388K, capacity 198144K, committed 198208K, reserved 1222656K
  class space    used 22578K, capacity 24136K, committed 24192K, reserved 1048576K
}
{Heap before GC invocations=253 (full 5):
 PSYoungGen      total 999424K, used 993359K [0x0000000781800000, 0x00000007c0000000, 0x00000007c0000000)
  eden space 974848K, 100% used [0x0000000781800000,0x00000007bd000000,0x00000007bd000000)
  from space 24576K, 75% used [0x00000007bd000000,0x00000007be213e58,0x00000007be800000)
  to   space 24064K, 0% used [0x00000007be880000,0x00000007be880000,0x00000007c0000000)
 ParOldGen       total 2252800K, used 361849K [0x00000006f8000000, 0x0000000781800000, 0x0000000781800000)
  object space 2252800K, 16% used [0x00000006f8000000,0x000000070e15e540,0x0000000781800000)
 Metaspace       used 189452K, capacity 198226K, committed 198464K, reserved 1224704K
  class space    used 22582K, capacity 24139K, committed 24192K, reserved 1048576K
2022-06-20T08:56:12.067+0800: 3344.360: [GC (Allocation Failure) [PSYoungGen: 993359K->22519K(996864K)] 1355208K->384400K(3249664K), 0.0195714 secs] [Times: user=0.06 sys=0.00, real=0.02 secs] 
Heap after GC invocations=253 (full 5):
 PSYoungGen      total 996864K, used 22519K [0x0000000781800000, 0x00000007c0000000, 0x00000007c0000000)
  eden space 972800K, 0% used [0x0000000781800000,0x0000000781800000,0x00000007bce00000)
  from space 24064K, 93% used [0x00000007be880000,0x00000007bfe7deb8,0x00000007c0000000)
  to   space 25600K, 0% used [0x00000007bce00000,0x00000007bce00000,0x00000007be700000)
 ParOldGen       total 2252800K, used 361881K [0x00000006f8000000, 0x0000000781800000, 0x0000000781800000)
  object space 2252800K, 16% used [0x00000006f8000000,0x000000070e166540,0x0000000781800000)
 Metaspace       used 189452K, capacity 198226K, committed 198464K, reserved 1224704K
  class space    used 22582K, capacity 24139K, committed 24192K, reserved 1048576K
}
{Heap before GC invocations=254 (full 5):
 PSYoungGen      total 996864K, used 995319K [0x0000000781800000, 0x00000007c0000000, 0x00000007c0000000)
  eden space 972800K, 100% used [0x0000000781800000,0x00000007bce00000,0x00000007bce00000)
  from space 24064K, 93% used [0x00000007be880000,0x00000007bfe7deb8,0x00000007c0000000)
  to   space 25600K, 0% used [0x00000007bce00000,0x00000007bce00000,0x00000007be700000)
 ParOldGen       total 2252800K, used 361881K [0x00000006f8000000, 0x0000000781800000, 0x0000000781800000)
  object space 2252800K, 16% used [0x00000006f8000000,0x000000070e166540,0x0000000781800000)
 Metaspace       used 189639K, capacity 198492K, committed 198720K, reserved 1224704K
  class space    used 22602K, capacity 24172K, committed 24192K, reserved 1048576K
2022-06-20T08:56:34.006+0800: 3366.299: [GC (Allocation Failure) [PSYoungGen: 995319K->22093K(995328K)] 1357200K->384006K(3248128K), 0.0199475 secs] [Times: user=0.06 sys=0.00, real=0.02 secs] 
Heap after GC invocations=254 (full 5):
 PSYoungGen      total 995328K, used 22093K [0x0000000781800000, 0x00000007c0000000, 0x00000007c0000000)
  eden space 972800K, 0% used [0x0000000781800000,0x0000000781800000,0x00000007bce00000)
  from space 22528K, 98% used [0x00000007bce00000,0x00000007be393430,0x00000007be400000)
  to   space 26624K, 0% used [0x00000007be600000,0x00000007be600000,0x00000007c0000000)
 ParOldGen       total 2252800K, used 361913K [0x00000006f8000000, 0x0000000781800000, 0x0000000781800000)
  object space 2252800K, 16% used [0x00000006f8000000,0x000000070e16e540,0x0000000781800000)
 Metaspace       used 189639K, capacity 198492K, committed 198720K, reserved 1224704K
  class space    used 22602K, capacity 24172K, committed 24192K, reserved 1048576K
}
{Heap before GC invocations=255 (full 5):
 PSYoungGen      total 995328K, used 994893K [0x0000000781800000, 0x00000007c0000000, 0x00000007c0000000)
  eden space 972800K, 100% used [0x0000000781800000,0x00000007bce00000,0x00000007bce00000)
  from space 22528K, 98% used [0x00000007bce00000,0x00000007be393430,0x00000007be400000)
  to   space 26624K, 0% used [0x00000007be600000,0x00000007be600000,0x00000007c0000000)
 ParOldGen       total 2252800K, used 361913K [0x00000006f8000000, 0x0000000781800000, 0x0000000781800000)
  object space 2252800K, 16% used [0x00000006f8000000,0x000000070e16e540,0x0000000781800000)
 Metaspace       used 189900K, capacity 198820K, committed 199104K, reserved 1224704K
  class space    used 22624K, capacity 24194K, committed 24320K, reserved 1048576K
2022-06-20T08:56:55.283+0800: 3387.576: [GC (Allocation Failure) [PSYoungGen: 994893K->23372K(995328K)] 1356806K->385390K(3248128K), 0.0348975 secs] [Times: user=0.08 sys=0.04, real=0.04 secs] 
Heap after GC invocations=255 (full 5):
 PSYoungGen      total 995328K, used 23372K [0x0000000781800000, 0x00000007c0000000, 0x00000007c0000000)
  eden space 968704K, 0% used [0x0000000781800000,0x0000000781800000,0x00000007bca00000)
  from space 26624K, 87% used [0x00000007be600000,0x00000007bfcd3370,0x00000007c0000000)
  to   space 27648K, 0% used [0x00000007bca00000,0x00000007bca00000,0x00000007be500000)
 ParOldGen       total 2252800K, used 362017K [0x00000006f8000000, 0x0000000781800000, 0x0000000781800000)
  object space 2252800K, 16% used [0x00000006f8000000,0x000000070e188560,0x0000000781800000)
 Metaspace       used 189900K, capacity 198820K, committed 199104K, reserved 1224704K
  class space    used 22624K, capacity 24194K, committed 24320K, reserved 1048576K
}
{Heap before GC invocations=256 (full 5):
 PSYoungGen      total 995328K, used 992076K [0x0000000781800000, 0x00000007c0000000, 0x00000007c0000000)
  eden space 968704K, 100% used [0x0000000781800000,0x00000007bca00000,0x00000007bca00000)
  from space 26624K, 87% used [0x00000007be600000,0x00000007bfcd3370,0x00000007c0000000)
  to   space 27648K, 0% used [0x00000007bca00000,0x00000007bca00000,0x00000007be500000)
 ParOldGen       total 2252800K, used 362017K [0x00000006f8000000, 0x0000000781800000, 0x0000000781800000)
  object space 2252800K, 16% used [0x00000006f8000000,0x000000070e188560,0x0000000781800000)
 Metaspace       used 189909K, capacity 198820K, committed 199104K, reserved 1224704K
  class space    used 22624K, capacity 24194K, committed 24320K, reserved 1048576K
2022-06-20T08:57:16.165+0800: 3408.457: [GC (Allocation Failure) [PSYoungGen: 992076K->21634K(996352K)] 1354094K->383866K(3249152K), 0.0231957 secs] [Times: user=0.06 sys=0.01, real=0.03 secs] 
Heap after GC invocations=256 (full 5):
 PSYoungGen      total 996352K, used 21634K [0x0000000781800000, 0x00000007c0000000, 0x00000007c0000000)
  eden space 968704K, 0% used [0x0000000781800000,0x0000000781800000,0x00000007bca00000)
  from space 27648K, 78% used [0x00000007bca00000,0x00000007bdf20988,0x00000007be500000)
  to   space 27648K, 0% used [0x00000007be500000,0x00000007be500000,0x00000007c0000000)
 ParOldGen       total 2252800K, used 362231K [0x00000006f8000000, 0x0000000781800000, 0x0000000781800000)
  object space 2252800K, 16% used [0x00000006f8000000,0x000000070e1bde80,0x0000000781800000)
 Metaspace       used 189909K, capacity 198820K, committed 199104K, reserved 1224704K
  class space    used 22624K, capacity 24194K, committed 24320K, reserved 1048576K
}
{Heap before GC invocations=257 (full 5):
 PSYoungGen      total 996352K, used 990338K [0x0000000781800000, 0x00000007c0000000, 0x00000007c0000000)
  eden space 968704K, 100% used [0x0000000781800000,0x00000007bca00000,0x00000007bca00000)
  from space 27648K, 78% used [0x00000007bca00000,0x00000007bdf20988,0x00000007be500000)
  to   space 27648K, 0% used [0x00000007be500000,0x00000007be500000,0x00000007c0000000)
 ParOldGen       total 2252800K, used 362231K [0x00000006f8000000, 0x0000000781800000, 0x0000000781800000)
  object space 2252800K, 16% used [0x00000006f8000000,0x000000070e1bde80,0x0000000781800000)
 Metaspace       used 189939K, capacity 198920K, committed 199104K, reserved 1224704K
  class space    used 22629K, capacity 24200K, committed 24320K, reserved 1048576K
2022-06-20T08:57:35.154+0800: 3427.447: [GC (Allocation Failure) [PSYoungGen: 990338K->17050K(996864K)] 1352570K->383515K(3249664K), 0.0227215 secs] [Times: user=0.06 sys=0.01, real=0.03 secs] 
Heap after GC invocations=257 (full 5):
 PSYoungGen      total 996864K, used 17050K [0x0000000781800000, 0x00000007c0000000, 0x00000007c0000000)
  eden space 969216K, 0% used [0x0000000781800000,0x0000000781800000,0x00000007bca80000)
  from space 27648K, 61% used [0x00000007be500000,0x00000007bf5a6b98,0x00000007c0000000)
  to   space 27136K, 0% used [0x00000007bca80000,0x00000007bca80000,0x00000007be500000)
 ParOldGen       total 2252800K, used 366464K [0x00000006f8000000, 0x0000000781800000, 0x0000000781800000)
  object space 2252800K, 16% used [0x00000006f8000000,0x000000070e5e01d8,0x0000000781800000)
 Metaspace       used 189939K, capacity 198920K, committed 199104K, reserved 1224704K
  class space    used 22629K, capacity 24200K, committed 24320K, reserved 1048576K
}
{Heap before GC invocations=258 (full 5):
 PSYoungGen      total 996864K, used 986266K [0x0000000781800000, 0x00000007c0000000, 0x00000007c0000000)
  eden space 969216K, 100% used [0x0000000781800000,0x00000007bca80000,0x00000007bca80000)
  from space 27648K, 61% used [0x00000007be500000,0x00000007bf5a6b98,0x00000007c0000000)
  to   space 27136K, 0% used [0x00000007bca80000,0x00000007bca80000,0x00000007be500000)
 ParOldGen       total 2252800K, used 366464K [0x00000006f8000000, 0x0000000781800000, 0x0000000781800000)
  object space 2252800K, 16% used [0x00000006f8000000,0x000000070e5e01d8,0x0000000781800000)
 Metaspace       used 190004K, capacity 199082K, committed 199360K, reserved 1224704K
  class space    used 22642K, capacity 24217K, committed 24320K, reserved 1048576K
2022-06-20T08:57:50.014+0800: 3442.307: [GC (Allocation Failure) [PSYoungGen: 986266K->17661K(996352K)] 1352731K->384166K(3249152K), 0.0163531 secs] [Times: user=0.04 sys=0.02, real=0.02 secs] 
Heap after GC invocations=258 (full 5):
 PSYoungGen      total 996352K, used 17661K [0x0000000781800000, 0x00000007c0000000, 0x00000007c0000000)
  eden space 969216K, 0% used [0x0000000781800000,0x0000000781800000,0x00000007bca80000)
  from space 27136K, 65% used [0x00000007bca80000,0x00000007bdbbf6c8,0x00000007be500000)
  to   space 26624K, 0% used [0x00000007be600000,0x00000007be600000,0x00000007c0000000)
 ParOldGen       total 2252800K, used 366504K [0x00000006f8000000, 0x0000000781800000, 0x0000000781800000)
  object space 2252800K, 16% used [0x00000006f8000000,0x000000070e5ea1d8,0x0000000781800000)
 Metaspace       used 190004K, capacity 199082K, committed 199360K, reserved 1224704K
  class space    used 22642K, capacity 24217K, committed 24320K, reserved 1048576K
}
{Heap before GC invocations=259 (full 5):
 PSYoungGen      total 996352K, used 986877K [0x0000000781800000, 0x00000007c0000000, 0x00000007c0000000)
  eden space 969216K, 100% used [0x0000000781800000,0x00000007bca80000,0x00000007bca80000)
  from space 27136K, 65% used [0x00000007bca80000,0x00000007bdbbf6c8,0x00000007be500000)
  to   space 26624K, 0% used [0x00000007be600000,0x00000007be600000,0x00000007c0000000)
 ParOldGen       total 2252800K, used 366504K [0x00000006f8000000, 0x0000000781800000, 0x0000000781800000)
  object space 2252800K, 16% used [0x00000006f8000000,0x000000070e5ea1d8,0x0000000781800000)
 Metaspace       used 190068K, capacity 199184K, committed 199360K, reserved 1224704K
  class space    used 22651K, capacity 24234K, committed 24320K, reserved 1048576K
2022-06-20T08:58:14.657+0800: 3466.950: [GC (Allocation Failure) [PSYoungGen: 986877K->18073K(997888K)] 1353382K->384641K(3250688K), 0.0234651 secs] [Times: user=0.06 sys=0.02, real=0.02 secs] 
Heap after GC invocations=259 (full 5):
 PSYoungGen      total 997888K, used 18073K [0x0000000781800000, 0x00000007c0000000, 0x00000007c0000000)
  eden space 971264K, 0% used [0x0000000781800000,0x0000000781800000,0x00000007bcc80000)
  from space 26624K, 67% used [0x00000007be600000,0x00000007bf7a6580,0x00000007c0000000)
  to   space 26112K, 0% used [0x00000007bcc80000,0x00000007bcc80000,0x00000007be600000)
 ParOldGen       total 2252800K, used 366568K [0x00000006f8000000, 0x0000000781800000, 0x0000000781800000)
  object space 2252800K, 16% used [0x00000006f8000000,0x000000070e5fa208,0x0000000781800000)
 Metaspace       used 190068K, capacity 199184K, committed 199360K, reserved 1224704K
  class space    used 22651K, capacity 24234K, committed 24320K, reserved 1048576K
}
{Heap before GC invocations=260 (full 5):
 PSYoungGen      total 997888K, used 989337K [0x0000000781800000, 0x00000007c0000000, 0x00000007c0000000)
  eden space 971264K, 100% used [0x0000000781800000,0x00000007bcc80000,0x00000007bcc80000)
  from space 26624K, 67% used [0x00000007be600000,0x00000007bf7a6580,0x00000007c0000000)
  to   space 26112K, 0% used [0x00000007bcc80000,0x00000007bcc80000,0x00000007be600000)
 ParOldGen       total 2252800K, used 366568K [0x00000006f8000000, 0x0000000781800000, 0x0000000781800000)
  object space 2252800K, 16% used [0x00000006f8000000,0x000000070e5fa208,0x0000000781800000)
 Metaspace       used 190193K, capacity 199286K, committed 199360K, reserved 1224704K
  class space    used 22666K, capacity 24267K, committed 24320K, reserved 1048576K
2022-06-20T08:58:29.885+0800: 3482.177: [GC (Allocation Failure) [PSYoungGen: 989337K->19645K(997376K)] 1355905K->386709K(3250176K), 0.0199763 secs] [Times: user=0.05 sys=0.01, real=0.02 secs] 
Heap after GC invocations=260 (full 5):
 PSYoungGen      total 997376K, used 19645K [0x0000000781800000, 0x00000007c0000000, 0x00000007c0000000)
  eden space 971264K, 0% used [0x0000000781800000,0x0000000781800000,0x00000007bcc80000)
  from space 26112K, 75% used [0x00000007bcc80000,0x00000007bdfaf680,0x00000007be600000)
  to   space 25600K, 0% used [0x00000007be700000,0x00000007be700000,0x00000007c0000000)
 ParOldGen       total 2252800K, used 367063K [0x00000006f8000000, 0x0000000781800000, 0x0000000781800000)
  object space 2252800K, 16% used [0x00000006f8000000,0x000000070e675f38,0x0000000781800000)
 Metaspace       used 190193K, capacity 199286K, committed 199360K, reserved 1224704K
  class space    used 22666K, capacity 24267K, committed 24320K, reserved 1048576K
}
{Heap before GC invocations=261 (full 5):
 PSYoungGen      total 997376K, used 990909K [0x0000000781800000, 0x00000007c0000000, 0x00000007c0000000)
  eden space 971264K, 100% used [0x0000000781800000,0x00000007bcc80000,0x00000007bcc80000)
  from space 26112K, 75% used [0x00000007bcc80000,0x00000007bdfaf680,0x00000007be600000)
  to   space 25600K, 0% used [0x00000007be700000,0x00000007be700000,0x00000007c0000000)
 ParOldGen       total 2252800K, used 367063K [0x00000006f8000000, 0x0000000781800000, 0x0000000781800000)
  object space 2252800K, 16% used [0x00000006f8000000,0x000000070e675f38,0x0000000781800000)
 Metaspace       used 190259K, capacity 199460K, committed 199616K, reserved 1224704K
  class space    used 22684K, capacity 24296K, committed 24320K, reserved 1048576K
2022-06-20T08:58:44.632+0800: 3496.924: [GC (Allocation Failure) [PSYoungGen: 990909K->17446K(998912K)] 1357973K->384542K(3251712K), 0.0298703 secs] [Times: user=0.06 sys=0.03, real=0.03 secs] 
Heap after GC invocations=261 (full 5):
 PSYoungGen      total 998912K, used 17446K [0x0000000781800000, 0x00000007c0000000, 0x00000007c0000000)
  eden space 973312K, 0% used [0x0000000781800000,0x0000000781800000,0x00000007bce80000)
  from space 25600K, 68% used [0x00000007be700000,0x00000007bf8098e0,0x00000007c0000000)
  to   space 25088K, 0% used [0x00000007bce80000,0x00000007bce80000,0x00000007be700000)
 ParOldGen       total 2252800K, used 367095K [0x00000006f8000000, 0x0000000781800000, 0x0000000781800000)
  object space 2252800K, 16% used [0x00000006f8000000,0x000000070e67df38,0x0000000781800000)
 Metaspace       used 190259K, capacity 199460K, committed 199616K, reserved 1224704K
  class space    used 22684K, capacity 24296K, committed 24320K, reserved 1048576K
}
{Heap before GC invocations=262 (full 5):
 PSYoungGen      total 998912K, used 990758K [0x0000000781800000, 0x00000007c0000000, 0x00000007c0000000)
  eden space 973312K, 100% used [0x0000000781800000,0x00000007bce80000,0x00000007bce80000)
  from space 25600K, 68% used [0x00000007be700000,0x00000007bf8098e0,0x00000007c0000000)
  to   space 25088K, 0% used [0x00000007bce80000,0x00000007bce80000,0x00000007be700000)
 ParOldGen       total 2252800K, used 367095K [0x00000006f8000000, 0x0000000781800000, 0x0000000781800000)
  object space 2252800K, 16% used [0x00000006f8000000,0x000000070e67df38,0x0000000781800000)
 Metaspace       used 190265K, capacity 199460K, committed 199616K, reserved 1224704K
  class space    used 22684K, capacity 24296K, committed 24320K, reserved 1048576K
2022-06-20T08:58:58.399+0800: 3510.692: [GC (Allocation Failure) [PSYoungGen: 990758K->17202K(998400K)] 1357854K->384497K(3251200K), 0.0168094 secs] [Times: user=0.05 sys=0.00, real=0.02 secs] 
Heap after GC invocations=262 (full 5):
 PSYoungGen      total 998400K, used 17202K [0x0000000781800000, 0x00000007c0000000, 0x00000007c0000000)
  eden space 973312K, 0% used [0x0000000781800000,0x0000000781800000,0x00000007bce80000)
  from space 25088K, 68% used [0x00000007bce80000,0x00000007bdf4ca58,0x00000007be700000)
  to   space 24576K, 0% used [0x00000007be800000,0x00000007be800000,0x00000007c0000000)
 ParOldGen       total 2252800K, used 367294K [0x00000006f8000000, 0x0000000781800000, 0x0000000781800000)
  object space 2252800K, 16% used [0x00000006f8000000,0x000000070e6af9e0,0x0000000781800000)
 Metaspace       used 190265K, capacity 199460K, committed 199616K, reserved 1224704K
  class space    used 22684K, capacity 24296K, committed 24320K, reserved 1048576K
}
{Heap before GC invocations=263 (full 5):
 PSYoungGen      total 998400K, used 990514K [0x0000000781800000, 0x00000007c0000000, 0x00000007c0000000)
  eden space 973312K, 100% used [0x0000000781800000,0x00000007bce80000,0x00000007bce80000)
  from space 25088K, 68% used [0x00000007bce80000,0x00000007bdf4ca58,0x00000007be700000)
  to   space 24576K, 0% used [0x00000007be800000,0x00000007be800000,0x00000007c0000000)
 ParOldGen       total 2252800K, used 367294K [0x00000006f8000000, 0x0000000781800000, 0x0000000781800000)
  object space 2252800K, 16% used [0x00000006f8000000,0x000000070e6af9e0,0x0000000781800000)
 Metaspace       used 190278K, capacity 199464K, committed 199616K, reserved 1224704K
  class space    used 22684K, capacity 24296K, committed 24320K, reserved 1048576K
2022-06-20T08:59:14.802+0800: 3527.095: [GC (Allocation Failure) [PSYoungGen: 990514K->21223K(998400K)] 1357809K->388819K(3251200K), 0.0208085 secs] [Times: user=0.06 sys=0.01, real=0.02 secs] 
Heap after GC invocations=263 (full 5):
 PSYoungGen      total 998400K, used 21223K [0x0000000781800000, 0x00000007c0000000, 0x00000007c0000000)
  eden space 973824K, 0% used [0x0000000781800000,0x0000000781800000,0x00000007bcf00000)
  from space 24576K, 86% used [0x00000007be800000,0x00000007bfcb9da0,0x00000007c0000000)
  to   space 25088K, 0% used [0x00000007bcf00000,0x00000007bcf00000,0x00000007be780000)
 ParOldGen       total 2252800K, used 367596K [0x00000006f8000000, 0x0000000781800000, 0x0000000781800000)
  object space 2252800K, 16% used [0x00000006f8000000,0x000000070e6fb140,0x0000000781800000)
 Metaspace       used 190278K, capacity 199464K, committed 199616K, reserved 1224704K
  class space    used 22684K, capacity 24296K, committed 24320K, reserved 1048576K
}
{Heap before GC invocations=264 (full 5):
 PSYoungGen      total 998400K, used 995047K [0x0000000781800000, 0x00000007c0000000, 0x00000007c0000000)
  eden space 973824K, 100% used [0x0000000781800000,0x00000007bcf00000,0x00000007bcf00000)
  from space 24576K, 86% used [0x00000007be800000,0x00000007bfcb9da0,0x00000007c0000000)
  to   space 25088K, 0% used [0x00000007bcf00000,0x00000007bcf00000,0x00000007be780000)
 ParOldGen       total 2252800K, used 367596K [0x00000006f8000000, 0x0000000781800000, 0x0000000781800000)
  object space 2252800K, 16% used [0x00000006f8000000,0x000000070e6fb140,0x0000000781800000)
 Metaspace       used 190278K, capacity 199464K, committed 199616K, reserved 1224704K
  class space    used 22684K, capacity 24296K, committed 24320K, reserved 1048576K
2022-06-20T08:59:28.544+0800: 3540.837: [GC (Allocation Failure) [PSYoungGen: 995047K->16353K(998912K)] 1362643K->384486K(3251712K), 0.0213913 secs] [Times: user=0.05 sys=0.02, real=0.02 secs] 
Heap after GC invocations=264 (full 5):
 PSYoungGen      total 998912K, used 16353K [0x0000000781800000, 0x00000007c0000000, 0x00000007c0000000)
  eden space 973824K, 0% used [0x0000000781800000,0x0000000781800000,0x00000007bcf00000)
  from space 25088K, 65% used [0x00000007bcf00000,0x00000007bdef8708,0x00000007be780000)
  to   space 25088K, 0% used [0x00000007be780000,0x00000007be780000,0x00000007c0000000)
 ParOldGen       total 2252800K, used 368132K [0x00000006f8000000, 0x0000000781800000, 0x0000000781800000)
  object space 2252800K, 16% used [0x00000006f8000000,0x000000070e781140,0x0000000781800000)
 Metaspace       used 190278K, capacity 199464K, committed 199616K, reserved 1224704K
  class space    used 22684K, capacity 24296K, committed 24320K, reserved 1048576K
}
{Heap before GC invocations=265 (full 5):
 PSYoungGen      total 998912K, used 990177K [0x0000000781800000, 0x00000007c0000000, 0x00000007c0000000)
  eden space 973824K, 100% used [0x0000000781800000,0x00000007bcf00000,0x00000007bcf00000)
  from space 25088K, 65% used [0x00000007bcf00000,0x00000007bdef8708,0x00000007be780000)
  to   space 25088K, 0% used [0x00000007be780000,0x00000007be780000,0x00000007c0000000)
 ParOldGen       total 2252800K, used 368132K [0x00000006f8000000, 0x0000000781800000, 0x0000000781800000)
  object space 2252800K, 16% used [0x00000006f8000000,0x000000070e781140,0x0000000781800000)
 Metaspace       used 190332K, capacity 199540K, committed 199616K, reserved 1224704K
  class space    used 22689K, capacity 24299K, committed 24320K, reserved 1048576K
2022-06-20T08:59:40.409+0800: 3552.702: [GC (Allocation Failure) [PSYoungGen: 990177K->18136K(999424K)] 1358310K->386557K(3252224K), 0.0285226 secs] [Times: user=0.06 sys=0.01, real=0.03 secs] 
Heap after GC invocations=265 (full 5):
 PSYoungGen      total 999424K, used 18136K [0x0000000781800000, 0x00000007c0000000, 0x00000007c0000000)
  eden space 974336K, 0% used [0x0000000781800000,0x0000000781800000,0x00000007bcf80000)
  from space 25088K, 72% used [0x00000007be780000,0x00000007bf936368,0x00000007c0000000)
  to   space 24576K, 0% used [0x00000007bcf80000,0x00000007bcf80000,0x00000007be780000)
 ParOldGen       total 2252800K, used 368420K [0x00000006f8000000, 0x0000000781800000, 0x0000000781800000)
  object space 2252800K, 16% used [0x00000006f8000000,0x000000070e7c9378,0x0000000781800000)
 Metaspace       used 190332K, capacity 199540K, committed 199616K, reserved 1224704K
  class space    used 22689K, capacity 24299K, committed 24320K, reserved 1048576K
}
{Heap before GC invocations=266 (full 5):
 PSYoungGen      total 999424K, used 992472K [0x0000000781800000, 0x00000007c0000000, 0x00000007c0000000)
  eden space 974336K, 100% used [0x0000000781800000,0x00000007bcf80000,0x00000007bcf80000)
  from space 25088K, 72% used [0x00000007be780000,0x00000007bf936368,0x00000007c0000000)
  to   space 24576K, 0% used [0x00000007bcf80000,0x00000007bcf80000,0x00000007be780000)
 ParOldGen       total 2252800K, used 368420K [0x00000006f8000000, 0x0000000781800000, 0x0000000781800000)
  object space 2252800K, 16% used [0x00000006f8000000,0x000000070e7c9378,0x0000000781800000)
 Metaspace       used 190337K, capacity 199540K, committed 199616K, reserved 1224704K
  class space    used 22689K, capacity 24299K, committed 24320K, reserved 1048576K
2022-06-20T08:59:54.640+0800: 3566.933: [GC (Allocation Failure) [PSYoungGen: 992472K->16234K(998912K)] 1360893K->384703K(3251712K), 0.0181105 secs] [Times: user=0.06 sys=0.00, real=0.02 secs] 
Heap after GC invocations=266 (full 5):
 PSYoungGen      total 998912K, used 16234K [0x0000000781800000, 0x00000007c0000000, 0x00000007c0000000)
  eden space 974336K, 0% used [0x0000000781800000,0x0000000781800000,0x00000007bcf80000)
  from space 24576K, 66% used [0x00000007bcf80000,0x00000007bdf5aa68,0x00000007be780000)
  to   space 24064K, 0% used [0x00000007be880000,0x00000007be880000,0x00000007c0000000)
 ParOldGen       total 2252800K, used 368468K [0x00000006f8000000, 0x0000000781800000, 0x0000000781800000)
  object space 2252800K, 16% used [0x00000006f8000000,0x000000070e7d5378,0x0000000781800000)
 Metaspace       used 190337K, capacity 199540K, committed 199616K, reserved 1224704K
  class space    used 22689K, capacity 24299K, committed 24320K, reserved 1048576K
}
{Heap before GC invocations=267 (full 5):
 PSYoungGen      total 998912K, used 990570K [0x0000000781800000, 0x00000007c0000000, 0x00000007c0000000)
  eden space 974336K, 100% used [0x0000000781800000,0x00000007bcf80000,0x00000007bcf80000)
  from space 24576K, 66% used [0x00000007bcf80000,0x00000007bdf5aa68,0x00000007be780000)
  to   space 24064K, 0% used [0x00000007be880000,0x00000007be880000,0x00000007c0000000)
 ParOldGen       total 2252800K, used 368468K [0x00000006f8000000, 0x0000000781800000, 0x0000000781800000)
  object space 2252800K, 16% used [0x00000006f8000000,0x000000070e7d5378,0x0000000781800000)
 Metaspace       used 190413K, capacity 199616K, committed 199872K, reserved 1224704K
  class space    used 22693K, capacity 24301K, committed 24320K, reserved 1048576K
2022-06-20T09:00:07.740+0800: 3580.033: [GC (Allocation Failure) [PSYoungGen: 990570K->16789K(999936K)] 1359039K->385298K(3252736K), 0.0226643 secs] [Times: user=0.06 sys=0.02, real=0.02 secs] 
Heap after GC invocations=267 (full 5):
 PSYoungGen      total 999936K, used 16789K [0x0000000781800000, 0x00000007c0000000, 0x00000007c0000000)
  eden space 975872K, 0% used [0x0000000781800000,0x0000000781800000,0x00000007bd100000)
  from space 24064K, 69% used [0x00000007be880000,0x00000007bf8e5600,0x00000007c0000000)
  to   space 24064K, 0% used [0x00000007bd100000,0x00000007bd100000,0x00000007be880000)
 ParOldGen       total 2252800K, used 368508K [0x00000006f8000000, 0x0000000781800000, 0x0000000781800000)
  object space 2252800K, 16% used [0x00000006f8000000,0x000000070e7df378,0x0000000781800000)
 Metaspace       used 190413K, capacity 199616K, committed 199872K, reserved 1224704K
  class space    used 22693K, capacity 24301K, committed 24320K, reserved 1048576K
}
{Heap before GC invocations=268 (full 5):
 PSYoungGen      total 999936K, used 992661K [0x0000000781800000, 0x00000007c0000000, 0x00000007c0000000)
  eden space 975872K, 100% used [0x0000000781800000,0x00000007bd100000,0x00000007bd100000)
  from space 24064K, 69% used [0x00000007be880000,0x00000007bf8e5600,0x00000007c0000000)
  to   space 24064K, 0% used [0x00000007bd100000,0x00000007bd100000,0x00000007be880000)
 ParOldGen       total 2252800K, used 368508K [0x00000006f8000000, 0x0000000781800000, 0x0000000781800000)
  object space 2252800K, 16% used [0x00000006f8000000,0x000000070e7df378,0x0000000781800000)
 Metaspace       used 190518K, capacity 199764K, committed 199872K, reserved 1224704K
  class space    used 22696K, capacity 24303K, committed 24320K, reserved 1048576K
2022-06-20T09:00:40.300+0800: 3612.593: [GC (Allocation Failure) [PSYoungGen: 992661K->15772K(999936K)] 1361170K->385977K(3252736K), 0.0246237 secs] [Times: user=0.06 sys=0.02, real=0.02 secs] 
Heap after GC invocations=268 (full 5):
 PSYoungGen      total 999936K, used 15772K [0x0000000781800000, 0x00000007c0000000, 0x00000007c0000000)
  eden space 975872K, 0% used [0x0000000781800000,0x0000000781800000,0x00000007bd100000)
  from space 24064K, 65% used [0x00000007bd100000,0x00000007be067178,0x00000007be880000)
  to   space 23552K, 0% used [0x00000007be900000,0x00000007be900000,0x00000007c0000000)
 ParOldGen       total 2252800K, used 370205K [0x00000006f8000000, 0x0000000781800000, 0x0000000781800000)
  object space 2252800K, 16% used [0x00000006f8000000,0x000000070e9874c8,0x0000000781800000)
 Metaspace       used 190518K, capacity 199764K, committed 199872K, reserved 1224704K
  class space    used 22696K, capacity 24303K, committed 24320K, reserved 1048576K
}
{Heap before GC invocations=269 (full 5):
 PSYoungGen      total 999936K, used 991644K [0x0000000781800000, 0x00000007c0000000, 0x00000007c0000000)
  eden space 975872K, 100% used [0x0000000781800000,0x00000007bd100000,0x00000007bd100000)
  from space 24064K, 65% used [0x00000007bd100000,0x00000007be067178,0x00000007be880000)
  to   space 23552K, 0% used [0x00000007be900000,0x00000007be900000,0x00000007c0000000)
 ParOldGen       total 2252800K, used 370205K [0x00000006f8000000, 0x0000000781800000, 0x0000000781800000)
  object space 2252800K, 16% used [0x00000006f8000000,0x000000070e9874c8,0x0000000781800000)
 Metaspace       used 190541K, capacity 199770K, committed 199872K, reserved 1224704K
  class space    used 22696K, capacity 24304K, committed 24320K, reserved 1048576K
2022-06-20T09:00:57.051+0800: 3629.343: [GC (Allocation Failure) [PSYoungGen: 991644K->15841K(1000448K)] 1361849K->386355K(3253248K), 0.0177225 secs] [Times: user=0.05 sys=0.00, real=0.02 secs] 
Heap after GC invocations=269 (full 5):
 PSYoungGen      total 1000448K, used 15841K [0x0000000781800000, 0x00000007c0000000, 0x00000007c0000000)
  eden space 976896K, 0% used [0x0000000781800000,0x0000000781800000,0x00000007bd200000)
  from space 23552K, 67% used [0x00000007be900000,0x00000007bf8786a8,0x00000007c0000000)
  to   space 23552K, 0% used [0x00000007bd200000,0x00000007bd200000,0x00000007be900000)
 ParOldGen       total 2252800K, used 370513K [0x00000006f8000000, 0x0000000781800000, 0x0000000781800000)
  object space 2252800K, 16% used [0x00000006f8000000,0x000000070e9d4710,0x0000000781800000)
 Metaspace       used 190541K, capacity 199770K, committed 199872K, reserved 1224704K
  class space    used 22696K, capacity 24304K, committed 24320K, reserved 1048576K
}
{Heap before GC invocations=270 (full 5):
 PSYoungGen      total 1000448K, used 992737K [0x0000000781800000, 0x00000007c0000000, 0x00000007c0000000)
  eden space 976896K, 100% used [0x0000000781800000,0x00000007bd200000,0x00000007bd200000)
  from space 23552K, 67% used [0x00000007be900000,0x00000007bf8786a8,0x00000007c0000000)
  to   space 23552K, 0% used [0x00000007bd200000,0x00000007bd200000,0x00000007be900000)
 ParOldGen       total 2252800K, used 370513K [0x00000006f8000000, 0x0000000781800000, 0x0000000781800000)
  object space 2252800K, 16% used [0x00000006f8000000,0x000000070e9d4710,0x0000000781800000)
 Metaspace       used 190637K, capacity 199882K, committed 200128K, reserved 1224704K
  class space    used 22705K, capacity 24314K, committed 24320K, reserved 1048576K
2022-06-20T09:01:18.028+0800: 3650.321: [GC (Allocation Failure) [PSYoungGen: 992737K->21313K(998400K)] 1363251K->392535K(3251200K), 0.0174316 secs] [Times: user=0.05 sys=0.00, real=0.01 secs] 
Heap after GC invocations=270 (full 5):
 PSYoungGen      total 998400K, used 21313K [0x0000000781800000, 0x00000007c0000000, 0x00000007c0000000)
  eden space 976896K, 0% used [0x0000000781800000,0x0000000781800000,0x00000007bd200000)
  from space 21504K, 99% used [0x00000007bd200000,0x00000007be6d0750,0x00000007be700000)
  to   space 24064K, 0% used [0x00000007be880000,0x00000007be880000,0x00000007c0000000)
 ParOldGen       total 2252800K, used 371221K [0x00000006f8000000, 0x0000000781800000, 0x0000000781800000)
  object space 2252800K, 16% used [0x00000006f8000000,0x000000070ea857e0,0x0000000781800000)
 Metaspace       used 190637K, capacity 199882K, committed 200128K, reserved 1224704K
  class space    used 22705K, capacity 24314K, committed 24320K, reserved 1048576K
}
{Heap before GC invocations=271 (full 5):
 PSYoungGen      total 998400K, used 998209K [0x0000000781800000, 0x00000007c0000000, 0x00000007c0000000)
  eden space 976896K, 100% used [0x0000000781800000,0x00000007bd200000,0x00000007bd200000)
  from space 21504K, 99% used [0x00000007bd200000,0x00000007be6d0750,0x00000007be700000)
  to   space 24064K, 0% used [0x00000007be880000,0x00000007be880000,0x00000007c0000000)
 ParOldGen       total 2252800K, used 371221K [0x00000006f8000000, 0x0000000781800000, 0x0000000781800000)
  object space 2252800K, 16% used [0x00000006f8000000,0x000000070ea857e0,0x0000000781800000)
 Metaspace       used 190709K, capacity 200008K, committed 200256K, reserved 1224704K
  class space    used 22721K, capacity 24335K, committed 24448K, reserved 1048576K
2022-06-20T09:01:31.212+0800: 3663.505: [GC (Allocation Failure) [PSYoungGen: 998209K->15636K(999936K)] 1369431K->386924K(3252736K), 0.0199239 secs] [Times: user=0.06 sys=0.00, real=0.02 secs] 
Heap after GC invocations=271 (full 5):
 PSYoungGen      total 999936K, used 15636K [0x0000000781800000, 0x00000007c0000000, 0x00000007c0000000)
  eden space 975872K, 0% used [0x0000000781800000,0x0000000781800000,0x00000007bd100000)
  from space 24064K, 64% used [0x00000007be880000,0x00000007bf7c52c0,0x00000007c0000000)
  to   space 24064K, 0% used [0x00000007bd100000,0x00000007bd100000,0x00000007be880000)
 ParOldGen       total 2252800K, used 371288K [0x00000006f8000000, 0x0000000781800000, 0x0000000781800000)
  object space 2252800K, 16% used [0x00000006f8000000,0x000000070ea960b8,0x0000000781800000)
 Metaspace       used 190709K, capacity 200008K, committed 200256K, reserved 1224704K
  class space    used 22721K, capacity 24335K, committed 24448K, reserved 1048576K
}
{Heap before GC invocations=272 (full 5):
 PSYoungGen      total 999936K, used 991508K [0x0000000781800000, 0x00000007c0000000, 0x00000007c0000000)
  eden space 975872K, 100% used [0x0000000781800000,0x00000007bd100000,0x00000007bd100000)
  from space 24064K, 64% used [0x00000007be880000,0x00000007bf7c52c0,0x00000007c0000000)
  to   space 24064K, 0% used [0x00000007bd100000,0x00000007bd100000,0x00000007be880000)
 ParOldGen       total 2252800K, used 371288K [0x00000006f8000000, 0x0000000781800000, 0x0000000781800000)
  object space 2252800K, 16% used [0x00000006f8000000,0x000000070ea960b8,0x0000000781800000)
 Metaspace       used 190760K, capacity 200100K, committed 200256K, reserved 1224704K
  class space    used 22723K, capacity 24339K, committed 24448K, reserved 1048576K
2022-06-20T09:01:48.732+0800: 3681.024: [GC (Allocation Failure) [PSYoungGen: 991508K->16337K(999936K)] 1362796K->387689K(3252736K), 0.0220283 secs] [Times: user=0.06 sys=0.00, real=0.02 secs] 
Heap after GC invocations=272 (full 5):
 PSYoungGen      total 999936K, used 16337K [0x0000000781800000, 0x00000007c0000000, 0x00000007c0000000)
  eden space 975872K, 0% used [0x0000000781800000,0x0000000781800000,0x00000007bd100000)
  from space 24064K, 67% used [0x00000007bd100000,0x00000007be0f4458,0x00000007be880000)
  to   space 23552K, 0% used [0x00000007be900000,0x00000007be900000,0x00000007c0000000)
 ParOldGen       total 2252800K, used 371352K [0x00000006f8000000, 0x0000000781800000, 0x0000000781800000)
  object space 2252800K, 16% used [0x00000006f8000000,0x000000070eaa60c8,0x0000000781800000)
 Metaspace       used 190760K, capacity 200100K, committed 200256K, reserved 1224704K
  class space    used 22723K, capacity 24339K, committed 24448K, reserved 1048576K
}
{Heap before GC invocations=273 (full 5):
 PSYoungGen      total 999936K, used 992209K [0x0000000781800000, 0x00000007c0000000, 0x00000007c0000000)
  eden space 975872K, 100% used [0x0000000781800000,0x00000007bd100000,0x00000007bd100000)
  from space 24064K, 67% used [0x00000007bd100000,0x00000007be0f4458,0x00000007be880000)
  to   space 23552K, 0% used [0x00000007be900000,0x00000007be900000,0x00000007c0000000)
 ParOldGen       total 2252800K, used 371352K [0x00000006f8000000, 0x0000000781800000, 0x0000000781800000)
  object space 2252800K, 16% used [0x00000006f8000000,0x000000070eaa60c8,0x0000000781800000)
 Metaspace       used 190766K, capacity 200100K, committed 200256K, reserved 1224704K
  class space    used 22723K, capacity 24339K, committed 24448K, reserved 1048576K
2022-06-20T09:02:05.363+0800: 3697.656: [GC (Allocation Failure) [PSYoungGen: 992209K->15757K(1000448K)] 1363561K->387340K(3253248K), 0.0203803 secs] [Times: user=0.06 sys=0.01, real=0.02 secs] 
Heap after GC invocations=273 (full 5):
 PSYoungGen      total 1000448K, used 15757K [0x0000000781800000, 0x00000007c0000000, 0x00000007c0000000)
  eden space 976896K, 0% used [0x0000000781800000,0x0000000781800000,0x00000007bd200000)
  from space 23552K, 66% used [0x00000007be900000,0x00000007bf863758,0x00000007c0000000)
  to   space 23552K, 0% used [0x00000007bd200000,0x00000007bd200000,0x00000007be900000)
 ParOldGen       total 2252800K, used 371582K [0x00000006f8000000, 0x0000000781800000, 0x0000000781800000)
  object space 2252800K, 16% used [0x00000006f8000000,0x000000070eadfa10,0x0000000781800000)
 Metaspace       used 190766K, capacity 200100K, committed 200256K, reserved 1224704K
  class space    used 22723K, capacity 24339K, committed 24448K, reserved 1048576K
}
{Heap before GC invocations=274 (full 5):
 PSYoungGen      total 1000448K, used 992653K [0x0000000781800000, 0x00000007c0000000, 0x00000007c0000000)
  eden space 976896K, 100% used [0x0000000781800000,0x00000007bd200000,0x00000007bd200000)
  from space 23552K, 66% used [0x00000007be900000,0x00000007bf863758,0x00000007c0000000)
  to   space 23552K, 0% used [0x00000007bd200000,0x00000007bd200000,0x00000007be900000)
 ParOldGen       total 2252800K, used 371582K [0x00000006f8000000, 0x0000000781800000, 0x0000000781800000)
  object space 2252800K, 16% used [0x00000006f8000000,0x000000070eadfa10,0x0000000781800000)
 Metaspace       used 190857K, capacity 200286K, committed 200512K, reserved 1224704K
  class space    used 22742K, capacity 24370K, committed 24448K, reserved 1048576K
2022-06-20T09:02:41.068+0800: 3733.361: [GC (Allocation Failure) [PSYoungGen: 992653K->15483K(1000448K)] 1364236K->387197K(3253248K), 0.0191440 secs] [Times: user=0.05 sys=0.01, real=0.02 secs] 
Heap after GC invocations=274 (full 5):
 PSYoungGen      total 1000448K, used 15483K [0x0000000781800000, 0x00000007c0000000, 0x00000007c0000000)
  eden space 976896K, 0% used [0x0000000781800000,0x0000000781800000,0x00000007bd200000)
  from space 23552K, 65% used [0x00000007bd200000,0x00000007be11ecb0,0x00000007be900000)
  to   space 23040K, 0% used [0x00000007be980000,0x00000007be980000,0x00000007c0000000)
 ParOldGen       total 2252800K, used 371714K [0x00000006f8000000, 0x0000000781800000, 0x0000000781800000)
  object space 2252800K, 16% used [0x00000006f8000000,0x000000070eb00808,0x0000000781800000)
 Metaspace       used 190857K, capacity 200286K, committed 200512K, reserved 1224704K
  class space    used 22742K, capacity 24370K, committed 24448K, reserved 1048576K
}
{Heap before GC invocations=275 (full 5):
 PSYoungGen      total 1000448K, used 992379K [0x0000000781800000, 0x00000007c0000000, 0x00000007c0000000)
  eden space 976896K, 100% used [0x0000000781800000,0x00000007bd200000,0x00000007bd200000)
  from space 23552K, 65% used [0x00000007bd200000,0x00000007be11ecb0,0x00000007be900000)
  to   space 23040K, 0% used [0x00000007be980000,0x00000007be980000,0x00000007c0000000)
 ParOldGen       total 2252800K, used 371714K [0x00000006f8000000, 0x0000000781800000, 0x0000000781800000)
  object space 2252800K, 16% used [0x00000006f8000000,0x000000070eb00808,0x0000000781800000)
 Metaspace       used 190866K, capacity 200290K, committed 200512K, reserved 1224704K
  class space    used 22742K, capacity 24370K, committed 24448K, reserved 1048576K
2022-06-20T09:02:53.456+0800: 3745.749: [GC (Allocation Failure) [PSYoungGen: 992379K->17499K(1001472K)] 1364093K->389414K(3254272K), 0.0208424 secs] [Times: user=0.06 sys=0.01, real=0.02 secs] 
Heap after GC invocations=275 (full 5):
 PSYoungGen      total 1001472K, used 17499K [0x0000000781800000, 0x00000007c0000000, 0x00000007c0000000)
  eden space 978432K, 0% used [0x0000000781800000,0x0000000781800000,0x00000007bd380000)
  from space 23040K, 75% used [0x00000007be980000,0x00000007bfa96ea0,0x00000007c0000000)
  to   space 22528K, 0% used [0x00000007bd380000,0x00000007bd380000,0x00000007be980000)
 ParOldGen       total 2252800K, used 371915K [0x00000006f8000000, 0x0000000781800000, 0x0000000781800000)
  object space 2252800K, 16% used [0x00000006f8000000,0x000000070eb32c78,0x0000000781800000)
 Metaspace       used 190866K, capacity 200290K, committed 200512K, reserved 1224704K
  class space    used 22742K, capacity 24370K, committed 24448K, reserved 1048576K
}
{Heap before GC invocations=276 (full 5):
 PSYoungGen      total 1001472K, used 995931K [0x0000000781800000, 0x00000007c0000000, 0x00000007c0000000)
  eden space 978432K, 100% used [0x0000000781800000,0x00000007bd380000,0x00000007bd380000)
  from space 23040K, 75% used [0x00000007be980000,0x00000007bfa96ea0,0x00000007c0000000)
  to   space 22528K, 0% used [0x00000007bd380000,0x00000007bd380000,0x00000007be980000)
 ParOldGen       total 2252800K, used 371915K [0x00000006f8000000, 0x0000000781800000, 0x0000000781800000)
  object space 2252800K, 16% used [0x00000006f8000000,0x000000070eb32c78,0x0000000781800000)
 Metaspace       used 190901K, capacity 200326K, committed 200512K, reserved 1224704K
  class space    used 22747K, capacity 24376K, committed 24448K, reserved 1048576K
2022-06-20T09:03:14.714+0800: 3767.007: [GC (Allocation Failure) [PSYoungGen: 995931K->15797K(1000960K)] 1367846K->387768K(3253760K), 0.0214613 secs] [Times: user=0.06 sys=0.01, real=0.03 secs] 
Heap after GC invocations=276 (full 5):
 PSYoungGen      total 1000960K, used 15797K [0x0000000781800000, 0x00000007c0000000, 0x00000007c0000000)
  eden space 978432K, 0% used [0x0000000781800000,0x0000000781800000,0x00000007bd380000)
  from space 22528K, 70% used [0x00000007bd380000,0x00000007be2ed478,0x00000007be980000)
  to   space 22528K, 0% used [0x00000007bea00000,0x00000007bea00000,0x00000007c0000000)
 ParOldGen       total 2252800K, used 371971K [0x00000006f8000000, 0x0000000781800000, 0x0000000781800000)
  object space 2252800K, 16% used [0x00000006f8000000,0x000000070eb40c78,0x0000000781800000)
 Metaspace       used 190901K, capacity 200326K, committed 200512K, reserved 1224704K
  class space    used 22747K, capacity 24376K, committed 24448K, reserved 1048576K
}
{Heap before GC invocations=277 (full 5):
 PSYoungGen      total 1000960K, used 994229K [0x0000000781800000, 0x00000007c0000000, 0x00000007c0000000)
  eden space 978432K, 100% used [0x0000000781800000,0x00000007bd380000,0x00000007bd380000)
  from space 22528K, 70% used [0x00000007bd380000,0x00000007be2ed478,0x00000007be980000)
  to   space 22528K, 0% used [0x00000007bea00000,0x00000007bea00000,0x00000007c0000000)
 ParOldGen       total 2252800K, used 371971K [0x00000006f8000000, 0x0000000781800000, 0x0000000781800000)
  object space 2252800K, 16% used [0x00000006f8000000,0x000000070eb40c78,0x0000000781800000)
 Metaspace       used 191109K, capacity 200700K, committed 200768K, reserved 1226752K
  class space    used 22773K, capacity 24417K, committed 24448K, reserved 1048576K
2022-06-20T09:03:40.027+0800: 3792.320: [GC (Allocation Failure) [PSYoungGen: 994229K->16134K(1001984K)] 1366200K->388243K(3254784K), 0.0262701 secs] [Times: user=0.06 sys=0.02, real=0.02 secs] 
Heap after GC invocations=277 (full 5):
 PSYoungGen      total 1001984K, used 16134K [0x0000000781800000, 0x00000007c0000000, 0x00000007c0000000)
  eden space 979456K, 0% used [0x0000000781800000,0x0000000781800000,0x00000007bd480000)
  from space 22528K, 71% used [0x00000007bea00000,0x00000007bf9c18c8,0x00000007c0000000)
  to   space 22016K, 0% used [0x00000007bd480000,0x00000007bd480000,0x00000007bea00000)
 ParOldGen       total 2252800K, used 372109K [0x00000006f8000000, 0x0000000781800000, 0x0000000781800000)
  object space 2252800K, 16% used [0x00000006f8000000,0x000000070eb63640,0x0000000781800000)
 Metaspace       used 191109K, capacity 200700K, committed 200768K, reserved 1226752K
  class space    used 22773K, capacity 24417K, committed 24448K, reserved 1048576K
}
{Heap before GC invocations=278 (full 5):
 PSYoungGen      total 1001984K, used 995590K [0x0000000781800000, 0x00000007c0000000, 0x00000007c0000000)
  eden space 979456K, 100% used [0x0000000781800000,0x00000007bd480000,0x00000007bd480000)
  from space 22528K, 71% used [0x00000007bea00000,0x00000007bf9c18c8,0x00000007c0000000)
  to   space 22016K, 0% used [0x00000007bd480000,0x00000007bd480000,0x00000007bea00000)
 ParOldGen       total 2252800K, used 372109K [0x00000006f8000000, 0x0000000781800000, 0x0000000781800000)
  object space 2252800K, 16% used [0x00000006f8000000,0x000000070eb63640,0x0000000781800000)
 Metaspace       used 191179K, capacity 200832K, committed 201024K, reserved 1226752K
  class space    used 22788K, capacity 24439K, committed 24448K, reserved 1048576K
2022-06-20T09:03:53.271+0800: 3805.564: [GC (Allocation Failure) [PSYoungGen: 995590K->19194K(1001472K)] 1367699K->391362K(3254272K), 0.0202545 secs] [Times: user=0.06 sys=0.00, real=0.02 secs] 
Heap after GC invocations=278 (full 5):
 PSYoungGen      total 1001472K, used 19194K [0x0000000781800000, 0x00000007c0000000, 0x00000007c0000000)
  eden space 979456K, 0% used [0x0000000781800000,0x0000000781800000,0x00000007bd480000)
  from space 22016K, 87% used [0x00000007bd480000,0x00000007be73eb90,0x00000007bea00000)
  to   space 22528K, 0% used [0x00000007bea00000,0x00000007bea00000,0x00000007c0000000)
 ParOldGen       total 2252800K, used 372167K [0x00000006f8000000, 0x0000000781800000, 0x0000000781800000)
  object space 2252800K, 16% used [0x00000006f8000000,0x000000070eb71fc8,0x0000000781800000)
 Metaspace       used 191179K, capacity 200832K, committed 201024K, reserved 1226752K
  class space    used 22788K, capacity 24439K, committed 24448K, reserved 1048576K
}
{Heap before GC invocations=279 (full 5):
 PSYoungGen      total 1001472K, used 998650K [0x0000000781800000, 0x00000007c0000000, 0x00000007c0000000)
  eden space 979456K, 100% used [0x0000000781800000,0x00000007bd480000,0x00000007bd480000)
  from space 22016K, 87% used [0x00000007bd480000,0x00000007be73eb90,0x00000007bea00000)
  to   space 22528K, 0% used [0x00000007bea00000,0x00000007bea00000,0x00000007c0000000)
 ParOldGen       total 2252800K, used 372167K [0x00000006f8000000, 0x0000000781800000, 0x0000000781800000)
  object space 2252800K, 16% used [0x00000006f8000000,0x000000070eb71fc8,0x0000000781800000)
 Metaspace       used 191373K, capacity 201156K, committed 201408K, reserved 1226752K
  class space    used 22807K, capacity 24471K, committed 24576K, reserved 1048576K
2022-06-20T09:04:08.236+0800: 3820.529: [GC (Allocation Failure) [PSYoungGen: 998650K->16391K(1001984K)] 1370818K->388610K(3254784K), 0.0164132 secs] [Times: user=0.04 sys=0.00, real=0.01 secs] 
Heap after GC invocations=279 (full 5):
 PSYoungGen      total 1001984K, used 16391K [0x0000000781800000, 0x00000007c0000000, 0x00000007c0000000)
  eden space 979456K, 0% used [0x0000000781800000,0x0000000781800000,0x00000007bd480000)
  from space 22528K, 72% used [0x00000007bea00000,0x00000007bfa01ef8,0x00000007c0000000)
  to   space 22016K, 0% used [0x00000007bd480000,0x00000007bd480000,0x00000007bea00000)
 ParOldGen       total 2252800K, used 372218K [0x00000006f8000000, 0x0000000781800000, 0x0000000781800000)
  object space 2252800K, 16% used [0x00000006f8000000,0x000000070eb7e950,0x0000000781800000)
 Metaspace       used 191373K, capacity 201156K, committed 201408K, reserved 1226752K
  class space    used 22807K, capacity 24471K, committed 24576K, reserved 1048576K
}
{Heap before GC invocations=280 (full 5):
 PSYoungGen      total 1001984K, used 995847K [0x0000000781800000, 0x00000007c0000000, 0x00000007c0000000)
  eden space 979456K, 100% used [0x0000000781800000,0x00000007bd480000,0x00000007bd480000)
  from space 22528K, 72% used [0x00000007bea00000,0x00000007bfa01ef8,0x00000007c0000000)
  to   space 22016K, 0% used [0x00000007bd480000,0x00000007bd480000,0x00000007bea00000)
 ParOldGen       total 2252800K, used 372218K [0x00000006f8000000, 0x0000000781800000, 0x0000000781800000)
  object space 2252800K, 16% used [0x00000006f8000000,0x000000070eb7e950,0x0000000781800000)
 Metaspace       used 191390K, capacity 201186K, committed 201408K, reserved 1226752K
  class space    used 22810K, capacity 24476K, committed 24576K, reserved 1048576K
2022-06-20T09:04:19.488+0800: 3831.781: [GC (Allocation Failure) [PSYoungGen: 995847K->15594K(1001472K)] 1368066K->387944K(3254272K), 0.0183929 secs] [Times: user=0.05 sys=0.01, real=0.02 secs] 
Heap after GC invocations=280 (full 5):
 PSYoungGen      total 1001472K, used 15594K [0x0000000781800000, 0x00000007c0000000, 0x00000007c0000000)
  eden space 979456K, 0% used [0x0000000781800000,0x0000000781800000,0x00000007bd480000)
  from space 22016K, 70% used [0x00000007bd480000,0x00000007be3baaf8,0x00000007bea00000)
  to   space 22016K, 0% used [0x00000007bea80000,0x00000007bea80000,0x00000007c0000000)
 ParOldGen       total 2252800K, used 372349K [0x00000006f8000000, 0x0000000781800000, 0x0000000781800000)
  object space 2252800K, 16% used [0x00000006f8000000,0x000000070eb9f6c0,0x0000000781800000)
 Metaspace       used 191390K, capacity 201186K, committed 201408K, reserved 1226752K
  class space    used 22810K, capacity 24476K, committed 24576K, reserved 1048576K
}
{Heap before GC invocations=281 (full 5):
 PSYoungGen      total 1001472K, used 995050K [0x0000000781800000, 0x00000007c0000000, 0x00000007c0000000)
  eden space 979456K, 100% used [0x0000000781800000,0x00000007bd480000,0x00000007bd480000)
  from space 22016K, 70% used [0x00000007bd480000,0x00000007be3baaf8,0x00000007bea00000)
  to   space 22016K, 0% used [0x00000007bea80000,0x00000007bea80000,0x00000007c0000000)
 ParOldGen       total 2252800K, used 372349K [0x00000006f8000000, 0x0000000781800000, 0x0000000781800000)
  object space 2252800K, 16% used [0x00000006f8000000,0x000000070eb9f6c0,0x0000000781800000)
 Metaspace       used 191396K, capacity 201186K, committed 201408K, reserved 1226752K
  class space    used 22810K, capacity 24476K, committed 24576K, reserved 1048576K
2022-06-20T09:04:30.722+0800: 3843.015: [GC (Allocation Failure) [PSYoungGen: 995050K->18249K(1001984K)] 1367400K->390631K(3254784K), 0.0188570 secs] [Times: user=0.05 sys=0.01, real=0.02 secs] 
Heap after GC invocations=281 (full 5):
 PSYoungGen      total 1001984K, used 18249K [0x0000000781800000, 0x00000007c0000000, 0x00000007c0000000)
  eden space 979968K, 0% used [0x0000000781800000,0x0000000781800000,0x00000007bd500000)
  from space 22016K, 82% used [0x00000007bea80000,0x00000007bfc52618,0x00000007c0000000)
  to   space 22016K, 0% used [0x00000007bd500000,0x00000007bd500000,0x00000007bea80000)
 ParOldGen       total 2252800K, used 372381K [0x00000006f8000000, 0x0000000781800000, 0x0000000781800000)
  object space 2252800K, 16% used [0x00000006f8000000,0x000000070eba76c0,0x0000000781800000)
 Metaspace       used 191396K, capacity 201186K, committed 201408K, reserved 1226752K
  class space    used 22810K, capacity 24476K, committed 24576K, reserved 1048576K
}
{Heap before GC invocations=282 (full 5):
 PSYoungGen      total 1001984K, used 998217K [0x0000000781800000, 0x00000007c0000000, 0x00000007c0000000)
  eden space 979968K, 100% used [0x0000000781800000,0x00000007bd500000,0x00000007bd500000)
  from space 22016K, 82% used [0x00000007bea80000,0x00000007bfc52618,0x00000007c0000000)
  to   space 22016K, 0% used [0x00000007bd500000,0x00000007bd500000,0x00000007bea80000)
 ParOldGen       total 2252800K, used 372381K [0x00000006f8000000, 0x0000000781800000, 0x0000000781800000)
  object space 2252800K, 16% used [0x00000006f8000000,0x000000070eba76c0,0x0000000781800000)
 Metaspace       used 191410K, capacity 201186K, committed 201408K, reserved 1226752K
  class space    used 22810K, capacity 24476K, committed 24576K, reserved 1048576K
2022-06-20T09:04:45.477+0800: 3857.770: [GC (Allocation Failure) [PSYoungGen: 998217K->17573K(1001984K)] 1370599K->390067K(3254784K), 0.0142595 secs] [Times: user=0.04 sys=0.01, real=0.01 secs] 
Heap after GC invocations=282 (full 5):
 PSYoungGen      total 1001984K, used 17573K [0x0000000781800000, 0x00000007c0000000, 0x00000007c0000000)
  eden space 979968K, 0% used [0x0000000781800000,0x0000000781800000,0x00000007bd500000)
  from space 22016K, 79% used [0x00000007bd500000,0x00000007be629730,0x00000007bea80000)
  to   space 21504K, 0% used [0x00000007beb00000,0x00000007beb00000,0x00000007c0000000)
 ParOldGen       total 2252800K, used 372493K [0x00000006f8000000, 0x0000000781800000, 0x0000000781800000)
  object space 2252800K, 16% used [0x00000006f8000000,0x000000070ebc36d0,0x0000000781800000)
 Metaspace       used 191410K, capacity 201186K, committed 201408K, reserved 1226752K
  class space    used 22810K, capacity 24476K, committed 24576K, reserved 1048576K
}
{Heap before GC invocations=283 (full 5):
 PSYoungGen      total 1001984K, used 997541K [0x0000000781800000, 0x00000007c0000000, 0x00000007c0000000)
  eden space 979968K, 100% used [0x0000000781800000,0x00000007bd500000,0x00000007bd500000)
  from space 22016K, 79% used [0x00000007bd500000,0x00000007be629730,0x00000007bea80000)
  to   space 21504K, 0% used [0x00000007beb00000,0x00000007beb00000,0x00000007c0000000)
 ParOldGen       total 2252800K, used 372493K [0x00000006f8000000, 0x0000000781800000, 0x0000000781800000)
  object space 2252800K, 16% used [0x00000006f8000000,0x000000070ebc36d0,0x0000000781800000)
 Metaspace       used 191435K, capacity 201186K, committed 201408K, reserved 1226752K
  class space    used 22810K, capacity 24476K, committed 24576K, reserved 1048576K
2022-06-20T09:05:00.082+0800: 3872.375: [GC (Allocation Failure) [PSYoungGen: 997541K->14694K(1002496K)] 1370035K->388436K(3255296K), 0.0227471 secs] [Times: user=0.06 sys=0.02, real=0.02 secs] 
Heap after GC invocations=283 (full 5):
 PSYoungGen      total 1002496K, used 14694K [0x0000000781800000, 0x00000007c0000000, 0x00000007c0000000)
  eden space 980992K, 0% used [0x0000000781800000,0x0000000781800000,0x00000007bd600000)
  from space 21504K, 68% used [0x00000007beb00000,0x00000007bf959938,0x00000007c0000000)
  to   space 21504K, 0% used [0x00000007bd600000,0x00000007bd600000,0x00000007beb00000)
 ParOldGen       total 2252800K, used 373742K [0x00000006f8000000, 0x0000000781800000, 0x0000000781800000)
  object space 2252800K, 16% used [0x00000006f8000000,0x000000070ecfb918,0x0000000781800000)
 Metaspace       used 191435K, capacity 201186K, committed 201408K, reserved 1226752K
  class space    used 22810K, capacity 24476K, committed 24576K, reserved 1048576K
}
{Heap before GC invocations=284 (full 5):
 PSYoungGen      total 1002496K, used 995686K [0x0000000781800000, 0x00000007c0000000, 0x00000007c0000000)
  eden space 980992K, 100% used [0x0000000781800000,0x00000007bd600000,0x00000007bd600000)
  from space 21504K, 68% used [0x00000007beb00000,0x00000007bf959938,0x00000007c0000000)
  to   space 21504K, 0% used [0x00000007bd600000,0x00000007bd600000,0x00000007beb00000)
 ParOldGen       total 2252800K, used 373742K [0x00000006f8000000, 0x0000000781800000, 0x0000000781800000)
  object space 2252800K, 16% used [0x00000006f8000000,0x000000070ecfb918,0x0000000781800000)
 Metaspace       used 191436K, capacity 201186K, committed 201408K, reserved 1226752K
  class space    used 22810K, capacity 24476K, committed 24576K, reserved 1048576K
2022-06-20T09:05:11.314+0800: 3883.607: [GC (Allocation Failure) [PSYoungGen: 995686K->14629K(1002496K)] 1369428K->388831K(3255296K), 0.0162327 secs] [Times: user=0.05 sys=0.01, real=0.02 secs] 
Heap after GC invocations=284 (full 5):
 PSYoungGen      total 1002496K, used 14629K [0x0000000781800000, 0x00000007c0000000, 0x00000007c0000000)
  eden space 980992K, 0% used [0x0000000781800000,0x0000000781800000,0x00000007bd600000)
  from space 21504K, 68% used [0x00000007bd600000,0x00000007be4497a8,0x00000007beb00000)
  to   space 21504K, 0% used [0x00000007beb00000,0x00000007beb00000,0x00000007c0000000)
 ParOldGen       total 2252800K, used 374201K [0x00000006f8000000, 0x0000000781800000, 0x0000000781800000)
  object space 2252800K, 16% used [0x00000006f8000000,0x000000070ed6e7d0,0x0000000781800000)
 Metaspace       used 191436K, capacity 201186K, committed 201408K, reserved 1226752K
  class space    used 22810K, capacity 24476K, committed 24576K, reserved 1048576K
}
{Heap before GC invocations=285 (full 5):
 PSYoungGen      total 1002496K, used 995621K [0x0000000781800000, 0x00000007c0000000, 0x00000007c0000000)
  eden space 980992K, 100% used [0x0000000781800000,0x00000007bd600000,0x00000007bd600000)
  from space 21504K, 68% used [0x00000007bd600000,0x00000007be4497a8,0x00000007beb00000)
  to   space 21504K, 0% used [0x00000007beb00000,0x00000007beb00000,0x00000007c0000000)
 ParOldGen       total 2252800K, used 374201K [0x00000006f8000000, 0x0000000781800000, 0x0000000781800000)
  object space 2252800K, 16% used [0x00000006f8000000,0x000000070ed6e7d0,0x0000000781800000)
 Metaspace       used 191442K, capacity 201198K, committed 201408K, reserved 1226752K
  class space    used 22811K, capacity 24478K, committed 24576K, reserved 1048576K
2022-06-20T09:05:23.069+0800: 3895.362: [GC (Allocation Failure) [PSYoungGen: 995621K->13544K(1002496K)] 1369823K->388381K(3255296K), 0.0218465 secs] [Times: user=0.06 sys=0.00, real=0.02 secs] 
Heap after GC invocations=285 (full 5):
 PSYoungGen      total 1002496K, used 13544K [0x0000000781800000, 0x00000007c0000000, 0x00000007c0000000)
  eden space 980992K, 0% used [0x0000000781800000,0x0000000781800000,0x00000007bd600000)
  from space 21504K, 62% used [0x00000007beb00000,0x00000007bf83a260,0x00000007c0000000)
  to   space 21504K, 0% used [0x00000007bd600000,0x00000007bd600000,0x00000007beb00000)
 ParOldGen       total 2252800K, used 374837K [0x00000006f8000000, 0x0000000781800000, 0x0000000781800000)
  object space 2252800K, 16% used [0x00000006f8000000,0x000000070ee0d558,0x0000000781800000)
 Metaspace       used 191442K, capacity 201198K, committed 201408K, reserved 1226752K
  class space    used 22811K, capacity 24478K, committed 24576K, reserved 1048576K
}
{Heap before GC invocations=286 (full 5):
 PSYoungGen      total 1002496K, used 994536K [0x0000000781800000, 0x00000007c0000000, 0x00000007c0000000)
  eden space 980992K, 100% used [0x0000000781800000,0x00000007bd600000,0x00000007bd600000)
  from space 21504K, 62% used [0x00000007beb00000,0x00000007bf83a260,0x00000007c0000000)
  to   space 21504K, 0% used [0x00000007bd600000,0x00000007bd600000,0x00000007beb00000)
 ParOldGen       total 2252800K, used 374837K [0x00000006f8000000, 0x0000000781800000, 0x0000000781800000)
  object space 2252800K, 16% used [0x00000006f8000000,0x000000070ee0d558,0x0000000781800000)
 Metaspace       used 191446K, capacity 201198K, committed 201408K, reserved 1226752K
  class space    used 22811K, capacity 24478K, committed 24576K, reserved 1048576K
2022-06-20T09:05:48.066+0800: 3920.359: [GC (Allocation Failure) [PSYoungGen: 994536K->13825K(1002496K)] 1369373K->388751K(3255296K), 0.0174251 secs] [Times: user=0.04 sys=0.01, real=0.01 secs] 
Heap after GC invocations=286 (full 5):
 PSYoungGen      total 1002496K, used 13825K [0x0000000781800000, 0x00000007c0000000, 0x00000007c0000000)
  eden space 980992K, 0% used [0x0000000781800000,0x0000000781800000,0x00000007bd600000)
  from space 21504K, 64% used [0x00000007bd600000,0x00000007be380780,0x00000007beb00000)
  to   space 21504K, 0% used [0x00000007beb00000,0x00000007beb00000,0x00000007c0000000)
 ParOldGen       total 2252800K, used 374925K [0x00000006f8000000, 0x0000000781800000, 0x0000000781800000)
  object space 2252800K, 16% used [0x00000006f8000000,0x000000070ee234a8,0x0000000781800000)
 Metaspace       used 191446K, capacity 201198K, committed 201408K, reserved 1226752K
  class space    used 22811K, capacity 24478K, committed 24576K, reserved 1048576K
}
{Heap before GC invocations=287 (full 5):
 PSYoungGen      total 1002496K, used 994817K [0x0000000781800000, 0x00000007c0000000, 0x00000007c0000000)
  eden space 980992K, 100% used [0x0000000781800000,0x00000007bd600000,0x00000007bd600000)
  from space 21504K, 64% used [0x00000007bd600000,0x00000007be380780,0x00000007beb00000)
  to   space 21504K, 0% used [0x00000007beb00000,0x00000007beb00000,0x00000007c0000000)
 ParOldGen       total 2252800K, used 374925K [0x00000006f8000000, 0x0000000781800000, 0x0000000781800000)
  object space 2252800K, 16% used [0x00000006f8000000,0x000000070ee234a8,0x0000000781800000)
 Metaspace       used 191471K, capacity 201234K, committed 201408K, reserved 1226752K
  class space    used 22816K, capacity 24484K, committed 24576K, reserved 1048576K
2022-06-20T09:06:08.152+0800: 3940.445: [GC (Allocation Failure) [PSYoungGen: 994817K->14195K(1002496K)] 1369743K->389245K(3255296K), 0.0174538 secs] [Times: user=0.05 sys=0.00, real=0.02 secs] 
Heap after GC invocations=287 (full 5):
 PSYoungGen      total 1002496K, used 14195K [0x0000000781800000, 0x00000007c0000000, 0x00000007c0000000)
  eden space 980992K, 0% used [0x0000000781800000,0x0000000781800000,0x00000007bd600000)
  from space 21504K, 66% used [0x00000007beb00000,0x00000007bf8dcc38,0x00000007c0000000)
  to   space 21504K, 0% used [0x00000007bd600000,0x00000007bd600000,0x00000007beb00000)
 ParOldGen       total 2252800K, used 375050K [0x00000006f8000000, 0x0000000781800000, 0x0000000781800000)
  object space 2252800K, 16% used [0x00000006f8000000,0x000000070ee428d8,0x0000000781800000)
 Metaspace       used 191471K, capacity 201234K, committed 201408K, reserved 1226752K
  class space    used 22816K, capacity 24484K, committed 24576K, reserved 1048576K
}
{Heap before GC invocations=288 (full 5):
 PSYoungGen      total 1002496K, used 995187K [0x0000000781800000, 0x00000007c0000000, 0x00000007c0000000)
  eden space 980992K, 100% used [0x0000000781800000,0x00000007bd600000,0x00000007bd600000)
  from space 21504K, 66% used [0x00000007beb00000,0x00000007bf8dcc38,0x00000007c0000000)
  to   space 21504K, 0% used [0x00000007bd600000,0x00000007bd600000,0x00000007beb00000)
 ParOldGen       total 2252800K, used 375050K [0x00000006f8000000, 0x0000000781800000, 0x0000000781800000)
  object space 2252800K, 16% used [0x00000006f8000000,0x000000070ee428d8,0x0000000781800000)
 Metaspace       used 191482K, capacity 201234K, committed 201408K, reserved 1226752K
  class space    used 22816K, capacity 24484K, committed 24576K, reserved 1048576K
2022-06-20T09:06:30.463+0800: 3962.756: [GC (Allocation Failure) [PSYoungGen: 995187K->13589K(1002496K)] 1370237K->388751K(3255296K), 0.0132520 secs] [Times: user=0.04 sys=0.00, real=0.02 secs] 
Heap after GC invocations=288 (full 5):
 PSYoungGen      total 1002496K, used 13589K [0x0000000781800000, 0x00000007c0000000, 0x00000007c0000000)
  eden space 980992K, 0% used [0x0000000781800000,0x0000000781800000,0x00000007bd600000)
  from space 21504K, 63% used [0x00000007bd600000,0x00000007be3456c0,0x00000007beb00000)
  to   space 21504K, 0% used [0x00000007beb00000,0x00000007beb00000,0x00000007c0000000)
 ParOldGen       total 2252800K, used 375161K [0x00000006f8000000, 0x0000000781800000, 0x0000000781800000)
  object space 2252800K, 16% used [0x00000006f8000000,0x000000070ee5e568,0x0000000781800000)
 Metaspace       used 191482K, capacity 201234K, committed 201408K, reserved 1226752K
  class space    used 22816K, capacity 24484K, committed 24576K, reserved 1048576K
}
{Heap before GC invocations=289 (full 5):
 PSYoungGen      total 1002496K, used 994581K [0x0000000781800000, 0x00000007c0000000, 0x00000007c0000000)
  eden space 980992K, 100% used [0x0000000781800000,0x00000007bd600000,0x00000007bd600000)
  from space 21504K, 63% used [0x00000007bd600000,0x00000007be3456c0,0x00000007beb00000)
  to   space 21504K, 0% used [0x00000007beb00000,0x00000007beb00000,0x00000007c0000000)
 ParOldGen       total 2252800K, used 375161K [0x00000006f8000000, 0x0000000781800000, 0x0000000781800000)
  object space 2252800K, 16% used [0x00000006f8000000,0x000000070ee5e568,0x0000000781800000)
 Metaspace       used 191499K, capacity 201238K, committed 201408K, reserved 1226752K
  class space    used 22816K, capacity 24484K, committed 24576K, reserved 1048576K
2022-06-20T09:06:42.961+0800: 3975.254: [GC (Allocation Failure) [PSYoungGen: 994581K->14930K(1003008K)] 1369743K->390287K(3255808K), 0.0164639 secs] [Times: user=0.04 sys=0.01, real=0.02 secs] 
Heap after GC invocations=289 (full 5):
 PSYoungGen      total 1003008K, used 14930K [0x0000000781800000, 0x00000007c0000000, 0x00000007c0000000)
  eden space 981504K, 0% used [0x0000000781800000,0x0000000781800000,0x00000007bd680000)
  from space 21504K, 69% used [0x00000007beb00000,0x00000007bf994898,0x00000007c0000000)
  to   space 20992K, 0% used [0x00000007bd680000,0x00000007bd680000,0x00000007beb00000)
 ParOldGen       total 2252800K, used 375357K [0x00000006f8000000, 0x0000000781800000, 0x0000000781800000)
  object space 2252800K, 16% used [0x00000006f8000000,0x000000070ee8f410,0x0000000781800000)
 Metaspace       used 191499K, capacity 201238K, committed 201408K, reserved 1226752K
  class space    used 22816K, capacity 24484K, committed 24576K, reserved 1048576K
}
{Heap before GC invocations=290 (full 5):
 PSYoungGen      total 1003008K, used 996434K [0x0000000781800000, 0x00000007c0000000, 0x00000007c0000000)
  eden space 981504K, 100% used [0x0000000781800000,0x00000007bd680000,0x00000007bd680000)
  from space 21504K, 69% used [0x00000007beb00000,0x00000007bf994898,0x00000007c0000000)
  to   space 20992K, 0% used [0x00000007bd680000,0x00000007bd680000,0x00000007beb00000)
 ParOldGen       total 2252800K, used 375357K [0x00000006f8000000, 0x0000000781800000, 0x0000000781800000)
  object space 2252800K, 16% used [0x00000006f8000000,0x000000070ee8f410,0x0000000781800000)
 Metaspace       used 191510K, capacity 201238K, committed 201408K, reserved 1226752K
  class space    used 22816K, capacity 24484K, committed 24576K, reserved 1048576K
2022-06-20T09:06:53.118+0800: 3985.411: [GC (Allocation Failure) [PSYoungGen: 996434K->13518K(1002496K)] 1371791K->388986K(3255296K), 0.0134691 secs] [Times: user=0.04 sys=0.01, real=0.01 secs] 
Heap after GC invocations=290 (full 5):
 PSYoungGen      total 1002496K, used 13518K [0x0000000781800000, 0x00000007c0000000, 0x00000007c0000000)
  eden space 981504K, 0% used [0x0000000781800000,0x0000000781800000,0x00000007bd680000)
  from space 20992K, 64% used [0x00000007bd680000,0x00000007be3b3838,0x00000007beb00000)
  to   space 20480K, 0% used [0x00000007bec00000,0x00000007bec00000,0x00000007c0000000)
 ParOldGen       total 2252800K, used 375468K [0x00000006f8000000, 0x0000000781800000, 0x0000000781800000)
  object space 2252800K, 16% used [0x00000006f8000000,0x000000070eeab200,0x0000000781800000)
 Metaspace       used 191510K, capacity 201238K, committed 201408K, reserved 1226752K
  class space    used 22816K, capacity 24484K, committed 24576K, reserved 1048576K
}
{Heap before GC invocations=291 (full 5):
 PSYoungGen      total 1002496K, used 995022K [0x0000000781800000, 0x00000007c0000000, 0x00000007c0000000)
  eden space 981504K, 100% used [0x0000000781800000,0x00000007bd680000,0x00000007bd680000)
  from space 20992K, 64% used [0x00000007bd680000,0x00000007be3b3838,0x00000007beb00000)
  to   space 20480K, 0% used [0x00000007bec00000,0x00000007bec00000,0x00000007c0000000)
 ParOldGen       total 2252800K, used 375468K [0x00000006f8000000, 0x0000000781800000, 0x0000000781800000)
  object space 2252800K, 16% used [0x00000006f8000000,0x000000070eeab200,0x0000000781800000)
 Metaspace       used 191535K, capacity 201306K, committed 201408K, reserved 1226752K
  class space    used 22816K, capacity 24484K, committed 24576K, reserved 1048576K
2022-06-20T09:07:04.726+0800: 3997.019: [GC (Allocation Failure) [PSYoungGen: 995022K->13731K(1003520K)] 1370490K->389315K(3256320K), 0.0181269 secs] [Times: user=0.05 sys=0.00, real=0.01 secs] 
Heap after GC invocations=291 (full 5):
 PSYoungGen      total 1003520K, used 13731K [0x0000000781800000, 0x00000007c0000000, 0x00000007c0000000)
  eden space 983040K, 0% used [0x0000000781800000,0x0000000781800000,0x00000007bd800000)
  from space 20480K, 67% used [0x00000007bec00000,0x00000007bf968f20,0x00000007c0000000)
  to   space 20480K, 0% used [0x00000007bd800000,0x00000007bd800000,0x00000007bec00000)
 ParOldGen       total 2252800K, used 375583K [0x00000006f8000000, 0x0000000781800000, 0x0000000781800000)
  object space 2252800K, 16% used [0x00000006f8000000,0x000000070eec7fe8,0x0000000781800000)
 Metaspace       used 191535K, capacity 201306K, committed 201408K, reserved 1226752K
  class space    used 22816K, capacity 24484K, committed 24576K, reserved 1048576K
}
{Heap before GC invocations=292 (full 5):
 PSYoungGen      total 1003520K, used 996771K [0x0000000781800000, 0x00000007c0000000, 0x00000007c0000000)
  eden space 983040K, 100% used [0x0000000781800000,0x00000007bd800000,0x00000007bd800000)
  from space 20480K, 67% used [0x00000007bec00000,0x00000007bf968f20,0x00000007c0000000)
  to   space 20480K, 0% used [0x00000007bd800000,0x00000007bd800000,0x00000007bec00000)
 ParOldGen       total 2252800K, used 375583K [0x00000006f8000000, 0x0000000781800000, 0x0000000781800000)
  object space 2252800K, 16% used [0x00000006f8000000,0x000000070eec7fe8,0x0000000781800000)
 Metaspace       used 191556K, capacity 201342K, committed 201664K, reserved 1226752K
  class space    used 22821K, capacity 24490K, committed 24576K, reserved 1048576K
2022-06-20T09:07:16.588+0800: 4008.881: [GC (Allocation Failure) [PSYoungGen: 996771K->13688K(1003520K)] 1372355K->389455K(3256320K), 0.0244995 secs] [Times: user=0.07 sys=0.01, real=0.02 secs] 
Heap after GC invocations=292 (full 5):
 PSYoungGen      total 1003520K, used 13688K [0x0000000781800000, 0x00000007c0000000, 0x00000007c0000000)
  eden space 983040K, 0% used [0x0000000781800000,0x0000000781800000,0x00000007bd800000)
  from space 20480K, 66% used [0x00000007bd800000,0x00000007be55e188,0x00000007bec00000)
  to   space 20480K, 0% used [0x00000007bec00000,0x00000007bec00000,0x00000007c0000000)
 ParOldGen       total 2252800K, used 375767K [0x00000006f8000000, 0x0000000781800000, 0x0000000781800000)
  object space 2252800K, 16% used [0x00000006f8000000,0x000000070eef5e48,0x0000000781800000)
 Metaspace       used 191556K, capacity 201342K, committed 201664K, reserved 1226752K
  class space    used 22821K, capacity 24490K, committed 24576K, reserved 1048576K
}
{Heap before GC invocations=293 (full 5):
 PSYoungGen      total 1003520K, used 996728K [0x0000000781800000, 0x00000007c0000000, 0x00000007c0000000)
  eden space 983040K, 100% used [0x0000000781800000,0x00000007bd800000,0x00000007bd800000)
  from space 20480K, 66% used [0x00000007bd800000,0x00000007be55e188,0x00000007bec00000)
  to   space 20480K, 0% used [0x00000007bec00000,0x00000007bec00000,0x00000007c0000000)
 ParOldGen       total 2252800K, used 375767K [0x00000006f8000000, 0x0000000781800000, 0x0000000781800000)
  object space 2252800K, 16% used [0x00000006f8000000,0x000000070eef5e48,0x0000000781800000)
 Metaspace       used 191600K, capacity 201414K, committed 201664K, reserved 1226752K
  class space    used 22830K, capacity 24502K, committed 24576K, reserved 1048576K
2022-06-20T09:07:24.739+0800: 4017.032: [GC (Allocation Failure) [PSYoungGen: 996728K->13377K(1004032K)] 1372495K->389316K(3256832K), 0.0190090 secs] [Times: user=0.05 sys=0.00, real=0.02 secs] 
Heap after GC invocations=293 (full 5):
 PSYoungGen      total 1004032K, used 13377K [0x0000000781800000, 0x00000007c0000000, 0x00000007c0000000)
  eden space 983552K, 0% used [0x0000000781800000,0x0000000781800000,0x00000007bd880000)
  from space 20480K, 65% used [0x00000007bec00000,0x00000007bf910530,0x00000007c0000000)
  to   space 19968K, 0% used [0x00000007bd880000,0x00000007bd880000,0x00000007bec00000)
 ParOldGen       total 2252800K, used 375939K [0x00000006f8000000, 0x0000000781800000, 0x0000000781800000)
  object space 2252800K, 16% used [0x00000006f8000000,0x000000070ef20d78,0x0000000781800000)
 Metaspace       used 191600K, capacity 201414K, committed 201664K, reserved 1226752K
  class space    used 22830K, capacity 24502K, committed 24576K, reserved 1048576K
}
{Heap before GC invocations=294 (full 5):
 PSYoungGen      total 1004032K, used 996929K [0x0000000781800000, 0x00000007c0000000, 0x00000007c0000000)
  eden space 983552K, 100% used [0x0000000781800000,0x00000007bd880000,0x00000007bd880000)
  from space 20480K, 65% used [0x00000007bec00000,0x00000007bf910530,0x00000007c0000000)
  to   space 19968K, 0% used [0x00000007bd880000,0x00000007bd880000,0x00000007bec00000)
 ParOldGen       total 2252800K, used 375939K [0x00000006f8000000, 0x0000000781800000, 0x0000000781800000)
  object space 2252800K, 16% used [0x00000006f8000000,0x000000070ef20d78,0x0000000781800000)
 Metaspace       used 191621K, capacity 201456K, committed 201664K, reserved 1226752K
  class space    used 22835K, capacity 24509K, committed 24576K, reserved 1048576K
2022-06-20T09:07:37.596+0800: 4029.889: [GC (Allocation Failure) [PSYoungGen: 996929K->12991K(1003520K)] 1372868K->389277K(3256320K), 0.0180960 secs] [Times: user=0.05 sys=0.01, real=0.01 secs] 
Heap after GC invocations=294 (full 5):
 PSYoungGen      total 1003520K, used 12991K [0x0000000781800000, 0x00000007c0000000, 0x00000007c0000000)
  eden space 983552K, 0% used [0x0000000781800000,0x0000000781800000,0x00000007bd880000)
  from space 19968K, 65% used [0x00000007bd880000,0x00000007be52ff90,0x00000007bec00000)
  to   space 19968K, 0% used [0x00000007bec80000,0x00000007bec80000,0x00000007c0000000)
 ParOldGen       total 2252800K, used 376285K [0x00000006f8000000, 0x0000000781800000, 0x0000000781800000)
  object space 2252800K, 16% used [0x00000006f8000000,0x000000070ef777d0,0x0000000781800000)
 Metaspace       used 191621K, capacity 201456K, committed 201664K, reserved 1226752K
  class space    used 22835K, capacity 24509K, committed 24576K, reserved 1048576K
}
{Heap before GC invocations=295 (full 5):
 PSYoungGen      total 1003520K, used 996543K [0x0000000781800000, 0x00000007c0000000, 0x00000007c0000000)
  eden space 983552K, 100% used [0x0000000781800000,0x00000007bd880000,0x00000007bd880000)
  from space 19968K, 65% used [0x00000007bd880000,0x00000007be52ff90,0x00000007bec00000)
  to   space 19968K, 0% used [0x00000007bec80000,0x00000007bec80000,0x00000007c0000000)
 ParOldGen       total 2252800K, used 376285K [0x00000006f8000000, 0x0000000781800000, 0x0000000781800000)
  object space 2252800K, 16% used [0x00000006f8000000,0x000000070ef777d0,0x0000000781800000)
 Metaspace       used 191640K, capacity 201474K, committed 201664K, reserved 1226752K
  class space    used 22837K, capacity 24512K, committed 24576K, reserved 1048576K
2022-06-20T09:07:45.595+0800: 4037.888: [GC (Allocation Failure) [PSYoungGen: 996543K->13601K(1004544K)] 1372829K->389940K(3257344K), 0.0206509 secs] [Times: user=0.06 sys=0.01, real=0.02 secs] 
Heap after GC invocations=295 (full 5):
 PSYoungGen      total 1004544K, used 13601K [0x0000000781800000, 0x00000007c0000000, 0x00000007c0000000)
  eden space 984576K, 0% used [0x0000000781800000,0x0000000781800000,0x00000007bd980000)
  from space 19968K, 68% used [0x00000007bec80000,0x00000007bf9c8688,0x00000007c0000000)
  to   space 19456K, 0% used [0x00000007bd980000,0x00000007bd980000,0x00000007bec80000)
 ParOldGen       total 2252800K, used 376339K [0x00000006f8000000, 0x0000000781800000, 0x0000000781800000)
  object space 2252800K, 16% used [0x00000006f8000000,0x000000070ef84d48,0x0000000781800000)
 Metaspace       used 191640K, capacity 201474K, committed 201664K, reserved 1226752K
  class space    used 22837K, capacity 24512K, committed 24576K, reserved 1048576K
}
{Heap before GC invocations=296 (full 5):
 PSYoungGen      total 1004544K, used 998177K [0x0000000781800000, 0x00000007c0000000, 0x00000007c0000000)
  eden space 984576K, 100% used [0x0000000781800000,0x00000007bd980000,0x00000007bd980000)
  from space 19968K, 68% used [0x00000007bec80000,0x00000007bf9c8688,0x00000007c0000000)
  to   space 19456K, 0% used [0x00000007bd980000,0x00000007bd980000,0x00000007bec80000)
 ParOldGen       total 2252800K, used 376339K [0x00000006f8000000, 0x0000000781800000, 0x0000000781800000)
  object space 2252800K, 16% used [0x00000006f8000000,0x000000070ef84d48,0x0000000781800000)
 Metaspace       used 191683K, capacity 201540K, committed 201664K, reserved 1226752K
  class space    used 22839K, capacity 24513K, committed 24576K, reserved 1048576K
2022-06-20T09:07:55.368+0800: 4047.661: [GC (Allocation Failure) [PSYoungGen: 998177K->13933K(1004032K)] 1374516K->390336K(3256832K), 0.0183140 secs] [Times: user=0.05 sys=0.00, real=0.02 secs] 
Heap after GC invocations=296 (full 5):
 PSYoungGen      total 1004032K, used 13933K [0x0000000781800000, 0x00000007c0000000, 0x00000007c0000000)
  eden space 984576K, 0% used [0x0000000781800000,0x0000000781800000,0x00000007bd980000)
  from space 19456K, 71% used [0x00000007bd980000,0x00000007be71b690,0x00000007bec80000)
  to   space 19456K, 0% used [0x00000007bed00000,0x00000007bed00000,0x00000007c0000000)
 ParOldGen       total 2252800K, used 376402K [0x00000006f8000000, 0x0000000781800000, 0x0000000781800000)
  object space 2252800K, 16% used [0x00000006f8000000,0x000000070ef94b90,0x0000000781800000)
 Metaspace       used 191683K, capacity 201540K, committed 201664K, reserved 1226752K
  class space    used 22839K, capacity 24513K, committed 24576K, reserved 1048576K
}
{Heap before GC invocations=297 (full 5):
 PSYoungGen      total 1004032K, used 998509K [0x0000000781800000, 0x00000007c0000000, 0x00000007c0000000)
  eden space 984576K, 100% used [0x0000000781800000,0x00000007bd980000,0x00000007bd980000)
  from space 19456K, 71% used [0x00000007bd980000,0x00000007be71b690,0x00000007bec80000)
  to   space 19456K, 0% used [0x00000007bed00000,0x00000007bed00000,0x00000007c0000000)
 ParOldGen       total 2252800K, used 376402K [0x00000006f8000000, 0x0000000781800000, 0x0000000781800000)
  object space 2252800K, 16% used [0x00000006f8000000,0x000000070ef94b90,0x0000000781800000)
 Metaspace       used 191708K, capacity 201582K, committed 201664K, reserved 1226752K
  class space    used 22843K, capacity 24520K, committed 24576K, reserved 1048576K
2022-06-20T09:08:15.670+0800: 4067.962: [GC (Allocation Failure) [PSYoungGen: 998509K->13274K(1005056K)] 1374912K->389726K(3257856K), 0.0190192 secs] [Times: user=0.05 sys=0.00, real=0.02 secs] 
Heap after GC invocations=297 (full 5):
 PSYoungGen      total 1005056K, used 13274K [0x0000000781800000, 0x00000007c0000000, 0x00000007c0000000)
  eden space 985600K, 0% used [0x0000000781800000,0x0000000781800000,0x00000007bda80000)
  from space 19456K, 68% used [0x00000007bed00000,0x00000007bf9f6800,0x00000007c0000000)
  to   space 18944K, 0% used [0x00000007bda80000,0x00000007bda80000,0x00000007bed00000)
 ParOldGen       total 2252800K, used 376452K [0x00000006f8000000, 0x0000000781800000, 0x0000000781800000)
  object space 2252800K, 16% used [0x00000006f8000000,0x000000070efa1140,0x0000000781800000)
 Metaspace       used 191708K, capacity 201582K, committed 201664K, reserved 1226752K
  class space    used 22843K, capacity 24520K, committed 24576K, reserved 1048576K
}
{Heap before GC invocations=298 (full 5):
 PSYoungGen      total 1005056K, used 998874K [0x0000000781800000, 0x00000007c0000000, 0x00000007c0000000)
  eden space 985600K, 100% used [0x0000000781800000,0x00000007bda80000,0x00000007bda80000)
  from space 19456K, 68% used [0x00000007bed00000,0x00000007bf9f6800,0x00000007c0000000)
  to   space 18944K, 0% used [0x00000007bda80000,0x00000007bda80000,0x00000007bed00000)
 ParOldGen       total 2252800K, used 376452K [0x00000006f8000000, 0x0000000781800000, 0x0000000781800000)
  object space 2252800K, 16% used [0x00000006f8000000,0x000000070efa1140,0x0000000781800000)
 Metaspace       used 191767K, capacity 201678K, committed 201920K, reserved 1226752K
  class space    used 22851K, capacity 24536K, committed 24576K, reserved 1048576K
2022-06-20T09:08:45.455+0800: 4097.748: [GC (Allocation Failure) [PSYoungGen: 998874K->13730K(1004544K)] 1375326K->390226K(3257344K), 0.0210352 secs] [Times: user=0.04 sys=0.02, real=0.03 secs] 
Heap after GC invocations=298 (full 5):
 PSYoungGen      total 1004544K, used 13730K [0x0000000781800000, 0x00000007c0000000, 0x00000007c0000000)
  eden space 985600K, 0% used [0x0000000781800000,0x0000000781800000,0x00000007bda80000)
  from space 18944K, 72% used [0x00000007bda80000,0x00000007be7e8998,0x00000007bed00000)
  to   space 18944K, 0% used [0x00000007bed80000,0x00000007bed80000,0x00000007c0000000)
 ParOldGen       total 2252800K, used 376496K [0x00000006f8000000, 0x0000000781800000, 0x0000000781800000)
  object space 2252800K, 16% used [0x00000006f8000000,0x000000070efac160,0x0000000781800000)
 Metaspace       used 191767K, capacity 201678K, committed 201920K, reserved 1226752K
  class space    used 22851K, capacity 24536K, committed 24576K, reserved 1048576K
}
{Heap before GC invocations=299 (full 5):
 PSYoungGen      total 1004544K, used 999330K [0x0000000781800000, 0x00000007c0000000, 0x00000007c0000000)
  eden space 985600K, 100% used [0x0000000781800000,0x00000007bda80000,0x00000007bda80000)
  from space 18944K, 72% used [0x00000007bda80000,0x00000007be7e8998,0x00000007bed00000)
  to   space 18944K, 0% used [0x00000007bed80000,0x00000007bed80000,0x00000007c0000000)
 ParOldGen       total 2252800K, used 376496K [0x00000006f8000000, 0x0000000781800000, 0x0000000781800000)
  object space 2252800K, 16% used [0x00000006f8000000,0x000000070efac160,0x0000000781800000)
 Metaspace       used 191768K, capacity 201742K, committed 201920K, reserved 1226752K
  class space    used 22851K, capacity 24536K, committed 24576K, reserved 1048576K
2022-06-20T09:09:09.307+0800: 4121.600: [GC (Allocation Failure) [PSYoungGen: 999330K->13597K(1005568K)] 1375826K->390289K(3258368K), 0.0200418 secs] [Times: user=0.05 sys=0.00, real=0.02 secs] 
Heap after GC invocations=299 (full 5):
 PSYoungGen      total 1005568K, used 13597K [0x0000000781800000, 0x00000007c0000000, 0x00000007c0000000)
  eden space 986624K, 0% used [0x0000000781800000,0x0000000781800000,0x00000007bdb80000)
  from space 18944K, 71% used [0x00000007bed80000,0x00000007bfac7438,0x00000007c0000000)
  to   space 18432K, 0% used [0x00000007bdb80000,0x00000007bdb80000,0x00000007bed80000)
 ParOldGen       total 2252800K, used 376692K [0x00000006f8000000, 0x0000000781800000, 0x0000000781800000)
  object space 2252800K, 16% used [0x00000006f8000000,0x000000070efdd078,0x0000000781800000)
 Metaspace       used 191768K, capacity 201742K, committed 201920K, reserved 1226752K
  class space    used 22851K, capacity 24536K, committed 24576K, reserved 1048576K
}
{Heap before GC invocations=300 (full 5):
 PSYoungGen      total 1005568K, used 1000221K [0x0000000781800000, 0x00000007c0000000, 0x00000007c0000000)
  eden space 986624K, 100% used [0x0000000781800000,0x00000007bdb80000,0x00000007bdb80000)
  from space 18944K, 71% used [0x00000007bed80000,0x00000007bfac7438,0x00000007c0000000)
  to   space 18432K, 0% used [0x00000007bdb80000,0x00000007bdb80000,0x00000007bed80000)
 ParOldGen       total 2252800K, used 376692K [0x00000006f8000000, 0x0000000781800000, 0x0000000781800000)
  object space 2252800K, 16% used [0x00000006f8000000,0x000000070efdd078,0x0000000781800000)
 Metaspace       used 191863K, capacity 201878K, committed 201920K, reserved 1226752K
  class space    used 22858K, capacity 24548K, committed 24576K, reserved 1048576K
2022-06-20T09:09:32.387+0800: 4144.679: [GC (Allocation Failure) [PSYoungGen: 1000221K->13669K(1005056K)] 1376913K->390454K(3257856K), 0.0178975 secs] [Times: user=0.04 sys=0.00, real=0.01 secs] 
Heap after GC invocations=300 (full 5):
 PSYoungGen      total 1005056K, used 13669K [0x0000000781800000, 0x00000007c0000000, 0x00000007c0000000)
  eden space 986624K, 0% used [0x0000000781800000,0x0000000781800000,0x00000007bdb80000)
  from space 18432K, 74% used [0x00000007bdb80000,0x00000007be8d9698,0x00000007bed80000)
  to   space 17920K, 0% used [0x00000007bee80000,0x00000007bee80000,0x00000007c0000000)
 ParOldGen       total 2252800K, used 376784K [0x00000006f8000000, 0x0000000781800000, 0x0000000781800000)
  object space 2252800K, 16% used [0x00000006f8000000,0x000000070eff4328,0x0000000781800000)
 Metaspace       used 191863K, capacity 201878K, committed 201920K, reserved 1226752K
  class space    used 22858K, capacity 24548K, committed 24576K, reserved 1048576K
}
{Heap before GC invocations=301 (full 5):
 PSYoungGen      total 1005056K, used 1000293K [0x0000000781800000, 0x00000007c0000000, 0x00000007c0000000)
  eden space 986624K, 100% used [0x0000000781800000,0x00000007bdb80000,0x00000007bdb80000)
  from space 18432K, 74% used [0x00000007bdb80000,0x00000007be8d9698,0x00000007bed80000)
  to   space 17920K, 0% used [0x00000007bee80000,0x00000007bee80000,0x00000007c0000000)
 ParOldGen       total 2252800K, used 376784K [0x00000006f8000000, 0x0000000781800000, 0x0000000781800000)
  object space 2252800K, 16% used [0x00000006f8000000,0x000000070eff4328,0x0000000781800000)
 Metaspace       used 191879K, capacity 201878K, committed 201920K, reserved 1226752K
  class space    used 22858K, capacity 24548K, committed 24576K, reserved 1048576K
2022-06-20T09:09:45.975+0800: 4158.268: [GC (Allocation Failure) [PSYoungGen: 1000293K->13130K(1006080K)] 1377078K->390046K(3258880K), 0.0161679 secs] [Times: user=0.04 sys=0.00, real=0.02 secs] 
Heap after GC invocations=301 (full 5):
 PSYoungGen      total 1006080K, used 13130K [0x0000000781800000, 0x00000007c0000000, 0x00000007c0000000)
  eden space 988160K, 0% used [0x0000000781800000,0x0000000781800000,0x00000007bdd00000)
  from space 17920K, 73% used [0x00000007bee80000,0x00000007bfb52858,0x00000007c0000000)
  to   space 17920K, 0% used [0x00000007bdd00000,0x00000007bdd00000,0x00000007bee80000)
 ParOldGen       total 2252800K, used 376915K [0x00000006f8000000, 0x0000000781800000, 0x0000000781800000)
  object space 2252800K, 16% used [0x00000006f8000000,0x000000070f014fe8,0x0000000781800000)
 Metaspace       used 191879K, capacity 201878K, committed 201920K, reserved 1226752K
  class space    used 22858K, capacity 24548K, committed 24576K, reserved 1048576K
}
{Heap before GC invocations=302 (full 5):
 PSYoungGen      total 1006080K, used 1001290K [0x0000000781800000, 0x00000007c0000000, 0x00000007c0000000)
  eden space 988160K, 100% used [0x0000000781800000,0x00000007bdd00000,0x00000007bdd00000)
  from space 17920K, 73% used [0x00000007bee80000,0x00000007bfb52858,0x00000007c0000000)
  to   space 17920K, 0% used [0x00000007bdd00000,0x00000007bdd00000,0x00000007bee80000)
 ParOldGen       total 2252800K, used 376915K [0x00000006f8000000, 0x0000000781800000, 0x0000000781800000)
  object space 2252800K, 16% used [0x00000006f8000000,0x000000070f014fe8,0x0000000781800000)
 Metaspace       used 191881K, capacity 201878K, committed 201920K, reserved 1226752K
  class space    used 22858K, capacity 24548K, committed 24576K, reserved 1048576K
2022-06-20T09:09:57.724+0800: 4170.017: [GC (Allocation Failure) [PSYoungGen: 1001290K->13641K(1006080K)] 1378206K->390826K(3258880K), 0.0135314 secs] [Times: user=0.03 sys=0.00, real=0.02 secs] 
Heap after GC invocations=302 (full 5):
 PSYoungGen      total 1006080K, used 13641K [0x0000000781800000, 0x00000007c0000000, 0x00000007c0000000)
  eden space 988160K, 0% used [0x0000000781800000,0x0000000781800000,0x00000007bdd00000)
  from space 17920K, 76% used [0x00000007bdd00000,0x00000007bea52480,0x00000007bee80000)
  to   space 17408K, 0% used [0x00000007bef00000,0x00000007bef00000,0x00000007c0000000)
 ParOldGen       total 2252800K, used 377185K [0x00000006f8000000, 0x0000000781800000, 0x0000000781800000)
  object space 2252800K, 16% used [0x00000006f8000000,0x000000070f058420,0x0000000781800000)
 Metaspace       used 191881K, capacity 201878K, committed 201920K, reserved 1226752K
  class space    used 22858K, capacity 24548K, committed 24576K, reserved 1048576K
}
{Heap before GC invocations=303 (full 5):
 PSYoungGen      total 1006080K, used 1001801K [0x0000000781800000, 0x00000007c0000000, 0x00000007c0000000)
  eden space 988160K, 100% used [0x0000000781800000,0x00000007bdd00000,0x00000007bdd00000)
  from space 17920K, 76% used [0x00000007bdd00000,0x00000007bea52480,0x00000007bee80000)
  to   space 17408K, 0% used [0x00000007bef00000,0x00000007bef00000,0x00000007c0000000)
 ParOldGen       total 2252800K, used 377185K [0x00000006f8000000, 0x0000000781800000, 0x0000000781800000)
  object space 2252800K, 16% used [0x00000006f8000000,0x000000070f058420,0x0000000781800000)
 Metaspace       used 192176K, capacity 202294K, committed 202560K, reserved 1226752K
  class space    used 22896K, capacity 24596K, committed 24704K, reserved 1048576K
2022-06-20T09:10:15.274+0800: 4187.567: [GC (Allocation Failure) [PSYoungGen: 1001801K->14713K(1006592K)] 1378986K->391991K(3259392K), 0.0193575 secs] [Times: user=0.05 sys=0.00, real=0.02 secs] 
Heap after GC invocations=303 (full 5):
 PSYoungGen      total 1006592K, used 14713K [0x0000000781800000, 0x00000007c0000000, 0x00000007c0000000)
  eden space 989184K, 0% used [0x0000000781800000,0x0000000781800000,0x00000007bde00000)
  from space 17408K, 84% used [0x00000007bef00000,0x00000007bfd5e470,0x00000007c0000000)
  to   space 17408K, 0% used [0x00000007bde00000,0x00000007bde00000,0x00000007bef00000)
 ParOldGen       total 2252800K, used 377278K [0x00000006f8000000, 0x0000000781800000, 0x0000000781800000)
  object space 2252800K, 16% used [0x00000006f8000000,0x000000070f06f930,0x0000000781800000)
 Metaspace       used 192176K, capacity 202294K, committed 202560K, reserved 1226752K
  class space    used 22896K, capacity 24596K, committed 24704K, reserved 1048576K
}
{Heap before GC invocations=304 (full 5):
 PSYoungGen      total 1006592K, used 1003897K [0x0000000781800000, 0x00000007c0000000, 0x00000007c0000000)
  eden space 989184K, 100% used [0x0000000781800000,0x00000007bde00000,0x00000007bde00000)
  from space 17408K, 84% used [0x00000007bef00000,0x00000007bfd5e470,0x00000007c0000000)
  to   space 17408K, 0% used [0x00000007bde00000,0x00000007bde00000,0x00000007bef00000)
 ParOldGen       total 2252800K, used 377278K [0x00000006f8000000, 0x0000000781800000, 0x0000000781800000)
  object space 2252800K, 16% used [0x00000006f8000000,0x000000070f06f930,0x0000000781800000)
 Metaspace       used 192258K, capacity 202588K, committed 202816K, reserved 1226752K
  class space    used 22916K, capacity 24633K, committed 24704K, reserved 1048576K
2022-06-20T09:10:31.011+0800: 4203.303: [GC (Allocation Failure) [PSYoungGen: 1003897K->14757K(1006592K)] 1381175K->392127K(3259392K), 0.0160588 secs] [Times: user=0.05 sys=0.00, real=0.02 secs] 
Heap after GC invocations=304 (full 5):
 PSYoungGen      total 1006592K, used 14757K [0x0000000781800000, 0x00000007c0000000, 0x00000007c0000000)
  eden space 989184K, 0% used [0x0000000781800000,0x0000000781800000,0x00000007bde00000)
  from space 17408K, 84% used [0x00000007bde00000,0x00000007bec69790,0x00000007bef00000)
  to   space 17408K, 0% used [0x00000007bef00000,0x00000007bef00000,0x00000007c0000000)
 ParOldGen       total 2252800K, used 377369K [0x00000006f8000000, 0x0000000781800000, 0x0000000781800000)
  object space 2252800K, 16% used [0x00000006f8000000,0x000000070f086690,0x0000000781800000)
 Metaspace       used 192258K, capacity 202588K, committed 202816K, reserved 1226752K
  class space    used 22916K, capacity 24633K, committed 24704K, reserved 1048576K
}
{Heap before GC invocations=305 (full 5):
 PSYoungGen      total 1006592K, used 1003941K [0x0000000781800000, 0x00000007c0000000, 0x00000007c0000000)
  eden space 989184K, 100% used [0x0000000781800000,0x00000007bde00000,0x00000007bde00000)
  from space 17408K, 84% used [0x00000007bde00000,0x00000007bec69790,0x00000007bef00000)
  to   space 17408K, 0% used [0x00000007bef00000,0x00000007bef00000,0x00000007c0000000)
 ParOldGen       total 2252800K, used 377369K [0x00000006f8000000, 0x0000000781800000, 0x0000000781800000)
  object space 2252800K, 16% used [0x00000006f8000000,0x000000070f086690,0x0000000781800000)
 Metaspace       used 192262K, capacity 202588K, committed 202816K, reserved 1226752K
  class space    used 22916K, capacity 24633K, committed 24704K, reserved 1048576K
2022-06-20T09:10:46.631+0800: 4218.924: [GC (Allocation Failure) [PSYoungGen: 1003941K->14854K(1006592K)] 1381311K->392256K(3259392K), 0.0180336 secs] [Times: user=0.05 sys=0.00, real=0.02 secs] 
Heap after GC invocations=305 (full 5):
 PSYoungGen      total 1006592K, used 14854K [0x0000000781800000, 0x00000007c0000000, 0x00000007c0000000)
  eden space 989184K, 0% used [0x0000000781800000,0x0000000781800000,0x00000007bde00000)
  from space 17408K, 85% used [0x00000007bef00000,0x00000007bfd819b0,0x00000007c0000000)
  to   space 17408K, 0% used [0x00000007bde00000,0x00000007bde00000,0x00000007bef00000)
 ParOldGen       total 2252800K, used 377401K [0x00000006f8000000, 0x0000000781800000, 0x0000000781800000)
  object space 2252800K, 16% used [0x00000006f8000000,0x000000070f08e690,0x0000000781800000)
 Metaspace       used 192262K, capacity 202588K, committed 202816K, reserved 1226752K
  class space    used 22916K, capacity 24633K, committed 24704K, reserved 1048576K
}
{Heap before GC invocations=306 (full 5):
 PSYoungGen      total 1006592K, used 1004038K [0x0000000781800000, 0x00000007c0000000, 0x00000007c0000000)
  eden space 989184K, 100% used [0x0000000781800000,0x00000007bde00000,0x00000007bde00000)
  from space 17408K, 85% used [0x00000007bef00000,0x00000007bfd819b0,0x00000007c0000000)
  to   space 17408K, 0% used [0x00000007bde00000,0x00000007bde00000,0x00000007bef00000)
 ParOldGen       total 2252800K, used 377401K [0x00000006f8000000, 0x0000000781800000, 0x0000000781800000)
  object space 2252800K, 16% used [0x00000006f8000000,0x000000070f08e690,0x0000000781800000)
 Metaspace       used 192453K, capacity 202792K, committed 202816K, reserved 1226752K
  class space    used 22930K, capacity 24683K, committed 24704K, reserved 1048576K
2022-06-20T09:11:13.492+0800: 4245.785: [GC (Allocation Failure) [PSYoungGen: 1004038K->15731K(1005056K)] 1381440K->393229K(3257856K), 0.0238751 secs] [Times: user=0.07 sys=0.02, real=0.02 secs] 
Heap after GC invocations=306 (full 5):
 PSYoungGen      total 1005056K, used 15731K [0x0000000781800000, 0x00000007c0000000, 0x00000007c0000000)
  eden space 989184K, 0% used [0x0000000781800000,0x0000000781800000,0x00000007bde00000)
  from space 15872K, 99% used [0x00000007bde00000,0x00000007bed5cd50,0x00000007bed80000)
  to   space 17920K, 0% used [0x00000007bee80000,0x00000007bee80000,0x00000007c0000000)
 ParOldGen       total 2252800K, used 377497K [0x00000006f8000000, 0x0000000781800000, 0x0000000781800000)
  object space 2252800K, 16% used [0x00000006f8000000,0x000000070f0a66b0,0x0000000781800000)
 Metaspace       used 192453K, capacity 202792K, committed 202816K, reserved 1226752K
  class space    used 22930K, capacity 24683K, committed 24704K, reserved 1048576K
}
{Heap before GC invocations=307 (full 5):
 PSYoungGen      total 1005056K, used 1004915K [0x0000000781800000, 0x00000007c0000000, 0x00000007c0000000)
  eden space 989184K, 100% used [0x0000000781800000,0x00000007bde00000,0x00000007bde00000)
  from space 15872K, 99% used [0x00000007bde00000,0x00000007bed5cd50,0x00000007bed80000)
  to   space 17920K, 0% used [0x00000007bee80000,0x00000007bee80000,0x00000007c0000000)
 ParOldGen       total 2252800K, used 377497K [0x00000006f8000000, 0x0000000781800000, 0x0000000781800000)
  object space 2252800K, 16% used [0x00000006f8000000,0x000000070f0a66b0,0x0000000781800000)
 Metaspace       used 192486K, capacity 202858K, committed 203072K, reserved 1228800K
  class space    used 22938K, capacity 24694K, committed 24704K, reserved 1048576K
2022-06-20T09:11:30.705+0800: 4262.998: [GC (Allocation Failure) [PSYoungGen: 1004915K->14916K(1006592K)] 1382413K->392458K(3259392K), 0.0176670 secs] [Times: user=0.05 sys=0.01, real=0.02 secs] 
Heap after GC invocations=307 (full 5):
 PSYoungGen      total 1006592K, used 14916K [0x0000000781800000, 0x00000007c0000000, 0x00000007c0000000)
  eden space 988672K, 0% used [0x0000000781800000,0x0000000781800000,0x00000007bdd80000)
  from space 17920K, 83% used [0x00000007bee80000,0x00000007bfd111f0,0x00000007c0000000)
  to   space 17408K, 0% used [0x00000007bdd80000,0x00000007bdd80000,0x00000007bee80000)
 ParOldGen       total 2252800K, used 377541K [0x00000006f8000000, 0x0000000781800000, 0x0000000781800000)
  object space 2252800K, 16% used [0x00000006f8000000,0x000000070f0b16d0,0x0000000781800000)
 Metaspace       used 192486K, capacity 202858K, committed 203072K, reserved 1228800K
  class space    used 22938K, capacity 24694K, committed 24704K, reserved 1048576K
}
{Heap before GC invocations=308 (full 5):
 PSYoungGen      total 1006592K, used 1003588K [0x0000000781800000, 0x00000007c0000000, 0x00000007c0000000)
  eden space 988672K, 100% used [0x0000000781800000,0x00000007bdd80000,0x00000007bdd80000)
  from space 17920K, 83% used [0x00000007bee80000,0x00000007bfd111f0,0x00000007c0000000)
  to   space 17408K, 0% used [0x00000007bdd80000,0x00000007bdd80000,0x00000007bee80000)
 ParOldGen       total 2252800K, used 377541K [0x00000006f8000000, 0x0000000781800000, 0x0000000781800000)
  object space 2252800K, 16% used [0x00000006f8000000,0x000000070f0b16d0,0x0000000781800000)
 Metaspace       used 192493K, capacity 202858K, committed 203072K, reserved 1228800K
  class space    used 22938K, capacity 24694K, committed 24704K, reserved 1048576K
2022-06-20T09:11:44.769+0800: 4277.061: [GC (Allocation Failure) [PSYoungGen: 1003588K->15439K(1006080K)] 1381130K->393021K(3258880K), 0.0133010 secs] [Times: user=0.04 sys=0.00, real=0.01 secs] 
Heap after GC invocations=308 (full 5):
 PSYoungGen      total 1006080K, used 15439K [0x0000000781800000, 0x00000007c0000000, 0x00000007c0000000)
  eden space 988672K, 0% used [0x0000000781800000,0x0000000781800000,0x00000007bdd80000)
  from space 17408K, 88% used [0x00000007bdd80000,0x00000007bec93df8,0x00000007bee80000)
  to   space 17408K, 0% used [0x00000007bef00000,0x00000007bef00000,0x00000007c0000000)
 ParOldGen       total 2252800K, used 377581K [0x00000006f8000000, 0x0000000781800000, 0x0000000781800000)
  object space 2252800K, 16% used [0x00000006f8000000,0x000000070f0bb6d0,0x0000000781800000)
 Metaspace       used 192493K, capacity 202858K, committed 203072K, reserved 1228800K
  class space    used 22938K, capacity 24694K, committed 24704K, reserved 1048576K
}
{Heap before GC invocations=309 (full 5):
 PSYoungGen      total 1006080K, used 1004111K [0x0000000781800000, 0x00000007c0000000, 0x00000007c0000000)
  eden space 988672K, 100% used [0x0000000781800000,0x00000007bdd80000,0x00000007bdd80000)
  from space 17408K, 88% used [0x00000007bdd80000,0x00000007bec93df8,0x00000007bee80000)
  to   space 17408K, 0% used [0x00000007bef00000,0x00000007bef00000,0x00000007c0000000)
 ParOldGen       total 2252800K, used 377581K [0x00000006f8000000, 0x0000000781800000, 0x0000000781800000)
  object space 2252800K, 16% used [0x00000006f8000000,0x000000070f0bb6d0,0x0000000781800000)
 Metaspace       used 192539K, capacity 202976K, committed 203072K, reserved 1228800K
  class space    used 22946K, capacity 24703K, committed 24704K, reserved 1048576K
2022-06-20T09:12:05.297+0800: 4297.590: [GC (Allocation Failure) [PSYoungGen: 1004111K->16903K(1004544K)] 1381693K->394509K(3257344K), 0.0175534 secs] [Times: user=0.05 sys=0.00, real=0.01 secs] 
Heap after GC invocations=309 (full 5):
 PSYoungGen      total 1004544K, used 16903K [0x0000000781800000, 0x00000007c0000000, 0x00000007c0000000)
  eden space 987136K, 0% used [0x0000000781800000,0x0000000781800000,0x00000007bdc00000)
  from space 17408K, 97% used [0x00000007bef00000,0x00000007bff81dd0,0x00000007c0000000)
  to   space 18432K, 0% used [0x00000007bdc00000,0x00000007bdc00000,0x00000007bee00000)
 ParOldGen       total 2252800K, used 377605K [0x00000006f8000000, 0x0000000781800000, 0x0000000781800000)
  object space 2252800K, 16% used [0x00000006f8000000,0x000000070f0c16d0,0x0000000781800000)
 Metaspace       used 192539K, capacity 202976K, committed 203072K, reserved 1228800K
  class space    used 22946K, capacity 24703K, committed 24704K, reserved 1048576K
}
{Heap before GC invocations=310 (full 5):
 PSYoungGen      total 1004544K, used 1004039K [0x0000000781800000, 0x00000007c0000000, 0x00000007c0000000)
  eden space 987136K, 100% used [0x0000000781800000,0x00000007bdc00000,0x00000007bdc00000)
  from space 17408K, 97% used [0x00000007bef00000,0x00000007bff81dd0,0x00000007c0000000)
  to   space 18432K, 0% used [0x00000007bdc00000,0x00000007bdc00000,0x00000007bee00000)
 ParOldGen       total 2252800K, used 377605K [0x00000006f8000000, 0x0000000781800000, 0x0000000781800000)
  object space 2252800K, 16% used [0x00000006f8000000,0x000000070f0c16d0,0x0000000781800000)
 Metaspace       used 192589K, capacity 203036K, committed 203200K, reserved 1228800K
  class space    used 22954K, capacity 24713K, committed 24832K, reserved 1048576K
2022-06-20T09:12:15.991+0800: 4308.284: [GC (Allocation Failure) [PSYoungGen: 1004039K->14696K(1005568K)] 1381645K->392334K(3258368K), 0.0187268 secs] [Times: user=0.05 sys=0.01, real=0.02 secs] 
Heap after GC invocations=310 (full 5):
 PSYoungGen      total 1005568K, used 14696K [0x0000000781800000, 0x00000007c0000000, 0x00000007c0000000)
  eden space 987136K, 0% used [0x0000000781800000,0x0000000781800000,0x00000007bdc00000)
  from space 18432K, 79% used [0x00000007bdc00000,0x00000007bea5a2f8,0x00000007bee00000)
  to   space 17920K, 0% used [0x00000007bee80000,0x00000007bee80000,0x00000007c0000000)
 ParOldGen       total 2252800K, used 377637K [0x00000006f8000000, 0x0000000781800000, 0x0000000781800000)
  object space 2252800K, 16% used [0x00000006f8000000,0x000000070f0c96d0,0x0000000781800000)
 Metaspace       used 192589K, capacity 203036K, committed 203200K, reserved 1228800K
  class space    used 22954K, capacity 24713K, committed 24832K, reserved 1048576K
}
{Heap before GC invocations=311 (full 5):
 PSYoungGen      total 1005568K, used 1001832K [0x0000000781800000, 0x00000007c0000000, 0x00000007c0000000)
  eden space 987136K, 100% used [0x0000000781800000,0x00000007bdc00000,0x00000007bdc00000)
  from space 18432K, 79% used [0x00000007bdc00000,0x00000007bea5a2f8,0x00000007bee00000)
  to   space 17920K, 0% used [0x00000007bee80000,0x00000007bee80000,0x00000007c0000000)
 ParOldGen       total 2252800K, used 377637K [0x00000006f8000000, 0x0000000781800000, 0x0000000781800000)
  object space 2252800K, 16% used [0x00000006f8000000,0x000000070f0c96d0,0x0000000781800000)
 Metaspace       used 192591K, capacity 203036K, committed 203200K, reserved 1228800K
  class space    used 22954K, capacity 24713K, committed 24832K, reserved 1048576K
2022-06-20T09:12:24.354+0800: 4316.647: [GC (Allocation Failure) [PSYoungGen: 1001832K->14687K(1006592K)] 1379470K->392501K(3259392K), 0.0186277 secs] [Times: user=0.04 sys=0.01, real=0.02 secs] 
Heap after GC invocations=311 (full 5):
 PSYoungGen      total 1006592K, used 14687K [0x0000000781800000, 0x00000007c0000000, 0x00000007c0000000)
  eden space 988672K, 0% used [0x0000000781800000,0x0000000781800000,0x00000007bdd80000)
  from space 17920K, 81% used [0x00000007bee80000,0x00000007bfcd7df0,0x00000007c0000000)
  to   space 17408K, 0% used [0x00000007bdd80000,0x00000007bdd80000,0x00000007bee80000)
 ParOldGen       total 2252800K, used 377813K [0x00000006f8000000, 0x0000000781800000, 0x0000000781800000)
  object space 2252800K, 16% used [0x00000006f8000000,0x000000070f0f56f0,0x0000000781800000)
 Metaspace       used 192591K, capacity 203036K, committed 203200K, reserved 1228800K
  class space    used 22954K, capacity 24713K, committed 24832K, reserved 1048576K
}
{Heap before GC invocations=312 (full 5):
 PSYoungGen      total 1006592K, used 1003359K [0x0000000781800000, 0x00000007c0000000, 0x00000007c0000000)
  eden space 988672K, 100% used [0x0000000781800000,0x00000007bdd80000,0x00000007bdd80000)
  from space 17920K, 81% used [0x00000007bee80000,0x00000007bfcd7df0,0x00000007c0000000)
  to   space 17408K, 0% used [0x00000007bdd80000,0x00000007bdd80000,0x00000007bee80000)
 ParOldGen       total 2252800K, used 377813K [0x00000006f8000000, 0x0000000781800000, 0x0000000781800000)
  object space 2252800K, 16% used [0x00000006f8000000,0x000000070f0f56f0,0x0000000781800000)
 Metaspace       used 192660K, capacity 203152K, committed 203456K, reserved 1228800K
  class space    used 22964K, capacity 24725K, committed 24832K, reserved 1048576K
2022-06-20T09:12:39.228+0800: 4331.521: [GC (Allocation Failure) [PSYoungGen: 1003359K->14795K(1006080K)] 1381173K->392657K(3258880K), 0.0161114 secs] [Times: user=0.04 sys=0.00, real=0.01 secs] 
Heap after GC invocations=312 (full 5):
 PSYoungGen      total 1006080K, used 14795K [0x0000000781800000, 0x00000007c0000000, 0x00000007c0000000)
  eden space 988672K, 0% used [0x0000000781800000,0x0000000781800000,0x00000007bdd80000)
  from space 17408K, 84% used [0x00000007bdd80000,0x00000007bebf2fc0,0x00000007bee80000)
  to   space 17408K, 0% used [0x00000007bef00000,0x00000007bef00000,0x00000007c0000000)
 ParOldGen       total 2252800K, used 377861K [0x00000006f8000000, 0x0000000781800000, 0x0000000781800000)
  object space 2252800K, 16% used [0x00000006f8000000,0x000000070f1016f0,0x0000000781800000)
 Metaspace       used 192660K, capacity 203152K, committed 203456K, reserved 1228800K
  class space    used 22964K, capacity 24725K, committed 24832K, reserved 1048576K
}
{Heap before GC invocations=313 (full 5):
 PSYoungGen      total 1006080K, used 1003467K [0x0000000781800000, 0x00000007c0000000, 0x00000007c0000000)
  eden space 988672K, 100% used [0x0000000781800000,0x00000007bdd80000,0x00000007bdd80000)
  from space 17408K, 84% used [0x00000007bdd80000,0x00000007bebf2fc0,0x00000007bee80000)
  to   space 17408K, 0% used [0x00000007bef00000,0x00000007bef00000,0x00000007c0000000)
 ParOldGen       total 2252800K, used 377861K [0x00000006f8000000, 0x0000000781800000, 0x0000000781800000)
  object space 2252800K, 16% used [0x00000006f8000000,0x000000070f1016f0,0x0000000781800000)
 Metaspace       used 192684K, capacity 203170K, committed 203456K, reserved 1228800K
  class space    used 22965K, capacity 24728K, committed 24832K, reserved 1048576K
2022-06-20T09:12:50.479+0800: 4342.772: [GC (Allocation Failure) [PSYoungGen: 1003467K->15024K(1006592K)] 1381329K->393068K(3259392K), 0.0169459 secs] [Times: user=0.05 sys=0.00, real=0.02 secs] 
Heap after GC invocations=313 (full 5):
 PSYoungGen      total 1006592K, used 15024K [0x0000000781800000, 0x00000007c0000000, 0x00000007c0000000)
  eden space 989184K, 0% used [0x0000000781800000,0x0000000781800000,0x00000007bde00000)
  from space 17408K, 86% used [0x00000007bef00000,0x00000007bfdac000,0x00000007c0000000)
  to   space 17408K, 0% used [0x00000007bde00000,0x00000007bde00000,0x00000007bef00000)
 ParOldGen       total 2252800K, used 378044K [0x00000006f8000000, 0x0000000781800000, 0x0000000781800000)
  object space 2252800K, 16% used [0x00000006f8000000,0x000000070f12f240,0x0000000781800000)
 Metaspace       used 192684K, capacity 203170K, committed 203456K, reserved 1228800K
  class space    used 22965K, capacity 24728K, committed 24832K, reserved 1048576K
}
{Heap before GC invocations=314 (full 5):
 PSYoungGen      total 1006592K, used 1004208K [0x0000000781800000, 0x00000007c0000000, 0x00000007c0000000)
  eden space 989184K, 100% used [0x0000000781800000,0x00000007bde00000,0x00000007bde00000)
  from space 17408K, 86% used [0x00000007bef00000,0x00000007bfdac000,0x00000007c0000000)
  to   space 17408K, 0% used [0x00000007bde00000,0x00000007bde00000,0x00000007bef00000)
 ParOldGen       total 2252800K, used 378044K [0x00000006f8000000, 0x0000000781800000, 0x0000000781800000)
  object space 2252800K, 16% used [0x00000006f8000000,0x000000070f12f240,0x0000000781800000)
 Metaspace       used 192696K, capacity 203170K, committed 203456K, reserved 1228800K
  class space    used 22965K, capacity 24728K, committed 24832K, reserved 1048576K
2022-06-20T09:13:05.227+0800: 4357.520: [GC (Allocation Failure) [PSYoungGen: 1004208K->15022K(1006592K)] 1382252K->393099K(3259392K), 0.0130718 secs] [Times: user=0.04 sys=0.00, real=0.01 secs] 
Heap after GC invocations=314 (full 5):
 PSYoungGen      total 1006592K, used 15022K [0x0000000781800000, 0x00000007c0000000, 0x00000007c0000000)
  eden space 989184K, 0% used [0x0000000781800000,0x0000000781800000,0x00000007bde00000)
  from space 17408K, 86% used [0x00000007bde00000,0x00000007becabbc0,0x00000007bef00000)
  to   space 16896K, 0% used [0x00000007bef80000,0x00000007bef80000,0x00000007c0000000)
 ParOldGen       total 2252800K, used 378076K [0x00000006f8000000, 0x0000000781800000, 0x0000000781800000)
  object space 2252800K, 16% used [0x00000006f8000000,0x000000070f137240,0x0000000781800000)
 Metaspace       used 192696K, capacity 203170K, committed 203456K, reserved 1228800K
  class space    used 22965K, capacity 24728K, committed 24832K, reserved 1048576K
}
{Heap before GC invocations=315 (full 5):
 PSYoungGen      total 1006592K, used 1004206K [0x0000000781800000, 0x00000007c0000000, 0x00000007c0000000)
  eden space 989184K, 100% used [0x0000000781800000,0x00000007bde00000,0x00000007bde00000)
  from space 17408K, 86% used [0x00000007bde00000,0x00000007becabbc0,0x00000007bef00000)
  to   space 16896K, 0% used [0x00000007bef80000,0x00000007bef80000,0x00000007c0000000)
 ParOldGen       total 2252800K, used 378076K [0x00000006f8000000, 0x0000000781800000, 0x0000000781800000)
  object space 2252800K, 16% used [0x00000006f8000000,0x000000070f137240,0x0000000781800000)
 Metaspace       used 192722K, capacity 203170K, committed 203456K, reserved 1228800K
  class space    used 22965K, capacity 24728K, committed 24832K, reserved 1048576K
2022-06-20T09:13:19.559+0800: 4371.852: [GC (Allocation Failure) [PSYoungGen: 1004206K->15303K(1007104K)] 1382283K->393487K(3259904K), 0.0221930 secs] [Times: user=0.06 sys=0.01, real=0.02 secs] 
Heap after GC invocations=315 (full 5):
 PSYoungGen      total 1007104K, used 15303K [0x0000000781800000, 0x00000007c0000000, 0x00000007c0000000)
  eden space 990208K, 0% used [0x0000000781800000,0x0000000781800000,0x00000007bdf00000)
  from space 16896K, 90% used [0x00000007bef80000,0x00000007bfe71d18,0x00000007c0000000)
  to   space 16896K, 0% used [0x00000007bdf00000,0x00000007bdf00000,0x00000007bef80000)
 ParOldGen       total 2252800K, used 378183K [0x00000006f8000000, 0x0000000781800000, 0x0000000781800000)
  object space 2252800K, 16% used [0x00000006f8000000,0x000000070f151ef0,0x0000000781800000)
 Metaspace       used 192722K, capacity 203170K, committed 203456K, reserved 1228800K
  class space    used 22965K, capacity 24728K, committed 24832K, reserved 1048576K
}
{Heap before GC invocations=316 (full 5):
 PSYoungGen      total 1007104K, used 1005511K [0x0000000781800000, 0x00000007c0000000, 0x00000007c0000000)
  eden space 990208K, 100% used [0x0000000781800000,0x00000007bdf00000,0x00000007bdf00000)
  from space 16896K, 90% used [0x00000007bef80000,0x00000007bfe71d18,0x00000007c0000000)
  to   space 16896K, 0% used [0x00000007bdf00000,0x00000007bdf00000,0x00000007bef80000)
 ParOldGen       total 2252800K, used 378183K [0x00000006f8000000, 0x0000000781800000, 0x0000000781800000)
  object space 2252800K, 16% used [0x00000006f8000000,0x000000070f151ef0,0x0000000781800000)
 Metaspace       used 192766K, capacity 203238K, committed 203456K, reserved 1228800K
  class space    used 22966K, capacity 24728K, committed 24832K, reserved 1048576K
2022-06-20T09:13:55.448+0800: 4407.741: [GC (Allocation Failure) [PSYoungGen: 1005511K->15464K(1007104K)] 1383695K->393664K(3259904K), 0.0211469 secs] [Times: user=0.06 sys=0.01, real=0.02 secs] 
Heap after GC invocations=316 (full 5):
 PSYoungGen      total 1007104K, used 15464K [0x0000000781800000, 0x00000007c0000000, 0x00000007c0000000)
  eden space 990208K, 0% used [0x0000000781800000,0x0000000781800000,0x00000007bdf00000)
  from space 16896K, 91% used [0x00000007bdf00000,0x00000007bee1a378,0x00000007bef80000)
  to   space 16896K, 0% used [0x00000007bef80000,0x00000007bef80000,0x00000007c0000000)
 ParOldGen       total 2252800K, used 378199K [0x00000006f8000000, 0x0000000781800000, 0x0000000781800000)
  object space 2252800K, 16% used [0x00000006f8000000,0x000000070f155ef0,0x0000000781800000)
 Metaspace       used 192766K, capacity 203238K, committed 203456K, reserved 1228800K
  class space    used 22966K, capacity 24728K, committed 24832K, reserved 1048576K
}
{Heap before GC invocations=317 (full 5):
 PSYoungGen      total 1007104K, used 1005672K [0x0000000781800000, 0x00000007c0000000, 0x00000007c0000000)
  eden space 990208K, 100% used [0x0000000781800000,0x00000007bdf00000,0x00000007bdf00000)
  from space 16896K, 91% used [0x00000007bdf00000,0x00000007bee1a378,0x00000007bef80000)
  to   space 16896K, 0% used [0x00000007bef80000,0x00000007bef80000,0x00000007c0000000)
 ParOldGen       total 2252800K, used 378199K [0x00000006f8000000, 0x0000000781800000, 0x0000000781800000)
  object space 2252800K, 16% used [0x00000006f8000000,0x000000070f155ef0,0x0000000781800000)
 Metaspace       used 192781K, capacity 203238K, committed 203456K, reserved 1228800K
  class space    used 22966K, capacity 24728K, committed 24832K, reserved 1048576K
2022-06-20T09:14:10.621+0800: 4422.914: [GC (Allocation Failure) [PSYoungGen: 1005672K->15720K(1006080K)] 1383872K->393964K(3258880K), 0.0211874 secs] [Times: user=0.06 sys=0.00, real=0.02 secs] 
Heap after GC invocations=317 (full 5):
 PSYoungGen      total 1006080K, used 15720K [0x0000000781800000, 0x00000007c0000000, 0x00000007c0000000)
  eden space 989184K, 0% used [0x0000000781800000,0x0000000781800000,0x00000007bde00000)
  from space 16896K, 93% used [0x00000007bef80000,0x00000007bfeda178,0x00000007c0000000)
  to   space 17408K, 0% used [0x00000007bde00000,0x00000007bde00000,0x00000007bef00000)
 ParOldGen       total 2252800K, used 378243K [0x00000006f8000000, 0x0000000781800000, 0x0000000781800000)
  object space 2252800K, 16% used [0x00000006f8000000,0x000000070f160f50,0x0000000781800000)
 Metaspace       used 192781K, capacity 203238K, committed 203456K, reserved 1228800K
  class space    used 22966K, capacity 24728K, committed 24832K, reserved 1048576K
}
{Heap before GC invocations=318 (full 5):
 PSYoungGen      total 1006080K, used 1004904K [0x0000000781800000, 0x00000007c0000000, 0x00000007c0000000)
  eden space 989184K, 100% used [0x0000000781800000,0x00000007bde00000,0x00000007bde00000)
  from space 16896K, 93% used [0x00000007bef80000,0x00000007bfeda178,0x00000007c0000000)
  to   space 17408K, 0% used [0x00000007bde00000,0x00000007bde00000,0x00000007bef00000)
 ParOldGen       total 2252800K, used 378243K [0x00000006f8000000, 0x0000000781800000, 0x0000000781800000)
  object space 2252800K, 16% used [0x00000006f8000000,0x000000070f160f50,0x0000000781800000)
 Metaspace       used 192808K, capacity 203238K, committed 203456K, reserved 1228800K
  class space    used 22966K, capacity 24728K, committed 24832K, reserved 1048576K
2022-06-20T09:14:21.736+0800: 4434.029: [GC (Allocation Failure) [PSYoungGen: 1004904K->17392K(1006592K)] 1383148K->399860K(3259392K), 0.0231625 secs] [Times: user=0.07 sys=0.00, real=0.02 secs] 
Heap after GC invocations=318 (full 5):
 PSYoungGen      total 1006592K, used 17392K [0x0000000781800000, 0x00000007c0000000, 0x00000007c0000000)
  eden space 989184K, 0% used [0x0000000781800000,0x0000000781800000,0x00000007bde00000)
  from space 17408K, 99% used [0x00000007bde00000,0x00000007beefc228,0x00000007bef00000)
  to   space 17408K, 0% used [0x00000007bef00000,0x00000007bef00000,0x00000007c0000000)
 ParOldGen       total 2252800K, used 382467K [0x00000006f8000000, 0x0000000781800000, 0x0000000781800000)
  object space 2252800K, 16% used [0x00000006f8000000,0x000000070f580f50,0x0000000781800000)
 Metaspace       used 192808K, capacity 203238K, committed 203456K, reserved 1228800K
  class space    used 22966K, capacity 24728K, committed 24832K, reserved 1048576K
}
{Heap before GC invocations=319 (full 5):
 PSYoungGen      total 1006592K, used 1006576K [0x0000000781800000, 0x00000007c0000000, 0x00000007c0000000)
  eden space 989184K, 100% used [0x0000000781800000,0x00000007bde00000,0x00000007bde00000)
  from space 17408K, 99% used [0x00000007bde00000,0x00000007beefc228,0x00000007bef00000)
  to   space 17408K, 0% used [0x00000007bef00000,0x00000007bef00000,0x00000007c0000000)
 ParOldGen       total 2252800K, used 382467K [0x00000006f8000000, 0x0000000781800000, 0x0000000781800000)
  object space 2252800K, 16% used [0x00000006f8000000,0x000000070f580f50,0x0000000781800000)
 Metaspace       used 192817K, capacity 203306K, committed 203456K, reserved 1228800K
  class space    used 22966K, capacity 24728K, committed 24832K, reserved 1048576K
2022-06-20T09:14:38.393+0800: 4450.685: [GC (Allocation Failure) [PSYoungGen: 1006576K->17280K(1001472K)] 1389044K->399959K(3254272K), 0.0195226 secs] [Times: user=0.05 sys=0.00, real=0.02 secs] 
Heap after GC invocations=319 (full 5):
 PSYoungGen      total 1001472K, used 17280K [0x0000000781800000, 0x00000007c0000000, 0x00000007c0000000)
  eden space 984064K, 0% used [0x0000000781800000,0x0000000781800000,0x00000007bd900000)
  from space 17408K, 99% used [0x00000007bef00000,0x00000007bffe0158,0x00000007c0000000)
  to   space 19968K, 0% used [0x00000007bd900000,0x00000007bd900000,0x00000007bec80000)
 ParOldGen       total 2252800K, used 382679K [0x00000006f8000000, 0x0000000781800000, 0x0000000781800000)
  object space 2252800K, 16% used [0x00000006f8000000,0x000000070f5b5cd0,0x0000000781800000)
 Metaspace       used 192817K, capacity 203306K, committed 203456K, reserved 1228800K
  class space    used 22966K, capacity 24728K, committed 24832K, reserved 1048576K
}
{Heap before GC invocations=320 (full 5):
 PSYoungGen      total 1001472K, used 1001344K [0x0000000781800000, 0x00000007c0000000, 0x00000007c0000000)
  eden space 984064K, 100% used [0x0000000781800000,0x00000007bd900000,0x00000007bd900000)
  from space 17408K, 99% used [0x00000007bef00000,0x00000007bffe0158,0x00000007c0000000)
  to   space 19968K, 0% used [0x00000007bd900000,0x00000007bd900000,0x00000007bec80000)
 ParOldGen       total 2252800K, used 382679K [0x00000006f8000000, 0x0000000781800000, 0x0000000781800000)
  object space 2252800K, 16% used [0x00000006f8000000,0x000000070f5b5cd0,0x0000000781800000)
 Metaspace       used 192833K, capacity 203306K, committed 203456K, reserved 1228800K
  class space    used 22966K, capacity 24728K, committed 24832K, reserved 1048576K
2022-06-20T09:14:53.098+0800: 4465.391: [GC (Allocation Failure) [PSYoungGen: 1001344K->17799K(1004032K)] 1384023K->400478K(3256832K), 0.0213197 secs] [Times: user=0.05 sys=0.02, real=0.02 secs] 
Heap after GC invocations=320 (full 5):
 PSYoungGen      total 1004032K, used 17799K [0x0000000781800000, 0x00000007c0000000, 0x00000007c0000000)
  eden space 984064K, 0% used [0x0000000781800000,0x0000000781800000,0x00000007bd900000)
  from space 19968K, 89% used [0x00000007bd900000,0x00000007bea61ce0,0x00000007bec80000)
  to   space 19968K, 0% used [0x00000007bec80000,0x00000007bec80000,0x00000007c0000000)
 ParOldGen       total 2252800K, used 382679K [0x00000006f8000000, 0x0000000781800000, 0x0000000781800000)
  object space 2252800K, 16% used [0x00000006f8000000,0x000000070f5b5cd0,0x0000000781800000)
 Metaspace       used 192833K, capacity 203306K, committed 203456K, reserved 1228800K
  class space    used 22966K, capacity 24728K, committed 24832K, reserved 1048576K
}
{Heap before GC invocations=321 (full 5):
 PSYoungGen      total 1004032K, used 1001863K [0x0000000781800000, 0x00000007c0000000, 0x00000007c0000000)
  eden space 984064K, 100% used [0x0000000781800000,0x00000007bd900000,0x00000007bd900000)
  from space 19968K, 89% used [0x00000007bd900000,0x00000007bea61ce0,0x00000007bec80000)
  to   space 19968K, 0% used [0x00000007bec80000,0x00000007bec80000,0x00000007c0000000)
 ParOldGen       total 2252800K, used 382679K [0x00000006f8000000, 0x0000000781800000, 0x0000000781800000)
  object space 2252800K, 16% used [0x00000006f8000000,0x000000070f5b5cd0,0x0000000781800000)
 Metaspace       used 192836K, capacity 203310K, committed 203456K, reserved 1228800K
  class space    used 22967K, capacity 24728K, committed 24832K, reserved 1048576K
2022-06-20T09:15:26.806+0800: 4499.099: [GC (Allocation Failure) [PSYoungGen: 1001863K->13527K(1004032K)] 1384542K->396524K(3256832K), 0.0200482 secs] [Times: user=0.05 sys=0.01, real=0.02 secs] 
Heap after GC invocations=321 (full 5):
 PSYoungGen      total 1004032K, used 13527K [0x0000000781800000, 0x00000007c0000000, 0x00000007c0000000)
  eden space 984064K, 0% used [0x0000000781800000,0x0000000781800000,0x00000007bd900000)
  from space 19968K, 67% used [0x00000007bec80000,0x00000007bf9b5ce8,0x00000007c0000000)
  to   space 19968K, 0% used [0x00000007bd900000,0x00000007bd900000,0x00000007bec80000)
 ParOldGen       total 2252800K, used 382997K [0x00000006f8000000, 0x0000000781800000, 0x0000000781800000)
  object space 2252800K, 17% used [0x00000006f8000000,0x000000070f605708,0x0000000781800000)
 Metaspace       used 192836K, capacity 203310K, committed 203456K, reserved 1228800K
  class space    used 22967K, capacity 24728K, committed 24832K, reserved 1048576K
}
{Heap before GC invocations=322 (full 5):
 PSYoungGen      total 1004032K, used 997591K [0x0000000781800000, 0x00000007c0000000, 0x00000007c0000000)
  eden space 984064K, 100% used [0x0000000781800000,0x00000007bd900000,0x00000007bd900000)
  from space 19968K, 67% used [0x00000007bec80000,0x00000007bf9b5ce8,0x00000007c0000000)
  to   space 19968K, 0% used [0x00000007bd900000,0x00000007bd900000,0x00000007bec80000)
 ParOldGen       total 2252800K, used 382997K [0x00000006f8000000, 0x0000000781800000, 0x0000000781800000)
  object space 2252800K, 17% used [0x00000006f8000000,0x000000070f605708,0x0000000781800000)
 Metaspace       used 192942K, capacity 203510K, committed 203712K, reserved 1228800K
  class space    used 22975K, capacity 24740K, committed 24832K, reserved 1048576K
2022-06-20T09:15:56.671+0800: 4528.964: [GC (Allocation Failure) [PSYoungGen: 997591K->14390K(1004032K)] 1380588K->397460K(3256832K), 0.0191247 secs] [Times: user=0.05 sys=0.01, real=0.02 secs] 
Heap after GC invocations=322 (full 5):
 PSYoungGen      total 1004032K, used 14390K [0x0000000781800000, 0x00000007c0000000, 0x00000007c0000000)
  eden space 984064K, 0% used [0x0000000781800000,0x0000000781800000,0x00000007bd900000)
  from space 19968K, 72% used [0x00000007bd900000,0x00000007be70da68,0x00000007bec80000)
  to   space 19968K, 0% used [0x00000007bec80000,0x00000007bec80000,0x00000007c0000000)
 ParOldGen       total 2252800K, used 383069K [0x00000006f8000000, 0x0000000781800000, 0x0000000781800000)
  object space 2252800K, 17% used [0x00000006f8000000,0x000000070f6175a8,0x0000000781800000)
 Metaspace       used 192942K, capacity 203510K, committed 203712K, reserved 1228800K
  class space    used 22975K, capacity 24740K, committed 24832K, reserved 1048576K
}
{Heap before GC invocations=323 (full 5):
 PSYoungGen      total 1004032K, used 998454K [0x0000000781800000, 0x00000007c0000000, 0x00000007c0000000)
  eden space 984064K, 100% used [0x0000000781800000,0x00000007bd900000,0x00000007bd900000)
  from space 19968K, 72% used [0x00000007bd900000,0x00000007be70da68,0x00000007bec80000)
  to   space 19968K, 0% used [0x00000007bec80000,0x00000007bec80000,0x00000007c0000000)
 ParOldGen       total 2252800K, used 383069K [0x00000006f8000000, 0x0000000781800000, 0x0000000781800000)
  object space 2252800K, 17% used [0x00000006f8000000,0x000000070f6175a8,0x0000000781800000)
 Metaspace       used 193008K, capacity 203582K, committed 203712K, reserved 1228800K
  class space    used 22981K, capacity 24752K, committed 24832K, reserved 1048576K
2022-06-20T09:16:09.859+0800: 4542.152: [GC (Allocation Failure) [PSYoungGen: 998454K->15048K(1004544K)] 1381524K->398158K(3257344K), 0.0212314 secs] [Times: user=0.06 sys=0.00, real=0.02 secs] 
Heap after GC invocations=323 (full 5):
 PSYoungGen      total 1004544K, used 15048K [0x0000000781800000, 0x00000007c0000000, 0x00000007c0000000)
  eden space 984576K, 0% used [0x0000000781800000,0x0000000781800000,0x00000007bd980000)
  from space 19968K, 75% used [0x00000007bec80000,0x00000007bfb32310,0x00000007c0000000)
  to   space 19456K, 0% used [0x00000007bd980000,0x00000007bd980000,0x00000007bec80000)
 ParOldGen       total 2252800K, used 383109K [0x00000006f8000000, 0x0000000781800000, 0x0000000781800000)
  object space 2252800K, 17% used [0x00000006f8000000,0x000000070f6215a8,0x0000000781800000)
 Metaspace       used 193008K, capacity 203582K, committed 203712K, reserved 1228800K
  class space    used 22981K, capacity 24752K, committed 24832K, reserved 1048576K
}
{Heap before GC invocations=324 (full 5):
 PSYoungGen      total 1004544K, used 999624K [0x0000000781800000, 0x00000007c0000000, 0x00000007c0000000)
  eden space 984576K, 100% used [0x0000000781800000,0x00000007bd980000,0x00000007bd980000)
  from space 19968K, 75% used [0x00000007bec80000,0x00000007bfb32310,0x00000007c0000000)
  to   space 19456K, 0% used [0x00000007bd980000,0x00000007bd980000,0x00000007bec80000)
 ParOldGen       total 2252800K, used 383109K [0x00000006f8000000, 0x0000000781800000, 0x0000000781800000)
  object space 2252800K, 17% used [0x00000006f8000000,0x000000070f6215a8,0x0000000781800000)
 Metaspace       used 193039K, capacity 203630K, committed 203712K, reserved 1228800K
  class space    used 22986K, capacity 24760K, committed 24832K, reserved 1048576K
2022-06-20T09:16:27.596+0800: 4559.889: [GC (Allocation Failure) [PSYoungGen: 999624K->13730K(1004032K)] 1382734K->396887K(3256832K), 0.0227242 secs] [Times: user=0.07 sys=0.00, real=0.02 secs] 
Heap after GC invocations=324 (full 5):
 PSYoungGen      total 1004032K, used 13730K [0x0000000781800000, 0x00000007c0000000, 0x00000007c0000000)
  eden space 984576K, 0% used [0x0000000781800000,0x0000000781800000,0x00000007bd980000)
  from space 19456K, 70% used [0x00000007bd980000,0x00000007be6e8858,0x00000007bec80000)
  to   space 19456K, 0% used [0x00000007bed00000,0x00000007bed00000,0x00000007c0000000)
 ParOldGen       total 2252800K, used 383157K [0x00000006f8000000, 0x0000000781800000, 0x0000000781800000)
  object space 2252800K, 17% used [0x00000006f8000000,0x000000070f62d4f8,0x0000000781800000)
 Metaspace       used 193039K, capacity 203630K, committed 203712K, reserved 1228800K
  class space    used 22986K, capacity 24760K, committed 24832K, reserved 1048576K
}
{Heap before GC invocations=325 (full 5):
 PSYoungGen      total 1004032K, used 998306K [0x0000000781800000, 0x00000007c0000000, 0x00000007c0000000)
  eden space 984576K, 100% used [0x0000000781800000,0x00000007bd980000,0x00000007bd980000)
  from space 19456K, 70% used [0x00000007bd980000,0x00000007be6e8858,0x00000007bec80000)
  to   space 19456K, 0% used [0x00000007bed00000,0x00000007bed00000,0x00000007c0000000)
 ParOldGen       total 2252800K, used 383157K [0x00000006f8000000, 0x0000000781800000, 0x0000000781800000)
  object space 2252800K, 17% used [0x00000006f8000000,0x000000070f62d4f8,0x0000000781800000)
 Metaspace       used 193087K, capacity 203690K, committed 203968K, reserved 1228800K
  class space    used 22994K, capacity 24770K, committed 24832K, reserved 1048576K
2022-06-20T09:16:44.652+0800: 4576.945: [GC (Allocation Failure) [PSYoungGen: 998306K->13607K(1004544K)] 1381463K->396863K(3257344K), 0.0180651 secs] [Times: user=0.05 sys=0.00, real=0.02 secs] 
Heap after GC invocations=325 (full 5):
 PSYoungGen      total 1004544K, used 13607K [0x0000000781800000, 0x00000007c0000000, 0x00000007c0000000)
  eden space 985088K, 0% used [0x0000000781800000,0x0000000781800000,0x00000007bda00000)
  from space 19456K, 69% used [0x00000007bed00000,0x00000007bfa49ca8,0x00000007c0000000)
  to   space 19456K, 0% used [0x00000007bda00000,0x00000007bda00000,0x00000007bed00000)
 ParOldGen       total 2252800K, used 383256K [0x00000006f8000000, 0x0000000781800000, 0x0000000781800000)
  object space 2252800K, 17% used [0x00000006f8000000,0x000000070f646258,0x0000000781800000)
 Metaspace       used 193087K, capacity 203690K, committed 203968K, reserved 1228800K
  class space    used 22994K, capacity 24770K, committed 24832K, reserved 1048576K
}
{Heap before GC invocations=326 (full 5):
 PSYoungGen      total 1004544K, used 998695K [0x0000000781800000, 0x00000007c0000000, 0x00000007c0000000)
  eden space 985088K, 100% used [0x0000000781800000,0x00000007bda00000,0x00000007bda00000)
  from space 19456K, 69% used [0x00000007bed00000,0x00000007bfa49ca8,0x00000007c0000000)
  to   space 19456K, 0% used [0x00000007bda00000,0x00000007bda00000,0x00000007bed00000)
 ParOldGen       total 2252800K, used 383256K [0x00000006f8000000, 0x0000000781800000, 0x0000000781800000)
  object space 2252800K, 17% used [0x00000006f8000000,0x000000070f646258,0x0000000781800000)
 Metaspace       used 193098K, capacity 203754K, committed 203968K, reserved 1228800K
  class space    used 22994K, capacity 24770K, committed 24832K, reserved 1048576K
2022-06-20T09:17:09.527+0800: 4601.820: [GC (Allocation Failure) [PSYoungGen: 998695K->14068K(1004544K)] 1381951K->397457K(3257344K), 0.0159260 secs] [Times: user=0.05 sys=0.00, real=0.01 secs] 
Heap after GC invocations=326 (full 5):
 PSYoungGen      total 1004544K, used 14068K [0x0000000781800000, 0x00000007c0000000, 0x00000007c0000000)
  eden space 985088K, 0% used [0x0000000781800000,0x0000000781800000,0x00000007bda00000)
  from space 19456K, 72% used [0x00000007bda00000,0x00000007be7bd010,0x00000007bed00000)
  to   space 19456K, 0% used [0x00000007bed00000,0x00000007bed00000,0x00000007c0000000)
 ParOldGen       total 2252800K, used 383389K [0x00000006f8000000, 0x0000000781800000, 0x0000000781800000)
  object space 2252800K, 17% used [0x00000006f8000000,0x000000070f667418,0x0000000781800000)
 Metaspace       used 193098K, capacity 203754K, committed 203968K, reserved 1228800K
  class space    used 22994K, capacity 24770K, committed 24832K, reserved 1048576K
}
{Heap before GC invocations=327 (full 5):
 PSYoungGen      total 1004544K, used 999156K [0x0000000781800000, 0x00000007c0000000, 0x00000007c0000000)
  eden space 985088K, 100% used [0x0000000781800000,0x00000007bda00000,0x00000007bda00000)
  from space 19456K, 72% used [0x00000007bda00000,0x00000007be7bd010,0x00000007bed00000)
  to   space 19456K, 0% used [0x00000007bed00000,0x00000007bed00000,0x00000007c0000000)
 ParOldGen       total 2252800K, used 383389K [0x00000006f8000000, 0x0000000781800000, 0x0000000781800000)
  object space 2252800K, 17% used [0x00000006f8000000,0x000000070f667418,0x0000000781800000)
 Metaspace       used 193130K, capacity 203790K, committed 203968K, reserved 1228800K
  class space    used 22998K, capacity 24776K, committed 24832K, reserved 1048576K
2022-06-20T09:17:22.503+0800: 4614.796: [GC (Allocation Failure) [PSYoungGen: 999156K->13523K(1005056K)] 1382545K->397049K(3257856K), 0.0225439 secs] [Times: user=0.06 sys=0.01, real=0.02 secs] 
Heap after GC invocations=327 (full 5):
 PSYoungGen      total 1005056K, used 13523K [0x0000000781800000, 0x00000007c0000000, 0x00000007c0000000)
  eden space 985600K, 0% used [0x0000000781800000,0x0000000781800000,0x00000007bda80000)
  from space 19456K, 69% used [0x00000007bed00000,0x00000007bfa34fd0,0x00000007c0000000)
  to   space 18944K, 0% used [0x00000007bda80000,0x00000007bda80000,0x00000007bed00000)
 ParOldGen       total 2252800K, used 383525K [0x00000006f8000000, 0x0000000781800000, 0x0000000781800000)
  object space 2252800K, 17% used [0x00000006f8000000,0x000000070f6895a8,0x0000000781800000)
 Metaspace       used 193130K, capacity 203790K, committed 203968K, reserved 1228800K
  class space    used 22998K, capacity 24776K, committed 24832K, reserved 1048576K
}
{Heap before GC invocations=328 (full 5):
 PSYoungGen      total 1005056K, used 999123K [0x0000000781800000, 0x00000007c0000000, 0x00000007c0000000)
  eden space 985600K, 100% used [0x0000000781800000,0x00000007bda80000,0x00000007bda80000)
  from space 19456K, 69% used [0x00000007bed00000,0x00000007bfa34fd0,0x00000007c0000000)
  to   space 18944K, 0% used [0x00000007bda80000,0x00000007bda80000,0x00000007bed00000)
 ParOldGen       total 2252800K, used 383525K [0x00000006f8000000, 0x0000000781800000, 0x0000000781800000)
  object space 2252800K, 17% used [0x00000006f8000000,0x000000070f6895a8,0x0000000781800000)
 Metaspace       used 193133K, capacity 203790K, committed 203968K, reserved 1228800K
  class space    used 22998K, capacity 24776K, committed 24832K, reserved 1048576K
2022-06-20T09:17:35.346+0800: 4627.639: [GC (Allocation Failure) [PSYoungGen: 999123K->12883K(1004544K)] 1382649K->396513K(3257344K), 0.0183251 secs] [Times: user=0.05 sys=0.00, real=0.01 secs] 
Heap after GC invocations=328 (full 5):
 PSYoungGen      total 1004544K, used 12883K [0x0000000781800000, 0x00000007c0000000, 0x00000007c0000000)
  eden space 985600K, 0% used [0x0000000781800000,0x0000000781800000,0x00000007bda80000)
  from space 18944K, 68% used [0x00000007bda80000,0x00000007be714fd0,0x00000007bed00000)
  to   space 18944K, 0% used [0x00000007bed80000,0x00000007bed80000,0x00000007c0000000)
 ParOldGen       total 2252800K, used 383629K [0x00000006f8000000, 0x0000000781800000, 0x0000000781800000)
  object space 2252800K, 17% used [0x00000006f8000000,0x000000070f6a3628,0x0000000781800000)
 Metaspace       used 193133K, capacity 203790K, committed 203968K, reserved 1228800K
  class space    used 22998K, capacity 24776K, committed 24832K, reserved 1048576K
}
{Heap before GC invocations=329 (full 5):
 PSYoungGen      total 1004544K, used 998483K [0x0000000781800000, 0x00000007c0000000, 0x00000007c0000000)
  eden space 985600K, 100% used [0x0000000781800000,0x00000007bda80000,0x00000007bda80000)
  from space 18944K, 68% used [0x00000007bda80000,0x00000007be714fd0,0x00000007bed00000)
  to   space 18944K, 0% used [0x00000007bed80000,0x00000007bed80000,0x00000007c0000000)
 ParOldGen       total 2252800K, used 383629K [0x00000006f8000000, 0x0000000781800000, 0x0000000781800000)
  object space 2252800K, 17% used [0x00000006f8000000,0x000000070f6a3628,0x0000000781800000)
 Metaspace       used 193377K, capacity 204020K, committed 204224K, reserved 1228800K
  class space    used 23036K, capacity 24821K, committed 24832K, reserved 1048576K
2022-06-20T09:17:46.070+0800: 4638.363: [GC (Allocation Failure) [PSYoungGen: 998483K->14142K(1005056K)] 1382113K->397863K(3257856K), 0.0152406 secs] [Times: user=0.04 sys=0.01, real=0.01 secs] 
Heap after GC invocations=329 (full 5):
 PSYoungGen      total 1005056K, used 14142K [0x0000000781800000, 0x00000007c0000000, 0x00000007c0000000)
  eden space 986112K, 0% used [0x0000000781800000,0x0000000781800000,0x00000007bdb00000)
  from space 18944K, 74% used [0x00000007bed80000,0x00000007bfb4fbc8,0x00000007c0000000)
  to   space 18944K, 0% used [0x00000007bdb00000,0x00000007bdb00000,0x00000007bed80000)
 ParOldGen       total 2252800K, used 383720K [0x00000006f8000000, 0x0000000781800000, 0x0000000781800000)
  object space 2252800K, 17% used [0x00000006f8000000,0x000000070f6ba388,0x0000000781800000)
 Metaspace       used 193377K, capacity 204020K, committed 204224K, reserved 1228800K
  class space    used 23036K, capacity 24821K, committed 24832K, reserved 1048576K
}
{Heap before GC invocations=330 (full 5):
 PSYoungGen      total 1005056K, used 1000254K [0x0000000781800000, 0x00000007c0000000, 0x00000007c0000000)
  eden space 986112K, 100% used [0x0000000781800000,0x00000007bdb00000,0x00000007bdb00000)
  from space 18944K, 74% used [0x00000007bed80000,0x00000007bfb4fbc8,0x00000007c0000000)
  to   space 18944K, 0% used [0x00000007bdb00000,0x00000007bdb00000,0x00000007bed80000)
 ParOldGen       total 2252800K, used 383720K [0x00000006f8000000, 0x0000000781800000, 0x0000000781800000)
  object space 2252800K, 17% used [0x00000006f8000000,0x000000070f6ba388,0x0000000781800000)
 Metaspace       used 193723K, capacity 204386K, committed 204608K, reserved 1228800K
  class space    used 23082K, capacity 24858K, committed 24960K, reserved 1048576K
2022-06-20T09:18:03.502+0800: 4655.795: [GC (Allocation Failure) [PSYoungGen: 1000254K->15505K(1005056K)] 1383975K->399361K(3257856K), 0.0196364 secs] [Times: user=0.05 sys=0.00, real=0.02 secs] 
Heap after GC invocations=330 (full 5):
 PSYoungGen      total 1005056K, used 15505K [0x0000000781800000, 0x00000007c0000000, 0x00000007c0000000)
  eden space 986112K, 0% used [0x0000000781800000,0x0000000781800000,0x00000007bdb00000)
  from space 18944K, 81% used [0x00000007bdb00000,0x00000007bea244a8,0x00000007bed80000)
  to   space 18944K, 0% used [0x00000007bed80000,0x00000007bed80000,0x00000007c0000000)
 ParOldGen       total 2252800K, used 383856K [0x00000006f8000000, 0x0000000781800000, 0x0000000781800000)
  object space 2252800K, 17% used [0x00000006f8000000,0x000000070f6dc1f0,0x0000000781800000)
 Metaspace       used 193723K, capacity 204386K, committed 204608K, reserved 1228800K
  class space    used 23082K, capacity 24858K, committed 24960K, reserved 1048576K
}
{Heap before GC invocations=331 (full 5):
 PSYoungGen      total 1005056K, used 1001617K [0x0000000781800000, 0x00000007c0000000, 0x00000007c0000000)
  eden space 986112K, 100% used [0x0000000781800000,0x00000007bdb00000,0x00000007bdb00000)
  from space 18944K, 81% used [0x00000007bdb00000,0x00000007bea244a8,0x00000007bed80000)
  to   space 18944K, 0% used [0x00000007bed80000,0x00000007bed80000,0x00000007c0000000)
 ParOldGen       total 2252800K, used 383856K [0x00000006f8000000, 0x0000000781800000, 0x0000000781800000)
  object space 2252800K, 17% used [0x00000006f8000000,0x000000070f6dc1f0,0x0000000781800000)
 Metaspace       used 193725K, capacity 204386K, committed 204608K, reserved 1228800K
  class space    used 23082K, capacity 24858K, committed 24960K, reserved 1048576K
2022-06-20T09:18:21.682+0800: 4673.974: [GC (Allocation Failure) [PSYoungGen: 1001617K->13632K(1005568K)] 1385473K->397674K(3258368K), 0.0138504 secs] [Times: user=0.04 sys=0.00, real=0.01 secs] 
Heap after GC invocations=331 (full 5):
 PSYoungGen      total 1005568K, used 13632K [0x0000000781800000, 0x00000007c0000000, 0x00000007c0000000)
  eden space 986624K, 0% used [0x0000000781800000,0x0000000781800000,0x00000007bdb80000)
  from space 18944K, 71% used [0x00000007bed80000,0x00000007bfad0078,0x00000007c0000000)
  to   space 18432K, 0% used [0x00000007bdb80000,0x00000007bdb80000,0x00000007bed80000)
 ParOldGen       total 2252800K, used 384042K [0x00000006f8000000, 0x0000000781800000, 0x0000000781800000)
  object space 2252800K, 17% used [0x00000006f8000000,0x000000070f70aab0,0x0000000781800000)
 Metaspace       used 193725K, capacity 204386K, committed 204608K, reserved 1228800K
  class space    used 23082K, capacity 24858K, committed 24960K, reserved 1048576K
}
{Heap before GC invocations=332 (full 5):
 PSYoungGen      total 1005568K, used 1000256K [0x0000000781800000, 0x00000007c0000000, 0x00000007c0000000)
  eden space 986624K, 100% used [0x0000000781800000,0x00000007bdb80000,0x00000007bdb80000)
  from space 18944K, 71% used [0x00000007bed80000,0x00000007bfad0078,0x00000007c0000000)
  to   space 18432K, 0% used [0x00000007bdb80000,0x00000007bdb80000,0x00000007bed80000)
 ParOldGen       total 2252800K, used 384042K [0x00000006f8000000, 0x0000000781800000, 0x0000000781800000)
  object space 2252800K, 17% used [0x00000006f8000000,0x000000070f70aab0,0x0000000781800000)
 Metaspace       used 193851K, capacity 204654K, committed 204864K, reserved 1228800K
  class space    used 23111K, capacity 24902K, committed 24960K, reserved 1048576K
2022-06-20T09:18:30.587+0800: 4682.880: [GC (Allocation Failure) [PSYoungGen: 1000256K->14447K(1005056K)] 1384298K->398521K(3257856K), 0.0207048 secs] [Times: user=0.06 sys=0.01, real=0.02 secs] 
Heap after GC invocations=332 (full 5):
 PSYoungGen      total 1005056K, used 14447K [0x0000000781800000, 0x00000007c0000000, 0x00000007c0000000)
  eden space 986624K, 0% used [0x0000000781800000,0x0000000781800000,0x00000007bdb80000)
  from space 18432K, 78% used [0x00000007bdb80000,0x00000007be99bc28,0x00000007bed80000)
  to   space 18432K, 0% used [0x00000007bee00000,0x00000007bee00000,0x00000007c0000000)
 ParOldGen       total 2252800K, used 384074K [0x00000006f8000000, 0x0000000781800000, 0x0000000781800000)
  object space 2252800K, 17% used [0x00000006f8000000,0x000000070f712ab0,0x0000000781800000)
 Metaspace       used 193851K, capacity 204654K, committed 204864K, reserved 1228800K
  class space    used 23111K, capacity 24902K, committed 24960K, reserved 1048576K
}
{Heap before GC invocations=333 (full 5):
 PSYoungGen      total 1005056K, used 1001071K [0x0000000781800000, 0x00000007c0000000, 0x00000007c0000000)
  eden space 986624K, 100% used [0x0000000781800000,0x00000007bdb80000,0x00000007bdb80000)
  from space 18432K, 78% used [0x00000007bdb80000,0x00000007be99bc28,0x00000007bed80000)
  to   space 18432K, 0% used [0x00000007bee00000,0x00000007bee00000,0x00000007c0000000)
 ParOldGen       total 2252800K, used 384074K [0x00000006f8000000, 0x0000000781800000, 0x0000000781800000)
  object space 2252800K, 17% used [0x00000006f8000000,0x000000070f712ab0,0x0000000781800000)
 Metaspace       used 193951K, capacity 204762K, committed 204864K, reserved 1228800K
  class space    used 23121K, capacity 24920K, committed 24960K, reserved 1048576K
2022-06-20T09:18:47.607+0800: 4699.900: [GC (Allocation Failure) [PSYoungGen: 1001071K->15292K(1006080K)] 1385145K->399455K(3258880K), 0.0226639 secs] [Times: user=0.06 sys=0.01, real=0.02 secs] 
Heap after GC invocations=333 (full 5):
 PSYoungGen      total 1006080K, used 15292K [0x0000000781800000, 0x00000007c0000000, 0x00000007c0000000)
  eden space 987648K, 0% used [0x0000000781800000,0x0000000781800000,0x00000007bdc80000)
  from space 18432K, 82% used [0x00000007bee00000,0x00000007bfcef1b8,0x00000007c0000000)
  to   space 17920K, 0% used [0x00000007bdc80000,0x00000007bdc80000,0x00000007bee00000)
 ParOldGen       total 2252800K, used 384162K [0x00000006f8000000, 0x0000000781800000, 0x0000000781800000)
  object space 2252800K, 17% used [0x00000006f8000000,0x000000070f728ac0,0x0000000781800000)
 Metaspace       used 193951K, capacity 204762K, committed 204864K, reserved 1228800K
  class space    used 23121K, capacity 24920K, committed 24960K, reserved 1048576K
}
{Heap before GC invocations=334 (full 5):
 PSYoungGen      total 1006080K, used 1002940K [0x0000000781800000, 0x00000007c0000000, 0x00000007c0000000)
  eden space 987648K, 100% used [0x0000000781800000,0x00000007bdc80000,0x00000007bdc80000)
  from space 18432K, 82% used [0x00000007bee00000,0x00000007bfcef1b8,0x00000007c0000000)
  to   space 17920K, 0% used [0x00000007bdc80000,0x00000007bdc80000,0x00000007bee00000)
 ParOldGen       total 2252800K, used 384162K [0x00000006f8000000, 0x0000000781800000, 0x0000000781800000)
  object space 2252800K, 17% used [0x00000006f8000000,0x000000070f728ac0,0x0000000781800000)
 Metaspace       used 194007K, capacity 204882K, committed 205120K, reserved 1228800K
  class space    used 23125K, capacity 24928K, committed 24960K, reserved 1048576K
2022-06-20T09:19:04.722+0800: 4717.015: [GC (Allocation Failure) [PSYoungGen: 1002940K->14018K(1005568K)] 1387103K->398213K(3258368K), 0.0263506 secs] [Times: user=0.06 sys=0.02, real=0.03 secs] 
Heap after GC invocations=334 (full 5):
 PSYoungGen      total 1005568K, used 14018K [0x0000000781800000, 0x00000007c0000000, 0x00000007c0000000)
  eden space 987648K, 0% used [0x0000000781800000,0x0000000781800000,0x00000007bdc80000)
  from space 17920K, 78% used [0x00000007bdc80000,0x00000007bea30a78,0x00000007bee00000)
  to   space 17920K, 0% used [0x00000007bee80000,0x00000007bee80000,0x00000007c0000000)
 ParOldGen       total 2252800K, used 384194K [0x00000006f8000000, 0x0000000781800000, 0x0000000781800000)
  object space 2252800K, 17% used [0x00000006f8000000,0x000000070f730ac0,0x0000000781800000)
 Metaspace       used 194007K, capacity 204882K, committed 205120K, reserved 1228800K
  class space    used 23125K, capacity 24928K, committed 24960K, reserved 1048576K
}
{Heap before GC invocations=335 (full 5):
 PSYoungGen      total 1005568K, used 1001666K [0x0000000781800000, 0x00000007c0000000, 0x00000007c0000000)
  eden space 987648K, 100% used [0x0000000781800000,0x00000007bdc80000,0x00000007bdc80000)
  from space 17920K, 78% used [0x00000007bdc80000,0x00000007bea30a78,0x00000007bee00000)
  to   space 17920K, 0% used [0x00000007bee80000,0x00000007bee80000,0x00000007c0000000)
 ParOldGen       total 2252800K, used 384194K [0x00000006f8000000, 0x0000000781800000, 0x0000000781800000)
  object space 2252800K, 17% used [0x00000006f8000000,0x000000070f730ac0,0x0000000781800000)
 Metaspace       used 194077K, capacity 205026K, committed 205120K, reserved 1228800K
  class space    used 23138K, capacity 24952K, committed 24960K, reserved 1048576K
2022-06-20T09:19:19.780+0800: 4732.073: [GC (Allocation Failure) [PSYoungGen: 1001666K->17894K(1004032K)] 1385861K->402260K(3256832K), 0.0196915 secs] [Times: user=0.06 sys=0.00, real=0.02 secs] 
Heap after GC invocations=335 (full 5):
 PSYoungGen      total 1004032K, used 17894K [0x0000000781800000, 0x00000007c0000000, 0x00000007c0000000)
  eden space 986112K, 0% used [0x0000000781800000,0x0000000781800000,0x00000007bdb00000)
  from space 17920K, 99% used [0x00000007bee80000,0x00000007bfff98c8,0x00000007c0000000)
  to   space 18944K, 0% used [0x00000007bdb00000,0x00000007bdb00000,0x00000007bed80000)
 ParOldGen       total 2252800K, used 384366K [0x00000006f8000000, 0x0000000781800000, 0x0000000781800000)
  object space 2252800K, 17% used [0x00000006f8000000,0x000000070f75b820,0x0000000781800000)
 Metaspace       used 194077K, capacity 205026K, committed 205120K, reserved 1228800K
  class space    used 23138K, capacity 24952K, committed 24960K, reserved 1048576K
}
{Heap before GC invocations=336 (full 5):
 PSYoungGen      total 1004032K, used 1004006K [0x0000000781800000, 0x00000007c0000000, 0x00000007c0000000)
  eden space 986112K, 100% used [0x0000000781800000,0x00000007bdb00000,0x00000007bdb00000)
  from space 17920K, 99% used [0x00000007bee80000,0x00000007bfff98c8,0x00000007c0000000)
  to   space 18944K, 0% used [0x00000007bdb00000,0x00000007bdb00000,0x00000007bed80000)
 ParOldGen       total 2252800K, used 384366K [0x00000006f8000000, 0x0000000781800000, 0x0000000781800000)
  object space 2252800K, 17% used [0x00000006f8000000,0x000000070f75b820,0x0000000781800000)
 Metaspace       used 194077K, capacity 205026K, committed 205120K, reserved 1228800K
  class space    used 23138K, capacity 24952K, committed 24960K, reserved 1048576K
2022-06-20T09:19:44.105+0800: 4756.397: [GC (Allocation Failure) [PSYoungGen: 1004006K->14266K(1005056K)] 1388372K->398799K(3257856K), 0.0159102 secs] [Times: user=0.05 sys=0.00, real=0.02 secs] 
Heap after GC invocations=336 (full 5):
 PSYoungGen      total 1005056K, used 14266K [0x0000000781800000, 0x00000007c0000000, 0x00000007c0000000)
  eden space 986112K, 0% used [0x0000000781800000,0x0000000781800000,0x00000007bdb00000)
  from space 18944K, 75% used [0x00000007bdb00000,0x00000007be8ee800,0x00000007bed80000)
  to   space 18432K, 0% used [0x00000007bee00000,0x00000007bee00000,0x00000007c0000000)
 ParOldGen       total 2252800K, used 384533K [0x00000006f8000000, 0x0000000781800000, 0x0000000781800000)
  object space 2252800K, 17% used [0x00000006f8000000,0x000000070f785548,0x0000000781800000)
 Metaspace       used 194077K, capacity 205026K, committed 205120K, reserved 1228800K
  class space    used 23138K, capacity 24952K, committed 24960K, reserved 1048576K
}
{Heap before GC invocations=337 (full 5):
 PSYoungGen      total 1005056K, used 1000378K [0x0000000781800000, 0x00000007c0000000, 0x00000007c0000000)
  eden space 986112K, 100% used [0x0000000781800000,0x00000007bdb00000,0x00000007bdb00000)
  from space 18944K, 75% used [0x00000007bdb00000,0x00000007be8ee800,0x00000007bed80000)
  to   space 18432K, 0% used [0x00000007bee00000,0x00000007bee00000,0x00000007c0000000)
 ParOldGen       total 2252800K, used 384533K [0x00000006f8000000, 0x0000000781800000, 0x0000000781800000)
  object space 2252800K, 17% used [0x00000006f8000000,0x000000070f785548,0x0000000781800000)
 Metaspace       used 194083K, capacity 205044K, committed 205120K, reserved 1228800K
  class space    used 23140K, capacity 24955K, committed 24960K, reserved 1048576K
2022-06-20T09:20:01.875+0800: 4774.168: [GC (Allocation Failure) [PSYoungGen: 1000378K->14342K(1005568K)] 1384911K->398876K(3258368K), 0.0156531 secs] [Times: user=0.04 sys=0.00, real=0.02 secs] 
Heap after GC invocations=337 (full 5):
 PSYoungGen      total 1005568K, used 14342K [0x0000000781800000, 0x00000007c0000000, 0x00000007c0000000)
  eden space 987136K, 0% used [0x0000000781800000,0x0000000781800000,0x00000007bdc00000)
  from space 18432K, 77% used [0x00000007bee00000,0x00000007bfc01b58,0x00000007c0000000)
  to   space 18432K, 0% used [0x00000007bdc00000,0x00000007bdc00000,0x00000007bee00000)
 ParOldGen       total 2252800K, used 384533K [0x00000006f8000000, 0x0000000781800000, 0x0000000781800000)
  object space 2252800K, 17% used [0x00000006f8000000,0x000000070f785548,0x0000000781800000)
 Metaspace       used 194083K, capacity 205044K, committed 205120K, reserved 1228800K
  class space    used 23140K, capacity 24955K, committed 24960K, reserved 1048576K
}
{Heap before GC invocations=338 (full 5):
 PSYoungGen      total 1005568K, used 1001478K [0x0000000781800000, 0x00000007c0000000, 0x00000007c0000000)
  eden space 987136K, 100% used [0x0000000781800000,0x00000007bdc00000,0x00000007bdc00000)
  from space 18432K, 77% used [0x00000007bee00000,0x00000007bfc01b58,0x00000007c0000000)
  to   space 18432K, 0% used [0x00000007bdc00000,0x00000007bdc00000,0x00000007bee00000)
 ParOldGen       total 2252800K, used 384533K [0x00000006f8000000, 0x0000000781800000, 0x0000000781800000)
  object space 2252800K, 17% used [0x00000006f8000000,0x000000070f785548,0x0000000781800000)
 Metaspace       used 194128K, capacity 205152K, committed 205504K, reserved 1230848K
  class space    used 23154K, capacity 24973K, committed 25088K, reserved 1048576K
2022-06-20T09:20:19.168+0800: 4791.461: [GC (Allocation Failure) [PSYoungGen: 1001478K->13486K(1005568K)] 1386012K->398284K(3258368K), 0.0187092 secs] [Times: user=0.06 sys=0.00, real=0.02 secs] 
Heap after GC invocations=338 (full 5):
 PSYoungGen      total 1005568K, used 13486K [0x0000000781800000, 0x00000007c0000000, 0x00000007c0000000)
  eden space 987136K, 0% used [0x0000000781800000,0x0000000781800000,0x00000007bdc00000)
  from space 18432K, 73% used [0x00000007bdc00000,0x00000007be92bb80,0x00000007bee00000)
  to   space 18432K, 0% used [0x00000007bee00000,0x00000007bee00000,0x00000007c0000000)
 ParOldGen       total 2252800K, used 384797K [0x00000006f8000000, 0x0000000781800000, 0x0000000781800000)
  object space 2252800K, 17% used [0x00000006f8000000,0x000000070f7c77f0,0x0000000781800000)
 Metaspace       used 194128K, capacity 205152K, committed 205504K, reserved 1230848K
  class space    used 23154K, capacity 24973K, committed 25088K, reserved 1048576K
}
{Heap before GC invocations=339 (full 5):
 PSYoungGen      total 1005568K, used 1000622K [0x0000000781800000, 0x00000007c0000000, 0x00000007c0000000)
  eden space 987136K, 100% used [0x0000000781800000,0x00000007bdc00000,0x00000007bdc00000)
  from space 18432K, 73% used [0x00000007bdc00000,0x00000007be92bb80,0x00000007bee00000)
  to   space 18432K, 0% used [0x00000007bee00000,0x00000007bee00000,0x00000007c0000000)
 ParOldGen       total 2252800K, used 384797K [0x00000006f8000000, 0x0000000781800000, 0x0000000781800000)
  object space 2252800K, 17% used [0x00000006f8000000,0x000000070f7c77f0,0x0000000781800000)
 Metaspace       used 194158K, capacity 205212K, committed 205504K, reserved 1230848K
  class space    used 23162K, capacity 24983K, committed 25088K, reserved 1048576K
2022-06-20T09:20:34.034+0800: 4806.327: [GC (Allocation Failure) [PSYoungGen: 1000622K->13896K(1006080K)] 1385420K->398760K(3258880K), 0.0194095 secs] [Times: user=0.06 sys=0.00, real=0.02 secs] 
Heap after GC invocations=339 (full 5):
 PSYoungGen      total 1006080K, used 13896K [0x0000000781800000, 0x00000007c0000000, 0x00000007c0000000)
  eden space 987648K, 0% used [0x0000000781800000,0x0000000781800000,0x00000007bdc80000)
  from space 18432K, 75% used [0x00000007bee00000,0x00000007bfb92048,0x00000007c0000000)
  to   space 17920K, 0% used [0x00000007bdc80000,0x00000007bdc80000,0x00000007bee00000)
 ParOldGen       total 2252800K, used 384864K [0x00000006f8000000, 0x0000000781800000, 0x0000000781800000)
  object space 2252800K, 17% used [0x00000006f8000000,0x000000070f7d8178,0x0000000781800000)
 Metaspace       used 194158K, capacity 205212K, committed 205504K, reserved 1230848K
  class space    used 23162K, capacity 24983K, committed 25088K, reserved 1048576K
}
{Heap before GC invocations=340 (full 5):
 PSYoungGen      total 1006080K, used 1001544K [0x0000000781800000, 0x00000007c0000000, 0x00000007c0000000)
  eden space 987648K, 100% used [0x0000000781800000,0x00000007bdc80000,0x00000007bdc80000)
  from space 18432K, 75% used [0x00000007bee00000,0x00000007bfb92048,0x00000007c0000000)
  to   space 17920K, 0% used [0x00000007bdc80000,0x00000007bdc80000,0x00000007bee00000)
 ParOldGen       total 2252800K, used 384864K [0x00000006f8000000, 0x0000000781800000, 0x0000000781800000)
  object space 2252800K, 17% used [0x00000006f8000000,0x000000070f7d8178,0x0000000781800000)
 Metaspace       used 194724K, capacity 206012K, committed 206144K, reserved 1230848K
  class space    used 23232K, capacity 25093K, committed 25216K, reserved 1048576K
2022-06-20T09:20:55.439+0800: 4827.732: [GC (Allocation Failure) [PSYoungGen: 1001544K->14725K(1005568K)] 1386408K->399621K(3258368K), 0.0166306 secs] [Times: user=0.05 sys=0.00, real=0.02 secs] 
Heap after GC invocations=340 (full 5):
 PSYoungGen      total 1005568K, used 14725K [0x0000000781800000, 0x00000007c0000000, 0x00000007c0000000)
  eden space 987648K, 0% used [0x0000000781800000,0x0000000781800000,0x00000007bdc80000)
  from space 17920K, 82% used [0x00000007bdc80000,0x00000007beae1648,0x00000007bee00000)
  to   space 17920K, 0% used [0x00000007bee80000,0x00000007bee80000,0x00000007c0000000)
 ParOldGen       total 2252800K, used 384896K [0x00000006f8000000, 0x0000000781800000, 0x0000000781800000)
  object space 2252800K, 17% used [0x00000006f8000000,0x000000070f7e0178,0x0000000781800000)
 Metaspace       used 194724K, capacity 206012K, committed 206144K, reserved 1230848K
  class space    used 23232K, capacity 25093K, committed 25216K, reserved 1048576K
}
{Heap before GC invocations=341 (full 5):
 PSYoungGen      total 1005568K, used 1002373K [0x0000000781800000, 0x00000007c0000000, 0x00000007c0000000)
  eden space 987648K, 100% used [0x0000000781800000,0x00000007bdc80000,0x00000007bdc80000)
  from space 17920K, 82% used [0x00000007bdc80000,0x00000007beae1648,0x00000007bee00000)
  to   space 17920K, 0% used [0x00000007bee80000,0x00000007bee80000,0x00000007c0000000)
 ParOldGen       total 2252800K, used 384896K [0x00000006f8000000, 0x0000000781800000, 0x0000000781800000)
  object space 2252800K, 17% used [0x00000006f8000000,0x000000070f7e0178,0x0000000781800000)
 Metaspace       used 194749K, capacity 206066K, committed 206400K, reserved 1230848K
  class space    used 23239K, capacity 25102K, committed 25216K, reserved 1048576K
2022-06-20T09:21:14.778+0800: 4847.071: [GC (Allocation Failure) [PSYoungGen: 1002373K->14693K(1006592K)] 1387269K->399621K(3259392K), 0.0222391 secs] [Times: user=0.06 sys=0.00, real=0.02 secs] 
Heap after GC invocations=341 (full 5):
 PSYoungGen      total 1006592K, used 14693K [0x0000000781800000, 0x00000007c0000000, 0x00000007c0000000)
  eden space 988672K, 0% used [0x0000000781800000,0x0000000781800000,0x00000007bdd80000)
  from space 17920K, 81% used [0x00000007bee80000,0x00000007bfcd9600,0x00000007c0000000)
  to   space 17408K, 0% used [0x00000007bdd80000,0x00000007bdd80000,0x00000007bee80000)
 ParOldGen       total 2252800K, used 384928K [0x00000006f8000000, 0x0000000781800000, 0x0000000781800000)
  object space 2252800K, 17% used [0x00000006f8000000,0x000000070f7e8178,0x0000000781800000)
 Metaspace       used 194749K, capacity 206066K, committed 206400K, reserved 1230848K
  class space    used 23239K, capacity 25102K, committed 25216K, reserved 1048576K
}
{Heap before GC invocations=342 (full 5):
 PSYoungGen      total 1006592K, used 1003365K [0x0000000781800000, 0x00000007c0000000, 0x00000007c0000000)
  eden space 988672K, 100% used [0x0000000781800000,0x00000007bdd80000,0x00000007bdd80000)
  from space 17920K, 81% used [0x00000007bee80000,0x00000007bfcd9600,0x00000007c0000000)
  to   space 17408K, 0% used [0x00000007bdd80000,0x00000007bdd80000,0x00000007bee80000)
 ParOldGen       total 2252800K, used 384928K [0x00000006f8000000, 0x0000000781800000, 0x0000000781800000)
  object space 2252800K, 17% used [0x00000006f8000000,0x000000070f7e8178,0x0000000781800000)
 Metaspace       used 194769K, capacity 206120K, committed 206400K, reserved 1230848K
  class space    used 23246K, capacity 25111K, committed 25216K, reserved 1048576K
2022-06-20T09:21:33.705+0800: 4865.998: [GC (Allocation Failure) [PSYoungGen: 1003365K->14887K(1006080K)] 1388293K->399847K(3258880K), 0.0204209 secs] [Times: user=0.06 sys=0.00, real=0.02 secs] 
Heap after GC invocations=342 (full 5):
 PSYoungGen      total 1006080K, used 14887K [0x0000000781800000, 0x00000007c0000000, 0x00000007c0000000)
  eden space 988672K, 0% used [0x0000000781800000,0x0000000781800000,0x00000007bdd80000)
  from space 17408K, 85% used [0x00000007bdd80000,0x00000007bec09ce0,0x00000007bee80000)
  to   space 17408K, 0% used [0x00000007bef00000,0x00000007bef00000,0x00000007c0000000)
 ParOldGen       total 2252800K, used 384960K [0x00000006f8000000, 0x0000000781800000, 0x0000000781800000)
  object space 2252800K, 17% used [0x00000006f8000000,0x000000070f7f0178,0x0000000781800000)
 Metaspace       used 194769K, capacity 206120K, committed 206400K, reserved 1230848K
  class space    used 23246K, capacity 25111K, committed 25216K, reserved 1048576K
}
{Heap before GC invocations=343 (full 5):
 PSYoungGen      total 1006080K, used 1003559K [0x0000000781800000, 0x00000007c0000000, 0x00000007c0000000)
  eden space 988672K, 100% used [0x0000000781800000,0x00000007bdd80000,0x00000007bdd80000)
  from space 17408K, 85% used [0x00000007bdd80000,0x00000007bec09ce0,0x00000007bee80000)
  to   space 17408K, 0% used [0x00000007bef00000,0x00000007bef00000,0x00000007c0000000)
 ParOldGen       total 2252800K, used 384960K [0x00000006f8000000, 0x0000000781800000, 0x0000000781800000)
  object space 2252800K, 17% used [0x00000006f8000000,0x000000070f7f0178,0x0000000781800000)
 Metaspace       used 194770K, capacity 206120K, committed 206400K, reserved 1230848K
  class space    used 23246K, capacity 25111K, committed 25216K, reserved 1048576K
2022-06-20T09:21:47.254+0800: 4879.546: [GC (Allocation Failure) [PSYoungGen: 1003559K->17378K(1005568K)] 1388519K->402370K(3258368K), 0.0177239 secs] [Times: user=0.05 sys=0.01, real=0.02 secs] 
Heap after GC invocations=343 (full 5):
 PSYoungGen      total 1005568K, used 17378K [0x0000000781800000, 0x00000007c0000000, 0x00000007c0000000)
  eden space 988160K, 0% used [0x0000000781800000,0x0000000781800000,0x00000007bdd00000)
  from space 17408K, 99% used [0x00000007bef00000,0x00000007bfff89c0,0x00000007c0000000)
  to   space 17920K, 0% used [0x00000007bdd00000,0x00000007bdd00000,0x00000007bee80000)
 ParOldGen       total 2252800K, used 384992K [0x00000006f8000000, 0x0000000781800000, 0x0000000781800000)
  object space 2252800K, 17% used [0x00000006f8000000,0x000000070f7f8178,0x0000000781800000)
 Metaspace       used 194770K, capacity 206120K, committed 206400K, reserved 1230848K
  class space    used 23246K, capacity 25111K, committed 25216K, reserved 1048576K
}
{Heap before GC invocations=344 (full 5):
 PSYoungGen      total 1005568K, used 1005538K [0x0000000781800000, 0x00000007c0000000, 0x00000007c0000000)
  eden space 988160K, 100% used [0x0000000781800000,0x00000007bdd00000,0x00000007bdd00000)
  from space 17408K, 99% used [0x00000007bef00000,0x00000007bfff89c0,0x00000007c0000000)
  to   space 17920K, 0% used [0x00000007bdd00000,0x00000007bdd00000,0x00000007bee80000)
 ParOldGen       total 2252800K, used 384992K [0x00000006f8000000, 0x0000000781800000, 0x0000000781800000)
  object space 2252800K, 17% used [0x00000006f8000000,0x000000070f7f8178,0x0000000781800000)
 Metaspace       used 194879K, capacity 206272K, committed 206400K, reserved 1230848K
  class space    used 23253K, capacity 25117K, committed 25216K, reserved 1048576K
2022-06-20T09:22:01.589+0800: 4893.882: [GC (Allocation Failure) [PSYoungGen: 1005538K->14967K(1006080K)] 1390530K->400291K(3258880K), 0.0162166 secs] [Times: user=0.06 sys=0.00, real=0.01 secs] 
Heap after GC invocations=344 (full 5):
 PSYoungGen      total 1006080K, used 14967K [0x0000000781800000, 0x00000007c0000000, 0x00000007c0000000)
  eden space 988160K, 0% used [0x0000000781800000,0x0000000781800000,0x00000007bdd00000)
  from space 17920K, 83% used [0x00000007bdd00000,0x00000007beb9dd10,0x00000007bee80000)
  to   space 17920K, 0% used [0x00000007bee80000,0x00000007bee80000,0x00000007c0000000)
 ParOldGen       total 2252800K, used 385324K [0x00000006f8000000, 0x0000000781800000, 0x0000000781800000)
  object space 2252800K, 17% used [0x00000006f8000000,0x000000070f84b1b8,0x0000000781800000)
 Metaspace       used 194879K, capacity 206272K, committed 206400K, reserved 1230848K
  class space    used 23253K, capacity 25117K, committed 25216K, reserved 1048576K
}
{Heap before GC invocations=345 (full 5):
 PSYoungGen      total 1006080K, used 1003127K [0x0000000781800000, 0x00000007c0000000, 0x00000007c0000000)
  eden space 988160K, 100% used [0x0000000781800000,0x00000007bdd00000,0x00000007bdd00000)
  from space 17920K, 83% used [0x00000007bdd00000,0x00000007beb9dd10,0x00000007bee80000)
  to   space 17920K, 0% used [0x00000007bee80000,0x00000007bee80000,0x00000007c0000000)
 ParOldGen       total 2252800K, used 385324K [0x00000006f8000000, 0x0000000781800000, 0x0000000781800000)
  object space 2252800K, 17% used [0x00000006f8000000,0x000000070f84b1b8,0x0000000781800000)
 Metaspace       used 194915K, capacity 206272K, committed 206400K, reserved 1230848K
  class space    used 23253K, capacity 25117K, committed 25216K, reserved 1048576K
2022-06-20T09:22:15.032+0800: 4907.325: [GC (Allocation Failure) [PSYoungGen: 1003127K->14584K(1006592K)] 1388451K->400028K(3259392K), 0.0155395 secs] [Times: user=0.05 sys=0.00, real=0.02 secs] 
Heap after GC invocations=345 (full 5):
 PSYoungGen      total 1006592K, used 14584K [0x0000000781800000, 0x00000007c0000000, 0x00000007c0000000)
  eden space 988672K, 0% used [0x0000000781800000,0x0000000781800000,0x00000007bdd80000)
  from space 17920K, 81% used [0x00000007bee80000,0x00000007bfcbe190,0x00000007c0000000)
  to   space 17408K, 0% used [0x00000007bdd80000,0x00000007bdd80000,0x00000007bee80000)
 ParOldGen       total 2252800K, used 385444K [0x00000006f8000000, 0x0000000781800000, 0x0000000781800000)
  object space 2252800K, 17% used [0x00000006f8000000,0x000000070f8691b8,0x0000000781800000)
 Metaspace       used 194915K, capacity 206272K, committed 206400K, reserved 1230848K
  class space    used 23253K, capacity 25117K, committed 25216K, reserved 1048576K
}
{Heap before GC invocations=346 (full 5):
 PSYoungGen      total 1006592K, used 1003256K [0x0000000781800000, 0x00000007c0000000, 0x00000007c0000000)
  eden space 988672K, 100% used [0x0000000781800000,0x00000007bdd80000,0x00000007bdd80000)
  from space 17920K, 81% used [0x00000007bee80000,0x00000007bfcbe190,0x00000007c0000000)
  to   space 17408K, 0% used [0x00000007bdd80000,0x00000007bdd80000,0x00000007bee80000)
 ParOldGen       total 2252800K, used 385444K [0x00000006f8000000, 0x0000000781800000, 0x0000000781800000)
  object space 2252800K, 17% used [0x00000006f8000000,0x000000070f8691b8,0x0000000781800000)
 Metaspace       used 194917K, capacity 206272K, committed 206400K, reserved 1230848K
  class space    used 23253K, capacity 25117K, committed 25216K, reserved 1048576K
2022-06-20T09:22:28.703+0800: 4920.996: [GC (Allocation Failure) [PSYoungGen: 1003256K->17402K(1006080K)] 1388700K->404294K(3258880K), 0.0179352 secs] [Times: user=0.05 sys=0.00, real=0.02 secs] 
Heap after GC invocations=346 (full 5):
 PSYoungGen      total 1006080K, used 17402K [0x0000000781800000, 0x00000007c0000000, 0x00000007c0000000)
  eden space 988672K, 0% used [0x0000000781800000,0x0000000781800000,0x00000007bdd80000)
  from space 17408K, 99% used [0x00000007bdd80000,0x00000007bee7e920,0x00000007bee80000)
  to   space 17920K, 0% used [0x00000007bee80000,0x00000007bee80000,0x00000007c0000000)
 ParOldGen       total 2252800K, used 386892K [0x00000006f8000000, 0x0000000781800000, 0x0000000781800000)
  object space 2252800K, 17% used [0x00000006f8000000,0x000000070f9d31b8,0x0000000781800000)
 Metaspace       used 194917K, capacity 206272K, committed 206400K, reserved 1230848K
  class space    used 23253K, capacity 25117K, committed 25216K, reserved 1048576K
}
{Heap before GC invocations=347 (full 5):
 PSYoungGen      total 1006080K, used 1006074K [0x0000000781800000, 0x00000007c0000000, 0x00000007c0000000)
  eden space 988672K, 100% used [0x0000000781800000,0x00000007bdd80000,0x00000007bdd80000)
  from space 17408K, 99% used [0x00000007bdd80000,0x00000007bee7e920,0x00000007bee80000)
  to   space 17920K, 0% used [0x00000007bee80000,0x00000007bee80000,0x00000007c0000000)
 ParOldGen       total 2252800K, used 386892K [0x00000006f8000000, 0x0000000781800000, 0x0000000781800000)
  object space 2252800K, 17% used [0x00000006f8000000,0x000000070f9d31b8,0x0000000781800000)
 Metaspace       used 194938K, capacity 206272K, committed 206400K, reserved 1230848K
  class space    used 23254K, capacity 25117K, committed 25216K, reserved 1048576K
2022-06-20T09:22:42.986+0800: 4935.279: [GC (Allocation Failure) [PSYoungGen: 1006074K->17911K(1001984K)] 1392966K->406015K(3254784K), 0.0137021 secs] [Times: user=0.04 sys=0.00, real=0.01 secs] 
Heap after GC invocations=347 (full 5):
 PSYoungGen      total 1001984K, used 17911K [0x0000000781800000, 0x00000007c0000000, 0x00000007c0000000)
  eden space 984064K, 0% used [0x0000000781800000,0x0000000781800000,0x00000007bd900000)
  from space 17920K, 99% used [0x00000007bee80000,0x00000007bfffde78,0x00000007c0000000)
  to   space 19968K, 0% used [0x00000007bd900000,0x00000007bd900000,0x00000007bec80000)
 ParOldGen       total 2252800K, used 388104K [0x00000006f8000000, 0x0000000781800000, 0x0000000781800000)
  object space 2252800K, 17% used [0x00000006f8000000,0x000000070fb020e8,0x0000000781800000)
 Metaspace       used 194938K, capacity 206272K, committed 206400K, reserved 1230848K
  class space    used 23254K, capacity 25117K, committed 25216K, reserved 1048576K
}
{Heap before GC invocations=348 (full 5):
 PSYoungGen      total 1001984K, used 1001975K [0x0000000781800000, 0x00000007c0000000, 0x00000007c0000000)
  eden space 984064K, 100% used [0x0000000781800000,0x00000007bd900000,0x00000007bd900000)
  from space 17920K, 99% used [0x00000007bee80000,0x00000007bfffde78,0x00000007c0000000)
  to   space 19968K, 0% used [0x00000007bd900000,0x00000007bd900000,0x00000007bec80000)
 ParOldGen       total 2252800K, used 388104K [0x00000006f8000000, 0x0000000781800000, 0x0000000781800000)
  object space 2252800K, 17% used [0x00000006f8000000,0x000000070fb020e8,0x0000000781800000)
 Metaspace       used 194951K, capacity 206278K, committed 206400K, reserved 1230848K
  class space    used 23254K, capacity 25118K, committed 25216K, reserved 1048576K
2022-06-20T09:22:56.342+0800: 4948.635: [GC (Allocation Failure) [PSYoungGen: 1001975K->18919K(1003008K)] 1390079K->407613K(3255808K), 0.0254624 secs] [Times: user=0.06 sys=0.01, real=0.03 secs] 
Heap after GC invocations=348 (full 5):
 PSYoungGen      total 1003008K, used 18919K [0x0000000781800000, 0x00000007c0000000, 0x00000007c0000000)
  eden space 984064K, 0% used [0x0000000781800000,0x0000000781800000,0x00000007bd900000)
  from space 18944K, 99% used [0x00000007bd900000,0x00000007beb79c48,0x00000007beb80000)
  to   space 20480K, 0% used [0x00000007bec00000,0x00000007bec00000,0x00000007c0000000)
 ParOldGen       total 2252800K, used 388694K [0x00000006f8000000, 0x0000000781800000, 0x0000000781800000)
  object space 2252800K, 17% used [0x00000006f8000000,0x000000070fb959e8,0x0000000781800000)
 Metaspace       used 194951K, capacity 206278K, committed 206400K, reserved 1230848K
  class space    used 23254K, capacity 25118K, committed 25216K, reserved 1048576K
}
{Heap before GC invocations=349 (full 5):
 PSYoungGen      total 1003008K, used 1002983K [0x0000000781800000, 0x00000007c0000000, 0x00000007c0000000)
  eden space 984064K, 100% used [0x0000000781800000,0x00000007bd900000,0x00000007bd900000)
  from space 18944K, 99% used [0x00000007bd900000,0x00000007beb79c48,0x00000007beb80000)
  to   space 20480K, 0% used [0x00000007bec00000,0x00000007bec00000,0x00000007c0000000)
 ParOldGen       total 2252800K, used 388694K [0x00000006f8000000, 0x0000000781800000, 0x0000000781800000)
  object space 2252800K, 17% used [0x00000006f8000000,0x000000070fb959e8,0x0000000781800000)
 Metaspace       used 194956K, capacity 206278K, committed 206400K, reserved 1230848K
  class space    used 23254K, capacity 25118K, committed 25216K, reserved 1048576K
2022-06-20T09:23:08.847+0800: 4961.139: [GC (Allocation Failure) [PSYoungGen: 1002983K->19932K(1001472K)] 1391677K->408627K(3254272K), 0.0189839 secs] [Times: user=0.05 sys=0.00, real=0.01 secs] 
Heap after GC invocations=349 (full 5):
 PSYoungGen      total 1001472K, used 19932K [0x0000000781800000, 0x00000007c0000000, 0x00000007c0000000)
  eden space 980992K, 0% used [0x0000000781800000,0x0000000781800000,0x00000007bd600000)
  from space 20480K, 97% used [0x00000007bec00000,0x00000007bff772c0,0x00000007c0000000)
  to   space 21504K, 0% used [0x00000007bd600000,0x00000007bd600000,0x00000007beb00000)
 ParOldGen       total 2252800K, used 388694K [0x00000006f8000000, 0x0000000781800000, 0x0000000781800000)
  object space 2252800K, 17% used [0x00000006f8000000,0x000000070fb959e8,0x0000000781800000)
 Metaspace       used 194956K, capacity 206278K, committed 206400K, reserved 1230848K
  class space    used 23254K, capacity 25118K, committed 25216K, reserved 1048576K
}
{Heap before GC invocations=350 (full 5):
 PSYoungGen      total 1001472K, used 1000924K [0x0000000781800000, 0x00000007c0000000, 0x00000007c0000000)
  eden space 980992K, 100% used [0x0000000781800000,0x00000007bd600000,0x00000007bd600000)
  from space 20480K, 97% used [0x00000007bec00000,0x00000007bff772c0,0x00000007c0000000)
  to   space 21504K, 0% used [0x00000007bd600000,0x00000007bd600000,0x00000007beb00000)
 ParOldGen       total 2252800K, used 388694K [0x00000006f8000000, 0x0000000781800000, 0x0000000781800000)
  object space 2252800K, 17% used [0x00000006f8000000,0x000000070fb959e8,0x0000000781800000)
 Metaspace       used 194960K, capacity 206278K, committed 206400K, reserved 1230848K
  class space    used 23254K, capacity 25118K, committed 25216K, reserved 1048576K
2022-06-20T09:23:29.531+0800: 4981.824: [GC (Allocation Failure) [PSYoungGen: 1000924K->18496K(999936K)] 1389619K->407190K(3252736K), 0.0133273 secs] [Times: user=0.04 sys=0.00, real=0.01 secs] 
Heap after GC invocations=350 (full 5):
 PSYoungGen      total 999936K, used 18496K [0x0000000781800000, 0x00000007c0000000, 0x00000007c0000000)
  eden space 980992K, 0% used [0x0000000781800000,0x0000000781800000,0x00000007bd600000)
  from space 18944K, 97% used [0x00000007bd600000,0x00000007be8101b8,0x00000007be880000)
  to   space 22016K, 0% used [0x00000007bea80000,0x00000007bea80000,0x00000007c0000000)
 ParOldGen       total 2252800K, used 388694K [0x00000006f8000000, 0x0000000781800000, 0x0000000781800000)
  object space 2252800K, 17% used [0x00000006f8000000,0x000000070fb959e8,0x0000000781800000)
 Metaspace       used 194960K, capacity 206278K, committed 206400K, reserved 1230848K
  class space    used 23254K, capacity 25118K, committed 25216K, reserved 1048576K
}
{Heap before GC invocations=351 (full 5):
 PSYoungGen      total 999936K, used 999488K [0x0000000781800000, 0x00000007c0000000, 0x00000007c0000000)
  eden space 980992K, 100% used [0x0000000781800000,0x00000007bd600000,0x00000007bd600000)
  from space 18944K, 97% used [0x00000007bd600000,0x00000007be8101b8,0x00000007be880000)
  to   space 22016K, 0% used [0x00000007bea80000,0x00000007bea80000,0x00000007c0000000)
 ParOldGen       total 2252800K, used 388694K [0x00000006f8000000, 0x0000000781800000, 0x0000000781800000)
  object space 2252800K, 17% used [0x00000006f8000000,0x000000070fb959e8,0x0000000781800000)
 Metaspace       used 194960K, capacity 206278K, committed 206400K, reserved 1230848K
  class space    used 23254K, capacity 25118K, committed 25216K, reserved 1048576K
2022-06-20T09:23:44.153+0800: 4996.446: [GC (Allocation Failure) [PSYoungGen: 999488K->18251K(1001984K)] 1388182K->407037K(3254784K), 0.0166666 secs] [Times: user=0.04 sys=0.00, real=0.02 secs] 
Heap after GC invocations=351 (full 5):
 PSYoungGen      total 1001984K, used 18251K [0x0000000781800000, 0x00000007c0000000, 0x00000007c0000000)
  eden space 979968K, 0% used [0x0000000781800000,0x0000000781800000,0x00000007bd500000)
  from space 22016K, 82% used [0x00000007bea80000,0x00000007bfc52de8,0x00000007c0000000)
  to   space 22016K, 0% used [0x00000007bd500000,0x00000007bd500000,0x00000007bea80000)
 ParOldGen       total 2252800K, used 388785K [0x00000006f8000000, 0x0000000781800000, 0x0000000781800000)
  object space 2252800K, 17% used [0x00000006f8000000,0x000000070fbac748,0x0000000781800000)
 Metaspace       used 194960K, capacity 206278K, committed 206400K, reserved 1230848K
  class space    used 23254K, capacity 25118K, committed 25216K, reserved 1048576K
}
{Heap before GC invocations=352 (full 5):
 PSYoungGen      total 1001984K, used 998219K [0x0000000781800000, 0x00000007c0000000, 0x00000007c0000000)
  eden space 979968K, 100% used [0x0000000781800000,0x00000007bd500000,0x00000007bd500000)
  from space 22016K, 82% used [0x00000007bea80000,0x00000007bfc52de8,0x00000007c0000000)
  to   space 22016K, 0% used [0x00000007bd500000,0x00000007bd500000,0x00000007bea80000)
 ParOldGen       total 2252800K, used 388785K [0x00000006f8000000, 0x0000000781800000, 0x0000000781800000)
  object space 2252800K, 17% used [0x00000006f8000000,0x000000070fbac748,0x0000000781800000)
 Metaspace       used 194962K, capacity 206278K, committed 206400K, reserved 1230848K
  class space    used 23254K, capacity 25118K, committed 25216K, reserved 1048576K
2022-06-20T09:23:59.098+0800: 5011.391: [GC (Allocation Failure) [PSYoungGen: 998219K->18724K(998912K)] 1387005K->407542K(3251712K), 0.0146410 secs] [Times: user=0.05 sys=0.00, real=0.01 secs] 
Heap after GC invocations=352 (full 5):
 PSYoungGen      total 998912K, used 18724K [0x0000000781800000, 0x00000007c0000000, 0x00000007c0000000)
  eden space 979968K, 0% used [0x0000000781800000,0x0000000781800000,0x00000007bd500000)
  from space 18944K, 98% used [0x00000007bd500000,0x00000007be7490e0,0x00000007be780000)
  to   space 22528K, 0% used [0x00000007bea00000,0x00000007bea00000,0x00000007c0000000)
 ParOldGen       total 2252800K, used 388817K [0x00000006f8000000, 0x0000000781800000, 0x0000000781800000)
  object space 2252800K, 17% used [0x00000006f8000000,0x000000070fbb4748,0x0000000781800000)
 Metaspace       used 194962K, capacity 206278K, committed 206400K, reserved 1230848K
  class space    used 23254K, capacity 25118K, committed 25216K, reserved 1048576K
}
{Heap before GC invocations=353 (full 5):
 PSYoungGen      total 998912K, used 998692K [0x0000000781800000, 0x00000007c0000000, 0x00000007c0000000)
  eden space 979968K, 100% used [0x0000000781800000,0x00000007bd500000,0x00000007bd500000)
  from space 18944K, 98% used [0x00000007bd500000,0x00000007be7490e0,0x00000007be780000)
  to   space 22528K, 0% used [0x00000007bea00000,0x00000007bea00000,0x00000007c0000000)
 ParOldGen       total 2252800K, used 388817K [0x00000006f8000000, 0x0000000781800000, 0x0000000781800000)
  object space 2252800K, 17% used [0x00000006f8000000,0x000000070fbb4748,0x0000000781800000)
 Metaspace       used 194968K, capacity 206278K, committed 206400K, reserved 1230848K
  class space    used 23254K, capacity 25118K, committed 25216K, reserved 1048576K
2022-06-20T09:24:12.454+0800: 5024.747: [GC (Allocation Failure) [PSYoungGen: 998692K->20371K(1000448K)] 1387510K->409268K(3253248K), 0.0155010 secs] [Times: user=0.05 sys=0.00, real=0.02 secs] 
Heap after GC invocations=353 (full 5):
 PSYoungGen      total 1000448K, used 20371K [0x0000000781800000, 0x00000007c0000000, 0x00000007c0000000)
  eden space 977920K, 0% used [0x0000000781800000,0x0000000781800000,0x00000007bd300000)
  from space 22528K, 90% used [0x00000007bea00000,0x00000007bfde4d30,0x00000007c0000000)
  to   space 23040K, 0% used [0x00000007bd300000,0x00000007bd300000,0x00000007be980000)
 ParOldGen       total 2252800K, used 388897K [0x00000006f8000000, 0x0000000781800000, 0x0000000781800000)
  object space 2252800K, 17% used [0x00000006f8000000,0x000000070fbc8590,0x0000000781800000)
 Metaspace       used 194968K, capacity 206278K, committed 206400K, reserved 1230848K
  class space    used 23254K, capacity 25118K, committed 25216K, reserved 1048576K
}
{Heap before GC invocations=354 (full 5):
 PSYoungGen      total 1000448K, used 998291K [0x0000000781800000, 0x00000007c0000000, 0x00000007c0000000)
  eden space 977920K, 100% used [0x0000000781800000,0x00000007bd300000,0x00000007bd300000)
  from space 22528K, 90% used [0x00000007bea00000,0x00000007bfde4d30,0x00000007c0000000)
  to   space 23040K, 0% used [0x00000007bd300000,0x00000007bd300000,0x00000007be980000)
 ParOldGen       total 2252800K, used 388897K [0x00000006f8000000, 0x0000000781800000, 0x0000000781800000)
  object space 2252800K, 17% used [0x00000006f8000000,0x000000070fbc8590,0x0000000781800000)
 Metaspace       used 194968K, capacity 206278K, committed 206400K, reserved 1230848K
  class space    used 23254K, capacity 25118K, committed 25216K, reserved 1048576K
2022-06-20T09:24:25.433+0800: 5037.726: [GC (Allocation Failure) [PSYoungGen: 998291K->17757K(1000960K)] 1387188K->406822K(3253760K), 0.0229562 secs] [Times: user=0.06 sys=0.00, real=0.03 secs] 
Heap after GC invocations=354 (full 5):
 PSYoungGen      total 1000960K, used 17757K [0x0000000781800000, 0x00000007c0000000, 0x00000007c0000000)
  eden space 977920K, 0% used [0x0000000781800000,0x0000000781800000,0x00000007bd300000)
  from space 23040K, 77% used [0x00000007bd300000,0x00000007be457478,0x00000007be980000)
  to   space 22528K, 0% used [0x00000007bea00000,0x00000007bea00000,0x00000007c0000000)
 ParOldGen       total 2252800K, used 389065K [0x00000006f8000000, 0x0000000781800000, 0x0000000781800000)
  object space 2252800K, 17% used [0x00000006f8000000,0x000000070fbf25d0,0x0000000781800000)
 Metaspace       used 194968K, capacity 206278K, committed 206400K, reserved 1230848K
  class space    used 23254K, capacity 25118K, committed 25216K, reserved 1048576K
}
{Heap before GC invocations=355 (full 5):
 PSYoungGen      total 1000960K, used 995677K [0x0000000781800000, 0x00000007c0000000, 0x00000007c0000000)
  eden space 977920K, 100% used [0x0000000781800000,0x00000007bd300000,0x00000007bd300000)
  from space 23040K, 77% used [0x00000007bd300000,0x00000007be457478,0x00000007be980000)
  to   space 22528K, 0% used [0x00000007bea00000,0x00000007bea00000,0x00000007c0000000)
 ParOldGen       total 2252800K, used 389065K [0x00000006f8000000, 0x0000000781800000, 0x0000000781800000)
  object space 2252800K, 17% used [0x00000006f8000000,0x000000070fbf25d0,0x0000000781800000)
 Metaspace       used 194982K, capacity 206278K, committed 206400K, reserved 1230848K
  class space    used 23254K, capacity 25118K, committed 25216K, reserved 1048576K
2022-06-20T09:24:44.620+0800: 5056.913: [GC (Allocation Failure) [PSYoungGen: 995677K->17402K(1001984K)] 1384742K->407196K(3254784K), 0.0218779 secs] [Times: user=0.06 sys=0.01, real=0.02 secs] 
Heap after GC invocations=355 (full 5):
 PSYoungGen      total 1001984K, used 17402K [0x0000000781800000, 0x00000007c0000000, 0x00000007c0000000)
  eden space 979456K, 0% used [0x0000000781800000,0x0000000781800000,0x00000007bd480000)
  from space 22528K, 77% used [0x00000007bea00000,0x00000007bfafeb98,0x00000007c0000000)
  to   space 22016K, 0% used [0x00000007bd480000,0x00000007bd480000,0x00000007bea00000)
 ParOldGen       total 2252800K, used 389793K [0x00000006f8000000, 0x0000000781800000, 0x0000000781800000)
  object space 2252800K, 17% used [0x00000006f8000000,0x000000070fca85d0,0x0000000781800000)
 Metaspace       used 194982K, capacity 206278K, committed 206400K, reserved 1230848K
  class space    used 23254K, capacity 25118K, committed 25216K, reserved 1048576K
}
{Heap before GC invocations=356 (full 5):
 PSYoungGen      total 1001984K, used 996858K [0x0000000781800000, 0x00000007c0000000, 0x00000007c0000000)
  eden space 979456K, 100% used [0x0000000781800000,0x00000007bd480000,0x00000007bd480000)
  from space 22528K, 77% used [0x00000007bea00000,0x00000007bfafeb98,0x00000007c0000000)
  to   space 22016K, 0% used [0x00000007bd480000,0x00000007bd480000,0x00000007bea00000)
 ParOldGen       total 2252800K, used 389793K [0x00000006f8000000, 0x0000000781800000, 0x0000000781800000)
  object space 2252800K, 17% used [0x00000006f8000000,0x000000070fca85d0,0x0000000781800000)
 Metaspace       used 194990K, capacity 206342K, committed 206656K, reserved 1230848K
  class space    used 23254K, capacity 25118K, committed 25216K, reserved 1048576K
2022-06-20T09:25:07.516+0800: 5079.808: [GC (Allocation Failure) [PSYoungGen: 996858K->20353K(999936K)] 1386652K->410396K(3252736K), 0.0169119 secs] [Times: user=0.05 sys=0.00, real=0.02 secs] 
Heap after GC invocations=356 (full 5):
 PSYoungGen      total 999936K, used 20353K [0x0000000781800000, 0x00000007c0000000, 0x00000007c0000000)
  eden space 979456K, 0% used [0x0000000781800000,0x0000000781800000,0x00000007bd480000)
  from space 20480K, 99% used [0x00000007bd480000,0x00000007be860718,0x00000007be880000)
  to   space 23040K, 0% used [0x00000007be980000,0x00000007be980000,0x00000007c0000000)
 ParOldGen       total 2252800K, used 390042K [0x00000006f8000000, 0x0000000781800000, 0x0000000781800000)
  object space 2252800K, 17% used [0x00000006f8000000,0x000000070fce6928,0x0000000781800000)
 Metaspace       used 194990K, capacity 206342K, committed 206656K, reserved 1230848K
  class space    used 23254K, capacity 25118K, committed 25216K, reserved 1048576K
}
{Heap before GC invocations=357 (full 5):
 PSYoungGen      total 999936K, used 999809K [0x0000000781800000, 0x00000007c0000000, 0x00000007c0000000)
  eden space 979456K, 100% used [0x0000000781800000,0x00000007bd480000,0x00000007bd480000)
  from space 20480K, 99% used [0x00000007bd480000,0x00000007be860718,0x00000007be880000)
  to   space 23040K, 0% used [0x00000007be980000,0x00000007be980000,0x00000007c0000000)
 ParOldGen       total 2252800K, used 390042K [0x00000006f8000000, 0x0000000781800000, 0x0000000781800000)
  object space 2252800K, 17% used [0x00000006f8000000,0x000000070fce6928,0x0000000781800000)
 Metaspace       used 195233K, capacity 206746K, committed 206912K, reserved 1230848K
  class space    used 23283K, capacity 25164K, committed 25216K, reserved 1048576K
2022-06-20T09:25:39.842+0800: 5112.135: [GC (Allocation Failure) [PSYoungGen: 999809K->14597K(1000960K)] 1389852K->404671K(3253760K), 0.0219860 secs] [Times: user=0.06 sys=0.00, real=0.02 secs] 
Heap after GC invocations=357 (full 5):
 PSYoungGen      total 1000960K, used 14597K [0x0000000781800000, 0x00000007c0000000, 0x00000007c0000000)
  eden space 977920K, 0% used [0x0000000781800000,0x0000000781800000,0x00000007bd300000)
  from space 23040K, 63% used [0x00000007be980000,0x00000007bf7c15f8,0x00000007c0000000)
  to   space 23040K, 0% used [0x00000007bd300000,0x00000007bd300000,0x00000007be980000)
 ParOldGen       total 2252800K, used 390074K [0x00000006f8000000, 0x0000000781800000, 0x0000000781800000)
  object space 2252800K, 17% used [0x00000006f8000000,0x000000070fcee928,0x0000000781800000)
 Metaspace       used 195233K, capacity 206746K, committed 206912K, reserved 1230848K
  class space    used 23283K, capacity 25164K, committed 25216K, reserved 1048576K
}
{Heap before GC invocations=358 (full 5):
 PSYoungGen      total 1000960K, used 992517K [0x0000000781800000, 0x00000007c0000000, 0x00000007c0000000)
  eden space 977920K, 100% used [0x0000000781800000,0x00000007bd300000,0x00000007bd300000)
  from space 23040K, 63% used [0x00000007be980000,0x00000007bf7c15f8,0x00000007c0000000)
  to   space 23040K, 0% used [0x00000007bd300000,0x00000007bd300000,0x00000007be980000)
 ParOldGen       total 2252800K, used 390074K [0x00000006f8000000, 0x0000000781800000, 0x0000000781800000)
  object space 2252800K, 17% used [0x00000006f8000000,0x000000070fcee928,0x0000000781800000)
 Metaspace       used 195279K, capacity 206782K, committed 206912K, reserved 1230848K
  class space    used 23288K, capacity 25170K, committed 25216K, reserved 1048576K
2022-06-20T09:26:10.414+0800: 5142.707: [GC (Allocation Failure) [PSYoungGen: 992517K->20609K(998912K)] 1382591K->410722K(3251712K), 0.0245144 secs] [Times: user=0.06 sys=0.01, real=0.03 secs] 
Heap after GC invocations=358 (full 5):
 PSYoungGen      total 998912K, used 20609K [0x0000000781800000, 0x00000007c0000000, 0x00000007c0000000)
  eden space 977920K, 0% used [0x0000000781800000,0x0000000781800000,0x00000007bd300000)
  from space 20992K, 98% used [0x00000007bd300000,0x00000007be720610,0x00000007be780000)
  to   space 23552K, 0% used [0x00000007be900000,0x00000007be900000,0x00000007c0000000)
 ParOldGen       total 2252800K, used 390112K [0x00000006f8000000, 0x0000000781800000, 0x0000000781800000)
  object space 2252800K, 17% used [0x00000006f8000000,0x000000070fcf8368,0x0000000781800000)
 Metaspace       used 195279K, capacity 206782K, committed 206912K, reserved 1230848K
  class space    used 23288K, capacity 25170K, committed 25216K, reserved 1048576K
}
{Heap before GC invocations=359 (full 5):
 PSYoungGen      total 998912K, used 998529K [0x0000000781800000, 0x00000007c0000000, 0x00000007c0000000)
  eden space 977920K, 100% used [0x0000000781800000,0x00000007bd300000,0x00000007bd300000)
  from space 20992K, 98% used [0x00000007bd300000,0x00000007be720610,0x00000007be780000)
  to   space 23552K, 0% used [0x00000007be900000,0x00000007be900000,0x00000007c0000000)
 ParOldGen       total 2252800K, used 390112K [0x00000006f8000000, 0x0000000781800000, 0x0000000781800000)
  object space 2252800K, 17% used [0x00000006f8000000,0x000000070fcf8368,0x0000000781800000)
 Metaspace       used 195285K, capacity 206782K, committed 206912K, reserved 1230848K
  class space    used 23288K, capacity 25170K, committed 25216K, reserved 1048576K
2022-06-20T09:26:46.806+0800: 5179.099: [GC (Allocation Failure) [PSYoungGen: 998529K->21303K(998400K)] 1388642K->411862K(3251200K), 0.0214681 secs] [Times: user=0.05 sys=0.01, real=0.02 secs] 
Heap after GC invocations=359 (full 5):
 PSYoungGen      total 998400K, used 21303K [0x0000000781800000, 0x00000007c0000000, 0x00000007c0000000)
  eden space 974848K, 0% used [0x0000000781800000,0x0000000781800000,0x00000007bd000000)
  from space 23552K, 90% used [0x00000007be900000,0x00000007bfdcdfb0,0x00000007c0000000)
  to   space 24576K, 0% used [0x00000007bd000000,0x00000007bd000000,0x00000007be800000)
 ParOldGen       total 2252800K, used 390559K [0x00000006f8000000, 0x0000000781800000, 0x0000000781800000)
  object space 2252800K, 17% used [0x00000006f8000000,0x000000070fd67c28,0x0000000781800000)
 Metaspace       used 195285K, capacity 206782K, committed 206912K, reserved 1230848K
  class space    used 23288K, capacity 25170K, committed 25216K, reserved 1048576K
}
{Heap before GC invocations=360 (full 5):
 PSYoungGen      total 998400K, used 996151K [0x0000000781800000, 0x00000007c0000000, 0x00000007c0000000)
  eden space 974848K, 100% used [0x0000000781800000,0x00000007bd000000,0x00000007bd000000)
  from space 23552K, 90% used [0x00000007be900000,0x00000007bfdcdfb0,0x00000007c0000000)
  to   space 24576K, 0% used [0x00000007bd000000,0x00000007bd000000,0x00000007be800000)
 ParOldGen       total 2252800K, used 390559K [0x00000006f8000000, 0x0000000781800000, 0x0000000781800000)
  object space 2252800K, 17% used [0x00000006f8000000,0x000000070fd67c28,0x0000000781800000)
 Metaspace       used 195346K, capacity 206902K, committed 207168K, reserved 1230848K
  class space    used 23303K, capacity 25190K, committed 25216K, reserved 1048576K
2022-06-20T09:27:08.565+0800: 5200.858: [GC (Allocation Failure) [PSYoungGen: 996151K->18727K(999424K)] 1386710K->409337K(3252224K), 0.0181121 secs] [Times: user=0.05 sys=0.00, real=0.02 secs] 
Heap after GC invocations=360 (full 5):
 PSYoungGen      total 999424K, used 18727K [0x0000000781800000, 0x00000007c0000000, 0x00000007c0000000)
  eden space 974848K, 0% used [0x0000000781800000,0x0000000781800000,0x00000007bd000000)
  from space 24576K, 76% used [0x00000007bd000000,0x00000007be249fc0,0x00000007be800000)
  to   space 24064K, 0% used [0x00000007be880000,0x00000007be880000,0x00000007c0000000)
 ParOldGen       total 2252800K, used 390609K [0x00000006f8000000, 0x0000000781800000, 0x0000000781800000)
  object space 2252800K, 17% used [0x00000006f8000000,0x000000070fd74748,0x0000000781800000)
 Metaspace       used 195346K, capacity 206902K, committed 207168K, reserved 1230848K
  class space    used 23303K, capacity 25190K, committed 25216K, reserved 1048576K
}
{Heap before GC invocations=361 (full 5):
 PSYoungGen      total 999424K, used 993575K [0x0000000781800000, 0x00000007c0000000, 0x00000007c0000000)
  eden space 974848K, 100% used [0x0000000781800000,0x00000007bd000000,0x00000007bd000000)
  from space 24576K, 76% used [0x00000007bd000000,0x00000007be249fc0,0x00000007be800000)
  to   space 24064K, 0% used [0x00000007be880000,0x00000007be880000,0x00000007c0000000)
 ParOldGen       total 2252800K, used 390609K [0x00000006f8000000, 0x0000000781800000, 0x0000000781800000)
  object space 2252800K, 17% used [0x00000006f8000000,0x000000070fd74748,0x0000000781800000)
 Metaspace       used 195436K, capacity 207070K, committed 207296K, reserved 1230848K
  class space    used 23322K, capacity 25218K, committed 25344K, reserved 1048576K
2022-06-20T09:27:34.550+0800: 5226.843: [GC (Allocation Failure) [PSYoungGen: 993575K->18257K(1000448K)] 1384185K->408919K(3253248K), 0.0234023 secs] [Times: user=0.06 sys=0.01, real=0.02 secs] 
Heap after GC invocations=361 (full 5):
 PSYoungGen      total 1000448K, used 18257K [0x0000000781800000, 0x00000007c0000000, 0x00000007c0000000)
  eden space 976384K, 0% used [0x0000000781800000,0x0000000781800000,0x00000007bd180000)
  from space 24064K, 75% used [0x00000007be880000,0x00000007bfa54760,0x00000007c0000000)
  to   space 23552K, 0% used [0x00000007bd180000,0x00000007bd180000,0x00000007be880000)
 ParOldGen       total 2252800K, used 390661K [0x00000006f8000000, 0x0000000781800000, 0x0000000781800000)
  object space 2252800K, 17% used [0x00000006f8000000,0x000000070fd81768,0x0000000781800000)
 Metaspace       used 195436K, capacity 207070K, committed 207296K, reserved 1230848K
  class space    used 23322K, capacity 25218K, committed 25344K, reserved 1048576K
}
{Heap before GC invocations=362 (full 5):
 PSYoungGen      total 1000448K, used 994641K [0x0000000781800000, 0x00000007c0000000, 0x00000007c0000000)
  eden space 976384K, 100% used [0x0000000781800000,0x00000007bd180000,0x00000007bd180000)
  from space 24064K, 75% used [0x00000007be880000,0x00000007bfa54760,0x00000007c0000000)
  to   space 23552K, 0% used [0x00000007bd180000,0x00000007bd180000,0x00000007be880000)
 ParOldGen       total 2252800K, used 390661K [0x00000006f8000000, 0x0000000781800000, 0x0000000781800000)
  object space 2252800K, 17% used [0x00000006f8000000,0x000000070fd81768,0x0000000781800000)
 Metaspace       used 195476K, capacity 207140K, committed 207296K, reserved 1230848K
  class space    used 23323K, capacity 25219K, committed 25344K, reserved 1048576K
2022-06-20T09:27:49.745+0800: 5242.037: [GC (Allocation Failure) [PSYoungGen: 994641K->19950K(999936K)] 1385303K->410644K(3252736K), 0.0159173 secs] [Times: user=0.05 sys=0.00, real=0.02 secs] 
Heap after GC invocations=362 (full 5):
 PSYoungGen      total 999936K, used 19950K [0x0000000781800000, 0x00000007c0000000, 0x00000007c0000000)
  eden space 976384K, 0% used [0x0000000781800000,0x0000000781800000,0x00000007bd180000)
  from space 23552K, 84% used [0x00000007bd180000,0x00000007be4fbb00,0x00000007be880000)
  to   space 23552K, 0% used [0x00000007be900000,0x00000007be900000,0x00000007c0000000)
 ParOldGen       total 2252800K, used 390693K [0x00000006f8000000, 0x0000000781800000, 0x0000000781800000)
  object space 2252800K, 17% used [0x00000006f8000000,0x000000070fd89768,0x0000000781800000)
 Metaspace       used 195476K, capacity 207140K, committed 207296K, reserved 1230848K
  class space    used 23323K, capacity 25219K, committed 25344K, reserved 1048576K
}
{Heap before GC invocations=363 (full 5):
 PSYoungGen      total 999936K, used 996334K [0x0000000781800000, 0x00000007c0000000, 0x00000007c0000000)
  eden space 976384K, 100% used [0x0000000781800000,0x00000007bd180000,0x00000007bd180000)
  from space 23552K, 84% used [0x00000007bd180000,0x00000007be4fbb00,0x00000007be880000)
  to   space 23552K, 0% used [0x00000007be900000,0x00000007be900000,0x00000007c0000000)
 ParOldGen       total 2252800K, used 390693K [0x00000006f8000000, 0x0000000781800000, 0x0000000781800000)
  object space 2252800K, 17% used [0x00000006f8000000,0x000000070fd89768,0x0000000781800000)
 Metaspace       used 195519K, capacity 207202K, committed 207552K, reserved 1230848K
  class space    used 23328K, capacity 25228K, committed 25344K, reserved 1048576K
2022-06-20T09:27:57.543+0800: 5249.836: [GC (Allocation Failure) [PSYoungGen: 996334K->23522K(995328K)] 1387028K->417041K(3248128K), 0.0223969 secs] [Times: user=0.07 sys=0.00, real=0.02 secs] 
Heap after GC invocations=363 (full 5):
 PSYoungGen      total 995328K, used 23522K [0x0000000781800000, 0x00000007c0000000, 0x00000007c0000000)
  eden space 971776K, 0% used [0x0000000781800000,0x0000000781800000,0x00000007bcd00000)
  from space 23552K, 99% used [0x00000007be900000,0x00000007bfff8b00,0x00000007c0000000)
  to   space 26112K, 0% used [0x00000007bcd00000,0x00000007bcd00000,0x00000007be680000)
 ParOldGen       total 2252800K, used 393518K [0x00000006f8000000, 0x0000000781800000, 0x0000000781800000)
  object space 2252800K, 17% used [0x00000006f8000000,0x000000071004b940,0x0000000781800000)
 Metaspace       used 195519K, capacity 207202K, committed 207552K, reserved 1230848K
  class space    used 23328K, capacity 25228K, committed 25344K, reserved 1048576K
}
{Heap before GC invocations=364 (full 5):
 PSYoungGen      total 995328K, used 995298K [0x0000000781800000, 0x00000007c0000000, 0x00000007c0000000)
  eden space 971776K, 100% used [0x0000000781800000,0x00000007bcd00000,0x00000007bcd00000)
  from space 23552K, 99% used [0x00000007be900000,0x00000007bfff8b00,0x00000007c0000000)
  to   space 26112K, 0% used [0x00000007bcd00000,0x00000007bcd00000,0x00000007be680000)
 ParOldGen       total 2252800K, used 393518K [0x00000006f8000000, 0x0000000781800000, 0x0000000781800000)
  object space 2252800K, 17% used [0x00000006f8000000,0x000000071004b940,0x0000000781800000)
 Metaspace       used 195694K, capacity 207440K, committed 207552K, reserved 1230848K
  class space    used 23344K, capacity 25257K, committed 25344K, reserved 1048576K
2022-06-20T09:28:16.810+0800: 5269.102: [GC (Allocation Failure) [PSYoungGen: 995298K->19795K(997888K)] 1388817K->413345K(3250688K), 0.0208530 secs] [Times: user=0.05 sys=0.01, real=0.02 secs] 
Heap after GC invocations=364 (full 5):
 PSYoungGen      total 997888K, used 19795K [0x0000000781800000, 0x00000007c0000000, 0x00000007c0000000)
  eden space 971776K, 0% used [0x0000000781800000,0x0000000781800000,0x00000007bcd00000)
  from space 26112K, 75% used [0x00000007bcd00000,0x00000007be054ea0,0x00000007be680000)
  to   space 25600K, 0% used [0x00000007be700000,0x00000007be700000,0x00000007c0000000)
 ParOldGen       total 2252800K, used 393550K [0x00000006f8000000, 0x0000000781800000, 0x0000000781800000)
  object space 2252800K, 17% used [0x00000006f8000000,0x0000000710053940,0x0000000781800000)
 Metaspace       used 195694K, capacity 207440K, committed 207552K, reserved 1230848K
  class space    used 23344K, capacity 25257K, committed 25344K, reserved 1048576K
}
{Heap before GC invocations=365 (full 5):
 PSYoungGen      total 997888K, used 991571K [0x0000000781800000, 0x00000007c0000000, 0x00000007c0000000)
  eden space 971776K, 100% used [0x0000000781800000,0x00000007bcd00000,0x00000007bcd00000)
  from space 26112K, 75% used [0x00000007bcd00000,0x00000007be054ea0,0x00000007be680000)
  to   space 25600K, 0% used [0x00000007be700000,0x00000007be700000,0x00000007c0000000)
 ParOldGen       total 2252800K, used 393550K [0x00000006f8000000, 0x0000000781800000, 0x0000000781800000)
  object space 2252800K, 17% used [0x00000006f8000000,0x0000000710053940,0x0000000781800000)
 Metaspace       used 195706K, capacity 207452K, committed 207552K, reserved 1230848K
  class space    used 23345K, capacity 25259K, committed 25344K, reserved 1048576K
2022-06-20T09:28:31.824+0800: 5284.117: [GC (Allocation Failure) [PSYoungGen: 991571K->25576K(993280K)] 1385121K->420550K(3246080K), 0.0201978 secs] [Times: user=0.07 sys=0.01, real=0.02 secs] 
Heap after GC invocations=365 (full 5):
 PSYoungGen      total 993280K, used 25576K [0x0000000781800000, 0x00000007c0000000, 0x00000007c0000000)
  eden space 967680K, 0% used [0x0000000781800000,0x0000000781800000,0x00000007bc900000)
  from space 25600K, 99% used [0x00000007be700000,0x00000007bfffa260,0x00000007c0000000)
  to   space 28160K, 0% used [0x00000007bc900000,0x00000007bc900000,0x00000007be480000)
 ParOldGen       total 2252800K, used 394974K [0x00000006f8000000, 0x0000000781800000, 0x0000000781800000)
  object space 2252800K, 17% used [0x00000006f8000000,0x00000007101b7940,0x0000000781800000)
 Metaspace       used 195706K, capacity 207452K, committed 207552K, reserved 1230848K
  class space    used 23345K, capacity 25259K, committed 25344K, reserved 1048576K
}
{Heap before GC invocations=366 (full 5):
 PSYoungGen      total 993280K, used 993256K [0x0000000781800000, 0x00000007c0000000, 0x00000007c0000000)
  eden space 967680K, 100% used [0x0000000781800000,0x00000007bc900000,0x00000007bc900000)
  from space 25600K, 99% used [0x00000007be700000,0x00000007bfffa260,0x00000007c0000000)
  to   space 28160K, 0% used [0x00000007bc900000,0x00000007bc900000,0x00000007be480000)
 ParOldGen       total 2252800K, used 394974K [0x00000006f8000000, 0x0000000781800000, 0x0000000781800000)
  object space 2252800K, 17% used [0x00000006f8000000,0x00000007101b7940,0x0000000781800000)
 Metaspace       used 195714K, capacity 207452K, committed 207552K, reserved 1230848K
  class space    used 23345K, capacity 25259K, committed 25344K, reserved 1048576K
2022-06-20T09:28:45.786+0800: 5298.079: [GC (Allocation Failure) [PSYoungGen: 993256K->26161K(994304K)] 1388230K->421223K(3247104K), 0.0160409 secs] [Times: user=0.05 sys=0.00, real=0.02 secs] 
Heap after GC invocations=366 (full 5):
 PSYoungGen      total 994304K, used 26161K [0x0000000781800000, 0x00000007c0000000, 0x00000007c0000000)
  eden space 967680K, 0% used [0x0000000781800000,0x0000000781800000,0x00000007bc900000)
  from space 26624K, 98% used [0x00000007bc900000,0x00000007be28c620,0x00000007be300000)
  to   space 29696K, 0% used [0x00000007be300000,0x00000007be300000,0x00000007c0000000)
 ParOldGen       total 2252800K, used 395061K [0x00000006f8000000, 0x0000000781800000, 0x0000000781800000)
  object space 2252800K, 17% used [0x00000006f8000000,0x00000007101cd788,0x0000000781800000)
 Metaspace       used 195714K, capacity 207452K, committed 207552K, reserved 1230848K
  class space    used 23345K, capacity 25259K, committed 25344K, reserved 1048576K
}
{Heap before GC invocations=367 (full 5):
 PSYoungGen      total 994304K, used 993841K [0x0000000781800000, 0x00000007c0000000, 0x00000007c0000000)
  eden space 967680K, 100% used [0x0000000781800000,0x00000007bc900000,0x00000007bc900000)
  from space 26624K, 98% used [0x00000007bc900000,0x00000007be28c620,0x00000007be300000)
  to   space 29696K, 0% used [0x00000007be300000,0x00000007be300000,0x00000007c0000000)
 ParOldGen       total 2252800K, used 395061K [0x00000006f8000000, 0x0000000781800000, 0x0000000781800000)
  object space 2252800K, 17% used [0x00000006f8000000,0x00000007101cd788,0x0000000781800000)
 Metaspace       used 195778K, capacity 207630K, committed 207808K, reserved 1232896K
  class space    used 23359K, capacity 25278K, committed 25344K, reserved 1048576K
2022-06-20T09:28:59.154+0800: 5311.447: [GC (Allocation Failure) [PSYoungGen: 993841K->23544K(994304K)] 1388903K->418606K(3247104K), 0.0280396 secs] [Times: user=0.07 sys=0.02, real=0.03 secs] 
Heap after GC invocations=367 (full 5):
 PSYoungGen      total 994304K, used 23544K [0x0000000781800000, 0x00000007c0000000, 0x00000007c0000000)
  eden space 964608K, 0% used [0x0000000781800000,0x0000000781800000,0x00000007bc600000)
  from space 29696K, 79% used [0x00000007be300000,0x00000007bf9fe238,0x00000007c0000000)
  to   space 29696K, 0% used [0x00000007bc600000,0x00000007bc600000,0x00000007be300000)
 ParOldGen       total 2252800K, used 395061K [0x00000006f8000000, 0x0000000781800000, 0x0000000781800000)
  object space 2252800K, 17% used [0x00000006f8000000,0x00000007101cd788,0x0000000781800000)
 Metaspace       used 195778K, capacity 207630K, committed 207808K, reserved 1232896K
  class space    used 23359K, capacity 25278K, committed 25344K, reserved 1048576K
}
{Heap before GC invocations=368 (full 5):
 PSYoungGen      total 994304K, used 988152K [0x0000000781800000, 0x00000007c0000000, 0x00000007c0000000)
  eden space 964608K, 100% used [0x0000000781800000,0x00000007bc600000,0x00000007bc600000)
  from space 29696K, 79% used [0x00000007be300000,0x00000007bf9fe238,0x00000007c0000000)
  to   space 29696K, 0% used [0x00000007bc600000,0x00000007bc600000,0x00000007be300000)
 ParOldGen       total 2252800K, used 395061K [0x00000006f8000000, 0x0000000781800000, 0x0000000781800000)
  object space 2252800K, 17% used [0x00000006f8000000,0x00000007101cd788,0x0000000781800000)
 Metaspace       used 195778K, capacity 207630K, committed 207808K, reserved 1232896K
  class space    used 23359K, capacity 25278K, committed 25344K, reserved 1048576K
2022-06-20T09:29:14.730+0800: 5327.023: [GC (Allocation Failure) [PSYoungGen: 988152K->22650K(994304K)] 1383214K->417752K(3247104K), 0.0191168 secs] [Times: user=0.05 sys=0.01, real=0.02 secs] 
Heap after GC invocations=368 (full 5):
 PSYoungGen      total 994304K, used 22650K [0x0000000781800000, 0x00000007c0000000, 0x00000007c0000000)
  eden space 964608K, 0% used [0x0000000781800000,0x0000000781800000,0x00000007bc600000)
  from space 29696K, 76% used [0x00000007bc600000,0x00000007bdc1eac8,0x00000007be300000)
  to   space 29696K, 0% used [0x00000007be300000,0x00000007be300000,0x00000007c0000000)
 ParOldGen       total 2252800K, used 395101K [0x00000006f8000000, 0x0000000781800000, 0x0000000781800000)
  object space 2252800K, 17% used [0x00000006f8000000,0x00000007101d7788,0x0000000781800000)
 Metaspace       used 195778K, capacity 207630K, committed 207808K, reserved 1232896K
  class space    used 23359K, capacity 25278K, committed 25344K, reserved 1048576K
}
{Heap before GC invocations=369 (full 5):
 PSYoungGen      total 994304K, used 987258K [0x0000000781800000, 0x00000007c0000000, 0x00000007c0000000)
  eden space 964608K, 100% used [0x0000000781800000,0x00000007bc600000,0x00000007bc600000)
  from space 29696K, 76% used [0x00000007bc600000,0x00000007bdc1eac8,0x00000007be300000)
  to   space 29696K, 0% used [0x00000007be300000,0x00000007be300000,0x00000007c0000000)
 ParOldGen       total 2252800K, used 395101K [0x00000006f8000000, 0x0000000781800000, 0x0000000781800000)
  object space 2252800K, 17% used [0x00000006f8000000,0x00000007101d7788,0x0000000781800000)
 Metaspace       used 195779K, capacity 207630K, committed 207808K, reserved 1232896K
  class space    used 23359K, capacity 25278K, committed 25344K, reserved 1048576K
2022-06-20T09:29:25.637+0800: 5337.930: [GC (Allocation Failure) [PSYoungGen: 987258K->22641K(994816K)] 1382360K->417767K(3247616K), 0.0212335 secs] [Times: user=0.07 sys=0.00, real=0.02 secs] 
Heap after GC invocations=369 (full 5):
 PSYoungGen      total 994816K, used 22641K [0x0000000781800000, 0x00000007c0000000, 0x00000007c0000000)
  eden space 965120K, 0% used [0x0000000781800000,0x0000000781800000,0x00000007bc680000)
  from space 29696K, 76% used [0x00000007be300000,0x00000007bf91c560,0x00000007c0000000)
  to   space 29184K, 0% used [0x00000007bc680000,0x00000007bc680000,0x00000007be300000)
 ParOldGen       total 2252800K, used 395125K [0x00000006f8000000, 0x0000000781800000, 0x0000000781800000)
  object space 2252800K, 17% used [0x00000006f8000000,0x00000007101dd788,0x0000000781800000)
 Metaspace       used 195779K, capacity 207630K, committed 207808K, reserved 1232896K
  class space    used 23359K, capacity 25278K, committed 25344K, reserved 1048576K
}
{Heap before GC invocations=370 (full 5):
 PSYoungGen      total 994816K, used 987761K [0x0000000781800000, 0x00000007c0000000, 0x00000007c0000000)
  eden space 965120K, 100% used [0x0000000781800000,0x00000007bc680000,0x00000007bc680000)
  from space 29696K, 76% used [0x00000007be300000,0x00000007bf91c560,0x00000007c0000000)
  to   space 29184K, 0% used [0x00000007bc680000,0x00000007bc680000,0x00000007be300000)
 ParOldGen       total 2252800K, used 395126K [0x00000006f8000000, 0x0000000781800000, 0x0000000781800000)
  object space 2252800K, 17% used [0x00000006f8000000,0x00000007101dd9e0,0x0000000781800000)
 Metaspace       used 195822K, capacity 207756K, committed 208064K, reserved 1232896K
  class space    used 23366K, capacity 25287K, committed 25344K, reserved 1048576K
2022-06-20T09:29:34.796+0800: 5347.089: [GC (GCLocker Initiated GC) [PSYoungGen: 987761K->29161K(994304K)] 1382887K->424448K(3247104K), 0.0250158 secs] [Times: user=0.07 sys=0.01, real=0.02 secs] 
Heap after GC invocations=370 (full 5):
 PSYoungGen      total 994304K, used 29161K [0x0000000781800000, 0x00000007c0000000, 0x00000007c0000000)
  eden space 965120K, 0% used [0x0000000781800000,0x0000000781800000,0x00000007bc680000)
  from space 29184K, 99% used [0x00000007bc680000,0x00000007be2fa4e8,0x00000007be300000)
  to   space 29696K, 0% used [0x00000007be300000,0x00000007be300000,0x00000007c0000000)
 ParOldGen       total 2252800K, used 395287K [0x00000006f8000000, 0x0000000781800000, 0x0000000781800000)
  object space 2252800K, 17% used [0x00000006f8000000,0x0000000710205e40,0x0000000781800000)
 Metaspace       used 195822K, capacity 207756K, committed 208064K, reserved 1232896K
  class space    used 23366K, capacity 25287K, committed 25344K, reserved 1048576K
}
{Heap before GC invocations=371 (full 5):
 PSYoungGen      total 994304K, used 994281K [0x0000000781800000, 0x00000007c0000000, 0x00000007c0000000)
  eden space 965120K, 100% used [0x0000000781800000,0x00000007bc680000,0x00000007bc680000)
  from space 29184K, 99% used [0x00000007bc680000,0x00000007be2fa4e8,0x00000007be300000)
  to   space 29696K, 0% used [0x00000007be300000,0x00000007be300000,0x00000007c0000000)
 ParOldGen       total 2252800K, used 395290K [0x00000006f8000000, 0x0000000781800000, 0x0000000781800000)
  object space 2252800K, 17% used [0x00000006f8000000,0x0000000710206910,0x0000000781800000)
 Metaspace       used 195822K, capacity 207756K, committed 208064K, reserved 1232896K
  class space    used 23366K, capacity 25287K, committed 25344K, reserved 1048576K
2022-06-20T09:29:43.020+0800: 5355.313: [GC (Allocation Failure) [PSYoungGen: 994281K->22335K(992256K)] 1389571K->418238K(3245056K), 0.0171967 secs] [Times: user=0.05 sys=0.00, real=0.02 secs] 
Heap after GC invocations=371 (full 5):
 PSYoungGen      total 992256K, used 22335K [0x0000000781800000, 0x00000007c0000000, 0x00000007c0000000)
  eden space 962560K, 0% used [0x0000000781800000,0x0000000781800000,0x00000007bc400000)
  from space 29696K, 75% used [0x00000007be300000,0x00000007bf8cffe0,0x00000007c0000000)
  to   space 30720K, 0% used [0x00000007bc400000,0x00000007bc400000,0x00000007be200000)
 ParOldGen       total 2252800K, used 395902K [0x00000006f8000000, 0x0000000781800000, 0x0000000781800000)
  object space 2252800K, 17% used [0x00000006f8000000,0x000000071029f890,0x0000000781800000)
 Metaspace       used 195822K, capacity 207756K, committed 208064K, reserved 1232896K
  class space    used 23366K, capacity 25287K, committed 25344K, reserved 1048576K
}
{Heap before GC invocations=372 (full 5):
 PSYoungGen      total 992256K, used 984895K [0x0000000781800000, 0x00000007c0000000, 0x00000007c0000000)
  eden space 962560K, 100% used [0x0000000781800000,0x00000007bc400000,0x00000007bc400000)
  from space 29696K, 75% used [0x00000007be300000,0x00000007bf8cffe0,0x00000007c0000000)
  to   space 30720K, 0% used [0x00000007bc400000,0x00000007bc400000,0x00000007be200000)
 ParOldGen       total 2252800K, used 395902K [0x00000006f8000000, 0x0000000781800000, 0x0000000781800000)
  object space 2252800K, 17% used [0x00000006f8000000,0x000000071029f890,0x0000000781800000)
 Metaspace       used 195822K, capacity 207756K, committed 208064K, reserved 1232896K
  class space    used 23366K, capacity 25287K, committed 25344K, reserved 1048576K
2022-06-20T09:29:52.196+0800: 5364.489: [GC (Allocation Failure) [PSYoungGen: 984895K->26694K(989696K)] 1380798K->422596K(3242496K), 0.0174467 secs] [Times: user=0.05 sys=0.00, real=0.01 secs] 
Heap after GC invocations=372 (full 5):
 PSYoungGen      total 989696K, used 26694K [0x0000000781800000, 0x00000007c0000000, 0x00000007c0000000)
  eden space 962560K, 0% used [0x0000000781800000,0x0000000781800000,0x00000007bc400000)
  from space 27136K, 98% used [0x00000007bc400000,0x00000007bde11ac8,0x00000007bde80000)
  to   space 31744K, 0% used [0x00000007be100000,0x00000007be100000,0x00000007c0000000)
 ParOldGen       total 2252800K, used 395902K [0x00000006f8000000, 0x0000000781800000, 0x0000000781800000)
  object space 2252800K, 17% used [0x00000006f8000000,0x000000071029f890,0x0000000781800000)
 Metaspace       used 195822K, capacity 207756K, committed 208064K, reserved 1232896K
  class space    used 23366K, capacity 25287K, committed 25344K, reserved 1048576K
}
{Heap before GC invocations=373 (full 5):
 PSYoungGen      total 989696K, used 989254K [0x0000000781800000, 0x00000007c0000000, 0x00000007c0000000)
  eden space 962560K, 100% used [0x0000000781800000,0x00000007bc400000,0x00000007bc400000)
  from space 27136K, 98% used [0x00000007bc400000,0x00000007bde11ac8,0x00000007bde80000)
  to   space 31744K, 0% used [0x00000007be100000,0x00000007be100000,0x00000007c0000000)
 ParOldGen       total 2252800K, used 395902K [0x00000006f8000000, 0x0000000781800000, 0x0000000781800000)
  object space 2252800K, 17% used [0x00000006f8000000,0x000000071029f890,0x0000000781800000)
 Metaspace       used 195827K, capacity 207756K, committed 208064K, reserved 1232896K
  class space    used 23366K, capacity 25287K, committed 25344K, reserved 1048576K
2022-06-20T09:30:05.900+0800: 5378.193: [GC (Allocation Failure) [PSYoungGen: 989254K->18594K(992768K)] 1385156K->418769K(3245568K), 0.0152658 secs] [Times: user=0.04 sys=0.00, real=0.01 secs] 
Heap after GC invocations=373 (full 5):
 PSYoungGen      total 992768K, used 18594K [0x0000000781800000, 0x00000007c0000000, 0x00000007c0000000)
  eden space 961024K, 0% used [0x0000000781800000,0x0000000781800000,0x00000007bc280000)
  from space 31744K, 58% used [0x00000007be100000,0x00000007bf328ab8,0x00000007c0000000)
  to   space 31232K, 0% used [0x00000007bc280000,0x00000007bc280000,0x00000007be100000)
 ParOldGen       total 2252800K, used 400174K [0x00000006f8000000, 0x0000000781800000, 0x0000000781800000)
  object space 2252800K, 17% used [0x00000006f8000000,0x00000007106cb968,0x0000000781800000)
 Metaspace       used 195827K, capacity 207756K, committed 208064K, reserved 1232896K
  class space    used 23366K, capacity 25287K, committed 25344K, reserved 1048576K
}
{Heap before GC invocations=374 (full 5):
 PSYoungGen      total 992768K, used 979618K [0x0000000781800000, 0x00000007c0000000, 0x00000007c0000000)
  eden space 961024K, 100% used [0x0000000781800000,0x00000007bc280000,0x00000007bc280000)
  from space 31744K, 58% used [0x00000007be100000,0x00000007bf328ab8,0x00000007c0000000)
  to   space 31232K, 0% used [0x00000007bc280000,0x00000007bc280000,0x00000007be100000)
 ParOldGen       total 2252800K, used 400174K [0x00000006f8000000, 0x0000000781800000, 0x0000000781800000)
  object space 2252800K, 17% used [0x00000006f8000000,0x00000007106cb968,0x0000000781800000)
 Metaspace       used 195827K, capacity 207756K, committed 208064K, reserved 1232896K
  class space    used 23366K, capacity 25287K, committed 25344K, reserved 1048576K
2022-06-20T09:30:15.190+0800: 5387.483: [GC (Allocation Failure) [PSYoungGen: 979618K->18979K(992256K)] 1379793K->419217K(3245056K), 0.0188924 secs] [Times: user=0.06 sys=0.00, real=0.02 secs] 
Heap after GC invocations=374 (full 5):
 PSYoungGen      total 992256K, used 18979K [0x0000000781800000, 0x00000007c0000000, 0x00000007c0000000)
  eden space 961024K, 0% used [0x0000000781800000,0x0000000781800000,0x00000007bc280000)
  from space 31232K, 60% used [0x00000007bc280000,0x00000007bd508d38,0x00000007be100000)
  to   space 31232K, 0% used [0x00000007be180000,0x00000007be180000,0x00000007c0000000)
 ParOldGen       total 2252800K, used 400238K [0x00000006f8000000, 0x0000000781800000, 0x0000000781800000)
  object space 2252800K, 17% used [0x00000006f8000000,0x00000007106db818,0x0000000781800000)
 Metaspace       used 195827K, capacity 207756K, committed 208064K, reserved 1232896K
  class space    used 23366K, capacity 25287K, committed 25344K, reserved 1048576K
}
{Heap before GC invocations=375 (full 5):
 PSYoungGen      total 992256K, used 980003K [0x0000000781800000, 0x00000007c0000000, 0x00000007c0000000)
  eden space 961024K, 100% used [0x0000000781800000,0x00000007bc280000,0x00000007bc280000)
  from space 31232K, 60% used [0x00000007bc280000,0x00000007bd508d38,0x00000007be100000)
  to   space 31232K, 0% used [0x00000007be180000,0x00000007be180000,0x00000007c0000000)
 ParOldGen       total 2252800K, used 400238K [0x00000006f8000000, 0x0000000781800000, 0x0000000781800000)
  object space 2252800K, 17% used [0x00000006f8000000,0x00000007106db818,0x0000000781800000)
 Metaspace       used 195827K, capacity 207756K, committed 208064K, reserved 1232896K
  class space    used 23366K, capacity 25287K, committed 25344K, reserved 1048576K
2022-06-20T09:30:28.177+0800: 5400.470: [GC (Allocation Failure) [PSYoungGen: 980003K->18275K(993280K)] 1380241K->418561K(3246080K), 0.0144310 secs] [Times: user=0.04 sys=0.00, real=0.01 secs] 
Heap after GC invocations=375 (full 5):
 PSYoungGen      total 993280K, used 18275K [0x0000000781800000, 0x00000007c0000000, 0x00000007c0000000)
  eden space 962048K, 0% used [0x0000000781800000,0x0000000781800000,0x00000007bc380000)
  from space 31232K, 58% used [0x00000007be180000,0x00000007bf358cb0,0x00000007c0000000)
  to   space 30720K, 0% used [0x00000007bc380000,0x00000007bc380000,0x00000007be180000)
 ParOldGen       total 2252800K, used 400286K [0x00000006f8000000, 0x0000000781800000, 0x0000000781800000)
  object space 2252800K, 17% used [0x00000006f8000000,0x00000007106e7818,0x0000000781800000)
 Metaspace       used 195827K, capacity 207756K, committed 208064K, reserved 1232896K
  class space    used 23366K, capacity 25287K, committed 25344K, reserved 1048576K
}
{Heap before GC invocations=376 (full 5):
 PSYoungGen      total 993280K, used 980323K [0x0000000781800000, 0x00000007c0000000, 0x00000007c0000000)
  eden space 962048K, 100% used [0x0000000781800000,0x00000007bc380000,0x00000007bc380000)
  from space 31232K, 58% used [0x00000007be180000,0x00000007bf358cb0,0x00000007c0000000)
  to   space 30720K, 0% used [0x00000007bc380000,0x00000007bc380000,0x00000007be180000)
 ParOldGen       total 2252800K, used 400286K [0x00000006f8000000, 0x0000000781800000, 0x0000000781800000)
  object space 2252800K, 17% used [0x00000006f8000000,0x00000007106e7818,0x0000000781800000)
 Metaspace       used 195847K, capacity 207810K, committed 208064K, reserved 1232896K
  class space    used 23373K, capacity 25296K, committed 25344K, reserved 1048576K
2022-06-20T09:30:37.301+0800: 5409.594: [GC (Allocation Failure) [PSYoungGen: 980323K->23031K(992768K)] 1380609K->423481K(3245568K), 0.0195033 secs] [Times: user=0.06 sys=0.00, real=0.02 secs] 
Heap after GC invocations=376 (full 5):
 PSYoungGen      total 992768K, used 23031K [0x0000000781800000, 0x00000007c0000000, 0x00000007c0000000)
  eden space 962048K, 0% used [0x0000000781800000,0x0000000781800000,0x00000007bc380000)
  from space 30720K, 74% used [0x00000007bc380000,0x00000007bd9fdc90,0x00000007be180000)
  to   space 30208K, 0% used [0x00000007be280000,0x00000007be280000,0x00000007c0000000)
 ParOldGen       total 2252800K, used 400450K [0x00000006f8000000, 0x0000000781800000, 0x0000000781800000)
  object space 2252800K, 17% used [0x00000006f8000000,0x0000000710710898,0x0000000781800000)
 Metaspace       used 195847K, capacity 207810K, committed 208064K, reserved 1232896K
  class space    used 23373K, capacity 25296K, committed 25344K, reserved 1048576K
}
{Heap before GC invocations=377 (full 5):
 PSYoungGen      total 992768K, used 985079K [0x0000000781800000, 0x00000007c0000000, 0x00000007c0000000)
  eden space 962048K, 100% used [0x0000000781800000,0x00000007bc380000,0x00000007bc380000)
  from space 30720K, 74% used [0x00000007bc380000,0x00000007bd9fdc90,0x00000007be180000)
  to   space 30208K, 0% used [0x00000007be280000,0x00000007be280000,0x00000007c0000000)
 ParOldGen       total 2252800K, used 400450K [0x00000006f8000000, 0x0000000781800000, 0x0000000781800000)
  object space 2252800K, 17% used [0x00000006f8000000,0x0000000710710898,0x0000000781800000)
 Metaspace       used 195850K, capacity 207810K, committed 208064K, reserved 1232896K
  class space    used 23373K, capacity 25296K, committed 25344K, reserved 1048576K
2022-06-20T09:30:43.603+0800: 5415.895: [GC (Allocation Failure) [PSYoungGen: 985079K->30207K(988672K)] 1385529K->431361K(3241472K), 0.0219006 secs] [Times: user=0.07 sys=0.00, real=0.02 secs] 
Heap after GC invocations=377 (full 5):
 PSYoungGen      total 988672K, used 30207K [0x0000000781800000, 0x00000007c0000000, 0x00000007c0000000)
  eden space 958464K, 0% used [0x0000000781800000,0x0000000781800000,0x00000007bc000000)
  from space 30208K, 99% used [0x00000007be280000,0x00000007bffffe18,0x00000007c0000000)
  to   space 32768K, 0% used [0x00000007bc000000,0x00000007bc000000,0x00000007be000000)
 ParOldGen       total 2252800K, used 401154K [0x00000006f8000000, 0x0000000781800000, 0x0000000781800000)
  object space 2252800K, 17% used [0x00000006f8000000,0x00000007107c0928,0x0000000781800000)
 Metaspace       used 195850K, capacity 207810K, committed 208064K, reserved 1232896K
  class space    used 23373K, capacity 25296K, committed 25344K, reserved 1048576K
}
{Heap before GC invocations=378 (full 5):
 PSYoungGen      total 988672K, used 988671K [0x0000000781800000, 0x00000007c0000000, 0x00000007c0000000)
  eden space 958464K, 100% used [0x0000000781800000,0x00000007bc000000,0x00000007bc000000)
  from space 30208K, 99% used [0x00000007be280000,0x00000007bffffe18,0x00000007c0000000)
  to   space 32768K, 0% used [0x00000007bc000000,0x00000007bc000000,0x00000007be000000)
 ParOldGen       total 2252800K, used 401154K [0x00000006f8000000, 0x0000000781800000, 0x0000000781800000)
  object space 2252800K, 17% used [0x00000006f8000000,0x00000007107c0928,0x0000000781800000)
 Metaspace       used 195864K, capacity 207814K, committed 208064K, reserved 1232896K
  class space    used 23373K, capacity 25296K, committed 25344K, reserved 1048576K
2022-06-20T09:30:56.685+0800: 5428.977: [GC (Allocation Failure) [PSYoungGen: 988671K->24046K(991232K)] 1389825K->425462K(3244032K), 0.0169732 secs] [Times: user=0.05 sys=0.00, real=0.02 secs] 
Heap after GC invocations=378 (full 5):
 PSYoungGen      total 991232K, used 24046K [0x0000000781800000, 0x00000007c0000000, 0x00000007c0000000)
  eden space 958464K, 0% used [0x0000000781800000,0x0000000781800000,0x00000007bc000000)
  from space 32768K, 73% used [0x00000007bc000000,0x00000007bd77baf8,0x00000007be000000)
  to   space 32256K, 0% used [0x00000007be080000,0x00000007be080000,0x00000007c0000000)
 ParOldGen       total 2252800K, used 401415K [0x00000006f8000000, 0x0000000781800000, 0x0000000781800000)
  object space 2252800K, 17% used [0x00000006f8000000,0x0000000710801f20,0x0000000781800000)
 Metaspace       used 195864K, capacity 207814K, committed 208064K, reserved 1232896K
  class space    used 23373K, capacity 25296K, committed 25344K, reserved 1048576K
}
{Heap before GC invocations=379 (full 5):
 PSYoungGen      total 991232K, used 982510K [0x0000000781800000, 0x00000007c0000000, 0x00000007c0000000)
  eden space 958464K, 100% used [0x0000000781800000,0x00000007bc000000,0x00000007bc000000)
  from space 32768K, 73% used [0x00000007bc000000,0x00000007bd77baf8,0x00000007be000000)
  to   space 32256K, 0% used [0x00000007be080000,0x00000007be080000,0x00000007c0000000)
 ParOldGen       total 2252800K, used 401415K [0x00000006f8000000, 0x0000000781800000, 0x0000000781800000)
  object space 2252800K, 17% used [0x00000006f8000000,0x0000000710801f20,0x0000000781800000)
 Metaspace       used 195888K, capacity 207874K, committed 208064K, reserved 1232896K
  class space    used 23381K, capacity 25306K, committed 25344K, reserved 1048576K
2022-06-20T09:31:07.076+0800: 5439.369: [GC (Allocation Failure) [PSYoungGen: 982510K->22463K(992256K)] 1383926K->423878K(3245056K), 0.0226921 secs] [Times: user=0.06 sys=0.01, real=0.02 secs] 
Heap after GC invocations=379 (full 5):
 PSYoungGen      total 992256K, used 22463K [0x0000000781800000, 0x00000007c0000000, 0x00000007c0000000)
  eden space 960000K, 0% used [0x0000000781800000,0x0000000781800000,0x00000007bc180000)
  from space 32256K, 69% used [0x00000007be080000,0x00000007bf66fcc0,0x00000007c0000000)
  to   space 31744K, 0% used [0x00000007bc180000,0x00000007bc180000,0x00000007be080000)
 ParOldGen       total 2252800K, used 401415K [0x00000006f8000000, 0x0000000781800000, 0x0000000781800000)
  object space 2252800K, 17% used [0x00000006f8000000,0x0000000710801f20,0x0000000781800000)
 Metaspace       used 195888K, capacity 207874K, committed 208064K, reserved 1232896K
  class space    used 23381K, capacity 25306K, committed 25344K, reserved 1048576K
}
{Heap before GC invocations=380 (full 5):
 PSYoungGen      total 992256K, used 982463K [0x0000000781800000, 0x00000007c0000000, 0x00000007c0000000)
  eden space 960000K, 100% used [0x0000000781800000,0x00000007bc180000,0x00000007bc180000)
  from space 32256K, 69% used [0x00000007be080000,0x00000007bf66fcc0,0x00000007c0000000)
  to   space 31744K, 0% used [0x00000007bc180000,0x00000007bc180000,0x00000007be080000)
 ParOldGen       total 2252800K, used 401415K [0x00000006f8000000, 0x0000000781800000, 0x0000000781800000)
  object space 2252800K, 17% used [0x00000006f8000000,0x0000000710801f20,0x0000000781800000)
 Metaspace       used 195888K, capacity 207874K, committed 208064K, reserved 1232896K
  class space    used 23381K, capacity 25306K, committed 25344K, reserved 1048576K
2022-06-20T09:31:21.989+0800: 5454.282: [GC (Allocation Failure) [PSYoungGen: 982463K->17697K(991744K)] 1383878K->423179K(3244544K), 0.0186963 secs] [Times: user=0.05 sys=0.01, real=0.02 secs] 
Heap after GC invocations=380 (full 5):
 PSYoungGen      total 991744K, used 17697K [0x0000000781800000, 0x00000007c0000000, 0x00000007c0000000)
  eden space 960000K, 0% used [0x0000000781800000,0x0000000781800000,0x00000007bc180000)
  from space 31744K, 55% used [0x00000007bc180000,0x00000007bd2c8788,0x00000007be080000)
  to   space 31744K, 0% used [0x00000007be100000,0x00000007be100000,0x00000007c0000000)
 ParOldGen       total 2252800K, used 405481K [0x00000006f8000000, 0x0000000781800000, 0x0000000781800000)
  object space 2252800K, 17% used [0x00000006f8000000,0x0000000710bfa6c8,0x0000000781800000)
 Metaspace       used 195888K, capacity 207874K, committed 208064K, reserved 1232896K
  class space    used 23381K, capacity 25306K, committed 25344K, reserved 1048576K
}
{Heap before GC invocations=381 (full 5):
 PSYoungGen      total 991744K, used 977697K [0x0000000781800000, 0x00000007c0000000, 0x00000007c0000000)
  eden space 960000K, 100% used [0x0000000781800000,0x00000007bc180000,0x00000007bc180000)
  from space 31744K, 55% used [0x00000007bc180000,0x00000007bd2c8788,0x00000007be080000)
  to   space 31744K, 0% used [0x00000007be100000,0x00000007be100000,0x00000007c0000000)
 ParOldGen       total 2252800K, used 405481K [0x00000006f8000000, 0x0000000781800000, 0x0000000781800000)
  object space 2252800K, 17% used [0x00000006f8000000,0x0000000710bfa6c8,0x0000000781800000)
 Metaspace       used 195894K, capacity 207874K, committed 208064K, reserved 1232896K
  class space    used 23381K, capacity 25306K, committed 25344K, reserved 1048576K
2022-06-20T09:31:33.873+0800: 5466.166: [GC (Allocation Failure) [PSYoungGen: 977697K->20859K(993280K)] 1383179K->426507K(3246080K), 0.0171403 secs] [Times: user=0.05 sys=0.00, real=0.02 secs] 
Heap after GC invocations=381 (full 5):
 PSYoungGen      total 993280K, used 20859K [0x0000000781800000, 0x00000007c0000000, 0x00000007c0000000)
  eden space 961536K, 0% used [0x0000000781800000,0x0000000781800000,0x00000007bc300000)
  from space 31744K, 65% used [0x00000007be100000,0x00000007bf55ecb8,0x00000007c0000000)
  to   space 30720K, 0% used [0x00000007bc300000,0x00000007bc300000,0x00000007be100000)
 ParOldGen       total 2252800K, used 405648K [0x00000006f8000000, 0x0000000781800000, 0x0000000781800000)
  object space 2252800K, 18% used [0x00000006f8000000,0x0000000710c240d8,0x0000000781800000)
 Metaspace       used 195894K, capacity 207874K, committed 208064K, reserved 1232896K
  class space    used 23381K, capacity 25306K, committed 25344K, reserved 1048576K
}
{Heap before GC invocations=382 (full 5):
 PSYoungGen      total 993280K, used 982395K [0x0000000781800000, 0x00000007c0000000, 0x00000007c0000000)
  eden space 961536K, 100% used [0x0000000781800000,0x00000007bc300000,0x00000007bc300000)
  from space 31744K, 65% used [0x00000007be100000,0x00000007bf55ecb8,0x00000007c0000000)
  to   space 30720K, 0% used [0x00000007bc300000,0x00000007bc300000,0x00000007be100000)
 ParOldGen       total 2252800K, used 405648K [0x00000006f8000000, 0x0000000781800000, 0x0000000781800000)
  object space 2252800K, 18% used [0x00000006f8000000,0x0000000710c240d8,0x0000000781800000)
 Metaspace       used 195894K, capacity 207874K, committed 208064K, reserved 1232896K
  class space    used 23381K, capacity 25306K, committed 25344K, reserved 1048576K
2022-06-20T09:31:47.963+0800: 5480.256: [GC (Allocation Failure) [PSYoungGen: 982395K->17566K(992256K)] 1388043K->423254K(3245056K), 0.0187109 secs] [Times: user=0.05 sys=0.00, real=0.02 secs] 
Heap after GC invocations=382 (full 5):
 PSYoungGen      total 992256K, used 17566K [0x0000000781800000, 0x00000007c0000000, 0x00000007c0000000)
  eden space 961536K, 0% used [0x0000000781800000,0x0000000781800000,0x00000007bc300000)
  from space 30720K, 57% used [0x00000007bc300000,0x00000007bd427ad8,0x00000007be100000)
  to   space 30720K, 0% used [0x00000007be200000,0x00000007be200000,0x00000007c0000000)
 ParOldGen       total 2252800K, used 405688K [0x00000006f8000000, 0x0000000781800000, 0x0000000781800000)
  object space 2252800K, 18% used [0x00000006f8000000,0x0000000710c2e0d8,0x0000000781800000)
 Metaspace       used 195894K, capacity 207874K, committed 208064K, reserved 1232896K
  class space    used 23381K, capacity 25306K, committed 25344K, reserved 1048576K
}
{Heap before GC invocations=383 (full 5):
 PSYoungGen      total 992256K, used 979102K [0x0000000781800000, 0x00000007c0000000, 0x00000007c0000000)
  eden space 961536K, 100% used [0x0000000781800000,0x00000007bc300000,0x00000007bc300000)
  from space 30720K, 57% used [0x00000007bc300000,0x00000007bd427ad8,0x00000007be100000)
  to   space 30720K, 0% used [0x00000007be200000,0x00000007be200000,0x00000007c0000000)
 ParOldGen       total 2252800K, used 405688K [0x00000006f8000000, 0x0000000781800000, 0x0000000781800000)
  object space 2252800K, 18% used [0x00000006f8000000,0x0000000710c2e0d8,0x0000000781800000)
 Metaspace       used 195927K, capacity 207928K, committed 208064K, reserved 1232896K
  class space    used 23388K, capacity 25315K, committed 25344K, reserved 1048576K
2022-06-20T09:32:11.236+0800: 5503.528: [GC (Allocation Failure) [PSYoungGen: 979102K->17790K(993280K)] 1384790K->423518K(3246080K), 0.0172034 secs] [Times: user=0.05 sys=0.00, real=0.02 secs] 
Heap after GC invocations=383 (full 5):
 PSYoungGen      total 993280K, used 17790K [0x0000000781800000, 0x00000007c0000000, 0x00000007c0000000)
  eden space 962560K, 0% used [0x0000000781800000,0x0000000781800000,0x00000007bc400000)
  from space 30720K, 57% used [0x00000007be200000,0x00000007bf35fad8,0x00000007c0000000)
  to   space 30720K, 0% used [0x00000007bc400000,0x00000007bc400000,0x00000007be200000)
 ParOldGen       total 2252800K, used 405728K [0x00000006f8000000, 0x0000000781800000, 0x0000000781800000)
  object space 2252800K, 18% used [0x00000006f8000000,0x0000000710c38028,0x0000000781800000)
 Metaspace       used 195927K, capacity 207928K, committed 208064K, reserved 1232896K
  class space    used 23388K, capacity 25315K, committed 25344K, reserved 1048576K
}
{Heap before GC invocations=384 (full 5):
 PSYoungGen      total 993280K, used 980350K [0x0000000781800000, 0x00000007c0000000, 0x00000007c0000000)
  eden space 962560K, 100% used [0x0000000781800000,0x00000007bc400000,0x00000007bc400000)
  from space 30720K, 57% used [0x00000007be200000,0x00000007bf35fad8,0x00000007c0000000)
  to   space 30720K, 0% used [0x00000007bc400000,0x00000007bc400000,0x00000007be200000)
 ParOldGen       total 2252800K, used 405728K [0x00000006f8000000, 0x0000000781800000, 0x0000000781800000)
  object space 2252800K, 18% used [0x00000006f8000000,0x0000000710c38028,0x0000000781800000)
 Metaspace       used 195972K, capacity 208036K, committed 208064K, reserved 1232896K
  class space    used 23401K, capacity 25333K, committed 25344K, reserved 1048576K
2022-06-20T09:32:21.691+0800: 5513.984: [GC (Allocation Failure) [PSYoungGen: 980350K->16997K(993280K)] 1386078K->422995K(3246080K), 0.0193281 secs] [Times: user=0.06 sys=0.00, real=0.02 secs] 
Heap after GC invocations=384 (full 5):
 PSYoungGen      total 993280K, used 16997K [0x0000000781800000, 0x00000007c0000000, 0x00000007c0000000)
  eden space 962560K, 0% used [0x0000000781800000,0x0000000781800000,0x00000007bc400000)
  from space 30720K, 55% used [0x00000007bc400000,0x00000007bd499570,0x00000007be200000)
  to   space 30208K, 0% used [0x00000007be280000,0x00000007be280000,0x00000007c0000000)
 ParOldGen       total 2252800K, used 405997K [0x00000006f8000000, 0x0000000781800000, 0x0000000781800000)
  object space 2252800K, 18% used [0x00000006f8000000,0x0000000710c7b770,0x0000000781800000)
 Metaspace       used 195972K, capacity 208036K, committed 208064K, reserved 1232896K
  class space    used 23401K, capacity 25333K, committed 25344K, reserved 1048576K
}
{Heap before GC invocations=385 (full 5):
 PSYoungGen      total 993280K, used 979557K [0x0000000781800000, 0x00000007c0000000, 0x00000007c0000000)
  eden space 962560K, 100% used [0x0000000781800000,0x00000007bc400000,0x00000007bc400000)
  from space 30720K, 55% used [0x00000007bc400000,0x00000007bd499570,0x00000007be200000)
  to   space 30208K, 0% used [0x00000007be280000,0x00000007be280000,0x00000007c0000000)
 ParOldGen       total 2252800K, used 405997K [0x00000006f8000000, 0x0000000781800000, 0x0000000781800000)
  object space 2252800K, 18% used [0x00000006f8000000,0x0000000710c7b770,0x0000000781800000)
 Metaspace       used 195987K, capacity 208040K, committed 208064K, reserved 1232896K
  class space    used 23401K, capacity 25333K, committed 25344K, reserved 1048576K
2022-06-20T09:32:33.171+0800: 5525.464: [GC (Allocation Failure) [PSYoungGen: 979557K->17238K(993792K)] 1385555K->423276K(3246592K), 0.0176907 secs] [Times: user=0.05 sys=0.01, real=0.02 secs] 
Heap after GC invocations=385 (full 5):
 PSYoungGen      total 993792K, used 17238K [0x0000000781800000, 0x00000007c0000000, 0x00000007c0000000)
  eden space 963584K, 0% used [0x0000000781800000,0x0000000781800000,0x00000007bc500000)
  from space 30208K, 57% used [0x00000007be280000,0x00000007bf355968,0x00000007c0000000)
  to   space 30208K, 0% used [0x00000007bc500000,0x00000007bc500000,0x00000007be280000)
 ParOldGen       total 2252800K, used 406037K [0x00000006f8000000, 0x0000000781800000, 0x0000000781800000)
  object space 2252800K, 18% used [0x00000006f8000000,0x0000000710c85770,0x0000000781800000)
 Metaspace       used 195987K, capacity 208040K, committed 208064K, reserved 1232896K
  class space    used 23401K, capacity 25333K, committed 25344K, reserved 1048576K
}
{Heap before GC invocations=386 (full 5):
 PSYoungGen      total 993792K, used 980822K [0x0000000781800000, 0x00000007c0000000, 0x00000007c0000000)
  eden space 963584K, 100% used [0x0000000781800000,0x00000007bc500000,0x00000007bc500000)
  from space 30208K, 57% used [0x00000007be280000,0x00000007bf355968,0x00000007c0000000)
  to   space 30208K, 0% used [0x00000007bc500000,0x00000007bc500000,0x00000007be280000)
 ParOldGen       total 2252800K, used 406037K [0x00000006f8000000, 0x0000000781800000, 0x0000000781800000)
  object space 2252800K, 18% used [0x00000006f8000000,0x0000000710c85770,0x0000000781800000)
 Metaspace       used 196153K, capacity 208328K, committed 208448K, reserved 1232896K
  class space    used 23432K, capacity 25381K, committed 25472K, reserved 1048576K
2022-06-20T09:32:43.605+0800: 5535.898: [GC (Allocation Failure) [PSYoungGen: 980822K->21625K(993792K)] 1386860K->427694K(3246592K), 0.0233583 secs] [Times: user=0.06 sys=0.01, real=0.03 secs] 
Heap after GC invocations=386 (full 5):
 PSYoungGen      total 993792K, used 21625K [0x0000000781800000, 0x00000007c0000000, 0x00000007c0000000)
  eden space 963584K, 0% used [0x0000000781800000,0x0000000781800000,0x00000007bc500000)
  from space 30208K, 71% used [0x00000007bc500000,0x00000007bda1e410,0x00000007be280000)
  to   space 29696K, 0% used [0x00000007be300000,0x00000007be300000,0x00000007c0000000)
 ParOldGen       total 2252800K, used 406069K [0x00000006f8000000, 0x0000000781800000, 0x0000000781800000)
  object space 2252800K, 18% used [0x00000006f8000000,0x0000000710c8d770,0x0000000781800000)
 Metaspace       used 196153K, capacity 208328K, committed 208448K, reserved 1232896K
  class space    used 23432K, capacity 25381K, committed 25472K, reserved 1048576K
}
{Heap before GC invocations=387 (full 5):
 PSYoungGen      total 993792K, used 985209K [0x0000000781800000, 0x00000007c0000000, 0x00000007c0000000)
  eden space 963584K, 100% used [0x0000000781800000,0x00000007bc500000,0x00000007bc500000)
  from space 30208K, 71% used [0x00000007bc500000,0x00000007bda1e410,0x00000007be280000)
  to   space 29696K, 0% used [0x00000007be300000,0x00000007be300000,0x00000007c0000000)
 ParOldGen       total 2252800K, used 406069K [0x00000006f8000000, 0x0000000781800000, 0x0000000781800000)
  object space 2252800K, 18% used [0x00000006f8000000,0x0000000710c8d770,0x0000000781800000)
 Metaspace       used 196194K, capacity 208436K, committed 208704K, reserved 1232896K
  class space    used 23446K, capacity 25399K, committed 25472K, reserved 1048576K
2022-06-20T09:32:56.521+0800: 5548.814: [GC (Allocation Failure) [PSYoungGen: 985209K->18822K(994816K)] 1391278K->424924K(3247616K), 0.0181637 secs] [Times: user=0.04 sys=0.00, real=0.02 secs] 
Heap after GC invocations=387 (full 5):
 PSYoungGen      total 994816K, used 18822K [0x0000000781800000, 0x00000007c0000000, 0x00000007c0000000)
  eden space 965120K, 0% used [0x0000000781800000,0x0000000781800000,0x00000007bc680000)
  from space 29696K, 63% used [0x00000007be300000,0x00000007bf561a00,0x00000007c0000000)
  to   space 29184K, 0% used [0x00000007bc680000,0x00000007bc680000,0x00000007be300000)
 ParOldGen       total 2252800K, used 406101K [0x00000006f8000000, 0x0000000781800000, 0x0000000781800000)
  object space 2252800K, 18% used [0x00000006f8000000,0x0000000710c95770,0x0000000781800000)
 Metaspace       used 196194K, capacity 208436K, committed 208704K, reserved 1232896K
  class space    used 23446K, capacity 25399K, committed 25472K, reserved 1048576K
}
{Heap before GC invocations=388 (full 5):
 PSYoungGen      total 994816K, used 983942K [0x0000000781800000, 0x00000007c0000000, 0x00000007c0000000)
  eden space 965120K, 100% used [0x0000000781800000,0x00000007bc680000,0x00000007bc680000)
  from space 29696K, 63% used [0x00000007be300000,0x00000007bf561a00,0x00000007c0000000)
  to   space 29184K, 0% used [0x00000007bc680000,0x00000007bc680000,0x00000007be300000)
 ParOldGen       total 2252800K, used 406101K [0x00000006f8000000, 0x0000000781800000, 0x0000000781800000)
  object space 2252800K, 18% used [0x00000006f8000000,0x0000000710c95770,0x0000000781800000)
 Metaspace       used 196280K, capacity 208716K, committed 208960K, reserved 1232896K
  class space    used 23473K, capacity 25435K, committed 25472K, reserved 1048576K
2022-06-20T09:33:06.029+0800: 5558.322: [GC (Allocation Failure) [PSYoungGen: 983942K->23465K(994304K)] 1390044K->429599K(3247104K), 0.0216518 secs] [Times: user=0.06 sys=0.00, real=0.02 secs] 
Heap after GC invocations=388 (full 5):
 PSYoungGen      total 994304K, used 23465K [0x0000000781800000, 0x00000007c0000000, 0x00000007c0000000)
  eden space 965120K, 0% used [0x0000000781800000,0x0000000781800000,0x00000007bc680000)
  from space 29184K, 80% used [0x00000007bc680000,0x00000007bdd6a600,0x00000007be300000)
  to   space 29184K, 0% used [0x00000007be380000,0x00000007be380000,0x00000007c0000000)
 ParOldGen       total 2252800K, used 406133K [0x00000006f8000000, 0x0000000781800000, 0x0000000781800000)
  object space 2252800K, 18% used [0x00000006f8000000,0x0000000710c9d770,0x0000000781800000)
 Metaspace       used 196280K, capacity 208716K, committed 208960K, reserved 1232896K
  class space    used 23473K, capacity 25435K, committed 25472K, reserved 1048576K
}
{Heap before GC invocations=389 (full 5):
 PSYoungGen      total 994304K, used 988407K [0x0000000781800000, 0x00000007c0000000, 0x00000007c0000000)
  eden space 965120K, 99% used [0x0000000781800000,0x00000007bc653608,0x00000007bc680000)
  from space 29184K, 80% used [0x00000007bc680000,0x00000007bdd6a600,0x00000007be300000)
  to   space 29184K, 0% used [0x00000007be380000,0x00000007be380000,0x00000007c0000000)
 ParOldGen       total 2252800K, used 406133K [0x00000006f8000000, 0x0000000781800000, 0x0000000781800000)
  object space 2252800K, 18% used [0x00000006f8000000,0x0000000710c9d770,0x0000000781800000)
 Metaspace       used 196662K, capacity 209648K, committed 209856K, reserved 1232896K
  class space    used 23573K, capacity 25589K, committed 25600K, reserved 1048576K
2022-06-20T09:33:22.651+0800: 5574.944: [GC (Allocation Failure) [PSYoungGen: 988407K->22185K(994816K)] 1394540K->428513K(3247616K), 0.0182193 secs] [Times: user=0.06 sys=0.00, real=0.02 secs] 
Heap after GC invocations=389 (full 5):
 PSYoungGen      total 994816K, used 22185K [0x0000000781800000, 0x00000007c0000000, 0x00000007c0000000)
  eden space 965632K, 0% used [0x0000000781800000,0x0000000781800000,0x00000007bc700000)
  from space 29184K, 76% used [0x00000007be380000,0x00000007bf92a470,0x00000007c0000000)
  to   space 29184K, 0% used [0x00000007bc700000,0x00000007bc700000,0x00000007be380000)
 ParOldGen       total 2252800K, used 406328K [0x00000006f8000000, 0x0000000781800000, 0x0000000781800000)
  object space 2252800K, 18% used [0x00000006f8000000,0x0000000710cce138,0x0000000781800000)
 Metaspace       used 196662K, capacity 209648K, committed 209856K, reserved 1232896K
  class space    used 23573K, capacity 25589K, committed 25600K, reserved 1048576K
}
{Heap before GC invocations=390 (full 5):
 PSYoungGen      total 994816K, used 987817K [0x0000000781800000, 0x00000007c0000000, 0x00000007c0000000)
  eden space 965632K, 100% used [0x0000000781800000,0x00000007bc700000,0x00000007bc700000)
  from space 29184K, 76% used [0x00000007be380000,0x00000007bf92a470,0x00000007c0000000)
  to   space 29184K, 0% used [0x00000007bc700000,0x00000007bc700000,0x00000007be380000)
 ParOldGen       total 2252800K, used 406328K [0x00000006f8000000, 0x0000000781800000, 0x0000000781800000)
  object space 2252800K, 18% used [0x00000006f8000000,0x0000000710cce138,0x0000000781800000)
 Metaspace       used 196712K, capacity 209714K, committed 209856K, reserved 1232896K
  class space    used 23581K, capacity 25600K, committed 25600K, reserved 1048576K
2022-06-20T09:33:34.929+0800: 5587.222: [GC (Allocation Failure) [PSYoungGen: 987817K->18153K(994816K)] 1394145K->424596K(3247616K), 0.0207321 secs] [Times: user=0.04 sys=0.03, real=0.02 secs] 
Heap after GC invocations=390 (full 5):
 PSYoungGen      total 994816K, used 18153K [0x0000000781800000, 0x00000007c0000000, 0x00000007c0000000)
  eden space 965632K, 0% used [0x0000000781800000,0x0000000781800000,0x00000007bc700000)
  from space 29184K, 62% used [0x00000007bc700000,0x00000007bd8ba688,0x00000007be380000)
  to   space 28672K, 0% used [0x00000007be400000,0x00000007be400000,0x00000007c0000000)
 ParOldGen       total 2252800K, used 406442K [0x00000006f8000000, 0x0000000781800000, 0x0000000781800000)
  object space 2252800K, 18% used [0x00000006f8000000,0x0000000710ceaae8,0x0000000781800000)
 Metaspace       used 196712K, capacity 209714K, committed 209856K, reserved 1232896K
  class space    used 23581K, capacity 25600K, committed 25600K, reserved 1048576K
}
{Heap before GC invocations=391 (full 5):
 PSYoungGen      total 994816K, used 983785K [0x0000000781800000, 0x00000007c0000000, 0x00000007c0000000)
  eden space 965632K, 100% used [0x0000000781800000,0x00000007bc700000,0x00000007bc700000)
  from space 29184K, 62% used [0x00000007bc700000,0x00000007bd8ba688,0x00000007be380000)
  to   space 28672K, 0% used [0x00000007be400000,0x00000007be400000,0x00000007c0000000)
 ParOldGen       total 2252800K, used 406442K [0x00000006f8000000, 0x0000000781800000, 0x0000000781800000)
  object space 2252800K, 18% used [0x00000006f8000000,0x0000000710ceaae8,0x0000000781800000)
 Metaspace       used 196845K, capacity 210016K, committed 210240K, reserved 1234944K
  class space    used 23612K, capacity 25639K, committed 25728K, reserved 1048576K
2022-06-20T09:33:47.227+0800: 5599.520: [GC (Allocation Failure) [PSYoungGen: 983785K->18118K(995840K)] 1390228K->428132K(3248640K), 0.0203358 secs] [Times: user=0.06 sys=0.01, real=0.02 secs] 
Heap after GC invocations=391 (full 5):
 PSYoungGen      total 995840K, used 18118K [0x0000000781800000, 0x00000007c0000000, 0x00000007c0000000)
  eden space 967168K, 0% used [0x0000000781800000,0x0000000781800000,0x00000007bc880000)
  from space 28672K, 63% used [0x00000007be400000,0x00000007bf5b1988,0x00000007c0000000)
  to   space 28160K, 0% used [0x00000007bc880000,0x00000007bc880000,0x00000007be400000)
 ParOldGen       total 2252800K, used 410013K [0x00000006f8000000, 0x0000000781800000, 0x0000000781800000)
  object space 2252800K, 18% used [0x00000006f8000000,0x00000007110677e8,0x0000000781800000)
 Metaspace       used 196845K, capacity 210016K, committed 210240K, reserved 1234944K
  class space    used 23612K, capacity 25639K, committed 25728K, reserved 1048576K
}
{Heap before GC invocations=392 (full 5):
 PSYoungGen      total 995840K, used 985286K [0x0000000781800000, 0x00000007c0000000, 0x00000007c0000000)
  eden space 967168K, 100% used [0x0000000781800000,0x00000007bc880000,0x00000007bc880000)
  from space 28672K, 63% used [0x00000007be400000,0x00000007bf5b1988,0x00000007c0000000)
  to   space 28160K, 0% used [0x00000007bc880000,0x00000007bc880000,0x00000007be400000)
 ParOldGen       total 2252800K, used 410013K [0x00000006f8000000, 0x0000000781800000, 0x0000000781800000)
  object space 2252800K, 18% used [0x00000006f8000000,0x00000007110677e8,0x0000000781800000)
 Metaspace       used 196894K, capacity 210152K, committed 210240K, reserved 1234944K
  class space    used 23620K, capacity 25651K, committed 25728K, reserved 1048576K
2022-06-20T09:34:07.693+0800: 5619.986: [GC (Allocation Failure) [PSYoungGen: 985286K->15518K(995328K)] 1395300K->425578K(3248128K), 0.0163223 secs] [Times: user=0.04 sys=0.00, real=0.02 secs] 
Heap after GC invocations=392 (full 5):
 PSYoungGen      total 995328K, used 15518K [0x0000000781800000, 0x00000007c0000000, 0x00000007c0000000)
  eden space 967168K, 0% used [0x0000000781800000,0x0000000781800000,0x00000007bc880000)
  from space 28160K, 55% used [0x00000007bc880000,0x00000007bd7a7888,0x00000007be400000)
  to   space 28160K, 0% used [0x00000007be480000,0x00000007be480000,0x00000007c0000000)
 ParOldGen       total 2252800K, used 410060K [0x00000006f8000000, 0x0000000781800000, 0x0000000781800000)
  object space 2252800K, 18% used [0x00000006f8000000,0x0000000711073228,0x0000000781800000)
 Metaspace       used 196894K, capacity 210152K, committed 210240K, reserved 1234944K
  class space    used 23620K, capacity 25651K, committed 25728K, reserved 1048576K
}
{Heap before GC invocations=393 (full 5):
 PSYoungGen      total 995328K, used 982686K [0x0000000781800000, 0x00000007c0000000, 0x00000007c0000000)
  eden space 967168K, 100% used [0x0000000781800000,0x00000007bc880000,0x00000007bc880000)
  from space 28160K, 55% used [0x00000007bc880000,0x00000007bd7a7888,0x00000007be400000)
  to   space 28160K, 0% used [0x00000007be480000,0x00000007be480000,0x00000007c0000000)
 ParOldGen       total 2252800K, used 410060K [0x00000006f8000000, 0x0000000781800000, 0x0000000781800000)
  object space 2252800K, 18% used [0x00000006f8000000,0x0000000711073228,0x0000000781800000)
 Metaspace       used 196914K, capacity 210206K, committed 210496K, reserved 1234944K
  class space    used 23627K, capacity 25660K, committed 25728K, reserved 1048576K
2022-06-20T09:34:28.586+0800: 5640.879: [GC (Allocation Failure) [PSYoungGen: 982686K->14903K(995840K)] 1392746K->425007K(3248640K), 0.0184962 secs] [Times: user=0.05 sys=0.00, real=0.01 secs] 
Heap after GC invocations=393 (full 5):
 PSYoungGen      total 995840K, used 14903K [0x0000000781800000, 0x00000007c0000000, 0x00000007c0000000)
  eden space 967680K, 0% used [0x0000000781800000,0x0000000781800000,0x00000007bc900000)
  from space 28160K, 52% used [0x00000007be480000,0x00000007bf30dc08,0x00000007c0000000)
  to   space 28160K, 0% used [0x00000007bc900000,0x00000007bc900000,0x00000007be480000)
 ParOldGen       total 2252800K, used 410104K [0x00000006f8000000, 0x0000000781800000, 0x0000000781800000)
  object space 2252800K, 18% used [0x00000006f8000000,0x000000071107e2d0,0x0000000781800000)
 Metaspace       used 196914K, capacity 210206K, committed 210496K, reserved 1234944K
  class space    used 23627K, capacity 25660K, committed 25728K, reserved 1048576K
}
{Heap before GC invocations=394 (full 5):
 PSYoungGen      total 995840K, used 982583K [0x0000000781800000, 0x00000007c0000000, 0x00000007c0000000)
  eden space 967680K, 100% used [0x0000000781800000,0x00000007bc900000,0x00000007bc900000)
  from space 28160K, 52% used [0x00000007be480000,0x00000007bf30dc08,0x00000007c0000000)
  to   space 28160K, 0% used [0x00000007bc900000,0x00000007bc900000,0x00000007be480000)
 ParOldGen       total 2252800K, used 410104K [0x00000006f8000000, 0x0000000781800000, 0x0000000781800000)
  object space 2252800K, 18% used [0x00000006f8000000,0x000000071107e2d0,0x0000000781800000)
 Metaspace       used 197079K, capacity 210560K, committed 210752K, reserved 1234944K
  class space    used 23667K, capacity 25719K, committed 25728K, reserved 1048576K
2022-06-20T09:34:42.740+0800: 5655.033: [GC (Allocation Failure) [PSYoungGen: 982583K->16257K(995840K)] 1392687K->426594K(3248640K), 0.0196092 secs] [Times: user=0.05 sys=0.00, real=0.02 secs] 
Heap after GC invocations=394 (full 5):
 PSYoungGen      total 995840K, used 16257K [0x0000000781800000, 0x00000007c0000000, 0x00000007c0000000)
  eden space 967680K, 0% used [0x0000000781800000,0x0000000781800000,0x00000007bc900000)
  from space 28160K, 57% used [0x00000007bc900000,0x00000007bd8e0490,0x00000007be480000)
  to   space 28160K, 0% used [0x00000007be480000,0x00000007be480000,0x00000007c0000000)
 ParOldGen       total 2252800K, used 410337K [0x00000006f8000000, 0x0000000781800000, 0x0000000781800000)
  object space 2252800K, 18% used [0x00000006f8000000,0x00000007110b86d8,0x0000000781800000)
 Metaspace       used 197079K, capacity 210560K, committed 210752K, reserved 1234944K
  class space    used 23667K, capacity 25719K, committed 25728K, reserved 1048576K
}
{Heap before GC invocations=395 (full 5):
 PSYoungGen      total 995840K, used 983937K [0x0000000781800000, 0x00000007c0000000, 0x00000007c0000000)
  eden space 967680K, 100% used [0x0000000781800000,0x00000007bc900000,0x00000007bc900000)
  from space 28160K, 57% used [0x00000007bc900000,0x00000007bd8e0490,0x00000007be480000)
  to   space 28160K, 0% used [0x00000007be480000,0x00000007be480000,0x00000007c0000000)
 ParOldGen       total 2252800K, used 410337K [0x00000006f8000000, 0x0000000781800000, 0x0000000781800000)
  object space 2252800K, 18% used [0x00000006f8000000,0x00000007110b86d8,0x0000000781800000)
 Metaspace       used 197107K, capacity 210618K, committed 210752K, reserved 1234944K
  class space    used 23674K, capacity 25728K, committed 25728K, reserved 1048576K
2022-06-20T09:34:55.522+0800: 5667.814: [GC (Allocation Failure) [PSYoungGen: 983937K->15220K(996352K)] 1394274K->425597K(3249152K), 0.0232509 secs] [Times: user=0.05 sys=0.02, real=0.02 secs] 
Heap after GC invocations=395 (full 5):
 PSYoungGen      total 996352K, used 15220K [0x0000000781800000, 0x00000007c0000000, 0x00000007c0000000)
  eden space 968192K, 0% used [0x0000000781800000,0x0000000781800000,0x00000007bc980000)
  from space 28160K, 54% used [0x00000007be480000,0x00000007bf35d110,0x00000007c0000000)
  to   space 27648K, 0% used [0x00000007bc980000,0x00000007bc980000,0x00000007be480000)
 ParOldGen       total 2252800K, used 410377K [0x00000006f8000000, 0x0000000781800000, 0x0000000781800000)
  object space 2252800K, 18% used [0x00000006f8000000,0x00000007110c26e8,0x0000000781800000)
 Metaspace       used 197107K, capacity 210618K, committed 210752K, reserved 1234944K
  class space    used 23674K, capacity 25728K, committed 25728K, reserved 1048576K
}
{Heap before GC invocations=396 (full 5):
 PSYoungGen      total 996352K, used 983412K [0x0000000781800000, 0x00000007c0000000, 0x00000007c0000000)
  eden space 968192K, 100% used [0x0000000781800000,0x00000007bc980000,0x00000007bc980000)
  from space 28160K, 54% used [0x00000007be480000,0x00000007bf35d110,0x00000007c0000000)
  to   space 27648K, 0% used [0x00000007bc980000,0x00000007bc980000,0x00000007be480000)
 ParOldGen       total 2252800K, used 410377K [0x00000006f8000000, 0x0000000781800000, 0x0000000781800000)
  object space 2252800K, 18% used [0x00000006f8000000,0x00000007110c26e8,0x0000000781800000)
 Metaspace       used 197456K, capacity 211524K, committed 211776K, reserved 1234944K
  class space    used 23757K, capacity 25857K, committed 25984K, reserved 1048576K
2022-06-20T09:35:12.943+0800: 5685.236: [GC (Allocation Failure) [PSYoungGen: 983412K->15454K(995840K)] 1393789K->426352K(3248640K), 0.0176544 secs] [Times: user=0.05 sys=0.01, real=0.02 secs] 
Heap after GC invocations=396 (full 5):
 PSYoungGen      total 995840K, used 15454K [0x0000000781800000, 0x00000007c0000000, 0x00000007c0000000)
  eden space 968192K, 0% used [0x0000000781800000,0x0000000781800000,0x00000007bc980000)
  from space 27648K, 55% used [0x00000007bc980000,0x00000007bd8979b0,0x00000007be480000)
  to   space 27648K, 0% used [0x00000007be500000,0x00000007be500000,0x00000007c0000000)
 ParOldGen       total 2252800K, used 410898K [0x00000006f8000000, 0x0000000781800000, 0x0000000781800000)
  object space 2252800K, 18% used [0x00000006f8000000,0x0000000711144818,0x0000000781800000)
 Metaspace       used 197456K, capacity 211524K, committed 211776K, reserved 1234944K
  class space    used 23757K, capacity 25857K, committed 25984K, reserved 1048576K
}
{Heap before GC invocations=397 (full 5):
 PSYoungGen      total 995840K, used 983646K [0x0000000781800000, 0x00000007c0000000, 0x00000007c0000000)
  eden space 968192K, 100% used [0x0000000781800000,0x00000007bc980000,0x00000007bc980000)
  from space 27648K, 55% used [0x00000007bc980000,0x00000007bd8979b0,0x00000007be480000)
  to   space 27648K, 0% used [0x00000007be500000,0x00000007be500000,0x00000007c0000000)
 ParOldGen       total 2252800K, used 410898K [0x00000006f8000000, 0x0000000781800000, 0x0000000781800000)
  object space 2252800K, 18% used [0x00000006f8000000,0x0000000711144818,0x0000000781800000)
 Metaspace       used 197566K, capacity 211782K, committed 212032K, reserved 1234944K
  class space    used 23789K, capacity 25900K, committed 25984K, reserved 1048576K
2022-06-20T09:35:39.645+0800: 5711.938: [GC (Allocation Failure) [PSYoungGen: 983646K->15190K(996864K)] 1394544K->426232K(3249664K), 0.0186816 secs] [Times: user=0.06 sys=0.00, real=0.02 secs] 
Heap after GC invocations=397 (full 5):
 PSYoungGen      total 996864K, used 15190K [0x0000000781800000, 0x00000007c0000000, 0x00000007c0000000)
  eden space 969216K, 0% used [0x0000000781800000,0x0000000781800000,0x00000007bca80000)
  from space 27648K, 54% used [0x00000007be500000,0x00000007bf3d5838,0x00000007c0000000)
  to   space 27136K, 0% used [0x00000007bca80000,0x00000007bca80000,0x00000007be500000)
 ParOldGen       total 2252800K, used 411042K [0x00000006f8000000, 0x0000000781800000, 0x0000000781800000)
  object space 2252800K, 18% used [0x00000006f8000000,0x0000000711168848,0x0000000781800000)
 Metaspace       used 197566K, capacity 211782K, committed 212032K, reserved 1234944K
  class space    used 23789K, capacity 25900K, committed 25984K, reserved 1048576K
}
{Heap before GC invocations=398 (full 5):
 PSYoungGen      total 996864K, used 984406K [0x0000000781800000, 0x00000007c0000000, 0x00000007c0000000)
  eden space 969216K, 100% used [0x0000000781800000,0x00000007bca80000,0x00000007bca80000)
  from space 27648K, 54% used [0x00000007be500000,0x00000007bf3d5838,0x00000007c0000000)
  to   space 27136K, 0% used [0x00000007bca80000,0x00000007bca80000,0x00000007be500000)
 ParOldGen       total 2252800K, used 411042K [0x00000006f8000000, 0x0000000781800000, 0x0000000781800000)
  object space 2252800K, 18% used [0x00000006f8000000,0x0000000711168848,0x0000000781800000)
 Metaspace       used 197673K, capacity 212052K, committed 212288K, reserved 1234944K
  class space    used 23823K, capacity 25945K, committed 25984K, reserved 1048576K
2022-06-20T09:35:52.526+0800: 5724.819: [GC (Allocation Failure) [PSYoungGen: 984406K->15157K(996352K)] 1395448K->426284K(3249152K), 0.0185599 secs] [Times: user=0.05 sys=0.00, real=0.01 secs] 
Heap after GC invocations=398 (full 5):
 PSYoungGen      total 996352K, used 15157K [0x0000000781800000, 0x00000007c0000000, 0x00000007c0000000)
  eden space 969216K, 0% used [0x0000000781800000,0x0000000781800000,0x00000007bca80000)
  from space 27136K, 55% used [0x00000007bca80000,0x00000007bd94d748,0x00000007be500000)
  to   space 26624K, 0% used [0x00000007be600000,0x00000007be600000,0x00000007c0000000)
 ParOldGen       total 2252800K, used 411126K [0x00000006f8000000, 0x0000000781800000, 0x0000000781800000)
  object space 2252800K, 18% used [0x00000006f8000000,0x000000071117db20,0x0000000781800000)
 Metaspace       used 197673K, capacity 212052K, committed 212288K, reserved 1234944K
  class space    used 23823K, capacity 25945K, committed 25984K, reserved 1048576K
}
{Heap before GC invocations=399 (full 5):
 PSYoungGen      total 996352K, used 984373K [0x0000000781800000, 0x00000007c0000000, 0x00000007c0000000)
  eden space 969216K, 100% used [0x0000000781800000,0x00000007bca80000,0x00000007bca80000)
  from space 27136K, 55% used [0x00000007bca80000,0x00000007bd94d748,0x00000007be500000)
  to   space 26624K, 0% used [0x00000007be600000,0x00000007be600000,0x00000007c0000000)
 ParOldGen       total 2252800K, used 411126K [0x00000006f8000000, 0x0000000781800000, 0x0000000781800000)
  object space 2252800K, 18% used [0x00000006f8000000,0x000000071117db20,0x0000000781800000)
 Metaspace       used 197738K, capacity 212232K, committed 212288K, reserved 1234944K
  class space    used 23845K, capacity 25975K, committed 25984K, reserved 1048576K
2022-06-20T09:36:05.605+0800: 5737.898: [GC (Allocation Failure) [PSYoungGen: 984373K->16739K(997888K)] 1395500K->427906K(3250688K), 0.0208527 secs] [Times: user=0.07 sys=0.00, real=0.02 secs] 
Heap after GC invocations=399 (full 5):
 PSYoungGen      total 997888K, used 16739K [0x0000000781800000, 0x00000007c0000000, 0x00000007c0000000)
  eden space 971264K, 0% used [0x0000000781800000,0x0000000781800000,0x00000007bcc80000)
  from space 26624K, 62% used [0x00000007be600000,0x00000007bf658d28,0x00000007c0000000)
  to   space 26112K, 0% used [0x00000007bcc80000,0x00000007bcc80000,0x00000007be600000)
 ParOldGen       total 2252800K, used 411166K [0x00000006f8000000, 0x0000000781800000, 0x0000000781800000)
  object space 2252800K, 18% used [0x00000006f8000000,0x0000000711187b20,0x0000000781800000)
 Metaspace       used 197738K, capacity 212232K, committed 212288K, reserved 1234944K
  class space    used 23845K, capacity 25975K, committed 25984K, reserved 1048576K
}
{Heap before GC invocations=400 (full 5):
 PSYoungGen      total 997888K, used 987869K [0x0000000781800000, 0x00000007c0000000, 0x00000007c0000000)
  eden space 971264K, 99% used [0x0000000781800000,0x00000007bcc5ea40,0x00000007bcc80000)
  from space 26624K, 62% used [0x00000007be600000,0x00000007bf658d28,0x00000007c0000000)
  to   space 26112K, 0% used [0x00000007bcc80000,0x00000007bcc80000,0x00000007be600000)
 ParOldGen       total 2252800K, used 411166K [0x00000006f8000000, 0x0000000781800000, 0x0000000781800000)
  object space 2252800K, 18% used [0x00000006f8000000,0x0000000711187b20,0x0000000781800000)
 Metaspace       used 197797K, capacity 212358K, committed 212672K, reserved 1236992K
  class space    used 23861K, capacity 25996K, committed 26112K, reserved 1048576K
2022-06-20T09:36:12.962+0800: 5745.254: [GC (Allocation Failure) [PSYoungGen: 987869K->24978K(996352K)] 1399036K->436189K(3249152K), 0.0225115 secs] [Times: user=0.07 sys=0.01, real=0.02 secs] 
Heap after GC invocations=400 (full 5):
 PSYoungGen      total 996352K, used 24978K [0x0000000781800000, 0x00000007c0000000, 0x00000007c0000000)
  eden space 971264K, 0% used [0x0000000781800000,0x0000000781800000,0x00000007bcc80000)
  from space 25088K, 99% used [0x00000007bcc80000,0x00000007be4e4988,0x00000007be500000)
  to   space 27648K, 0% used [0x00000007be500000,0x00000007be500000,0x00000007c0000000)
 ParOldGen       total 2252800K, used 411210K [0x00000006f8000000, 0x0000000781800000, 0x0000000781800000)
  object space 2252800K, 18% used [0x00000006f8000000,0x0000000711192b40,0x0000000781800000)
 Metaspace       used 197797K, capacity 212358K, committed 212672K, reserved 1236992K
  class space    used 23861K, capacity 25996K, committed 26112K, reserved 1048576K
}
{Heap before GC invocations=401 (full 5):
 PSYoungGen      total 996352K, used 996242K [0x0000000781800000, 0x00000007c0000000, 0x00000007c0000000)
  eden space 971264K, 100% used [0x0000000781800000,0x00000007bcc80000,0x00000007bcc80000)
  from space 25088K, 99% used [0x00000007bcc80000,0x00000007be4e4988,0x00000007be500000)
  to   space 27648K, 0% used [0x00000007be500000,0x00000007be500000,0x00000007c0000000)
 ParOldGen       total 2252800K, used 411210K [0x00000006f8000000, 0x0000000781800000, 0x0000000781800000)
  object space 2252800K, 18% used [0x00000006f8000000,0x0000000711192b40,0x0000000781800000)
 Metaspace       used 197836K, capacity 212466K, committed 212672K, reserved 1236992K
  class space    used 23875K, capacity 26014K, committed 26112K, reserved 1048576K
2022-06-20T09:36:19.334+0800: 5751.627: [GC (Allocation Failure) [PSYoungGen: 996242K->15002K(996352K)] 1407453K->426365K(3249152K), 0.0124233 secs] [Times: user=0.03 sys=0.00, real=0.02 secs] 
Heap after GC invocations=401 (full 5):
 PSYoungGen      total 996352K, used 15002K [0x0000000781800000, 0x00000007c0000000, 0x00000007c0000000)
  eden space 968704K, 0% used [0x0000000781800000,0x0000000781800000,0x00000007bca00000)
  from space 27648K, 54% used [0x00000007be500000,0x00000007bf3a6a88,0x00000007c0000000)
  to   space 27648K, 0% used [0x00000007bca00000,0x00000007bca00000,0x00000007be500000)
 ParOldGen       total 2252800K, used 411362K [0x00000006f8000000, 0x0000000781800000, 0x0000000781800000)
  object space 2252800K, 18% used [0x00000006f8000000,0x00000007111b8b60,0x0000000781800000)
 Metaspace       used 197836K, capacity 212466K, committed 212672K, reserved 1236992K
  class space    used 23875K, capacity 26014K, committed 26112K, reserved 1048576K
}
{Heap before GC invocations=402 (full 5):
 PSYoungGen      total 996352K, used 983706K [0x0000000781800000, 0x00000007c0000000, 0x00000007c0000000)
  eden space 968704K, 100% used [0x0000000781800000,0x00000007bca00000,0x00000007bca00000)
  from space 27648K, 54% used [0x00000007be500000,0x00000007bf3a6a88,0x00000007c0000000)
  to   space 27648K, 0% used [0x00000007bca00000,0x00000007bca00000,0x00000007be500000)
 ParOldGen       total 2252800K, used 411362K [0x00000006f8000000, 0x0000000781800000, 0x0000000781800000)
  object space 2252800K, 18% used [0x00000006f8000000,0x00000007111b8b60,0x0000000781800000)
 Metaspace       used 197872K, capacity 212520K, committed 212672K, reserved 1236992K
  class space    used 23880K, capacity 26023K, committed 26112K, reserved 1048576K
2022-06-20T09:36:28.480+0800: 5760.773: [GC (Allocation Failure) [PSYoungGen: 983706K->18672K(996352K)] 1395069K->430091K(3249152K), 0.0196238 secs] [Times: user=0.06 sys=0.00, real=0.02 secs] 
Heap after GC invocations=402 (full 5):
 PSYoungGen      total 996352K, used 18672K [0x0000000781800000, 0x00000007c0000000, 0x00000007c0000000)
  eden space 968704K, 0% used [0x0000000781800000,0x0000000781800000,0x00000007bca00000)
  from space 27648K, 67% used [0x00000007bca00000,0x00000007bdc3c278,0x00000007be500000)
  to   space 26624K, 0% used [0x00000007be600000,0x00000007be600000,0x00000007c0000000)
 ParOldGen       total 2252800K, used 411418K [0x00000006f8000000, 0x0000000781800000, 0x0000000781800000)
  object space 2252800K, 18% used [0x00000006f8000000,0x00000007111c6ae8,0x0000000781800000)
 Metaspace       used 197872K, capacity 212520K, committed 212672K, reserved 1236992K
  class space    used 23880K, capacity 26023K, committed 26112K, reserved 1048576K
}
{Heap before GC invocations=403 (full 5):
 PSYoungGen      total 996352K, used 987376K [0x0000000781800000, 0x00000007c0000000, 0x00000007c0000000)
  eden space 968704K, 100% used [0x0000000781800000,0x00000007bca00000,0x00000007bca00000)
  from space 27648K, 67% used [0x00000007bca00000,0x00000007bdc3c278,0x00000007be500000)
  to   space 26624K, 0% used [0x00000007be600000,0x00000007be600000,0x00000007c0000000)
 ParOldGen       total 2252800K, used 411418K [0x00000006f8000000, 0x0000000781800000, 0x0000000781800000)
  object space 2252800K, 18% used [0x00000006f8000000,0x00000007111c6ae8,0x0000000781800000)
 Metaspace       used 197951K, capacity 212682K, committed 212928K, reserved 1236992K
  class space    used 23901K, capacity 26050K, committed 26112K, reserved 1048576K
2022-06-20T09:36:46.295+0800: 5778.588: [GC (Allocation Failure) [PSYoungGen: 987376K->16323K(997888K)] 1398795K->427805K(3250688K), 0.0186862 secs] [Times: user=0.05 sys=0.00, real=0.02 secs] 
Heap after GC invocations=403 (full 5):
 PSYoungGen      total 997888K, used 16323K [0x0000000781800000, 0x00000007c0000000, 0x00000007c0000000)
  eden space 971264K, 0% used [0x0000000781800000,0x0000000781800000,0x00000007bcc80000)
  from space 26624K, 61% used [0x00000007be600000,0x00000007bf5f0c18,0x00000007c0000000)
  to   space 26112K, 0% used [0x00000007bcc80000,0x00000007bcc80000,0x00000007be600000)
 ParOldGen       total 2252800K, used 411482K [0x00000006f8000000, 0x0000000781800000, 0x0000000781800000)
  object space 2252800K, 18% used [0x00000006f8000000,0x00000007111d6ae8,0x0000000781800000)
 Metaspace       used 197951K, capacity 212682K, committed 212928K, reserved 1236992K
  class space    used 23901K, capacity 26050K, committed 26112K, reserved 1048576K
}
{Heap before GC invocations=404 (full 5):
 PSYoungGen      total 997888K, used 987344K [0x0000000781800000, 0x00000007c0000000, 0x00000007c0000000)
  eden space 971264K, 99% used [0x0000000781800000,0x00000007bcc43538,0x00000007bcc80000)
  from space 26624K, 61% used [0x00000007be600000,0x00000007bf5f0c18,0x00000007c0000000)
  to   space 26112K, 0% used [0x00000007bcc80000,0x00000007bcc80000,0x00000007be600000)
 ParOldGen       total 2252800K, used 411482K [0x00000006f8000000, 0x0000000781800000, 0x0000000781800000)
  object space 2252800K, 18% used [0x00000006f8000000,0x00000007111d6ae8,0x0000000781800000)
 Metaspace       used 198031K, capacity 212898K, committed 212928K, reserved 1236992K
  class space    used 23929K, capacity 26086K, committed 26112K, reserved 1048576K
2022-06-20T09:36:58.209+0800: 5790.502: [GC (Allocation Failure) [PSYoungGen: 987344K->19161K(997376K)] 1398827K->431150K(3250176K), 0.0206622 secs] [Times: user=0.06 sys=0.01, real=0.02 secs] 
Heap after GC invocations=404 (full 5):
 PSYoungGen      total 997376K, used 19161K [0x0000000781800000, 0x00000007c0000000, 0x00000007c0000000)
  eden space 971264K, 0% used [0x0000000781800000,0x0000000781800000,0x00000007bcc80000)
  from space 26112K, 73% used [0x00000007bcc80000,0x00000007bdf36520,0x00000007be600000)
  to   space 26112K, 0% used [0x00000007be680000,0x00000007be680000,0x00000007c0000000)
 ParOldGen       total 2252800K, used 411988K [0x00000006f8000000, 0x0000000781800000, 0x0000000781800000)
  object space 2252800K, 18% used [0x00000006f8000000,0x0000000711255390,0x0000000781800000)
 Metaspace       used 198031K, capacity 212898K, committed 212928K, reserved 1236992K
  class space    used 23929K, capacity 26086K, committed 26112K, reserved 1048576K
}
{Heap before GC invocations=405 (full 5):
 PSYoungGen      total 997376K, used 990425K [0x0000000781800000, 0x00000007c0000000, 0x00000007c0000000)
  eden space 971264K, 100% used [0x0000000781800000,0x00000007bcc80000,0x00000007bcc80000)
  from space 26112K, 73% used [0x00000007bcc80000,0x00000007bdf36520,0x00000007be600000)
  to   space 26112K, 0% used [0x00000007be680000,0x00000007be680000,0x00000007c0000000)
 ParOldGen       total 2252800K, used 411988K [0x00000006f8000000, 0x0000000781800000, 0x0000000781800000)
  object space 2252800K, 18% used [0x00000006f8000000,0x0000000711255390,0x0000000781800000)
 Metaspace       used 198074K, capacity 213006K, committed 213184K, reserved 1236992K
  class space    used 23942K, capacity 26104K, committed 26112K, reserved 1048576K
2022-06-20T09:37:09.404+0800: 5801.697: [GC (Allocation Failure) [PSYoungGen: 990425K->15443K(998400K)] 1402414K->427464K(3251200K), 0.0160795 secs] [Times: user=0.05 sys=0.01, real=0.02 secs] 
Heap after GC invocations=405 (full 5):
 PSYoungGen      total 998400K, used 15443K [0x0000000781800000, 0x00000007c0000000, 0x00000007c0000000)
  eden space 972288K, 0% used [0x0000000781800000,0x0000000781800000,0x00000007bcd80000)
  from space 26112K, 59% used [0x00000007be680000,0x00000007bf594d58,0x00000007c0000000)
  to   space 25600K, 0% used [0x00000007bcd80000,0x00000007bcd80000,0x00000007be680000)
 ParOldGen       total 2252800K, used 412020K [0x00000006f8000000, 0x0000000781800000, 0x0000000781800000)
  object space 2252800K, 18% used [0x00000006f8000000,0x000000071125d390,0x0000000781800000)
 Metaspace       used 198074K, capacity 213006K, committed 213184K, reserved 1236992K
  class space    used 23942K, capacity 26104K, committed 26112K, reserved 1048576K
}
{Heap before GC invocations=406 (full 5):
 PSYoungGen      total 998400K, used 987731K [0x0000000781800000, 0x00000007c0000000, 0x00000007c0000000)
  eden space 972288K, 100% used [0x0000000781800000,0x00000007bcd80000,0x00000007bcd80000)
  from space 26112K, 59% used [0x00000007be680000,0x00000007bf594d58,0x00000007c0000000)
  to   space 25600K, 0% used [0x00000007bcd80000,0x00000007bcd80000,0x00000007be680000)
 ParOldGen       total 2252800K, used 412020K [0x00000006f8000000, 0x0000000781800000, 0x0000000781800000)
  object space 2252800K, 18% used [0x00000006f8000000,0x000000071125d390,0x0000000781800000)
 Metaspace       used 198128K, capacity 213118K, committed 213312K, reserved 1236992K
  class space    used 23957K, capacity 26122K, committed 26240K, reserved 1048576K
2022-06-20T09:37:23.749+0800: 5816.042: [GC (Allocation Failure) [PSYoungGen: 987731K->16359K(997888K)] 1399752K->428452K(3250688K), 0.0168920 secs] [Times: user=0.05 sys=0.00, real=0.01 secs] 
Heap after GC invocations=406 (full 5):
 PSYoungGen      total 997888K, used 16359K [0x0000000781800000, 0x00000007c0000000, 0x00000007c0000000)
  eden space 972288K, 0% used [0x0000000781800000,0x0000000781800000,0x00000007bcd80000)
  from space 25600K, 63% used [0x00000007bcd80000,0x00000007bdd79e60,0x00000007be680000)
  to   space 25088K, 0% used [0x00000007be780000,0x00000007be780000,0x00000007c0000000)
 ParOldGen       total 2252800K, used 412092K [0x00000006f8000000, 0x0000000781800000, 0x0000000781800000)
  object space 2252800K, 18% used [0x00000006f8000000,0x000000071126f390,0x0000000781800000)
 Metaspace       used 198128K, capacity 213118K, committed 213312K, reserved 1236992K
  class space    used 23957K, capacity 26122K, committed 26240K, reserved 1048576K
}
{Heap before GC invocations=407 (full 5):
 PSYoungGen      total 997888K, used 988647K [0x0000000781800000, 0x00000007c0000000, 0x00000007c0000000)
  eden space 972288K, 100% used [0x0000000781800000,0x00000007bcd80000,0x00000007bcd80000)
  from space 25600K, 63% used [0x00000007bcd80000,0x00000007bdd79e60,0x00000007be680000)
  to   space 25088K, 0% used [0x00000007be780000,0x00000007be780000,0x00000007c0000000)
 ParOldGen       total 2252800K, used 412092K [0x00000006f8000000, 0x0000000781800000, 0x0000000781800000)
  object space 2252800K, 18% used [0x00000006f8000000,0x000000071126f390,0x0000000781800000)
 Metaspace       used 198172K, capacity 213290K, committed 213568K, reserved 1236992K
  class space    used 23971K, capacity 26140K, committed 26240K, reserved 1048576K
2022-06-20T09:37:45.491+0800: 5837.784: [GC (Allocation Failure) [PSYoungGen: 988647K->15401K(999424K)] 1400740K->427688K(3252224K), 0.0133993 secs] [Times: user=0.04 sys=0.00, real=0.01 secs] 
Heap after GC invocations=407 (full 5):
 PSYoungGen      total 999424K, used 15401K [0x0000000781800000, 0x00000007c0000000, 0x00000007c0000000)
  eden space 974336K, 0% used [0x0000000781800000,0x0000000781800000,0x00000007bcf80000)
  from space 25088K, 61% used [0x00000007be780000,0x00000007bf68a400,0x00000007c0000000)
  to   space 24576K, 0% used [0x00000007bcf80000,0x00000007bcf80000,0x00000007be780000)
 ParOldGen       total 2252800K, used 412287K [0x00000006f8000000, 0x0000000781800000, 0x0000000781800000)
  object space 2252800K, 18% used [0x00000006f8000000,0x000000071129fdd0,0x0000000781800000)
 Metaspace       used 198172K, capacity 213290K, committed 213568K, reserved 1236992K
  class space    used 23971K, capacity 26140K, committed 26240K, reserved 1048576K
}
{Heap before GC invocations=408 (full 5):
 PSYoungGen      total 999424K, used 989737K [0x0000000781800000, 0x00000007c0000000, 0x00000007c0000000)
  eden space 974336K, 100% used [0x0000000781800000,0x00000007bcf80000,0x00000007bcf80000)
  from space 25088K, 61% used [0x00000007be780000,0x00000007bf68a400,0x00000007c0000000)
  to   space 24576K, 0% used [0x00000007bcf80000,0x00000007bcf80000,0x00000007be780000)
 ParOldGen       total 2252800K, used 412287K [0x00000006f8000000, 0x0000000781800000, 0x0000000781800000)
  object space 2252800K, 18% used [0x00000006f8000000,0x000000071129fdd0,0x0000000781800000)
 Metaspace       used 198254K, capacity 213506K, committed 213824K, reserved 1236992K
  class space    used 23998K, capacity 26176K, committed 26240K, reserved 1048576K
2022-06-20T09:38:09.209+0800: 5861.502: [GC (Allocation Failure) [PSYoungGen: 989737K->15015K(998912K)] 1402024K->427891K(3251712K), 0.0152129 secs] [Times: user=0.05 sys=0.00, real=0.01 secs] 
Heap after GC invocations=408 (full 5):
 PSYoungGen      total 998912K, used 15015K [0x0000000781800000, 0x00000007c0000000, 0x00000007c0000000)
  eden space 974336K, 0% used [0x0000000781800000,0x0000000781800000,0x00000007bcf80000)
  from space 24576K, 61% used [0x00000007bcf80000,0x00000007bde29fe8,0x00000007be780000)
  to   space 24576K, 0% used [0x00000007be800000,0x00000007be800000,0x00000007c0000000)
 ParOldGen       total 2252800K, used 412875K [0x00000006f8000000, 0x0000000781800000, 0x0000000781800000)
  object space 2252800K, 18% used [0x00000006f8000000,0x0000000711332f30,0x0000000781800000)
 Metaspace       used 198254K, capacity 213506K, committed 213824K, reserved 1236992K
  class space    used 23998K, capacity 26176K, committed 26240K, reserved 1048576K
}
{Heap before GC invocations=409 (full 5):
 PSYoungGen      total 998912K, used 989351K [0x0000000781800000, 0x00000007c0000000, 0x00000007c0000000)
  eden space 974336K, 100% used [0x0000000781800000,0x00000007bcf80000,0x00000007bcf80000)
  from space 24576K, 61% used [0x00000007bcf80000,0x00000007bde29fe8,0x00000007be780000)
  to   space 24576K, 0% used [0x00000007be800000,0x00000007be800000,0x00000007c0000000)
 ParOldGen       total 2252800K, used 412875K [0x00000006f8000000, 0x0000000781800000, 0x0000000781800000)
  object space 2252800K, 18% used [0x00000006f8000000,0x0000000711332f30,0x0000000781800000)
 Metaspace       used 198352K, capacity 213776K, committed 213824K, reserved 1236992K
  class space    used 24033K, capacity 26221K, committed 26240K, reserved 1048576K
2022-06-20T09:38:18.033+0800: 5870.326: [GC (Allocation Failure) [PSYoungGen: 989351K->14422K(999936K)] 1402227K->427466K(3252736K), 0.0154094 secs] [Times: user=0.05 sys=0.00, real=0.02 secs] 
Heap after GC invocations=409 (full 5):
 PSYoungGen      total 999936K, used 14422K [0x0000000781800000, 0x00000007c0000000, 0x00000007c0000000)
  eden space 975360K, 0% used [0x0000000781800000,0x0000000781800000,0x00000007bd080000)
  from space 24576K, 58% used [0x00000007be800000,0x00000007bf615808,0x00000007c0000000)
  to   space 24064K, 0% used [0x00000007bd080000,0x00000007bd080000,0x00000007be800000)
 ParOldGen       total 2252800K, used 413044K [0x00000006f8000000, 0x0000000781800000, 0x0000000781800000)
  object space 2252800K, 18% used [0x00000006f8000000,0x000000071135d338,0x0000000781800000)
 Metaspace       used 198352K, capacity 213776K, committed 213824K, reserved 1236992K
  class space    used 24033K, capacity 26221K, committed 26240K, reserved 1048576K
}
{Heap before GC invocations=410 (full 5):
 PSYoungGen      total 999936K, used 989782K [0x0000000781800000, 0x00000007c0000000, 0x00000007c0000000)
  eden space 975360K, 100% used [0x0000000781800000,0x00000007bd080000,0x00000007bd080000)
  from space 24576K, 58% used [0x00000007be800000,0x00000007bf615808,0x00000007c0000000)
  to   space 24064K, 0% used [0x00000007bd080000,0x00000007bd080000,0x00000007be800000)
 ParOldGen       total 2252800K, used 413044K [0x00000006f8000000, 0x0000000781800000, 0x0000000781800000)
  object space 2252800K, 18% used [0x00000006f8000000,0x000000071135d338,0x0000000781800000)
 Metaspace       used 198374K, capacity 213830K, committed 214080K, reserved 1236992K
  class space    used 24039K, capacity 26230K, committed 26240K, reserved 1048576K
2022-06-20T09:38:33.708+0800: 5886.000: [GC (Allocation Failure) [PSYoungGen: 989782K->17718K(999424K)] 1402826K->430810K(3252224K), 0.0203019 secs] [Times: user=0.06 sys=0.00, real=0.02 secs] 
Heap after GC invocations=410 (full 5):
 PSYoungGen      total 999424K, used 17718K [0x0000000781800000, 0x00000007c0000000, 0x00000007c0000000)
  eden space 975360K, 0% used [0x0000000781800000,0x0000000781800000,0x00000007bd080000)
  from space 24064K, 73% used [0x00000007bd080000,0x00000007be1cd908,0x00000007be800000)
  to   space 24064K, 0% used [0x00000007be880000,0x00000007be880000,0x00000007c0000000)
 ParOldGen       total 2252800K, used 413092K [0x00000006f8000000, 0x0000000781800000, 0x0000000781800000)
  object space 2252800K, 18% used [0x00000006f8000000,0x0000000711369288,0x0000000781800000)
 Metaspace       used 198374K, capacity 213830K, committed 214080K, reserved 1236992K
  class space    used 24039K, capacity 26230K, committed 26240K, reserved 1048576K
}
{Heap before GC invocations=411 (full 5):
 PSYoungGen      total 999424K, used 993078K [0x0000000781800000, 0x00000007c0000000, 0x00000007c0000000)
  eden space 975360K, 100% used [0x0000000781800000,0x00000007bd080000,0x00000007bd080000)
  from space 24064K, 73% used [0x00000007bd080000,0x00000007be1cd908,0x00000007be800000)
  to   space 24064K, 0% used [0x00000007be880000,0x00000007be880000,0x00000007c0000000)
 ParOldGen       total 2252800K, used 413092K [0x00000006f8000000, 0x0000000781800000, 0x0000000781800000)
  object space 2252800K, 18% used [0x00000006f8000000,0x0000000711369288,0x0000000781800000)
 Metaspace       used 198437K, capacity 213992K, committed 214208K, reserved 1236992K
  class space    used 24060K, capacity 26257K, committed 26368K, reserved 1048576K
2022-06-20T09:38:53.260+0800: 5905.553: [GC (Allocation Failure) [PSYoungGen: 993078K->15268K(1000448K)] 1406170K->428666K(3253248K), 0.0116437 secs] [Times: user=0.04 sys=0.00, real=0.01 secs] 
Heap after GC invocations=411 (full 5):
 PSYoungGen      total 1000448K, used 15268K [0x0000000781800000, 0x00000007c0000000, 0x00000007c0000000)
  eden space 976384K, 0% used [0x0000000781800000,0x0000000781800000,0x00000007bd180000)
  from space 24064K, 63% used [0x00000007be880000,0x00000007bf769270,0x00000007c0000000)
  to   space 23552K, 0% used [0x00000007bd180000,0x00000007bd180000,0x00000007be880000)
 ParOldGen       total 2252800K, used 413398K [0x00000006f8000000, 0x0000000781800000, 0x0000000781800000)
  object space 2252800K, 18% used [0x00000006f8000000,0x00000007113b58a8,0x0000000781800000)
 Metaspace       used 198437K, capacity 213992K, committed 214208K, reserved 1236992K
  class space    used 24060K, capacity 26257K, committed 26368K, reserved 1048576K
}
{Heap before GC invocations=412 (full 5):
 PSYoungGen      total 1000448K, used 991652K [0x0000000781800000, 0x00000007c0000000, 0x00000007c0000000)
  eden space 976384K, 100% used [0x0000000781800000,0x00000007bd180000,0x00000007bd180000)
  from space 24064K, 63% used [0x00000007be880000,0x00000007bf769270,0x00000007c0000000)
  to   space 23552K, 0% used [0x00000007bd180000,0x00000007bd180000,0x00000007be880000)
 ParOldGen       total 2252800K, used 413398K [0x00000006f8000000, 0x0000000781800000, 0x0000000781800000)
  object space 2252800K, 18% used [0x00000006f8000000,0x00000007113b58a8,0x0000000781800000)
 Metaspace       used 198928K, capacity 215288K, committed 215360K, reserved 1239040K
  class space    used 24188K, capacity 26473K, committed 26496K, reserved 1048576K
2022-06-20T09:39:10.584+0800: 5922.876: [GC (Allocation Failure) [PSYoungGen: 991652K->15381K(999936K)] 1405050K->429074K(3252736K), 0.0189206 secs] [Times: user=0.06 sys=0.00, real=0.02 secs] 
Heap after GC invocations=412 (full 5):
 PSYoungGen      total 999936K, used 15381K [0x0000000781800000, 0x00000007c0000000, 0x00000007c0000000)
  eden space 976384K, 0% used [0x0000000781800000,0x0000000781800000,0x00000007bd180000)
  from space 23552K, 65% used [0x00000007bd180000,0x00000007be085660,0x00000007be880000)
  to   space 23040K, 0% used [0x00000007be980000,0x00000007be980000,0x00000007c0000000)
 ParOldGen       total 2252800K, used 413693K [0x00000006f8000000, 0x0000000781800000, 0x0000000781800000)
  object space 2252800K, 18% used [0x00000006f8000000,0x00000007113ff590,0x0000000781800000)
 Metaspace       used 198928K, capacity 215288K, committed 215360K, reserved 1239040K
  class space    used 24188K, capacity 26473K, committed 26496K, reserved 1048576K
}
{Heap before GC invocations=413 (full 5):
 PSYoungGen      total 999936K, used 991765K [0x0000000781800000, 0x00000007c0000000, 0x00000007c0000000)
  eden space 976384K, 100% used [0x0000000781800000,0x00000007bd180000,0x00000007bd180000)
  from space 23552K, 65% used [0x00000007bd180000,0x00000007be085660,0x00000007be880000)
  to   space 23040K, 0% used [0x00000007be980000,0x00000007be980000,0x00000007c0000000)
 ParOldGen       total 2252800K, used 413693K [0x00000006f8000000, 0x0000000781800000, 0x0000000781800000)
  object space 2252800K, 18% used [0x00000006f8000000,0x00000007113ff590,0x0000000781800000)
 Metaspace       used 199033K, capacity 215558K, committed 215744K, reserved 1239040K
  class space    used 24222K, capacity 26518K, committed 26624K, reserved 1048576K
2022-06-20T09:39:18.851+0800: 5931.144: [GC (Allocation Failure) [PSYoungGen: 991765K->15051K(1001472K)] 1405458K->428967K(3254272K), 0.0198114 secs] [Times: user=0.06 sys=0.00, real=0.02 secs] 
Heap after GC invocations=413 (full 5):
 PSYoungGen      total 1001472K, used 15051K [0x0000000781800000, 0x00000007c0000000, 0x00000007c0000000)
  eden space 978432K, 0% used [0x0000000781800000,0x0000000781800000,0x00000007bd380000)
  from space 23040K, 65% used [0x00000007be980000,0x00000007bf832c50,0x00000007c0000000)
  to   space 22528K, 0% used [0x00000007bd380000,0x00000007bd380000,0x00000007be980000)
 ParOldGen       total 2252800K, used 413916K [0x00000006f8000000, 0x0000000781800000, 0x0000000781800000)
  object space 2252800K, 18% used [0x00000006f8000000,0x0000000711437260,0x0000000781800000)
 Metaspace       used 199033K, capacity 215558K, committed 215744K, reserved 1239040K
  class space    used 24222K, capacity 26518K, committed 26624K, reserved 1048576K
}
{Heap before GC invocations=414 (full 5):
 PSYoungGen      total 1001472K, used 993483K [0x0000000781800000, 0x00000007c0000000, 0x00000007c0000000)
  eden space 978432K, 100% used [0x0000000781800000,0x00000007bd380000,0x00000007bd380000)
  from space 23040K, 65% used [0x00000007be980000,0x00000007bf832c50,0x00000007c0000000)
  to   space 22528K, 0% used [0x00000007bd380000,0x00000007bd380000,0x00000007be980000)
 ParOldGen       total 2252800K, used 413916K [0x00000006f8000000, 0x0000000781800000, 0x0000000781800000)
  object space 2252800K, 18% used [0x00000006f8000000,0x0000000711437260,0x0000000781800000)
 Metaspace       used 199133K, capacity 215738K, committed 216000K, reserved 1239040K
  class space    used 24243K, capacity 26548K, committed 26624K, reserved 1048576K
2022-06-20T09:39:31.155+0800: 5943.448: [GC (Allocation Failure) [PSYoungGen: 993483K->15350K(1000960K)] 1407399K->429555K(3253760K), 0.0188764 secs] [Times: user=0.05 sys=0.01, real=0.02 secs] 
Heap after GC invocations=414 (full 5):
 PSYoungGen      total 1000960K, used 15350K [0x0000000781800000, 0x00000007c0000000, 0x00000007c0000000)
  eden space 978432K, 0% used [0x0000000781800000,0x0000000781800000,0x00000007bd380000)
  from space 22528K, 68% used [0x00000007bd380000,0x00000007be27d9a8,0x00000007be980000)
  to   space 22528K, 0% used [0x00000007bea00000,0x00000007bea00000,0x00000007c0000000)
 ParOldGen       total 2252800K, used 414205K [0x00000006f8000000, 0x0000000781800000, 0x0000000781800000)
  object space 2252800K, 18% used [0x00000006f8000000,0x000000071147f458,0x0000000781800000)
 Metaspace       used 199133K, capacity 215738K, committed 216000K, reserved 1239040K
  class space    used 24243K, capacity 26548K, committed 26624K, reserved 1048576K
}
{Heap before GC invocations=415 (full 5):
 PSYoungGen      total 1000960K, used 993782K [0x0000000781800000, 0x00000007c0000000, 0x00000007c0000000)
  eden space 978432K, 100% used [0x0000000781800000,0x00000007bd380000,0x00000007bd380000)
  from space 22528K, 68% used [0x00000007bd380000,0x00000007be27d9a8,0x00000007be980000)
  to   space 22528K, 0% used [0x00000007bea00000,0x00000007bea00000,0x00000007c0000000)
 ParOldGen       total 2252800K, used 414205K [0x00000006f8000000, 0x0000000781800000, 0x0000000781800000)
  object space 2252800K, 18% used [0x00000006f8000000,0x000000071147f458,0x0000000781800000)
 Metaspace       used 199251K, capacity 216008K, committed 216256K, reserved 1239040K
  class space    used 24278K, capacity 26593K, committed 26624K, reserved 1048576K
2022-06-20T09:39:57.802+0800: 5970.095: [GC (Allocation Failure) [PSYoungGen: 993782K->19864K(1000448K)] 1407987K->434172K(3253248K), 0.0233748 secs] [Times: user=0.06 sys=0.01, real=0.02 secs] 
Heap after GC invocations=415 (full 5):
 PSYoungGen      total 1000448K, used 19864K [0x0000000781800000, 0x00000007c0000000, 0x00000007c0000000)
  eden space 977920K, 0% used [0x0000000781800000,0x0000000781800000,0x00000007bd300000)
  from space 22528K, 88% used [0x00000007bea00000,0x00000007bfd661e8,0x00000007c0000000)
  to   space 23040K, 0% used [0x00000007bd300000,0x00000007bd300000,0x00000007be980000)
 ParOldGen       total 2252800K, used 414308K [0x00000006f8000000, 0x0000000781800000, 0x0000000781800000)
  object space 2252800K, 18% used [0x00000006f8000000,0x00000007114991c8,0x0000000781800000)
 Metaspace       used 199251K, capacity 216008K, committed 216256K, reserved 1239040K
  class space    used 24278K, capacity 26593K, committed 26624K, reserved 1048576K
}
{Heap before GC invocations=416 (full 5):
 PSYoungGen      total 1000448K, used 997784K [0x0000000781800000, 0x00000007c0000000, 0x00000007c0000000)
  eden space 977920K, 100% used [0x0000000781800000,0x00000007bd300000,0x00000007bd300000)
  from space 22528K, 88% used [0x00000007bea00000,0x00000007bfd661e8,0x00000007c0000000)
  to   space 23040K, 0% used [0x00000007bd300000,0x00000007bd300000,0x00000007be980000)
 ParOldGen       total 2252800K, used 414308K [0x00000006f8000000, 0x0000000781800000, 0x0000000781800000)
  object space 2252800K, 18% used [0x00000006f8000000,0x00000007114991c8,0x0000000781800000)
 Metaspace       used 199374K, capacity 216284K, committed 216640K, reserved 1239040K
  class space    used 24313K, capacity 26639K, committed 26752K, reserved 1048576K
2022-06-20T09:40:19.758+0800: 5992.051: [GC (Allocation Failure) [PSYoungGen: 997784K->16359K(1000960K)] 1412092K->430699K(3253760K), 0.0221274 secs] [Times: user=0.06 sys=0.01, real=0.02 secs] 
Heap after GC invocations=416 (full 5):
 PSYoungGen      total 1000960K, used 16359K [0x0000000781800000, 0x00000007c0000000, 0x00000007c0000000)
  eden space 977920K, 0% used [0x0000000781800000,0x0000000781800000,0x00000007bd300000)
  from space 23040K, 71% used [0x00000007bd300000,0x00000007be2f9d58,0x00000007be980000)
  to   space 22528K, 0% used [0x00000007bea00000,0x00000007bea00000,0x00000007c0000000)
 ParOldGen       total 2252800K, used 414340K [0x00000006f8000000, 0x0000000781800000, 0x0000000781800000)
  object space 2252800K, 18% used [0x00000006f8000000,0x00000007114a11c8,0x0000000781800000)
 Metaspace       used 199374K, capacity 216284K, committed 216640K, reserved 1239040K
  class space    used 24313K, capacity 26639K, committed 26752K, reserved 1048576K
}
{Heap before GC invocations=417 (full 5):
 PSYoungGen      total 1000960K, used 994279K [0x0000000781800000, 0x00000007c0000000, 0x00000007c0000000)
  eden space 977920K, 100% used [0x0000000781800000,0x00000007bd300000,0x00000007bd300000)
  from space 23040K, 71% used [0x00000007bd300000,0x00000007be2f9d58,0x00000007be980000)
  to   space 22528K, 0% used [0x00000007bea00000,0x00000007bea00000,0x00000007c0000000)
 ParOldGen       total 2252800K, used 414340K [0x00000006f8000000, 0x0000000781800000, 0x0000000781800000)
  object space 2252800K, 18% used [0x00000006f8000000,0x00000007114a11c8,0x0000000781800000)
 Metaspace       used 199473K, capacity 216554K, committed 216640K, reserved 1239040K
  class space    used 24347K, capacity 26684K, committed 26752K, reserved 1048576K
2022-06-20T09:40:26.799+0800: 5999.092: [GC (Allocation Failure) [PSYoungGen: 994279K->15318K(1001984K)] 1408619K->429763K(3254784K), 0.0201661 secs] [Times: user=0.06 sys=0.00, real=0.02 secs] 
Heap after GC invocations=417 (full 5):
 PSYoungGen      total 1001984K, used 15318K [0x0000000781800000, 0x00000007c0000000, 0x00000007c0000000)
  eden space 979456K, 0% used [0x0000000781800000,0x0000000781800000,0x00000007bd480000)
  from space 22528K, 67% used [0x00000007bea00000,0x00000007bf8f58c8,0x00000007c0000000)
  to   space 22016K, 0% used [0x00000007bd480000,0x00000007bd480000,0x00000007bea00000)
 ParOldGen       total 2252800K, used 414445K [0x00000006f8000000, 0x0000000781800000, 0x0000000781800000)
  object space 2252800K, 18% used [0x00000006f8000000,0x00000007114bb580,0x0000000781800000)
 Metaspace       used 199473K, capacity 216554K, committed 216640K, reserved 1239040K
  class space    used 24347K, capacity 26684K, committed 26752K, reserved 1048576K
}
{Heap before GC invocations=418 (full 5):
 PSYoungGen      total 1001984K, used 994774K [0x0000000781800000, 0x00000007c0000000, 0x00000007c0000000)
  eden space 979456K, 100% used [0x0000000781800000,0x00000007bd480000,0x00000007bd480000)
  from space 22528K, 67% used [0x00000007bea00000,0x00000007bf8f58c8,0x00000007c0000000)
  to   space 22016K, 0% used [0x00000007bd480000,0x00000007bd480000,0x00000007bea00000)
 ParOldGen       total 2252800K, used 414445K [0x00000006f8000000, 0x0000000781800000, 0x0000000781800000)
  object space 2252800K, 18% used [0x00000006f8000000,0x00000007114bb580,0x0000000781800000)
 Metaspace       used 199493K, capacity 216672K, committed 216896K, reserved 1239040K
  class space    used 24354K, capacity 26693K, committed 26752K, reserved 1048576K
2022-06-20T09:40:40.083+0800: 6012.376: [GC (Allocation Failure) [PSYoungGen: 994774K->15295K(1001472K)] 1409219K->429889K(3254272K), 0.0182758 secs] [Times: user=0.05 sys=0.00, real=0.02 secs] 
Heap after GC invocations=418 (full 5):
 PSYoungGen      total 1001472K, used 15295K [0x0000000781800000, 0x00000007c0000000, 0x00000007c0000000)
  eden space 979456K, 0% used [0x0000000781800000,0x0000000781800000,0x00000007bd480000)
  from space 22016K, 69% used [0x00000007bd480000,0x00000007be36fd60,0x00000007bea00000)
  to   space 22016K, 0% used [0x00000007bea80000,0x00000007bea80000,0x00000007c0000000)
 ParOldGen       total 2252800K, used 414594K [0x00000006f8000000, 0x0000000781800000, 0x0000000781800000)
  object space 2252800K, 18% used [0x00000006f8000000,0x00000007114e0a70,0x0000000781800000)
 Metaspace       used 199493K, capacity 216672K, committed 216896K, reserved 1239040K
  class space    used 24354K, capacity 26693K, committed 26752K, reserved 1048576K
}
{Heap before GC invocations=419 (full 5):
 PSYoungGen      total 1001472K, used 994751K [0x0000000781800000, 0x00000007c0000000, 0x00000007c0000000)
  eden space 979456K, 100% used [0x0000000781800000,0x00000007bd480000,0x00000007bd480000)
  from space 22016K, 69% used [0x00000007bd480000,0x00000007be36fd60,0x00000007bea00000)
  to   space 22016K, 0% used [0x00000007bea80000,0x00000007bea80000,0x00000007c0000000)
 ParOldGen       total 2252800K, used 414594K [0x00000006f8000000, 0x0000000781800000, 0x0000000781800000)
  object space 2252800K, 18% used [0x00000006f8000000,0x00000007114e0a70,0x0000000781800000)
 Metaspace       used 199643K, capacity 217032K, committed 217280K, reserved 1239040K
  class space    used 24395K, capacity 26753K, committed 26880K, reserved 1048576K
2022-06-20T09:40:53.712+0800: 6026.005: [GC (Allocation Failure) [PSYoungGen: 994751K->15660K(1002496K)] 1409345K->430302K(3255296K), 0.0123687 secs] [Times: user=0.04 sys=0.00, real=0.01 secs] 
Heap after GC invocations=419 (full 5):
 PSYoungGen      total 1002496K, used 15660K [0x0000000781800000, 0x00000007c0000000, 0x00000007c0000000)
  eden space 980480K, 0% used [0x0000000781800000,0x0000000781800000,0x00000007bd580000)
  from space 22016K, 71% used [0x00000007bea80000,0x00000007bf9cb170,0x00000007c0000000)
  to   space 21504K, 0% used [0x00000007bd580000,0x00000007bd580000,0x00000007bea80000)
 ParOldGen       total 2252800K, used 414642K [0x00000006f8000000, 0x0000000781800000, 0x0000000781800000)
  object space 2252800K, 18% used [0x00000006f8000000,0x00000007114eca70,0x0000000781800000)
 Metaspace       used 199643K, capacity 217032K, committed 217280K, reserved 1239040K
  class space    used 24395K, capacity 26753K, committed 26880K, reserved 1048576K
}
{Heap before GC invocations=420 (full 5):
 PSYoungGen      total 1002496K, used 996140K [0x0000000781800000, 0x00000007c0000000, 0x00000007c0000000)
  eden space 980480K, 100% used [0x0000000781800000,0x00000007bd580000,0x00000007bd580000)
  from space 22016K, 71% used [0x00000007bea80000,0x00000007bf9cb170,0x00000007c0000000)
  to   space 21504K, 0% used [0x00000007bd580000,0x00000007bd580000,0x00000007bea80000)
 ParOldGen       total 2252800K, used 414642K [0x00000006f8000000, 0x0000000781800000, 0x0000000781800000)
  object space 2252800K, 18% used [0x00000006f8000000,0x00000007114eca70,0x0000000781800000)
 Metaspace       used 199655K, capacity 217050K, committed 217280K, reserved 1239040K
  class space    used 24396K, capacity 26756K, committed 26880K, reserved 1048576K
2022-06-20T09:41:00.437+0800: 6032.730: [GC (Allocation Failure) [PSYoungGen: 996140K->19973K(1000960K)] 1410782K->434673K(3253760K), 0.0167336 secs] [Times: user=0.05 sys=0.01, real=0.01 secs] 
Heap after GC invocations=420 (full 5):
 PSYoungGen      total 1000960K, used 19973K [0x0000000781800000, 0x00000007c0000000, 0x00000007c0000000)
  eden space 980480K, 0% used [0x0000000781800000,0x0000000781800000,0x00000007bd580000)
  from space 20480K, 97% used [0x00000007bd580000,0x00000007be9014d8,0x00000007be980000)
  to   space 22528K, 0% used [0x00000007bea00000,0x00000007bea00000,0x00000007c0000000)
 ParOldGen       total 2252800K, used 414699K [0x00000006f8000000, 0x0000000781800000, 0x0000000781800000)
  object space 2252800K, 18% used [0x00000006f8000000,0x00000007114fafc0,0x0000000781800000)
 Metaspace       used 199655K, capacity 217050K, committed 217280K, reserved 1239040K
  class space    used 24396K, capacity 26756K, committed 26880K, reserved 1048576K
}
{Heap before GC invocations=421 (full 5):
 PSYoungGen      total 1000960K, used 1000453K [0x0000000781800000, 0x00000007c0000000, 0x00000007c0000000)
  eden space 980480K, 100% used [0x0000000781800000,0x00000007bd580000,0x00000007bd580000)
  from space 20480K, 97% used [0x00000007bd580000,0x00000007be9014d8,0x00000007be980000)
  to   space 22528K, 0% used [0x00000007bea00000,0x00000007bea00000,0x00000007c0000000)
 ParOldGen       total 2252800K, used 414699K [0x00000006f8000000, 0x0000000781800000, 0x0000000781800000)
  object space 2252800K, 18% used [0x00000006f8000000,0x00000007114fafc0,0x0000000781800000)
 Metaspace       used 199736K, capacity 217236K, committed 217536K, reserved 1241088K
  class space    used 24419K, capacity 26787K, committed 26880K, reserved 1048576K
2022-06-20T09:41:10.067+0800: 6042.360: [GC (Allocation Failure) [PSYoungGen: 1000453K->19610K(1000448K)] 1415153K->434623K(3253248K), 0.0226188 secs] [Times: user=0.05 sys=0.00, real=0.02 secs] 
Heap after GC invocations=421 (full 5):
 PSYoungGen      total 1000448K, used 19610K [0x0000000781800000, 0x00000007c0000000, 0x00000007c0000000)
  eden space 977920K, 0% used [0x0000000781800000,0x0000000781800000,0x00000007bd300000)
  from space 22528K, 87% used [0x00000007bea00000,0x00000007bfd26910,0x00000007c0000000)
  to   space 23040K, 0% used [0x00000007bd300000,0x00000007bd300000,0x00000007be980000)
 ParOldGen       total 2252800K, used 415013K [0x00000006f8000000, 0x0000000781800000, 0x0000000781800000)
  object space 2252800K, 18% used [0x00000006f8000000,0x0000000711549500,0x0000000781800000)
 Metaspace       used 199736K, capacity 217236K, committed 217536K, reserved 1241088K
  class space    used 24419K, capacity 26787K, committed 26880K, reserved 1048576K
}
{Heap before GC invocations=422 (full 5):
 PSYoungGen      total 1000448K, used 997530K [0x0000000781800000, 0x00000007c0000000, 0x00000007c0000000)
  eden space 977920K, 100% used [0x0000000781800000,0x00000007bd300000,0x00000007bd300000)
  from space 22528K, 87% used [0x00000007bea00000,0x00000007bfd26910,0x00000007c0000000)
  to   space 23040K, 0% used [0x00000007bd300000,0x00000007bd300000,0x00000007be980000)
 ParOldGen       total 2252800K, used 415013K [0x00000006f8000000, 0x0000000781800000, 0x0000000781800000)
  object space 2252800K, 18% used [0x00000006f8000000,0x0000000711549500,0x0000000781800000)
 Metaspace       used 199848K, capacity 217436K, committed 217536K, reserved 1241088K
  class space    used 24439K, capacity 26819K, committed 26880K, reserved 1048576K
2022-06-20T09:41:31.661+0800: 6063.954: [GC (Allocation Failure) [PSYoungGen: 997530K->19592K(1000960K)] 1412543K->434661K(3253760K), 0.0168845 secs] [Times: user=0.04 sys=0.01, real=0.02 secs] 
Heap after GC invocations=422 (full 5):
 PSYoungGen      total 1000960K, used 19592K [0x0000000781800000, 0x00000007c0000000, 0x00000007c0000000)
  eden space 977920K, 0% used [0x0000000781800000,0x0000000781800000,0x00000007bd300000)
  from space 23040K, 85% used [0x00000007bd300000,0x00000007be6221a0,0x00000007be980000)
  to   space 23040K, 0% used [0x00000007be980000,0x00000007be980000,0x00000007c0000000)
 ParOldGen       total 2252800K, used 415069K [0x00000006f8000000, 0x0000000781800000, 0x0000000781800000)
  object space 2252800K, 18% used [0x00000006f8000000,0x0000000711557500,0x0000000781800000)
 Metaspace       used 199848K, capacity 217436K, committed 217536K, reserved 1241088K
  class space    used 24439K, capacity 26819K, committed 26880K, reserved 1048576K
}
{Heap before GC invocations=423 (full 5):
 PSYoungGen      total 1000960K, used 997512K [0x0000000781800000, 0x00000007c0000000, 0x00000007c0000000)
  eden space 977920K, 100% used [0x0000000781800000,0x00000007bd300000,0x00000007bd300000)
  from space 23040K, 85% used [0x00000007bd300000,0x00000007be6221a0,0x00000007be980000)
  to   space 23040K, 0% used [0x00000007be980000,0x00000007be980000,0x00000007c0000000)
 ParOldGen       total 2252800K, used 415069K [0x00000006f8000000, 0x0000000781800000, 0x0000000781800000)
  object space 2252800K, 18% used [0x00000006f8000000,0x0000000711557500,0x0000000781800000)
 Metaspace       used 199874K, capacity 217560K, committed 217792K, reserved 1241088K
  class space    used 24447K, capacity 26829K, committed 26880K, reserved 1048576K
2022-06-20T09:41:54.503+0800: 6086.796: [GC (Allocation Failure) [PSYoungGen: 997512K->23031K(982528K)] 1412581K->457870K(3235328K), 0.0441665 secs] [Times: user=0.12 sys=0.02, real=0.05 secs] 
Heap after GC invocations=423 (full 5):
 PSYoungGen      total 982528K, used 23031K [0x0000000781800000, 0x00000007c0000000, 0x00000007c0000000)
  eden space 959488K, 0% used [0x0000000781800000,0x0000000781800000,0x00000007bc100000)
  from space 23040K, 99% used [0x00000007be980000,0x00000007bfffdd10,0x00000007c0000000)
  to   space 32256K, 0% used [0x00000007bc100000,0x00000007bc100000,0x00000007be080000)
 ParOldGen       total 2252800K, used 434839K [0x00000006f8000000, 0x0000000781800000, 0x0000000781800000)
  object space 2252800K, 19% used [0x00000006f8000000,0x00000007128a5ec0,0x0000000781800000)
 Metaspace       used 199874K, capacity 217560K, committed 217792K, reserved 1241088K
  class space    used 24447K, capacity 26829K, committed 26880K, reserved 1048576K
}
{Heap before GC invocations=424 (full 5):
 PSYoungGen      total 982528K, used 982519K [0x0000000781800000, 0x00000007c0000000, 0x00000007c0000000)
  eden space 959488K, 100% used [0x0000000781800000,0x00000007bc100000,0x00000007bc100000)
  from space 23040K, 99% used [0x00000007be980000,0x00000007bfffdd10,0x00000007c0000000)
  to   space 32256K, 0% used [0x00000007bc100000,0x00000007bc100000,0x00000007be080000)
 ParOldGen       total 2252800K, used 434839K [0x00000006f8000000, 0x0000000781800000, 0x0000000781800000)
  object space 2252800K, 19% used [0x00000006f8000000,0x00000007128a5ec0,0x0000000781800000)
 Metaspace       used 199881K, capacity 217572K, committed 217792K, reserved 1241088K
  class space    used 24448K, capacity 26831K, committed 26880K, reserved 1048576K
2022-06-20T09:42:07.256+0800: 6099.549: [GC (Allocation Failure) [PSYoungGen: 982519K->25424K(985088K)] 1417358K->460711K(3237888K), 0.0168283 secs] [Times: user=0.04 sys=0.00, real=0.02 secs] 
Heap after GC invocations=424 (full 5):
 PSYoungGen      total 985088K, used 25424K [0x0000000781800000, 0x00000007c0000000, 0x00000007c0000000)
  eden space 959488K, 0% used [0x0000000781800000,0x0000000781800000,0x00000007bc100000)
  from space 25600K, 99% used [0x00000007bc100000,0x00000007bd9d4078,0x00000007bda00000)
  to   space 32768K, 0% used [0x00000007be000000,0x00000007be000000,0x00000007c0000000)
 ParOldGen       total 2252800K, used 435287K [0x00000006f8000000, 0x0000000781800000, 0x0000000781800000)
  object space 2252800K, 19% used [0x00000006f8000000,0x0000000712915da8,0x0000000781800000)
 Metaspace       used 199881K, capacity 217572K, committed 217792K, reserved 1241088K
  class space    used 24448K, capacity 26831K, committed 26880K, reserved 1048576K
}
{Heap before GC invocations=425 (full 5):
 PSYoungGen      total 985088K, used 984912K [0x0000000781800000, 0x00000007c0000000, 0x00000007c0000000)
  eden space 959488K, 100% used [0x0000000781800000,0x00000007bc100000,0x00000007bc100000)
  from space 25600K, 99% used [0x00000007bc100000,0x00000007bd9d4078,0x00000007bda00000)
  to   space 32768K, 0% used [0x00000007be000000,0x00000007be000000,0x00000007c0000000)
 ParOldGen       total 2252800K, used 435287K [0x00000006f8000000, 0x0000000781800000, 0x0000000781800000)
  object space 2252800K, 19% used [0x00000006f8000000,0x0000000712915da8,0x0000000781800000)
 Metaspace       used 199898K, capacity 217590K, committed 217792K, reserved 1241088K
  class space    used 24449K, capacity 26834K, committed 26880K, reserved 1048576K
2022-06-20T09:42:30.546+0800: 6122.839: [GC (Allocation Failure) [PSYoungGen: 984912K->24222K(990208K)] 1420199K->459509K(3243008K), 0.0222410 secs] [Times: user=0.07 sys=0.02, real=0.02 secs] 
Heap after GC invocations=425 (full 5):
 PSYoungGen      total 990208K, used 24222K [0x0000000781800000, 0x00000007c0000000, 0x00000007c0000000)
  eden space 957440K, 0% used [0x0000000781800000,0x0000000781800000,0x00000007bbf00000)
  from space 32768K, 73% used [0x00000007be000000,0x00000007bf7a7a08,0x00000007c0000000)
  to   space 33280K, 0% used [0x00000007bbf00000,0x00000007bbf00000,0x00000007bdf80000)
 ParOldGen       total 2252800K, used 435287K [0x00000006f8000000, 0x0000000781800000, 0x0000000781800000)
  object space 2252800K, 19% used [0x00000006f8000000,0x0000000712915da8,0x0000000781800000)
 Metaspace       used 199898K, capacity 217590K, committed 217792K, reserved 1241088K
  class space    used 24449K, capacity 26834K, committed 26880K, reserved 1048576K
}
{Heap before GC invocations=426 (full 5):
 PSYoungGen      total 990208K, used 981662K [0x0000000781800000, 0x00000007c0000000, 0x00000007c0000000)
  eden space 957440K, 100% used [0x0000000781800000,0x00000007bbf00000,0x00000007bbf00000)
  from space 32768K, 73% used [0x00000007be000000,0x00000007bf7a7a08,0x00000007c0000000)
  to   space 33280K, 0% used [0x00000007bbf00000,0x00000007bbf00000,0x00000007bdf80000)
 ParOldGen       total 2252800K, used 435287K [0x00000006f8000000, 0x0000000781800000, 0x0000000781800000)
  object space 2252800K, 19% used [0x00000006f8000000,0x0000000712915da8,0x0000000781800000)
 Metaspace       used 199921K, capacity 217650K, committed 217792K, reserved 1241088K
  class space    used 24457K, capacity 26844K, committed 26880K, reserved 1048576K
2022-06-20T09:42:45.830+0800: 6138.123: [GC (Allocation Failure) [PSYoungGen: 981662K->25242K(983040K)] 1416949K->460606K(3235840K), 0.0318688 secs] [Times: user=0.08 sys=0.02, real=0.03 secs] 
Heap after GC invocations=426 (full 5):
 PSYoungGen      total 983040K, used 25242K [0x0000000781800000, 0x00000007c0000000, 0x00000007c0000000)
  eden space 957440K, 0% used [0x0000000781800000,0x0000000781800000,0x00000007bbf00000)
  from space 25600K, 98% used [0x00000007bbf00000,0x00000007bd7a68c8,0x00000007bd800000)
  to   space 33792K, 0% used [0x00000007bdf00000,0x00000007bdf00000,0x00000007c0000000)
 ParOldGen       total 2252800K, used 435364K [0x00000006f8000000, 0x0000000781800000, 0x0000000781800000)
  object space 2252800K, 19% used [0x00000006f8000000,0x0000000712929218,0x0000000781800000)
 Metaspace       used 199921K, capacity 217650K, committed 217792K, reserved 1241088K
  class space    used 24457K, capacity 26844K, committed 26880K, reserved 1048576K
}
{Heap before GC invocations=427 (full 5):
 PSYoungGen      total 983040K, used 982682K [0x0000000781800000, 0x00000007c0000000, 0x00000007c0000000)
  eden space 957440K, 100% used [0x0000000781800000,0x00000007bbf00000,0x00000007bbf00000)
  from space 25600K, 98% used [0x00000007bbf00000,0x00000007bd7a68c8,0x00000007bd800000)
  to   space 33792K, 0% used [0x00000007bdf00000,0x00000007bdf00000,0x00000007c0000000)
 ParOldGen       total 2252800K, used 435364K [0x00000006f8000000, 0x0000000781800000, 0x0000000781800000)
  object space 2252800K, 19% used [0x00000006f8000000,0x0000000712929218,0x0000000781800000)
 Metaspace       used 199966K, capacity 217650K, committed 217792K, reserved 1241088K
  class space    used 24457K, capacity 26844K, committed 26880K, reserved 1048576K
2022-06-20T09:42:56.243+0800: 6148.535: [GC (Allocation Failure) [PSYoungGen: 982682K->33784K(973824K)] 1418046K->482397K(3226624K), 0.0414334 secs] [Times: user=0.13 sys=0.02, real=0.04 secs] 
Heap after GC invocations=427 (full 5):
 PSYoungGen      total 973824K, used 33784K [0x0000000781800000, 0x00000007c0000000, 0x00000007c0000000)
  eden space 940032K, 0% used [0x0000000781800000,0x0000000781800000,0x00000007bae00000)
  from space 33792K, 99% used [0x00000007bdf00000,0x00000007bfffe058,0x00000007c0000000)
  to   space 41984K, 0% used [0x00000007bae00000,0x00000007bae00000,0x00000007bd700000)
 ParOldGen       total 2252800K, used 448613K [0x00000006f8000000, 0x0000000781800000, 0x0000000781800000)
  object space 2252800K, 19% used [0x00000006f8000000,0x00000007136195e8,0x0000000781800000)
 Metaspace       used 199966K, capacity 217650K, committed 217792K, reserved 1241088K
  class space    used 24457K, capacity 26844K, committed 26880K, reserved 1048576K
}
{Heap before GC invocations=428 (full 5):
 PSYoungGen      total 973824K, used 973816K [0x0000000781800000, 0x00000007c0000000, 0x00000007c0000000)
  eden space 940032K, 100% used [0x0000000781800000,0x00000007bae00000,0x00000007bae00000)
  from space 33792K, 99% used [0x00000007bdf00000,0x00000007bfffe058,0x00000007c0000000)
  to   space 41984K, 0% used [0x00000007bae00000,0x00000007bae00000,0x00000007bd700000)
 ParOldGen       total 2252800K, used 448613K [0x00000006f8000000, 0x0000000781800000, 0x0000000781800000)
  object space 2252800K, 19% used [0x00000006f8000000,0x00000007136195e8,0x0000000781800000)
 Metaspace       used 200086K, capacity 217886K, committed 218048K, reserved 1241088K
  class space    used 24470K, capacity 26862K, committed 26880K, reserved 1048576K
2022-06-20T09:43:10.838+0800: 6163.131: [GC (Allocation Failure) [PSYoungGen: 973816K->24543K(982016K)] 1422429K->473873K(3234816K), 0.0224547 secs] [Times: user=0.07 sys=0.00, real=0.02 secs] 
Heap after GC invocations=428 (full 5):
 PSYoungGen      total 982016K, used 24543K [0x0000000781800000, 0x00000007c0000000, 0x00000007c0000000)
  eden space 940032K, 0% used [0x0000000781800000,0x0000000781800000,0x00000007bae00000)
  from space 41984K, 58% used [0x00000007bae00000,0x00000007bc5f7d18,0x00000007bd700000)
  to   space 40448K, 0% used [0x00000007bd880000,0x00000007bd880000,0x00000007c0000000)
 ParOldGen       total 2252800K, used 449329K [0x00000006f8000000, 0x0000000781800000, 0x0000000781800000)
  object space 2252800K, 19% used [0x00000006f8000000,0x00000007136cc768,0x0000000781800000)
 Metaspace       used 200086K, capacity 217886K, committed 218048K, reserved 1241088K
  class space    used 24470K, capacity 26862K, committed 26880K, reserved 1048576K
}
{Heap before GC invocations=429 (full 5):
 PSYoungGen      total 982016K, used 964575K [0x0000000781800000, 0x00000007c0000000, 0x00000007c0000000)
  eden space 940032K, 100% used [0x0000000781800000,0x00000007bae00000,0x00000007bae00000)
  from space 41984K, 58% used [0x00000007bae00000,0x00000007bc5f7d18,0x00000007bd700000)
  to   space 40448K, 0% used [0x00000007bd880000,0x00000007bd880000,0x00000007c0000000)
 ParOldGen       total 2252800K, used 449329K [0x00000006f8000000, 0x0000000781800000, 0x0000000781800000)
  object space 2252800K, 19% used [0x00000006f8000000,0x00000007136cc768,0x0000000781800000)
 Metaspace       used 200095K, capacity 217886K, committed 218048K, reserved 1241088K
  class space    used 24470K, capacity 26862K, committed 26880K, reserved 1048576K
2022-06-20T09:43:29.435+0800: 6181.728: [GC (Allocation Failure) [PSYoungGen: 964575K->24301K(985088K)] 1413905K->473631K(3237888K), 0.0236337 secs] [Times: user=0.06 sys=0.01, real=0.03 secs] 
Heap after GC invocations=429 (full 5):
 PSYoungGen      total 985088K, used 24301K [0x0000000781800000, 0x00000007c0000000, 0x00000007c0000000)
  eden space 944640K, 0% used [0x0000000781800000,0x0000000781800000,0x00000007bb280000)
  from space 40448K, 60% used [0x00000007bd880000,0x00000007bf03b728,0x00000007c0000000)
  to   space 38912K, 0% used [0x00000007bb280000,0x00000007bb280000,0x00000007bd880000)
 ParOldGen       total 2252800K, used 449329K [0x00000006f8000000, 0x0000000781800000, 0x0000000781800000)
  object space 2252800K, 19% used [0x00000006f8000000,0x00000007136cc768,0x0000000781800000)
 Metaspace       used 200095K, capacity 217886K, committed 218048K, reserved 1241088K
  class space    used 24470K, capacity 26862K, committed 26880K, reserved 1048576K
}
{Heap before GC invocations=430 (full 5):
 PSYoungGen      total 985088K, used 968941K [0x0000000781800000, 0x00000007c0000000, 0x00000007c0000000)
  eden space 944640K, 100% used [0x0000000781800000,0x00000007bb280000,0x00000007bb280000)
  from space 40448K, 60% used [0x00000007bd880000,0x00000007bf03b728,0x00000007c0000000)
  to   space 38912K, 0% used [0x00000007bb280000,0x00000007bb280000,0x00000007bd880000)
 ParOldGen       total 2252800K, used 449329K [0x00000006f8000000, 0x0000000781800000, 0x0000000781800000)
  object space 2252800K, 19% used [0x00000006f8000000,0x00000007136cc768,0x0000000781800000)
 Metaspace       used 200121K, capacity 217940K, committed 218048K, reserved 1241088K
  class space    used 24477K, capacity 26871K, committed 26880K, reserved 1048576K
2022-06-20T09:43:39.086+0800: 6191.379: [GC (Allocation Failure) [PSYoungGen: 968941K->24909K(983552K)] 1418271K->474318K(3236352K), 0.0210638 secs] [Times: user=0.07 sys=0.00, real=0.02 secs] 
Heap after GC invocations=430 (full 5):
 PSYoungGen      total 983552K, used 24909K [0x0000000781800000, 0x00000007c0000000, 0x00000007c0000000)
  eden space 944640K, 0% used [0x0000000781800000,0x0000000781800000,0x00000007bb280000)
  from space 38912K, 64% used [0x00000007bb280000,0x00000007bcad3778,0x00000007bd880000)
  to   space 37888K, 0% used [0x00000007bdb00000,0x00000007bdb00000,0x00000007c0000000)
 ParOldGen       total 2252800K, used 449408K [0x00000006f8000000, 0x0000000781800000, 0x0000000781800000)
  object space 2252800K, 19% used [0x00000006f8000000,0x00000007136e0200,0x0000000781800000)
 Metaspace       used 200121K, capacity 217940K, committed 218048K, reserved 1241088K
  class space    used 24477K, capacity 26871K, committed 26880K, reserved 1048576K
}
{Heap before GC invocations=431 (full 5):
 PSYoungGen      total 983552K, used 969549K [0x0000000781800000, 0x00000007c0000000, 0x00000007c0000000)
  eden space 944640K, 100% used [0x0000000781800000,0x00000007bb280000,0x00000007bb280000)
  from space 38912K, 64% used [0x00000007bb280000,0x00000007bcad3778,0x00000007bd880000)
  to   space 37888K, 0% used [0x00000007bdb00000,0x00000007bdb00000,0x00000007c0000000)
 ParOldGen       total 2252800K, used 449408K [0x00000006f8000000, 0x0000000781800000, 0x0000000781800000)
  object space 2252800K, 19% used [0x00000006f8000000,0x00000007136e0200,0x0000000781800000)
 Metaspace       used 200122K, capacity 217940K, committed 218048K, reserved 1241088K
  class space    used 24477K, capacity 26871K, committed 26880K, reserved 1048576K
2022-06-20T09:43:50.515+0800: 6202.808: [GC (Allocation Failure) [PSYoungGen: 969549K->23918K(987648K)] 1418958K->473378K(3240448K), 0.0184812 secs] [Times: user=0.06 sys=0.00, real=0.02 secs] 
Heap after GC invocations=431 (full 5):
 PSYoungGen      total 987648K, used 23918K [0x0000000781800000, 0x00000007c0000000, 0x00000007c0000000)
  eden space 949760K, 0% used [0x0000000781800000,0x0000000781800000,0x00000007bb780000)
  from space 37888K, 63% used [0x00000007bdb00000,0x00000007bf25b998,0x00000007c0000000)
  to   space 36352K, 0% used [0x00000007bb780000,0x00000007bb780000,0x00000007bdb00000)
 ParOldGen       total 2252800K, used 449460K [0x00000006f8000000, 0x0000000781800000, 0x0000000781800000)
  object space 2252800K, 19% used [0x00000006f8000000,0x00000007136ed210,0x0000000781800000)
 Metaspace       used 200122K, capacity 217940K, committed 218048K, reserved 1241088K
  class space    used 24477K, capacity 26871K, committed 26880K, reserved 1048576K
}
{Heap before GC invocations=432 (full 5):
 PSYoungGen      total 987648K, used 973581K [0x0000000781800000, 0x00000007c0000000, 0x00000007c0000000)
  eden space 949760K, 99% used [0x0000000781800000,0x00000007bb767a98,0x00000007bb780000)
  from space 37888K, 63% used [0x00000007bdb00000,0x00000007bf25b998,0x00000007c0000000)
  to   space 36352K, 0% used [0x00000007bb780000,0x00000007bb780000,0x00000007bdb00000)
 ParOldGen       total 2252800K, used 449460K [0x00000006f8000000, 0x0000000781800000, 0x0000000781800000)
  object space 2252800K, 19% used [0x00000006f8000000,0x00000007136ed210,0x0000000781800000)
 Metaspace       used 200125K, capacity 217940K, committed 218048K, reserved 1241088K
  class space    used 24477K, capacity 26871K, committed 26880K, reserved 1048576K
2022-06-20T09:44:01.331+0800: 6213.624: [GC (Allocation Failure) [PSYoungGen: 973581K->28897K(986112K)] 1423041K->478389K(3238912K), 0.0213075 secs] [Times: user=0.05 sys=0.01, real=0.02 secs] 
Heap after GC invocations=432 (full 5):
 PSYoungGen      total 986112K, used 28897K [0x0000000781800000, 0x00000007c0000000, 0x00000007c0000000)
  eden space 949760K, 0% used [0x0000000781800000,0x0000000781800000,0x00000007bb780000)
  from space 36352K, 79% used [0x00000007bb780000,0x00000007bd3b8438,0x00000007bdb00000)
  to   space 36864K, 0% used [0x00000007bdc00000,0x00000007bdc00000,0x00000007c0000000)
 ParOldGen       total 2252800K, used 449492K [0x00000006f8000000, 0x0000000781800000, 0x0000000781800000)
  object space 2252800K, 19% used [0x00000006f8000000,0x00000007136f5210,0x0000000781800000)
 Metaspace       used 200125K, capacity 217940K, committed 218048K, reserved 1241088K
  class space    used 24477K, capacity 26871K, committed 26880K, reserved 1048576K
}
{Heap before GC invocations=433 (full 5):
 PSYoungGen      total 986112K, used 978657K [0x0000000781800000, 0x00000007c0000000, 0x00000007c0000000)
  eden space 949760K, 100% used [0x0000000781800000,0x00000007bb780000,0x00000007bb780000)
  from space 36352K, 79% used [0x00000007bb780000,0x00000007bd3b8438,0x00000007bdb00000)
  to   space 36864K, 0% used [0x00000007bdc00000,0x00000007bdc00000,0x00000007c0000000)
 ParOldGen       total 2252800K, used 449492K [0x00000006f8000000, 0x0000000781800000, 0x0000000781800000)
  object space 2252800K, 19% used [0x00000006f8000000,0x00000007136f5210,0x0000000781800000)
 Metaspace       used 200125K, capacity 217940K, committed 218048K, reserved 1241088K
  class space    used 24477K, capacity 26871K, committed 26880K, reserved 1048576K
2022-06-20T09:44:10.390+0800: 6222.683: [GC (Allocation Failure) [PSYoungGen: 978657K->28859K(986112K)] 1428149K->478452K(3238912K), 0.0242430 secs] [Times: user=0.07 sys=0.01, real=0.02 secs] 
Heap after GC invocations=433 (full 5):
 PSYoungGen      total 986112K, used 28859K [0x0000000781800000, 0x00000007c0000000, 0x00000007c0000000)
  eden space 949248K, 0% used [0x0000000781800000,0x0000000781800000,0x00000007bb700000)
  from space 36864K, 78% used [0x00000007bdc00000,0x00000007bf82efe0,0x00000007c0000000)
  to   space 37376K, 0% used [0x00000007bb700000,0x00000007bb700000,0x00000007bdb80000)
 ParOldGen       total 2252800K, used 449592K [0x00000006f8000000, 0x0000000781800000, 0x0000000781800000)
  object space 2252800K, 19% used [0x00000006f8000000,0x000000071370e240,0x0000000781800000)
 Metaspace       used 200125K, capacity 217940K, committed 218048K, reserved 1241088K
  class space    used 24477K, capacity 26871K, committed 26880K, reserved 1048576K
}
{Heap before GC invocations=434 (full 5):
 PSYoungGen      total 986112K, used 978107K [0x0000000781800000, 0x00000007c0000000, 0x00000007c0000000)
  eden space 949248K, 100% used [0x0000000781800000,0x00000007bb700000,0x00000007bb700000)
  from space 36864K, 78% used [0x00000007bdc00000,0x00000007bf82efe0,0x00000007c0000000)
  to   space 37376K, 0% used [0x00000007bb700000,0x00000007bb700000,0x00000007bdb80000)
 ParOldGen       total 2252800K, used 449592K [0x00000006f8000000, 0x0000000781800000, 0x0000000781800000)
  object space 2252800K, 19% used [0x00000006f8000000,0x000000071370e240,0x0000000781800000)
 Metaspace       used 200165K, capacity 218006K, committed 218176K, reserved 1241088K
  class space    used 24484K, capacity 26882K, committed 27008K, reserved 1048576K
2022-06-20T09:44:19.701+0800: 6231.994: [GC (Allocation Failure) [PSYoungGen: 978107K->28766K(978432K)] 1427700K->478440K(3231232K), 0.0220043 secs] [Times: user=0.08 sys=0.00, real=0.02 secs] 
Heap after GC invocations=434 (full 5):
 PSYoungGen      total 978432K, used 28766K [0x0000000781800000, 0x00000007c0000000, 0x00000007c0000000)
  eden space 949248K, 0% used [0x0000000781800000,0x0000000781800000,0x00000007bb700000)
  from space 29184K, 98% used [0x00000007bb700000,0x00000007bd317bc0,0x00000007bd380000)
  to   space 37888K, 0% used [0x00000007bdb00000,0x00000007bdb00000,0x00000007c0000000)
 ParOldGen       total 2252800K, used 449673K [0x00000006f8000000, 0x0000000781800000, 0x0000000781800000)
  object space 2252800K, 19% used [0x00000006f8000000,0x0000000713722518,0x0000000781800000)
 Metaspace       used 200165K, capacity 218006K, committed 218176K, reserved 1241088K
  class space    used 24484K, capacity 26882K, committed 27008K, reserved 1048576K
}
{Heap before GC invocations=435 (full 5):
 PSYoungGen      total 978432K, used 977986K [0x0000000781800000, 0x00000007c0000000, 0x00000007c0000000)
  eden space 949248K, 99% used [0x0000000781800000,0x00000007bb6f8c90,0x00000007bb700000)
  from space 29184K, 98% used [0x00000007bb700000,0x00000007bd317bc0,0x00000007bd380000)
  to   space 37888K, 0% used [0x00000007bdb00000,0x00000007bdb00000,0x00000007c0000000)
 ParOldGen       total 2252800K, used 449673K [0x00000006f8000000, 0x0000000781800000, 0x0000000781800000)
  object space 2252800K, 19% used [0x00000006f8000000,0x0000000713722518,0x0000000781800000)
 Metaspace       used 200210K, capacity 218126K, committed 218432K, reserved 1241088K
  class space    used 24499K, capacity 26902K, committed 27008K, reserved 1048576K
2022-06-20T09:44:26.433+0800: 6238.726: [GC (Allocation Failure) [PSYoungGen: 977986K->24534K(987648K)] 1427659K->477816K(3240448K), 0.0237437 secs] [Times: user=0.05 sys=0.01, real=0.03 secs] 
Heap after GC invocations=435 (full 5):
 PSYoungGen      total 987648K, used 24534K [0x0000000781800000, 0x00000007c0000000, 0x00000007c0000000)
  eden space 949760K, 0% used [0x0000000781800000,0x0000000781800000,0x00000007bb780000)
  from space 37888K, 64% used [0x00000007bdb00000,0x00000007bf2f5968,0x00000007c0000000)
  to   space 36352K, 0% used [0x00000007bb780000,0x00000007bb780000,0x00000007bdb00000)
 ParOldGen       total 2252800K, used 453282K [0x00000006f8000000, 0x0000000781800000, 0x0000000781800000)
  object space 2252800K, 20% used [0x00000006f8000000,0x0000000713aa8848,0x0000000781800000)
 Metaspace       used 200210K, capacity 218126K, committed 218432K, reserved 1241088K
  class space    used 24499K, capacity 26902K, committed 27008K, reserved 1048576K
}
{Heap before GC invocations=436 (full 5):
 PSYoungGen      total 987648K, used 974259K [0x0000000781800000, 0x00000007c0000000, 0x00000007c0000000)
  eden space 949760K, 99% used [0x0000000781800000,0x00000007bb777530,0x00000007bb780000)
  from space 37888K, 64% used [0x00000007bdb00000,0x00000007bf2f5968,0x00000007c0000000)
  to   space 36352K, 0% used [0x00000007bb780000,0x00000007bb780000,0x00000007bdb00000)
 ParOldGen       total 2252800K, used 453282K [0x00000006f8000000, 0x0000000781800000, 0x0000000781800000)
  object space 2252800K, 20% used [0x00000006f8000000,0x0000000713aa8848,0x0000000781800000)
 Metaspace       used 200212K, capacity 218126K, committed 218432K, reserved 1241088K
  class space    used 24499K, capacity 26902K, committed 27008K, reserved 1048576K
2022-06-20T09:44:31.421+0800: 6243.714: [GC (Allocation Failure) [PSYoungGen: 974259K->25274K(986112K)] 1427541K->478825K(3238912K), 0.0245864 secs] [Times: user=0.08 sys=0.00, real=0.02 secs] 
Heap after GC invocations=436 (full 5):
 PSYoungGen      total 986112K, used 25274K [0x0000000781800000, 0x00000007c0000000, 0x00000007c0000000)
  eden space 949760K, 0% used [0x0000000781800000,0x0000000781800000,0x00000007bb780000)
  from space 36352K, 69% used [0x00000007bb780000,0x00000007bd02e860,0x00000007bdb00000)
  to   space 35328K, 0% used [0x00000007bdd80000,0x00000007bdd80000,0x00000007c0000000)
 ParOldGen       total 2252800K, used 453551K [0x00000006f8000000, 0x0000000781800000, 0x0000000781800000)
  object space 2252800K, 20% used [0x00000006f8000000,0x0000000713aebf38,0x0000000781800000)
 Metaspace       used 200212K, capacity 218126K, committed 218432K, reserved 1241088K
  class space    used 24499K, capacity 26902K, committed 27008K, reserved 1048576K
}
{Heap before GC invocations=437 (full 5):
 PSYoungGen      total 986112K, used 974622K [0x0000000781800000, 0x00000007c0000000, 0x00000007c0000000)
  eden space 949760K, 99% used [0x0000000781800000,0x00000007bb719140,0x00000007bb780000)
  from space 36352K, 69% used [0x00000007bb780000,0x00000007bd02e860,0x00000007bdb00000)
  to   space 35328K, 0% used [0x00000007bdd80000,0x00000007bdd80000,0x00000007c0000000)
 ParOldGen       total 2252800K, used 453551K [0x00000006f8000000, 0x0000000781800000, 0x0000000781800000)
  object space 2252800K, 20% used [0x00000006f8000000,0x0000000713aebf38,0x0000000781800000)
 Metaspace       used 200212K, capacity 218126K, committed 218432K, reserved 1241088K
  class space    used 24499K, capacity 26902K, committed 27008K, reserved 1048576K
2022-06-20T09:44:37.910+0800: 6250.203: [GC (Allocation Failure) [PSYoungGen: 974622K->24347K(989184K)] 1428174K->478239K(3241984K), 0.0225548 secs] [Times: user=0.07 sys=0.00, real=0.02 secs] 
Heap after GC invocations=437 (full 5):
 PSYoungGen      total 989184K, used 24347K [0x0000000781800000, 0x00000007c0000000, 0x00000007c0000000)
  eden space 953856K, 0% used [0x0000000781800000,0x0000000781800000,0x00000007bbb80000)
  from space 35328K, 68% used [0x00000007bdd80000,0x00000007bf546ca0,0x00000007c0000000)
  to   space 34816K, 0% used [0x00000007bbb80000,0x00000007bbb80000,0x00000007bdd80000)
 ParOldGen       total 2252800K, used 453892K [0x00000006f8000000, 0x0000000781800000, 0x0000000781800000)
  object space 2252800K, 20% used [0x00000006f8000000,0x0000000713b41140,0x0000000781800000)
 Metaspace       used 200212K, capacity 218126K, committed 218432K, reserved 1241088K
  class space    used 24499K, capacity 26902K, committed 27008K, reserved 1048576K
}
{Heap before GC invocations=438 (full 5):
 PSYoungGen      total 989184K, used 978203K [0x0000000781800000, 0x00000007c0000000, 0x00000007c0000000)
  eden space 953856K, 100% used [0x0000000781800000,0x00000007bbb80000,0x00000007bbb80000)
  from space 35328K, 68% used [0x00000007bdd80000,0x00000007bf546ca0,0x00000007c0000000)
  to   space 34816K, 0% used [0x00000007bbb80000,0x00000007bbb80000,0x00000007bdd80000)
 ParOldGen       total 2252800K, used 453892K [0x00000006f8000000, 0x0000000781800000, 0x0000000781800000)
  object space 2252800K, 20% used [0x00000006f8000000,0x0000000713b41140,0x0000000781800000)
 Metaspace       used 200212K, capacity 218126K, committed 218432K, reserved 1241088K
  class space    used 24499K, capacity 26902K, committed 27008K, reserved 1048576K
2022-06-20T09:44:50.156+0800: 6262.449: [GC (Allocation Failure) [PSYoungGen: 978203K->18945K(988672K)] 1432095K->478493K(3241472K), 0.0296889 secs] [Times: user=0.07 sys=0.03, real=0.03 secs] 
Heap after GC invocations=438 (full 5):
 PSYoungGen      total 988672K, used 18945K [0x0000000781800000, 0x00000007c0000000, 0x00000007c0000000)
  eden space 953856K, 0% used [0x0000000781800000,0x0000000781800000,0x00000007bbb80000)
  from space 34816K, 54% used [0x00000007bbb80000,0x00000007bce00678,0x00000007bdd80000)
  to   space 34816K, 0% used [0x00000007bde00000,0x00000007bde00000,0x00000007c0000000)
 ParOldGen       total 2252800K, used 459548K [0x00000006f8000000, 0x0000000781800000, 0x0000000781800000)
  object space 2252800K, 20% used [0x00000006f8000000,0x00000007140c7090,0x0000000781800000)
 Metaspace       used 200212K, capacity 218126K, committed 218432K, reserved 1241088K
  class space    used 24499K, capacity 26902K, committed 27008K, reserved 1048576K
}
{Heap before GC invocations=439 (full 5):
 PSYoungGen      total 988672K, used 972801K [0x0000000781800000, 0x00000007c0000000, 0x00000007c0000000)
  eden space 953856K, 100% used [0x0000000781800000,0x00000007bbb80000,0x00000007bbb80000)
  from space 34816K, 54% used [0x00000007bbb80000,0x00000007bce00678,0x00000007bdd80000)
  to   space 34816K, 0% used [0x00000007bde00000,0x00000007bde00000,0x00000007c0000000)
 ParOldGen       total 2252800K, used 459548K [0x00000006f8000000, 0x0000000781800000, 0x0000000781800000)
  object space 2252800K, 20% used [0x00000006f8000000,0x00000007140c7090,0x0000000781800000)
 Metaspace       used 200212K, capacity 218126K, committed 218432K, reserved 1241088K
  class space    used 24499K, capacity 26902K, committed 27008K, reserved 1048576K
2022-06-20T09:45:09.784+0800: 6282.077: [GC (Allocation Failure) [PSYoungGen: 972801K->18654K(989184K)] 1432349K->478290K(3241984K), 0.0118468 secs] [Times: user=0.03 sys=0.00, real=0.01 secs] 
Heap after GC invocations=439 (full 5):
 PSYoungGen      total 989184K, used 18654K [0x0000000781800000, 0x00000007c0000000, 0x00000007c0000000)
  eden space 954368K, 0% used [0x0000000781800000,0x0000000781800000,0x00000007bbc00000)
  from space 34816K, 53% used [0x00000007bde00000,0x00000007bf0379b8,0x00000007c0000000)
  to   space 34816K, 0% used [0x00000007bbc00000,0x00000007bbc00000,0x00000007bde00000)
 ParOldGen       total 2252800K, used 459636K [0x00000006f8000000, 0x0000000781800000, 0x0000000781800000)
  object space 2252800K, 20% used [0x00000006f8000000,0x00000007140dd030,0x0000000781800000)
 Metaspace       used 200212K, capacity 218126K, committed 218432K, reserved 1241088K
  class space    used 24499K, capacity 26902K, committed 27008K, reserved 1048576K
}
{Heap before GC invocations=440 (full 5):
 PSYoungGen      total 989184K, used 973022K [0x0000000781800000, 0x00000007c0000000, 0x00000007c0000000)
  eden space 954368K, 100% used [0x0000000781800000,0x00000007bbc00000,0x00000007bbc00000)
  from space 34816K, 53% used [0x00000007bde00000,0x00000007bf0379b8,0x00000007c0000000)
  to   space 34816K, 0% used [0x00000007bbc00000,0x00000007bbc00000,0x00000007bde00000)
 ParOldGen       total 2252800K, used 459636K [0x00000006f8000000, 0x0000000781800000, 0x0000000781800000)
  object space 2252800K, 20% used [0x00000006f8000000,0x00000007140dd030,0x0000000781800000)
 Metaspace       used 200282K, capacity 218294K, committed 218432K, reserved 1241088K
  class space    used 24515K, capacity 26930K, committed 27008K, reserved 1048576K
2022-06-20T09:45:14.705+0800: 6286.998: [GC (Allocation Failure) [PSYoungGen: 973022K->18258K(989184K)] 1432658K->478034K(3241984K), 0.0212251 secs] [Times: user=0.06 sys=0.00, real=0.03 secs] 
Heap after GC invocations=440 (full 5):
 PSYoungGen      total 989184K, used 18258K [0x0000000781800000, 0x00000007c0000000, 0x00000007c0000000)
  eden space 954368K, 0% used [0x0000000781800000,0x0000000781800000,0x00000007bbc00000)
  from space 34816K, 52% used [0x00000007bbc00000,0x00000007bcdd4ba8,0x00000007bde00000)
  to   space 34816K, 0% used [0x00000007bde00000,0x00000007bde00000,0x00000007c0000000)
 ParOldGen       total 2252800K, used 459775K [0x00000006f8000000, 0x0000000781800000, 0x0000000781800000)
  object space 2252800K, 20% used [0x00000006f8000000,0x00000007140ffdd0,0x0000000781800000)
 Metaspace       used 200282K, capacity 218294K, committed 218432K, reserved 1241088K
  class space    used 24515K, capacity 26930K, committed 27008K, reserved 1048576K
}
{Heap before GC invocations=441 (full 5):
 PSYoungGen      total 989184K, used 972626K [0x0000000781800000, 0x00000007c0000000, 0x00000007c0000000)
  eden space 954368K, 100% used [0x0000000781800000,0x00000007bbc00000,0x00000007bbc00000)
  from space 34816K, 52% used [0x00000007bbc00000,0x00000007bcdd4ba8,0x00000007bde00000)
  to   space 34816K, 0% used [0x00000007bde00000,0x00000007bde00000,0x00000007c0000000)
 ParOldGen       total 2252800K, used 459775K [0x00000006f8000000, 0x0000000781800000, 0x0000000781800000)
  object space 2252800K, 20% used [0x00000006f8000000,0x00000007140ffdd0,0x0000000781800000)
 Metaspace       used 200284K, capacity 218294K, committed 218432K, reserved 1241088K
  class space    used 24515K, capacity 26930K, committed 27008K, reserved 1048576K
2022-06-20T09:45:23.322+0800: 6295.615: [GC (Allocation Failure) [PSYoungGen: 972626K->17570K(989184K)] 1432402K->477386K(3241984K), 0.0170060 secs] [Times: user=0.05 sys=0.01, real=0.02 secs] 
Heap after GC invocations=441 (full 5):
 PSYoungGen      total 989184K, used 17570K [0x0000000781800000, 0x00000007c0000000, 0x00000007c0000000)
  eden space 954368K, 0% used [0x0000000781800000,0x0000000781800000,0x00000007bbc00000)
  from space 34816K, 50% used [0x00000007bde00000,0x00000007bef28bd8,0x00000007c0000000)
  to   space 34816K, 0% used [0x00000007bbc00000,0x00000007bbc00000,0x00000007bde00000)
 ParOldGen       total 2252800K, used 459815K [0x00000006f8000000, 0x0000000781800000, 0x0000000781800000)
  object space 2252800K, 20% used [0x00000006f8000000,0x0000000714109dd0,0x0000000781800000)
 Metaspace       used 200284K, capacity 218294K, committed 218432K, reserved 1241088K
  class space    used 24515K, capacity 26930K, committed 27008K, reserved 1048576K
}
{Heap before GC invocations=442 (full 5):
 PSYoungGen      total 989184K, used 971938K [0x0000000781800000, 0x00000007c0000000, 0x00000007c0000000)
  eden space 954368K, 100% used [0x0000000781800000,0x00000007bbc00000,0x00000007bbc00000)
  from space 34816K, 50% used [0x00000007bde00000,0x00000007bef28bd8,0x00000007c0000000)
  to   space 34816K, 0% used [0x00000007bbc00000,0x00000007bbc00000,0x00000007bde00000)
 ParOldGen       total 2252800K, used 459815K [0x00000006f8000000, 0x0000000781800000, 0x0000000781800000)
  object space 2252800K, 20% used [0x00000006f8000000,0x0000000714109dd0,0x0000000781800000)
 Metaspace       used 200285K, capacity 218294K, committed 218432K, reserved 1241088K
  class space    used 24515K, capacity 26930K, committed 27008K, reserved 1048576K
2022-06-20T09:45:31.534+0800: 6303.827: [GC (Allocation Failure) [PSYoungGen: 971938K->17359K(989184K)] 1431754K->477519K(3241984K), 0.0205406 secs] [Times: user=0.06 sys=0.01, real=0.02 secs] 
Heap after GC invocations=442 (full 5):
 PSYoungGen      total 989184K, used 17359K [0x0000000781800000, 0x00000007c0000000, 0x00000007c0000000)
  eden space 954368K, 0% used [0x0000000781800000,0x0000000781800000,0x00000007bbc00000)
  from space 34816K, 49% used [0x00000007bbc00000,0x00000007bccf3c98,0x00000007bde00000)
  to   space 34304K, 0% used [0x00000007bde80000,0x00000007bde80000,0x00000007c0000000)
 ParOldGen       total 2252800K, used 460160K [0x00000006f8000000, 0x0000000781800000, 0x0000000781800000)
  object space 2252800K, 20% used [0x00000006f8000000,0x0000000714160150,0x0000000781800000)
 Metaspace       used 200285K, capacity 218294K, committed 218432K, reserved 1241088K
  class space    used 24515K, capacity 26930K, committed 27008K, reserved 1048576K
}
{Heap before GC invocations=443 (full 5):
 PSYoungGen      total 989184K, used 971727K [0x0000000781800000, 0x00000007c0000000, 0x00000007c0000000)
  eden space 954368K, 100% used [0x0000000781800000,0x00000007bbc00000,0x00000007bbc00000)
  from space 34816K, 49% used [0x00000007bbc00000,0x00000007bccf3c98,0x00000007bde00000)
  to   space 34304K, 0% used [0x00000007bde80000,0x00000007bde80000,0x00000007c0000000)
 ParOldGen       total 2252800K, used 460160K [0x00000006f8000000, 0x0000000781800000, 0x0000000781800000)
  object space 2252800K, 20% used [0x00000006f8000000,0x0000000714160150,0x0000000781800000)
 Metaspace       used 200350K, capacity 218456K, committed 218688K, reserved 1241088K
  class space    used 24535K, capacity 26957K, committed 27008K, reserved 1048576K
2022-06-20T09:45:41.037+0800: 6313.330: [GC (Allocation Failure) [PSYoungGen: 971727K->22303K(990720K)] 1431887K->482527K(3243520K), 0.0225015 secs] [Times: user=0.06 sys=0.01, real=0.02 secs] 
Heap after GC invocations=443 (full 5):
 PSYoungGen      total 990720K, used 22303K [0x0000000781800000, 0x00000007c0000000, 0x00000007c0000000)
  eden space 956416K, 0% used [0x0000000781800000,0x0000000781800000,0x00000007bbe00000)
  from space 34304K, 65% used [0x00000007bde80000,0x00000007bf447d58,0x00000007c0000000)
  to   space 33280K, 0% used [0x00000007bbe00000,0x00000007bbe00000,0x00000007bde80000)
 ParOldGen       total 2252800K, used 460224K [0x00000006f8000000, 0x0000000781800000, 0x0000000781800000)
  object space 2252800K, 20% used [0x00000006f8000000,0x00000007141700a0,0x0000000781800000)
 Metaspace       used 200350K, capacity 218456K, committed 218688K, reserved 1241088K
  class space    used 24535K, capacity 26957K, committed 27008K, reserved 1048576K
}
{Heap before GC invocations=444 (full 5):
 PSYoungGen      total 990720K, used 978490K [0x0000000781800000, 0x00000007c0000000, 0x00000007c0000000)
  eden space 956416K, 99% used [0x0000000781800000,0x00000007bbdc6c38,0x00000007bbe00000)
  from space 34304K, 65% used [0x00000007bde80000,0x00000007bf447d58,0x00000007c0000000)
  to   space 33280K, 0% used [0x00000007bbe00000,0x00000007bbe00000,0x00000007bde80000)
 ParOldGen       total 2252800K, used 460224K [0x00000006f8000000, 0x0000000781800000, 0x0000000781800000)
  object space 2252800K, 20% used [0x00000006f8000000,0x00000007141700a0,0x0000000781800000)
 Metaspace       used 200357K, capacity 218466K, committed 218688K, reserved 1241088K
  class space    used 24536K, capacity 26958K, committed 27008K, reserved 1048576K
2022-06-20T09:45:47.067+0800: 6319.360: [GC (Allocation Failure) [PSYoungGen: 978490K->17676K(989696K)] 1438714K->478060K(3242496K), 0.0192403 secs] [Times: user=0.05 sys=0.01, real=0.02 secs] 
Heap after GC invocations=444 (full 5):
 PSYoungGen      total 989696K, used 17676K [0x0000000781800000, 0x00000007c0000000, 0x00000007c0000000)
  eden space 956416K, 0% used [0x0000000781800000,0x0000000781800000,0x00000007bbe00000)
  from space 33280K, 53% used [0x00000007bbe00000,0x00000007bcf43070,0x00000007bde80000)
  to   space 32768K, 0% used [0x00000007be000000,0x00000007be000000,0x00000007c0000000)
 ParOldGen       total 2252800K, used 460384K [0x00000006f8000000, 0x0000000781800000, 0x0000000781800000)
  object space 2252800K, 20% used [0x00000006f8000000,0x0000000714198210,0x0000000781800000)
 Metaspace       used 200357K, capacity 218466K, committed 218688K, reserved 1241088K
  class space    used 24536K, capacity 26958K, committed 27008K, reserved 1048576K
}
{Heap before GC invocations=445 (full 5):
 PSYoungGen      total 989696K, used 974092K [0x0000000781800000, 0x00000007c0000000, 0x00000007c0000000)
  eden space 956416K, 100% used [0x0000000781800000,0x00000007bbe00000,0x00000007bbe00000)
  from space 33280K, 53% used [0x00000007bbe00000,0x00000007bcf43070,0x00000007bde80000)
  to   space 32768K, 0% used [0x00000007be000000,0x00000007be000000,0x00000007c0000000)
 ParOldGen       total 2252800K, used 460384K [0x00000006f8000000, 0x0000000781800000, 0x0000000781800000)
  object space 2252800K, 20% used [0x00000006f8000000,0x0000000714198210,0x0000000781800000)
 Metaspace       used 200357K, capacity 218466K, committed 218688K, reserved 1241088K
  class space    used 24536K, capacity 26958K, committed 27008K, reserved 1048576K
2022-06-20T09:45:47.427+0800: 6319.720: [GC (Allocation Failure) [PSYoungGen: 974092K->17702K(991744K)] 1434476K->478159K(3244544K), 0.0231302 secs] [Times: user=0.06 sys=0.01, real=0.02 secs] 
Heap after GC invocations=445 (full 5):
 PSYoungGen      total 991744K, used 17702K [0x0000000781800000, 0x00000007c0000000, 0x00000007c0000000)
  eden space 958976K, 0% used [0x0000000781800000,0x0000000781800000,0x00000007bc080000)
  from space 32768K, 54% used [0x00000007be000000,0x00000007bf149a38,0x00000007c0000000)
  to   space 32256K, 0% used [0x00000007bc080000,0x00000007bc080000,0x00000007be000000)
 ParOldGen       total 2252800K, used 460456K [0x00000006f8000000, 0x0000000781800000, 0x0000000781800000)
  object space 2252800K, 20% used [0x00000006f8000000,0x00000007141aa240,0x0000000781800000)
 Metaspace       used 200357K, capacity 218466K, committed 218688K, reserved 1241088K
  class space    used 24536K, capacity 26958K, committed 27008K, reserved 1048576K
}
{Heap before GC invocations=446 (full 5):
 PSYoungGen      total 991744K, used 976409K [0x0000000781800000, 0x00000007c0000000, 0x00000007c0000000)
  eden space 958976K, 99% used [0x0000000781800000,0x00000007bc03cc80,0x00000007bc080000)
  from space 32768K, 54% used [0x00000007be000000,0x00000007bf149a38,0x00000007c0000000)
  to   space 32256K, 0% used [0x00000007bc080000,0x00000007bc080000,0x00000007be000000)
 ParOldGen       total 2252800K, used 460456K [0x00000006f8000000, 0x0000000781800000, 0x0000000781800000)
  object space 2252800K, 20% used [0x00000006f8000000,0x00000007141aa240,0x0000000781800000)
 Metaspace       used 200357K, capacity 218466K, committed 218688K, reserved 1241088K
  class space    used 24536K, capacity 26958K, committed 27008K, reserved 1048576K
2022-06-20T09:45:51.497+0800: 6323.790: [GC (Allocation Failure) [PSYoungGen: 976409K->13642K(991232K)] 1436866K->478139K(3244032K), 0.0198632 secs] [Times: user=0.05 sys=0.01, real=0.02 secs] 
Heap after GC invocations=446 (full 5):
 PSYoungGen      total 991232K, used 13642K [0x0000000781800000, 0x00000007c0000000, 0x00000007c0000000)
  eden space 958976K, 0% used [0x0000000781800000,0x0000000781800000,0x00000007bc080000)
  from space 32256K, 42% used [0x00000007bc080000,0x00000007bcdd2ab8,0x00000007be000000)
  to   space 32768K, 0% used [0x00000007be000000,0x00000007be000000,0x00000007c0000000)
 ParOldGen       total 2252800K, used 464497K [0x00000006f8000000, 0x0000000781800000, 0x0000000781800000)
  object space 2252800K, 20% used [0x00000006f8000000,0x000000071459c440,0x0000000781800000)
 Metaspace       used 200357K, capacity 218466K, committed 218688K, reserved 1241088K
  class space    used 24536K, capacity 26958K, committed 27008K, reserved 1048576K
}
{Heap before GC invocations=447 (full 5):
 PSYoungGen      total 991232K, used 972618K [0x0000000781800000, 0x00000007c0000000, 0x00000007c0000000)
  eden space 958976K, 100% used [0x0000000781800000,0x00000007bc080000,0x00000007bc080000)
  from space 32256K, 42% used [0x00000007bc080000,0x00000007bcdd2ab8,0x00000007be000000)
  to   space 32768K, 0% used [0x00000007be000000,0x00000007be000000,0x00000007c0000000)
 ParOldGen       total 2252800K, used 464497K [0x00000006f8000000, 0x0000000781800000, 0x0000000781800000)
  object space 2252800K, 20% used [0x00000006f8000000,0x000000071459c440,0x0000000781800000)
 Metaspace       used 200357K, capacity 218466K, committed 218688K, reserved 1241088K
  class space    used 24536K, capacity 26958K, committed 27008K, reserved 1048576K
2022-06-20T09:45:58.011+0800: 6330.303: [GC (Allocation Failure) [PSYoungGen: 972618K->14736K(991232K)] 1437115K->479293K(3244032K), 0.0182603 secs] [Times: user=0.05 sys=0.00, real=0.02 secs] 
Heap after GC invocations=447 (full 5):
 PSYoungGen      total 991232K, used 14736K [0x0000000781800000, 0x00000007c0000000, 0x00000007c0000000)
  eden space 958464K, 0% used [0x0000000781800000,0x0000000781800000,0x00000007bc000000)
  from space 32768K, 44% used [0x00000007be000000,0x00000007bee64130,0x00000007c0000000)
  to   space 32768K, 0% used [0x00000007bc000000,0x00000007bc000000,0x00000007be000000)
 ParOldGen       total 2252800K, used 464556K [0x00000006f8000000, 0x0000000781800000, 0x0000000781800000)
  object space 2252800K, 20% used [0x00000006f8000000,0x00000007145ab2e0,0x0000000781800000)
 Metaspace       used 200357K, capacity 218466K, committed 218688K, reserved 1241088K
  class space    used 24536K, capacity 26958K, committed 27008K, reserved 1048576K
}
{Heap before GC invocations=448 (full 5):
 PSYoungGen      total 991232K, used 973200K [0x0000000781800000, 0x00000007c0000000, 0x00000007c0000000)
  eden space 958464K, 100% used [0x0000000781800000,0x00000007bc000000,0x00000007bc000000)
  from space 32768K, 44% used [0x00000007be000000,0x00000007bee64130,0x00000007c0000000)
  to   space 32768K, 0% used [0x00000007bc000000,0x00000007bc000000,0x00000007be000000)
 ParOldGen       total 2252800K, used 464556K [0x00000006f8000000, 0x0000000781800000, 0x0000000781800000)
  object space 2252800K, 20% used [0x00000006f8000000,0x00000007145ab2e0,0x0000000781800000)
 Metaspace       used 200376K, capacity 218530K, committed 218688K, reserved 1241088K
  class space    used 24536K, capacity 26958K, committed 27008K, reserved 1048576K
2022-06-20T09:46:12.387+0800: 6344.679: [GC (Allocation Failure) [PSYoungGen: 973200K->20383K(991232K)] 1437757K->485324K(3244032K), 0.0237225 secs] [Times: user=0.07 sys=0.00, real=0.02 secs] 
Heap after GC invocations=448 (full 5):
 PSYoungGen      total 991232K, used 20383K [0x0000000781800000, 0x00000007c0000000, 0x00000007c0000000)
  eden space 958464K, 0% used [0x0000000781800000,0x0000000781800000,0x00000007bc000000)
  from space 32768K, 62% used [0x00000007bc000000,0x00000007bd3e7c10,0x00000007be000000)
  to   space 31232K, 0% used [0x00000007be180000,0x00000007be180000,0x00000007c0000000)
 ParOldGen       total 2252800K, used 464941K [0x00000006f8000000, 0x0000000781800000, 0x0000000781800000)
  object space 2252800K, 20% used [0x00000006f8000000,0x000000071460b658,0x0000000781800000)
 Metaspace       used 200376K, capacity 218530K, committed 218688K, reserved 1241088K
  class space    used 24536K, capacity 26958K, committed 27008K, reserved 1048576K
}
{Heap before GC invocations=449 (full 5):
 PSYoungGen      total 991232K, used 978847K [0x0000000781800000, 0x00000007c0000000, 0x00000007c0000000)
  eden space 958464K, 100% used [0x0000000781800000,0x00000007bc000000,0x00000007bc000000)
  from space 32768K, 62% used [0x00000007bc000000,0x00000007bd3e7c10,0x00000007be000000)
  to   space 31232K, 0% used [0x00000007be180000,0x00000007be180000,0x00000007c0000000)
 ParOldGen       total 2252800K, used 464941K [0x00000006f8000000, 0x0000000781800000, 0x0000000781800000)
  object space 2252800K, 20% used [0x00000006f8000000,0x000000071460b658,0x0000000781800000)
 Metaspace       used 200378K, capacity 218538K, committed 218688K, reserved 1241088K
  class space    used 24536K, capacity 26958K, committed 27008K, reserved 1048576K
2022-06-20T09:46:17.884+0800: 6350.177: [GC (Allocation Failure) [PSYoungGen: 978847K->13547K(992768K)] 1443788K->478552K(3245568K), 0.0171759 secs] [Times: user=0.05 sys=0.00, real=0.02 secs] 
Heap after GC invocations=449 (full 5):
 PSYoungGen      total 992768K, used 13547K [0x0000000781800000, 0x00000007c0000000, 0x00000007c0000000)
  eden space 961536K, 0% used [0x0000000781800000,0x0000000781800000,0x00000007bc300000)
  from space 31232K, 43% used [0x00000007be180000,0x00000007beebac90,0x00000007c0000000)
  to   space 31232K, 0% used [0x00000007bc300000,0x00000007bc300000,0x00000007be180000)
 ParOldGen       total 2252800K, used 465005K [0x00000006f8000000, 0x0000000781800000, 0x0000000781800000)
  object space 2252800K, 20% used [0x00000006f8000000,0x000000071461b658,0x0000000781800000)
 Metaspace       used 200378K, capacity 218538K, committed 218688K, reserved 1241088K
  class space    used 24536K, capacity 26958K, committed 27008K, reserved 1048576K
}
{Heap before GC invocations=450 (full 5):
 PSYoungGen      total 992768K, used 975083K [0x0000000781800000, 0x00000007c0000000, 0x00000007c0000000)
  eden space 961536K, 100% used [0x0000000781800000,0x00000007bc300000,0x00000007bc300000)
  from space 31232K, 43% used [0x00000007be180000,0x00000007beebac90,0x00000007c0000000)
  to   space 31232K, 0% used [0x00000007bc300000,0x00000007bc300000,0x00000007be180000)
 ParOldGen       total 2252800K, used 465005K [0x00000006f8000000, 0x0000000781800000, 0x0000000781800000)
  object space 2252800K, 20% used [0x00000006f8000000,0x000000071461b658,0x0000000781800000)
 Metaspace       used 200394K, capacity 218538K, committed 218688K, reserved 1241088K
  class space    used 24536K, capacity 26958K, committed 27008K, reserved 1048576K
2022-06-20T09:46:23.644+0800: 6355.937: [GC (Allocation Failure) [PSYoungGen: 975083K->14267K(992768K)] 1440088K->479273K(3245568K), 0.0179949 secs] [Times: user=0.05 sys=0.00, real=0.02 secs] 
Heap after GC invocations=450 (full 5):
 PSYoungGen      total 992768K, used 14267K [0x0000000781800000, 0x00000007c0000000, 0x00000007c0000000)
  eden space 961536K, 0% used [0x0000000781800000,0x0000000781800000,0x00000007bc300000)
  from space 31232K, 45% used [0x00000007bc300000,0x00000007bd0eefc0,0x00000007be180000)
  to   space 31232K, 0% used [0x00000007be180000,0x00000007be180000,0x00000007c0000000)
 ParOldGen       total 2252800K, used 465005K [0x00000006f8000000, 0x0000000781800000, 0x0000000781800000)
  object space 2252800K, 20% used [0x00000006f8000000,0x000000071461b658,0x0000000781800000)
 Metaspace       used 200394K, capacity 218538K, committed 218688K, reserved 1241088K
  class space    used 24536K, capacity 26958K, committed 27008K, reserved 1048576K
}
{Heap before GC invocations=451 (full 5):
 PSYoungGen      total 992768K, used 975803K [0x0000000781800000, 0x00000007c0000000, 0x00000007c0000000)
  eden space 961536K, 100% used [0x0000000781800000,0x00000007bc300000,0x00000007bc300000)
  from space 31232K, 45% used [0x00000007bc300000,0x00000007bd0eefc0,0x00000007be180000)
  to   space 31232K, 0% used [0x00000007be180000,0x00000007be180000,0x00000007c0000000)
 ParOldGen       total 2252800K, used 465005K [0x00000006f8000000, 0x0000000781800000, 0x0000000781800000)
  object space 2252800K, 20% used [0x00000006f8000000,0x000000071461b658,0x0000000781800000)
 Metaspace       used 200394K, capacity 218538K, committed 218688K, reserved 1241088K
  class space    used 24536K, capacity 26958K, committed 27008K, reserved 1048576K
2022-06-20T09:46:42.343+0800: 6374.636: [GC (Allocation Failure) [PSYoungGen: 975803K->15067K(993280K)] 1440809K->480072K(3246080K), 0.0212211 secs] [Times: user=0.05 sys=0.02, real=0.02 secs] 
Heap after GC invocations=451 (full 5):
 PSYoungGen      total 993280K, used 15067K [0x0000000781800000, 0x00000007c0000000, 0x00000007c0000000)
  eden space 962048K, 0% used [0x0000000781800000,0x0000000781800000,0x00000007bc380000)
  from space 31232K, 48% used [0x00000007be180000,0x00000007bf036d80,0x00000007c0000000)
  to   space 30720K, 0% used [0x00000007bc380000,0x00000007bc380000,0x00000007be180000)
 ParOldGen       total 2252800K, used 465005K [0x00000006f8000000, 0x0000000781800000, 0x0000000781800000)
  object space 2252800K, 20% used [0x00000006f8000000,0x000000071461b658,0x0000000781800000)
 Metaspace       used 200394K, capacity 218538K, committed 218688K, reserved 1241088K
  class space    used 24536K, capacity 26958K, committed 27008K, reserved 1048576K
}
{Heap before GC invocations=452 (full 5):
 PSYoungGen      total 993280K, used 976819K [0x0000000781800000, 0x00000007c0000000, 0x00000007c0000000)
  eden space 962048K, 99% used [0x0000000781800000,0x00000007bc335f48,0x00000007bc380000)
  from space 31232K, 48% used [0x00000007be180000,0x00000007bf036d80,0x00000007c0000000)
  to   space 30720K, 0% used [0x00000007bc380000,0x00000007bc380000,0x00000007be180000)
 ParOldGen       total 2252800K, used 465005K [0x00000006f8000000, 0x0000000781800000, 0x0000000781800000)
  object space 2252800K, 20% used [0x00000006f8000000,0x000000071461b658,0x0000000781800000)
 Metaspace       used 200401K, capacity 218544K, committed 218688K, reserved 1241088K
  class space    used 24536K, capacity 26959K, committed 27008K, reserved 1048576K
2022-06-20T09:46:49.761+0800: 6382.054: [GC (Allocation Failure) [PSYoungGen: 976819K->14635K(992768K)] 1441824K->479640K(3245568K), 0.0171327 secs] [Times: user=0.05 sys=0.01, real=0.02 secs] 
Heap after GC invocations=452 (full 5):
 PSYoungGen      total 992768K, used 14635K [0x0000000781800000, 0x00000007c0000000, 0x00000007c0000000)
  eden space 962048K, 0% used [0x0000000781800000,0x0000000781800000,0x00000007bc380000)
  from space 30720K, 47% used [0x00000007bc380000,0x00000007bd1cad70,0x00000007be180000)
  to   space 30208K, 0% used [0x00000007be280000,0x00000007be280000,0x00000007c0000000)
 ParOldGen       total 2252800K, used 465005K [0x00000006f8000000, 0x0000000781800000, 0x0000000781800000)
  object space 2252800K, 20% used [0x00000006f8000000,0x000000071461b658,0x0000000781800000)
 Metaspace       used 200401K, capacity 218544K, committed 218688K, reserved 1241088K
  class space    used 24536K, capacity 26959K, committed 27008K, reserved 1048576K
}
{Heap before GC invocations=453 (full 5):
 PSYoungGen      total 992768K, used 976683K [0x0000000781800000, 0x00000007c0000000, 0x00000007c0000000)
  eden space 962048K, 100% used [0x0000000781800000,0x00000007bc380000,0x00000007bc380000)
  from space 30720K, 47% used [0x00000007bc380000,0x00000007bd1cad70,0x00000007be180000)
  to   space 30208K, 0% used [0x00000007be280000,0x00000007be280000,0x00000007c0000000)
 ParOldGen       total 2252800K, used 465005K [0x00000006f8000000, 0x0000000781800000, 0x0000000781800000)
  object space 2252800K, 20% used [0x00000006f8000000,0x000000071461b658,0x0000000781800000)
 Metaspace       used 200401K, capacity 218544K, committed 218688K, reserved 1241088K
  class space    used 24536K, capacity 26959K, committed 27008K, reserved 1048576K
2022-06-20T09:46:58.834+0800: 6391.127: [GC (Allocation Failure) [PSYoungGen: 976683K->14627K(994304K)] 1441688K->479754K(3247104K), 0.0161133 secs] [Times: user=0.05 sys=0.00, real=0.02 secs] 
Heap after GC invocations=453 (full 5):
 PSYoungGen      total 994304K, used 14627K [0x0000000781800000, 0x00000007c0000000, 0x00000007c0000000)
  eden space 964096K, 0% used [0x0000000781800000,0x0000000781800000,0x00000007bc580000)
  from space 30208K, 48% used [0x00000007be280000,0x00000007bf0c8ec0,0x00000007c0000000)
  to   space 29696K, 0% used [0x00000007bc580000,0x00000007bc580000,0x00000007be280000)
 ParOldGen       total 2252800K, used 465126K [0x00000006f8000000, 0x0000000781800000, 0x0000000781800000)
  object space 2252800K, 20% used [0x00000006f8000000,0x0000000714639b18,0x0000000781800000)
 Metaspace       used 200401K, capacity 218544K, committed 218688K, reserved 1241088K
  class space    used 24536K, capacity 26959K, committed 27008K, reserved 1048576K
}
{Heap before GC invocations=454 (full 5):
 PSYoungGen      total 994304K, used 978279K [0x0000000781800000, 0x00000007c0000000, 0x00000007c0000000)
  eden space 964096K, 99% used [0x0000000781800000,0x00000007bc511068,0x00000007bc580000)
  from space 30208K, 48% used [0x00000007be280000,0x00000007bf0c8ec0,0x00000007c0000000)
  to   space 29696K, 0% used [0x00000007bc580000,0x00000007bc580000,0x00000007be280000)
 ParOldGen       total 2252800K, used 465126K [0x00000006f8000000, 0x0000000781800000, 0x0000000781800000)
  object space 2252800K, 20% used [0x00000006f8000000,0x0000000714639b18,0x0000000781800000)
 Metaspace       used 200401K, capacity 218544K, committed 218688K, reserved 1241088K
  class space    used 24536K, capacity 26959K, committed 27008K, reserved 1048576K
2022-06-20T09:47:09.267+0800: 6401.560: [GC (Allocation Failure) [PSYoungGen: 978279K->14640K(993792K)] 1443406K->479798K(3246592K), 0.0179941 secs] [Times: user=0.05 sys=0.00, real=0.01 secs] 
Heap after GC invocations=454 (full 5):
 PSYoungGen      total 993792K, used 14640K [0x0000000781800000, 0x00000007c0000000, 0x00000007c0000000)
  eden space 964096K, 0% used [0x0000000781800000,0x0000000781800000,0x00000007bc580000)
  from space 29696K, 49% used [0x00000007bc580000,0x00000007bd3cc010,0x00000007be280000)
  to   space 28672K, 0% used [0x00000007be400000,0x00000007be400000,0x00000007c0000000)
 ParOldGen       total 2252800K, used 465158K [0x00000006f8000000, 0x0000000781800000, 0x0000000781800000)
  object space 2252800K, 20% used [0x00000006f8000000,0x0000000714641b18,0x0000000781800000)
 Metaspace       used 200401K, capacity 218544K, committed 218688K, reserved 1241088K
  class space    used 24536K, capacity 26959K, committed 27008K, reserved 1048576K
}
{Heap before GC invocations=455 (full 5):
 PSYoungGen      total 993792K, used 978736K [0x0000000781800000, 0x00000007c0000000, 0x00000007c0000000)
  eden space 964096K, 100% used [0x0000000781800000,0x00000007bc580000,0x00000007bc580000)
  from space 29696K, 49% used [0x00000007bc580000,0x00000007bd3cc010,0x00000007be280000)
  to   space 28672K, 0% used [0x00000007be400000,0x00000007be400000,0x00000007c0000000)
 ParOldGen       total 2252800K, used 465158K [0x00000006f8000000, 0x0000000781800000, 0x0000000781800000)
  object space 2252800K, 20% used [0x00000006f8000000,0x0000000714641b18,0x0000000781800000)
 Metaspace       used 200401K, capacity 218544K, committed 218688K, reserved 1241088K
  class space    used 24536K, capacity 26959K, committed 27008K, reserved 1048576K
2022-06-20T09:47:10.716+0800: 6403.009: [GC (Allocation Failure) [PSYoungGen: 978736K->14592K(995840K)] 1443894K->479820K(3248640K), 0.0172899 secs] [Times: user=0.05 sys=0.00, real=0.01 secs] 
Heap after GC invocations=455 (full 5):
 PSYoungGen      total 995840K, used 14592K [0x0000000781800000, 0x00000007c0000000, 0x00000007c0000000)
  eden space 967168K, 0% used [0x0000000781800000,0x0000000781800000,0x00000007bc880000)
  from space 28672K, 50% used [0x00000007be400000,0x00000007bf240000,0x00000007c0000000)
  to   space 28160K, 0% used [0x00000007bc880000,0x00000007bc880000,0x00000007be400000)
 ParOldGen       total 2252800K, used 465228K [0x00000006f8000000, 0x0000000781800000, 0x0000000781800000)
  object space 2252800K, 20% used [0x00000006f8000000,0x0000000714653180,0x0000000781800000)
 Metaspace       used 200401K, capacity 218544K, committed 218688K, reserved 1241088K
  class space    used 24536K, capacity 26959K, committed 27008K, reserved 1048576K
}
{Heap before GC invocations=456 (full 5):
 PSYoungGen      total 995840K, used 981760K [0x0000000781800000, 0x00000007c0000000, 0x00000007c0000000)
  eden space 967168K, 100% used [0x0000000781800000,0x00000007bc880000,0x00000007bc880000)
  from space 28672K, 50% used [0x00000007be400000,0x00000007bf240000,0x00000007c0000000)
  to   space 28160K, 0% used [0x00000007bc880000,0x00000007bc880000,0x00000007be400000)
 ParOldGen       total 2252800K, used 465228K [0x00000006f8000000, 0x0000000781800000, 0x0000000781800000)
  object space 2252800K, 20% used [0x00000006f8000000,0x0000000714653180,0x0000000781800000)
 Metaspace       used 200401K, capacity 218544K, committed 218688K, reserved 1241088K
  class space    used 24536K, capacity 26959K, committed 27008K, reserved 1048576K
2022-06-20T09:47:23.201+0800: 6415.494: [GC (Allocation Failure) [PSYoungGen: 981760K->13679K(995328K)] 1446988K->478932K(3248128K), 0.0196730 secs] [Times: user=0.06 sys=0.01, real=0.02 secs] 
Heap after GC invocations=456 (full 5):
 PSYoungGen      total 995328K, used 13679K [0x0000000781800000, 0x00000007c0000000, 0x00000007c0000000)
  eden space 967168K, 0% used [0x0000000781800000,0x0000000781800000,0x00000007bc880000)
  from space 28160K, 48% used [0x00000007bc880000,0x00000007bd5dbfd0,0x00000007be400000)
  to   space 27648K, 0% used [0x00000007be500000,0x00000007be500000,0x00000007c0000000)
 ParOldGen       total 2252800K, used 465252K [0x00000006f8000000, 0x0000000781800000, 0x0000000781800000)
  object space 2252800K, 20% used [0x00000006f8000000,0x0000000714659180,0x0000000781800000)
 Metaspace       used 200401K, capacity 218544K, committed 218688K, reserved 1241088K
  class space    used 24536K, capacity 26959K, committed 27008K, reserved 1048576K
}
{Heap before GC invocations=457 (full 5):
 PSYoungGen      total 995328K, used 980847K [0x0000000781800000, 0x00000007c0000000, 0x00000007c0000000)
  eden space 967168K, 100% used [0x0000000781800000,0x00000007bc880000,0x00000007bc880000)
  from space 28160K, 48% used [0x00000007bc880000,0x00000007bd5dbfd0,0x00000007be400000)
  to   space 27648K, 0% used [0x00000007be500000,0x00000007be500000,0x00000007c0000000)
 ParOldGen       total 2252800K, used 465252K [0x00000006f8000000, 0x0000000781800000, 0x0000000781800000)
  object space 2252800K, 20% used [0x00000006f8000000,0x0000000714659180,0x0000000781800000)
 Metaspace       used 200401K, capacity 218544K, committed 218688K, reserved 1241088K
  class space    used 24536K, capacity 26959K, committed 27008K, reserved 1048576K
2022-06-20T09:47:27.355+0800: 6419.648: [GC (Allocation Failure) [PSYoungGen: 980847K->13509K(996864K)] 1446100K->479340K(3249664K), 0.0185370 secs] [Times: user=0.05 sys=0.01, real=0.02 secs] 
Heap after GC invocations=457 (full 5):
 PSYoungGen      total 996864K, used 13509K [0x0000000781800000, 0x00000007c0000000, 0x00000007c0000000)
  eden space 969216K, 0% used [0x0000000781800000,0x0000000781800000,0x00000007bca80000)
  from space 27648K, 48% used [0x00000007be500000,0x00000007bf231638,0x00000007c0000000)
  to   space 27136K, 0% used [0x00000007bca80000,0x00000007bca80000,0x00000007be500000)
 ParOldGen       total 2252800K, used 465830K [0x00000006f8000000, 0x0000000781800000, 0x0000000781800000)
  object space 2252800K, 20% used [0x00000006f8000000,0x00000007146e9a28,0x0000000781800000)
 Metaspace       used 200401K, capacity 218544K, committed 218688K, reserved 1241088K
  class space    used 24536K, capacity 26959K, committed 27008K, reserved 1048576K
}
{Heap before GC invocations=458 (full 5):
 PSYoungGen      total 996864K, used 982725K [0x0000000781800000, 0x00000007c0000000, 0x00000007c0000000)
  eden space 969216K, 100% used [0x0000000781800000,0x00000007bca80000,0x00000007bca80000)
  from space 27648K, 48% used [0x00000007be500000,0x00000007bf231638,0x00000007c0000000)
  to   space 27136K, 0% used [0x00000007bca80000,0x00000007bca80000,0x00000007be500000)
 ParOldGen       total 2252800K, used 465830K [0x00000006f8000000, 0x0000000781800000, 0x0000000781800000)
  object space 2252800K, 20% used [0x00000006f8000000,0x00000007146e9a28,0x0000000781800000)
 Metaspace       used 200401K, capacity 218544K, committed 218688K, reserved 1241088K
  class space    used 24536K, capacity 26959K, committed 27008K, reserved 1048576K
2022-06-20T09:47:30.803+0800: 6423.096: [GC (Allocation Failure) [PSYoungGen: 982725K->12909K(996352K)] 1448556K->478867K(3249152K), 0.0189562 secs] [Times: user=0.06 sys=0.00, real=0.02 secs] 
Heap after GC invocations=458 (full 5):
 PSYoungGen      total 996352K, used 12909K [0x0000000781800000, 0x00000007c0000000, 0x00000007c0000000)
  eden space 969216K, 0% used [0x0000000781800000,0x0000000781800000,0x00000007bca80000)
  from space 27136K, 47% used [0x00000007bca80000,0x00000007bd71b538,0x00000007be500000)
  to   space 26624K, 0% used [0x00000007be600000,0x00000007be600000,0x00000007c0000000)
 ParOldGen       total 2252800K, used 465958K [0x00000006f8000000, 0x0000000781800000, 0x0000000781800000)
  object space 2252800K, 20% used [0x00000006f8000000,0x00000007147099d8,0x0000000781800000)
 Metaspace       used 200401K, capacity 218544K, committed 218688K, reserved 1241088K
  class space    used 24536K, capacity 26959K, committed 27008K, reserved 1048576K
}
{Heap before GC invocations=459 (full 5):
 PSYoungGen      total 996352K, used 982125K [0x0000000781800000, 0x00000007c0000000, 0x00000007c0000000)
  eden space 969216K, 100% used [0x0000000781800000,0x00000007bca80000,0x00000007bca80000)
  from space 27136K, 47% used [0x00000007bca80000,0x00000007bd71b538,0x00000007be500000)
  to   space 26624K, 0% used [0x00000007be600000,0x00000007be600000,0x00000007c0000000)
 ParOldGen       total 2252800K, used 465958K [0x00000006f8000000, 0x0000000781800000, 0x0000000781800000)
  object space 2252800K, 20% used [0x00000006f8000000,0x00000007147099d8,0x0000000781800000)
 Metaspace       used 200401K, capacity 218544K, committed 218688K, reserved 1241088K
  class space    used 24536K, capacity 26959K, committed 27008K, reserved 1048576K
2022-06-20T09:47:33.667+0800: 6425.960: [GC (Allocation Failure) [PSYoungGen: 982125K->13405K(997888K)] 1448083K->479403K(3250688K), 0.0166470 secs] [Times: user=0.05 sys=0.00, real=0.01 secs] 
Heap after GC invocations=459 (full 5):
 PSYoungGen      total 997888K, used 13405K [0x0000000781800000, 0x00000007c0000000, 0x00000007c0000000)
  eden space 971264K, 0% used [0x0000000781800000,0x0000000781800000,0x00000007bcc80000)
  from space 26624K, 50% used [0x00000007be600000,0x00000007bf317548,0x00000007c0000000)
  to   space 26112K, 0% used [0x00000007bcc80000,0x00000007bcc80000,0x00000007be600000)
 ParOldGen       total 2252800K, used 465997K [0x00000006f8000000, 0x0000000781800000, 0x0000000781800000)
  object space 2252800K, 20% used [0x00000006f8000000,0x00000007147137b8,0x0000000781800000)
 Metaspace       used 200401K, capacity 218544K, committed 218688K, reserved 1241088K
  class space    used 24536K, capacity 26959K, committed 27008K, reserved 1048576K
}
{Heap before GC invocations=460 (full 5):
 PSYoungGen      total 997888K, used 984669K [0x0000000781800000, 0x00000007c0000000, 0x00000007c0000000)
  eden space 971264K, 100% used [0x0000000781800000,0x00000007bcc80000,0x00000007bcc80000)
  from space 26624K, 50% used [0x00000007be600000,0x00000007bf317548,0x00000007c0000000)
  to   space 26112K, 0% used [0x00000007bcc80000,0x00000007bcc80000,0x00000007be600000)
 ParOldGen       total 2252800K, used 465997K [0x00000006f8000000, 0x0000000781800000, 0x0000000781800000)
  object space 2252800K, 20% used [0x00000006f8000000,0x00000007147137b8,0x0000000781800000)
 Metaspace       used 200408K, capacity 218544K, committed 218688K, reserved 1241088K
  class space    used 24536K, capacity 26959K, committed 27008K, reserved 1048576K
2022-06-20T09:47:45.212+0800: 6437.505: [GC (Allocation Failure) [PSYoungGen: 984669K->13229K(997376K)] 1450667K->479235K(3250176K), 0.0170151 secs] [Times: user=0.05 sys=0.00, real=0.02 secs] 
Heap after GC invocations=460 (full 5):
 PSYoungGen      total 997376K, used 13229K [0x0000000781800000, 0x00000007c0000000, 0x00000007c0000000)
  eden space 971264K, 0% used [0x0000000781800000,0x0000000781800000,0x00000007bcc80000)
  from space 26112K, 50% used [0x00000007bcc80000,0x00000007bd96b558,0x00000007be600000)
  to   space 25600K, 0% used [0x00000007be700000,0x00000007be700000,0x00000007c0000000)
 ParOldGen       total 2252800K, used 466005K [0x00000006f8000000, 0x0000000781800000, 0x0000000781800000)
  object space 2252800K, 20% used [0x00000006f8000000,0x00000007147157b8,0x0000000781800000)
 Metaspace       used 200408K, capacity 218544K, committed 218688K, reserved 1241088K
  class space    used 24536K, capacity 26959K, committed 27008K, reserved 1048576K
}
{Heap before GC invocations=461 (full 5):
 PSYoungGen      total 997376K, used 984493K [0x0000000781800000, 0x00000007c0000000, 0x00000007c0000000)
  eden space 971264K, 100% used [0x0000000781800000,0x00000007bcc80000,0x00000007bcc80000)
  from space 26112K, 50% used [0x00000007bcc80000,0x00000007bd96b558,0x00000007be600000)
  to   space 25600K, 0% used [0x00000007be700000,0x00000007be700000,0x00000007c0000000)
 ParOldGen       total 2252800K, used 466005K [0x00000006f8000000, 0x0000000781800000, 0x0000000781800000)
  object space 2252800K, 20% used [0x00000006f8000000,0x00000007147157b8,0x0000000781800000)
 Metaspace       used 200420K, capacity 218608K, committed 218688K, reserved 1241088K
  class space    used 24536K, capacity 26959K, committed 27008K, reserved 1048576K
2022-06-20T09:48:06.425+0800: 6458.718: [GC (Allocation Failure) [PSYoungGen: 984493K->13998K(998912K)] 1450499K->480037K(3251712K), 0.0156099 secs] [Times: user=0.04 sys=0.00, real=0.02 secs] 
Heap after GC invocations=461 (full 5):
 PSYoungGen      total 998912K, used 13998K [0x0000000781800000, 0x00000007c0000000, 0x00000007c0000000)
  eden space 973312K, 0% used [0x0000000781800000,0x0000000781800000,0x00000007bce80000)
  from space 25600K, 54% used [0x00000007be700000,0x00000007bf4ab9b8,0x00000007c0000000)
  to   space 25088K, 0% used [0x00000007bce80000,0x00000007bce80000,0x00000007be700000)
 ParOldGen       total 2252800K, used 466038K [0x00000006f8000000, 0x0000000781800000, 0x0000000781800000)
  object space 2252800K, 20% used [0x00000006f8000000,0x000000071471da90,0x0000000781800000)
 Metaspace       used 200420K, capacity 218608K, committed 218688K, reserved 1241088K
  class space    used 24536K, capacity 26959K, committed 27008K, reserved 1048576K
}
{Heap before GC invocations=462 (full 5):
 PSYoungGen      total 998912K, used 986846K [0x0000000781800000, 0x00000007c0000000, 0x00000007c0000000)
  eden space 973312K, 99% used [0x0000000781800000,0x00000007bce0bf70,0x00000007bce80000)
  from space 25600K, 54% used [0x00000007be700000,0x00000007bf4ab9b8,0x00000007c0000000)
  to   space 25088K, 0% used [0x00000007bce80000,0x00000007bce80000,0x00000007be700000)
 ParOldGen       total 2252800K, used 466038K [0x00000006f8000000, 0x0000000781800000, 0x0000000781800000)
  object space 2252800K, 20% used [0x00000006f8000000,0x000000071471da90,0x0000000781800000)
 Metaspace       used 200427K, capacity 218608K, committed 218688K, reserved 1241088K
  class space    used 24536K, capacity 26959K, committed 27008K, reserved 1048576K
2022-06-20T09:48:17.773+0800: 6470.066: [GC (Allocation Failure) [PSYoungGen: 986846K->12999K(998400K)] 1452884K->479092K(3251200K), 0.0153330 secs] [Times: user=0.05 sys=0.00, real=0.02 secs] 
Heap after GC invocations=462 (full 5):
 PSYoungGen      total 998400K, used 12999K [0x0000000781800000, 0x00000007c0000000, 0x00000007c0000000)
  eden space 973312K, 0% used [0x0000000781800000,0x0000000781800000,0x00000007bce80000)
  from space 25088K, 51% used [0x00000007bce80000,0x00000007bdb31f98,0x00000007be700000)
  to   space 24576K, 0% used [0x00000007be800000,0x00000007be800000,0x00000007c0000000)
 ParOldGen       total 2252800K, used 466092K [0x00000006f8000000, 0x0000000781800000, 0x0000000781800000)
  object space 2252800K, 20% used [0x00000006f8000000,0x000000071472b108,0x0000000781800000)
 Metaspace       used 200427K, capacity 218608K, committed 218688K, reserved 1241088K
  class space    used 24536K, capacity 26959K, committed 27008K, reserved 1048576K
}
{Heap before GC invocations=463 (full 5):
 PSYoungGen      total 998400K, used 986311K [0x0000000781800000, 0x00000007c0000000, 0x00000007c0000000)
  eden space 973312K, 100% used [0x0000000781800000,0x00000007bce80000,0x00000007bce80000)
  from space 25088K, 51% used [0x00000007bce80000,0x00000007bdb31f98,0x00000007be700000)
  to   space 24576K, 0% used [0x00000007be800000,0x00000007be800000,0x00000007c0000000)
 ParOldGen       total 2252800K, used 466092K [0x00000006f8000000, 0x0000000781800000, 0x0000000781800000)
  object space 2252800K, 20% used [0x00000006f8000000,0x000000071472b108,0x0000000781800000)
 Metaspace       used 200427K, capacity 218608K, committed 218688K, reserved 1241088K
  class space    used 24536K, capacity 26959K, committed 27008K, reserved 1048576K
2022-06-20T09:48:17.979+0800: 6470.272: [GC (Allocation Failure) [PSYoungGen: 986311K->12755K(999936K)] 1452404K->479118K(3252736K), 0.0164117 secs] [Times: user=0.05 sys=0.00, real=0.01 secs] 
Heap after GC invocations=463 (full 5):
 PSYoungGen      total 999936K, used 12755K [0x0000000781800000, 0x00000007c0000000, 0x00000007c0000000)
  eden space 975360K, 0% used [0x0000000781800000,0x0000000781800000,0x00000007bd080000)
  from space 24576K, 51% used [0x00000007be800000,0x00000007bf474ff0,0x00000007c0000000)
  to   space 24064K, 0% used [0x00000007bd080000,0x00000007bd080000,0x00000007be800000)
 ParOldGen       total 2252800K, used 466362K [0x00000006f8000000, 0x0000000781800000, 0x0000000781800000)
  object space 2252800K, 20% used [0x00000006f8000000,0x000000071476e980,0x0000000781800000)
 Metaspace       used 200427K, capacity 218608K, committed 218688K, reserved 1241088K
  class space    used 24536K, capacity 26959K, committed 27008K, reserved 1048576K
}
{Heap before GC invocations=464 (full 5):
 PSYoungGen      total 999936K, used 988115K [0x0000000781800000, 0x00000007c0000000, 0x00000007c0000000)
  eden space 975360K, 100% used [0x0000000781800000,0x00000007bd080000,0x00000007bd080000)
  from space 24576K, 51% used [0x00000007be800000,0x00000007bf474ff0,0x00000007c0000000)
  to   space 24064K, 0% used [0x00000007bd080000,0x00000007bd080000,0x00000007be800000)
 ParOldGen       total 2252800K, used 466362K [0x00000006f8000000, 0x0000000781800000, 0x0000000781800000)
  object space 2252800K, 20% used [0x00000006f8000000,0x000000071476e980,0x0000000781800000)
 Metaspace       used 200428K, capacity 218608K, committed 218688K, reserved 1241088K
  class space    used 24536K, capacity 26959K, committed 27008K, reserved 1048576K
2022-06-20T09:48:26.380+0800: 6478.672: [GC (Allocation Failure) [PSYoungGen: 988115K->12267K(999424K)] 1454478K->478758K(3252224K), 0.0191664 secs] [Times: user=0.06 sys=0.00, real=0.02 secs] 
Heap after GC invocations=464 (full 5):
 PSYoungGen      total 999424K, used 12267K [0x0000000781800000, 0x00000007c0000000, 0x00000007c0000000)
  eden space 975360K, 0% used [0x0000000781800000,0x0000000781800000,0x00000007bd080000)
  from space 24064K, 50% used [0x00000007bd080000,0x00000007bdc7ae80,0x00000007be800000)
  to   space 23552K, 0% used [0x00000007be900000,0x00000007be900000,0x00000007c0000000)
 ParOldGen       total 2252800K, used 466490K [0x00000006f8000000, 0x0000000781800000, 0x0000000781800000)
  object space 2252800K, 20% used [0x00000006f8000000,0x000000071478e9a0,0x0000000781800000)
 Metaspace       used 200428K, capacity 218608K, committed 218688K, reserved 1241088K
  class space    used 24536K, capacity 26959K, committed 27008K, reserved 1048576K
}
{Heap before GC invocations=465 (full 5):
 PSYoungGen      total 999424K, used 987522K [0x0000000781800000, 0x00000007c0000000, 0x00000007c0000000)
  eden space 975360K, 99% used [0x0000000781800000,0x00000007bd065b30,0x00000007bd080000)
  from space 24064K, 50% used [0x00000007bd080000,0x00000007bdc7ae80,0x00000007be800000)
  to   space 23552K, 0% used [0x00000007be900000,0x00000007be900000,0x00000007c0000000)
 ParOldGen       total 2252800K, used 466490K [0x00000006f8000000, 0x0000000781800000, 0x0000000781800000)
  object space 2252800K, 20% used [0x00000006f8000000,0x000000071478e9a0,0x0000000781800000)
 Metaspace       used 200428K, capacity 218608K, committed 218688K, reserved 1241088K
  class space    used 24536K, capacity 26959K, committed 27008K, reserved 1048576K
2022-06-20T09:48:30.869+0800: 6483.161: [GC (Allocation Failure) [PSYoungGen: 987522K->12251K(1000960K)] 1454012K->478813K(3253760K), 0.0137371 secs] [Times: user=0.05 sys=0.00, real=0.01 secs] 
Heap after GC invocations=465 (full 5):
 PSYoungGen      total 1000960K, used 12251K [0x0000000781800000, 0x00000007c0000000, 0x00000007c0000000)
  eden space 977408K, 0% used [0x0000000781800000,0x0000000781800000,0x00000007bd280000)
  from space 23552K, 52% used [0x00000007be900000,0x00000007bf4f6eb0,0x00000007c0000000)
  to   space 23040K, 0% used [0x00000007bd280000,0x00000007bd280000,0x00000007be900000)
 ParOldGen       total 2252800K, used 466561K [0x00000006f8000000, 0x0000000781800000, 0x0000000781800000)
  object space 2252800K, 20% used [0x00000006f8000000,0x00000007147a06e0,0x0000000781800000)
 Metaspace       used 200428K, capacity 218608K, committed 218688K, reserved 1241088K
  class space    used 24536K, capacity 26959K, committed 27008K, reserved 1048576K
}
{Heap before GC invocations=466 (full 5):
 PSYoungGen      total 1000960K, used 989659K [0x0000000781800000, 0x00000007c0000000, 0x00000007c0000000)
  eden space 977408K, 100% used [0x0000000781800000,0x00000007bd280000,0x00000007bd280000)
  from space 23552K, 52% used [0x00000007be900000,0x00000007bf4f6eb0,0x00000007c0000000)
  to   space 23040K, 0% used [0x00000007bd280000,0x00000007bd280000,0x00000007be900000)
 ParOldGen       total 2252800K, used 466561K [0x00000006f8000000, 0x0000000781800000, 0x0000000781800000)
  object space 2252800K, 20% used [0x00000006f8000000,0x00000007147a06e0,0x0000000781800000)
 Metaspace       used 200428K, capacity 218608K, committed 218688K, reserved 1241088K
  class space    used 24536K, capacity 26959K, committed 27008K, reserved 1048576K
2022-06-20T09:48:43.044+0800: 6495.337: [GC (Allocation Failure) [PSYoungGen: 989659K->12811K(1000448K)] 1456221K->479405K(3253248K), 0.0176444 secs] [Times: user=0.03 sys=0.00, real=0.02 secs] 
Heap after GC invocations=466 (full 5):
 PSYoungGen      total 1000448K, used 12811K [0x0000000781800000, 0x00000007c0000000, 0x00000007c0000000)
  eden space 977408K, 0% used [0x0000000781800000,0x0000000781800000,0x00000007bd280000)
  from space 23040K, 55% used [0x00000007bd280000,0x00000007bdf02ec0,0x00000007be900000)
  to   space 22528K, 0% used [0x00000007bea00000,0x00000007bea00000,0x00000007c0000000)
 ParOldGen       total 2252800K, used 466593K [0x00000006f8000000, 0x0000000781800000, 0x0000000781800000)
  object space 2252800K, 20% used [0x00000006f8000000,0x00000007147a86e0,0x0000000781800000)
 Metaspace       used 200428K, capacity 218608K, committed 218688K, reserved 1241088K
  class space    used 24536K, capacity 26959K, committed 27008K, reserved 1048576K
}
{Heap before GC invocations=467 (full 5):
 PSYoungGen      total 1000448K, used 990219K [0x0000000781800000, 0x00000007c0000000, 0x00000007c0000000)
  eden space 977408K, 100% used [0x0000000781800000,0x00000007bd280000,0x00000007bd280000)
  from space 23040K, 55% used [0x00000007bd280000,0x00000007bdf02ec0,0x00000007be900000)
  to   space 22528K, 0% used [0x00000007bea00000,0x00000007bea00000,0x00000007c0000000)
 ParOldGen       total 2252800K, used 466593K [0x00000006f8000000, 0x0000000781800000, 0x0000000781800000)
  object space 2252800K, 20% used [0x00000006f8000000,0x00000007147a86e0,0x0000000781800000)
 Metaspace       used 200428K, capacity 218608K, committed 218688K, reserved 1241088K
  class space    used 24536K, capacity 26959K, committed 27008K, reserved 1048576K
2022-06-20T09:48:51.219+0800: 6503.512: [GC (Allocation Failure) [PSYoungGen: 990219K->13134K(1001984K)] 1456813K->479768K(3254784K), 0.0181069 secs] [Times: user=0.05 sys=0.00, real=0.02 secs] 
Heap after GC invocations=467 (full 5):
 PSYoungGen      total 1001984K, used 13134K [0x0000000781800000, 0x00000007c0000000, 0x00000007c0000000)
  eden space 979456K, 0% used [0x0000000781800000,0x0000000781800000,0x00000007bd480000)
  from space 22528K, 58% used [0x00000007bea00000,0x00000007bf6d3958,0x00000007c0000000)
  to   space 22016K, 0% used [0x00000007bd480000,0x00000007bd480000,0x00000007bea00000)
 ParOldGen       total 2252800K, used 466633K [0x00000006f8000000, 0x0000000781800000, 0x0000000781800000)
  object space 2252800K, 20% used [0x00000006f8000000,0x00000007147b26f0,0x0000000781800000)
 Metaspace       used 200428K, capacity 218608K, committed 218688K, reserved 1241088K
  class space    used 24536K, capacity 26959K, committed 27008K, reserved 1048576K
}
{Heap before GC invocations=468 (full 5):
 PSYoungGen      total 1001984K, used 992590K [0x0000000781800000, 0x00000007c0000000, 0x00000007c0000000)
  eden space 979456K, 100% used [0x0000000781800000,0x00000007bd480000,0x00000007bd480000)
  from space 22528K, 58% used [0x00000007bea00000,0x00000007bf6d3958,0x00000007c0000000)
  to   space 22016K, 0% used [0x00000007bd480000,0x00000007bd480000,0x00000007bea00000)
 ParOldGen       total 2252800K, used 466633K [0x00000006f8000000, 0x0000000781800000, 0x0000000781800000)
  object space 2252800K, 20% used [0x00000006f8000000,0x00000007147b26f0,0x0000000781800000)
 Metaspace       used 200450K, capacity 218668K, committed 218944K, reserved 1241088K
  class space    used 24544K, capacity 26969K, committed 27008K, reserved 1048576K
2022-06-20T09:48:57.842+0800: 6510.135: [GC (Allocation Failure) [PSYoungGen: 992590K->13085K(1001472K)] 1459224K->479775K(3254272K), 0.0178717 secs] [Times: user=0.05 sys=0.00, real=0.02 secs] 
Heap after GC invocations=468 (full 5):
 PSYoungGen      total 1001472K, used 13085K [0x0000000781800000, 0x00000007c0000000, 0x00000007c0000000)
  eden space 979456K, 0% used [0x0000000781800000,0x0000000781800000,0x00000007bd480000)
  from space 22016K, 59% used [0x00000007bd480000,0x00000007be1476e0,0x00000007bea00000)
  to   space 21504K, 0% used [0x00000007beb00000,0x00000007beb00000,0x00000007c0000000)
 ParOldGen       total 2252800K, used 466689K [0x00000006f8000000, 0x0000000781800000, 0x0000000781800000)
  object space 2252800K, 20% used [0x00000006f8000000,0x00000007147c06f0,0x0000000781800000)
 Metaspace       used 200450K, capacity 218668K, committed 218944K, reserved 1241088K
  class space    used 24544K, capacity 26969K, committed 27008K, reserved 1048576K
}
{Heap before GC invocations=469 (full 5):
 PSYoungGen      total 1001472K, used 992541K [0x0000000781800000, 0x00000007c0000000, 0x00000007c0000000)
  eden space 979456K, 100% used [0x0000000781800000,0x00000007bd480000,0x00000007bd480000)
  from space 22016K, 59% used [0x00000007bd480000,0x00000007be1476e0,0x00000007bea00000)
  to   space 21504K, 0% used [0x00000007beb00000,0x00000007beb00000,0x00000007c0000000)
 ParOldGen       total 2252800K, used 466689K [0x00000006f8000000, 0x0000000781800000, 0x0000000781800000)
  object space 2252800K, 20% used [0x00000006f8000000,0x00000007147c06f0,0x0000000781800000)
 Metaspace       used 200469K, capacity 218722K, committed 218944K, reserved 1241088K
  class space    used 24551K, capacity 26978K, committed 27008K, reserved 1048576K
2022-06-20T09:49:06.010+0800: 6518.302: [GC (Allocation Failure) [PSYoungGen: 992541K->13262K(1003008K)] 1459231K->479952K(3255808K), 0.0145156 secs] [Times: user=0.05 sys=0.00, real=0.01 secs] 
Heap after GC invocations=469 (full 5):
 PSYoungGen      total 1003008K, used 13262K [0x0000000781800000, 0x00000007c0000000, 0x00000007c0000000)
  eden space 981504K, 0% used [0x0000000781800000,0x0000000781800000,0x00000007bd680000)
  from space 21504K, 61% used [0x00000007beb00000,0x00000007bf7f3a88,0x00000007c0000000)
  to   space 20992K, 0% used [0x00000007bd680000,0x00000007bd680000,0x00000007beb00000)
 ParOldGen       total 2252800K, used 466689K [0x00000006f8000000, 0x0000000781800000, 0x0000000781800000)
  object space 2252800K, 20% used [0x00000006f8000000,0x00000007147c06f0,0x0000000781800000)
 Metaspace       used 200469K, capacity 218722K, committed 218944K, reserved 1241088K
  class space    used 24551K, capacity 26978K, committed 27008K, reserved 1048576K
}
{Heap before GC invocations=470 (full 5):
 PSYoungGen      total 1003008K, used 994766K [0x0000000781800000, 0x00000007c0000000, 0x00000007c0000000)
  eden space 981504K, 100% used [0x0000000781800000,0x00000007bd680000,0x00000007bd680000)
  from space 21504K, 61% used [0x00000007beb00000,0x00000007bf7f3a88,0x00000007c0000000)
  to   space 20992K, 0% used [0x00000007bd680000,0x00000007bd680000,0x00000007beb00000)
 ParOldGen       total 2252800K, used 466689K [0x00000006f8000000, 0x0000000781800000, 0x0000000781800000)
  object space 2252800K, 20% used [0x00000006f8000000,0x00000007147c06f0,0x0000000781800000)
 Metaspace       used 200469K, capacity 218722K, committed 218944K, reserved 1241088K
  class space    used 24551K, capacity 26978K, committed 27008K, reserved 1048576K
2022-06-20T09:49:16.776+0800: 6529.068: [GC (Allocation Failure) [PSYoungGen: 994766K->14073K(1002496K)] 1461456K->480762K(3255296K), 0.0176111 secs] [Times: user=0.06 sys=0.00, real=0.02 secs] 
Heap after GC invocations=470 (full 5):
 PSYoungGen      total 1002496K, used 14073K [0x0000000781800000, 0x00000007c0000000, 0x00000007c0000000)
  eden space 981504K, 0% used [0x0000000781800000,0x0000000781800000,0x00000007bd680000)
  from space 20992K, 67% used [0x00000007bd680000,0x00000007be43e440,0x00000007beb00000)
  to   space 19968K, 0% used [0x00000007bec80000,0x00000007bec80000,0x00000007c0000000)
 ParOldGen       total 2252800K, used 466689K [0x00000006f8000000, 0x0000000781800000, 0x0000000781800000)
  object space 2252800K, 20% used [0x00000006f8000000,0x00000007147c06f0,0x0000000781800000)
 Metaspace       used 200469K, capacity 218722K, committed 218944K, reserved 1241088K
  class space    used 24551K, capacity 26978K, committed 27008K, reserved 1048576K
}
{Heap before GC invocations=471 (full 5):
 PSYoungGen      total 1002496K, used 995577K [0x0000000781800000, 0x00000007c0000000, 0x00000007c0000000)
  eden space 981504K, 100% used [0x0000000781800000,0x00000007bd680000,0x00000007bd680000)
  from space 20992K, 67% used [0x00000007bd680000,0x00000007be43e440,0x00000007beb00000)
  to   space 19968K, 0% used [0x00000007bec80000,0x00000007bec80000,0x00000007c0000000)
 ParOldGen       total 2252800K, used 466689K [0x00000006f8000000, 0x0000000781800000, 0x0000000781800000)
  object space 2252800K, 20% used [0x00000006f8000000,0x00000007147c06f0,0x0000000781800000)
 Metaspace       used 200485K, capacity 218722K, committed 218944K, reserved 1241088K
  class space    used 24551K, capacity 26978K, committed 27008K, reserved 1048576K
2022-06-20T09:49:32.323+0800: 6544.616: [GC (Allocation Failure) [PSYoungGen: 995577K->13385K(1004544K)] 1462266K->480074K(3257344K), 0.0145907 secs] [Times: user=0.04 sys=0.00, real=0.02 secs] 
Heap after GC invocations=471 (full 5):
 PSYoungGen      total 1004544K, used 13385K [0x0000000781800000, 0x00000007c0000000, 0x00000007c0000000)
  eden space 984576K, 0% used [0x0000000781800000,0x0000000781800000,0x00000007bd980000)
  from space 19968K, 67% used [0x00000007bec80000,0x00000007bf992470,0x00000007c0000000)
  to   space 19456K, 0% used [0x00000007bd980000,0x00000007bd980000,0x00000007bec80000)
 ParOldGen       total 2252800K, used 466689K [0x00000006f8000000, 0x0000000781800000, 0x0000000781800000)
  object space 2252800K, 20% used [0x00000006f8000000,0x00000007147c06f0,0x0000000781800000)
 Metaspace       used 200485K, capacity 218722K, committed 218944K, reserved 1241088K
  class space    used 24551K, capacity 26978K, committed 27008K, reserved 1048576K
}
{Heap before GC invocations=472 (full 5):
 PSYoungGen      total 1004544K, used 997714K [0x0000000781800000, 0x00000007c0000000, 0x00000007c0000000)
  eden space 984576K, 99% used [0x0000000781800000,0x00000007bd942440,0x00000007bd980000)
  from space 19968K, 67% used [0x00000007bec80000,0x00000007bf992470,0x00000007c0000000)
  to   space 19456K, 0% used [0x00000007bd980000,0x00000007bd980000,0x00000007bec80000)
 ParOldGen       total 2252800K, used 466689K [0x00000006f8000000, 0x0000000781800000, 0x0000000781800000)
  object space 2252800K, 20% used [0x00000006f8000000,0x00000007147c06f0,0x0000000781800000)
 Metaspace       used 200487K, capacity 218722K, committed 218944K, reserved 1241088K
  class space    used 24551K, capacity 26978K, committed 27008K, reserved 1048576K
2022-06-20T09:49:45.994+0800: 6558.286: [GC (Allocation Failure) [PSYoungGen: 997714K->14021K(1004032K)] 1464403K->480711K(3256832K), 0.0170698 secs] [Times: user=0.05 sys=0.00, real=0.02 secs] 
Heap after GC invocations=472 (full 5):
 PSYoungGen      total 1004032K, used 14021K [0x0000000781800000, 0x00000007c0000000, 0x00000007c0000000)
  eden space 984576K, 0% used [0x0000000781800000,0x0000000781800000,0x00000007bd980000)
  from space 19456K, 72% used [0x00000007bd980000,0x00000007be731758,0x00000007bec80000)
  to   space 18944K, 0% used [0x00000007bed80000,0x00000007bed80000,0x00000007c0000000)
 ParOldGen       total 2252800K, used 466689K [0x00000006f8000000, 0x0000000781800000, 0x0000000781800000)
  object space 2252800K, 20% used [0x00000006f8000000,0x00000007147c06f0,0x0000000781800000)
 Metaspace       used 200487K, capacity 218722K, committed 218944K, reserved 1241088K
  class space    used 24551K, capacity 26978K, committed 27008K, reserved 1048576K
}
{Heap before GC invocations=473 (full 5):
 PSYoungGen      total 1004032K, used 998597K [0x0000000781800000, 0x00000007c0000000, 0x00000007c0000000)
  eden space 984576K, 100% used [0x0000000781800000,0x00000007bd980000,0x00000007bd980000)
  from space 19456K, 72% used [0x00000007bd980000,0x00000007be731758,0x00000007bec80000)
  to   space 18944K, 0% used [0x00000007bed80000,0x00000007bed80000,0x00000007c0000000)
 ParOldGen       total 2252800K, used 466689K [0x00000006f8000000, 0x0000000781800000, 0x0000000781800000)
  object space 2252800K, 20% used [0x00000006f8000000,0x00000007147c06f0,0x0000000781800000)
 Metaspace       used 200487K, capacity 218722K, committed 218944K, reserved 1241088K
  class space    used 24551K, capacity 26978K, committed 27008K, reserved 1048576K
2022-06-20T09:50:08.845+0800: 6581.138: [GC (Allocation Failure) [PSYoungGen: 998597K->18412K(1001984K)] 1465287K->485134K(3254784K), 0.0185397 secs] [Times: user=0.06 sys=0.00, real=0.02 secs] 
Heap after GC invocations=473 (full 5):
 PSYoungGen      total 1001984K, used 18412K [0x0000000781800000, 0x00000007c0000000, 0x00000007c0000000)
  eden space 983040K, 0% used [0x0000000781800000,0x0000000781800000,0x00000007bd800000)
  from space 18944K, 97% used [0x00000007bed80000,0x00000007bff7b2c0,0x00000007c0000000)
  to   space 20480K, 0% used [0x00000007bd800000,0x00000007bd800000,0x00000007bec00000)
 ParOldGen       total 2252800K, used 466721K [0x00000006f8000000, 0x0000000781800000, 0x0000000781800000)
  object space 2252800K, 20% used [0x00000006f8000000,0x00000007147c86f0,0x0000000781800000)
 Metaspace       used 200487K, capacity 218722K, committed 218944K, reserved 1241088K
  class space    used 24551K, capacity 26978K, committed 27008K, reserved 1048576K
}
{Heap before GC invocations=474 (full 5):
 PSYoungGen      total 1001984K, used 1001207K [0x0000000781800000, 0x00000007c0000000, 0x00000007c0000000)
  eden space 983040K, 99% used [0x0000000781800000,0x00000007bd7c2cf8,0x00000007bd800000)
  from space 18944K, 97% used [0x00000007bed80000,0x00000007bff7b2c0,0x00000007c0000000)
  to   space 20480K, 0% used [0x00000007bd800000,0x00000007bd800000,0x00000007bec00000)
 ParOldGen       total 2252800K, used 466721K [0x00000006f8000000, 0x0000000781800000, 0x0000000781800000)
  object space 2252800K, 20% used [0x00000006f8000000,0x00000007147c86f0,0x0000000781800000)
 Metaspace       used 200489K, capacity 218722K, committed 218944K, reserved 1241088K
  class space    used 24551K, capacity 26978K, committed 27008K, reserved 1048576K
2022-06-20T09:50:23.433+0800: 6595.726: [GC (Allocation Failure) [PSYoungGen: 1001207K->12953K(1003520K)] 1467929K->479698K(3256320K), 0.0148865 secs] [Times: user=0.04 sys=0.00, real=0.02 secs] 
Heap after GC invocations=474 (full 5):
 PSYoungGen      total 1003520K, used 12953K [0x0000000781800000, 0x00000007c0000000, 0x00000007c0000000)
  eden space 983040K, 0% used [0x0000000781800000,0x0000000781800000,0x00000007bd800000)
  from space 20480K, 63% used [0x00000007bd800000,0x00000007be4a6440,0x00000007bec00000)
  to   space 19968K, 0% used [0x00000007bec80000,0x00000007bec80000,0x00000007c0000000)
 ParOldGen       total 2252800K, used 466745K [0x00000006f8000000, 0x0000000781800000, 0x0000000781800000)
  object space 2252800K, 20% used [0x00000006f8000000,0x00000007147ce6f0,0x0000000781800000)
 Metaspace       used 200489K, capacity 218722K, committed 218944K, reserved 1241088K
  class space    used 24551K, capacity 26978K, committed 27008K, reserved 1048576K
}
{Heap before GC invocations=475 (full 5):
 PSYoungGen      total 1003520K, used 995993K [0x0000000781800000, 0x00000007c0000000, 0x00000007c0000000)
  eden space 983040K, 100% used [0x0000000781800000,0x00000007bd800000,0x00000007bd800000)
  from space 20480K, 63% used [0x00000007bd800000,0x00000007be4a6440,0x00000007bec00000)
  to   space 19968K, 0% used [0x00000007bec80000,0x00000007bec80000,0x00000007c0000000)
 ParOldGen       total 2252800K, used 466745K [0x00000006f8000000, 0x0000000781800000, 0x0000000781800000)
  object space 2252800K, 20% used [0x00000006f8000000,0x00000007147ce6f0,0x0000000781800000)
 Metaspace       used 200489K, capacity 218722K, committed 218944K, reserved 1241088K
  class space    used 24551K, capacity 26978K, committed 27008K, reserved 1048576K
2022-06-20T09:50:26.571+0800: 6598.864: [GC (Allocation Failure) [PSYoungGen: 995993K->13137K(1004544K)] 1462738K->479915K(3257344K), 0.0128554 secs] [Times: user=0.04 sys=0.00, real=0.01 secs] 
Heap after GC invocations=475 (full 5):
 PSYoungGen      total 1004544K, used 13137K [0x0000000781800000, 0x00000007c0000000, 0x00000007c0000000)
  eden space 984576K, 0% used [0x0000000781800000,0x0000000781800000,0x00000007bd980000)
  from space 19968K, 65% used [0x00000007bec80000,0x00000007bf954540,0x00000007c0000000)
  to   space 19456K, 0% used [0x00000007bd980000,0x00000007bd980000,0x00000007bec80000)
 ParOldGen       total 2252800K, used 466777K [0x00000006f8000000, 0x0000000781800000, 0x0000000781800000)
  object space 2252800K, 20% used [0x00000006f8000000,0x00000007147d66f0,0x0000000781800000)
 Metaspace       used 200489K, capacity 218722K, committed 218944K, reserved 1241088K
  class space    used 24551K, capacity 26978K, committed 27008K, reserved 1048576K
}
{Heap before GC invocations=476 (full 5):
 PSYoungGen      total 1004544K, used 997713K [0x0000000781800000, 0x00000007c0000000, 0x00000007c0000000)
  eden space 984576K, 100% used [0x0000000781800000,0x00000007bd980000,0x00000007bd980000)
  from space 19968K, 65% used [0x00000007bec80000,0x00000007bf954540,0x00000007c0000000)
  to   space 19456K, 0% used [0x00000007bd980000,0x00000007bd980000,0x00000007bec80000)
 ParOldGen       total 2252800K, used 466777K [0x00000006f8000000, 0x0000000781800000, 0x0000000781800000)
  object space 2252800K, 20% used [0x00000006f8000000,0x00000007147d66f0,0x0000000781800000)
 Metaspace       used 200494K, capacity 218722K, committed 218944K, reserved 1241088K
  class space    used 24551K, capacity 26978K, committed 27008K, reserved 1048576K
2022-06-20T09:50:45.783+0800: 6618.076: [GC (Allocation Failure) [PSYoungGen: 997713K->13028K(1004032K)] 1464491K->479861K(3256832K), 0.0158783 secs] [Times: user=0.05 sys=0.00, real=0.02 secs] 
Heap after GC invocations=476 (full 5):
 PSYoungGen      total 1004032K, used 13028K [0x0000000781800000, 0x00000007c0000000, 0x00000007c0000000)
  eden space 984576K, 0% used [0x0000000781800000,0x0000000781800000,0x00000007bd980000)
  from space 19456K, 66% used [0x00000007bd980000,0x00000007be639190,0x00000007bec80000)
  to   space 19456K, 0% used [0x00000007bed00000,0x00000007bed00000,0x00000007c0000000)
 ParOldGen       total 2252800K, used 466833K [0x00000006f8000000, 0x0000000781800000, 0x0000000781800000)
  object space 2252800K, 20% used [0x00000006f8000000,0x00000007147e4640,0x0000000781800000)
 Metaspace       used 200494K, capacity 218722K, committed 218944K, reserved 1241088K
  class space    used 24551K, capacity 26978K, committed 27008K, reserved 1048576K
}
{Heap before GC invocations=477 (full 5):
 PSYoungGen      total 1004032K, used 997604K [0x0000000781800000, 0x00000007c0000000, 0x00000007c0000000)
  eden space 984576K, 100% used [0x0000000781800000,0x00000007bd980000,0x00000007bd980000)
  from space 19456K, 66% used [0x00000007bd980000,0x00000007be639190,0x00000007bec80000)
  to   space 19456K, 0% used [0x00000007bed00000,0x00000007bed00000,0x00000007c0000000)
 ParOldGen       total 2252800K, used 466833K [0x00000006f8000000, 0x0000000781800000, 0x0000000781800000)
  object space 2252800K, 20% used [0x00000006f8000000,0x00000007147e4640,0x0000000781800000)
 Metaspace       used 200495K, capacity 218722K, committed 218944K, reserved 1241088K
  class space    used 24551K, capacity 26978K, committed 27008K, reserved 1048576K
2022-06-20T09:51:03.465+0800: 6635.758: [GC (Allocation Failure) [PSYoungGen: 997604K->13956K(1005056K)] 1464437K->480813K(3257856K), 0.0174314 secs] [Times: user=0.05 sys=0.00, real=0.02 secs] 
Heap after GC invocations=477 (full 5):
 PSYoungGen      total 1005056K, used 13956K [0x0000000781800000, 0x00000007c0000000, 0x00000007c0000000)
  eden space 985600K, 0% used [0x0000000781800000,0x0000000781800000,0x00000007bda80000)
  from space 19456K, 71% used [0x00000007bed00000,0x00000007bfaa1190,0x00000007c0000000)
  to   space 18944K, 0% used [0x00000007bda80000,0x00000007bda80000,0x00000007bed00000)
 ParOldGen       total 2252800K, used 466857K [0x00000006f8000000, 0x0000000781800000, 0x0000000781800000)
  object space 2252800K, 20% used [0x00000006f8000000,0x00000007147ea640,0x0000000781800000)
 Metaspace       used 200495K, capacity 218722K, committed 218944K, reserved 1241088K
  class space    used 24551K, capacity 26978K, committed 27008K, reserved 1048576K
}
{Heap before GC invocations=478 (full 5):
 PSYoungGen      total 1005056K, used 999556K [0x0000000781800000, 0x00000007c0000000, 0x00000007c0000000)
  eden space 985600K, 100% used [0x0000000781800000,0x00000007bda80000,0x00000007bda80000)
  from space 19456K, 71% used [0x00000007bed00000,0x00000007bfaa1190,0x00000007c0000000)
  to   space 18944K, 0% used [0x00000007bda80000,0x00000007bda80000,0x00000007bed00000)
 ParOldGen       total 2252800K, used 466857K [0x00000006f8000000, 0x0000000781800000, 0x0000000781800000)
  object space 2252800K, 20% used [0x00000006f8000000,0x00000007147ea640,0x0000000781800000)
 Metaspace       used 200521K, capacity 218776K, committed 218944K, reserved 1241088K
  class space    used 24558K, capacity 26987K, committed 27008K, reserved 1048576K
2022-06-20T09:51:10.893+0800: 6643.186: [GC (Allocation Failure) [PSYoungGen: 999556K->15837K(1004544K)] 1466413K->482695K(3257344K), 0.0197593 secs] [Times: user=0.06 sys=0.00, real=0.02 secs] 
Heap after GC invocations=478 (full 5):
 PSYoungGen      total 1004544K, used 15837K [0x0000000781800000, 0x00000007c0000000, 0x00000007c0000000)
  eden space 985600K, 0% used [0x0000000781800000,0x0000000781800000,0x00000007bda80000)
  from space 18944K, 83% used [0x00000007bda80000,0x00000007be9f7770,0x00000007bed00000)
  to   space 18944K, 0% used [0x00000007bed80000,0x00000007bed80000,0x00000007c0000000)
 ParOldGen       total 2252800K, used 466857K [0x00000006f8000000, 0x0000000781800000, 0x0000000781800000)
  object space 2252800K, 20% used [0x00000006f8000000,0x00000007147ea640,0x0000000781800000)
 Metaspace       used 200521K, capacity 218776K, committed 218944K, reserved 1241088K
  class space    used 24558K, capacity 26987K, committed 27008K, reserved 1048576K
}
{Heap before GC invocations=479 (full 5):
 PSYoungGen      total 1004544K, used 1001437K [0x0000000781800000, 0x00000007c0000000, 0x00000007c0000000)
  eden space 985600K, 100% used [0x0000000781800000,0x00000007bda80000,0x00000007bda80000)
  from space 18944K, 83% used [0x00000007bda80000,0x00000007be9f7770,0x00000007bed00000)
  to   space 18944K, 0% used [0x00000007bed80000,0x00000007bed80000,0x00000007c0000000)
 ParOldGen       total 2252800K, used 466857K [0x00000006f8000000, 0x0000000781800000, 0x0000000781800000)
  object space 2252800K, 20% used [0x00000006f8000000,0x00000007147ea640,0x0000000781800000)
 Metaspace       used 200572K, capacity 218840K, committed 218944K, reserved 1241088K
  class space    used 24560K, capacity 26987K, committed 27008K, reserved 1048576K
2022-06-20T09:51:20.014+0800: 6652.307: [GC (Allocation Failure) [PSYoungGen: 1001437K->14139K(1005568K)] 1468295K->481037K(3258368K), 0.0207607 secs] [Times: user=0.05 sys=0.00, real=0.02 secs] 
Heap after GC invocations=479 (full 5):
 PSYoungGen      total 1005568K, used 14139K [0x0000000781800000, 0x00000007c0000000, 0x00000007c0000000)
  eden space 986624K, 0% used [0x0000000781800000,0x0000000781800000,0x00000007bdb80000)
  from space 18944K, 74% used [0x00000007bed80000,0x00000007bfb4ee90,0x00000007c0000000)
  to   space 18432K, 0% used [0x00000007bdb80000,0x00000007bdb80000,0x00000007bed80000)
 ParOldGen       total 2252800K, used 466897K [0x00000006f8000000, 0x0000000781800000, 0x0000000781800000)
  object space 2252800K, 20% used [0x00000006f8000000,0x00000007147f4650,0x0000000781800000)
 Metaspace       used 200572K, capacity 218840K, committed 218944K, reserved 1241088K
  class space    used 24560K, capacity 26987K, committed 27008K, reserved 1048576K
}
{Heap before GC invocations=480 (full 5):
 PSYoungGen      total 1005568K, used 1000763K [0x0000000781800000, 0x00000007c0000000, 0x00000007c0000000)
  eden space 986624K, 100% used [0x0000000781800000,0x00000007bdb80000,0x00000007bdb80000)
  from space 18944K, 74% used [0x00000007bed80000,0x00000007bfb4ee90,0x00000007c0000000)
  to   space 18432K, 0% used [0x00000007bdb80000,0x00000007bdb80000,0x00000007bed80000)
 ParOldGen       total 2252800K, used 466897K [0x00000006f8000000, 0x0000000781800000, 0x0000000781800000)
  object space 2252800K, 20% used [0x00000006f8000000,0x00000007147f4650,0x0000000781800000)
 Metaspace       used 200583K, capacity 218840K, committed 218944K, reserved 1241088K
  class space    used 24560K, capacity 26987K, committed 27008K, reserved 1048576K
2022-06-20T09:51:28.308+0800: 6660.601: [GC (Allocation Failure) [PSYoungGen: 1000763K->14617K(1005056K)] 1467661K->481539K(3257856K), 0.0201287 secs] [Times: user=0.05 sys=0.00, real=0.02 secs] 
Heap after GC invocations=480 (full 5):
 PSYoungGen      total 1005056K, used 14617K [0x0000000781800000, 0x00000007c0000000, 0x00000007c0000000)
  eden space 986624K, 0% used [0x0000000781800000,0x0000000781800000,0x00000007bdb80000)
  from space 18432K, 79% used [0x00000007bdb80000,0x00000007be9c6710,0x00000007bed80000)
  to   space 18432K, 0% used [0x00000007bee00000,0x00000007bee00000,0x00000007c0000000)
 ParOldGen       total 2252800K, used 466921K [0x00000006f8000000, 0x0000000781800000, 0x0000000781800000)
  object space 2252800K, 20% used [0x00000006f8000000,0x00000007147fa650,0x0000000781800000)
 Metaspace       used 200583K, capacity 218840K, committed 218944K, reserved 1241088K
  class space    used 24560K, capacity 26987K, committed 27008K, reserved 1048576K
}
{Heap before GC invocations=481 (full 5):
 PSYoungGen      total 1005056K, used 1001241K [0x0000000781800000, 0x00000007c0000000, 0x00000007c0000000)
  eden space 986624K, 100% used [0x0000000781800000,0x00000007bdb80000,0x00000007bdb80000)
  from space 18432K, 79% used [0x00000007bdb80000,0x00000007be9c6710,0x00000007bed80000)
  to   space 18432K, 0% used [0x00000007bee00000,0x00000007bee00000,0x00000007c0000000)
 ParOldGen       total 2252800K, used 466921K [0x00000006f8000000, 0x0000000781800000, 0x0000000781800000)
  object space 2252800K, 20% used [0x00000006f8000000,0x00000007147fa650,0x0000000781800000)
 Metaspace       used 200601K, capacity 218870K, committed 218944K, reserved 1241088K
  class space    used 24562K, capacity 26992K, committed 27008K, reserved 1048576K
2022-06-20T09:51:50.800+0800: 6683.093: [GC (Allocation Failure) [PSYoungGen: 1001241K->14147K(1006080K)] 1468163K->481100K(3258880K), 0.0226245 secs] [Times: user=0.07 sys=0.02, real=0.02 secs] 
Heap after GC invocations=481 (full 5):
 PSYoungGen      total 1006080K, used 14147K [0x0000000781800000, 0x00000007c0000000, 0x00000007c0000000)
  eden space 987648K, 0% used [0x0000000781800000,0x0000000781800000,0x00000007bdc80000)
  from space 18432K, 76% used [0x00000007bee00000,0x00000007bfbd0c60,0x00000007c0000000)
  to   space 17920K, 0% used [0x00000007bdc80000,0x00000007bdc80000,0x00000007bee00000)
 ParOldGen       total 2252800K, used 466953K [0x00000006f8000000, 0x0000000781800000, 0x0000000781800000)
  object space 2252800K, 20% used [0x00000006f8000000,0x0000000714802650,0x0000000781800000)
 Metaspace       used 200601K, capacity 218870K, committed 218944K, reserved 1241088K
  class space    used 24562K, capacity 26992K, committed 27008K, reserved 1048576K
}
{Heap before GC invocations=482 (full 5):
 PSYoungGen      total 1006080K, used 1001795K [0x0000000781800000, 0x00000007c0000000, 0x00000007c0000000)
  eden space 987648K, 100% used [0x0000000781800000,0x00000007bdc80000,0x00000007bdc80000)
  from space 18432K, 76% used [0x00000007bee00000,0x00000007bfbd0c60,0x00000007c0000000)
  to   space 17920K, 0% used [0x00000007bdc80000,0x00000007bdc80000,0x00000007bee00000)
 ParOldGen       total 2252800K, used 466953K [0x00000006f8000000, 0x0000000781800000, 0x0000000781800000)
  object space 2252800K, 20% used [0x00000006f8000000,0x0000000714802650,0x0000000781800000)
 Metaspace       used 200601K, capacity 218870K, committed 218944K, reserved 1241088K
  class space    used 24562K, capacity 26992K, committed 27008K, reserved 1048576K
2022-06-20T09:51:59.429+0800: 6691.722: [GC (Allocation Failure) [PSYoungGen: 1001795K->14118K(1005568K)] 1468748K->481121K(3258368K), 0.0174672 secs] [Times: user=0.05 sys=0.00, real=0.02 secs] 
Heap after GC invocations=482 (full 5):
 PSYoungGen      total 1005568K, used 14118K [0x0000000781800000, 0x00000007c0000000, 0x00000007c0000000)
  eden space 987648K, 0% used [0x0000000781800000,0x0000000781800000,0x00000007bdc80000)
  from space 17920K, 78% used [0x00000007bdc80000,0x00000007bea49818,0x00000007bee00000)
  to   space 17408K, 0% used [0x00000007bef00000,0x00000007bef00000,0x00000007c0000000)
 ParOldGen       total 2252800K, used 467003K [0x00000006f8000000, 0x0000000781800000, 0x0000000781800000)
  object space 2252800K, 20% used [0x00000006f8000000,0x000000071480efd8,0x0000000781800000)
 Metaspace       used 200601K, capacity 218870K, committed 218944K, reserved 1241088K
  class space    used 24562K, capacity 26992K, committed 27008K, reserved 1048576K
}
{Heap before GC invocations=483 (full 5):
 PSYoungGen      total 1005568K, used 1001766K [0x0000000781800000, 0x00000007c0000000, 0x00000007c0000000)
  eden space 987648K, 100% used [0x0000000781800000,0x00000007bdc80000,0x00000007bdc80000)
  from space 17920K, 78% used [0x00000007bdc80000,0x00000007bea49818,0x00000007bee00000)
  to   space 17408K, 0% used [0x00000007bef00000,0x00000007bef00000,0x00000007c0000000)
 ParOldGen       total 2252800K, used 467003K [0x00000006f8000000, 0x0000000781800000, 0x0000000781800000)
  object space 2252800K, 20% used [0x00000006f8000000,0x000000071480efd8,0x0000000781800000)
 Metaspace       used 200602K, capacity 218870K, committed 218944K, reserved 1241088K
  class space    used 24562K, capacity 26992K, committed 27008K, reserved 1048576K
2022-06-20T09:52:10.160+0800: 6702.453: [GC (Allocation Failure) [PSYoungGen: 1001766K->14153K(1006592K)] 1468769K->481248K(3259392K), 0.0165467 secs] [Times: user=0.05 sys=0.00, real=0.02 secs] 
Heap after GC invocations=483 (full 5):
 PSYoungGen      total 1006592K, used 14153K [0x0000000781800000, 0x00000007c0000000, 0x00000007c0000000)
  eden space 989184K, 0% used [0x0000000781800000,0x0000000781800000,0x00000007bde00000)
  from space 17408K, 81% used [0x00000007bef00000,0x00000007bfcd2568,0x00000007c0000000)
  to   space 17408K, 0% used [0x00000007bde00000,0x00000007bde00000,0x00000007bef00000)
 ParOldGen       total 2252800K, used 467095K [0x00000006f8000000, 0x0000000781800000, 0x0000000781800000)
  object space 2252800K, 20% used [0x00000006f8000000,0x0000000714825c10,0x0000000781800000)
 Metaspace       used 200602K, capacity 218870K, committed 218944K, reserved 1241088K
  class space    used 24562K, capacity 26992K, committed 27008K, reserved 1048576K
}
{Heap before GC invocations=484 (full 5):
 PSYoungGen      total 1006592K, used 1003337K [0x0000000781800000, 0x00000007c0000000, 0x00000007c0000000)
  eden space 989184K, 100% used [0x0000000781800000,0x00000007bde00000,0x00000007bde00000)
  from space 17408K, 81% used [0x00000007bef00000,0x00000007bfcd2568,0x00000007c0000000)
  to   space 17408K, 0% used [0x00000007bde00000,0x00000007bde00000,0x00000007bef00000)
 ParOldGen       total 2252800K, used 467095K [0x00000006f8000000, 0x0000000781800000, 0x0000000781800000)
  object space 2252800K, 20% used [0x00000006f8000000,0x0000000714825c10,0x0000000781800000)
 Metaspace       used 200604K, capacity 218870K, committed 218944K, reserved 1241088K
  class space    used 24562K, capacity 26992K, committed 27008K, reserved 1048576K
2022-06-20T09:52:19.364+0800: 6711.657: [GC (Allocation Failure) [PSYoungGen: 1003337K->13582K(1006592K)] 1470432K->480768K(3259392K), 0.0170926 secs] [Times: user=0.05 sys=0.00, real=0.02 secs] 
Heap after GC invocations=484 (full 5):
 PSYoungGen      total 1006592K, used 13582K [0x0000000781800000, 0x00000007c0000000, 0x00000007c0000000)
  eden space 989184K, 0% used [0x0000000781800000,0x0000000781800000,0x00000007bde00000)
  from space 17408K, 78% used [0x00000007bde00000,0x00000007beb43808,0x00000007bef00000)
  to   space 16896K, 0% used [0x00000007bef80000,0x00000007bef80000,0x00000007c0000000)
 ParOldGen       total 2252800K, used 467186K [0x00000006f8000000, 0x0000000781800000, 0x0000000781800000)
  object space 2252800K, 20% used [0x00000006f8000000,0x000000071483c970,0x0000000781800000)
 Metaspace       used 200604K, capacity 218870K, committed 218944K, reserved 1241088K
  class space    used 24562K, capacity 26992K, committed 27008K, reserved 1048576K
}
{Heap before GC invocations=485 (full 5):
 PSYoungGen      total 1006592K, used 1002766K [0x0000000781800000, 0x00000007c0000000, 0x00000007c0000000)
  eden space 989184K, 100% used [0x0000000781800000,0x00000007bde00000,0x00000007bde00000)
  from space 17408K, 78% used [0x00000007bde00000,0x00000007beb43808,0x00000007bef00000)
  to   space 16896K, 0% used [0x00000007bef80000,0x00000007bef80000,0x00000007c0000000)
 ParOldGen       total 2252800K, used 467186K [0x00000006f8000000, 0x0000000781800000, 0x0000000781800000)
  object space 2252800K, 20% used [0x00000006f8000000,0x000000071483c970,0x0000000781800000)
 Metaspace       used 200629K, capacity 218870K, committed 218944K, reserved 1241088K
  class space    used 24564K, capacity 26992K, committed 27008K, reserved 1048576K
2022-06-20T09:52:30.753+0800: 6723.046: [GC (Allocation Failure) [PSYoungGen: 1002766K->13661K(1007104K)] 1469952K->480887K(3259904K), 0.0184042 secs] [Times: user=0.05 sys=0.00, real=0.02 secs] 
Heap after GC invocations=485 (full 5):
 PSYoungGen      total 1007104K, used 13661K [0x0000000781800000, 0x00000007c0000000, 0x00000007c0000000)
  eden space 990208K, 0% used [0x0000000781800000,0x0000000781800000,0x00000007bdf00000)
  from space 16896K, 80% used [0x00000007bef80000,0x00000007bfcd75d8,0x00000007c0000000)
  to   space 16896K, 0% used [0x00000007bdf00000,0x00000007bdf00000,0x00000007bef80000)
 ParOldGen       total 2252800K, used 467226K [0x00000006f8000000, 0x0000000781800000, 0x0000000781800000)
  object space 2252800K, 20% used [0x00000006f8000000,0x00000007148468c0,0x0000000781800000)
 Metaspace       used 200629K, capacity 218870K, committed 218944K, reserved 1241088K
  class space    used 24564K, capacity 26992K, committed 27008K, reserved 1048576K
}
{Heap before GC invocations=486 (full 5):
 PSYoungGen      total 1007104K, used 1003869K [0x0000000781800000, 0x00000007c0000000, 0x00000007c0000000)
  eden space 990208K, 100% used [0x0000000781800000,0x00000007bdf00000,0x00000007bdf00000)
  from space 16896K, 80% used [0x00000007bef80000,0x00000007bfcd75d8,0x00000007c0000000)
  to   space 16896K, 0% used [0x00000007bdf00000,0x00000007bdf00000,0x00000007bef80000)
 ParOldGen       total 2252800K, used 467226K [0x00000006f8000000, 0x0000000781800000, 0x0000000781800000)
  object space 2252800K, 20% used [0x00000006f8000000,0x00000007148468c0,0x0000000781800000)
 Metaspace       used 200630K, capacity 218870K, committed 218944K, reserved 1241088K
  class space    used 24564K, capacity 26992K, committed 27008K, reserved 1048576K
2022-06-20T09:52:36.699+0800: 6728.992: [GC (Allocation Failure) [PSYoungGen: 1003869K->14285K(1007104K)] 1471095K->481688K(3259904K), 0.0174599 secs] [Times: user=0.05 sys=0.00, real=0.02 secs] 
Heap after GC invocations=486 (full 5):
 PSYoungGen      total 1007104K, used 14285K [0x0000000781800000, 0x00000007c0000000, 0x00000007c0000000)
  eden space 990208K, 0% used [0x0000000781800000,0x0000000781800000,0x00000007bdf00000)
  from space 16896K, 84% used [0x00000007bdf00000,0x00000007becf37c8,0x00000007bef80000)
  to   space 16896K, 0% used [0x00000007bef80000,0x00000007bef80000,0x00000007c0000000)
 ParOldGen       total 2252800K, used 467402K [0x00000006f8000000, 0x0000000781800000, 0x0000000781800000)
  object space 2252800K, 20% used [0x00000006f8000000,0x0000000714872850,0x0000000781800000)
 Metaspace       used 200630K, capacity 218870K, committed 218944K, reserved 1241088K
  class space    used 24564K, capacity 26992K, committed 27008K, reserved 1048576K
}
{Heap before GC invocations=487 (full 5):
 PSYoungGen      total 1007104K, used 1004493K [0x0000000781800000, 0x00000007c0000000, 0x00000007c0000000)
  eden space 990208K, 100% used [0x0000000781800000,0x00000007bdf00000,0x00000007bdf00000)
  from space 16896K, 84% used [0x00000007bdf00000,0x00000007becf37c8,0x00000007bef80000)
  to   space 16896K, 0% used [0x00000007bef80000,0x00000007bef80000,0x00000007c0000000)
 ParOldGen       total 2252800K, used 467402K [0x00000006f8000000, 0x0000000781800000, 0x0000000781800000)
  object space 2252800K, 20% used [0x00000006f8000000,0x0000000714872850,0x0000000781800000)
 Metaspace       used 200641K, capacity 218874K, committed 218944K, reserved 1241088K
  class space    used 24564K, capacity 26992K, committed 27008K, reserved 1048576K
2022-06-20T09:52:41.317+0800: 6733.609: [GC (Allocation Failure) [PSYoungGen: 1004493K->14221K(1007616K)] 1471896K->481697K(3260416K), 0.0183226 secs] [Times: user=0.05 sys=0.00, real=0.01 secs] 
Heap after GC invocations=487 (full 5):
 PSYoungGen      total 1007616K, used 14221K [0x0000000781800000, 0x00000007c0000000, 0x00000007c0000000)
  eden space 990720K, 0% used [0x0000000781800000,0x0000000781800000,0x00000007bdf80000)
  from space 16896K, 84% used [0x00000007bef80000,0x00000007bfd637e8,0x00000007c0000000)
  to   space 16384K, 0% used [0x00000007bdf80000,0x00000007bdf80000,0x00000007bef80000)
 ParOldGen       total 2252800K, used 467475K [0x00000006f8000000, 0x0000000781800000, 0x0000000781800000)
  object space 2252800K, 20% used [0x00000006f8000000,0x0000000714884d78,0x0000000781800000)
 Metaspace       used 200641K, capacity 218874K, committed 218944K, reserved 1241088K
  class space    used 24564K, capacity 26992K, committed 27008K, reserved 1048576K
}
{Heap before GC invocations=488 (full 5):
 PSYoungGen      total 1007616K, used 1004584K [0x0000000781800000, 0x00000007c0000000, 0x00000007c0000000)
  eden space 990720K, 99% used [0x0000000781800000,0x00000007bdf26970,0x00000007bdf80000)
  from space 16896K, 84% used [0x00000007bef80000,0x00000007bfd637e8,0x00000007c0000000)
  to   space 16384K, 0% used [0x00000007bdf80000,0x00000007bdf80000,0x00000007bef80000)
 ParOldGen       total 2252800K, used 467475K [0x00000006f8000000, 0x0000000781800000, 0x0000000781800000)
  object space 2252800K, 20% used [0x00000006f8000000,0x0000000714884d78,0x0000000781800000)
 Metaspace       used 200641K, capacity 218874K, committed 218944K, reserved 1241088K
  class space    used 24564K, capacity 26992K, committed 27008K, reserved 1048576K
2022-06-20T09:52:46.363+0800: 6738.656: [GC (Allocation Failure) [PSYoungGen: 1004584K->13935K(1007104K)] 1472059K->481442K(3259904K), 0.0168862 secs] [Times: user=0.05 sys=0.01, real=0.02 secs] 
Heap after GC invocations=488 (full 5):
 PSYoungGen      total 1007104K, used 13935K [0x0000000781800000, 0x00000007c0000000, 0x00000007c0000000)
  eden space 990720K, 0% used [0x0000000781800000,0x0000000781800000,0x00000007bdf80000)
  from space 16384K, 85% used [0x00000007bdf80000,0x00000007bed1bc28,0x00000007bef80000)
  to   space 16384K, 0% used [0x00000007bf000000,0x00000007bf000000,0x00000007c0000000)
 ParOldGen       total 2252800K, used 467507K [0x00000006f8000000, 0x0000000781800000, 0x0000000781800000)
  object space 2252800K, 20% used [0x00000006f8000000,0x000000071488cd78,0x0000000781800000)
 Metaspace       used 200641K, capacity 218874K, committed 218944K, reserved 1241088K
  class space    used 24564K, capacity 26992K, committed 27008K, reserved 1048576K
}
{Heap before GC invocations=489 (full 5):
 PSYoungGen      total 1007104K, used 1004655K [0x0000000781800000, 0x00000007c0000000, 0x00000007c0000000)
  eden space 990720K, 100% used [0x0000000781800000,0x00000007bdf80000,0x00000007bdf80000)
  from space 16384K, 85% used [0x00000007bdf80000,0x00000007bed1bc28,0x00000007bef80000)
  to   space 16384K, 0% used [0x00000007bf000000,0x00000007bf000000,0x00000007c0000000)
 ParOldGen       total 2252800K, used 467507K [0x00000006f8000000, 0x0000000781800000, 0x0000000781800000)
  object space 2252800K, 20% used [0x00000006f8000000,0x000000071488cd78,0x0000000781800000)
 Metaspace       used 200661K, capacity 218928K, committed 218944K, reserved 1241088K
  class space    used 24570K, capacity 27001K, committed 27008K, reserved 1048576K
2022-06-20T09:52:51.211+0800: 6743.503: [GC (Allocation Failure) [PSYoungGen: 1004655K->13998K(1007616K)] 1472162K->481537K(3260416K), 0.0228312 secs] [Times: user=0.05 sys=0.02, real=0.02 secs] 
Heap after GC invocations=489 (full 5):
 PSYoungGen      total 1007616K, used 13998K [0x0000000781800000, 0x00000007c0000000, 0x00000007c0000000)
  eden space 991232K, 0% used [0x0000000781800000,0x0000000781800000,0x00000007be000000)
  from space 16384K, 85% used [0x00000007bf000000,0x00000007bfdaba08,0x00000007c0000000)
  to   space 16384K, 0% used [0x00000007be000000,0x00000007be000000,0x00000007bf000000)
 ParOldGen       total 2252800K, used 467539K [0x00000006f8000000, 0x0000000781800000, 0x0000000781800000)
  object space 2252800K, 20% used [0x00000006f8000000,0x0000000714894d78,0x0000000781800000)
 Metaspace       used 200661K, capacity 218928K, committed 218944K, reserved 1241088K
  class space    used 24570K, capacity 27001K, committed 27008K, reserved 1048576K
}
{Heap before GC invocations=490 (full 5):
 PSYoungGen      total 1007616K, used 1004871K [0x0000000781800000, 0x00000007c0000000, 0x00000007c0000000)
  eden space 991232K, 99% used [0x0000000781800000,0x00000007bdfa63f0,0x00000007be000000)
  from space 16384K, 85% used [0x00000007bf000000,0x00000007bfdaba08,0x00000007c0000000)
  to   space 16384K, 0% used [0x00000007be000000,0x00000007be000000,0x00000007bf000000)
 ParOldGen       total 2252800K, used 467539K [0x00000006f8000000, 0x0000000781800000, 0x0000000781800000)
  object space 2252800K, 20% used [0x00000006f8000000,0x0000000714894d78,0x0000000781800000)
 Metaspace       used 200735K, capacity 219172K, committed 219328K, reserved 1241088K
  class space    used 24593K, capacity 27031K, committed 27136K, reserved 1048576K
2022-06-20T09:53:08.573+0800: 6760.866: [GC (Allocation Failure) [PSYoungGen: 1004871K->16363K(1007616K)] 1472410K->486070K(3260416K), 0.0151669 secs] [Times: user=0.05 sys=0.01, real=0.02 secs] 
Heap after GC invocations=490 (full 5):
 PSYoungGen      total 1007616K, used 16363K [0x0000000781800000, 0x00000007c0000000, 0x00000007c0000000)
  eden space 991232K, 0% used [0x0000000781800000,0x0000000781800000,0x00000007be000000)
  from space 16384K, 99% used [0x00000007be000000,0x00000007beffad40,0x00000007bf000000)
  to   space 16384K, 0% used [0x00000007bf000000,0x00000007bf000000,0x00000007c0000000)
 ParOldGen       total 2252800K, used 469707K [0x00000006f8000000, 0x0000000781800000, 0x0000000781800000)
  object space 2252800K, 20% used [0x00000006f8000000,0x0000000714ab2d78,0x0000000781800000)
 Metaspace       used 200735K, capacity 219172K, committed 219328K, reserved 1241088K
  class space    used 24593K, capacity 27031K, committed 27136K, reserved 1048576K
}
{Heap before GC invocations=491 (full 5):
 PSYoungGen      total 1007616K, used 1007595K [0x0000000781800000, 0x00000007c0000000, 0x00000007c0000000)
  eden space 991232K, 100% used [0x0000000781800000,0x00000007be000000,0x00000007be000000)
  from space 16384K, 99% used [0x00000007be000000,0x00000007beffad40,0x00000007bf000000)
  to   space 16384K, 0% used [0x00000007bf000000,0x00000007bf000000,0x00000007c0000000)
 ParOldGen       total 2252800K, used 469707K [0x00000006f8000000, 0x0000000781800000, 0x0000000781800000)
  object space 2252800K, 20% used [0x00000006f8000000,0x0000000714ab2d78,0x0000000781800000)
 Metaspace       used 200735K, capacity 219172K, committed 219328K, reserved 1241088K
  class space    used 24593K, capacity 27031K, committed 27136K, reserved 1048576K
2022-06-20T09:53:22.243+0800: 6774.536: [GC (Allocation Failure) [PSYoungGen: 1007595K->16367K(1003520K)] 1477302K->487624K(3256320K), 0.0213977 secs] [Times: user=0.06 sys=0.00, real=0.02 secs] 
Heap after GC invocations=491 (full 5):
 PSYoungGen      total 1003520K, used 16367K [0x0000000781800000, 0x00000007c0000000, 0x00000007c0000000)
  eden space 987136K, 0% used [0x0000000781800000,0x0000000781800000,0x00000007bdc00000)
  from space 16384K, 99% used [0x00000007bf000000,0x00000007bfffbd60,0x00000007c0000000)
  to   space 18432K, 0% used [0x00000007bdc00000,0x00000007bdc00000,0x00000007bee00000)
 ParOldGen       total 2252800K, used 471257K [0x00000006f8000000, 0x0000000781800000, 0x0000000781800000)
  object space 2252800K, 20% used [0x00000006f8000000,0x0000000714c36660,0x0000000781800000)
 Metaspace       used 200735K, capacity 219172K, committed 219328K, reserved 1241088K
  class space    used 24593K, capacity 27031K, committed 27136K, reserved 1048576K
}
{Heap before GC invocations=492 (full 5):
 PSYoungGen      total 1003520K, used 1003503K [0x0000000781800000, 0x00000007c0000000, 0x00000007c0000000)
  eden space 987136K, 100% used [0x0000000781800000,0x00000007bdc00000,0x00000007bdc00000)
  from space 16384K, 99% used [0x00000007bf000000,0x00000007bfffbd60,0x00000007c0000000)
  to   space 18432K, 0% used [0x00000007bdc00000,0x00000007bdc00000,0x00000007bee00000)
 ParOldGen       total 2252800K, used 471257K [0x00000006f8000000, 0x0000000781800000, 0x0000000781800000)
  object space 2252800K, 20% used [0x00000006f8000000,0x0000000714c36660,0x0000000781800000)
 Metaspace       used 200838K, capacity 219280K, committed 219584K, reserved 1241088K
  class space    used 24606K, capacity 27069K, committed 27136K, reserved 1048576K
2022-06-20T09:53:31.310+0800: 6783.603: [GC (Allocation Failure) [PSYoungGen: 1003503K->18000K(1005568K)] 1474760K->489567K(3258368K), 0.0230135 secs] [Times: user=0.06 sys=0.00, real=0.02 secs] 
Heap after GC invocations=492 (full 5):
 PSYoungGen      total 1005568K, used 18000K [0x0000000781800000, 0x00000007c0000000, 0x00000007c0000000)
  eden space 987136K, 0% used [0x0000000781800000,0x0000000781800000,0x00000007bdc00000)
  from space 18432K, 97% used [0x00000007bdc00000,0x00000007bed94268,0x00000007bee00000)
  to   space 18432K, 0% used [0x00000007bee00000,0x00000007bee00000,0x00000007c0000000)
 ParOldGen       total 2252800K, used 471566K [0x00000006f8000000, 0x0000000781800000, 0x0000000781800000)
  object space 2252800K, 20% used [0x00000006f8000000,0x0000000714c839c8,0x0000000781800000)
 Metaspace       used 200838K, capacity 219280K, committed 219584K, reserved 1241088K
  class space    used 24606K, capacity 27069K, committed 27136K, reserved 1048576K
}
{Heap before GC invocations=493 (full 5):
 PSYoungGen      total 1005568K, used 1005136K [0x0000000781800000, 0x00000007c0000000, 0x00000007c0000000)
  eden space 987136K, 100% used [0x0000000781800000,0x00000007bdc00000,0x00000007bdc00000)
  from space 18432K, 97% used [0x00000007bdc00000,0x00000007bed94268,0x00000007bee00000)
  to   space 18432K, 0% used [0x00000007bee00000,0x00000007bee00000,0x00000007c0000000)
 ParOldGen       total 2252800K, used 471566K [0x00000006f8000000, 0x0000000781800000, 0x0000000781800000)
  object space 2252800K, 20% used [0x00000006f8000000,0x0000000714c839c8,0x0000000781800000)
 Metaspace       used 200881K, capacity 219394K, committed 219584K, reserved 1241088K
  class space    used 24621K, capacity 27088K, committed 27136K, reserved 1048576K
2022-06-20T09:53:46.908+0800: 6799.201: [GC (Allocation Failure) [PSYoungGen: 1005136K->18403K(1002496K)] 1476703K->489992K(3255296K), 0.0152609 secs] [Times: user=0.04 sys=0.00, real=0.01 secs] 
Heap after GC invocations=493 (full 5):
 PSYoungGen      total 1002496K, used 18403K [0x0000000781800000, 0x00000007c0000000, 0x00000007c0000000)
  eden space 984064K, 0% used [0x0000000781800000,0x0000000781800000,0x00000007bd900000)
  from space 18432K, 99% used [0x00000007bee00000,0x00000007bfff8c18,0x00000007c0000000)
  to   space 19968K, 0% used [0x00000007bd900000,0x00000007bd900000,0x00000007bec80000)
 ParOldGen       total 2252800K, used 471589K [0x00000006f8000000, 0x0000000781800000, 0x0000000781800000)
  object space 2252800K, 20% used [0x00000006f8000000,0x0000000714c89428,0x0000000781800000)
 Metaspace       used 200881K, capacity 219394K, committed 219584K, reserved 1241088K
  class space    used 24621K, capacity 27088K, committed 27136K, reserved 1048576K
}
{Heap before GC invocations=494 (full 5):
 PSYoungGen      total 1002496K, used 1002467K [0x0000000781800000, 0x00000007c0000000, 0x00000007c0000000)
  eden space 984064K, 100% used [0x0000000781800000,0x00000007bd900000,0x00000007bd900000)
  from space 18432K, 99% used [0x00000007bee00000,0x00000007bfff8c18,0x00000007c0000000)
  to   space 19968K, 0% used [0x00000007bd900000,0x00000007bd900000,0x00000007bec80000)
 ParOldGen       total 2252800K, used 471589K [0x00000006f8000000, 0x0000000781800000, 0x0000000781800000)
  object space 2252800K, 20% used [0x00000006f8000000,0x0000000714c89428,0x0000000781800000)
 Metaspace       used 201979K, capacity 220468K, committed 220736K, reserved 1243136K
  class space    used 24803K, capacity 27250K, committed 27264K, reserved 1048576K
2022-06-20T09:53:54.984+0800: 6807.276: [GC (Allocation Failure) [PSYoungGen: 1002467K->18664K(1003008K)] 1474056K->490476K(3255808K), 0.0181424 secs] [Times: user=0.08 sys=0.00, real=0.02 secs] 
Heap after GC invocations=494 (full 5):
 PSYoungGen      total 1003008K, used 18664K [0x0000000781800000, 0x00000007c0000000, 0x00000007c0000000)
  eden space 984064K, 0% used [0x0000000781800000,0x0000000781800000,0x00000007bd900000)
  from space 18944K, 98% used [0x00000007bd900000,0x00000007beb3a250,0x00000007beb80000)
  to   space 20992K, 0% used [0x00000007beb80000,0x00000007beb80000,0x00000007c0000000)
 ParOldGen       total 2252800K, used 471812K [0x00000006f8000000, 0x0000000781800000, 0x0000000781800000)
  object space 2252800K, 20% used [0x00000006f8000000,0x0000000714cc1030,0x0000000781800000)
 Metaspace       used 201979K, capacity 220468K, committed 220736K, reserved 1243136K
  class space    used 24803K, capacity 27250K, committed 27264K, reserved 1048576K
}
{Heap before GC invocations=495 (full 5):
 PSYoungGen      total 1003008K, used 1002728K [0x0000000781800000, 0x00000007c0000000, 0x00000007c0000000)
  eden space 984064K, 100% used [0x0000000781800000,0x00000007bd900000,0x00000007bd900000)
  from space 18944K, 98% used [0x00000007bd900000,0x00000007beb3a250,0x00000007beb80000)
  to   space 20992K, 0% used [0x00000007beb80000,0x00000007beb80000,0x00000007c0000000)
 ParOldGen       total 2252800K, used 471812K [0x00000006f8000000, 0x0000000781800000, 0x0000000781800000)
  object space 2252800K, 20% used [0x00000006f8000000,0x0000000714cc1030,0x0000000781800000)
 Metaspace       used 203594K, capacity 222100K, committed 222400K, reserved 1245184K
  class space    used 25077K, capacity 27538K, committed 27648K, reserved 1048576K
2022-06-20T09:53:55.908+0800: 6808.201: [GC (Allocation Failure) [PSYoungGen: 1002728K->18779K(1001984K)] 1474540K->490591K(3254784K), 0.0200728 secs] [Times: user=0.06 sys=0.01, real=0.02 secs] 
Heap after GC invocations=495 (full 5):
 PSYoungGen      total 1001984K, used 18779K [0x0000000781800000, 0x00000007c0000000, 0x00000007c0000000)
  eden space 980992K, 0% used [0x0000000781800000,0x0000000781800000,0x00000007bd600000)
  from space 20992K, 89% used [0x00000007beb80000,0x00000007bfdd6cb8,0x00000007c0000000)
  to   space 21504K, 0% used [0x00000007bd600000,0x00000007bd600000,0x00000007beb00000)
 ParOldGen       total 2252800K, used 471812K [0x00000006f8000000, 0x0000000781800000, 0x0000000781800000)
  object space 2252800K, 20% used [0x00000006f8000000,0x0000000714cc1030,0x0000000781800000)
 Metaspace       used 203594K, capacity 222100K, committed 222400K, reserved 1245184K
  class space    used 25077K, capacity 27538K, committed 27648K, reserved 1048576K
}
{Heap before GC invocations=496 (full 5):
 PSYoungGen      total 1001984K, used 999581K [0x0000000781800000, 0x00000007c0000000, 0x00000007c0000000)
  eden space 980992K, 99% used [0x0000000781800000,0x00000007bd5d0978,0x00000007bd600000)
  from space 20992K, 89% used [0x00000007beb80000,0x00000007bfdd6cb8,0x00000007c0000000)
  to   space 21504K, 0% used [0x00000007bd600000,0x00000007bd600000,0x00000007beb00000)
 ParOldGen       total 2252800K, used 471812K [0x00000006f8000000, 0x0000000781800000, 0x0000000781800000)
  object space 2252800K, 20% used [0x00000006f8000000,0x0000000714cc1030,0x0000000781800000)
 Metaspace       used 204220K, capacity 222718K, committed 222912K, reserved 1245184K
  class space    used 25156K, capacity 27609K, committed 27648K, reserved 1048576K
2022-06-20T09:54:04.060+0800: 6816.353: [GC (Allocation Failure) [PSYoungGen: 999581K->18874K(999936K)] 1471393K->490686K(3252736K), 0.0193817 secs] [Times: user=0.05 sys=0.00, real=0.02 secs] 
Heap after GC invocations=496 (full 5):
 PSYoungGen      total 999936K, used 18874K [0x0000000781800000, 0x00000007c0000000, 0x00000007c0000000)
  eden space 980992K, 0% used [0x0000000781800000,0x0000000781800000,0x00000007bd600000)
  from space 18944K, 99% used [0x00000007bd600000,0x00000007be86eab8,0x00000007be880000)
  to   space 22016K, 0% used [0x00000007bea80000,0x00000007bea80000,0x00000007c0000000)
 ParOldGen       total 2252800K, used 471812K [0x00000006f8000000, 0x0000000781800000, 0x0000000781800000)
  object space 2252800K, 20% used [0x00000006f8000000,0x0000000714cc1030,0x0000000781800000)
 Metaspace       used 204220K, capacity 222718K, committed 222912K, reserved 1245184K
  class space    used 25156K, capacity 27609K, committed 27648K, reserved 1048576K
}
{Heap before GC invocations=497 (full 5):
 PSYoungGen      total 999936K, used 999866K [0x0000000781800000, 0x00000007c0000000, 0x00000007c0000000)
  eden space 980992K, 100% used [0x0000000781800000,0x00000007bd600000,0x00000007bd600000)
  from space 18944K, 99% used [0x00000007bd600000,0x00000007be86eab8,0x00000007be880000)
  to   space 22016K, 0% used [0x00000007bea80000,0x00000007bea80000,0x00000007c0000000)
 ParOldGen       total 2252800K, used 471812K [0x00000006f8000000, 0x0000000781800000, 0x0000000781800000)
  object space 2252800K, 20% used [0x00000006f8000000,0x0000000714cc1030,0x0000000781800000)
 Metaspace       used 204222K, capacity 222718K, committed 222912K, reserved 1245184K
  class space    used 25156K, capacity 27609K, committed 27648K, reserved 1048576K
2022-06-20T09:54:13.672+0800: 6825.965: [GC (Allocation Failure) [PSYoungGen: 999866K->18533K(1000960K)] 1471678K->490377K(3253760K), 0.0196199 secs] [Times: user=0.05 sys=0.00, real=0.02 secs] 
Heap after GC invocations=497 (full 5):
 PSYoungGen      total 1000960K, used 18533K [0x0000000781800000, 0x00000007c0000000, 0x00000007c0000000)
  eden space 978944K, 0% used [0x0000000781800000,0x0000000781800000,0x00000007bd400000)
  from space 22016K, 84% used [0x00000007bea80000,0x00000007bfc99430,0x00000007c0000000)
  to   space 22528K, 0% used [0x00000007bd400000,0x00000007bd400000,0x00000007bea00000)
 ParOldGen       total 2252800K, used 471844K [0x00000006f8000000, 0x0000000781800000, 0x0000000781800000)
  object space 2252800K, 20% used [0x00000006f8000000,0x0000000714cc9030,0x0000000781800000)
 Metaspace       used 204222K, capacity 222718K, committed 222912K, reserved 1245184K
  class space    used 25156K, capacity 27609K, committed 27648K, reserved 1048576K
}
{Heap before GC invocations=498 (full 5):
 PSYoungGen      total 1000960K, used 997477K [0x0000000781800000, 0x00000007c0000000, 0x00000007c0000000)
  eden space 978944K, 100% used [0x0000000781800000,0x00000007bd400000,0x00000007bd400000)
  from space 22016K, 84% used [0x00000007bea80000,0x00000007bfc99430,0x00000007c0000000)
  to   space 22528K, 0% used [0x00000007bd400000,0x00000007bd400000,0x00000007bea00000)
 ParOldGen       total 2252800K, used 471844K [0x00000006f8000000, 0x0000000781800000, 0x0000000781800000)
  object space 2252800K, 20% used [0x00000006f8000000,0x0000000714cc9030,0x0000000781800000)
 Metaspace       used 204249K, capacity 222772K, committed 222912K, reserved 1245184K
  class space    used 25163K, capacity 27618K, committed 27648K, reserved 1048576K
2022-06-20T09:54:29.820+0800: 6842.113: [GC (Allocation Failure) [PSYoungGen: 997477K->18301K(1001472K)] 1469321K->490218K(3254272K), 0.0168047 secs] [Times: user=0.05 sys=0.00, real=0.02 secs] 
Heap after GC invocations=498 (full 5):
 PSYoungGen      total 1001472K, used 18301K [0x0000000781800000, 0x00000007c0000000, 0x00000007c0000000)
  eden space 978944K, 0% used [0x0000000781800000,0x0000000781800000,0x00000007bd400000)
  from space 22528K, 81% used [0x00000007bd400000,0x00000007be5df400,0x00000007bea00000)
  to   space 22528K, 0% used [0x00000007bea00000,0x00000007bea00000,0x00000007c0000000)
 ParOldGen       total 2252800K, used 471917K [0x00000006f8000000, 0x0000000781800000, 0x0000000781800000)
  object space 2252800K, 20% used [0x00000006f8000000,0x0000000714cdb7a8,0x0000000781800000)
 Metaspace       used 204249K, capacity 222772K, committed 222912K, reserved 1245184K
  class space    used 25163K, capacity 27618K, committed 27648K, reserved 1048576K
}
{Heap before GC invocations=499 (full 5):
 PSYoungGen      total 1001472K, used 997245K [0x0000000781800000, 0x00000007c0000000, 0x00000007c0000000)
  eden space 978944K, 100% used [0x0000000781800000,0x00000007bd400000,0x00000007bd400000)
  from space 22528K, 81% used [0x00000007bd400000,0x00000007be5df400,0x00000007bea00000)
  to   space 22528K, 0% used [0x00000007bea00000,0x00000007bea00000,0x00000007c0000000)
 ParOldGen       total 2252800K, used 471917K [0x00000006f8000000, 0x0000000781800000, 0x0000000781800000)
  object space 2252800K, 20% used [0x00000006f8000000,0x0000000714cdb7a8,0x0000000781800000)
 Metaspace       used 204375K, capacity 223118K, committed 223296K, reserved 1245184K
  class space    used 25198K, capacity 27665K, committed 27776K, reserved 1048576K
2022-06-20T09:54:37.340+0800: 6849.633: [GC (Allocation Failure) [PSYoungGen: 997245K->18353K(1001472K)] 1469162K->490302K(3254272K), 0.0221748 secs] [Times: user=0.06 sys=0.01, real=0.02 secs] 
Heap after GC invocations=499 (full 5):
 PSYoungGen      total 1001472K, used 18353K [0x0000000781800000, 0x00000007c0000000, 0x00000007c0000000)
  eden space 978944K, 0% used [0x0000000781800000,0x0000000781800000,0x00000007bd400000)
  from space 22528K, 81% used [0x00000007bea00000,0x00000007bfbec430,0x00000007c0000000)
  to   space 22528K, 0% used [0x00000007bd400000,0x00000007bd400000,0x00000007bea00000)
 ParOldGen       total 2252800K, used 471949K [0x00000006f8000000, 0x0000000781800000, 0x0000000781800000)
  object space 2252800K, 20% used [0x00000006f8000000,0x0000000714ce37a8,0x0000000781800000)
 Metaspace       used 204375K, capacity 223118K, committed 223296K, reserved 1245184K
  class space    used 25198K, capacity 27665K, committed 27776K, reserved 1048576K
}
{Heap before GC invocations=500 (full 5):
 PSYoungGen      total 1001472K, used 997297K [0x0000000781800000, 0x00000007c0000000, 0x00000007c0000000)
  eden space 978944K, 100% used [0x0000000781800000,0x00000007bd400000,0x00000007bd400000)
  from space 22528K, 81% used [0x00000007bea00000,0x00000007bfbec430,0x00000007c0000000)
  to   space 22528K, 0% used [0x00000007bd400000,0x00000007bd400000,0x00000007bea00000)
 ParOldGen       total 2252800K, used 471949K [0x00000006f8000000, 0x0000000781800000, 0x0000000781800000)
  object space 2252800K, 20% used [0x00000006f8000000,0x0000000714ce37a8,0x0000000781800000)
 Metaspace       used 204376K, capacity 223118K, committed 223296K, reserved 1245184K
  class space    used 25198K, capacity 27665K, committed 27776K, reserved 1048576K
2022-06-20T09:54:54.638+0800: 6866.930: [GC (Allocation Failure) [PSYoungGen: 997297K->18606K(1001472K)] 1469246K->490640K(3254272K), 0.0190802 secs] [Times: user=0.06 sys=0.00, real=0.02 secs] 
Heap after GC invocations=500 (full 5):
 PSYoungGen      total 1001472K, used 18606K [0x0000000781800000, 0x00000007c0000000, 0x00000007c0000000)
  eden space 978944K, 0% used [0x0000000781800000,0x0000000781800000,0x00000007bd400000)
  from space 22528K, 82% used [0x00000007bd400000,0x00000007be62bad0,0x00000007bea00000)
  to   space 22528K, 0% used [0x00000007bea00000,0x00000007bea00000,0x00000007c0000000)
 ParOldGen       total 2252800K, used 472033K [0x00000006f8000000, 0x0000000781800000, 0x0000000781800000)
  object space 2252800K, 20% used [0x00000006f8000000,0x0000000714cf87b8,0x0000000781800000)
 Metaspace       used 204376K, capacity 223118K, committed 223296K, reserved 1245184K
  class space    used 25198K, capacity 27665K, committed 27776K, reserved 1048576K
}
{Heap before GC invocations=501 (full 5):
 PSYoungGen      total 1001472K, used 997188K [0x0000000781800000, 0x00000007c0000000, 0x00000007c0000000)
  eden space 978944K, 99% used [0x0000000781800000,0x00000007bd3a5828,0x00000007bd400000)
  from space 22528K, 82% used [0x00000007bd400000,0x00000007be62bad0,0x00000007bea00000)
  to   space 22528K, 0% used [0x00000007bea00000,0x00000007bea00000,0x00000007c0000000)
 ParOldGen       total 2252800K, used 472033K [0x00000006f8000000, 0x0000000781800000, 0x0000000781800000)
  object space 2252800K, 20% used [0x00000006f8000000,0x0000000714cf87b8,0x0000000781800000)
 Metaspace       used 204376K, capacity 223118K, committed 223296K, reserved 1245184K
  class space    used 25198K, capacity 27665K, committed 27776K, reserved 1048576K
2022-06-20T09:55:03.860+0800: 6876.153: [GC (Allocation Failure) [PSYoungGen: 997188K->19773K(1000448K)] 1469222K->491851K(3253248K), 0.0188085 secs] [Times: user=0.06 sys=0.00, real=0.02 secs] 
Heap after GC invocations=501 (full 5):
 PSYoungGen      total 1000448K, used 19773K [0x0000000781800000, 0x00000007c0000000, 0x00000007c0000000)
  eden space 977920K, 0% used [0x0000000781800000,0x0000000781800000,0x00000007bd300000)
  from space 22528K, 87% used [0x00000007bea00000,0x00000007bfd4f660,0x00000007c0000000)
  to   space 23040K, 0% used [0x00000007bd300000,0x00000007bd300000,0x00000007be980000)
 ParOldGen       total 2252800K, used 472077K [0x00000006f8000000, 0x0000000781800000, 0x0000000781800000)
  object space 2252800K, 20% used [0x00000006f8000000,0x0000000714d037e0,0x0000000781800000)
 Metaspace       used 204376K, capacity 223118K, committed 223296K, reserved 1245184K
  class space    used 25198K, capacity 27665K, committed 27776K, reserved 1048576K
}
{Heap before GC invocations=502 (full 5):
 PSYoungGen      total 1000448K, used 997693K [0x0000000781800000, 0x00000007c0000000, 0x00000007c0000000)
  eden space 977920K, 100% used [0x0000000781800000,0x00000007bd300000,0x00000007bd300000)
  from space 22528K, 87% used [0x00000007bea00000,0x00000007bfd4f660,0x00000007c0000000)
  to   space 23040K, 0% used [0x00000007bd300000,0x00000007bd300000,0x00000007be980000)
 ParOldGen       total 2252800K, used 472077K [0x00000006f8000000, 0x0000000781800000, 0x0000000781800000)
  object space 2252800K, 20% used [0x00000006f8000000,0x0000000714d037e0,0x0000000781800000)
 Metaspace       used 204377K, capacity 223118K, committed 223296K, reserved 1245184K
  class space    used 25198K, capacity 27665K, committed 27776K, reserved 1048576K
2022-06-20T09:55:09.173+0800: 6881.466: [GC (Allocation Failure) [PSYoungGen: 997693K->19521K(1000960K)] 1469771K->491632K(3253760K), 0.0189038 secs] [Times: user=0.05 sys=0.00, real=0.02 secs] 
Heap after GC invocations=502 (full 5):
 PSYoungGen      total 1000960K, used 19521K [0x0000000781800000, 0x00000007c0000000, 0x00000007c0000000)
  eden space 977920K, 0% used [0x0000000781800000,0x0000000781800000,0x00000007bd300000)
  from space 23040K, 84% used [0x00000007bd300000,0x00000007be6106c0,0x00000007be980000)
  to   space 23040K, 0% used [0x00000007be980000,0x00000007be980000,0x00000007c0000000)
 ParOldGen       total 2252800K, used 472110K [0x00000006f8000000, 0x0000000781800000, 0x0000000781800000)
  object space 2252800K, 20% used [0x00000006f8000000,0x0000000714d0b948,0x0000000781800000)
 Metaspace       used 204377K, capacity 223118K, committed 223296K, reserved 1245184K
  class space    used 25198K, capacity 27665K, committed 27776K, reserved 1048576K
}
{Heap before GC invocations=503 (full 5):
 PSYoungGen      total 1000960K, used 997441K [0x0000000781800000, 0x00000007c0000000, 0x00000007c0000000)
  eden space 977920K, 100% used [0x0000000781800000,0x00000007bd300000,0x00000007bd300000)
  from space 23040K, 84% used [0x00000007bd300000,0x00000007be6106c0,0x00000007be980000)
  to   space 23040K, 0% used [0x00000007be980000,0x00000007be980000,0x00000007c0000000)
 ParOldGen       total 2252800K, used 472110K [0x00000006f8000000, 0x0000000781800000, 0x0000000781800000)
  object space 2252800K, 20% used [0x00000006f8000000,0x0000000714d0b948,0x0000000781800000)
 Metaspace       used 204377K, capacity 223118K, committed 223296K, reserved 1245184K
  class space    used 25198K, capacity 27665K, committed 27776K, reserved 1048576K
2022-06-20T09:55:18.312+0800: 6890.605: [GC (Allocation Failure) [PSYoungGen: 997441K->18238K(1000960K)] 1469552K->490380K(3253760K), 0.0208933 secs] [Times: user=0.05 sys=0.02, real=0.02 secs] 
Heap after GC invocations=503 (full 5):
 PSYoungGen      total 1000960K, used 18238K [0x0000000781800000, 0x00000007c0000000, 0x00000007c0000000)
  eden space 977920K, 0% used [0x0000000781800000,0x0000000781800000,0x00000007bd300000)
  from space 23040K, 79% used [0x00000007be980000,0x00000007bfb4f8a0,0x00000007c0000000)
  to   space 23040K, 0% used [0x00000007bd300000,0x00000007bd300000,0x00000007be980000)
 ParOldGen       total 2252800K, used 472142K [0x00000006f8000000, 0x0000000781800000, 0x0000000781800000)
  object space 2252800K, 20% used [0x00000006f8000000,0x0000000714d13948,0x0000000781800000)
 Metaspace       used 204377K, capacity 223118K, committed 223296K, reserved 1245184K
  class space    used 25198K, capacity 27665K, committed 27776K, reserved 1048576K
}
{Heap before GC invocations=504 (full 5):
 PSYoungGen      total 1000960K, used 996158K [0x0000000781800000, 0x00000007c0000000, 0x00000007c0000000)
  eden space 977920K, 100% used [0x0000000781800000,0x00000007bd300000,0x00000007bd300000)
  from space 23040K, 79% used [0x00000007be980000,0x00000007bfb4f8a0,0x00000007c0000000)
  to   space 23040K, 0% used [0x00000007bd300000,0x00000007bd300000,0x00000007be980000)
 ParOldGen       total 2252800K, used 472142K [0x00000006f8000000, 0x0000000781800000, 0x0000000781800000)
  object space 2252800K, 20% used [0x00000006f8000000,0x0000000714d13948,0x0000000781800000)
 Metaspace       used 204417K, capacity 223214K, committed 223552K, reserved 1245184K
  class space    used 25209K, capacity 27681K, committed 27776K, reserved 1048576K
2022-06-20T09:55:30.803+0800: 6903.096: [GC (Allocation Failure) [PSYoungGen: 996158K->18629K(1000960K)] 1468300K->490829K(3253760K), 0.0244728 secs] [Times: user=0.06 sys=0.01, real=0.03 secs] 
Heap after GC invocations=504 (full 5):
 PSYoungGen      total 1000960K, used 18629K [0x0000000781800000, 0x00000007c0000000, 0x00000007c0000000)
  eden space 977920K, 0% used [0x0000000781800000,0x0000000781800000,0x00000007bd300000)
  from space 23040K, 80% used [0x00000007bd300000,0x00000007be531620,0x00000007be980000)
  to   space 23040K, 0% used [0x00000007be980000,0x00000007be980000,0x00000007c0000000)
 ParOldGen       total 2252800K, used 472200K [0x00000006f8000000, 0x0000000781800000, 0x0000000781800000)
  object space 2252800K, 20% used [0x00000006f8000000,0x0000000714d22020,0x0000000781800000)
 Metaspace       used 204417K, capacity 223214K, committed 223552K, reserved 1245184K
  class space    used 25209K, capacity 27681K, committed 27776K, reserved 1048576K
}
{Heap before GC invocations=505 (full 5):
 PSYoungGen      total 1000960K, used 996183K [0x0000000781800000, 0x00000007c0000000, 0x00000007c0000000)
  eden space 977920K, 99% used [0x0000000781800000,0x00000007bd2a4950,0x00000007bd300000)
  from space 23040K, 80% used [0x00000007bd300000,0x00000007be531620,0x00000007be980000)
  to   space 23040K, 0% used [0x00000007be980000,0x00000007be980000,0x00000007c0000000)
 ParOldGen       total 2252800K, used 472200K [0x00000006f8000000, 0x0000000781800000, 0x0000000781800000)
  object space 2252800K, 20% used [0x00000006f8000000,0x0000000714d22020,0x0000000781800000)
 Metaspace       used 204419K, capacity 223214K, committed 223552K, reserved 1245184K
  class space    used 25209K, capacity 27681K, committed 27776K, reserved 1048576K
2022-06-20T09:55:40.694+0800: 6912.987: [GC (Allocation Failure) [PSYoungGen: 996183K->14858K(1000960K)] 1468383K->490743K(3253760K), 0.0183168 secs] [Times: user=0.05 sys=0.00, real=0.02 secs] 
Heap after GC invocations=505 (full 5):
 PSYoungGen      total 1000960K, used 14858K [0x0000000781800000, 0x00000007c0000000, 0x00000007c0000000)
  eden space 977920K, 0% used [0x0000000781800000,0x0000000781800000,0x00000007bd300000)
  from space 23040K, 64% used [0x00000007be980000,0x00000007bf8028d8,0x00000007c0000000)
  to   space 23040K, 0% used [0x00000007bd300000,0x00000007bd300000,0x00000007be980000)
 ParOldGen       total 2252800K, used 475885K [0x00000006f8000000, 0x0000000781800000, 0x0000000781800000)
  object space 2252800K, 21% used [0x00000006f8000000,0x00000007150bb6b8,0x0000000781800000)
 Metaspace       used 204419K, capacity 223214K, committed 223552K, reserved 1245184K
  class space    used 25209K, capacity 27681K, committed 27776K, reserved 1048576K
}
{Heap before GC invocations=506 (full 5):
 PSYoungGen      total 1000960K, used 992515K [0x0000000781800000, 0x00000007c0000000, 0x00000007c0000000)
  eden space 977920K, 99% used [0x0000000781800000,0x00000007bd2be350,0x00000007bd300000)
  from space 23040K, 64% used [0x00000007be980000,0x00000007bf8028d8,0x00000007c0000000)
  to   space 23040K, 0% used [0x00000007bd300000,0x00000007bd300000,0x00000007be980000)
 ParOldGen       total 2252800K, used 475885K [0x00000006f8000000, 0x0000000781800000, 0x0000000781800000)
  object space 2252800K, 21% used [0x00000006f8000000,0x00000007150bb6b8,0x0000000781800000)
 Metaspace       used 204440K, capacity 223268K, committed 223552K, reserved 1245184K
  class space    used 25216K, capacity 27690K, committed 27776K, reserved 1048576K
2022-06-20T09:55:48.359+0800: 6920.652: [GC (Allocation Failure) [PSYoungGen: 992515K->18908K(1000960K)] 1468400K->494834K(3253760K), 0.0200122 secs] [Times: user=0.06 sys=0.00, real=0.02 secs] 
Heap after GC invocations=506 (full 5):
 PSYoungGen      total 1000960K, used 18908K [0x0000000781800000, 0x00000007c0000000, 0x00000007c0000000)
  eden space 977920K, 0% used [0x0000000781800000,0x0000000781800000,0x00000007bd300000)
  from space 23040K, 82% used [0x00000007bd300000,0x00000007be577278,0x00000007be980000)
  to   space 23040K, 0% used [0x00000007be980000,0x00000007be980000,0x00000007c0000000)
 ParOldGen       total 2252800K, used 475925K [0x00000006f8000000, 0x0000000781800000, 0x0000000781800000)
  object space 2252800K, 21% used [0x00000006f8000000,0x00000007150c56b8,0x0000000781800000)
 Metaspace       used 204440K, capacity 223268K, committed 223552K, reserved 1245184K
  class space    used 25216K, capacity 27690K, committed 27776K, reserved 1048576K
}
{Heap before GC invocations=507 (full 5):
 PSYoungGen      total 1000960K, used 996828K [0x0000000781800000, 0x00000007c0000000, 0x00000007c0000000)
  eden space 977920K, 100% used [0x0000000781800000,0x00000007bd300000,0x00000007bd300000)
  from space 23040K, 82% used [0x00000007bd300000,0x00000007be577278,0x00000007be980000)
  to   space 23040K, 0% used [0x00000007be980000,0x00000007be980000,0x00000007c0000000)
 ParOldGen       total 2252800K, used 475925K [0x00000006f8000000, 0x0000000781800000, 0x0000000781800000)
  object space 2252800K, 21% used [0x00000006f8000000,0x00000007150c56b8,0x0000000781800000)
 Metaspace       used 204442K, capacity 223268K, committed 223552K, reserved 1245184K
  class space    used 25216K, capacity 27690K, committed 27776K, reserved 1048576K
2022-06-20T09:56:00.736+0800: 6933.029: [GC (Allocation Failure) [PSYoungGen: 996828K->15051K(1001472K)] 1472754K->491234K(3254272K), 0.0172942 secs] [Times: user=0.06 sys=0.00, real=0.01 secs] 
Heap after GC invocations=507 (full 5):
 PSYoungGen      total 1001472K, used 15051K [0x0000000781800000, 0x00000007c0000000, 0x00000007c0000000)
  eden space 978432K, 0% used [0x0000000781800000,0x0000000781800000,0x00000007bd380000)
  from space 23040K, 65% used [0x00000007be980000,0x00000007bf832d28,0x00000007c0000000)
  to   space 22528K, 0% used [0x00000007bd380000,0x00000007bd380000,0x00000007be980000)
 ParOldGen       total 2252800K, used 476182K [0x00000006f8000000, 0x0000000781800000, 0x0000000781800000)
  object space 2252800K, 21% used [0x00000006f8000000,0x0000000715105b18,0x0000000781800000)
 Metaspace       used 204442K, capacity 223268K, committed 223552K, reserved 1245184K
  class space    used 25216K, capacity 27690K, committed 27776K, reserved 1048576K
}
{Heap before GC invocations=508 (full 5):
 PSYoungGen      total 1001472K, used 993423K [0x0000000781800000, 0x00000007c0000000, 0x00000007c0000000)
  eden space 978432K, 99% used [0x0000000781800000,0x00000007bd3712d0,0x00000007bd380000)
  from space 23040K, 65% used [0x00000007be980000,0x00000007bf832d28,0x00000007c0000000)
  to   space 22528K, 0% used [0x00000007bd380000,0x00000007bd380000,0x00000007be980000)
 ParOldGen       total 2252800K, used 476182K [0x00000006f8000000, 0x0000000781800000, 0x0000000781800000)
  object space 2252800K, 21% used [0x00000006f8000000,0x0000000715105b18,0x0000000781800000)
 Metaspace       used 204557K, capacity 223448K, committed 223552K, reserved 1245184K
  class space    used 25227K, capacity 27700K, committed 27776K, reserved 1048576K
2022-06-20T09:56:26.666+0800: 6958.959: [GC (Allocation Failure) [PSYoungGen: 993423K->14948K(1000960K)] 1469606K->491195K(3253760K), 0.0187034 secs] [Times: user=0.05 sys=0.02, real=0.02 secs] 
Heap after GC invocations=508 (full 5):
 PSYoungGen      total 1000960K, used 14948K [0x0000000781800000, 0x00000007c0000000, 0x00000007c0000000)
  eden space 978432K, 0% used [0x0000000781800000,0x0000000781800000,0x00000007bd380000)
  from space 22528K, 66% used [0x00000007bd380000,0x00000007be219258,0x00000007be980000)
  to   space 22528K, 0% used [0x00000007bea00000,0x00000007bea00000,0x00000007c0000000)
 ParOldGen       total 2252800K, used 476246K [0x00000006f8000000, 0x0000000781800000, 0x0000000781800000)
  object space 2252800K, 21% used [0x00000006f8000000,0x0000000715115b18,0x0000000781800000)
 Metaspace       used 204557K, capacity 223448K, committed 223552K, reserved 1245184K
  class space    used 25227K, capacity 27700K, committed 27776K, reserved 1048576K
}
{Heap before GC invocations=509 (full 5):
 PSYoungGen      total 1000960K, used 993380K [0x0000000781800000, 0x00000007c0000000, 0x00000007c0000000)
  eden space 978432K, 100% used [0x0000000781800000,0x00000007bd380000,0x00000007bd380000)
  from space 22528K, 66% used [0x00000007bd380000,0x00000007be219258,0x00000007be980000)
  to   space 22528K, 0% used [0x00000007bea00000,0x00000007bea00000,0x00000007c0000000)
 ParOldGen       total 2252800K, used 476246K [0x00000006f8000000, 0x0000000781800000, 0x0000000781800000)
  object space 2252800K, 21% used [0x00000006f8000000,0x0000000715115b18,0x0000000781800000)
 Metaspace       used 204558K, capacity 223448K, committed 223552K, reserved 1245184K
  class space    used 25227K, capacity 27700K, committed 27776K, reserved 1048576K
2022-06-20T09:56:45.126+0800: 6977.418: [GC (Allocation Failure) [PSYoungGen: 993380K->14997K(1001472K)] 1469627K->491356K(3254272K), 0.0122232 secs] [Times: user=0.04 sys=0.00, real=0.02 secs] 
Heap after GC invocations=509 (full 5):
 PSYoungGen      total 1001472K, used 14997K [0x0000000781800000, 0x00000007c0000000, 0x00000007c0000000)
  eden space 978944K, 0% used [0x0000000781800000,0x0000000781800000,0x00000007bd400000)
  from space 22528K, 66% used [0x00000007bea00000,0x00000007bf8a56c8,0x00000007c0000000)
  to   space 22528K, 0% used [0x00000007bd400000,0x00000007bd400000,0x00000007bea00000)
 ParOldGen       total 2252800K, used 476358K [0x00000006f8000000, 0x0000000781800000, 0x0000000781800000)
  object space 2252800K, 21% used [0x00000006f8000000,0x0000000715131b18,0x0000000781800000)
 Metaspace       used 204558K, capacity 223448K, committed 223552K, reserved 1245184K
  class space    used 25227K, capacity 27700K, committed 27776K, reserved 1048576K
}
{Heap before GC invocations=510 (full 5):
 PSYoungGen      total 1001472K, used 993941K [0x0000000781800000, 0x00000007c0000000, 0x00000007c0000000)
  eden space 978944K, 100% used [0x0000000781800000,0x00000007bd400000,0x00000007bd400000)
  from space 22528K, 66% used [0x00000007bea00000,0x00000007bf8a56c8,0x00000007c0000000)
  to   space 22528K, 0% used [0x00000007bd400000,0x00000007bd400000,0x00000007bea00000)
 ParOldGen       total 2252800K, used 476358K [0x00000006f8000000, 0x0000000781800000, 0x0000000781800000)
  object space 2252800K, 21% used [0x00000006f8000000,0x0000000715131b18,0x0000000781800000)
 Metaspace       used 204563K, capacity 223448K, committed 223552K, reserved 1245184K
  class space    used 25227K, capacity 27700K, committed 27776K, reserved 1048576K
2022-06-20T09:56:46.900+0800: 6979.193: [GC (Allocation Failure) [PSYoungGen: 993941K->14842K(1001472K)] 1470300K->491304K(3254272K), 0.0235823 secs] [Times: user=0.06 sys=0.01, real=0.02 secs] 
Heap after GC invocations=510 (full 5):
 PSYoungGen      total 1001472K, used 14842K [0x0000000781800000, 0x00000007c0000000, 0x00000007c0000000)
  eden space 978944K, 0% used [0x0000000781800000,0x0000000781800000,0x00000007bd400000)
  from space 22528K, 65% used [0x00000007bd400000,0x00000007be27e8c0,0x00000007bea00000)
  to   space 22528K, 0% used [0x00000007bea00000,0x00000007bea00000,0x00000007c0000000)
 ParOldGen       total 2252800K, used 476462K [0x00000006f8000000, 0x0000000781800000, 0x0000000781800000)
  object space 2252800K, 21% used [0x00000006f8000000,0x000000071514bb18,0x0000000781800000)
 Metaspace       used 204563K, capacity 223448K, committed 223552K, reserved 1245184K
  class space    used 25227K, capacity 27700K, committed 27776K, reserved 1048576K
}
{Heap before GC invocations=511 (full 5):
 PSYoungGen      total 1001472K, used 993786K [0x0000000781800000, 0x00000007c0000000, 0x00000007c0000000)
  eden space 978944K, 100% used [0x0000000781800000,0x00000007bd400000,0x00000007bd400000)
  from space 22528K, 65% used [0x00000007bd400000,0x00000007be27e8c0,0x00000007bea00000)
  to   space 22528K, 0% used [0x00000007bea00000,0x00000007bea00000,0x00000007c0000000)
 ParOldGen       total 2252800K, used 476462K [0x00000006f8000000, 0x0000000781800000, 0x0000000781800000)
  object space 2252800K, 21% used [0x00000006f8000000,0x000000071514bb18,0x0000000781800000)
 Metaspace       used 204563K, capacity 223448K, committed 223552K, reserved 1245184K
  class space    used 25227K, capacity 27700K, committed 27776K, reserved 1048576K
2022-06-20T09:56:49.260+0800: 6981.553: [GC (Allocation Failure) [PSYoungGen: 993786K->14619K(1001984K)] 1470248K->491544K(3254784K), 0.0194169 secs] [Times: user=0.06 sys=0.00, real=0.02 secs] 
Heap after GC invocations=511 (full 5):
 PSYoungGen      total 1001984K, used 14619K [0x0000000781800000, 0x00000007c0000000, 0x00000007c0000000)
  eden space 979456K, 0% used [0x0000000781800000,0x0000000781800000,0x00000007bd480000)
  from space 22528K, 64% used [0x00000007bea00000,0x00000007bf846ce0,0x00000007c0000000)
  to   space 22016K, 0% used [0x00000007bd480000,0x00000007bd480000,0x00000007bea00000)
 ParOldGen       total 2252800K, used 476925K [0x00000006f8000000, 0x0000000781800000, 0x0000000781800000)
  object space 2252800K, 21% used [0x00000006f8000000,0x00000007151bf578,0x0000000781800000)
 Metaspace       used 204563K, capacity 223448K, committed 223552K, reserved 1245184K
  class space    used 25227K, capacity 27700K, committed 27776K, reserved 1048576K
}
{Heap before GC invocations=512 (full 5):
 PSYoungGen      total 1001984K, used 994075K [0x0000000781800000, 0x00000007c0000000, 0x00000007c0000000)
  eden space 979456K, 100% used [0x0000000781800000,0x00000007bd480000,0x00000007bd480000)
  from space 22528K, 64% used [0x00000007bea00000,0x00000007bf846ce0,0x00000007c0000000)
  to   space 22016K, 0% used [0x00000007bd480000,0x00000007bd480000,0x00000007bea00000)
 ParOldGen       total 2252800K, used 476925K [0x00000006f8000000, 0x0000000781800000, 0x0000000781800000)
  object space 2252800K, 21% used [0x00000006f8000000,0x00000007151bf590,0x0000000781800000)
 Metaspace       used 204566K, capacity 223448K, committed 223552K, reserved 1245184K
  class space    used 25227K, capacity 27700K, committed 27776K, reserved 1048576K
2022-06-20T09:56:53.917+0800: 6986.209: [GC (GCLocker Initiated GC) [PSYoungGen: 994075K->15051K(1001472K)] 1471000K->492008K(3254272K), 0.0171664 secs] [Times: user=0.05 sys=0.00, real=0.01 secs] 
Heap after GC invocations=512 (full 5):
 PSYoungGen      total 1001472K, used 15051K [0x0000000781800000, 0x00000007c0000000, 0x00000007c0000000)
  eden space 979456K, 0% used [0x0000000781800000,0x0000000781800000,0x00000007bd480000)
  from space 22016K, 68% used [0x00000007bd480000,0x00000007be332d90,0x00000007bea00000)
  to   space 22016K, 0% used [0x00000007bea80000,0x00000007bea80000,0x00000007c0000000)
 ParOldGen       total 2252800K, used 476957K [0x00000006f8000000, 0x0000000781800000, 0x0000000781800000)
  object space 2252800K, 21% used [0x00000006f8000000,0x00000007151c7590,0x0000000781800000)
 Metaspace       used 204566K, capacity 223448K, committed 223552K, reserved 1245184K
  class space    used 25227K, capacity 27700K, committed 27776K, reserved 1048576K
}
{Heap before GC invocations=513 (full 5):
 PSYoungGen      total 1001472K, used 994507K [0x0000000781800000, 0x00000007c0000000, 0x00000007c0000000)
  eden space 979456K, 100% used [0x0000000781800000,0x00000007bd480000,0x00000007bd480000)
  from space 22016K, 68% used [0x00000007bd480000,0x00000007be332d90,0x00000007bea00000)
  to   space 22016K, 0% used [0x00000007bea80000,0x00000007bea80000,0x00000007c0000000)
 ParOldGen       total 2252800K, used 480377K [0x00000006f8000000, 0x0000000781800000, 0x0000000781800000)
  object space 2252800K, 21% used [0x00000006f8000000,0x000000071551e6a0,0x0000000781800000)
 Metaspace       used 204566K, capacity 223448K, committed 223552K, reserved 1245184K
  class space    used 25227K, capacity 27700K, committed 27776K, reserved 1048576K
2022-06-20T09:56:54.447+0800: 6986.740: [GC (Allocation Failure) [PSYoungGen: 994507K->14331K(1002496K)] 1474885K->494863K(3255296K), 0.0175221 secs] [Times: user=0.05 sys=0.00, real=0.01 secs] 
Heap after GC invocations=513 (full 5):
 PSYoungGen      total 1002496K, used 14331K [0x0000000781800000, 0x00000007c0000000, 0x00000007c0000000)
  eden space 980480K, 0% used [0x0000000781800000,0x0000000781800000,0x00000007bd580000)
  from space 22016K, 65% used [0x00000007bea80000,0x00000007bf87ec60,0x00000007c0000000)
  to   space 21504K, 0% used [0x00000007bd580000,0x00000007bd580000,0x00000007bea80000)
 ParOldGen       total 2252800K, used 480532K [0x00000006f8000000, 0x0000000781800000, 0x0000000781800000)
  object space 2252800K, 21% used [0x00000006f8000000,0x00000007155450e8,0x0000000781800000)
 Metaspace       used 204566K, capacity 223448K, committed 223552K, reserved 1245184K
  class space    used 25227K, capacity 27700K, committed 27776K, reserved 1048576K
}
{Heap before GC invocations=514 (full 5):
 PSYoungGen      total 1002496K, used 994811K [0x0000000781800000, 0x00000007c0000000, 0x00000007c0000000)
  eden space 980480K, 100% used [0x0000000781800000,0x00000007bd580000,0x00000007bd580000)
  from space 22016K, 65% used [0x00000007bea80000,0x00000007bf87ec60,0x00000007c0000000)
  to   space 21504K, 0% used [0x00000007bd580000,0x00000007bd580000,0x00000007bea80000)
 ParOldGen       total 2252800K, used 480532K [0x00000006f8000000, 0x0000000781800000, 0x0000000781800000)
  object space 2252800K, 21% used [0x00000006f8000000,0x00000007155450e8,0x0000000781800000)
 Metaspace       used 204663K, capacity 223552K, committed 223808K, reserved 1245184K
  class space    used 25239K, capacity 27734K, committed 27776K, reserved 1048576K
2022-06-20T09:57:03.269+0800: 6995.561: [GC (Allocation Failure) [PSYoungGen: 994811K->15136K(1001984K)] 1475343K->496114K(3254784K), 0.0183670 secs] [Times: user=0.05 sys=0.00, real=0.02 secs] 
Heap after GC invocations=514 (full 5):
 PSYoungGen      total 1001984K, used 15136K [0x0000000781800000, 0x00000007c0000000, 0x00000007c0000000)
  eden space 980480K, 0% used [0x0000000781800000,0x0000000781800000,0x00000007bd580000)
  from space 21504K, 70% used [0x00000007bd580000,0x00000007be448270,0x00000007bea80000)
  to   space 21504K, 0% used [0x00000007beb00000,0x00000007beb00000,0x00000007c0000000)
 ParOldGen       total 2252800K, used 480978K [0x00000006f8000000, 0x0000000781800000, 0x0000000781800000)
  object space 2252800K, 21% used [0x00000006f8000000,0x00000007155b4968,0x0000000781800000)
 Metaspace       used 204663K, capacity 223552K, committed 223808K, reserved 1245184K
  class space    used 25239K, capacity 27734K, committed 27776K, reserved 1048576K
}
{Heap before GC invocations=515 (full 5):
 PSYoungGen      total 1001984K, used 995616K [0x0000000781800000, 0x00000007c0000000, 0x00000007c0000000)
  eden space 980480K, 100% used [0x0000000781800000,0x00000007bd580000,0x00000007bd580000)
  from space 21504K, 70% used [0x00000007bd580000,0x00000007be448270,0x00000007bea80000)
  to   space 21504K, 0% used [0x00000007beb00000,0x00000007beb00000,0x00000007c0000000)
 ParOldGen       total 2252800K, used 480978K [0x00000006f8000000, 0x0000000781800000, 0x0000000781800000)
  object space 2252800K, 21% used [0x00000006f8000000,0x00000007155b4968,0x0000000781800000)
 Metaspace       used 204663K, capacity 223552K, committed 223808K, reserved 1245184K
  class space    used 25239K, capacity 27734K, committed 27776K, reserved 1048576K
2022-06-20T09:57:06.454+0800: 6998.747: [GC (Allocation Failure) [PSYoungGen: 995616K->19209K(1001472K)] 1476594K->500219K(3254272K), 0.0176676 secs] [Times: user=0.05 sys=0.01, real=0.02 secs] 
Heap after GC invocations=515 (full 5):
 PSYoungGen      total 1001472K, used 19209K [0x0000000781800000, 0x00000007c0000000, 0x00000007c0000000)
  eden space 979968K, 0% used [0x0000000781800000,0x0000000781800000,0x00000007bd500000)
  from space 21504K, 89% used [0x00000007beb00000,0x00000007bfdc2438,0x00000007c0000000)
  to   space 22016K, 0% used [0x00000007bd500000,0x00000007bd500000,0x00000007bea80000)
 ParOldGen       total 2252800K, used 481010K [0x00000006f8000000, 0x0000000781800000, 0x0000000781800000)
  object space 2252800K, 21% used [0x00000006f8000000,0x00000007155bc968,0x0000000781800000)
 Metaspace       used 204663K, capacity 223552K, committed 223808K, reserved 1245184K
  class space    used 25239K, capacity 27734K, committed 27776K, reserved 1048576K
}
{Heap before GC invocations=516 (full 5):
 PSYoungGen      total 1001472K, used 999177K [0x0000000781800000, 0x00000007c0000000, 0x00000007c0000000)
  eden space 979968K, 100% used [0x0000000781800000,0x00000007bd500000,0x00000007bd500000)
  from space 21504K, 89% used [0x00000007beb00000,0x00000007bfdc2438,0x00000007c0000000)
  to   space 22016K, 0% used [0x00000007bd500000,0x00000007bd500000,0x00000007bea80000)
 ParOldGen       total 2252800K, used 481010K [0x00000006f8000000, 0x0000000781800000, 0x0000000781800000)
  object space 2252800K, 21% used [0x00000006f8000000,0x00000007155bc968,0x0000000781800000)
 Metaspace       used 204663K, capacity 223552K, committed 223808K, reserved 1245184K
  class space    used 25239K, capacity 27734K, committed 27776K, reserved 1048576K
2022-06-20T09:57:12.962+0800: 7005.255: [GC (Allocation Failure) [PSYoungGen: 999177K->16101K(1001984K)] 1480187K->497151K(3254784K), 0.0191071 secs] [Times: user=0.06 sys=0.00, real=0.02 secs] 
Heap after GC invocations=516 (full 5):
 PSYoungGen      total 1001984K, used 16101K [0x0000000781800000, 0x00000007c0000000, 0x00000007c0000000)
  eden space 979968K, 0% used [0x0000000781800000,0x0000000781800000,0x00000007bd500000)
  from space 22016K, 73% used [0x00000007bd500000,0x00000007be4b9510,0x00000007bea80000)
  to   space 21504K, 0% used [0x00000007beb00000,0x00000007beb00000,0x00000007c0000000)
 ParOldGen       total 2252800K, used 481050K [0x00000006f8000000, 0x0000000781800000, 0x0000000781800000)
  object space 2252800K, 21% used [0x00000006f8000000,0x00000007155c6978,0x0000000781800000)
 Metaspace       used 204663K, capacity 223552K, committed 223808K, reserved 1245184K
  class space    used 25239K, capacity 27734K, committed 27776K, reserved 1048576K
}
{Heap before GC invocations=517 (full 5):
 PSYoungGen      total 1001984K, used 996069K [0x0000000781800000, 0x00000007c0000000, 0x00000007c0000000)
  eden space 979968K, 100% used [0x0000000781800000,0x00000007bd500000,0x00000007bd500000)
  from space 22016K, 73% used [0x00000007bd500000,0x00000007be4b9510,0x00000007bea80000)
  to   space 21504K, 0% used [0x00000007beb00000,0x00000007beb00000,0x00000007c0000000)
 ParOldGen       total 2252800K, used 481050K [0x00000006f8000000, 0x0000000781800000, 0x0000000781800000)
  object space 2252800K, 21% used [0x00000006f8000000,0x00000007155c6978,0x0000000781800000)
 Metaspace       used 204682K, capacity 223552K, committed 223808K, reserved 1245184K
  class space    used 25239K, capacity 27734K, committed 27776K, reserved 1048576K
2022-06-20T09:57:18.751+0800: 7011.044: [GC (Allocation Failure) [PSYoungGen: 996069K->19733K(1001472K)] 1477119K->500783K(3254272K), 0.0218675 secs] [Times: user=0.06 sys=0.00, real=0.02 secs] 
Heap after GC invocations=517 (full 5):
 PSYoungGen      total 1001472K, used 19733K [0x0000000781800000, 0x00000007c0000000, 0x00000007c0000000)
  eden space 979968K, 0% used [0x0000000781800000,0x0000000781800000,0x00000007bd500000)
  from space 21504K, 91% used [0x00000007beb00000,0x00000007bfe45668,0x00000007c0000000)
  to   space 22016K, 0% used [0x00000007bd500000,0x00000007bd500000,0x00000007bea80000)
 ParOldGen       total 2252800K, used 481050K [0x00000006f8000000, 0x0000000781800000, 0x0000000781800000)
  object space 2252800K, 21% used [0x00000006f8000000,0x00000007155c6978,0x0000000781800000)
 Metaspace       used 204682K, capacity 223552K, committed 223808K, reserved 1245184K
  class space    used 25239K, capacity 27734K, committed 27776K, reserved 1048576K
}
{Heap before GC invocations=518 (full 5):
 PSYoungGen      total 1001472K, used 999551K [0x0000000781800000, 0x00000007c0000000, 0x00000007c0000000)
  eden space 979968K, 99% used [0x0000000781800000,0x00000007bd4da758,0x00000007bd500000)
  from space 21504K, 91% used [0x00000007beb00000,0x00000007bfe45668,0x00000007c0000000)
  to   space 22016K, 0% used [0x00000007bd500000,0x00000007bd500000,0x00000007bea80000)
 ParOldGen       total 2252800K, used 481050K [0x00000006f8000000, 0x0000000781800000, 0x0000000781800000)
  object space 2252800K, 21% used [0x00000006f8000000,0x00000007155c6978,0x0000000781800000)
 Metaspace       used 204691K, capacity 223570K, committed 223808K, reserved 1245184K
  class space    used 25241K, capacity 27737K, committed 27776K, reserved 1048576K
2022-06-20T09:57:23.536+0800: 7015.829: [GC (Allocation Failure) [PSYoungGen: 999551K->15139K(1001984K)] 1480601K->496233K(3254784K), 0.0264943 secs] [Times: user=0.07 sys=0.01, real=0.03 secs] 
Heap after GC invocations=518 (full 5):
 PSYoungGen      total 1001984K, used 15139K [0x0000000781800000, 0x00000007c0000000, 0x00000007c0000000)
  eden space 979968K, 0% used [0x0000000781800000,0x0000000781800000,0x00000007bd500000)
  from space 22016K, 68% used [0x00000007bd500000,0x00000007be3c8d08,0x00000007bea80000)
  to   space 22016K, 0% used [0x00000007bea80000,0x00000007bea80000,0x00000007c0000000)
 ParOldGen       total 2252800K, used 481094K [0x00000006f8000000, 0x0000000781800000, 0x0000000781800000)
  object space 2252800K, 21% used [0x00000006f8000000,0x00000007155d1998,0x0000000781800000)
 Metaspace       used 204691K, capacity 223570K, committed 223808K, reserved 1245184K
  class space    used 25241K, capacity 27737K, committed 27776K, reserved 1048576K
}
{Heap before GC invocations=519 (full 5):
 PSYoungGen      total 1001984K, used 995107K [0x0000000781800000, 0x00000007c0000000, 0x00000007c0000000)
  eden space 979968K, 100% used [0x0000000781800000,0x00000007bd500000,0x00000007bd500000)
  from space 22016K, 68% used [0x00000007bd500000,0x00000007be3c8d08,0x00000007bea80000)
  to   space 22016K, 0% used [0x00000007bea80000,0x00000007bea80000,0x00000007c0000000)
 ParOldGen       total 2252800K, used 481094K [0x00000006f8000000, 0x0000000781800000, 0x0000000781800000)
  object space 2252800K, 21% used [0x00000006f8000000,0x00000007155d1998,0x0000000781800000)
 Metaspace       used 204705K, capacity 223606K, committed 223808K, reserved 1245184K
  class space    used 25245K, capacity 27743K, committed 27776K, reserved 1048576K
2022-06-20T09:57:31.807+0800: 7024.099: [GC (Allocation Failure) [PSYoungGen: 995107K->14834K(1002496K)] 1476201K->496102K(3255296K), 0.0193030 secs] [Times: user=0.05 sys=0.01, real=0.01 secs] 
Heap after GC invocations=519 (full 5):
 PSYoungGen      total 1002496K, used 14834K [0x0000000781800000, 0x00000007c0000000, 0x00000007c0000000)
  eden space 980480K, 0% used [0x0000000781800000,0x0000000781800000,0x00000007bd580000)
  from space 22016K, 67% used [0x00000007bea80000,0x00000007bf8fc878,0x00000007c0000000)
  to   space 21504K, 0% used [0x00000007bd580000,0x00000007bd580000,0x00000007bea80000)
 ParOldGen       total 2252800K, used 481268K [0x00000006f8000000, 0x0000000781800000, 0x0000000781800000)
  object space 2252800K, 21% used [0x00000006f8000000,0x00000007155fd2f0,0x0000000781800000)
 Metaspace       used 204705K, capacity 223606K, committed 223808K, reserved 1245184K
  class space    used 25245K, capacity 27743K, committed 27776K, reserved 1048576K
}
{Heap before GC invocations=520 (full 5):
 PSYoungGen      total 1002496K, used 995314K [0x0000000781800000, 0x00000007c0000000, 0x00000007c0000000)
  eden space 980480K, 100% used [0x0000000781800000,0x00000007bd580000,0x00000007bd580000)
  from space 22016K, 67% used [0x00000007bea80000,0x00000007bf8fc878,0x00000007c0000000)
  to   space 21504K, 0% used [0x00000007bd580000,0x00000007bd580000,0x00000007bea80000)
 ParOldGen       total 2252800K, used 481268K [0x00000006f8000000, 0x0000000781800000, 0x0000000781800000)
  object space 2252800K, 21% used [0x00000006f8000000,0x00000007155fd2f0,0x0000000781800000)
 Metaspace       used 204705K, capacity 223606K, committed 223808K, reserved 1245184K
  class space    used 25245K, capacity 27743K, committed 27776K, reserved 1048576K
2022-06-20T09:57:37.678+0800: 7029.971: [GC (Allocation Failure) [PSYoungGen: 995314K->14925K(1001984K)] 1476582K->496226K(3254784K), 0.0167834 secs] [Times: user=0.06 sys=0.00, real=0.01 secs] 
Heap after GC invocations=520 (full 5):
 PSYoungGen      total 1001984K, used 14925K [0x0000000781800000, 0x00000007c0000000, 0x00000007c0000000)
  eden space 980480K, 0% used [0x0000000781800000,0x0000000781800000,0x00000007bd580000)
  from space 21504K, 69% used [0x00000007bd580000,0x00000007be413570,0x00000007bea80000)
  to   space 21504K, 0% used [0x00000007beb00000,0x00000007beb00000,0x00000007c0000000)
 ParOldGen       total 2252800K, used 481300K [0x00000006f8000000, 0x0000000781800000, 0x0000000781800000)
  object space 2252800K, 21% used [0x00000006f8000000,0x00000007156052f0,0x0000000781800000)
 Metaspace       used 204705K, capacity 223606K, committed 223808K, reserved 1245184K
  class space    used 25245K, capacity 27743K, committed 27776K, reserved 1048576K
}
{Heap before GC invocations=521 (full 5):
 PSYoungGen      total 1001984K, used 995405K [0x0000000781800000, 0x00000007c0000000, 0x00000007c0000000)
  eden space 980480K, 100% used [0x0000000781800000,0x00000007bd580000,0x00000007bd580000)
  from space 21504K, 69% used [0x00000007bd580000,0x00000007be413570,0x00000007bea80000)
  to   space 21504K, 0% used [0x00000007beb00000,0x00000007beb00000,0x00000007c0000000)
 ParOldGen       total 2252800K, used 481300K [0x00000006f8000000, 0x0000000781800000, 0x0000000781800000)
  object space 2252800K, 21% used [0x00000006f8000000,0x00000007156052f0,0x0000000781800000)
 Metaspace       used 204705K, capacity 223606K, committed 223808K, reserved 1245184K
  class space    used 25245K, capacity 27743K, committed 27776K, reserved 1048576K
2022-06-20T09:57:45.807+0800: 7038.100: [GC (Allocation Failure) [PSYoungGen: 995405K->15045K(1003008K)] 1476706K->496378K(3255808K), 0.0190665 secs] [Times: user=0.06 sys=0.01, real=0.02 secs] 
Heap after GC invocations=521 (full 5):
 PSYoungGen      total 1003008K, used 15045K [0x0000000781800000, 0x00000007c0000000, 0x00000007c0000000)
  eden space 981504K, 0% used [0x0000000781800000,0x0000000781800000,0x00000007bd680000)
  from space 21504K, 69% used [0x00000007beb00000,0x00000007bf9b15e8,0x00000007c0000000)
  to   space 20992K, 0% used [0x00000007bd680000,0x00000007bd680000,0x00000007beb00000)
 ParOldGen       total 2252800K, used 481332K [0x00000006f8000000, 0x0000000781800000, 0x0000000781800000)
  object space 2252800K, 21% used [0x00000006f8000000,0x000000071560d2f0,0x0000000781800000)
 Metaspace       used 204705K, capacity 223606K, committed 223808K, reserved 1245184K
  class space    used 25245K, capacity 27743K, committed 27776K, reserved 1048576K
}
{Heap before GC invocations=522 (full 5):
 PSYoungGen      total 1003008K, used 996549K [0x0000000781800000, 0x00000007c0000000, 0x00000007c0000000)
  eden space 981504K, 100% used [0x0000000781800000,0x00000007bd680000,0x00000007bd680000)
  from space 21504K, 69% used [0x00000007beb00000,0x00000007bf9b15e8,0x00000007c0000000)
  to   space 20992K, 0% used [0x00000007bd680000,0x00000007bd680000,0x00000007beb00000)
 ParOldGen       total 2252800K, used 481332K [0x00000006f8000000, 0x0000000781800000, 0x0000000781800000)
  object space 2252800K, 21% used [0x00000006f8000000,0x000000071560d2f0,0x0000000781800000)
 Metaspace       used 204705K, capacity 223606K, committed 223808K, reserved 1245184K
  class space    used 25245K, capacity 27743K, committed 27776K, reserved 1048576K
2022-06-20T09:57:52.126+0800: 7044.419: [GC (Allocation Failure) [PSYoungGen: 996549K->14906K(1002496K)] 1477882K->496302K(3255296K), 0.0199699 secs] [Times: user=0.06 sys=0.00, real=0.02 secs] 
Heap after GC invocations=522 (full 5):
 PSYoungGen      total 1002496K, used 14906K [0x0000000781800000, 0x00000007c0000000, 0x00000007c0000000)
  eden space 981504K, 0% used [0x0000000781800000,0x0000000781800000,0x00000007bd680000)
  from space 20992K, 71% used [0x00000007bd680000,0x00000007be50ea30,0x00000007beb00000)
  to   space 20992K, 0% used [0x00000007beb80000,0x00000007beb80000,0x00000007c0000000)
 ParOldGen       total 2252800K, used 481396K [0x00000006f8000000, 0x0000000781800000, 0x0000000781800000)
  object space 2252800K, 21% used [0x00000006f8000000,0x000000071561d190,0x0000000781800000)
 Metaspace       used 204705K, capacity 223606K, committed 223808K, reserved 1245184K
  class space    used 25245K, capacity 27743K, committed 27776K, reserved 1048576K
}
{Heap before GC invocations=523 (full 5):
 PSYoungGen      total 1002496K, used 996410K [0x0000000781800000, 0x00000007c0000000, 0x00000007c0000000)
  eden space 981504K, 100% used [0x0000000781800000,0x00000007bd680000,0x00000007bd680000)
  from space 20992K, 71% used [0x00000007bd680000,0x00000007be50ea30,0x00000007beb00000)
  to   space 20992K, 0% used [0x00000007beb80000,0x00000007beb80000,0x00000007c0000000)
 ParOldGen       total 2252800K, used 481396K [0x00000006f8000000, 0x0000000781800000, 0x0000000781800000)
  object space 2252800K, 21% used [0x00000006f8000000,0x000000071561d190,0x0000000781800000)
 Metaspace       used 204705K, capacity 223606K, committed 223808K, reserved 1245184K
  class space    used 25245K, capacity 27743K, committed 27776K, reserved 1048576K
2022-06-20T09:57:58.299+0800: 7050.592: [GC (Allocation Failure) [PSYoungGen: 996410K->14313K(1003520K)] 1477806K->496389K(3256320K), 0.0193553 secs] [Times: user=0.06 sys=0.00, real=0.02 secs] 
Heap after GC invocations=523 (full 5):
 PSYoungGen      total 1003520K, used 14313K [0x0000000781800000, 0x00000007c0000000, 0x00000007c0000000)
  eden space 982528K, 0% used [0x0000000781800000,0x0000000781800000,0x00000007bd780000)
  from space 20992K, 68% used [0x00000007beb80000,0x00000007bf97a5e8,0x00000007c0000000)
  to   space 20480K, 0% used [0x00000007bd780000,0x00000007bd780000,0x00000007beb80000)
 ParOldGen       total 2252800K, used 482076K [0x00000006f8000000, 0x0000000781800000, 0x0000000781800000)
  object space 2252800K, 21% used [0x00000006f8000000,0x00000007156c7050,0x0000000781800000)
 Metaspace       used 204705K, capacity 223606K, committed 223808K, reserved 1245184K
  class space    used 25245K, capacity 27743K, committed 27776K, reserved 1048576K
}
{Heap before GC invocations=524 (full 5):
 PSYoungGen      total 1003520K, used 996841K [0x0000000781800000, 0x00000007c0000000, 0x00000007c0000000)
  eden space 982528K, 100% used [0x0000000781800000,0x00000007bd780000,0x00000007bd780000)
  from space 20992K, 68% used [0x00000007beb80000,0x00000007bf97a5e8,0x00000007c0000000)
  to   space 20480K, 0% used [0x00000007bd780000,0x00000007bd780000,0x00000007beb80000)
 ParOldGen       total 2252800K, used 482076K [0x00000006f8000000, 0x0000000781800000, 0x0000000781800000)
  object space 2252800K, 21% used [0x00000006f8000000,0x00000007156c7050,0x0000000781800000)
 Metaspace       used 204705K, capacity 223606K, committed 223808K, reserved 1245184K
  class space    used 25245K, capacity 27743K, committed 27776K, reserved 1048576K
2022-06-20T09:58:05.434+0800: 7057.727: [GC (Allocation Failure) [PSYoungGen: 996841K->13649K(1003008K)] 1478917K->496422K(3255808K), 0.0186863 secs] [Times: user=0.05 sys=0.00, real=0.02 secs] 
Heap after GC invocations=524 (full 5):
 PSYoungGen      total 1003008K, used 13649K [0x0000000781800000, 0x00000007c0000000, 0x00000007c0000000)
  eden space 982528K, 0% used [0x0000000781800000,0x0000000781800000,0x00000007bd780000)
  from space 20480K, 66% used [0x00000007bd780000,0x00000007be4d46e8,0x00000007beb80000)
  to   space 20480K, 0% used [0x00000007bec00000,0x00000007bec00000,0x00000007c0000000)
 ParOldGen       total 2252800K, used 482772K [0x00000006f8000000, 0x0000000781800000, 0x0000000781800000)
  object space 2252800K, 21% used [0x00000006f8000000,0x0000000715775180,0x0000000781800000)
 Metaspace       used 204705K, capacity 223606K, committed 223808K, reserved 1245184K
  class space    used 25245K, capacity 27743K, committed 27776K, reserved 1048576K
}
{Heap before GC invocations=525 (full 5):
 PSYoungGen      total 1003008K, used 995871K [0x0000000781800000, 0x00000007c0000000, 0x00000007c0000000)
  eden space 982528K, 99% used [0x0000000781800000,0x00000007bd7338e0,0x00000007bd780000)
  from space 20480K, 66% used [0x00000007bd780000,0x00000007be4d46e8,0x00000007beb80000)
  to   space 20480K, 0% used [0x00000007bec00000,0x00000007bec00000,0x00000007c0000000)
 ParOldGen       total 2252800K, used 482772K [0x00000006f8000000, 0x0000000781800000, 0x0000000781800000)
  object space 2252800K, 21% used [0x00000006f8000000,0x0000000715775180,0x0000000781800000)
 Metaspace       used 204705K, capacity 223606K, committed 223808K, reserved 1245184K
  class space    used 25245K, capacity 27743K, committed 27776K, reserved 1048576K
2022-06-20T09:58:10.858+0800: 7063.151: [GC (Allocation Failure) [PSYoungGen: 995871K->17876K(1002496K)] 1478644K->500697K(3255296K), 0.0186943 secs] [Times: user=0.05 sys=0.00, real=0.02 secs] 
Heap after GC invocations=525 (full 5):
 PSYoungGen      total 1002496K, used 17876K [0x0000000781800000, 0x00000007c0000000, 0x00000007c0000000)
  eden space 982016K, 0% used [0x0000000781800000,0x0000000781800000,0x00000007bd700000)
  from space 20480K, 87% used [0x00000007bec00000,0x00000007bfd75278,0x00000007c0000000)
  to   space 20992K, 0% used [0x00000007bd700000,0x00000007bd700000,0x00000007beb80000)
 ParOldGen       total 2252800K, used 482820K [0x00000006f8000000, 0x0000000781800000, 0x0000000781800000)
  object space 2252800K, 21% used [0x00000006f8000000,0x00000007157811a0,0x0000000781800000)
 Metaspace       used 204705K, capacity 223606K, committed 223808K, reserved 1245184K
  class space    used 25245K, capacity 27743K, committed 27776K, reserved 1048576K
}
{Heap before GC invocations=526 (full 5):
 PSYoungGen      total 1002496K, used 999678K [0x0000000781800000, 0x00000007c0000000, 0x00000007c0000000)
  eden space 982016K, 99% used [0x0000000781800000,0x00000007bd6ca968,0x00000007bd700000)
  from space 20480K, 87% used [0x00000007bec00000,0x00000007bfd75278,0x00000007c0000000)
  to   space 20992K, 0% used [0x00000007bd700000,0x00000007bd700000,0x00000007beb80000)
 ParOldGen       total 2252800K, used 482820K [0x00000006f8000000, 0x0000000781800000, 0x0000000781800000)
  object space 2252800K, 21% used [0x00000006f8000000,0x00000007157811a0,0x0000000781800000)
 Metaspace       used 204705K, capacity 223606K, committed 223808K, reserved 1245184K
  class space    used 25245K, capacity 27743K, committed 27776K, reserved 1048576K
2022-06-20T09:58:17.527+0800: 7069.820: [GC (Allocation Failure) [PSYoungGen: 999678K->20983K(1003008K)] 1482499K->504187K(3255808K), 0.0208009 secs] [Times: user=0.06 sys=0.00, real=0.02 secs] 
Heap after GC invocations=526 (full 5):
 PSYoungGen      total 1003008K, used 20983K [0x0000000781800000, 0x00000007c0000000, 0x00000007c0000000)
  eden space 982016K, 0% used [0x0000000781800000,0x0000000781800000,0x00000007bd700000)
  from space 20992K, 99% used [0x00000007bd700000,0x00000007beb7de08,0x00000007beb80000)
  to   space 20992K, 0% used [0x00000007beb80000,0x00000007beb80000,0x00000007c0000000)
 ParOldGen       total 2252800K, used 483204K [0x00000006f8000000, 0x0000000781800000, 0x0000000781800000)
  object space 2252800K, 21% used [0x00000006f8000000,0x00000007157e11a0,0x0000000781800000)
 Metaspace       used 204705K, capacity 223606K, committed 223808K, reserved 1245184K
  class space    used 25245K, capacity 27743K, committed 27776K, reserved 1048576K
}
{Heap before GC invocations=527 (full 5):
 PSYoungGen      total 1003008K, used 1002999K [0x0000000781800000, 0x00000007c0000000, 0x00000007c0000000)
  eden space 982016K, 100% used [0x0000000781800000,0x00000007bd700000,0x00000007bd700000)
  from space 20992K, 99% used [0x00000007bd700000,0x00000007beb7de08,0x00000007beb80000)
  to   space 20992K, 0% used [0x00000007beb80000,0x00000007beb80000,0x00000007c0000000)
 ParOldGen       total 2252800K, used 483204K [0x00000006f8000000, 0x0000000781800000, 0x0000000781800000)
  object space 2252800K, 21% used [0x00000006f8000000,0x00000007157e11a0,0x0000000781800000)
 Metaspace       used 204753K, capacity 223726K, committed 223808K, reserved 1245184K
  class space    used 25261K, capacity 27763K, committed 27776K, reserved 1048576K
2022-06-20T09:58:23.388+0800: 7075.681: [GC (Allocation Failure) [PSYoungGen: 1002999K->20936K(997888K)] 1486203K->504540K(3250688K), 0.0203015 secs] [Times: user=0.06 sys=0.01, real=0.02 secs] 
Heap after GC invocations=527 (full 5):
 PSYoungGen      total 997888K, used 20936K [0x0000000781800000, 0x00000007c0000000, 0x00000007c0000000)
  eden space 976896K, 0% used [0x0000000781800000,0x0000000781800000,0x00000007bd200000)
  from space 20992K, 99% used [0x00000007beb80000,0x00000007bfff2218,0x00000007c0000000)
  to   space 23552K, 0% used [0x00000007bd200000,0x00000007bd200000,0x00000007be900000)
 ParOldGen       total 2252800K, used 483604K [0x00000006f8000000, 0x0000000781800000, 0x0000000781800000)
  object space 2252800K, 21% used [0x00000006f8000000,0x0000000715845108,0x0000000781800000)
 Metaspace       used 204753K, capacity 223726K, committed 223808K, reserved 1245184K
  class space    used 25261K, capacity 27763K, committed 27776K, reserved 1048576K
}
{Heap before GC invocations=528 (full 5):
 PSYoungGen      total 997888K, used 997832K [0x0000000781800000, 0x00000007c0000000, 0x00000007c0000000)
  eden space 976896K, 100% used [0x0000000781800000,0x00000007bd200000,0x00000007bd200000)
  from space 20992K, 99% used [0x00000007beb80000,0x00000007bfff2218,0x00000007c0000000)
  to   space 23552K, 0% used [0x00000007bd200000,0x00000007bd200000,0x00000007be900000)
 ParOldGen       total 2252800K, used 483604K [0x00000006f8000000, 0x0000000781800000, 0x0000000781800000)
  object space 2252800K, 21% used [0x00000006f8000000,0x0000000715845108,0x0000000781800000)
 Metaspace       used 204756K, capacity 223726K, committed 223808K, reserved 1245184K
  class space    used 25261K, capacity 27763K, committed 27776K, reserved 1048576K
2022-06-20T09:58:28.224+0800: 7080.517: [GC (Allocation Failure) [PSYoungGen: 997832K->22664K(999936K)] 1481436K->506268K(3252736K), 0.0182786 secs] [Times: user=0.05 sys=0.00, real=0.02 secs] 
Heap after GC invocations=528 (full 5):
 PSYoungGen      total 999936K, used 22664K [0x0000000781800000, 0x00000007c0000000, 0x00000007c0000000)
  eden space 976896K, 0% used [0x0000000781800000,0x0000000781800000,0x00000007bd200000)
  from space 23040K, 98% used [0x00000007bd200000,0x00000007be822218,0x00000007be880000)
  to   space 24064K, 0% used [0x00000007be880000,0x00000007be880000,0x00000007c0000000)
 ParOldGen       total 2252800K, used 483604K [0x00000006f8000000, 0x0000000781800000, 0x0000000781800000)
  object space 2252800K, 21% used [0x00000006f8000000,0x0000000715845108,0x0000000781800000)
 Metaspace       used 204756K, capacity 223726K, committed 223808K, reserved 1245184K
  class space    used 25261K, capacity 27763K, committed 27776K, reserved 1048576K
}
{Heap before GC invocations=529 (full 5):
 PSYoungGen      total 999936K, used 999560K [0x0000000781800000, 0x00000007c0000000, 0x00000007c0000000)
  eden space 976896K, 100% used [0x0000000781800000,0x00000007bd200000,0x00000007bd200000)
  from space 23040K, 98% used [0x00000007bd200000,0x00000007be822218,0x00000007be880000)
  to   space 24064K, 0% used [0x00000007be880000,0x00000007be880000,0x00000007c0000000)
 ParOldGen       total 2252800K, used 483604K [0x00000006f8000000, 0x0000000781800000, 0x0000000781800000)
  object space 2252800K, 21% used [0x00000006f8000000,0x0000000715845108,0x0000000781800000)
 Metaspace       used 204777K, capacity 223786K, committed 223808K, reserved 1245184K
  class space    used 25268K, capacity 27773K, committed 27776K, reserved 1048576K
2022-06-20T09:58:34.693+0800: 7086.986: [GC (Allocation Failure) [PSYoungGen: 999560K->21279K(996864K)] 1483164K->505262K(3249664K), 0.0129409 secs] [Times: user=0.04 sys=0.00, real=0.01 secs] 
Heap after GC invocations=529 (full 5):
 PSYoungGen      total 996864K, used 21279K [0x0000000781800000, 0x00000007c0000000, 0x00000007c0000000)
  eden space 972800K, 0% used [0x0000000781800000,0x0000000781800000,0x00000007bce00000)
  from space 24064K, 88% used [0x00000007be880000,0x00000007bfd47d00,0x00000007c0000000)
  to   space 25600K, 0% used [0x00000007bce00000,0x00000007bce00000,0x00000007be700000)
 ParOldGen       total 2252800K, used 483983K [0x00000006f8000000, 0x0000000781800000, 0x0000000781800000)
  object space 2252800K, 21% used [0x00000006f8000000,0x00000007158a3e78,0x0000000781800000)
 Metaspace       used 204777K, capacity 223786K, committed 223808K, reserved 1245184K
  class space    used 25268K, capacity 27773K, committed 27776K, reserved 1048576K
}
{Heap before GC invocations=530 (full 5):
 PSYoungGen      total 996864K, used 993837K [0x0000000781800000, 0x00000007c0000000, 0x00000007c0000000)
  eden space 972800K, 99% used [0x0000000781800000,0x00000007bcdc3888,0x00000007bce00000)
  from space 24064K, 88% used [0x00000007be880000,0x00000007bfd47d00,0x00000007c0000000)
  to   space 25600K, 0% used [0x00000007bce00000,0x00000007bce00000,0x00000007be700000)
 ParOldGen       total 2252800K, used 483983K [0x00000006f8000000, 0x0000000781800000, 0x0000000781800000)
  object space 2252800K, 21% used [0x00000006f8000000,0x00000007158a3e78,0x0000000781800000)
 Metaspace       used 204806K, capacity 223846K, committed 224192K, reserved 1245184K
  class space    used 25276K, capacity 27783K, committed 27904K, reserved 1048576K
2022-06-20T09:58:39.754+0800: 7092.047: [GC (Allocation Failure) [PSYoungGen: 993837K->22562K(995840K)] 1477821K->506569K(3248640K), 0.0142499 secs] [Times: user=0.04 sys=0.00, real=0.02 secs] 
Heap after GC invocations=530 (full 5):
 PSYoungGen      total 995840K, used 22562K [0x0000000781800000, 0x00000007c0000000, 0x00000007c0000000)
  eden space 972800K, 0% used [0x0000000781800000,0x0000000781800000,0x00000007bce00000)
  from space 23040K, 97% used [0x00000007bce00000,0x00000007be408870,0x00000007be480000)
  to   space 26624K, 0% used [0x00000007be600000,0x00000007be600000,0x00000007c0000000)
 ParOldGen       total 2252800K, used 484007K [0x00000006f8000000, 0x0000000781800000, 0x0000000781800000)
  object space 2252800K, 21% used [0x00000006f8000000,0x00000007158a9e78,0x0000000781800000)
 Metaspace       used 204806K, capacity 223846K, committed 224192K, reserved 1245184K
  class space    used 25276K, capacity 27783K, committed 27904K, reserved 1048576K
}
{Heap before GC invocations=531 (full 5):
 PSYoungGen      total 995840K, used 995320K [0x0000000781800000, 0x00000007c0000000, 0x00000007c0000000)
  eden space 972800K, 99% used [0x0000000781800000,0x00000007bcdf57b0,0x00000007bce00000)
  from space 23040K, 97% used [0x00000007bce00000,0x00000007be408870,0x00000007be480000)
  to   space 26624K, 0% used [0x00000007be600000,0x00000007be600000,0x00000007c0000000)
 ParOldGen       total 2252800K, used 484007K [0x00000006f8000000, 0x0000000781800000, 0x0000000781800000)
  object space 2252800K, 21% used [0x00000006f8000000,0x00000007158a9e78,0x0000000781800000)
 Metaspace       used 204806K, capacity 223846K, committed 224192K, reserved 1245184K
  class space    used 25276K, capacity 27783K, committed 27904K, reserved 1048576K
2022-06-20T09:58:47.241+0800: 7099.534: [GC (Allocation Failure) [PSYoungGen: 995320K->21330K(996352K)] 1479327K->505418K(3249152K), 0.0165204 secs] [Times: user=0.05 sys=0.00, real=0.02 secs] 
Heap after GC invocations=531 (full 5):
 PSYoungGen      total 996352K, used 21330K [0x0000000781800000, 0x00000007c0000000, 0x00000007c0000000)
  eden space 969728K, 0% used [0x0000000781800000,0x0000000781800000,0x00000007bcb00000)
  from space 26624K, 80% used [0x00000007be600000,0x00000007bfad4860,0x00000007c0000000)
  to   space 27136K, 0% used [0x00000007bcb00000,0x00000007bcb00000,0x00000007be580000)
 ParOldGen       total 2252800K, used 484088K [0x00000006f8000000, 0x0000000781800000, 0x0000000781800000)
  object space 2252800K, 21% used [0x00000006f8000000,0x00000007158be2e8,0x0000000781800000)
 Metaspace       used 204806K, capacity 223846K, committed 224192K, reserved 1245184K
  class space    used 25276K, capacity 27783K, committed 27904K, reserved 1048576K
}
{Heap before GC invocations=532 (full 5):
 PSYoungGen      total 996352K, used 991058K [0x0000000781800000, 0x00000007c0000000, 0x00000007c0000000)
  eden space 969728K, 100% used [0x0000000781800000,0x00000007bcb00000,0x00000007bcb00000)
  from space 26624K, 80% used [0x00000007be600000,0x00000007bfad4860,0x00000007c0000000)
  to   space 27136K, 0% used [0x00000007bcb00000,0x00000007bcb00000,0x00000007be580000)
 ParOldGen       total 2252800K, used 484088K [0x00000006f8000000, 0x0000000781800000, 0x0000000781800000)
  object space 2252800K, 21% used [0x00000006f8000000,0x00000007158be2e8,0x0000000781800000)
 Metaspace       used 204806K, capacity 223846K, committed 224192K, reserved 1245184K
  class space    used 25276K, capacity 27783K, committed 27904K, reserved 1048576K
2022-06-20T09:58:52.141+0800: 7104.434: [GC (Allocation Failure) [PSYoungGen: 991058K->21968K(991744K)] 1475146K->506204K(3244544K), 0.0166682 secs] [Times: user=0.06 sys=0.00, real=0.02 secs] 
Heap after GC invocations=532 (full 5):
 PSYoungGen      total 991744K, used 21968K [0x0000000781800000, 0x00000007c0000000, 0x00000007c0000000)
  eden space 969728K, 0% used [0x0000000781800000,0x0000000781800000,0x00000007bcb00000)
  from space 22016K, 99% used [0x00000007bcb00000,0x00000007be0743e0,0x00000007be080000)
  to   space 27648K, 0% used [0x00000007be500000,0x00000007be500000,0x00000007c0000000)
 ParOldGen       total 2252800K, used 484235K [0x00000006f8000000, 0x0000000781800000, 0x0000000781800000)
  object space 2252800K, 21% used [0x00000006f8000000,0x00000007158e2fc8,0x0000000781800000)
 Metaspace       used 204806K, capacity 223846K, committed 224192K, reserved 1245184K
  class space    used 25276K, capacity 27783K, committed 27904K, reserved 1048576K
}
{Heap before GC invocations=533 (full 5):
 PSYoungGen      total 991744K, used 991696K [0x0000000781800000, 0x00000007c0000000, 0x00000007c0000000)
  eden space 969728K, 100% used [0x0000000781800000,0x00000007bcb00000,0x00000007bcb00000)
  from space 22016K, 99% used [0x00000007bcb00000,0x00000007be0743e0,0x00000007be080000)
  to   space 27648K, 0% used [0x00000007be500000,0x00000007be500000,0x00000007c0000000)
 ParOldGen       total 2252800K, used 484235K [0x00000006f8000000, 0x0000000781800000, 0x0000000781800000)
  object space 2252800K, 21% used [0x00000006f8000000,0x00000007158e2fe0,0x0000000781800000)
 Metaspace       used 204806K, capacity 223846K, committed 224192K, reserved 1245184K
  class space    used 25276K, capacity 27783K, committed 27904K, reserved 1048576K
2022-06-20T09:58:52.349+0800: 7104.642: [GC (GCLocker Initiated GC) [PSYoungGen: 991696K->21093K(996352K)] 1475932K->505481K(3249152K), 0.0154597 secs] [Times: user=0.05 sys=0.00, real=0.01 secs] 
Heap after GC invocations=533 (full 5):
 PSYoungGen      total 996352K, used 21093K [0x0000000781800000, 0x00000007c0000000, 0x00000007c0000000)
  eden space 968704K, 0% used [0x0000000781800000,0x0000000781800000,0x00000007bca00000)
  from space 27648K, 76% used [0x00000007be500000,0x00000007bf999690,0x00000007c0000000)
  to   space 27648K, 0% used [0x00000007bca00000,0x00000007bca00000,0x00000007be500000)
 ParOldGen       total 2252800K, used 484387K [0x00000006f8000000, 0x0000000781800000, 0x0000000781800000)
  object space 2252800K, 21% used [0x00000006f8000000,0x0000000715908e28,0x0000000781800000)
 Metaspace       used 204806K, capacity 223846K, committed 224192K, reserved 1245184K
  class space    used 25276K, capacity 27783K, committed 27904K, reserved 1048576K
}
{Heap before GC invocations=534 (full 5):
 PSYoungGen      total 996352K, used 989797K [0x0000000781800000, 0x00000007c0000000, 0x00000007c0000000)
  eden space 968704K, 100% used [0x0000000781800000,0x00000007bca00000,0x00000007bca00000)
  from space 27648K, 76% used [0x00000007be500000,0x00000007bf999690,0x00000007c0000000)
  to   space 27648K, 0% used [0x00000007bca00000,0x00000007bca00000,0x00000007be500000)
 ParOldGen       total 2252800K, used 484390K [0x00000006f8000000, 0x0000000781800000, 0x0000000781800000)
  object space 2252800K, 21% used [0x00000006f8000000,0x0000000715909a98,0x0000000781800000)
 Metaspace       used 204806K, capacity 223846K, committed 224192K, reserved 1245184K
  class space    used 25276K, capacity 27783K, committed 27904K, reserved 1048576K
2022-06-20T09:58:57.347+0800: 7109.640: [GC (Allocation Failure) [PSYoungGen: 989797K->21459K(996352K)] 1474188K->506081K(3249152K), 0.0236650 secs] [Times: user=0.04 sys=0.00, real=0.02 secs] 
Heap after GC invocations=534 (full 5):
 PSYoungGen      total 996352K, used 21459K [0x0000000781800000, 0x00000007c0000000, 0x00000007c0000000)
  eden space 968704K, 0% used [0x0000000781800000,0x0000000781800000,0x00000007bca00000)
  from space 27648K, 77% used [0x00000007bca00000,0x00000007bdef4cb0,0x00000007be500000)
  to   space 27648K, 0% used [0x00000007be500000,0x00000007be500000,0x00000007c0000000)
 ParOldGen       total 2252800K, used 484622K [0x00000006f8000000, 0x0000000781800000, 0x0000000781800000)
  object space 2252800K, 21% used [0x00000006f8000000,0x00000007159439c8,0x0000000781800000)
 Metaspace       used 204806K, capacity 223846K, committed 224192K, reserved 1245184K
  class space    used 25276K, capacity 27783K, committed 27904K, reserved 1048576K
}
{Heap before GC invocations=535 (full 5):
 PSYoungGen      total 996352K, used 990163K [0x0000000781800000, 0x00000007c0000000, 0x00000007c0000000)
  eden space 968704K, 100% used [0x0000000781800000,0x00000007bca00000,0x00000007bca00000)
  from space 27648K, 77% used [0x00000007bca00000,0x00000007bdef4cb0,0x00000007be500000)
  to   space 27648K, 0% used [0x00000007be500000,0x00000007be500000,0x00000007c0000000)
 ParOldGen       total 2252800K, used 484622K [0x00000006f8000000, 0x0000000781800000, 0x0000000781800000)
  object space 2252800K, 21% used [0x00000006f8000000,0x00000007159439c8,0x0000000781800000)
 Metaspace       used 204806K, capacity 223846K, committed 224192K, reserved 1245184K
  class space    used 25276K, capacity 27783K, committed 27904K, reserved 1048576K
2022-06-20T09:59:02.764+0800: 7115.057: [GC (Allocation Failure) [PSYoungGen: 990163K->22030K(996352K)] 1474785K->506798K(3249152K), 0.0215798 secs] [Times: user=0.06 sys=0.00, real=0.03 secs] 
Heap after GC invocations=535 (full 5):
 PSYoungGen      total 996352K, used 22030K [0x0000000781800000, 0x00000007c0000000, 0x00000007c0000000)
  eden space 968704K, 0% used [0x0000000781800000,0x0000000781800000,0x00000007bca00000)
  from space 27648K, 79% used [0x00000007be500000,0x00000007bfa839f0,0x00000007c0000000)
  to   space 27648K, 0% used [0x00000007bca00000,0x00000007bca00000,0x00000007be500000)
 ParOldGen       total 2252800K, used 484768K [0x00000006f8000000, 0x0000000781800000, 0x0000000781800000)
  object space 2252800K, 21% used [0x00000006f8000000,0x0000000715968078,0x0000000781800000)
 Metaspace       used 204806K, capacity 223846K, committed 224192K, reserved 1245184K
  class space    used 25276K, capacity 27783K, committed 27904K, reserved 1048576K
}
{Heap before GC invocations=536 (full 5):
 PSYoungGen      total 996352K, used 990734K [0x0000000781800000, 0x00000007c0000000, 0x00000007c0000000)
  eden space 968704K, 100% used [0x0000000781800000,0x00000007bca00000,0x00000007bca00000)
  from space 27648K, 79% used [0x00000007be500000,0x00000007bfa839f0,0x00000007c0000000)
  to   space 27648K, 0% used [0x00000007bca00000,0x00000007bca00000,0x00000007be500000)
 ParOldGen       total 2252800K, used 484768K [0x00000006f8000000, 0x0000000781800000, 0x0000000781800000)
  object space 2252800K, 21% used [0x00000006f8000000,0x0000000715968078,0x0000000781800000)
 Metaspace       used 204806K, capacity 223846K, committed 224192K, reserved 1245184K
  class space    used 25276K, capacity 27783K, committed 27904K, reserved 1048576K
2022-06-20T09:59:05.201+0800: 7117.494: [GC (Allocation Failure) [PSYoungGen: 990734K->21159K(996352K)] 1475502K->506063K(3249152K), 0.0163550 secs] [Times: user=0.05 sys=0.00, real=0.02 secs] 
Heap after GC invocations=536 (full 5):
 PSYoungGen      total 996352K, used 21159K [0x0000000781800000, 0x00000007c0000000, 0x00000007c0000000)
  eden space 968704K, 0% used [0x0000000781800000,0x0000000781800000,0x00000007bca00000)
  from space 27648K, 76% used [0x00000007bca00000,0x00000007bdea9f80,0x00000007be500000)
  to   space 27648K, 0% used [0x00000007be500000,0x00000007be500000,0x00000007c0000000)
 ParOldGen       total 2252800K, used 484904K [0x00000006f8000000, 0x0000000781800000, 0x0000000781800000)
  object space 2252800K, 21% used [0x00000006f8000000,0x000000071598a078,0x0000000781800000)
 Metaspace       used 204806K, capacity 223846K, committed 224192K, reserved 1245184K
  class space    used 25276K, capacity 27783K, committed 27904K, reserved 1048576K
}
{Heap before GC invocations=537 (full 5):
 PSYoungGen      total 996352K, used 989863K [0x0000000781800000, 0x00000007c0000000, 0x00000007c0000000)
  eden space 968704K, 100% used [0x0000000781800000,0x00000007bca00000,0x00000007bca00000)
  from space 27648K, 76% used [0x00000007bca00000,0x00000007bdea9f80,0x00000007be500000)
  to   space 27648K, 0% used [0x00000007be500000,0x00000007be500000,0x00000007c0000000)
 ParOldGen       total 2252800K, used 484904K [0x00000006f8000000, 0x0000000781800000, 0x0000000781800000)
  object space 2252800K, 21% used [0x00000006f8000000,0x000000071598a078,0x0000000781800000)
 Metaspace       used 204806K, capacity 223846K, committed 224192K, reserved 1245184K
  class space    used 25276K, capacity 27783K, committed 27904K, reserved 1048576K
2022-06-20T09:59:05.420+0800: 7117.713: [GC (Allocation Failure) [PSYoungGen: 989863K->13570K(996352K)] 1474767K->506006K(3249152K), 0.0166266 secs] [Times: user=0.05 sys=0.00, real=0.02 secs] 
Heap after GC invocations=537 (full 5):
 PSYoungGen      total 996352K, used 13570K [0x0000000781800000, 0x00000007c0000000, 0x00000007c0000000)
  eden space 968704K, 0% used [0x0000000781800000,0x0000000781800000,0x00000007bca00000)
  from space 27648K, 49% used [0x00000007be500000,0x00000007bf240860,0x00000007c0000000)
  to   space 27648K, 0% used [0x00000007bca00000,0x00000007bca00000,0x00000007be500000)
 ParOldGen       total 2252800K, used 492436K [0x00000006f8000000, 0x0000000781800000, 0x0000000781800000)
  object space 2252800K, 21% used [0x00000006f8000000,0x00000007160e5368,0x0000000781800000)
 Metaspace       used 204806K, capacity 223846K, committed 224192K, reserved 1245184K
  class space    used 25276K, capacity 27783K, committed 27904K, reserved 1048576K
}
{Heap before GC invocations=538 (full 5):
 PSYoungGen      total 996352K, used 982274K [0x0000000781800000, 0x00000007c0000000, 0x00000007c0000000)
  eden space 968704K, 100% used [0x0000000781800000,0x00000007bca00000,0x00000007bca00000)
  from space 27648K, 49% used [0x00000007be500000,0x00000007bf240860,0x00000007c0000000)
  to   space 27648K, 0% used [0x00000007bca00000,0x00000007bca00000,0x00000007be500000)
 ParOldGen       total 2252800K, used 492436K [0x00000006f8000000, 0x0000000781800000, 0x0000000781800000)
  object space 2252800K, 21% used [0x00000006f8000000,0x00000007160e5368,0x0000000781800000)
 Metaspace       used 204807K, capacity 223846K, committed 224192K, reserved 1245184K
  class space    used 25276K, capacity 27783K, committed 27904K, reserved 1048576K
2022-06-20T09:59:07.591+0800: 7119.884: [GC (Allocation Failure) [PSYoungGen: 982274K->13309K(982016K)] 1474710K->506090K(3234816K), 0.0150261 secs] [Times: user=0.04 sys=0.00, real=0.02 secs] 
Heap after GC invocations=538 (full 5):
 PSYoungGen      total 982016K, used 13309K [0x0000000781800000, 0x00000007c0000000, 0x00000007c0000000)
  eden space 968704K, 0% used [0x0000000781800000,0x0000000781800000,0x00000007bca00000)
  from space 13312K, 99% used [0x00000007bca00000,0x00000007bd6ff7e0,0x00000007bd700000)
  to   space 28160K, 0% used [0x00000007be480000,0x00000007be480000,0x00000007c0000000)
 ParOldGen       total 2252800K, used 492780K [0x00000006f8000000, 0x0000000781800000, 0x0000000781800000)
  object space 2252800K, 21% used [0x00000006f8000000,0x000000071613b188,0x0000000781800000)
 Metaspace       used 204807K, capacity 223846K, committed 224192K, reserved 1245184K
  class space    used 25276K, capacity 27783K, committed 27904K, reserved 1048576K
}
{Heap before GC invocations=539 (full 5):
 PSYoungGen      total 982016K, used 982013K [0x0000000781800000, 0x00000007c0000000, 0x00000007c0000000)
  eden space 968704K, 100% used [0x0000000781800000,0x00000007bca00000,0x00000007bca00000)
  from space 13312K, 99% used [0x00000007bca00000,0x00000007bd6ff7e0,0x00000007bd700000)
  to   space 28160K, 0% used [0x00000007be480000,0x00000007be480000,0x00000007c0000000)
 ParOldGen       total 2252800K, used 492780K [0x00000006f8000000, 0x0000000781800000, 0x0000000781800000)
  object space 2252800K, 21% used [0x00000006f8000000,0x000000071613b188,0x0000000781800000)
 Metaspace       used 204807K, capacity 223846K, committed 224192K, reserved 1245184K
  class space    used 25276K, capacity 27783K, committed 27904K, reserved 1048576K
2022-06-20T09:59:09.544+0800: 7121.837: [GC (Allocation Failure) [PSYoungGen: 982013K->13149K(995840K)] 1474794K->506421K(3248640K), 0.0147717 secs] [Times: user=0.04 sys=0.00, real=0.02 secs] 
Heap after GC invocations=539 (full 5):
 PSYoungGen      total 995840K, used 13149K [0x0000000781800000, 0x00000007c0000000, 0x00000007c0000000)
  eden space 967680K, 0% used [0x0000000781800000,0x0000000781800000,0x00000007bc900000)
  from space 28160K, 46% used [0x00000007be480000,0x00000007bf1575e0,0x00000007c0000000)
  to   space 28160K, 0% used [0x00000007bc900000,0x00000007bc900000,0x00000007be480000)
 ParOldGen       total 2252800K, used 493272K [0x00000006f8000000, 0x0000000781800000, 0x0000000781800000)
  object space 2252800K, 21% used [0x00000006f8000000,0x00000007161b61c0,0x0000000781800000)
 Metaspace       used 204807K, capacity 223846K, committed 224192K, reserved 1245184K
  class space    used 25276K, capacity 27783K, committed 27904K, reserved 1048576K
}
{Heap before GC invocations=540 (full 5):
 PSYoungGen      total 995840K, used 980454K [0x0000000781800000, 0x00000007c0000000, 0x00000007c0000000)
  eden space 967680K, 99% used [0x0000000781800000,0x00000007bc8a2558,0x00000007bc900000)
  from space 28160K, 46% used [0x00000007be480000,0x00000007bf1575e0,0x00000007c0000000)
  to   space 28160K, 0% used [0x00000007bc900000,0x00000007bc900000,0x00000007be480000)
 ParOldGen       total 2252800K, used 493272K [0x00000006f8000000, 0x0000000781800000, 0x0000000781800000)
  object space 2252800K, 21% used [0x00000006f8000000,0x00000007161b61c0,0x0000000781800000)
 Metaspace       used 204931K, capacity 224122K, committed 224448K, reserved 1245184K
  class space    used 25301K, capacity 27819K, committed 27904K, reserved 1048576K
2022-06-20T09:59:14.758+0800: 7127.051: [GC (Allocation Failure) [PSYoungGen: 980454K->13484K(995840K)] 1473727K->506917K(3248640K), 0.0244767 secs] [Times: user=0.05 sys=0.02, real=0.02 secs] 
Heap after GC invocations=540 (full 5):
 PSYoungGen      total 995840K, used 13484K [0x0000000781800000, 0x00000007c0000000, 0x00000007c0000000)
  eden space 967680K, 0% used [0x0000000781800000,0x0000000781800000,0x00000007bc900000)
  from space 28160K, 47% used [0x00000007bc900000,0x00000007bd62b3b0,0x00000007be480000)
  to   space 27648K, 0% used [0x00000007be500000,0x00000007be500000,0x00000007c0000000)
 ParOldGen       total 2252800K, used 493432K [0x00000006f8000000, 0x0000000781800000, 0x0000000781800000)
  object space 2252800K, 21% used [0x00000006f8000000,0x00000007161de1e0,0x0000000781800000)
 Metaspace       used 204931K, capacity 224122K, committed 224448K, reserved 1245184K
  class space    used 25301K, capacity 27819K, committed 27904K, reserved 1048576K
}
{Heap before GC invocations=541 (full 5):
 PSYoungGen      total 995840K, used 981164K [0x0000000781800000, 0x00000007c0000000, 0x00000007c0000000)
  eden space 967680K, 100% used [0x0000000781800000,0x00000007bc900000,0x00000007bc900000)
  from space 28160K, 47% used [0x00000007bc900000,0x00000007bd62b3b0,0x00000007be480000)
  to   space 27648K, 0% used [0x00000007be500000,0x00000007be500000,0x00000007c0000000)
 ParOldGen       total 2252800K, used 493432K [0x00000006f8000000, 0x0000000781800000, 0x0000000781800000)
  object space 2252800K, 21% used [0x00000006f8000000,0x00000007161de1e0,0x0000000781800000)
 Metaspace       used 204931K, capacity 224122K, committed 224448K, reserved 1245184K
  class space    used 25301K, capacity 27819K, committed 27904K, reserved 1048576K
2022-06-20T09:59:17.731+0800: 7130.024: [GC (Allocation Failure) [PSYoungGen: 981164K->13628K(996352K)] 1474597K->507149K(3249152K), 0.0192782 secs] [Times: user=0.05 sys=0.01, real=0.02 secs] 
Heap after GC invocations=541 (full 5):
 PSYoungGen      total 996352K, used 13628K [0x0000000781800000, 0x00000007c0000000, 0x00000007c0000000)
  eden space 968704K, 0% used [0x0000000781800000,0x0000000781800000,0x00000007bca00000)
  from space 27648K, 49% used [0x00000007be500000,0x00000007bf24f3b0,0x00000007c0000000)
  to   space 27648K, 0% used [0x00000007bca00000,0x00000007bca00000,0x00000007be500000)
 ParOldGen       total 2252800K, used 493520K [0x00000006f8000000, 0x0000000781800000, 0x0000000781800000)
  object space 2252800K, 21% used [0x00000006f8000000,0x00000007161f41e0,0x0000000781800000)
 Metaspace       used 204931K, capacity 224122K, committed 224448K, reserved 1245184K
  class space    used 25301K, capacity 27819K, committed 27904K, reserved 1048576K
}
{Heap before GC invocations=542 (full 5):
 PSYoungGen      total 996352K, used 982332K [0x0000000781800000, 0x00000007c0000000, 0x00000007c0000000)
  eden space 968704K, 100% used [0x0000000781800000,0x00000007bca00000,0x00000007bca00000)
  from space 27648K, 49% used [0x00000007be500000,0x00000007bf24f3b0,0x00000007c0000000)
  to   space 27648K, 0% used [0x00000007bca00000,0x00000007bca00000,0x00000007be500000)
 ParOldGen       total 2252800K, used 493520K [0x00000006f8000000, 0x0000000781800000, 0x0000000781800000)
  object space 2252800K, 21% used [0x00000006f8000000,0x00000007161f41e0,0x0000000781800000)
 Metaspace       used 204931K, capacity 224122K, committed 224448K, reserved 1245184K
  class space    used 25301K, capacity 27819K, committed 27904K, reserved 1048576K
2022-06-20T09:59:18.210+0800: 7130.503: [GC (Allocation Failure) [PSYoungGen: 982332K->13116K(996352K)] 1475853K->507186K(3249152K), 0.0161244 secs] [Times: user=0.04 sys=0.00, real=0.02 secs] 
Heap after GC invocations=542 (full 5):
 PSYoungGen      total 996352K, used 13116K [0x0000000781800000, 0x00000007c0000000, 0x00000007c0000000)
  eden space 968704K, 0% used [0x0000000781800000,0x0000000781800000,0x00000007bca00000)
  from space 27648K, 47% used [0x00000007bca00000,0x00000007bd6cf0f0,0x00000007be500000)
  to   space 27136K, 0% used [0x00000007be580000,0x00000007be580000,0x00000007c0000000)
 ParOldGen       total 2252800K, used 494069K [0x00000006f8000000, 0x0000000781800000, 0x0000000781800000)
  object space 2252800K, 21% used [0x00000006f8000000,0x000000071627d730,0x0000000781800000)
 Metaspace       used 204931K, capacity 224122K, committed 224448K, reserved 1245184K
  class space    used 25301K, capacity 27819K, committed 27904K, reserved 1048576K
}
{Heap before GC invocations=543 (full 5):
 PSYoungGen      total 996352K, used 981820K [0x0000000781800000, 0x00000007c0000000, 0x00000007c0000000)
  eden space 968704K, 100% used [0x0000000781800000,0x00000007bca00000,0x00000007bca00000)
  from space 27648K, 47% used [0x00000007bca00000,0x00000007bd6cf0f0,0x00000007be500000)
  to   space 27136K, 0% used [0x00000007be580000,0x00000007be580000,0x00000007c0000000)
 ParOldGen       total 2252800K, used 494069K [0x00000006f8000000, 0x0000000781800000, 0x0000000781800000)
  object space 2252800K, 21% used [0x00000006f8000000,0x000000071627d730,0x0000000781800000)
 Metaspace       used 204931K, capacity 224122K, committed 224448K, reserved 1245184K
  class space    used 25301K, capacity 27819K, committed 27904K, reserved 1048576K
2022-06-20T09:59:21.532+0800: 7133.825: [GC (Allocation Failure) [PSYoungGen: 981820K->13175K(997376K)] 1475890K->507293K(3250176K), 0.0181302 secs] [Times: user=0.05 sys=0.00, real=0.02 secs] 
Heap after GC invocations=543 (full 5):
 PSYoungGen      total 997376K, used 13175K [0x0000000781800000, 0x00000007c0000000, 0x00000007c0000000)
  eden space 970240K, 0% used [0x0000000781800000,0x0000000781800000,0x00000007bcb80000)
  from space 27136K, 48% used [0x00000007be580000,0x00000007bf25de50,0x00000007c0000000)
  to   space 26624K, 0% used [0x00000007bcb80000,0x00000007bcb80000,0x00000007be580000)
 ParOldGen       total 2252800K, used 494117K [0x00000006f8000000, 0x0000000781800000, 0x0000000781800000)
  object space 2252800K, 21% used [0x00000006f8000000,0x0000000716289730,0x0000000781800000)
 Metaspace       used 204931K, capacity 224122K, committed 224448K, reserved 1245184K
  class space    used 25301K, capacity 27819K, committed 27904K, reserved 1048576K
}
{Heap before GC invocations=544 (full 5):
 PSYoungGen      total 997376K, used 983415K [0x0000000781800000, 0x00000007c0000000, 0x00000007c0000000)
  eden space 970240K, 100% used [0x0000000781800000,0x00000007bcb80000,0x00000007bcb80000)
  from space 27136K, 48% used [0x00000007be580000,0x00000007bf25de50,0x00000007c0000000)
  to   space 26624K, 0% used [0x00000007bcb80000,0x00000007bcb80000,0x00000007be580000)
 ParOldGen       total 2252800K, used 494117K [0x00000006f8000000, 0x0000000781800000, 0x0000000781800000)
  object space 2252800K, 21% used [0x00000006f8000000,0x0000000716289730,0x0000000781800000)
 Metaspace       used 204953K, capacity 224182K, committed 224448K, reserved 1245184K
  class space    used 25309K, capacity 27829K, committed 27904K, reserved 1048576K
2022-06-20T09:59:26.908+0800: 7139.201: [GC (Allocation Failure) [PSYoungGen: 983415K->16475K(996864K)] 1477533K->511410K(3249664K), 0.0181289 secs] [Times: user=0.05 sys=0.01, real=0.02 secs] 
Heap after GC invocations=544 (full 5):
 PSYoungGen      total 996864K, used 16475K [0x0000000781800000, 0x00000007c0000000, 0x00000007c0000000)
  eden space 970240K, 0% used [0x0000000781800000,0x0000000781800000,0x00000007bcb80000)
  from space 26624K, 61% used [0x00000007bcb80000,0x00000007bdb96e30,0x00000007be580000)
  to   space 25600K, 0% used [0x00000007be700000,0x00000007be700000,0x00000007c0000000)
 ParOldGen       total 2252800K, used 494934K [0x00000006f8000000, 0x0000000781800000, 0x0000000781800000)
  object space 2252800K, 21% used [0x00000006f8000000,0x0000000716355aa0,0x0000000781800000)
 Metaspace       used 204953K, capacity 224182K, committed 224448K, reserved 1245184K
  class space    used 25309K, capacity 27829K, committed 27904K, reserved 1048576K
}
{Heap before GC invocations=545 (full 5):
 PSYoungGen      total 996864K, used 986464K [0x0000000781800000, 0x00000007c0000000, 0x00000007c0000000)
  eden space 970240K, 99% used [0x0000000781800000,0x00000007bcb41410,0x00000007bcb80000)
  from space 26624K, 61% used [0x00000007bcb80000,0x00000007bdb96e30,0x00000007be580000)
  to   space 25600K, 0% used [0x00000007be700000,0x00000007be700000,0x00000007c0000000)
 ParOldGen       total 2252800K, used 494934K [0x00000006f8000000, 0x0000000781800000, 0x0000000781800000)
  object space 2252800K, 21% used [0x00000006f8000000,0x0000000716355aa0,0x0000000781800000)
 Metaspace       used 204978K, capacity 224210K, committed 224448K, reserved 1245184K
  class space    used 25314K, capacity 27837K, committed 27904K, reserved 1048576K
2022-06-20T09:59:31.854+0800: 7144.146: [GC (Allocation Failure) [PSYoungGen: 986464K->16964K(998912K)] 1481399K->512103K(3251712K), 0.0205245 secs] [Times: user=0.05 sys=0.01, real=0.02 secs] 
Heap after GC invocations=545 (full 5):
 PSYoungGen      total 998912K, used 16964K [0x0000000781800000, 0x00000007c0000000, 0x00000007c0000000)
  eden space 973312K, 0% used [0x0000000781800000,0x0000000781800000,0x00000007bce80000)
  from space 25600K, 66% used [0x00000007be700000,0x00000007bf791168,0x00000007c0000000)
  to   space 25088K, 0% used [0x00000007bce80000,0x00000007bce80000,0x00000007be700000)
 ParOldGen       total 2252800K, used 495138K [0x00000006f8000000, 0x0000000781800000, 0x0000000781800000)
  object space 2252800K, 21% used [0x00000006f8000000,0x0000000716388ae0,0x0000000781800000)
 Metaspace       used 204978K, capacity 224210K, committed 224448K, reserved 1245184K
  class space    used 25314K, capacity 27837K, committed 27904K, reserved 1048576K
}
{Heap before GC invocations=546 (full 5):
 PSYoungGen      total 998912K, used 990276K [0x0000000781800000, 0x00000007c0000000, 0x00000007c0000000)
  eden space 973312K, 100% used [0x0000000781800000,0x00000007bce80000,0x00000007bce80000)
  from space 25600K, 66% used [0x00000007be700000,0x00000007bf791168,0x00000007c0000000)
  to   space 25088K, 0% used [0x00000007bce80000,0x00000007bce80000,0x00000007be700000)
 ParOldGen       total 2252800K, used 495138K [0x00000006f8000000, 0x0000000781800000, 0x0000000781800000)
  object space 2252800K, 21% used [0x00000006f8000000,0x0000000716388ae0,0x0000000781800000)
 Metaspace       used 205004K, capacity 224210K, committed 224448K, reserved 1245184K
  class space    used 25315K, capacity 27837K, committed 27904K, reserved 1048576K
2022-06-20T09:59:38.670+0800: 7150.963: [GC (Allocation Failure) [PSYoungGen: 990276K->25061K(998400K)] 1485415K->529509K(3251200K), 0.0270592 secs] [Times: user=0.08 sys=0.01, real=0.03 secs] 
Heap after GC invocations=546 (full 5):
 PSYoungGen      total 998400K, used 25061K [0x0000000781800000, 0x00000007c0000000, 0x00000007c0000000)
  eden space 973312K, 0% used [0x0000000781800000,0x0000000781800000,0x00000007bce80000)
  from space 25088K, 99% used [0x00000007bce80000,0x00000007be6f96d0,0x00000007be700000)
  to   space 25600K, 0% used [0x00000007be700000,0x00000007be700000,0x00000007c0000000)
 ParOldGen       total 2252800K, used 504448K [0x00000006f8000000, 0x0000000781800000, 0x0000000781800000)
  object space 2252800K, 22% used [0x00000006f8000000,0x0000000716ca0020,0x0000000781800000)
 Metaspace       used 205004K, capacity 224210K, committed 224448K, reserved 1245184K
  class space    used 25315K, capacity 27837K, committed 27904K, reserved 1048576K
}
{Heap before GC invocations=547 (full 5):
 PSYoungGen      total 998400K, used 998373K [0x0000000781800000, 0x00000007c0000000, 0x00000007c0000000)
  eden space 973312K, 100% used [0x0000000781800000,0x00000007bce80000,0x00000007bce80000)
  from space 25088K, 99% used [0x00000007bce80000,0x00000007be6f96d0,0x00000007be700000)
  to   space 25600K, 0% used [0x00000007be700000,0x00000007be700000,0x00000007c0000000)
 ParOldGen       total 2252800K, used 504448K [0x00000006f8000000, 0x0000000781800000, 0x0000000781800000)
  object space 2252800K, 22% used [0x00000006f8000000,0x0000000716ca0020,0x0000000781800000)
 Metaspace       used 205006K, capacity 224210K, committed 224448K, reserved 1245184K
  class space    used 25315K, capacity 27837K, committed 27904K, reserved 1048576K
2022-06-20T09:59:45.900+0800: 7158.193: [GC (Allocation Failure) [PSYoungGen: 998373K->17789K(990208K)] 1502821K->537996K(3243008K), 0.0275904 secs] [Times: user=0.08 sys=0.02, real=0.03 secs] 
Heap after GC invocations=547 (full 5):
 PSYoungGen      total 990208K, used 17789K [0x0000000781800000, 0x00000007c0000000, 0x00000007c0000000)
  eden space 964608K, 0% used [0x0000000781800000,0x0000000781800000,0x00000007bc600000)
  from space 25600K, 69% used [0x00000007be700000,0x00000007bf85f5d0,0x00000007c0000000)
  to   space 29696K, 0% used [0x00000007bc600000,0x00000007bc600000,0x00000007be300000)
 ParOldGen       total 2252800K, used 520207K [0x00000006f8000000, 0x0000000781800000, 0x0000000781800000)
  object space 2252800K, 23% used [0x00000006f8000000,0x0000000717c03db0,0x0000000781800000)
 Metaspace       used 205006K, capacity 224210K, committed 224448K, reserved 1245184K
  class space    used 25315K, capacity 27837K, committed 27904K, reserved 1048576K
}
{Heap before GC invocations=548 (full 5):
 PSYoungGen      total 990208K, used 982397K [0x0000000781800000, 0x00000007c0000000, 0x00000007c0000000)
  eden space 964608K, 100% used [0x0000000781800000,0x00000007bc600000,0x00000007bc600000)
  from space 25600K, 69% used [0x00000007be700000,0x00000007bf85f5d0,0x00000007c0000000)
  to   space 29696K, 0% used [0x00000007bc600000,0x00000007bc600000,0x00000007be300000)
 ParOldGen       total 2252800K, used 520207K [0x00000006f8000000, 0x0000000781800000, 0x0000000781800000)
  object space 2252800K, 23% used [0x00000006f8000000,0x0000000717c03db0,0x0000000781800000)
 Metaspace       used 205231K, capacity 224680K, committed 224832K, reserved 1247232K
  class space    used 25361K, capacity 27908K, committed 28032K, reserved 1048576K
2022-06-20T09:59:51.764+0800: 7164.057: [GC (Allocation Failure) [PSYoungGen: 982397K->18340K(994304K)] 1502604K->538556K(3247104K), 0.0199488 secs] [Times: user=0.05 sys=0.00, real=0.02 secs] 
Heap after GC invocations=548 (full 5):
 PSYoungGen      total 994304K, used 18340K [0x0000000781800000, 0x00000007c0000000, 0x00000007c0000000)
  eden space 964608K, 0% used [0x0000000781800000,0x0000000781800000,0x00000007bc600000)
  from space 29696K, 61% used [0x00000007bc600000,0x00000007bd7e9320,0x00000007be300000)
  to   space 28672K, 0% used [0x00000007be400000,0x00000007be400000,0x00000007c0000000)
 ParOldGen       total 2252800K, used 520215K [0x00000006f8000000, 0x0000000781800000, 0x0000000781800000)
  object space 2252800K, 23% used [0x00000006f8000000,0x0000000717c05db0,0x0000000781800000)
 Metaspace       used 205231K, capacity 224680K, committed 224832K, reserved 1247232K
  class space    used 25361K, capacity 27908K, committed 28032K, reserved 1048576K
}
{Heap before GC invocations=549 (full 5):
 PSYoungGen      total 994304K, used 982948K [0x0000000781800000, 0x00000007c0000000, 0x00000007c0000000)
  eden space 964608K, 100% used [0x0000000781800000,0x00000007bc600000,0x00000007bc600000)
  from space 29696K, 61% used [0x00000007bc600000,0x00000007bd7e9320,0x00000007be300000)
  to   space 28672K, 0% used [0x00000007be400000,0x00000007be400000,0x00000007c0000000)
 ParOldGen       total 2252800K, used 520215K [0x00000006f8000000, 0x0000000781800000, 0x0000000781800000)
  object space 2252800K, 23% used [0x00000006f8000000,0x0000000717c05db0,0x0000000781800000)
 Metaspace       used 205231K, capacity 224680K, committed 224832K, reserved 1247232K
  class space    used 25361K, capacity 27908K, committed 28032K, reserved 1048576K
2022-06-20T09:59:56.244+0800: 7168.537: [GC (Allocation Failure) [PSYoungGen: 982948K->18625K(996352K)] 1503164K->538840K(3249152K), 0.0183305 secs] [Times: user=0.06 sys=0.00, real=0.02 secs] 
Heap after GC invocations=549 (full 5):
 PSYoungGen      total 996352K, used 18625K [0x0000000781800000, 0x00000007c0000000, 0x00000007c0000000)
  eden space 967680K, 0% used [0x0000000781800000,0x0000000781800000,0x00000007bc900000)
  from space 28672K, 64% used [0x00000007be400000,0x00000007bf6305f0,0x00000007c0000000)
  to   space 27648K, 0% used [0x00000007bc900000,0x00000007bc900000,0x00000007be400000)
 ParOldGen       total 2252800K, used 520215K [0x00000006f8000000, 0x0000000781800000, 0x0000000781800000)
  object space 2252800K, 23% used [0x00000006f8000000,0x0000000717c05db0,0x0000000781800000)
 Metaspace       used 205231K, capacity 224680K, committed 224832K, reserved 1247232K
  class space    used 25361K, capacity 27908K, committed 28032K, reserved 1048576K
}
{Heap before GC invocations=550 (full 5):
 PSYoungGen      total 996352K, used 986043K [0x0000000781800000, 0x00000007c0000000, 0x00000007c0000000)
  eden space 967680K, 99% used [0x0000000781800000,0x00000007bc8be7a0,0x00000007bc900000)
  from space 28672K, 64% used [0x00000007be400000,0x00000007bf6305f0,0x00000007c0000000)
  to   space 27648K, 0% used [0x00000007bc900000,0x00000007bc900000,0x00000007be400000)
 ParOldGen       total 2252800K, used 520215K [0x00000006f8000000, 0x0000000781800000, 0x0000000781800000)
  object space 2252800K, 23% used [0x00000006f8000000,0x0000000717c05db0,0x0000000781800000)
 Metaspace       used 205231K, capacity 224680K, committed 224832K, reserved 1247232K
  class space    used 25361K, capacity 27908K, committed 28032K, reserved 1048576K
2022-06-20T10:00:02.284+0800: 7174.576: [GC (Allocation Failure) [PSYoungGen: 986043K->18836K(995328K)] 1506258K->539051K(3248128K), 0.0172821 secs] [Times: user=0.06 sys=0.00, real=0.02 secs] 
Heap after GC invocations=550 (full 5):
 PSYoungGen      total 995328K, used 18836K [0x0000000781800000, 0x00000007c0000000, 0x00000007c0000000)
  eden space 967680K, 0% used [0x0000000781800000,0x0000000781800000,0x00000007bc900000)
  from space 27648K, 68% used [0x00000007bc900000,0x00000007bdb65060,0x00000007be400000)
  to   space 27136K, 0% used [0x00000007be580000,0x00000007be580000,0x00000007c0000000)
 ParOldGen       total 2252800K, used 520215K [0x00000006f8000000, 0x0000000781800000, 0x0000000781800000)
  object space 2252800K, 23% used [0x00000006f8000000,0x0000000717c05db0,0x0000000781800000)
 Metaspace       used 205231K, capacity 224680K, committed 224832K, reserved 1247232K
  class space    used 25361K, capacity 27908K, committed 28032K, reserved 1048576K
}
{Heap before GC invocations=551 (full 5):
 PSYoungGen      total 995328K, used 986516K [0x0000000781800000, 0x00000007c0000000, 0x00000007c0000000)
  eden space 967680K, 100% used [0x0000000781800000,0x00000007bc900000,0x00000007bc900000)
  from space 27648K, 68% used [0x00000007bc900000,0x00000007bdb65060,0x00000007be400000)
  to   space 27136K, 0% used [0x00000007be580000,0x00000007be580000,0x00000007c0000000)
 ParOldGen       total 2252800K, used 520215K [0x00000006f8000000, 0x0000000781800000, 0x0000000781800000)
  object space 2252800K, 23% used [0x00000006f8000000,0x0000000717c05db0,0x0000000781800000)
 Metaspace       used 205231K, capacity 224680K, committed 224832K, reserved 1247232K
  class space    used 25361K, capacity 27908K, committed 28032K, reserved 1048576K
2022-06-20T10:00:05.547+0800: 7177.840: [GC (Allocation Failure) [PSYoungGen: 986516K->18890K(997376K)] 1506731K->539105K(3250176K), 0.0194134 secs] [Times: user=0.06 sys=0.00, real=0.02 secs] 
Heap after GC invocations=551 (full 5):
 PSYoungGen      total 997376K, used 18890K [0x0000000781800000, 0x00000007c0000000, 0x00000007c0000000)
  eden space 970240K, 0% used [0x0000000781800000,0x0000000781800000,0x00000007bcb80000)
  from space 27136K, 69% used [0x00000007be580000,0x00000007bf7f2a48,0x00000007c0000000)
  to   space 26624K, 0% used [0x00000007bcb80000,0x00000007bcb80000,0x00000007be580000)
 ParOldGen       total 2252800K, used 520215K [0x00000006f8000000, 0x0000000781800000, 0x0000000781800000)
  object space 2252800K, 23% used [0x00000006f8000000,0x0000000717c05db0,0x0000000781800000)
 Metaspace       used 205231K, capacity 224680K, committed 224832K, reserved 1247232K
  class space    used 25361K, capacity 27908K, committed 28032K, reserved 1048576K
}
{Heap before GC invocations=552 (full 5):
 PSYoungGen      total 997376K, used 989130K [0x0000000781800000, 0x00000007c0000000, 0x00000007c0000000)
  eden space 970240K, 100% used [0x0000000781800000,0x00000007bcb80000,0x00000007bcb80000)
  from space 27136K, 69% used [0x00000007be580000,0x00000007bf7f2a48,0x00000007c0000000)
  to   space 26624K, 0% used [0x00000007bcb80000,0x00000007bcb80000,0x00000007be580000)
 ParOldGen       total 2252800K, used 520215K [0x00000006f8000000, 0x0000000781800000, 0x0000000781800000)
  object space 2252800K, 23% used [0x00000006f8000000,0x0000000717c05db0,0x0000000781800000)
 Metaspace       used 205237K, capacity 224680K, committed 224832K, reserved 1247232K
  class space    used 25361K, capacity 27908K, committed 28032K, reserved 1048576K
2022-06-20T10:00:12.099+0800: 7184.392: [GC (Allocation Failure) [PSYoungGen: 989130K->19363K(996864K)] 1509345K->539579K(3249664K), 0.0241789 secs] [Times: user=0.06 sys=0.01, real=0.02 secs] 
Heap after GC invocations=552 (full 5):
 PSYoungGen      total 996864K, used 19363K [0x0000000781800000, 0x00000007c0000000, 0x00000007c0000000)
  eden space 970240K, 0% used [0x0000000781800000,0x0000000781800000,0x00000007bcb80000)
  from space 26624K, 72% used [0x00000007bcb80000,0x00000007bde68ff0,0x00000007be580000)
  to   space 26112K, 0% used [0x00000007be680000,0x00000007be680000,0x00000007c0000000)
 ParOldGen       total 2252800K, used 520215K [0x00000006f8000000, 0x0000000781800000, 0x0000000781800000)
  object space 2252800K, 23% used [0x00000006f8000000,0x0000000717c05db0,0x0000000781800000)
 Metaspace       used 205237K, capacity 224680K, committed 224832K, reserved 1247232K
  class space    used 25361K, capacity 27908K, committed 28032K, reserved 1048576K
}
{Heap before GC invocations=553 (full 5):
 PSYoungGen      total 996864K, used 989603K [0x0000000781800000, 0x00000007c0000000, 0x00000007c0000000)
  eden space 970240K, 100% used [0x0000000781800000,0x00000007bcb80000,0x00000007bcb80000)
  from space 26624K, 72% used [0x00000007bcb80000,0x00000007bde68ff0,0x00000007be580000)
  to   space 26112K, 0% used [0x00000007be680000,0x00000007be680000,0x00000007c0000000)
 ParOldGen       total 2252800K, used 520215K [0x00000006f8000000, 0x0000000781800000, 0x0000000781800000)
  object space 2252800K, 23% used [0x00000006f8000000,0x0000000717c05db0,0x0000000781800000)
 Metaspace       used 205237K, capacity 224680K, committed 224832K, reserved 1247232K
  class space    used 25361K, capacity 27908K, committed 28032K, reserved 1048576K
2022-06-20T10:00:17.841+0800: 7190.134: [GC (Allocation Failure) [PSYoungGen: 989603K->19811K(998400K)] 1509819K->540027K(3251200K), 0.0142325 secs] [Times: user=0.04 sys=0.00, real=0.01 secs] 
Heap after GC invocations=553 (full 5):
 PSYoungGen      total 998400K, used 19811K [0x0000000781800000, 0x00000007c0000000, 0x00000007c0000000)
  eden space 972288K, 0% used [0x0000000781800000,0x0000000781800000,0x00000007bcd80000)
  from space 26112K, 75% used [0x00000007be680000,0x00000007bf9d8f40,0x00000007c0000000)
  to   space 25600K, 0% used [0x00000007bcd80000,0x00000007bcd80000,0x00000007be680000)
 ParOldGen       total 2252800K, used 520215K [0x00000006f8000000, 0x0000000781800000, 0x0000000781800000)
  object space 2252800K, 23% used [0x00000006f8000000,0x0000000717c05db0,0x0000000781800000)
 Metaspace       used 205237K, capacity 224680K, committed 224832K, reserved 1247232K
  class space    used 25361K, capacity 27908K, committed 28032K, reserved 1048576K
}
{Heap before GC invocations=554 (full 5):
 PSYoungGen      total 998400K, used 992061K [0x0000000781800000, 0x00000007c0000000, 0x00000007c0000000)
  eden space 972288K, 99% used [0x0000000781800000,0x00000007bcd76580,0x00000007bcd80000)
  from space 26112K, 75% used [0x00000007be680000,0x00000007bf9d8f40,0x00000007c0000000)
  to   space 25600K, 0% used [0x00000007bcd80000,0x00000007bcd80000,0x00000007be680000)
 ParOldGen       total 2252800K, used 520215K [0x00000006f8000000, 0x0000000781800000, 0x0000000781800000)
  object space 2252800K, 23% used [0x00000006f8000000,0x0000000717c05db0,0x0000000781800000)
 Metaspace       used 205237K, capacity 224680K, committed 224832K, reserved 1247232K
  class space    used 25361K, capacity 27908K, committed 28032K, reserved 1048576K
2022-06-20T10:00:23.185+0800: 7195.478: [GC (Allocation Failure) [PSYoungGen: 992061K->19687K(997888K)] 1512276K->539902K(3250688K), 0.0175217 secs] [Times: user=0.06 sys=0.00, real=0.02 secs] 
Heap after GC invocations=554 (full 5):
 PSYoungGen      total 997888K, used 19687K [0x0000000781800000, 0x00000007c0000000, 0x00000007c0000000)
  eden space 972288K, 0% used [0x0000000781800000,0x0000000781800000,0x00000007bcd80000)
  from space 25600K, 76% used [0x00000007bcd80000,0x00000007be0b9da0,0x00000007be680000)
  to   space 25600K, 0% used [0x00000007be700000,0x00000007be700000,0x00000007c0000000)
 ParOldGen       total 2252800K, used 520215K [0x00000006f8000000, 0x0000000781800000, 0x0000000781800000)
  object space 2252800K, 23% used [0x00000006f8000000,0x0000000717c05db0,0x0000000781800000)
 Metaspace       used 205237K, capacity 224680K, committed 224832K, reserved 1247232K
  class space    used 25361K, capacity 27908K, committed 28032K, reserved 1048576K
}
{Heap before GC invocations=555 (full 5):
 PSYoungGen      total 997888K, used 991975K [0x0000000781800000, 0x00000007c0000000, 0x00000007c0000000)
  eden space 972288K, 100% used [0x0000000781800000,0x00000007bcd80000,0x00000007bcd80000)
  from space 25600K, 76% used [0x00000007bcd80000,0x00000007be0b9da0,0x00000007be680000)
  to   space 25600K, 0% used [0x00000007be700000,0x00000007be700000,0x00000007c0000000)
 ParOldGen       total 2252800K, used 520215K [0x00000006f8000000, 0x0000000781800000, 0x0000000781800000)
  object space 2252800K, 23% used [0x00000006f8000000,0x0000000717c05db0,0x0000000781800000)
 Metaspace       used 205237K, capacity 224680K, committed 224832K, reserved 1247232K
  class space    used 25361K, capacity 27908K, committed 28032K, reserved 1048576K
2022-06-20T10:00:32.079+0800: 7204.372: [GC (Allocation Failure) [PSYoungGen: 991975K->20218K(998400K)] 1512190K->540434K(3251200K), 0.0177113 secs] [Times: user=0.06 sys=0.00, real=0.02 secs] 
Heap after GC invocations=555 (full 5):
 PSYoungGen      total 998400K, used 20218K [0x0000000781800000, 0x00000007c0000000, 0x00000007c0000000)
  eden space 972800K, 0% used [0x0000000781800000,0x0000000781800000,0x00000007bce00000)
  from space 25600K, 78% used [0x00000007be700000,0x00000007bfabeb60,0x00000007c0000000)
  to   space 25600K, 0% used [0x00000007bce00000,0x00000007bce00000,0x00000007be700000)
 ParOldGen       total 2252800K, used 520215K [0x00000006f8000000, 0x0000000781800000, 0x0000000781800000)
  object space 2252800K, 23% used [0x00000006f8000000,0x0000000717c05db0,0x0000000781800000)
 Metaspace       used 205237K, capacity 224680K, committed 224832K, reserved 1247232K
  class space    used 25361K, capacity 27908K, committed 28032K, reserved 1048576K
}
{Heap before GC invocations=556 (full 5):
 PSYoungGen      total 998400K, used 993018K [0x0000000781800000, 0x00000007c0000000, 0x00000007c0000000)
  eden space 972800K, 100% used [0x0000000781800000,0x00000007bce00000,0x00000007bce00000)
  from space 25600K, 78% used [0x00000007be700000,0x00000007bfabeb60,0x00000007c0000000)
  to   space 25600K, 0% used [0x00000007bce00000,0x00000007bce00000,0x00000007be700000)
 ParOldGen       total 2252800K, used 520215K [0x00000006f8000000, 0x0000000781800000, 0x0000000781800000)
  object space 2252800K, 23% used [0x00000006f8000000,0x0000000717c05db0,0x0000000781800000)
 Metaspace       used 205237K, capacity 224680K, committed 224832K, reserved 1247232K
  class space    used 25361K, capacity 27908K, committed 28032K, reserved 1048576K
2022-06-20T10:00:38.216+0800: 7210.509: [GC (Allocation Failure) [PSYoungGen: 993018K->21338K(998400K)] 1513234K->541553K(3251200K), 0.0197600 secs] [Times: user=0.06 sys=0.00, real=0.02 secs] 
Heap after GC invocations=556 (full 5):
 PSYoungGen      total 998400K, used 21338K [0x0000000781800000, 0x00000007c0000000, 0x00000007c0000000)
  eden space 972800K, 0% used [0x0000000781800000,0x0000000781800000,0x00000007bce00000)
  from space 25600K, 83% used [0x00000007bce00000,0x00000007be2d6a28,0x00000007be700000)
  to   space 25600K, 0% used [0x00000007be700000,0x00000007be700000,0x00000007c0000000)
 ParOldGen       total 2252800K, used 520215K [0x00000006f8000000, 0x0000000781800000, 0x0000000781800000)
  object space 2252800K, 23% used [0x00000006f8000000,0x0000000717c05db0,0x0000000781800000)
 Metaspace       used 205237K, capacity 224680K, committed 224832K, reserved 1247232K
  class space    used 25361K, capacity 27908K, committed 28032K, reserved 1048576K
}
{Heap before GC invocations=557 (full 5):
 PSYoungGen      total 998400K, used 994138K [0x0000000781800000, 0x00000007c0000000, 0x00000007c0000000)
  eden space 972800K, 100% used [0x0000000781800000,0x00000007bce00000,0x00000007bce00000)
  from space 25600K, 83% used [0x00000007bce00000,0x00000007be2d6a28,0x00000007be700000)
  to   space 25600K, 0% used [0x00000007be700000,0x00000007be700000,0x00000007c0000000)
 ParOldGen       total 2252800K, used 520215K [0x00000006f8000000, 0x0000000781800000, 0x0000000781800000)
  object space 2252800K, 23% used [0x00000006f8000000,0x0000000717c05dc8,0x0000000781800000)
 Metaspace       used 205237K, capacity 224680K, committed 224832K, reserved 1247232K
  class space    used 25361K, capacity 27908K, committed 28032K, reserved 1048576K
2022-06-20T10:00:40.230+0800: 7212.523: [GC (GCLocker Initiated GC) [PSYoungGen: 994138K->20779K(998400K)] 1514353K->540994K(3251200K), 0.0196590 secs] [Times: user=0.06 sys=0.00, real=0.02 secs] 
Heap after GC invocations=557 (full 5):
 PSYoungGen      total 998400K, used 20779K [0x0000000781800000, 0x00000007c0000000, 0x00000007c0000000)
  eden space 972800K, 0% used [0x0000000781800000,0x0000000781800000,0x00000007bce00000)
  from space 25600K, 81% used [0x00000007be700000,0x00000007bfb4ac50,0x00000007c0000000)
  to   space 25600K, 0% used [0x00000007bce00000,0x00000007bce00000,0x00000007be700000)
 ParOldGen       total 2252800K, used 520215K [0x00000006f8000000, 0x0000000781800000, 0x0000000781800000)
  object space 2252800K, 23% used [0x00000006f8000000,0x0000000717c05dc8,0x0000000781800000)
 Metaspace       used 205237K, capacity 224680K, committed 224832K, reserved 1247232K
  class space    used 25361K, capacity 27908K, committed 28032K, reserved 1048576K
}
{Heap before GC invocations=558 (full 5):
 PSYoungGen      total 998400K, used 993579K [0x0000000781800000, 0x00000007c0000000, 0x00000007c0000000)
  eden space 972800K, 100% used [0x0000000781800000,0x00000007bce00000,0x00000007bce00000)
  from space 25600K, 81% used [0x00000007be700000,0x00000007bfb4ac50,0x00000007c0000000)
  to   space 25600K, 0% used [0x00000007bce00000,0x00000007bce00000,0x00000007be700000)
 ParOldGen       total 2252800K, used 524124K [0x00000006f8000000, 0x0000000781800000, 0x0000000781800000)
  object space 2252800K, 23% used [0x00000006f8000000,0x0000000717fd71a8,0x0000000781800000)
 Metaspace       used 205237K, capacity 224680K, committed 224832K, reserved 1247232K
  class space    used 25361K, capacity 27908K, committed 28032K, reserved 1048576K
2022-06-20T10:00:43.461+0800: 7215.753: [GC (Allocation Failure) [PSYoungGen: 993579K->20549K(998400K)] 1517703K->544674K(3251200K), 0.0197139 secs] [Times: user=0.06 sys=0.01, real=0.02 secs] 
Heap after GC invocations=558 (full 5):
 PSYoungGen      total 998400K, used 20549K [0x0000000781800000, 0x00000007c0000000, 0x00000007c0000000)
  eden space 972800K, 0% used [0x0000000781800000,0x0000000781800000,0x00000007bce00000)
  from space 25600K, 80% used [0x00000007bce00000,0x00000007be211660,0x00000007be700000)
  to   space 25600K, 0% used [0x00000007be700000,0x00000007be700000,0x00000007c0000000)
 ParOldGen       total 2252800K, used 524124K [0x00000006f8000000, 0x0000000781800000, 0x0000000781800000)
  object space 2252800K, 23% used [0x00000006f8000000,0x0000000717fd71a8,0x0000000781800000)
 Metaspace       used 205237K, capacity 224680K, committed 224832K, reserved 1247232K
  class space    used 25361K, capacity 27908K, committed 28032K, reserved 1048576K
}
{Heap before GC invocations=559 (full 5):
 PSYoungGen      total 998400K, used 993349K [0x0000000781800000, 0x00000007c0000000, 0x00000007c0000000)
  eden space 972800K, 100% used [0x0000000781800000,0x00000007bce00000,0x00000007bce00000)
  from space 25600K, 80% used [0x00000007bce00000,0x00000007be211660,0x00000007be700000)
  to   space 25600K, 0% used [0x00000007be700000,0x00000007be700000,0x00000007c0000000)
 ParOldGen       total 2252800K, used 524124K [0x00000006f8000000, 0x0000000781800000, 0x0000000781800000)
  object space 2252800K, 23% used [0x00000006f8000000,0x0000000717fd71a8,0x0000000781800000)
 Metaspace       used 205237K, capacity 224680K, committed 224832K, reserved 1247232K
  class space    used 25361K, capacity 27908K, committed 28032K, reserved 1048576K
2022-06-20T10:00:49.081+0800: 7221.374: [GC (Allocation Failure) [PSYoungGen: 993349K->22006K(997376K)] 1517474K->546139K(3250176K), 0.0299855 secs] [Times: user=0.09 sys=0.02, real=0.03 secs] 
Heap after GC invocations=559 (full 5):
 PSYoungGen      total 997376K, used 22006K [0x0000000781800000, 0x00000007c0000000, 0x00000007c0000000)
  eden space 971776K, 0% used [0x0000000781800000,0x0000000781800000,0x00000007bcd00000)
  from space 25600K, 85% used [0x00000007be700000,0x00000007bfc7db90,0x00000007c0000000)
  to   space 26112K, 0% used [0x00000007bcd00000,0x00000007bcd00000,0x00000007be680000)
 ParOldGen       total 2252800K, used 524132K [0x00000006f8000000, 0x0000000781800000, 0x0000000781800000)
  object space 2252800K, 23% used [0x00000006f8000000,0x0000000717fd91a8,0x0000000781800000)
 Metaspace       used 205237K, capacity 224680K, committed 224832K, reserved 1247232K
  class space    used 25361K, capacity 27908K, committed 28032K, reserved 1048576K
}
{Heap before GC invocations=560 (full 5):
 PSYoungGen      total 997376K, used 993677K [0x0000000781800000, 0x00000007c0000000, 0x00000007c0000000)
  eden space 971776K, 99% used [0x0000000781800000,0x00000007bcce5888,0x00000007bcd00000)
  from space 25600K, 85% used [0x00000007be700000,0x00000007bfc7db90,0x00000007c0000000)
  to   space 26112K, 0% used [0x00000007bcd00000,0x00000007bcd00000,0x00000007be680000)
 ParOldGen       total 2252800K, used 524132K [0x00000006f8000000, 0x0000000781800000, 0x0000000781800000)
  object space 2252800K, 23% used [0x00000006f8000000,0x0000000717fd91a8,0x0000000781800000)
 Metaspace       used 205242K, capacity 224680K, committed 224832K, reserved 1247232K
  class space    used 25361K, capacity 27908K, committed 28032K, reserved 1048576K
2022-06-20T10:00:52.730+0800: 7225.023: [GC (Allocation Failure) [PSYoungGen: 993677K->21478K(997888K)] 1517809K->545610K(3250688K), 0.0225159 secs] [Times: user=0.07 sys=0.00, real=0.02 secs] 
Heap after GC invocations=560 (full 5):
 PSYoungGen      total 997888K, used 21478K [0x0000000781800000, 0x00000007c0000000, 0x00000007c0000000)
  eden space 971776K, 0% used [0x0000000781800000,0x0000000781800000,0x00000007bcd00000)
  from space 26112K, 82% used [0x00000007bcd00000,0x00000007be1f99b8,0x00000007be680000)
  to   space 26112K, 0% used [0x00000007be680000,0x00000007be680000,0x00000007c0000000)
 ParOldGen       total 2252800K, used 524132K [0x00000006f8000000, 0x0000000781800000, 0x0000000781800000)
  object space 2252800K, 23% used [0x00000006f8000000,0x0000000717fd91a8,0x0000000781800000)
 Metaspace       used 205242K, capacity 224680K, committed 224832K, reserved 1247232K
  class space    used 25361K, capacity 27908K, committed 28032K, reserved 1048576K
}
{Heap before GC invocations=561 (full 5):
 PSYoungGen      total 997888K, used 993254K [0x0000000781800000, 0x00000007c0000000, 0x00000007c0000000)
  eden space 971776K, 100% used [0x0000000781800000,0x00000007bcd00000,0x00000007bcd00000)
  from space 26112K, 82% used [0x00000007bcd00000,0x00000007be1f99b8,0x00000007be680000)
  to   space 26112K, 0% used [0x00000007be680000,0x00000007be680000,0x00000007c0000000)
 ParOldGen       total 2252800K, used 524132K [0x00000006f8000000, 0x0000000781800000, 0x0000000781800000)
  object space 2252800K, 23% used [0x00000006f8000000,0x0000000717fd91a8,0x0000000781800000)
 Metaspace       used 205321K, capacity 224744K, committed 225088K, reserved 1247232K
  class space    used 25373K, capacity 27908K, committed 28032K, reserved 1048576K
2022-06-20T10:00:59.281+0800: 7231.574: [GC (Allocation Failure) [PSYoungGen: 993254K->21831K(997888K)] 1517386K->545964K(3250688K), 0.0232978 secs] [Times: user=0.06 sys=0.02, real=0.02 secs] 
Heap after GC invocations=561 (full 5):
 PSYoungGen      total 997888K, used 21831K [0x0000000781800000, 0x00000007c0000000, 0x00000007c0000000)
  eden space 971776K, 0% used [0x0000000781800000,0x0000000781800000,0x00000007bcd00000)
  from space 26112K, 83% used [0x00000007be680000,0x00000007bfbd1fd8,0x00000007c0000000)
  to   space 26112K, 0% used [0x00000007bcd00000,0x00000007bcd00000,0x00000007be680000)
 ParOldGen       total 2252800K, used 524132K [0x00000006f8000000, 0x0000000781800000, 0x0000000781800000)
  object space 2252800K, 23% used [0x00000006f8000000,0x0000000717fd91a8,0x0000000781800000)
 Metaspace       used 205321K, capacity 224744K, committed 225088K, reserved 1247232K
  class space    used 25373K, capacity 27908K, committed 28032K, reserved 1048576K
}
{Heap before GC invocations=562 (full 5):
 PSYoungGen      total 997888K, used 993607K [0x0000000781800000, 0x00000007c0000000, 0x00000007c0000000)
  eden space 971776K, 100% used [0x0000000781800000,0x00000007bcd00000,0x00000007bcd00000)
  from space 26112K, 83% used [0x00000007be680000,0x00000007bfbd1fd8,0x00000007c0000000)
  to   space 26112K, 0% used [0x00000007bcd00000,0x00000007bcd00000,0x00000007be680000)
 ParOldGen       total 2252800K, used 524132K [0x00000006f8000000, 0x0000000781800000, 0x0000000781800000)
  object space 2252800K, 23% used [0x00000006f8000000,0x0000000717fd91a8,0x0000000781800000)
 Metaspace       used 205365K, capacity 224868K, committed 225088K, reserved 1247232K
  class space    used 25380K, capacity 27918K, committed 28032K, reserved 1048576K
2022-06-20T10:01:04.938+0800: 7237.231: [GC (Allocation Failure) [PSYoungGen: 993607K->20354K(997888K)] 1517740K->547695K(3250688K), 0.0369688 secs] [Times: user=0.08 sys=0.04, real=0.03 secs] 
Heap after GC invocations=562 (full 5):
 PSYoungGen      total 997888K, used 20354K [0x0000000781800000, 0x00000007c0000000, 0x00000007c0000000)
  eden space 971776K, 0% used [0x0000000781800000,0x0000000781800000,0x00000007bcd00000)
  from space 26112K, 77% used [0x00000007bcd00000,0x00000007be0e0898,0x00000007be680000)
  to   space 25600K, 0% used [0x00000007be700000,0x00000007be700000,0x00000007c0000000)
 ParOldGen       total 2252800K, used 527341K [0x00000006f8000000, 0x0000000781800000, 0x0000000781800000)
  object space 2252800K, 23% used [0x00000006f8000000,0x00000007182fb688,0x0000000781800000)
 Metaspace       used 205365K, capacity 224868K, committed 225088K, reserved 1247232K
  class space    used 25380K, capacity 27918K, committed 28032K, reserved 1048576K
}
{Heap before GC invocations=563 (full 5):
 PSYoungGen      total 997888K, used 992130K [0x0000000781800000, 0x00000007c0000000, 0x00000007c0000000)
  eden space 971776K, 100% used [0x0000000781800000,0x00000007bcd00000,0x00000007bcd00000)
  from space 26112K, 77% used [0x00000007bcd00000,0x00000007be0e0898,0x00000007be680000)
  to   space 25600K, 0% used [0x00000007be700000,0x00000007be700000,0x00000007c0000000)
 ParOldGen       total 2252800K, used 527341K [0x00000006f8000000, 0x0000000781800000, 0x0000000781800000)
  object space 2252800K, 23% used [0x00000006f8000000,0x00000007182fb688,0x0000000781800000)
 Metaspace       used 205393K, capacity 224928K, committed 225088K, reserved 1247232K
  class space    used 25388K, capacity 27928K, committed 28032K, reserved 1048576K
2022-06-20T10:01:12.458+0800: 7244.751: [GC (Allocation Failure) [PSYoungGen: 992130K->18580K(998400K)] 1519471K->548021K(3251200K), 0.0304188 secs] [Times: user=0.07 sys=0.02, real=0.03 secs] 
Heap after GC invocations=563 (full 5):
 PSYoungGen      total 998400K, used 18580K [0x0000000781800000, 0x00000007c0000000, 0x00000007c0000000)
  eden space 972800K, 0% used [0x0000000781800000,0x0000000781800000,0x00000007bce00000)
  from space 25600K, 72% used [0x00000007be700000,0x00000007bf9253d0,0x00000007c0000000)
  to   space 25600K, 0% used [0x00000007bce00000,0x00000007bce00000,0x00000007be700000)
 ParOldGen       total 2252800K, used 529440K [0x00000006f8000000, 0x0000000781800000, 0x0000000781800000)
  object space 2252800K, 23% used [0x00000006f8000000,0x00000007185081d0,0x0000000781800000)
 Metaspace       used 205393K, capacity 224928K, committed 225088K, reserved 1247232K
  class space    used 25388K, capacity 27928K, committed 28032K, reserved 1048576K
}
{Heap before GC invocations=564 (full 5):
 PSYoungGen      total 998400K, used 991029K [0x0000000781800000, 0x00000007c0000000, 0x00000007c0000000)
  eden space 972800K, 99% used [0x0000000781800000,0x00000007bcda80f8,0x00000007bce00000)
  from space 25600K, 72% used [0x00000007be700000,0x00000007bf9253d0,0x00000007c0000000)
  to   space 25600K, 0% used [0x00000007bce00000,0x00000007bce00000,0x00000007be700000)
 ParOldGen       total 2252800K, used 529440K [0x00000006f8000000, 0x0000000781800000, 0x0000000781800000)
  object space 2252800K, 23% used [0x00000006f8000000,0x00000007185081d0,0x0000000781800000)
 Metaspace       used 205420K, capacity 224998K, committed 225344K, reserved 1247232K
  class space    used 25396K, capacity 27939K, committed 28032K, reserved 1048576K
2022-06-20T10:01:14.915+0800: 7247.207: [GC (Allocation Failure) [PSYoungGen: 991029K->18091K(998400K)] 1520469K->547869K(3251200K), 0.0185321 secs] [Times: user=0.06 sys=0.00, real=0.02 secs] 
Heap after GC invocations=564 (full 5):
 PSYoungGen      total 998400K, used 18091K [0x0000000781800000, 0x00000007c0000000, 0x00000007c0000000)
  eden space 972800K, 0% used [0x0000000781800000,0x0000000781800000,0x00000007bce00000)
  from space 25600K, 70% used [0x00000007bce00000,0x00000007bdfaaf38,0x00000007be700000)
  to   space 25088K, 0% used [0x00000007be780000,0x00000007be780000,0x00000007c0000000)
 ParOldGen       total 2252800K, used 529778K [0x00000006f8000000, 0x0000000781800000, 0x0000000781800000)
  object space 2252800K, 23% used [0x00000006f8000000,0x000000071855c830,0x0000000781800000)
 Metaspace       used 205420K, capacity 224998K, committed 225344K, reserved 1247232K
  class space    used 25396K, capacity 27939K, committed 28032K, reserved 1048576K
}
{Heap before GC invocations=565 (full 5):
 PSYoungGen      total 998400K, used 990891K [0x0000000781800000, 0x00000007c0000000, 0x00000007c0000000)
  eden space 972800K, 100% used [0x0000000781800000,0x00000007bce00000,0x00000007bce00000)
  from space 25600K, 70% used [0x00000007bce00000,0x00000007bdfaaf38,0x00000007be700000)
  to   space 25088K, 0% used [0x00000007be780000,0x00000007be780000,0x00000007c0000000)
 ParOldGen       total 2252800K, used 529778K [0x00000006f8000000, 0x0000000781800000, 0x0000000781800000)
  object space 2252800K, 23% used [0x00000006f8000000,0x000000071855c830,0x0000000781800000)
 Metaspace       used 205476K, capacity 225058K, committed 225344K, reserved 1247232K
  class space    used 25410K, capacity 27949K, committed 28032K, reserved 1048576K
2022-06-20T10:01:20.550+0800: 7252.843: [GC (Allocation Failure) [PSYoungGen: 990891K->18671K(999424K)] 1520669K->548721K(3252224K), 0.0186428 secs] [Times: user=0.05 sys=0.01, real=0.02 secs] 
Heap after GC invocations=565 (full 5):
 PSYoungGen      total 999424K, used 18671K [0x0000000781800000, 0x00000007c0000000, 0x00000007c0000000)
  eden space 974336K, 0% used [0x0000000781800000,0x0000000781800000,0x00000007bcf80000)
  from space 25088K, 74% used [0x00000007be780000,0x00000007bf9bbf60,0x00000007c0000000)
  to   space 24576K, 0% used [0x00000007bcf80000,0x00000007bcf80000,0x00000007be780000)
 ParOldGen       total 2252800K, used 530049K [0x00000006f8000000, 0x0000000781800000, 0x0000000781800000)
  object space 2252800K, 23% used [0x00000006f8000000,0x00000007185a04a0,0x0000000781800000)
 Metaspace       used 205476K, capacity 225058K, committed 225344K, reserved 1247232K
  class space    used 25410K, capacity 27949K, committed 28032K, reserved 1048576K
}
{Heap before GC invocations=566 (full 5):
 PSYoungGen      total 999424K, used 993007K [0x0000000781800000, 0x00000007c0000000, 0x00000007c0000000)
  eden space 974336K, 100% used [0x0000000781800000,0x00000007bcf80000,0x00000007bcf80000)
  from space 25088K, 74% used [0x00000007be780000,0x00000007bf9bbf60,0x00000007c0000000)
  to   space 24576K, 0% used [0x00000007bcf80000,0x00000007bcf80000,0x00000007be780000)
 ParOldGen       total 2252800K, used 530049K [0x00000006f8000000, 0x0000000781800000, 0x0000000781800000)
  object space 2252800K, 23% used [0x00000006f8000000,0x00000007185a04a0,0x0000000781800000)
 Metaspace       used 205476K, capacity 225058K, committed 225344K, reserved 1247232K
  class space    used 25410K, capacity 27949K, committed 28032K, reserved 1048576K
2022-06-20T10:01:26.142+0800: 7258.435: [GC (Allocation Failure) [PSYoungGen: 993007K->19507K(998912K)] 1523057K->549650K(3251712K), 0.0260011 secs] [Times: user=0.07 sys=0.02, real=0.03 secs] 
Heap after GC invocations=566 (full 5):
 PSYoungGen      total 998912K, used 19507K [0x0000000781800000, 0x00000007c0000000, 0x00000007c0000000)
  eden space 974336K, 0% used [0x0000000781800000,0x0000000781800000,0x00000007bcf80000)
  from space 24576K, 79% used [0x00000007bcf80000,0x00000007be28cc40,0x00000007be780000)
  to   space 24576K, 0% used [0x00000007be800000,0x00000007be800000,0x00000007c0000000)
 ParOldGen       total 2252800K, used 530142K [0x00000006f8000000, 0x0000000781800000, 0x0000000781800000)
  object space 2252800K, 23% used [0x00000006f8000000,0x00000007185b7bc0,0x0000000781800000)
 Metaspace       used 205476K, capacity 225058K, committed 225344K, reserved 1247232K
  class space    used 25410K, capacity 27949K, committed 28032K, reserved 1048576K
}
{Heap before GC invocations=567 (full 5):
 PSYoungGen      total 998912K, used 993843K [0x0000000781800000, 0x00000007c0000000, 0x00000007c0000000)
  eden space 974336K, 100% used [0x0000000781800000,0x00000007bcf80000,0x00000007bcf80000)
  from space 24576K, 79% used [0x00000007bcf80000,0x00000007be28cc40,0x00000007be780000)
  to   space 24576K, 0% used [0x00000007be800000,0x00000007be800000,0x00000007c0000000)
 ParOldGen       total 2252800K, used 530142K [0x00000006f8000000, 0x0000000781800000, 0x0000000781800000)
  object space 2252800K, 23% used [0x00000006f8000000,0x00000007185b7bc0,0x0000000781800000)
 Metaspace       used 205489K, capacity 225070K, committed 225344K, reserved 1247232K
  class space    used 25411K, capacity 27951K, committed 28032K, reserved 1048576K
2022-06-20T10:01:37.994+0800: 7270.287: [GC (Allocation Failure) [PSYoungGen: 993843K->20311K(999936K)] 1523986K->550728K(3252736K), 0.0236530 secs] [Times: user=0.06 sys=0.03, real=0.03 secs] 
Heap after GC invocations=567 (full 5):
 PSYoungGen      total 999936K, used 20311K [0x0000000781800000, 0x00000007c0000000, 0x00000007c0000000)
  eden space 975360K, 0% used [0x0000000781800000,0x0000000781800000,0x00000007bd080000)
  from space 24576K, 82% used [0x00000007be800000,0x00000007bfbd5f88,0x00000007c0000000)
  to   space 24064K, 0% used [0x00000007bd080000,0x00000007bd080000,0x00000007be800000)
 ParOldGen       total 2252800K, used 530416K [0x00000006f8000000, 0x0000000781800000, 0x0000000781800000)
  object space 2252800K, 23% used [0x00000006f8000000,0x00000007185fc0e8,0x0000000781800000)
 Metaspace       used 205489K, capacity 225070K, committed 225344K, reserved 1247232K
  class space    used 25411K, capacity 27951K, committed 28032K, reserved 1048576K
}
{Heap before GC invocations=568 (full 5):
 PSYoungGen      total 999936K, used 995356K [0x0000000781800000, 0x00000007c0000000, 0x00000007c0000000)
  eden space 975360K, 99% used [0x0000000781800000,0x00000007bd031298,0x00000007bd080000)
  from space 24576K, 82% used [0x00000007be800000,0x00000007bfbd5f88,0x00000007c0000000)
  to   space 24064K, 0% used [0x00000007bd080000,0x00000007bd080000,0x00000007be800000)
 ParOldGen       total 2252800K, used 530904K [0x00000006f8000000, 0x0000000781800000, 0x0000000781800000)
  object space 2252800K, 23% used [0x00000006f8000000,0x0000000718676218,0x0000000781800000)
 Metaspace       used 205489K, capacity 225070K, committed 225344K, reserved 1247232K
  class space    used 25411K, capacity 27951K, committed 28032K, reserved 1048576K
2022-06-20T10:01:39.743+0800: 7272.036: [GC (GCLocker Initiated GC) [PSYoungGen: 995356K->20987K(999424K)] 1526261K->551943K(3252224K), 0.0291929 secs] [Times: user=0.08 sys=0.02, real=0.03 secs] 
Heap after GC invocations=568 (full 5):
 PSYoungGen      total 999424K, used 20987K [0x0000000781800000, 0x00000007c0000000, 0x00000007c0000000)
  eden space 975360K, 0% used [0x0000000781800000,0x0000000781800000,0x00000007bd080000)
  from space 24064K, 87% used [0x00000007bd080000,0x00000007be4feee8,0x00000007be800000)
  to   space 24064K, 0% used [0x00000007be880000,0x00000007be880000,0x00000007c0000000)
 ParOldGen       total 2252800K, used 530956K [0x00000006f8000000, 0x0000000781800000, 0x0000000781800000)
  object space 2252800K, 23% used [0x00000006f8000000,0x00000007186830e8,0x0000000781800000)
 Metaspace       used 205489K, capacity 225070K, committed 225344K, reserved 1247232K
  class space    used 25411K, capacity 27951K, committed 28032K, reserved 1048576K
}
{Heap before GC invocations=569 (full 5):
 PSYoungGen      total 999424K, used 996347K [0x0000000781800000, 0x00000007c0000000, 0x00000007c0000000)
  eden space 975360K, 100% used [0x0000000781800000,0x00000007bd080000,0x00000007bd080000)
  from space 24064K, 87% used [0x00000007bd080000,0x00000007be4feee8,0x00000007be800000)
  to   space 24064K, 0% used [0x00000007be880000,0x00000007be880000,0x00000007c0000000)
 ParOldGen       total 2252800K, used 530959K [0x00000006f8000000, 0x0000000781800000, 0x0000000781800000)
  object space 2252800K, 23% used [0x00000006f8000000,0x0000000718683d48,0x0000000781800000)
 Metaspace       used 205519K, capacity 225130K, committed 225344K, reserved 1247232K
  class space    used 25419K, capacity 27961K, committed 28032K, reserved 1048576K
2022-06-20T10:01:46.727+0800: 7279.020: [GC (Allocation Failure) [PSYoungGen: 996347K->20953K(999936K)] 1527307K->552065K(3252736K), 0.0255304 secs] [Times: user=0.05 sys=0.02, real=0.02 secs] 
Heap after GC invocations=569 (full 5):
 PSYoungGen      total 999936K, used 20953K [0x0000000781800000, 0x00000007c0000000, 0x00000007c0000000)
  eden space 975872K, 0% used [0x0000000781800000,0x0000000781800000,0x00000007bd100000)
  from space 24064K, 87% used [0x00000007be880000,0x00000007bfcf64e0,0x00000007c0000000)
  to   space 24064K, 0% used [0x00000007bd100000,0x00000007bd100000,0x00000007be880000)
 ParOldGen       total 2252800K, used 531112K [0x00000006f8000000, 0x0000000781800000, 0x0000000781800000)
  object space 2252800K, 23% used [0x00000006f8000000,0x00000007186aa0f8,0x0000000781800000)
 Metaspace       used 205519K, capacity 225130K, committed 225344K, reserved 1247232K
  class space    used 25419K, capacity 27961K, committed 28032K, reserved 1048576K
}
{Heap before GC invocations=570 (full 5):
 PSYoungGen      total 999936K, used 996825K [0x0000000781800000, 0x00000007c0000000, 0x00000007c0000000)
  eden space 975872K, 100% used [0x0000000781800000,0x00000007bd100000,0x00000007bd100000)
  from space 24064K, 87% used [0x00000007be880000,0x00000007bfcf64e0,0x00000007c0000000)
  to   space 24064K, 0% used [0x00000007bd100000,0x00000007bd100000,0x00000007be880000)
 ParOldGen       total 2252800K, used 531112K [0x00000006f8000000, 0x0000000781800000, 0x0000000781800000)
  object space 2252800K, 23% used [0x00000006f8000000,0x00000007186aa0f8,0x0000000781800000)
 Metaspace       used 205532K, capacity 225166K, committed 225344K, reserved 1247232K
  class space    used 25424K, capacity 27967K, committed 28032K, reserved 1048576K
2022-06-20T10:01:51.132+0800: 7283.425: [GC (Allocation Failure) [PSYoungGen: 996825K->20367K(999936K)] 1527937K->552022K(3252736K), 0.0197447 secs] [Times: user=0.06 sys=0.00, real=0.02 secs] 
Heap after GC invocations=570 (full 5):
 PSYoungGen      total 999936K, used 20367K [0x0000000781800000, 0x00000007c0000000, 0x00000007c0000000)
  eden space 975872K, 0% used [0x0000000781800000,0x0000000781800000,0x00000007bd100000)
  from space 24064K, 84% used [0x00000007bd100000,0x00000007be4e3f68,0x00000007be880000)
  to   space 24064K, 0% used [0x00000007be880000,0x00000007be880000,0x00000007c0000000)
 ParOldGen       total 2252800K, used 531655K [0x00000006f8000000, 0x0000000781800000, 0x0000000781800000)
  object space 2252800K, 23% used [0x00000006f8000000,0x0000000718731c60,0x0000000781800000)
 Metaspace       used 205532K, capacity 225166K, committed 225344K, reserved 1247232K
  class space    used 25424K, capacity 27967K, committed 28032K, reserved 1048576K
}
{Heap before GC invocations=571 (full 5):
 PSYoungGen      total 999936K, used 996182K [0x0000000781800000, 0x00000007c0000000, 0x00000007c0000000)
  eden space 975872K, 99% used [0x0000000781800000,0x00000007bd0f1960,0x00000007bd100000)
  from space 24064K, 84% used [0x00000007bd100000,0x00000007be4e3f68,0x00000007be880000)
  to   space 24064K, 0% used [0x00000007be880000,0x00000007be880000,0x00000007c0000000)
 ParOldGen       total 2252800K, used 531655K [0x00000006f8000000, 0x0000000781800000, 0x0000000781800000)
  object space 2252800K, 23% used [0x00000006f8000000,0x0000000718731c60,0x0000000781800000)
 Metaspace       used 205532K, capacity 225166K, committed 225344K, reserved 1247232K
  class space    used 25424K, capacity 27967K, committed 28032K, reserved 1048576K
2022-06-20T10:01:56.913+0800: 7289.206: [GC (Allocation Failure) [PSYoungGen: 996182K->20187K(1000448K)] 1527837K->552193K(3253248K), 0.0283910 secs] [Times: user=0.07 sys=0.03, real=0.03 secs] 
Heap after GC invocations=571 (full 5):
 PSYoungGen      total 1000448K, used 20187K [0x0000000781800000, 0x00000007c0000000, 0x00000007c0000000)
  eden space 976384K, 0% used [0x0000000781800000,0x0000000781800000,0x00000007bd180000)
  from space 24064K, 83% used [0x00000007be880000,0x00000007bfc36f68,0x00000007c0000000)
  to   space 23552K, 0% used [0x00000007bd180000,0x00000007bd180000,0x00000007be880000)
 ParOldGen       total 2252800K, used 532005K [0x00000006f8000000, 0x0000000781800000, 0x0000000781800000)
  object space 2252800K, 23% used [0x00000006f8000000,0x00000007187894b0,0x0000000781800000)
 Metaspace       used 205532K, capacity 225166K, committed 225344K, reserved 1247232K
  class space    used 25424K, capacity 27967K, committed 28032K, reserved 1048576K
}
{Heap before GC invocations=572 (full 5):
 PSYoungGen      total 1000448K, used 996571K [0x0000000781800000, 0x00000007c0000000, 0x00000007c0000000)
  eden space 976384K, 100% used [0x0000000781800000,0x00000007bd180000,0x00000007bd180000)
  from space 24064K, 83% used [0x00000007be880000,0x00000007bfc36f68,0x00000007c0000000)
  to   space 23552K, 0% used [0x00000007bd180000,0x00000007bd180000,0x00000007be880000)
 ParOldGen       total 2252800K, used 532005K [0x00000006f8000000, 0x0000000781800000, 0x0000000781800000)
  object space 2252800K, 23% used [0x00000006f8000000,0x00000007187894b0,0x0000000781800000)
 Metaspace       used 205534K, capacity 225166K, committed 225344K, reserved 1247232K
  class space    used 25424K, capacity 27967K, committed 28032K, reserved 1048576K
2022-06-20T10:02:02.406+0800: 7294.699: [GC (Allocation Failure) [PSYoungGen: 996571K->23538K(999936K)] 1528577K->556849K(3252736K), 0.0248739 secs] [Times: user=0.06 sys=0.02, real=0.03 secs] 
Heap after GC invocations=572 (full 5):
 PSYoungGen      total 999936K, used 23538K [0x0000000781800000, 0x00000007c0000000, 0x00000007c0000000)
  eden space 976384K, 0% used [0x0000000781800000,0x0000000781800000,0x00000007bd180000)
  from space 23552K, 99% used [0x00000007bd180000,0x00000007be87cb48,0x00000007be880000)
  to   space 24064K, 0% used [0x00000007be880000,0x00000007be880000,0x00000007c0000000)
 ParOldGen       total 2252800K, used 533310K [0x00000006f8000000, 0x0000000781800000, 0x0000000781800000)
  object space 2252800K, 23% used [0x00000006f8000000,0x00000007188cfb00,0x0000000781800000)
 Metaspace       used 205534K, capacity 225166K, committed 225344K, reserved 1247232K
  class space    used 25424K, capacity 27967K, committed 28032K, reserved 1048576K
}
{Heap before GC invocations=573 (full 5):
 PSYoungGen      total 999936K, used 999922K [0x0000000781800000, 0x00000007c0000000, 0x00000007c0000000)
  eden space 976384K, 100% used [0x0000000781800000,0x00000007bd180000,0x00000007bd180000)
  from space 23552K, 99% used [0x00000007bd180000,0x00000007be87cb48,0x00000007be880000)
  to   space 24064K, 0% used [0x00000007be880000,0x00000007be880000,0x00000007c0000000)
 ParOldGen       total 2252800K, used 533310K [0x00000006f8000000, 0x0000000781800000, 0x0000000781800000)
  object space 2252800K, 23% used [0x00000006f8000000,0x00000007188cfb18,0x0000000781800000)
 Metaspace       used 205534K, capacity 225166K, committed 225344K, reserved 1247232K
  class space    used 25424K, capacity 27967K, committed 28032K, reserved 1048576K
2022-06-20T10:02:07.783+0800: 7300.075: [GC (GCLocker Initiated GC) [PSYoungGen: 999922K->22816K(996864K)] 1533233K->556843K(3249664K), 0.0177514 secs] [Times: user=0.05 sys=0.00, real=0.02 secs] 
Heap after GC invocations=573 (full 5):
 PSYoungGen      total 996864K, used 22816K [0x0000000781800000, 0x00000007c0000000, 0x00000007c0000000)
  eden space 972800K, 0% used [0x0000000781800000,0x0000000781800000,0x00000007bce00000)
  from space 24064K, 94% used [0x00000007be880000,0x00000007bfec8240,0x00000007c0000000)
  to   space 25600K, 0% used [0x00000007bce00000,0x00000007bce00000,0x00000007be700000)
 ParOldGen       total 2252800K, used 534027K [0x00000006f8000000, 0x0000000781800000, 0x0000000781800000)
  object space 2252800K, 23% used [0x00000006f8000000,0x0000000718982d30,0x0000000781800000)
 Metaspace       used 205534K, capacity 225166K, committed 225344K, reserved 1247232K
  class space    used 25424K, capacity 27967K, committed 28032K, reserved 1048576K
}
{Heap before GC invocations=574 (full 5):
 PSYoungGen      total 996864K, used 995616K [0x0000000781800000, 0x00000007c0000000, 0x00000007c0000000)
  eden space 972800K, 100% used [0x0000000781800000,0x00000007bce00000,0x00000007bce00000)
  from space 24064K, 94% used [0x00000007be880000,0x00000007bfec8240,0x00000007c0000000)
  to   space 25600K, 0% used [0x00000007bce00000,0x00000007bce00000,0x00000007be700000)
 ParOldGen       total 2252800K, used 536959K [0x00000006f8000000, 0x0000000781800000, 0x0000000781800000)
  object space 2252800K, 23% used [0x00000006f8000000,0x0000000718c5fd28,0x0000000781800000)
 Metaspace       used 205559K, capacity 225202K, committed 225344K, reserved 1247232K
  class space    used 25427K, capacity 27973K, committed 28032K, reserved 1048576K
2022-06-20T10:02:10.092+0800: 7302.384: [GC (Allocation Failure) [PSYoungGen: 995616K->23332K(996352K)] 1532575K->560291K(3249152K), 0.0208964 secs] [Times: user=0.06 sys=0.00, real=0.02 secs] 
Heap after GC invocations=574 (full 5):
 PSYoungGen      total 996352K, used 23332K [0x0000000781800000, 0x00000007c0000000, 0x00000007c0000000)
  eden space 972800K, 0% used [0x0000000781800000,0x0000000781800000,0x00000007bce00000)
  from space 23552K, 99% used [0x00000007bce00000,0x00000007be4c9268,0x00000007be500000)
  to   space 26112K, 0% used [0x00000007be680000,0x00000007be680000,0x00000007c0000000)
 ParOldGen       total 2252800K, used 536959K [0x00000006f8000000, 0x0000000781800000, 0x0000000781800000)
  object space 2252800K, 23% used [0x00000006f8000000,0x0000000718c5fd28,0x0000000781800000)
 Metaspace       used 205559K, capacity 225202K, committed 225344K, reserved 1247232K
  class space    used 25427K, capacity 27973K, committed 28032K, reserved 1048576K
}
{Heap before GC invocations=575 (full 5):
 PSYoungGen      total 996352K, used 996061K [0x0000000781800000, 0x00000007c0000000, 0x00000007c0000000)
  eden space 972800K, 99% used [0x0000000781800000,0x00000007bcdee248,0x00000007bce00000)
  from space 23552K, 99% used [0x00000007bce00000,0x00000007be4c9268,0x00000007be500000)
  to   space 26112K, 0% used [0x00000007be680000,0x00000007be680000,0x00000007c0000000)
 ParOldGen       total 2252800K, used 536959K [0x00000006f8000000, 0x0000000781800000, 0x0000000781800000)
  object space 2252800K, 23% used [0x00000006f8000000,0x0000000718c5fd28,0x0000000781800000)
 Metaspace       used 205559K, capacity 225202K, committed 225344K, reserved 1247232K
  class space    used 25427K, capacity 27973K, committed 28032K, reserved 1048576K
2022-06-20T10:02:11.772+0800: 7304.065: [GC (Allocation Failure) [PSYoungGen: 996061K->23613K(996864K)] 1533020K->560840K(3249664K), 0.0188577 secs] [Times: user=0.06 sys=0.00, real=0.02 secs] 
Heap after GC invocations=575 (full 5):
 PSYoungGen      total 996864K, used 23613K [0x0000000781800000, 0x00000007c0000000, 0x00000007c0000000)
  eden space 970752K, 0% used [0x0000000781800000,0x0000000781800000,0x00000007bcc00000)
  from space 26112K, 90% used [0x00000007be680000,0x00000007bfd8f6f0,0x00000007c0000000)
  to   space 26624K, 0% used [0x00000007bcc00000,0x00000007bcc00000,0x00000007be600000)
 ParOldGen       total 2252800K, used 537227K [0x00000006f8000000, 0x0000000781800000, 0x0000000781800000)
  object space 2252800K, 23% used [0x00000006f8000000,0x0000000718ca2cc0,0x0000000781800000)
 Metaspace       used 205559K, capacity 225202K, committed 225344K, reserved 1247232K
  class space    used 25427K, capacity 27973K, committed 28032K, reserved 1048576K
}
{Heap before GC invocations=576 (full 5):
 PSYoungGen      total 996864K, used 994365K [0x0000000781800000, 0x00000007c0000000, 0x00000007c0000000)
  eden space 970752K, 100% used [0x0000000781800000,0x00000007bcc00000,0x00000007bcc00000)
  from space 26112K, 90% used [0x00000007be680000,0x00000007bfd8f6f0,0x00000007c0000000)
  to   space 26624K, 0% used [0x00000007bcc00000,0x00000007bcc00000,0x00000007be600000)
 ParOldGen       total 2252800K, used 537227K [0x00000006f8000000, 0x0000000781800000, 0x0000000781800000)
  object space 2252800K, 23% used [0x00000006f8000000,0x0000000718ca2cc0,0x0000000781800000)
 Metaspace       used 205559K, capacity 225202K, committed 225344K, reserved 1247232K
  class space    used 25427K, capacity 27973K, committed 28032K, reserved 1048576K
2022-06-20T10:02:15.567+0800: 7307.859: [GC (Allocation Failure) [PSYoungGen: 994365K->23386K(997376K)] 1531592K->561016K(3250176K), 0.0206933 secs] [Times: user=0.07 sys=0.00, real=0.02 secs] 
Heap after GC invocations=576 (full 5):
 PSYoungGen      total 997376K, used 23386K [0x0000000781800000, 0x00000007c0000000, 0x00000007c0000000)
  eden space 970752K, 0% used [0x0000000781800000,0x0000000781800000,0x00000007bcc00000)
  from space 26624K, 87% used [0x00000007bcc00000,0x00000007be2d68e0,0x00000007be600000)
  to   space 26624K, 0% used [0x00000007be600000,0x00000007be600000,0x00000007c0000000)
 ParOldGen       total 2252800K, used 537629K [0x00000006f8000000, 0x0000000781800000, 0x0000000781800000)
  object space 2252800K, 23% used [0x00000006f8000000,0x0000000718d077c8,0x0000000781800000)
 Metaspace       used 205559K, capacity 225202K, committed 225344K, reserved 1247232K
  class space    used 25427K, capacity 27973K, committed 28032K, reserved 1048576K
}
{Heap before GC invocations=577 (full 5):
 PSYoungGen      total 997376K, used 994135K [0x0000000781800000, 0x00000007c0000000, 0x00000007c0000000)
  eden space 970752K, 99% used [0x0000000781800000,0x00000007bcbff600,0x00000007bcc00000)
  from space 26624K, 87% used [0x00000007bcc00000,0x00000007be2d68e0,0x00000007be600000)
  to   space 26624K, 0% used [0x00000007be600000,0x00000007be600000,0x00000007c0000000)
 ParOldGen       total 2252800K, used 537629K [0x00000006f8000000, 0x0000000781800000, 0x0000000781800000)
  object space 2252800K, 23% used [0x00000006f8000000,0x0000000718d077c8,0x0000000781800000)
 Metaspace       used 205559K, capacity 225202K, committed 225344K, reserved 1247232K
  class space    used 25427K, capacity 27973K, committed 28032K, reserved 1048576K
2022-06-20T10:02:18.383+0800: 7310.676: [GC (Allocation Failure) [PSYoungGen: 994135K->19373K(997376K)] 1531765K->557669K(3250176K), 0.0204374 secs] [Times: user=0.07 sys=0.00, real=0.02 secs] 
Heap after GC invocations=577 (full 5):
 PSYoungGen      total 997376K, used 19373K [0x0000000781800000, 0x00000007c0000000, 0x00000007c0000000)
  eden space 970752K, 0% used [0x0000000781800000,0x0000000781800000,0x00000007bcc00000)
  from space 26624K, 72% used [0x00000007be600000,0x00000007bf8eb510,0x00000007c0000000)
  to   space 26624K, 0% used [0x00000007bcc00000,0x00000007bcc00000,0x00000007be600000)
 ParOldGen       total 2252800K, used 538296K [0x00000006f8000000, 0x0000000781800000, 0x0000000781800000)
  object space 2252800K, 23% used [0x00000006f8000000,0x0000000718dae098,0x0000000781800000)
 Metaspace       used 205559K, capacity 225202K, committed 225344K, reserved 1247232K
  class space    used 25427K, capacity 27973K, committed 28032K, reserved 1048576K
}
{Heap before GC invocations=578 (full 5):
 PSYoungGen      total 997376K, used 990125K [0x0000000781800000, 0x00000007c0000000, 0x00000007c0000000)
  eden space 970752K, 100% used [0x0000000781800000,0x00000007bcc00000,0x00000007bcc00000)
  from space 26624K, 72% used [0x00000007be600000,0x00000007bf8eb510,0x00000007c0000000)
  to   space 26624K, 0% used [0x00000007bcc00000,0x00000007bcc00000,0x00000007be600000)
 ParOldGen       total 2252800K, used 538296K [0x00000006f8000000, 0x0000000781800000, 0x0000000781800000)
  object space 2252800K, 23% used [0x00000006f8000000,0x0000000718dae098,0x0000000781800000)
 Metaspace       used 205559K, capacity 225202K, committed 225344K, reserved 1247232K
  class space    used 25427K, capacity 27973K, committed 28032K, reserved 1048576K
2022-06-20T10:02:19.356+0800: 7311.649: [GC (Allocation Failure) [PSYoungGen: 990125K->17854K(997376K)] 1528421K->557050K(3250176K), 0.0175492 secs] [Times: user=0.06 sys=0.00, real=0.02 secs] 
Heap after GC invocations=578 (full 5):
 PSYoungGen      total 997376K, used 17854K [0x0000000781800000, 0x00000007c0000000, 0x00000007c0000000)
  eden space 970752K, 0% used [0x0000000781800000,0x0000000781800000,0x00000007bcc00000)
  from space 26624K, 67% used [0x00000007bcc00000,0x00000007bdd6f9e8,0x00000007be600000)
  to   space 26624K, 0% used [0x00000007be600000,0x00000007be600000,0x00000007c0000000)
 ParOldGen       total 2252800K, used 539195K [0x00000006f8000000, 0x0000000781800000, 0x0000000781800000)
  object space 2252800K, 23% used [0x00000006f8000000,0x0000000718e8efe8,0x0000000781800000)
 Metaspace       used 205559K, capacity 225202K, committed 225344K, reserved 1247232K
  class space    used 25427K, capacity 27973K, committed 28032K, reserved 1048576K
}
{Heap before GC invocations=579 (full 5):
 PSYoungGen      total 997376K, used 988572K [0x0000000781800000, 0x00000007c0000000, 0x00000007c0000000)
  eden space 970752K, 99% used [0x0000000781800000,0x00000007bcbf7728,0x00000007bcc00000)
  from space 26624K, 67% used [0x00000007bcc00000,0x00000007bdd6f9e8,0x00000007be600000)
  to   space 26624K, 0% used [0x00000007be600000,0x00000007be600000,0x00000007c0000000)
 ParOldGen       total 2252800K, used 539195K [0x00000006f8000000, 0x0000000781800000, 0x0000000781800000)
  object space 2252800K, 23% used [0x00000006f8000000,0x0000000718e8efe8,0x0000000781800000)
 Metaspace       used 205559K, capacity 225202K, committed 225344K, reserved 1247232K
  class space    used 25427K, capacity 27973K, committed 28032K, reserved 1048576K
2022-06-20T10:02:29.151+0800: 7321.443: [GC (Allocation Failure) [PSYoungGen: 988572K->17788K(997376K)] 1527768K->557452K(3250176K), 0.0204678 secs] [Times: user=0.07 sys=0.00, real=0.02 secs] 
Heap after GC invocations=579 (full 5):
 PSYoungGen      total 997376K, used 17788K [0x0000000781800000, 0x00000007c0000000, 0x00000007c0000000)
  eden space 970752K, 0% used [0x0000000781800000,0x0000000781800000,0x00000007bcc00000)
  from space 26624K, 66% used [0x00000007be600000,0x00000007bf75f0b0,0x00000007c0000000)
  to   space 26624K, 0% used [0x00000007bcc00000,0x00000007bcc00000,0x00000007be600000)
 ParOldGen       total 2252800K, used 539664K [0x00000006f8000000, 0x0000000781800000, 0x0000000781800000)
  object space 2252800K, 23% used [0x00000006f8000000,0x0000000718f04108,0x0000000781800000)
 Metaspace       used 205559K, capacity 225202K, committed 225344K, reserved 1247232K
  class space    used 25427K, capacity 27973K, committed 28032K, reserved 1048576K
}
{Heap before GC invocations=580 (full 5):
 PSYoungGen      total 997376K, used 988540K [0x0000000781800000, 0x00000007c0000000, 0x00000007c0000000)
  eden space 970752K, 100% used [0x0000000781800000,0x00000007bcc00000,0x00000007bcc00000)
  from space 26624K, 66% used [0x00000007be600000,0x00000007bf75f0b0,0x00000007c0000000)
  to   space 26624K, 0% used [0x00000007bcc00000,0x00000007bcc00000,0x00000007be600000)
 ParOldGen       total 2252800K, used 539664K [0x00000006f8000000, 0x0000000781800000, 0x0000000781800000)
  object space 2252800K, 23% used [0x00000006f8000000,0x0000000718f04108,0x0000000781800000)
 Metaspace       used 205562K, capacity 225202K, committed 225344K, reserved 1247232K
  class space    used 25427K, capacity 27973K, committed 28032K, reserved 1048576K
2022-06-20T10:02:31.739+0800: 7324.032: [GC (Allocation Failure) [PSYoungGen: 988540K->18903K(997376K)] 1528204K->558575K(3250176K), 0.0353804 secs] [Times: user=0.08 sys=0.03, real=0.03 secs] 
Heap after GC invocations=580 (full 5):
 PSYoungGen      total 997376K, used 18903K [0x0000000781800000, 0x00000007c0000000, 0x00000007c0000000)
  eden space 970752K, 0% used [0x0000000781800000,0x0000000781800000,0x00000007bcc00000)
  from space 26624K, 71% used [0x00000007bcc00000,0x00000007bde75ce8,0x00000007be600000)
  to   space 26624K, 0% used [0x00000007be600000,0x00000007be600000,0x00000007c0000000)
 ParOldGen       total 2252800K, used 539672K [0x00000006f8000000, 0x0000000781800000, 0x0000000781800000)
  object space 2252800K, 23% used [0x00000006f8000000,0x0000000718f06108,0x0000000781800000)
 Metaspace       used 205562K, capacity 225202K, committed 225344K, reserved 1247232K
  class space    used 25427K, capacity 27973K, committed 28032K, reserved 1048576K
}
{Heap before GC invocations=581 (full 5):
 PSYoungGen      total 997376K, used 989655K [0x0000000781800000, 0x00000007c0000000, 0x00000007c0000000)
  eden space 970752K, 100% used [0x0000000781800000,0x00000007bcc00000,0x00000007bcc00000)
  from space 26624K, 71% used [0x00000007bcc00000,0x00000007bde75ce8,0x00000007be600000)
  to   space 26624K, 0% used [0x00000007be600000,0x00000007be600000,0x00000007c0000000)
 ParOldGen       total 2252800K, used 539672K [0x00000006f8000000, 0x0000000781800000, 0x0000000781800000)
  object space 2252800K, 23% used [0x00000006f8000000,0x0000000718f06108,0x0000000781800000)
 Metaspace       used 205562K, capacity 225202K, committed 225344K, reserved 1247232K
  class space    used 25427K, capacity 27973K, committed 28032K, reserved 1048576K
2022-06-20T10:02:35.450+0800: 7327.743: [GC (Allocation Failure) [PSYoungGen: 989655K->16482K(997376K)] 1529327K->557720K(3250176K), 0.0160514 secs] [Times: user=0.05 sys=0.01, real=0.02 secs] 
Heap after GC invocations=581 (full 5):
 PSYoungGen      total 997376K, used 16482K [0x0000000781800000, 0x00000007c0000000, 0x00000007c0000000)
  eden space 970752K, 0% used [0x0000000781800000,0x0000000781800000,0x00000007bcc00000)
  from space 26624K, 61% used [0x00000007be600000,0x00000007bf618ac8,0x00000007c0000000)
  to   space 26624K, 0% used [0x00000007bcc00000,0x00000007bcc00000,0x00000007be600000)
 ParOldGen       total 2252800K, used 541237K [0x00000006f8000000, 0x0000000781800000, 0x0000000781800000)
  object space 2252800K, 24% used [0x00000006f8000000,0x000000071908d5b0,0x0000000781800000)
 Metaspace       used 205562K, capacity 225202K, committed 225344K, reserved 1247232K
  class space    used 25427K, capacity 27973K, committed 28032K, reserved 1048576K
}
{Heap before GC invocations=582 (full 5):
 PSYoungGen      total 997376K, used 987234K [0x0000000781800000, 0x00000007c0000000, 0x00000007c0000000)
  eden space 970752K, 100% used [0x0000000781800000,0x00000007bcc00000,0x00000007bcc00000)
  from space 26624K, 61% used [0x00000007be600000,0x00000007bf618ac8,0x00000007c0000000)
  to   space 26624K, 0% used [0x00000007bcc00000,0x00000007bcc00000,0x00000007be600000)
 ParOldGen       total 2252800K, used 541237K [0x00000006f8000000, 0x0000000781800000, 0x0000000781800000)
  object space 2252800K, 24% used [0x00000006f8000000,0x000000071908d5b0,0x0000000781800000)
 Metaspace       used 205569K, capacity 225208K, committed 225344K, reserved 1247232K
  class space    used 25428K, capacity 27974K, committed 28032K, reserved 1048576K
2022-06-20T10:02:42.326+0800: 7334.619: [GC (Allocation Failure) [PSYoungGen: 987234K->16592K(997376K)] 1528472K->558664K(3250176K), 0.0158408 secs] [Times: user=0.04 sys=0.02, real=0.02 secs] 
Heap after GC invocations=582 (full 5):
 PSYoungGen      total 997376K, used 16592K [0x0000000781800000, 0x00000007c0000000, 0x00000007c0000000)
  eden space 970752K, 0% used [0x0000000781800000,0x0000000781800000,0x00000007bcc00000)
  from space 26624K, 62% used [0x00000007bcc00000,0x00000007bdc34170,0x00000007be600000)
  to   space 26624K, 0% used [0x00000007be600000,0x00000007be600000,0x00000007c0000000)
 ParOldGen       total 2252800K, used 542071K [0x00000006f8000000, 0x0000000781800000, 0x0000000781800000)
  object space 2252800K, 24% used [0x00000006f8000000,0x000000071915dee0,0x0000000781800000)
 Metaspace       used 205569K, capacity 225208K, committed 225344K, reserved 1247232K
  class space    used 25428K, capacity 27974K, committed 28032K, reserved 1048576K
}
{Heap before GC invocations=583 (full 5):
 PSYoungGen      total 997376K, used 987344K [0x0000000781800000, 0x00000007c0000000, 0x00000007c0000000)
  eden space 970752K, 100% used [0x0000000781800000,0x00000007bcc00000,0x00000007bcc00000)
  from space 26624K, 62% used [0x00000007bcc00000,0x00000007bdc34170,0x00000007be600000)
  to   space 26624K, 0% used [0x00000007be600000,0x00000007be600000,0x00000007c0000000)
 ParOldGen       total 2252800K, used 542071K [0x00000006f8000000, 0x0000000781800000, 0x0000000781800000)
  object space 2252800K, 24% used [0x00000006f8000000,0x000000071915dee0,0x0000000781800000)
 Metaspace       used 205569K, capacity 225208K, committed 225344K, reserved 1247232K
  class space    used 25428K, capacity 27974K, committed 28032K, reserved 1048576K
2022-06-20T10:02:44.600+0800: 7336.893: [GC (Allocation Failure) [PSYoungGen: 987344K->21319K(997376K)] 1529416K->563542K(3250176K), 0.0295604 secs] [Times: user=0.07 sys=0.02, real=0.03 secs] 
Heap after GC invocations=583 (full 5):
 PSYoungGen      total 997376K, used 21319K [0x0000000781800000, 0x00000007c0000000, 0x00000007c0000000)
  eden space 970752K, 0% used [0x0000000781800000,0x0000000781800000,0x00000007bcc00000)
  from space 26624K, 80% used [0x00000007be600000,0x00000007bfad1e78,0x00000007c0000000)
  to   space 26624K, 0% used [0x00000007bcc00000,0x00000007bcc00000,0x00000007be600000)
 ParOldGen       total 2252800K, used 542222K [0x00000006f8000000, 0x0000000781800000, 0x0000000781800000)
  object space 2252800K, 24% used [0x00000006f8000000,0x0000000719183b20,0x0000000781800000)
 Metaspace       used 205569K, capacity 225208K, committed 225344K, reserved 1247232K
  class space    used 25428K, capacity 27974K, committed 28032K, reserved 1048576K
}
{Heap before GC invocations=584 (full 5):
 PSYoungGen      total 997376K, used 992071K [0x0000000781800000, 0x00000007c0000000, 0x00000007c0000000)
  eden space 970752K, 100% used [0x0000000781800000,0x00000007bcc00000,0x00000007bcc00000)
  from space 26624K, 80% used [0x00000007be600000,0x00000007bfad1e78,0x00000007c0000000)
  to   space 26624K, 0% used [0x00000007bcc00000,0x00000007bcc00000,0x00000007be600000)
 ParOldGen       total 2252800K, used 542222K [0x00000006f8000000, 0x0000000781800000, 0x0000000781800000)
  object space 2252800K, 24% used [0x00000006f8000000,0x0000000719183b60,0x0000000781800000)
 Metaspace       used 205570K, capacity 225208K, committed 225344K, reserved 1247232K
  class space    used 25428K, capacity 27974K, committed 28032K, reserved 1048576K
2022-06-20T10:02:47.478+0800: 7339.771: [GC (GCLocker Initiated GC) [PSYoungGen: 992071K->16442K(997376K)] 1534294K->559192K(3250176K), 0.0177060 secs] [Times: user=0.05 sys=0.00, real=0.02 secs] 
Heap after GC invocations=584 (full 5):
 PSYoungGen      total 997376K, used 16442K [0x0000000781800000, 0x00000007c0000000, 0x00000007c0000000)
  eden space 970752K, 0% used [0x0000000781800000,0x0000000781800000,0x00000007bcc00000)
  from space 26624K, 61% used [0x00000007bcc00000,0x00000007bdc0e9f0,0x00000007be600000)
  to   space 26624K, 0% used [0x00000007be600000,0x00000007be600000,0x00000007c0000000)
 ParOldGen       total 2252800K, used 542749K [0x00000006f8000000, 0x0000000781800000, 0x0000000781800000)
  object space 2252800K, 24% used [0x00000006f8000000,0x0000000719207798,0x0000000781800000)
 Metaspace       used 205570K, capacity 225208K, committed 225344K, reserved 1247232K
  class space    used 25428K, capacity 27974K, committed 28032K, reserved 1048576K
}
{Heap before GC invocations=585 (full 5):
 PSYoungGen      total 997376K, used 987194K [0x0000000781800000, 0x00000007c0000000, 0x00000007c0000000)
  eden space 970752K, 100% used [0x0000000781800000,0x00000007bcc00000,0x00000007bcc00000)
  from space 26624K, 61% used [0x00000007bcc00000,0x00000007bdc0e9f0,0x00000007be600000)
  to   space 26624K, 0% used [0x00000007be600000,0x00000007be600000,0x00000007c0000000)
 ParOldGen       total 2252800K, used 542752K [0x00000006f8000000, 0x0000000781800000, 0x0000000781800000)
  object space 2252800K, 24% used [0x00000006f8000000,0x0000000719208228,0x0000000781800000)
 Metaspace       used 205570K, capacity 225208K, committed 225344K, reserved 1247232K
  class space    used 25428K, capacity 27974K, committed 28032K, reserved 1048576K
2022-06-20T10:02:50.185+0800: 7342.478: [GC (Allocation Failure) [PSYoungGen: 987194K->16783K(997888K)] 1529947K->559724K(3250688K), 0.0189783 secs] [Times: user=0.05 sys=0.01, real=0.02 secs] 
Heap after GC invocations=585 (full 5):
 PSYoungGen      total 997888K, used 16783K [0x0000000781800000, 0x00000007c0000000, 0x00000007c0000000)
  eden space 971264K, 0% used [0x0000000781800000,0x0000000781800000,0x00000007bcc80000)
  from space 26624K, 63% used [0x00000007be600000,0x00000007bf663c88,0x00000007c0000000)
  to   space 26112K, 0% used [0x00000007bcc80000,0x00000007bcc80000,0x00000007be600000)
 ParOldGen       total 2252800K, used 542941K [0x00000006f8000000, 0x0000000781800000, 0x0000000781800000)
  object space 2252800K, 24% used [0x00000006f8000000,0x0000000719237498,0x0000000781800000)
 Metaspace       used 205570K, capacity 225208K, committed 225344K, reserved 1247232K
  class space    used 25428K, capacity 27974K, committed 28032K, reserved 1048576K
}
{Heap before GC invocations=586 (full 5):
 PSYoungGen      total 997888K, used 988047K [0x0000000781800000, 0x00000007c0000000, 0x00000007c0000000)
  eden space 971264K, 100% used [0x0000000781800000,0x00000007bcc80000,0x00000007bcc80000)
  from space 26624K, 63% used [0x00000007be600000,0x00000007bf663c88,0x00000007c0000000)
  to   space 26112K, 0% used [0x00000007bcc80000,0x00000007bcc80000,0x00000007be600000)
 ParOldGen       total 2252800K, used 542941K [0x00000006f8000000, 0x0000000781800000, 0x0000000781800000)
  object space 2252800K, 24% used [0x00000006f8000000,0x0000000719237498,0x0000000781800000)
 Metaspace       used 205570K, capacity 225208K, committed 225344K, reserved 1247232K
  class space    used 25428K, capacity 27974K, committed 28032K, reserved 1048576K
2022-06-20T10:02:56.803+0800: 7349.096: [GC (Allocation Failure) [PSYoungGen: 988047K->21112K(997376K)] 1530988K->564148K(3250176K), 0.0171183 secs] [Times: user=0.05 sys=0.01, real=0.02 secs] 
Heap after GC invocations=586 (full 5):
 PSYoungGen      total 997376K, used 21112K [0x0000000781800000, 0x00000007c0000000, 0x00000007c0000000)
  eden space 971264K, 0% used [0x0000000781800000,0x0000000781800000,0x00000007bcc80000)
  from space 26112K, 80% used [0x00000007bcc80000,0x00000007be11e080,0x00000007be600000)
  to   space 26112K, 0% used [0x00000007be680000,0x00000007be680000,0x00000007c0000000)
 ParOldGen       total 2252800K, used 543036K [0x00000006f8000000, 0x0000000781800000, 0x0000000781800000)
  object space 2252800K, 24% used [0x00000006f8000000,0x000000071924f2d0,0x0000000781800000)
 Metaspace       used 205570K, capacity 225208K, committed 225344K, reserved 1247232K
  class space    used 25428K, capacity 27974K, committed 28032K, reserved 1048576K
}
{Heap before GC invocations=587 (full 5):
 PSYoungGen      total 997376K, used 992376K [0x0000000781800000, 0x00000007c0000000, 0x00000007c0000000)
  eden space 971264K, 100% used [0x0000000781800000,0x00000007bcc80000,0x00000007bcc80000)
  from space 26112K, 80% used [0x00000007bcc80000,0x00000007be11e080,0x00000007be600000)
  to   space 26112K, 0% used [0x00000007be680000,0x00000007be680000,0x00000007c0000000)
 ParOldGen       total 2252800K, used 543036K [0x00000006f8000000, 0x0000000781800000, 0x0000000781800000)
  object space 2252800K, 24% used [0x00000006f8000000,0x000000071924f2d0,0x0000000781800000)
 Metaspace       used 205578K, capacity 225226K, committed 225344K, reserved 1247232K
  class space    used 25429K, capacity 27977K, committed 28032K, reserved 1048576K
2022-06-20T10:03:03.316+0800: 7355.608: [GC (Allocation Failure) [PSYoungGen: 992376K->17261K(997888K)] 1535412K->560568K(3250688K), 0.0177330 secs] [Times: user=0.05 sys=0.01, real=0.02 secs] 
Heap after GC invocations=587 (full 5):
 PSYoungGen      total 997888K, used 17261K [0x0000000781800000, 0x00000007c0000000, 0x00000007c0000000)
  eden space 971776K, 0% used [0x0000000781800000,0x0000000781800000,0x00000007bcd00000)
  from space 26112K, 66% used [0x00000007be680000,0x00000007bf75b648,0x00000007c0000000)
  to   space 26112K, 0% used [0x00000007bcd00000,0x00000007bcd00000,0x00000007be680000)
 ParOldGen       total 2252800K, used 543306K [0x00000006f8000000, 0x0000000781800000, 0x0000000781800000)
  object space 2252800K, 24% used [0x00000006f8000000,0x0000000719292a08,0x0000000781800000)
 Metaspace       used 205578K, capacity 225226K, committed 225344K, reserved 1247232K
  class space    used 25429K, capacity 27977K, committed 28032K, reserved 1048576K
}
{Heap before GC invocations=588 (full 5):
 PSYoungGen      total 997888K, used 988986K [0x0000000781800000, 0x00000007c0000000, 0x00000007c0000000)
  eden space 971776K, 99% used [0x0000000781800000,0x00000007bccf3200,0x00000007bcd00000)
  from space 26112K, 66% used [0x00000007be680000,0x00000007bf75b648,0x00000007c0000000)
  to   space 26112K, 0% used [0x00000007bcd00000,0x00000007bcd00000,0x00000007be680000)
 ParOldGen       total 2252800K, used 543306K [0x00000006f8000000, 0x0000000781800000, 0x0000000781800000)
  object space 2252800K, 24% used [0x00000006f8000000,0x0000000719292a08,0x0000000781800000)
 Metaspace       used 205628K, capacity 225314K, committed 225600K, reserved 1247232K
  class space    used 25434K, capacity 27981K, committed 28032K, reserved 1048576K
2022-06-20T10:03:07.744+0800: 7360.037: [GC (Allocation Failure) [PSYoungGen: 988986K->17550K(997888K)] 1532292K->561030K(3250688K), 0.0256696 secs] [Times: user=0.06 sys=0.02, real=0.03 secs] 
Heap after GC invocations=588 (full 5):
 PSYoungGen      total 997888K, used 17550K [0x0000000781800000, 0x00000007c0000000, 0x00000007c0000000)
  eden space 971776K, 0% used [0x0000000781800000,0x0000000781800000,0x00000007bcd00000)
  from space 26112K, 67% used [0x00000007bcd00000,0x00000007bde23998,0x00000007be680000)
  to   space 25600K, 0% used [0x00000007be700000,0x00000007be700000,0x00000007c0000000)
 ParOldGen       total 2252800K, used 543480K [0x00000006f8000000, 0x0000000781800000, 0x0000000781800000)
  object space 2252800K, 24% used [0x00000006f8000000,0x00000007192be1e8,0x0000000781800000)
 Metaspace       used 205628K, capacity 225314K, committed 225600K, reserved 1247232K
  class space    used 25434K, capacity 27981K, committed 28032K, reserved 1048576K
}
{Heap before GC invocations=589 (full 5):
 PSYoungGen      total 997888K, used 989326K [0x0000000781800000, 0x00000007c0000000, 0x00000007c0000000)
  eden space 971776K, 100% used [0x0000000781800000,0x00000007bcd00000,0x00000007bcd00000)
  from space 26112K, 67% used [0x00000007bcd00000,0x00000007bde23998,0x00000007be680000)
  to   space 25600K, 0% used [0x00000007be700000,0x00000007be700000,0x00000007c0000000)
 ParOldGen       total 2252800K, used 543480K [0x00000006f8000000, 0x0000000781800000, 0x0000000781800000)
  object space 2252800K, 24% used [0x00000006f8000000,0x00000007192be1e8,0x0000000781800000)
 Metaspace       used 205628K, capacity 225314K, committed 225600K, reserved 1247232K
  class space    used 25434K, capacity 27981K, committed 28032K, reserved 1048576K
2022-06-20T10:03:14.180+0800: 7366.473: [GC (Allocation Failure) [PSYoungGen: 989326K->17894K(998912K)] 1532806K->561491K(3251712K), 0.0177423 secs] [Times: user=0.05 sys=0.01, real=0.02 secs] 
Heap after GC invocations=589 (full 5):
 PSYoungGen      total 998912K, used 17894K [0x0000000781800000, 0x00000007c0000000, 0x00000007c0000000)
  eden space 973312K, 0% used [0x0000000781800000,0x0000000781800000,0x00000007bce80000)
  from space 25600K, 69% used [0x00000007be700000,0x00000007bf879a00,0x00000007c0000000)
  to   space 25088K, 0% used [0x00000007bce80000,0x00000007bce80000,0x00000007be700000)
 ParOldGen       total 2252800K, used 543597K [0x00000006f8000000, 0x0000000781800000, 0x0000000781800000)
  object space 2252800K, 24% used [0x00000006f8000000,0x00000007192db508,0x0000000781800000)
 Metaspace       used 205628K, capacity 225314K, committed 225600K, reserved 1247232K
  class space    used 25434K, capacity 27981K, committed 28032K, reserved 1048576K
}
{Heap before GC invocations=590 (full 5):
 PSYoungGen      total 998912K, used 991206K [0x0000000781800000, 0x00000007c0000000, 0x00000007c0000000)
  eden space 973312K, 100% used [0x0000000781800000,0x00000007bce80000,0x00000007bce80000)
  from space 25600K, 69% used [0x00000007be700000,0x00000007bf879a00,0x00000007c0000000)
  to   space 25088K, 0% used [0x00000007bce80000,0x00000007bce80000,0x00000007be700000)
 ParOldGen       total 2252800K, used 543597K [0x00000006f8000000, 0x0000000781800000, 0x0000000781800000)
  object space 2252800K, 24% used [0x00000006f8000000,0x00000007192db508,0x0000000781800000)
 Metaspace       used 205629K, capacity 225314K, committed 225600K, reserved 1247232K
  class space    used 25434K, capacity 27981K, committed 28032K, reserved 1048576K
2022-06-20T10:03:23.671+0800: 7375.964: [GC (Allocation Failure) [PSYoungGen: 991206K->18302K(998400K)] 1534803K->561947K(3251200K), 0.0227712 secs] [Times: user=0.07 sys=0.03, real=0.02 secs] 
Heap after GC invocations=590 (full 5):
 PSYoungGen      total 998400K, used 18302K [0x0000000781800000, 0x00000007c0000000, 0x00000007c0000000)
  eden space 973312K, 0% used [0x0000000781800000,0x0000000781800000,0x00000007bce80000)
  from space 25088K, 72% used [0x00000007bce80000,0x00000007be05f8b8,0x00000007be700000)
  to   space 24576K, 0% used [0x00000007be800000,0x00000007be800000,0x00000007c0000000)
 ParOldGen       total 2252800K, used 543645K [0x00000006f8000000, 0x0000000781800000, 0x0000000781800000)
  object space 2252800K, 24% used [0x00000006f8000000,0x00000007192e7468,0x0000000781800000)
 Metaspace       used 205629K, capacity 225314K, committed 225600K, reserved 1247232K
  class space    used 25434K, capacity 27981K, committed 28032K, reserved 1048576K
}
{Heap before GC invocations=591 (full 5):
 PSYoungGen      total 998400K, used 991614K [0x0000000781800000, 0x00000007c0000000, 0x00000007c0000000)
  eden space 973312K, 100% used [0x0000000781800000,0x00000007bce80000,0x00000007bce80000)
  from space 25088K, 72% used [0x00000007bce80000,0x00000007be05f8b8,0x00000007be700000)
  to   space 24576K, 0% used [0x00000007be800000,0x00000007be800000,0x00000007c0000000)
 ParOldGen       total 2252800K, used 543645K [0x00000006f8000000, 0x0000000781800000, 0x0000000781800000)
  object space 2252800K, 24% used [0x00000006f8000000,0x00000007192e7468,0x0000000781800000)
 Metaspace       used 205629K, capacity 225314K, committed 225600K, reserved 1247232K
  class space    used 25434K, capacity 27981K, committed 28032K, reserved 1048576K
2022-06-20T10:03:33.236+0800: 7385.529: [GC (Allocation Failure) [PSYoungGen: 991614K->19008K(999936K)] 1535259K->562809K(3252736K), 0.0305369 secs] [Times: user=0.08 sys=0.02, real=0.04 secs] 
Heap after GC invocations=591 (full 5):
 PSYoungGen      total 999936K, used 19008K [0x0000000781800000, 0x00000007c0000000, 0x00000007c0000000)
  eden space 975360K, 0% used [0x0000000781800000,0x0000000781800000,0x00000007bd080000)
  from space 24576K, 77% used [0x00000007be800000,0x00000007bfa90248,0x00000007c0000000)
  to   space 24064K, 0% used [0x00000007bd080000,0x00000007bd080000,0x00000007be800000)
 ParOldGen       total 2252800K, used 543801K [0x00000006f8000000, 0x0000000781800000, 0x0000000781800000)
  object space 2252800K, 24% used [0x00000006f8000000,0x000000071930e4f0,0x0000000781800000)
 Metaspace       used 205629K, capacity 225314K, committed 225600K, reserved 1247232K
  class space    used 25434K, capacity 27981K, committed 28032K, reserved 1048576K
}
{Heap before GC invocations=592 (full 5):
 PSYoungGen      total 999936K, used 994368K [0x0000000781800000, 0x00000007c0000000, 0x00000007c0000000)
  eden space 975360K, 100% used [0x0000000781800000,0x00000007bd080000,0x00000007bd080000)
  from space 24576K, 77% used [0x00000007be800000,0x00000007bfa90248,0x00000007c0000000)
  to   space 24064K, 0% used [0x00000007bd080000,0x00000007bd080000,0x00000007be800000)
 ParOldGen       total 2252800K, used 543801K [0x00000006f8000000, 0x0000000781800000, 0x0000000781800000)
  object space 2252800K, 24% used [0x00000006f8000000,0x000000071930e4f0,0x0000000781800000)
 Metaspace       used 205633K, capacity 225314K, committed 225600K, reserved 1247232K
  class space    used 25434K, capacity 27981K, committed 28032K, reserved 1048576K
2022-06-20T10:03:44.323+0800: 7396.616: [GC (Allocation Failure) [PSYoungGen: 994368K->21844K(999424K)] 1538169K->565991K(3252224K), 0.0235476 secs] [Times: user=0.06 sys=0.02, real=0.03 secs] 
Heap after GC invocations=592 (full 5):
 PSYoungGen      total 999424K, used 21844K [0x0000000781800000, 0x00000007c0000000, 0x00000007c0000000)
  eden space 975360K, 0% used [0x0000000781800000,0x0000000781800000,0x00000007bd080000)
  from space 24064K, 90% used [0x00000007bd080000,0x00000007be5d53b0,0x00000007be800000)
  to   space 24576K, 0% used [0x00000007be800000,0x00000007be800000,0x00000007c0000000)
 ParOldGen       total 2252800K, used 544146K [0x00000006f8000000, 0x0000000781800000, 0x0000000781800000)
  object space 2252800K, 24% used [0x00000006f8000000,0x0000000719364b38,0x0000000781800000)
 Metaspace       used 205633K, capacity 225314K, committed 225600K, reserved 1247232K
  class space    used 25434K, capacity 27981K, committed 28032K, reserved 1048576K
}
{Heap before GC invocations=593 (full 5):
 PSYoungGen      total 999424K, used 996741K [0x0000000781800000, 0x00000007c0000000, 0x00000007c0000000)
  eden space 975360K, 99% used [0x0000000781800000,0x00000007bd00c0e8,0x00000007bd080000)
  from space 24064K, 90% used [0x00000007bd080000,0x00000007be5d53b0,0x00000007be800000)
  to   space 24576K, 0% used [0x00000007be800000,0x00000007be800000,0x00000007c0000000)
 ParOldGen       total 2252800K, used 544146K [0x00000006f8000000, 0x0000000781800000, 0x0000000781800000)
  object space 2252800K, 24% used [0x00000006f8000000,0x0000000719364b38,0x0000000781800000)
 Metaspace       used 205634K, capacity 225314K, committed 225600K, reserved 1247232K
  class space    used 25434K, capacity 27981K, committed 28032K, reserved 1048576K
2022-06-20T10:03:56.355+0800: 7408.648: [GC (Allocation Failure) [PSYoungGen: 996741K->18567K(999936K)] 1540887K->562800K(3252736K), 0.0244023 secs] [Times: user=0.07 sys=0.01, real=0.03 secs] 
Heap after GC invocations=593 (full 5):
 PSYoungGen      total 999936K, used 18567K [0x0000000781800000, 0x00000007c0000000, 0x00000007c0000000)
  eden space 975360K, 0% used [0x0000000781800000,0x0000000781800000,0x00000007bd080000)
  from space 24576K, 75% used [0x00000007be800000,0x00000007bfa21ee8,0x00000007c0000000)
  to   space 24064K, 0% used [0x00000007bd080000,0x00000007bd080000,0x00000007be800000)
 ParOldGen       total 2252800K, used 544233K [0x00000006f8000000, 0x0000000781800000, 0x0000000781800000)
  object space 2252800K, 24% used [0x00000006f8000000,0x000000071937a4b0,0x0000000781800000)
 Metaspace       used 205634K, capacity 225314K, committed 225600K, reserved 1247232K
  class space    used 25434K, capacity 27981K, committed 28032K, reserved 1048576K
}
{Heap before GC invocations=594 (full 5):
 PSYoungGen      total 999936K, used 993927K [0x0000000781800000, 0x00000007c0000000, 0x00000007c0000000)
  eden space 975360K, 100% used [0x0000000781800000,0x00000007bd080000,0x00000007bd080000)
  from space 24576K, 75% used [0x00000007be800000,0x00000007bfa21ee8,0x00000007c0000000)
  to   space 24064K, 0% used [0x00000007bd080000,0x00000007bd080000,0x00000007be800000)
 ParOldGen       total 2252800K, used 544233K [0x00000006f8000000, 0x0000000781800000, 0x0000000781800000)
  object space 2252800K, 24% used [0x00000006f8000000,0x000000071937a4b0,0x0000000781800000)
 Metaspace       used 205634K, capacity 225314K, committed 225600K, reserved 1247232K
  class space    used 25434K, capacity 27981K, committed 28032K, reserved 1048576K
2022-06-20T10:04:08.598+0800: 7420.891: [GC (Allocation Failure) [PSYoungGen: 993927K->20565K(999424K)] 1538160K->565146K(3252224K), 0.0299594 secs] [Times: user=0.07 sys=0.03, real=0.03 secs] 
Heap after GC invocations=594 (full 5):
 PSYoungGen      total 999424K, used 20565K [0x0000000781800000, 0x00000007c0000000, 0x00000007c0000000)
  eden space 975360K, 0% used [0x0000000781800000,0x0000000781800000,0x00000007bd080000)
  from space 24064K, 85% used [0x00000007bd080000,0x00000007be4957f8,0x00000007be800000)
  to   space 24576K, 0% used [0x00000007be800000,0x00000007be800000,0x00000007c0000000)
 ParOldGen       total 2252800K, used 544580K [0x00000006f8000000, 0x0000000781800000, 0x0000000781800000)
  object space 2252800K, 24% used [0x00000006f8000000,0x00000007193d10c8,0x0000000781800000)
 Metaspace       used 205634K, capacity 225314K, committed 225600K, reserved 1247232K
  class space    used 25434K, capacity 27981K, committed 28032K, reserved 1048576K
}
{Heap before GC invocations=595 (full 5):
 PSYoungGen      total 999424K, used 995879K [0x0000000781800000, 0x00000007c0000000, 0x00000007c0000000)
  eden space 975360K, 99% used [0x0000000781800000,0x00000007bd074788,0x00000007bd080000)
  from space 24064K, 85% used [0x00000007bd080000,0x00000007be4957f8,0x00000007be800000)
  to   space 24576K, 0% used [0x00000007be800000,0x00000007be800000,0x00000007c0000000)
 ParOldGen       total 2252800K, used 544580K [0x00000006f8000000, 0x0000000781800000, 0x0000000781800000)
  object space 2252800K, 24% used [0x00000006f8000000,0x00000007193d10c8,0x0000000781800000)
 Metaspace       used 205634K, capacity 225314K, committed 225600K, reserved 1247232K
  class space    used 25434K, capacity 27981K, committed 28032K, reserved 1048576K
2022-06-20T10:04:12.318+0800: 7424.610: [GC (Allocation Failure) [PSYoungGen: 995879K->18375K(999936K)] 1540460K->563304K(3252736K), 0.0153237 secs] [Times: user=0.05 sys=0.01, real=0.01 secs] 
Heap after GC invocations=595 (full 5):
 PSYoungGen      total 999936K, used 18375K [0x0000000781800000, 0x00000007c0000000, 0x00000007c0000000)
  eden space 975360K, 0% used [0x0000000781800000,0x0000000781800000,0x00000007bd080000)
  from space 24576K, 74% used [0x00000007be800000,0x00000007bf9f1e58,0x00000007c0000000)
  to   space 24064K, 0% used [0x00000007bd080000,0x00000007bd080000,0x00000007be800000)
 ParOldGen       total 2252800K, used 544928K [0x00000006f8000000, 0x0000000781800000, 0x0000000781800000)
  object space 2252800K, 24% used [0x00000006f8000000,0x0000000719428348,0x0000000781800000)
 Metaspace       used 205634K, capacity 225314K, committed 225600K, reserved 1247232K
  class space    used 25434K, capacity 27981K, committed 28032K, reserved 1048576K
}
{Heap before GC invocations=596 (full 5):
 PSYoungGen      total 999936K, used 993735K [0x0000000781800000, 0x00000007c0000000, 0x00000007c0000000)
  eden space 975360K, 100% used [0x0000000781800000,0x00000007bd080000,0x00000007bd080000)
  from space 24576K, 74% used [0x00000007be800000,0x00000007bf9f1e58,0x00000007c0000000)
  to   space 24064K, 0% used [0x00000007bd080000,0x00000007bd080000,0x00000007be800000)
 ParOldGen       total 2252800K, used 544928K [0x00000006f8000000, 0x0000000781800000, 0x0000000781800000)
  object space 2252800K, 24% used [0x00000006f8000000,0x0000000719428348,0x0000000781800000)
 Metaspace       used 205634K, capacity 225314K, committed 225600K, reserved 1247232K
  class space    used 25434K, capacity 27981K, committed 28032K, reserved 1048576K
2022-06-20T10:04:13.358+0800: 7425.650: [GC (Allocation Failure) [PSYoungGen: 993735K->20649K(999424K)] 1538664K->565772K(3252224K), 0.0250911 secs] [Times: user=0.05 sys=0.00, real=0.02 secs] 
Heap after GC invocations=596 (full 5):
 PSYoungGen      total 999424K, used 20649K [0x0000000781800000, 0x00000007c0000000, 0x00000007c0000000)
  eden space 975360K, 0% used [0x0000000781800000,0x0000000781800000,0x00000007bd080000)
  from space 24064K, 85% used [0x00000007bd080000,0x00000007be4aa4a8,0x00000007be800000)
  to   space 24064K, 0% used [0x00000007be880000,0x00000007be880000,0x00000007c0000000)
 ParOldGen       total 2252800K, used 545123K [0x00000006f8000000, 0x0000000781800000, 0x0000000781800000)
  object space 2252800K, 24% used [0x00000006f8000000,0x0000000719458d00,0x0000000781800000)
 Metaspace       used 205634K, capacity 225314K, committed 225600K, reserved 1247232K
  class space    used 25434K, capacity 27981K, committed 28032K, reserved 1048576K
}
{Heap before GC invocations=597 (full 5):
 PSYoungGen      total 999424K, used 995612K [0x0000000781800000, 0x00000007c0000000, 0x00000007c0000000)
  eden space 975360K, 99% used [0x0000000781800000,0x00000007bd01cd10,0x00000007bd080000)
  from space 24064K, 85% used [0x00000007bd080000,0x00000007be4aa4a8,0x00000007be800000)
  to   space 24064K, 0% used [0x00000007be880000,0x00000007be880000,0x00000007c0000000)
 ParOldGen       total 2252800K, used 545123K [0x00000006f8000000, 0x0000000781800000, 0x0000000781800000)
  object space 2252800K, 24% used [0x00000006f8000000,0x0000000719458d00,0x0000000781800000)
 Metaspace       used 205634K, capacity 225314K, committed 225600K, reserved 1247232K
  class space    used 25434K, capacity 27981K, committed 28032K, reserved 1048576K
2022-06-20T10:04:13.576+0800: 7425.869: [GC (Allocation Failure) [PSYoungGen: 995612K->17595K(999936K)] 1540735K->563740K(3252736K), 0.0181248 secs] [Times: user=0.04 sys=0.01, real=0.02 secs] 
Heap after GC invocations=597 (full 5):
 PSYoungGen      total 999936K, used 17595K [0x0000000781800000, 0x00000007c0000000, 0x00000007c0000000)
  eden space 975872K, 0% used [0x0000000781800000,0x0000000781800000,0x00000007bd100000)
  from space 24064K, 73% used [0x00000007be880000,0x00000007bf9aeed8,0x00000007c0000000)
  to   space 24064K, 0% used [0x00000007bd100000,0x00000007bd100000,0x00000007be880000)
 ParOldGen       total 2252800K, used 546144K [0x00000006f8000000, 0x0000000781800000, 0x0000000781800000)
  object space 2252800K, 24% used [0x00000006f8000000,0x00000007195583f8,0x0000000781800000)
 Metaspace       used 205634K, capacity 225314K, committed 225600K, reserved 1247232K
  class space    used 25434K, capacity 27981K, committed 28032K, reserved 1048576K
}
{Heap before GC invocations=598 (full 5):
 PSYoungGen      total 999936K, used 993467K [0x0000000781800000, 0x00000007c0000000, 0x00000007c0000000)
  eden space 975872K, 100% used [0x0000000781800000,0x00000007bd100000,0x00000007bd100000)
  from space 24064K, 73% used [0x00000007be880000,0x00000007bf9aeed8,0x00000007c0000000)
  to   space 24064K, 0% used [0x00000007bd100000,0x00000007bd100000,0x00000007be880000)
 ParOldGen       total 2252800K, used 546144K [0x00000006f8000000, 0x0000000781800000, 0x0000000781800000)
  object space 2252800K, 24% used [0x00000006f8000000,0x00000007195583f8,0x0000000781800000)
 Metaspace       used 205634K, capacity 225314K, committed 225600K, reserved 1247232K
  class space    used 25434K, capacity 27981K, committed 28032K, reserved 1048576K
2022-06-20T10:04:23.906+0800: 7436.199: [GC (Allocation Failure) [PSYoungGen: 993467K->16425K(999936K)] 1539612K->563225K(3252736K), 0.0307040 secs] [Times: user=0.08 sys=0.02, real=0.04 secs] 
Heap after GC invocations=598 (full 5):
 PSYoungGen      total 999936K, used 16425K [0x0000000781800000, 0x00000007c0000000, 0x00000007c0000000)
  eden space 975872K, 0% used [0x0000000781800000,0x0000000781800000,0x00000007bd100000)
  from space 24064K, 68% used [0x00000007bd100000,0x00000007be10a608,0x00000007be880000)
  to   space 24064K, 0% used [0x00000007be880000,0x00000007be880000,0x00000007c0000000)
 ParOldGen       total 2252800K, used 546799K [0x00000006f8000000, 0x0000000781800000, 0x0000000781800000)
  object space 2252800K, 24% used [0x00000006f8000000,0x00000007195fbf00,0x0000000781800000)
 Metaspace       used 205634K, capacity 225314K, committed 225600K, reserved 1247232K
  class space    used 25434K, capacity 27981K, committed 28032K, reserved 1048576K
}
{Heap before GC invocations=599 (full 5):
 PSYoungGen      total 999936K, used 992297K [0x0000000781800000, 0x00000007c0000000, 0x00000007c0000000)
  eden space 975872K, 100% used [0x0000000781800000,0x00000007bd100000,0x00000007bd100000)
  from space 24064K, 68% used [0x00000007bd100000,0x00000007be10a608,0x00000007be880000)
  to   space 24064K, 0% used [0x00000007be880000,0x00000007be880000,0x00000007c0000000)
 ParOldGen       total 2252800K, used 546799K [0x00000006f8000000, 0x0000000781800000, 0x0000000781800000)
  object space 2252800K, 24% used [0x00000006f8000000,0x00000007195fbf00,0x0000000781800000)
 Metaspace       used 205636K, capacity 225314K, committed 225600K, reserved 1247232K
  class space    used 25434K, capacity 27981K, committed 28032K, reserved 1048576K
2022-06-20T10:04:31.966+0800: 7444.259: [GC (Allocation Failure) [PSYoungGen: 992297K->18409K(1000448K)] 1539097K->566144K(3253248K), 0.0230079 secs] [Times: user=0.06 sys=0.02, real=0.02 secs] 
Heap after GC invocations=599 (full 5):
 PSYoungGen      total 1000448K, used 18409K [0x0000000781800000, 0x00000007c0000000, 0x00000007c0000000)
  eden space 976384K, 0% used [0x0000000781800000,0x0000000781800000,0x00000007bd180000)
  from space 24064K, 76% used [0x00000007be880000,0x00000007bfa7a640,0x00000007c0000000)
  to   space 23552K, 0% used [0x00000007bd180000,0x00000007bd180000,0x00000007be880000)
 ParOldGen       total 2252800K, used 547734K [0x00000006f8000000, 0x0000000781800000, 0x0000000781800000)
  object space 2252800K, 24% used [0x00000006f8000000,0x00000007196e5ac8,0x0000000781800000)
 Metaspace       used 205636K, capacity 225314K, committed 225600K, reserved 1247232K
  class space    used 25434K, capacity 27981K, committed 28032K, reserved 1048576K
}
{Heap before GC invocations=600 (full 5):
 PSYoungGen      total 1000448K, used 994793K [0x0000000781800000, 0x00000007c0000000, 0x00000007c0000000)
  eden space 976384K, 100% used [0x0000000781800000,0x00000007bd180000,0x00000007bd180000)
  from space 24064K, 76% used [0x00000007be880000,0x00000007bfa7a640,0x00000007c0000000)
  to   space 23552K, 0% used [0x00000007bd180000,0x00000007bd180000,0x00000007be880000)
 ParOldGen       total 2252800K, used 547734K [0x00000006f8000000, 0x0000000781800000, 0x0000000781800000)
  object space 2252800K, 24% used [0x00000006f8000000,0x00000007196e5ac8,0x0000000781800000)
 Metaspace       used 205636K, capacity 225314K, committed 225600K, reserved 1247232K
  class space    used 25434K, capacity 27981K, committed 28032K, reserved 1048576K
2022-06-20T10:04:35.483+0800: 7447.776: [GC (Allocation Failure) [PSYoungGen: 994793K->15694K(999936K)] 1542528K->564013K(3252736K), 0.0203728 secs] [Times: user=0.06 sys=0.00, real=0.02 secs] 
Heap after GC invocations=600 (full 5):
 PSYoungGen      total 999936K, used 15694K [0x0000000781800000, 0x00000007c0000000, 0x00000007c0000000)
  eden space 976384K, 0% used [0x0000000781800000,0x0000000781800000,0x00000007bd180000)
  from space 23552K, 66% used [0x00000007bd180000,0x00000007be0d3ab8,0x00000007be880000)
  to   space 23552K, 0% used [0x00000007be900000,0x00000007be900000,0x00000007c0000000)
 ParOldGen       total 2252800K, used 548318K [0x00000006f8000000, 0x0000000781800000, 0x0000000781800000)
  object space 2252800K, 24% used [0x00000006f8000000,0x0000000719777be8,0x0000000781800000)
 Metaspace       used 205636K, capacity 225314K, committed 225600K, reserved 1247232K
  class space    used 25434K, capacity 27981K, committed 28032K, reserved 1048576K
}
{Heap before GC invocations=601 (full 5):
 PSYoungGen      total 999936K, used 992078K [0x0000000781800000, 0x00000007c0000000, 0x00000007c0000000)
  eden space 976384K, 100% used [0x0000000781800000,0x00000007bd180000,0x00000007bd180000)
  from space 23552K, 66% used [0x00000007bd180000,0x00000007be0d3ab8,0x00000007be880000)
  to   space 23552K, 0% used [0x00000007be900000,0x00000007be900000,0x00000007c0000000)
 ParOldGen       total 2252800K, used 548318K [0x00000006f8000000, 0x0000000781800000, 0x0000000781800000)
  object space 2252800K, 24% used [0x00000006f8000000,0x0000000719777be8,0x0000000781800000)
 Metaspace       used 205636K, capacity 225314K, committed 225600K, reserved 1247232K
  class space    used 25434K, capacity 27981K, committed 28032K, reserved 1048576K
2022-06-20T10:04:37.379+0800: 7449.672: [GC (Allocation Failure) [PSYoungGen: 992078K->14860K(1000448K)] 1540397K->563980K(3253248K), 0.0180711 secs] [Times: user=0.05 sys=0.00, real=0.02 secs] 
Heap after GC invocations=601 (full 5):
 PSYoungGen      total 1000448K, used 14860K [0x0000000781800000, 0x00000007c0000000, 0x00000007c0000000)
  eden space 976896K, 0% used [0x0000000781800000,0x0000000781800000,0x00000007bd200000)
  from space 23552K, 63% used [0x00000007be900000,0x00000007bf7831c0,0x00000007c0000000)
  to   space 23552K, 0% used [0x00000007bd200000,0x00000007bd200000,0x00000007be900000)
 ParOldGen       total 2252800K, used 549120K [0x00000006f8000000, 0x0000000781800000, 0x0000000781800000)
  object space 2252800K, 24% used [0x00000006f8000000,0x00000007198400a8,0x0000000781800000)
 Metaspace       used 205636K, capacity 225314K, committed 225600K, reserved 1247232K
  class space    used 25434K, capacity 27981K, committed 28032K, reserved 1048576K
}
{Heap before GC invocations=602 (full 5):
 PSYoungGen      total 1000448K, used 991756K [0x0000000781800000, 0x00000007c0000000, 0x00000007c0000000)
  eden space 976896K, 100% used [0x0000000781800000,0x00000007bd200000,0x00000007bd200000)
  from space 23552K, 63% used [0x00000007be900000,0x00000007bf7831c0,0x00000007c0000000)
  to   space 23552K, 0% used [0x00000007bd200000,0x00000007bd200000,0x00000007be900000)
 ParOldGen       total 2252800K, used 549120K [0x00000006f8000000, 0x0000000781800000, 0x0000000781800000)
  object space 2252800K, 24% used [0x00000006f8000000,0x00000007198400a8,0x0000000781800000)
 Metaspace       used 205636K, capacity 225314K, committed 225600K, reserved 1247232K
  class space    used 25434K, capacity 27981K, committed 28032K, reserved 1048576K
2022-06-20T10:04:44.269+0800: 7456.562: [GC (Allocation Failure) [PSYoungGen: 991756K->14258K(991232K)] 1540876K->564171K(3244032K), 0.0200008 secs] [Times: user=0.05 sys=0.01, real=0.02 secs] 
Heap after GC invocations=602 (full 5):
 PSYoungGen      total 991232K, used 14258K [0x0000000781800000, 0x00000007c0000000, 0x00000007c0000000)
  eden space 976896K, 0% used [0x0000000781800000,0x0000000781800000,0x00000007bd200000)
  from space 14336K, 99% used [0x00000007bd200000,0x00000007bdfeca78,0x00000007be000000)
  to   space 24064K, 0% used [0x00000007be880000,0x00000007be880000,0x00000007c0000000)
 ParOldGen       total 2252800K, used 549913K [0x00000006f8000000, 0x0000000781800000, 0x0000000781800000)
  object space 2252800K, 24% used [0x00000006f8000000,0x00000007199064d8,0x0000000781800000)
 Metaspace       used 205636K, capacity 225314K, committed 225600K, reserved 1247232K
  class space    used 25434K, capacity 27981K, committed 28032K, reserved 1048576K
}
{Heap before GC invocations=603 (full 5):
 PSYoungGen      total 991232K, used 991154K [0x0000000781800000, 0x00000007c0000000, 0x00000007c0000000)
  eden space 976896K, 100% used [0x0000000781800000,0x00000007bd200000,0x00000007bd200000)
  from space 14336K, 99% used [0x00000007bd200000,0x00000007bdfeca78,0x00000007be000000)
  to   space 24064K, 0% used [0x00000007be880000,0x00000007be880000,0x00000007c0000000)
 ParOldGen       total 2252800K, used 549913K [0x00000006f8000000, 0x0000000781800000, 0x0000000781800000)
  object space 2252800K, 24% used [0x00000006f8000000,0x00000007199064d8,0x0000000781800000)
 Metaspace       used 205659K, capacity 225314K, committed 225600K, reserved 1247232K
  class space    used 25434K, capacity 27981K, committed 28032K, reserved 1048576K
2022-06-20T10:04:52.860+0800: 7465.153: [GC (Allocation Failure) [PSYoungGen: 991154K->16547K(1000448K)] 1541067K->566984K(3253248K), 0.0310968 secs] [Times: user=0.07 sys=0.02, real=0.03 secs] 
Heap after GC invocations=603 (full 5):
 PSYoungGen      total 1000448K, used 16547K [0x0000000781800000, 0x00000007c0000000, 0x00000007c0000000)
  eden space 976384K, 0% used [0x0000000781800000,0x0000000781800000,0x00000007bd180000)
  from space 24064K, 68% used [0x00000007be880000,0x00000007bf8a8fd0,0x00000007c0000000)
  to   space 23552K, 0% used [0x00000007bd180000,0x00000007bd180000,0x00000007be880000)
 ParOldGen       total 2252800K, used 550436K [0x00000006f8000000, 0x0000000781800000, 0x0000000781800000)
  object space 2252800K, 24% used [0x00000006f8000000,0x0000000719989268,0x0000000781800000)
 Metaspace       used 205659K, capacity 225314K, committed 225600K, reserved 1247232K
  class space    used 25434K, capacity 27981K, committed 28032K, reserved 1048576K
}
{Heap before GC invocations=604 (full 5):
 PSYoungGen      total 1000448K, used 992931K [0x0000000781800000, 0x00000007c0000000, 0x00000007c0000000)
  eden space 976384K, 100% used [0x0000000781800000,0x00000007bd180000,0x00000007bd180000)
  from space 24064K, 68% used [0x00000007be880000,0x00000007bf8a8fd0,0x00000007c0000000)
  to   space 23552K, 0% used [0x00000007bd180000,0x00000007bd180000,0x00000007be880000)
 ParOldGen       total 2252800K, used 550436K [0x00000006f8000000, 0x0000000781800000, 0x0000000781800000)
  object space 2252800K, 24% used [0x00000006f8000000,0x0000000719989268,0x0000000781800000)
 Metaspace       used 205703K, capacity 225434K, committed 225600K, reserved 1247232K
  class space    used 25449K, capacity 28001K, committed 28032K, reserved 1048576K
2022-06-20T10:04:57.785+0800: 7470.078: [GC (Allocation Failure) [PSYoungGen: 992931K->15957K(999936K)] 1543368K->566903K(3252736K), 0.0182876 secs] [Times: user=0.05 sys=0.00, real=0.02 secs] 
Heap after GC invocations=604 (full 5):
 PSYoungGen      total 999936K, used 15957K [0x0000000781800000, 0x00000007c0000000, 0x00000007c0000000)
  eden space 976384K, 0% used [0x0000000781800000,0x0000000781800000,0x00000007bd180000)
  from space 23552K, 67% used [0x00000007bd180000,0x00000007be1155a8,0x00000007be880000)
  to   space 23040K, 0% used [0x00000007be980000,0x00000007be980000,0x00000007c0000000)
 ParOldGen       total 2252800K, used 550945K [0x00000006f8000000, 0x0000000781800000, 0x0000000781800000)
  object space 2252800K, 24% used [0x00000006f8000000,0x0000000719a087c0,0x0000000781800000)
 Metaspace       used 205703K, capacity 225434K, committed 225600K, reserved 1247232K
  class space    used 25449K, capacity 28001K, committed 28032K, reserved 1048576K
}
{Heap before GC invocations=605 (full 5):
 PSYoungGen      total 999936K, used 992341K [0x0000000781800000, 0x00000007c0000000, 0x00000007c0000000)
  eden space 976384K, 100% used [0x0000000781800000,0x00000007bd180000,0x00000007bd180000)
  from space 23552K, 67% used [0x00000007bd180000,0x00000007be1155a8,0x00000007be880000)
  to   space 23040K, 0% used [0x00000007be980000,0x00000007be980000,0x00000007c0000000)
 ParOldGen       total 2252800K, used 550945K [0x00000006f8000000, 0x0000000781800000, 0x0000000781800000)
  object space 2252800K, 24% used [0x00000006f8000000,0x0000000719a087c0,0x0000000781800000)
 Metaspace       used 205703K, capacity 225434K, committed 225600K, reserved 1247232K
  class space    used 25449K, capacity 28001K, committed 28032K, reserved 1048576K
2022-06-20T10:05:00.875+0800: 7473.168: [GC (Allocation Failure) [PSYoungGen: 992341K->14265K(1000960K)] 1543287K->565211K(3253760K), 0.0167411 secs] [Times: user=0.05 sys=0.00, real=0.02 secs] 
Heap after GC invocations=605 (full 5):
 PSYoungGen      total 1000960K, used 14265K [0x0000000781800000, 0x00000007c0000000, 0x00000007c0000000)
  eden space 977920K, 0% used [0x0000000781800000,0x0000000781800000,0x00000007bd300000)
  from space 23040K, 61% used [0x00000007be980000,0x00000007bf76e688,0x00000007c0000000)
  to   space 23040K, 0% used [0x00000007bd300000,0x00000007bd300000,0x00000007be980000)
 ParOldGen       total 2252800K, used 550945K [0x00000006f8000000, 0x0000000781800000, 0x0000000781800000)
  object space 2252800K, 24% used [0x00000006f8000000,0x0000000719a087c0,0x0000000781800000)
 Metaspace       used 205703K, capacity 225434K, committed 225600K, reserved 1247232K
  class space    used 25449K, capacity 28001K, committed 28032K, reserved 1048576K
}
{Heap before GC invocations=606 (full 5):
 PSYoungGen      total 1000960K, used 992185K [0x0000000781800000, 0x00000007c0000000, 0x00000007c0000000)
  eden space 977920K, 100% used [0x0000000781800000,0x00000007bd300000,0x00000007bd300000)
  from space 23040K, 61% used [0x00000007be980000,0x00000007bf76e688,0x00000007c0000000)
  to   space 23040K, 0% used [0x00000007bd300000,0x00000007bd300000,0x00000007be980000)
 ParOldGen       total 2252800K, used 550945K [0x00000006f8000000, 0x0000000781800000, 0x0000000781800000)
  object space 2252800K, 24% used [0x00000006f8000000,0x0000000719a087c0,0x0000000781800000)
 Metaspace       used 205714K, capacity 225498K, committed 225600K, reserved 1247232K
  class space    used 25449K, capacity 28001K, committed 28032K, reserved 1048576K
2022-06-20T10:05:06.759+0800: 7479.052: [GC (Allocation Failure) [PSYoungGen: 992185K->14388K(1000960K)] 1543131K->565334K(3253760K), 0.0208841 secs] [Times: user=0.06 sys=0.01, real=0.02 secs] 
Heap after GC invocations=606 (full 5):
 PSYoungGen      total 1000960K, used 14388K [0x0000000781800000, 0x00000007c0000000, 0x00000007c0000000)
  eden space 977920K, 0% used [0x0000000781800000,0x0000000781800000,0x00000007bd300000)
  from space 23040K, 62% used [0x00000007bd300000,0x00000007be10d250,0x00000007be980000)
  to   space 23040K, 0% used [0x00000007be980000,0x00000007be980000,0x00000007c0000000)
 ParOldGen       total 2252800K, used 550945K [0x00000006f8000000, 0x0000000781800000, 0x0000000781800000)
  object space 2252800K, 24% used [0x00000006f8000000,0x0000000719a087c0,0x0000000781800000)
 Metaspace       used 205714K, capacity 225498K, committed 225600K, reserved 1247232K
  class space    used 25449K, capacity 28001K, committed 28032K, reserved 1048576K
}
{Heap before GC invocations=607 (full 5):
 PSYoungGen      total 1000960K, used 992308K [0x0000000781800000, 0x00000007c0000000, 0x00000007c0000000)
  eden space 977920K, 100% used [0x0000000781800000,0x00000007bd300000,0x00000007bd300000)
  from space 23040K, 62% used [0x00000007bd300000,0x00000007be10d250,0x00000007be980000)
  to   space 23040K, 0% used [0x00000007be980000,0x00000007be980000,0x00000007c0000000)
 ParOldGen       total 2252800K, used 550945K [0x00000006f8000000, 0x0000000781800000, 0x0000000781800000)
  object space 2252800K, 24% used [0x00000006f8000000,0x0000000719a087c0,0x0000000781800000)
 Metaspace       used 205726K, capacity 225504K, committed 225600K, reserved 1247232K
  class space    used 25450K, capacity 28002K, committed 28032K, reserved 1048576K
2022-06-20T10:05:11.142+0800: 7483.435: [GC (Allocation Failure) [PSYoungGen: 992308K->20752K(998912K)] 1543254K->571706K(3251712K), 0.0224303 secs] [Times: user=0.07 sys=0.01, real=0.02 secs] 
Heap after GC invocations=607 (full 5):
 PSYoungGen      total 998912K, used 20752K [0x0000000781800000, 0x00000007c0000000, 0x00000007c0000000)
  eden space 975872K, 0% used [0x0000000781800000,0x0000000781800000,0x00000007bd100000)
  from space 23040K, 90% used [0x00000007be980000,0x00000007bfdc4200,0x00000007c0000000)
  to   space 24064K, 0% used [0x00000007bd100000,0x00000007bd100000,0x00000007be880000)
 ParOldGen       total 2252800K, used 550953K [0x00000006f8000000, 0x0000000781800000, 0x0000000781800000)
  object space 2252800K, 24% used [0x00000006f8000000,0x0000000719a0a7c0,0x0000000781800000)
 Metaspace       used 205726K, capacity 225504K, committed 225600K, reserved 1247232K
  class space    used 25450K, capacity 28002K, committed 28032K, reserved 1048576K
}
{Heap before GC invocations=608 (full 5):
 PSYoungGen      total 998912K, used 996624K [0x0000000781800000, 0x00000007c0000000, 0x00000007c0000000)
  eden space 975872K, 100% used [0x0000000781800000,0x00000007bd100000,0x00000007bd100000)
  from space 23040K, 90% used [0x00000007be980000,0x00000007bfdc4200,0x00000007c0000000)
  to   space 24064K, 0% used [0x00000007bd100000,0x00000007bd100000,0x00000007be880000)
 ParOldGen       total 2252800K, used 550953K [0x00000006f8000000, 0x0000000781800000, 0x0000000781800000)
  object space 2252800K, 24% used [0x00000006f8000000,0x0000000719a0a7c0,0x0000000781800000)
 Metaspace       used 205727K, capacity 225508K, committed 225600K, reserved 1247232K
  class space    used 25450K, capacity 28002K, committed 28032K, reserved 1048576K
2022-06-20T10:05:16.682+0800: 7488.975: [GC (Allocation Failure) [PSYoungGen: 996624K->18559K(999936K)] 1547578K->569513K(3252736K), 0.0297595 secs] [Times: user=0.07 sys=0.02, real=0.03 secs] 
Heap after GC invocations=608 (full 5):
 PSYoungGen      total 999936K, used 18559K [0x0000000781800000, 0x00000007c0000000, 0x00000007c0000000)
  eden space 975872K, 0% used [0x0000000781800000,0x0000000781800000,0x00000007bd100000)
  from space 24064K, 77% used [0x00000007bd100000,0x00000007be31fec0,0x00000007be880000)
  to   space 23552K, 0% used [0x00000007be900000,0x00000007be900000,0x00000007c0000000)
 ParOldGen       total 2252800K, used 550953K [0x00000006f8000000, 0x0000000781800000, 0x0000000781800000)
  object space 2252800K, 24% used [0x00000006f8000000,0x0000000719a0a7c0,0x0000000781800000)
 Metaspace       used 205727K, capacity 225508K, committed 225600K, reserved 1247232K
  class space    used 25450K, capacity 28002K, committed 28032K, reserved 1048576K
}
{Heap before GC invocations=609 (full 5):
 PSYoungGen      total 999936K, used 993998K [0x0000000781800000, 0x00000007c0000000, 0x00000007c0000000)
  eden space 975872K, 99% used [0x0000000781800000,0x00000007bd093a00,0x00000007bd100000)
  from space 24064K, 77% used [0x00000007bd100000,0x00000007be31fec0,0x00000007be880000)
  to   space 23552K, 0% used [0x00000007be900000,0x00000007be900000,0x00000007c0000000)
 ParOldGen       total 2252800K, used 550953K [0x00000006f8000000, 0x0000000781800000, 0x0000000781800000)
  object space 2252800K, 24% used [0x00000006f8000000,0x0000000719a0a7c0,0x0000000781800000)
 Metaspace       used 205727K, capacity 225508K, committed 225600K, reserved 1247232K
  class space    used 25450K, capacity 28002K, committed 28032K, reserved 1048576K
2022-06-20T10:05:25.258+0800: 7497.551: [GC (Allocation Failure) [PSYoungGen: 993998K->15866K(1000448K)] 1544952K->566820K(3253248K), 0.0195454 secs] [Times: user=0.05 sys=0.00, real=0.02 secs] 
Heap after GC invocations=609 (full 5):
 PSYoungGen      total 1000448K, used 15866K [0x0000000781800000, 0x00000007c0000000, 0x00000007c0000000)
  eden space 976896K, 0% used [0x0000000781800000,0x0000000781800000,0x00000007bd200000)
  from space 23552K, 67% used [0x00000007be900000,0x00000007bf87ea10,0x00000007c0000000)
  to   space 23552K, 0% used [0x00000007bd200000,0x00000007bd200000,0x00000007be900000)
 ParOldGen       total 2252800K, used 550953K [0x00000006f8000000, 0x0000000781800000, 0x0000000781800000)
  object space 2252800K, 24% used [0x00000006f8000000,0x0000000719a0a7c0,0x0000000781800000)
 Metaspace       used 205727K, capacity 225508K, committed 225600K, reserved 1247232K
  class space    used 25450K, capacity 28002K, committed 28032K, reserved 1048576K
}
{Heap before GC invocations=610 (full 5):
 PSYoungGen      total 1000448K, used 992762K [0x0000000781800000, 0x00000007c0000000, 0x00000007c0000000)
  eden space 976896K, 100% used [0x0000000781800000,0x00000007bd200000,0x00000007bd200000)
  from space 23552K, 67% used [0x00000007be900000,0x00000007bf87ea10,0x00000007c0000000)
  to   space 23552K, 0% used [0x00000007bd200000,0x00000007bd200000,0x00000007be900000)
 ParOldGen       total 2252800K, used 550953K [0x00000006f8000000, 0x0000000781800000, 0x0000000781800000)
  object space 2252800K, 24% used [0x00000006f8000000,0x0000000719a0a7c0,0x0000000781800000)
 Metaspace       used 205728K, capacity 225508K, committed 225600K, reserved 1247232K
  class space    used 25450K, capacity 28002K, committed 28032K, reserved 1048576K
2022-06-20T10:05:34.861+0800: 7507.154: [GC (Allocation Failure) [PSYoungGen: 992762K->17152K(1000448K)] 1543716K->568106K(3253248K), 0.0212329 secs] [Times: user=0.06 sys=0.01, real=0.02 secs] 
Heap after GC invocations=610 (full 5):
 PSYoungGen      total 1000448K, used 17152K [0x0000000781800000, 0x00000007c0000000, 0x00000007c0000000)
  eden space 976896K, 0% used [0x0000000781800000,0x0000000781800000,0x00000007bd200000)
  from space 23552K, 72% used [0x00000007bd200000,0x00000007be2c0088,0x00000007be900000)
  to   space 23040K, 0% used [0x00000007be980000,0x00000007be980000,0x00000007c0000000)
 ParOldGen       total 2252800K, used 550953K [0x00000006f8000000, 0x0000000781800000, 0x0000000781800000)
  object space 2252800K, 24% used [0x00000006f8000000,0x0000000719a0a7c0,0x0000000781800000)
 Metaspace       used 205728K, capacity 225508K, committed 225600K, reserved 1247232K
  class space    used 25450K, capacity 28002K, committed 28032K, reserved 1048576K
}
{Heap before GC invocations=611 (full 5):
 PSYoungGen      total 1000448K, used 993862K [0x0000000781800000, 0x00000007c0000000, 0x00000007c0000000)
  eden space 976896K, 99% used [0x0000000781800000,0x00000007bd1d19c8,0x00000007bd200000)
  from space 23552K, 72% used [0x00000007bd200000,0x00000007be2c0088,0x00000007be900000)
  to   space 23040K, 0% used [0x00000007be980000,0x00000007be980000,0x00000007c0000000)
 ParOldGen       total 2252800K, used 550953K [0x00000006f8000000, 0x0000000781800000, 0x0000000781800000)
  object space 2252800K, 24% used [0x00000006f8000000,0x0000000719a0a7c0,0x0000000781800000)
 Metaspace       used 205728K, capacity 225508K, committed 225600K, reserved 1247232K
  class space    used 25450K, capacity 28002K, committed 28032K, reserved 1048576K
2022-06-20T10:05:37.829+0800: 7510.122: [GC (Allocation Failure) [PSYoungGen: 993862K->16532K(1001472K)] 1544816K->567538K(3254272K), 0.0176924 secs] [Times: user=0.05 sys=0.01, real=0.02 secs] 
Heap after GC invocations=611 (full 5):
 PSYoungGen      total 1001472K, used 16532K [0x0000000781800000, 0x00000007c0000000, 0x00000007c0000000)
  eden space 978432K, 0% used [0x0000000781800000,0x0000000781800000,0x00000007bd380000)
  from space 23040K, 71% used [0x00000007be980000,0x00000007bf9a5020,0x00000007c0000000)
  to   space 22528K, 0% used [0x00000007bd380000,0x00000007bd380000,0x00000007be980000)
 ParOldGen       total 2252800K, used 551005K [0x00000006f8000000, 0x0000000781800000, 0x0000000781800000)
  object space 2252800K, 24% used [0x00000006f8000000,0x0000000719a177e0,0x0000000781800000)
 Metaspace       used 205728K, capacity 225508K, committed 225600K, reserved 1247232K
  class space    used 25450K, capacity 28002K, committed 28032K, reserved 1048576K
}
{Heap before GC invocations=612 (full 5):
 PSYoungGen      total 1001472K, used 994964K [0x0000000781800000, 0x00000007c0000000, 0x00000007c0000000)
  eden space 978432K, 100% used [0x0000000781800000,0x00000007bd380000,0x00000007bd380000)
  from space 23040K, 71% used [0x00000007be980000,0x00000007bf9a5020,0x00000007c0000000)
  to   space 22528K, 0% used [0x00000007bd380000,0x00000007bd380000,0x00000007be980000)
 ParOldGen       total 2252800K, used 551005K [0x00000006f8000000, 0x0000000781800000, 0x0000000781800000)
  object space 2252800K, 24% used [0x00000006f8000000,0x0000000719a177e0,0x0000000781800000)
 Metaspace       used 205728K, capacity 225508K, committed 225600K, reserved 1247232K
  class space    used 25450K, capacity 28002K, committed 28032K, reserved 1048576K
2022-06-20T10:05:41.362+0800: 7513.654: [GC (Allocation Failure) [PSYoungGen: 994964K->18126K(1000960K)] 1545970K->569184K(3253760K), 0.0186538 secs] [Times: user=0.04 sys=0.01, real=0.02 secs] 
Heap after GC invocations=612 (full 5):
 PSYoungGen      total 1000960K, used 18126K [0x0000000781800000, 0x00000007c0000000, 0x00000007c0000000)
  eden space 978432K, 0% used [0x0000000781800000,0x0000000781800000,0x00000007bd380000)
  from space 22528K, 80% used [0x00000007bd380000,0x00000007be533988,0x00000007be980000)
  to   space 22528K, 0% used [0x00000007bea00000,0x00000007bea00000,0x00000007c0000000)
 ParOldGen       total 2252800K, used 551057K [0x00000006f8000000, 0x0000000781800000, 0x0000000781800000)
  object space 2252800K, 24% used [0x00000006f8000000,0x0000000719a247e0,0x0000000781800000)
 Metaspace       used 205728K, capacity 225508K, committed 225600K, reserved 1247232K
  class space    used 25450K, capacity 28002K, committed 28032K, reserved 1048576K
}
{Heap before GC invocations=613 (full 5):
 PSYoungGen      total 1000960K, used 996558K [0x0000000781800000, 0x00000007c0000000, 0x00000007c0000000)
  eden space 978432K, 100% used [0x0000000781800000,0x00000007bd380000,0x00000007bd380000)
  from space 22528K, 80% used [0x00000007bd380000,0x00000007be533988,0x00000007be980000)
  to   space 22528K, 0% used [0x00000007bea00000,0x00000007bea00000,0x00000007c0000000)
 ParOldGen       total 2252800K, used 551057K [0x00000006f8000000, 0x0000000781800000, 0x0000000781800000)
  object space 2252800K, 24% used [0x00000006f8000000,0x0000000719a247e0,0x0000000781800000)
 Metaspace       used 205750K, capacity 225568K, committed 225600K, reserved 1247232K
  class space    used 25458K, capacity 28012K, committed 28032K, reserved 1048576K
2022-06-20T10:05:54.838+0800: 7527.131: [GC (Allocation Failure) [PSYoungGen: 996558K->22516K(997376K)] 1547616K->575188K(3250176K), 0.0341802 secs] [Times: user=0.08 sys=0.04, real=0.03 secs] 
Heap after GC invocations=613 (full 5):
 PSYoungGen      total 997376K, used 22516K [0x0000000781800000, 0x00000007c0000000, 0x00000007c0000000)
  eden space 974848K, 0% used [0x0000000781800000,0x0000000781800000,0x00000007bd000000)
  from space 22528K, 99% used [0x00000007bea00000,0x00000007bfffd128,0x00000007c0000000)
  to   space 24576K, 0% used [0x00000007bd000000,0x00000007bd000000,0x00000007be800000)
 ParOldGen       total 2252800K, used 552672K [0x00000006f8000000, 0x0000000781800000, 0x0000000781800000)
  object space 2252800K, 24% used [0x00000006f8000000,0x0000000719bb8188,0x0000000781800000)
 Metaspace       used 205750K, capacity 225568K, committed 225600K, reserved 1247232K
  class space    used 25458K, capacity 28012K, committed 28032K, reserved 1048576K
}
{Heap before GC invocations=614 (full 5):
 PSYoungGen      total 997376K, used 997364K [0x0000000781800000, 0x00000007c0000000, 0x00000007c0000000)
  eden space 974848K, 100% used [0x0000000781800000,0x00000007bd000000,0x00000007bd000000)
  from space 22528K, 99% used [0x00000007bea00000,0x00000007bfffd128,0x00000007c0000000)
  to   space 24576K, 0% used [0x00000007bd000000,0x00000007bd000000,0x00000007be800000)
 ParOldGen       total 2252800K, used 552672K [0x00000006f8000000, 0x0000000781800000, 0x0000000781800000)
  object space 2252800K, 24% used [0x00000006f8000000,0x0000000719bb8188,0x0000000781800000)
 Metaspace       used 205756K, capacity 225600K, committed 225728K, reserved 1247232K
  class space    used 25458K, capacity 28044K, committed 28160K, reserved 1048576K
2022-06-20T10:06:01.325+0800: 7533.618: [GC (Allocation Failure) [PSYoungGen: 997364K->21210K(996352K)] 1550036K->574636K(3249152K), 0.0301781 secs] [Times: user=0.06 sys=0.03, real=0.03 secs] 
Heap after GC invocations=614 (full 5):
 PSYoungGen      total 996352K, used 21210K [0x0000000781800000, 0x00000007c0000000, 0x00000007c0000000)
  eden space 974848K, 0% used [0x0000000781800000,0x0000000781800000,0x00000007bd000000)
  from space 21504K, 98% used [0x00000007bd000000,0x00000007be4b6880,0x00000007be500000)
  to   space 25088K, 0% used [0x00000007be780000,0x00000007be780000,0x00000007c0000000)
 ParOldGen       total 2252800K, used 553426K [0x00000006f8000000, 0x0000000781800000, 0x0000000781800000)
  object space 2252800K, 24% used [0x00000006f8000000,0x0000000719c74a08,0x0000000781800000)
 Metaspace       used 205756K, capacity 225600K, committed 225728K, reserved 1247232K
  class space    used 25458K, capacity 28044K, committed 28160K, reserved 1048576K
}
{Heap before GC invocations=615 (full 5):
 PSYoungGen      total 996352K, used 996058K [0x0000000781800000, 0x00000007c0000000, 0x00000007c0000000)
  eden space 974848K, 100% used [0x0000000781800000,0x00000007bd000000,0x00000007bd000000)
  from space 21504K, 98% used [0x00000007bd000000,0x00000007be4b6880,0x00000007be500000)
  to   space 25088K, 0% used [0x00000007be780000,0x00000007be780000,0x00000007c0000000)
 ParOldGen       total 2252800K, used 553426K [0x00000006f8000000, 0x0000000781800000, 0x0000000781800000)
  object space 2252800K, 24% used [0x00000006f8000000,0x0000000719c74a08,0x0000000781800000)
 Metaspace       used 205770K, capacity 225636K, committed 225984K, reserved 1247232K
  class space    used 25463K, capacity 28050K, committed 28160K, reserved 1048576K
2022-06-20T10:06:13.715+0800: 7546.008: [GC (Allocation Failure) [PSYoungGen: 996058K->20480K(998912K)] 1549484K->573907K(3251712K), 0.0201711 secs] [Times: user=0.06 sys=0.00, real=0.02 secs] 
Heap after GC invocations=615 (full 5):
 PSYoungGen      total 998912K, used 20480K [0x0000000781800000, 0x00000007c0000000, 0x00000007c0000000)
  eden space 973824K, 0% used [0x0000000781800000,0x0000000781800000,0x00000007bcf00000)
  from space 25088K, 81% used [0x00000007be780000,0x00000007bfb80230,0x00000007c0000000)
  to   space 25088K, 0% used [0x00000007bcf00000,0x00000007bcf00000,0x00000007be780000)
 ParOldGen       total 2252800K, used 553426K [0x00000006f8000000, 0x0000000781800000, 0x0000000781800000)
  object space 2252800K, 24% used [0x00000006f8000000,0x0000000719c74a08,0x0000000781800000)
 Metaspace       used 205770K, capacity 225636K, committed 225984K, reserved 1247232K
  class space    used 25463K, capacity 28050K, committed 28160K, reserved 1048576K
}
{Heap before GC invocations=616 (full 5):
 PSYoungGen      total 998912K, used 994304K [0x0000000781800000, 0x00000007c0000000, 0x00000007c0000000)
  eden space 973824K, 100% used [0x0000000781800000,0x00000007bcf00000,0x00000007bcf00000)
  from space 25088K, 81% used [0x00000007be780000,0x00000007bfb80230,0x00000007c0000000)
  to   space 25088K, 0% used [0x00000007bcf00000,0x00000007bcf00000,0x00000007be780000)
 ParOldGen       total 2252800K, used 553426K [0x00000006f8000000, 0x0000000781800000, 0x0000000781800000)
  object space 2252800K, 24% used [0x00000006f8000000,0x0000000719c74a08,0x0000000781800000)
 Metaspace       used 205773K, capacity 225642K, committed 225984K, reserved 1247232K
  class space    used 25463K, capacity 28051K, committed 28160K, reserved 1048576K
2022-06-20T10:06:23.259+0800: 7555.552: [GC (Allocation Failure) [PSYoungGen: 994304K->17039K(998912K)] 1547731K->570548K(3251712K), 0.0328977 secs] [Times: user=0.07 sys=0.04, real=0.03 secs] 
Heap after GC invocations=616 (full 5):
 PSYoungGen      total 998912K, used 17039K [0x0000000781800000, 0x00000007c0000000, 0x00000007c0000000)
  eden space 973824K, 0% used [0x0000000781800000,0x0000000781800000,0x00000007bcf00000)
  from space 25088K, 67% used [0x00000007bcf00000,0x00000007bdfa3fd8,0x00000007be780000)
  to   space 24576K, 0% used [0x00000007be800000,0x00000007be800000,0x00000007c0000000)
 ParOldGen       total 2252800K, used 553508K [0x00000006f8000000, 0x0000000781800000, 0x0000000781800000)
  object space 2252800K, 24% used [0x00000006f8000000,0x0000000719c89360,0x0000000781800000)
 Metaspace       used 205773K, capacity 225642K, committed 225984K, reserved 1247232K
  class space    used 25463K, capacity 28051K, committed 28160K, reserved 1048576K
}
{Heap before GC invocations=617 (full 5):
 PSYoungGen      total 998912K, used 990863K [0x0000000781800000, 0x00000007c0000000, 0x00000007c0000000)
  eden space 973824K, 100% used [0x0000000781800000,0x00000007bcf00000,0x00000007bcf00000)
  from space 25088K, 67% used [0x00000007bcf00000,0x00000007bdfa3fd8,0x00000007be780000)
  to   space 24576K, 0% used [0x00000007be800000,0x00000007be800000,0x00000007c0000000)
 ParOldGen       total 2252800K, used 553508K [0x00000006f8000000, 0x0000000781800000, 0x0000000781800000)
  object space 2252800K, 24% used [0x00000006f8000000,0x0000000719c89360,0x0000000781800000)
 Metaspace       used 205798K, capacity 225702K, committed 225984K, reserved 1247232K
  class space    used 25471K, capacity 28061K, committed 28160K, reserved 1048576K
2022-06-20T10:06:29.341+0800: 7561.634: [GC (Allocation Failure) [PSYoungGen: 990863K->17540K(999936K)] 1544372K->571186K(3252736K), 0.0205380 secs] [Times: user=0.05 sys=0.01, real=0.02 secs] 
Heap after GC invocations=617 (full 5):
 PSYoungGen      total 999936K, used 17540K [0x0000000781800000, 0x00000007c0000000, 0x00000007c0000000)
  eden space 975360K, 0% used [0x0000000781800000,0x0000000781800000,0x00000007bd080000)
  from space 24576K, 71% used [0x00000007be800000,0x00000007bf921130,0x00000007c0000000)
  to   space 24064K, 0% used [0x00000007bd080000,0x00000007bd080000,0x00000007be800000)
 ParOldGen       total 2252800K, used 553646K [0x00000006f8000000, 0x0000000781800000, 0x0000000781800000)
  object space 2252800K, 24% used [0x00000006f8000000,0x0000000719cab980,0x0000000781800000)
 Metaspace       used 205798K, capacity 225702K, committed 225984K, reserved 1247232K
  class space    used 25471K, capacity 28061K, committed 28160K, reserved 1048576K
}
{Heap before GC invocations=618 (full 5):
 PSYoungGen      total 999936K, used 992900K [0x0000000781800000, 0x00000007c0000000, 0x00000007c0000000)
  eden space 975360K, 100% used [0x0000000781800000,0x00000007bd080000,0x00000007bd080000)
  from space 24576K, 71% used [0x00000007be800000,0x00000007bf921130,0x00000007c0000000)
  to   space 24064K, 0% used [0x00000007bd080000,0x00000007bd080000,0x00000007be800000)
 ParOldGen       total 2252800K, used 553646K [0x00000006f8000000, 0x0000000781800000, 0x0000000781800000)
  object space 2252800K, 24% used [0x00000006f8000000,0x0000000719cab980,0x0000000781800000)
 Metaspace       used 205800K, capacity 225702K, committed 225984K, reserved 1247232K
  class space    used 25471K, capacity 28061K, committed 28160K, reserved 1048576K
2022-06-20T10:06:47.831+0800: 7580.123: [GC (Allocation Failure) [PSYoungGen: 992900K->20214K(999424K)] 1546546K->574020K(3252224K), 0.0386624 secs] [Times: user=0.09 sys=0.04, real=0.04 secs] 
Heap after GC invocations=618 (full 5):
 PSYoungGen      total 999424K, used 20214K [0x0000000781800000, 0x00000007c0000000, 0x00000007c0000000)
  eden space 975360K, 0% used [0x0000000781800000,0x0000000781800000,0x00000007bd080000)
  from space 24064K, 84% used [0x00000007bd080000,0x00000007be43dab8,0x00000007be800000)
  to   space 24576K, 0% used [0x00000007be800000,0x00000007be800000,0x00000007c0000000)
 ParOldGen       total 2252800K, used 553805K [0x00000006f8000000, 0x0000000781800000, 0x0000000781800000)
  object space 2252800K, 24% used [0x00000006f8000000,0x0000000719cd3798,0x0000000781800000)
 Metaspace       used 205800K, capacity 225702K, committed 225984K, reserved 1247232K
  class space    used 25471K, capacity 28061K, committed 28160K, reserved 1048576K
}
{Heap before GC invocations=619 (full 5):
 PSYoungGen      total 999424K, used 995574K [0x0000000781800000, 0x00000007c0000000, 0x00000007c0000000)
  eden space 975360K, 100% used [0x0000000781800000,0x00000007bd080000,0x00000007bd080000)
  from space 24064K, 84% used [0x00000007bd080000,0x00000007be43dab8,0x00000007be800000)
  to   space 24576K, 0% used [0x00000007be800000,0x00000007be800000,0x00000007c0000000)
 ParOldGen       total 2252800K, used 553805K [0x00000006f8000000, 0x0000000781800000, 0x0000000781800000)
  object space 2252800K, 24% used [0x00000006f8000000,0x0000000719cd3798,0x0000000781800000)
 Metaspace       used 205814K, capacity 225702K, committed 225984K, reserved 1247232K
  class space    used 25471K, capacity 28061K, committed 28160K, reserved 1048576K
2022-06-20T10:07:09.990+0800: 7602.283: [GC (Allocation Failure) [PSYoungGen: 995574K->17390K(999936K)] 1549380K->571298K(3252736K), 0.0207314 secs] [Times: user=0.06 sys=0.01, real=0.02 secs] 
Heap after GC invocations=619 (full 5):
 PSYoungGen      total 999936K, used 17390K [0x0000000781800000, 0x00000007c0000000, 0x00000007c0000000)
  eden space 975360K, 0% used [0x0000000781800000,0x0000000781800000,0x00000007bd080000)
  from space 24576K, 70% used [0x00000007be800000,0x00000007bf8fb8f0,0x00000007c0000000)
  to   space 24064K, 0% used [0x00000007bd080000,0x00000007bd080000,0x00000007be800000)
 ParOldGen       total 2252800K, used 553908K [0x00000006f8000000, 0x0000000781800000, 0x0000000781800000)
  object space 2252800K, 24% used [0x00000006f8000000,0x0000000719ced1c0,0x0000000781800000)
 Metaspace       used 205814K, capacity 225702K, committed 225984K, reserved 1247232K
  class space    used 25471K, capacity 28061K, committed 28160K, reserved 1048576K
}
{Heap before GC invocations=620 (full 5):
 PSYoungGen      total 999936K, used 992750K [0x0000000781800000, 0x00000007c0000000, 0x00000007c0000000)
  eden space 975360K, 100% used [0x0000000781800000,0x00000007bd080000,0x00000007bd080000)
  from space 24576K, 70% used [0x00000007be800000,0x00000007bf8fb8f0,0x00000007c0000000)
  to   space 24064K, 0% used [0x00000007bd080000,0x00000007bd080000,0x00000007be800000)
 ParOldGen       total 2252800K, used 553908K [0x00000006f8000000, 0x0000000781800000, 0x0000000781800000)
  object space 2252800K, 24% used [0x00000006f8000000,0x0000000719ced1c0,0x0000000781800000)
 Metaspace       used 205816K, capacity 225702K, committed 225984K, reserved 1247232K
  class space    used 25471K, capacity 28061K, committed 28160K, reserved 1048576K
2022-06-20T10:07:29.786+0800: 7622.079: [GC (Allocation Failure) [PSYoungGen: 992750K->17573K(999424K)] 1546658K->571604K(3252224K), 0.0353040 secs] [Times: user=0.08 sys=0.04, real=0.04 secs] 
Heap after GC invocations=620 (full 5):
 PSYoungGen      total 999424K, used 17573K [0x0000000781800000, 0x00000007c0000000, 0x00000007c0000000)
  eden space 975360K, 0% used [0x0000000781800000,0x0000000781800000,0x00000007bd080000)
  from space 24064K, 73% used [0x00000007bd080000,0x00000007be1a96c0,0x00000007be800000)
  to   space 23552K, 0% used [0x00000007be900000,0x00000007be900000,0x00000007c0000000)
 ParOldGen       total 2252800K, used 554030K [0x00000006f8000000, 0x0000000781800000, 0x0000000781800000)
  object space 2252800K, 24% used [0x00000006f8000000,0x0000000719d0ba88,0x0000000781800000)
 Metaspace       used 205816K, capacity 225702K, committed 225984K, reserved 1247232K
  class space    used 25471K, capacity 28061K, committed 28160K, reserved 1048576K
}
{Heap before GC invocations=621 (full 5):
 PSYoungGen      total 999424K, used 992933K [0x0000000781800000, 0x00000007c0000000, 0x00000007c0000000)
  eden space 975360K, 100% used [0x0000000781800000,0x00000007bd080000,0x00000007bd080000)
  from space 24064K, 73% used [0x00000007bd080000,0x00000007be1a96c0,0x00000007be800000)
  to   space 23552K, 0% used [0x00000007be900000,0x00000007be900000,0x00000007c0000000)
 ParOldGen       total 2252800K, used 554030K [0x00000006f8000000, 0x0000000781800000, 0x0000000781800000)
  object space 2252800K, 24% used [0x00000006f8000000,0x0000000719d0ba88,0x0000000781800000)
 Metaspace       used 205819K, capacity 225702K, committed 225984K, reserved 1247232K
  class space    used 25471K, capacity 28061K, committed 28160K, reserved 1048576K
2022-06-20T10:07:47.741+0800: 7640.034: [GC (Allocation Failure) [PSYoungGen: 992933K->16807K(1000448K)] 1546964K->570938K(3253248K), 0.0342400 secs] [Times: user=0.08 sys=0.03, real=0.03 secs] 
Heap after GC invocations=621 (full 5):
 PSYoungGen      total 1000448K, used 16807K [0x0000000781800000, 0x00000007c0000000, 0x00000007c0000000)
  eden space 976896K, 0% used [0x0000000781800000,0x0000000781800000,0x00000007bd200000)
  from space 23552K, 71% used [0x00000007be900000,0x00000007bf969d28,0x00000007c0000000)
  to   space 23552K, 0% used [0x00000007bd200000,0x00000007bd200000,0x00000007be900000)
 ParOldGen       total 2252800K, used 554131K [0x00000006f8000000, 0x0000000781800000, 0x0000000781800000)
  object space 2252800K, 24% used [0x00000006f8000000,0x0000000719d24da8,0x0000000781800000)
 Metaspace       used 205819K, capacity 225702K, committed 225984K, reserved 1247232K
  class space    used 25471K, capacity 28061K, committed 28160K, reserved 1048576K
}
{Heap before GC invocations=622 (full 5):
 PSYoungGen      total 1000448K, used 993703K [0x0000000781800000, 0x00000007c0000000, 0x00000007c0000000)
  eden space 976896K, 100% used [0x0000000781800000,0x00000007bd200000,0x00000007bd200000)
  from space 23552K, 71% used [0x00000007be900000,0x00000007bf969d28,0x00000007c0000000)
  to   space 23552K, 0% used [0x00000007bd200000,0x00000007bd200000,0x00000007be900000)
 ParOldGen       total 2252800K, used 554131K [0x00000006f8000000, 0x0000000781800000, 0x0000000781800000)
  object space 2252800K, 24% used [0x00000006f8000000,0x0000000719d24da8,0x0000000781800000)
 Metaspace       used 205820K, capacity 225702K, committed 225984K, reserved 1247232K
  class space    used 25471K, capacity 28061K, committed 28160K, reserved 1048576K
2022-06-20T10:07:56.436+0800: 7648.729: [GC (Allocation Failure) [PSYoungGen: 993703K->17252K(1000448K)] 1547834K->571588K(3253248K), 0.0243576 secs] [Times: user=0.06 sys=0.03, real=0.02 secs] 
Heap after GC invocations=622 (full 5):
 PSYoungGen      total 1000448K, used 17252K [0x0000000781800000, 0x00000007c0000000, 0x00000007c0000000)
  eden space 976896K, 0% used [0x0000000781800000,0x0000000781800000,0x00000007bd200000)
  from space 23552K, 73% used [0x00000007bd200000,0x00000007be2d9048,0x00000007be900000)
  to   space 23040K, 0% used [0x00000007be980000,0x00000007be980000,0x00000007c0000000)
 ParOldGen       total 2252800K, used 554336K [0x00000006f8000000, 0x0000000781800000, 0x0000000781800000)
  object space 2252800K, 24% used [0x00000006f8000000,0x0000000719d581c8,0x0000000781800000)
 Metaspace       used 205820K, capacity 225702K, committed 225984K, reserved 1247232K
  class space    used 25471K, capacity 28061K, committed 28160K, reserved 1048576K
}
{Heap before GC invocations=623 (full 5):
 PSYoungGen      total 1000448K, used 993728K [0x0000000781800000, 0x00000007c0000000, 0x00000007c0000000)
  eden space 976896K, 99% used [0x0000000781800000,0x00000007bd197318,0x00000007bd200000)
  from space 23552K, 73% used [0x00000007bd200000,0x00000007be2d9048,0x00000007be900000)
  to   space 23040K, 0% used [0x00000007be980000,0x00000007be980000,0x00000007c0000000)
 ParOldGen       total 2252800K, used 554336K [0x00000006f8000000, 0x0000000781800000, 0x0000000781800000)
  object space 2252800K, 24% used [0x00000006f8000000,0x0000000719d581c8,0x0000000781800000)
 Metaspace       used 205826K, capacity 225702K, committed 225984K, reserved 1247232K
  class space    used 25471K, capacity 28061K, committed 28160K, reserved 1048576K
2022-06-20T10:08:08.227+0800: 7660.520: [GC (Allocation Failure) [PSYoungGen: 993728K->16258K(1000960K)] 1548065K->570951K(3253760K), 0.0189870 secs] [Times: user=0.05 sys=0.00, real=0.02 secs] 
Heap after GC invocations=623 (full 5):
 PSYoungGen      total 1000960K, used 16258K [0x0000000781800000, 0x00000007c0000000, 0x00000007c0000000)
  eden space 977920K, 0% used [0x0000000781800000,0x0000000781800000,0x00000007bd300000)
  from space 23040K, 70% used [0x00000007be980000,0x00000007bf960820,0x00000007c0000000)
  to   space 23040K, 0% used [0x00000007bd300000,0x00000007bd300000,0x00000007be980000)
 ParOldGen       total 2252800K, used 554693K [0x00000006f8000000, 0x0000000781800000, 0x0000000781800000)
  object space 2252800K, 24% used [0x00000006f8000000,0x0000000719db1788,0x0000000781800000)
 Metaspace       used 205826K, capacity 225702K, committed 225984K, reserved 1247232K
  class space    used 25471K, capacity 28061K, committed 28160K, reserved 1048576K
}
{Heap before GC invocations=624 (full 5):
 PSYoungGen      total 1000960K, used 994178K [0x0000000781800000, 0x00000007c0000000, 0x00000007c0000000)
  eden space 977920K, 100% used [0x0000000781800000,0x00000007bd300000,0x00000007bd300000)
  from space 23040K, 70% used [0x00000007be980000,0x00000007bf960820,0x00000007c0000000)
  to   space 23040K, 0% used [0x00000007bd300000,0x00000007bd300000,0x00000007be980000)
 ParOldGen       total 2252800K, used 554693K [0x00000006f8000000, 0x0000000781800000, 0x0000000781800000)
  object space 2252800K, 24% used [0x00000006f8000000,0x0000000719db1788,0x0000000781800000)
 Metaspace       used 205826K, capacity 225702K, committed 225984K, reserved 1247232K
  class space    used 25471K, capacity 28061K, committed 28160K, reserved 1048576K
2022-06-20T10:08:13.728+0800: 7666.021: [GC (Allocation Failure) [PSYoungGen: 994178K->21290K(999424K)] 1548871K->576074K(3252224K), 0.0212489 secs] [Times: user=0.06 sys=0.01, real=0.02 secs] 
Heap after GC invocations=624 (full 5):
 PSYoungGen      total 999424K, used 21290K [0x0000000781800000, 0x00000007c0000000, 0x00000007c0000000)
  eden space 977920K, 0% used [0x0000000781800000,0x0000000781800000,0x00000007bd300000)
  from space 21504K, 99% used [0x00000007bd300000,0x00000007be7ca8e8,0x00000007be800000)
  to   space 23552K, 0% used [0x00000007be900000,0x00000007be900000,0x00000007c0000000)
 ParOldGen       total 2252800K, used 554784K [0x00000006f8000000, 0x0000000781800000, 0x0000000781800000)
  object space 2252800K, 24% used [0x00000006f8000000,0x0000000719dc80e0,0x0000000781800000)
 Metaspace       used 205826K, capacity 225702K, committed 225984K, reserved 1247232K
  class space    used 25471K, capacity 28061K, committed 28160K, reserved 1048576K
}
{Heap before GC invocations=625 (full 5):
 PSYoungGen      total 999424K, used 999210K [0x0000000781800000, 0x00000007c0000000, 0x00000007c0000000)
  eden space 977920K, 100% used [0x0000000781800000,0x00000007bd300000,0x00000007bd300000)
  from space 21504K, 99% used [0x00000007bd300000,0x00000007be7ca8e8,0x00000007be800000)
  to   space 23552K, 0% used [0x00000007be900000,0x00000007be900000,0x00000007c0000000)
 ParOldGen       total 2252800K, used 554784K [0x00000006f8000000, 0x0000000781800000, 0x0000000781800000)
  object space 2252800K, 24% used [0x00000006f8000000,0x0000000719dc80e0,0x0000000781800000)
 Metaspace       used 205826K, capacity 225702K, committed 225984K, reserved 1247232K
  class space    used 25471K, capacity 28061K, committed 28160K, reserved 1048576K
2022-06-20T10:08:19.110+0800: 7671.403: [GC (Allocation Failure) [PSYoungGen: 999210K->15585K(1000448K)] 1553994K->570485K(3253248K), 0.0261308 secs] [Times: user=0.06 sys=0.01, real=0.03 secs] 
Heap after GC invocations=625 (full 5):
 PSYoungGen      total 1000448K, used 15585K [0x0000000781800000, 0x00000007c0000000, 0x00000007c0000000)
  eden space 976896K, 0% used [0x0000000781800000,0x0000000781800000,0x00000007bd200000)
  from space 23552K, 66% used [0x00000007be900000,0x00000007bf8387b0,0x00000007c0000000)
  to   space 23552K, 0% used [0x00000007bd200000,0x00000007bd200000,0x00000007be900000)
 ParOldGen       total 2252800K, used 554899K [0x00000006f8000000, 0x0000000781800000, 0x0000000781800000)
  object space 2252800K, 24% used [0x00000006f8000000,0x0000000719de4e78,0x0000000781800000)
 Metaspace       used 205826K, capacity 225702K, committed 225984K, reserved 1247232K
  class space    used 25471K, capacity 28061K, committed 28160K, reserved 1048576K
}
{Heap before GC invocations=626 (full 5):
 PSYoungGen      total 1000448K, used 992481K [0x0000000781800000, 0x00000007c0000000, 0x00000007c0000000)
  eden space 976896K, 100% used [0x0000000781800000,0x00000007bd200000,0x00000007bd200000)
  from space 23552K, 66% used [0x00000007be900000,0x00000007bf8387b0,0x00000007c0000000)
  to   space 23552K, 0% used [0x00000007bd200000,0x00000007bd200000,0x00000007be900000)
 ParOldGen       total 2252800K, used 554899K [0x00000006f8000000, 0x0000000781800000, 0x0000000781800000)
  object space 2252800K, 24% used [0x00000006f8000000,0x0000000719de4e78,0x0000000781800000)
 Metaspace       used 205826K, capacity 225702K, committed 225984K, reserved 1247232K
  class space    used 25471K, capacity 28061K, committed 28160K, reserved 1048576K
2022-06-20T10:08:24.626+0800: 7676.919: [GC (Allocation Failure) [PSYoungGen: 992481K->15365K(1000448K)] 1547381K->570411K(3253248K), 0.0254973 secs] [Times: user=0.06 sys=0.02, real=0.02 secs] 
Heap after GC invocations=626 (full 5):
 PSYoungGen      total 1000448K, used 15365K [0x0000000781800000, 0x00000007c0000000, 0x00000007c0000000)
  eden space 976896K, 0% used [0x0000000781800000,0x0000000781800000,0x00000007bd200000)
  from space 23552K, 65% used [0x00000007bd200000,0x00000007be1017c0,0x00000007be900000)
  to   space 23552K, 0% used [0x00000007be900000,0x00000007be900000,0x00000007c0000000)
 ParOldGen       total 2252800K, used 555045K [0x00000006f8000000, 0x0000000781800000, 0x0000000781800000)
  object space 2252800K, 24% used [0x00000006f8000000,0x0000000719e094a8,0x0000000781800000)
 Metaspace       used 205826K, capacity 225702K, committed 225984K, reserved 1247232K
  class space    used 25471K, capacity 28061K, committed 28160K, reserved 1048576K
}
{Heap before GC invocations=627 (full 5):
 PSYoungGen      total 1000448K, used 992261K [0x0000000781800000, 0x00000007c0000000, 0x00000007c0000000)
  eden space 976896K, 100% used [0x0000000781800000,0x00000007bd200000,0x00000007bd200000)
  from space 23552K, 65% used [0x00000007bd200000,0x00000007be1017c0,0x00000007be900000)
  to   space 23552K, 0% used [0x00000007be900000,0x00000007be900000,0x00000007c0000000)
 ParOldGen       total 2252800K, used 555045K [0x00000006f8000000, 0x0000000781800000, 0x0000000781800000)
  object space 2252800K, 24% used [0x00000006f8000000,0x0000000719e094a8,0x0000000781800000)
 Metaspace       used 205826K, capacity 225702K, committed 225984K, reserved 1247232K
  class space    used 25471K, capacity 28061K, committed 28160K, reserved 1048576K
2022-06-20T10:08:30.543+0800: 7682.836: [GC (Allocation Failure) [PSYoungGen: 992261K->15946K(1000960K)] 1547307K->571007K(3253760K), 0.0230240 secs] [Times: user=0.06 sys=0.01, real=0.03 secs] 
Heap after GC invocations=627 (full 5):
 PSYoungGen      total 1000960K, used 15946K [0x0000000781800000, 0x00000007c0000000, 0x00000007c0000000)
  eden space 977408K, 0% used [0x0000000781800000,0x0000000781800000,0x00000007bd280000)
  from space 23552K, 67% used [0x00000007be900000,0x00000007bf892a28,0x00000007c0000000)
  to   space 23040K, 0% used [0x00000007bd280000,0x00000007bd280000,0x00000007be900000)
 ParOldGen       total 2252800K, used 555061K [0x00000006f8000000, 0x0000000781800000, 0x0000000781800000)
  object space 2252800K, 24% used [0x00000006f8000000,0x0000000719e0d4a8,0x0000000781800000)
 Metaspace       used 205826K, capacity 225702K, committed 225984K, reserved 1247232K
  class space    used 25471K, capacity 28061K, committed 28160K, reserved 1048576K
}
{Heap before GC invocations=628 (full 5):
 PSYoungGen      total 1000960K, used 993354K [0x0000000781800000, 0x00000007c0000000, 0x00000007c0000000)
  eden space 977408K, 100% used [0x0000000781800000,0x00000007bd280000,0x00000007bd280000)
  from space 23552K, 67% used [0x00000007be900000,0x00000007bf892a28,0x00000007c0000000)
  to   space 23040K, 0% used [0x00000007bd280000,0x00000007bd280000,0x00000007be900000)
 ParOldGen       total 2252800K, used 555061K [0x00000006f8000000, 0x0000000781800000, 0x0000000781800000)
  object space 2252800K, 24% used [0x00000006f8000000,0x0000000719e0d4a8,0x0000000781800000)
 Metaspace       used 205826K, capacity 225702K, committed 225984K, reserved 1247232K
  class space    used 25471K, capacity 28061K, committed 28160K, reserved 1048576K
2022-06-20T10:08:36.203+0800: 7688.496: [GC (Allocation Failure) [PSYoungGen: 993354K->15410K(1000448K)] 1548415K->570630K(3253248K), 0.0193740 secs] [Times: user=0.05 sys=0.00, real=0.02 secs] 
Heap after GC invocations=628 (full 5):
 PSYoungGen      total 1000448K, used 15410K [0x0000000781800000, 0x00000007c0000000, 0x00000007c0000000)
  eden space 977408K, 0% used [0x0000000781800000,0x0000000781800000,0x00000007bd280000)
  from space 23040K, 66% used [0x00000007bd280000,0x00000007be18cb88,0x00000007be900000)
  to   space 23040K, 0% used [0x00000007be980000,0x00000007be980000,0x00000007c0000000)
 ParOldGen       total 2252800K, used 555219K [0x00000006f8000000, 0x0000000781800000, 0x0000000781800000)
  object space 2252800K, 24% used [0x00000006f8000000,0x0000000719e34cb8,0x0000000781800000)
 Metaspace       used 205826K, capacity 225702K, committed 225984K, reserved 1247232K
  class space    used 25471K, capacity 28061K, committed 28160K, reserved 1048576K
}
{Heap before GC invocations=629 (full 5):
 PSYoungGen      total 1000448K, used 992818K [0x0000000781800000, 0x00000007c0000000, 0x00000007c0000000)
  eden space 977408K, 100% used [0x0000000781800000,0x00000007bd280000,0x00000007bd280000)
  from space 23040K, 66% used [0x00000007bd280000,0x00000007be18cb88,0x00000007be900000)
  to   space 23040K, 0% used [0x00000007be980000,0x00000007be980000,0x00000007c0000000)
 ParOldGen       total 2252800K, used 555219K [0x00000006f8000000, 0x0000000781800000, 0x0000000781800000)
  object space 2252800K, 24% used [0x00000006f8000000,0x0000000719e34cb8,0x0000000781800000)
 Metaspace       used 205870K, capacity 225766K, committed 225984K, reserved 1247232K
  class space    used 25471K, capacity 28061K, committed 28160K, reserved 1048576K
2022-06-20T10:08:41.303+0800: 7693.595: [GC (Allocation Failure) [PSYoungGen: 992818K->15852K(1001472K)] 1548038K->571163K(3254272K), 0.0174100 secs] [Times: user=0.05 sys=0.00, real=0.02 secs] 
Heap after GC invocations=629 (full 5):
 PSYoungGen      total 1001472K, used 15852K [0x0000000781800000, 0x00000007c0000000, 0x00000007c0000000)
  eden space 978432K, 0% used [0x0000000781800000,0x0000000781800000,0x00000007bd380000)
  from space 23040K, 68% used [0x00000007be980000,0x00000007bf8fb380,0x00000007c0000000)
  to   space 22528K, 0% used [0x00000007bd380000,0x00000007bd380000,0x00000007be980000)
 ParOldGen       total 2252800K, used 555311K [0x00000006f8000000, 0x0000000781800000, 0x0000000781800000)
  object space 2252800K, 24% used [0x00000006f8000000,0x0000000719e4bc48,0x0000000781800000)
 Metaspace       used 205870K, capacity 225766K, committed 225984K, reserved 1247232K
  class space    used 25471K, capacity 28061K, committed 28160K, reserved 1048576K
}
{Heap before GC invocations=630 (full 5):
 PSYoungGen      total 1001472K, used 994284K [0x0000000781800000, 0x00000007c0000000, 0x00000007c0000000)
  eden space 978432K, 100% used [0x0000000781800000,0x00000007bd380000,0x00000007bd380000)
  from space 23040K, 68% used [0x00000007be980000,0x00000007bf8fb380,0x00000007c0000000)
  to   space 22528K, 0% used [0x00000007bd380000,0x00000007bd380000,0x00000007be980000)
 ParOldGen       total 2252800K, used 555311K [0x00000006f8000000, 0x0000000781800000, 0x0000000781800000)
  object space 2252800K, 24% used [0x00000006f8000000,0x0000000719e4bc48,0x0000000781800000)
 Metaspace       used 205873K, capacity 225766K, committed 225984K, reserved 1247232K
  class space    used 25471K, capacity 28061K, committed 28160K, reserved 1048576K
2022-06-20T10:08:48.397+0800: 7700.690: [GC (Allocation Failure) [PSYoungGen: 994284K->15577K(1000960K)] 1549595K->571157K(3253760K), 0.0263888 secs] [Times: user=0.08 sys=0.00, real=0.02 secs] 
Heap after GC invocations=630 (full 5):
 PSYoungGen      total 1000960K, used 15577K [0x0000000781800000, 0x00000007c0000000, 0x00000007c0000000)
  eden space 978432K, 0% used [0x0000000781800000,0x0000000781800000,0x00000007bd380000)
  from space 22528K, 69% used [0x00000007bd380000,0x00000007be2b6638,0x00000007be980000)
  to   space 22528K, 0% used [0x00000007bea00000,0x00000007bea00000,0x00000007c0000000)
 ParOldGen       total 2252800K, used 555579K [0x00000006f8000000, 0x0000000781800000, 0x0000000781800000)
  object space 2252800K, 24% used [0x00000006f8000000,0x0000000719e8efc0,0x0000000781800000)
 Metaspace       used 205873K, capacity 225766K, committed 225984K, reserved 1247232K
  class space    used 25471K, capacity 28061K, committed 28160K, reserved 1048576K
}
{Heap before GC invocations=631 (full 5):
 PSYoungGen      total 1000960K, used 994009K [0x0000000781800000, 0x00000007c0000000, 0x00000007c0000000)
  eden space 978432K, 100% used [0x0000000781800000,0x00000007bd380000,0x00000007bd380000)
  from space 22528K, 69% used [0x00000007bd380000,0x00000007be2b6638,0x00000007be980000)
  to   space 22528K, 0% used [0x00000007bea00000,0x00000007bea00000,0x00000007c0000000)
 ParOldGen       total 2252800K, used 555579K [0x00000006f8000000, 0x0000000781800000, 0x0000000781800000)
  object space 2252800K, 24% used [0x00000006f8000000,0x0000000719e8efc0,0x0000000781800000)
 Metaspace       used 205885K, capacity 225766K, committed 225984K, reserved 1247232K
  class space    used 25471K, capacity 28061K, committed 28160K, reserved 1048576K
2022-06-20T10:08:58.394+0800: 7710.687: [GC (Allocation Failure) [PSYoungGen: 994009K->18325K(1001472K)] 1549589K->573992K(3254272K), 0.0214413 secs] [Times: user=0.06 sys=0.00, real=0.03 secs] 
Heap after GC invocations=631 (full 5):
 PSYoungGen      total 1001472K, used 18325K [0x0000000781800000, 0x00000007c0000000, 0x00000007c0000000)
  eden space 978944K, 0% used [0x0000000781800000,0x0000000781800000,0x00000007bd400000)
  from space 22528K, 81% used [0x00000007bea00000,0x00000007bfbe5758,0x00000007c0000000)
  to   space 22528K, 0% used [0x00000007bd400000,0x00000007bd400000,0x00000007bea00000)
 ParOldGen       total 2252800K, used 555666K [0x00000006f8000000, 0x0000000781800000, 0x0000000781800000)
  object space 2252800K, 24% used [0x00000006f8000000,0x0000000719ea4a18,0x0000000781800000)
 Metaspace       used 205885K, capacity 225766K, committed 225984K, reserved 1247232K
  class space    used 25471K, capacity 28061K, committed 28160K, reserved 1048576K
}
{Heap before GC invocations=632 (full 5):
 PSYoungGen      total 1001472K, used 997269K [0x0000000781800000, 0x00000007c0000000, 0x00000007c0000000)
  eden space 978944K, 100% used [0x0000000781800000,0x00000007bd400000,0x00000007bd400000)
  from space 22528K, 81% used [0x00000007bea00000,0x00000007bfbe5758,0x00000007c0000000)
  to   space 22528K, 0% used [0x00000007bd400000,0x00000007bd400000,0x00000007bea00000)
 ParOldGen       total 2252800K, used 555666K [0x00000006f8000000, 0x0000000781800000, 0x0000000781800000)
  object space 2252800K, 24% used [0x00000006f8000000,0x0000000719ea4a18,0x0000000781800000)
 Metaspace       used 206012K, capacity 225988K, committed 226240K, reserved 1247232K
  class space    used 25492K, capacity 28098K, committed 28160K, reserved 1048576K
2022-06-20T10:09:06.349+0800: 7718.642: [GC (Allocation Failure) [PSYoungGen: 997269K->14836K(1001472K)] 1552936K->571751K(3254272K), 0.0295707 secs] [Times: user=0.08 sys=0.02, real=0.03 secs] 
Heap after GC invocations=632 (full 5):
 PSYoungGen      total 1001472K, used 14836K [0x0000000781800000, 0x00000007c0000000, 0x00000007c0000000)
  eden space 978944K, 0% used [0x0000000781800000,0x0000000781800000,0x00000007bd400000)
  from space 22528K, 65% used [0x00000007bd400000,0x00000007be27d150,0x00000007bea00000)
  to   space 22528K, 0% used [0x00000007bea00000,0x00000007bea00000,0x00000007c0000000)
 ParOldGen       total 2252800K, used 556915K [0x00000006f8000000, 0x0000000781800000, 0x0000000781800000)
  object space 2252800K, 24% used [0x00000006f8000000,0x0000000719fdcd80,0x0000000781800000)
 Metaspace       used 206012K, capacity 225988K, committed 226240K, reserved 1247232K
  class space    used 25492K, capacity 28098K, committed 28160K, reserved 1048576K
}
{Heap before GC invocations=633 (full 5):
 PSYoungGen      total 1001472K, used 993780K [0x0000000781800000, 0x00000007c0000000, 0x00000007c0000000)
  eden space 978944K, 100% used [0x0000000781800000,0x00000007bd400000,0x00000007bd400000)
  from space 22528K, 65% used [0x00000007bd400000,0x00000007be27d150,0x00000007bea00000)
  to   space 22528K, 0% used [0x00000007bea00000,0x00000007bea00000,0x00000007c0000000)
 ParOldGen       total 2252800K, used 556915K [0x00000006f8000000, 0x0000000781800000, 0x0000000781800000)
  object space 2252800K, 24% used [0x00000006f8000000,0x0000000719fdcd80,0x0000000781800000)
 Metaspace       used 206061K, capacity 226048K, committed 226240K, reserved 1247232K
  class space    used 25500K, capacity 28108K, committed 28160K, reserved 1048576K
2022-06-20T10:09:14.318+0800: 7726.611: [GC (Allocation Failure) [PSYoungGen: 993780K->15295K(1001984K)] 1550695K->572282K(3254784K), 0.0287234 secs] [Times: user=0.07 sys=0.01, real=0.03 secs] 
Heap after GC invocations=633 (full 5):
 PSYoungGen      total 1001984K, used 15295K [0x0000000781800000, 0x00000007c0000000, 0x00000007c0000000)
  eden space 979456K, 0% used [0x0000000781800000,0x0000000781800000,0x00000007bd480000)
  from space 22528K, 67% used [0x00000007bea00000,0x00000007bf8eff10,0x00000007c0000000)
  to   space 22016K, 0% used [0x00000007bd480000,0x00000007bd480000,0x00000007bea00000)
 ParOldGen       total 2252800K, used 556986K [0x00000006f8000000, 0x0000000781800000, 0x0000000781800000)
  object space 2252800K, 24% used [0x00000006f8000000,0x0000000719feebc8,0x0000000781800000)
 Metaspace       used 206061K, capacity 226048K, committed 226240K, reserved 1247232K
  class space    used 25500K, capacity 28108K, committed 28160K, reserved 1048576K
}
{Heap before GC invocations=634 (full 5):
 PSYoungGen      total 1001984K, used 994751K [0x0000000781800000, 0x00000007c0000000, 0x00000007c0000000)
  eden space 979456K, 100% used [0x0000000781800000,0x00000007bd480000,0x00000007bd480000)
  from space 22528K, 67% used [0x00000007bea00000,0x00000007bf8eff10,0x00000007c0000000)
  to   space 22016K, 0% used [0x00000007bd480000,0x00000007bd480000,0x00000007bea00000)
 ParOldGen       total 2252800K, used 556986K [0x00000006f8000000, 0x0000000781800000, 0x0000000781800000)
  object space 2252800K, 24% used [0x00000006f8000000,0x0000000719feebc8,0x0000000781800000)
 Metaspace       used 206066K, capacity 226048K, committed 226240K, reserved 1247232K
  class space    used 25500K, capacity 28108K, committed 28160K, reserved 1048576K
2022-06-20T10:09:28.830+0800: 7741.122: [GC (Allocation Failure) [PSYoungGen: 994751K->14741K(1001472K)] 1551738K->571852K(3254272K), 0.0220054 secs] [Times: user=0.05 sys=0.01, real=0.02 secs] 
Heap after GC invocations=634 (full 5):
 PSYoungGen      total 1001472K, used 14741K [0x0000000781800000, 0x00000007c0000000, 0x00000007c0000000)
  eden space 979456K, 0% used [0x0000000781800000,0x0000000781800000,0x00000007bd480000)
  from space 22016K, 66% used [0x00000007bd480000,0x00000007be2e54c8,0x00000007bea00000)
  to   space 22016K, 0% used [0x00000007bea80000,0x00000007bea80000,0x00000007c0000000)
 ParOldGen       total 2252800K, used 557111K [0x00000006f8000000, 0x0000000781800000, 0x0000000781800000)
  object space 2252800K, 24% used [0x00000006f8000000,0x000000071a00dea8,0x0000000781800000)
 Metaspace       used 206066K, capacity 226048K, committed 226240K, reserved 1247232K
  class space    used 25500K, capacity 28108K, committed 28160K, reserved 1048576K
}
{Heap before GC invocations=635 (full 5):
 PSYoungGen      total 1001472K, used 994197K [0x0000000781800000, 0x00000007c0000000, 0x00000007c0000000)
  eden space 979456K, 100% used [0x0000000781800000,0x00000007bd480000,0x00000007bd480000)
  from space 22016K, 66% used [0x00000007bd480000,0x00000007be2e54c8,0x00000007bea00000)
  to   space 22016K, 0% used [0x00000007bea80000,0x00000007bea80000,0x00000007c0000000)
 ParOldGen       total 2252800K, used 557111K [0x00000006f8000000, 0x0000000781800000, 0x0000000781800000)
  object space 2252800K, 24% used [0x00000006f8000000,0x000000071a00dea8,0x0000000781800000)
 Metaspace       used 206068K, capacity 226048K, committed 226240K, reserved 1247232K
  class space    used 25500K, capacity 28108K, committed 28160K, reserved 1048576K
2022-06-20T10:09:36.368+0800: 7748.661: [GC (Allocation Failure) [PSYoungGen: 994197K->14500K(1002496K)] 1551308K->571670K(3255296K), 0.0252273 secs] [Times: user=0.07 sys=0.01, real=0.02 secs] 
Heap after GC invocations=635 (full 5):
 PSYoungGen      total 1002496K, used 14500K [0x0000000781800000, 0x00000007c0000000, 0x00000007c0000000)
  eden space 980480K, 0% used [0x0000000781800000,0x0000000781800000,0x00000007bd580000)
  from space 22016K, 65% used [0x00000007bea80000,0x00000007bf8a9298,0x00000007c0000000)
  to   space 21504K, 0% used [0x00000007bd580000,0x00000007bd580000,0x00000007bea80000)
 ParOldGen       total 2252800K, used 557170K [0x00000006f8000000, 0x0000000781800000, 0x0000000781800000)
  object space 2252800K, 24% used [0x00000006f8000000,0x000000071a01c830,0x0000000781800000)
 Metaspace       used 206068K, capacity 226048K, committed 226240K, reserved 1247232K
  class space    used 25500K, capacity 28108K, committed 28160K, reserved 1048576K
}
{Heap before GC invocations=636 (full 5):
 PSYoungGen      total 1002496K, used 994980K [0x0000000781800000, 0x00000007c0000000, 0x00000007c0000000)
  eden space 980480K, 100% used [0x0000000781800000,0x00000007bd580000,0x00000007bd580000)
  from space 22016K, 65% used [0x00000007bea80000,0x00000007bf8a9298,0x00000007c0000000)
  to   space 21504K, 0% used [0x00000007bd580000,0x00000007bd580000,0x00000007bea80000)
 ParOldGen       total 2252800K, used 557170K [0x00000006f8000000, 0x0000000781800000, 0x0000000781800000)
  object space 2252800K, 24% used [0x00000006f8000000,0x000000071a01c830,0x0000000781800000)
 Metaspace       used 206095K, capacity 226112K, committed 226240K, reserved 1247232K
  class space    used 25507K, capacity 28118K, committed 28160K, reserved 1048576K
2022-06-20T10:09:41.389+0800: 7753.682: [GC (Allocation Failure) [PSYoungGen: 994980K->14852K(1001984K)] 1552150K->572229K(3254784K), 0.0181850 secs] [Times: user=0.07 sys=0.01, real=0.02 secs] 
Heap after GC invocations=636 (full 5):
 PSYoungGen      total 1001984K, used 14852K [0x0000000781800000, 0x00000007c0000000, 0x00000007c0000000)
  eden space 980480K, 0% used [0x0000000781800000,0x0000000781800000,0x00000007bd580000)
  from space 21504K, 69% used [0x00000007bd580000,0x00000007be401208,0x00000007bea80000)
  to   space 21504K, 0% used [0x00000007beb00000,0x00000007beb00000,0x00000007c0000000)
 ParOldGen       total 2252800K, used 557376K [0x00000006f8000000, 0x0000000781800000, 0x0000000781800000)
  object space 2252800K, 24% used [0x00000006f8000000,0x000000071a050268,0x0000000781800000)
 Metaspace       used 206095K, capacity 226112K, committed 226240K, reserved 1247232K
  class space    used 25507K, capacity 28118K, committed 28160K, reserved 1048576K
}
{Heap before GC invocations=637 (full 5):
 PSYoungGen      total 1001984K, used 995332K [0x0000000781800000, 0x00000007c0000000, 0x00000007c0000000)
  eden space 980480K, 100% used [0x0000000781800000,0x00000007bd580000,0x00000007bd580000)
  from space 21504K, 69% used [0x00000007bd580000,0x00000007be401208,0x00000007bea80000)
  to   space 21504K, 0% used [0x00000007beb00000,0x00000007beb00000,0x00000007c0000000)
 ParOldGen       total 2252800K, used 557376K [0x00000006f8000000, 0x0000000781800000, 0x0000000781800000)
  object space 2252800K, 24% used [0x00000006f8000000,0x000000071a050268,0x0000000781800000)
 Metaspace       used 206095K, capacity 226112K, committed 226240K, reserved 1247232K
  class space    used 25507K, capacity 28118K, committed 28160K, reserved 1048576K
2022-06-20T10:09:54.000+0800: 7766.293: [GC (Allocation Failure) [PSYoungGen: 995332K->14601K(1003008K)] 1552709K->572260K(3255808K), 0.0175704 secs] [Times: user=0.05 sys=0.01, real=0.02 secs] 
Heap after GC invocations=637 (full 5):
 PSYoungGen      total 1003008K, used 14601K [0x0000000781800000, 0x00000007c0000000, 0x00000007c0000000)
  eden space 981504K, 0% used [0x0000000781800000,0x0000000781800000,0x00000007bd680000)
  from space 21504K, 67% used [0x00000007beb00000,0x00000007bf9425e0,0x00000007c0000000)
  to   space 20992K, 0% used [0x00000007bd680000,0x00000007bd680000,0x00000007beb00000)
 ParOldGen       total 2252800K, used 557659K [0x00000006f8000000, 0x0000000781800000, 0x0000000781800000)
  object space 2252800K, 24% used [0x00000006f8000000,0x000000071a096c60,0x0000000781800000)
 Metaspace       used 206095K, capacity 226112K, committed 226240K, reserved 1247232K
  class space    used 25507K, capacity 28118K, committed 28160K, reserved 1048576K
}
{Heap before GC invocations=638 (full 5):
 PSYoungGen      total 1003008K, used 996105K [0x0000000781800000, 0x00000007c0000000, 0x00000007c0000000)
  eden space 981504K, 100% used [0x0000000781800000,0x00000007bd680000,0x00000007bd680000)
  from space 21504K, 67% used [0x00000007beb00000,0x00000007bf9425e0,0x00000007c0000000)
  to   space 20992K, 0% used [0x00000007bd680000,0x00000007bd680000,0x00000007beb00000)
 ParOldGen       total 2252800K, used 557659K [0x00000006f8000000, 0x0000000781800000, 0x0000000781800000)
  object space 2252800K, 24% used [0x00000006f8000000,0x000000071a096c60,0x0000000781800000)
 Metaspace       used 206114K, capacity 226176K, committed 226240K, reserved 1247232K
  class space    used 25507K, capacity 28118K, committed 28160K, reserved 1048576K
2022-06-20T10:10:06.466+0800: 7778.759: [GC (Allocation Failure) [PSYoungGen: 996105K->15998K(1002496K)] 1553764K->573805K(3255296K), 0.0308889 secs] [Times: user=0.08 sys=0.02, real=0.04 secs] 
Heap after GC invocations=638 (full 5):
 PSYoungGen      total 1002496K, used 15998K [0x0000000781800000, 0x00000007c0000000, 0x00000007c0000000)
  eden space 981504K, 0% used [0x0000000781800000,0x0000000781800000,0x00000007bd680000)
  from space 20992K, 76% used [0x00000007bd680000,0x00000007be61fbe8,0x00000007beb00000)
  to   space 20992K, 0% used [0x00000007beb80000,0x00000007beb80000,0x00000007c0000000)
 ParOldGen       total 2252800K, used 557806K [0x00000006f8000000, 0x0000000781800000, 0x0000000781800000)
  object space 2252800K, 24% used [0x00000006f8000000,0x000000071a0bb928,0x0000000781800000)
 Metaspace       used 206114K, capacity 226176K, committed 226240K, reserved 1247232K
  class space    used 25507K, capacity 28118K, committed 28160K, reserved 1048576K
}
{Heap before GC invocations=639 (full 5):
 PSYoungGen      total 1002496K, used 997502K [0x0000000781800000, 0x00000007c0000000, 0x00000007c0000000)
  eden space 981504K, 100% used [0x0000000781800000,0x00000007bd680000,0x00000007bd680000)
  from space 20992K, 76% used [0x00000007bd680000,0x00000007be61fbe8,0x00000007beb00000)
  to   space 20992K, 0% used [0x00000007beb80000,0x00000007beb80000,0x00000007c0000000)
 ParOldGen       total 2252800K, used 557806K [0x00000006f8000000, 0x0000000781800000, 0x0000000781800000)
  object space 2252800K, 24% used [0x00000006f8000000,0x000000071a0bb928,0x0000000781800000)
 Metaspace       used 206127K, capacity 226184K, committed 226240K, reserved 1247232K
  class space    used 25507K, capacity 28118K, committed 28160K, reserved 1048576K
2022-06-20T10:10:20.671+0800: 7792.964: [GC (Allocation Failure) [PSYoungGen: 997502K->18775K(1001984K)] 1555309K->576605K(3254784K), 0.0286439 secs] [Times: user=0.06 sys=0.03, real=0.03 secs] 
Heap after GC invocations=639 (full 5):
 PSYoungGen      total 1001984K, used 18775K [0x0000000781800000, 0x00000007c0000000, 0x00000007c0000000)
  eden space 980992K, 0% used [0x0000000781800000,0x0000000781800000,0x00000007bd600000)
  from space 20992K, 89% used [0x00000007beb80000,0x00000007bfdd5c38,0x00000007c0000000)
  to   space 21504K, 0% used [0x00000007bd600000,0x00000007bd600000,0x00000007beb00000)
 ParOldGen       total 2252800K, used 557830K [0x00000006f8000000, 0x0000000781800000, 0x0000000781800000)
  object space 2252800K, 24% used [0x00000006f8000000,0x000000071a0c1928,0x0000000781800000)
 Metaspace       used 206127K, capacity 226184K, committed 226240K, reserved 1247232K
  class space    used 25507K, capacity 28118K, committed 28160K, reserved 1048576K
}
{Heap before GC invocations=640 (full 5):
 PSYoungGen      total 1001984K, used 999767K [0x0000000781800000, 0x00000007c0000000, 0x00000007c0000000)
  eden space 980992K, 100% used [0x0000000781800000,0x00000007bd600000,0x00000007bd600000)
  from space 20992K, 89% used [0x00000007beb80000,0x00000007bfdd5c38,0x00000007c0000000)
  to   space 21504K, 0% used [0x00000007bd600000,0x00000007bd600000,0x00000007beb00000)
 ParOldGen       total 2252800K, used 557830K [0x00000006f8000000, 0x0000000781800000, 0x0000000781800000)
  object space 2252800K, 24% used [0x00000006f8000000,0x000000071a0c1928,0x0000000781800000)
 Metaspace       used 206155K, capacity 226244K, committed 226496K, reserved 1247232K
  class space    used 25515K, capacity 28128K, committed 28160K, reserved 1048576K
2022-06-20T10:10:31.304+0800: 7803.597: [GC (Allocation Failure) [PSYoungGen: 999767K->17300K(1002496K)] 1557597K->575188K(3255296K), 0.0290704 secs] [Times: user=0.07 sys=0.02, real=0.03 secs] 
Heap after GC invocations=640 (full 5):
 PSYoungGen      total 1002496K, used 17300K [0x0000000781800000, 0x00000007c0000000, 0x00000007c0000000)
  eden space 980992K, 0% used [0x0000000781800000,0x0000000781800000,0x00000007bd600000)
  from space 21504K, 80% used [0x00000007bd600000,0x00000007be6e5128,0x00000007beb00000)
  to   space 20992K, 0% used [0x00000007beb80000,0x00000007beb80000,0x00000007c0000000)
 ParOldGen       total 2252800K, used 557888K [0x00000006f8000000, 0x0000000781800000, 0x0000000781800000)
  object space 2252800K, 24% used [0x00000006f8000000,0x000000071a0d02b0,0x0000000781800000)
 Metaspace       used 206155K, capacity 226244K, committed 226496K, reserved 1247232K
  class space    used 25515K, capacity 28128K, committed 28160K, reserved 1048576K
}
{Heap before GC invocations=641 (full 5):
 PSYoungGen      total 1002496K, used 998292K [0x0000000781800000, 0x00000007c0000000, 0x00000007c0000000)
  eden space 980992K, 100% used [0x0000000781800000,0x00000007bd600000,0x00000007bd600000)
  from space 21504K, 80% used [0x00000007bd600000,0x00000007be6e5128,0x00000007beb00000)
  to   space 20992K, 0% used [0x00000007beb80000,0x00000007beb80000,0x00000007c0000000)
 ParOldGen       total 2252800K, used 557888K [0x00000006f8000000, 0x0000000781800000, 0x0000000781800000)
  object space 2252800K, 24% used [0x00000006f8000000,0x000000071a0d02b0,0x0000000781800000)
 Metaspace       used 206261K, capacity 226316K, committed 226496K, reserved 1247232K
  class space    used 25515K, capacity 28128K, committed 28160K, reserved 1048576K
2022-06-20T10:10:43.383+0800: 7815.676: [GC (Allocation Failure) [PSYoungGen: 998292K->19120K(1000960K)] 1556180K->577032K(3253760K), 0.0207113 secs] [Times: user=0.06 sys=0.00, real=0.02 secs] 
Heap after GC invocations=641 (full 5):
 PSYoungGen      total 1000960K, used 19120K [0x0000000781800000, 0x00000007c0000000, 0x00000007c0000000)
  eden space 979968K, 0% used [0x0000000781800000,0x0000000781800000,0x00000007bd500000)
  from space 20992K, 91% used [0x00000007beb80000,0x00000007bfe2c140,0x00000007c0000000)
  to   space 22016K, 0% used [0x00000007bd500000,0x00000007bd500000,0x00000007bea80000)
 ParOldGen       total 2252800K, used 557912K [0x00000006f8000000, 0x0000000781800000, 0x0000000781800000)
  object space 2252800K, 24% used [0x00000006f8000000,0x000000071a0d62b0,0x0000000781800000)
 Metaspace       used 206261K, capacity 226316K, committed 226496K, reserved 1247232K
  class space    used 25515K, capacity 28128K, committed 28160K, reserved 1048576K
}
{Heap before GC invocations=642 (full 5):
 PSYoungGen      total 1000960K, used 999088K [0x0000000781800000, 0x00000007c0000000, 0x00000007c0000000)
  eden space 979968K, 100% used [0x0000000781800000,0x00000007bd500000,0x00000007bd500000)
  from space 20992K, 91% used [0x00000007beb80000,0x00000007bfe2c140,0x00000007c0000000)
  to   space 22016K, 0% used [0x00000007bd500000,0x00000007bd500000,0x00000007bea80000)
 ParOldGen       total 2252800K, used 557912K [0x00000006f8000000, 0x0000000781800000, 0x0000000781800000)
  object space 2252800K, 24% used [0x00000006f8000000,0x000000071a0d62b0,0x0000000781800000)
 Metaspace       used 206262K, capacity 226316K, committed 226496K, reserved 1247232K
  class space    used 25515K, capacity 28128K, committed 28160K, reserved 1048576K
2022-06-20T10:10:54.789+0800: 7827.082: [GC (Allocation Failure) [PSYoungGen: 999088K->16243K(1001984K)] 1557000K->574254K(3254784K), 0.0326619 secs] [Times: user=0.06 sys=0.03, real=0.03 secs] 
Heap after GC invocations=642 (full 5):
 PSYoungGen      total 1001984K, used 16243K [0x0000000781800000, 0x00000007c0000000, 0x00000007c0000000)
  eden space 979968K, 0% used [0x0000000781800000,0x0000000781800000,0x00000007bd500000)
  from space 22016K, 73% used [0x00000007bd500000,0x00000007be4dcfc8,0x00000007bea80000)
  to   space 21504K, 0% used [0x00000007beb00000,0x00000007beb00000,0x00000007c0000000)
 ParOldGen       total 2252800K, used 558010K [0x00000006f8000000, 0x0000000781800000, 0x0000000781800000)
  object space 2252800K, 24% used [0x00000006f8000000,0x000000071a0eea90,0x0000000781800000)
 Metaspace       used 206262K, capacity 226316K, committed 226496K, reserved 1247232K
  class space    used 25515K, capacity 28128K, committed 28160K, reserved 1048576K
}
{Heap before GC invocations=643 (full 5):
 PSYoungGen      total 1001984K, used 996211K [0x0000000781800000, 0x00000007c0000000, 0x00000007c0000000)
  eden space 979968K, 100% used [0x0000000781800000,0x00000007bd500000,0x00000007bd500000)
  from space 22016K, 73% used [0x00000007bd500000,0x00000007be4dcfc8,0x00000007bea80000)
  to   space 21504K, 0% used [0x00000007beb00000,0x00000007beb00000,0x00000007c0000000)
 ParOldGen       total 2252800K, used 558010K [0x00000006f8000000, 0x0000000781800000, 0x0000000781800000)
  object space 2252800K, 24% used [0x00000006f8000000,0x000000071a0eea90,0x0000000781800000)
 Metaspace       used 206269K, capacity 226316K, committed 226496K, reserved 1247232K
  class space    used 25515K, capacity 28128K, committed 28160K, reserved 1048576K
2022-06-20T10:11:02.596+0800: 7834.888: [GC (Allocation Failure) [PSYoungGen: 996211K->16283K(1003008K)] 1554222K->574360K(3255808K), 0.0209328 secs] [Times: user=0.07 sys=0.00, real=0.03 secs] 
Heap after GC invocations=643 (full 5):
 PSYoungGen      total 1003008K, used 16283K [0x0000000781800000, 0x00000007c0000000, 0x00000007c0000000)
  eden space 981504K, 0% used [0x0000000781800000,0x0000000781800000,0x00000007bd680000)
  from space 21504K, 75% used [0x00000007beb00000,0x00000007bfae6dc0,0x00000007c0000000)
  to   space 20992K, 0% used [0x00000007bd680000,0x00000007bd680000,0x00000007beb00000)
 ParOldGen       total 2252800K, used 558077K [0x00000006f8000000, 0x0000000781800000, 0x0000000781800000)
  object space 2252800K, 24% used [0x00000006f8000000,0x000000071a0ff498,0x0000000781800000)
 Metaspace       used 206269K, capacity 226316K, committed 226496K, reserved 1247232K
  class space    used 25515K, capacity 28128K, committed 28160K, reserved 1048576K
}
{Heap before GC invocations=644 (full 5):
 PSYoungGen      total 1003008K, used 997787K [0x0000000781800000, 0x00000007c0000000, 0x00000007c0000000)
  eden space 981504K, 100% used [0x0000000781800000,0x00000007bd680000,0x00000007bd680000)
  from space 21504K, 75% used [0x00000007beb00000,0x00000007bfae6dc0,0x00000007c0000000)
  to   space 20992K, 0% used [0x00000007bd680000,0x00000007bd680000,0x00000007beb00000)
 ParOldGen       total 2252800K, used 558077K [0x00000006f8000000, 0x0000000781800000, 0x0000000781800000)
  object space 2252800K, 24% used [0x00000006f8000000,0x000000071a0ff498,0x0000000781800000)
 Metaspace       used 206323K, capacity 226468K, committed 226496K, reserved 1247232K
  class space    used 25526K, capacity 28142K, committed 28160K, reserved 1048576K
2022-06-20T10:11:18.237+0800: 7850.529: [GC (Allocation Failure) [PSYoungGen: 997787K->17023K(1002496K)] 1555864K->575249K(3255296K), 0.0279453 secs] [Times: user=0.08 sys=0.02, real=0.02 secs] 
Heap after GC invocations=644 (full 5):
 PSYoungGen      total 1002496K, used 17023K [0x0000000781800000, 0x00000007c0000000, 0x00000007c0000000)
  eden space 981504K, 0% used [0x0000000781800000,0x0000000781800000,0x00000007bd680000)
  from space 20992K, 81% used [0x00000007bd680000,0x00000007be71fc88,0x00000007beb00000)
  to   space 20480K, 0% used [0x00000007bec00000,0x00000007bec00000,0x00000007c0000000)
 ParOldGen       total 2252800K, used 558226K [0x00000006f8000000, 0x0000000781800000, 0x0000000781800000)
  object space 2252800K, 24% used [0x00000006f8000000,0x000000071a1249c8,0x0000000781800000)
 Metaspace       used 206323K, capacity 226468K, committed 226496K, reserved 1247232K
  class space    used 25526K, capacity 28142K, committed 28160K, reserved 1048576K
}
{Heap before GC invocations=645 (full 5):
 PSYoungGen      total 1002496K, used 998527K [0x0000000781800000, 0x00000007c0000000, 0x00000007c0000000)
  eden space 981504K, 100% used [0x0000000781800000,0x00000007bd680000,0x00000007bd680000)
  from space 20992K, 81% used [0x00000007bd680000,0x00000007be71fc88,0x00000007beb00000)
  to   space 20480K, 0% used [0x00000007bec00000,0x00000007bec00000,0x00000007c0000000)
 ParOldGen       total 2252800K, used 558226K [0x00000006f8000000, 0x0000000781800000, 0x0000000781800000)
  object space 2252800K, 24% used [0x00000006f8000000,0x000000071a1249c8,0x0000000781800000)
 Metaspace       used 206345K, capacity 226528K, committed 226752K, reserved 1247232K
  class space    used 25534K, capacity 28152K, committed 28160K, reserved 1048576K
2022-06-20T10:11:28.619+0800: 7860.912: [GC (Allocation Failure) [PSYoungGen: 998527K->20477K(997376K)] 1556753K->582900K(3250176K), 0.0277665 secs] [Times: user=0.06 sys=0.02, real=0.03 secs] 
Heap after GC invocations=645 (full 5):
 PSYoungGen      total 997376K, used 20477K [0x0000000781800000, 0x00000007c0000000, 0x00000007c0000000)
  eden space 976896K, 0% used [0x0000000781800000,0x0000000781800000,0x00000007bd200000)
  from space 20480K, 99% used [0x00000007bec00000,0x00000007bffff6b8,0x00000007c0000000)
  to   space 23552K, 0% used [0x00000007bd200000,0x00000007bd200000,0x00000007be900000)
 ParOldGen       total 2252800K, used 562422K [0x00000006f8000000, 0x0000000781800000, 0x0000000781800000)
  object space 2252800K, 24% used [0x00000006f8000000,0x000000071a53d9e8,0x0000000781800000)
 Metaspace       used 206345K, capacity 226528K, committed 226752K, reserved 1247232K
  class space    used 25534K, capacity 28152K, committed 28160K, reserved 1048576K
}
{Heap before GC invocations=646 (full 5):
 PSYoungGen      total 997376K, used 997373K [0x0000000781800000, 0x00000007c0000000, 0x00000007c0000000)
  eden space 976896K, 100% used [0x0000000781800000,0x00000007bd200000,0x00000007bd200000)
  from space 20480K, 99% used [0x00000007bec00000,0x00000007bffff6b8,0x00000007c0000000)
  to   space 23552K, 0% used [0x00000007bd200000,0x00000007bd200000,0x00000007be900000)
 ParOldGen       total 2252800K, used 562422K [0x00000006f8000000, 0x0000000781800000, 0x0000000781800000)
  object space 2252800K, 24% used [0x00000006f8000000,0x000000071a53d9e8,0x0000000781800000)
 Metaspace       used 206346K, capacity 226528K, committed 226752K, reserved 1247232K
  class space    used 25534K, capacity 28152K, committed 28160K, reserved 1048576K
2022-06-20T10:11:46.763+0800: 7879.056: [GC (Allocation Failure) [PSYoungGen: 997373K->18240K(1000448K)] 1559796K->580869K(3253248K), 0.0224213 secs] [Times: user=0.06 sys=0.02, real=0.02 secs] 
Heap after GC invocations=646 (full 5):
 PSYoungGen      total 1000448K, used 18240K [0x0000000781800000, 0x00000007c0000000, 0x00000007c0000000)
  eden space 976896K, 0% used [0x0000000781800000,0x0000000781800000,0x00000007bd200000)
  from space 23552K, 77% used [0x00000007bd200000,0x00000007be3d0280,0x00000007be900000)
  to   space 23040K, 0% used [0x00000007be980000,0x00000007be980000,0x00000007c0000000)
 ParOldGen       total 2252800K, used 562629K [0x00000006f8000000, 0x0000000781800000, 0x0000000781800000)
  object space 2252800K, 24% used [0x00000006f8000000,0x000000071a571488,0x0000000781800000)
 Metaspace       used 206346K, capacity 226528K, committed 226752K, reserved 1247232K
  class space    used 25534K, capacity 28152K, committed 28160K, reserved 1048576K
}
{Heap before GC invocations=647 (full 5):
 PSYoungGen      total 1000448K, used 995136K [0x0000000781800000, 0x00000007c0000000, 0x00000007c0000000)
  eden space 976896K, 100% used [0x0000000781800000,0x00000007bd200000,0x00000007bd200000)
  from space 23552K, 77% used [0x00000007bd200000,0x00000007be3d0280,0x00000007be900000)
  to   space 23040K, 0% used [0x00000007be980000,0x00000007be980000,0x00000007c0000000)
 ParOldGen       total 2252800K, used 562629K [0x00000006f8000000, 0x0000000781800000, 0x0000000781800000)
  object space 2252800K, 24% used [0x00000006f8000000,0x000000071a571528,0x0000000781800000)
 Metaspace       used 206350K, capacity 226528K, committed 226752K, reserved 1247232K
  class space    used 25534K, capacity 28152K, committed 28160K, reserved 1048576K
2022-06-20T10:11:55.804+0800: 7888.096: [GC (GCLocker Initiated GC) [PSYoungGen: 995136K->23016K(996864K)] 1557765K->586784K(3249664K), 0.0245700 secs] [Times: user=0.07 sys=0.02, real=0.03 secs] 
Heap after GC invocations=647 (full 5):
 PSYoungGen      total 996864K, used 23016K [0x0000000781800000, 0x00000007c0000000, 0x00000007c0000000)
  eden space 973824K, 0% used [0x0000000781800000,0x0000000781800000,0x00000007bcf00000)
  from space 23040K, 99% used [0x00000007be980000,0x00000007bfffa2a0,0x00000007c0000000)
  to   space 25088K, 0% used [0x00000007bcf00000,0x00000007bcf00000,0x00000007be780000)
 ParOldGen       total 2252800K, used 563767K [0x00000006f8000000, 0x0000000781800000, 0x0000000781800000)
  object space 2252800K, 25% used [0x00000006f8000000,0x000000071a68dde8,0x0000000781800000)
 Metaspace       used 206350K, capacity 226528K, committed 226752K, reserved 1247232K
  class space    used 25534K, capacity 28152K, committed 28160K, reserved 1048576K
}
{Heap before GC invocations=648 (full 5):
 PSYoungGen      total 996864K, used 996840K [0x0000000781800000, 0x00000007c0000000, 0x00000007c0000000)
  eden space 973824K, 100% used [0x0000000781800000,0x00000007bcf00000,0x00000007bcf00000)
  from space 23040K, 99% used [0x00000007be980000,0x00000007bfffa2a0,0x00000007c0000000)
  to   space 25088K, 0% used [0x00000007bcf00000,0x00000007bcf00000,0x00000007be780000)
 ParOldGen       total 2252800K, used 565722K [0x00000006f8000000, 0x0000000781800000, 0x0000000781800000)
  object space 2252800K, 25% used [0x00000006f8000000,0x000000071a876a80,0x0000000781800000)
 Metaspace       used 206378K, capacity 226564K, committed 226752K, reserved 1247232K
  class space    used 25537K, capacity 28158K, committed 28160K, reserved 1048576K
2022-06-20T10:12:07.342+0800: 7899.635: [GC (Allocation Failure) [PSYoungGen: 996840K->16827K(998912K)] 1562563K->582876K(3251712K), 0.0215306 secs] [Times: user=0.06 sys=0.02, real=0.02 secs] 
Heap after GC invocations=648 (full 5):
 PSYoungGen      total 998912K, used 16827K [0x0000000781800000, 0x00000007c0000000, 0x00000007c0000000)
  eden space 973824K, 0% used [0x0000000781800000,0x0000000781800000,0x00000007bcf00000)
  from space 25088K, 67% used [0x00000007bcf00000,0x00000007bdf6edf0,0x00000007be780000)
  to   space 24576K, 0% used [0x00000007be800000,0x00000007be800000,0x00000007c0000000)
 ParOldGen       total 2252800K, used 566049K [0x00000006f8000000, 0x0000000781800000, 0x0000000781800000)
  object space 2252800K, 25% used [0x00000006f8000000,0x000000071a8c8418,0x0000000781800000)
 Metaspace       used 206378K, capacity 226564K, committed 226752K, reserved 1247232K
  class space    used 25537K, capacity 28158K, committed 28160K, reserved 1048576K
}
{Heap before GC invocations=649 (full 5):
 PSYoungGen      total 998912K, used 990651K [0x0000000781800000, 0x00000007c0000000, 0x00000007c0000000)
  eden space 973824K, 100% used [0x0000000781800000,0x00000007bcf00000,0x00000007bcf00000)
  from space 25088K, 67% used [0x00000007bcf00000,0x00000007bdf6edf0,0x00000007be780000)
  to   space 24576K, 0% used [0x00000007be800000,0x00000007be800000,0x00000007c0000000)
 ParOldGen       total 2252800K, used 566049K [0x00000006f8000000, 0x0000000781800000, 0x0000000781800000)
  object space 2252800K, 25% used [0x00000006f8000000,0x000000071a8c8418,0x0000000781800000)
 Metaspace       used 206378K, capacity 226564K, committed 226752K, reserved 1247232K
  class space    used 25537K, capacity 28158K, committed 28160K, reserved 1048576K
2022-06-20T10:12:18.403+0800: 7910.696: [GC (Allocation Failure) [PSYoungGen: 990651K->16726K(999936K)] 1556700K->582775K(3252736K), 0.0355662 secs] [Times: user=0.08 sys=0.04, real=0.04 secs] 
Heap after GC invocations=649 (full 5):
 PSYoungGen      total 999936K, used 16726K [0x0000000781800000, 0x00000007c0000000, 0x00000007c0000000)
  eden space 975360K, 0% used [0x0000000781800000,0x0000000781800000,0x00000007bd080000)
  from space 24576K, 68% used [0x00000007be800000,0x00000007bf855960,0x00000007c0000000)
  to   space 24064K, 0% used [0x00000007bd080000,0x00000007bd080000,0x00000007be800000)
 ParOldGen       total 2252800K, used 566049K [0x00000006f8000000, 0x0000000781800000, 0x0000000781800000)
  object space 2252800K, 25% used [0x00000006f8000000,0x000000071a8c8418,0x0000000781800000)
 Metaspace       used 206378K, capacity 226564K, committed 226752K, reserved 1247232K
  class space    used 25537K, capacity 28158K, committed 28160K, reserved 1048576K
}
{Heap before GC invocations=650 (full 5):
 PSYoungGen      total 999936K, used 991659K [0x0000000781800000, 0x00000007c0000000, 0x00000007c0000000)
  eden space 975360K, 99% used [0x0000000781800000,0x00000007bd0153c0,0x00000007bd080000)
  from space 24576K, 68% used [0x00000007be800000,0x00000007bf855960,0x00000007c0000000)
  to   space 24064K, 0% used [0x00000007bd080000,0x00000007bd080000,0x00000007be800000)
 ParOldGen       total 2252800K, used 566049K [0x00000006f8000000, 0x0000000781800000, 0x0000000781800000)
  object space 2252800K, 25% used [0x00000006f8000000,0x000000071a8c8418,0x0000000781800000)
 Metaspace       used 206405K, capacity 226624K, committed 226880K, reserved 1247232K
  class space    used 25545K, capacity 28168K, committed 28288K, reserved 1048576K
2022-06-20T10:12:25.561+0800: 7917.854: [GC (Allocation Failure) [PSYoungGen: 991659K->20854K(999424K)] 1557708K->586973K(3252224K), 0.0212347 secs] [Times: user=0.07 sys=0.00, real=0.02 secs] 
Heap after GC invocations=650 (full 5):
 PSYoungGen      total 999424K, used 20854K [0x0000000781800000, 0x00000007c0000000, 0x00000007c0000000)
  eden space 975360K, 0% used [0x0000000781800000,0x0000000781800000,0x00000007bd080000)
  from space 24064K, 86% used [0x00000007bd080000,0x00000007be4dd9c0,0x00000007be800000)
  to   space 24576K, 0% used [0x00000007be800000,0x00000007be800000,0x00000007c0000000)
 ParOldGen       total 2252800K, used 566119K [0x00000006f8000000, 0x0000000781800000, 0x0000000781800000)
  object space 2252800K, 25% used [0x00000006f8000000,0x000000071a8d9dc0,0x0000000781800000)
 Metaspace       used 206405K, capacity 226624K, committed 226880K, reserved 1247232K
  class space    used 25545K, capacity 28168K, committed 28288K, reserved 1048576K
}
{Heap before GC invocations=651 (full 5):
 PSYoungGen      total 999424K, used 996214K [0x0000000781800000, 0x00000007c0000000, 0x00000007c0000000)
  eden space 975360K, 100% used [0x0000000781800000,0x00000007bd080000,0x00000007bd080000)
  from space 24064K, 86% used [0x00000007bd080000,0x00000007be4dd9c0,0x00000007be800000)
  to   space 24576K, 0% used [0x00000007be800000,0x00000007be800000,0x00000007c0000000)
 ParOldGen       total 2252800K, used 566119K [0x00000006f8000000, 0x0000000781800000, 0x0000000781800000)
  object space 2252800K, 25% used [0x00000006f8000000,0x000000071a8d9dc0,0x0000000781800000)
 Metaspace       used 206405K, capacity 226624K, committed 226880K, reserved 1247232K
  class space    used 25545K, capacity 28168K, committed 28288K, reserved 1048576K
2022-06-20T10:12:26.350+0800: 7918.643: [GC (Allocation Failure) [PSYoungGen: 996214K->20826K(998400K)] 1562333K->587018K(3251200K), 0.0200109 secs] [Times: user=0.06 sys=0.00, real=0.02 secs] 
Heap after GC invocations=651 (full 5):
 PSYoungGen      total 998400K, used 20826K [0x0000000781800000, 0x00000007c0000000, 0x00000007c0000000)
  eden space 973824K, 0% used [0x0000000781800000,0x0000000781800000,0x00000007bcf00000)
  from space 24576K, 84% used [0x00000007be800000,0x00000007bfc56ac0,0x00000007c0000000)
  to   space 25088K, 0% used [0x00000007bcf00000,0x00000007bcf00000,0x00000007be780000)
 ParOldGen       total 2252800K, used 566191K [0x00000006f8000000, 0x0000000781800000, 0x0000000781800000)
  object space 2252800K, 25% used [0x00000006f8000000,0x000000071a8ebe18,0x0000000781800000)
 Metaspace       used 206405K, capacity 226624K, committed 226880K, reserved 1247232K
  class space    used 25545K, capacity 28168K, committed 28288K, reserved 1048576K
}
{Heap before GC invocations=652 (full 5):
 PSYoungGen      total 998400K, used 994650K [0x0000000781800000, 0x00000007c0000000, 0x00000007c0000000)
  eden space 973824K, 100% used [0x0000000781800000,0x00000007bcf00000,0x00000007bcf00000)
  from space 24576K, 84% used [0x00000007be800000,0x00000007bfc56ac0,0x00000007c0000000)
  to   space 25088K, 0% used [0x00000007bcf00000,0x00000007bcf00000,0x00000007be780000)
 ParOldGen       total 2252800K, used 566191K [0x00000006f8000000, 0x0000000781800000, 0x0000000781800000)
  object space 2252800K, 25% used [0x00000006f8000000,0x000000071a8ebe18,0x0000000781800000)
 Metaspace       used 206405K, capacity 226624K, committed 226880K, reserved 1247232K
  class space    used 25545K, capacity 28168K, committed 28288K, reserved 1048576K
2022-06-20T10:12:29.651+0800: 7921.944: [GC (Allocation Failure) [PSYoungGen: 994650K->22869K(996864K)] 1560842K->589106K(3249664K), 0.0221215 secs] [Times: user=0.07 sys=0.01, real=0.02 secs] 
Heap after GC invocations=652 (full 5):
 PSYoungGen      total 996864K, used 22869K [0x0000000781800000, 0x00000007c0000000, 0x00000007c0000000)
  eden space 973824K, 0% used [0x0000000781800000,0x0000000781800000,0x00000007bcf00000)
  from space 23040K, 99% used [0x00000007bcf00000,0x00000007be555608,0x00000007be580000)
  to   space 26112K, 0% used [0x00000007be680000,0x00000007be680000,0x00000007c0000000)
 ParOldGen       total 2252800K, used 566237K [0x00000006f8000000, 0x0000000781800000, 0x0000000781800000)
  object space 2252800K, 25% used [0x00000006f8000000,0x000000071a8f74e8,0x0000000781800000)
 Metaspace       used 206405K, capacity 226624K, committed 226880K, reserved 1247232K
  class space    used 25545K, capacity 28168K, committed 28288K, reserved 1048576K
}
{Heap before GC invocations=653 (full 5):
 PSYoungGen      total 996864K, used 996693K [0x0000000781800000, 0x00000007c0000000, 0x00000007c0000000)
  eden space 973824K, 100% used [0x0000000781800000,0x00000007bcf00000,0x00000007bcf00000)
  from space 23040K, 99% used [0x00000007bcf00000,0x00000007be555608,0x00000007be580000)
  to   space 26112K, 0% used [0x00000007be680000,0x00000007be680000,0x00000007c0000000)
 ParOldGen       total 2252800K, used 566237K [0x00000006f8000000, 0x0000000781800000, 0x0000000781800000)
  object space 2252800K, 25% used [0x00000006f8000000,0x000000071a8f74e8,0x0000000781800000)
 Metaspace       used 206405K, capacity 226624K, committed 226880K, reserved 1247232K
  class space    used 25545K, capacity 28168K, committed 28288K, reserved 1048576K
2022-06-20T10:13:10.179+0800: 7962.472: [GC (Allocation Failure) [PSYoungGen: 996693K->18084K(998400K)] 1562930K->584400K(3251200K), 0.0235244 secs] [Times: user=0.06 sys=0.01, real=0.02 secs] 
Heap after GC invocations=653 (full 5):
 PSYoungGen      total 998400K, used 18084K [0x0000000781800000, 0x00000007c0000000, 0x00000007c0000000)
  eden space 972288K, 0% used [0x0000000781800000,0x0000000781800000,0x00000007bcd80000)
  from space 26112K, 69% used [0x00000007be680000,0x00000007bf829018,0x00000007c0000000)
  to   space 25600K, 0% used [0x00000007bcd80000,0x00000007bcd80000,0x00000007be680000)
 ParOldGen       total 2252800K, used 566316K [0x00000006f8000000, 0x0000000781800000, 0x0000000781800000)
  object space 2252800K, 25% used [0x00000006f8000000,0x000000071a90b388,0x0000000781800000)
 Metaspace       used 206405K, capacity 226624K, committed 226880K, reserved 1247232K
  class space    used 25545K, capacity 28168K, committed 28288K, reserved 1048576K
}
{Heap before GC invocations=654 (full 5):
 PSYoungGen      total 998400K, used 990372K [0x0000000781800000, 0x00000007c0000000, 0x00000007c0000000)
  eden space 972288K, 100% used [0x0000000781800000,0x00000007bcd80000,0x00000007bcd80000)
  from space 26112K, 69% used [0x00000007be680000,0x00000007bf829018,0x00000007c0000000)
  to   space 25600K, 0% used [0x00000007bcd80000,0x00000007bcd80000,0x00000007be680000)
 ParOldGen       total 2252800K, used 566316K [0x00000006f8000000, 0x0000000781800000, 0x0000000781800000)
  object space 2252800K, 25% used [0x00000006f8000000,0x000000071a90b388,0x0000000781800000)
 Metaspace       used 206435K, capacity 226624K, committed 226880K, reserved 1247232K
  class space    used 25546K, capacity 28168K, committed 28288K, reserved 1048576K
2022-06-20T10:13:32.713+0800: 7985.006: [GC (Allocation Failure) [PSYoungGen: 990372K->17090K(997888K)] 1556688K->583497K(3250688K), 0.0220473 secs] [Times: user=0.06 sys=0.01, real=0.02 secs] 
Heap after GC invocations=654 (full 5):
 PSYoungGen      total 997888K, used 17090K [0x0000000781800000, 0x00000007c0000000, 0x00000007c0000000)
  eden space 972288K, 0% used [0x0000000781800000,0x0000000781800000,0x00000007bcd80000)
  from space 25600K, 66% used [0x00000007bcd80000,0x00000007bde30ad8,0x00000007be680000)
  to   space 25088K, 0% used [0x00000007be780000,0x00000007be780000,0x00000007c0000000)
 ParOldGen       total 2252800K, used 566407K [0x00000006f8000000, 0x0000000781800000, 0x0000000781800000)
  object space 2252800K, 25% used [0x00000006f8000000,0x000000071a921ca0,0x0000000781800000)
 Metaspace       used 206435K, capacity 226624K, committed 226880K, reserved 1247232K
  class space    used 25546K, capacity 28168K, committed 28288K, reserved 1048576K
}
{Heap before GC invocations=655 (full 5):
 PSYoungGen      total 997888K, used 989378K [0x0000000781800000, 0x00000007c0000000, 0x00000007c0000000)
  eden space 972288K, 100% used [0x0000000781800000,0x00000007bcd80000,0x00000007bcd80000)
  from space 25600K, 66% used [0x00000007bcd80000,0x00000007bde30ad8,0x00000007be680000)
  to   space 25088K, 0% used [0x00000007be780000,0x00000007be780000,0x00000007c0000000)
 ParOldGen       total 2252800K, used 566407K [0x00000006f8000000, 0x0000000781800000, 0x0000000781800000)
  object space 2252800K, 25% used [0x00000006f8000000,0x000000071a921ca0,0x0000000781800000)
 Metaspace       used 206442K, capacity 226688K, committed 226880K, reserved 1247232K
  class space    used 25546K, capacity 28168K, committed 28288K, reserved 1048576K
2022-06-20T10:13:44.838+0800: 7997.131: [GC (Allocation Failure) [PSYoungGen: 989378K->16925K(999424K)] 1555785K->583440K(3252224K), 0.0193758 secs] [Times: user=0.05 sys=0.01, real=0.02 secs] 
Heap after GC invocations=655 (full 5):
 PSYoungGen      total 999424K, used 16925K [0x0000000781800000, 0x00000007c0000000, 0x00000007c0000000)
  eden space 974336K, 0% used [0x0000000781800000,0x0000000781800000,0x00000007bcf80000)
  from space 25088K, 67% used [0x00000007be780000,0x00000007bf807788,0x00000007c0000000)
  to   space 24576K, 0% used [0x00000007bcf80000,0x00000007bcf80000,0x00000007be780000)
 ParOldGen       total 2252800K, used 566514K [0x00000006f8000000, 0x0000000781800000, 0x0000000781800000)
  object space 2252800K, 25% used [0x00000006f8000000,0x000000071a93cb70,0x0000000781800000)
 Metaspace       used 206442K, capacity 226688K, committed 226880K, reserved 1247232K
  class space    used 25546K, capacity 28168K, committed 28288K, reserved 1048576K
}
{Heap before GC invocations=656 (full 5):
 PSYoungGen      total 999424K, used 991261K [0x0000000781800000, 0x00000007c0000000, 0x00000007c0000000)
  eden space 974336K, 100% used [0x0000000781800000,0x00000007bcf80000,0x00000007bcf80000)
  from space 25088K, 67% used [0x00000007be780000,0x00000007bf807788,0x00000007c0000000)
  to   space 24576K, 0% used [0x00000007bcf80000,0x00000007bcf80000,0x00000007be780000)
 ParOldGen       total 2252800K, used 566514K [0x00000006f8000000, 0x0000000781800000, 0x0000000781800000)
  object space 2252800K, 25% used [0x00000006f8000000,0x000000071a93cb70,0x0000000781800000)
 Metaspace       used 206445K, capacity 226688K, committed 226880K, reserved 1247232K
  class space    used 25546K, capacity 28168K, committed 28288K, reserved 1048576K
2022-06-20T10:13:53.032+0800: 8005.325: [GC (Allocation Failure) [PSYoungGen: 991261K->18140K(998912K)] 1557776K->585166K(3251712K), 0.0340911 secs] [Times: user=0.09 sys=0.03, real=0.04 secs] 
Heap after GC invocations=656 (full 5):
 PSYoungGen      total 998912K, used 18140K [0x0000000781800000, 0x00000007c0000000, 0x00000007c0000000)
  eden space 974336K, 0% used [0x0000000781800000,0x0000000781800000,0x00000007bcf80000)
  from space 24576K, 73% used [0x00000007bcf80000,0x00000007be1373b0,0x00000007be780000)
  to   space 24064K, 0% used [0x00000007be880000,0x00000007be880000,0x00000007c0000000)
 ParOldGen       total 2252800K, used 567025K [0x00000006f8000000, 0x0000000781800000, 0x0000000781800000)
  object space 2252800K, 25% used [0x00000006f8000000,0x000000071a9bc640,0x0000000781800000)
 Metaspace       used 206445K, capacity 226688K, committed 226880K, reserved 1247232K
  class space    used 25546K, capacity 28168K, committed 28288K, reserved 1048576K
}
{Heap before GC invocations=657 (full 5):
 PSYoungGen      total 998912K, used 992476K [0x0000000781800000, 0x00000007c0000000, 0x00000007c0000000)
  eden space 974336K, 100% used [0x0000000781800000,0x00000007bcf80000,0x00000007bcf80000)
  from space 24576K, 73% used [0x00000007bcf80000,0x00000007be1373b0,0x00000007be780000)
  to   space 24064K, 0% used [0x00000007be880000,0x00000007be880000,0x00000007c0000000)
 ParOldGen       total 2252800K, used 567025K [0x00000006f8000000, 0x0000000781800000, 0x0000000781800000)
  object space 2252800K, 25% used [0x00000006f8000000,0x000000071a9bc640,0x0000000781800000)
 Metaspace       used 206447K, capacity 226688K, committed 226880K, reserved 1247232K
  class space    used 25546K, capacity 28168K, committed 28288K, reserved 1048576K
2022-06-20T10:14:00.275+0800: 8012.568: [GC (Allocation Failure) [PSYoungGen: 992476K->17036K(999936K)] 1559502K->584102K(3252736K), 0.0212229 secs] [Times: user=0.05 sys=0.01, real=0.03 secs] 
Heap after GC invocations=657 (full 5):
 PSYoungGen      total 999936K, used 17036K [0x0000000781800000, 0x00000007c0000000, 0x00000007c0000000)
  eden space 975872K, 0% used [0x0000000781800000,0x0000000781800000,0x00000007bd100000)
  from space 24064K, 70% used [0x00000007be880000,0x00000007bf9233c0,0x00000007c0000000)
  to   space 24064K, 0% used [0x00000007bd100000,0x00000007bd100000,0x00000007be880000)
 ParOldGen       total 2252800K, used 567065K [0x00000006f8000000, 0x0000000781800000, 0x0000000781800000)
  object space 2252800K, 25% used [0x00000006f8000000,0x000000071a9c6650,0x0000000781800000)
 Metaspace       used 206447K, capacity 226688K, committed 226880K, reserved 1247232K
  class space    used 25546K, capacity 28168K, committed 28288K, reserved 1048576K
}
{Heap before GC invocations=658 (full 5):
 PSYoungGen      total 999936K, used 992908K [0x0000000781800000, 0x00000007c0000000, 0x00000007c0000000)
  eden space 975872K, 100% used [0x0000000781800000,0x00000007bd100000,0x00000007bd100000)
  from space 24064K, 70% used [0x00000007be880000,0x00000007bf9233c0,0x00000007c0000000)
  to   space 24064K, 0% used [0x00000007bd100000,0x00000007bd100000,0x00000007be880000)
 ParOldGen       total 2252800K, used 567065K [0x00000006f8000000, 0x0000000781800000, 0x0000000781800000)
  object space 2252800K, 25% used [0x00000006f8000000,0x000000071a9c6650,0x0000000781800000)
 Metaspace       used 206474K, capacity 226748K, committed 226880K, reserved 1247232K
  class space    used 25554K, capacity 28178K, committed 28288K, reserved 1048576K
2022-06-20T10:14:08.142+0800: 8020.435: [GC (Allocation Failure) [PSYoungGen: 992908K->19120K(999936K)] 1559974K->586242K(3252736K), 0.0227971 secs] [Times: user=0.07 sys=0.00, real=0.02 secs] 
Heap after GC invocations=658 (full 5):
 PSYoungGen      total 999936K, used 19120K [0x0000000781800000, 0x00000007c0000000, 0x00000007c0000000)
  eden space 975872K, 0% used [0x0000000781800000,0x0000000781800000,0x00000007bd100000)
  from space 24064K, 79% used [0x00000007bd100000,0x00000007be3ac1b0,0x00000007be880000)
  to   space 23552K, 0% used [0x00000007be900000,0x00000007be900000,0x00000007c0000000)
 ParOldGen       total 2252800K, used 567121K [0x00000006f8000000, 0x0000000781800000, 0x0000000781800000)
  object space 2252800K, 25% used [0x00000006f8000000,0x000000071a9d4670,0x0000000781800000)
 Metaspace       used 206474K, capacity 226748K, committed 226880K, reserved 1247232K
  class space    used 25554K, capacity 28178K, committed 28288K, reserved 1048576K
}
{Heap before GC invocations=659 (full 5):
 PSYoungGen      total 999936K, used 994992K [0x0000000781800000, 0x00000007c0000000, 0x00000007c0000000)
  eden space 975872K, 100% used [0x0000000781800000,0x00000007bd100000,0x00000007bd100000)
  from space 24064K, 79% used [0x00000007bd100000,0x00000007be3ac1b0,0x00000007be880000)
  to   space 23552K, 0% used [0x00000007be900000,0x00000007be900000,0x00000007c0000000)
 ParOldGen       total 2252800K, used 567121K [0x00000006f8000000, 0x0000000781800000, 0x0000000781800000)
  object space 2252800K, 25% used [0x00000006f8000000,0x000000071a9d4670,0x0000000781800000)
 Metaspace       used 206474K, capacity 226748K, committed 226880K, reserved 1247232K
  class space    used 25554K, capacity 28178K, committed 28288K, reserved 1048576K
2022-06-20T10:14:18.786+0800: 8031.079: [GC (Allocation Failure) [PSYoungGen: 994992K->17160K(1000448K)] 1562114K->584593K(3253248K), 0.0291514 secs] [Times: user=0.07 sys=0.03, real=0.02 secs] 
Heap after GC invocations=659 (full 5):
 PSYoungGen      total 1000448K, used 17160K [0x0000000781800000, 0x00000007c0000000, 0x00000007c0000000)
  eden space 976896K, 0% used [0x0000000781800000,0x0000000781800000,0x00000007bd200000)
  from space 23552K, 72% used [0x00000007be900000,0x00000007bf9c2288,0x00000007c0000000)
  to   space 23552K, 0% used [0x00000007bd200000,0x00000007bd200000,0x00000007be900000)
 ParOldGen       total 2252800K, used 567432K [0x00000006f8000000, 0x0000000781800000, 0x0000000781800000)
  object space 2252800K, 25% used [0x00000006f8000000,0x000000071aa22360,0x0000000781800000)
 Metaspace       used 206474K, capacity 226748K, committed 226880K, reserved 1247232K
  class space    used 25554K, capacity 28178K, committed 28288K, reserved 1048576K
}
{Heap before GC invocations=660 (full 5):
 PSYoungGen      total 1000448K, used 994056K [0x0000000781800000, 0x00000007c0000000, 0x00000007c0000000)
  eden space 976896K, 100% used [0x0000000781800000,0x00000007bd200000,0x00000007bd200000)
  from space 23552K, 72% used [0x00000007be900000,0x00000007bf9c2288,0x00000007c0000000)
  to   space 23552K, 0% used [0x00000007bd200000,0x00000007bd200000,0x00000007be900000)
 ParOldGen       total 2252800K, used 567432K [0x00000006f8000000, 0x0000000781800000, 0x0000000781800000)
  object space 2252800K, 25% used [0x00000006f8000000,0x000000071aa22360,0x0000000781800000)
 Metaspace       used 206474K, capacity 226748K, committed 226880K, reserved 1247232K
  class space    used 25554K, capacity 28178K, committed 28288K, reserved 1048576K
2022-06-20T10:14:32.075+0800: 8044.368: [GC (Allocation Failure) [PSYoungGen: 994056K->21421K(998400K)] 1561489K->589499K(3251200K), 0.0291182 secs] [Times: user=0.07 sys=0.02, real=0.03 secs] 
Heap after GC invocations=660 (full 5):
 PSYoungGen      total 998400K, used 21421K [0x0000000781800000, 0x00000007c0000000, 0x00000007c0000000)
  eden space 976896K, 0% used [0x0000000781800000,0x0000000781800000,0x00000007bd200000)
  from space 21504K, 99% used [0x00000007bd200000,0x00000007be6eb5d8,0x00000007be700000)
  to   space 24064K, 0% used [0x00000007be880000,0x00000007be880000,0x00000007c0000000)
 ParOldGen       total 2252800K, used 568078K [0x00000006f8000000, 0x0000000781800000, 0x0000000781800000)
  object space 2252800K, 25% used [0x00000006f8000000,0x000000071aac39e8,0x0000000781800000)
 Metaspace       used 206474K, capacity 226748K, committed 226880K, reserved 1247232K
  class space    used 25554K, capacity 28178K, committed 28288K, reserved 1048576K
}
{Heap before GC invocations=661 (full 5):
 PSYoungGen      total 998400K, used 998317K [0x0000000781800000, 0x00000007c0000000, 0x00000007c0000000)
  eden space 976896K, 100% used [0x0000000781800000,0x00000007bd200000,0x00000007bd200000)
  from space 21504K, 99% used [0x00000007bd200000,0x00000007be6eb5d8,0x00000007be700000)
  to   space 24064K, 0% used [0x00000007be880000,0x00000007be880000,0x00000007c0000000)
 ParOldGen       total 2252800K, used 568078K [0x00000006f8000000, 0x0000000781800000, 0x0000000781800000)
  object space 2252800K, 25% used [0x00000006f8000000,0x000000071aac39e8,0x0000000781800000)
 Metaspace       used 206487K, capacity 226784K, committed 227136K, reserved 1249280K
  class space    used 25557K, capacity 28184K, committed 28288K, reserved 1048576K
2022-06-20T10:14:36.936+0800: 8049.229: [GC (Allocation Failure) [PSYoungGen: 998317K->16341K(999936K)] 1566395K->584897K(3252736K), 0.0195049 secs] [Times: user=0.06 sys=0.00, real=0.01 secs] 
Heap after GC invocations=661 (full 5):
 PSYoungGen      total 999936K, used 16341K [0x0000000781800000, 0x00000007c0000000, 0x00000007c0000000)
  eden space 975872K, 0% used [0x0000000781800000,0x0000000781800000,0x00000007bd100000)
  from space 24064K, 67% used [0x00000007be880000,0x00000007bf875728,0x00000007c0000000)
  to   space 24064K, 0% used [0x00000007bd100000,0x00000007bd100000,0x00000007be880000)
 ParOldGen       total 2252800K, used 568555K [0x00000006f8000000, 0x0000000781800000, 0x0000000781800000)
  object space 2252800K, 25% used [0x00000006f8000000,0x000000071ab3ad88,0x0000000781800000)
 Metaspace       used 206487K, capacity 226784K, committed 227136K, reserved 1249280K
  class space    used 25557K, capacity 28184K, committed 28288K, reserved 1048576K
}
{Heap before GC invocations=662 (full 5):
 PSYoungGen      total 999936K, used 992213K [0x0000000781800000, 0x00000007c0000000, 0x00000007c0000000)
  eden space 975872K, 100% used [0x0000000781800000,0x00000007bd100000,0x00000007bd100000)
  from space 24064K, 67% used [0x00000007be880000,0x00000007bf875728,0x00000007c0000000)
  to   space 24064K, 0% used [0x00000007bd100000,0x00000007bd100000,0x00000007be880000)
 ParOldGen       total 2252800K, used 568555K [0x00000006f8000000, 0x0000000781800000, 0x0000000781800000)
  object space 2252800K, 25% used [0x00000006f8000000,0x000000071ab3ad88,0x0000000781800000)
 Metaspace       used 206488K, capacity 226784K, committed 227136K, reserved 1249280K
  class space    used 25557K, capacity 28184K, committed 28288K, reserved 1048576K
2022-06-20T10:14:41.699+0800: 8053.992: [GC (Allocation Failure) [PSYoungGen: 992213K->16435K(999936K)] 1560769K->585082K(3252736K), 0.0235976 secs] [Times: user=0.08 sys=0.00, real=0.02 secs] 
Heap after GC invocations=662 (full 5):
 PSYoungGen      total 999936K, used 16435K [0x0000000781800000, 0x00000007c0000000, 0x00000007c0000000)
  eden space 975872K, 0% used [0x0000000781800000,0x0000000781800000,0x00000007bd100000)
  from space 24064K, 68% used [0x00000007bd100000,0x00000007be10cdf0,0x00000007be880000)
  to   space 23552K, 0% used [0x00000007be900000,0x00000007be900000,0x00000007c0000000)
 ParOldGen       total 2252800K, used 568646K [0x00000006f8000000, 0x0000000781800000, 0x0000000781800000)
  object space 2252800K, 25% used [0x00000006f8000000,0x000000071ab51bf0,0x0000000781800000)
 Metaspace       used 206488K, capacity 226784K, committed 227136K, reserved 1249280K
  class space    used 25557K, capacity 28184K, committed 28288K, reserved 1048576K
}
{Heap before GC invocations=663 (full 5):
 PSYoungGen      total 999936K, used 992307K [0x0000000781800000, 0x00000007c0000000, 0x00000007c0000000)
  eden space 975872K, 100% used [0x0000000781800000,0x00000007bd100000,0x00000007bd100000)
  from space 24064K, 68% used [0x00000007bd100000,0x00000007be10cdf0,0x00000007be880000)
  to   space 23552K, 0% used [0x00000007be900000,0x00000007be900000,0x00000007c0000000)
 ParOldGen       total 2252800K, used 568646K [0x00000006f8000000, 0x0000000781800000, 0x0000000781800000)
  object space 2252800K, 25% used [0x00000006f8000000,0x000000071ab51bf0,0x0000000781800000)
 Metaspace       used 206488K, capacity 226784K, committed 227136K, reserved 1249280K
  class space    used 25557K, capacity 28184K, committed 28288K, reserved 1048576K
2022-06-20T10:14:48.101+0800: 8060.394: [GC (Allocation Failure) [PSYoungGen: 992307K->19997K(999424K)] 1560954K->588747K(3252224K), 0.0287098 secs] [Times: user=0.08 sys=0.02, real=0.03 secs] 
Heap after GC invocations=663 (full 5):
 PSYoungGen      total 999424K, used 19997K [0x0000000781800000, 0x00000007c0000000, 0x00000007c0000000)
  eden space 975872K, 0% used [0x0000000781800000,0x0000000781800000,0x00000007bd100000)
  from space 23552K, 84% used [0x00000007be900000,0x00000007bfc87780,0x00000007c0000000)
  to   space 24064K, 0% used [0x00000007bd100000,0x00000007bd100000,0x00000007be880000)
 ParOldGen       total 2252800K, used 568749K [0x00000006f8000000, 0x0000000781800000, 0x0000000781800000)
  object space 2252800K, 25% used [0x00000006f8000000,0x000000071ab6b4e0,0x0000000781800000)
 Metaspace       used 206488K, capacity 226784K, committed 227136K, reserved 1249280K
  class space    used 25557K, capacity 28184K, committed 28288K, reserved 1048576K
}
{Heap before GC invocations=664 (full 5):
 PSYoungGen      total 999424K, used 995802K [0x0000000781800000, 0x00000007c0000000, 0x00000007c0000000)
  eden space 975872K, 99% used [0x0000000781800000,0x00000007bd0ef368,0x00000007bd100000)
  from space 23552K, 84% used [0x00000007be900000,0x00000007bfc87780,0x00000007c0000000)
  to   space 24064K, 0% used [0x00000007bd100000,0x00000007bd100000,0x00000007be880000)
 ParOldGen       total 2252800K, used 568749K [0x00000006f8000000, 0x0000000781800000, 0x0000000781800000)
  object space 2252800K, 25% used [0x00000006f8000000,0x000000071ab6b4e0,0x0000000781800000)
 Metaspace       used 206503K, capacity 226808K, committed 227136K, reserved 1249280K
  class space    used 25559K, capacity 28188K, committed 28288K, reserved 1048576K
2022-06-20T10:14:55.821+0800: 8068.114: [GC (Allocation Failure) [PSYoungGen: 995802K->16806K(999936K)] 1564551K->585647K(3252736K), 0.0245108 secs] [Times: user=0.06 sys=0.01, real=0.02 secs] 
Heap after GC invocations=664 (full 5):
 PSYoungGen      total 999936K, used 16806K [0x0000000781800000, 0x00000007c0000000, 0x00000007c0000000)
  eden space 975872K, 0% used [0x0000000781800000,0x0000000781800000,0x00000007bd100000)
  from space 24064K, 69% used [0x00000007bd100000,0x00000007be1699b0,0x00000007be880000)
  to   space 23552K, 0% used [0x00000007be900000,0x00000007be900000,0x00000007c0000000)
 ParOldGen       total 2252800K, used 568840K [0x00000006f8000000, 0x0000000781800000, 0x0000000781800000)
  object space 2252800K, 25% used [0x00000006f8000000,0x000000071ab82348,0x0000000781800000)
 Metaspace       used 206503K, capacity 226808K, committed 227136K, reserved 1249280K
  class space    used 25559K, capacity 28188K, committed 28288K, reserved 1048576K
}
{Heap before GC invocations=665 (full 5):
 PSYoungGen      total 999936K, used 992678K [0x0000000781800000, 0x00000007c0000000, 0x00000007c0000000)
  eden space 975872K, 100% used [0x0000000781800000,0x00000007bd100000,0x00000007bd100000)
  from space 24064K, 69% used [0x00000007bd100000,0x00000007be1699b0,0x00000007be880000)
  to   space 23552K, 0% used [0x00000007be900000,0x00000007be900000,0x00000007c0000000)
 ParOldGen       total 2252800K, used 568840K [0x00000006f8000000, 0x0000000781800000, 0x0000000781800000)
  object space 2252800K, 25% used [0x00000006f8000000,0x000000071ab82348,0x0000000781800000)
 Metaspace       used 206505K, capacity 226872K, committed 227136K, reserved 1249280K
  class space    used 25559K, capacity 28188K, committed 28288K, reserved 1048576K
2022-06-20T10:15:06.990+0800: 8079.283: [GC (Allocation Failure) [PSYoungGen: 992678K->16915K(1000448K)] 1561519K->585864K(3253248K), 0.0231788 secs] [Times: user=0.05 sys=0.03, real=0.02 secs] 
Heap after GC invocations=665 (full 5):
 PSYoungGen      total 1000448K, used 16915K [0x0000000781800000, 0x00000007c0000000, 0x00000007c0000000)
  eden space 976896K, 0% used [0x0000000781800000,0x0000000781800000,0x00000007bd200000)
  from space 23552K, 71% used [0x00000007be900000,0x00000007bf984f90,0x00000007c0000000)
  to   space 23552K, 0% used [0x00000007bd200000,0x00000007bd200000,0x00000007be900000)
 ParOldGen       total 2252800K, used 568948K [0x00000006f8000000, 0x0000000781800000, 0x0000000781800000)
  object space 2252800K, 25% used [0x00000006f8000000,0x000000071ab9d1d0,0x0000000781800000)
 Metaspace       used 206505K, capacity 226872K, committed 227136K, reserved 1249280K
  class space    used 25559K, capacity 28188K, committed 28288K, reserved 1048576K
}
{Heap before GC invocations=666 (full 5):
 PSYoungGen      total 1000448K, used 993811K [0x0000000781800000, 0x00000007c0000000, 0x00000007c0000000)
  eden space 976896K, 100% used [0x0000000781800000,0x00000007bd200000,0x00000007bd200000)
  from space 23552K, 71% used [0x00000007be900000,0x00000007bf984f90,0x00000007c0000000)
  to   space 23552K, 0% used [0x00000007bd200000,0x00000007bd200000,0x00000007be900000)
 ParOldGen       total 2252800K, used 568948K [0x00000006f8000000, 0x0000000781800000, 0x0000000781800000)
  object space 2252800K, 25% used [0x00000006f8000000,0x000000071ab9d1d0,0x0000000781800000)
 Metaspace       used 206505K, capacity 226872K, committed 227136K, reserved 1249280K
  class space    used 25559K, capacity 28188K, committed 28288K, reserved 1048576K
2022-06-20T10:15:19.171+0800: 8091.464: [GC (Allocation Failure) [PSYoungGen: 993811K->18242K(1000448K)] 1562760K->587198K(3253248K), 0.0221851 secs] [Times: user=0.07 sys=0.00, real=0.02 secs] 
Heap after GC invocations=666 (full 5):
 PSYoungGen      total 1000448K, used 18242K [0x0000000781800000, 0x00000007c0000000, 0x00000007c0000000)
  eden space 976896K, 0% used [0x0000000781800000,0x0000000781800000,0x00000007bd200000)
  from space 23552K, 77% used [0x00000007bd200000,0x00000007be3d0908,0x00000007be900000)
  to   space 23040K, 0% used [0x00000007be980000,0x00000007be980000,0x00000007c0000000)
 ParOldGen       total 2252800K, used 568956K [0x00000006f8000000, 0x0000000781800000, 0x0000000781800000)
  object space 2252800K, 25% used [0x00000006f8000000,0x000000071ab9f1d0,0x0000000781800000)
 Metaspace       used 206505K, capacity 226872K, committed 227136K, reserved 1249280K
  class space    used 25559K, capacity 28188K, committed 28288K, reserved 1048576K
}
{Heap before GC invocations=667 (full 5):
 PSYoungGen      total 1000448K, used 995138K [0x0000000781800000, 0x00000007c0000000, 0x00000007c0000000)
  eden space 976896K, 100% used [0x0000000781800000,0x00000007bd200000,0x00000007bd200000)
  from space 23552K, 77% used [0x00000007bd200000,0x00000007be3d0908,0x00000007be900000)
  to   space 23040K, 0% used [0x00000007be980000,0x00000007be980000,0x00000007c0000000)
 ParOldGen       total 2252800K, used 568956K [0x00000006f8000000, 0x0000000781800000, 0x0000000781800000)
  object space 2252800K, 25% used [0x00000006f8000000,0x000000071ab9f1d0,0x0000000781800000)
 Metaspace       used 206514K, capacity 226872K, committed 227136K, reserved 1249280K
  class space    used 25559K, capacity 28188K, committed 28288K, reserved 1048576K
2022-06-20T10:15:31.748+0800: 8104.041: [GC (Allocation Failure) [PSYoungGen: 995138K->16657K(1001472K)] 1564094K->585732K(3254272K), 0.0214222 secs] [Times: user=0.06 sys=0.00, real=0.02 secs] 
Heap after GC invocations=667 (full 5):
 PSYoungGen      total 1001472K, used 16657K [0x0000000781800000, 0x00000007c0000000, 0x00000007c0000000)
  eden space 978432K, 0% used [0x0000000781800000,0x0000000781800000,0x00000007bd380000)
  from space 23040K, 72% used [0x00000007be980000,0x00000007bf9c4420,0x00000007c0000000)
  to   space 22528K, 0% used [0x00000007bd380000,0x00000007bd380000,0x00000007be980000)
 ParOldGen       total 2252800K, used 569075K [0x00000006f8000000, 0x0000000781800000, 0x0000000781800000)
  object space 2252800K, 25% used [0x00000006f8000000,0x000000071abbce68,0x0000000781800000)
 Metaspace       used 206514K, capacity 226872K, committed 227136K, reserved 1249280K
  class space    used 25559K, capacity 28188K, committed 28288K, reserved 1048576K
}
{Heap before GC invocations=668 (full 5):
 PSYoungGen      total 1001472K, used 995089K [0x0000000781800000, 0x00000007c0000000, 0x00000007c0000000)
  eden space 978432K, 100% used [0x0000000781800000,0x00000007bd380000,0x00000007bd380000)
  from space 23040K, 72% used [0x00000007be980000,0x00000007bf9c4420,0x00000007c0000000)
  to   space 22528K, 0% used [0x00000007bd380000,0x00000007bd380000,0x00000007be980000)
 ParOldGen       total 2252800K, used 569075K [0x00000006f8000000, 0x0000000781800000, 0x0000000781800000)
  object space 2252800K, 25% used [0x00000006f8000000,0x000000071abbce68,0x0000000781800000)
 Metaspace       used 206521K, capacity 226896K, committed 227136K, reserved 1249280K
  class space    used 25562K, capacity 28192K, committed 28288K, reserved 1048576K
2022-06-20T10:15:59.256+0800: 8131.549: [GC (Allocation Failure) [PSYoungGen: 995089K->17057K(1000960K)] 1564164K->586236K(3253760K), 0.0286528 secs] [Times: user=0.06 sys=0.03, real=0.02 secs] 
Heap after GC invocations=668 (full 5):
 PSYoungGen      total 1000960K, used 17057K [0x0000000781800000, 0x00000007c0000000, 0x00000007c0000000)
  eden space 978432K, 0% used [0x0000000781800000,0x0000000781800000,0x00000007bd380000)
  from space 22528K, 75% used [0x00000007bd380000,0x00000007be428400,0x00000007be980000)
  to   space 22528K, 0% used [0x00000007bea00000,0x00000007bea00000,0x00000007c0000000)
 ParOldGen       total 2252800K, used 569179K [0x00000006f8000000, 0x0000000781800000, 0x0000000781800000)
  object space 2252800K, 25% used [0x00000006f8000000,0x000000071abd6cd0,0x0000000781800000)
 Metaspace       used 206521K, capacity 226896K, committed 227136K, reserved 1249280K
  class space    used 25562K, capacity 28192K, committed 28288K, reserved 1048576K
}
{Heap before GC invocations=669 (full 5):
 PSYoungGen      total 1000960K, used 995489K [0x0000000781800000, 0x00000007c0000000, 0x00000007c0000000)
  eden space 978432K, 100% used [0x0000000781800000,0x00000007bd380000,0x00000007bd380000)
  from space 22528K, 75% used [0x00000007bd380000,0x00000007be428400,0x00000007be980000)
  to   space 22528K, 0% used [0x00000007bea00000,0x00000007bea00000,0x00000007c0000000)
 ParOldGen       total 2252800K, used 569179K [0x00000006f8000000, 0x0000000781800000, 0x0000000781800000)
  object space 2252800K, 25% used [0x00000006f8000000,0x000000071abd6cd0,0x0000000781800000)
 Metaspace       used 206521K, capacity 226896K, committed 227136K, reserved 1249280K
  class space    used 25562K, capacity 28192K, committed 28288K, reserved 1048576K
2022-06-20T10:16:08.995+0800: 8141.288: [GC (Allocation Failure) [PSYoungGen: 995489K->17793K(1001984K)] 1564668K->587097K(3254784K), 0.0144741 secs] [Times: user=0.04 sys=0.00, real=0.02 secs] 
Heap after GC invocations=669 (full 5):
 PSYoungGen      total 1001984K, used 17793K [0x0000000781800000, 0x00000007c0000000, 0x00000007c0000000)
  eden space 979456K, 0% used [0x0000000781800000,0x0000000781800000,0x00000007bd480000)
  from space 22528K, 78% used [0x00000007bea00000,0x00000007bfb60468,0x00000007c0000000)
  to   space 22016K, 0% used [0x00000007bd480000,0x00000007bd480000,0x00000007bea00000)
 ParOldGen       total 2252800K, used 569304K [0x00000006f8000000, 0x0000000781800000, 0x0000000781800000)
  object space 2252800K, 25% used [0x00000006f8000000,0x000000071abf6388,0x0000000781800000)
 Metaspace       used 206521K, capacity 226896K, committed 227136K, reserved 1249280K
  class space    used 25562K, capacity 28192K, committed 28288K, reserved 1048576K
}
{Heap before GC invocations=670 (full 5):
 PSYoungGen      total 1001984K, used 997249K [0x0000000781800000, 0x00000007c0000000, 0x00000007c0000000)
  eden space 979456K, 100% used [0x0000000781800000,0x00000007bd480000,0x00000007bd480000)
  from space 22528K, 78% used [0x00000007bea00000,0x00000007bfb60468,0x00000007c0000000)
  to   space 22016K, 0% used [0x00000007bd480000,0x00000007bd480000,0x00000007bea00000)
 ParOldGen       total 2252800K, used 569304K [0x00000006f8000000, 0x0000000781800000, 0x0000000781800000)
  object space 2252800K, 25% used [0x00000006f8000000,0x000000071abf6388,0x0000000781800000)
 Metaspace       used 206532K, capacity 226896K, committed 227136K, reserved 1249280K
  class space    used 25562K, capacity 28192K, committed 28288K, reserved 1048576K
2022-06-20T10:16:28.812+0800: 8161.105: [GC (Allocation Failure) [PSYoungGen: 997249K->20758K(1001472K)] 1566553K->590219K(3254272K), 0.0339530 secs] [Times: user=0.07 sys=0.04, real=0.03 secs] 
Heap after GC invocations=670 (full 5):
 PSYoungGen      total 1001472K, used 20758K [0x0000000781800000, 0x00000007c0000000, 0x00000007c0000000)
  eden space 979456K, 0% used [0x0000000781800000,0x0000000781800000,0x00000007bd480000)
  from space 22016K, 94% used [0x00000007bd480000,0x00000007be8c5bf8,0x00000007bea00000)
  to   space 22528K, 0% used [0x00000007bea00000,0x00000007bea00000,0x00000007c0000000)
 ParOldGen       total 2252800K, used 569460K [0x00000006f8000000, 0x0000000781800000, 0x0000000781800000)
  object space 2252800K, 25% used [0x00000006f8000000,0x000000071ac1d3e8,0x0000000781800000)
 Metaspace       used 206532K, capacity 226896K, committed 227136K, reserved 1249280K
  class space    used 25562K, capacity 28192K, committed 28288K, reserved 1048576K
}
{Heap before GC invocations=671 (full 5):
 PSYoungGen      total 1001472K, used 1000214K [0x0000000781800000, 0x00000007c0000000, 0x00000007c0000000)
  eden space 979456K, 100% used [0x0000000781800000,0x00000007bd480000,0x00000007bd480000)
  from space 22016K, 94% used [0x00000007bd480000,0x00000007be8c5bf8,0x00000007bea00000)
  to   space 22528K, 0% used [0x00000007bea00000,0x00000007bea00000,0x00000007c0000000)
 ParOldGen       total 2252800K, used 569460K [0x00000006f8000000, 0x0000000781800000, 0x0000000781800000)
  object space 2252800K, 25% used [0x00000006f8000000,0x000000071ac1d3e8,0x0000000781800000)
 Metaspace       used 206534K, capacity 226896K, committed 227136K, reserved 1249280K
  class space    used 25562K, capacity 28192K, committed 28288K, reserved 1048576K
2022-06-20T10:16:43.733+0800: 8176.026: [GC (Allocation Failure) [PSYoungGen: 1000214K->16669K(1001472K)] 1569675K->586287K(3254272K), 0.0238539 secs] [Times: user=0.07 sys=0.01, real=0.03 secs] 
Heap after GC invocations=671 (full 5):
 PSYoungGen      total 1001472K, used 16669K [0x0000000781800000, 0x00000007c0000000, 0x00000007c0000000)
  eden space 978944K, 0% used [0x0000000781800000,0x0000000781800000,0x00000007bd400000)
  from space 22528K, 73% used [0x00000007bea00000,0x00000007bfa47750,0x00000007c0000000)
  to   space 22528K, 0% used [0x00000007bd400000,0x00000007bd400000,0x00000007bea00000)
 ParOldGen       total 2252800K, used 569617K [0x00000006f8000000, 0x0000000781800000, 0x0000000781800000)
  object space 2252800K, 25% used [0x00000006f8000000,0x000000071ac447f0,0x0000000781800000)
 Metaspace       used 206534K, capacity 226896K, committed 227136K, reserved 1249280K
  class space    used 25562K, capacity 28192K, committed 28288K, reserved 1048576K
}
{Heap before GC invocations=672 (full 5):
 PSYoungGen      total 1001472K, used 995613K [0x0000000781800000, 0x00000007c0000000, 0x00000007c0000000)
  eden space 978944K, 100% used [0x0000000781800000,0x00000007bd400000,0x00000007bd400000)
  from space 22528K, 73% used [0x00000007bea00000,0x00000007bfa47750,0x00000007c0000000)
  to   space 22528K, 0% used [0x00000007bd400000,0x00000007bd400000,0x00000007bea00000)
 ParOldGen       total 2252800K, used 569617K [0x00000006f8000000, 0x0000000781800000, 0x0000000781800000)
  object space 2252800K, 25% used [0x00000006f8000000,0x000000071ac447f0,0x0000000781800000)
 Metaspace       used 206535K, capacity 226896K, committed 227136K, reserved 1249280K
  class space    used 25562K, capacity 28192K, committed 28288K, reserved 1048576K
2022-06-20T10:16:52.366+0800: 8184.659: [GC (Allocation Failure) [PSYoungGen: 995613K->16829K(1001472K)] 1565231K->586608K(3254272K), 0.0190662 secs] [Times: user=0.06 sys=0.00, real=0.01 secs] 
Heap after GC invocations=672 (full 5):
 PSYoungGen      total 1001472K, used 16829K [0x0000000781800000, 0x00000007c0000000, 0x00000007c0000000)
  eden space 978944K, 0% used [0x0000000781800000,0x0000000781800000,0x00000007bd400000)
  from space 22528K, 74% used [0x00000007bd400000,0x00000007be46f6f0,0x00000007bea00000)
  to   space 22016K, 0% used [0x00000007bea80000,0x00000007bea80000,0x00000007c0000000)
 ParOldGen       total 2252800K, used 569778K [0x00000006f8000000, 0x0000000781800000, 0x0000000781800000)
  object space 2252800K, 25% used [0x00000006f8000000,0x000000071ac6c940,0x0000000781800000)
 Metaspace       used 206535K, capacity 226896K, committed 227136K, reserved 1249280K
  class space    used 25562K, capacity 28192K, committed 28288K, reserved 1048576K
}
{Heap before GC invocations=673 (full 5):
 PSYoungGen      total 1001472K, used 995773K [0x0000000781800000, 0x00000007c0000000, 0x00000007c0000000)
  eden space 978944K, 100% used [0x0000000781800000,0x00000007bd400000,0x00000007bd400000)
  from space 22528K, 74% used [0x00000007bd400000,0x00000007be46f6f0,0x00000007bea00000)
  to   space 22016K, 0% used [0x00000007bea80000,0x00000007bea80000,0x00000007c0000000)
 ParOldGen       total 2252800K, used 569778K [0x00000006f8000000, 0x0000000781800000, 0x0000000781800000)
  object space 2252800K, 25% used [0x00000006f8000000,0x000000071ac6c940,0x0000000781800000)
 Metaspace       used 206535K, capacity 226896K, committed 227136K, reserved 1249280K
  class space    used 25562K, capacity 28192K, committed 28288K, reserved 1048576K
2022-06-20T10:17:00.874+0800: 8193.167: [GC (Allocation Failure) [PSYoungGen: 995773K->17504K(1001984K)] 1565552K->587910K(3254784K), 0.0309567 secs] [Times: user=0.07 sys=0.03, real=0.03 secs] 
Heap after GC invocations=673 (full 5):
 PSYoungGen      total 1001984K, used 17504K [0x0000000781800000, 0x00000007c0000000, 0x00000007c0000000)
  eden space 979968K, 0% used [0x0000000781800000,0x0000000781800000,0x00000007bd500000)
  from space 22016K, 79% used [0x00000007bea80000,0x00000007bfb98150,0x00000007c0000000)
  to   space 22016K, 0% used [0x00000007bd500000,0x00000007bd500000,0x00000007bea80000)
 ParOldGen       total 2252800K, used 570406K [0x00000006f8000000, 0x0000000781800000, 0x0000000781800000)
  object space 2252800K, 25% used [0x00000006f8000000,0x000000071ad099b0,0x0000000781800000)
 Metaspace       used 206535K, capacity 226896K, committed 227136K, reserved 1249280K
  class space    used 25562K, capacity 28192K, committed 28288K, reserved 1048576K
}
{Heap before GC invocations=674 (full 5):
 PSYoungGen      total 1001984K, used 997472K [0x0000000781800000, 0x00000007c0000000, 0x00000007c0000000)
  eden space 979968K, 100% used [0x0000000781800000,0x00000007bd500000,0x00000007bd500000)
  from space 22016K, 79% used [0x00000007bea80000,0x00000007bfb98150,0x00000007c0000000)
  to   space 22016K, 0% used [0x00000007bd500000,0x00000007bd500000,0x00000007bea80000)
 ParOldGen       total 2252800K, used 570406K [0x00000006f8000000, 0x0000000781800000, 0x0000000781800000)
  object space 2252800K, 25% used [0x00000006f8000000,0x000000071ad099b0,0x0000000781800000)
 Metaspace       used 206560K, capacity 226956K, committed 227136K, reserved 1249280K
  class space    used 25569K, capacity 28202K, committed 28288K, reserved 1048576K
2022-06-20T10:17:14.412+0800: 8206.705: [GC (Allocation Failure) [PSYoungGen: 997472K->19400K(1001984K)] 1567878K->590005K(3254784K), 0.0285344 secs] [Times: user=0.06 sys=0.02, real=0.03 secs] 
Heap after GC invocations=674 (full 5):
 PSYoungGen      total 1001984K, used 19400K [0x0000000781800000, 0x00000007c0000000, 0x00000007c0000000)
  eden space 979968K, 0% used [0x0000000781800000,0x0000000781800000,0x00000007bd500000)
  from space 22016K, 88% used [0x00000007bd500000,0x00000007be7f2378,0x00000007bea80000)
  to   space 22016K, 0% used [0x00000007bea80000,0x00000007bea80000,0x00000007c0000000)
 ParOldGen       total 2252800K, used 570604K [0x00000006f8000000, 0x0000000781800000, 0x0000000781800000)
  object space 2252800K, 25% used [0x00000006f8000000,0x000000071ad3b180,0x0000000781800000)
 Metaspace       used 206560K, capacity 226956K, committed 227136K, reserved 1249280K
  class space    used 25569K, capacity 28202K, committed 28288K, reserved 1048576K
}
{Heap before GC invocations=675 (full 5):
 PSYoungGen      total 1001984K, used 999368K [0x0000000781800000, 0x00000007c0000000, 0x00000007c0000000)
  eden space 979968K, 100% used [0x0000000781800000,0x00000007bd500000,0x00000007bd500000)
  from space 22016K, 88% used [0x00000007bd500000,0x00000007be7f2378,0x00000007bea80000)
  to   space 22016K, 0% used [0x00000007bea80000,0x00000007bea80000,0x00000007c0000000)
 ParOldGen       total 2252800K, used 570604K [0x00000006f8000000, 0x0000000781800000, 0x0000000781800000)
  object space 2252800K, 25% used [0x00000006f8000000,0x000000071ad3b180,0x0000000781800000)
 Metaspace       used 206580K, capacity 227010K, committed 227136K, reserved 1249280K
  class space    used 25576K, capacity 28211K, committed 28288K, reserved 1048576K
2022-06-20T10:17:38.336+0800: 8230.629: [GC (Allocation Failure) [PSYoungGen: 999368K->15982K(1001984K)] 1569973K->586672K(3254784K), 0.0271952 secs] [Times: user=0.07 sys=0.02, real=0.03 secs] 
Heap after GC invocations=675 (full 5):
 PSYoungGen      total 1001984K, used 15982K [0x0000000781800000, 0x00000007c0000000, 0x00000007c0000000)
  eden space 979968K, 0% used [0x0000000781800000,0x0000000781800000,0x00000007bd500000)
  from space 22016K, 72% used [0x00000007bea80000,0x00000007bfa1b910,0x00000007c0000000)
  to   space 22016K, 0% used [0x00000007bd500000,0x00000007bd500000,0x00000007bea80000)
 ParOldGen       total 2252800K, used 570690K [0x00000006f8000000, 0x0000000781800000, 0x0000000781800000)
  object space 2252800K, 25% used [0x00000006f8000000,0x000000071ad50a08,0x0000000781800000)
 Metaspace       used 206580K, capacity 227010K, committed 227136K, reserved 1249280K
  class space    used 25576K, capacity 28211K, committed 28288K, reserved 1048576K
}
{Heap before GC invocations=676 (full 5):
 PSYoungGen      total 1001984K, used 995950K [0x0000000781800000, 0x00000007c0000000, 0x00000007c0000000)
  eden space 979968K, 100% used [0x0000000781800000,0x00000007bd500000,0x00000007bd500000)
  from space 22016K, 72% used [0x00000007bea80000,0x00000007bfa1b910,0x00000007c0000000)
  to   space 22016K, 0% used [0x00000007bd500000,0x00000007bd500000,0x00000007bea80000)
 ParOldGen       total 2252800K, used 570690K [0x00000006f8000000, 0x0000000781800000, 0x0000000781800000)
  object space 2252800K, 25% used [0x00000006f8000000,0x000000071ad50a08,0x0000000781800000)
 Metaspace       used 206582K, capacity 227010K, committed 227136K, reserved 1249280K
  class space    used 25576K, capacity 28211K, committed 28288K, reserved 1048576K
2022-06-20T10:18:04.955+0800: 8257.247: [GC (Allocation Failure) [PSYoungGen: 995950K->16374K(1001984K)] 1566640K->587195K(3254784K), 0.0188121 secs] [Times: user=0.05 sys=0.01, real=0.02 secs] 
Heap after GC invocations=676 (full 5):
 PSYoungGen      total 1001984K, used 16374K [0x0000000781800000, 0x00000007c0000000, 0x00000007c0000000)
  eden space 979968K, 0% used [0x0000000781800000,0x0000000781800000,0x00000007bd500000)
  from space 22016K, 74% used [0x00000007bd500000,0x00000007be4fd9e8,0x00000007bea80000)
  to   space 22016K, 0% used [0x00000007bea80000,0x00000007bea80000,0x00000007c0000000)
 ParOldGen       total 2252800K, used 570820K [0x00000006f8000000, 0x0000000781800000, 0x0000000781800000)
  object space 2252800K, 25% used [0x00000006f8000000,0x000000071ad712c8,0x0000000781800000)
 Metaspace       used 206582K, capacity 227010K, committed 227136K, reserved 1249280K
  class space    used 25576K, capacity 28211K, committed 28288K, reserved 1048576K
}
{Heap before GC invocations=677 (full 5):
 PSYoungGen      total 1001984K, used 996342K [0x0000000781800000, 0x00000007c0000000, 0x00000007c0000000)
  eden space 979968K, 100% used [0x0000000781800000,0x00000007bd500000,0x00000007bd500000)
  from space 22016K, 74% used [0x00000007bd500000,0x00000007be4fd9e8,0x00000007bea80000)
  to   space 22016K, 0% used [0x00000007bea80000,0x00000007bea80000,0x00000007c0000000)
 ParOldGen       total 2252800K, used 570820K [0x00000006f8000000, 0x0000000781800000, 0x0000000781800000)
  object space 2252800K, 25% used [0x00000006f8000000,0x000000071ad712c8,0x0000000781800000)
 Metaspace       used 206604K, capacity 227010K, committed 227136K, reserved 1249280K
  class space    used 25577K, capacity 28211K, committed 28288K, reserved 1048576K
2022-06-20T10:18:20.072+0800: 8272.365: [GC (Allocation Failure) [PSYoungGen: 996342K->15851K(1001984K)] 1567163K->586746K(3254784K), 0.0218505 secs] [Times: user=0.06 sys=0.02, real=0.02 secs] 
Heap after GC invocations=677 (full 5):
 PSYoungGen      total 1001984K, used 15851K [0x0000000781800000, 0x00000007c0000000, 0x00000007c0000000)
  eden space 979968K, 0% used [0x0000000781800000,0x0000000781800000,0x00000007bd500000)
  from space 22016K, 71% used [0x00000007bea80000,0x00000007bf9fad10,0x00000007c0000000)
  to   space 22016K, 0% used [0x00000007bd500000,0x00000007bd500000,0x00000007bea80000)
 ParOldGen       total 2252800K, used 570895K [0x00000006f8000000, 0x0000000781800000, 0x0000000781800000)
  object space 2252800K, 25% used [0x00000006f8000000,0x000000071ad83c60,0x0000000781800000)
 Metaspace       used 206604K, capacity 227010K, committed 227136K, reserved 1249280K
  class space    used 25577K, capacity 28211K, committed 28288K, reserved 1048576K
}
{Heap before GC invocations=678 (full 5):
 PSYoungGen      total 1001984K, used 995819K [0x0000000781800000, 0x00000007c0000000, 0x00000007c0000000)
  eden space 979968K, 100% used [0x0000000781800000,0x00000007bd500000,0x00000007bd500000)
  from space 22016K, 71% used [0x00000007bea80000,0x00000007bf9fad10,0x00000007c0000000)
  to   space 22016K, 0% used [0x00000007bd500000,0x00000007bd500000,0x00000007bea80000)
 ParOldGen       total 2252800K, used 570895K [0x00000006f8000000, 0x0000000781800000, 0x0000000781800000)
  object space 2252800K, 25% used [0x00000006f8000000,0x000000071ad83c60,0x0000000781800000)
 Metaspace       used 206634K, capacity 227074K, committed 227392K, reserved 1249280K
  class space    used 25586K, capacity 28223K, committed 28288K, reserved 1048576K
2022-06-20T10:18:35.673+0800: 8287.966: [GC (Allocation Failure) [PSYoungGen: 995819K->16853K(1001984K)] 1566714K->587794K(3254784K), 0.0237752 secs] [Times: user=0.06 sys=0.01, real=0.03 secs] 
Heap after GC invocations=678 (full 5):
 PSYoungGen      total 1001984K, used 16853K [0x0000000781800000, 0x00000007c0000000, 0x00000007c0000000)
  eden space 979968K, 0% used [0x0000000781800000,0x0000000781800000,0x00000007bd500000)
  from space 22016K, 76% used [0x00000007bd500000,0x00000007be575448,0x00000007bea80000)
  to   space 21504K, 0% used [0x00000007beb00000,0x00000007beb00000,0x00000007c0000000)
 ParOldGen       total 2252800K, used 570941K [0x00000006f8000000, 0x0000000781800000, 0x0000000781800000)
  object space 2252800K, 25% used [0x00000006f8000000,0x000000071ad8f6a0,0x0000000781800000)
 Metaspace       used 206634K, capacity 227074K, committed 227392K, reserved 1249280K
  class space    used 25586K, capacity 28223K, committed 28288K, reserved 1048576K
}
