[2022-07-19T07:35:56.143+0000][info][gc,init] CardTable entry size: 512
[2022-07-19T07:35:56.143+0000][info][gc     ] Using G1
[2022-07-19T07:35:56.145+0000][info][gc,init] Version: 18.0.1.1+2-6 (release)
[2022-07-19T07:35:56.145+0000][info][gc,init] CPUs: 8 total, 8 available
[2022-07-19T07:35:56.145+0000][info][gc,init] Memory: 16384M
[2022-07-19T07:35:56.145+0000][info][gc,init] Large Page Support: Disabled
[2022-07-19T07:35:56.145+0000][info][gc,init] NUMA Support: Disabled
[2022-07-19T07:35:56.145+0000][info][gc,init] Compressed Oops: Enabled (Zero based)
[2022-07-19T07:35:56.145+0000][info][gc,init] Heap Region Size: 2M
[2022-07-19T07:35:56.145+0000][info][gc,init] Heap Min Capacity: 8M
[2022-07-19T07:35:56.145+0000][info][gc,init] Heap Initial Capacity: 256M
[2022-07-19T07:35:56.145+0000][info][gc,init] Heap Max Capacity: 4G
[2022-07-19T07:35:56.145+0000][info][gc,init] Pre-touch: Disabled
[2022-07-19T07:35:56.145+0000][info][gc,init] Parallel Workers: 8
[2022-07-19T07:35:56.145+0000][info][gc,init] Concurrent Workers: 2
[2022-07-19T07:35:56.145+0000][info][gc,init] Concurrent Refinement Workers: 8
[2022-07-19T07:35:56.145+0000][info][gc,init] Periodic GC: Disabled
[2022-07-19T07:35:56.146+0000][info][gc,metaspace] CDS archive(s) mapped at: [0x0000000800000000-0x0000000800ba8000-0x0000000800ba8000), size 12222464, SharedBaseAddress: 0x0000000800000000, ArchiveRelocationMode: 0.
[2022-07-19T07:35:56.146+0000][info][gc,metaspace] Compressed class space mapped at: 0x0000000800c00000-0x0000000840c00000, reserved size: 1073741824
[2022-07-19T07:35:56.146+0000][info][gc,metaspace] Narrow klass base: 0x0000000800000000, Narrow klass shift: 0, Narrow klass range: 0x100000000
[2022-07-19T07:35:57.263+0000][info][safepoint,cleanup] updating inline caches, 0.0000609 secs
[2022-07-19T07:35:57.263+0000][info][safepoint,cleanup] compilation policy safepoint handler, 0.0000001 secs
[2022-07-19T07:35:57.263+0000][info][safepoint,cleanup] safepoint cleanup tasks, 0.0001854 secs
[2022-07-19T07:35:57.263+0000][info][safepoint,stats  ] VM Operation                 [ threads: total initial_running ][ time:       sync    cleanup       vmop      total ] page_trap_count
[2022-07-19T07:35:57.263+0000][info][safepoint,stats  ] Cleanup                      [             11               1 ][           205050     243165      33795     482010 ]               0
[2022-07-19T07:35:57.263+0000][info][safepoint        ] Safepoint "Cleanup", Time since last: 1110669916 ns, Reaching safepoint: 448215 ns, At safepoint: 33795 ns, Total: 482010 ns
[2022-07-19T07:35:58.268+0000][info][safepoint,cleanup] updating inline caches, 0.0000261 secs
[2022-07-19T07:35:58.268+0000][info][safepoint,cleanup] compilation policy safepoint handler, 0.0000002 secs
[2022-07-19T07:35:58.268+0000][info][safepoint,cleanup] safepoint cleanup tasks, 0.0002154 secs
[2022-07-19T07:35:58.268+0000][info][safepoint,stats  ] Cleanup                      [             12               0 ][            24161     245768      14155     284084 ]               0
[2022-07-19T07:35:58.268+0000][info][safepoint        ] Safepoint "Cleanup", Time since last: 1004944760 ns, Reaching safepoint: 269929 ns, At safepoint: 14155 ns, Total: 284084 ns
[2022-07-19T07:36:01.735+0000][info][safepoint,cleanup] updating inline caches, 0.0000050 secs
[2022-07-19T07:36:01.735+0000][info][safepoint,cleanup] compilation policy safepoint handler, 0.0000001 secs
[2022-07-19T07:36:01.735+0000][info][safepoint,cleanup] safepoint cleanup tasks, 0.0000749 secs
[2022-07-19T07:36:01.735+0000][info][safepoint,stats  ] Cleanup                      [             13               0 ][             1967      86976      24739     113682 ]               0
[2022-07-19T07:36:01.735+0000][info][safepoint        ] Safepoint "Cleanup", Time since last: 3466647710 ns, Reaching safepoint: 88943 ns, At safepoint: 24739 ns, Total: 113682 ns
[2022-07-19T07:36:02.057+0000][info][safepoint,cleanup] updating inline caches, 0.0000689 secs
[2022-07-19T07:36:02.057+0000][info][safepoint,cleanup] compilation policy safepoint handler, 0.0000001 secs
[2022-07-19T07:36:02.057+0000][info][safepoint,cleanup] safepoint cleanup tasks, 0.0001769 secs
[2022-07-19T07:36:02.057+0000][info][gc,start         ] GC(0) Pause Young (Normal) (G1 Evacuation Pause)
[2022-07-19T07:36:02.058+0000][info][gc,task          ] GC(0) Using 6 workers of 8 for evacuation
[2022-07-19T07:36:02.063+0000][info][gc,phases        ] GC(0)   Pre Evacuate Collection Set: 0.1ms
[2022-07-19T07:36:02.063+0000][info][gc,phases        ] GC(0)   Merge Heap Roots: 0.3ms
[2022-07-19T07:36:02.063+0000][info][gc,phases        ] GC(0)   Evacuate Collection Set: 4.0ms
[2022-07-19T07:36:02.063+0000][info][gc,phases        ] GC(0)   Post Evacuate Collection Set: 0.8ms
[2022-07-19T07:36:02.063+0000][info][gc,phases        ] GC(0)   Other: 0.5ms
[2022-07-19T07:36:02.063+0000][info][gc,heap          ] GC(0) Eden regions: 11->0(13)
[2022-07-19T07:36:02.063+0000][info][gc,heap          ] GC(0) Survivor regions: 0->2(2)
[2022-07-19T07:36:02.063+0000][info][gc,heap          ] GC(0) Old regions: 0->1
[2022-07-19T07:36:02.063+0000][info][gc,heap          ] GC(0) Archive regions: 2->2
[2022-07-19T07:36:02.063+0000][info][gc,heap          ] GC(0) Humongous regions: 0->0
[2022-07-19T07:36:02.063+0000][info][gc,metaspace     ] GC(0) Metaspace: 8296K(8576K)->8296K(8576K) NonClass: 7288K(7424K)->7288K(7424K) Class: 1007K(1152K)->1007K(1152K)
[2022-07-19T07:36:02.063+0000][info][gc               ] GC(0) Pause Young (Normal) (G1 Evacuation Pause) 23M->7M(260M) 6.394ms
[2022-07-19T07:36:02.063+0000][info][gc,cpu           ] GC(0) User=0.02s Sys=0.01s Real=0.01s
[2022-07-19T07:36:02.064+0000][info][safepoint,stats  ] G1CollectForAllocation       [             13               0 ][             1993     185853    6525048    6712894 ]               0
[2022-07-19T07:36:02.064+0000][info][safepoint        ] Safepoint "G1CollectForAllocation", Time since last: 321852411 ns, Reaching safepoint: 187846 ns, At safepoint: 6525048 ns, Total: 6712894 ns
[2022-07-19T07:36:02.430+0000][info][safepoint,cleanup] compilation policy safepoint handler, 0.0000002 secs
[2022-07-19T07:36:02.430+0000][info][safepoint,cleanup] updating inline caches, 0.0001391 secs
[2022-07-19T07:36:02.430+0000][info][safepoint,cleanup] safepoint cleanup tasks, 0.0001830 secs
[2022-07-19T07:36:02.430+0000][info][gc,start         ] GC(1) Pause Young (Normal) (G1 Evacuation Pause)
[2022-07-19T07:36:02.430+0000][info][gc,task          ] GC(1) Using 6 workers of 8 for evacuation
[2022-07-19T07:36:02.435+0000][info][gc,phases        ] GC(1)   Pre Evacuate Collection Set: 0.1ms
[2022-07-19T07:36:02.435+0000][info][gc,phases        ] GC(1)   Merge Heap Roots: 0.1ms
[2022-07-19T07:36:02.435+0000][info][gc,phases        ] GC(1)   Evacuate Collection Set: 4.3ms
[2022-07-19T07:36:02.435+0000][info][gc,phases        ] GC(1)   Post Evacuate Collection Set: 0.6ms
[2022-07-19T07:36:02.435+0000][info][gc,phases        ] GC(1)   Other: 0.1ms
[2022-07-19T07:36:02.435+0000][info][gc,heap          ] GC(1) Eden regions: 13->0(70)
[2022-07-19T07:36:02.435+0000][info][gc,heap          ] GC(1) Survivor regions: 2->2(2)
[2022-07-19T07:36:02.435+0000][info][gc,heap          ] GC(1) Old regions: 1->3
[2022-07-19T07:36:02.435+0000][info][gc,heap          ] GC(1) Archive regions: 2->2
[2022-07-19T07:36:02.435+0000][info][gc,heap          ] GC(1) Humongous regions: 0->0
[2022-07-19T07:36:02.435+0000][info][gc,metaspace     ] GC(1) Metaspace: 14779K(15040K)->14779K(15040K) NonClass: 12907K(13056K)->12907K(13056K) Class: 1871K(1984K)->1871K(1984K)
[2022-07-19T07:36:02.436+0000][info][gc               ] GC(1) Pause Young (Normal) (G1 Evacuation Pause) 33M->10M(260M) 5.386ms
[2022-07-19T07:36:02.436+0000][info][gc,cpu           ] GC(1) User=0.02s Sys=0.00s Real=0.00s
[2022-07-19T07:36:02.436+0000][info][safepoint,stats  ] G1CollectForAllocation       [             13               0 ][             1674     192654    5431313    5625641 ]               0
[2022-07-19T07:36:02.436+0000][info][safepoint        ] Safepoint "G1CollectForAllocation", Time since last: 366392172 ns, Reaching safepoint: 194328 ns, At safepoint: 5431313 ns, Total: 5625641 ns
[2022-07-19T07:36:02.641+0000][info][safepoint,cleanup] compilation policy safepoint handler, 0.0000002 secs
[2022-07-19T07:36:02.641+0000][info][safepoint,cleanup] updating inline caches, 0.0001083 secs
[2022-07-19T07:36:02.641+0000][info][safepoint,cleanup] safepoint cleanup tasks, 0.0001761 secs
[2022-07-19T07:36:02.641+0000][info][safepoint,stats  ] ICBufferFull                 [             13               0 ][             1995     187608      63357     252960 ]               0
[2022-07-19T07:36:02.641+0000][info][safepoint        ] Safepoint "ICBufferFull", Time since last: 204954554 ns, Reaching safepoint: 189603 ns, At safepoint: 63357 ns, Total: 252960 ns
[2022-07-19T07:36:03.152+0000][info][safepoint,cleanup] compilation policy safepoint handler, 0.0000001 secs
[2022-07-19T07:36:03.152+0000][info][safepoint,cleanup] updating inline caches, 0.0001610 secs
[2022-07-19T07:36:03.152+0000][info][safepoint,cleanup] safepoint cleanup tasks, 0.0002089 secs
[2022-07-19T07:36:03.152+0000][info][gc,start         ] GC(2) Pause Young (Concurrent Start) (Metadata GC Threshold)
[2022-07-19T07:36:03.152+0000][info][gc,task          ] GC(2) Using 8 workers of 8 for evacuation
[2022-07-19T07:36:03.159+0000][info][gc,phases        ] GC(2)   Pre Evacuate Collection Set: 0.2ms
[2022-07-19T07:36:03.159+0000][info][gc,phases        ] GC(2)   Merge Heap Roots: 0.1ms
[2022-07-19T07:36:03.159+0000][info][gc,phases        ] GC(2)   Evacuate Collection Set: 5.4ms
[2022-07-19T07:36:03.159+0000][info][gc,phases        ] GC(2)   Post Evacuate Collection Set: 0.8ms
[2022-07-19T07:36:03.159+0000][info][gc,phases        ] GC(2)   Other: 0.0ms
[2022-07-19T07:36:03.159+0000][info][gc,heap          ] GC(2) Eden regions: 20->0(73)
[2022-07-19T07:36:03.159+0000][info][gc,heap          ] GC(2) Survivor regions: 2->3(9)
[2022-07-19T07:36:03.159+0000][info][gc,heap          ] GC(2) Old regions: 3->3
[2022-07-19T07:36:03.159+0000][info][gc,heap          ] GC(2) Archive regions: 2->2
[2022-07-19T07:36:03.159+0000][info][gc,heap          ] GC(2) Humongous regions: 0->0
[2022-07-19T07:36:03.159+0000][info][gc,metaspace     ] GC(2) Metaspace: 21240K(21504K)->21240K(21504K) NonClass: 18531K(18688K)->18531K(18688K) Class: 2708K(2816K)->2708K(2816K)
[2022-07-19T07:36:03.159+0000][info][gc               ] GC(2) Pause Young (Concurrent Start) (Metadata GC Threshold) 50M->12M(260M) 6.724ms
[2022-07-19T07:36:03.159+0000][info][gc,cpu           ] GC(2) User=0.02s Sys=0.01s Real=0.00s
[2022-07-19T07:36:03.159+0000][info][gc               ] GC(3) Concurrent Mark Cycle
[2022-07-19T07:36:03.159+0000][info][safepoint,stats  ] CollectForMetadataAllocation [             16               0 ][             2879     222496    6850510    7075885 ]               0
[2022-07-19T07:36:03.159+0000][info][gc,marking       ] GC(3) Concurrent Clear Claimed Marks
[2022-07-19T07:36:03.159+0000][info][safepoint        ] Safepoint "CollectForMetadataAllocation", Time since last: 510937742 ns, Reaching safepoint: 225375 ns, At safepoint: 6850510 ns, Total: 7075885 ns
[2022-07-19T07:36:03.159+0000][info][gc,marking       ] GC(3) Concurrent Clear Claimed Marks 0.060ms
[2022-07-19T07:36:03.159+0000][info][gc,marking       ] GC(3) Concurrent Scan Root Regions
[2022-07-19T07:36:03.162+0000][info][gc,marking       ] GC(3) Concurrent Scan Root Regions 2.628ms
[2022-07-19T07:36:03.162+0000][info][gc,marking       ] GC(3) Concurrent Mark
[2022-07-19T07:36:03.162+0000][info][gc,marking       ] GC(3) Concurrent Mark From Roots
[2022-07-19T07:36:03.162+0000][info][gc,task          ] GC(3) Using 2 workers of 2 for marking
[2022-07-19T07:36:03.165+0000][info][gc,marking       ] GC(3) Concurrent Mark From Roots 3.898ms
[2022-07-19T07:36:03.166+0000][info][gc,marking       ] GC(3) Concurrent Preclean
[2022-07-19T07:36:03.166+0000][info][gc,marking       ] GC(3) Concurrent Preclean 0.041ms
[2022-07-19T07:36:03.166+0000][info][safepoint,cleanup] updating inline caches, 0.0000005 secs
[2022-07-19T07:36:03.166+0000][info][safepoint,cleanup] compilation policy safepoint handler, 0.0000001 secs
[2022-07-19T07:36:03.166+0000][info][safepoint,cleanup] safepoint cleanup tasks, 0.0001350 secs
[2022-07-19T07:36:03.166+0000][info][gc,start         ] GC(3) Pause Remark
[2022-07-19T07:36:03.167+0000][info][gc               ] GC(3) Pause Remark 13M->13M(60M) 1.220ms
[2022-07-19T07:36:03.167+0000][info][gc,cpu           ] GC(3) User=0.00s Sys=0.00s Real=0.00s
[2022-07-19T07:36:03.167+0000][info][safepoint,stats  ] G1Concurrent                 [             16               0 ][             2440     145721    1324361    1472522 ]               0
[2022-07-19T07:36:03.167+0000][info][safepoint        ] Safepoint "G1Concurrent", Time since last: 6813215 ns, Reaching safepoint: 148161 ns, At safepoint: 1324361 ns, Total: 1472522 ns
[2022-07-19T07:36:03.167+0000][info][gc,marking       ] GC(3) Concurrent Mark 5.562ms
[2022-07-19T07:36:03.167+0000][info][gc,marking       ] GC(3) Concurrent Rebuild Remembered Sets
[2022-07-19T07:36:03.167+0000][info][gc,marking       ] GC(3) Concurrent Rebuild Remembered Sets 0.010ms
[2022-07-19T07:36:03.167+0000][info][safepoint,cleanup] updating inline caches, 0.0000003 secs
[2022-07-19T07:36:03.167+0000][info][safepoint,cleanup] compilation policy safepoint handler, 0.0000001 secs
[2022-07-19T07:36:03.167+0000][info][safepoint,cleanup] safepoint cleanup tasks, 0.0000695 secs
[2022-07-19T07:36:03.167+0000][info][gc,start         ] GC(3) Pause Cleanup
[2022-07-19T07:36:03.167+0000][info][gc               ] GC(3) Pause Cleanup 13M->13M(60M) 0.011ms
[2022-07-19T07:36:03.167+0000][info][gc,cpu           ] GC(3) User=0.00s Sys=0.00s Real=0.00s
[2022-07-19T07:36:03.168+0000][info][safepoint,stats  ] G1Concurrent                 [             16               1 ][           139917      78137      98159     316213 ]               0
[2022-07-19T07:36:03.168+0000][info][safepoint        ] Safepoint "G1Concurrent", Time since last: 126997 ns, Reaching safepoint: 218054 ns, At safepoint: 98159 ns, Total: 316213 ns
[2022-07-19T07:36:03.168+0000][info][gc,marking       ] GC(3) Concurrent Cleanup for Next Mark
[2022-07-19T07:36:03.168+0000][info][gc,marking       ] GC(3) Concurrent Cleanup for Next Mark 0.675ms
[2022-07-19T07:36:03.168+0000][info][gc               ] GC(3) Concurrent Mark Cycle 9.489ms
[2022-07-19T07:36:03.849+0000][info][safepoint,cleanup] compilation policy safepoint handler, 0.0000001 secs
[2022-07-19T07:36:03.849+0000][info][safepoint,cleanup] updating inline caches, 0.0001099 secs
[2022-07-19T07:36:03.849+0000][info][safepoint,cleanup] safepoint cleanup tasks, 0.0001863 secs
[2022-07-19T07:36:03.849+0000][info][gc,start         ] GC(4) Pause Young (Concurrent Start) (G1 Humongous Allocation)
[2022-07-19T07:36:03.849+0000][info][gc,task          ] GC(4) Using 8 workers of 8 for evacuation
[2022-07-19T07:36:03.856+0000][info][gc,phases        ] GC(4)   Pre Evacuate Collection Set: 0.2ms
[2022-07-19T07:36:03.856+0000][info][gc,phases        ] GC(4)   Merge Heap Roots: 0.1ms
[2022-07-19T07:36:03.856+0000][info][gc,phases        ] GC(4)   Evacuate Collection Set: 6.3ms
[2022-07-19T07:36:03.856+0000][info][gc,phases        ] GC(4)   Post Evacuate Collection Set: 0.8ms
[2022-07-19T07:36:03.856+0000][info][gc,phases        ] GC(4)   Other: 0.2ms
[2022-07-19T07:36:03.856+0000][info][gc,heap          ] GC(4) Eden regions: 21->0(13)
[2022-07-19T07:36:03.856+0000][info][gc,heap          ] GC(4) Survivor regions: 3->5(10)
[2022-07-19T07:36:03.856+0000][info][gc,heap          ] GC(4) Old regions: 3->3
[2022-07-19T07:36:03.856+0000][info][gc,heap          ] GC(4) Archive regions: 2->2
[2022-07-19T07:36:03.856+0000][info][gc,heap          ] GC(4) Humongous regions: 0->0
[2022-07-19T07:36:03.856+0000][info][gc,metaspace     ] GC(4) Metaspace: 28895K(29248K)->28895K(29248K) NonClass: 25359K(25536K)->25359K(25536K) Class: 3535K(3712K)->3535K(3712K)
[2022-07-19T07:36:03.857+0000][info][gc               ] GC(4) Pause Young (Concurrent Start) (G1 Humongous Allocation) 54M->16M(68M) 7.757ms
[2022-07-19T07:36:03.857+0000][info][gc               ] GC(5) Concurrent Undo Cycle
[2022-07-19T07:36:03.857+0000][info][gc,cpu           ] GC(4) User=0.03s Sys=0.01s Real=0.01s
[2022-07-19T07:36:03.857+0000][info][gc,marking       ] GC(5) Concurrent Cleanup for Next Mark
[2022-07-19T07:36:03.857+0000][info][safepoint,stats  ] G1TryInitiateConcMark        [             29               0 ][             5020     195310    7902080    8102410 ]               0
[2022-07-19T07:36:03.857+0000][info][safepoint        ] Safepoint "G1TryInitiateConcMark", Time since last: 681011210 ns, Reaching safepoint: 200330 ns, At safepoint: 7902080 ns, Total: 8102410 ns
[2022-07-19T07:36:03.857+0000][info][gc,marking       ] GC(5) Concurrent Cleanup for Next Mark 0.130ms
[2022-07-19T07:36:03.857+0000][info][gc               ] GC(5) Concurrent Undo Cycle 0.188ms
[2022-07-19T07:36:04.033+0000][info][safepoint,cleanup] updating inline caches, 0.0000092 secs
[2022-07-19T07:36:04.033+0000][info][safepoint,cleanup] compilation policy safepoint handler, 0.0000001 secs
[2022-07-19T07:36:04.033+0000][info][safepoint,cleanup] safepoint cleanup tasks, 0.0001197 secs
[2022-07-19T07:36:04.033+0000][info][gc,start         ] GC(6) Pause Young (Concurrent Start) (G1 Humongous Allocation)
[2022-07-19T07:36:04.033+0000][info][gc,task          ] GC(6) Using 8 workers of 8 for evacuation
[2022-07-19T07:36:04.039+0000][info][gc,phases        ] GC(6)   Pre Evacuate Collection Set: 0.1ms
[2022-07-19T07:36:04.039+0000][info][gc,phases        ] GC(6)   Merge Heap Roots: 0.0ms
[2022-07-19T07:36:04.039+0000][info][gc,phases        ] GC(6)   Evacuate Collection Set: 5.3ms
[2022-07-19T07:36:04.039+0000][info][gc,phases        ] GC(6)   Post Evacuate Collection Set: 0.6ms
[2022-07-19T07:36:04.039+0000][info][gc,phases        ] GC(6)   Other: 0.1ms
[2022-07-19T07:36:04.039+0000][info][gc,heap          ] GC(6) Eden regions: 1->0(75)
[2022-07-19T07:36:04.039+0000][info][gc,heap          ] GC(6) Survivor regions: 5->1(3)
[2022-07-19T07:36:04.039+0000][info][gc,heap          ] GC(6) Old regions: 3->8
[2022-07-19T07:36:04.039+0000][info][gc,heap          ] GC(6) Archive regions: 2->2
[2022-07-19T07:36:04.039+0000][info][gc,heap          ] GC(6) Humongous regions: 96->0
[2022-07-19T07:36:04.039+0000][info][gc,metaspace     ] GC(6) Metaspace: 29045K(29504K)->29045K(29504K) NonClass: 25491K(25728K)->25491K(25728K) Class: 3553K(3776K)->3553K(3776K)
[2022-07-19T07:36:04.039+0000][info][gc               ] GC(6) Pause Young (Concurrent Start) (G1 Humongous Allocation) 209M->17M(254M) 6.304ms
[2022-07-19T07:36:04.039+0000][info][gc,cpu           ] GC(6) User=0.03s Sys=0.01s Real=0.00s
[2022-07-19T07:36:04.039+0000][info][gc               ] GC(7) Concurrent Undo Cycle
[2022-07-19T07:36:04.039+0000][info][safepoint,stats  ] G1TryInitiateConcMark        [             29               0 ][             6158     130488    6359950    6496596 ]               0
[2022-07-19T07:36:04.039+0000][info][gc,marking       ] GC(7) Concurrent Cleanup for Next Mark
[2022-07-19T07:36:04.039+0000][info][safepoint        ] Safepoint "G1TryInitiateConcMark", Time since last: 176124708 ns, Reaching safepoint: 136646 ns, At safepoint: 6359950 ns, Total: 6496596 ns
[2022-07-19T07:36:04.039+0000][info][gc,marking       ] GC(7) Concurrent Cleanup for Next Mark 0.057ms
[2022-07-19T07:36:04.039+0000][info][gc               ] GC(7) Concurrent Undo Cycle 0.112ms
[2022-07-19T07:36:04.092+0000][info][safepoint,cleanup] updating inline caches, 0.0000005 secs
[2022-07-19T07:36:04.092+0000][info][safepoint,cleanup] compilation policy safepoint handler, 0.0000001 secs
[2022-07-19T07:36:04.092+0000][info][safepoint,cleanup] safepoint cleanup tasks, 0.0000954 secs
[2022-07-19T07:36:04.092+0000][info][gc,start         ] GC(8) Pause Young (Concurrent Start) (G1 Humongous Allocation)
[2022-07-19T07:36:04.092+0000][info][gc,task          ] GC(8) Using 8 workers of 8 for evacuation
[2022-07-19T07:36:04.093+0000][info][gc,phases        ] GC(8)   Pre Evacuate Collection Set: 0.1ms
[2022-07-19T07:36:04.093+0000][info][gc,phases        ] GC(8)   Merge Heap Roots: 0.0ms
[2022-07-19T07:36:04.093+0000][info][gc,phases        ] GC(8)   Evacuate Collection Set: 0.4ms
[2022-07-19T07:36:04.093+0000][info][gc,phases        ] GC(8)   Post Evacuate Collection Set: 0.2ms
[2022-07-19T07:36:04.093+0000][info][gc,phases        ] GC(8)   Other: 0.0ms
[2022-07-19T07:36:04.093+0000][info][gc,heap          ] GC(8) Eden regions: 1->0(75)
[2022-07-19T07:36:04.093+0000][info][gc,heap          ] GC(8) Survivor regions: 1->1(10)
[2022-07-19T07:36:04.093+0000][info][gc,heap          ] GC(8) Old regions: 8->8
[2022-07-19T07:36:04.093+0000][info][gc,heap          ] GC(8) Archive regions: 2->2
[2022-07-19T07:36:04.093+0000][info][gc,heap          ] GC(8) Humongous regions: 96->0
[2022-07-19T07:36:04.093+0000][info][gc,metaspace     ] GC(8) Metaspace: 29045K(29504K)->29045K(29504K) NonClass: 25491K(25728K)->25491K(25728K) Class: 3553K(3776K)->3553K(3776K)
[2022-07-19T07:36:04.093+0000][info][gc               ] GC(8) Pause Young (Concurrent Start) (G1 Humongous Allocation) 210M->16M(254M) 1.038ms
[2022-07-19T07:36:04.093+0000][info][gc               ] GC(9) Concurrent Undo Cycle
[2022-07-19T07:36:04.093+0000][info][gc,cpu           ] GC(8) User=0.00s Sys=0.00s Real=0.00s
[2022-07-19T07:36:04.093+0000][info][gc,marking       ] GC(9) Concurrent Cleanup for Next Mark
[2022-07-19T07:36:04.093+0000][info][safepoint,stats  ] G1TryInitiateConcMark        [             29               0 ][             4485     105373    1133811    1243669 ]               0
[2022-07-19T07:36:04.093+0000][info][safepoint        ] Safepoint "G1TryInitiateConcMark", Time since last: 52651518 ns, Reaching safepoint: 109858 ns, At safepoint: 1133811 ns, Total: 1243669 ns
[2022-07-19T07:36:04.093+0000][info][gc,marking       ] GC(9) Concurrent Cleanup for Next Mark 0.075ms
[2022-07-19T07:36:04.093+0000][info][gc               ] GC(9) Concurrent Undo Cycle 0.117ms
[2022-07-19T07:36:04.138+0000][info][safepoint,cleanup] compilation policy safepoint handler, 0.0000005 secs
[2022-07-19T07:36:04.138+0000][info][safepoint,cleanup] updating inline caches, 0.0000015 secs
[2022-07-19T07:36:04.139+0000][info][safepoint,cleanup] safepoint cleanup tasks, 0.0004537 secs
[2022-07-19T07:36:04.139+0000][info][gc,start         ] GC(10) Pause Young (Concurrent Start) (G1 Humongous Allocation)
[2022-07-19T07:36:04.139+0000][info][gc,task          ] GC(10) Using 8 workers of 8 for evacuation
[2022-07-19T07:36:04.142+0000][info][gc,phases        ] GC(10)   Pre Evacuate Collection Set: 0.4ms
[2022-07-19T07:36:04.143+0000][info][gc,phases        ] GC(10)   Merge Heap Roots: 0.2ms
[2022-07-19T07:36:04.143+0000][info][gc,phases        ] GC(10)   Evacuate Collection Set: 1.3ms
[2022-07-19T07:36:04.143+0000][info][gc,phases        ] GC(10)   Post Evacuate Collection Set: 1.3ms
[2022-07-19T07:36:04.143+0000][info][gc,phases        ] GC(10)   Other: 0.2ms
[2022-07-19T07:36:04.143+0000][info][gc,heap          ] GC(10) Eden regions: 1->0(90)
[2022-07-19T07:36:04.143+0000][info][gc,heap          ] GC(10) Survivor regions: 1->1(10)
[2022-07-19T07:36:04.143+0000][info][gc,heap          ] GC(10) Old regions: 8->8
[2022-07-19T07:36:04.143+0000][info][gc,heap          ] GC(10) Archive regions: 2->2
[2022-07-19T07:36:04.143+0000][info][gc,heap          ] GC(10) Humongous regions: 96->0
[2022-07-19T07:36:04.143+0000][info][gc,metaspace     ] GC(10) Metaspace: 29045K(29504K)->29045K(29504K) NonClass: 25491K(25728K)->25491K(25728K) Class: 3553K(3776K)->3553K(3776K)
[2022-07-19T07:36:04.143+0000][info][gc               ] GC(10) Pause Young (Concurrent Start) (G1 Humongous Allocation) 210M->16M(306M) 3.819ms
[2022-07-19T07:36:04.143+0000][info][gc,cpu           ] GC(10) User=0.01s Sys=0.00s Real=0.01s
[2022-07-19T07:36:04.143+0000][info][safepoint,stats  ] G1TryInitiateConcMark        [             29               0 ][            15295     505317    3963191    4483803 ]               0
[2022-07-19T07:36:04.143+0000][info][gc               ] GC(11) Concurrent Undo Cycle
[2022-07-19T07:36:04.143+0000][info][safepoint        ] Safepoint "G1TryInitiateConcMark", Time since last: 45183717 ns, Reaching safepoint: 520612 ns, At safepoint: 3963191 ns, Total: 4483803 ns
[2022-07-19T07:36:04.143+0000][info][gc,marking       ] GC(11) Concurrent Cleanup for Next Mark
[2022-07-19T07:36:04.143+0000][info][gc,marking       ] GC(11) Concurrent Cleanup for Next Mark 0.313ms
[2022-07-19T07:36:04.143+0000][info][gc               ] GC(11) Concurrent Undo Cycle 0.490ms
[2022-07-19T07:36:04.191+0000][info][safepoint,cleanup] updating inline caches, 0.0000212 secs
[2022-07-19T07:36:04.191+0000][info][safepoint,cleanup] compilation policy safepoint handler, 0.0000005 secs
[2022-07-19T07:36:04.192+0000][info][safepoint,cleanup] safepoint cleanup tasks, 0.0004800 secs
[2022-07-19T07:36:04.192+0000][info][gc,start         ] GC(12) Pause Young (Concurrent Start) (G1 Humongous Allocation)
[2022-07-19T07:36:04.192+0000][info][gc,task          ] GC(12) Using 8 workers of 8 for evacuation
[2022-07-19T07:36:04.195+0000][info][gc,phases        ] GC(12)   Pre Evacuate Collection Set: 0.5ms
[2022-07-19T07:36:04.195+0000][info][gc,phases        ] GC(12)   Merge Heap Roots: 0.2ms
[2022-07-19T07:36:04.195+0000][info][gc,phases        ] GC(12)   Evacuate Collection Set: 1.8ms
[2022-07-19T07:36:04.195+0000][info][gc,phases        ] GC(12)   Post Evacuate Collection Set: 0.8ms
[2022-07-19T07:36:04.195+0000][info][gc,phases        ] GC(12)   Other: 0.2ms
[2022-07-19T07:36:04.195+0000][info][gc,heap          ] GC(12) Eden regions: 1->0(90)
[2022-07-19T07:36:04.195+0000][info][gc,heap          ] GC(12) Survivor regions: 1->1(12)
[2022-07-19T07:36:04.195+0000][info][gc,heap          ] GC(12) Old regions: 8->8
[2022-07-19T07:36:04.196+0000][info][gc,heap          ] GC(12) Archive regions: 2->2
[2022-07-19T07:36:04.196+0000][info][gc,heap          ] GC(12) Humongous regions: 96->0
[2022-07-19T07:36:04.196+0000][info][gc,metaspace     ] GC(12) Metaspace: 29045K(29504K)->29045K(29504K) NonClass: 25491K(25728K)->25491K(25728K) Class: 3553K(3776K)->3553K(3776K)
[2022-07-19T07:36:04.196+0000][info][gc               ] GC(12) Pause Young (Concurrent Start) (G1 Humongous Allocation) 209M->16M(306M) 3.981ms
[2022-07-19T07:36:04.196+0000][info][gc,cpu           ] GC(12) User=0.01s Sys=0.00s Real=0.00s
[2022-07-19T07:36:04.196+0000][info][gc               ] GC(13) Concurrent Undo Cycle
[2022-07-19T07:36:04.196+0000][info][safepoint,stats  ] G1TryInitiateConcMark        [             29               0 ][            11800     550848    4245639    4808287 ]               0
[2022-07-19T07:36:04.196+0000][info][gc,marking       ] GC(13) Concurrent Cleanup for Next Mark
[2022-07-19T07:36:04.196+0000][info][safepoint        ] Safepoint "G1TryInitiateConcMark", Time since last: 48226834 ns, Reaching safepoint: 562648 ns, At safepoint: 4245639 ns, Total: 4808287 ns
[2022-07-19T07:36:04.196+0000][info][gc,marking       ] GC(13) Concurrent Cleanup for Next Mark 0.182ms
[2022-07-19T07:36:04.196+0000][info][gc               ] GC(13) Concurrent Undo Cycle 0.429ms
[2022-07-19T07:36:04.241+0000][info][safepoint,cleanup] updating inline caches, 0.0000015 secs
[2022-07-19T07:36:04.241+0000][info][safepoint,cleanup] compilation policy safepoint handler, 0.0000005 secs
[2022-07-19T07:36:04.241+0000][info][safepoint,cleanup] safepoint cleanup tasks, 0.0002778 secs
[2022-07-19T07:36:04.241+0000][info][gc,start         ] GC(14) Pause Young (Concurrent Start) (G1 Humongous Allocation)
[2022-07-19T07:36:04.241+0000][info][gc,task          ] GC(14) Using 8 workers of 8 for evacuation
[2022-07-19T07:36:04.245+0000][info][gc,phases        ] GC(14)   Pre Evacuate Collection Set: 0.5ms
[2022-07-19T07:36:04.245+0000][info][gc,phases        ] GC(14)   Merge Heap Roots: 0.2ms
[2022-07-19T07:36:04.245+0000][info][gc,phases        ] GC(14)   Evacuate Collection Set: 1.7ms
[2022-07-19T07:36:04.245+0000][info][gc,phases        ] GC(14)   Post Evacuate Collection Set: 0.9ms
[2022-07-19T07:36:04.245+0000][info][gc,phases        ] GC(14)   Other: 0.2ms
[2022-07-19T07:36:04.245+0000][info][gc,heap          ] GC(14) Eden regions: 1->0(90)
[2022-07-19T07:36:04.245+0000][info][gc,heap          ] GC(14) Survivor regions: 1->1(12)
[2022-07-19T07:36:04.245+0000][info][gc,heap          ] GC(14) Old regions: 8->8
[2022-07-19T07:36:04.245+0000][info][gc,heap          ] GC(14) Archive regions: 2->2
[2022-07-19T07:36:04.245+0000][info][gc,heap          ] GC(14) Humongous regions: 96->0
[2022-07-19T07:36:04.245+0000][info][gc,metaspace     ] GC(14) Metaspace: 29045K(29504K)->29045K(29504K) NonClass: 25491K(25728K)->25491K(25728K) Class: 3553K(3776K)->3553K(3776K)
[2022-07-19T07:36:04.245+0000][info][gc               ] GC(14) Pause Young (Concurrent Start) (G1 Humongous Allocation) 209M->16M(306M) 3.879ms
[2022-07-19T07:36:04.245+0000][info][gc,cpu           ] GC(14) User=0.00s Sys=0.01s Real=0.00s
[2022-07-19T07:36:04.245+0000][info][gc               ] GC(15) Concurrent Undo Cycle
[2022-07-19T07:36:04.245+0000][info][safepoint,stats  ] G1TryInitiateConcMark        [             29               0 ][            11758     317537    4050985    4380280 ]               0
[2022-07-19T07:36:04.245+0000][info][safepoint        ] Safepoint "G1TryInitiateConcMark", Time since last: 45084386 ns, Reaching safepoint: 329295 ns, At safepoint: 4050985 ns, Total: 4380280 ns
[2022-07-19T07:36:04.245+0000][info][gc,marking       ] GC(15) Concurrent Cleanup for Next Mark
[2022-07-19T07:36:04.246+0000][info][gc,marking       ] GC(15) Concurrent Cleanup for Next Mark 0.199ms
[2022-07-19T07:36:04.246+0000][info][gc               ] GC(15) Concurrent Undo Cycle 0.413ms
[2022-07-19T07:36:04.294+0000][info][safepoint,cleanup] compilation policy safepoint handler, 0.0000002 secs
[2022-07-19T07:36:04.294+0000][info][safepoint,cleanup] updating inline caches, 0.0000008 secs
[2022-07-19T07:36:04.294+0000][info][safepoint,cleanup] safepoint cleanup tasks, 0.0002086 secs
[2022-07-19T07:36:04.294+0000][info][gc,start         ] GC(16) Pause Young (Concurrent Start) (G1 Humongous Allocation)
[2022-07-19T07:36:04.294+0000][info][gc,task          ] GC(16) Using 8 workers of 8 for evacuation
[2022-07-19T07:36:04.297+0000][info][gc,phases        ] GC(16)   Pre Evacuate Collection Set: 0.2ms
[2022-07-19T07:36:04.297+0000][info][gc,phases        ] GC(16)   Merge Heap Roots: 0.1ms
[2022-07-19T07:36:04.297+0000][info][gc,phases        ] GC(16)   Evacuate Collection Set: 1.0ms
[2022-07-19T07:36:04.297+0000][info][gc,phases        ] GC(16)   Post Evacuate Collection Set: 0.9ms
[2022-07-19T07:36:04.297+0000][info][gc,phases        ] GC(16)   Other: 0.3ms
[2022-07-19T07:36:04.297+0000][info][gc,heap          ] GC(16) Eden regions: 1->0(90)
[2022-07-19T07:36:04.297+0000][info][gc,heap          ] GC(16) Survivor regions: 1->1(12)
[2022-07-19T07:36:04.297+0000][info][gc,heap          ] GC(16) Old regions: 8->8
[2022-07-19T07:36:04.297+0000][info][gc,heap          ] GC(16) Archive regions: 2->2
[2022-07-19T07:36:04.297+0000][info][gc,heap          ] GC(16) Humongous regions: 96->0
[2022-07-19T07:36:04.297+0000][info][gc,metaspace     ] GC(16) Metaspace: 29045K(29504K)->29045K(29504K) NonClass: 25491K(25728K)->25491K(25728K) Class: 3553K(3776K)->3553K(3776K)
[2022-07-19T07:36:04.297+0000][info][gc               ] GC(16) Pause Young (Concurrent Start) (G1 Humongous Allocation) 210M->16M(306M) 2.985ms
[2022-07-19T07:36:04.297+0000][info][gc               ] GC(17) Concurrent Undo Cycle
[2022-07-19T07:36:04.297+0000][info][gc,cpu           ] GC(16) User=0.00s Sys=0.00s Real=0.00s
[2022-07-19T07:36:04.297+0000][info][gc,marking       ] GC(17) Concurrent Cleanup for Next Mark
[2022-07-19T07:36:04.297+0000][info][safepoint,stats  ] G1TryInitiateConcMark        [             29               0 ][             6529     229346    3207075    3442950 ]               0
[2022-07-19T07:36:04.297+0000][info][safepoint        ] Safepoint "G1TryInitiateConcMark", Time since last: 48474246 ns, Reaching safepoint: 235875 ns, At safepoint: 3207075 ns, Total: 3442950 ns
[2022-07-19T07:36:04.297+0000][info][gc,marking       ] GC(17) Concurrent Cleanup for Next Mark 0.183ms
[2022-07-19T07:36:04.297+0000][info][gc               ] GC(17) Concurrent Undo Cycle 0.362ms
[2022-07-19T07:36:04.339+0000][info][safepoint,cleanup] compilation policy safepoint handler, 0.0000003 secs
[2022-07-19T07:36:04.339+0000][info][safepoint,cleanup] updating inline caches, 0.0000422 secs
[2022-07-19T07:36:04.339+0000][info][safepoint,cleanup] safepoint cleanup tasks, 0.0003047 secs
[2022-07-19T07:36:04.339+0000][info][gc,start         ] GC(18) Pause Young (Concurrent Start) (G1 Humongous Allocation)
[2022-07-19T07:36:04.339+0000][info][gc,task          ] GC(18) Using 8 workers of 8 for evacuation
[2022-07-19T07:36:04.342+0000][info][gc,phases        ] GC(18)   Pre Evacuate Collection Set: 0.2ms
[2022-07-19T07:36:04.342+0000][info][gc,phases        ] GC(18)   Merge Heap Roots: 0.2ms
[2022-07-19T07:36:04.342+0000][info][gc,phases        ] GC(18)   Evacuate Collection Set: 0.8ms
[2022-07-19T07:36:04.342+0000][info][gc,phases        ] GC(18)   Post Evacuate Collection Set: 1.6ms
[2022-07-19T07:36:04.342+0000][info][gc,phases        ] GC(18)   Other: 0.1ms
[2022-07-19T07:36:04.342+0000][info][gc,heap          ] GC(18) Eden regions: 1->0(150)
[2022-07-19T07:36:04.342+0000][info][gc,heap          ] GC(18) Survivor regions: 1->1(12)
[2022-07-19T07:36:04.342+0000][info][gc,heap          ] GC(18) Old regions: 8->8
[2022-07-19T07:36:04.342+0000][info][gc,heap          ] GC(18) Archive regions: 2->2
[2022-07-19T07:36:04.342+0000][info][gc,heap          ] GC(18) Humongous regions: 96->0
[2022-07-19T07:36:04.342+0000][info][gc,metaspace     ] GC(18) Metaspace: 29045K(29504K)->29045K(29504K) NonClass: 25491K(25728K)->25491K(25728K) Class: 3553K(3776K)->3553K(3776K)
[2022-07-19T07:36:04.342+0000][info][gc               ] GC(18) Pause Young (Concurrent Start) (G1 Humongous Allocation) 209M->16M(504M) 3.249ms
[2022-07-19T07:36:04.343+0000][info][gc,cpu           ] GC(18) User=0.01s Sys=0.00s Real=0.01s
[2022-07-19T07:36:04.343+0000][info][safepoint,stats  ] G1TryInitiateConcMark        [             29               0 ][             9904     351238    3329854    3690996 ]               0
[2022-07-19T07:36:04.343+0000][info][safepoint        ] Safepoint "G1TryInitiateConcMark", Time since last: 41585688 ns, Reaching safepoint: 361142 ns, At safepoint: 3329854 ns, Total: 3690996 ns
[2022-07-19T07:36:04.343+0000][info][gc               ] GC(19) Concurrent Undo Cycle
[2022-07-19T07:36:04.343+0000][info][gc,marking       ] GC(19) Concurrent Cleanup for Next Mark
[2022-07-19T07:36:04.343+0000][info][gc,marking       ] GC(19) Concurrent Cleanup for Next Mark 0.134ms
[2022-07-19T07:36:04.343+0000][info][gc               ] GC(19) Concurrent Undo Cycle 0.307ms
[2022-07-19T07:36:04.388+0000][info][safepoint,cleanup] updating inline caches, 0.0000007 secs
[2022-07-19T07:36:04.388+0000][info][safepoint,cleanup] compilation policy safepoint handler, 0.0000002 secs
[2022-07-19T07:36:04.388+0000][info][safepoint,cleanup] safepoint cleanup tasks, 0.0000913 secs
[2022-07-19T07:36:04.388+0000][info][gc,start         ] GC(20) Pause Young (Concurrent Start) (G1 Humongous Allocation)
[2022-07-19T07:36:04.388+0000][info][gc,task          ] GC(20) Using 8 workers of 8 for evacuation
[2022-07-19T07:36:04.390+0000][info][gc,phases        ] GC(20)   Pre Evacuate Collection Set: 0.2ms
[2022-07-19T07:36:04.390+0000][info][gc,phases        ] GC(20)   Merge Heap Roots: 0.0ms
[2022-07-19T07:36:04.390+0000][info][gc,phases        ] GC(20)   Evacuate Collection Set: 0.7ms
[2022-07-19T07:36:04.390+0000][info][gc,phases        ] GC(20)   Post Evacuate Collection Set: 0.3ms
[2022-07-19T07:36:04.390+0000][info][gc,phases        ] GC(20)   Other: 0.1ms
[2022-07-19T07:36:04.390+0000][info][gc,heap          ] GC(20) Eden regions: 1->0(150)
[2022-07-19T07:36:04.390+0000][info][gc,heap          ] GC(20) Survivor regions: 1->1(19)
[2022-07-19T07:36:04.390+0000][info][gc,heap          ] GC(20) Old regions: 8->8
[2022-07-19T07:36:04.390+0000][info][gc,heap          ] GC(20) Archive regions: 2->2
[2022-07-19T07:36:04.390+0000][info][gc,heap          ] GC(20) Humongous regions: 96->0
[2022-07-19T07:36:04.390+0000][info][gc,metaspace     ] GC(20) Metaspace: 29045K(29504K)->29045K(29504K) NonClass: 25491K(25728K)->25491K(25728K) Class: 3553K(3776K)->3553K(3776K)
[2022-07-19T07:36:04.390+0000][info][gc               ] GC(20) Pause Young (Concurrent Start) (G1 Humongous Allocation) 209M->16M(504M) 1.608ms
[2022-07-19T07:36:04.390+0000][info][gc,cpu           ] GC(20) User=0.00s Sys=0.00s Real=0.01s
[2022-07-19T07:36:04.390+0000][info][gc               ] GC(21) Concurrent Undo Cycle
[2022-07-19T07:36:04.390+0000][info][safepoint,stats  ] G1TryInitiateConcMark        [             29               0 ][             4404     101123    1683082    1788609 ]               0
[2022-07-19T07:36:04.390+0000][info][gc,marking       ] GC(21) Concurrent Cleanup for Next Mark
[2022-07-19T07:36:04.390+0000][info][safepoint        ] Safepoint "G1TryInitiateConcMark", Time since last: 45712077 ns, Reaching safepoint: 105527 ns, At safepoint: 1683082 ns, Total: 1788609 ns
[2022-07-19T07:36:04.390+0000][info][gc,marking       ] GC(21) Concurrent Cleanup for Next Mark 0.094ms
[2022-07-19T07:36:04.390+0000][info][gc               ] GC(21) Concurrent Undo Cycle 0.190ms
[2022-07-19T07:36:04.431+0000][info][safepoint,cleanup] compilation policy safepoint handler, 0.0000001 secs
[2022-07-19T07:36:04.431+0000][info][safepoint,cleanup] updating inline caches, 0.0000005 secs
[2022-07-19T07:36:04.431+0000][info][safepoint,cleanup] safepoint cleanup tasks, 0.0000924 secs
[2022-07-19T07:36:04.431+0000][info][gc,start         ] GC(22) Pause Young (Concurrent Start) (G1 Humongous Allocation)
[2022-07-19T07:36:04.431+0000][info][gc,task          ] GC(22) Using 8 workers of 8 for evacuation
[2022-07-19T07:36:04.432+0000][info][gc,phases        ] GC(22)   Pre Evacuate Collection Set: 0.2ms
[2022-07-19T07:36:04.432+0000][info][gc,phases        ] GC(22)   Merge Heap Roots: 0.0ms
[2022-07-19T07:36:04.432+0000][info][gc,phases        ] GC(22)   Evacuate Collection Set: 0.5ms
[2022-07-19T07:36:04.432+0000][info][gc,phases        ] GC(22)   Post Evacuate Collection Set: 0.3ms
[2022-07-19T07:36:04.432+0000][info][gc,phases        ] GC(22)   Other: 0.0ms
[2022-07-19T07:36:04.432+0000][info][gc,heap          ] GC(22) Eden regions: 1->0(150)
[2022-07-19T07:36:04.432+0000][info][gc,heap          ] GC(22) Survivor regions: 1->1(19)
[2022-07-19T07:36:04.432+0000][info][gc,heap          ] GC(22) Old regions: 8->8
[2022-07-19T07:36:04.432+0000][info][gc,heap          ] GC(22) Archive regions: 2->2
[2022-07-19T07:36:04.432+0000][info][gc,heap          ] GC(22) Humongous regions: 96->0
[2022-07-19T07:36:04.432+0000][info][gc,metaspace     ] GC(22) Metaspace: 29045K(29504K)->29045K(29504K) NonClass: 25491K(25728K)->25491K(25728K) Class: 3553K(3776K)->3553K(3776K)
[2022-07-19T07:36:04.432+0000][info][gc               ] GC(22) Pause Young (Concurrent Start) (G1 Humongous Allocation) 209M->16M(504M) 1.220ms
[2022-07-19T07:36:04.432+0000][info][gc,cpu           ] GC(22) User=0.00s Sys=0.00s Real=0.00s
[2022-07-19T07:36:04.432+0000][info][gc               ] GC(23) Concurrent Undo Cycle
[2022-07-19T07:36:04.432+0000][info][safepoint,stats  ] G1TryInitiateConcMark        [             29               0 ][             6725     102276    1292732    1401733 ]               0
[2022-07-19T07:36:04.432+0000][info][gc,marking       ] GC(23) Concurrent Cleanup for Next Mark
[2022-07-19T07:36:04.432+0000][info][safepoint        ] Safepoint "G1TryInitiateConcMark", Time since last: 40496545 ns, Reaching safepoint: 109001 ns, At safepoint: 1292732 ns, Total: 1401733 ns
[2022-07-19T07:36:04.432+0000][info][gc,marking       ] GC(23) Concurrent Cleanup for Next Mark 0.207ms
[2022-07-19T07:36:04.432+0000][info][gc               ] GC(23) Concurrent Undo Cycle 0.284ms
[2022-07-19T07:36:04.473+0000][info][safepoint,cleanup] compilation policy safepoint handler, 0.0000003 secs
[2022-07-19T07:36:04.473+0000][info][safepoint,cleanup] updating inline caches, 0.0000188 secs
[2022-07-19T07:36:04.473+0000][info][safepoint,cleanup] safepoint cleanup tasks, 0.0001968 secs
[2022-07-19T07:36:04.473+0000][info][gc,start         ] GC(24) Pause Young (Concurrent Start) (G1 Humongous Allocation)
[2022-07-19T07:36:04.473+0000][info][gc,task          ] GC(24) Using 8 workers of 8 for evacuation
[2022-07-19T07:36:04.474+0000][info][gc,phases        ] GC(24)   Pre Evacuate Collection Set: 0.2ms
[2022-07-19T07:36:04.474+0000][info][gc,phases        ] GC(24)   Merge Heap Roots: 0.0ms
[2022-07-19T07:36:04.474+0000][info][gc,phases        ] GC(24)   Evacuate Collection Set: 0.4ms
[2022-07-19T07:36:04.474+0000][info][gc,phases        ] GC(24)   Post Evacuate Collection Set: 0.4ms
[2022-07-19T07:36:04.475+0000][info][gc,phases        ] GC(24)   Other: 0.1ms
[2022-07-19T07:36:04.475+0000][info][gc,heap          ] GC(24) Eden regions: 1->0(150)
[2022-07-19T07:36:04.475+0000][info][gc,heap          ] GC(24) Survivor regions: 1->1(19)
[2022-07-19T07:36:04.475+0000][info][gc,heap          ] GC(24) Old regions: 8->8
[2022-07-19T07:36:04.475+0000][info][gc,heap          ] GC(24) Archive regions: 2->2
[2022-07-19T07:36:04.475+0000][info][gc,heap          ] GC(24) Humongous regions: 96->0
[2022-07-19T07:36:04.475+0000][info][gc,metaspace     ] GC(24) Metaspace: 29045K(29504K)->29045K(29504K) NonClass: 25491K(25728K)->25491K(25728K) Class: 3553K(3776K)->3553K(3776K)
[2022-07-19T07:36:04.475+0000][info][gc               ] GC(24) Pause Young (Concurrent Start) (G1 Humongous Allocation) 210M->16M(504M) 1.442ms
[2022-07-19T07:36:04.475+0000][info][gc               ] GC(25) Concurrent Undo Cycle
[2022-07-19T07:36:04.475+0000][info][gc,cpu           ] GC(24) User=0.01s Sys=0.01s Real=0.00s
[2022-07-19T07:36:04.475+0000][info][safepoint,stats  ] G1TryInitiateConcMark        [             29               0 ][             9196     213886    1573459    1796541 ]               0
[2022-07-19T07:36:04.475+0000][info][gc,marking       ] GC(25) Concurrent Cleanup for Next Mark
[2022-07-19T07:36:04.475+0000][info][safepoint        ] Safepoint "G1TryInitiateConcMark", Time since last: 40970334 ns, Reaching safepoint: 223082 ns, At safepoint: 1573459 ns, Total: 1796541 ns
[2022-07-19T07:36:04.475+0000][info][gc,marking       ] GC(25) Concurrent Cleanup for Next Mark 0.116ms
[2022-07-19T07:36:04.475+0000][info][gc               ] GC(25) Concurrent Undo Cycle 0.238ms
[2022-07-19T07:36:04.524+0000][info][safepoint,cleanup] compilation policy safepoint handler, 0.0000001 secs
[2022-07-19T07:36:04.524+0000][info][safepoint,cleanup] updating inline caches, 0.0000102 secs
[2022-07-19T07:36:04.524+0000][info][safepoint,cleanup] safepoint cleanup tasks, 0.0000774 secs
[2022-07-19T07:36:04.524+0000][info][gc,start         ] GC(26) Pause Young (Concurrent Start) (G1 Humongous Allocation)
[2022-07-19T07:36:04.524+0000][info][gc,task          ] GC(26) Using 8 workers of 8 for evacuation
[2022-07-19T07:36:04.526+0000][info][gc,phases        ] GC(26)   Pre Evacuate Collection Set: 0.1ms
[2022-07-19T07:36:04.526+0000][info][gc,phases        ] GC(26)   Merge Heap Roots: 0.0ms
[2022-07-19T07:36:04.526+0000][info][gc,phases        ] GC(26)   Evacuate Collection Set: 0.4ms
[2022-07-19T07:36:04.526+0000][info][gc,phases        ] GC(26)   Post Evacuate Collection Set: 0.6ms
[2022-07-19T07:36:04.526+0000][info][gc,phases        ] GC(26)   Other: 0.1ms
[2022-07-19T07:36:04.526+0000][info][gc,heap          ] GC(26) Eden regions: 1->0(183)
[2022-07-19T07:36:04.526+0000][info][gc,heap          ] GC(26) Survivor regions: 1->1(19)
[2022-07-19T07:36:04.526+0000][info][gc,heap          ] GC(26) Old regions: 8->8
[2022-07-19T07:36:04.526+0000][info][gc,heap          ] GC(26) Archive regions: 2->2
[2022-07-19T07:36:04.526+0000][info][gc,heap          ] GC(26) Humongous regions: 96->0
[2022-07-19T07:36:04.526+0000][info][gc,metaspace     ] GC(26) Metaspace: 29046K(29504K)->29046K(29504K) NonClass: 25493K(25728K)->25493K(25728K) Class: 3553K(3776K)->3553K(3776K)
[2022-07-19T07:36:04.526+0000][info][gc               ] GC(26) Pause Young (Concurrent Start) (G1 Humongous Allocation) 209M->16M(614M) 1.388ms
[2022-07-19T07:36:04.526+0000][info][gc               ] GC(27) Concurrent Undo Cycle
[2022-07-19T07:36:04.526+0000][info][gc,cpu           ] GC(26) User=0.01s Sys=0.00s Real=0.00s
[2022-07-19T07:36:04.526+0000][info][gc,marking       ] GC(27) Concurrent Cleanup for Next Mark
[2022-07-19T07:36:04.526+0000][info][safepoint,stats  ] G1TryInitiateConcMark        [             29               0 ][             4540      86176    1463502    1554218 ]               0
[2022-07-19T07:36:04.526+0000][info][safepoint        ] Safepoint "G1TryInitiateConcMark", Time since last: 49628558 ns, Reaching safepoint: 90716 ns, At safepoint: 1463502 ns, Total: 1554218 ns
[2022-07-19T07:36:04.526+0000][info][gc,marking       ] GC(27) Concurrent Cleanup for Next Mark 0.083ms
[2022-07-19T07:36:04.526+0000][info][gc               ] GC(27) Concurrent Undo Cycle 0.145ms
[2022-07-19T07:36:04.566+0000][info][safepoint,cleanup] compilation policy safepoint handler, 0.0000002 secs
[2022-07-19T07:36:04.566+0000][info][safepoint,cleanup] updating inline caches, 0.0000005 secs
[2022-07-19T07:36:04.566+0000][info][safepoint,cleanup] safepoint cleanup tasks, 0.0001259 secs
[2022-07-19T07:36:04.566+0000][info][gc,start         ] GC(28) Pause Young (Concurrent Start) (G1 Humongous Allocation)
[2022-07-19T07:36:04.566+0000][info][gc,task          ] GC(28) Using 8 workers of 8 for evacuation
[2022-07-19T07:36:04.567+0000][info][gc,phases        ] GC(28)   Pre Evacuate Collection Set: 0.1ms
[2022-07-19T07:36:04.567+0000][info][gc,phases        ] GC(28)   Merge Heap Roots: 0.0ms
[2022-07-19T07:36:04.567+0000][info][gc,phases        ] GC(28)   Evacuate Collection Set: 0.4ms
[2022-07-19T07:36:04.567+0000][info][gc,phases        ] GC(28)   Post Evacuate Collection Set: 0.2ms
[2022-07-19T07:36:04.567+0000][info][gc,phases        ] GC(28)   Other: 0.0ms
[2022-07-19T07:36:04.567+0000][info][gc,heap          ] GC(28) Eden regions: 1->0(183)
[2022-07-19T07:36:04.567+0000][info][gc,heap          ] GC(28) Survivor regions: 1->1(23)
[2022-07-19T07:36:04.567+0000][info][gc,heap          ] GC(28) Old regions: 8->8
[2022-07-19T07:36:04.567+0000][info][gc,heap          ] GC(28) Archive regions: 2->2
[2022-07-19T07:36:04.567+0000][info][gc,heap          ] GC(28) Humongous regions: 96->0
[2022-07-19T07:36:04.567+0000][info][gc,metaspace     ] GC(28) Metaspace: 29046K(29504K)->29046K(29504K) NonClass: 25493K(25728K)->25493K(25728K) Class: 3553K(3776K)->3553K(3776K)
[2022-07-19T07:36:04.567+0000][info][gc               ] GC(28) Pause Young (Concurrent Start) (G1 Humongous Allocation) 209M->16M(614M) 0.988ms
[2022-07-19T07:36:04.567+0000][info][gc,cpu           ] GC(28) User=0.01s Sys=0.00s Real=0.00s
[2022-07-19T07:36:04.567+0000][info][gc               ] GC(29) Concurrent Undo Cycle
[2022-07-19T07:36:04.567+0000][info][safepoint,stats  ] G1TryInitiateConcMark        [             29               0 ][             7711     159853    1066323    1233887 ]               0
[2022-07-19T07:36:04.567+0000][info][safepoint        ] Safepoint "G1TryInitiateConcMark", Time since last: 40340667 ns, Reaching safepoint: 167564 ns, At safepoint: 1066323 ns, Total: 1233887 ns
[2022-07-19T07:36:04.567+0000][info][gc,marking       ] GC(29) Concurrent Cleanup for Next Mark
[2022-07-19T07:36:04.568+0000][info][gc,marking       ] GC(29) Concurrent Cleanup for Next Mark 0.082ms
[2022-07-19T07:36:04.568+0000][info][gc               ] GC(29) Concurrent Undo Cycle 0.136ms
[2022-07-19T07:36:04.605+0000][info][safepoint,cleanup] updating inline caches, 0.0000006 secs
[2022-07-19T07:36:04.605+0000][info][safepoint,cleanup] compilation policy safepoint handler, 0.0000001 secs
[2022-07-19T07:36:04.605+0000][info][safepoint,cleanup] safepoint cleanup tasks, 0.0001702 secs
[2022-07-19T07:36:04.605+0000][info][gc,start         ] GC(30) Pause Young (Concurrent Start) (G1 Humongous Allocation)
[2022-07-19T07:36:04.605+0000][info][gc,task          ] GC(30) Using 8 workers of 8 for evacuation
[2022-07-19T07:36:04.606+0000][info][gc,phases        ] GC(30)   Pre Evacuate Collection Set: 0.2ms
[2022-07-19T07:36:04.606+0000][info][gc,phases        ] GC(30)   Merge Heap Roots: 0.0ms
[2022-07-19T07:36:04.606+0000][info][gc,phases        ] GC(30)   Evacuate Collection Set: 0.4ms
[2022-07-19T07:36:04.606+0000][info][gc,phases        ] GC(30)   Post Evacuate Collection Set: 0.5ms
[2022-07-19T07:36:04.606+0000][info][gc,phases        ] GC(30)   Other: 0.1ms
[2022-07-19T07:36:04.606+0000][info][gc,heap          ] GC(30) Eden regions: 1->0(183)
[2022-07-19T07:36:04.606+0000][info][gc,heap          ] GC(30) Survivor regions: 1->1(23)
[2022-07-19T07:36:04.606+0000][info][gc,heap          ] GC(30) Old regions: 8->8
[2022-07-19T07:36:04.606+0000][info][gc,heap          ] GC(30) Archive regions: 2->2
[2022-07-19T07:36:04.606+0000][info][gc,heap          ] GC(30) Humongous regions: 96->0
[2022-07-19T07:36:04.606+0000][info][gc,metaspace     ] GC(30) Metaspace: 29046K(29504K)->29046K(29504K) NonClass: 25493K(25728K)->25493K(25728K) Class: 3553K(3776K)->3553K(3776K)
[2022-07-19T07:36:04.606+0000][info][gc               ] GC(30) Pause Young (Concurrent Start) (G1 Humongous Allocation) 209M->16M(614M) 1.490ms
[2022-07-19T07:36:04.606+0000][info][gc,cpu           ] GC(30) User=0.01s Sys=0.00s Real=0.00s
[2022-07-19T07:36:04.606+0000][info][safepoint,stats  ] G1TryInitiateConcMark        [             29               0 ][             4422     178117    1626042    1808581 ]               0
[2022-07-19T07:36:04.606+0000][info][safepoint        ] Safepoint "G1TryInitiateConcMark", Time since last: 37132187 ns, Reaching safepoint: 182539 ns, At safepoint: 1626042 ns, Total: 1808581 ns
[2022-07-19T07:36:04.606+0000][info][gc               ] GC(31) Concurrent Undo Cycle
[2022-07-19T07:36:04.606+0000][info][gc,marking       ] GC(31) Concurrent Cleanup for Next Mark
[2022-07-19T07:36:04.607+0000][info][gc,marking       ] GC(31) Concurrent Cleanup for Next Mark 0.062ms
[2022-07-19T07:36:04.607+0000][info][gc               ] GC(31) Concurrent Undo Cycle 0.116ms
[2022-07-19T07:36:04.644+0000][info][safepoint,cleanup] compilation policy safepoint handler, 0.0000003 secs
[2022-07-19T07:36:04.644+0000][info][safepoint,cleanup] updating inline caches, 0.0000013 secs
[2022-07-19T07:36:04.644+0000][info][safepoint,cleanup] safepoint cleanup tasks, 0.0001630 secs
[2022-07-19T07:36:04.644+0000][info][gc,start         ] GC(32) Pause Young (Concurrent Start) (G1 Humongous Allocation)
[2022-07-19T07:36:04.644+0000][info][gc,task          ] GC(32) Using 8 workers of 8 for evacuation
[2022-07-19T07:36:04.646+0000][info][gc,phases        ] GC(32)   Pre Evacuate Collection Set: 0.2ms
[2022-07-19T07:36:04.646+0000][info][gc,phases        ] GC(32)   Merge Heap Roots: 0.1ms
[2022-07-19T07:36:04.646+0000][info][gc,phases        ] GC(32)   Evacuate Collection Set: 0.8ms
[2022-07-19T07:36:04.646+0000][info][gc,phases        ] GC(32)   Post Evacuate Collection Set: 0.3ms
[2022-07-19T07:36:04.646+0000][info][gc,phases        ] GC(32)   Other: 0.2ms
[2022-07-19T07:36:04.646+0000][info][gc,heap          ] GC(32) Eden regions: 1->0(183)
[2022-07-19T07:36:04.646+0000][info][gc,heap          ] GC(32) Survivor regions: 1->1(23)
[2022-07-19T07:36:04.646+0000][info][gc,heap          ] GC(32) Old regions: 8->8
[2022-07-19T07:36:04.646+0000][info][gc,heap          ] GC(32) Archive regions: 2->2
[2022-07-19T07:36:04.646+0000][info][gc,heap          ] GC(32) Humongous regions: 96->0
[2022-07-19T07:36:04.646+0000][info][gc,metaspace     ] GC(32) Metaspace: 29046K(29504K)->29046K(29504K) NonClass: 25493K(25728K)->25493K(25728K) Class: 3553K(3776K)->3553K(3776K)
[2022-07-19T07:36:04.646+0000][info][gc               ] GC(32) Pause Young (Concurrent Start) (G1 Humongous Allocation) 209M->16M(614M) 1.821ms
[2022-07-19T07:36:04.646+0000][info][gc,cpu           ] GC(32) User=0.01s Sys=0.00s Real=0.00s
[2022-07-19T07:36:04.646+0000][info][safepoint,stats  ] G1TryInitiateConcMark        [             29               0 ][             4861     174322    1902771    2081954 ]               0
[2022-07-19T07:36:04.646+0000][info][safepoint        ] Safepoint "G1TryInitiateConcMark", Time since last: 37550070 ns, Reaching safepoint: 179183 ns, At safepoint: 1902771 ns, Total: 2081954 ns
[2022-07-19T07:36:04.646+0000][info][gc               ] GC(33) Concurrent Undo Cycle
[2022-07-19T07:36:04.646+0000][info][gc,marking       ] GC(33) Concurrent Cleanup for Next Mark
[2022-07-19T07:36:04.646+0000][info][gc,marking       ] GC(33) Concurrent Cleanup for Next Mark 0.121ms
[2022-07-19T07:36:04.646+0000][info][gc               ] GC(33) Concurrent Undo Cycle 0.217ms
[2022-07-19T07:36:04.687+0000][info][safepoint,cleanup] compilation policy safepoint handler, 0.0000004 secs
[2022-07-19T07:36:04.687+0000][info][safepoint,cleanup] updating inline caches, 0.0000324 secs
[2022-07-19T07:36:04.687+0000][info][safepoint,cleanup] safepoint cleanup tasks, 0.0001706 secs
[2022-07-19T07:36:04.687+0000][info][gc,start         ] GC(34) Pause Young (Concurrent Start) (G1 Humongous Allocation)
[2022-07-19T07:36:04.688+0000][info][gc,task          ] GC(34) Using 8 workers of 8 for evacuation
[2022-07-19T07:36:04.689+0000][info][gc,phases        ] GC(34)   Pre Evacuate Collection Set: 0.3ms
[2022-07-19T07:36:04.689+0000][info][gc,phases        ] GC(34)   Merge Heap Roots: 0.1ms
[2022-07-19T07:36:04.689+0000][info][gc,phases        ] GC(34)   Evacuate Collection Set: 0.8ms
[2022-07-19T07:36:04.689+0000][info][gc,phases        ] GC(34)   Post Evacuate Collection Set: 0.5ms
[2022-07-19T07:36:04.689+0000][info][gc,phases        ] GC(34)   Other: 0.1ms
[2022-07-19T07:36:04.689+0000][info][gc,heap          ] GC(34) Eden regions: 1->0(183)
[2022-07-19T07:36:04.690+0000][info][gc,heap          ] GC(34) Survivor regions: 1->1(23)
[2022-07-19T07:36:04.690+0000][info][gc,heap          ] GC(34) Old regions: 8->8
[2022-07-19T07:36:04.690+0000][info][gc,heap          ] GC(34) Archive regions: 2->2
[2022-07-19T07:36:04.690+0000][info][gc,heap          ] GC(34) Humongous regions: 96->0
[2022-07-19T07:36:04.690+0000][info][gc,metaspace     ] GC(34) Metaspace: 29046K(29504K)->29046K(29504K) NonClass: 25493K(25728K)->25493K(25728K) Class: 3553K(3776K)->3553K(3776K)
[2022-07-19T07:36:04.690+0000][info][gc               ] GC(34) Pause Young (Concurrent Start) (G1 Humongous Allocation) 209M->16M(614M) 2.135ms
[2022-07-19T07:36:04.690+0000][info][gc,cpu           ] GC(34) User=0.01s Sys=0.00s Real=0.01s
[2022-07-19T07:36:04.690+0000][info][gc               ] GC(35) Concurrent Undo Cycle
[2022-07-19T07:36:04.690+0000][info][safepoint,stats  ] G1TryInitiateConcMark        [             29               0 ][             6140     189747    2223343    2419230 ]               0
[2022-07-19T07:36:04.690+0000][info][gc,marking       ] GC(35) Concurrent Cleanup for Next Mark
[2022-07-19T07:36:04.690+0000][info][safepoint        ] Safepoint "G1TryInitiateConcMark", Time since last: 41218867 ns, Reaching safepoint: 195887 ns, At safepoint: 2223343 ns, Total: 2419230 ns
[2022-07-19T07:36:04.690+0000][info][gc,marking       ] GC(35) Concurrent Cleanup for Next Mark 0.108ms
[2022-07-19T07:36:04.690+0000][info][gc               ] GC(35) Concurrent Undo Cycle 0.229ms
[2022-07-19T07:36:04.736+0000][info][safepoint,cleanup] updating inline caches, 0.0000007 secs
[2022-07-19T07:36:04.736+0000][info][safepoint,cleanup] compilation policy safepoint handler, 0.0000001 secs
[2022-07-19T07:36:04.736+0000][info][safepoint,cleanup] safepoint cleanup tasks, 0.0001259 secs
[2022-07-19T07:36:04.736+0000][info][gc,start         ] GC(36) Pause Young (Concurrent Start) (G1 Humongous Allocation)
[2022-07-19T07:36:04.736+0000][info][gc,task          ] GC(36) Using 8 workers of 8 for evacuation
[2022-07-19T07:36:04.737+0000][info][gc,phases        ] GC(36)   Pre Evacuate Collection Set: 0.1ms
[2022-07-19T07:36:04.737+0000][info][gc,phases        ] GC(36)   Merge Heap Roots: 0.1ms
[2022-07-19T07:36:04.737+0000][info][gc,phases        ] GC(36)   Evacuate Collection Set: 0.4ms
[2022-07-19T07:36:04.737+0000][info][gc,phases        ] GC(36)   Post Evacuate Collection Set: 0.8ms
[2022-07-19T07:36:04.737+0000][info][gc,phases        ] GC(36)   Other: 0.1ms
[2022-07-19T07:36:04.737+0000][info][gc,heap          ] GC(36) Eden regions: 1->0(220)
[2022-07-19T07:36:04.737+0000][info][gc,heap          ] GC(36) Survivor regions: 1->1(23)
[2022-07-19T07:36:04.737+0000][info][gc,heap          ] GC(36) Old regions: 8->8
[2022-07-19T07:36:04.737+0000][info][gc,heap          ] GC(36) Archive regions: 2->2
[2022-07-19T07:36:04.737+0000][info][gc,heap          ] GC(36) Humongous regions: 96->0
[2022-07-19T07:36:04.737+0000][info][gc,metaspace     ] GC(36) Metaspace: 29046K(29504K)->29046K(29504K) NonClass: 25493K(25728K)->25493K(25728K) Class: 3553K(3776K)->3553K(3776K)
[2022-07-19T07:36:04.738+0000][info][gc               ] GC(36) Pause Young (Concurrent Start) (G1 Humongous Allocation) 209M->16M(738M) 1.726ms
[2022-07-19T07:36:04.738+0000][info][gc               ] GC(37) Concurrent Undo Cycle
[2022-07-19T07:36:04.738+0000][info][gc,cpu           ] GC(36) User=0.00s Sys=0.00s Real=0.00s
[2022-07-19T07:36:04.738+0000][info][gc,marking       ] GC(37) Concurrent Cleanup for Next Mark
[2022-07-19T07:36:04.738+0000][info][safepoint,stats  ] G1TryInitiateConcMark        [             29               0 ][             6960     136063    1830956    1973979 ]               0
[2022-07-19T07:36:04.738+0000][info][safepoint        ] Safepoint "G1TryInitiateConcMark", Time since last: 45983305 ns, Reaching safepoint: 143023 ns, At safepoint: 1830956 ns, Total: 1973979 ns
[2022-07-19T07:36:04.738+0000][info][gc,marking       ] GC(37) Concurrent Cleanup for Next Mark 0.073ms
[2022-07-19T07:36:04.738+0000][info][gc               ] GC(37) Concurrent Undo Cycle 0.136ms
[2022-07-19T07:36:04.783+0000][info][safepoint,cleanup] compilation policy safepoint handler, 0.0000003 secs
[2022-07-19T07:36:04.783+0000][info][safepoint,cleanup] updating inline caches, 0.0000219 secs
[2022-07-19T07:36:04.784+0000][info][safepoint,cleanup] safepoint cleanup tasks, 0.0004058 secs
[2022-07-19T07:36:04.784+0000][info][gc,start         ] GC(38) Pause Young (Concurrent Start) (G1 Humongous Allocation)
[2022-07-19T07:36:04.784+0000][info][gc,task          ] GC(38) Using 8 workers of 8 for evacuation
[2022-07-19T07:36:04.786+0000][info][gc,phases        ] GC(38)   Pre Evacuate Collection Set: 0.3ms
[2022-07-19T07:36:04.786+0000][info][gc,phases        ] GC(38)   Merge Heap Roots: 0.1ms
[2022-07-19T07:36:04.786+0000][info][gc,phases        ] GC(38)   Evacuate Collection Set: 0.8ms
[2022-07-19T07:36:04.786+0000][info][gc,phases        ] GC(38)   Post Evacuate Collection Set: 0.7ms
[2022-07-19T07:36:04.786+0000][info][gc,phases        ] GC(38)   Other: 0.1ms
[2022-07-19T07:36:04.786+0000][info][gc,heap          ] GC(38) Eden regions: 1->0(220)
[2022-07-19T07:36:04.786+0000][info][gc,heap          ] GC(38) Survivor regions: 1->1(28)
[2022-07-19T07:36:04.786+0000][info][gc,heap          ] GC(38) Old regions: 8->8
[2022-07-19T07:36:04.786+0000][info][gc,heap          ] GC(38) Archive regions: 2->2
[2022-07-19T07:36:04.786+0000][info][gc,heap          ] GC(38) Humongous regions: 96->0
[2022-07-19T07:36:04.786+0000][info][gc,metaspace     ] GC(38) Metaspace: 29046K(29504K)->29046K(29504K) NonClass: 25493K(25728K)->25493K(25728K) Class: 3553K(3776K)->3553K(3776K)
[2022-07-19T07:36:04.786+0000][info][gc               ] GC(38) Pause Young (Concurrent Start) (G1 Humongous Allocation) 209M->16M(738M) 2.440ms
[2022-07-19T07:36:04.786+0000][info][gc,cpu           ] GC(38) User=0.01s Sys=0.00s Real=0.00s
[2022-07-19T07:36:04.786+0000][info][gc               ] GC(39) Concurrent Undo Cycle
[2022-07-19T07:36:04.786+0000][info][safepoint,stats  ] G1TryInitiateConcMark        [             29               0 ][             7842     440091    2571406    3019339 ]               0
[2022-07-19T07:36:04.786+0000][info][gc,marking       ] GC(39) Concurrent Cleanup for Next Mark
[2022-07-19T07:36:04.786+0000][info][safepoint        ] Safepoint "G1TryInitiateConcMark", Time since last: 45678479 ns, Reaching safepoint: 447933 ns, At safepoint: 2571406 ns, Total: 3019339 ns
[2022-07-19T07:36:04.787+0000][info][gc,marking       ] GC(39) Concurrent Cleanup for Next Mark 0.211ms
[2022-07-19T07:36:04.787+0000][info][gc               ] GC(39) Concurrent Undo Cycle 0.344ms
[2022-07-19T07:36:04.834+0000][info][safepoint,cleanup] updating inline caches, 0.0000015 secs
[2022-07-19T07:36:04.834+0000][info][safepoint,cleanup] compilation policy safepoint handler, 0.0000003 secs
[2022-07-19T07:36:04.835+0000][info][safepoint,cleanup] safepoint cleanup tasks, 0.0004518 secs
[2022-07-19T07:36:04.835+0000][info][gc,start         ] GC(40) Pause Young (Concurrent Start) (G1 Humongous Allocation)
[2022-07-19T07:36:04.835+0000][info][gc,task          ] GC(40) Using 8 workers of 8 for evacuation
[2022-07-19T07:36:04.838+0000][info][gc,phases        ] GC(40)   Pre Evacuate Collection Set: 0.4ms
[2022-07-19T07:36:04.838+0000][info][gc,phases        ] GC(40)   Merge Heap Roots: 0.2ms
[2022-07-19T07:36:04.838+0000][info][gc,phases        ] GC(40)   Evacuate Collection Set: 1.2ms
[2022-07-19T07:36:04.838+0000][info][gc,phases        ] GC(40)   Post Evacuate Collection Set: 0.9ms
[2022-07-19T07:36:04.838+0000][info][gc,phases        ] GC(40)   Other: 0.2ms
[2022-07-19T07:36:04.838+0000][info][gc,heap          ] GC(40) Eden regions: 1->0(220)
[2022-07-19T07:36:04.838+0000][info][gc,heap          ] GC(40) Survivor regions: 1->1(28)
[2022-07-19T07:36:04.838+0000][info][gc,heap          ] GC(40) Old regions: 8->8
[2022-07-19T07:36:04.838+0000][info][gc,heap          ] GC(40) Archive regions: 2->2
[2022-07-19T07:36:04.838+0000][info][gc,heap          ] GC(40) Humongous regions: 96->0
[2022-07-19T07:36:04.838+0000][info][gc,metaspace     ] GC(40) Metaspace: 29047K(29504K)->29047K(29504K) NonClass: 25493K(25728K)->25493K(25728K) Class: 3553K(3776K)->3553K(3776K)
[2022-07-19T07:36:04.838+0000][info][gc               ] GC(40) Pause Young (Concurrent Start) (G1 Humongous Allocation) 209M->16M(738M) 3.485ms
[2022-07-19T07:36:04.838+0000][info][gc,cpu           ] GC(40) User=0.00s Sys=0.00s Real=0.00s
[2022-07-19T07:36:04.838+0000][info][gc               ] GC(41) Concurrent Undo Cycle
[2022-07-19T07:36:04.838+0000][info][safepoint,stats  ] G1TryInitiateConcMark        [             29               2 ][            69358     504238    3719907    4293503 ]               1
[2022-07-19T07:36:04.838+0000][info][gc,marking       ] GC(41) Concurrent Cleanup for Next Mark
[2022-07-19T07:36:04.839+0000][info][safepoint        ] Safepoint "G1TryInitiateConcMark", Time since last: 47760486 ns, Reaching safepoint: 573596 ns, At safepoint: 3719907 ns, Total: 4293503 ns
[2022-07-19T07:36:04.839+0000][info][gc,marking       ] GC(41) Concurrent Cleanup for Next Mark 0.377ms
[2022-07-19T07:36:04.839+0000][info][gc               ] GC(41) Concurrent Undo Cycle 0.643ms
[2022-07-19T07:36:04.888+0000][info][safepoint,cleanup] compilation policy safepoint handler, 0.0000005 secs
[2022-07-19T07:36:04.888+0000][info][safepoint,cleanup] updating inline caches, 0.0000254 secs
[2022-07-19T07:36:04.889+0000][info][safepoint,cleanup] safepoint cleanup tasks, 0.0003582 secs
[2022-07-19T07:36:04.889+0000][info][gc,start         ] GC(42) Pause Young (Concurrent Start) (G1 Humongous Allocation)
[2022-07-19T07:36:04.889+0000][info][gc,task          ] GC(42) Using 8 workers of 8 for evacuation
[2022-07-19T07:36:04.891+0000][info][gc,phases        ] GC(42)   Pre Evacuate Collection Set: 0.5ms
[2022-07-19T07:36:04.891+0000][info][gc,phases        ] GC(42)   Merge Heap Roots: 0.2ms
[2022-07-19T07:36:04.891+0000][info][gc,phases        ] GC(42)   Evacuate Collection Set: 1.2ms
[2022-07-19T07:36:04.891+0000][info][gc,phases        ] GC(42)   Post Evacuate Collection Set: 0.5ms
[2022-07-19T07:36:04.892+0000][info][gc,phases        ] GC(42)   Other: 0.2ms
[2022-07-19T07:36:04.892+0000][info][gc,heap          ] GC(42) Eden regions: 2->0(220)
[2022-07-19T07:36:04.892+0000][info][gc,heap          ] GC(42) Survivor regions: 1->1(28)
[2022-07-19T07:36:04.892+0000][info][gc,heap          ] GC(42) Old regions: 8->8
[2022-07-19T07:36:04.892+0000][info][gc,heap          ] GC(42) Archive regions: 2->2
[2022-07-19T07:36:04.892+0000][info][gc,heap          ] GC(42) Humongous regions: 96->0
[2022-07-19T07:36:04.892+0000][info][gc,metaspace     ] GC(42) Metaspace: 29047K(29504K)->29047K(29504K) NonClass: 25493K(25728K)->25493K(25728K) Class: 3553K(3776K)->3553K(3776K)
[2022-07-19T07:36:04.892+0000][info][gc               ] GC(42) Pause Young (Concurrent Start) (G1 Humongous Allocation) 212M->16M(738M) 2.909ms
[2022-07-19T07:36:04.892+0000][info][gc,cpu           ] GC(42) User=0.01s Sys=0.01s Real=0.01s
[2022-07-19T07:36:04.892+0000][info][gc               ] GC(43) Concurrent Undo Cycle
[2022-07-19T07:36:04.892+0000][info][safepoint,stats  ] G1TryInitiateConcMark        [             29               0 ][            18469     399202    3152091    3569762 ]               0
[2022-07-19T07:36:04.892+0000][info][gc,marking       ] GC(43) Concurrent Cleanup for Next Mark
[2022-07-19T07:36:04.892+0000][info][safepoint        ] Safepoint "G1TryInitiateConcMark", Time since last: 49936848 ns, Reaching safepoint: 417671 ns, At safepoint: 3152091 ns, Total: 3569762 ns
[2022-07-19T07:36:04.892+0000][info][gc,marking       ] GC(43) Concurrent Cleanup for Next Mark 0.219ms
[2022-07-19T07:36:04.892+0000][info][gc               ] GC(43) Concurrent Undo Cycle 0.400ms
[2022-07-19T07:36:04.939+0000][info][safepoint,cleanup] updating inline caches, 0.0000005 secs
[2022-07-19T07:36:04.939+0000][info][safepoint,cleanup] compilation policy safepoint handler, 0.0000002 secs
[2022-07-19T07:36:04.939+0000][info][safepoint,cleanup] safepoint cleanup tasks, 0.0001380 secs
[2022-07-19T07:36:04.939+0000][info][gc,start         ] GC(44) Pause Young (Concurrent Start) (G1 Humongous Allocation)
[2022-07-19T07:36:04.939+0000][info][gc,task          ] GC(44) Using 8 workers of 8 for evacuation
[2022-07-19T07:36:04.941+0000][info][gc,phases        ] GC(44)   Pre Evacuate Collection Set: 0.2ms
[2022-07-19T07:36:04.941+0000][info][gc,phases        ] GC(44)   Merge Heap Roots: 0.0ms
[2022-07-19T07:36:04.941+0000][info][gc,phases        ] GC(44)   Evacuate Collection Set: 0.7ms
[2022-07-19T07:36:04.941+0000][info][gc,phases        ] GC(44)   Post Evacuate Collection Set: 0.9ms
[2022-07-19T07:36:04.941+0000][info][gc,phases        ] GC(44)   Other: 0.1ms
[2022-07-19T07:36:04.941+0000][info][gc,heap          ] GC(44) Eden regions: 1->0(261)
[2022-07-19T07:36:04.941+0000][info][gc,heap          ] GC(44) Survivor regions: 1->1(28)
[2022-07-19T07:36:04.941+0000][info][gc,heap          ] GC(44) Old regions: 8->8
[2022-07-19T07:36:04.941+0000][info][gc,heap          ] GC(44) Archive regions: 2->2
[2022-07-19T07:36:04.941+0000][info][gc,heap          ] GC(44) Humongous regions: 96->0
[2022-07-19T07:36:04.941+0000][info][gc,metaspace     ] GC(44) Metaspace: 29047K(29504K)->29047K(29504K) NonClass: 25493K(25728K)->25493K(25728K) Class: 3553K(3776K)->3553K(3776K)
[2022-07-19T07:36:04.941+0000][info][gc               ] GC(44) Pause Young (Concurrent Start) (G1 Humongous Allocation) 209M->16M(874M) 2.005ms
[2022-07-19T07:36:04.941+0000][info][gc               ] GC(45) Concurrent Undo Cycle
[2022-07-19T07:36:04.941+0000][info][gc,cpu           ] GC(44) User=0.00s Sys=0.00s Real=0.01s
[2022-07-19T07:36:04.941+0000][info][gc,marking       ] GC(45) Concurrent Cleanup for Next Mark
[2022-07-19T07:36:04.941+0000][info][safepoint,stats  ] G1TryInitiateConcMark        [             29               0 ][             5114     169058    2095785    2269957 ]               0
[2022-07-19T07:36:04.941+0000][info][safepoint        ] Safepoint "G1TryInitiateConcMark", Time since last: 46777143 ns, Reaching safepoint: 174172 ns, At safepoint: 2095785 ns, Total: 2269957 ns
[2022-07-19T07:36:04.941+0000][info][gc,marking       ] GC(45) Concurrent Cleanup for Next Mark 0.239ms
[2022-07-19T07:36:04.941+0000][info][gc               ] GC(45) Concurrent Undo Cycle 0.362ms
[2022-07-19T07:36:04.986+0000][info][safepoint,cleanup] updating inline caches, 0.0000011 secs
[2022-07-19T07:36:04.986+0000][info][safepoint,cleanup] compilation policy safepoint handler, 0.0000002 secs
[2022-07-19T07:36:04.986+0000][info][safepoint,cleanup] safepoint cleanup tasks, 0.0001583 secs
[2022-07-19T07:36:04.986+0000][info][gc,start         ] GC(46) Pause Young (Concurrent Start) (G1 Humongous Allocation)
[2022-07-19T07:36:04.986+0000][info][gc,task          ] GC(46) Using 8 workers of 8 for evacuation
[2022-07-19T07:36:04.988+0000][info][gc,phases        ] GC(46)   Pre Evacuate Collection Set: 0.3ms
[2022-07-19T07:36:04.988+0000][info][gc,phases        ] GC(46)   Merge Heap Roots: 0.1ms
[2022-07-19T07:36:04.988+0000][info][gc,phases        ] GC(46)   Evacuate Collection Set: 0.8ms
[2022-07-19T07:36:04.988+0000][info][gc,phases        ] GC(46)   Post Evacuate Collection Set: 0.5ms
[2022-07-19T07:36:04.988+0000][info][gc,phases        ] GC(46)   Other: 0.1ms
[2022-07-19T07:36:04.988+0000][info][gc,heap          ] GC(46) Eden regions: 1->0(261)
[2022-07-19T07:36:04.988+0000][info][gc,heap          ] GC(46) Survivor regions: 1->1(33)
[2022-07-19T07:36:04.988+0000][info][gc,heap          ] GC(46) Old regions: 8->8
[2022-07-19T07:36:04.988+0000][info][gc,heap          ] GC(46) Archive regions: 2->2
[2022-07-19T07:36:04.988+0000][info][gc,heap          ] GC(46) Humongous regions: 96->0
[2022-07-19T07:36:04.988+0000][info][gc,metaspace     ] GC(46) Metaspace: 29047K(29504K)->29047K(29504K) NonClass: 25493K(25728K)->25493K(25728K) Class: 3553K(3776K)->3553K(3776K)
[2022-07-19T07:36:04.988+0000][info][gc               ] GC(46) Pause Young (Concurrent Start) (G1 Humongous Allocation) 209M->16M(874M) 2.210ms
[2022-07-19T07:36:04.988+0000][info][gc,cpu           ] GC(46) User=0.01s Sys=0.00s Real=0.00s
[2022-07-19T07:36:04.988+0000][info][gc               ] GC(47) Concurrent Undo Cycle
[2022-07-19T07:36:04.988+0000][info][safepoint,stats  ] VM Operation                 [ threads: total initial_running ][ time:       sync    cleanup       vmop      total ] page_trap_count
[2022-07-19T07:36:04.988+0000][info][gc,marking       ] GC(47) Concurrent Cleanup for Next Mark
[2022-07-19T07:36:04.988+0000][info][safepoint,stats  ] G1TryInitiateConcMark        [             29               0 ][             6854     179211    2319583    2505648 ]               0
[2022-07-19T07:36:04.989+0000][info][gc,marking       ] GC(47) Concurrent Cleanup for Next Mark 0.181ms
[2022-07-19T07:36:04.989+0000][info][safepoint        ] Safepoint "G1TryInitiateConcMark", Time since last: 44874955 ns, Reaching safepoint: 186065 ns, At safepoint: 2319583 ns, Total: 2505648 ns
[2022-07-19T07:36:04.989+0000][info][gc               ] GC(47) Concurrent Undo Cycle 0.315ms
[2022-07-19T07:36:05.035+0000][info][safepoint,cleanup] compilation policy safepoint handler, 0.0000002 secs
[2022-07-19T07:36:05.035+0000][info][safepoint,cleanup] updating inline caches, 0.0000008 secs
[2022-07-19T07:36:05.035+0000][info][safepoint,cleanup] safepoint cleanup tasks, 0.0002670 secs
[2022-07-19T07:36:05.035+0000][info][gc,start         ] GC(48) Pause Young (Concurrent Start) (G1 Humongous Allocation)
[2022-07-19T07:36:05.035+0000][info][gc,task          ] GC(48) Using 8 workers of 8 for evacuation
[2022-07-19T07:36:05.037+0000][info][gc,phases        ] GC(48)   Pre Evacuate Collection Set: 0.2ms
[2022-07-19T07:36:05.037+0000][info][gc,phases        ] GC(48)   Merge Heap Roots: 0.1ms
[2022-07-19T07:36:05.037+0000][info][gc,phases        ] GC(48)   Evacuate Collection Set: 0.6ms
[2022-07-19T07:36:05.037+0000][info][gc,phases        ] GC(48)   Post Evacuate Collection Set: 0.3ms
[2022-07-19T07:36:05.037+0000][info][gc,phases        ] GC(48)   Other: 0.1ms
[2022-07-19T07:36:05.037+0000][info][gc,heap          ] GC(48) Eden regions: 1->0(261)
[2022-07-19T07:36:05.037+0000][info][gc,heap          ] GC(48) Survivor regions: 1->1(33)
[2022-07-19T07:36:05.037+0000][info][gc,heap          ] GC(48) Old regions: 8->8
[2022-07-19T07:36:05.037+0000][info][gc,heap          ] GC(48) Archive regions: 2->2
[2022-07-19T07:36:05.037+0000][info][gc,heap          ] GC(48) Humongous regions: 96->0
[2022-07-19T07:36:05.037+0000][info][gc,metaspace     ] GC(48) Metaspace: 29047K(29504K)->29047K(29504K) NonClass: 25493K(25728K)->25493K(25728K) Class: 3553K(3776K)->3553K(3776K)
[2022-07-19T07:36:05.037+0000][info][gc               ] GC(48) Pause Young (Concurrent Start) (G1 Humongous Allocation) 209M->16M(874M) 1.545ms
[2022-07-19T07:36:05.037+0000][info][gc,cpu           ] GC(48) User=0.00s Sys=0.00s Real=0.00s
[2022-07-19T07:36:05.037+0000][info][safepoint,stats  ] G1TryInitiateConcMark        [             29               0 ][             6148     286096    1630933    1923177 ]               0
[2022-07-19T07:36:05.037+0000][info][gc               ] GC(49) Concurrent Undo Cycle
[2022-07-19T07:36:05.037+0000][info][safepoint        ] Safepoint "G1TryInitiateConcMark", Time since last: 46656703 ns, Reaching safepoint: 292244 ns, At safepoint: 1630933 ns, Total: 1923177 ns
[2022-07-19T07:36:05.037+0000][info][gc,marking       ] GC(49) Concurrent Cleanup for Next Mark
[2022-07-19T07:36:05.037+0000][info][gc,marking       ] GC(49) Concurrent Cleanup for Next Mark 0.245ms
[2022-07-19T07:36:05.037+0000][info][gc               ] GC(49) Concurrent Undo Cycle 0.379ms
[2022-07-19T07:36:05.082+0000][info][safepoint,cleanup] compilation policy safepoint handler, 0.0000005 secs
[2022-07-19T07:36:05.082+0000][info][safepoint,cleanup] updating inline caches, 0.0000009 secs
[2022-07-19T07:36:05.082+0000][info][safepoint,cleanup] safepoint cleanup tasks, 0.0002786 secs
[2022-07-19T07:36:05.082+0000][info][gc,start         ] GC(50) Pause Young (Concurrent Start) (G1 Humongous Allocation)
[2022-07-19T07:36:05.082+0000][info][gc,task          ] GC(50) Using 8 workers of 8 for evacuation
[2022-07-19T07:36:05.085+0000][info][gc,phases        ] GC(50)   Pre Evacuate Collection Set: 0.3ms
[2022-07-19T07:36:05.085+0000][info][gc,phases        ] GC(50)   Merge Heap Roots: 0.1ms
[2022-07-19T07:36:05.085+0000][info][gc,phases        ] GC(50)   Evacuate Collection Set: 1.3ms
[2022-07-19T07:36:05.085+0000][info][gc,phases        ] GC(50)   Post Evacuate Collection Set: 0.5ms
[2022-07-19T07:36:05.085+0000][info][gc,phases        ] GC(50)   Other: 0.2ms
[2022-07-19T07:36:05.085+0000][info][gc,heap          ] GC(50) Eden regions: 1->0(261)
[2022-07-19T07:36:05.085+0000][info][gc,heap          ] GC(50) Survivor regions: 1->1(33)
[2022-07-19T07:36:05.085+0000][info][gc,heap          ] GC(50) Old regions: 8->8
[2022-07-19T07:36:05.085+0000][info][gc,heap          ] GC(50) Archive regions: 2->2
[2022-07-19T07:36:05.085+0000][info][gc,heap          ] GC(50) Humongous regions: 96->0
[2022-07-19T07:36:05.085+0000][info][gc,metaspace     ] GC(50) Metaspace: 29047K(29504K)->29047K(29504K) NonClass: 25493K(25728K)->25493K(25728K) Class: 3553K(3776K)->3553K(3776K)
[2022-07-19T07:36:05.085+0000][info][gc               ] GC(50) Pause Young (Concurrent Start) (G1 Humongous Allocation) 209M->16M(874M) 2.939ms
[2022-07-19T07:36:05.085+0000][info][gc,cpu           ] GC(50) User=0.00s Sys=0.01s Real=0.00s
[2022-07-19T07:36:05.085+0000][info][safepoint,stats  ] G1TryInitiateConcMark        [             29               0 ][            10401     340354    3052420    3403175 ]               0
[2022-07-19T07:36:05.085+0000][info][safepoint        ] Safepoint "G1TryInitiateConcMark", Time since last: 44783221 ns, Reaching safepoint: 350755 ns, At safepoint: 3052420 ns, Total: 3403175 ns
[2022-07-19T07:36:05.085+0000][info][gc               ] GC(51) Concurrent Undo Cycle
[2022-07-19T07:36:05.085+0000][info][gc,marking       ] GC(51) Concurrent Cleanup for Next Mark
[2022-07-19T07:36:05.085+0000][info][gc,marking       ] GC(51) Concurrent Cleanup for Next Mark 0.195ms
[2022-07-19T07:36:05.086+0000][info][gc               ] GC(51) Concurrent Undo Cycle 0.397ms
[2022-07-19T07:36:05.132+0000][info][safepoint,cleanup] updating inline caches, 0.0000017 secs
[2022-07-19T07:36:05.132+0000][info][safepoint,cleanup] compilation policy safepoint handler, 0.0000003 secs
[2022-07-19T07:36:05.132+0000][info][safepoint,cleanup] safepoint cleanup tasks, 0.0003258 secs
[2022-07-19T07:36:05.132+0000][info][gc,start         ] GC(52) Pause Young (Concurrent Start) (G1 Humongous Allocation)
[2022-07-19T07:36:05.132+0000][info][gc,task          ] GC(52) Using 8 workers of 8 for evacuation
[2022-07-19T07:36:05.135+0000][info][gc,phases        ] GC(52)   Pre Evacuate Collection Set: 0.6ms
[2022-07-19T07:36:05.135+0000][info][gc,phases        ] GC(52)   Merge Heap Roots: 0.2ms
[2022-07-19T07:36:05.135+0000][info][gc,phases        ] GC(52)   Evacuate Collection Set: 1.2ms
[2022-07-19T07:36:05.136+0000][info][gc,phases        ] GC(52)   Post Evacuate Collection Set: 0.7ms
[2022-07-19T07:36:05.136+0000][info][gc,phases        ] GC(52)   Other: 0.2ms
[2022-07-19T07:36:05.136+0000][info][gc,heap          ] GC(52) Eden regions: 1->0(261)
[2022-07-19T07:36:05.136+0000][info][gc,heap          ] GC(52) Survivor regions: 1->1(33)
[2022-07-19T07:36:05.136+0000][info][gc,heap          ] GC(52) Old regions: 8->8
[2022-07-19T07:36:05.136+0000][info][gc,heap          ] GC(52) Archive regions: 2->2
[2022-07-19T07:36:05.136+0000][info][gc,heap          ] GC(52) Humongous regions: 96->0
[2022-07-19T07:36:05.136+0000][info][gc,metaspace     ] GC(52) Metaspace: 29047K(29504K)->29047K(29504K) NonClass: 25493K(25728K)->25493K(25728K) Class: 3553K(3776K)->3553K(3776K)
[2022-07-19T07:36:05.136+0000][info][gc               ] GC(52) Pause Young (Concurrent Start) (G1 Humongous Allocation) 210M->16M(874M) 3.509ms
[2022-07-19T07:36:05.136+0000][info][gc,cpu           ] GC(52) User=0.01s Sys=0.00s Real=0.00s
[2022-07-19T07:36:05.136+0000][info][gc               ] GC(53) Concurrent Undo Cycle
[2022-07-19T07:36:05.136+0000][info][safepoint,stats  ] G1TryInitiateConcMark        [             29               0 ][            12483     451575    3737304    4201362 ]               0
[2022-07-19T07:36:05.136+0000][info][gc,marking       ] GC(53) Concurrent Cleanup for Next Mark
[2022-07-19T07:36:05.136+0000][info][safepoint        ] Safepoint "G1TryInitiateConcMark", Time since last: 46700557 ns, Reaching safepoint: 464058 ns, At safepoint: 3737304 ns, Total: 4201362 ns
[2022-07-19T07:36:05.136+0000][info][gc,marking       ] GC(53) Concurrent Cleanup for Next Mark 0.400ms
[2022-07-19T07:36:05.137+0000][info][gc               ] GC(53) Concurrent Undo Cycle 0.692ms
[2022-07-19T07:36:05.186+0000][info][safepoint,cleanup] updating inline caches, 0.0000254 secs
[2022-07-19T07:36:05.186+0000][info][safepoint,cleanup] compilation policy safepoint handler, 0.0000110 secs
[2022-07-19T07:36:05.186+0000][info][safepoint,cleanup] safepoint cleanup tasks, 0.0002293 secs
[2022-07-19T07:36:05.186+0000][info][gc,start         ] GC(54) Pause Young (Concurrent Start) (G1 Humongous Allocation)
[2022-07-19T07:36:05.186+0000][info][gc,task          ] GC(54) Using 8 workers of 8 for evacuation
[2022-07-19T07:36:05.188+0000][info][gc,phases        ] GC(54)   Pre Evacuate Collection Set: 0.3ms
[2022-07-19T07:36:05.188+0000][info][gc,phases        ] GC(54)   Merge Heap Roots: 0.1ms
[2022-07-19T07:36:05.188+0000][info][gc,phases        ] GC(54)   Evacuate Collection Set: 0.6ms
[2022-07-19T07:36:05.188+0000][info][gc,phases        ] GC(54)   Post Evacuate Collection Set: 0.7ms
[2022-07-19T07:36:05.188+0000][info][gc,phases        ] GC(54)   Other: 0.1ms
[2022-07-19T07:36:05.188+0000][info][gc,heap          ] GC(54) Eden regions: 1->0(300)
[2022-07-19T07:36:05.188+0000][info][gc,heap          ] GC(54) Survivor regions: 1->1(33)
[2022-07-19T07:36:05.188+0000][info][gc,heap          ] GC(54) Old regions: 8->8
[2022-07-19T07:36:05.188+0000][info][gc,heap          ] GC(54) Archive regions: 2->2
[2022-07-19T07:36:05.188+0000][info][gc,heap          ] GC(54) Humongous regions: 96->0
[2022-07-19T07:36:05.188+0000][info][gc,metaspace     ] GC(54) Metaspace: 29047K(29504K)->29047K(29504K) NonClass: 25493K(25728K)->25493K(25728K) Class: 3553K(3776K)->3553K(3776K)
[2022-07-19T07:36:05.188+0000][info][gc               ] GC(54) Pause Young (Concurrent Start) (G1 Humongous Allocation) 209M->16M(1004M) 1.938ms
[2022-07-19T07:36:05.188+0000][info][gc               ] GC(55) Concurrent Undo Cycle
[2022-07-19T07:36:05.188+0000][info][gc,cpu           ] GC(54) User=0.00s Sys=0.00s Real=0.00s
[2022-07-19T07:36:05.188+0000][info][gc,marking       ] GC(55) Concurrent Cleanup for Next Mark
[2022-07-19T07:36:05.188+0000][info][safepoint,stats  ] G1TryInitiateConcMark        [             29               0 ][             8069     267259    2047985    2323313 ]               0
[2022-07-19T07:36:05.188+0000][info][safepoint        ] Safepoint "G1TryInitiateConcMark", Time since last: 49499643 ns, Reaching safepoint: 275328 ns, At safepoint: 2047985 ns, Total: 2323313 ns
[2022-07-19T07:36:05.188+0000][info][gc,marking       ] GC(55) Concurrent Cleanup for Next Mark 0.072ms
[2022-07-19T07:36:05.188+0000][info][gc               ] GC(55) Concurrent Undo Cycle 0.130ms
[2022-07-19T07:36:05.370+0000][info][safepoint,cleanup] updating inline caches, 0.0000015 secs
[2022-07-19T07:36:05.370+0000][info][safepoint,cleanup] compilation policy safepoint handler, 0.0000006 secs
[2022-07-19T07:36:05.370+0000][info][safepoint,cleanup] safepoint cleanup tasks, 0.0003092 secs
[2022-07-19T07:36:05.370+0000][info][gc,start         ] GC(56) Pause Young (Concurrent Start) (G1 Humongous Allocation)
[2022-07-19T07:36:05.370+0000][info][gc,task          ] GC(56) Using 8 workers of 8 for evacuation
[2022-07-19T07:36:05.373+0000][info][gc,phases        ] GC(56)   Pre Evacuate Collection Set: 0.6ms
[2022-07-19T07:36:05.373+0000][info][gc,phases        ] GC(56)   Merge Heap Roots: 0.2ms
[2022-07-19T07:36:05.373+0000][info][gc,phases        ] GC(56)   Evacuate Collection Set: 0.9ms
[2022-07-19T07:36:05.373+0000][info][gc,phases        ] GC(56)   Post Evacuate Collection Set: 1.0ms
[2022-07-19T07:36:05.373+0000][info][gc,phases        ] GC(56)   Other: 0.2ms
[2022-07-19T07:36:05.373+0000][info][gc,heap          ] GC(56) Eden regions: 1->0(300)
[2022-07-19T07:36:05.373+0000][info][gc,heap          ] GC(56) Survivor regions: 1->1(38)
[2022-07-19T07:36:05.373+0000][info][gc,heap          ] GC(56) Old regions: 8->8
[2022-07-19T07:36:05.373+0000][info][gc,heap          ] GC(56) Archive regions: 2->2
[2022-07-19T07:36:05.373+0000][info][gc,heap          ] GC(56) Humongous regions: 192->0
[2022-07-19T07:36:05.373+0000][info][gc,metaspace     ] GC(56) Metaspace: 29047K(29504K)->29047K(29504K) NonClass: 25493K(25728K)->25493K(25728K) Class: 3553K(3776K)->3553K(3776K)
[2022-07-19T07:36:05.373+0000][info][gc               ] GC(56) Pause Young (Concurrent Start) (G1 Humongous Allocation) 401M->16M(1004M) 3.251ms
[2022-07-19T07:36:05.373+0000][info][gc,cpu           ] GC(56) User=0.00s Sys=0.00s Real=0.00s
[2022-07-19T07:36:05.373+0000][info][gc               ] GC(57) Concurrent Undo Cycle
[2022-07-19T07:36:05.373+0000][info][safepoint,stats  ] G1TryInitiateConcMark        [             29               0 ][            12675     346821    3437726    3797222 ]               0
[2022-07-19T07:36:05.373+0000][info][gc,marking       ] GC(57) Concurrent Cleanup for Next Mark
[2022-07-19T07:36:05.373+0000][info][safepoint        ] Safepoint "G1TryInitiateConcMark", Time since last: 181686544 ns, Reaching safepoint: 359496 ns, At safepoint: 3437726 ns, Total: 3797222 ns
[2022-07-19T07:36:05.374+0000][info][gc,marking       ] GC(57) Concurrent Cleanup for Next Mark 0.245ms
[2022-07-19T07:36:05.374+0000][info][gc               ] GC(57) Concurrent Undo Cycle 0.382ms
[2022-07-19T07:36:05.471+0000][info][safepoint,cleanup] updating inline caches, 0.0000017 secs
[2022-07-19T07:36:05.471+0000][info][safepoint,cleanup] compilation policy safepoint handler, 0.0000007 secs
[2022-07-19T07:36:05.472+0000][info][safepoint,cleanup] safepoint cleanup tasks, 0.0003511 secs
[2022-07-19T07:36:05.472+0000][info][gc,start         ] GC(58) Pause Young (Concurrent Start) (G1 Humongous Allocation)
[2022-07-19T07:36:05.472+0000][info][gc,task          ] GC(58) Using 8 workers of 8 for evacuation
[2022-07-19T07:36:05.475+0000][info][gc,phases        ] GC(58)   Pre Evacuate Collection Set: 0.5ms
[2022-07-19T07:36:05.475+0000][info][gc,phases        ] GC(58)   Merge Heap Roots: 0.2ms
[2022-07-19T07:36:05.475+0000][info][gc,phases        ] GC(58)   Evacuate Collection Set: 1.2ms
[2022-07-19T07:36:05.475+0000][info][gc,phases        ] GC(58)   Post Evacuate Collection Set: 1.0ms
[2022-07-19T07:36:05.475+0000][info][gc,phases        ] GC(58)   Other: 0.2ms
[2022-07-19T07:36:05.475+0000][info][gc,heap          ] GC(58) Eden regions: 1->0(300)
[2022-07-19T07:36:05.475+0000][info][gc,heap          ] GC(58) Survivor regions: 1->1(38)
[2022-07-19T07:36:05.475+0000][info][gc,heap          ] GC(58) Old regions: 8->8
[2022-07-19T07:36:05.475+0000][info][gc,heap          ] GC(58) Archive regions: 2->2
[2022-07-19T07:36:05.475+0000][info][gc,heap          ] GC(58) Humongous regions: 192->0
[2022-07-19T07:36:05.475+0000][info][gc,metaspace     ] GC(58) Metaspace: 29047K(29504K)->29047K(29504K) NonClass: 25493K(25728K)->25493K(25728K) Class: 3553K(3776K)->3553K(3776K)
[2022-07-19T07:36:05.476+0000][info][gc               ] GC(58) Pause Young (Concurrent Start) (G1 Humongous Allocation) 402M->16M(1004M) 3.717ms
[2022-07-19T07:36:05.476+0000][info][gc,cpu           ] GC(58) User=0.01s Sys=0.00s Real=0.00s
[2022-07-19T07:36:05.476+0000][info][safepoint,stats  ] G1TryInitiateConcMark        [             29               0 ][            13795     398395    3859739    4271929 ]               0
[2022-07-19T07:36:05.476+0000][info][safepoint        ] Safepoint "G1TryInitiateConcMark", Time since last: 98053888 ns, Reaching safepoint: 412190 ns, At safepoint: 3859739 ns, Total: 4271929 ns
[2022-07-19T07:36:05.476+0000][info][gc               ] GC(59) Concurrent Undo Cycle
[2022-07-19T07:36:05.476+0000][info][gc,marking       ] GC(59) Concurrent Cleanup for Next Mark
[2022-07-19T07:36:05.476+0000][info][gc,marking       ] GC(59) Concurrent Cleanup for Next Mark 0.128ms
[2022-07-19T07:36:05.476+0000][info][gc               ] GC(59) Concurrent Undo Cycle 0.287ms
[2022-07-19T07:36:05.561+0000][info][safepoint,cleanup] compilation policy safepoint handler, 0.0000002 secs
[2022-07-19T07:36:05.561+0000][info][safepoint,cleanup] updating inline caches, 0.0000009 secs
[2022-07-19T07:36:05.561+0000][info][safepoint,cleanup] safepoint cleanup tasks, 0.0001357 secs
[2022-07-19T07:36:05.561+0000][info][gc,start         ] GC(60) Pause Young (Concurrent Start) (G1 Humongous Allocation)
[2022-07-19T07:36:05.561+0000][info][gc,task          ] GC(60) Using 8 workers of 8 for evacuation
[2022-07-19T07:36:05.562+0000][info][gc,phases        ] GC(60)   Pre Evacuate Collection Set: 0.3ms
[2022-07-19T07:36:05.562+0000][info][gc,phases        ] GC(60)   Merge Heap Roots: 0.1ms
[2022-07-19T07:36:05.562+0000][info][gc,phases        ] GC(60)   Evacuate Collection Set: 0.5ms
[2022-07-19T07:36:05.562+0000][info][gc,phases        ] GC(60)   Post Evacuate Collection Set: 0.4ms
[2022-07-19T07:36:05.562+0000][info][gc,phases        ] GC(60)   Other: -0.0ms
[2022-07-19T07:36:05.562+0000][info][gc,heap          ] GC(60) Eden regions: 1->0(300)
[2022-07-19T07:36:05.562+0000][info][gc,heap          ] GC(60) Survivor regions: 1->1(38)
[2022-07-19T07:36:05.562+0000][info][gc,heap          ] GC(60) Old regions: 8->8
[2022-07-19T07:36:05.562+0000][info][gc,heap          ] GC(60) Archive regions: 2->2
[2022-07-19T07:36:05.562+0000][info][gc,heap          ] GC(60) Humongous regions: 192->0
[2022-07-19T07:36:05.562+0000][info][gc,metaspace     ] GC(60) Metaspace: 29047K(29504K)->29047K(29504K) NonClass: 25493K(25728K)->25493K(25728K) Class: 3553K(3776K)->3553K(3776K)
[2022-07-19T07:36:05.562+0000][info][gc               ] GC(60) Pause Young (Concurrent Start) (G1 Humongous Allocation) 401M->16M(1004M) 1.483ms
[2022-07-19T07:36:05.562+0000][info][gc,cpu           ] GC(60) User=0.00s Sys=0.00s Real=0.00s
[2022-07-19T07:36:05.562+0000][info][gc               ] GC(61) Concurrent Undo Cycle
[2022-07-19T07:36:05.562+0000][info][safepoint,stats  ] G1TryInitiateConcMark        [             29               0 ][             3907     144490    1613308    1761705 ]               0
[2022-07-19T07:36:05.563+0000][info][gc,marking       ] GC(61) Concurrent Cleanup for Next Mark
[2022-07-19T07:36:05.563+0000][info][safepoint        ] Safepoint "G1TryInitiateConcMark", Time since last: 85065646 ns, Reaching safepoint: 148397 ns, At safepoint: 1613308 ns, Total: 1761705 ns
[2022-07-19T07:36:05.563+0000][info][gc,marking       ] GC(61) Concurrent Cleanup for Next Mark 0.176ms
[2022-07-19T07:36:05.563+0000][info][gc               ] GC(61) Concurrent Undo Cycle 0.260ms
[2022-07-19T07:36:05.642+0000][info][safepoint,cleanup] updating inline caches, 0.0000006 secs
[2022-07-19T07:36:05.642+0000][info][safepoint,cleanup] compilation policy safepoint handler, 0.0000001 secs
[2022-07-19T07:36:05.642+0000][info][safepoint,cleanup] safepoint cleanup tasks, 0.0001047 secs
[2022-07-19T07:36:05.642+0000][info][gc,start         ] GC(62) Pause Young (Concurrent Start) (G1 Humongous Allocation)
[2022-07-19T07:36:05.642+0000][info][gc,task          ] GC(62) Using 8 workers of 8 for evacuation
[2022-07-19T07:36:05.643+0000][info][gc,phases        ] GC(62)   Pre Evacuate Collection Set: 0.2ms
[2022-07-19T07:36:05.643+0000][info][gc,phases        ] GC(62)   Merge Heap Roots: 0.1ms
[2022-07-19T07:36:05.643+0000][info][gc,phases        ] GC(62)   Evacuate Collection Set: 0.5ms
[2022-07-19T07:36:05.643+0000][info][gc,phases        ] GC(62)   Post Evacuate Collection Set: 0.3ms
[2022-07-19T07:36:05.643+0000][info][gc,phases        ] GC(62)   Other: 0.1ms
[2022-07-19T07:36:05.643+0000][info][gc,heap          ] GC(62) Eden regions: 1->0(300)
[2022-07-19T07:36:05.643+0000][info][gc,heap          ] GC(62) Survivor regions: 1->1(38)
[2022-07-19T07:36:05.643+0000][info][gc,heap          ] GC(62) Old regions: 8->8
[2022-07-19T07:36:05.643+0000][info][gc,heap          ] GC(62) Archive regions: 2->2
[2022-07-19T07:36:05.643+0000][info][gc,heap          ] GC(62) Humongous regions: 192->0
[2022-07-19T07:36:05.643+0000][info][gc,metaspace     ] GC(62) Metaspace: 29047K(29504K)->29047K(29504K) NonClass: 25493K(25728K)->25493K(25728K) Class: 3553K(3776K)->3553K(3776K)
[2022-07-19T07:36:05.643+0000][info][gc               ] GC(62) Pause Young (Concurrent Start) (G1 Humongous Allocation) 401M->16M(1004M) 1.299ms
[2022-07-19T07:36:05.643+0000][info][gc,cpu           ] GC(62) User=0.00s Sys=0.00s Real=0.00s
[2022-07-19T07:36:05.643+0000][info][safepoint,stats  ] G1TryInitiateConcMark        [             29               0 ][             4268     123990    1387485    1515743 ]               0
[2022-07-19T07:36:05.643+0000][info][safepoint        ] Safepoint "G1TryInitiateConcMark", Time since last: 79014524 ns, Reaching safepoint: 128258 ns, At safepoint: 1387485 ns, Total: 1515743 ns
[2022-07-19T07:36:05.643+0000][info][gc               ] GC(63) Concurrent Undo Cycle
[2022-07-19T07:36:05.643+0000][info][gc,marking       ] GC(63) Concurrent Cleanup for Next Mark
[2022-07-19T07:36:05.643+0000][info][gc,marking       ] GC(63) Concurrent Cleanup for Next Mark 0.091ms
[2022-07-19T07:36:05.643+0000][info][gc               ] GC(63) Concurrent Undo Cycle 0.170ms
[2022-07-19T07:36:05.727+0000][info][safepoint,cleanup] updating inline caches, 0.0000004 secs
[2022-07-19T07:36:05.727+0000][info][safepoint,cleanup] compilation policy safepoint handler, 0.0000001 secs
[2022-07-19T07:36:05.727+0000][info][safepoint,cleanup] safepoint cleanup tasks, 0.0001899 secs
[2022-07-19T07:36:05.727+0000][info][gc,start         ] GC(64) Pause Young (Concurrent Start) (G1 Humongous Allocation)
[2022-07-19T07:36:05.727+0000][info][gc,task          ] GC(64) Using 8 workers of 8 for evacuation
[2022-07-19T07:36:05.728+0000][info][gc,phases        ] GC(64)   Pre Evacuate Collection Set: 0.2ms
[2022-07-19T07:36:05.728+0000][info][gc,phases        ] GC(64)   Merge Heap Roots: 0.0ms
[2022-07-19T07:36:05.728+0000][info][gc,phases        ] GC(64)   Evacuate Collection Set: 0.5ms
[2022-07-19T07:36:05.728+0000][info][gc,phases        ] GC(64)   Post Evacuate Collection Set: 0.5ms
[2022-07-19T07:36:05.728+0000][info][gc,phases        ] GC(64)   Other: 0.1ms
[2022-07-19T07:36:05.728+0000][info][gc,heap          ] GC(64) Eden regions: 1->0(300)
[2022-07-19T07:36:05.728+0000][info][gc,heap          ] GC(64) Survivor regions: 1->1(38)
[2022-07-19T07:36:05.728+0000][info][gc,heap          ] GC(64) Old regions: 8->8
[2022-07-19T07:36:05.728+0000][info][gc,heap          ] GC(64) Archive regions: 2->2
[2022-07-19T07:36:05.728+0000][info][gc,heap          ] GC(64) Humongous regions: 192->0
[2022-07-19T07:36:05.728+0000][info][gc,metaspace     ] GC(64) Metaspace: 29047K(29504K)->29047K(29504K) NonClass: 25493K(25728K)->25493K(25728K) Class: 3553K(3776K)->3553K(3776K)
[2022-07-19T07:36:05.728+0000][info][gc               ] GC(64) Pause Young (Concurrent Start) (G1 Humongous Allocation) 401M->16M(1004M) 1.472ms
[2022-07-19T07:36:05.728+0000][info][gc,cpu           ] GC(64) User=0.00s Sys=0.00s Real=0.00s
[2022-07-19T07:36:05.728+0000][info][gc               ] GC(65) Concurrent Undo Cycle
[2022-07-19T07:36:05.728+0000][info][gc,marking       ] GC(65) Concurrent Cleanup for Next Mark
[2022-07-19T07:36:05.728+0000][info][safepoint,stats  ] G1TryInitiateConcMark        [             29               0 ][             5991     231432    1563692    1801115 ]               0
[2022-07-19T07:36:05.728+0000][info][safepoint        ] Safepoint "G1TryInitiateConcMark", Time since last: 83634859 ns, Reaching safepoint: 237423 ns, At safepoint: 1563692 ns, Total: 1801115 ns
[2022-07-19T07:36:05.729+0000][info][gc,marking       ] GC(65) Concurrent Cleanup for Next Mark 0.079ms
[2022-07-19T07:36:05.729+0000][info][gc               ] GC(65) Concurrent Undo Cycle 0.148ms
[2022-07-19T07:36:05.806+0000][info][safepoint,cleanup] compilation policy safepoint handler, 0.0000002 secs
[2022-07-19T07:36:05.806+0000][info][safepoint,cleanup] updating inline caches, 0.0000081 secs
[2022-07-19T07:36:05.806+0000][info][safepoint,cleanup] safepoint cleanup tasks, 0.0000969 secs
[2022-07-19T07:36:05.806+0000][info][gc,start         ] GC(66) Pause Young (Concurrent Start) (G1 Humongous Allocation)
[2022-07-19T07:36:05.806+0000][info][gc,task          ] GC(66) Using 8 workers of 8 for evacuation
[2022-07-19T07:36:05.807+0000][info][gc,phases        ] GC(66)   Pre Evacuate Collection Set: 0.3ms
[2022-07-19T07:36:05.807+0000][info][gc,phases        ] GC(66)   Merge Heap Roots: 0.1ms
[2022-07-19T07:36:05.807+0000][info][gc,phases        ] GC(66)   Evacuate Collection Set: 0.6ms
[2022-07-19T07:36:05.807+0000][info][gc,phases        ] GC(66)   Post Evacuate Collection Set: 0.4ms
[2022-07-19T07:36:05.807+0000][info][gc,phases        ] GC(66)   Other: 0.0ms
[2022-07-19T07:36:05.807+0000][info][gc,heap          ] GC(66) Eden regions: 1->0(300)
[2022-07-19T07:36:05.807+0000][info][gc,heap          ] GC(66) Survivor regions: 1->1(38)
[2022-07-19T07:36:05.807+0000][info][gc,heap          ] GC(66) Old regions: 8->8
[2022-07-19T07:36:05.807+0000][info][gc,heap          ] GC(66) Archive regions: 2->2
[2022-07-19T07:36:05.807+0000][info][gc,heap          ] GC(66) Humongous regions: 192->0
[2022-07-19T07:36:05.807+0000][info][gc,metaspace     ] GC(66) Metaspace: 29047K(29504K)->29047K(29504K) NonClass: 25493K(25728K)->25493K(25728K) Class: 3553K(3776K)->3553K(3776K)
[2022-07-19T07:36:05.807+0000][info][gc               ] GC(66) Pause Young (Concurrent Start) (G1 Humongous Allocation) 401M->16M(1004M) 1.555ms
[2022-07-19T07:36:05.807+0000][info][gc               ] GC(67) Concurrent Undo Cycle
[2022-07-19T07:36:05.807+0000][info][gc,cpu           ] GC(66) User=0.00s Sys=0.00s Real=0.00s
[2022-07-19T07:36:05.807+0000][info][gc,marking       ] GC(67) Concurrent Cleanup for Next Mark
[2022-07-19T07:36:05.807+0000][info][safepoint,stats  ] G1TryInitiateConcMark        [             29               0 ][             4596     107518    1643619    1755733 ]               0
[2022-07-19T07:36:05.807+0000][info][safepoint        ] Safepoint "G1TryInitiateConcMark", Time since last: 77238514 ns, Reaching safepoint: 112114 ns, At safepoint: 1643619 ns, Total: 1755733 ns
[2022-07-19T07:36:05.807+0000][info][gc,marking       ] GC(67) Concurrent Cleanup for Next Mark 0.077ms
[2022-07-19T07:36:05.808+0000][info][gc               ] GC(67) Concurrent Undo Cycle 0.147ms
[2022-07-19T07:36:05.896+0000][info][safepoint,cleanup] compilation policy safepoint handler, 0.0000006 secs
[2022-07-19T07:36:05.896+0000][info][safepoint,cleanup] updating inline caches, 0.0000015 secs
[2022-07-19T07:36:05.896+0000][info][safepoint,cleanup] safepoint cleanup tasks, 0.0002949 secs
[2022-07-19T07:36:05.897+0000][info][gc,start         ] GC(68) Pause Young (Concurrent Start) (G1 Humongous Allocation)
[2022-07-19T07:36:05.897+0000][info][gc,task          ] GC(68) Using 8 workers of 8 for evacuation
[2022-07-19T07:36:05.900+0000][info][gc,phases        ] GC(68)   Pre Evacuate Collection Set: 0.4ms
[2022-07-19T07:36:05.900+0000][info][gc,phases        ] GC(68)   Merge Heap Roots: 0.2ms
[2022-07-19T07:36:05.900+0000][info][gc,phases        ] GC(68)   Evacuate Collection Set: 1.2ms
[2022-07-19T07:36:05.900+0000][info][gc,phases        ] GC(68)   Post Evacuate Collection Set: 1.0ms
[2022-07-19T07:36:05.900+0000][info][gc,phases        ] GC(68)   Other: 0.2ms
[2022-07-19T07:36:05.900+0000][info][gc,heap          ] GC(68) Eden regions: 2->0(300)
[2022-07-19T07:36:05.900+0000][info][gc,heap          ] GC(68) Survivor regions: 1->1(38)
[2022-07-19T07:36:05.900+0000][info][gc,heap          ] GC(68) Old regions: 8->8
[2022-07-19T07:36:05.900+0000][info][gc,heap          ] GC(68) Archive regions: 2->2
[2022-07-19T07:36:05.900+0000][info][gc,heap          ] GC(68) Humongous regions: 192->0
[2022-07-19T07:36:05.900+0000][info][gc,metaspace     ] GC(68) Metaspace: 29047K(29504K)->29047K(29504K) NonClass: 25493K(25728K)->25493K(25728K) Class: 3553K(3776K)->3553K(3776K)
[2022-07-19T07:36:05.900+0000][info][gc               ] GC(68) Pause Young (Concurrent Start) (G1 Humongous Allocation) 404M->16M(1004M) 3.636ms
[2022-07-19T07:36:05.900+0000][info][gc,cpu           ] GC(68) User=0.01s Sys=0.00s Real=0.01s
[2022-07-19T07:36:05.900+0000][info][gc               ] GC(69) Concurrent Undo Cycle
[2022-07-19T07:36:05.900+0000][info][safepoint,stats  ] G1TryInitiateConcMark        [             29               0 ][            12121     333542    3830167    4175830 ]               0
[2022-07-19T07:36:05.901+0000][info][safepoint        ] Safepoint "G1TryInitiateConcMark", Time since last: 88741837 ns, Reaching safepoint: 345663 ns, At safepoint: 3830167 ns, Total: 4175830 ns
[2022-07-19T07:36:05.901+0000][info][gc,marking       ] GC(69) Concurrent Cleanup for Next Mark
[2022-07-19T07:36:05.901+0000][info][gc,marking       ] GC(69) Concurrent Cleanup for Next Mark 0.316ms
[2022-07-19T07:36:05.901+0000][info][gc               ] GC(69) Concurrent Undo Cycle 0.607ms
[2022-07-19T07:36:05.998+0000][info][safepoint,cleanup] updating inline caches, 0.0000018 secs
[2022-07-19T07:36:05.998+0000][info][safepoint,cleanup] compilation policy safepoint handler, 0.0000005 secs
[2022-07-19T07:36:05.998+0000][info][safepoint,cleanup] safepoint cleanup tasks, 0.0003766 secs
[2022-07-19T07:36:05.998+0000][info][gc,start         ] GC(70) Pause Young (Concurrent Start) (G1 Humongous Allocation)
[2022-07-19T07:36:05.998+0000][info][gc,task          ] GC(70) Using 8 workers of 8 for evacuation
[2022-07-19T07:36:06.001+0000][info][gc,phases        ] GC(70)   Pre Evacuate Collection Set: 0.4ms
[2022-07-19T07:36:06.001+0000][info][gc,phases        ] GC(70)   Merge Heap Roots: 0.2ms
[2022-07-19T07:36:06.001+0000][info][gc,phases        ] GC(70)   Evacuate Collection Set: 1.3ms
[2022-07-19T07:36:06.001+0000][info][gc,phases        ] GC(70)   Post Evacuate Collection Set: 0.7ms
[2022-07-19T07:36:06.001+0000][info][gc,phases        ] GC(70)   Other: 0.2ms
[2022-07-19T07:36:06.001+0000][info][gc,heap          ] GC(70) Eden regions: 1->0(300)
[2022-07-19T07:36:06.001+0000][info][gc,heap          ] GC(70) Survivor regions: 1->1(38)
[2022-07-19T07:36:06.001+0000][info][gc,heap          ] GC(70) Old regions: 8->8
[2022-07-19T07:36:06.001+0000][info][gc,heap          ] GC(70) Archive regions: 2->2
[2022-07-19T07:36:06.001+0000][info][gc,heap          ] GC(70) Humongous regions: 192->0
[2022-07-19T07:36:06.001+0000][info][gc,metaspace     ] GC(70) Metaspace: 29047K(29504K)->29047K(29504K) NonClass: 25493K(25728K)->25493K(25728K) Class: 3553K(3776K)->3553K(3776K)
[2022-07-19T07:36:06.001+0000][info][gc               ] GC(70) Pause Young (Concurrent Start) (G1 Humongous Allocation) 401M->16M(1004M) 3.307ms
[2022-07-19T07:36:06.002+0000][info][gc,cpu           ] GC(70) User=0.00s Sys=0.00s Real=0.01s
[2022-07-19T07:36:06.002+0000][info][gc               ] GC(71) Concurrent Undo Cycle
[2022-07-19T07:36:06.002+0000][info][safepoint,stats  ] G1TryInitiateConcMark        [             29               0 ][            10926     438828    3528030    3977784 ]               0
[2022-07-19T07:36:06.002+0000][info][gc,marking       ] GC(71) Concurrent Cleanup for Next Mark
[2022-07-19T07:36:06.002+0000][info][safepoint        ] Safepoint "G1TryInitiateConcMark", Time since last: 97303386 ns, Reaching safepoint: 449754 ns, At safepoint: 3528030 ns, Total: 3977784 ns
[2022-07-19T07:36:06.002+0000][info][gc,marking       ] GC(71) Concurrent Cleanup for Next Mark 0.235ms
[2022-07-19T07:36:06.002+0000][info][gc               ] GC(71) Concurrent Undo Cycle 0.467ms
[2022-07-19T07:36:06.100+0000][info][safepoint,cleanup] updating inline caches, 0.0000017 secs
[2022-07-19T07:36:06.100+0000][info][safepoint,cleanup] compilation policy safepoint handler, 0.0000003 secs
[2022-07-19T07:36:06.100+0000][info][safepoint,cleanup] safepoint cleanup tasks, 0.0003026 secs
[2022-07-19T07:36:06.100+0000][info][gc,start         ] GC(72) Pause Young (Concurrent Start) (G1 Humongous Allocation)
[2022-07-19T07:36:06.100+0000][info][gc,task          ] GC(72) Using 8 workers of 8 for evacuation
[2022-07-19T07:36:06.104+0000][info][gc,phases        ] GC(72)   Pre Evacuate Collection Set: 0.5ms
[2022-07-19T07:36:06.104+0000][info][gc,phases        ] GC(72)   Merge Heap Roots: 0.2ms
[2022-07-19T07:36:06.104+0000][info][gc,phases        ] GC(72)   Evacuate Collection Set: 1.2ms
[2022-07-19T07:36:06.104+0000][info][gc,phases        ] GC(72)   Post Evacuate Collection Set: 1.0ms
[2022-07-19T07:36:06.104+0000][info][gc,phases        ] GC(72)   Other: 0.2ms
[2022-07-19T07:36:06.104+0000][info][gc,heap          ] GC(72) Eden regions: 1->0(300)
[2022-07-19T07:36:06.104+0000][info][gc,heap          ] GC(72) Survivor regions: 1->1(38)
[2022-07-19T07:36:06.104+0000][info][gc,heap          ] GC(72) Old regions: 8->8
[2022-07-19T07:36:06.104+0000][info][gc,heap          ] GC(72) Archive regions: 2->2
[2022-07-19T07:36:06.104+0000][info][gc,heap          ] GC(72) Humongous regions: 192->0
[2022-07-19T07:36:06.104+0000][info][gc,metaspace     ] GC(72) Metaspace: 29047K(29504K)->29047K(29504K) NonClass: 25493K(25728K)->25493K(25728K) Class: 3553K(3776K)->3553K(3776K)
[2022-07-19T07:36:06.104+0000][info][gc               ] GC(72) Pause Young (Concurrent Start) (G1 Humongous Allocation) 401M->16M(1004M) 3.726ms
[2022-07-19T07:36:06.104+0000][info][gc,cpu           ] GC(72) User=0.01s Sys=0.01s Real=0.00s
[2022-07-19T07:36:06.104+0000][info][gc               ] GC(73) Concurrent Undo Cycle
[2022-07-19T07:36:06.104+0000][info][safepoint,stats  ] G1TryInitiateConcMark        [             29               0 ][            11970     418512    3974375    4404857 ]               0
[2022-07-19T07:36:06.104+0000][info][safepoint        ] Safepoint "G1TryInitiateConcMark", Time since last: 98238906 ns, Reaching safepoint: 430482 ns, At safepoint: 3974375 ns, Total: 4404857 ns
[2022-07-19T07:36:06.104+0000][info][gc,marking       ] GC(73) Concurrent Cleanup for Next Mark
[2022-07-19T07:36:06.105+0000][info][gc,marking       ] GC(73) Concurrent Cleanup for Next Mark 0.291ms
[2022-07-19T07:36:06.105+0000][info][gc               ] GC(73) Concurrent Undo Cycle 0.578ms
[2022-07-19T07:36:06.204+0000][info][safepoint,cleanup] compilation policy safepoint handler, 0.0000006 secs
[2022-07-19T07:36:06.204+0000][info][safepoint,cleanup] updating inline caches, 0.0000024 secs
[2022-07-19T07:36:06.207+0000][info][safepoint,cleanup] safepoint cleanup tasks, 0.0024829 secs
[2022-07-19T07:36:06.207+0000][info][gc,start         ] GC(74) Pause Young (Concurrent Start) (G1 Humongous Allocation)
[2022-07-19T07:36:06.207+0000][info][gc,task          ] GC(74) Using 8 workers of 8 for evacuation
[2022-07-19T07:36:06.209+0000][info][gc,phases        ] GC(74)   Pre Evacuate Collection Set: 0.5ms
[2022-07-19T07:36:06.209+0000][info][gc,phases        ] GC(74)   Merge Heap Roots: 0.1ms
[2022-07-19T07:36:06.209+0000][info][gc,phases        ] GC(74)   Evacuate Collection Set: 0.8ms
[2022-07-19T07:36:06.209+0000][info][gc,phases        ] GC(74)   Post Evacuate Collection Set: 0.6ms
[2022-07-19T07:36:06.209+0000][info][gc,phases        ] GC(74)   Other: 0.2ms
[2022-07-19T07:36:06.209+0000][info][gc,heap          ] GC(74) Eden regions: 1->0(300)
[2022-07-19T07:36:06.209+0000][info][gc,heap          ] GC(74) Survivor regions: 1->1(38)
[2022-07-19T07:36:06.210+0000][info][gc,heap          ] GC(74) Old regions: 8->8
[2022-07-19T07:36:06.210+0000][info][gc,heap          ] GC(74) Archive regions: 2->2
[2022-07-19T07:36:06.210+0000][info][gc,heap          ] GC(74) Humongous regions: 192->0
[2022-07-19T07:36:06.210+0000][info][gc,metaspace     ] GC(74) Metaspace: 29047K(29504K)->29047K(29504K) NonClass: 25493K(25728K)->25493K(25728K) Class: 3553K(3776K)->3553K(3776K)
[2022-07-19T07:36:06.210+0000][info][gc               ] GC(74) Pause Young (Concurrent Start) (G1 Humongous Allocation) 401M->16M(1004M) 2.788ms
[2022-07-19T07:36:06.210+0000][info][gc,cpu           ] GC(74) User=0.01s Sys=0.00s Real=0.01s
[2022-07-19T07:36:06.210+0000][info][gc               ] GC(75) Concurrent Undo Cycle
[2022-07-19T07:36:06.210+0000][info][safepoint,stats  ] G1TryInitiateConcMark        [             29               0 ][            19671    2666876    3200376    5886923 ]               0
[2022-07-19T07:36:06.210+0000][info][gc,marking       ] GC(75) Concurrent Cleanup for Next Mark
[2022-07-19T07:36:06.210+0000][info][safepoint        ] Safepoint "G1TryInitiateConcMark", Time since last: 99810034 ns, Reaching safepoint: 2686547 ns, At safepoint: 3200376 ns, Total: 5886923 ns
[2022-07-19T07:36:06.210+0000][info][gc,marking       ] GC(75) Concurrent Cleanup for Next Mark 0.236ms
[2022-07-19T07:36:06.210+0000][info][gc               ] GC(75) Concurrent Undo Cycle 0.516ms
[2022-07-19T07:36:06.309+0000][info][safepoint,cleanup] compilation policy safepoint handler, 0.0000005 secs
[2022-07-19T07:36:06.309+0000][info][safepoint,cleanup] updating inline caches, 0.0000014 secs
[2022-07-19T07:36:06.315+0000][info][safepoint,cleanup] safepoint cleanup tasks, 0.0054048 secs
[2022-07-19T07:36:06.315+0000][info][gc,start         ] GC(76) Pause Young (Concurrent Start) (G1 Humongous Allocation)
[2022-07-19T07:36:06.315+0000][info][gc,task          ] GC(76) Using 8 workers of 8 for evacuation
[2022-07-19T07:36:06.319+0000][info][gc,phases        ] GC(76)   Pre Evacuate Collection Set: 0.5ms
[2022-07-19T07:36:06.319+0000][info][gc,phases        ] GC(76)   Merge Heap Roots: 0.2ms
[2022-07-19T07:36:06.319+0000][info][gc,phases        ] GC(76)   Evacuate Collection Set: 1.3ms
[2022-07-19T07:36:06.319+0000][info][gc,phases        ] GC(76)   Post Evacuate Collection Set: 1.1ms
[2022-07-19T07:36:06.319+0000][info][gc,phases        ] GC(76)   Other: 0.8ms
[2022-07-19T07:36:06.319+0000][info][gc,heap          ] GC(76) Eden regions: 1->0(300)
[2022-07-19T07:36:06.319+0000][info][gc,heap          ] GC(76) Survivor regions: 1->1(38)
[2022-07-19T07:36:06.319+0000][info][gc,heap          ] GC(76) Old regions: 8->8
[2022-07-19T07:36:06.319+0000][info][gc,heap          ] GC(76) Archive regions: 2->2
[2022-07-19T07:36:06.319+0000][info][gc,heap          ] GC(76) Humongous regions: 192->0
[2022-07-19T07:36:06.319+0000][info][gc,metaspace     ] GC(76) Metaspace: 29047K(29504K)->29047K(29504K) NonClass: 25493K(25728K)->25493K(25728K) Class: 3553K(3776K)->3553K(3776K)
[2022-07-19T07:36:06.319+0000][info][gc               ] GC(76) Pause Young (Concurrent Start) (G1 Humongous Allocation) 401M->16M(1004M) 4.405ms
[2022-07-19T07:36:06.319+0000][info][gc,cpu           ] GC(76) User=0.01s Sys=0.01s Real=0.00s
[2022-07-19T07:36:06.319+0000][info][gc               ] GC(77) Concurrent Undo Cycle
[2022-07-19T07:36:06.319+0000][info][safepoint,stats  ] G1TryInitiateConcMark        [             29               0 ][            11754    5469697    4672626   10154077 ]               0
[2022-07-19T07:36:06.319+0000][info][gc,marking       ] GC(77) Concurrent Cleanup for Next Mark
[2022-07-19T07:36:06.319+0000][info][safepoint        ] Safepoint "G1TryInitiateConcMark", Time since last: 99127582 ns, Reaching safepoint: 5481451 ns, At safepoint: 4672626 ns, Total: 10154077 ns
[2022-07-19T07:36:06.320+0000][info][gc,marking       ] GC(77) Concurrent Cleanup for Next Mark 0.347ms
[2022-07-19T07:36:06.320+0000][info][gc               ] GC(77) Concurrent Undo Cycle 0.639ms
[2022-07-19T07:36:06.418+0000][info][safepoint,cleanup] updating inline caches, 0.0000017 secs
[2022-07-19T07:36:06.418+0000][info][safepoint,cleanup] compilation policy safepoint handler, 0.0000003 secs
[2022-07-19T07:36:06.418+0000][info][safepoint,cleanup] safepoint cleanup tasks, 0.0002611 secs
[2022-07-19T07:36:06.418+0000][info][gc,start         ] GC(78) Pause Young (Concurrent Start) (G1 Humongous Allocation)
[2022-07-19T07:36:06.418+0000][info][gc,task          ] GC(78) Using 8 workers of 8 for evacuation
[2022-07-19T07:36:06.421+0000][info][gc,phases        ] GC(78)   Pre Evacuate Collection Set: 0.3ms
[2022-07-19T07:36:06.421+0000][info][gc,phases        ] GC(78)   Merge Heap Roots: 0.1ms
[2022-07-19T07:36:06.421+0000][info][gc,phases        ] GC(78)   Evacuate Collection Set: 0.9ms
[2022-07-19T07:36:06.421+0000][info][gc,phases        ] GC(78)   Post Evacuate Collection Set: 0.6ms
[2022-07-19T07:36:06.421+0000][info][gc,phases        ] GC(78)   Other: 0.1ms
[2022-07-19T07:36:06.421+0000][info][gc,heap          ] GC(78) Eden regions: 1->0(300)
[2022-07-19T07:36:06.421+0000][info][gc,heap          ] GC(78) Survivor regions: 1->1(38)
[2022-07-19T07:36:06.421+0000][info][gc,heap          ] GC(78) Old regions: 8->8
[2022-07-19T07:36:06.421+0000][info][gc,heap          ] GC(78) Archive regions: 2->2
[2022-07-19T07:36:06.421+0000][info][gc,heap          ] GC(78) Humongous regions: 192->0
[2022-07-19T07:36:06.421+0000][info][gc,metaspace     ] GC(78) Metaspace: 29047K(29504K)->29047K(29504K) NonClass: 25493K(25728K)->25493K(25728K) Class: 3553K(3776K)->3553K(3776K)
[2022-07-19T07:36:06.421+0000][info][gc               ] GC(78) Pause Young (Concurrent Start) (G1 Humongous Allocation) 401M->16M(1004M) 2.493ms
[2022-07-19T07:36:06.421+0000][info][gc,cpu           ] GC(78) User=0.01s Sys=0.00s Real=0.01s
[2022-07-19T07:36:06.421+0000][info][gc               ] GC(79) Concurrent Undo Cycle
[2022-07-19T07:36:06.421+0000][info][gc,marking       ] GC(79) Concurrent Cleanup for Next Mark
[2022-07-19T07:36:06.421+0000][info][safepoint,stats  ] G1TryInitiateConcMark        [             29               0 ][             9056     289082    2710258    3008396 ]               0
[2022-07-19T07:36:06.421+0000][info][safepoint        ] Safepoint "G1TryInitiateConcMark", Time since last: 98844917 ns, Reaching safepoint: 298138 ns, At safepoint: 2710258 ns, Total: 3008396 ns
[2022-07-19T07:36:06.421+0000][info][gc,marking       ] GC(79) Concurrent Cleanup for Next Mark 0.190ms
[2022-07-19T07:36:06.421+0000][info][gc               ] GC(79) Concurrent Undo Cycle 0.323ms
[2022-07-19T07:36:06.522+0000][info][safepoint,cleanup] compilation policy safepoint handler, 0.0000003 secs
[2022-07-19T07:36:06.522+0000][info][safepoint,cleanup] updating inline caches, 0.0000007 secs
[2022-07-19T07:36:06.523+0000][info][safepoint,cleanup] safepoint cleanup tasks, 0.0003325 secs
[2022-07-19T07:36:06.523+0000][info][gc,start         ] GC(80) Pause Young (Concurrent Start) (G1 Humongous Allocation)
[2022-07-19T07:36:06.523+0000][info][gc,task          ] GC(80) Using 8 workers of 8 for evacuation
[2022-07-19T07:36:06.527+0000][info][gc,phases        ] GC(80)   Pre Evacuate Collection Set: 0.4ms
[2022-07-19T07:36:06.527+0000][info][gc,phases        ] GC(80)   Merge Heap Roots: 0.1ms
[2022-07-19T07:36:06.527+0000][info][gc,phases        ] GC(80)   Evacuate Collection Set: 1.6ms
[2022-07-19T07:36:06.527+0000][info][gc,phases        ] GC(80)   Post Evacuate Collection Set: 1.0ms
[2022-07-19T07:36:06.527+0000][info][gc,phases        ] GC(80)   Other: 0.8ms
[2022-07-19T07:36:06.527+0000][info][gc,heap          ] GC(80) Eden regions: 1->0(300)
[2022-07-19T07:36:06.527+0000][info][gc,heap          ] GC(80) Survivor regions: 1->1(38)
[2022-07-19T07:36:06.527+0000][info][gc,heap          ] GC(80) Old regions: 8->8
[2022-07-19T07:36:06.527+0000][info][gc,heap          ] GC(80) Archive regions: 2->2
[2022-07-19T07:36:06.527+0000][info][gc,heap          ] GC(80) Humongous regions: 192->0
[2022-07-19T07:36:06.527+0000][info][gc,metaspace     ] GC(80) Metaspace: 29047K(29504K)->29047K(29504K) NonClass: 25493K(25728K)->25493K(25728K) Class: 3553K(3776K)->3553K(3776K)
[2022-07-19T07:36:06.527+0000][info][gc               ] GC(80) Pause Young (Concurrent Start) (G1 Humongous Allocation) 401M->16M(1004M) 4.512ms
[2022-07-19T07:36:06.527+0000][info][gc               ] GC(81) Concurrent Undo Cycle
[2022-07-19T07:36:06.527+0000][info][gc,cpu           ] GC(80) User=0.00s Sys=0.00s Real=0.00s
[2022-07-19T07:36:06.528+0000][info][gc,marking       ] GC(81) Concurrent Cleanup for Next Mark
[2022-07-19T07:36:06.528+0000][info][safepoint,stats  ] G1TryInitiateConcMark        [             29               0 ][             7568     394473    4937922    5339963 ]               0
[2022-07-19T07:36:06.528+0000][info][safepoint        ] Safepoint "G1TryInitiateConcMark", Time since last: 101116268 ns, Reaching safepoint: 402041 ns, At safepoint: 4937922 ns, Total: 5339963 ns
[2022-07-19T07:36:06.528+0000][info][gc,marking       ] GC(81) Concurrent Cleanup for Next Mark 0.159ms
[2022-07-19T07:36:06.528+0000][info][gc               ] GC(81) Concurrent Undo Cycle 0.292ms
[2022-07-19T07:36:06.619+0000][info][safepoint,cleanup] compilation policy safepoint handler, 0.0000001 secs
[2022-07-19T07:36:06.619+0000][info][safepoint,cleanup] updating inline caches, 0.0000006 secs
[2022-07-19T07:36:06.641+0000][info][safepoint,cleanup] safepoint cleanup tasks, 0.0221183 secs
[2022-07-19T07:36:06.641+0000][info][gc,start         ] GC(82) Pause Young (Concurrent Start) (G1 Humongous Allocation)
[2022-07-19T07:36:06.642+0000][info][gc,task          ] GC(82) Using 8 workers of 8 for evacuation
[2022-07-19T07:36:06.643+0000][info][gc,phases        ] GC(82)   Pre Evacuate Collection Set: 0.4ms
[2022-07-19T07:36:06.643+0000][info][gc,phases        ] GC(82)   Merge Heap Roots: 0.1ms
[2022-07-19T07:36:06.643+0000][info][gc,phases        ] GC(82)   Evacuate Collection Set: 0.7ms
[2022-07-19T07:36:06.643+0000][info][gc,phases        ] GC(82)   Post Evacuate Collection Set: 0.3ms
[2022-07-19T07:36:06.643+0000][info][gc,phases        ] GC(82)   Other: -0.0ms
[2022-07-19T07:36:06.643+0000][info][gc,heap          ] GC(82) Eden regions: 1->0(300)
[2022-07-19T07:36:06.643+0000][info][gc,heap          ] GC(82) Survivor regions: 1->1(38)
[2022-07-19T07:36:06.643+0000][info][gc,heap          ] GC(82) Old regions: 8->8
[2022-07-19T07:36:06.643+0000][info][gc,heap          ] GC(82) Archive regions: 2->2
[2022-07-19T07:36:06.643+0000][info][gc,heap          ] GC(82) Humongous regions: 192->0
[2022-07-19T07:36:06.643+0000][info][gc,metaspace     ] GC(82) Metaspace: 29047K(29504K)->29047K(29504K) NonClass: 25493K(25728K)->25493K(25728K) Class: 3553K(3776K)->3553K(3776K)
[2022-07-19T07:36:06.643+0000][info][gc               ] GC(82) Pause Young (Concurrent Start) (G1 Humongous Allocation) 401M->16M(1004M) 2.034ms
[2022-07-19T07:36:06.643+0000][info][gc               ] GC(83) Concurrent Undo Cycle
[2022-07-19T07:36:06.643+0000][info][gc,cpu           ] GC(82) User=0.01s Sys=0.01s Real=0.00s
[2022-07-19T07:36:06.643+0000][info][gc,marking       ] GC(83) Concurrent Cleanup for Next Mark
[2022-07-19T07:36:06.643+0000][info][safepoint,stats  ] G1TryInitiateConcMark        [             29               0 ][             4792   22178515    2167927   24351234 ]               0
[2022-07-19T07:36:06.644+0000][info][safepoint        ] Safepoint "G1TryInitiateConcMark", Time since last: 91575182 ns, Reaching safepoint: 22183307 ns, At safepoint: 2167927 ns, Total: 24351234 ns
[2022-07-19T07:36:06.644+0000][info][gc,marking       ] GC(83) Concurrent Cleanup for Next Mark 0.069ms
[2022-07-19T07:36:06.644+0000][info][gc               ] GC(83) Concurrent Undo Cycle 0.123ms
[2022-07-19T07:36:06.732+0000][info][safepoint,cleanup] compilation policy safepoint handler, 0.0000003 secs
[2022-07-19T07:36:06.732+0000][info][safepoint,cleanup] updating inline caches, 0.0000007 secs
[2022-07-19T07:36:06.732+0000][info][safepoint,cleanup] safepoint cleanup tasks, 0.0001158 secs
[2022-07-19T07:36:06.732+0000][info][gc,start         ] GC(84) Pause Young (Concurrent Start) (G1 Humongous Allocation)
[2022-07-19T07:36:06.732+0000][info][gc,task          ] GC(84) Using 8 workers of 8 for evacuation
[2022-07-19T07:36:06.733+0000][info][gc,phases        ] GC(84)   Pre Evacuate Collection Set: 0.3ms
[2022-07-19T07:36:06.733+0000][info][gc,phases        ] GC(84)   Merge Heap Roots: 0.1ms
[2022-07-19T07:36:06.733+0000][info][gc,phases        ] GC(84)   Evacuate Collection Set: 0.5ms
[2022-07-19T07:36:06.733+0000][info][gc,phases        ] GC(84)   Post Evacuate Collection Set: 0.5ms
[2022-07-19T07:36:06.733+0000][info][gc,phases        ] GC(84)   Other: 0.1ms
[2022-07-19T07:36:06.733+0000][info][gc,heap          ] GC(84) Eden regions: 1->0(300)
[2022-07-19T07:36:06.733+0000][info][gc,heap          ] GC(84) Survivor regions: 1->1(38)
[2022-07-19T07:36:06.733+0000][info][gc,heap          ] GC(84) Old regions: 8->8
[2022-07-19T07:36:06.733+0000][info][gc,heap          ] GC(84) Archive regions: 2->2
[2022-07-19T07:36:06.733+0000][info][gc,heap          ] GC(84) Humongous regions: 192->0
[2022-07-19T07:36:06.733+0000][info][gc,metaspace     ] GC(84) Metaspace: 29047K(29504K)->29047K(29504K) NonClass: 25493K(25728K)->25493K(25728K) Class: 3553K(3776K)->3553K(3776K)
[2022-07-19T07:36:06.734+0000][info][gc               ] GC(84) Pause Young (Concurrent Start) (G1 Humongous Allocation) 401M->16M(1004M) 1.716ms
[2022-07-19T07:36:06.734+0000][info][gc,cpu           ] GC(84) User=0.00s Sys=0.00s Real=0.00s
[2022-07-19T07:36:06.734+0000][info][gc               ] GC(85) Concurrent Undo Cycle
[2022-07-19T07:36:06.734+0000][info][safepoint,stats  ] G1TryInitiateConcMark        [             29               0 ][             5265     135639    1800476    1941380 ]               0
[2022-07-19T07:36:06.734+0000][info][gc,marking       ] GC(85) Concurrent Cleanup for Next Mark
[2022-07-19T07:36:06.734+0000][info][safepoint        ] Safepoint "G1TryInitiateConcMark", Time since last: 88144682 ns, Reaching safepoint: 140904 ns, At safepoint: 1800476 ns, Total: 1941380 ns
[2022-07-19T07:36:06.734+0000][info][gc,marking       ] GC(85) Concurrent Cleanup for Next Mark 0.175ms
[2022-07-19T07:36:06.734+0000][info][gc               ] GC(85) Concurrent Undo Cycle 0.289ms
[2022-07-19T07:36:06.820+0000][info][safepoint,cleanup] updating inline caches, 0.0000006 secs
[2022-07-19T07:36:06.820+0000][info][safepoint,cleanup] compilation policy safepoint handler, 0.0000001 secs
[2022-07-19T07:36:06.820+0000][info][safepoint,cleanup] safepoint cleanup tasks, 0.0001248 secs
[2022-07-19T07:36:06.820+0000][info][gc,start         ] GC(86) Pause Young (Concurrent Start) (G1 Humongous Allocation)
[2022-07-19T07:36:06.820+0000][info][gc,task          ] GC(86) Using 8 workers of 8 for evacuation
[2022-07-19T07:36:06.821+0000][info][gc,phases        ] GC(86)   Pre Evacuate Collection Set: 0.2ms
[2022-07-19T07:36:06.821+0000][info][gc,phases        ] GC(86)   Merge Heap Roots: 0.0ms
[2022-07-19T07:36:06.821+0000][info][gc,phases        ] GC(86)   Evacuate Collection Set: 0.5ms
[2022-07-19T07:36:06.821+0000][info][gc,phases        ] GC(86)   Post Evacuate Collection Set: 0.3ms
[2022-07-19T07:36:06.821+0000][info][gc,phases        ] GC(86)   Other: 0.1ms
[2022-07-19T07:36:06.821+0000][info][gc,heap          ] GC(86) Eden regions: 1->0(300)
[2022-07-19T07:36:06.821+0000][info][gc,heap          ] GC(86) Survivor regions: 1->1(38)
[2022-07-19T07:36:06.821+0000][info][gc,heap          ] GC(86) Old regions: 8->8
[2022-07-19T07:36:06.821+0000][info][gc,heap          ] GC(86) Archive regions: 2->2
[2022-07-19T07:36:06.821+0000][info][gc,heap          ] GC(86) Humongous regions: 192->0
[2022-07-19T07:36:06.821+0000][info][gc,metaspace     ] GC(86) Metaspace: 29047K(29504K)->29047K(29504K) NonClass: 25493K(25728K)->25493K(25728K) Class: 3553K(3776K)->3553K(3776K)
[2022-07-19T07:36:06.821+0000][info][gc               ] GC(86) Pause Young (Concurrent Start) (G1 Humongous Allocation) 401M->16M(1004M) 1.183ms
[2022-07-19T07:36:06.821+0000][info][gc,cpu           ] GC(86) User=0.00s Sys=0.00s Real=0.00s
[2022-07-19T07:36:06.821+0000][info][safepoint,stats  ] G1TryInitiateConcMark        [             29               0 ][             4962     151042    1239997    1396001 ]               0
[2022-07-19T07:36:06.821+0000][info][gc               ] GC(87) Concurrent Undo Cycle
[2022-07-19T07:36:06.821+0000][info][safepoint        ] Safepoint "G1TryInitiateConcMark", Time since last: 86181256 ns, Reaching safepoint: 156004 ns, At safepoint: 1239997 ns, Total: 1396001 ns
[2022-07-19T07:36:06.821+0000][info][gc,marking       ] GC(87) Concurrent Cleanup for Next Mark
[2022-07-19T07:36:06.821+0000][info][gc,marking       ] GC(87) Concurrent Cleanup for Next Mark 0.110ms
[2022-07-19T07:36:06.821+0000][info][gc               ] GC(87) Concurrent Undo Cycle 0.185ms
[2022-07-19T07:36:06.909+0000][info][safepoint,cleanup] updating inline caches, 0.0000004 secs
[2022-07-19T07:36:06.909+0000][info][safepoint,cleanup] compilation policy safepoint handler, 0.0000001 secs
[2022-07-19T07:36:06.909+0000][info][safepoint,cleanup] safepoint cleanup tasks, 0.0000838 secs
[2022-07-19T07:36:06.909+0000][info][gc,start         ] GC(88) Pause Young (Concurrent Start) (G1 Humongous Allocation)
[2022-07-19T07:36:06.909+0000][info][gc,task          ] GC(88) Using 8 workers of 8 for evacuation
[2022-07-19T07:36:06.910+0000][info][gc,phases        ] GC(88)   Pre Evacuate Collection Set: 0.2ms
[2022-07-19T07:36:06.910+0000][info][gc,phases        ] GC(88)   Merge Heap Roots: 0.0ms
[2022-07-19T07:36:06.910+0000][info][gc,phases        ] GC(88)   Evacuate Collection Set: 0.5ms
[2022-07-19T07:36:06.910+0000][info][gc,phases        ] GC(88)   Post Evacuate Collection Set: 0.3ms
[2022-07-19T07:36:06.910+0000][info][gc,phases        ] GC(88)   Other: 0.1ms
[2022-07-19T07:36:06.910+0000][info][gc,heap          ] GC(88) Eden regions: 2->0(300)
[2022-07-19T07:36:06.910+0000][info][gc,heap          ] GC(88) Survivor regions: 1->1(38)
[2022-07-19T07:36:06.910+0000][info][gc,heap          ] GC(88) Old regions: 8->8
[2022-07-19T07:36:06.910+0000][info][gc,heap          ] GC(88) Archive regions: 2->2
[2022-07-19T07:36:06.910+0000][info][gc,heap          ] GC(88) Humongous regions: 192->0
[2022-07-19T07:36:06.910+0000][info][gc,metaspace     ] GC(88) Metaspace: 29047K(29504K)->29047K(29504K) NonClass: 25493K(25728K)->25493K(25728K) Class: 3553K(3776K)->3553K(3776K)
[2022-07-19T07:36:06.910+0000][info][gc               ] GC(88) Pause Young (Concurrent Start) (G1 Humongous Allocation) 403M->16M(1004M) 1.163ms
[2022-07-19T07:36:06.910+0000][info][gc,cpu           ] GC(88) User=0.01s Sys=0.00s Real=0.01s
[2022-07-19T07:36:06.910+0000][info][gc               ] GC(89) Concurrent Undo Cycle
[2022-07-19T07:36:06.910+0000][info][safepoint,stats  ] G1TryInitiateConcMark        [             29               0 ][             5655      92675    1219008    1317338 ]               0
[2022-07-19T07:36:06.910+0000][info][gc,marking       ] GC(89) Concurrent Cleanup for Next Mark
[2022-07-19T07:36:06.910+0000][info][safepoint        ] Safepoint "G1TryInitiateConcMark", Time since last: 87754205 ns, Reaching safepoint: 98330 ns, At safepoint: 1219008 ns, Total: 1317338 ns
[2022-07-19T07:36:06.910+0000][info][gc,marking       ] GC(89) Concurrent Cleanup for Next Mark 0.073ms
[2022-07-19T07:36:06.910+0000][info][gc               ] GC(89) Concurrent Undo Cycle 0.143ms
[2022-07-19T07:36:06.991+0000][info][safepoint,cleanup] compilation policy safepoint handler, 0.0000007 secs
[2022-07-19T07:36:06.991+0000][info][safepoint,cleanup] updating inline caches, 0.0000013 secs
[2022-07-19T07:36:06.992+0000][info][safepoint,cleanup] safepoint cleanup tasks, 0.0005081 secs
[2022-07-19T07:36:06.992+0000][info][gc,start         ] GC(90) Pause Young (Concurrent Start) (G1 Humongous Allocation)
[2022-07-19T07:36:06.992+0000][info][gc,task          ] GC(90) Using 8 workers of 8 for evacuation
[2022-07-19T07:36:06.995+0000][info][gc,phases        ] GC(90)   Pre Evacuate Collection Set: 0.5ms
[2022-07-19T07:36:06.995+0000][info][gc,phases        ] GC(90)   Merge Heap Roots: 0.2ms
[2022-07-19T07:36:06.995+0000][info][gc,phases        ] GC(90)   Evacuate Collection Set: 1.4ms
[2022-07-19T07:36:06.995+0000][info][gc,phases        ] GC(90)   Post Evacuate Collection Set: 0.6ms
[2022-07-19T07:36:06.995+0000][info][gc,phases        ] GC(90)   Other: 0.1ms
[2022-07-19T07:36:06.995+0000][info][gc,heap          ] GC(90) Eden regions: 1->0(300)
[2022-07-19T07:36:06.995+0000][info][gc,heap          ] GC(90) Survivor regions: 1->1(38)
[2022-07-19T07:36:06.995+0000][info][gc,heap          ] GC(90) Old regions: 8->8
[2022-07-19T07:36:06.995+0000][info][gc,heap          ] GC(90) Archive regions: 2->2
[2022-07-19T07:36:06.995+0000][info][gc,heap          ] GC(90) Humongous regions: 192->0
[2022-07-19T07:36:06.995+0000][info][gc,metaspace     ] GC(90) Metaspace: 29047K(29504K)->29047K(29504K) NonClass: 25493K(25728K)->25493K(25728K) Class: 3553K(3776K)->3553K(3776K)
[2022-07-19T07:36:06.995+0000][info][gc               ] GC(90) Pause Young (Concurrent Start) (G1 Humongous Allocation) 401M->16M(1004M) 3.312ms
[2022-07-19T07:36:06.995+0000][info][gc,cpu           ] GC(90) User=0.00s Sys=0.00s Real=0.00s
[2022-07-19T07:36:06.995+0000][info][gc               ] GC(91) Concurrent Undo Cycle
[2022-07-19T07:36:06.995+0000][info][safepoint,stats  ] G1TryInitiateConcMark        [             29               0 ][            11416     565456    3500165    4077037 ]               0
[2022-07-19T07:36:06.995+0000][info][gc,marking       ] GC(91) Concurrent Cleanup for Next Mark
[2022-07-19T07:36:06.995+0000][info][safepoint        ] Safepoint "G1TryInitiateConcMark", Time since last: 80803052 ns, Reaching safepoint: 576872 ns, At safepoint: 3500165 ns, Total: 4077037 ns
[2022-07-19T07:36:06.995+0000][info][gc,marking       ] GC(91) Concurrent Cleanup for Next Mark 0.230ms
[2022-07-19T07:36:06.996+0000][info][gc               ] GC(91) Concurrent Undo Cycle 0.450ms
[2022-07-19T07:36:07.090+0000][info][safepoint,cleanup] updating inline caches, 0.0000018 secs
[2022-07-19T07:36:07.090+0000][info][safepoint,cleanup] compilation policy safepoint handler, 0.0000005 secs
[2022-07-19T07:36:07.090+0000][info][safepoint,cleanup] safepoint cleanup tasks, 0.0004299 secs
[2022-07-19T07:36:07.090+0000][info][gc,start         ] GC(92) Pause Young (Concurrent Start) (G1 Humongous Allocation)
[2022-07-19T07:36:07.090+0000][info][gc,task          ] GC(92) Using 8 workers of 8 for evacuation
[2022-07-19T07:36:07.093+0000][info][gc,phases        ] GC(92)   Pre Evacuate Collection Set: 0.5ms
[2022-07-19T07:36:07.094+0000][info][gc,phases        ] GC(92)   Merge Heap Roots: 0.2ms
[2022-07-19T07:36:07.094+0000][info][gc,phases        ] GC(92)   Evacuate Collection Set: 1.2ms
[2022-07-19T07:36:07.094+0000][info][gc,phases        ] GC(92)   Post Evacuate Collection Set: 0.9ms
[2022-07-19T07:36:07.094+0000][info][gc,phases        ] GC(92)   Other: 0.2ms
[2022-07-19T07:36:07.094+0000][info][gc,heap          ] GC(92) Eden regions: 1->0(300)
[2022-07-19T07:36:07.094+0000][info][gc,heap          ] GC(92) Survivor regions: 1->1(38)
[2022-07-19T07:36:07.094+0000][info][gc,heap          ] GC(92) Old regions: 8->8
[2022-07-19T07:36:07.094+0000][info][gc,heap          ] GC(92) Archive regions: 2->2
[2022-07-19T07:36:07.094+0000][info][gc,heap          ] GC(92) Humongous regions: 192->0
[2022-07-19T07:36:07.094+0000][info][gc,metaspace     ] GC(92) Metaspace: 29047K(29504K)->29047K(29504K) NonClass: 25493K(25728K)->25493K(25728K) Class: 3553K(3776K)->3553K(3776K)
[2022-07-19T07:36:07.094+0000][info][gc               ] GC(92) Pause Young (Concurrent Start) (G1 Humongous Allocation) 401M->16M(1004M) 3.549ms
[2022-07-19T07:36:07.094+0000][info][gc,cpu           ] GC(92) User=0.00s Sys=0.01s Real=0.00s
[2022-07-19T07:36:07.094+0000][info][gc               ] GC(93) Concurrent Undo Cycle
[2022-07-19T07:36:07.094+0000][info][safepoint,stats  ] G1TryInitiateConcMark        [             29               0 ][            24473     480488    3747203    4252164 ]               0
[2022-07-19T07:36:07.094+0000][info][gc,marking       ] GC(93) Concurrent Cleanup for Next Mark
[2022-07-19T07:36:07.094+0000][info][safepoint        ] Safepoint "G1TryInitiateConcMark", Time since last: 94633131 ns, Reaching safepoint: 504961 ns, At safepoint: 3747203 ns, Total: 4252164 ns
[2022-07-19T07:36:07.094+0000][info][gc,marking       ] GC(93) Concurrent Cleanup for Next Mark 0.338ms
[2022-07-19T07:36:07.095+0000][info][gc               ] GC(93) Concurrent Undo Cycle 0.608ms
[2022-07-19T07:36:07.188+0000][info][safepoint,cleanup] compilation policy safepoint handler, 0.0000003 secs
[2022-07-19T07:36:07.188+0000][info][safepoint,cleanup] updating inline caches, 0.0000017 secs
[2022-07-19T07:36:07.188+0000][info][safepoint,cleanup] safepoint cleanup tasks, 0.0003852 secs
[2022-07-19T07:36:07.188+0000][info][gc,start         ] GC(94) Pause Young (Concurrent Start) (G1 Humongous Allocation)
[2022-07-19T07:36:07.189+0000][info][gc,task          ] GC(94) Using 8 workers of 8 for evacuation
[2022-07-19T07:36:07.192+0000][info][gc,phases        ] GC(94)   Pre Evacuate Collection Set: 0.4ms
[2022-07-19T07:36:07.192+0000][info][gc,phases        ] GC(94)   Merge Heap Roots: 0.2ms
[2022-07-19T07:36:07.192+0000][info][gc,phases        ] GC(94)   Evacuate Collection Set: 1.2ms
[2022-07-19T07:36:07.192+0000][info][gc,phases        ] GC(94)   Post Evacuate Collection Set: 1.0ms
[2022-07-19T07:36:07.192+0000][info][gc,phases        ] GC(94)   Other: 0.2ms
[2022-07-19T07:36:07.192+0000][info][gc,heap          ] GC(94) Eden regions: 1->0(300)
[2022-07-19T07:36:07.192+0000][info][gc,heap          ] GC(94) Survivor regions: 1->1(38)
[2022-07-19T07:36:07.192+0000][info][gc,heap          ] GC(94) Old regions: 8->8
[2022-07-19T07:36:07.192+0000][info][gc,heap          ] GC(94) Archive regions: 2->2
[2022-07-19T07:36:07.192+0000][info][gc,heap          ] GC(94) Humongous regions: 192->0
[2022-07-19T07:36:07.192+0000][info][gc,metaspace     ] GC(94) Metaspace: 29047K(29504K)->29047K(29504K) NonClass: 25493K(25728K)->25493K(25728K) Class: 3553K(3776K)->3553K(3776K)
[2022-07-19T07:36:07.192+0000][info][gc               ] GC(94) Pause Young (Concurrent Start) (G1 Humongous Allocation) 401M->16M(1004M) 3.548ms
[2022-07-19T07:36:07.192+0000][info][gc,cpu           ] GC(94) User=0.01s Sys=0.00s Real=0.01s
[2022-07-19T07:36:07.192+0000][info][gc               ] GC(95) Concurrent Undo Cycle
[2022-07-19T07:36:07.192+0000][info][safepoint,stats  ] G1TryInitiateConcMark        [             29               0 ][            14910     458095    3736161    4209166 ]               0
[2022-07-19T07:36:07.192+0000][info][gc,marking       ] GC(95) Concurrent Cleanup for Next Mark
[2022-07-19T07:36:07.192+0000][info][safepoint        ] Safepoint "G1TryInitiateConcMark", Time since last: 93921875 ns, Reaching safepoint: 473005 ns, At safepoint: 3736161 ns, Total: 4209166 ns
[2022-07-19T07:36:07.192+0000][info][gc,marking       ] GC(95) Concurrent Cleanup for Next Mark 0.202ms
[2022-07-19T07:36:07.193+0000][info][gc               ] GC(95) Concurrent Undo Cycle 0.449ms
[2022-07-19T07:36:07.285+0000][info][safepoint,cleanup] updating inline caches, 0.0000022 secs
[2022-07-19T07:36:07.285+0000][info][safepoint,cleanup] compilation policy safepoint handler, 0.0000002 secs
[2022-07-19T07:36:07.285+0000][info][safepoint,cleanup] safepoint cleanup tasks, 0.0003029 secs
[2022-07-19T07:36:07.285+0000][info][gc,start         ] GC(96) Pause Young (Concurrent Start) (G1 Humongous Allocation)
[2022-07-19T07:36:07.285+0000][info][gc,task          ] GC(96) Using 8 workers of 8 for evacuation
[2022-07-19T07:36:07.288+0000][info][gc,phases        ] GC(96)   Pre Evacuate Collection Set: 0.4ms
[2022-07-19T07:36:07.288+0000][info][gc,phases        ] GC(96)   Merge Heap Roots: 0.2ms
[2022-07-19T07:36:07.288+0000][info][gc,phases        ] GC(96)   Evacuate Collection Set: 1.3ms
[2022-07-19T07:36:07.288+0000][info][gc,phases        ] GC(96)   Post Evacuate Collection Set: 0.9ms
[2022-07-19T07:36:07.288+0000][info][gc,phases        ] GC(96)   Other: 0.2ms
[2022-07-19T07:36:07.288+0000][info][gc,heap          ] GC(96) Eden regions: 1->0(300)
[2022-07-19T07:36:07.288+0000][info][gc,heap          ] GC(96) Survivor regions: 1->1(38)
[2022-07-19T07:36:07.289+0000][info][gc,heap          ] GC(96) Old regions: 8->8
[2022-07-19T07:36:07.289+0000][info][gc,heap          ] GC(96) Archive regions: 2->2
[2022-07-19T07:36:07.289+0000][info][gc,heap          ] GC(96) Humongous regions: 192->0
[2022-07-19T07:36:07.289+0000][info][gc,metaspace     ] GC(96) Metaspace: 29047K(29504K)->29047K(29504K) NonClass: 25493K(25728K)->25493K(25728K) Class: 3553K(3776K)->3553K(3776K)
[2022-07-19T07:36:07.289+0000][info][gc               ] GC(96) Pause Young (Concurrent Start) (G1 Humongous Allocation) 401M->16M(1004M) 3.610ms
[2022-07-19T07:36:07.289+0000][info][gc,cpu           ] GC(96) User=0.01s Sys=0.01s Real=0.00s
[2022-07-19T07:36:07.289+0000][info][gc               ] GC(97) Concurrent Undo Cycle
[2022-07-19T07:36:07.289+0000][info][safepoint,stats  ] G1TryInitiateConcMark        [             29               0 ][            12183     338347    3812518    4163048 ]               0
[2022-07-19T07:36:07.289+0000][info][gc,marking       ] GC(97) Concurrent Cleanup for Next Mark
[2022-07-19T07:36:07.289+0000][info][safepoint        ] Safepoint "G1TryInitiateConcMark", Time since last: 92541450 ns, Reaching safepoint: 350530 ns, At safepoint: 3812518 ns, Total: 4163048 ns
[2022-07-19T07:36:07.289+0000][info][gc,marking       ] GC(97) Concurrent Cleanup for Next Mark 0.476ms
[2022-07-19T07:36:07.289+0000][info][gc               ] GC(97) Concurrent Undo Cycle 0.694ms
[2022-07-19T07:36:07.389+0000][info][safepoint,cleanup] updating inline caches, 0.0000215 secs
[2022-07-19T07:36:07.389+0000][info][safepoint,cleanup] compilation policy safepoint handler, 0.0000005 secs
[2022-07-19T07:36:07.389+0000][info][safepoint,cleanup] safepoint cleanup tasks, 0.0003147 secs
[2022-07-19T07:36:07.389+0000][info][gc,start         ] GC(98) Pause Young (Concurrent Start) (G1 Humongous Allocation)
[2022-07-19T07:36:07.389+0000][info][gc,task          ] GC(98) Using 8 workers of 8 for evacuation
[2022-07-19T07:36:07.392+0000][info][gc,phases        ] GC(98)   Pre Evacuate Collection Set: 0.6ms
[2022-07-19T07:36:07.392+0000][info][gc,phases        ] GC(98)   Merge Heap Roots: 0.2ms
[2022-07-19T07:36:07.392+0000][info][gc,phases        ] GC(98)   Evacuate Collection Set: 1.2ms
[2022-07-19T07:36:07.392+0000][info][gc,phases        ] GC(98)   Post Evacuate Collection Set: 0.9ms
[2022-07-19T07:36:07.392+0000][info][gc,phases        ] GC(98)   Other: 0.2ms
[2022-07-19T07:36:07.392+0000][info][gc,heap          ] GC(98) Eden regions: 1->0(300)
[2022-07-19T07:36:07.392+0000][info][gc,heap          ] GC(98) Survivor regions: 1->1(38)
[2022-07-19T07:36:07.393+0000][info][gc,heap          ] GC(98) Old regions: 8->8
[2022-07-19T07:36:07.393+0000][info][gc,heap          ] GC(98) Archive regions: 2->2
[2022-07-19T07:36:07.393+0000][info][gc,heap          ] GC(98) Humongous regions: 192->0
[2022-07-19T07:36:07.393+0000][info][gc,metaspace     ] GC(98) Metaspace: 29047K(29504K)->29047K(29504K) NonClass: 25493K(25728K)->25493K(25728K) Class: 3553K(3776K)->3553K(3776K)
[2022-07-19T07:36:07.393+0000][info][gc               ] GC(98) Pause Young (Concurrent Start) (G1 Humongous Allocation) 401M->16M(1004M) 3.748ms
[2022-07-19T07:36:07.393+0000][info][gc,cpu           ] GC(98) User=0.01s Sys=0.00s Real=0.01s
[2022-07-19T07:36:07.393+0000][info][gc               ] GC(99) Concurrent Undo Cycle
[2022-07-19T07:36:07.393+0000][info][safepoint,stats  ] G1TryInitiateConcMark        [             29               0 ][            11402     350843    4002132    4364377 ]               0
[2022-07-19T07:36:07.393+0000][info][gc,marking       ] GC(99) Concurrent Cleanup for Next Mark
[2022-07-19T07:36:07.393+0000][info][safepoint        ] Safepoint "G1TryInitiateConcMark", Time since last: 99680841 ns, Reaching safepoint: 362245 ns, At safepoint: 4002132 ns, Total: 4364377 ns
[2022-07-19T07:36:07.393+0000][info][gc,marking       ] GC(99) Concurrent Cleanup for Next Mark 0.222ms
[2022-07-19T07:36:07.393+0000][info][gc               ] GC(99) Concurrent Undo Cycle 0.420ms
[2022-07-19T07:36:07.482+0000][info][safepoint,cleanup] updating inline caches, 0.0000020 secs
[2022-07-19T07:36:07.482+0000][info][safepoint,cleanup] compilation policy safepoint handler, 0.0000003 secs
[2022-07-19T07:36:07.482+0000][info][safepoint,cleanup] safepoint cleanup tasks, 0.0002808 secs
[2022-07-19T07:36:07.482+0000][info][gc,start         ] GC(100) Pause Young (Concurrent Start) (G1 Humongous Allocation)
[2022-07-19T07:36:07.482+0000][info][gc,task          ] GC(100) Using 8 workers of 8 for evacuation
[2022-07-19T07:36:07.485+0000][info][gc,phases        ] GC(100)   Pre Evacuate Collection Set: 0.4ms
[2022-07-19T07:36:07.485+0000][info][gc,phases        ] GC(100)   Merge Heap Roots: 0.2ms
[2022-07-19T07:36:07.485+0000][info][gc,phases        ] GC(100)   Evacuate Collection Set: 1.3ms
[2022-07-19T07:36:07.485+0000][info][gc,phases        ] GC(100)   Post Evacuate Collection Set: 0.7ms
[2022-07-19T07:36:07.485+0000][info][gc,phases        ] GC(100)   Other: 0.2ms
[2022-07-19T07:36:07.485+0000][info][gc,heap          ] GC(100) Eden regions: 1->0(300)
[2022-07-19T07:36:07.485+0000][info][gc,heap          ] GC(100) Survivor regions: 1->1(38)
[2022-07-19T07:36:07.485+0000][info][gc,heap          ] GC(100) Old regions: 8->8
[2022-07-19T07:36:07.485+0000][info][gc,heap          ] GC(100) Archive regions: 2->2
[2022-07-19T07:36:07.485+0000][info][gc,heap          ] GC(100) Humongous regions: 192->0
[2022-07-19T07:36:07.485+0000][info][gc,metaspace     ] GC(100) Metaspace: 29047K(29504K)->29047K(29504K) NonClass: 25493K(25728K)->25493K(25728K) Class: 3553K(3776K)->3553K(3776K)
[2022-07-19T07:36:07.485+0000][info][gc               ] GC(100) Pause Young (Concurrent Start) (G1 Humongous Allocation) 401M->16M(1004M) 3.228ms
[2022-07-19T07:36:07.486+0000][info][gc,cpu           ] GC(100) User=0.00s Sys=0.00s Real=0.00s
[2022-07-19T07:36:07.486+0000][info][gc               ] GC(101) Concurrent Undo Cycle
[2022-07-19T07:36:07.486+0000][info][safepoint,stats  ] G1TryInitiateConcMark        [             29               0 ][            10946     321641    3509729    3842316 ]               0
[2022-07-19T07:36:07.486+0000][info][gc,marking       ] GC(101) Concurrent Cleanup for Next Mark
[2022-07-19T07:36:07.486+0000][info][safepoint        ] Safepoint "G1TryInitiateConcMark", Time since last: 88929442 ns, Reaching safepoint: 332587 ns, At safepoint: 3509729 ns, Total: 3842316 ns
[2022-07-19T07:36:07.486+0000][info][gc,marking       ] GC(101) Concurrent Cleanup for Next Mark 0.150ms
[2022-07-19T07:36:07.486+0000][info][gc               ] GC(101) Concurrent Undo Cycle 0.278ms
[2022-07-19T07:36:07.583+0000][info][safepoint,cleanup] updating inline caches, 0.0000007 secs
[2022-07-19T07:36:07.583+0000][info][safepoint,cleanup] compilation policy safepoint handler, 0.0000002 secs
[2022-07-19T07:36:07.584+0000][info][safepoint,cleanup] safepoint cleanup tasks, 0.0001763 secs
[2022-07-19T07:36:07.584+0000][info][gc,start         ] GC(102) Pause Young (Concurrent Start) (G1 Humongous Allocation)
[2022-07-19T07:36:07.584+0000][info][gc,task          ] GC(102) Using 8 workers of 8 for evacuation
[2022-07-19T07:36:07.585+0000][info][gc,phases        ] GC(102)   Pre Evacuate Collection Set: 0.2ms
[2022-07-19T07:36:07.585+0000][info][gc,phases        ] GC(102)   Merge Heap Roots: 0.1ms
[2022-07-19T07:36:07.585+0000][info][gc,phases        ] GC(102)   Evacuate Collection Set: 0.6ms
[2022-07-19T07:36:07.585+0000][info][gc,phases        ] GC(102)   Post Evacuate Collection Set: 0.5ms
[2022-07-19T07:36:07.585+0000][info][gc,phases        ] GC(102)   Other: 0.1ms
[2022-07-19T07:36:07.585+0000][info][gc,heap          ] GC(102) Eden regions: 1->0(300)
[2022-07-19T07:36:07.585+0000][info][gc,heap          ] GC(102) Survivor regions: 1->1(38)
[2022-07-19T07:36:07.585+0000][info][gc,heap          ] GC(102) Old regions: 8->8
[2022-07-19T07:36:07.585+0000][info][gc,heap          ] GC(102) Archive regions: 2->2
[2022-07-19T07:36:07.585+0000][info][gc,heap          ] GC(102) Humongous regions: 192->0
[2022-07-19T07:36:07.585+0000][info][gc,metaspace     ] GC(102) Metaspace: 29047K(29504K)->29047K(29504K) NonClass: 25493K(25728K)->25493K(25728K) Class: 3553K(3776K)->3553K(3776K)
[2022-07-19T07:36:07.585+0000][info][gc               ] GC(102) Pause Young (Concurrent Start) (G1 Humongous Allocation) 401M->16M(1004M) 1.752ms
[2022-07-19T07:36:07.585+0000][info][gc,cpu           ] GC(102) User=0.00s Sys=0.01s Real=0.00s
[2022-07-19T07:36:07.585+0000][info][gc               ] GC(103) Concurrent Undo Cycle
[2022-07-19T07:36:07.585+0000][info][safepoint,stats  ] G1TryInitiateConcMark        [             29               0 ][            10145     195828    1844413    2050386 ]               0
[2022-07-19T07:36:07.586+0000][info][safepoint        ] Safepoint "G1TryInitiateConcMark", Time since last: 97765394 ns, Reaching safepoint: 205973 ns, At safepoint: 1844413 ns, Total: 2050386 ns
[2022-07-19T07:36:07.586+0000][info][gc,marking       ] GC(103) Concurrent Cleanup for Next Mark
[2022-07-19T07:36:07.586+0000][info][gc,marking       ] GC(103) Concurrent Cleanup for Next Mark 0.162ms
[2022-07-19T07:36:07.586+0000][info][gc               ] GC(103) Concurrent Undo Cycle 0.308ms
[2022-07-19T07:36:07.675+0000][info][safepoint,cleanup] compilation policy safepoint handler, 0.0000004 secs
[2022-07-19T07:36:07.675+0000][info][safepoint,cleanup] updating inline caches, 0.0000019 secs
[2022-07-19T07:36:07.675+0000][info][safepoint,cleanup] safepoint cleanup tasks, 0.0002827 secs
[2022-07-19T07:36:07.675+0000][info][gc,start         ] GC(104) Pause Young (Concurrent Start) (G1 Humongous Allocation)
[2022-07-19T07:36:07.675+0000][info][gc,task          ] GC(104) Using 8 workers of 8 for evacuation
[2022-07-19T07:36:07.678+0000][info][gc,phases        ] GC(104)   Pre Evacuate Collection Set: 0.6ms
[2022-07-19T07:36:07.678+0000][info][gc,phases        ] GC(104)   Merge Heap Roots: 0.2ms
[2022-07-19T07:36:07.678+0000][info][gc,phases        ] GC(104)   Evacuate Collection Set: 1.2ms
[2022-07-19T07:36:07.678+0000][info][gc,phases        ] GC(104)   Post Evacuate Collection Set: 0.7ms
[2022-07-19T07:36:07.678+0000][info][gc,phases        ] GC(104)   Other: 0.1ms
[2022-07-19T07:36:07.678+0000][info][gc,heap          ] GC(104) Eden regions: 1->0(300)
[2022-07-19T07:36:07.678+0000][info][gc,heap          ] GC(104) Survivor regions: 1->1(38)
[2022-07-19T07:36:07.678+0000][info][gc,heap          ] GC(104) Old regions: 8->8
[2022-07-19T07:36:07.678+0000][info][gc,heap          ] GC(104) Archive regions: 2->2
[2022-07-19T07:36:07.678+0000][info][gc,heap          ] GC(104) Humongous regions: 192->0
[2022-07-19T07:36:07.678+0000][info][gc,metaspace     ] GC(104) Metaspace: 29047K(29504K)->29047K(29504K) NonClass: 25493K(25728K)->25493K(25728K) Class: 3553K(3776K)->3553K(3776K)
[2022-07-19T07:36:07.678+0000][info][gc               ] GC(104) Pause Young (Concurrent Start) (G1 Humongous Allocation) 401M->16M(1004M) 3.148ms
[2022-07-19T07:36:07.678+0000][info][gc,cpu           ] GC(104) User=0.00s Sys=0.00s Real=0.00s
[2022-07-19T07:36:07.678+0000][info][gc               ] GC(105) Concurrent Undo Cycle
[2022-07-19T07:36:07.678+0000][info][safepoint,stats  ] G1TryInitiateConcMark        [             29               0 ][            11224     316251    3279086    3606561 ]               0
[2022-07-19T07:36:07.678+0000][info][gc,marking       ] GC(105) Concurrent Cleanup for Next Mark
[2022-07-19T07:36:07.678+0000][info][safepoint        ] Safepoint "G1TryInitiateConcMark", Time since last: 89162698 ns, Reaching safepoint: 327475 ns, At safepoint: 3279086 ns, Total: 3606561 ns
[2022-07-19T07:36:07.679+0000][info][gc,marking       ] GC(105) Concurrent Cleanup for Next Mark 0.362ms
[2022-07-19T07:36:07.679+0000][info][gc               ] GC(105) Concurrent Undo Cycle 0.533ms
[2022-07-19T07:36:07.771+0000][info][safepoint,cleanup] updating inline caches, 0.0000015 secs
[2022-07-19T07:36:07.771+0000][info][safepoint,cleanup] compilation policy safepoint handler, 0.0000003 secs
[2022-07-19T07:36:07.771+0000][info][safepoint,cleanup] safepoint cleanup tasks, 0.0002738 secs
[2022-07-19T07:36:07.771+0000][info][gc,start         ] GC(106) Pause Young (Concurrent Start) (G1 Humongous Allocation)
[2022-07-19T07:36:07.771+0000][info][gc,task          ] GC(106) Using 8 workers of 8 for evacuation
[2022-07-19T07:36:07.775+0000][info][gc,phases        ] GC(106)   Pre Evacuate Collection Set: 0.6ms
[2022-07-19T07:36:07.775+0000][info][gc,phases        ] GC(106)   Merge Heap Roots: 0.2ms
[2022-07-19T07:36:07.775+0000][info][gc,phases        ] GC(106)   Evacuate Collection Set: 1.3ms
[2022-07-19T07:36:07.775+0000][info][gc,phases        ] GC(106)   Post Evacuate Collection Set: 1.1ms
[2022-07-19T07:36:07.775+0000][info][gc,phases        ] GC(106)   Other: 0.2ms
[2022-07-19T07:36:07.775+0000][info][gc,heap          ] GC(106) Eden regions: 1->0(300)
[2022-07-19T07:36:07.775+0000][info][gc,heap          ] GC(106) Survivor regions: 1->1(38)
[2022-07-19T07:36:07.775+0000][info][gc,heap          ] GC(106) Old regions: 8->8
[2022-07-19T07:36:07.775+0000][info][gc,heap          ] GC(106) Archive regions: 2->2
[2022-07-19T07:36:07.775+0000][info][gc,heap          ] GC(106) Humongous regions: 192->0
[2022-07-19T07:36:07.775+0000][info][gc,metaspace     ] GC(106) Metaspace: 29047K(29504K)->29047K(29504K) NonClass: 25493K(25728K)->25493K(25728K) Class: 3553K(3776K)->3553K(3776K)
[2022-07-19T07:36:07.775+0000][info][gc               ] GC(106) Pause Young (Concurrent Start) (G1 Humongous Allocation) 401M->16M(1004M) 3.956ms
[2022-07-19T07:36:07.775+0000][info][gc,cpu           ] GC(106) User=0.01s Sys=0.00s Real=0.00s
[2022-07-19T07:36:07.775+0000][info][gc               ] GC(107) Concurrent Undo Cycle
[2022-07-19T07:36:07.775+0000][info][safepoint,stats  ] VM Operation                 [ threads: total initial_running ][ time:       sync    cleanup       vmop      total ] page_trap_count
[2022-07-19T07:36:07.775+0000][info][gc,marking       ] GC(107) Concurrent Cleanup for Next Mark
[2022-07-19T07:36:07.775+0000][info][safepoint,stats  ] G1TryInitiateConcMark        [             29               0 ][            11406     316554    4187830    4515790 ]               0
[2022-07-19T07:36:07.775+0000][info][safepoint        ] Safepoint "G1TryInitiateConcMark", Time since last: 92385024 ns, Reaching safepoint: 327960 ns, At safepoint: 4187830 ns, Total: 4515790 ns
[2022-07-19T07:36:07.776+0000][info][gc,marking       ] GC(107) Concurrent Cleanup for Next Mark 0.370ms
[2022-07-19T07:36:07.776+0000][info][gc               ] GC(107) Concurrent Undo Cycle 0.630ms
[2022-07-19T07:36:07.877+0000][info][safepoint,cleanup] updating inline caches, 0.0000013 secs
[2022-07-19T07:36:07.877+0000][info][safepoint,cleanup] compilation policy safepoint handler, 0.0000003 secs
[2022-07-19T07:36:07.877+0000][info][safepoint,cleanup] safepoint cleanup tasks, 0.0003324 secs
[2022-07-19T07:36:07.877+0000][info][gc,start         ] GC(108) Pause Young (Concurrent Start) (G1 Humongous Allocation)
[2022-07-19T07:36:07.877+0000][info][gc,task          ] GC(108) Using 8 workers of 8 for evacuation
[2022-07-19T07:36:07.880+0000][info][gc,phases        ] GC(108)   Pre Evacuate Collection Set: 0.5ms
[2022-07-19T07:36:07.880+0000][info][gc,phases        ] GC(108)   Merge Heap Roots: 0.2ms
[2022-07-19T07:36:07.880+0000][info][gc,phases        ] GC(108)   Evacuate Collection Set: 1.2ms
[2022-07-19T07:36:07.880+0000][info][gc,phases        ] GC(108)   Post Evacuate Collection Set: 0.9ms
[2022-07-19T07:36:07.880+0000][info][gc,phases        ] GC(108)   Other: 0.2ms
[2022-07-19T07:36:07.880+0000][info][gc,heap          ] GC(108) Eden regions: 2->0(300)
[2022-07-19T07:36:07.880+0000][info][gc,heap          ] GC(108) Survivor regions: 1->1(38)
[2022-07-19T07:36:07.880+0000][info][gc,heap          ] GC(108) Old regions: 8->8
[2022-07-19T07:36:07.880+0000][info][gc,heap          ] GC(108) Archive regions: 2->2
[2022-07-19T07:36:07.880+0000][info][gc,heap          ] GC(108) Humongous regions: 192->0
[2022-07-19T07:36:07.880+0000][info][gc,metaspace     ] GC(108) Metaspace: 29047K(29504K)->29047K(29504K) NonClass: 25493K(25728K)->25493K(25728K) Class: 3553K(3776K)->3553K(3776K)
[2022-07-19T07:36:07.881+0000][info][gc               ] GC(108) Pause Young (Concurrent Start) (G1 Humongous Allocation) 403M->16M(1004M) 3.593ms
[2022-07-19T07:36:07.881+0000][info][gc,cpu           ] GC(108) User=0.01s Sys=0.01s Real=0.01s
[2022-07-19T07:36:07.881+0000][info][gc               ] GC(109) Concurrent Undo Cycle
[2022-07-19T07:36:07.881+0000][info][safepoint,stats  ] G1TryInitiateConcMark        [             29               0 ][            10234     370498    3775179    4155911 ]               0
[2022-07-19T07:36:07.881+0000][info][gc,marking       ] GC(109) Concurrent Cleanup for Next Mark
[2022-07-19T07:36:07.881+0000][info][safepoint        ] Safepoint "G1TryInitiateConcMark", Time since last: 101409638 ns, Reaching safepoint: 380732 ns, At safepoint: 3775179 ns, Total: 4155911 ns
[2022-07-19T07:36:07.881+0000][info][gc,marking       ] GC(109) Concurrent Cleanup for Next Mark 0.275ms
[2022-07-19T07:36:07.881+0000][info][gc               ] GC(109) Concurrent Undo Cycle 0.472ms
[2022-07-19T07:36:07.975+0000][info][safepoint,cleanup] updating inline caches, 0.0000008 secs
[2022-07-19T07:36:07.975+0000][info][safepoint,cleanup] compilation policy safepoint handler, 0.0000001 secs
[2022-07-19T07:36:07.975+0000][info][safepoint,cleanup] safepoint cleanup tasks, 0.0000840 secs
[2022-07-19T07:36:07.975+0000][info][gc,start         ] GC(110) Pause Young (Concurrent Start) (G1 Humongous Allocation)
[2022-07-19T07:36:07.975+0000][info][gc,task          ] GC(110) Using 8 workers of 8 for evacuation
[2022-07-19T07:36:07.976+0000][info][gc,phases        ] GC(110)   Pre Evacuate Collection Set: 0.1ms
[2022-07-19T07:36:07.976+0000][info][gc,phases        ] GC(110)   Merge Heap Roots: 0.0ms
[2022-07-19T07:36:07.976+0000][info][gc,phases        ] GC(110)   Evacuate Collection Set: 0.5ms
[2022-07-19T07:36:07.976+0000][info][gc,phases        ] GC(110)   Post Evacuate Collection Set: 0.3ms
[2022-07-19T07:36:07.976+0000][info][gc,phases        ] GC(110)   Other: 0.0ms
[2022-07-19T07:36:07.976+0000][info][gc,heap          ] GC(110) Eden regions: 1->0(300)
[2022-07-19T07:36:07.976+0000][info][gc,heap          ] GC(110) Survivor regions: 1->1(38)
[2022-07-19T07:36:07.976+0000][info][gc,heap          ] GC(110) Old regions: 8->8
[2022-07-19T07:36:07.976+0000][info][gc,heap          ] GC(110) Archive regions: 2->2
[2022-07-19T07:36:07.976+0000][info][gc,heap          ] GC(110) Humongous regions: 192->0
[2022-07-19T07:36:07.976+0000][info][gc,metaspace     ] GC(110) Metaspace: 29047K(29504K)->29047K(29504K) NonClass: 25493K(25728K)->25493K(25728K) Class: 3553K(3776K)->3553K(3776K)
[2022-07-19T07:36:07.976+0000][info][gc               ] GC(110) Pause Young (Concurrent Start) (G1 Humongous Allocation) 401M->16M(1004M) 1.135ms
[2022-07-19T07:36:07.976+0000][info][gc,cpu           ] GC(110) User=0.00s Sys=0.00s Real=0.00s
[2022-07-19T07:36:07.976+0000][info][gc               ] GC(111) Concurrent Undo Cycle
[2022-07-19T07:36:07.976+0000][info][safepoint,stats  ] G1TryInitiateConcMark        [             29               0 ][             6054      92454    1183640    1282148 ]               0
[2022-07-19T07:36:07.976+0000][info][gc,marking       ] GC(111) Concurrent Cleanup for Next Mark
[2022-07-19T07:36:07.976+0000][info][safepoint        ] Safepoint "G1TryInitiateConcMark", Time since last: 93803556 ns, Reaching safepoint: 98508 ns, At safepoint: 1183640 ns, Total: 1282148 ns
[2022-07-19T07:36:07.976+0000][info][gc,marking       ] GC(111) Concurrent Cleanup for Next Mark 0.109ms
[2022-07-19T07:36:07.976+0000][info][gc               ] GC(111) Concurrent Undo Cycle 0.270ms
[2022-07-19T07:36:08.055+0000][info][safepoint,cleanup] updating inline caches, 0.0000007 secs
[2022-07-19T07:36:08.055+0000][info][safepoint,cleanup] compilation policy safepoint handler, 0.0000001 secs
[2022-07-19T07:36:08.055+0000][info][safepoint,cleanup] safepoint cleanup tasks, 0.0000840 secs
[2022-07-19T07:36:08.055+0000][info][gc,start         ] GC(112) Pause Young (Concurrent Start) (G1 Humongous Allocation)
[2022-07-19T07:36:08.055+0000][info][gc,task          ] GC(112) Using 8 workers of 8 for evacuation
[2022-07-19T07:36:08.057+0000][info][gc,phases        ] GC(112)   Pre Evacuate Collection Set: 0.2ms
[2022-07-19T07:36:08.057+0000][info][gc,phases        ] GC(112)   Merge Heap Roots: 0.0ms
[2022-07-19T07:36:08.057+0000][info][gc,phases        ] GC(112)   Evacuate Collection Set: 0.5ms
[2022-07-19T07:36:08.057+0000][info][gc,phases        ] GC(112)   Post Evacuate Collection Set: 0.4ms
[2022-07-19T07:36:08.057+0000][info][gc,phases        ] GC(112)   Other: 0.1ms
[2022-07-19T07:36:08.057+0000][info][gc,heap          ] GC(112) Eden regions: 1->0(300)
[2022-07-19T07:36:08.057+0000][info][gc,heap          ] GC(112) Survivor regions: 1->1(38)
[2022-07-19T07:36:08.057+0000][info][gc,heap          ] GC(112) Old regions: 8->8
[2022-07-19T07:36:08.057+0000][info][gc,heap          ] GC(112) Archive regions: 2->2
[2022-07-19T07:36:08.057+0000][info][gc,heap          ] GC(112) Humongous regions: 192->0
[2022-07-19T07:36:08.057+0000][info][gc,metaspace     ] GC(112) Metaspace: 29047K(29504K)->29047K(29504K) NonClass: 25493K(25728K)->25493K(25728K) Class: 3553K(3776K)->3553K(3776K)
[2022-07-19T07:36:08.057+0000][info][gc               ] GC(112) Pause Young (Concurrent Start) (G1 Humongous Allocation) 401M->16M(1004M) 1.327ms
[2022-07-19T07:36:08.057+0000][info][gc,cpu           ] GC(112) User=0.01s Sys=0.00s Real=0.00s
[2022-07-19T07:36:08.057+0000][info][safepoint,stats  ] G1TryInitiateConcMark        [             29               0 ][             6216      97201    1433567    1536984 ]               0
[2022-07-19T07:36:08.057+0000][info][safepoint        ] Safepoint "G1TryInitiateConcMark", Time since last: 79381062 ns, Reaching safepoint: 103417 ns, At safepoint: 1433567 ns, Total: 1536984 ns
[2022-07-19T07:36:08.057+0000][info][gc               ] GC(113) Concurrent Undo Cycle
[2022-07-19T07:36:08.057+0000][info][gc,marking       ] GC(113) Concurrent Cleanup for Next Mark
[2022-07-19T07:36:08.057+0000][info][gc,marking       ] GC(113) Concurrent Cleanup for Next Mark 0.086ms
[2022-07-19T07:36:08.057+0000][info][gc               ] GC(113) Concurrent Undo Cycle 0.164ms
[2022-07-19T07:36:08.141+0000][info][safepoint,cleanup] updating inline caches, 0.0000015 secs
[2022-07-19T07:36:08.141+0000][info][safepoint,cleanup] compilation policy safepoint handler, 0.0000002 secs
[2022-07-19T07:36:08.142+0000][info][safepoint,cleanup] safepoint cleanup tasks, 0.0002913 secs
[2022-07-19T07:36:08.142+0000][info][gc,start         ] GC(114) Pause Young (Concurrent Start) (G1 Humongous Allocation)
[2022-07-19T07:36:08.142+0000][info][gc,task          ] GC(114) Using 8 workers of 8 for evacuation
[2022-07-19T07:36:08.145+0000][info][gc,phases        ] GC(114)   Pre Evacuate Collection Set: 0.6ms
[2022-07-19T07:36:08.145+0000][info][gc,phases        ] GC(114)   Merge Heap Roots: 0.2ms
[2022-07-19T07:36:08.145+0000][info][gc,phases        ] GC(114)   Evacuate Collection Set: 1.2ms
[2022-07-19T07:36:08.145+0000][info][gc,phases        ] GC(114)   Post Evacuate Collection Set: 1.0ms
[2022-07-19T07:36:08.145+0000][info][gc,phases        ] GC(114)   Other: 0.2ms
[2022-07-19T07:36:08.145+0000][info][gc,heap          ] GC(114) Eden regions: 1->0(300)
[2022-07-19T07:36:08.145+0000][info][gc,heap          ] GC(114) Survivor regions: 1->1(38)
[2022-07-19T07:36:08.145+0000][info][gc,heap          ] GC(114) Old regions: 8->8
[2022-07-19T07:36:08.145+0000][info][gc,heap          ] GC(114) Archive regions: 2->2
[2022-07-19T07:36:08.145+0000][info][gc,heap          ] GC(114) Humongous regions: 192->0
[2022-07-19T07:36:08.145+0000][info][gc,metaspace     ] GC(114) Metaspace: 29047K(29504K)->29047K(29504K) NonClass: 25493K(25728K)->25493K(25728K) Class: 3553K(3776K)->3553K(3776K)
[2022-07-19T07:36:08.145+0000][info][gc               ] GC(114) Pause Young (Concurrent Start) (G1 Humongous Allocation) 401M->16M(1004M) 3.677ms
[2022-07-19T07:36:08.145+0000][info][gc,cpu           ] GC(114) User=0.00s Sys=0.00s Real=0.00s
[2022-07-19T07:36:08.145+0000][info][gc               ] GC(115) Concurrent Undo Cycle
[2022-07-19T07:36:08.146+0000][info][safepoint,stats  ] G1TryInitiateConcMark        [             29               0 ][            11548     328138    3903971    4243657 ]               0
[2022-07-19T07:36:08.146+0000][info][gc,marking       ] GC(115) Concurrent Cleanup for Next Mark
[2022-07-19T07:36:08.146+0000][info][safepoint        ] Safepoint "G1TryInitiateConcMark", Time since last: 84559754 ns, Reaching safepoint: 339686 ns, At safepoint: 3903971 ns, Total: 4243657 ns
[2022-07-19T07:36:08.146+0000][info][gc,marking       ] GC(115) Concurrent Cleanup for Next Mark 0.300ms
[2022-07-19T07:36:08.146+0000][info][gc               ] GC(115) Concurrent Undo Cycle 0.563ms
[2022-07-19T07:36:08.248+0000][info][safepoint,cleanup] updating inline caches, 0.0000011 secs
[2022-07-19T07:36:08.248+0000][info][safepoint,cleanup] compilation policy safepoint handler, 0.0000004 secs
[2022-07-19T07:36:08.248+0000][info][safepoint,cleanup] safepoint cleanup tasks, 0.0002913 secs
[2022-07-19T07:36:08.249+0000][info][gc,start         ] GC(116) Pause Young (Concurrent Start) (G1 Humongous Allocation)
[2022-07-19T07:36:08.249+0000][info][gc,task          ] GC(116) Using 8 workers of 8 for evacuation
[2022-07-19T07:36:08.252+0000][info][gc,phases        ] GC(116)   Pre Evacuate Collection Set: 0.4ms
[2022-07-19T07:36:08.252+0000][info][gc,phases        ] GC(116)   Merge Heap Roots: 0.2ms
[2022-07-19T07:36:08.252+0000][info][gc,phases        ] GC(116)   Evacuate Collection Set: 1.2ms
[2022-07-19T07:36:08.252+0000][info][gc,phases        ] GC(116)   Post Evacuate Collection Set: 1.0ms
[2022-07-19T07:36:08.252+0000][info][gc,phases        ] GC(116)   Other: 0.3ms
[2022-07-19T07:36:08.252+0000][info][gc,heap          ] GC(116) Eden regions: 1->0(300)
[2022-07-19T07:36:08.252+0000][info][gc,heap          ] GC(116) Survivor regions: 1->1(38)
[2022-07-19T07:36:08.252+0000][info][gc,heap          ] GC(116) Old regions: 8->8
[2022-07-19T07:36:08.252+0000][info][gc,heap          ] GC(116) Archive regions: 2->2
[2022-07-19T07:36:08.252+0000][info][gc,heap          ] GC(116) Humongous regions: 192->0
[2022-07-19T07:36:08.252+0000][info][gc,metaspace     ] GC(116) Metaspace: 29047K(29504K)->29047K(29504K) NonClass: 25493K(25728K)->25493K(25728K) Class: 3553K(3776K)->3553K(3776K)
[2022-07-19T07:36:08.252+0000][info][gc               ] GC(116) Pause Young (Concurrent Start) (G1 Humongous Allocation) 401M->16M(1004M) 3.633ms
[2022-07-19T07:36:08.252+0000][info][gc,cpu           ] GC(116) User=0.00s Sys=0.00s Real=0.01s
[2022-07-19T07:36:08.252+0000][info][gc               ] GC(117) Concurrent Undo Cycle
[2022-07-19T07:36:08.252+0000][info][safepoint,stats  ] G1TryInitiateConcMark        [             29               0 ][            10206     326454    3824366    4161026 ]               0
[2022-07-19T07:36:08.252+0000][info][gc,marking       ] GC(117) Concurrent Cleanup for Next Mark
[2022-07-19T07:36:08.253+0000][info][safepoint        ] Safepoint "G1TryInitiateConcMark", Time since last: 102623377 ns, Reaching safepoint: 336660 ns, At safepoint: 3824366 ns, Total: 4161026 ns
[2022-07-19T07:36:08.253+0000][info][gc,marking       ] GC(117) Concurrent Cleanup for Next Mark 0.284ms
[2022-07-19T07:36:08.253+0000][info][gc               ] GC(117) Concurrent Undo Cycle 0.573ms
[2022-07-19T07:36:08.350+0000][info][safepoint,cleanup] compilation policy safepoint handler, 0.0000008 secs
[2022-07-19T07:36:08.350+0000][info][safepoint,cleanup] updating inline caches, 0.0000014 secs
[2022-07-19T07:36:08.350+0000][info][safepoint,cleanup] safepoint cleanup tasks, 0.0004024 secs
[2022-07-19T07:36:08.350+0000][info][gc,start         ] GC(118) Pause Young (Concurrent Start) (G1 Humongous Allocation)
[2022-07-19T07:36:08.350+0000][info][gc,task          ] GC(118) Using 8 workers of 8 for evacuation
[2022-07-19T07:36:08.353+0000][info][gc,phases        ] GC(118)   Pre Evacuate Collection Set: 0.4ms
[2022-07-19T07:36:08.353+0000][info][gc,phases        ] GC(118)   Merge Heap Roots: 0.2ms
[2022-07-19T07:36:08.353+0000][info][gc,phases        ] GC(118)   Evacuate Collection Set: 1.2ms
[2022-07-19T07:36:08.354+0000][info][gc,phases        ] GC(118)   Post Evacuate Collection Set: 0.9ms
[2022-07-19T07:36:08.354+0000][info][gc,phases        ] GC(118)   Other: 0.3ms
[2022-07-19T07:36:08.354+0000][info][gc,heap          ] GC(118) Eden regions: 1->0(300)
[2022-07-19T07:36:08.354+0000][info][gc,heap          ] GC(118) Survivor regions: 1->1(38)
[2022-07-19T07:36:08.354+0000][info][gc,heap          ] GC(118) Old regions: 8->8
[2022-07-19T07:36:08.354+0000][info][gc,heap          ] GC(118) Archive regions: 2->2
[2022-07-19T07:36:08.354+0000][info][gc,heap          ] GC(118) Humongous regions: 192->0
[2022-07-19T07:36:08.354+0000][info][gc,metaspace     ] GC(118) Metaspace: 29047K(29504K)->29047K(29504K) NonClass: 25493K(25728K)->25493K(25728K) Class: 3553K(3776K)->3553K(3776K)
[2022-07-19T07:36:08.354+0000][info][gc               ] GC(118) Pause Young (Concurrent Start) (G1 Humongous Allocation) 401M->16M(1004M) 3.678ms
[2022-07-19T07:36:08.354+0000][info][gc,cpu           ] GC(118) User=0.01s Sys=0.00s Real=0.00s
[2022-07-19T07:36:08.354+0000][info][gc               ] GC(119) Concurrent Undo Cycle
[2022-07-19T07:36:08.354+0000][info][safepoint,stats  ] G1TryInitiateConcMark        [             29               0 ][            12276     462129    3879728    4354133 ]               0
[2022-07-19T07:36:08.354+0000][info][gc,marking       ] GC(119) Concurrent Cleanup for Next Mark
[2022-07-19T07:36:08.354+0000][info][safepoint        ] Safepoint "G1TryInitiateConcMark", Time since last: 97292026 ns, Reaching safepoint: 474405 ns, At safepoint: 3879728 ns, Total: 4354133 ns
[2022-07-19T07:36:08.354+0000][info][gc,marking       ] GC(119) Concurrent Cleanup for Next Mark 0.320ms
[2022-07-19T07:36:08.355+0000][info][gc               ] GC(119) Concurrent Undo Cycle 0.573ms
[2022-07-19T07:36:08.455+0000][info][safepoint,cleanup] updating inline caches, 0.0000017 secs
[2022-07-19T07:36:08.455+0000][info][safepoint,cleanup] compilation policy safepoint handler, 0.0000003 secs
[2022-07-19T07:36:08.455+0000][info][safepoint,cleanup] safepoint cleanup tasks, 0.0002678 secs
[2022-07-19T07:36:08.455+0000][info][gc,start         ] GC(120) Pause Young (Concurrent Start) (G1 Humongous Allocation)
[2022-07-19T07:36:08.455+0000][info][gc,task          ] GC(120) Using 8 workers of 8 for evacuation
[2022-07-19T07:36:08.458+0000][info][gc,phases        ] GC(120)   Pre Evacuate Collection Set: 0.5ms
[2022-07-19T07:36:08.459+0000][info][gc,phases        ] GC(120)   Merge Heap Roots: 0.2ms
[2022-07-19T07:36:08.459+0000][info][gc,phases        ] GC(120)   Evacuate Collection Set: 1.2ms
[2022-07-19T07:36:08.459+0000][info][gc,phases        ] GC(120)   Post Evacuate Collection Set: 1.1ms
[2022-07-19T07:36:08.459+0000][info][gc,phases        ] GC(120)   Other: 0.2ms
[2022-07-19T07:36:08.459+0000][info][gc,heap          ] GC(120) Eden regions: 1->0(300)
[2022-07-19T07:36:08.459+0000][info][gc,heap          ] GC(120) Survivor regions: 1->1(38)
[2022-07-19T07:36:08.459+0000][info][gc,heap          ] GC(120) Old regions: 8->8
[2022-07-19T07:36:08.459+0000][info][gc,heap          ] GC(120) Archive regions: 2->2
[2022-07-19T07:36:08.459+0000][info][gc,heap          ] GC(120) Humongous regions: 192->0
[2022-07-19T07:36:08.459+0000][info][gc,metaspace     ] GC(120) Metaspace: 29047K(29504K)->29047K(29504K) NonClass: 25493K(25728K)->25493K(25728K) Class: 3553K(3776K)->3553K(3776K)
[2022-07-19T07:36:08.459+0000][info][gc               ] GC(120) Pause Young (Concurrent Start) (G1 Humongous Allocation) 401M->16M(1004M) 4.284ms
[2022-07-19T07:36:08.459+0000][info][gc,cpu           ] GC(120) User=0.00s Sys=0.01s Real=0.00s
[2022-07-19T07:36:08.459+0000][info][gc               ] GC(121) Concurrent Undo Cycle
[2022-07-19T07:36:08.460+0000][info][safepoint,stats  ] G1TryInitiateConcMark        [             29               0 ][            10656     304917    4493828    4809401 ]               0
[2022-07-19T07:36:08.460+0000][info][gc,marking       ] GC(121) Concurrent Cleanup for Next Mark
[2022-07-19T07:36:08.460+0000][info][safepoint        ] Safepoint "G1TryInitiateConcMark", Time since last: 100745495 ns, Reaching safepoint: 315573 ns, At safepoint: 4493828 ns, Total: 4809401 ns
[2022-07-19T07:36:08.460+0000][info][gc,marking       ] GC(121) Concurrent Cleanup for Next Mark 0.293ms
[2022-07-19T07:36:08.460+0000][info][gc               ] GC(121) Concurrent Undo Cycle 0.560ms
[2022-07-19T07:36:08.558+0000][info][safepoint,cleanup] compilation policy safepoint handler, 0.0000005 secs
[2022-07-19T07:36:08.558+0000][info][safepoint,cleanup] updating inline caches, 0.0000275 secs
[2022-07-19T07:36:08.558+0000][info][safepoint,cleanup] safepoint cleanup tasks, 0.0003051 secs
[2022-07-19T07:36:08.558+0000][info][gc,start         ] GC(122) Pause Young (Concurrent Start) (G1 Humongous Allocation)
[2022-07-19T07:36:08.558+0000][info][gc,task          ] GC(122) Using 8 workers of 8 for evacuation
[2022-07-19T07:36:08.562+0000][info][gc,phases        ] GC(122)   Pre Evacuate Collection Set: 0.7ms
[2022-07-19T07:36:08.562+0000][info][gc,phases        ] GC(122)   Merge Heap Roots: 0.2ms
[2022-07-19T07:36:08.562+0000][info][gc,phases        ] GC(122)   Evacuate Collection Set: 2.1ms
[2022-07-19T07:36:08.562+0000][info][gc,phases        ] GC(122)   Post Evacuate Collection Set: 0.8ms
[2022-07-19T07:36:08.562+0000][info][gc,phases        ] GC(122)   Other: 0.3ms
[2022-07-19T07:36:08.563+0000][info][gc,heap          ] GC(122) Eden regions: 1->0(300)
[2022-07-19T07:36:08.563+0000][info][gc,heap          ] GC(122) Survivor regions: 1->1(38)
[2022-07-19T07:36:08.563+0000][info][gc,heap          ] GC(122) Old regions: 8->8
[2022-07-19T07:36:08.563+0000][info][gc,heap          ] GC(122) Archive regions: 2->2
[2022-07-19T07:36:08.563+0000][info][gc,heap          ] GC(122) Humongous regions: 192->0
[2022-07-19T07:36:08.563+0000][info][gc,metaspace     ] GC(122) Metaspace: 29047K(29504K)->29047K(29504K) NonClass: 25493K(25728K)->25493K(25728K) Class: 3553K(3776K)->3553K(3776K)
[2022-07-19T07:36:08.563+0000][info][gc               ] GC(122) Pause Young (Concurrent Start) (G1 Humongous Allocation) 401M->16M(1004M) 4.651ms
[2022-07-19T07:36:08.563+0000][info][gc,cpu           ] GC(122) User=0.00s Sys=0.00s Real=0.01s
[2022-07-19T07:36:08.563+0000][info][gc               ] GC(123) Concurrent Undo Cycle
[2022-07-19T07:36:08.563+0000][info][safepoint,stats  ] G1TryInitiateConcMark        [             29               0 ][            10781     345580    4817739    5174100 ]               0
[2022-07-19T07:36:08.563+0000][info][gc,marking       ] GC(123) Concurrent Cleanup for Next Mark
[2022-07-19T07:36:08.563+0000][info][safepoint        ] Safepoint "G1TryInitiateConcMark", Time since last: 98084089 ns, Reaching safepoint: 356361 ns, At safepoint: 4817739 ns, Total: 5174100 ns
[2022-07-19T07:36:08.563+0000][info][gc,marking       ] GC(123) Concurrent Cleanup for Next Mark 0.320ms
[2022-07-19T07:36:08.563+0000][info][gc               ] GC(123) Concurrent Undo Cycle 0.530ms
[2022-07-19T07:36:08.656+0000][info][safepoint,cleanup] updating inline caches, 0.0000019 secs
[2022-07-19T07:36:08.656+0000][info][safepoint,cleanup] compilation policy safepoint handler, 0.0000003 secs
[2022-07-19T07:36:08.656+0000][info][safepoint,cleanup] safepoint cleanup tasks, 0.0002855 secs
[2022-07-19T07:36:08.656+0000][info][gc,start         ] GC(124) Pause Young (Concurrent Start) (G1 Humongous Allocation)
[2022-07-19T07:36:08.656+0000][info][gc,task          ] GC(124) Using 8 workers of 8 for evacuation
[2022-07-19T07:36:08.660+0000][info][gc,phases        ] GC(124)   Pre Evacuate Collection Set: 0.4ms
[2022-07-19T07:36:08.660+0000][info][gc,phases        ] GC(124)   Merge Heap Roots: 0.2ms
[2022-07-19T07:36:08.660+0000][info][gc,phases        ] GC(124)   Evacuate Collection Set: 2.0ms
[2022-07-19T07:36:08.660+0000][info][gc,phases        ] GC(124)   Post Evacuate Collection Set: 1.0ms
[2022-07-19T07:36:08.660+0000][info][gc,phases        ] GC(124)   Other: 0.2ms
[2022-07-19T07:36:08.660+0000][info][gc,heap          ] GC(124) Eden regions: 1->0(300)
[2022-07-19T07:36:08.660+0000][info][gc,heap          ] GC(124) Survivor regions: 1->1(38)
[2022-07-19T07:36:08.660+0000][info][gc,heap          ] GC(124) Old regions: 8->8
[2022-07-19T07:36:08.660+0000][info][gc,heap          ] GC(124) Archive regions: 2->2
[2022-07-19T07:36:08.660+0000][info][gc,heap          ] GC(124) Humongous regions: 192->0
[2022-07-19T07:36:08.660+0000][info][gc,metaspace     ] GC(124) Metaspace: 29047K(29504K)->29047K(29504K) NonClass: 25493K(25728K)->25493K(25728K) Class: 3553K(3776K)->3553K(3776K)
[2022-07-19T07:36:08.660+0000][info][gc               ] GC(124) Pause Young (Concurrent Start) (G1 Humongous Allocation) 401M->16M(1004M) 4.355ms
[2022-07-19T07:36:08.660+0000][info][gc,cpu           ] GC(124) User=0.01s Sys=0.01s Real=0.01s
[2022-07-19T07:36:08.660+0000][info][gc               ] GC(125) Concurrent Undo Cycle
[2022-07-19T07:36:08.661+0000][info][safepoint,stats  ] G1TryInitiateConcMark        [             29               0 ][            10481     328374    4608201    4947056 ]               0
[2022-07-19T07:36:08.661+0000][info][safepoint        ] Safepoint "G1TryInitiateConcMark", Time since last: 92793808 ns, Reaching safepoint: 338855 ns, At safepoint: 4608201 ns, Total: 4947056 ns
[2022-07-19T07:36:08.661+0000][info][gc,marking       ] GC(125) Concurrent Cleanup for Next Mark
[2022-07-19T07:36:08.661+0000][info][gc,marking       ] GC(125) Concurrent Cleanup for Next Mark 0.194ms
[2022-07-19T07:36:08.661+0000][info][gc               ] GC(125) Concurrent Undo Cycle 0.444ms
[2022-07-19T07:36:08.761+0000][info][safepoint,cleanup] updating inline caches, 0.0000017 secs
[2022-07-19T07:36:08.761+0000][info][safepoint,cleanup] compilation policy safepoint handler, 0.0000005 secs
[2022-07-19T07:36:08.761+0000][info][safepoint,cleanup] safepoint cleanup tasks, 0.0002941 secs
[2022-07-19T07:36:08.762+0000][info][gc,start         ] GC(126) Pause Young (Concurrent Start) (G1 Humongous Allocation)
[2022-07-19T07:36:08.762+0000][info][gc,task          ] GC(126) Using 8 workers of 8 for evacuation
[2022-07-19T07:36:08.765+0000][info][gc,phases        ] GC(126)   Pre Evacuate Collection Set: 0.5ms
[2022-07-19T07:36:08.765+0000][info][gc,phases        ] GC(126)   Merge Heap Roots: 0.2ms
[2022-07-19T07:36:08.765+0000][info][gc,phases        ] GC(126)   Evacuate Collection Set: 1.3ms
[2022-07-19T07:36:08.765+0000][info][gc,phases        ] GC(126)   Post Evacuate Collection Set: 1.0ms
[2022-07-19T07:36:08.765+0000][info][gc,phases        ] GC(126)   Other: 0.2ms
[2022-07-19T07:36:08.765+0000][info][gc,heap          ] GC(126) Eden regions: 1->0(300)
[2022-07-19T07:36:08.765+0000][info][gc,heap          ] GC(126) Survivor regions: 1->1(38)
[2022-07-19T07:36:08.765+0000][info][gc,heap          ] GC(126) Old regions: 8->8
[2022-07-19T07:36:08.765+0000][info][gc,heap          ] GC(126) Archive regions: 2->2
[2022-07-19T07:36:08.765+0000][info][gc,heap          ] GC(126) Humongous regions: 192->0
[2022-07-19T07:36:08.765+0000][info][gc,metaspace     ] GC(126) Metaspace: 29047K(29504K)->29047K(29504K) NonClass: 25493K(25728K)->25493K(25728K) Class: 3553K(3776K)->3553K(3776K)
[2022-07-19T07:36:08.765+0000][info][gc               ] GC(126) Pause Young (Concurrent Start) (G1 Humongous Allocation) 401M->16M(1004M) 3.813ms
[2022-07-19T07:36:08.765+0000][info][gc,cpu           ] GC(126) User=0.01s Sys=0.00s Real=0.00s
[2022-07-19T07:36:08.766+0000][info][gc               ] GC(127) Concurrent Undo Cycle
[2022-07-19T07:36:08.766+0000][info][safepoint,stats  ] G1TryInitiateConcMark        [             29               0 ][            10938     410265    4066602    4487805 ]               0
[2022-07-19T07:36:08.766+0000][info][gc,marking       ] GC(127) Concurrent Cleanup for Next Mark
[2022-07-19T07:36:08.766+0000][info][safepoint        ] Safepoint "G1TryInitiateConcMark", Time since last: 100552627 ns, Reaching safepoint: 421203 ns, At safepoint: 4066602 ns, Total: 4487805 ns
[2022-07-19T07:36:08.766+0000][info][gc,marking       ] GC(127) Concurrent Cleanup for Next Mark 0.244ms
[2022-07-19T07:36:08.766+0000][info][gc               ] GC(127) Concurrent Undo Cycle 0.475ms
[2022-07-19T07:36:08.859+0000][info][safepoint,cleanup] updating inline caches, 0.0000020 secs
[2022-07-19T07:36:08.859+0000][info][safepoint,cleanup] compilation policy safepoint handler, 0.0000005 secs
[2022-07-19T07:36:08.860+0000][info][safepoint,cleanup] safepoint cleanup tasks, 0.0003571 secs
[2022-07-19T07:36:08.860+0000][info][gc,start         ] GC(128) Pause Young (Concurrent Start) (G1 Humongous Allocation)
[2022-07-19T07:36:08.860+0000][info][gc,task          ] GC(128) Using 8 workers of 8 for evacuation
[2022-07-19T07:36:08.863+0000][info][gc,phases        ] GC(128)   Pre Evacuate Collection Set: 0.4ms
[2022-07-19T07:36:08.863+0000][info][gc,phases        ] GC(128)   Merge Heap Roots: 0.2ms
[2022-07-19T07:36:08.863+0000][info][gc,phases        ] GC(128)   Evacuate Collection Set: 1.1ms
[2022-07-19T07:36:08.863+0000][info][gc,phases        ] GC(128)   Post Evacuate Collection Set: 0.9ms
[2022-07-19T07:36:08.863+0000][info][gc,phases        ] GC(128)   Other: 0.2ms
[2022-07-19T07:36:08.863+0000][info][gc,heap          ] GC(128) Eden regions: 2->0(300)
[2022-07-19T07:36:08.863+0000][info][gc,heap          ] GC(128) Survivor regions: 1->1(38)
[2022-07-19T07:36:08.863+0000][info][gc,heap          ] GC(128) Old regions: 8->8
[2022-07-19T07:36:08.863+0000][info][gc,heap          ] GC(128) Archive regions: 2->2
[2022-07-19T07:36:08.863+0000][info][gc,heap          ] GC(128) Humongous regions: 192->0
[2022-07-19T07:36:08.863+0000][info][gc,metaspace     ] GC(128) Metaspace: 29047K(29504K)->29047K(29504K) NonClass: 25493K(25728K)->25493K(25728K) Class: 3553K(3776K)->3553K(3776K)
[2022-07-19T07:36:08.863+0000][info][gc               ] GC(128) Pause Young (Concurrent Start) (G1 Humongous Allocation) 403M->16M(1004M) 3.389ms
[2022-07-19T07:36:08.863+0000][info][gc,cpu           ] GC(128) User=0.00s Sys=0.01s Real=0.00s
[2022-07-19T07:36:08.863+0000][info][gc               ] GC(129) Concurrent Undo Cycle
[2022-07-19T07:36:08.863+0000][info][safepoint,stats  ] G1TryInitiateConcMark        [             29               0 ][            12162     467431    3629876    4109469 ]               0
[2022-07-19T07:36:08.863+0000][info][gc,marking       ] GC(129) Concurrent Cleanup for Next Mark
[2022-07-19T07:36:08.863+0000][info][safepoint        ] Safepoint "G1TryInitiateConcMark", Time since last: 93762672 ns, Reaching safepoint: 479593 ns, At safepoint: 3629876 ns, Total: 4109469 ns
[2022-07-19T07:36:08.864+0000][info][gc,marking       ] GC(129) Concurrent Cleanup for Next Mark 0.318ms
[2022-07-19T07:36:08.864+0000][info][gc               ] GC(129) Concurrent Undo Cycle 0.563ms
[2022-07-19T07:36:08.960+0000][info][safepoint,cleanup] updating inline caches, 0.0000020 secs
[2022-07-19T07:36:08.960+0000][info][safepoint,cleanup] compilation policy safepoint handler, 0.0000004 secs
[2022-07-19T07:36:08.960+0000][info][safepoint,cleanup] safepoint cleanup tasks, 0.0002796 secs
[2022-07-19T07:36:08.961+0000][info][gc,start         ] GC(130) Pause Young (Concurrent Start) (G1 Humongous Allocation)
[2022-07-19T07:36:08.961+0000][info][gc,task          ] GC(130) Using 8 workers of 8 for evacuation
[2022-07-19T07:36:08.964+0000][info][gc,phases        ] GC(130)   Pre Evacuate Collection Set: 0.6ms
[2022-07-19T07:36:08.964+0000][info][gc,phases        ] GC(130)   Merge Heap Roots: 0.2ms
[2022-07-19T07:36:08.964+0000][info][gc,phases        ] GC(130)   Evacuate Collection Set: 1.2ms
[2022-07-19T07:36:08.964+0000][info][gc,phases        ] GC(130)   Post Evacuate Collection Set: 1.0ms
[2022-07-19T07:36:08.964+0000][info][gc,phases        ] GC(130)   Other: 0.2ms
[2022-07-19T07:36:08.964+0000][info][gc,heap          ] GC(130) Eden regions: 1->0(300)
[2022-07-19T07:36:08.964+0000][info][gc,heap          ] GC(130) Survivor regions: 1->1(38)
[2022-07-19T07:36:08.964+0000][info][gc,heap          ] GC(130) Old regions: 8->8
[2022-07-19T07:36:08.964+0000][info][gc,heap          ] GC(130) Archive regions: 2->2
[2022-07-19T07:36:08.964+0000][info][gc,heap          ] GC(130) Humongous regions: 192->0
[2022-07-19T07:36:08.964+0000][info][gc,metaspace     ] GC(130) Metaspace: 29047K(29504K)->29047K(29504K) NonClass: 25493K(25728K)->25493K(25728K) Class: 3553K(3776K)->3553K(3776K)
[2022-07-19T07:36:08.964+0000][info][gc               ] GC(130) Pause Young (Concurrent Start) (G1 Humongous Allocation) 401M->16M(1004M) 3.792ms
[2022-07-19T07:36:08.964+0000][info][gc,cpu           ] GC(130) User=0.01s Sys=0.00s Real=0.00s
[2022-07-19T07:36:08.964+0000][info][gc               ] GC(131) Concurrent Undo Cycle
[2022-07-19T07:36:08.964+0000][info][safepoint,stats  ] G1TryInitiateConcMark        [             29               0 ][            11913     320359    3984831    4317103 ]               0
[2022-07-19T07:36:08.965+0000][info][gc,marking       ] GC(131) Concurrent Cleanup for Next Mark
[2022-07-19T07:36:08.965+0000][info][safepoint        ] Safepoint "G1TryInitiateConcMark", Time since last: 96672026 ns, Reaching safepoint: 332272 ns, At safepoint: 3984831 ns, Total: 4317103 ns
[2022-07-19T07:36:08.965+0000][info][gc,marking       ] GC(131) Concurrent Cleanup for Next Mark 0.373ms
[2022-07-19T07:36:08.965+0000][info][gc               ] GC(131) Concurrent Undo Cycle 0.630ms
[2022-07-19T07:36:09.060+0000][info][safepoint,cleanup] compilation policy safepoint handler, 0.0000008 secs
[2022-07-19T07:36:09.060+0000][info][safepoint,cleanup] updating inline caches, 0.0000013 secs
[2022-07-19T07:36:09.061+0000][info][safepoint,cleanup] safepoint cleanup tasks, 0.0003560 secs
[2022-07-19T07:36:09.061+0000][info][gc,start         ] GC(132) Pause Young (Concurrent Start) (G1 Humongous Allocation)
[2022-07-19T07:36:09.061+0000][info][gc,task          ] GC(132) Using 8 workers of 8 for evacuation
[2022-07-19T07:36:09.064+0000][info][gc,phases        ] GC(132)   Pre Evacuate Collection Set: 0.6ms
[2022-07-19T07:36:09.064+0000][info][gc,phases        ] GC(132)   Merge Heap Roots: 0.2ms
[2022-07-19T07:36:09.064+0000][info][gc,phases        ] GC(132)   Evacuate Collection Set: 1.3ms
[2022-07-19T07:36:09.064+0000][info][gc,phases        ] GC(132)   Post Evacuate Collection Set: 0.9ms
[2022-07-19T07:36:09.064+0000][info][gc,phases        ] GC(132)   Other: 0.2ms
[2022-07-19T07:36:09.064+0000][info][gc,heap          ] GC(132) Eden regions: 1->0(300)
[2022-07-19T07:36:09.064+0000][info][gc,heap          ] GC(132) Survivor regions: 1->1(38)
[2022-07-19T07:36:09.064+0000][info][gc,heap          ] GC(132) Old regions: 8->8
[2022-07-19T07:36:09.064+0000][info][gc,heap          ] GC(132) Archive regions: 2->2
[2022-07-19T07:36:09.064+0000][info][gc,heap          ] GC(132) Humongous regions: 192->0
[2022-07-19T07:36:09.064+0000][info][gc,metaspace     ] GC(132) Metaspace: 29049K(29504K)->29049K(29504K) NonClass: 25495K(25728K)->25495K(25728K) Class: 3554K(3776K)->3554K(3776K)
[2022-07-19T07:36:09.064+0000][info][gc               ] GC(132) Pause Young (Concurrent Start) (G1 Humongous Allocation) 401M->16M(1004M) 3.556ms
[2022-07-19T07:36:09.064+0000][info][gc,cpu           ] GC(132) User=0.01s Sys=0.00s Real=0.00s
[2022-07-19T07:36:09.064+0000][info][gc               ] GC(133) Concurrent Undo Cycle
[2022-07-19T07:36:09.064+0000][info][safepoint,stats  ] G1TryInitiateConcMark        [             29               0 ][            12811     394846    3704471    4112128 ]               0
[2022-07-19T07:36:09.064+0000][info][gc,marking       ] GC(133) Concurrent Cleanup for Next Mark
[2022-07-19T07:36:09.065+0000][info][safepoint        ] Safepoint "G1TryInitiateConcMark", Time since last: 95845677 ns, Reaching safepoint: 407657 ns, At safepoint: 3704471 ns, Total: 4112128 ns
[2022-07-19T07:36:09.065+0000][info][gc,marking       ] GC(133) Concurrent Cleanup for Next Mark 0.204ms
[2022-07-19T07:36:09.065+0000][info][gc               ] GC(133) Concurrent Undo Cycle 0.340ms
[2022-07-19T07:36:09.155+0000][info][safepoint,cleanup] updating inline caches, 0.0000007 secs
[2022-07-19T07:36:09.155+0000][info][safepoint,cleanup] compilation policy safepoint handler, 0.0000002 secs
[2022-07-19T07:36:09.156+0000][info][safepoint,cleanup] safepoint cleanup tasks, 0.0001671 secs
[2022-07-19T07:36:09.156+0000][info][gc,start         ] GC(134) Pause Young (Concurrent Start) (G1 Humongous Allocation)
[2022-07-19T07:36:09.156+0000][info][gc,task          ] GC(134) Using 8 workers of 8 for evacuation
[2022-07-19T07:36:09.157+0000][info][gc,phases        ] GC(134)   Pre Evacuate Collection Set: 0.1ms
[2022-07-19T07:36:09.157+0000][info][gc,phases        ] GC(134)   Merge Heap Roots: 0.1ms
[2022-07-19T07:36:09.157+0000][info][gc,phases        ] GC(134)   Evacuate Collection Set: 0.5ms
[2022-07-19T07:36:09.157+0000][info][gc,phases        ] GC(134)   Post Evacuate Collection Set: 0.3ms
[2022-07-19T07:36:09.157+0000][info][gc,phases        ] GC(134)   Other: 0.0ms
[2022-07-19T07:36:09.157+0000][info][gc,heap          ] GC(134) Eden regions: 1->0(300)
[2022-07-19T07:36:09.157+0000][info][gc,heap          ] GC(134) Survivor regions: 1->1(38)
[2022-07-19T07:36:09.157+0000][info][gc,heap          ] GC(134) Old regions: 8->8
[2022-07-19T07:36:09.157+0000][info][gc,heap          ] GC(134) Archive regions: 2->2
[2022-07-19T07:36:09.157+0000][info][gc,heap          ] GC(134) Humongous regions: 192->0
[2022-07-19T07:36:09.157+0000][info][gc,metaspace     ] GC(134) Metaspace: 29049K(29504K)->29049K(29504K) NonClass: 25495K(25728K)->25495K(25728K) Class: 3554K(3776K)->3554K(3776K)
[2022-07-19T07:36:09.157+0000][info][gc               ] GC(134) Pause Young (Concurrent Start) (G1 Humongous Allocation) 401M->16M(1004M) 1.149ms
[2022-07-19T07:36:09.157+0000][info][gc               ] GC(135) Concurrent Undo Cycle
[2022-07-19T07:36:09.157+0000][info][gc,cpu           ] GC(134) User=0.00s Sys=0.00s Real=0.00s
[2022-07-19T07:36:09.157+0000][info][gc,marking       ] GC(135) Concurrent Cleanup for Next Mark
[2022-07-19T07:36:09.157+0000][info][safepoint,stats  ] G1TryInitiateConcMark        [             29               0 ][             6061     180516    1241031    1427608 ]               0
[2022-07-19T07:36:09.157+0000][info][safepoint        ] Safepoint "G1TryInitiateConcMark", Time since last: 91025078 ns, Reaching safepoint: 186577 ns, At safepoint: 1241031 ns, Total: 1427608 ns
[2022-07-19T07:36:09.157+0000][info][gc,marking       ] GC(135) Concurrent Cleanup for Next Mark 0.112ms
[2022-07-19T07:36:09.157+0000][info][gc               ] GC(135) Concurrent Undo Cycle 0.167ms
[2022-07-19T07:36:09.234+0000][info][safepoint,cleanup] updating inline caches, 0.0000017 secs
[2022-07-19T07:36:09.234+0000][info][safepoint,cleanup] compilation policy safepoint handler, 0.0000005 secs
[2022-07-19T07:36:09.235+0000][info][safepoint,cleanup] safepoint cleanup tasks, 0.0002672 secs
[2022-07-19T07:36:09.235+0000][info][gc,start         ] GC(136) Pause Young (Concurrent Start) (G1 Humongous Allocation)
[2022-07-19T07:36:09.235+0000][info][gc,task          ] GC(136) Using 8 workers of 8 for evacuation
[2022-07-19T07:36:09.238+0000][info][gc,phases        ] GC(136)   Pre Evacuate Collection Set: 0.5ms
[2022-07-19T07:36:09.238+0000][info][gc,phases        ] GC(136)   Merge Heap Roots: 0.3ms
[2022-07-19T07:36:09.238+0000][info][gc,phases        ] GC(136)   Evacuate Collection Set: 1.1ms
[2022-07-19T07:36:09.238+0000][info][gc,phases        ] GC(136)   Post Evacuate Collection Set: 1.0ms
[2022-07-19T07:36:09.238+0000][info][gc,phases        ] GC(136)   Other: 0.2ms
[2022-07-19T07:36:09.238+0000][info][gc,heap          ] GC(136) Eden regions: 1->0(300)
[2022-07-19T07:36:09.238+0000][info][gc,heap          ] GC(136) Survivor regions: 1->1(38)
[2022-07-19T07:36:09.238+0000][info][gc,heap          ] GC(136) Old regions: 8->8
[2022-07-19T07:36:09.238+0000][info][gc,heap          ] GC(136) Archive regions: 2->2
[2022-07-19T07:36:09.238+0000][info][gc,heap          ] GC(136) Humongous regions: 192->0
[2022-07-19T07:36:09.238+0000][info][gc,metaspace     ] GC(136) Metaspace: 29049K(29504K)->29049K(29504K) NonClass: 25495K(25728K)->25495K(25728K) Class: 3554K(3776K)->3554K(3776K)
[2022-07-19T07:36:09.238+0000][info][gc               ] GC(136) Pause Young (Concurrent Start) (G1 Humongous Allocation) 401M->16M(1004M) 3.714ms
[2022-07-19T07:36:09.238+0000][info][gc,cpu           ] GC(136) User=0.01s Sys=0.00s Real=0.00s
[2022-07-19T07:36:09.239+0000][info][gc               ] GC(137) Concurrent Undo Cycle
[2022-07-19T07:36:09.239+0000][info][safepoint,stats  ] G1TryInitiateConcMark        [             29               0 ][             9939     300946    3945495    4256380 ]               0
[2022-07-19T07:36:09.239+0000][info][gc,marking       ] GC(137) Concurrent Cleanup for Next Mark
[2022-07-19T07:36:09.239+0000][info][safepoint        ] Safepoint "G1TryInitiateConcMark", Time since last: 77489874 ns, Reaching safepoint: 310885 ns, At safepoint: 3945495 ns, Total: 4256380 ns
[2022-07-19T07:36:09.239+0000][info][gc,marking       ] GC(137) Concurrent Cleanup for Next Mark 0.400ms
[2022-07-19T07:36:09.239+0000][info][gc               ] GC(137) Concurrent Undo Cycle 0.593ms
[2022-07-19T07:36:09.332+0000][info][safepoint,cleanup] updating inline caches, 0.0000018 secs
[2022-07-19T07:36:09.332+0000][info][safepoint,cleanup] compilation policy safepoint handler, 0.0000005 secs
[2022-07-19T07:36:09.332+0000][info][safepoint,cleanup] safepoint cleanup tasks, 0.0002854 secs
[2022-07-19T07:36:09.332+0000][info][gc,start         ] GC(138) Pause Young (Concurrent Start) (G1 Humongous Allocation)
[2022-07-19T07:36:09.332+0000][info][gc,task          ] GC(138) Using 8 workers of 8 for evacuation
[2022-07-19T07:36:09.336+0000][info][gc,phases        ] GC(138)   Pre Evacuate Collection Set: 0.5ms
[2022-07-19T07:36:09.336+0000][info][gc,phases        ] GC(138)   Merge Heap Roots: 0.2ms
[2022-07-19T07:36:09.336+0000][info][gc,phases        ] GC(138)   Evacuate Collection Set: 1.3ms
[2022-07-19T07:36:09.336+0000][info][gc,phases        ] GC(138)   Post Evacuate Collection Set: 0.9ms
[2022-07-19T07:36:09.336+0000][info][gc,phases        ] GC(138)   Other: 0.2ms
[2022-07-19T07:36:09.336+0000][info][gc,heap          ] GC(138) Eden regions: 1->0(300)
[2022-07-19T07:36:09.336+0000][info][gc,heap          ] GC(138) Survivor regions: 1->1(38)
[2022-07-19T07:36:09.336+0000][info][gc,heap          ] GC(138) Old regions: 8->8
[2022-07-19T07:36:09.336+0000][info][gc,heap          ] GC(138) Archive regions: 2->2
[2022-07-19T07:36:09.336+0000][info][gc,heap          ] GC(138) Humongous regions: 192->0
[2022-07-19T07:36:09.336+0000][info][gc,metaspace     ] GC(138) Metaspace: 29049K(29504K)->29049K(29504K) NonClass: 25495K(25728K)->25495K(25728K) Class: 3554K(3776K)->3554K(3776K)
[2022-07-19T07:36:09.336+0000][info][gc               ] GC(138) Pause Young (Concurrent Start) (G1 Humongous Allocation) 401M->16M(1004M) 3.624ms
[2022-07-19T07:36:09.336+0000][info][gc,cpu           ] GC(138) User=0.01s Sys=0.00s Real=0.00s
[2022-07-19T07:36:09.336+0000][info][gc               ] GC(139) Concurrent Undo Cycle
[2022-07-19T07:36:09.336+0000][info][safepoint,stats  ] G1TryInitiateConcMark        [             29               0 ][            11113     322794    3872814    4206721 ]               0
[2022-07-19T07:36:09.336+0000][info][safepoint        ] Safepoint "G1TryInitiateConcMark", Time since last: 93391515 ns, Reaching safepoint: 333907 ns, At safepoint: 3872814 ns, Total: 4206721 ns
[2022-07-19T07:36:09.336+0000][info][gc,marking       ] GC(139) Concurrent Cleanup for Next Mark
[2022-07-19T07:36:09.337+0000][info][gc,marking       ] GC(139) Concurrent Cleanup for Next Mark 0.352ms
[2022-07-19T07:36:09.337+0000][info][gc               ] GC(139) Concurrent Undo Cycle 0.559ms
[2022-07-19T07:36:09.430+0000][info][safepoint,cleanup] updating inline caches, 0.0000019 secs
[2022-07-19T07:36:09.430+0000][info][safepoint,cleanup] compilation policy safepoint handler, 0.0000005 secs
[2022-07-19T07:36:09.430+0000][info][safepoint,cleanup] safepoint cleanup tasks, 0.0004065 secs
[2022-07-19T07:36:09.431+0000][info][gc,start         ] GC(140) Pause Young (Concurrent Start) (G1 Humongous Allocation)
[2022-07-19T07:36:09.431+0000][info][gc,task          ] GC(140) Using 8 workers of 8 for evacuation
[2022-07-19T07:36:09.434+0000][info][gc,phases        ] GC(140)   Pre Evacuate Collection Set: 0.6ms
[2022-07-19T07:36:09.434+0000][info][gc,phases        ] GC(140)   Merge Heap Roots: 0.2ms
[2022-07-19T07:36:09.434+0000][info][gc,phases        ] GC(140)   Evacuate Collection Set: 1.3ms
[2022-07-19T07:36:09.434+0000][info][gc,phases        ] GC(140)   Post Evacuate Collection Set: 0.9ms
[2022-07-19T07:36:09.434+0000][info][gc,phases        ] GC(140)   Other: 0.2ms
[2022-07-19T07:36:09.434+0000][info][gc,heap          ] GC(140) Eden regions: 1->0(300)
[2022-07-19T07:36:09.434+0000][info][gc,heap          ] GC(140) Survivor regions: 1->1(38)
[2022-07-19T07:36:09.434+0000][info][gc,heap          ] GC(140) Old regions: 8->8
[2022-07-19T07:36:09.434+0000][info][gc,heap          ] GC(140) Archive regions: 2->2
[2022-07-19T07:36:09.434+0000][info][gc,heap          ] GC(140) Humongous regions: 192->0
[2022-07-19T07:36:09.434+0000][info][gc,metaspace     ] GC(140) Metaspace: 29049K(29504K)->29049K(29504K) NonClass: 25495K(25728K)->25495K(25728K) Class: 3554K(3776K)->3554K(3776K)
[2022-07-19T07:36:09.434+0000][info][gc               ] GC(140) Pause Young (Concurrent Start) (G1 Humongous Allocation) 401M->16M(1004M) 3.597ms
[2022-07-19T07:36:09.434+0000][info][gc,cpu           ] GC(140) User=0.01s Sys=0.01s Real=0.00s
[2022-07-19T07:36:09.434+0000][info][gc               ] GC(141) Concurrent Undo Cycle
[2022-07-19T07:36:09.434+0000][info][safepoint,stats  ] G1TryInitiateConcMark        [             29               0 ][            17855     458987    3742504    4219346 ]               0
[2022-07-19T07:36:09.434+0000][info][gc,marking       ] GC(141) Concurrent Cleanup for Next Mark
[2022-07-19T07:36:09.434+0000][info][safepoint        ] Safepoint "G1TryInitiateConcMark", Time since last: 93781788 ns, Reaching safepoint: 476842 ns, At safepoint: 3742504 ns, Total: 4219346 ns
[2022-07-19T07:36:09.434+0000][info][gc,marking       ] GC(141) Concurrent Cleanup for Next Mark 0.209ms
[2022-07-19T07:36:09.435+0000][info][gc               ] GC(141) Concurrent Undo Cycle 0.348ms
[2022-07-19T07:36:09.532+0000][info][safepoint,cleanup] updating inline caches, 0.0000015 secs
[2022-07-19T07:36:09.532+0000][info][safepoint,cleanup] compilation policy safepoint handler, 0.0000003 secs
[2022-07-19T07:36:09.532+0000][info][safepoint,cleanup] safepoint cleanup tasks, 0.0002672 secs
[2022-07-19T07:36:09.532+0000][info][gc,start         ] GC(142) Pause Young (Concurrent Start) (G1 Humongous Allocation)
[2022-07-19T07:36:09.532+0000][info][gc,task          ] GC(142) Using 8 workers of 8 for evacuation
[2022-07-19T07:36:09.536+0000][info][gc,phases        ] GC(142)   Pre Evacuate Collection Set: 0.4ms
[2022-07-19T07:36:09.536+0000][info][gc,phases        ] GC(142)   Merge Heap Roots: 0.2ms
[2022-07-19T07:36:09.536+0000][info][gc,phases        ] GC(142)   Evacuate Collection Set: 1.3ms
[2022-07-19T07:36:09.536+0000][info][gc,phases        ] GC(142)   Post Evacuate Collection Set: 1.1ms
[2022-07-19T07:36:09.536+0000][info][gc,phases        ] GC(142)   Other: 0.2ms
[2022-07-19T07:36:09.536+0000][info][gc,heap          ] GC(142) Eden regions: 1->0(300)
[2022-07-19T07:36:09.536+0000][info][gc,heap          ] GC(142) Survivor regions: 1->1(38)
[2022-07-19T07:36:09.536+0000][info][gc,heap          ] GC(142) Old regions: 8->8
[2022-07-19T07:36:09.536+0000][info][gc,heap          ] GC(142) Archive regions: 2->2
[2022-07-19T07:36:09.536+0000][info][gc,heap          ] GC(142) Humongous regions: 192->0
[2022-07-19T07:36:09.536+0000][info][gc,metaspace     ] GC(142) Metaspace: 29049K(29504K)->29049K(29504K) NonClass: 25495K(25728K)->25495K(25728K) Class: 3554K(3776K)->3554K(3776K)
[2022-07-19T07:36:09.536+0000][info][gc               ] GC(142) Pause Young (Concurrent Start) (G1 Humongous Allocation) 401M->16M(1004M) 3.889ms
[2022-07-19T07:36:09.536+0000][info][gc,cpu           ] GC(142) User=0.00s Sys=0.00s Real=0.00s
[2022-07-19T07:36:09.536+0000][info][gc               ] GC(143) Concurrent Undo Cycle
[2022-07-19T07:36:09.536+0000][info][safepoint,stats  ] G1TryInitiateConcMark        [             29               0 ][            11092     300552    4084742    4396386 ]               0
[2022-07-19T07:36:09.536+0000][info][gc,marking       ] GC(143) Concurrent Cleanup for Next Mark
[2022-07-19T07:36:09.537+0000][info][safepoint        ] Safepoint "G1TryInitiateConcMark", Time since last: 97662767 ns, Reaching safepoint: 311644 ns, At safepoint: 4084742 ns, Total: 4396386 ns
[2022-07-19T07:36:09.537+0000][info][gc,marking       ] GC(143) Concurrent Cleanup for Next Mark 0.424ms
[2022-07-19T07:36:09.537+0000][info][gc               ] GC(143) Concurrent Undo Cycle 0.708ms
[2022-07-19T07:36:09.632+0000][info][safepoint,cleanup] updating inline caches, 0.0000010 secs
[2022-07-19T07:36:09.632+0000][info][safepoint,cleanup] compilation policy safepoint handler, 0.0000001 secs
[2022-07-19T07:36:09.632+0000][info][safepoint,cleanup] safepoint cleanup tasks, 0.0001821 secs
[2022-07-19T07:36:09.632+0000][info][gc,start         ] GC(144) Pause Young (Concurrent Start) (G1 Humongous Allocation)
[2022-07-19T07:36:09.632+0000][info][gc,task          ] GC(144) Using 8 workers of 8 for evacuation
[2022-07-19T07:36:09.633+0000][info][gc,phases        ] GC(144)   Pre Evacuate Collection Set: 0.2ms
[2022-07-19T07:36:09.633+0000][info][gc,phases        ] GC(144)   Merge Heap Roots: 0.1ms
[2022-07-19T07:36:09.633+0000][info][gc,phases        ] GC(144)   Evacuate Collection Set: 0.6ms
[2022-07-19T07:36:09.633+0000][info][gc,phases        ] GC(144)   Post Evacuate Collection Set: 0.3ms
[2022-07-19T07:36:09.633+0000][info][gc,phases        ] GC(144)   Other: 0.0ms
[2022-07-19T07:36:09.633+0000][info][gc,heap          ] GC(144) Eden regions: 1->0(300)
[2022-07-19T07:36:09.633+0000][info][gc,heap          ] GC(144) Survivor regions: 1->1(38)
[2022-07-19T07:36:09.633+0000][info][gc,heap          ] GC(144) Old regions: 8->8
[2022-07-19T07:36:09.633+0000][info][gc,heap          ] GC(144) Archive regions: 2->2
[2022-07-19T07:36:09.633+0000][info][gc,heap          ] GC(144) Humongous regions: 192->0
[2022-07-19T07:36:09.633+0000][info][gc,metaspace     ] GC(144) Metaspace: 29049K(29504K)->29049K(29504K) NonClass: 25495K(25728K)->25495K(25728K) Class: 3554K(3776K)->3554K(3776K)
[2022-07-19T07:36:09.633+0000][info][gc               ] GC(144) Pause Young (Concurrent Start) (G1 Humongous Allocation) 401M->16M(1004M) 1.377ms
[2022-07-19T07:36:09.633+0000][info][gc,cpu           ] GC(144) User=0.00s Sys=0.00s Real=0.00s
[2022-07-19T07:36:09.633+0000][info][gc               ] GC(145) Concurrent Undo Cycle
[2022-07-19T07:36:09.633+0000][info][safepoint,stats  ] G1TryInitiateConcMark        [             29               0 ][             6666     209320    1453930    1669916 ]               0
[2022-07-19T07:36:09.633+0000][info][safepoint        ] Safepoint "G1TryInitiateConcMark", Time since last: 95412064 ns, Reaching safepoint: 215986 ns, At safepoint: 1453930 ns, Total: 1669916 ns
[2022-07-19T07:36:09.633+0000][info][gc,marking       ] GC(145) Concurrent Cleanup for Next Mark
[2022-07-19T07:36:09.633+0000][info][gc,marking       ] GC(145) Concurrent Cleanup for Next Mark 0.086ms
[2022-07-19T07:36:09.633+0000][info][gc               ] GC(145) Concurrent Undo Cycle 0.142ms
[2022-07-19T07:36:09.718+0000][info][safepoint,cleanup] compilation policy safepoint handler, 0.0000005 secs
[2022-07-19T07:36:09.718+0000][info][safepoint,cleanup] updating inline caches, 0.0000021 secs
[2022-07-19T07:36:09.718+0000][info][safepoint,cleanup] safepoint cleanup tasks, 0.0003136 secs
[2022-07-19T07:36:09.719+0000][info][gc,start         ] GC(146) Pause Young (Concurrent Start) (G1 Humongous Allocation)
[2022-07-19T07:36:09.719+0000][info][gc,task          ] GC(146) Using 8 workers of 8 for evacuation
[2022-07-19T07:36:09.722+0000][info][gc,phases        ] GC(146)   Pre Evacuate Collection Set: 0.6ms
[2022-07-19T07:36:09.722+0000][info][gc,phases        ] GC(146)   Merge Heap Roots: 0.2ms
[2022-07-19T07:36:09.722+0000][info][gc,phases        ] GC(146)   Evacuate Collection Set: 1.3ms
[2022-07-19T07:36:09.722+0000][info][gc,phases        ] GC(146)   Post Evacuate Collection Set: 1.0ms
[2022-07-19T07:36:09.722+0000][info][gc,phases        ] GC(146)   Other: 0.2ms
[2022-07-19T07:36:09.722+0000][info][gc,heap          ] GC(146) Eden regions: 1->0(300)
[2022-07-19T07:36:09.722+0000][info][gc,heap          ] GC(146) Survivor regions: 1->1(38)
[2022-07-19T07:36:09.722+0000][info][gc,heap          ] GC(146) Old regions: 8->8
[2022-07-19T07:36:09.722+0000][info][gc,heap          ] GC(146) Archive regions: 2->2
[2022-07-19T07:36:09.722+0000][info][gc,heap          ] GC(146) Humongous regions: 192->0
[2022-07-19T07:36:09.722+0000][info][gc,metaspace     ] GC(146) Metaspace: 29049K(29504K)->29049K(29504K) NonClass: 25495K(25728K)->25495K(25728K) Class: 3554K(3776K)->3554K(3776K)
[2022-07-19T07:36:09.722+0000][info][gc               ] GC(146) Pause Young (Concurrent Start) (G1 Humongous Allocation) 401M->16M(1004M) 3.804ms
[2022-07-19T07:36:09.722+0000][info][gc,cpu           ] GC(146) User=0.01s Sys=0.01s Real=0.01s
[2022-07-19T07:36:09.723+0000][info][safepoint,stats  ] G1TryInitiateConcMark        [             29               0 ][            12665     437789    3928166    4378620 ]               0
[2022-07-19T07:36:09.723+0000][info][gc               ] GC(147) Concurrent Undo Cycle
[2022-07-19T07:36:09.723+0000][info][safepoint        ] Safepoint "G1TryInitiateConcMark", Time since last: 84787804 ns, Reaching safepoint: 450454 ns, At safepoint: 3928166 ns, Total: 4378620 ns
[2022-07-19T07:36:09.723+0000][info][gc,marking       ] GC(147) Concurrent Cleanup for Next Mark
[2022-07-19T07:36:09.723+0000][info][gc,marking       ] GC(147) Concurrent Cleanup for Next Mark 0.360ms
[2022-07-19T07:36:09.723+0000][info][gc               ] GC(147) Concurrent Undo Cycle 0.528ms
[2022-07-19T07:36:09.818+0000][info][safepoint,cleanup] compilation policy safepoint handler, 0.0000002 secs
[2022-07-19T07:36:09.818+0000][info][safepoint,cleanup] updating inline caches, 0.0000005 secs
[2022-07-19T07:36:09.818+0000][info][safepoint,cleanup] safepoint cleanup tasks, 0.0001346 secs
[2022-07-19T07:36:09.818+0000][info][gc,start         ] GC(148) Pause Young (Concurrent Start) (G1 Humongous Allocation)
[2022-07-19T07:36:09.818+0000][info][gc,task          ] GC(148) Using 8 workers of 8 for evacuation
[2022-07-19T07:36:09.820+0000][info][gc,phases        ] GC(148)   Pre Evacuate Collection Set: 0.2ms
[2022-07-19T07:36:09.820+0000][info][gc,phases        ] GC(148)   Merge Heap Roots: 0.0ms
[2022-07-19T07:36:09.820+0000][info][gc,phases        ] GC(148)   Evacuate Collection Set: 0.5ms
[2022-07-19T07:36:09.820+0000][info][gc,phases        ] GC(148)   Post Evacuate Collection Set: 0.3ms
[2022-07-19T07:36:09.820+0000][info][gc,phases        ] GC(148)   Other: 0.1ms
[2022-07-19T07:36:09.820+0000][info][gc,heap          ] GC(148) Eden regions: 1->0(300)
[2022-07-19T07:36:09.820+0000][info][gc,heap          ] GC(148) Survivor regions: 1->1(38)
[2022-07-19T07:36:09.820+0000][info][gc,heap          ] GC(148) Old regions: 8->8
[2022-07-19T07:36:09.820+0000][info][gc,heap          ] GC(148) Archive regions: 2->2
[2022-07-19T07:36:09.820+0000][info][gc,heap          ] GC(148) Humongous regions: 192->0
[2022-07-19T07:36:09.820+0000][info][gc,metaspace     ] GC(148) Metaspace: 29049K(29504K)->29049K(29504K) NonClass: 25495K(25728K)->25495K(25728K) Class: 3554K(3776K)->3554K(3776K)
[2022-07-19T07:36:09.820+0000][info][gc               ] GC(148) Pause Young (Concurrent Start) (G1 Humongous Allocation) 401M->16M(1004M) 1.395ms
[2022-07-19T07:36:09.820+0000][info][gc               ] GC(149) Concurrent Undo Cycle
[2022-07-19T07:36:09.820+0000][info][gc,cpu           ] GC(148) User=0.00s Sys=0.00s Real=0.01s
[2022-07-19T07:36:09.820+0000][info][gc,marking       ] GC(149) Concurrent Cleanup for Next Mark
[2022-07-19T07:36:09.820+0000][info][safepoint,stats  ] G1TryInitiateConcMark        [             29               0 ][             7002     150565    1614868    1772435 ]               0
[2022-07-19T07:36:09.820+0000][info][safepoint        ] Safepoint "G1TryInitiateConcMark", Time since last: 95755939 ns, Reaching safepoint: 157567 ns, At safepoint: 1614868 ns, Total: 1772435 ns
[2022-07-19T07:36:09.820+0000][info][gc,marking       ] GC(149) Concurrent Cleanup for Next Mark 0.207ms
[2022-07-19T07:36:09.820+0000][info][gc               ] GC(149) Concurrent Undo Cycle 0.353ms
[2022-07-19T07:36:09.906+0000][info][safepoint,cleanup] updating inline caches, 0.0000008 secs
[2022-07-19T07:36:09.906+0000][info][safepoint,cleanup] compilation policy safepoint handler, 0.0000001 secs
[2022-07-19T07:36:09.907+0000][info][safepoint,cleanup] safepoint cleanup tasks, 0.0001711 secs
[2022-07-19T07:36:09.907+0000][info][gc,start         ] GC(150) Pause Young (Concurrent Start) (G1 Humongous Allocation)
[2022-07-19T07:36:09.907+0000][info][gc,task          ] GC(150) Using 8 workers of 8 for evacuation
[2022-07-19T07:36:09.909+0000][info][gc,phases        ] GC(150)   Pre Evacuate Collection Set: 0.2ms
[2022-07-19T07:36:09.909+0000][info][gc,phases        ] GC(150)   Merge Heap Roots: 0.0ms
[2022-07-19T07:36:09.909+0000][info][gc,phases        ] GC(150)   Evacuate Collection Set: 0.7ms
[2022-07-19T07:36:09.909+0000][info][gc,phases        ] GC(150)   Post Evacuate Collection Set: 0.8ms
[2022-07-19T07:36:09.909+0000][info][gc,phases        ] GC(150)   Other: 0.1ms
[2022-07-19T07:36:09.909+0000][info][gc,heap          ] GC(150) Eden regions: 2->0(300)
[2022-07-19T07:36:09.909+0000][info][gc,heap          ] GC(150) Survivor regions: 1->1(38)
[2022-07-19T07:36:09.909+0000][info][gc,heap          ] GC(150) Old regions: 8->8
[2022-07-19T07:36:09.909+0000][info][gc,heap          ] GC(150) Archive regions: 2->2
[2022-07-19T07:36:09.909+0000][info][gc,heap          ] GC(150) Humongous regions: 192->0
[2022-07-19T07:36:09.909+0000][info][gc,metaspace     ] GC(150) Metaspace: 29049K(29504K)->29049K(29504K) NonClass: 25495K(25728K)->25495K(25728K) Class: 3554K(3776K)->3554K(3776K)
[2022-07-19T07:36:09.909+0000][info][gc               ] GC(150) Pause Young (Concurrent Start) (G1 Humongous Allocation) 403M->16M(1004M) 2.141ms
[2022-07-19T07:36:09.909+0000][info][gc               ] GC(151) Concurrent Undo Cycle
[2022-07-19T07:36:09.909+0000][info][gc,cpu           ] GC(150) User=0.00s Sys=0.00s Real=0.00s
[2022-07-19T07:36:09.909+0000][info][gc,marking       ] GC(151) Concurrent Cleanup for Next Mark
[2022-07-19T07:36:09.909+0000][info][safepoint,stats  ] G1TryInitiateConcMark        [             29               0 ][            11495     234873    2309815    2556183 ]               0
[2022-07-19T07:36:09.909+0000][info][safepoint        ] Safepoint "G1TryInitiateConcMark", Time since last: 86285365 ns, Reaching safepoint: 246368 ns, At safepoint: 2309815 ns, Total: 2556183 ns
[2022-07-19T07:36:09.909+0000][info][gc,marking       ] GC(151) Concurrent Cleanup for Next Mark 0.100ms
[2022-07-19T07:36:09.909+0000][info][gc               ] GC(151) Concurrent Undo Cycle 0.195ms
[2022-07-19T07:36:10.000+0000][info][safepoint,cleanup] compilation policy safepoint handler, 0.0000001 secs
[2022-07-19T07:36:10.000+0000][info][safepoint,cleanup] updating inline caches, 0.0000008 secs
[2022-07-19T07:36:10.000+0000][info][safepoint,cleanup] safepoint cleanup tasks, 0.0001219 secs
[2022-07-19T07:36:10.000+0000][info][gc,start         ] GC(152) Pause Young (Concurrent Start) (G1 Humongous Allocation)
[2022-07-19T07:36:10.000+0000][info][gc,task          ] GC(152) Using 8 workers of 8 for evacuation
[2022-07-19T07:36:10.002+0000][info][gc,phases        ] GC(152)   Pre Evacuate Collection Set: 0.2ms
[2022-07-19T07:36:10.002+0000][info][gc,phases        ] GC(152)   Merge Heap Roots: 0.0ms
[2022-07-19T07:36:10.002+0000][info][gc,phases        ] GC(152)   Evacuate Collection Set: 0.5ms
[2022-07-19T07:36:10.002+0000][info][gc,phases        ] GC(152)   Post Evacuate Collection Set: 0.4ms
[2022-07-19T07:36:10.002+0000][info][gc,phases        ] GC(152)   Other: 0.1ms
[2022-07-19T07:36:10.002+0000][info][gc,heap          ] GC(152) Eden regions: 1->0(300)
[2022-07-19T07:36:10.002+0000][info][gc,heap          ] GC(152) Survivor regions: 1->1(38)
[2022-07-19T07:36:10.002+0000][info][gc,heap          ] GC(152) Old regions: 8->8
[2022-07-19T07:36:10.002+0000][info][gc,heap          ] GC(152) Archive regions: 2->2
[2022-07-19T07:36:10.002+0000][info][gc,heap          ] GC(152) Humongous regions: 192->0
[2022-07-19T07:36:10.002+0000][info][gc,metaspace     ] GC(152) Metaspace: 29049K(29504K)->29049K(29504K) NonClass: 25495K(25728K)->25495K(25728K) Class: 3554K(3776K)->3554K(3776K)
[2022-07-19T07:36:10.002+0000][info][gc               ] GC(152) Pause Young (Concurrent Start) (G1 Humongous Allocation) 401M->16M(1004M) 1.374ms
[2022-07-19T07:36:10.002+0000][info][gc               ] GC(153) Concurrent Undo Cycle
[2022-07-19T07:36:10.002+0000][info][gc,cpu           ] GC(152) User=0.00s Sys=0.00s Real=0.00s
[2022-07-19T07:36:10.002+0000][info][gc,marking       ] GC(153) Concurrent Cleanup for Next Mark
[2022-07-19T07:36:10.002+0000][info][safepoint,stats  ] G1TryInitiateConcMark        [             29               0 ][             5501     148317    1461552    1615370 ]               0
[2022-07-19T07:36:10.002+0000][info][safepoint        ] Safepoint "G1TryInitiateConcMark", Time since last: 91217244 ns, Reaching safepoint: 153818 ns, At safepoint: 1461552 ns, Total: 1615370 ns
[2022-07-19T07:36:10.002+0000][info][gc,marking       ] GC(153) Concurrent Cleanup for Next Mark 0.069ms
[2022-07-19T07:36:10.002+0000][info][gc               ] GC(153) Concurrent Undo Cycle 0.134ms
[2022-07-19T07:36:10.088+0000][info][safepoint,cleanup] compilation policy safepoint handler, 0.0000001 secs
[2022-07-19T07:36:10.088+0000][info][safepoint,cleanup] updating inline caches, 0.0000005 secs
[2022-07-19T07:36:10.088+0000][info][safepoint,cleanup] safepoint cleanup tasks, 0.0001123 secs
[2022-07-19T07:36:10.088+0000][info][gc,start         ] GC(154) Pause Young (Concurrent Start) (G1 Humongous Allocation)
[2022-07-19T07:36:10.088+0000][info][gc,task          ] GC(154) Using 8 workers of 8 for evacuation
[2022-07-19T07:36:10.089+0000][info][gc,phases        ] GC(154)   Pre Evacuate Collection Set: 0.2ms
[2022-07-19T07:36:10.089+0000][info][gc,phases        ] GC(154)   Merge Heap Roots: 0.0ms
[2022-07-19T07:36:10.089+0000][info][gc,phases        ] GC(154)   Evacuate Collection Set: 0.6ms
[2022-07-19T07:36:10.089+0000][info][gc,phases        ] GC(154)   Post Evacuate Collection Set: 0.3ms
[2022-07-19T07:36:10.090+0000][info][gc,phases        ] GC(154)   Other: 0.1ms
[2022-07-19T07:36:10.090+0000][info][gc,heap          ] GC(154) Eden regions: 1->0(300)
[2022-07-19T07:36:10.090+0000][info][gc,heap          ] GC(154) Survivor regions: 1->1(38)
[2022-07-19T07:36:10.090+0000][info][gc,heap          ] GC(154) Old regions: 8->8
[2022-07-19T07:36:10.090+0000][info][gc,heap          ] GC(154) Archive regions: 2->2
[2022-07-19T07:36:10.090+0000][info][gc,heap          ] GC(154) Humongous regions: 192->0
[2022-07-19T07:36:10.090+0000][info][gc,metaspace     ] GC(154) Metaspace: 29049K(29504K)->29049K(29504K) NonClass: 25495K(25728K)->25495K(25728K) Class: 3554K(3776K)->3554K(3776K)
[2022-07-19T07:36:10.090+0000][info][gc               ] GC(154) Pause Young (Concurrent Start) (G1 Humongous Allocation) 401M->16M(1004M) 1.341ms
[2022-07-19T07:36:10.090+0000][info][gc,cpu           ] GC(154) User=0.00s Sys=0.00s Real=0.01s
[2022-07-19T07:36:10.090+0000][info][gc               ] GC(155) Concurrent Undo Cycle
[2022-07-19T07:36:10.090+0000][info][safepoint,stats  ] G1TryInitiateConcMark        [             29               0 ][             6427     151619    1446856    1604902 ]               0
[2022-07-19T07:36:10.090+0000][info][gc,marking       ] GC(155) Concurrent Cleanup for Next Mark
[2022-07-19T07:36:10.090+0000][info][safepoint        ] Safepoint "G1TryInitiateConcMark", Time since last: 86331469 ns, Reaching safepoint: 158046 ns, At safepoint: 1446856 ns, Total: 1604902 ns
[2022-07-19T07:36:10.090+0000][info][gc,marking       ] GC(155) Concurrent Cleanup for Next Mark 0.077ms
[2022-07-19T07:36:10.090+0000][info][gc               ] GC(155) Concurrent Undo Cycle 0.162ms
[2022-07-19T07:36:10.175+0000][info][safepoint,cleanup] updating inline caches, 0.0000009 secs
[2022-07-19T07:36:10.175+0000][info][safepoint,cleanup] compilation policy safepoint handler, 0.0000001 secs
[2022-07-19T07:36:10.176+0000][info][safepoint,cleanup] safepoint cleanup tasks, 0.0001193 secs
[2022-07-19T07:36:10.176+0000][info][gc,start         ] GC(156) Pause Young (Concurrent Start) (G1 Humongous Allocation)
[2022-07-19T07:36:10.176+0000][info][gc,task          ] GC(156) Using 8 workers of 8 for evacuation
[2022-07-19T07:36:10.177+0000][info][gc,phases        ] GC(156)   Pre Evacuate Collection Set: 0.2ms
[2022-07-19T07:36:10.177+0000][info][gc,phases        ] GC(156)   Merge Heap Roots: 0.0ms
[2022-07-19T07:36:10.177+0000][info][gc,phases        ] GC(156)   Evacuate Collection Set: 0.5ms
[2022-07-19T07:36:10.177+0000][info][gc,phases        ] GC(156)   Post Evacuate Collection Set: 0.3ms
[2022-07-19T07:36:10.177+0000][info][gc,phases        ] GC(156)   Other: 0.0ms
[2022-07-19T07:36:10.177+0000][info][gc,heap          ] GC(156) Eden regions: 1->0(300)
[2022-07-19T07:36:10.177+0000][info][gc,heap          ] GC(156) Survivor regions: 1->1(38)
[2022-07-19T07:36:10.177+0000][info][gc,heap          ] GC(156) Old regions: 8->8
[2022-07-19T07:36:10.177+0000][info][gc,heap          ] GC(156) Archive regions: 2->2
[2022-07-19T07:36:10.177+0000][info][gc,heap          ] GC(156) Humongous regions: 192->0
[2022-07-19T07:36:10.177+0000][info][gc,metaspace     ] GC(156) Metaspace: 29049K(29504K)->29049K(29504K) NonClass: 25495K(25728K)->25495K(25728K) Class: 3554K(3776K)->3554K(3776K)
[2022-07-19T07:36:10.177+0000][info][gc               ] GC(156) Pause Young (Concurrent Start) (G1 Humongous Allocation) 401M->16M(1004M) 1.199ms
[2022-07-19T07:36:10.177+0000][info][gc               ] GC(157) Concurrent Undo Cycle
[2022-07-19T07:36:10.177+0000][info][gc,cpu           ] GC(156) User=0.00s Sys=0.00s Real=0.00s
[2022-07-19T07:36:10.177+0000][info][gc,marking       ] GC(157) Concurrent Cleanup for Next Mark
[2022-07-19T07:36:10.177+0000][info][safepoint,stats  ] G1TryInitiateConcMark        [             29               0 ][             6355     144178    1310021    1460554 ]               0
[2022-07-19T07:36:10.177+0000][info][safepoint        ] Safepoint "G1TryInitiateConcMark", Time since last: 85737968 ns, Reaching safepoint: 150533 ns, At safepoint: 1310021 ns, Total: 1460554 ns
[2022-07-19T07:36:10.177+0000][info][gc,marking       ] GC(157) Concurrent Cleanup for Next Mark 0.084ms
[2022-07-19T07:36:10.177+0000][info][gc               ] GC(157) Concurrent Undo Cycle 0.154ms
[2022-07-19T07:36:10.275+0000][info][safepoint,cleanup] updating inline caches, 0.0000086 secs
[2022-07-19T07:36:10.276+0000][info][safepoint,cleanup] compilation policy safepoint handler, 0.0000002 secs
[2022-07-19T07:36:10.276+0000][info][safepoint,cleanup] safepoint cleanup tasks, 0.0002170 secs
[2022-07-19T07:36:10.276+0000][info][gc,start         ] GC(158) Pause Young (Concurrent Start) (G1 Humongous Allocation)
[2022-07-19T07:36:10.276+0000][info][gc,task          ] GC(158) Using 8 workers of 8 for evacuation
[2022-07-19T07:36:10.277+0000][info][gc,phases        ] GC(158)   Pre Evacuate Collection Set: 0.2ms
[2022-07-19T07:36:10.277+0000][info][gc,phases        ] GC(158)   Merge Heap Roots: 0.0ms
[2022-07-19T07:36:10.277+0000][info][gc,phases        ] GC(158)   Evacuate Collection Set: 0.6ms
[2022-07-19T07:36:10.277+0000][info][gc,phases        ] GC(158)   Post Evacuate Collection Set: 0.3ms
[2022-07-19T07:36:10.277+0000][info][gc,phases        ] GC(158)   Other: 0.1ms
[2022-07-19T07:36:10.277+0000][info][gc,heap          ] GC(158) Eden regions: 1->0(300)
[2022-07-19T07:36:10.277+0000][info][gc,heap          ] GC(158) Survivor regions: 1->1(38)
[2022-07-19T07:36:10.277+0000][info][gc,heap          ] GC(158) Old regions: 8->8
[2022-07-19T07:36:10.277+0000][info][gc,heap          ] GC(158) Archive regions: 2->2
[2022-07-19T07:36:10.277+0000][info][gc,heap          ] GC(158) Humongous regions: 192->0
[2022-07-19T07:36:10.277+0000][info][gc,metaspace     ] GC(158) Metaspace: 29049K(29504K)->29049K(29504K) NonClass: 25495K(25728K)->25495K(25728K) Class: 3554K(3776K)->3554K(3776K)
[2022-07-19T07:36:10.277+0000][info][gc               ] GC(158) Pause Young (Concurrent Start) (G1 Humongous Allocation) 401M->16M(1004M) 1.649ms
[2022-07-19T07:36:10.277+0000][info][gc               ] GC(159) Concurrent Undo Cycle
[2022-07-19T07:36:10.277+0000][info][gc,cpu           ] GC(158) User=0.00s Sys=0.00s Real=0.00s
[2022-07-19T07:36:10.278+0000][info][gc,marking       ] GC(159) Concurrent Cleanup for Next Mark
[2022-07-19T07:36:10.278+0000][info][safepoint,stats  ] G1TryInitiateConcMark        [             29               0 ][             5712     250091    1838810    2094613 ]               0
[2022-07-19T07:36:10.278+0000][info][safepoint        ] Safepoint "G1TryInitiateConcMark", Time since last: 98591873 ns, Reaching safepoint: 255803 ns, At safepoint: 1838810 ns, Total: 2094613 ns
[2022-07-19T07:36:10.278+0000][info][gc,marking       ] GC(159) Concurrent Cleanup for Next Mark 0.188ms
[2022-07-19T07:36:10.278+0000][info][gc               ] GC(159) Concurrent Undo Cycle 0.304ms
[2022-07-19T07:36:10.369+0000][info][safepoint,cleanup] compilation policy safepoint handler, 0.0000002 secs
[2022-07-19T07:36:10.369+0000][info][safepoint,cleanup] updating inline caches, 0.0000165 secs
[2022-07-19T07:36:10.369+0000][info][safepoint,cleanup] safepoint cleanup tasks, 0.0001928 secs
[2022-07-19T07:36:10.369+0000][info][gc,start         ] GC(160) Pause Young (Concurrent Start) (G1 Humongous Allocation)
[2022-07-19T07:36:10.369+0000][info][gc,task          ] GC(160) Using 8 workers of 8 for evacuation
[2022-07-19T07:36:10.372+0000][info][gc,phases        ] GC(160)   Pre Evacuate Collection Set: 0.4ms
[2022-07-19T07:36:10.372+0000][info][gc,phases        ] GC(160)   Merge Heap Roots: 0.0ms
[2022-07-19T07:36:10.372+0000][info][gc,phases        ] GC(160)   Evacuate Collection Set: 1.5ms
[2022-07-19T07:36:10.372+0000][info][gc,phases        ] GC(160)   Post Evacuate Collection Set: 1.3ms
[2022-07-19T07:36:10.373+0000][info][gc,phases        ] GC(160)   Other: 0.1ms
[2022-07-19T07:36:10.373+0000][info][gc,heap          ] GC(160) Eden regions: 1->0(300)
[2022-07-19T07:36:10.373+0000][info][gc,heap          ] GC(160) Survivor regions: 1->1(38)
[2022-07-19T07:36:10.373+0000][info][gc,heap          ] GC(160) Old regions: 8->8
[2022-07-19T07:36:10.373+0000][info][gc,heap          ] GC(160) Archive regions: 2->2
[2022-07-19T07:36:10.373+0000][info][gc,heap          ] GC(160) Humongous regions: 192->0
[2022-07-19T07:36:10.373+0000][info][gc,metaspace     ] GC(160) Metaspace: 29049K(29504K)->29049K(29504K) NonClass: 25495K(25728K)->25495K(25728K) Class: 3554K(3776K)->3554K(3776K)
[2022-07-19T07:36:10.373+0000][info][gc               ] GC(160) Pause Young (Concurrent Start) (G1 Humongous Allocation) 401M->16M(1004M) 3.785ms
[2022-07-19T07:36:10.373+0000][info][gc               ] GC(161) Concurrent Undo Cycle
[2022-07-19T07:36:10.373+0000][info][gc,marking       ] GC(161) Concurrent Cleanup for Next Mark
[2022-07-19T07:36:10.373+0000][info][gc,cpu           ] GC(160) User=0.00s Sys=0.00s Real=0.01s
[2022-07-19T07:36:10.373+0000][info][safepoint,stats  ] G1TryInitiateConcMark        [             29               0 ][             7317     224684    4324342    4556343 ]               0
[2022-07-19T07:36:10.373+0000][info][safepoint        ] Safepoint "G1TryInitiateConcMark", Time since last: 91249950 ns, Reaching safepoint: 232001 ns, At safepoint: 4324342 ns, Total: 4556343 ns
[2022-07-19T07:36:10.373+0000][info][gc,marking       ] GC(161) Concurrent Cleanup for Next Mark 0.388ms
[2022-07-19T07:36:10.373+0000][info][gc               ] GC(161) Concurrent Undo Cycle 0.484ms
[2022-07-19T07:36:10.460+0000][info][safepoint,cleanup] updating inline caches, 0.0000172 secs
[2022-07-19T07:36:10.460+0000][info][safepoint,cleanup] compilation policy safepoint handler, 0.0000001 secs
[2022-07-19T07:36:10.460+0000][info][safepoint,cleanup] safepoint cleanup tasks, 0.0002262 secs
[2022-07-19T07:36:10.460+0000][info][gc,start         ] GC(162) Pause Young (Concurrent Start) (G1 Humongous Allocation)
[2022-07-19T07:36:10.460+0000][info][gc,task          ] GC(162) Using 8 workers of 8 for evacuation
[2022-07-19T07:36:10.462+0000][info][gc,phases        ] GC(162)   Pre Evacuate Collection Set: 0.2ms
[2022-07-19T07:36:10.462+0000][info][gc,phases        ] GC(162)   Merge Heap Roots: 0.1ms
[2022-07-19T07:36:10.462+0000][info][gc,phases        ] GC(162)   Evacuate Collection Set: 0.7ms
[2022-07-19T07:36:10.462+0000][info][gc,phases        ] GC(162)   Post Evacuate Collection Set: 0.4ms
[2022-07-19T07:36:10.462+0000][info][gc,phases        ] GC(162)   Other: 0.1ms
[2022-07-19T07:36:10.462+0000][info][gc,heap          ] GC(162) Eden regions: 1->0(300)
[2022-07-19T07:36:10.462+0000][info][gc,heap          ] GC(162) Survivor regions: 1->1(38)
[2022-07-19T07:36:10.462+0000][info][gc,heap          ] GC(162) Old regions: 8->8
[2022-07-19T07:36:10.462+0000][info][gc,heap          ] GC(162) Archive regions: 2->2
[2022-07-19T07:36:10.462+0000][info][gc,heap          ] GC(162) Humongous regions: 192->0
[2022-07-19T07:36:10.462+0000][info][gc,metaspace     ] GC(162) Metaspace: 29049K(29504K)->29049K(29504K) NonClass: 25495K(25728K)->25495K(25728K) Class: 3554K(3776K)->3554K(3776K)
[2022-07-19T07:36:10.462+0000][info][gc               ] GC(162) Pause Young (Concurrent Start) (G1 Humongous Allocation) 401M->16M(1004M) 1.642ms
[2022-07-19T07:36:10.462+0000][info][gc,cpu           ] GC(162) User=0.00s Sys=0.00s Real=0.00s
[2022-07-19T07:36:10.462+0000][info][gc               ] GC(163) Concurrent Undo Cycle
[2022-07-19T07:36:10.462+0000][info][safepoint,stats  ] G1TryInitiateConcMark        [             29               0 ][             5945     250603    1717815    1974363 ]               0
[2022-07-19T07:36:10.462+0000][info][safepoint        ] Safepoint "G1TryInitiateConcMark", Time since last: 86525985 ns, Reaching safepoint: 256548 ns, At safepoint: 1717815 ns, Total: 1974363 ns
[2022-07-19T07:36:10.462+0000][info][gc,marking       ] GC(163) Concurrent Cleanup for Next Mark
[2022-07-19T07:36:10.462+0000][info][gc,marking       ] GC(163) Concurrent Cleanup for Next Mark 0.089ms
[2022-07-19T07:36:10.462+0000][info][gc               ] GC(163) Concurrent Undo Cycle 0.169ms
[2022-07-19T07:36:10.550+0000][info][safepoint,cleanup] compilation policy safepoint handler, 0.0000001 secs
[2022-07-19T07:36:10.550+0000][info][safepoint,cleanup] updating inline caches, 0.0000008 secs
[2022-07-19T07:36:10.551+0000][info][safepoint,cleanup] safepoint cleanup tasks, 0.0001098 secs
[2022-07-19T07:36:10.551+0000][info][gc,start         ] GC(164) Pause Young (Concurrent Start) (G1 Humongous Allocation)
[2022-07-19T07:36:10.551+0000][info][gc,task          ] GC(164) Using 8 workers of 8 for evacuation
[2022-07-19T07:36:10.552+0000][info][gc,phases        ] GC(164)   Pre Evacuate Collection Set: 0.2ms
[2022-07-19T07:36:10.552+0000][info][gc,phases        ] GC(164)   Merge Heap Roots: 0.0ms
[2022-07-19T07:36:10.552+0000][info][gc,phases        ] GC(164)   Evacuate Collection Set: 0.5ms
[2022-07-19T07:36:10.552+0000][info][gc,phases        ] GC(164)   Post Evacuate Collection Set: 0.4ms
[2022-07-19T07:36:10.552+0000][info][gc,phases        ] GC(164)   Other: 0.1ms
[2022-07-19T07:36:10.552+0000][info][gc,heap          ] GC(164) Eden regions: 1->0(300)
[2022-07-19T07:36:10.552+0000][info][gc,heap          ] GC(164) Survivor regions: 1->1(38)
[2022-07-19T07:36:10.552+0000][info][gc,heap          ] GC(164) Old regions: 8->8
[2022-07-19T07:36:10.552+0000][info][gc,heap          ] GC(164) Archive regions: 2->2
[2022-07-19T07:36:10.552+0000][info][gc,heap          ] GC(164) Humongous regions: 192->0
[2022-07-19T07:36:10.552+0000][info][gc,metaspace     ] GC(164) Metaspace: 29049K(29504K)->29049K(29504K) NonClass: 25495K(25728K)->25495K(25728K) Class: 3554K(3776K)->3554K(3776K)
[2022-07-19T07:36:10.552+0000][info][gc               ] GC(164) Pause Young (Concurrent Start) (G1 Humongous Allocation) 401M->16M(1004M) 1.462ms
[2022-07-19T07:36:10.552+0000][info][gc,cpu           ] GC(164) User=0.00s Sys=0.00s Real=0.00s
[2022-07-19T07:36:10.552+0000][info][gc               ] GC(165) Concurrent Undo Cycle
[2022-07-19T07:36:10.552+0000][info][safepoint,stats  ] G1TryInitiateConcMark        [             29               0 ][             8776     120128    1633319    1762223 ]               0
[2022-07-19T07:36:10.552+0000][info][gc,marking       ] GC(165) Concurrent Cleanup for Next Mark
[2022-07-19T07:36:10.552+0000][info][safepoint        ] Safepoint "G1TryInitiateConcMark", Time since last: 88536106 ns, Reaching safepoint: 128904 ns, At safepoint: 1633319 ns, Total: 1762223 ns
[2022-07-19T07:36:10.552+0000][info][gc,marking       ] GC(165) Concurrent Cleanup for Next Mark 0.127ms
[2022-07-19T07:36:10.552+0000][info][gc               ] GC(165) Concurrent Undo Cycle 0.217ms
[2022-07-19T07:36:10.637+0000][info][safepoint,cleanup] updating inline caches, 0.0000008 secs
[2022-07-19T07:36:10.637+0000][info][safepoint,cleanup] compilation policy safepoint handler, 0.0000006 secs
[2022-07-19T07:36:10.638+0000][info][safepoint,cleanup] safepoint cleanup tasks, 0.0001370 secs
[2022-07-19T07:36:10.638+0000][info][gc,start         ] GC(166) Pause Young (Concurrent Start) (G1 Humongous Allocation)
[2022-07-19T07:36:10.638+0000][info][gc,task          ] GC(166) Using 8 workers of 8 for evacuation
[2022-07-19T07:36:10.640+0000][info][gc,phases        ] GC(166)   Pre Evacuate Collection Set: 0.2ms
[2022-07-19T07:36:10.640+0000][info][gc,phases        ] GC(166)   Merge Heap Roots: 0.1ms
[2022-07-19T07:36:10.640+0000][info][gc,phases        ] GC(166)   Evacuate Collection Set: 0.9ms
[2022-07-19T07:36:10.640+0000][info][gc,phases        ] GC(166)   Post Evacuate Collection Set: 0.4ms
[2022-07-19T07:36:10.640+0000][info][gc,phases        ] GC(166)   Other: 0.2ms
[2022-07-19T07:36:10.640+0000][info][gc,heap          ] GC(166) Eden regions: 1->0(300)
[2022-07-19T07:36:10.640+0000][info][gc,heap          ] GC(166) Survivor regions: 1->1(38)
[2022-07-19T07:36:10.640+0000][info][gc,heap          ] GC(166) Old regions: 8->8
[2022-07-19T07:36:10.640+0000][info][gc,heap          ] GC(166) Archive regions: 2->2
[2022-07-19T07:36:10.640+0000][info][gc,heap          ] GC(166) Humongous regions: 192->0
[2022-07-19T07:36:10.640+0000][info][gc,metaspace     ] GC(166) Metaspace: 29049K(29504K)->29049K(29504K) NonClass: 25495K(25728K)->25495K(25728K) Class: 3554K(3776K)->3554K(3776K)
[2022-07-19T07:36:10.640+0000][info][gc               ] GC(166) Pause Young (Concurrent Start) (G1 Humongous Allocation) 401M->16M(1004M) 2.198ms
[2022-07-19T07:36:10.640+0000][info][gc               ] GC(167) Concurrent Undo Cycle
[2022-07-19T07:36:10.640+0000][info][gc,cpu           ] GC(166) User=0.00s Sys=0.00s Real=0.01s
[2022-07-19T07:36:10.640+0000][info][gc,marking       ] GC(167) Concurrent Cleanup for Next Mark
[2022-07-19T07:36:10.640+0000][info][safepoint,stats  ] VM Operation                 [ threads: total initial_running ][ time:       sync    cleanup       vmop      total ] page_trap_count
[2022-07-19T07:36:10.640+0000][info][safepoint,stats  ] G1TryInitiateConcMark        [             29               0 ][             7118     158620    2390685    2556423 ]               0
[2022-07-19T07:36:10.640+0000][info][safepoint        ] Safepoint "G1TryInitiateConcMark", Time since last: 85217574 ns, Reaching safepoint: 165738 ns, At safepoint: 2390685 ns, Total: 2556423 ns
[2022-07-19T07:36:10.640+0000][info][gc,marking       ] GC(167) Concurrent Cleanup for Next Mark 0.177ms
[2022-07-19T07:36:10.640+0000][info][gc               ] GC(167) Concurrent Undo Cycle 0.272ms
[2022-07-19T07:36:10.726+0000][info][safepoint,cleanup] updating inline caches, 0.0000008 secs
[2022-07-19T07:36:10.726+0000][info][safepoint,cleanup] compilation policy safepoint handler, 0.0000003 secs
[2022-07-19T07:36:10.726+0000][info][safepoint,cleanup] safepoint cleanup tasks, 0.0002782 secs
[2022-07-19T07:36:10.726+0000][info][gc,start         ] GC(168) Pause Young (Concurrent Start) (G1 Humongous Allocation)
[2022-07-19T07:36:10.726+0000][info][gc,task          ] GC(168) Using 8 workers of 8 for evacuation
[2022-07-19T07:36:10.728+0000][info][gc,phases        ] GC(168)   Pre Evacuate Collection Set: 0.4ms
[2022-07-19T07:36:10.728+0000][info][gc,phases        ] GC(168)   Merge Heap Roots: 0.1ms
[2022-07-19T07:36:10.728+0000][info][gc,phases        ] GC(168)   Evacuate Collection Set: 0.7ms
[2022-07-19T07:36:10.728+0000][info][gc,phases        ] GC(168)   Post Evacuate Collection Set: 0.5ms
[2022-07-19T07:36:10.728+0000][info][gc,phases        ] GC(168)   Other: 0.2ms
[2022-07-19T07:36:10.728+0000][info][gc,heap          ] GC(168) Eden regions: 1->0(300)
[2022-07-19T07:36:10.728+0000][info][gc,heap          ] GC(168) Survivor regions: 1->1(38)
[2022-07-19T07:36:10.728+0000][info][gc,heap          ] GC(168) Old regions: 8->8
[2022-07-19T07:36:10.728+0000][info][gc,heap          ] GC(168) Archive regions: 2->2
[2022-07-19T07:36:10.728+0000][info][gc,heap          ] GC(168) Humongous regions: 192->0
[2022-07-19T07:36:10.728+0000][info][gc,metaspace     ] GC(168) Metaspace: 29049K(29504K)->29049K(29504K) NonClass: 25495K(25728K)->25495K(25728K) Class: 3554K(3776K)->3554K(3776K)
[2022-07-19T07:36:10.728+0000][info][gc               ] GC(168) Pause Young (Concurrent Start) (G1 Humongous Allocation) 401M->16M(1004M) 2.294ms
[2022-07-19T07:36:10.728+0000][info][gc,cpu           ] GC(168) User=0.00s Sys=0.00s Real=0.00s
[2022-07-19T07:36:10.728+0000][info][gc               ] GC(169) Concurrent Undo Cycle
[2022-07-19T07:36:10.728+0000][info][safepoint,stats  ] G1TryInitiateConcMark        [             29               0 ][             8078     372693    2459572    2840343 ]               0
[2022-07-19T07:36:10.729+0000][info][safepoint        ] Safepoint "G1TryInitiateConcMark", Time since last: 85697561 ns, Reaching safepoint: 380771 ns, At safepoint: 2459572 ns, Total: 2840343 ns
[2022-07-19T07:36:10.729+0000][info][gc,marking       ] GC(169) Concurrent Cleanup for Next Mark
[2022-07-19T07:36:10.729+0000][info][gc,marking       ] GC(169) Concurrent Cleanup for Next Mark 0.199ms
[2022-07-19T07:36:10.729+0000][info][gc               ] GC(169) Concurrent Undo Cycle 0.424ms
[2022-07-19T07:36:10.824+0000][info][safepoint,cleanup] compilation policy safepoint handler, 0.0000001 secs
[2022-07-19T07:36:10.824+0000][info][safepoint,cleanup] updating inline caches, 0.0000008 secs
[2022-07-19T07:36:10.824+0000][info][safepoint,cleanup] safepoint cleanup tasks, 0.0001269 secs
[2022-07-19T07:36:10.824+0000][info][gc,start         ] GC(170) Pause Young (Concurrent Start) (G1 Humongous Allocation)
[2022-07-19T07:36:10.824+0000][info][gc,task          ] GC(170) Using 8 workers of 8 for evacuation
[2022-07-19T07:36:10.825+0000][info][gc,phases        ] GC(170)   Pre Evacuate Collection Set: 0.2ms
[2022-07-19T07:36:10.825+0000][info][gc,phases        ] GC(170)   Merge Heap Roots: 0.0ms
[2022-07-19T07:36:10.825+0000][info][gc,phases        ] GC(170)   Evacuate Collection Set: 0.6ms
[2022-07-19T07:36:10.825+0000][info][gc,phases        ] GC(170)   Post Evacuate Collection Set: 0.3ms
[2022-07-19T07:36:10.825+0000][info][gc,phases        ] GC(170)   Other: 0.0ms
[2022-07-19T07:36:10.825+0000][info][gc,heap          ] GC(170) Eden regions: 1->0(300)
[2022-07-19T07:36:10.825+0000][info][gc,heap          ] GC(170) Survivor regions: 1->1(38)
[2022-07-19T07:36:10.825+0000][info][gc,heap          ] GC(170) Old regions: 8->8
[2022-07-19T07:36:10.825+0000][info][gc,heap          ] GC(170) Archive regions: 2->2
[2022-07-19T07:36:10.825+0000][info][gc,heap          ] GC(170) Humongous regions: 192->0
[2022-07-19T07:36:10.825+0000][info][gc,metaspace     ] GC(170) Metaspace: 29049K(29504K)->29049K(29504K) NonClass: 25495K(25728K)->25495K(25728K) Class: 3554K(3776K)->3554K(3776K)
[2022-07-19T07:36:10.825+0000][info][gc               ] GC(170) Pause Young (Concurrent Start) (G1 Humongous Allocation) 401M->16M(1004M) 1.314ms
[2022-07-19T07:36:10.825+0000][info][gc               ] GC(171) Concurrent Undo Cycle
[2022-07-19T07:36:10.825+0000][info][gc,cpu           ] GC(170) User=0.01s Sys=0.00s Real=0.00s
[2022-07-19T07:36:10.825+0000][info][gc,marking       ] GC(171) Concurrent Cleanup for Next Mark
[2022-07-19T07:36:10.825+0000][info][safepoint,stats  ] G1TryInitiateConcMark        [             29               0 ][             7026     140415    1411201    1558642 ]               0
[2022-07-19T07:36:10.825+0000][info][safepoint        ] Safepoint "G1TryInitiateConcMark", Time since last: 95309694 ns, Reaching safepoint: 147441 ns, At safepoint: 1411201 ns, Total: 1558642 ns
[2022-07-19T07:36:10.825+0000][info][gc,marking       ] GC(171) Concurrent Cleanup for Next Mark 0.112ms
[2022-07-19T07:36:10.825+0000][info][gc               ] GC(171) Concurrent Undo Cycle 0.183ms
[2022-07-19T07:36:10.919+0000][info][safepoint,cleanup] compilation policy safepoint handler, 0.0000003 secs
[2022-07-19T07:36:10.919+0000][info][safepoint,cleanup] updating inline caches, 0.0000178 secs
[2022-07-19T07:36:10.919+0000][info][safepoint,cleanup] safepoint cleanup tasks, 0.0001874 secs
[2022-07-19T07:36:10.919+0000][info][gc,start         ] GC(172) Pause Young (Concurrent Start) (G1 Humongous Allocation)
[2022-07-19T07:36:10.919+0000][info][gc,task          ] GC(172) Using 8 workers of 8 for evacuation
[2022-07-19T07:36:10.921+0000][info][gc,phases        ] GC(172)   Pre Evacuate Collection Set: 0.3ms
[2022-07-19T07:36:10.922+0000][info][gc,phases        ] GC(172)   Merge Heap Roots: 0.1ms
[2022-07-19T07:36:10.922+0000][info][gc,phases        ] GC(172)   Evacuate Collection Set: 0.9ms
[2022-07-19T07:36:10.922+0000][info][gc,phases        ] GC(172)   Post Evacuate Collection Set: 0.8ms
[2022-07-19T07:36:10.922+0000][info][gc,phases        ] GC(172)   Other: 0.1ms
[2022-07-19T07:36:10.922+0000][info][gc,heap          ] GC(172) Eden regions: 2->0(300)
[2022-07-19T07:36:10.922+0000][info][gc,heap          ] GC(172) Survivor regions: 1->1(38)
[2022-07-19T07:36:10.922+0000][info][gc,heap          ] GC(172) Old regions: 8->8
[2022-07-19T07:36:10.922+0000][info][gc,heap          ] GC(172) Archive regions: 2->2
[2022-07-19T07:36:10.922+0000][info][gc,heap          ] GC(172) Humongous regions: 192->0
[2022-07-19T07:36:10.922+0000][info][gc,metaspace     ] GC(172) Metaspace: 29049K(29504K)->29049K(29504K) NonClass: 25495K(25728K)->25495K(25728K) Class: 3554K(3776K)->3554K(3776K)
[2022-07-19T07:36:10.922+0000][info][gc               ] GC(172) Pause Young (Concurrent Start) (G1 Humongous Allocation) 403M->16M(1004M) 2.628ms
[2022-07-19T07:36:10.922+0000][info][gc,cpu           ] GC(172) User=0.01s Sys=0.01s Real=0.01s
[2022-07-19T07:36:10.922+0000][info][gc               ] GC(173) Concurrent Undo Cycle
[2022-07-19T07:36:10.922+0000][info][safepoint,stats  ] G1TryInitiateConcMark        [             29               0 ][             8146     209465    2788074    3005685 ]               0
[2022-07-19T07:36:10.922+0000][info][gc,marking       ] GC(173) Concurrent Cleanup for Next Mark
[2022-07-19T07:36:10.922+0000][info][safepoint        ] Safepoint "G1TryInitiateConcMark", Time since last: 93589909 ns, Reaching safepoint: 217611 ns, At safepoint: 2788074 ns, Total: 3005685 ns
[2022-07-19T07:36:10.922+0000][info][gc,marking       ] GC(173) Concurrent Cleanup for Next Mark 0.257ms
[2022-07-19T07:36:10.922+0000][info][gc               ] GC(173) Concurrent Undo Cycle 0.507ms
[2022-07-19T07:36:11.019+0000][info][safepoint,cleanup] updating inline caches, 0.0000018 secs
[2022-07-19T07:36:11.019+0000][info][safepoint,cleanup] compilation policy safepoint handler, 0.0000005 secs
[2022-07-19T07:36:11.019+0000][info][safepoint,cleanup] safepoint cleanup tasks, 0.0004094 secs
[2022-07-19T07:36:11.019+0000][info][gc,start         ] GC(174) Pause Young (Concurrent Start) (G1 Humongous Allocation)
[2022-07-19T07:36:11.019+0000][info][gc,task          ] GC(174) Using 8 workers of 8 for evacuation
[2022-07-19T07:36:11.022+0000][info][gc,phases        ] GC(174)   Pre Evacuate Collection Set: 0.5ms
[2022-07-19T07:36:11.022+0000][info][gc,phases        ] GC(174)   Merge Heap Roots: 0.2ms
[2022-07-19T07:36:11.022+0000][info][gc,phases        ] GC(174)   Evacuate Collection Set: 1.2ms
[2022-07-19T07:36:11.022+0000][info][gc,phases        ] GC(174)   Post Evacuate Collection Set: 0.7ms
[2022-07-19T07:36:11.022+0000][info][gc,phases        ] GC(174)   Other: 0.2ms
[2022-07-19T07:36:11.022+0000][info][gc,heap          ] GC(174) Eden regions: 1->0(300)
[2022-07-19T07:36:11.022+0000][info][gc,heap          ] GC(174) Survivor regions: 1->1(38)
[2022-07-19T07:36:11.022+0000][info][gc,heap          ] GC(174) Old regions: 8->8
[2022-07-19T07:36:11.022+0000][info][gc,heap          ] GC(174) Archive regions: 2->2
[2022-07-19T07:36:11.022+0000][info][gc,heap          ] GC(174) Humongous regions: 192->0
[2022-07-19T07:36:11.022+0000][info][gc,metaspace     ] GC(174) Metaspace: 29049K(29504K)->29049K(29504K) NonClass: 25495K(25728K)->25495K(25728K) Class: 3554K(3776K)->3554K(3776K)
[2022-07-19T07:36:11.022+0000][info][gc               ] GC(174) Pause Young (Concurrent Start) (G1 Humongous Allocation) 401M->16M(1004M) 3.105ms
[2022-07-19T07:36:11.022+0000][info][gc,cpu           ] GC(174) User=0.01s Sys=0.00s Real=0.01s
[2022-07-19T07:36:11.022+0000][info][gc               ] GC(175) Concurrent Undo Cycle
[2022-07-19T07:36:11.022+0000][info][safepoint,stats  ] G1TryInitiateConcMark        [             29               0 ][            11832     503128    3240835    3755795 ]               0
[2022-07-19T07:36:11.022+0000][info][gc,marking       ] GC(175) Concurrent Cleanup for Next Mark
[2022-07-19T07:36:11.022+0000][info][safepoint        ] Safepoint "G1TryInitiateConcMark", Time since last: 96493695 ns, Reaching safepoint: 514960 ns, At safepoint: 3240835 ns, Total: 3755795 ns
[2022-07-19T07:36:11.022+0000][info][gc,marking       ] GC(175) Concurrent Cleanup for Next Mark 0.193ms
[2022-07-19T07:36:11.023+0000][info][gc               ] GC(175) Concurrent Undo Cycle 0.382ms
[2022-07-19T07:36:11.111+0000][info][safepoint,cleanup] compilation policy safepoint handler, 0.0000002 secs
[2022-07-19T07:36:11.111+0000][info][safepoint,cleanup] updating inline caches, 0.0000098 secs
[2022-07-19T07:36:11.111+0000][info][safepoint,cleanup] safepoint cleanup tasks, 0.0001141 secs
[2022-07-19T07:36:11.111+0000][info][gc,start         ] GC(176) Pause Young (Concurrent Start) (G1 Humongous Allocation)
[2022-07-19T07:36:11.111+0000][info][gc,task          ] GC(176) Using 8 workers of 8 for evacuation
[2022-07-19T07:36:11.112+0000][info][gc,phases        ] GC(176)   Pre Evacuate Collection Set: 0.2ms
[2022-07-19T07:36:11.112+0000][info][gc,phases        ] GC(176)   Merge Heap Roots: 0.0ms
[2022-07-19T07:36:11.112+0000][info][gc,phases        ] GC(176)   Evacuate Collection Set: 0.4ms
[2022-07-19T07:36:11.112+0000][info][gc,phases        ] GC(176)   Post Evacuate Collection Set: 0.3ms
[2022-07-19T07:36:11.112+0000][info][gc,phases        ] GC(176)   Other: 0.1ms
[2022-07-19T07:36:11.112+0000][info][gc,heap          ] GC(176) Eden regions: 1->0(300)
[2022-07-19T07:36:11.112+0000][info][gc,heap          ] GC(176) Survivor regions: 1->1(38)
[2022-07-19T07:36:11.112+0000][info][gc,heap          ] GC(176) Old regions: 8->8
[2022-07-19T07:36:11.112+0000][info][gc,heap          ] GC(176) Archive regions: 2->2
[2022-07-19T07:36:11.112+0000][info][gc,heap          ] GC(176) Humongous regions: 192->0
[2022-07-19T07:36:11.112+0000][info][gc,metaspace     ] GC(176) Metaspace: 29049K(29504K)->29049K(29504K) NonClass: 25495K(25728K)->25495K(25728K) Class: 3554K(3776K)->3554K(3776K)
[2022-07-19T07:36:11.112+0000][info][gc               ] GC(176) Pause Young (Concurrent Start) (G1 Humongous Allocation) 401M->16M(1004M) 1.219ms
[2022-07-19T07:36:11.112+0000][info][gc,cpu           ] GC(176) User=0.00s Sys=0.00s Real=0.00s
[2022-07-19T07:36:11.112+0000][info][gc               ] GC(177) Concurrent Undo Cycle
[2022-07-19T07:36:11.112+0000][info][safepoint,stats  ] G1TryInitiateConcMark        [             29               0 ][             5269     126652    1290151    1422072 ]               0
[2022-07-19T07:36:11.112+0000][info][gc,marking       ] GC(177) Concurrent Cleanup for Next Mark
[2022-07-19T07:36:11.112+0000][info][safepoint        ] Safepoint "G1TryInitiateConcMark", Time since last: 88410287 ns, Reaching safepoint: 131921 ns, At safepoint: 1290151 ns, Total: 1422072 ns
[2022-07-19T07:36:11.112+0000][info][gc,marking       ] GC(177) Concurrent Cleanup for Next Mark 0.105ms
[2022-07-19T07:36:11.112+0000][info][gc               ] GC(177) Concurrent Undo Cycle 0.176ms
[2022-07-19T07:36:11.201+0000][info][safepoint,cleanup] compilation policy safepoint handler, 0.0000002 secs
[2022-07-19T07:36:11.201+0000][info][safepoint,cleanup] updating inline caches, 0.0000275 secs
[2022-07-19T07:36:11.201+0000][info][safepoint,cleanup] safepoint cleanup tasks, 0.0001282 secs
[2022-07-19T07:36:11.201+0000][info][gc,start         ] GC(178) Pause Young (Concurrent Start) (G1 Humongous Allocation)
[2022-07-19T07:36:11.201+0000][info][gc,task          ] GC(178) Using 8 workers of 8 for evacuation
[2022-07-19T07:36:11.202+0000][info][gc,phases        ] GC(178)   Pre Evacuate Collection Set: 0.2ms
[2022-07-19T07:36:11.202+0000][info][gc,phases        ] GC(178)   Merge Heap Roots: 0.1ms
[2022-07-19T07:36:11.202+0000][info][gc,phases        ] GC(178)   Evacuate Collection Set: 0.5ms
[2022-07-19T07:36:11.202+0000][info][gc,phases        ] GC(178)   Post Evacuate Collection Set: 0.4ms
[2022-07-19T07:36:11.202+0000][info][gc,phases        ] GC(178)   Other: 0.1ms
[2022-07-19T07:36:11.202+0000][info][gc,heap          ] GC(178) Eden regions: 1->0(300)
[2022-07-19T07:36:11.202+0000][info][gc,heap          ] GC(178) Survivor regions: 1->1(38)
[2022-07-19T07:36:11.202+0000][info][gc,heap          ] GC(178) Old regions: 8->8
[2022-07-19T07:36:11.202+0000][info][gc,heap          ] GC(178) Archive regions: 2->2
[2022-07-19T07:36:11.202+0000][info][gc,heap          ] GC(178) Humongous regions: 192->0
[2022-07-19T07:36:11.202+0000][info][gc,metaspace     ] GC(178) Metaspace: 29049K(29504K)->29049K(29504K) NonClass: 25495K(25728K)->25495K(25728K) Class: 3554K(3776K)->3554K(3776K)
[2022-07-19T07:36:11.202+0000][info][gc               ] GC(178) Pause Young (Concurrent Start) (G1 Humongous Allocation) 401M->16M(1004M) 1.454ms
[2022-07-19T07:36:11.202+0000][info][gc,cpu           ] GC(178) User=0.00s Sys=0.00s Real=0.00s
[2022-07-19T07:36:11.202+0000][info][safepoint,stats  ] G1TryInitiateConcMark        [             29               0 ][             6274     152041    1518519    1676834 ]               0
[2022-07-19T07:36:11.202+0000][info][safepoint        ] Safepoint "G1TryInitiateConcMark", Time since last: 88423546 ns, Reaching safepoint: 158315 ns, At safepoint: 1518519 ns, Total: 1676834 ns
[2022-07-19T07:36:11.202+0000][info][gc               ] GC(179) Concurrent Undo Cycle
[2022-07-19T07:36:11.202+0000][info][gc,marking       ] GC(179) Concurrent Cleanup for Next Mark
[2022-07-19T07:36:11.202+0000][info][gc,marking       ] GC(179) Concurrent Cleanup for Next Mark 0.120ms
[2022-07-19T07:36:11.202+0000][info][gc               ] GC(179) Concurrent Undo Cycle 0.247ms
[2022-07-19T07:36:11.291+0000][info][safepoint,cleanup] updating inline caches, 0.0000017 secs
[2022-07-19T07:36:11.291+0000][info][safepoint,cleanup] compilation policy safepoint handler, 0.0000002 secs
[2022-07-19T07:36:11.292+0000][info][safepoint,cleanup] safepoint cleanup tasks, 0.0002639 secs
[2022-07-19T07:36:11.292+0000][info][gc,start         ] GC(180) Pause Young (Concurrent Start) (G1 Humongous Allocation)
[2022-07-19T07:36:11.292+0000][info][gc,task          ] GC(180) Using 8 workers of 8 for evacuation
[2022-07-19T07:36:11.295+0000][info][gc,phases        ] GC(180)   Pre Evacuate Collection Set: 0.5ms
[2022-07-19T07:36:11.295+0000][info][gc,phases        ] GC(180)   Merge Heap Roots: 0.2ms
[2022-07-19T07:36:11.295+0000][info][gc,phases        ] GC(180)   Evacuate Collection Set: 1.2ms
[2022-07-19T07:36:11.295+0000][info][gc,phases        ] GC(180)   Post Evacuate Collection Set: 0.9ms
[2022-07-19T07:36:11.295+0000][info][gc,phases        ] GC(180)   Other: 0.2ms
[2022-07-19T07:36:11.295+0000][info][gc,heap          ] GC(180) Eden regions: 1->0(300)
[2022-07-19T07:36:11.295+0000][info][gc,heap          ] GC(180) Survivor regions: 1->1(38)
[2022-07-19T07:36:11.295+0000][info][gc,heap          ] GC(180) Old regions: 8->8
[2022-07-19T07:36:11.295+0000][info][gc,heap          ] GC(180) Archive regions: 2->2
[2022-07-19T07:36:11.295+0000][info][gc,heap          ] GC(180) Humongous regions: 192->0
[2022-07-19T07:36:11.295+0000][info][gc,metaspace     ] GC(180) Metaspace: 29049K(29504K)->29049K(29504K) NonClass: 25495K(25728K)->25495K(25728K) Class: 3554K(3776K)->3554K(3776K)
[2022-07-19T07:36:11.295+0000][info][gc               ] GC(180) Pause Young (Concurrent Start) (G1 Humongous Allocation) 401M->16M(1004M) 3.542ms
[2022-07-19T07:36:11.295+0000][info][gc,cpu           ] GC(180) User=0.01s Sys=0.01s Real=0.00s
[2022-07-19T07:36:11.295+0000][info][gc               ] GC(181) Concurrent Undo Cycle
[2022-07-19T07:36:11.295+0000][info][safepoint,stats  ] G1TryInitiateConcMark        [             29               0 ][            10911     298253    3803750    4112914 ]               0
[2022-07-19T07:36:11.296+0000][info][gc,marking       ] GC(181) Concurrent Cleanup for Next Mark
[2022-07-19T07:36:11.296+0000][info][safepoint        ] Safepoint "G1TryInitiateConcMark", Time since last: 89245399 ns, Reaching safepoint: 309164 ns, At safepoint: 3803750 ns, Total: 4112914 ns
[2022-07-19T07:36:11.296+0000][info][gc,marking       ] GC(181) Concurrent Cleanup for Next Mark 0.310ms
[2022-07-19T07:36:11.296+0000][info][gc               ] GC(181) Concurrent Undo Cycle 0.590ms
[2022-07-19T07:36:11.389+0000][info][safepoint,cleanup] compilation policy safepoint handler, 0.0000002 secs
[2022-07-19T07:36:11.389+0000][info][safepoint,cleanup] updating inline caches, 0.0000033 secs
[2022-07-19T07:36:11.389+0000][info][safepoint,cleanup] safepoint cleanup tasks, 0.0003244 secs
[2022-07-19T07:36:11.389+0000][info][gc,start         ] GC(182) Pause Young (Concurrent Start) (G1 Humongous Allocation)
[2022-07-19T07:36:11.389+0000][info][gc,task          ] GC(182) Using 8 workers of 8 for evacuation
[2022-07-19T07:36:11.392+0000][info][gc,phases        ] GC(182)   Pre Evacuate Collection Set: 0.4ms
[2022-07-19T07:36:11.392+0000][info][gc,phases        ] GC(182)   Merge Heap Roots: 0.2ms
[2022-07-19T07:36:11.392+0000][info][gc,phases        ] GC(182)   Evacuate Collection Set: 1.1ms
[2022-07-19T07:36:11.392+0000][info][gc,phases        ] GC(182)   Post Evacuate Collection Set: 0.6ms
[2022-07-19T07:36:11.392+0000][info][gc,phases        ] GC(182)   Other: 0.2ms
[2022-07-19T07:36:11.392+0000][info][gc,heap          ] GC(182) Eden regions: 1->0(300)
[2022-07-19T07:36:11.392+0000][info][gc,heap          ] GC(182) Survivor regions: 1->1(38)
[2022-07-19T07:36:11.392+0000][info][gc,heap          ] GC(182) Old regions: 8->8
[2022-07-19T07:36:11.392+0000][info][gc,heap          ] GC(182) Archive regions: 2->2
[2022-07-19T07:36:11.392+0000][info][gc,heap          ] GC(182) Humongous regions: 192->0
[2022-07-19T07:36:11.392+0000][info][gc,metaspace     ] GC(182) Metaspace: 29049K(29504K)->29049K(29504K) NonClass: 25495K(25728K)->25495K(25728K) Class: 3554K(3776K)->3554K(3776K)
[2022-07-19T07:36:11.392+0000][info][gc               ] GC(182) Pause Young (Concurrent Start) (G1 Humongous Allocation) 401M->16M(1004M) 2.943ms
[2022-07-19T07:36:11.392+0000][info][gc,cpu           ] GC(182) User=0.01s Sys=0.00s Real=0.01s
[2022-07-19T07:36:11.392+0000][info][gc               ] GC(183) Concurrent Undo Cycle
[2022-07-19T07:36:11.392+0000][info][safepoint,stats  ] G1TryInitiateConcMark        [             29               0 ][            11581     363126    3080535    3455242 ]               0
[2022-07-19T07:36:11.392+0000][info][gc,marking       ] GC(183) Concurrent Cleanup for Next Mark
[2022-07-19T07:36:11.392+0000][info][safepoint        ] Safepoint "G1TryInitiateConcMark", Time since last: 93170333 ns, Reaching safepoint: 374707 ns, At safepoint: 3080535 ns, Total: 3455242 ns
[2022-07-19T07:36:11.393+0000][info][gc,marking       ] GC(183) Concurrent Cleanup for Next Mark 0.351ms
[2022-07-19T07:36:11.393+0000][info][gc               ] GC(183) Concurrent Undo Cycle 0.535ms
[2022-07-19T07:36:11.477+0000][info][safepoint,cleanup] updating inline caches, 0.0000005 secs
[2022-07-19T07:36:11.477+0000][info][safepoint,cleanup] compilation policy safepoint handler, 0.0000001 secs
[2022-07-19T07:36:11.477+0000][info][safepoint,cleanup] safepoint cleanup tasks, 0.0001268 secs
[2022-07-19T07:36:11.477+0000][info][gc,start         ] GC(184) Pause Young (Concurrent Start) (G1 Humongous Allocation)
[2022-07-19T07:36:11.477+0000][info][gc,task          ] GC(184) Using 8 workers of 8 for evacuation
[2022-07-19T07:36:11.478+0000][info][gc,phases        ] GC(184)   Pre Evacuate Collection Set: 0.1ms
[2022-07-19T07:36:11.478+0000][info][gc,phases        ] GC(184)   Merge Heap Roots: 0.1ms
[2022-07-19T07:36:11.478+0000][info][gc,phases        ] GC(184)   Evacuate Collection Set: 0.5ms
[2022-07-19T07:36:11.478+0000][info][gc,phases        ] GC(184)   Post Evacuate Collection Set: 0.4ms
[2022-07-19T07:36:11.478+0000][info][gc,phases        ] GC(184)   Other: 0.1ms
[2022-07-19T07:36:11.478+0000][info][gc,heap          ] GC(184) Eden regions: 1->0(300)
[2022-07-19T07:36:11.478+0000][info][gc,heap          ] GC(184) Survivor regions: 1->1(38)
[2022-07-19T07:36:11.478+0000][info][gc,heap          ] GC(184) Old regions: 8->8
[2022-07-19T07:36:11.478+0000][info][gc,heap          ] GC(184) Archive regions: 2->2
[2022-07-19T07:36:11.478+0000][info][gc,heap          ] GC(184) Humongous regions: 192->0
[2022-07-19T07:36:11.478+0000][info][gc,metaspace     ] GC(184) Metaspace: 29049K(29504K)->29049K(29504K) NonClass: 25495K(25728K)->25495K(25728K) Class: 3554K(3776K)->3554K(3776K)
[2022-07-19T07:36:11.478+0000][info][gc               ] GC(184) Pause Young (Concurrent Start) (G1 Humongous Allocation) 401M->16M(1004M) 1.427ms
[2022-07-19T07:36:11.478+0000][info][gc               ] GC(185) Concurrent Undo Cycle
[2022-07-19T07:36:11.478+0000][info][gc,cpu           ] GC(184) User=0.00s Sys=0.00s Real=0.00s
[2022-07-19T07:36:11.478+0000][info][gc,marking       ] GC(185) Concurrent Cleanup for Next Mark
[2022-07-19T07:36:11.478+0000][info][safepoint,stats  ] G1TryInitiateConcMark        [             29               0 ][             8448     145079    1548414    1701941 ]               0
[2022-07-19T07:36:11.478+0000][info][safepoint        ] Safepoint "G1TryInitiateConcMark", Time since last: 84525639 ns, Reaching safepoint: 153527 ns, At safepoint: 1548414 ns, Total: 1701941 ns
[2022-07-19T07:36:11.478+0000][info][gc,marking       ] GC(185) Concurrent Cleanup for Next Mark 0.103ms
[2022-07-19T07:36:11.478+0000][info][gc               ] GC(185) Concurrent Undo Cycle 0.162ms
[2022-07-19T07:36:11.566+0000][info][safepoint,cleanup] updating inline caches, 0.0000010 secs
[2022-07-19T07:36:11.566+0000][info][safepoint,cleanup] compilation policy safepoint handler, 0.0000001 secs
[2022-07-19T07:36:11.566+0000][info][safepoint,cleanup] safepoint cleanup tasks, 0.0003428 secs
[2022-07-19T07:36:11.566+0000][info][gc,start         ] GC(186) Pause Young (Concurrent Start) (G1 Humongous Allocation)
[2022-07-19T07:36:11.566+0000][info][gc,task          ] GC(186) Using 8 workers of 8 for evacuation
[2022-07-19T07:36:11.568+0000][info][gc,phases        ] GC(186)   Pre Evacuate Collection Set: 0.3ms
[2022-07-19T07:36:11.568+0000][info][gc,phases        ] GC(186)   Merge Heap Roots: 0.1ms
[2022-07-19T07:36:11.568+0000][info][gc,phases        ] GC(186)   Evacuate Collection Set: 0.6ms
[2022-07-19T07:36:11.568+0000][info][gc,phases        ] GC(186)   Post Evacuate Collection Set: 0.4ms
[2022-07-19T07:36:11.568+0000][info][gc,phases        ] GC(186)   Other: 0.1ms
[2022-07-19T07:36:11.568+0000][info][gc,heap          ] GC(186) Eden regions: 1->0(300)
[2022-07-19T07:36:11.568+0000][info][gc,heap          ] GC(186) Survivor regions: 1->1(38)
[2022-07-19T07:36:11.568+0000][info][gc,heap          ] GC(186) Old regions: 8->8
[2022-07-19T07:36:11.568+0000][info][gc,heap          ] GC(186) Archive regions: 2->2
[2022-07-19T07:36:11.568+0000][info][gc,heap          ] GC(186) Humongous regions: 192->0
[2022-07-19T07:36:11.568+0000][info][gc,metaspace     ] GC(186) Metaspace: 29049K(29504K)->29049K(29504K) NonClass: 25495K(25728K)->25495K(25728K) Class: 3554K(3776K)->3554K(3776K)
[2022-07-19T07:36:11.568+0000][info][gc               ] GC(186) Pause Young (Concurrent Start) (G1 Humongous Allocation) 401M->16M(1004M) 1.716ms
[2022-07-19T07:36:11.568+0000][info][gc,cpu           ] GC(186) User=0.00s Sys=0.00s Real=0.00s
[2022-07-19T07:36:11.568+0000][info][safepoint,stats  ] G1TryInitiateConcMark        [             29               0 ][             5232     359741    1772855    2137828 ]               0
[2022-07-19T07:36:11.568+0000][info][safepoint        ] Safepoint "G1TryInitiateConcMark", Time since last: 87215025 ns, Reaching safepoint: 364973 ns, At safepoint: 1772855 ns, Total: 2137828 ns
[2022-07-19T07:36:11.568+0000][info][gc               ] GC(187) Concurrent Undo Cycle
[2022-07-19T07:36:11.568+0000][info][gc,marking       ] GC(187) Concurrent Cleanup for Next Mark
[2022-07-19T07:36:11.568+0000][info][gc,marking       ] GC(187) Concurrent Cleanup for Next Mark 0.066ms
[2022-07-19T07:36:11.568+0000][info][gc               ] GC(187) Concurrent Undo Cycle 0.132ms
[2022-07-19T07:36:11.650+0000][info][safepoint,cleanup] compilation policy safepoint handler, 0.0000001 secs
[2022-07-19T07:36:11.650+0000][info][safepoint,cleanup] updating inline caches, 0.0000009 secs
[2022-07-19T07:36:11.650+0000][info][safepoint,cleanup] safepoint cleanup tasks, 0.0001080 secs
[2022-07-19T07:36:11.650+0000][info][gc,start         ] GC(188) Pause Young (Concurrent Start) (G1 Humongous Allocation)
[2022-07-19T07:36:11.650+0000][info][gc,task          ] GC(188) Using 8 workers of 8 for evacuation
[2022-07-19T07:36:11.652+0000][info][gc,phases        ] GC(188)   Pre Evacuate Collection Set: 0.2ms
[2022-07-19T07:36:11.653+0000][info][gc,phases        ] GC(188)   Merge Heap Roots: 0.0ms
[2022-07-19T07:36:11.653+0000][info][gc,phases        ] GC(188)   Evacuate Collection Set: 0.6ms
[2022-07-19T07:36:11.653+0000][info][gc,phases        ] GC(188)   Post Evacuate Collection Set: 1.1ms
[2022-07-19T07:36:11.653+0000][info][gc,phases        ] GC(188)   Other: 0.1ms
[2022-07-19T07:36:11.653+0000][info][gc,heap          ] GC(188) Eden regions: 1->0(300)
[2022-07-19T07:36:11.653+0000][info][gc,heap          ] GC(188) Survivor regions: 1->1(38)
[2022-07-19T07:36:11.653+0000][info][gc,heap          ] GC(188) Old regions: 8->8
[2022-07-19T07:36:11.653+0000][info][gc,heap          ] GC(188) Archive regions: 2->2
[2022-07-19T07:36:11.653+0000][info][gc,heap          ] GC(188) Humongous regions: 192->0
[2022-07-19T07:36:11.653+0000][info][gc,metaspace     ] GC(188) Metaspace: 29049K(29504K)->29049K(29504K) NonClass: 25495K(25728K)->25495K(25728K) Class: 3554K(3776K)->3554K(3776K)
[2022-07-19T07:36:11.653+0000][info][gc               ] GC(188) Pause Young (Concurrent Start) (G1 Humongous Allocation) 401M->16M(1004M) 2.201ms
[2022-07-19T07:36:11.653+0000][info][gc,cpu           ] GC(188) User=0.00s Sys=0.00s Real=0.00s
[2022-07-19T07:36:11.653+0000][info][gc               ] GC(189) Concurrent Undo Cycle
[2022-07-19T07:36:11.653+0000][info][safepoint,stats  ] G1TryInitiateConcMark        [             29               0 ][            11509     117408    2263606    2392523 ]               0
[2022-07-19T07:36:11.653+0000][info][safepoint        ] Safepoint "G1TryInitiateConcMark", Time since last: 82610033 ns, Reaching safepoint: 128917 ns, At safepoint: 2263606 ns, Total: 2392523 ns
[2022-07-19T07:36:11.653+0000][info][gc,marking       ] GC(189) Concurrent Cleanup for Next Mark
[2022-07-19T07:36:11.653+0000][info][gc,marking       ] GC(189) Concurrent Cleanup for Next Mark 0.102ms
[2022-07-19T07:36:11.653+0000][info][gc               ] GC(189) Concurrent Undo Cycle 0.220ms
[2022-07-19T07:36:11.740+0000][info][safepoint,cleanup] updating inline caches, 0.0000016 secs
[2022-07-19T07:36:11.740+0000][info][safepoint,cleanup] compilation policy safepoint handler, 0.0000003 secs
[2022-07-19T07:36:11.741+0000][info][safepoint,cleanup] safepoint cleanup tasks, 0.0003031 secs
[2022-07-19T07:36:11.741+0000][info][gc,start         ] GC(190) Pause Young (Concurrent Start) (G1 Humongous Allocation)
[2022-07-19T07:36:11.741+0000][info][gc,task          ] GC(190) Using 8 workers of 8 for evacuation
[2022-07-19T07:36:11.744+0000][info][gc,phases        ] GC(190)   Pre Evacuate Collection Set: 0.5ms
[2022-07-19T07:36:11.744+0000][info][gc,phases        ] GC(190)   Merge Heap Roots: 0.2ms
[2022-07-19T07:36:11.744+0000][info][gc,phases        ] GC(190)   Evacuate Collection Set: 1.3ms
[2022-07-19T07:36:11.744+0000][info][gc,phases        ] GC(190)   Post Evacuate Collection Set: 0.9ms
[2022-07-19T07:36:11.744+0000][info][gc,phases        ] GC(190)   Other: 0.2ms
[2022-07-19T07:36:11.744+0000][info][gc,heap          ] GC(190) Eden regions: 1->0(300)
[2022-07-19T07:36:11.744+0000][info][gc,heap          ] GC(190) Survivor regions: 1->1(38)
[2022-07-19T07:36:11.744+0000][info][gc,heap          ] GC(190) Old regions: 8->8
[2022-07-19T07:36:11.744+0000][info][gc,heap          ] GC(190) Archive regions: 2->2
[2022-07-19T07:36:11.744+0000][info][gc,heap          ] GC(190) Humongous regions: 192->0
[2022-07-19T07:36:11.744+0000][info][gc,metaspace     ] GC(190) Metaspace: 29049K(29504K)->29049K(29504K) NonClass: 25495K(25728K)->25495K(25728K) Class: 3554K(3776K)->3554K(3776K)
[2022-07-19T07:36:11.745+0000][info][gc               ] GC(190) Pause Young (Concurrent Start) (G1 Humongous Allocation) 401M->16M(1004M) 3.658ms
[2022-07-19T07:36:11.745+0000][info][gc,cpu           ] GC(190) User=0.01s Sys=0.00s Real=0.00s
[2022-07-19T07:36:11.745+0000][info][gc               ] GC(191) Concurrent Undo Cycle
[2022-07-19T07:36:11.745+0000][info][safepoint,stats  ] G1TryInitiateConcMark        [             29               0 ][            10974     418519    3849673    4279166 ]               0
[2022-07-19T07:36:11.745+0000][info][gc,marking       ] GC(191) Concurrent Cleanup for Next Mark
[2022-07-19T07:36:11.745+0000][info][safepoint        ] Safepoint "G1TryInitiateConcMark", Time since last: 87672272 ns, Reaching safepoint: 429493 ns, At safepoint: 3849673 ns, Total: 4279166 ns
[2022-07-19T07:36:11.745+0000][info][gc,marking       ] GC(191) Concurrent Cleanup for Next Mark 0.384ms
[2022-07-19T07:36:11.745+0000][info][gc               ] GC(191) Concurrent Undo Cycle 0.640ms
[2022-07-19T07:36:11.844+0000][info][safepoint,cleanup] compilation policy safepoint handler, 0.0000006 secs
[2022-07-19T07:36:11.844+0000][info][safepoint,cleanup] updating inline caches, 0.0000020 secs
[2022-07-19T07:36:11.844+0000][info][safepoint,cleanup] safepoint cleanup tasks, 0.0006548 secs
[2022-07-19T07:36:11.845+0000][info][gc,start         ] GC(192) Pause Young (Concurrent Start) (G1 Humongous Allocation)
[2022-07-19T07:36:11.845+0000][info][gc,task          ] GC(192) Using 8 workers of 8 for evacuation
[2022-07-19T07:36:11.847+0000][info][gc,phases        ] GC(192)   Pre Evacuate Collection Set: 0.5ms
[2022-07-19T07:36:11.847+0000][info][gc,phases        ] GC(192)   Merge Heap Roots: 0.2ms
[2022-07-19T07:36:11.847+0000][info][gc,phases        ] GC(192)   Evacuate Collection Set: 1.3ms
[2022-07-19T07:36:11.848+0000][info][gc,phases        ] GC(192)   Post Evacuate Collection Set: 0.6ms
[2022-07-19T07:36:11.848+0000][info][gc,phases        ] GC(192)   Other: 0.2ms
[2022-07-19T07:36:11.848+0000][info][gc,heap          ] GC(192) Eden regions: 2->0(300)
[2022-07-19T07:36:11.848+0000][info][gc,heap          ] GC(192) Survivor regions: 1->1(38)
[2022-07-19T07:36:11.848+0000][info][gc,heap          ] GC(192) Old regions: 8->8
[2022-07-19T07:36:11.848+0000][info][gc,heap          ] GC(192) Archive regions: 2->2
[2022-07-19T07:36:11.848+0000][info][gc,heap          ] GC(192) Humongous regions: 192->0
[2022-07-19T07:36:11.848+0000][info][gc,metaspace     ] GC(192) Metaspace: 29049K(29504K)->29049K(29504K) NonClass: 25495K(25728K)->25495K(25728K) Class: 3554K(3776K)->3554K(3776K)
[2022-07-19T07:36:11.848+0000][info][gc               ] GC(192) Pause Young (Concurrent Start) (G1 Humongous Allocation) 402M->16M(1004M) 3.282ms
[2022-07-19T07:36:11.848+0000][info][gc               ] GC(193) Concurrent Undo Cycle
[2022-07-19T07:36:11.848+0000][info][gc,cpu           ] GC(192) User=0.00s Sys=0.00s Real=0.00s
[2022-07-19T07:36:11.848+0000][info][gc,marking       ] GC(193) Concurrent Cleanup for Next Mark
[2022-07-19T07:36:11.848+0000][info][safepoint,stats  ] G1TryInitiateConcMark        [             29               0 ][            18842     781948    3613445    4414235 ]               0
[2022-07-19T07:36:11.848+0000][info][safepoint        ] Safepoint "G1TryInitiateConcMark", Time since last: 98991224 ns, Reaching safepoint: 800790 ns, At safepoint: 3613445 ns, Total: 4414235 ns
[2022-07-19T07:36:11.848+0000][info][gc,marking       ] GC(193) Concurrent Cleanup for Next Mark 0.301ms
[2022-07-19T07:36:11.848+0000][info][gc               ] GC(193) Concurrent Undo Cycle 0.423ms
[2022-07-19T07:36:11.940+0000][info][safepoint,cleanup] compilation policy safepoint handler, 0.0000004 secs
[2022-07-19T07:36:11.940+0000][info][safepoint,cleanup] updating inline caches, 0.0000017 secs
[2022-07-19T07:36:11.940+0000][info][safepoint,cleanup] safepoint cleanup tasks, 0.0003441 secs
[2022-07-19T07:36:11.940+0000][info][gc,start         ] GC(194) Pause Young (Concurrent Start) (G1 Humongous Allocation)
[2022-07-19T07:36:11.940+0000][info][gc,task          ] GC(194) Using 8 workers of 8 for evacuation
[2022-07-19T07:36:11.943+0000][info][gc,phases        ] GC(194)   Pre Evacuate Collection Set: 0.6ms
[2022-07-19T07:36:11.944+0000][info][gc,phases        ] GC(194)   Merge Heap Roots: 0.2ms
[2022-07-19T07:36:11.944+0000][info][gc,phases        ] GC(194)   Evacuate Collection Set: 1.2ms
[2022-07-19T07:36:11.944+0000][info][gc,phases        ] GC(194)   Post Evacuate Collection Set: 1.0ms
[2022-07-19T07:36:11.944+0000][info][gc,phases        ] GC(194)   Other: 0.2ms
[2022-07-19T07:36:11.944+0000][info][gc,heap          ] GC(194) Eden regions: 1->0(300)
[2022-07-19T07:36:11.944+0000][info][gc,heap          ] GC(194) Survivor regions: 1->1(38)
[2022-07-19T07:36:11.944+0000][info][gc,heap          ] GC(194) Old regions: 8->8
[2022-07-19T07:36:11.944+0000][info][gc,heap          ] GC(194) Archive regions: 2->2
[2022-07-19T07:36:11.944+0000][info][gc,heap          ] GC(194) Humongous regions: 192->0
[2022-07-19T07:36:11.944+0000][info][gc,metaspace     ] GC(194) Metaspace: 29049K(29504K)->29049K(29504K) NonClass: 25495K(25728K)->25495K(25728K) Class: 3554K(3776K)->3554K(3776K)
[2022-07-19T07:36:11.944+0000][info][gc               ] GC(194) Pause Young (Concurrent Start) (G1 Humongous Allocation) 402M->16M(1004M) 3.746ms
[2022-07-19T07:36:11.944+0000][info][gc,cpu           ] GC(194) User=0.01s Sys=0.01s Real=0.00s
[2022-07-19T07:36:11.944+0000][info][gc               ] GC(195) Concurrent Undo Cycle
[2022-07-19T07:36:11.944+0000][info][safepoint,stats  ] G1TryInitiateConcMark        [             29               0 ][            13732     403490    4014715    4431937 ]               0
[2022-07-19T07:36:11.944+0000][info][gc,marking       ] GC(195) Concurrent Cleanup for Next Mark
[2022-07-19T07:36:11.944+0000][info][safepoint        ] Safepoint "G1TryInitiateConcMark", Time since last: 91602580 ns, Reaching safepoint: 417222 ns, At safepoint: 4014715 ns, Total: 4431937 ns
[2022-07-19T07:36:11.945+0000][info][gc,marking       ] GC(195) Concurrent Cleanup for Next Mark 0.428ms
[2022-07-19T07:36:11.945+0000][info][gc               ] GC(195) Concurrent Undo Cycle 0.624ms
[2022-07-19T07:36:12.040+0000][info][safepoint,cleanup] compilation policy safepoint handler, 0.0000002 secs
[2022-07-19T07:36:12.040+0000][info][safepoint,cleanup] updating inline caches, 0.0000014 secs
[2022-07-19T07:36:12.040+0000][info][safepoint,cleanup] safepoint cleanup tasks, 0.0003033 secs
[2022-07-19T07:36:12.040+0000][info][gc,start         ] GC(196) Pause Young (Concurrent Start) (G1 Humongous Allocation)
[2022-07-19T07:36:12.040+0000][info][gc,task          ] GC(196) Using 8 workers of 8 for evacuation
[2022-07-19T07:36:12.044+0000][info][gc,phases        ] GC(196)   Pre Evacuate Collection Set: 0.5ms
[2022-07-19T07:36:12.044+0000][info][gc,phases        ] GC(196)   Merge Heap Roots: 0.2ms
[2022-07-19T07:36:12.044+0000][info][gc,phases        ] GC(196)   Evacuate Collection Set: 1.4ms
[2022-07-19T07:36:12.044+0000][info][gc,phases        ] GC(196)   Post Evacuate Collection Set: 1.3ms
[2022-07-19T07:36:12.044+0000][info][gc,phases        ] GC(196)   Other: 0.2ms
[2022-07-19T07:36:12.044+0000][info][gc,heap          ] GC(196) Eden regions: 1->0(300)
[2022-07-19T07:36:12.044+0000][info][gc,heap          ] GC(196) Survivor regions: 1->1(38)
[2022-07-19T07:36:12.044+0000][info][gc,heap          ] GC(196) Old regions: 8->8
[2022-07-19T07:36:12.044+0000][info][gc,heap          ] GC(196) Archive regions: 2->2
[2022-07-19T07:36:12.044+0000][info][gc,heap          ] GC(196) Humongous regions: 192->0
[2022-07-19T07:36:12.044+0000][info][gc,metaspace     ] GC(196) Metaspace: 29049K(29504K)->29049K(29504K) NonClass: 25495K(25728K)->25495K(25728K) Class: 3554K(3776K)->3554K(3776K)
[2022-07-19T07:36:12.045+0000][info][gc               ] GC(196) Pause Young (Concurrent Start) (G1 Humongous Allocation) 401M->16M(1004M) 4.178ms
[2022-07-19T07:36:12.045+0000][info][gc,cpu           ] GC(196) User=0.01s Sys=0.00s Real=0.00s
[2022-07-19T07:36:12.045+0000][info][gc               ] GC(197) Concurrent Undo Cycle
[2022-07-19T07:36:12.045+0000][info][safepoint,stats  ] G1TryInitiateConcMark        [             29               0 ][            12214     343359    4488621    4844194 ]               0
[2022-07-19T07:36:12.045+0000][info][gc,marking       ] GC(197) Concurrent Cleanup for Next Mark
[2022-07-19T07:36:12.045+0000][info][safepoint        ] Safepoint "G1TryInitiateConcMark", Time since last: 95869287 ns, Reaching safepoint: 355573 ns, At safepoint: 4488621 ns, Total: 4844194 ns
[2022-07-19T07:36:12.045+0000][info][gc,marking       ] GC(197) Concurrent Cleanup for Next Mark 0.394ms
[2022-07-19T07:36:12.045+0000][info][gc               ] GC(197) Concurrent Undo Cycle 0.741ms
[2022-07-19T07:36:12.141+0000][info][safepoint,cleanup] compilation policy safepoint handler, 0.0000001 secs
[2022-07-19T07:36:12.141+0000][info][safepoint,cleanup] updating inline caches, 0.0000004 secs
[2022-07-19T07:36:12.141+0000][info][safepoint,cleanup] safepoint cleanup tasks, 0.0002141 secs
[2022-07-19T07:36:12.141+0000][info][gc,start         ] GC(198) Pause Young (Concurrent Start) (G1 Humongous Allocation)
[2022-07-19T07:36:12.141+0000][info][gc,task          ] GC(198) Using 8 workers of 8 for evacuation
[2022-07-19T07:36:12.143+0000][info][gc,phases        ] GC(198)   Pre Evacuate Collection Set: 0.3ms
[2022-07-19T07:36:12.143+0000][info][gc,phases        ] GC(198)   Merge Heap Roots: 0.1ms
[2022-07-19T07:36:12.143+0000][info][gc,phases        ] GC(198)   Evacuate Collection Set: 0.6ms
[2022-07-19T07:36:12.143+0000][info][gc,phases        ] GC(198)   Post Evacuate Collection Set: 0.4ms
[2022-07-19T07:36:12.143+0000][info][gc,phases        ] GC(198)   Other: 0.0ms
[2022-07-19T07:36:12.143+0000][info][gc,heap          ] GC(198) Eden regions: 1->0(300)
[2022-07-19T07:36:12.143+0000][info][gc,heap          ] GC(198) Survivor regions: 1->1(38)
[2022-07-19T07:36:12.143+0000][info][gc,heap          ] GC(198) Old regions: 8->8
[2022-07-19T07:36:12.143+0000][info][gc,heap          ] GC(198) Archive regions: 2->2
[2022-07-19T07:36:12.143+0000][info][gc,heap          ] GC(198) Humongous regions: 192->0
[2022-07-19T07:36:12.143+0000][info][gc,metaspace     ] GC(198) Metaspace: 29049K(29504K)->29049K(29504K) NonClass: 25495K(25728K)->25495K(25728K) Class: 3554K(3776K)->3554K(3776K)
[2022-07-19T07:36:12.143+0000][info][gc               ] GC(198) Pause Young (Concurrent Start) (G1 Humongous Allocation) 401M->16M(1004M) 1.580ms
[2022-07-19T07:36:12.143+0000][info][gc,cpu           ] GC(198) User=0.00s Sys=0.00s Real=0.00s
[2022-07-19T07:36:12.143+0000][info][gc               ] GC(199) Concurrent Undo Cycle
[2022-07-19T07:36:12.143+0000][info][safepoint,stats  ] G1TryInitiateConcMark        [             29               0 ][             4895     222498    1636681    1864074 ]               0
[2022-07-19T07:36:12.143+0000][info][gc,marking       ] GC(199) Concurrent Cleanup for Next Mark
[2022-07-19T07:36:12.143+0000][info][safepoint        ] Safepoint "G1TryInitiateConcMark", Time since last: 96141266 ns, Reaching safepoint: 227393 ns, At safepoint: 1636681 ns, Total: 1864074 ns
[2022-07-19T07:36:12.143+0000][info][gc,marking       ] GC(199) Concurrent Cleanup for Next Mark 0.168ms
[2022-07-19T07:36:12.143+0000][info][gc               ] GC(199) Concurrent Undo Cycle 0.239ms
[2022-07-19T07:36:12.228+0000][info][safepoint,cleanup] compilation policy safepoint handler, 0.0000007 secs
[2022-07-19T07:36:12.228+0000][info][safepoint,cleanup] updating inline caches, 0.0000327 secs
[2022-07-19T07:36:12.228+0000][info][safepoint,cleanup] safepoint cleanup tasks, 0.0002916 secs
[2022-07-19T07:36:12.228+0000][info][gc,start         ] GC(200) Pause Young (Concurrent Start) (G1 Humongous Allocation)
[2022-07-19T07:36:12.228+0000][info][gc,task          ] GC(200) Using 8 workers of 8 for evacuation
[2022-07-19T07:36:12.232+0000][info][gc,phases        ] GC(200)   Pre Evacuate Collection Set: 0.6ms
[2022-07-19T07:36:12.232+0000][info][gc,phases        ] GC(200)   Merge Heap Roots: 0.2ms
[2022-07-19T07:36:12.232+0000][info][gc,phases        ] GC(200)   Evacuate Collection Set: 1.7ms
[2022-07-19T07:36:12.232+0000][info][gc,phases        ] GC(200)   Post Evacuate Collection Set: 1.1ms
[2022-07-19T07:36:12.232+0000][info][gc,phases        ] GC(200)   Other: 0.3ms
[2022-07-19T07:36:12.232+0000][info][gc,heap          ] GC(200) Eden regions: 2->0(300)
[2022-07-19T07:36:12.232+0000][info][gc,heap          ] GC(200) Survivor regions: 1->1(38)
[2022-07-19T07:36:12.251+0000][info][gc,heap          ] GC(200) Old regions: 8->8
[2022-07-19T07:36:12.251+0000][info][gc,heap          ] GC(200) Archive regions: 2->2
[2022-07-19T07:36:12.251+0000][info][gc,heap          ] GC(200) Humongous regions: 192->0
[2022-07-19T07:36:12.251+0000][info][gc,metaspace     ] GC(200) Metaspace: 29107K(29504K)->29107K(29504K) NonClass: 25540K(25728K)->25540K(25728K) Class: 3567K(3776K)->3567K(3776K)
[2022-07-19T07:36:12.251+0000][info][gc               ] GC(200) Pause Young (Concurrent Start) (G1 Humongous Allocation) 404M->16M(1004M) 23.082ms
[2022-07-19T07:36:12.251+0000][info][gc               ] GC(201) Concurrent Undo Cycle
[2022-07-19T07:36:12.251+0000][info][gc,cpu           ] GC(200) User=0.01s Sys=0.01s Real=0.03s
[2022-07-19T07:36:12.252+0000][info][gc,marking       ] GC(201) Concurrent Cleanup for Next Mark
[2022-07-19T07:36:12.252+0000][info][safepoint,stats  ] G1TryInitiateConcMark        [             31               0 ][            11950     331913   23994592   24338455 ]               0
[2022-07-19T07:36:12.252+0000][info][safepoint        ] Safepoint "G1TryInitiateConcMark", Time since last: 84578252 ns, Reaching safepoint: 343863 ns, At safepoint: 23994592 ns, Total: 24338455 ns
[2022-07-19T07:36:12.252+0000][info][gc,marking       ] GC(201) Concurrent Cleanup for Next Mark 0.370ms
[2022-07-19T07:36:12.252+0000][info][gc               ] GC(201) Concurrent Undo Cycle 0.685ms
[2022-07-19T07:36:12.352+0000][info][safepoint,cleanup] updating inline caches, 0.0000017 secs
[2022-07-19T07:36:12.352+0000][info][safepoint,cleanup] compilation policy safepoint handler, 0.0000005 secs
[2022-07-19T07:36:12.352+0000][info][safepoint,cleanup] safepoint cleanup tasks, 0.0002707 secs
[2022-07-19T07:36:12.352+0000][info][gc,start         ] GC(202) Pause Young (Concurrent Start) (G1 Humongous Allocation)
[2022-07-19T07:36:12.352+0000][info][gc,task          ] GC(202) Using 8 workers of 8 for evacuation
[2022-07-19T07:36:12.355+0000][info][gc,phases        ] GC(202)   Pre Evacuate Collection Set: 0.4ms
[2022-07-19T07:36:12.356+0000][info][gc,phases        ] GC(202)   Merge Heap Roots: 0.2ms
[2022-07-19T07:36:12.356+0000][info][gc,phases        ] GC(202)   Evacuate Collection Set: 1.5ms
[2022-07-19T07:36:12.356+0000][info][gc,phases        ] GC(202)   Post Evacuate Collection Set: 1.0ms
[2022-07-19T07:36:12.356+0000][info][gc,phases        ] GC(202)   Other: 0.2ms
[2022-07-19T07:36:12.356+0000][info][gc,heap          ] GC(202) Eden regions: 1->0(300)
[2022-07-19T07:36:12.356+0000][info][gc,heap          ] GC(202) Survivor regions: 1->1(38)
[2022-07-19T07:36:12.356+0000][info][gc,heap          ] GC(202) Old regions: 8->8
[2022-07-19T07:36:12.356+0000][info][gc,heap          ] GC(202) Archive regions: 2->2
[2022-07-19T07:36:12.356+0000][info][gc,heap          ] GC(202) Humongous regions: 192->0
[2022-07-19T07:36:12.356+0000][info][gc,metaspace     ] GC(202) Metaspace: 29107K(29504K)->29107K(29504K) NonClass: 25540K(25728K)->25540K(25728K) Class: 3567K(3776K)->3567K(3776K)
[2022-07-19T07:36:12.356+0000][info][gc               ] GC(202) Pause Young (Concurrent Start) (G1 Humongous Allocation) 401M->16M(1004M) 3.848ms
[2022-07-19T07:36:12.356+0000][info][gc,cpu           ] GC(202) User=0.00s Sys=0.00s Real=0.00s
[2022-07-19T07:36:12.356+0000][info][gc               ] GC(203) Concurrent Undo Cycle
[2022-07-19T07:36:12.356+0000][info][safepoint,stats  ] G1TryInitiateConcMark        [             31               0 ][            11936     303125    4091164    4406225 ]               0
[2022-07-19T07:36:12.356+0000][info][safepoint        ] Safepoint "G1TryInitiateConcMark", Time since last: 99969852 ns, Reaching safepoint: 315061 ns, At safepoint: 4091164 ns, Total: 4406225 ns
[2022-07-19T07:36:12.356+0000][info][gc,marking       ] GC(203) Concurrent Cleanup for Next Mark
[2022-07-19T07:36:12.356+0000][info][gc,marking       ] GC(203) Concurrent Cleanup for Next Mark 0.285ms
[2022-07-19T07:36:12.357+0000][info][gc               ] GC(203) Concurrent Undo Cycle 0.502ms
[2022-07-19T07:36:12.450+0000][info][safepoint,cleanup] compilation policy safepoint handler, 0.0000005 secs
[2022-07-19T07:36:12.450+0000][info][safepoint,cleanup] updating inline caches, 0.0000021 secs
[2022-07-19T07:36:12.451+0000][info][safepoint,cleanup] safepoint cleanup tasks, 0.0005323 secs
[2022-07-19T07:36:12.451+0000][info][gc,start         ] GC(204) Pause Young (Concurrent Start) (G1 Humongous Allocation)
[2022-07-19T07:36:12.451+0000][info][gc,task          ] GC(204) Using 8 workers of 8 for evacuation
[2022-07-19T07:36:12.455+0000][info][gc,phases        ] GC(204)   Pre Evacuate Collection Set: 0.7ms
[2022-07-19T07:36:12.455+0000][info][gc,phases        ] GC(204)   Merge Heap Roots: 0.1ms
[2022-07-19T07:36:12.455+0000][info][gc,phases        ] GC(204)   Evacuate Collection Set: 1.6ms
[2022-07-19T07:36:12.455+0000][info][gc,phases        ] GC(204)   Post Evacuate Collection Set: 1.0ms
[2022-07-19T07:36:12.455+0000][info][gc,phases        ] GC(204)   Other: 0.2ms
[2022-07-19T07:36:12.455+0000][info][gc,heap          ] GC(204) Eden regions: 1->0(300)
[2022-07-19T07:36:12.455+0000][info][gc,heap          ] GC(204) Survivor regions: 1->1(38)
[2022-07-19T07:36:12.455+0000][info][gc,heap          ] GC(204) Old regions: 8->8
[2022-07-19T07:36:12.455+0000][info][gc,heap          ] GC(204) Archive regions: 2->2
[2022-07-19T07:36:12.455+0000][info][gc,heap          ] GC(204) Humongous regions: 192->0
[2022-07-19T07:36:12.455+0000][info][gc,metaspace     ] GC(204) Metaspace: 29107K(29504K)->29107K(29504K) NonClass: 25540K(25728K)->25540K(25728K) Class: 3567K(3776K)->3567K(3776K)
[2022-07-19T07:36:12.455+0000][info][gc               ] GC(204) Pause Young (Concurrent Start) (G1 Humongous Allocation) 401M->16M(1004M) 4.056ms
[2022-07-19T07:36:12.455+0000][info][gc,cpu           ] GC(204) User=0.01s Sys=0.01s Real=0.00s
[2022-07-19T07:36:12.455+0000][info][gc               ] GC(205) Concurrent Undo Cycle
[2022-07-19T07:36:12.455+0000][info][safepoint,stats  ] G1TryInitiateConcMark        [             31               0 ][            16462     657212    4256773    4930447 ]               0
[2022-07-19T07:36:12.455+0000][info][gc,marking       ] GC(205) Concurrent Cleanup for Next Mark
[2022-07-19T07:36:12.455+0000][info][safepoint        ] Safepoint "G1TryInitiateConcMark", Time since last: 94146440 ns, Reaching safepoint: 673674 ns, At safepoint: 4256773 ns, Total: 4930447 ns
[2022-07-19T07:36:12.455+0000][info][gc,marking       ] GC(205) Concurrent Cleanup for Next Mark 0.202ms
[2022-07-19T07:36:12.456+0000][info][gc               ] GC(205) Concurrent Undo Cycle 0.371ms
[2022-07-19T07:36:12.553+0000][info][safepoint,cleanup] updating inline caches, 0.0000007 secs
[2022-07-19T07:36:12.553+0000][info][safepoint,cleanup] compilation policy safepoint handler, 0.0000002 secs
[2022-07-19T07:36:12.553+0000][info][safepoint,cleanup] safepoint cleanup tasks, 0.0001494 secs
[2022-07-19T07:36:12.553+0000][info][gc,start         ] GC(206) Pause Young (Concurrent Start) (G1 Humongous Allocation)
[2022-07-19T07:36:12.553+0000][info][gc,task          ] GC(206) Using 8 workers of 8 for evacuation
[2022-07-19T07:36:12.554+0000][info][gc,phases        ] GC(206)   Pre Evacuate Collection Set: 0.2ms
[2022-07-19T07:36:12.554+0000][info][gc,phases        ] GC(206)   Merge Heap Roots: 0.0ms
[2022-07-19T07:36:12.554+0000][info][gc,phases        ] GC(206)   Evacuate Collection Set: 0.5ms
[2022-07-19T07:36:12.554+0000][info][gc,phases        ] GC(206)   Post Evacuate Collection Set: 0.4ms
[2022-07-19T07:36:12.554+0000][info][gc,phases        ] GC(206)   Other: 0.1ms
[2022-07-19T07:36:12.554+0000][info][gc,heap          ] GC(206) Eden regions: 1->0(300)
[2022-07-19T07:36:12.554+0000][info][gc,heap          ] GC(206) Survivor regions: 1->1(38)
[2022-07-19T07:36:12.554+0000][info][gc,heap          ] GC(206) Old regions: 8->8
[2022-07-19T07:36:12.554+0000][info][gc,heap          ] GC(206) Archive regions: 2->2
[2022-07-19T07:36:12.554+0000][info][gc,heap          ] GC(206) Humongous regions: 192->0
[2022-07-19T07:36:12.554+0000][info][gc,metaspace     ] GC(206) Metaspace: 29107K(29504K)->29107K(29504K) NonClass: 25540K(25728K)->25540K(25728K) Class: 3567K(3776K)->3567K(3776K)
[2022-07-19T07:36:12.554+0000][info][gc               ] GC(206) Pause Young (Concurrent Start) (G1 Humongous Allocation) 401M->16M(1004M) 1.483ms
[2022-07-19T07:36:12.554+0000][info][gc,cpu           ] GC(206) User=0.01s Sys=0.00s Real=0.00s
[2022-07-19T07:36:12.554+0000][info][safepoint,stats  ] G1TryInitiateConcMark        [             31               0 ][             8630     171205    1547295    1727130 ]               0
[2022-07-19T07:36:12.554+0000][info][safepoint        ] Safepoint "G1TryInitiateConcMark", Time since last: 97366221 ns, Reaching safepoint: 179835 ns, At safepoint: 1547295 ns, Total: 1727130 ns
[2022-07-19T07:36:12.554+0000][info][gc               ] GC(207) Concurrent Undo Cycle
[2022-07-19T07:36:12.554+0000][info][gc,marking       ] GC(207) Concurrent Cleanup for Next Mark
[2022-07-19T07:36:12.554+0000][info][gc,marking       ] GC(207) Concurrent Cleanup for Next Mark 0.089ms
[2022-07-19T07:36:12.554+0000][info][gc               ] GC(207) Concurrent Undo Cycle 0.172ms
[2022-07-19T07:36:12.637+0000][info][safepoint,cleanup] updating inline caches, 0.0000006 secs
[2022-07-19T07:36:12.637+0000][info][safepoint,cleanup] compilation policy safepoint handler, 0.0000001 secs
[2022-07-19T07:36:12.637+0000][info][safepoint,cleanup] safepoint cleanup tasks, 0.0000863 secs
[2022-07-19T07:36:12.637+0000][info][gc,start         ] GC(208) Pause Young (Concurrent Start) (G1 Humongous Allocation)
[2022-07-19T07:36:12.637+0000][info][gc,task          ] GC(208) Using 8 workers of 8 for evacuation
[2022-07-19T07:36:12.638+0000][info][gc,phases        ] GC(208)   Pre Evacuate Collection Set: 0.1ms
[2022-07-19T07:36:12.638+0000][info][gc,phases        ] GC(208)   Merge Heap Roots: 0.0ms
[2022-07-19T07:36:12.638+0000][info][gc,phases        ] GC(208)   Evacuate Collection Set: 0.7ms
[2022-07-19T07:36:12.638+0000][info][gc,phases        ] GC(208)   Post Evacuate Collection Set: 0.3ms
[2022-07-19T07:36:12.638+0000][info][gc,phases        ] GC(208)   Other: 0.0ms
[2022-07-19T07:36:12.638+0000][info][gc,heap          ] GC(208) Eden regions: 1->0(300)
[2022-07-19T07:36:12.638+0000][info][gc,heap          ] GC(208) Survivor regions: 1->1(38)
[2022-07-19T07:36:12.638+0000][info][gc,heap          ] GC(208) Old regions: 8->8
[2022-07-19T07:36:12.638+0000][info][gc,heap          ] GC(208) Archive regions: 2->2
[2022-07-19T07:36:12.638+0000][info][gc,heap          ] GC(208) Humongous regions: 192->0
[2022-07-19T07:36:12.638+0000][info][gc,metaspace     ] GC(208) Metaspace: 29107K(29504K)->29107K(29504K) NonClass: 25540K(25728K)->25540K(25728K) Class: 3567K(3776K)->3567K(3776K)
[2022-07-19T07:36:12.638+0000][info][gc               ] GC(208) Pause Young (Concurrent Start) (G1 Humongous Allocation) 401M->16M(1004M) 1.361ms
[2022-07-19T07:36:12.638+0000][info][gc,cpu           ] GC(208) User=0.00s Sys=0.00s Real=0.00s
[2022-07-19T07:36:12.638+0000][info][gc               ] GC(209) Concurrent Undo Cycle
[2022-07-19T07:36:12.638+0000][info][safepoint,stats  ] G1TryInitiateConcMark        [             31               0 ][             4582      95034    1433251    1532867 ]               0
[2022-07-19T07:36:12.638+0000][info][gc,marking       ] GC(209) Concurrent Cleanup for Next Mark
[2022-07-19T07:36:12.638+0000][info][safepoint        ] Safepoint "G1TryInitiateConcMark", Time since last: 82362984 ns, Reaching safepoint: 99616 ns, At safepoint: 1433251 ns, Total: 1532867 ns
[2022-07-19T07:36:12.638+0000][info][gc,marking       ] GC(209) Concurrent Cleanup for Next Mark 0.075ms
[2022-07-19T07:36:12.638+0000][info][gc               ] GC(209) Concurrent Undo Cycle 0.125ms
[2022-07-19T07:36:12.718+0000][info][safepoint,cleanup] updating inline caches, 0.0000014 secs
[2022-07-19T07:36:12.718+0000][info][safepoint,cleanup] compilation policy safepoint handler, 0.0000003 secs
[2022-07-19T07:36:12.718+0000][info][safepoint,cleanup] safepoint cleanup tasks, 0.0002711 secs
[2022-07-19T07:36:12.719+0000][info][gc,start         ] GC(210) Pause Young (Concurrent Start) (G1 Humongous Allocation)
[2022-07-19T07:36:12.719+0000][info][gc,task          ] GC(210) Using 8 workers of 8 for evacuation
[2022-07-19T07:36:12.722+0000][info][gc,phases        ] GC(210)   Pre Evacuate Collection Set: 0.5ms
[2022-07-19T07:36:12.722+0000][info][gc,phases        ] GC(210)   Merge Heap Roots: 0.2ms
[2022-07-19T07:36:12.722+0000][info][gc,phases        ] GC(210)   Evacuate Collection Set: 1.3ms
[2022-07-19T07:36:12.722+0000][info][gc,phases        ] GC(210)   Post Evacuate Collection Set: 1.1ms
[2022-07-19T07:36:12.722+0000][info][gc,phases        ] GC(210)   Other: 0.2ms
[2022-07-19T07:36:12.722+0000][info][gc,heap          ] GC(210) Eden regions: 1->0(300)
[2022-07-19T07:36:12.722+0000][info][gc,heap          ] GC(210) Survivor regions: 1->1(38)
[2022-07-19T07:36:12.722+0000][info][gc,heap          ] GC(210) Old regions: 8->8
[2022-07-19T07:36:12.722+0000][info][gc,heap          ] GC(210) Archive regions: 2->2
[2022-07-19T07:36:12.722+0000][info][gc,heap          ] GC(210) Humongous regions: 192->0
[2022-07-19T07:36:12.722+0000][info][gc,metaspace     ] GC(210) Metaspace: 29107K(29504K)->29107K(29504K) NonClass: 25540K(25728K)->25540K(25728K) Class: 3567K(3776K)->3567K(3776K)
[2022-07-19T07:36:12.722+0000][info][gc               ] GC(210) Pause Young (Concurrent Start) (G1 Humongous Allocation) 401M->16M(1004M) 3.839ms
[2022-07-19T07:36:12.722+0000][info][gc,cpu           ] GC(210) User=0.01s Sys=0.00s Real=0.01s
[2022-07-19T07:36:12.722+0000][info][gc               ] GC(211) Concurrent Undo Cycle
[2022-07-19T07:36:12.723+0000][info][safepoint,stats  ] G1TryInitiateConcMark        [             31               0 ][             9820     304842    4053012    4367674 ]               0
[2022-07-19T07:36:12.723+0000][info][safepoint        ] Safepoint "G1TryInitiateConcMark", Time since last: 79989417 ns, Reaching safepoint: 314662 ns, At safepoint: 4053012 ns, Total: 4367674 ns
[2022-07-19T07:36:12.723+0000][info][gc,marking       ] GC(211) Concurrent Cleanup for Next Mark
[2022-07-19T07:36:12.723+0000][info][gc,marking       ] GC(211) Concurrent Cleanup for Next Mark 0.226ms
[2022-07-19T07:36:12.723+0000][info][gc               ] GC(211) Concurrent Undo Cycle 0.406ms
[2022-07-19T07:36:12.820+0000][info][safepoint,cleanup] updating inline caches, 0.0000027 secs
[2022-07-19T07:36:12.820+0000][info][safepoint,cleanup] compilation policy safepoint handler, 0.0000005 secs
[2022-07-19T07:36:12.820+0000][info][safepoint,cleanup] safepoint cleanup tasks, 0.0003229 secs
[2022-07-19T07:36:12.820+0000][info][gc,start         ] GC(212) Pause Young (Concurrent Start) (G1 Humongous Allocation)
[2022-07-19T07:36:12.820+0000][info][gc,task          ] GC(212) Using 8 workers of 8 for evacuation
[2022-07-19T07:36:12.823+0000][info][gc,phases        ] GC(212)   Pre Evacuate Collection Set: 0.4ms
[2022-07-19T07:36:12.823+0000][info][gc,phases        ] GC(212)   Merge Heap Roots: 0.1ms
[2022-07-19T07:36:12.823+0000][info][gc,phases        ] GC(212)   Evacuate Collection Set: 1.1ms
[2022-07-19T07:36:12.823+0000][info][gc,phases        ] GC(212)   Post Evacuate Collection Set: 0.7ms
[2022-07-19T07:36:12.823+0000][info][gc,phases        ] GC(212)   Other: 0.1ms
[2022-07-19T07:36:12.823+0000][info][gc,heap          ] GC(212) Eden regions: 1->0(300)
[2022-07-19T07:36:12.823+0000][info][gc,heap          ] GC(212) Survivor regions: 1->1(38)
[2022-07-19T07:36:12.823+0000][info][gc,heap          ] GC(212) Old regions: 8->8
[2022-07-19T07:36:12.823+0000][info][gc,heap          ] GC(212) Archive regions: 2->2
[2022-07-19T07:36:12.823+0000][info][gc,heap          ] GC(212) Humongous regions: 192->0
[2022-07-19T07:36:12.823+0000][info][gc,metaspace     ] GC(212) Metaspace: 29107K(29504K)->29107K(29504K) NonClass: 25540K(25728K)->25540K(25728K) Class: 3567K(3776K)->3567K(3776K)
[2022-07-19T07:36:12.823+0000][info][gc               ] GC(212) Pause Young (Concurrent Start) (G1 Humongous Allocation) 401M->16M(1004M) 2.847ms
[2022-07-19T07:36:12.823+0000][info][gc,cpu           ] GC(212) User=0.01s Sys=0.00s Real=0.00s
[2022-07-19T07:36:12.823+0000][info][gc               ] GC(213) Concurrent Undo Cycle
[2022-07-19T07:36:12.823+0000][info][safepoint,stats  ] G1TryInitiateConcMark        [             31               0 ][            24728     363263    2986278    3374269 ]               0
[2022-07-19T07:36:12.823+0000][info][gc,marking       ] GC(213) Concurrent Cleanup for Next Mark
[2022-07-19T07:36:12.823+0000][info][safepoint        ] Safepoint "G1TryInitiateConcMark", Time since last: 97156975 ns, Reaching safepoint: 387991 ns, At safepoint: 2986278 ns, Total: 3374269 ns
[2022-07-19T07:36:12.823+0000][info][gc,marking       ] GC(213) Concurrent Cleanup for Next Mark 0.154ms
[2022-07-19T07:36:12.823+0000][info][gc               ] GC(213) Concurrent Undo Cycle 0.322ms
[2022-07-19T07:36:12.922+0000][info][safepoint,cleanup] updating inline caches, 0.0000018 secs
[2022-07-19T07:36:12.922+0000][info][safepoint,cleanup] compilation policy safepoint handler, 0.0000034 secs
[2022-07-19T07:36:12.922+0000][info][safepoint,cleanup] safepoint cleanup tasks, 0.0004034 secs
[2022-07-19T07:36:12.922+0000][info][gc,start         ] GC(214) Pause Young (Concurrent Start) (G1 Humongous Allocation)
[2022-07-19T07:36:12.922+0000][info][gc,task          ] GC(214) Using 8 workers of 8 for evacuation
[2022-07-19T07:36:12.925+0000][info][gc,phases        ] GC(214)   Pre Evacuate Collection Set: 0.5ms
[2022-07-19T07:36:12.925+0000][info][gc,phases        ] GC(214)   Merge Heap Roots: 0.1ms
[2022-07-19T07:36:12.925+0000][info][gc,phases        ] GC(214)   Evacuate Collection Set: 0.9ms
[2022-07-19T07:36:12.925+0000][info][gc,phases        ] GC(214)   Post Evacuate Collection Set: 0.8ms
[2022-07-19T07:36:12.925+0000][info][gc,phases        ] GC(214)   Other: 0.4ms
[2022-07-19T07:36:12.926+0000][info][gc,heap          ] GC(214) Eden regions: 2->0(300)
[2022-07-19T07:36:12.926+0000][info][gc,heap          ] GC(214) Survivor regions: 1->1(38)
[2022-07-19T07:36:12.926+0000][info][gc,heap          ] GC(214) Old regions: 8->8
[2022-07-19T07:36:12.926+0000][info][gc,heap          ] GC(214) Archive regions: 2->2
[2022-07-19T07:36:12.926+0000][info][gc,heap          ] GC(214) Humongous regions: 192->0
[2022-07-19T07:36:12.926+0000][info][gc,metaspace     ] GC(214) Metaspace: 29107K(29504K)->29107K(29504K) NonClass: 25540K(25728K)->25540K(25728K) Class: 3567K(3776K)->3567K(3776K)
[2022-07-19T07:36:12.926+0000][info][gc               ] GC(214) Pause Young (Concurrent Start) (G1 Humongous Allocation) 403M->16M(1004M) 3.317ms
[2022-07-19T07:36:12.926+0000][info][gc,cpu           ] GC(214) User=0.00s Sys=0.00s Real=0.00s
[2022-07-19T07:36:12.926+0000][info][gc               ] GC(215) Concurrent Undo Cycle
[2022-07-19T07:36:12.926+0000][info][safepoint,stats  ] G1TryInitiateConcMark        [             31               0 ][            14228     518691    3484559    4017478 ]               0
[2022-07-19T07:36:12.926+0000][info][gc,marking       ] GC(215) Concurrent Cleanup for Next Mark
[2022-07-19T07:36:12.926+0000][info][safepoint        ] Safepoint "G1TryInitiateConcMark", Time since last: 98693561 ns, Reaching safepoint: 532919 ns, At safepoint: 3484559 ns, Total: 4017478 ns
[2022-07-19T07:36:12.945+0000][info][gc,marking       ] GC(215) Concurrent Cleanup for Next Mark 19.135ms
[2022-07-19T07:36:12.946+0000][info][gc               ] GC(215) Concurrent Undo Cycle 19.990ms
[2022-07-19T07:36:13.039+0000][info][safepoint,cleanup] updating inline caches, 0.0000013 secs
[2022-07-19T07:36:13.039+0000][info][safepoint,cleanup] compilation policy safepoint handler, 0.0000004 secs
[2022-07-19T07:36:13.040+0000][info][safepoint,cleanup] safepoint cleanup tasks, 0.0002123 secs
[2022-07-19T07:36:13.040+0000][info][gc,start         ] GC(216) Pause Young (Concurrent Start) (G1 Humongous Allocation)
[2022-07-19T07:36:13.040+0000][info][gc,task          ] GC(216) Using 8 workers of 8 for evacuation
[2022-07-19T07:36:13.041+0000][info][gc,phases        ] GC(216)   Pre Evacuate Collection Set: 0.3ms
[2022-07-19T07:36:13.041+0000][info][gc,phases        ] GC(216)   Merge Heap Roots: 0.1ms
[2022-07-19T07:36:13.041+0000][info][gc,phases        ] GC(216)   Evacuate Collection Set: 0.7ms
[2022-07-19T07:36:13.042+0000][info][gc,phases        ] GC(216)   Post Evacuate Collection Set: 0.6ms
[2022-07-19T07:36:13.042+0000][info][gc,phases        ] GC(216)   Other: 0.1ms
[2022-07-19T07:36:13.042+0000][info][gc,heap          ] GC(216) Eden regions: 1->0(300)
[2022-07-19T07:36:13.042+0000][info][gc,heap          ] GC(216) Survivor regions: 1->1(38)
[2022-07-19T07:36:13.042+0000][info][gc,heap          ] GC(216) Old regions: 8->8
[2022-07-19T07:36:13.042+0000][info][gc,heap          ] GC(216) Archive regions: 2->2
[2022-07-19T07:36:13.042+0000][info][gc,heap          ] GC(216) Humongous regions: 192->0
[2022-07-19T07:36:13.042+0000][info][gc,metaspace     ] GC(216) Metaspace: 29107K(29504K)->29107K(29504K) NonClass: 25540K(25728K)->25540K(25728K) Class: 3567K(3776K)->3567K(3776K)
[2022-07-19T07:36:13.042+0000][info][gc               ] GC(216) Pause Young (Concurrent Start) (G1 Humongous Allocation) 401M->16M(1004M) 2.124ms
[2022-07-19T07:36:13.042+0000][info][gc,cpu           ] GC(216) User=0.01s Sys=0.00s Real=0.00s
[2022-07-19T07:36:13.042+0000][info][gc               ] GC(217) Concurrent Undo Cycle
[2022-07-19T07:36:13.042+0000][info][safepoint,stats  ] G1TryInitiateConcMark        [             31               0 ][             8546     240956    2361766    2611268 ]               0
[2022-07-19T07:36:13.042+0000][info][gc,marking       ] GC(217) Concurrent Cleanup for Next Mark
[2022-07-19T07:36:13.042+0000][info][safepoint        ] Safepoint "G1TryInitiateConcMark", Time since last: 113483667 ns, Reaching safepoint: 249502 ns, At safepoint: 2361766 ns, Total: 2611268 ns
[2022-07-19T07:36:13.042+0000][info][gc,marking       ] GC(217) Concurrent Cleanup for Next Mark 0.174ms
[2022-07-19T07:36:13.042+0000][info][gc               ] GC(217) Concurrent Undo Cycle 0.459ms
[2022-07-19T07:36:13.135+0000][info][safepoint,cleanup] updating inline caches, 0.0000009 secs
[2022-07-19T07:36:13.135+0000][info][safepoint,cleanup] compilation policy safepoint handler, 0.0000002 secs
[2022-07-19T07:36:13.135+0000][info][safepoint,cleanup] safepoint cleanup tasks, 0.0001749 secs
[2022-07-19T07:36:13.135+0000][info][gc,start         ] GC(218) Pause Young (Concurrent Start) (G1 Humongous Allocation)
[2022-07-19T07:36:13.135+0000][info][gc,task          ] GC(218) Using 8 workers of 8 for evacuation
[2022-07-19T07:36:13.137+0000][info][gc,phases        ] GC(218)   Pre Evacuate Collection Set: 0.3ms
[2022-07-19T07:36:13.137+0000][info][gc,phases        ] GC(218)   Merge Heap Roots: 0.1ms
[2022-07-19T07:36:13.137+0000][info][gc,phases        ] GC(218)   Evacuate Collection Set: 0.8ms
[2022-07-19T07:36:13.137+0000][info][gc,phases        ] GC(218)   Post Evacuate Collection Set: 0.6ms
[2022-07-19T07:36:13.137+0000][info][gc,phases        ] GC(218)   Other: 0.1ms
[2022-07-19T07:36:13.137+0000][info][gc,heap          ] GC(218) Eden regions: 2->0(300)
[2022-07-19T07:36:13.137+0000][info][gc,heap          ] GC(218) Survivor regions: 1->1(38)
[2022-07-19T07:36:13.137+0000][info][gc,heap          ] GC(218) Old regions: 8->8
[2022-07-19T07:36:13.137+0000][info][gc,heap          ] GC(218) Archive regions: 2->2
[2022-07-19T07:36:13.137+0000][info][gc,heap          ] GC(218) Humongous regions: 192->0
[2022-07-19T07:36:13.137+0000][info][gc,metaspace     ] GC(218) Metaspace: 29112K(29504K)->29112K(29504K) NonClass: 25543K(25728K)->25543K(25728K) Class: 3568K(3776K)->3568K(3776K)
[2022-07-19T07:36:13.137+0000][info][gc               ] GC(218) Pause Young (Concurrent Start) (G1 Humongous Allocation) 403M->16M(1004M) 2.271ms
[2022-07-19T07:36:13.137+0000][info][gc,cpu           ] GC(218) User=0.01s Sys=0.00s Real=0.00s
[2022-07-19T07:36:13.137+0000][info][gc               ] GC(219) Concurrent Undo Cycle
[2022-07-19T07:36:13.137+0000][info][safepoint,stats  ] G1TryInitiateConcMark        [             31               0 ][             8008     266932    2378752    2653692 ]               0
[2022-07-19T07:36:13.137+0000][info][gc,marking       ] GC(219) Concurrent Cleanup for Next Mark
[2022-07-19T07:36:13.137+0000][info][safepoint        ] Safepoint "G1TryInitiateConcMark", Time since last: 92714224 ns, Reaching safepoint: 274940 ns, At safepoint: 2378752 ns, Total: 2653692 ns
[2022-07-19T07:36:13.138+0000][info][gc,marking       ] GC(219) Concurrent Cleanup for Next Mark 0.209ms
[2022-07-19T07:36:13.138+0000][info][gc               ] GC(219) Concurrent Undo Cycle 0.329ms
[2022-07-19T07:36:13.235+0000][info][safepoint,cleanup] updating inline caches, 0.0000014 secs
[2022-07-19T07:36:13.235+0000][info][safepoint,cleanup] compilation policy safepoint handler, 0.0000003 secs
[2022-07-19T07:36:13.235+0000][info][safepoint,cleanup] safepoint cleanup tasks, 0.0002938 secs
[2022-07-19T07:36:13.235+0000][info][gc,start         ] GC(220) Pause Young (Concurrent Start) (G1 Humongous Allocation)
[2022-07-19T07:36:13.235+0000][info][gc,task          ] GC(220) Using 8 workers of 8 for evacuation
[2022-07-19T07:36:13.239+0000][info][gc,phases        ] GC(220)   Pre Evacuate Collection Set: 0.8ms
[2022-07-19T07:36:13.239+0000][info][gc,phases        ] GC(220)   Merge Heap Roots: 0.2ms
[2022-07-19T07:36:13.239+0000][info][gc,phases        ] GC(220)   Evacuate Collection Set: 1.5ms
[2022-07-19T07:36:13.239+0000][info][gc,phases        ] GC(220)   Post Evacuate Collection Set: 1.0ms
[2022-07-19T07:36:13.239+0000][info][gc,phases        ] GC(220)   Other: 0.2ms
[2022-07-19T07:36:13.239+0000][info][gc,heap          ] GC(220) Eden regions: 1->0(300)
[2022-07-19T07:36:13.239+0000][info][gc,heap          ] GC(220) Survivor regions: 1->1(38)
[2022-07-19T07:36:13.239+0000][info][gc,heap          ] GC(220) Old regions: 8->8
[2022-07-19T07:36:13.239+0000][info][gc,heap          ] GC(220) Archive regions: 2->2
[2022-07-19T07:36:13.239+0000][info][gc,heap          ] GC(220) Humongous regions: 192->0
[2022-07-19T07:36:13.239+0000][info][gc,metaspace     ] GC(220) Metaspace: 29112K(29504K)->29112K(29504K) NonClass: 25543K(25728K)->25543K(25728K) Class: 3568K(3776K)->3568K(3776K)
[2022-07-19T07:36:13.239+0000][info][gc               ] GC(220) Pause Young (Concurrent Start) (G1 Humongous Allocation) 401M->16M(1004M) 4.268ms
[2022-07-19T07:36:13.240+0000][info][gc,cpu           ] GC(220) User=0.01s Sys=0.01s Real=0.01s
[2022-07-19T07:36:13.240+0000][info][gc               ] GC(221) Concurrent Undo Cycle
[2022-07-19T07:36:13.240+0000][info][safepoint,stats  ] G1TryInitiateConcMark        [             31               0 ][            13048     332099    4443419    4788566 ]               0
[2022-07-19T07:36:13.240+0000][info][safepoint        ] Safepoint "G1TryInitiateConcMark", Time since last: 97533118 ns, Reaching safepoint: 345147 ns, At safepoint: 4443419 ns, Total: 4788566 ns
[2022-07-19T07:36:13.240+0000][info][gc,marking       ] GC(221) Concurrent Cleanup for Next Mark
[2022-07-19T07:36:13.240+0000][info][gc,marking       ] GC(221) Concurrent Cleanup for Next Mark 0.246ms
[2022-07-19T07:36:13.240+0000][info][gc               ] GC(221) Concurrent Undo Cycle 0.413ms
[2022-07-19T07:36:13.337+0000][info][safepoint,cleanup] compilation policy safepoint handler, 0.0000006 secs
[2022-07-19T07:36:13.337+0000][info][safepoint,cleanup] updating inline caches, 0.0000248 secs
[2022-07-19T07:36:13.337+0000][info][safepoint,cleanup] safepoint cleanup tasks, 0.0003024 secs
[2022-07-19T07:36:13.337+0000][info][gc,start         ] GC(222) Pause Young (Concurrent Start) (G1 Humongous Allocation)
[2022-07-19T07:36:13.338+0000][info][gc,task          ] GC(222) Using 8 workers of 8 for evacuation
[2022-07-19T07:36:13.341+0000][info][gc,phases        ] GC(222)   Pre Evacuate Collection Set: 0.6ms
[2022-07-19T07:36:13.341+0000][info][gc,phases        ] GC(222)   Merge Heap Roots: 0.2ms
[2022-07-19T07:36:13.341+0000][info][gc,phases        ] GC(222)   Evacuate Collection Set: 1.3ms
[2022-07-19T07:36:13.341+0000][info][gc,phases        ] GC(222)   Post Evacuate Collection Set: 1.0ms
[2022-07-19T07:36:13.341+0000][info][gc,phases        ] GC(222)   Other: 0.1ms
[2022-07-19T07:36:13.341+0000][info][gc,heap          ] GC(222) Eden regions: 1->0(300)
[2022-07-19T07:36:13.341+0000][info][gc,heap          ] GC(222) Survivor regions: 1->1(38)
[2022-07-19T07:36:13.341+0000][info][gc,heap          ] GC(222) Old regions: 8->8
[2022-07-19T07:36:13.341+0000][info][gc,heap          ] GC(222) Archive regions: 2->2
[2022-07-19T07:36:13.341+0000][info][gc,heap          ] GC(222) Humongous regions: 192->0
[2022-07-19T07:36:13.341+0000][info][gc,metaspace     ] GC(222) Metaspace: 29112K(29504K)->29112K(29504K) NonClass: 25543K(25728K)->25543K(25728K) Class: 3568K(3776K)->3568K(3776K)
[2022-07-19T07:36:13.341+0000][info][gc               ] GC(222) Pause Young (Concurrent Start) (G1 Humongous Allocation) 401M->16M(1004M) 3.895ms
[2022-07-19T07:36:13.341+0000][info][gc,cpu           ] GC(222) User=0.01s Sys=0.00s Real=0.01s
[2022-07-19T07:36:13.341+0000][info][gc               ] GC(223) Concurrent Undo Cycle
[2022-07-19T07:36:13.342+0000][info][safepoint,stats  ] G1TryInitiateConcMark        [             31               0 ][            10815     420122    4137352    4568289 ]               0
[2022-07-19T07:36:13.342+0000][info][safepoint        ] Safepoint "G1TryInitiateConcMark", Time since last: 97349064 ns, Reaching safepoint: 430937 ns, At safepoint: 4137352 ns, Total: 4568289 ns
[2022-07-19T07:36:13.342+0000][info][gc,marking       ] GC(223) Concurrent Cleanup for Next Mark
[2022-07-19T07:36:13.342+0000][info][gc,marking       ] GC(223) Concurrent Cleanup for Next Mark 0.356ms
[2022-07-19T07:36:13.342+0000][info][gc               ] GC(223) Concurrent Undo Cycle 0.640ms
[2022-07-19T07:36:13.376+0000][info][gc,heap,exit     ] Heap
[2022-07-19T07:36:13.376+0000][info][gc,heap,exit     ]  garbage-first heap   total 1028096K, used 226563K [0x0000000700000000, 0x0000000800000000)
[2022-07-19T07:36:13.376+0000][info][gc,heap,exit     ]   region size 2048K, 8 young (16384K), 1 survivors (2048K)
[2022-07-19T07:36:13.376+0000][info][gc,heap,exit     ]  Metaspace       used 29203K, committed 29632K, reserved 1114112K
[2022-07-19T07:36:13.376+0000][info][gc,heap,exit     ]   class space    used 3584K, committed 3776K, reserved 1048576K
[2022-07-19T07:36:13.376+0000][info][safepoint,cleanup] compilation policy safepoint handler, 0.0000005 secs
[2022-07-19T07:36:13.376+0000][info][safepoint,cleanup] updating inline caches, 0.0000244 secs
[2022-07-19T07:36:13.376+0000][info][safepoint,cleanup] safepoint cleanup tasks, 0.0000858 secs
[2022-07-19T07:36:13.737+0000][info][safepoint,stats  ] Cleanup                              3
[2022-07-19T07:36:13.737+0000][info][safepoint,stats  ] CollectForMetadataAllocation         1
[2022-07-19T07:36:13.737+0000][info][safepoint,stats  ] G1CollectForAllocation               2
[2022-07-19T07:36:13.737+0000][info][safepoint,stats  ] G1Concurrent                         2
[2022-07-19T07:36:13.737+0000][info][safepoint,stats  ] G1TryInitiateConcMark              110
[2022-07-19T07:36:13.737+0000][info][safepoint,stats  ] Exit                                 1
[2022-07-19T07:36:13.737+0000][info][safepoint,stats  ] ICBufferFull                         1
[2022-07-19T07:36:13.737+0000][info][safepoint,stats  ] Maximum sync time  205050 ns
[2022-07-19T07:36:13.737+0000][info][safepoint,stats  ] Maximum vm operation time (except for Exit VM operation)  24346442 ns
